Log file: cifar10_sava0.1_randomoversampling_selection_exp0.01_seed42_20260613_133352.log
Run started: 2026-06-13 13:33:52.528923
Dataset: cifar10
Imbalance type: exp, factor: 0.01
Selection method: sava, ratio: 0.1
Strategy: RandomOversampling_Selection, epochs: 200
Seed: 42, rand_number: 0
Augmentation: weak
Noise ratio: 0.25
mamix_ratio: 1.0
============================================================

=> Preparing logger and tensorboard writer !
----------------------------------------------------
Class ID   | Original   | Selected   | Keep %  
----------------------------------------------------
0          | 5000       | 1155       |    23.1%
1          | 5000       | 353        |     7.1%
2          | 5000       | 335        |     6.7%
3          | 5000       | 441        |     8.8%
4          | 5000       | 410        |     8.2%
5          | 5000       | 438        |     8.8%
6          | 5000       | 359        |     7.2%
7          | 5000       | 432        |     8.6%
8          | 5000       | 583        |    11.7%
9          | 5000       | 494        |     9.9%
----------------------------------------------------
TOTAL      | 50000      | 5000       |    10.0%
----------------------------------------------------
Epoch [0] Training Results: Prec@1 24.680 Prec@5 64.500             Loss 2.17854
Epoch [0] Training Class Recall: [0.710,0.020,0.069,0.156,0.163,0.123,0.014,0.088,0.134,0.148]
Epoch [0] Testing Results: Prec@1 14.980 Prec@5 61.320             Loss 2.43017
Epoch [0] Testing Class Recall: [0.485,0.000,0.000,0.000,0.007,0.964,0.000,0.000,0.000,0.042]
Epoch [1] Training Results: Prec@1 32.740 Prec@5 76.360             Loss 1.92810
Epoch [1] Training Class Recall: [0.815,0.193,0.063,0.229,0.083,0.331,0.064,0.176,0.192,0.235]
Epoch [1] Testing Results: Prec@1 13.110 Prec@5 62.020             Loss 2.69734
Epoch [1] Testing Class Recall: [0.254,0.003,0.929,0.020,0.000,0.000,0.002,0.101,0.002,0.000]
Epoch [2] Training Results: Prec@1 35.680 Prec@5 79.980             Loss 1.87958
Epoch [2] Training Class Recall: [0.789,0.249,0.134,0.195,0.120,0.377,0.184,0.282,0.252,0.213]
Epoch [2] Testing Results: Prec@1 13.310 Prec@5 65.130             Loss 3.06290
Epoch [2] Testing Class Recall: [0.260,0.000,0.839,0.000,0.097,0.010,0.000,0.005,0.106,0.014]
Epoch [3] Training Results: Prec@1 37.080 Prec@5 82.320             Loss 1.79666
Epoch [3] Training Class Recall: [0.788,0.235,0.072,0.277,0.107,0.370,0.181,0.271,0.304,0.304]
Epoch [3] Testing Results: Prec@1 13.460 Prec@5 68.750             Loss 3.28458
Epoch [3] Testing Class Recall: [0.001,0.103,0.001,0.097,0.000,0.121,0.003,0.262,0.056,0.702]
Epoch [4] Training Results: Prec@1 40.080 Prec@5 85.240             Loss 1.72120
Epoch [4] Training Class Recall: [0.755,0.258,0.084,0.274,0.110,0.436,0.231,0.373,0.367,0.401]
Epoch [4] Testing Results: Prec@1 20.810 Prec@5 70.820             Loss 2.62554
Epoch [4] Testing Class Recall: [0.255,0.046,0.574,0.000,0.003,0.159,0.053,0.430,0.468,0.093]
Epoch [5] Training Results: Prec@1 44.860 Prec@5 86.860             Loss 1.60128
Epoch [5] Training Class Recall: [0.802,0.283,0.143,0.290,0.215,0.509,0.259,0.398,0.407,0.462]
Epoch [5] Testing Results: Prec@1 16.810 Prec@5 66.300             Loss 2.99096
Epoch [5] Testing Class Recall: [0.139,0.025,0.068,0.370,0.124,0.127,0.189,0.531,0.063,0.045]
Epoch [6] Training Results: Prec@1 49.720 Prec@5 90.940             Loss 1.43464
Epoch [6] Training Class Recall: [0.791,0.292,0.152,0.311,0.163,0.546,0.359,0.546,0.564,0.569]
Epoch [6] Testing Results: Prec@1 18.600 Prec@5 69.860             Loss 3.22641
Epoch [6] Testing Class Recall: [0.661,0.098,0.493,0.084,0.231,0.036,0.009,0.082,0.129,0.037]
Epoch [7] Training Results: Prec@1 56.680 Prec@5 93.280             Loss 1.25567
Epoch [7] Training Class Recall: [0.843,0.414,0.176,0.365,0.276,0.632,0.393,0.593,0.635,0.682]
Epoch [7] Testing Results: Prec@1 15.760 Prec@5 66.750             Loss 4.47894
Epoch [7] Testing Class Recall: [0.695,0.032,0.320,0.042,0.127,0.043,0.006,0.227,0.066,0.018]
Epoch [8] Training Results: Prec@1 52.340 Prec@5 90.980             Loss 1.39853
Epoch [8] Training Class Recall: [0.795,0.329,0.230,0.311,0.215,0.559,0.245,0.551,0.667,0.650]
Epoch [8] Testing Results: Prec@1 17.720 Prec@5 66.730             Loss 3.38287
Epoch [8] Testing Class Recall: [0.512,0.007,0.545,0.059,0.196,0.057,0.020,0.013,0.269,0.094]
Epoch [9] Training Results: Prec@1 61.460 Prec@5 94.660             Loss 1.11217
Epoch [9] Training Class Recall: [0.831,0.442,0.248,0.320,0.376,0.699,0.421,0.664,0.777,0.773]
Epoch [9] Testing Results: Prec@1 16.390 Prec@5 63.640             Loss 5.11297
Epoch [9] Testing Class Recall: [0.717,0.067,0.266,0.222,0.212,0.037,0.016,0.051,0.019,0.032]
Epoch [10] Training Results: Prec@1 66.140 Prec@5 95.920             Loss 0.99261
Epoch [10] Training Class Recall: [0.849,0.445,0.254,0.422,0.537,0.687,0.468,0.755,0.813,0.828]
Epoch [10] Testing Results: Prec@1 21.540 Prec@5 67.010             Loss 4.14275
Epoch [10] Testing Class Recall: [0.694,0.129,0.471,0.172,0.080,0.163,0.029,0.268,0.019,0.129]
Epoch [11] Training Results: Prec@1 67.160 Prec@5 96.260             Loss 0.97647
Epoch [11] Training Class Recall: [0.847,0.499,0.296,0.435,0.463,0.737,0.518,0.785,0.792,0.836]
Epoch [11] Testing Results: Prec@1 17.140 Prec@5 60.560             Loss 4.81559
Epoch [11] Testing Class Recall: [0.660,0.020,0.139,0.593,0.092,0.061,0.028,0.013,0.064,0.044]
Epoch [12] Training Results: Prec@1 69.900 Prec@5 96.960             Loss 0.88670
Epoch [12] Training Class Recall: [0.846,0.535,0.313,0.488,0.546,0.760,0.657,0.734,0.828,0.842]
Epoch [12] Testing Results: Prec@1 18.720 Prec@5 67.480             Loss 3.85002
Epoch [12] Testing Class Recall: [0.508,0.121,0.150,0.433,0.092,0.206,0.022,0.164,0.100,0.076]
Epoch [13] Training Results: Prec@1 68.460 Prec@5 96.080             Loss 0.94668
Epoch [13] Training Class Recall: [0.835,0.533,0.227,0.435,0.576,0.744,0.554,0.762,0.835,0.862]
Epoch [13] Testing Results: Prec@1 18.230 Prec@5 63.230             Loss 4.32583
Epoch [13] Testing Class Recall: [0.383,0.174,0.409,0.233,0.090,0.005,0.021,0.195,0.278,0.035]
Epoch [14] Training Results: Prec@1 74.980 Prec@5 98.480             Loss 0.72134
Epoch [14] Training Class Recall: [0.868,0.552,0.379,0.492,0.641,0.815,0.741,0.838,0.901,0.881]
Epoch [14] Testing Results: Prec@1 17.380 Prec@5 63.560             Loss 5.29487
Epoch [14] Testing Class Recall: [0.548,0.106,0.204,0.441,0.046,0.036,0.032,0.028,0.040,0.257]
Epoch [15] Training Results: Prec@1 78.340 Prec@5 98.780             Loss 0.64799
Epoch [15] Training Class Recall: [0.872,0.663,0.412,0.642,0.676,0.847,0.799,0.847,0.897,0.872]
Epoch [15] Testing Results: Prec@1 16.750 Prec@5 65.400             Loss 5.27033
Epoch [15] Testing Class Recall: [0.116,0.039,0.297,0.292,0.063,0.050,0.094,0.114,0.578,0.032]
Epoch [16] Training Results: Prec@1 59.720 Prec@5 94.380             Loss 1.22816
Epoch [16] Training Class Recall: [0.796,0.445,0.293,0.469,0.463,0.630,0.435,0.669,0.635,0.656]
Epoch [16] Testing Results: Prec@1 18.350 Prec@5 64.440             Loss 4.80155
Epoch [16] Testing Class Recall: [0.413,0.023,0.133,0.138,0.118,0.193,0.554,0.019,0.020,0.224]
Epoch [17] Training Results: Prec@1 72.380 Prec@5 98.100             Loss 0.81610
Epoch [17] Training Class Recall: [0.835,0.535,0.349,0.494,0.610,0.781,0.632,0.845,0.882,0.877]
Epoch [17] Testing Results: Prec@1 21.170 Prec@5 66.190             Loss 4.89868
Epoch [17] Testing Class Recall: [0.535,0.094,0.096,0.279,0.257,0.155,0.244,0.005,0.028,0.424]
Epoch [18] Training Results: Prec@1 78.660 Prec@5 98.540             Loss 0.65354
Epoch [18] Training Class Recall: [0.870,0.643,0.430,0.619,0.724,0.842,0.766,0.843,0.913,0.905]
Epoch [18] Testing Results: Prec@1 18.990 Prec@5 65.340             Loss 5.05263
Epoch [18] Testing Class Recall: [0.541,0.115,0.366,0.380,0.144,0.091,0.053,0.086,0.042,0.081]
Epoch [19] Training Results: Prec@1 80.700 Prec@5 98.820             Loss 0.56907
Epoch [19] Training Class Recall: [0.901,0.637,0.436,0.662,0.768,0.861,0.799,0.847,0.901,0.933]
Epoch [19] Testing Results: Prec@1 18.530 Prec@5 64.980             Loss 6.23025
Epoch [19] Testing Class Recall: [0.508,0.048,0.176,0.309,0.329,0.008,0.205,0.055,0.054,0.161]
Epoch [20] Training Results: Prec@1 82.540 Prec@5 99.400             Loss 0.51416
Epoch [20] Training Class Recall: [0.868,0.691,0.516,0.692,0.798,0.829,0.889,0.921,0.892,0.962]
Epoch [20] Testing Results: Prec@1 18.460 Prec@5 63.630             Loss 6.79721
Epoch [20] Testing Class Recall: [0.553,0.093,0.166,0.203,0.187,0.160,0.244,0.090,0.004,0.146]
Epoch [21] Training Results: Prec@1 84.740 Prec@5 99.500             Loss 0.45851
Epoch [21] Training Class Recall: [0.879,0.771,0.561,0.739,0.800,0.893,0.852,0.924,0.945,0.933]
Epoch [21] Testing Results: Prec@1 19.580 Prec@5 63.130             Loss 7.04992
Epoch [21] Testing Class Recall: [0.789,0.030,0.257,0.230,0.151,0.018,0.320,0.029,0.013,0.121]
Epoch [22] Training Results: Prec@1 84.340 Prec@5 99.560             Loss 0.46870
Epoch [22] Training Class Recall: [0.896,0.714,0.564,0.748,0.812,0.872,0.880,0.898,0.902,0.943]
Epoch [22] Testing Results: Prec@1 18.280 Prec@5 61.940             Loss 7.81364
Epoch [22] Testing Class Recall: [0.646,0.171,0.464,0.319,0.035,0.015,0.029,0.054,0.058,0.037]
Epoch [23] Training Results: Prec@1 85.380 Prec@5 99.260             Loss 0.46253
Epoch [23] Training Class Recall: [0.909,0.776,0.528,0.748,0.839,0.815,0.916,0.900,0.957,0.933]
Epoch [23] Testing Results: Prec@1 19.520 Prec@5 65.850             Loss 6.56704
Epoch [23] Testing Class Recall: [0.711,0.047,0.249,0.237,0.228,0.154,0.097,0.133,0.011,0.085]
Epoch [24] Training Results: Prec@1 87.040 Prec@5 99.700             Loss 0.39443
Epoch [24] Training Class Recall: [0.907,0.739,0.606,0.800,0.822,0.916,0.911,0.914,0.947,0.962]
Epoch [24] Testing Results: Prec@1 14.230 Prec@5 58.290             Loss 8.23626
Epoch [24] Testing Class Recall: [0.550,0.042,0.196,0.040,0.192,0.100,0.193,0.033,0.029,0.048]
Epoch [25] Training Results: Prec@1 77.900 Prec@5 98.540             Loss 0.67299
Epoch [25] Training Class Recall: [0.868,0.640,0.499,0.651,0.717,0.795,0.786,0.833,0.827,0.905]
Epoch [25] Testing Results: Prec@1 18.630 Prec@5 65.590             Loss 5.06996
Epoch [25] Testing Class Recall: [0.496,0.076,0.310,0.259,0.123,0.123,0.136,0.097,0.083,0.160]
Epoch [26] Training Results: Prec@1 86.900 Prec@5 99.300             Loss 0.41141
Epoch [26] Training Class Recall: [0.884,0.751,0.591,0.816,0.866,0.895,0.908,0.958,0.950,0.931]
Epoch [26] Testing Results: Prec@1 18.130 Prec@5 63.570             Loss 6.25321
Epoch [26] Testing Class Recall: [0.632,0.126,0.111,0.176,0.365,0.136,0.137,0.048,0.062,0.020]
Epoch [27] Training Results: Prec@1 89.940 Prec@5 99.780             Loss 0.30230
Epoch [27] Training Class Recall: [0.926,0.819,0.687,0.800,0.885,0.932,0.933,0.972,0.950,0.962]
Epoch [27] Testing Results: Prec@1 19.030 Prec@5 62.840             Loss 6.91258
Epoch [27] Testing Class Recall: [0.420,0.197,0.193,0.485,0.064,0.093,0.028,0.078,0.030,0.315]
Epoch [28] Training Results: Prec@1 86.620 Prec@5 99.500             Loss 0.41520
Epoch [28] Training Class Recall: [0.892,0.759,0.615,0.810,0.863,0.932,0.855,0.914,0.942,0.925]
Epoch [28] Testing Results: Prec@1 18.420 Prec@5 66.190             Loss 6.18162
Epoch [28] Testing Class Recall: [0.677,0.085,0.214,0.123,0.426,0.091,0.079,0.091,0.007,0.049]
Epoch [29] Training Results: Prec@1 86.140 Prec@5 99.200             Loss 0.43859
Epoch [29] Training Class Recall: [0.913,0.703,0.618,0.807,0.744,0.902,0.889,0.926,0.959,0.939]
Epoch [29] Testing Results: Prec@1 20.560 Prec@5 67.350             Loss 5.55682
Epoch [29] Testing Class Recall: [0.608,0.109,0.268,0.225,0.179,0.268,0.039,0.187,0.087,0.086]
Epoch [30] Training Results: Prec@1 88.720 Prec@5 99.740             Loss 0.33964
Epoch [30] Training Class Recall: [0.904,0.807,0.696,0.776,0.863,0.934,0.908,0.933,0.954,0.980]
Epoch [30] Testing Results: Prec@1 19.260 Prec@5 62.280             Loss 6.75690
Epoch [30] Testing Class Recall: [0.518,0.122,0.409,0.232,0.338,0.103,0.028,0.043,0.021,0.112]
Epoch [31] Training Results: Prec@1 92.100 Prec@5 99.820             Loss 0.24828
Epoch [31] Training Class Recall: [0.939,0.839,0.788,0.846,0.895,0.945,0.953,0.977,0.967,0.968]
Epoch [31] Testing Results: Prec@1 18.430 Prec@5 61.360             Loss 6.45206
Epoch [31] Testing Class Recall: [0.559,0.082,0.335,0.269,0.210,0.168,0.061,0.045,0.083,0.031]
Epoch [32] Training Results: Prec@1 89.640 Prec@5 99.720             Loss 0.32414
Epoch [32] Training Class Recall: [0.926,0.779,0.725,0.841,0.863,0.959,0.930,0.935,0.937,0.943]
Epoch [32] Testing Results: Prec@1 20.130 Prec@5 66.260             Loss 6.95719
Epoch [32] Testing Class Recall: [0.701,0.070,0.373,0.253,0.170,0.095,0.128,0.056,0.016,0.151]
Epoch [33] Training Results: Prec@1 92.040 Prec@5 99.860             Loss 0.23907
Epoch [33] Training Class Recall: [0.939,0.793,0.761,0.873,0.924,0.959,0.928,0.958,0.979,0.974]
Epoch [33] Testing Results: Prec@1 19.820 Prec@5 63.530             Loss 7.93095
Epoch [33] Testing Class Recall: [0.664,0.364,0.071,0.480,0.171,0.059,0.011,0.061,0.036,0.065]
Epoch [34] Training Results: Prec@1 89.960 Prec@5 99.660             Loss 0.33095
Epoch [34] Training Class Recall: [0.924,0.751,0.773,0.864,0.905,0.877,0.916,0.951,0.949,0.968]
Epoch [34] Testing Results: Prec@1 19.090 Prec@5 64.420             Loss 7.36180
Epoch [34] Testing Class Recall: [0.709,0.198,0.269,0.403,0.153,0.018,0.083,0.016,0.027,0.033]
Epoch [35] Training Results: Prec@1 92.540 Prec@5 99.860             Loss 0.23317
Epoch [35] Training Class Recall: [0.928,0.884,0.746,0.909,0.888,0.968,0.969,0.972,0.952,0.974]
Epoch [35] Testing Results: Prec@1 20.770 Prec@5 64.640             Loss 5.98859
Epoch [35] Testing Class Recall: [0.678,0.266,0.225,0.279,0.173,0.153,0.084,0.136,0.012,0.071]
Epoch [36] Training Results: Prec@1 90.500 Prec@5 99.740             Loss 0.29522
Epoch [36] Training Class Recall: [0.922,0.856,0.743,0.830,0.863,0.943,0.944,0.949,0.957,0.949]
Epoch [36] Testing Results: Prec@1 20.630 Prec@5 66.540             Loss 7.18454
Epoch [36] Testing Class Recall: [0.685,0.160,0.323,0.455,0.043,0.058,0.163,0.047,0.017,0.112]
Epoch [37] Training Results: Prec@1 94.340 Prec@5 99.900             Loss 0.18756
Epoch [37] Training Class Recall: [0.944,0.901,0.836,0.916,0.941,0.975,0.955,0.965,0.976,0.978]
Epoch [37] Testing Results: Prec@1 19.390 Prec@5 66.140             Loss 7.59086
Epoch [37] Testing Class Recall: [0.694,0.091,0.156,0.208,0.256,0.078,0.041,0.049,0.007,0.359]
Epoch [38] Training Results: Prec@1 86.380 Prec@5 99.080             Loss 0.46383
Epoch [38] Training Class Recall: [0.903,0.742,0.684,0.782,0.834,0.913,0.869,0.914,0.919,0.921]
Epoch [38] Testing Results: Prec@1 19.760 Prec@5 65.240             Loss 5.88630
Epoch [38] Testing Class Recall: [0.691,0.095,0.204,0.255,0.123,0.202,0.086,0.210,0.072,0.038]
Epoch [39] Training Results: Prec@1 90.400 Prec@5 99.740             Loss 0.29375
Epoch [39] Training Class Recall: [0.903,0.824,0.773,0.837,0.873,0.916,0.950,0.958,0.962,0.978]
Epoch [39] Testing Results: Prec@1 18.950 Prec@5 64.370             Loss 6.92586
Epoch [39] Testing Class Recall: [0.722,0.098,0.261,0.407,0.081,0.085,0.044,0.067,0.062,0.068]
Epoch [40] Training Results: Prec@1 96.940 Prec@5 99.980             Loss 0.10648
Epoch [40] Training Class Recall: [0.967,0.946,0.890,0.943,0.971,0.982,0.989,0.988,0.993,0.998]
Epoch [40] Testing Results: Prec@1 19.960 Prec@5 64.540             Loss 7.52723
Epoch [40] Testing Class Recall: [0.695,0.196,0.299,0.419,0.083,0.106,0.018,0.053,0.047,0.080]
Epoch [41] Training Results: Prec@1 96.940 Prec@5 99.940             Loss 0.10422
Epoch [41] Training Class Recall: [0.958,0.943,0.925,0.934,0.973,0.986,0.989,0.991,0.993,0.996]
Epoch [41] Testing Results: Prec@1 19.610 Prec@5 64.770             Loss 8.11007
Epoch [41] Testing Class Recall: [0.768,0.155,0.209,0.455,0.049,0.062,0.128,0.087,0.036,0.012]
Epoch [42] Training Results: Prec@1 92.080 Prec@5 99.860             Loss 0.25662
Epoch [42] Training Class Recall: [0.935,0.836,0.773,0.891,0.907,0.941,0.947,0.963,0.973,0.951]
Epoch [42] Testing Results: Prec@1 14.610 Prec@5 61.190             Loss 8.74643
Epoch [42] Testing Class Recall: [0.229,0.145,0.327,0.223,0.270,0.024,0.119,0.042,0.042,0.040]
Epoch [43] Training Results: Prec@1 89.300 Prec@5 99.640             Loss 0.35371
Epoch [43] Training Class Recall: [0.888,0.836,0.773,0.868,0.822,0.922,0.919,0.961,0.931,0.957]
Epoch [43] Testing Results: Prec@1 20.850 Prec@5 66.320             Loss 5.77902
Epoch [43] Testing Class Recall: [0.631,0.262,0.379,0.311,0.156,0.165,0.008,0.047,0.069,0.057]
Epoch [44] Training Results: Prec@1 92.140 Prec@5 99.820             Loss 0.24174
Epoch [44] Training Class Recall: [0.930,0.844,0.785,0.871,0.915,0.945,0.955,0.949,0.969,0.974]
Epoch [44] Testing Results: Prec@1 18.470 Prec@5 65.140             Loss 7.10739
Epoch [44] Testing Class Recall: [0.775,0.182,0.374,0.180,0.058,0.102,0.074,0.033,0.015,0.054]
Epoch [45] Training Results: Prec@1 93.540 Prec@5 99.840             Loss 0.20928
Epoch [45] Training Class Recall: [0.940,0.870,0.857,0.916,0.937,0.970,0.969,0.917,0.967,0.964]
Epoch [45] Testing Results: Prec@1 20.820 Prec@5 65.650             Loss 6.64737
Epoch [45] Testing Class Recall: [0.661,0.121,0.119,0.419,0.221,0.191,0.027,0.200,0.052,0.071]
Epoch [46] Training Results: Prec@1 92.520 Prec@5 99.800             Loss 0.23831
Epoch [46] Training Class Recall: [0.947,0.824,0.827,0.905,0.876,0.945,0.953,0.956,0.971,0.953]
Epoch [46] Testing Results: Prec@1 19.290 Prec@5 61.800             Loss 7.42647
Epoch [46] Testing Class Recall: [0.593,0.287,0.261,0.372,0.107,0.097,0.043,0.017,0.064,0.088]
Epoch [47] Training Results: Prec@1 83.040 Prec@5 98.900             Loss 0.53757
Epoch [47] Training Class Recall: [0.880,0.725,0.642,0.800,0.656,0.895,0.833,0.854,0.882,0.949]
Epoch [47] Testing Results: Prec@1 21.020 Prec@5 66.640             Loss 5.46831
Epoch [47] Testing Class Recall: [0.686,0.210,0.376,0.210,0.184,0.159,0.078,0.070,0.107,0.022]
Epoch [48] Training Results: Prec@1 90.460 Prec@5 99.880             Loss 0.29220
Epoch [48] Training Class Recall: [0.911,0.816,0.794,0.898,0.871,0.943,0.908,0.951,0.945,0.937]
Epoch [48] Testing Results: Prec@1 20.100 Prec@5 65.520             Loss 6.03962
Epoch [48] Testing Class Recall: [0.595,0.191,0.336,0.328,0.199,0.145,0.021,0.084,0.036,0.075]
Epoch [49] Training Results: Prec@1 97.120 Prec@5 99.940             Loss 0.10531
Epoch [49] Training Class Recall: [0.970,0.926,0.928,0.961,0.963,0.986,0.969,0.998,0.988,0.996]
Epoch [49] Testing Results: Prec@1 19.630 Prec@5 64.240             Loss 8.02586
Epoch [49] Testing Class Recall: [0.754,0.198,0.227,0.441,0.124,0.059,0.024,0.094,0.008,0.034]
Epoch [50] Training Results: Prec@1 97.960 Prec@5 100.000             Loss 0.07766
Epoch [50] Training Class Recall: [0.974,0.943,0.943,0.964,0.988,0.993,0.989,0.995,0.997,0.998]
Epoch [50] Testing Results: Prec@1 19.830 Prec@5 65.520             Loss 7.62984
Epoch [50] Testing Class Recall: [0.666,0.209,0.210,0.374,0.242,0.064,0.092,0.044,0.013,0.069]
Epoch [51] Training Results: Prec@1 92.600 Prec@5 99.780             Loss 0.24478
Epoch [51] Training Class Recall: [0.919,0.892,0.764,0.902,0.920,0.970,0.969,0.954,0.966,0.960]
Epoch [51] Testing Results: Prec@1 21.270 Prec@5 66.700             Loss 6.31051
Epoch [51] Testing Class Recall: [0.497,0.199,0.263,0.314,0.133,0.100,0.049,0.215,0.336,0.021]
Epoch [52] Training Results: Prec@1 94.220 Prec@5 99.940             Loss 0.17812
Epoch [52] Training Class Recall: [0.926,0.901,0.866,0.927,0.934,0.977,0.975,0.975,0.957,0.980]
Epoch [52] Testing Results: Prec@1 18.580 Prec@5 64.320             Loss 7.44063
Epoch [52] Testing Class Recall: [0.704,0.134,0.356,0.067,0.119,0.259,0.052,0.058,0.098,0.011]
Epoch [53] Training Results: Prec@1 89.760 Prec@5 99.660             Loss 0.33623
Epoch [53] Training Class Recall: [0.927,0.816,0.824,0.762,0.898,0.902,0.894,0.956,0.923,0.976]
Epoch [53] Testing Results: Prec@1 20.570 Prec@5 68.300             Loss 5.66775
Epoch [53] Testing Class Recall: [0.652,0.226,0.047,0.350,0.137,0.173,0.244,0.055,0.034,0.139]
Epoch [54] Training Results: Prec@1 92.400 Prec@5 99.860             Loss 0.23794
Epoch [54] Training Class Recall: [0.940,0.844,0.731,0.880,0.927,0.959,0.930,0.975,0.974,0.972]
Epoch [54] Testing Results: Prec@1 19.400 Prec@5 65.170             Loss 7.39370
Epoch [54] Testing Class Recall: [0.675,0.110,0.279,0.314,0.129,0.041,0.037,0.232,0.005,0.118]
Epoch [55] Training Results: Prec@1 91.180 Prec@5 99.760             Loss 0.27571
Epoch [55] Training Class Recall: [0.939,0.830,0.812,0.868,0.929,0.970,0.891,0.884,0.923,0.974]
Epoch [55] Testing Results: Prec@1 21.380 Prec@5 67.000             Loss 5.93358
Epoch [55] Testing Class Recall: [0.613,0.252,0.223,0.430,0.174,0.115,0.053,0.105,0.101,0.072]
Epoch [56] Training Results: Prec@1 95.860 Prec@5 99.940             Loss 0.13893
Epoch [56] Training Class Recall: [0.945,0.921,0.887,0.939,0.961,0.979,0.975,0.991,0.985,0.992]
Epoch [56] Testing Results: Prec@1 22.590 Prec@5 68.590             Loss 6.08330
Epoch [56] Testing Class Recall: [0.623,0.359,0.327,0.265,0.158,0.203,0.078,0.105,0.041,0.100]
Epoch [57] Training Results: Prec@1 91.000 Prec@5 99.840             Loss 0.28104
Epoch [57] Training Class Recall: [0.894,0.847,0.842,0.850,0.902,0.922,0.939,0.958,0.955,0.970]
Epoch [57] Testing Results: Prec@1 20.720 Prec@5 68.680             Loss 6.52563
Epoch [57] Testing Class Recall: [0.696,0.230,0.243,0.106,0.357,0.111,0.110,0.049,0.103,0.067]
Epoch [58] Training Results: Prec@1 94.720 Prec@5 99.780             Loss 0.18559
Epoch [58] Training Class Recall: [0.960,0.890,0.893,0.916,0.910,0.950,0.955,0.975,0.979,0.984]
Epoch [58] Testing Results: Prec@1 19.200 Prec@5 65.340             Loss 6.75475
Epoch [58] Testing Class Recall: [0.728,0.193,0.206,0.491,0.043,0.065,0.039,0.069,0.049,0.037]
Epoch [59] Training Results: Prec@1 93.260 Prec@5 99.500             Loss 0.22153
Epoch [59] Training Class Recall: [0.953,0.853,0.854,0.937,0.929,0.950,0.947,0.963,0.981,0.885]
Epoch [59] Testing Results: Prec@1 20.940 Prec@5 65.710             Loss 6.96663
Epoch [59] Testing Class Recall: [0.688,0.185,0.301,0.359,0.060,0.183,0.061,0.125,0.056,0.076]
Epoch [60] Training Results: Prec@1 97.260 Prec@5 99.980             Loss 0.08857
Epoch [60] Training Class Recall: [0.962,0.952,0.919,0.968,0.980,0.991,0.975,0.986,0.997,0.988]
Epoch [60] Testing Results: Prec@1 19.680 Prec@5 63.780             Loss 6.99288
Epoch [60] Testing Class Recall: [0.698,0.218,0.212,0.354,0.160,0.100,0.033,0.116,0.026,0.051]
Epoch [61] Training Results: Prec@1 98.620 Prec@5 99.960             Loss 0.05514
Epoch [61] Training Class Recall: [0.980,0.972,0.961,0.984,0.990,0.995,0.989,1.000,0.993,0.996]
Epoch [61] Testing Results: Prec@1 21.080 Prec@5 66.450             Loss 7.91920
Epoch [61] Testing Class Recall: [0.703,0.257,0.301,0.466,0.073,0.096,0.066,0.052,0.016,0.078]
Epoch [62] Training Results: Prec@1 99.020 Prec@5 100.000             Loss 0.03654
Epoch [62] Training Class Recall: [0.988,0.963,0.970,0.993,0.990,0.998,0.997,0.995,0.998,1.000]
Epoch [62] Testing Results: Prec@1 20.500 Prec@5 67.750             Loss 7.88728
Epoch [62] Testing Class Recall: [0.700,0.222,0.359,0.415,0.056,0.087,0.045,0.085,0.050,0.031]
Epoch [63] Training Results: Prec@1 98.440 Prec@5 99.980             Loss 0.05330
Epoch [63] Training Class Recall: [0.978,0.969,0.961,0.993,0.985,0.995,0.989,0.991,0.986,0.996]
Epoch [63] Testing Results: Prec@1 21.230 Prec@5 66.220             Loss 7.86432
Epoch [63] Testing Class Recall: [0.641,0.318,0.278,0.382,0.096,0.112,0.101,0.117,0.016,0.062]
Epoch [64] Training Results: Prec@1 97.120 Prec@5 100.000             Loss 0.09238
Epoch [64] Training Class Recall: [0.969,0.918,0.949,0.980,0.978,0.989,0.981,0.988,0.955,0.998]
Epoch [64] Testing Results: Prec@1 20.530 Prec@5 67.200             Loss 8.11696
Epoch [64] Testing Class Recall: [0.753,0.296,0.367,0.194,0.102,0.151,0.008,0.093,0.035,0.054]
Epoch [65] Training Results: Prec@1 94.820 Prec@5 99.940             Loss 0.15136
Epoch [65] Training Class Recall: [0.942,0.898,0.899,0.925,0.946,0.984,0.955,0.979,0.973,0.962]
Epoch [65] Testing Results: Prec@1 20.450 Prec@5 65.510             Loss 8.33719
Epoch [65] Testing Class Recall: [0.752,0.258,0.097,0.437,0.305,0.081,0.007,0.039,0.038,0.031]
Epoch [66] Training Results: Prec@1 94.900 Prec@5 99.940             Loss 0.15986
Epoch [66] Training Class Recall: [0.956,0.895,0.842,0.932,0.959,0.957,0.972,0.979,0.983,0.962]
Epoch [66] Testing Results: Prec@1 20.280 Prec@5 67.310             Loss 8.42591
Epoch [66] Testing Class Recall: [0.622,0.215,0.209,0.603,0.063,0.078,0.069,0.059,0.066,0.044]
Epoch [67] Training Results: Prec@1 95.400 Prec@5 99.900             Loss 0.15042
Epoch [67] Training Class Recall: [0.944,0.915,0.896,0.957,0.937,0.975,0.969,0.981,0.973,0.982]
Epoch [67] Testing Results: Prec@1 20.160 Prec@5 63.640             Loss 6.92317
Epoch [67] Testing Class Recall: [0.625,0.347,0.159,0.469,0.161,0.042,0.027,0.091,0.043,0.052]
Epoch [68] Training Results: Prec@1 98.380 Prec@5 100.000             Loss 0.05073
Epoch [68] Training Class Recall: [0.978,0.975,0.952,0.977,0.976,0.998,0.997,0.993,0.993,0.996]
Epoch [68] Testing Results: Prec@1 20.960 Prec@5 67.680             Loss 7.73528
Epoch [68] Testing Class Recall: [0.688,0.301,0.219,0.547,0.041,0.096,0.026,0.080,0.051,0.047]
Epoch [69] Training Results: Prec@1 99.440 Prec@5 100.000             Loss 0.02369
Epoch [69] Training Class Recall: [0.995,0.992,0.982,0.989,0.993,0.998,0.994,0.998,1.000,0.998]
Epoch [69] Testing Results: Prec@1 21.230 Prec@5 66.980             Loss 7.64444
Epoch [69] Testing Class Recall: [0.729,0.275,0.169,0.408,0.148,0.156,0.034,0.105,0.055,0.044]
Epoch [70] Training Results: Prec@1 99.520 Prec@5 100.000             Loss 0.02017
Epoch [70] Training Class Recall: [0.994,0.983,0.976,0.998,1.000,1.000,0.997,1.000,1.000,0.998]
Epoch [70] Testing Results: Prec@1 20.930 Prec@5 67.960             Loss 7.39621
Epoch [70] Testing Class Recall: [0.728,0.249,0.265,0.307,0.198,0.096,0.054,0.073,0.071,0.052]
Epoch [71] Training Results: Prec@1 99.580 Prec@5 100.000             Loss 0.01550
Epoch [71] Training Class Recall: [0.992,0.989,0.988,0.998,0.995,0.998,1.000,1.000,1.000,1.000]
Epoch [71] Testing Results: Prec@1 18.830 Prec@5 65.730             Loss 8.17828
Epoch [71] Testing Class Recall: [0.506,0.260,0.226,0.450,0.158,0.107,0.021,0.058,0.055,0.042]
Epoch [72] Training Results: Prec@1 87.900 Prec@5 99.520             Loss 0.40902
Epoch [72] Training Class Recall: [0.876,0.867,0.719,0.873,0.859,0.895,0.900,0.924,0.871,0.966]
Epoch [72] Testing Results: Prec@1 19.950 Prec@5 66.490             Loss 6.76303
Epoch [72] Testing Class Recall: [0.615,0.240,0.224,0.165,0.387,0.041,0.080,0.150,0.025,0.068]
Epoch [73] Training Results: Prec@1 97.000 Prec@5 99.960             Loss 0.10976
Epoch [73] Training Class Recall: [0.974,0.949,0.901,0.948,0.951,0.982,0.986,0.991,0.991,0.992]
Epoch [73] Testing Results: Prec@1 21.230 Prec@5 65.860             Loss 6.91556
Epoch [73] Testing Class Recall: [0.588,0.302,0.140,0.471,0.076,0.167,0.057,0.122,0.065,0.135]
Epoch [74] Training Results: Prec@1 96.380 Prec@5 99.920             Loss 0.12274
Epoch [74] Training Class Recall: [0.965,0.943,0.884,0.966,0.946,0.989,0.972,0.979,0.991,0.970]
Epoch [74] Testing Results: Prec@1 19.000 Prec@5 66.700             Loss 6.70620
Epoch [74] Testing Class Recall: [0.647,0.075,0.207,0.336,0.136,0.147,0.060,0.121,0.136,0.035]
Epoch [75] Training Results: Prec@1 90.320 Prec@5 99.560             Loss 0.31869
Epoch [75] Training Class Recall: [0.928,0.816,0.758,0.839,0.885,0.941,0.919,0.928,0.952,0.953]
Epoch [75] Testing Results: Prec@1 20.290 Prec@5 66.220             Loss 8.36552
Epoch [75] Testing Class Recall: [0.763,0.088,0.156,0.106,0.037,0.172,0.600,0.041,0.031,0.035]
Epoch [76] Training Results: Prec@1 92.120 Prec@5 99.680             Loss 0.26962
Epoch [76] Training Class Recall: [0.945,0.870,0.827,0.821,0.917,0.968,0.869,0.968,0.961,0.970]
Epoch [76] Testing Results: Prec@1 20.010 Prec@5 66.790             Loss 5.77484
Epoch [76] Testing Class Recall: [0.670,0.236,0.143,0.511,0.130,0.073,0.090,0.067,0.052,0.029]
Epoch [77] Training Results: Prec@1 95.860 Prec@5 99.960             Loss 0.14235
Epoch [77] Training Class Recall: [0.971,0.909,0.854,0.939,0.966,0.982,0.953,0.981,0.985,0.982]
Epoch [77] Testing Results: Prec@1 21.240 Prec@5 67.400             Loss 6.75380
Epoch [77] Testing Class Recall: [0.671,0.230,0.350,0.375,0.076,0.126,0.084,0.072,0.098,0.042]
Epoch [78] Training Results: Prec@1 97.540 Prec@5 100.000             Loss 0.07851
Epoch [78] Training Class Recall: [0.969,0.955,0.949,0.975,0.976,0.968,0.978,0.991,0.990,0.998]
Epoch [78] Testing Results: Prec@1 19.950 Prec@5 67.210             Loss 7.52312
Epoch [78] Testing Class Recall: [0.765,0.176,0.126,0.571,0.098,0.084,0.029,0.066,0.016,0.064]
Epoch [79] Training Results: Prec@1 97.160 Prec@5 99.980             Loss 0.10170
Epoch [79] Training Class Recall: [0.979,0.963,0.851,0.943,0.983,0.986,0.983,0.991,0.991,0.996]
Epoch [79] Testing Results: Prec@1 19.790 Prec@5 67.240             Loss 7.38065
Epoch [79] Testing Class Recall: [0.729,0.179,0.496,0.212,0.085,0.109,0.017,0.028,0.018,0.106]
Epoch [80] Training Results: Prec@1 99.180 Prec@5 99.980             Loss 0.03211
Epoch [80] Training Class Recall: [0.989,0.980,0.973,0.989,0.995,0.993,0.994,1.000,1.000,1.000]
Epoch [80] Testing Results: Prec@1 20.600 Prec@5 67.900             Loss 7.21422
Epoch [80] Testing Class Recall: [0.746,0.290,0.278,0.367,0.096,0.100,0.042,0.049,0.029,0.063]
Epoch [81] Training Results: Prec@1 99.340 Prec@5 100.000             Loss 0.02830
Epoch [81] Training Class Recall: [0.991,0.983,0.985,0.986,0.998,1.000,1.000,0.988,1.000,1.000]
Epoch [81] Testing Results: Prec@1 20.510 Prec@5 66.700             Loss 7.29321
Epoch [81] Testing Class Recall: [0.735,0.257,0.139,0.440,0.235,0.079,0.054,0.055,0.033,0.024]
Epoch [82] Training Results: Prec@1 99.480 Prec@5 100.000             Loss 0.02031
Epoch [82] Training Class Recall: [0.990,0.975,0.988,1.000,1.000,1.000,0.997,1.000,1.000,1.000]
Epoch [82] Testing Results: Prec@1 20.060 Prec@5 65.700             Loss 8.21280
Epoch [82] Testing Class Recall: [0.757,0.237,0.277,0.390,0.116,0.088,0.050,0.041,0.011,0.039]
Epoch [83] Training Results: Prec@1 97.980 Prec@5 100.000             Loss 0.07039
Epoch [83] Training Class Recall: [0.986,0.949,0.949,0.977,0.980,0.991,0.997,0.998,0.988,0.962]
Epoch [83] Testing Results: Prec@1 19.580 Prec@5 66.250             Loss 7.35003
Epoch [83] Testing Class Recall: [0.587,0.172,0.132,0.433,0.257,0.095,0.059,0.114,0.029,0.080]
Epoch [84] Training Results: Prec@1 96.460 Prec@5 99.960             Loss 0.11138
Epoch [84] Training Class Recall: [0.948,0.946,0.916,0.959,0.944,0.984,0.981,0.991,0.985,0.996]
Epoch [84] Testing Results: Prec@1 20.560 Prec@5 68.050             Loss 7.49687
Epoch [84] Testing Class Recall: [0.745,0.196,0.312,0.388,0.099,0.107,0.082,0.064,0.050,0.013]
Epoch [85] Training Results: Prec@1 98.080 Prec@5 100.000             Loss 0.06206
Epoch [85] Training Class Recall: [0.985,0.938,0.973,0.980,0.971,0.993,0.981,0.995,0.985,0.988]
Epoch [85] Testing Results: Prec@1 21.680 Prec@5 68.260             Loss 7.42941
Epoch [85] Testing Class Recall: [0.432,0.289,0.196,0.590,0.131,0.072,0.167,0.068,0.150,0.073]
Epoch [86] Training Results: Prec@1 91.440 Prec@5 99.660             Loss 0.28480
Epoch [86] Training Class Recall: [0.939,0.856,0.752,0.875,0.888,0.916,0.955,0.942,0.957,0.962]
Epoch [86] Testing Results: Prec@1 18.930 Prec@5 65.630             Loss 7.27603
Epoch [86] Testing Class Recall: [0.659,0.124,0.273,0.421,0.040,0.202,0.036,0.058,0.027,0.053]
Epoch [87] Training Results: Prec@1 94.860 Prec@5 99.880             Loss 0.16241
Epoch [87] Training Class Recall: [0.962,0.884,0.893,0.918,0.954,0.968,0.925,0.965,0.981,0.972]
Epoch [87] Testing Results: Prec@1 19.970 Prec@5 65.400             Loss 7.06655
Epoch [87] Testing Class Recall: [0.381,0.178,0.173,0.288,0.234,0.080,0.095,0.251,0.211,0.106]
Epoch [88] Training Results: Prec@1 89.100 Prec@5 99.700             Loss 0.36525
Epoch [88] Training Class Recall: [0.907,0.776,0.827,0.889,0.905,0.916,0.889,0.931,0.858,0.953]
Epoch [88] Testing Results: Prec@1 19.440 Prec@5 67.380             Loss 7.21485
Epoch [88] Testing Class Recall: [0.735,0.092,0.419,0.383,0.061,0.028,0.032,0.056,0.012,0.126]
Epoch [89] Training Results: Prec@1 96.620 Prec@5 99.960             Loss 0.11055
Epoch [89] Training Class Recall: [0.961,0.941,0.937,0.975,0.971,0.979,0.983,0.993,0.954,0.972]
Epoch [89] Testing Results: Prec@1 23.150 Prec@5 70.340             Loss 6.47514
Epoch [89] Testing Class Recall: [0.724,0.325,0.164,0.483,0.272,0.119,0.036,0.088,0.049,0.055]
Epoch [90] Training Results: Prec@1 93.780 Prec@5 99.920             Loss 0.19615
Epoch [90] Training Class Recall: [0.961,0.861,0.851,0.900,0.934,0.954,0.972,0.958,0.962,0.947]
Epoch [90] Testing Results: Prec@1 19.660 Prec@5 64.480             Loss 8.14273
Epoch [90] Testing Class Recall: [0.698,0.129,0.533,0.089,0.099,0.219,0.006,0.082,0.095,0.016]
Epoch [91] Training Results: Prec@1 89.540 Prec@5 99.380             Loss 0.36311
Epoch [91] Training Class Recall: [0.930,0.810,0.818,0.741,0.893,0.872,0.953,0.931,0.959,0.941]
Epoch [91] Testing Results: Prec@1 21.940 Prec@5 69.420             Loss 5.56452
Epoch [91] Testing Class Recall: [0.677,0.303,0.154,0.223,0.263,0.173,0.032,0.205,0.124,0.040]
Epoch [92] Training Results: Prec@1 92.060 Prec@5 99.900             Loss 0.24913
Epoch [92] Training Class Recall: [0.932,0.881,0.809,0.887,0.920,0.895,0.925,0.965,0.945,0.980]
Epoch [92] Testing Results: Prec@1 20.300 Prec@5 68.780             Loss 6.00397
Epoch [92] Testing Class Recall: [0.667,0.274,0.391,0.217,0.063,0.131,0.070,0.082,0.044,0.091]
Epoch [93] Training Results: Prec@1 94.520 Prec@5 99.920             Loss 0.16914
Epoch [93] Training Class Recall: [0.954,0.901,0.866,0.918,0.941,0.929,0.975,0.988,0.964,0.970]
Epoch [93] Testing Results: Prec@1 20.470 Prec@5 68.820             Loss 5.97960
Epoch [93] Testing Class Recall: [0.652,0.098,0.318,0.305,0.126,0.088,0.037,0.218,0.145,0.060]
Epoch [94] Training Results: Prec@1 88.400 Prec@5 99.640             Loss 0.36551
Epoch [94] Training Class Recall: [0.911,0.745,0.788,0.839,0.898,0.918,0.919,0.935,0.907,0.887]
Epoch [94] Testing Results: Prec@1 18.600 Prec@5 66.700             Loss 7.01250
Epoch [94] Testing Class Recall: [0.709,0.087,0.371,0.236,0.042,0.208,0.071,0.015,0.019,0.102]
Epoch [95] Training Results: Prec@1 97.760 Prec@5 100.000             Loss 0.07973
Epoch [95] Training Class Recall: [0.971,0.952,0.937,0.971,0.978,0.995,0.986,0.986,0.993,0.996]
Epoch [95] Testing Results: Prec@1 20.810 Prec@5 67.600             Loss 6.58734
Epoch [95] Testing Class Recall: [0.719,0.270,0.259,0.318,0.191,0.118,0.020,0.135,0.018,0.033]
Epoch [96] Training Results: Prec@1 96.340 Prec@5 99.960             Loss 0.12457
Epoch [96] Training Class Recall: [0.976,0.926,0.949,0.964,0.966,0.975,0.958,0.970,0.971,0.947]
Epoch [96] Testing Results: Prec@1 18.450 Prec@5 66.080             Loss 7.43240
Epoch [96] Testing Class Recall: [0.741,0.151,0.130,0.287,0.286,0.112,0.032,0.035,0.040,0.031]
Epoch [97] Training Results: Prec@1 96.800 Prec@5 99.980             Loss 0.11076
Epoch [97] Training Class Recall: [0.971,0.901,0.910,0.973,0.976,0.984,0.989,0.981,0.974,0.988]
Epoch [97] Testing Results: Prec@1 18.900 Prec@5 67.160             Loss 7.34671
Epoch [97] Testing Class Recall: [0.719,0.107,0.349,0.300,0.111,0.087,0.060,0.069,0.052,0.036]
Epoch [98] Training Results: Prec@1 99.340 Prec@5 100.000             Loss 0.02994
Epoch [98] Training Class Recall: [0.990,0.980,0.982,0.993,0.998,0.998,0.997,0.998,0.998,1.000]
Epoch [98] Testing Results: Prec@1 21.270 Prec@5 68.680             Loss 6.62346
Epoch [98] Testing Class Recall: [0.664,0.347,0.315,0.385,0.108,0.087,0.023,0.091,0.061,0.046]
Epoch [99] Training Results: Prec@1 96.880 Prec@5 99.920             Loss 0.10305
Epoch [99] Training Class Recall: [0.960,0.943,0.940,0.961,0.963,0.989,0.978,0.984,0.978,0.990]
Epoch [99] Testing Results: Prec@1 21.120 Prec@5 69.850             Loss 6.46757
Epoch [99] Testing Class Recall: [0.648,0.224,0.253,0.412,0.102,0.114,0.108,0.131,0.079,0.041]
Epoch [100] Training Results: Prec@1 99.000 Prec@5 100.000             Loss 0.03287
Epoch [100] Training Class Recall: [0.985,0.969,0.976,0.986,0.993,0.993,1.000,1.000,1.000,0.996]
Epoch [100] Testing Results: Prec@1 19.590 Prec@5 68.510             Loss 7.68503
Epoch [100] Testing Class Recall: [0.669,0.246,0.172,0.438,0.168,0.094,0.020,0.085,0.027,0.040]
Epoch [101] Training Results: Prec@1 99.020 Prec@5 100.000             Loss 0.03498
Epoch [101] Training Class Recall: [0.989,0.986,0.961,0.980,0.990,1.000,1.000,0.993,0.997,1.000]
Epoch [101] Testing Results: Prec@1 18.960 Prec@5 67.490             Loss 8.27963
Epoch [101] Testing Class Recall: [0.737,0.169,0.217,0.438,0.086,0.075,0.015,0.072,0.011,0.076]
Epoch [102] Training Results: Prec@1 99.480 Prec@5 100.000             Loss 0.01907
Epoch [102] Training Class Recall: [0.991,0.994,0.991,0.991,0.998,0.993,0.994,1.000,0.998,1.000]
Epoch [102] Testing Results: Prec@1 19.280 Prec@5 66.770             Loss 8.57943
Epoch [102] Testing Class Recall: [0.709,0.172,0.351,0.411,0.031,0.090,0.044,0.066,0.025,0.029]
Epoch [103] Training Results: Prec@1 98.480 Prec@5 100.000             Loss 0.05423
Epoch [103] Training Class Recall: [0.988,0.969,0.955,0.975,0.978,0.998,0.986,0.988,0.993,0.998]
Epoch [103] Testing Results: Prec@1 18.680 Prec@5 68.020             Loss 8.31727
Epoch [103] Testing Class Recall: [0.455,0.112,0.328,0.320,0.153,0.064,0.164,0.150,0.069,0.053]
Epoch [104] Training Results: Prec@1 88.380 Prec@5 99.760             Loss 0.39091
Epoch [104] Training Class Recall: [0.912,0.841,0.737,0.871,0.873,0.845,0.877,0.926,0.935,0.911]
Epoch [104] Testing Results: Prec@1 17.570 Prec@5 65.050             Loss 6.78016
Epoch [104] Testing Class Recall: [0.534,0.173,0.132,0.310,0.397,0.105,0.039,0.016,0.031,0.020]
Epoch [105] Training Results: Prec@1 92.100 Prec@5 99.680             Loss 0.27496
Epoch [105] Training Class Recall: [0.934,0.881,0.845,0.891,0.912,0.938,0.925,0.903,0.959,0.957]
Epoch [105] Testing Results: Prec@1 20.030 Prec@5 67.280             Loss 6.14023
Epoch [105] Testing Class Recall: [0.705,0.109,0.453,0.285,0.071,0.083,0.065,0.132,0.026,0.074]
Epoch [106] Training Results: Prec@1 98.060 Prec@5 99.960             Loss 0.06829
Epoch [106] Training Class Recall: [0.974,0.958,0.961,0.977,0.978,0.979,0.992,0.993,0.991,1.000]
Epoch [106] Testing Results: Prec@1 19.630 Prec@5 65.580             Loss 6.97380
Epoch [106] Testing Class Recall: [0.752,0.230,0.255,0.325,0.100,0.110,0.025,0.138,0.013,0.015]
Epoch [107] Training Results: Prec@1 96.880 Prec@5 99.980             Loss 0.10208
Epoch [107] Training Class Recall: [0.968,0.949,0.934,0.950,0.976,0.995,0.983,0.979,0.990,0.951]
Epoch [107] Testing Results: Prec@1 19.200 Prec@5 66.520             Loss 7.10818
Epoch [107] Testing Class Recall: [0.714,0.154,0.157,0.494,0.116,0.043,0.017,0.174,0.033,0.018]
Epoch [108] Training Results: Prec@1 93.900 Prec@5 99.920             Loss 0.19265
Epoch [108] Training Class Recall: [0.938,0.921,0.854,0.893,0.956,0.943,0.958,0.958,0.971,0.968]
Epoch [108] Testing Results: Prec@1 18.490 Prec@5 65.590             Loss 6.89784
Epoch [108] Testing Class Recall: [0.751,0.136,0.398,0.169,0.079,0.086,0.026,0.147,0.012,0.045]
Epoch [109] Training Results: Prec@1 92.400 Prec@5 99.560             Loss 0.24980
Epoch [109] Training Class Recall: [0.952,0.827,0.878,0.857,0.863,0.952,0.953,0.942,0.969,0.955]
Epoch [109] Testing Results: Prec@1 19.870 Prec@5 67.980             Loss 6.34530
Epoch [109] Testing Class Recall: [0.753,0.192,0.231,0.220,0.289,0.115,0.030,0.060,0.026,0.071]
Epoch [110] Training Results: Prec@1 97.680 Prec@5 100.000             Loss 0.07758
Epoch [110] Training Class Recall: [0.972,0.963,0.928,0.959,0.985,0.989,0.994,0.984,0.991,0.992]
Epoch [110] Testing Results: Prec@1 19.600 Prec@5 67.360             Loss 8.05485
Epoch [110] Testing Class Recall: [0.682,0.150,0.196,0.543,0.149,0.068,0.035,0.063,0.039,0.035]
Epoch [111] Training Results: Prec@1 97.160 Prec@5 100.000             Loss 0.08991
Epoch [111] Training Class Recall: [0.977,0.932,0.934,0.955,0.971,0.986,0.964,0.981,0.993,0.988]
Epoch [111] Testing Results: Prec@1 20.020 Prec@5 65.620             Loss 7.53334
Epoch [111] Testing Class Recall: [0.779,0.244,0.209,0.151,0.131,0.340,0.063,0.027,0.026,0.032]
Epoch [112] Training Results: Prec@1 91.800 Prec@5 99.680             Loss 0.28846
Epoch [112] Training Class Recall: [0.953,0.887,0.881,0.857,0.920,0.874,0.942,0.919,0.978,0.887]
Epoch [112] Testing Results: Prec@1 19.650 Prec@5 64.310             Loss 7.24781
Epoch [112] Testing Class Recall: [0.743,0.213,0.193,0.509,0.155,0.035,0.021,0.037,0.038,0.021]
Epoch [113] Training Results: Prec@1 94.620 Prec@5 99.920             Loss 0.17304
Epoch [113] Training Class Recall: [0.951,0.904,0.878,0.934,0.956,0.968,0.947,0.986,0.979,0.921]
Epoch [113] Testing Results: Prec@1 19.990 Prec@5 66.250             Loss 7.09910
Epoch [113] Testing Class Recall: [0.744,0.229,0.130,0.489,0.067,0.116,0.046,0.064,0.058,0.056]
Epoch [114] Training Results: Prec@1 98.660 Prec@5 99.980             Loss 0.04900
Epoch [114] Training Class Recall: [0.989,0.975,0.967,0.989,0.976,0.989,0.983,0.988,0.997,0.998]
Epoch [114] Testing Results: Prec@1 20.160 Prec@5 66.150             Loss 7.21863
Epoch [114] Testing Class Recall: [0.657,0.250,0.170,0.433,0.177,0.135,0.062,0.045,0.022,0.065]
Epoch [115] Training Results: Prec@1 98.580 Prec@5 99.980             Loss 0.05073
Epoch [115] Training Class Recall: [0.986,0.983,0.955,0.961,0.985,0.995,0.989,0.998,0.995,0.998]
Epoch [115] Testing Results: Prec@1 18.390 Prec@5 65.380             Loss 7.92780
Epoch [115] Testing Class Recall: [0.634,0.117,0.089,0.286,0.418,0.116,0.044,0.041,0.021,0.073]
Epoch [116] Training Results: Prec@1 87.700 Prec@5 99.480             Loss 0.39386
Epoch [116] Training Class Recall: [0.904,0.751,0.728,0.875,0.827,0.886,0.905,0.912,0.921,0.937]
Epoch [116] Testing Results: Prec@1 19.190 Prec@5 66.110             Loss 5.94300
Epoch [116] Testing Class Recall: [0.729,0.114,0.176,0.299,0.120,0.090,0.095,0.157,0.015,0.124]
Epoch [117] Training Results: Prec@1 98.100 Prec@5 99.980             Loss 0.07464
Epoch [117] Training Class Recall: [0.979,0.946,0.937,0.984,0.983,0.991,0.994,0.988,0.993,0.996]
Epoch [117] Testing Results: Prec@1 18.160 Prec@5 63.940             Loss 7.37535
Epoch [117] Testing Class Recall: [0.691,0.139,0.358,0.318,0.085,0.043,0.019,0.040,0.046,0.077]
Epoch [118] Training Results: Prec@1 95.080 Prec@5 99.880             Loss 0.16375
Epoch [118] Training Class Recall: [0.967,0.918,0.860,0.950,0.956,0.904,0.967,0.968,0.976,0.980]
Epoch [118] Testing Results: Prec@1 18.600 Prec@5 64.370             Loss 6.60580
Epoch [118] Testing Class Recall: [0.529,0.235,0.355,0.368,0.090,0.078,0.052,0.111,0.021,0.021]
Epoch [119] Training Results: Prec@1 98.280 Prec@5 99.960             Loss 0.06363
Epoch [119] Training Class Recall: [0.985,0.960,0.961,0.982,0.988,0.966,0.994,0.986,0.997,0.992]
Epoch [119] Testing Results: Prec@1 20.620 Prec@5 64.650             Loss 7.20036
Epoch [119] Testing Class Recall: [0.684,0.354,0.228,0.503,0.146,0.036,0.016,0.051,0.011,0.033]
Epoch [120] Training Results: Prec@1 98.980 Prec@5 100.000             Loss 0.03776
Epoch [120] Training Class Recall: [0.990,0.986,0.964,0.984,0.995,0.984,0.997,0.995,0.997,0.996]
Epoch [120] Testing Results: Prec@1 19.730 Prec@5 65.720             Loss 7.86633
Epoch [120] Testing Class Recall: [0.626,0.245,0.174,0.570,0.081,0.062,0.025,0.083,0.012,0.095]
Epoch [121] Training Results: Prec@1 99.220 Prec@5 100.000             Loss 0.02860
Epoch [121] Training Class Recall: [0.991,0.980,0.973,0.991,0.998,1.000,0.994,1.000,0.990,1.000]
Epoch [121] Testing Results: Prec@1 20.280 Prec@5 64.700             Loss 7.34560
Epoch [121] Testing Class Recall: [0.697,0.352,0.200,0.386,0.145,0.101,0.029,0.046,0.020,0.052]
Epoch [122] Training Results: Prec@1 98.860 Prec@5 100.000             Loss 0.03851
Epoch [122] Training Class Recall: [0.984,0.975,0.985,0.984,0.993,0.993,0.992,0.986,0.997,0.998]
Epoch [122] Testing Results: Prec@1 19.780 Prec@5 65.600             Loss 8.29016
Epoch [122] Testing Class Recall: [0.680,0.211,0.167,0.491,0.177,0.104,0.016,0.077,0.015,0.040]
Epoch [123] Training Results: Prec@1 96.380 Prec@5 99.900             Loss 0.12302
Epoch [123] Training Class Recall: [0.978,0.921,0.910,0.893,0.973,0.984,0.975,0.991,0.983,0.980]
Epoch [123] Testing Results: Prec@1 19.590 Prec@5 66.030             Loss 7.12098
Epoch [123] Testing Class Recall: [0.666,0.135,0.173,0.427,0.165,0.170,0.014,0.076,0.026,0.107]
Epoch [124] Training Results: Prec@1 94.480 Prec@5 99.900             Loss 0.16611
Epoch [124] Training Class Recall: [0.945,0.898,0.857,0.934,0.917,0.952,0.967,0.977,0.985,0.974]
Epoch [124] Testing Results: Prec@1 20.130 Prec@5 62.990             Loss 6.94830
Epoch [124] Testing Class Recall: [0.504,0.435,0.203,0.185,0.110,0.199,0.172,0.060,0.017,0.128]
Epoch [125] Training Results: Prec@1 95.800 Prec@5 99.880             Loss 0.14036
Epoch [125] Training Class Recall: [0.960,0.909,0.925,0.961,0.973,0.979,0.983,0.972,0.983,0.915]
Epoch [125] Testing Results: Prec@1 21.220 Prec@5 67.490             Loss 7.34032
Epoch [125] Testing Class Recall: [0.672,0.342,0.259,0.409,0.094,0.148,0.029,0.024,0.066,0.079]
Epoch [126] Training Results: Prec@1 98.120 Prec@5 100.000             Loss 0.05947
Epoch [126] Training Class Recall: [0.979,0.946,0.958,0.982,0.993,0.984,0.989,0.988,0.991,0.990]
Epoch [126] Testing Results: Prec@1 19.780 Prec@5 66.630             Loss 7.62120
Epoch [126] Testing Class Recall: [0.664,0.333,0.125,0.441,0.089,0.089,0.043,0.083,0.031,0.080]
Epoch [127] Training Results: Prec@1 98.200 Prec@5 100.000             Loss 0.06234
Epoch [127] Training Class Recall: [0.982,0.972,0.937,0.977,0.993,0.984,0.992,0.995,0.983,0.994]
Epoch [127] Testing Results: Prec@1 21.560 Prec@5 67.920             Loss 7.19880
Epoch [127] Testing Class Recall: [0.668,0.298,0.202,0.367,0.374,0.066,0.021,0.081,0.045,0.034]
Epoch [128] Training Results: Prec@1 99.460 Prec@5 100.000             Loss 0.01987
Epoch [128] Training Class Recall: [0.996,0.992,0.973,0.989,0.995,0.998,1.000,0.995,1.000,1.000]
Epoch [128] Testing Results: Prec@1 20.930 Prec@5 66.140             Loss 7.63207
Epoch [128] Testing Class Recall: [0.652,0.327,0.178,0.500,0.138,0.127,0.010,0.061,0.031,0.069]
Epoch [129] Training Results: Prec@1 99.700 Prec@5 100.000             Loss 0.01360
Epoch [129] Training Class Recall: [0.997,0.992,0.994,0.995,0.998,1.000,0.994,1.000,1.000,0.998]
Epoch [129] Testing Results: Prec@1 20.380 Prec@5 68.140             Loss 8.06760
Epoch [129] Testing Class Recall: [0.673,0.209,0.163,0.514,0.236,0.076,0.022,0.048,0.019,0.078]
Epoch [130] Training Results: Prec@1 98.920 Prec@5 99.980             Loss 0.03937
Epoch [130] Training Class Recall: [0.991,0.969,0.967,0.982,0.990,0.995,0.997,0.998,0.998,0.990]
Epoch [130] Testing Results: Prec@1 19.050 Prec@5 66.920             Loss 8.14659
Epoch [130] Testing Class Recall: [0.763,0.149,0.291,0.261,0.136,0.102,0.087,0.041,0.022,0.053]
Epoch [131] Training Results: Prec@1 99.320 Prec@5 100.000             Loss 0.02397
Epoch [131] Training Class Recall: [0.994,0.963,0.979,0.998,1.000,0.995,0.994,0.998,0.998,1.000]
Epoch [131] Testing Results: Prec@1 20.030 Prec@5 66.400             Loss 7.93598
Epoch [131] Testing Class Recall: [0.765,0.197,0.302,0.205,0.081,0.320,0.052,0.029,0.031,0.021]
Epoch [132] Training Results: Prec@1 95.820 Prec@5 99.900             Loss 0.14767
Epoch [132] Training Class Recall: [0.971,0.946,0.925,0.959,0.915,0.922,0.964,0.981,0.967,0.990]
Epoch [132] Testing Results: Prec@1 18.860 Prec@5 66.770             Loss 7.53827
Epoch [132] Testing Class Recall: [0.765,0.105,0.139,0.301,0.325,0.069,0.028,0.103,0.003,0.048]
Epoch [133] Training Results: Prec@1 92.500 Prec@5 99.680             Loss 0.25064
Epoch [133] Training Class Recall: [0.957,0.785,0.866,0.912,0.937,0.959,0.928,0.951,0.911,0.955]
Epoch [133] Testing Results: Prec@1 20.200 Prec@5 65.940             Loss 6.10332
Epoch [133] Testing Class Recall: [0.678,0.295,0.140,0.455,0.167,0.109,0.039,0.037,0.075,0.025]
Epoch [134] Training Results: Prec@1 97.680 Prec@5 99.960             Loss 0.08037
Epoch [134] Training Class Recall: [0.971,0.929,0.961,0.982,0.978,0.986,0.986,0.984,0.991,0.990]
Epoch [134] Testing Results: Prec@1 19.500 Prec@5 66.250             Loss 7.39671
Epoch [134] Testing Class Recall: [0.724,0.222,0.188,0.466,0.112,0.061,0.055,0.071,0.006,0.045]
Epoch [135] Training Results: Prec@1 98.260 Prec@5 99.980             Loss 0.05752
Epoch [135] Training Class Recall: [0.984,0.963,0.958,0.973,0.959,0.993,0.989,0.993,0.997,1.000]
Epoch [135] Testing Results: Prec@1 18.470 Prec@5 65.870             Loss 7.91999
Epoch [135] Testing Class Recall: [0.576,0.249,0.307,0.426,0.087,0.087,0.033,0.024,0.011,0.047]
Epoch [136] Training Results: Prec@1 96.900 Prec@5 100.000             Loss 0.09691
Epoch [136] Training Class Recall: [0.955,0.941,0.946,0.977,0.978,0.982,0.958,0.979,0.985,0.992]
Epoch [136] Testing Results: Prec@1 19.360 Prec@5 62.680             Loss 7.87250
Epoch [136] Testing Class Recall: [0.721,0.222,0.204,0.396,0.179,0.100,0.024,0.067,0.021,0.002]
Epoch [137] Training Results: Prec@1 97.260 Prec@5 99.980             Loss 0.08302
Epoch [137] Training Class Recall: [0.975,0.966,0.955,0.961,0.934,0.986,0.967,0.991,0.988,0.984]
Epoch [137] Testing Results: Prec@1 19.730 Prec@5 67.230             Loss 7.44246
Epoch [137] Testing Class Recall: [0.743,0.214,0.186,0.452,0.154,0.082,0.031,0.051,0.027,0.033]
Epoch [138] Training Results: Prec@1 99.420 Prec@5 100.000             Loss 0.02494
Epoch [138] Training Class Recall: [0.994,0.992,0.979,0.989,0.990,1.000,0.997,0.998,1.000,0.998]
Epoch [138] Testing Results: Prec@1 20.050 Prec@5 65.530             Loss 7.20503
Epoch [138] Testing Class Recall: [0.654,0.280,0.152,0.435,0.220,0.084,0.045,0.070,0.018,0.047]
Epoch [139] Training Results: Prec@1 99.580 Prec@5 100.000             Loss 0.01997
Epoch [139] Training Class Recall: [0.993,0.983,0.997,0.995,1.000,1.000,0.992,1.000,0.998,1.000]
Epoch [139] Testing Results: Prec@1 20.860 Prec@5 66.310             Loss 7.19807
Epoch [139] Testing Class Recall: [0.708,0.307,0.209,0.449,0.164,0.083,0.051,0.060,0.020,0.035]
Epoch [140] Training Results: Prec@1 99.480 Prec@5 100.000             Loss 0.02223
Epoch [140] Training Class Recall: [0.992,0.977,0.991,0.993,0.998,1.000,0.997,1.000,0.998,1.000]
Epoch [140] Testing Results: Prec@1 20.260 Prec@5 67.290             Loss 7.84152
Epoch [140] Testing Class Recall: [0.687,0.254,0.235,0.440,0.195,0.067,0.015,0.061,0.011,0.061]
Epoch [141] Training Results: Prec@1 99.800 Prec@5 100.000             Loss 0.01001
Epoch [141] Training Class Recall: [0.997,0.994,0.991,0.998,1.000,1.000,1.000,1.000,1.000,1.000]
Epoch [141] Testing Results: Prec@1 20.270 Prec@5 65.810             Loss 7.93752
Epoch [141] Testing Class Recall: [0.682,0.270,0.350,0.345,0.164,0.098,0.011,0.039,0.013,0.055]
Epoch [142] Training Results: Prec@1 99.540 Prec@5 100.000             Loss 0.01826
Epoch [142] Training Class Recall: [0.996,0.994,0.988,0.995,0.998,0.979,1.000,1.000,1.000,1.000]
Epoch [142] Testing Results: Prec@1 21.340 Prec@5 65.970             Loss 7.48193
Epoch [142] Testing Class Recall: [0.654,0.304,0.253,0.384,0.233,0.126,0.016,0.078,0.008,0.078]
Epoch [143] Training Results: Prec@1 99.540 Prec@5 100.000             Loss 0.01918
Epoch [143] Training Class Recall: [0.998,0.989,0.991,0.995,0.998,0.993,0.992,0.993,0.998,0.998]
Epoch [143] Testing Results: Prec@1 19.320 Prec@5 67.020             Loss 8.03253
Epoch [143] Testing Class Recall: [0.641,0.080,0.331,0.353,0.159,0.076,0.113,0.058,0.026,0.095]
Epoch [144] Training Results: Prec@1 92.580 Prec@5 99.700             Loss 0.25594
Epoch [144] Training Class Recall: [0.950,0.773,0.907,0.909,0.927,0.943,0.864,0.972,0.961,0.953]
Epoch [144] Testing Results: Prec@1 19.450 Prec@5 64.060             Loss 6.70656
Epoch [144] Testing Class Recall: [0.695,0.182,0.329,0.127,0.219,0.128,0.087,0.115,0.019,0.044]
Epoch [145] Training Results: Prec@1 94.380 Prec@5 99.880             Loss 0.18280
Epoch [145] Training Class Recall: [0.956,0.892,0.887,0.875,0.944,0.954,0.933,0.968,0.979,0.988]
Epoch [145] Testing Results: Prec@1 19.360 Prec@5 63.920             Loss 6.87947
Epoch [145] Testing Class Recall: [0.685,0.104,0.340,0.414,0.090,0.096,0.089,0.046,0.035,0.037]
Epoch [146] Training Results: Prec@1 97.220 Prec@5 99.960             Loss 0.09957
Epoch [146] Training Class Recall: [0.982,0.907,0.940,0.961,0.973,0.984,0.983,0.977,0.985,0.990]
Epoch [146] Testing Results: Prec@1 18.690 Prec@5 65.380             Loss 7.92376
Epoch [146] Testing Class Recall: [0.639,0.174,0.233,0.247,0.325,0.075,0.065,0.069,0.008,0.034]
Epoch [147] Training Results: Prec@1 95.860 Prec@5 100.000             Loss 0.12871
Epoch [147] Training Class Recall: [0.953,0.943,0.919,0.961,0.910,0.984,0.955,0.968,0.981,0.992]
Epoch [147] Testing Results: Prec@1 18.910 Prec@5 66.050             Loss 7.90603
Epoch [147] Testing Class Recall: [0.570,0.130,0.375,0.326,0.226,0.081,0.048,0.065,0.009,0.061]
Epoch [148] Training Results: Prec@1 96.400 Prec@5 99.940             Loss 0.11065
Epoch [148] Training Class Recall: [0.970,0.924,0.946,0.966,0.951,0.984,0.967,0.970,0.959,0.982]
Epoch [148] Testing Results: Prec@1 20.400 Prec@5 66.650             Loss 7.05469
Epoch [148] Testing Class Recall: [0.704,0.224,0.271,0.371,0.104,0.106,0.059,0.140,0.025,0.036]
Epoch [149] Training Results: Prec@1 98.940 Prec@5 100.000             Loss 0.03851
Epoch [149] Training Class Recall: [0.991,0.989,0.961,0.975,0.993,0.989,0.997,1.000,0.997,0.992]
Epoch [149] Testing Results: Prec@1 21.020 Prec@5 65.410             Loss 7.42020
Epoch [149] Testing Class Recall: [0.596,0.343,0.287,0.289,0.198,0.119,0.022,0.084,0.027,0.137]
Epoch [150] Training Results: Prec@1 96.940 Prec@5 99.960             Loss 0.10222
Epoch [150] Training Class Recall: [0.958,0.963,0.878,0.980,0.973,0.979,0.983,0.991,0.986,0.994]
Epoch [150] Testing Results: Prec@1 17.640 Prec@5 62.730             Loss 8.11061
Epoch [150] Testing Class Recall: [0.519,0.169,0.413,0.159,0.139,0.042,0.200,0.036,0.013,0.074]
Epoch [151] Training Results: Prec@1 94.740 Prec@5 99.860             Loss 0.16888
Epoch [151] Training Class Recall: [0.963,0.918,0.863,0.868,0.968,0.952,0.972,0.965,0.967,0.982]
Epoch [151] Testing Results: Prec@1 19.500 Prec@5 67.280             Loss 5.88128
Epoch [151] Testing Class Recall: [0.613,0.110,0.254,0.236,0.298,0.185,0.090,0.084,0.039,0.041]
Epoch [152] Training Results: Prec@1 98.840 Prec@5 100.000             Loss 0.03983
Epoch [152] Training Class Recall: [0.988,0.963,0.967,0.989,0.995,0.998,0.994,0.998,0.988,0.996]
Epoch [152] Testing Results: Prec@1 20.440 Prec@5 67.420             Loss 7.38854
Epoch [152] Testing Class Recall: [0.671,0.213,0.391,0.242,0.252,0.073,0.019,0.067,0.025,0.091]
Epoch [153] Training Results: Prec@1 99.540 Prec@5 100.000             Loss 0.02041
Epoch [153] Training Class Recall: [0.994,0.989,0.994,0.991,1.000,0.998,1.000,0.993,0.997,1.000]
Epoch [153] Testing Results: Prec@1 21.100 Prec@5 67.060             Loss 6.85817
Epoch [153] Testing Class Recall: [0.422,0.251,0.330,0.358,0.119,0.095,0.010,0.093,0.423,0.009]
Epoch [154] Training Results: Prec@1 94.680 Prec@5 99.960             Loss 0.17802
Epoch [154] Training Class Recall: [0.929,0.924,0.937,0.941,0.954,0.975,0.950,0.984,0.925,0.978]
Epoch [154] Testing Results: Prec@1 19.510 Prec@5 65.990             Loss 6.03735
Epoch [154] Testing Class Recall: [0.654,0.296,0.234,0.320,0.162,0.131,0.024,0.056,0.015,0.059]
Epoch [155] Training Results: Prec@1 97.900 Prec@5 99.980             Loss 0.06491
Epoch [155] Training Class Recall: [0.984,0.969,0.937,0.973,0.985,0.986,0.986,0.995,0.969,0.988]
Epoch [155] Testing Results: Prec@1 19.130 Prec@5 65.960             Loss 6.90493
Epoch [155] Testing Class Recall: [0.702,0.151,0.401,0.244,0.122,0.080,0.043,0.044,0.076,0.050]
Epoch [156] Training Results: Prec@1 96.280 Prec@5 99.940             Loss 0.11662
Epoch [156] Training Class Recall: [0.968,0.926,0.928,0.934,0.976,0.977,0.958,0.979,0.976,0.976]
Epoch [156] Testing Results: Prec@1 20.690 Prec@5 67.240             Loss 7.90256
Epoch [156] Testing Class Recall: [0.699,0.168,0.314,0.495,0.110,0.110,0.043,0.098,0.014,0.018]
Epoch [157] Training Results: Prec@1 97.140 Prec@5 100.000             Loss 0.09112
Epoch [157] Training Class Recall: [0.973,0.938,0.919,0.961,0.973,0.989,0.969,0.988,0.986,0.988]
Epoch [157] Testing Results: Prec@1 18.590 Prec@5 67.960             Loss 7.75096
Epoch [157] Testing Class Recall: [0.599,0.184,0.463,0.233,0.159,0.083,0.032,0.019,0.048,0.039]
Epoch [158] Training Results: Prec@1 93.060 Prec@5 99.840             Loss 0.23628
Epoch [158] Training Class Recall: [0.929,0.901,0.860,0.914,0.902,0.963,0.964,0.921,0.952,0.972]
Epoch [158] Testing Results: Prec@1 20.410 Prec@5 66.880             Loss 6.27198
Epoch [158] Testing Class Recall: [0.679,0.150,0.230,0.289,0.264,0.105,0.014,0.138,0.116,0.056]
Epoch [159] Training Results: Prec@1 93.180 Prec@5 99.960             Loss 0.21713
Epoch [159] Training Class Recall: [0.958,0.841,0.854,0.882,0.885,0.975,0.972,0.972,0.942,0.957]
Epoch [159] Testing Results: Prec@1 19.400 Prec@5 67.640             Loss 7.04609
Epoch [159] Testing Class Recall: [0.742,0.148,0.340,0.301,0.093,0.048,0.047,0.118,0.035,0.068]
Epoch [160] Training Results: Prec@1 97.660 Prec@5 100.000             Loss 0.08146
Epoch [160] Training Class Recall: [0.977,0.943,0.964,0.961,0.944,0.984,1.000,1.000,0.991,0.988]
Epoch [160] Testing Results: Prec@1 19.490 Prec@5 68.000             Loss 7.03424
Epoch [160] Testing Class Recall: [0.748,0.163,0.357,0.275,0.096,0.052,0.037,0.093,0.038,0.090]
Epoch [161] Training Results: Prec@1 97.960 Prec@5 100.000             Loss 0.06578
Epoch [161] Training Class Recall: [0.978,0.949,0.952,0.966,0.961,0.979,1.000,1.000,0.998,0.996]
Epoch [161] Testing Results: Prec@1 19.920 Prec@5 67.760             Loss 7.09668
Epoch [161] Testing Class Recall: [0.732,0.164,0.353,0.311,0.127,0.063,0.024,0.097,0.037,0.084]
Epoch [162] Training Results: Prec@1 98.360 Prec@5 100.000             Loss 0.06422
Epoch [162] Training Class Recall: [0.984,0.963,0.952,0.968,0.980,0.984,0.997,1.000,0.997,0.996]
Epoch [162] Testing Results: Prec@1 19.830 Prec@5 67.640             Loss 7.06691
Epoch [162] Testing Class Recall: [0.736,0.147,0.347,0.325,0.127,0.067,0.027,0.086,0.042,0.079]
Epoch [163] Training Results: Prec@1 98.600 Prec@5 100.000             Loss 0.05591
Epoch [163] Training Class Recall: [0.986,0.966,0.967,0.977,0.976,0.989,1.000,1.000,1.000,0.988]
Epoch [163] Testing Results: Prec@1 19.840 Prec@5 67.830             Loss 7.02826
Epoch [163] Testing Class Recall: [0.735,0.145,0.332,0.339,0.125,0.064,0.025,0.083,0.043,0.093]
Epoch [164] Training Results: Prec@1 98.800 Prec@5 99.980             Loss 0.05108
Epoch [164] Training Class Recall: [0.984,0.975,0.958,0.986,0.988,1.000,1.000,0.998,0.998,0.990]
Epoch [164] Testing Results: Prec@1 20.210 Prec@5 67.940             Loss 6.81511
Epoch [164] Testing Class Recall: [0.712,0.159,0.287,0.353,0.170,0.070,0.027,0.095,0.047,0.101]
Epoch [165] Training Results: Prec@1 98.840 Prec@5 100.000             Loss 0.04847
Epoch [165] Training Class Recall: [0.989,0.972,0.964,0.977,0.990,0.995,0.997,1.000,0.997,0.992]
Epoch [165] Testing Results: Prec@1 19.820 Prec@5 67.960             Loss 7.16822
Epoch [165] Testing Class Recall: [0.741,0.159,0.304,0.349,0.134,0.066,0.022,0.075,0.039,0.093]
Epoch [166] Training Results: Prec@1 98.960 Prec@5 100.000             Loss 0.04360
Epoch [166] Training Class Recall: [0.990,0.969,0.976,0.982,0.976,0.998,1.000,1.000,1.000,0.996]
Epoch [166] Testing Results: Prec@1 20.120 Prec@5 68.090             Loss 6.91008
Epoch [166] Testing Class Recall: [0.718,0.173,0.324,0.341,0.134,0.079,0.024,0.084,0.037,0.098]
Epoch [167] Training Results: Prec@1 99.220 Prec@5 100.000             Loss 0.03723
Epoch [167] Training Class Recall: [0.988,0.983,0.985,0.984,0.990,0.998,1.000,1.000,0.998,0.998]
Epoch [167] Testing Results: Prec@1 20.320 Prec@5 68.040             Loss 6.80326
Epoch [167] Testing Class Recall: [0.697,0.178,0.274,0.383,0.191,0.071,0.025,0.083,0.036,0.094]
Epoch [168] Training Results: Prec@1 99.160 Prec@5 100.000             Loss 0.04183
Epoch [168] Training Class Recall: [0.989,0.969,0.973,0.991,0.998,0.993,1.000,1.000,1.000,0.998]
Epoch [168] Testing Results: Prec@1 20.170 Prec@5 67.940             Loss 7.03759
Epoch [168] Testing Class Recall: [0.720,0.170,0.285,0.367,0.159,0.072,0.020,0.093,0.041,0.090]
Epoch [169] Training Results: Prec@1 99.220 Prec@5 100.000             Loss 0.03770
Epoch [169] Training Class Recall: [0.992,0.980,0.967,0.989,0.990,0.998,1.000,0.998,0.998,1.000]
Epoch [169] Testing Results: Prec@1 20.320 Prec@5 67.610             Loss 6.93787
Epoch [169] Testing Class Recall: [0.754,0.179,0.295,0.338,0.168,0.071,0.022,0.080,0.042,0.083]
Epoch [170] Training Results: Prec@1 99.320 Prec@5 100.000             Loss 0.03493
Epoch [170] Training Class Recall: [0.992,0.980,0.970,0.991,0.995,0.995,1.000,1.000,1.000,1.000]
Epoch [170] Testing Results: Prec@1 19.940 Prec@5 67.620             Loss 7.10013
Epoch [170] Testing Class Recall: [0.735,0.160,0.288,0.333,0.163,0.067,0.021,0.088,0.037,0.102]
Epoch [171] Training Results: Prec@1 99.260 Prec@5 100.000             Loss 0.03577
Epoch [171] Training Class Recall: [0.986,0.989,0.976,0.991,0.998,0.995,1.000,0.998,1.000,0.998]
Epoch [171] Testing Results: Prec@1 20.190 Prec@5 67.680             Loss 6.99379
Epoch [171] Testing Class Recall: [0.699,0.179,0.312,0.367,0.160,0.069,0.017,0.083,0.034,0.099]
Epoch [172] Training Results: Prec@1 99.480 Prec@5 100.000             Loss 0.03167
Epoch [172] Training Class Recall: [0.995,0.989,0.976,0.995,0.993,0.995,1.000,0.998,1.000,1.000]
Epoch [172] Testing Results: Prec@1 20.460 Prec@5 67.460             Loss 6.92566
Epoch [172] Testing Class Recall: [0.725,0.179,0.295,0.368,0.177,0.076,0.018,0.071,0.044,0.093]
Epoch [173] Training Results: Prec@1 99.520 Prec@5 100.000             Loss 0.03029
Epoch [173] Training Class Recall: [0.995,0.983,0.985,0.998,0.998,0.993,0.994,1.000,1.000,1.000]
Epoch [173] Testing Results: Prec@1 20.270 Prec@5 67.370             Loss 6.91501
Epoch [173] Testing Class Recall: [0.718,0.191,0.276,0.375,0.175,0.073,0.017,0.063,0.043,0.096]
Epoch [174] Training Results: Prec@1 99.400 Prec@5 100.000             Loss 0.03352
Epoch [174] Training Class Recall: [0.992,0.983,0.988,0.991,0.990,0.998,0.997,1.000,0.998,1.000]
Epoch [174] Testing Results: Prec@1 20.140 Prec@5 67.660             Loss 7.06434
Epoch [174] Testing Class Recall: [0.707,0.178,0.329,0.352,0.152,0.069,0.023,0.070,0.034,0.100]
Epoch [175] Training Results: Prec@1 99.320 Prec@5 100.000             Loss 0.03162
Epoch [175] Training Class Recall: [0.990,0.983,0.979,0.993,0.990,1.000,1.000,1.000,0.997,0.998]
Epoch [175] Testing Results: Prec@1 20.370 Prec@5 67.500             Loss 6.89570
Epoch [175] Testing Class Recall: [0.705,0.173,0.295,0.375,0.200,0.061,0.019,0.079,0.031,0.099]
Epoch [176] Training Results: Prec@1 99.140 Prec@5 100.000             Loss 0.03838
Epoch [176] Training Class Recall: [0.985,0.977,0.973,0.991,0.998,1.000,1.000,0.998,0.998,0.996]
Epoch [176] Testing Results: Prec@1 20.500 Prec@5 67.880             Loss 6.94690
Epoch [176] Testing Class Recall: [0.710,0.184,0.288,0.375,0.184,0.075,0.020,0.081,0.039,0.094]
Epoch [177] Training Results: Prec@1 99.240 Prec@5 100.000             Loss 0.03375
Epoch [177] Training Class Recall: [0.989,0.986,0.982,0.993,0.993,0.993,0.997,0.998,0.997,0.998]
Epoch [177] Testing Results: Prec@1 20.170 Prec@5 67.920             Loss 6.99397
Epoch [177] Testing Class Recall: [0.743,0.172,0.282,0.356,0.151,0.076,0.022,0.074,0.045,0.096]
Epoch [178] Training Results: Prec@1 99.540 Prec@5 100.000             Loss 0.02967
Epoch [178] Training Class Recall: [0.992,0.989,0.982,0.993,1.000,1.000,1.000,1.000,1.000,0.998]
Epoch [178] Testing Results: Prec@1 20.420 Prec@5 67.840             Loss 6.92541
Epoch [178] Testing Class Recall: [0.700,0.189,0.267,0.399,0.179,0.065,0.023,0.076,0.042,0.102]
Epoch [179] Training Results: Prec@1 99.380 Prec@5 100.000             Loss 0.02934
Epoch [179] Training Class Recall: [0.990,0.980,0.982,0.998,0.998,1.000,1.000,0.995,0.998,0.998]
Epoch [179] Testing Results: Prec@1 20.530 Prec@5 68.030             Loss 7.04283
Epoch [179] Testing Class Recall: [0.694,0.187,0.298,0.372,0.177,0.077,0.022,0.076,0.036,0.114]
Epoch [180] Training Results: Prec@1 99.500 Prec@5 100.000             Loss 0.03108
Epoch [180] Training Class Recall: [0.994,0.980,0.985,0.993,1.000,1.000,1.000,1.000,0.997,0.998]
Epoch [180] Testing Results: Prec@1 20.600 Prec@5 67.800             Loss 6.97483
Epoch [180] Testing Class Recall: [0.689,0.201,0.282,0.392,0.199,0.076,0.017,0.075,0.032,0.097]
Epoch [181] Training Results: Prec@1 99.260 Prec@5 100.000             Loss 0.03130
Epoch [181] Training Class Recall: [0.988,0.980,0.985,0.993,0.990,0.995,1.000,1.000,0.998,0.998]
Epoch [181] Testing Results: Prec@1 20.610 Prec@5 67.860             Loss 6.92678
Epoch [181] Testing Class Recall: [0.717,0.181,0.279,0.350,0.214,0.073,0.021,0.090,0.038,0.098]
Epoch [182] Training Results: Prec@1 99.340 Prec@5 100.000             Loss 0.02990
Epoch [182] Training Class Recall: [0.995,0.980,0.973,0.986,0.995,0.995,1.000,0.998,1.000,1.000]
Epoch [182] Testing Results: Prec@1 20.760 Prec@5 67.750             Loss 6.89646
Epoch [182] Testing Class Recall: [0.711,0.206,0.317,0.352,0.180,0.079,0.021,0.078,0.041,0.091]
Epoch [183] Training Results: Prec@1 99.440 Prec@5 100.000             Loss 0.03058
Epoch [183] Training Class Recall: [0.990,0.980,0.979,1.000,0.998,1.000,0.997,1.000,1.000,0.998]
Epoch [183] Testing Results: Prec@1 20.480 Prec@5 67.510             Loss 6.93432
Epoch [183] Testing Class Recall: [0.659,0.191,0.314,0.369,0.199,0.072,0.022,0.082,0.032,0.108]
Epoch [184] Training Results: Prec@1 99.500 Prec@5 100.000             Loss 0.02881
Epoch [184] Training Class Recall: [0.991,0.992,0.976,0.991,1.000,1.000,1.000,1.000,1.000,1.000]
Epoch [184] Testing Results: Prec@1 20.590 Prec@5 68.230             Loss 6.91325
Epoch [184] Testing Class Recall: [0.696,0.189,0.270,0.398,0.189,0.080,0.023,0.079,0.034,0.101]
Epoch [185] Training Results: Prec@1 99.300 Prec@5 100.000             Loss 0.03042
Epoch [185] Training Class Recall: [0.993,0.975,0.982,0.991,0.993,0.993,0.997,1.000,0.998,1.000]
Epoch [185] Testing Results: Prec@1 20.370 Prec@5 67.780             Loss 6.95024
Epoch [185] Testing Class Recall: [0.672,0.190,0.291,0.370,0.197,0.068,0.023,0.076,0.035,0.115]
Epoch [186] Training Results: Prec@1 99.520 Prec@5 100.000             Loss 0.02821
Epoch [186] Training Class Recall: [0.991,0.992,0.979,0.995,1.000,0.998,1.000,0.998,1.000,1.000]
Epoch [186] Testing Results: Prec@1 20.610 Prec@5 67.640             Loss 6.93832
Epoch [186] Testing Class Recall: [0.688,0.194,0.279,0.371,0.211,0.071,0.022,0.086,0.036,0.103]
Epoch [187] Training Results: Prec@1 99.500 Prec@5 100.000             Loss 0.02820
Epoch [187] Training Class Recall: [0.992,0.986,0.991,0.993,0.995,0.993,1.000,1.000,1.000,1.000]
Epoch [187] Testing Results: Prec@1 20.450 Prec@5 67.510             Loss 6.97783
Epoch [187] Testing Class Recall: [0.683,0.194,0.277,0.401,0.190,0.071,0.022,0.074,0.030,0.103]
Epoch [188] Training Results: Prec@1 99.480 Prec@5 100.000             Loss 0.02791
Epoch [188] Training Class Recall: [0.993,0.986,0.988,0.993,1.000,0.995,1.000,0.998,0.997,0.998]
Epoch [188] Testing Results: Prec@1 20.390 Prec@5 67.770             Loss 7.01586
Epoch [188] Testing Class Recall: [0.675,0.187,0.287,0.387,0.202,0.059,0.023,0.095,0.027,0.097]
Epoch [189] Training Results: Prec@1 99.480 Prec@5 100.000             Loss 0.02952
Epoch [189] Training Class Recall: [0.994,0.980,0.985,0.989,0.998,0.998,1.000,1.000,1.000,1.000]
Epoch [189] Testing Results: Prec@1 20.310 Prec@5 67.940             Loss 7.03076
Epoch [189] Testing Class Recall: [0.681,0.168,0.290,0.389,0.180,0.074,0.019,0.083,0.040,0.107]
Epoch [190] Training Results: Prec@1 99.440 Prec@5 100.000             Loss 0.02808
Epoch [190] Training Class Recall: [0.992,0.989,0.985,0.986,0.998,1.000,1.000,0.998,0.998,0.998]
Epoch [190] Testing Results: Prec@1 20.500 Prec@5 67.830             Loss 6.94692
Epoch [190] Testing Class Recall: [0.695,0.189,0.283,0.382,0.192,0.066,0.018,0.090,0.032,0.103]
Epoch [191] Training Results: Prec@1 99.520 Prec@5 100.000             Loss 0.02835
Epoch [191] Training Class Recall: [0.997,0.986,0.985,0.993,0.995,0.993,1.000,1.000,0.997,1.000]
Epoch [191] Testing Results: Prec@1 20.440 Prec@5 67.980             Loss 6.94508
Epoch [191] Testing Class Recall: [0.688,0.183,0.272,0.382,0.208,0.075,0.023,0.083,0.027,0.103]
Epoch [192] Training Results: Prec@1 99.460 Prec@5 100.000             Loss 0.02908
Epoch [192] Training Class Recall: [0.992,0.977,0.982,0.995,1.000,1.000,1.000,0.998,0.998,1.000]
Epoch [192] Testing Results: Prec@1 20.210 Prec@5 67.770             Loss 7.13295
Epoch [192] Testing Class Recall: [0.685,0.157,0.277,0.390,0.193,0.070,0.022,0.088,0.034,0.105]
Epoch [193] Training Results: Prec@1 99.380 Prec@5 100.000             Loss 0.02890
Epoch [193] Training Class Recall: [0.991,0.983,0.979,0.989,0.998,1.000,1.000,0.998,0.998,1.000]
Epoch [193] Testing Results: Prec@1 20.500 Prec@5 68.050             Loss 7.01569
Epoch [193] Testing Class Recall: [0.688,0.183,0.275,0.424,0.159,0.078,0.022,0.075,0.040,0.106]
Epoch [194] Training Results: Prec@1 99.480 Prec@5 100.000             Loss 0.03003
Epoch [194] Training Class Recall: [0.993,0.980,0.985,1.000,0.995,0.998,0.997,0.998,1.000,0.998]
Epoch [194] Testing Results: Prec@1 20.280 Prec@5 67.310             Loss 6.98699
Epoch [194] Testing Class Recall: [0.683,0.184,0.305,0.371,0.193,0.072,0.019,0.071,0.039,0.091]
Epoch [195] Training Results: Prec@1 99.620 Prec@5 100.000             Loss 0.02677
Epoch [195] Training Class Recall: [0.998,0.994,0.985,0.993,1.000,0.993,1.000,0.993,1.000,0.998]
Epoch [195] Testing Results: Prec@1 20.310 Prec@5 68.400             Loss 6.96439
Epoch [195] Testing Class Recall: [0.715,0.197,0.278,0.361,0.160,0.070,0.025,0.080,0.041,0.104]
Epoch [196] Training Results: Prec@1 99.340 Prec@5 100.000             Loss 0.02838
Epoch [196] Training Class Recall: [0.989,0.992,0.979,0.993,0.990,0.998,0.997,1.000,0.998,1.000]
Epoch [196] Testing Results: Prec@1 20.600 Prec@5 67.950             Loss 6.93473
Epoch [196] Testing Class Recall: [0.686,0.202,0.270,0.390,0.197,0.069,0.019,0.087,0.032,0.108]
Epoch [197] Training Results: Prec@1 99.540 Prec@5 100.000             Loss 0.02776
Epoch [197] Training Class Recall: [0.992,0.992,0.985,0.993,0.998,1.000,0.997,1.000,0.998,1.000]
Epoch [197] Testing Results: Prec@1 20.470 Prec@5 67.880             Loss 7.05336
Epoch [197] Testing Class Recall: [0.731,0.180,0.267,0.375,0.191,0.079,0.019,0.072,0.037,0.096]
Epoch [198] Training Results: Prec@1 99.440 Prec@5 100.000             Loss 0.02949
Epoch [198] Training Class Recall: [0.990,0.980,0.982,1.000,0.993,0.998,1.000,1.000,1.000,1.000]
Epoch [198] Testing Results: Prec@1 20.270 Prec@5 67.580             Loss 6.97001
Epoch [198] Testing Class Recall: [0.698,0.185,0.270,0.377,0.169,0.077,0.021,0.093,0.047,0.090]
Epoch [199] Training Results: Prec@1 99.360 Prec@5 100.000             Loss 0.03021
Epoch [199] Training Class Recall: [0.992,0.977,0.979,0.991,1.000,0.998,0.997,0.998,0.998,1.000]
Epoch [199] Testing Results: Prec@1 20.350 Prec@5 67.250             Loss 6.96345
Epoch [199] Testing Class Recall: [0.684,0.198,0.283,0.401,0.172,0.071,0.018,0.083,0.032,0.093]
