Log file: cifar10_sava0.1_erm_exp1.0_seed42_20260616_085023.log
Run started: 2026-06-16 08:50:23.122313
Dataset: cifar10
Imbalance type: exp, factor: 1.0
Selection method: sava, ratio: 0.1
Strategy: ERM, epochs: 200
Seed: 42, rand_number: 0
Augmentation: weak
Noise ratio: 0.2
mamix_ratio: 1.0
============================================================

=> No CSV or TensorBoard logging – only console and debug log.
-----------------------------------------------
Class ID   | Original   | Selected   | Keep %  
-----------------------------------------------
0          | 5000       | 1267       |   25.3%
1          | 5000       | 162        |    3.2%
2          | 5000       | 36         |    0.7%
3          | 5000       | 439        |    8.8%
4          | 5000       | 378        |    7.6%
5          | 5000       | 572        |   11.4%
6          | 5000       | 671        |   13.4%
7          | 5000       | 151        |    3.0%
8          | 5000       | 646        |   12.9%
9          | 5000       | 678        |   13.6%
-----------------------------------------------
TOTAL      | 50000      | 5000       |   10.0%
-----------------------------------------------
Epoch [0] Training Results: Prec@1 28.280 Prec@5 82.300 Loss 1.98621
Epoch [0] Training Class Recall: [0.627,0.006,0.000,0.125,0.167,0.103,0.288,0.000,0.159,0.214]
Epoch [0] Testing Results: Prec@1 10.940 Prec@5 51.780 Loss 3.28647
Epoch [0] Testing Class Recall: [0.658,0.084,0.000,0.000,0.000,0.015,0.134,0.000,0.000,0.203]
Epoch [1] Training Results: Prec@1 34.940 Prec@5 89.040 Loss 1.73478
Epoch [1] Training Class Recall: [0.606,0.086,0.000,0.198,0.114,0.259,0.447,0.020,0.229,0.348]
Epoch [1] Testing Results: Prec@1 13.540 Prec@5 59.900 Loss 3.47448
Epoch [1] Testing Class Recall: [0.322,0.000,0.000,0.001,0.169,0.000,0.329,0.000,0.000,0.533]
Epoch [2] Training Results: Prec@1 33.180 Prec@5 90.380 Loss 1.76567
Epoch [2] Training Class Recall: [0.516,0.154,0.000,0.098,0.228,0.253,0.459,0.007,0.238,0.358]
Epoch [2] Testing Results: Prec@1 14.230 Prec@5 60.100 Loss 3.15163
Epoch [2] Testing Class Recall: [0.283,0.065,0.000,0.011,0.001,0.075,0.713,0.054,0.008,0.213]
Epoch [3] Training Results: Prec@1 38.320 Prec@5 90.720 Loss 1.62491
Epoch [3] Training Class Recall: [0.646,0.142,0.000,0.157,0.233,0.269,0.511,0.033,0.197,0.425]
Epoch [3] Testing Results: Prec@1 15.100 Prec@5 58.720 Loss 3.50147
Epoch [3] Testing Class Recall: [0.237,0.005,0.000,0.101,0.000,0.110,0.083,0.014,0.039,0.921]
Epoch [4] Training Results: Prec@1 43.980 Prec@5 93.820 Loss 1.44812
Epoch [4] Training Class Recall: [0.702,0.228,0.000,0.216,0.204,0.327,0.571,0.007,0.231,0.560]
Epoch [4] Testing Results: Prec@1 11.370 Prec@5 56.770 Loss 4.11224
Epoch [4] Testing Class Recall: [0.664,0.099,0.000,0.000,0.005,0.045,0.216,0.000,0.005,0.103]
Epoch [5] Training Results: Prec@1 45.980 Prec@5 94.220 Loss 1.39838
Epoch [5] Training Class Recall: [0.676,0.272,0.000,0.089,0.267,0.421,0.627,0.000,0.319,0.575]
Epoch [5] Testing Results: Prec@1 15.440 Prec@5 56.970 Loss 3.57332
Epoch [5] Testing Class Recall: [0.237,0.082,0.000,0.002,0.027,0.168,0.360,0.000,0.209,0.459]
Epoch [6] Training Results: Prec@1 47.180 Prec@5 94.780 Loss 1.36567
Epoch [6] Training Class Recall: [0.660,0.191,0.000,0.116,0.291,0.400,0.623,0.000,0.376,0.650]
Epoch [6] Testing Results: Prec@1 13.080 Prec@5 59.170 Loss 3.20213
Epoch [6] Testing Class Recall: [0.344,0.141,0.000,0.014,0.369,0.087,0.160,0.000,0.011,0.182]
Epoch [7] Training Results: Prec@1 45.540 Prec@5 94.860 Loss 1.40896
Epoch [7] Training Class Recall: [0.746,0.296,0.000,0.064,0.254,0.376,0.613,0.026,0.260,0.534]
Epoch [7] Testing Results: Prec@1 16.350 Prec@5 63.020 Loss 3.03340
Epoch [7] Testing Class Recall: [0.250,0.169,0.000,0.004,0.139,0.564,0.297,0.000,0.146,0.066]
Epoch [8] Training Results: Prec@1 48.440 Prec@5 94.900 Loss 1.35300
Epoch [8] Training Class Recall: [0.706,0.198,0.000,0.087,0.349,0.462,0.645,0.013,0.353,0.588]
Epoch [8] Testing Results: Prec@1 19.850 Prec@5 62.510 Loss 3.19916
Epoch [8] Testing Class Recall: [0.401,0.154,0.000,0.004,0.038,0.367,0.511,0.000,0.214,0.296]
Epoch [9] Training Results: Prec@1 54.020 Prec@5 95.740 Loss 1.23724
Epoch [9] Training Class Recall: [0.711,0.278,0.000,0.087,0.415,0.549,0.681,0.013,0.494,0.690]
Epoch [9] Testing Results: Prec@1 19.630 Prec@5 64.960 Loss 3.01729
Epoch [9] Testing Class Recall: [0.457,0.089,0.000,0.016,0.087,0.539,0.318,0.000,0.176,0.281]
Epoch [10] Training Results: Prec@1 57.100 Prec@5 96.420 Loss 1.16478
Epoch [10] Training Class Recall: [0.753,0.284,0.000,0.112,0.484,0.598,0.700,0.013,0.534,0.684]
Epoch [10] Testing Results: Prec@1 17.910 Prec@5 57.760 Loss 3.92518
Epoch [10] Testing Class Recall: [0.169,0.246,0.000,0.020,0.043,0.166,0.349,0.000,0.426,0.372]
Epoch [11] Training Results: Prec@1 59.660 Prec@5 96.820 Loss 1.11011
Epoch [11] Training Class Recall: [0.777,0.370,0.000,0.116,0.566,0.554,0.735,0.000,0.570,0.732]
Epoch [11] Testing Results: Prec@1 20.940 Prec@5 64.960 Loss 3.68015
Epoch [11] Testing Class Recall: [0.538,0.110,0.000,0.039,0.054,0.252,0.355,0.004,0.238,0.504]
Epoch [12] Training Results: Prec@1 58.220 Prec@5 96.420 Loss 1.12847
Epoch [12] Training Class Recall: [0.752,0.333,0.000,0.118,0.534,0.591,0.681,0.026,0.568,0.714]
Epoch [12] Testing Results: Prec@1 20.770 Prec@5 62.630 Loss 4.18096
Epoch [12] Testing Class Recall: [0.255,0.096,0.000,0.001,0.039,0.065,0.713,0.000,0.428,0.480]
Epoch [13] Training Results: Prec@1 54.920 Prec@5 96.260 Loss 1.22048
Epoch [13] Training Class Recall: [0.716,0.302,0.000,0.187,0.444,0.545,0.708,0.000,0.471,0.662]
Epoch [13] Testing Results: Prec@1 21.740 Prec@5 64.390 Loss 3.88939
Epoch [13] Testing Class Recall: [0.458,0.119,0.000,0.003,0.074,0.276,0.133,0.053,0.417,0.641]
Epoch [14] Training Results: Prec@1 54.560 Prec@5 95.960 Loss 1.22447
Epoch [14] Training Class Recall: [0.747,0.253,0.000,0.132,0.447,0.479,0.705,0.000,0.481,0.673]
Epoch [14] Testing Results: Prec@1 24.310 Prec@5 66.130 Loss 3.01163
Epoch [14] Testing Class Recall: [0.368,0.133,0.000,0.029,0.087,0.569,0.504,0.003,0.166,0.572]
Epoch [15] Training Results: Prec@1 61.480 Prec@5 97.320 Loss 1.04446
Epoch [15] Training Class Recall: [0.786,0.352,0.000,0.189,0.516,0.586,0.754,0.046,0.622,0.727]
Epoch [15] Testing Results: Prec@1 27.610 Prec@5 69.280 Loss 3.42594
Epoch [15] Testing Class Recall: [0.171,0.064,0.000,0.015,0.033,0.633,0.556,0.001,0.419,0.869]
Epoch [16] Training Results: Prec@1 63.620 Prec@5 97.580 Loss 0.98741
Epoch [16] Training Class Recall: [0.788,0.358,0.000,0.241,0.593,0.640,0.748,0.026,0.633,0.757]
Epoch [16] Testing Results: Prec@1 24.170 Prec@5 68.980 Loss 3.31994
Epoch [16] Testing Class Recall: [0.519,0.087,0.005,0.014,0.117,0.268,0.725,0.007,0.329,0.346]
Epoch [17] Training Results: Prec@1 64.520 Prec@5 98.240 Loss 0.96589
Epoch [17] Training Class Recall: [0.813,0.358,0.000,0.185,0.638,0.649,0.759,0.093,0.646,0.745]
Epoch [17] Testing Results: Prec@1 24.230 Prec@5 70.050 Loss 3.78515
Epoch [17] Testing Class Recall: [0.340,0.134,0.000,0.086,0.175,0.307,0.427,0.091,0.017,0.846]
Epoch [18] Training Results: Prec@1 64.120 Prec@5 98.000 Loss 0.98475
Epoch [18] Training Class Recall: [0.815,0.407,0.083,0.230,0.619,0.636,0.727,0.093,0.627,0.736]
Epoch [18] Testing Results: Prec@1 22.880 Prec@5 67.080 Loss 4.02098
Epoch [18] Testing Class Recall: [0.160,0.062,0.001,0.011,0.142,0.248,0.773,0.048,0.256,0.587]
Epoch [19] Training Results: Prec@1 64.680 Prec@5 97.880 Loss 0.98242
Epoch [19] Training Class Recall: [0.796,0.346,0.000,0.219,0.630,0.633,0.775,0.066,0.653,0.770]
Epoch [19] Testing Results: Prec@1 26.700 Prec@5 66.680 Loss 3.92315
Epoch [19] Testing Class Recall: [0.496,0.128,0.006,0.026,0.036,0.401,0.586,0.050,0.231,0.710]
Epoch [20] Training Results: Prec@1 69.200 Prec@5 98.120 Loss 0.84981
Epoch [20] Training Class Recall: [0.835,0.463,0.333,0.292,0.656,0.678,0.788,0.146,0.721,0.788]
Epoch [20] Testing Results: Prec@1 26.580 Prec@5 69.110 Loss 3.58424
Epoch [20] Testing Class Recall: [0.516,0.252,0.000,0.028,0.150,0.155,0.279,0.044,0.513,0.721]
Epoch [21] Training Results: Prec@1 68.100 Prec@5 98.140 Loss 0.89378
Epoch [21] Training Class Recall: [0.840,0.457,0.056,0.301,0.659,0.629,0.765,0.093,0.711,0.794]
Epoch [21] Testing Results: Prec@1 29.200 Prec@5 72.040 Loss 3.16578
Epoch [21] Testing Class Recall: [0.336,0.546,0.000,0.029,0.237,0.580,0.550,0.016,0.452,0.174]
Epoch [22] Training Results: Prec@1 68.180 Prec@5 98.120 Loss 0.87816
Epoch [22] Training Class Recall: [0.829,0.488,0.000,0.314,0.714,0.635,0.753,0.073,0.718,0.780]
Epoch [22] Testing Results: Prec@1 26.170 Prec@5 69.590 Loss 3.23639
Epoch [22] Testing Class Recall: [0.427,0.222,0.002,0.097,0.106,0.472,0.431,0.029,0.447,0.384]
Epoch [23] Training Results: Prec@1 70.620 Prec@5 98.200 Loss 0.82319
Epoch [23] Training Class Recall: [0.843,0.531,0.167,0.301,0.685,0.678,0.815,0.139,0.737,0.808]
Epoch [23] Testing Results: Prec@1 30.910 Prec@5 73.090 Loss 3.08453
Epoch [23] Testing Class Recall: [0.257,0.281,0.000,0.262,0.224,0.182,0.501,0.185,0.575,0.624]
Epoch [24] Training Results: Prec@1 72.300 Prec@5 98.440 Loss 0.78866
Epoch [24] Training Class Recall: [0.874,0.481,0.000,0.380,0.725,0.663,0.796,0.179,0.782,0.802]
Epoch [24] Testing Results: Prec@1 29.020 Prec@5 71.880 Loss 3.32215
Epoch [24] Testing Class Recall: [0.378,0.090,0.001,0.464,0.110,0.301,0.505,0.053,0.437,0.563]
Epoch [25] Training Results: Prec@1 71.060 Prec@5 98.320 Loss 0.79879
Epoch [25] Training Class Recall: [0.864,0.475,0.083,0.346,0.714,0.635,0.773,0.139,0.774,0.816]
Epoch [25] Testing Results: Prec@1 31.670 Prec@5 73.500 Loss 2.92120
Epoch [25] Testing Class Recall: [0.439,0.214,0.004,0.268,0.218,0.463,0.699,0.183,0.410,0.269]
Epoch [26] Training Results: Prec@1 73.880 Prec@5 98.700 Loss 0.70898
Epoch [26] Training Class Recall: [0.868,0.580,0.111,0.412,0.751,0.685,0.794,0.245,0.810,0.805]
Epoch [26] Testing Results: Prec@1 24.350 Prec@5 68.280 Loss 3.74102
Epoch [26] Testing Class Recall: [0.446,0.233,0.032,0.135,0.047,0.149,0.766,0.015,0.336,0.276]
Epoch [27] Training Results: Prec@1 73.520 Prec@5 98.540 Loss 0.74946
Epoch [27] Training Class Recall: [0.860,0.568,0.139,0.428,0.696,0.684,0.797,0.298,0.796,0.816]
Epoch [27] Testing Results: Prec@1 35.610 Prec@5 73.990 Loss 3.32598
Epoch [27] Testing Class Recall: [0.527,0.342,0.000,0.032,0.115,0.496,0.510,0.352,0.611,0.576]
Epoch [28] Training Results: Prec@1 73.320 Prec@5 98.500 Loss 0.75726
Epoch [28] Training Class Recall: [0.853,0.568,0.056,0.437,0.714,0.692,0.806,0.338,0.768,0.804]
Epoch [28] Testing Results: Prec@1 30.660 Prec@5 69.890 Loss 3.33560
Epoch [28] Testing Class Recall: [0.326,0.228,0.000,0.093,0.108,0.840,0.180,0.331,0.456,0.504]
Epoch [29] Training Results: Prec@1 75.200 Prec@5 99.080 Loss 0.68238
Epoch [29] Training Class Recall: [0.885,0.617,0.083,0.465,0.720,0.668,0.809,0.305,0.808,0.836]
Epoch [29] Testing Results: Prec@1 33.000 Prec@5 75.250 Loss 3.46001
Epoch [29] Testing Class Recall: [0.227,0.139,0.004,0.063,0.226,0.564,0.609,0.133,0.559,0.776]
Epoch [30] Training Results: Prec@1 75.560 Prec@5 98.640 Loss 0.70002
Epoch [30] Training Class Recall: [0.857,0.679,0.139,0.472,0.725,0.706,0.827,0.305,0.786,0.860]
Epoch [30] Testing Results: Prec@1 29.950 Prec@5 71.060 Loss 3.96070
Epoch [30] Testing Class Recall: [0.478,0.106,0.003,0.049,0.110,0.471,0.634,0.066,0.265,0.813]
Epoch [31] Training Results: Prec@1 75.200 Prec@5 99.020 Loss 0.68622
Epoch [31] Training Class Recall: [0.874,0.636,0.111,0.446,0.698,0.698,0.785,0.397,0.816,0.845]
Epoch [31] Testing Results: Prec@1 30.760 Prec@5 73.470 Loss 3.67982
Epoch [31] Testing Class Recall: [0.517,0.186,0.005,0.203,0.152,0.521,0.398,0.045,0.304,0.745]
Epoch [32] Training Results: Prec@1 78.440 Prec@5 99.080 Loss 0.61305
Epoch [32] Training Class Recall: [0.909,0.716,0.250,0.506,0.759,0.731,0.808,0.278,0.854,0.858]
Epoch [32] Testing Results: Prec@1 29.170 Prec@5 69.630 Loss 4.45010
Epoch [32] Testing Class Recall: [0.509,0.118,0.007,0.034,0.116,0.548,0.222,0.195,0.396,0.772]
Epoch [33] Training Results: Prec@1 77.560 Prec@5 99.040 Loss 0.64191
Epoch [33] Training Class Recall: [0.897,0.660,0.222,0.528,0.751,0.710,0.793,0.397,0.842,0.838]
Epoch [33] Testing Results: Prec@1 34.510 Prec@5 74.750 Loss 3.21963
Epoch [33] Testing Class Recall: [0.352,0.225,0.005,0.151,0.172,0.757,0.509,0.274,0.290,0.716]
Epoch [34] Training Results: Prec@1 78.640 Prec@5 99.180 Loss 0.61374
Epoch [34] Training Class Recall: [0.900,0.728,0.389,0.526,0.759,0.745,0.815,0.397,0.820,0.854]
Epoch [34] Testing Results: Prec@1 34.240 Prec@5 77.380 Loss 3.12657
Epoch [34] Testing Class Recall: [0.511,0.350,0.000,0.223,0.244,0.281,0.667,0.303,0.282,0.563]
Epoch [35] Training Results: Prec@1 77.980 Prec@5 99.100 Loss 0.63468
Epoch [35] Training Class Recall: [0.891,0.716,0.333,0.519,0.780,0.717,0.808,0.391,0.813,0.860]
Epoch [35] Testing Results: Prec@1 34.550 Prec@5 74.790 Loss 3.03682
Epoch [35] Testing Class Recall: [0.517,0.701,0.024,0.135,0.107,0.365,0.646,0.134,0.587,0.239]
Epoch [36] Training Results: Prec@1 77.520 Prec@5 99.340 Loss 0.62101
Epoch [36] Training Class Recall: [0.880,0.716,0.250,0.574,0.717,0.696,0.823,0.450,0.834,0.820]
Epoch [36] Testing Results: Prec@1 39.780 Prec@5 77.250 Loss 2.70780
Epoch [36] Testing Class Recall: [0.382,0.390,0.017,0.207,0.171,0.632,0.691,0.260,0.645,0.583]
Epoch [37] Training Results: Prec@1 78.940 Prec@5 99.180 Loss 0.58943
Epoch [37] Training Class Recall: [0.895,0.722,0.111,0.510,0.775,0.755,0.832,0.358,0.848,0.860]
Epoch [37] Testing Results: Prec@1 32.560 Prec@5 72.640 Loss 3.55189
Epoch [37] Testing Class Recall: [0.500,0.076,0.018,0.364,0.033,0.648,0.241,0.412,0.362,0.602]
Epoch [38] Training Results: Prec@1 77.700 Prec@5 99.020 Loss 0.63290
Epoch [38] Training Class Recall: [0.880,0.667,0.222,0.563,0.730,0.719,0.826,0.450,0.842,0.817]
Epoch [38] Testing Results: Prec@1 35.520 Prec@5 72.040 Loss 3.84691
Epoch [38] Testing Class Recall: [0.257,0.291,0.003,0.143,0.217,0.419,0.339,0.421,0.553,0.909]
Epoch [39] Training Results: Prec@1 80.720 Prec@5 99.480 Loss 0.53722
Epoch [39] Training Class Recall: [0.918,0.784,0.222,0.542,0.796,0.738,0.839,0.556,0.845,0.861]
Epoch [39] Testing Results: Prec@1 32.950 Prec@5 71.480 Loss 3.74452
Epoch [39] Testing Class Recall: [0.358,0.430,0.025,0.188,0.125,0.489,0.292,0.119,0.561,0.708]
Epoch [40] Training Results: Prec@1 82.260 Prec@5 99.300 Loss 0.49511
Epoch [40] Training Class Recall: [0.921,0.778,0.333,0.604,0.791,0.755,0.864,0.550,0.878,0.858]
Epoch [40] Testing Results: Prec@1 38.120 Prec@5 73.700 Loss 3.47292
Epoch [40] Testing Class Recall: [0.331,0.528,0.002,0.130,0.243,0.714,0.402,0.269,0.392,0.801]
Epoch [41] Training Results: Prec@1 79.920 Prec@5 99.420 Loss 0.54938
Epoch [41] Training Class Recall: [0.903,0.673,0.278,0.585,0.754,0.753,0.844,0.464,0.833,0.864]
Epoch [41] Testing Results: Prec@1 33.060 Prec@5 77.000 Loss 3.62323
Epoch [41] Testing Class Recall: [0.366,0.303,0.007,0.163,0.227,0.466,0.874,0.083,0.425,0.392]
Epoch [42] Training Results: Prec@1 83.580 Prec@5 99.500 Loss 0.45532
Epoch [42] Training Class Recall: [0.923,0.815,0.472,0.649,0.817,0.764,0.869,0.563,0.881,0.875]
Epoch [42] Testing Results: Prec@1 38.490 Prec@5 78.040 Loss 3.07316
Epoch [42] Testing Class Recall: [0.465,0.502,0.016,0.147,0.112,0.767,0.311,0.296,0.526,0.707]
Epoch [43] Training Results: Prec@1 84.640 Prec@5 99.520 Loss 0.43507
Epoch [43] Training Class Recall: [0.944,0.864,0.417,0.633,0.799,0.787,0.866,0.570,0.885,0.903]
Epoch [43] Testing Results: Prec@1 38.450 Prec@5 76.490 Loss 3.26339
Epoch [43] Testing Class Recall: [0.416,0.376,0.041,0.133,0.144,0.691,0.603,0.241,0.506,0.694]
Epoch [44] Training Results: Prec@1 82.320 Prec@5 99.400 Loss 0.49476
Epoch [44] Training Class Recall: [0.911,0.796,0.222,0.590,0.796,0.762,0.855,0.570,0.875,0.891]
Epoch [44] Testing Results: Prec@1 39.430 Prec@5 78.070 Loss 3.17428
Epoch [44] Testing Class Recall: [0.461,0.377,0.063,0.300,0.159,0.403,0.432,0.304,0.603,0.841]
Epoch [45] Training Results: Prec@1 81.920 Prec@5 99.360 Loss 0.52498
Epoch [45] Training Class Recall: [0.912,0.796,0.389,0.613,0.799,0.736,0.841,0.556,0.892,0.857]
Epoch [45] Testing Results: Prec@1 40.040 Prec@5 76.710 Loss 3.33251
Epoch [45] Testing Class Recall: [0.664,0.407,0.006,0.179,0.139,0.507,0.519,0.321,0.422,0.840]
Epoch [46] Training Results: Prec@1 85.140 Prec@5 99.460 Loss 0.43515
Epoch [46] Training Class Recall: [0.935,0.846,0.444,0.667,0.794,0.781,0.873,0.649,0.893,0.912]
Epoch [46] Testing Results: Prec@1 37.820 Prec@5 75.630 Loss 3.53222
Epoch [46] Testing Class Recall: [0.637,0.515,0.013,0.096,0.097,0.619,0.520,0.399,0.279,0.607]
Epoch [47] Training Results: Prec@1 83.520 Prec@5 99.540 Loss 0.46106
Epoch [47] Training Class Recall: [0.917,0.821,0.444,0.631,0.807,0.769,0.870,0.662,0.878,0.873]
Epoch [47] Testing Results: Prec@1 37.280 Prec@5 76.640 Loss 3.45078
Epoch [47] Testing Class Recall: [0.506,0.272,0.010,0.214,0.108,0.779,0.354,0.095,0.532,0.858]
Epoch [48] Training Results: Prec@1 85.820 Prec@5 99.540 Loss 0.40542
Epoch [48] Training Class Recall: [0.920,0.895,0.417,0.711,0.844,0.815,0.879,0.583,0.904,0.894]
Epoch [48] Testing Results: Prec@1 32.970 Prec@5 69.860 Loss 4.11002
Epoch [48] Testing Class Recall: [0.452,0.262,0.015,0.044,0.099,0.554,0.621,0.032,0.591,0.627]
Epoch [49] Training Results: Prec@1 87.680 Prec@5 99.560 Loss 0.36346
Epoch [49] Training Class Recall: [0.953,0.901,0.528,0.706,0.865,0.792,0.909,0.662,0.921,0.909]
Epoch [49] Testing Results: Prec@1 41.650 Prec@5 77.180 Loss 3.46110
Epoch [49] Testing Class Recall: [0.437,0.682,0.019,0.300,0.163,0.521,0.634,0.385,0.300,0.724]
Epoch [50] Training Results: Prec@1 88.020 Prec@5 99.700 Loss 0.33962
Epoch [50] Training Class Recall: [0.947,0.877,0.444,0.718,0.831,0.809,0.912,0.728,0.923,0.934]
Epoch [50] Testing Results: Prec@1 33.200 Prec@5 76.190 Loss 4.74329
Epoch [50] Testing Class Recall: [0.350,0.259,0.025,0.267,0.171,0.554,0.210,0.115,0.458,0.911]
Epoch [51] Training Results: Prec@1 86.320 Prec@5 99.700 Loss 0.38663
Epoch [51] Training Class Recall: [0.932,0.901,0.361,0.699,0.854,0.811,0.891,0.623,0.898,0.900]
Epoch [51] Testing Results: Prec@1 40.350 Prec@5 78.250 Loss 3.12178
Epoch [51] Testing Class Recall: [0.351,0.405,0.024,0.153,0.306,0.366,0.713,0.433,0.595,0.689]
Epoch [52] Training Results: Prec@1 86.300 Prec@5 99.680 Loss 0.39411
Epoch [52] Training Class Recall: [0.938,0.877,0.583,0.702,0.876,0.787,0.873,0.682,0.881,0.909]
Epoch [52] Testing Results: Prec@1 37.780 Prec@5 78.950 Loss 3.92651
Epoch [52] Testing Class Recall: [0.459,0.269,0.009,0.251,0.280,0.268,0.400,0.264,0.652,0.926]
Epoch [53] Training Results: Prec@1 87.560 Prec@5 99.580 Loss 0.36274
Epoch [53] Training Class Recall: [0.942,0.870,0.694,0.690,0.857,0.813,0.899,0.682,0.924,0.919]
Epoch [53] Testing Results: Prec@1 39.600 Prec@5 74.750 Loss 3.76591
Epoch [53] Testing Class Recall: [0.404,0.551,0.018,0.192,0.166,0.558,0.388,0.481,0.425,0.777]
Epoch [54] Training Results: Prec@1 88.320 Prec@5 99.700 Loss 0.33000
Epoch [54] Training Class Recall: [0.947,0.877,0.694,0.745,0.870,0.827,0.918,0.709,0.912,0.897]
Epoch [54] Testing Results: Prec@1 46.300 Prec@5 79.160 Loss 2.92737
Epoch [54] Testing Class Recall: [0.409,0.729,0.044,0.189,0.121,0.739,0.670,0.465,0.596,0.668]
Epoch [55] Training Results: Prec@1 87.600 Prec@5 99.720 Loss 0.37267
Epoch [55] Training Class Recall: [0.935,0.846,0.667,0.743,0.886,0.808,0.902,0.682,0.906,0.912]
Epoch [55] Testing Results: Prec@1 35.640 Prec@5 72.590 Loss 4.21794
Epoch [55] Testing Class Recall: [0.485,0.262,0.059,0.064,0.088,0.579,0.680,0.069,0.445,0.833]
Epoch [56] Training Results: Prec@1 89.460 Prec@5 99.820 Loss 0.30115
Epoch [56] Training Class Recall: [0.946,0.901,0.611,0.724,0.884,0.851,0.923,0.762,0.937,0.928]
Epoch [56] Testing Results: Prec@1 41.170 Prec@5 79.760 Loss 3.25790
Epoch [56] Testing Class Recall: [0.594,0.242,0.053,0.244,0.140,0.502,0.465,0.385,0.633,0.859]
Epoch [57] Training Results: Prec@1 85.540 Prec@5 99.560 Loss 0.40271
Epoch [57] Training Class Recall: [0.917,0.827,0.611,0.699,0.857,0.767,0.902,0.682,0.901,0.883]
Epoch [57] Testing Results: Prec@1 40.090 Prec@5 74.360 Loss 3.32495
Epoch [57] Testing Class Recall: [0.355,0.523,0.027,0.303,0.174,0.581,0.636,0.481,0.350,0.579]
Epoch [58] Training Results: Prec@1 83.740 Prec@5 99.560 Loss 0.44999
Epoch [58] Training Class Recall: [0.909,0.877,0.500,0.665,0.820,0.762,0.864,0.662,0.868,0.879]
Epoch [58] Testing Results: Prec@1 34.390 Prec@5 70.890 Loss 3.88794
Epoch [58] Testing Class Recall: [0.493,0.376,0.024,0.091,0.050,0.490,0.168,0.329,0.514,0.904]
Epoch [59] Training Results: Prec@1 80.220 Prec@5 99.040 Loss 0.58358
Epoch [59] Training Class Recall: [0.893,0.759,0.278,0.606,0.820,0.740,0.800,0.596,0.851,0.842]
Epoch [59] Testing Results: Prec@1 36.200 Prec@5 76.840 Loss 3.44717
Epoch [59] Testing Class Recall: [0.663,0.145,0.066,0.130,0.191,0.661,0.702,0.236,0.309,0.517]
Epoch [60] Training Results: Prec@1 86.500 Prec@5 99.640 Loss 0.38976
Epoch [60] Training Class Recall: [0.932,0.790,0.583,0.677,0.865,0.816,0.887,0.669,0.924,0.901]
Epoch [60] Testing Results: Prec@1 36.360 Prec@5 74.610 Loss 4.47226
Epoch [60] Testing Class Recall: [0.456,0.435,0.014,0.196,0.098,0.942,0.467,0.273,0.301,0.454]
Epoch [61] Training Results: Prec@1 87.380 Prec@5 99.780 Loss 0.34267
Epoch [61] Training Class Recall: [0.938,0.840,0.611,0.713,0.854,0.801,0.893,0.722,0.927,0.917]
Epoch [61] Testing Results: Prec@1 37.980 Prec@5 76.360 Loss 3.28389
Epoch [61] Testing Class Recall: [0.350,0.365,0.030,0.242,0.161,0.654,0.488,0.272,0.634,0.602]
Epoch [62] Training Results: Prec@1 80.700 Prec@5 99.460 Loss 0.56662
Epoch [62] Training Class Recall: [0.888,0.772,0.556,0.672,0.841,0.759,0.864,0.603,0.776,0.805]
Epoch [62] Testing Results: Prec@1 36.350 Prec@5 74.750 Loss 3.53792
Epoch [62] Testing Class Recall: [0.408,0.483,0.014,0.176,0.213,0.387,0.629,0.218,0.442,0.665]
Epoch [63] Training Results: Prec@1 87.560 Prec@5 99.780 Loss 0.35659
Epoch [63] Training Class Recall: [0.935,0.846,0.556,0.724,0.897,0.823,0.908,0.709,0.895,0.906]
Epoch [63] Testing Results: Prec@1 38.890 Prec@5 78.340 Loss 3.27032
Epoch [63] Testing Class Recall: [0.418,0.467,0.018,0.711,0.132,0.349,0.519,0.213,0.442,0.620]
Epoch [64] Training Results: Prec@1 89.400 Prec@5 99.800 Loss 0.31386
Epoch [64] Training Class Recall: [0.957,0.938,0.611,0.752,0.894,0.829,0.908,0.762,0.909,0.931]
Epoch [64] Testing Results: Prec@1 42.360 Prec@5 79.040 Loss 3.34020
Epoch [64] Testing Class Recall: [0.477,0.448,0.038,0.386,0.183,0.611,0.646,0.301,0.369,0.777]
Epoch [65] Training Results: Prec@1 86.320 Prec@5 99.820 Loss 0.39902
Epoch [65] Training Class Recall: [0.923,0.877,0.611,0.738,0.865,0.822,0.876,0.735,0.862,0.894]
Epoch [65] Testing Results: Prec@1 37.190 Prec@5 71.810 Loss 4.37428
Epoch [65] Testing Class Recall: [0.805,0.523,0.003,0.027,0.051,0.582,0.411,0.050,0.590,0.677]
Epoch [66] Training Results: Prec@1 89.180 Prec@5 99.740 Loss 0.30061
Epoch [66] Training Class Recall: [0.961,0.920,0.500,0.736,0.878,0.827,0.893,0.781,0.926,0.931]
Epoch [66] Testing Results: Prec@1 40.500 Prec@5 76.850 Loss 3.83343
Epoch [66] Testing Class Recall: [0.335,0.215,0.014,0.355,0.096,0.638,0.856,0.355,0.415,0.771]
Epoch [67] Training Results: Prec@1 89.320 Prec@5 99.920 Loss 0.30009
Epoch [67] Training Class Recall: [0.942,0.938,0.611,0.774,0.873,0.809,0.934,0.795,0.930,0.912]
Epoch [67] Testing Results: Prec@1 41.190 Prec@5 75.810 Loss 3.54814
Epoch [67] Testing Class Recall: [0.570,0.528,0.015,0.209,0.148,0.716,0.473,0.200,0.587,0.673]
Epoch [68] Training Results: Prec@1 88.940 Prec@5 99.780 Loss 0.32876
Epoch [68] Training Class Recall: [0.949,0.914,0.694,0.749,0.860,0.811,0.897,0.801,0.926,0.934]
Epoch [68] Testing Results: Prec@1 39.440 Prec@5 76.540 Loss 4.19920
Epoch [68] Testing Class Recall: [0.541,0.340,0.038,0.346,0.100,0.422,0.648,0.115,0.540,0.854]
Epoch [69] Training Results: Prec@1 90.820 Prec@5 99.840 Loss 0.26288
Epoch [69] Training Class Recall: [0.952,0.920,0.556,0.768,0.899,0.865,0.920,0.808,0.949,0.947]
Epoch [69] Testing Results: Prec@1 32.570 Prec@5 74.590 Loss 4.98297
Epoch [69] Testing Class Recall: [0.443,0.433,0.039,0.091,0.140,0.787,0.093,0.193,0.173,0.865]
Epoch [70] Training Results: Prec@1 84.820 Prec@5 99.520 Loss 0.44401
Epoch [70] Training Class Recall: [0.918,0.852,0.472,0.688,0.831,0.785,0.854,0.728,0.872,0.903]
Epoch [70] Testing Results: Prec@1 38.030 Prec@5 76.360 Loss 3.57606
Epoch [70] Testing Class Recall: [0.449,0.263,0.038,0.285,0.191,0.564,0.311,0.454,0.425,0.823]
Epoch [71] Training Results: Prec@1 88.180 Prec@5 99.780 Loss 0.32003
Epoch [71] Training Class Recall: [0.938,0.877,0.583,0.733,0.862,0.818,0.900,0.762,0.926,0.920]
Epoch [71] Testing Results: Prec@1 41.530 Prec@5 77.890 Loss 3.09249
Epoch [71] Testing Class Recall: [0.487,0.568,0.048,0.268,0.248,0.535,0.450,0.458,0.432,0.659]
Epoch [72] Training Results: Prec@1 92.440 Prec@5 99.920 Loss 0.21608
Epoch [72] Training Class Recall: [0.968,0.938,0.806,0.806,0.915,0.879,0.934,0.815,0.947,0.957]
Epoch [72] Testing Results: Prec@1 41.600 Prec@5 79.820 Loss 3.48733
Epoch [72] Testing Class Recall: [0.392,0.353,0.042,0.290,0.327,0.793,0.545,0.274,0.419,0.725]
Epoch [73] Training Results: Prec@1 92.540 Prec@5 99.840 Loss 0.20916
Epoch [73] Training Class Recall: [0.965,0.944,0.806,0.802,0.926,0.879,0.934,0.868,0.952,0.950]
Epoch [73] Testing Results: Prec@1 38.400 Prec@5 76.990 Loss 3.86284
Epoch [73] Testing Class Recall: [0.397,0.439,0.051,0.366,0.122,0.732,0.547,0.064,0.435,0.687]
Epoch [74] Training Results: Prec@1 90.340 Prec@5 99.860 Loss 0.28144
Epoch [74] Training Class Recall: [0.958,0.969,0.694,0.756,0.907,0.853,0.875,0.795,0.949,0.941]
Epoch [74] Testing Results: Prec@1 42.250 Prec@5 78.800 Loss 3.68587
Epoch [74] Testing Class Recall: [0.502,0.404,0.042,0.158,0.208,0.580,0.567,0.308,0.707,0.749]
Epoch [75] Training Results: Prec@1 91.920 Prec@5 99.920 Loss 0.21989
Epoch [75] Training Class Recall: [0.957,0.957,0.750,0.800,0.926,0.855,0.940,0.848,0.943,0.950]
Epoch [75] Testing Results: Prec@1 44.400 Prec@5 80.710 Loss 3.28793
Epoch [75] Testing Class Recall: [0.605,0.619,0.042,0.357,0.139,0.605,0.532,0.339,0.553,0.649]
Epoch [76] Training Results: Prec@1 93.960 Prec@5 99.940 Loss 0.17892
Epoch [76] Training Class Recall: [0.976,0.957,0.806,0.854,0.918,0.900,0.945,0.887,0.963,0.960]
Epoch [76] Testing Results: Prec@1 35.210 Prec@5 73.520 Loss 5.01917
Epoch [76] Testing Class Recall: [0.333,0.327,0.011,0.114,0.103,0.806,0.792,0.158,0.311,0.566]
Epoch [77] Training Results: Prec@1 88.620 Prec@5 99.760 Loss 0.32744
Epoch [77] Training Class Recall: [0.935,0.883,0.778,0.738,0.897,0.815,0.896,0.795,0.926,0.925]
Epoch [77] Testing Results: Prec@1 44.910 Prec@5 80.610 Loss 2.93649
Epoch [77] Testing Class Recall: [0.547,0.610,0.051,0.328,0.276,0.633,0.668,0.135,0.534,0.709]
Epoch [78] Training Results: Prec@1 89.160 Prec@5 99.860 Loss 0.29951
Epoch [78] Training Class Recall: [0.940,0.914,0.528,0.745,0.886,0.839,0.902,0.801,0.930,0.931]
Epoch [78] Testing Results: Prec@1 45.890 Prec@5 82.640 Loss 2.73357
Epoch [78] Testing Class Recall: [0.412,0.495,0.054,0.435,0.390,0.787,0.539,0.568,0.391,0.518]
Epoch [79] Training Results: Prec@1 92.260 Prec@5 99.860 Loss 0.22392
Epoch [79] Training Class Recall: [0.958,0.944,0.917,0.809,0.910,0.876,0.940,0.795,0.950,0.956]
Epoch [79] Testing Results: Prec@1 46.190 Prec@5 81.660 Loss 3.13772
Epoch [79] Testing Class Recall: [0.523,0.434,0.028,0.368,0.160,0.637,0.432,0.471,0.793,0.773]
Epoch [80] Training Results: Prec@1 87.020 Prec@5 99.860 Loss 0.38768
Epoch [80] Training Class Recall: [0.901,0.877,0.778,0.756,0.860,0.844,0.896,0.795,0.861,0.917]
Epoch [80] Testing Results: Prec@1 35.550 Prec@5 76.360 Loss 3.96445
Epoch [80] Testing Class Recall: [0.435,0.355,0.046,0.340,0.211,0.306,0.543,0.166,0.433,0.720]
Epoch [81] Training Results: Prec@1 92.300 Prec@5 99.940 Loss 0.21278
Epoch [81] Training Class Recall: [0.955,0.914,0.833,0.834,0.905,0.883,0.940,0.854,0.944,0.950]
Epoch [81] Testing Results: Prec@1 37.720 Prec@5 76.520 Loss 4.21634
Epoch [81] Testing Class Recall: [0.494,0.346,0.018,0.385,0.172,0.651,0.445,0.141,0.400,0.720]
Epoch [82] Training Results: Prec@1 90.940 Prec@5 99.900 Loss 0.26005
Epoch [82] Training Class Recall: [0.944,0.907,0.778,0.818,0.892,0.843,0.943,0.795,0.940,0.941]
Epoch [82] Testing Results: Prec@1 43.420 Prec@5 79.960 Loss 3.46883
Epoch [82] Testing Class Recall: [0.609,0.494,0.026,0.354,0.149,0.474,0.550,0.292,0.562,0.832]
Epoch [83] Training Results: Prec@1 92.360 Prec@5 99.960 Loss 0.22040
Epoch [83] Training Class Recall: [0.964,0.988,0.806,0.806,0.913,0.872,0.937,0.821,0.946,0.953]
Epoch [83] Testing Results: Prec@1 45.570 Prec@5 79.270 Loss 3.17476
Epoch [83] Testing Class Recall: [0.454,0.478,0.055,0.306,0.174,0.710,0.651,0.518,0.492,0.719]
Epoch [84] Training Results: Prec@1 92.660 Prec@5 99.940 Loss 0.20343
Epoch [84] Training Class Recall: [0.972,0.938,0.778,0.838,0.889,0.893,0.925,0.801,0.954,0.956]
Epoch [84] Testing Results: Prec@1 43.630 Prec@5 79.070 Loss 3.88866
Epoch [84] Testing Class Recall: [0.436,0.528,0.025,0.121,0.148,0.846,0.388,0.533,0.582,0.756]
Epoch [85] Training Results: Prec@1 85.600 Prec@5 99.640 Loss 0.42760
Epoch [85] Training Class Recall: [0.893,0.846,0.556,0.747,0.815,0.830,0.881,0.662,0.904,0.892]
Epoch [85] Testing Results: Prec@1 34.310 Prec@5 74.520 Loss 3.51050
Epoch [85] Testing Class Recall: [0.604,0.300,0.062,0.207,0.054,0.282,0.503,0.267,0.513,0.639]
Epoch [86] Training Results: Prec@1 86.920 Prec@5 99.840 Loss 0.36749
Epoch [86] Training Class Recall: [0.919,0.858,0.556,0.763,0.854,0.848,0.917,0.709,0.887,0.861]
Epoch [86] Testing Results: Prec@1 40.270 Prec@5 79.000 Loss 3.49354
Epoch [86] Testing Class Recall: [0.388,0.570,0.035,0.097,0.205,0.744,0.741,0.405,0.378,0.464]
Epoch [87] Training Results: Prec@1 92.800 Prec@5 99.880 Loss 0.21763
Epoch [87] Training Class Recall: [0.963,0.963,0.667,0.815,0.921,0.902,0.955,0.881,0.947,0.932]
Epoch [87] Testing Results: Prec@1 46.760 Prec@5 82.020 Loss 2.89271
Epoch [87] Testing Class Recall: [0.553,0.439,0.046,0.202,0.287,0.721,0.606,0.397,0.636,0.789]
Epoch [88] Training Results: Prec@1 94.180 Prec@5 99.980 Loss 0.17202
Epoch [88] Training Class Recall: [0.969,0.957,0.861,0.866,0.942,0.902,0.954,0.907,0.958,0.954]
Epoch [88] Testing Results: Prec@1 42.010 Prec@5 81.010 Loss 3.65275
Epoch [88] Testing Class Recall: [0.555,0.574,0.039,0.524,0.161,0.630,0.529,0.369,0.469,0.351]
Epoch [89] Training Results: Prec@1 84.800 Prec@5 99.680 Loss 0.43359
Epoch [89] Training Class Recall: [0.923,0.889,0.639,0.606,0.772,0.783,0.873,0.775,0.904,0.900]
Epoch [89] Testing Results: Prec@1 34.200 Prec@5 73.740 Loss 4.52581
Epoch [89] Testing Class Recall: [0.437,0.263,0.025,0.149,0.173,0.502,0.416,0.167,0.499,0.789]
Epoch [90] Training Results: Prec@1 91.900 Prec@5 99.920 Loss 0.22965
Epoch [90] Training Class Recall: [0.968,0.926,0.833,0.772,0.913,0.853,0.946,0.848,0.944,0.950]
Epoch [90] Testing Results: Prec@1 48.930 Prec@5 83.310 Loss 2.68942
Epoch [90] Testing Class Recall: [0.554,0.498,0.022,0.437,0.298,0.512,0.660,0.492,0.667,0.753]
Epoch [91] Training Results: Prec@1 94.300 Prec@5 99.980 Loss 0.16815
Epoch [91] Training Class Recall: [0.979,0.975,0.778,0.838,0.931,0.890,0.957,0.914,0.969,0.965]
Epoch [91] Testing Results: Prec@1 44.960 Prec@5 82.720 Loss 3.34383
Epoch [91] Testing Class Recall: [0.512,0.460,0.036,0.471,0.302,0.784,0.444,0.587,0.427,0.473]
Epoch [92] Training Results: Prec@1 93.480 Prec@5 99.900 Loss 0.19095
Epoch [92] Training Class Recall: [0.972,0.963,0.833,0.845,0.926,0.902,0.925,0.874,0.960,0.953]
Epoch [92] Testing Results: Prec@1 38.240 Prec@5 78.130 Loss 4.10504
Epoch [92] Testing Class Recall: [0.654,0.528,0.028,0.263,0.156,0.578,0.324,0.251,0.499,0.543]
Epoch [93] Training Results: Prec@1 91.420 Prec@5 99.900 Loss 0.25590
Epoch [93] Training Class Recall: [0.949,0.938,0.861,0.795,0.899,0.876,0.918,0.881,0.941,0.942]
Epoch [93] Testing Results: Prec@1 37.650 Prec@5 74.140 Loss 4.17123
Epoch [93] Testing Class Recall: [0.386,0.262,0.021,0.487,0.189,0.678,0.588,0.229,0.184,0.741]
Epoch [94] Training Results: Prec@1 90.960 Prec@5 99.880 Loss 0.26657
Epoch [94] Training Class Recall: [0.948,0.914,0.722,0.815,0.892,0.888,0.948,0.768,0.906,0.934]
Epoch [94] Testing Results: Prec@1 38.450 Prec@5 74.870 Loss 3.85364
Epoch [94] Testing Class Recall: [0.426,0.146,0.020,0.223,0.277,0.747,0.485,0.500,0.323,0.698]
Epoch [95] Training Results: Prec@1 93.940 Prec@5 99.920 Loss 0.17549
Epoch [95] Training Class Recall: [0.975,0.938,0.944,0.854,0.926,0.900,0.957,0.894,0.944,0.957]
Epoch [95] Testing Results: Prec@1 38.370 Prec@5 76.400 Loss 4.68578
Epoch [95] Testing Class Recall: [0.548,0.399,0.029,0.219,0.154,0.301,0.427,0.343,0.490,0.927]
Epoch [96] Training Results: Prec@1 94.420 Prec@5 99.960 Loss 0.16189
Epoch [96] Training Class Recall: [0.972,0.975,0.806,0.866,0.937,0.895,0.954,0.887,0.972,0.966]
Epoch [96] Testing Results: Prec@1 42.500 Prec@5 78.080 Loss 4.04166
Epoch [96] Testing Class Recall: [0.462,0.332,0.007,0.155,0.180,0.704,0.520,0.471,0.506,0.913]
Epoch [97] Training Results: Prec@1 92.420 Prec@5 99.880 Loss 0.21023
Epoch [97] Training Class Recall: [0.968,0.957,0.694,0.843,0.852,0.878,0.963,0.755,0.957,0.947]
Epoch [97] Testing Results: Prec@1 42.770 Prec@5 78.920 Loss 4.11238
Epoch [97] Testing Class Recall: [0.655,0.430,0.024,0.093,0.164,0.669,0.451,0.438,0.502,0.851]
Epoch [98] Training Results: Prec@1 90.320 Prec@5 99.800 Loss 0.28234
Epoch [98] Training Class Recall: [0.947,0.883,0.806,0.804,0.899,0.857,0.896,0.808,0.932,0.938]
Epoch [98] Testing Results: Prec@1 44.370 Prec@5 78.320 Loss 3.52546
Epoch [98] Testing Class Recall: [0.415,0.444,0.039,0.346,0.260,0.465,0.736,0.595,0.464,0.673]
Epoch [99] Training Results: Prec@1 93.840 Prec@5 99.920 Loss 0.18712
Epoch [99] Training Class Recall: [0.971,0.969,0.833,0.838,0.937,0.895,0.960,0.887,0.949,0.959]
Epoch [99] Testing Results: Prec@1 44.040 Prec@5 78.460 Loss 3.70046
Epoch [99] Testing Class Recall: [0.538,0.560,0.046,0.198,0.169,0.695,0.674,0.491,0.269,0.764]
Epoch [100] Training Results: Prec@1 93.080 Prec@5 99.940 Loss 0.19673
Epoch [100] Training Class Recall: [0.965,0.944,0.917,0.854,0.937,0.878,0.948,0.861,0.935,0.950]
Epoch [100] Testing Results: Prec@1 41.940 Prec@5 80.220 Loss 3.93551
Epoch [100] Testing Class Recall: [0.427,0.440,0.015,0.411,0.245,0.669,0.260,0.303,0.520,0.904]
Epoch [101] Training Results: Prec@1 89.020 Prec@5 99.740 Loss 0.32433
Epoch [101] Training Class Recall: [0.947,0.852,0.694,0.768,0.881,0.857,0.878,0.828,0.932,0.903]
Epoch [101] Testing Results: Prec@1 34.040 Prec@5 76.010 Loss 5.15727
Epoch [101] Testing Class Recall: [0.666,0.618,0.052,0.192,0.066,0.562,0.401,0.150,0.345,0.352]
Epoch [102] Training Results: Prec@1 86.380 Prec@5 99.600 Loss 0.39817
Epoch [102] Training Class Recall: [0.926,0.753,0.583,0.763,0.857,0.830,0.875,0.768,0.898,0.864]
Epoch [102] Testing Results: Prec@1 44.500 Prec@5 80.060 Loss 3.04501
Epoch [102] Testing Class Recall: [0.526,0.370,0.024,0.437,0.236,0.533,0.663,0.453,0.604,0.604]
Epoch [103] Training Results: Prec@1 91.420 Prec@5 99.900 Loss 0.23485
Epoch [103] Training Class Recall: [0.957,0.889,0.722,0.800,0.913,0.864,0.917,0.841,0.950,0.948]
Epoch [103] Testing Results: Prec@1 39.490 Prec@5 73.320 Loss 4.07108
Epoch [103] Testing Class Recall: [0.535,0.337,0.022,0.158,0.128,0.571,0.576,0.077,0.670,0.875]
Epoch [104] Training Results: Prec@1 93.600 Prec@5 99.940 Loss 0.18048
Epoch [104] Training Class Recall: [0.968,0.914,0.917,0.861,0.934,0.872,0.952,0.874,0.966,0.956]
Epoch [104] Testing Results: Prec@1 42.460 Prec@5 78.570 Loss 3.59535
Epoch [104] Testing Class Recall: [0.628,0.693,0.028,0.139,0.271,0.268,0.579,0.460,0.517,0.663]
Epoch [105] Training Results: Prec@1 91.080 Prec@5 99.920 Loss 0.24700
Epoch [105] Training Class Recall: [0.957,0.969,0.778,0.825,0.870,0.811,0.925,0.815,0.960,0.940]
Epoch [105] Testing Results: Prec@1 38.800 Prec@5 76.770 Loss 4.39121
Epoch [105] Testing Class Recall: [0.550,0.295,0.040,0.154,0.135,0.631,0.364,0.328,0.460,0.923]
Epoch [106] Training Results: Prec@1 92.900 Prec@5 99.980 Loss 0.19781
Epoch [106] Training Class Recall: [0.961,0.951,0.806,0.804,0.929,0.895,0.931,0.861,0.952,0.971]
Epoch [106] Testing Results: Prec@1 47.310 Prec@5 81.020 Loss 3.16886
Epoch [106] Testing Class Recall: [0.550,0.538,0.014,0.353,0.286,0.641,0.817,0.345,0.547,0.640]
Epoch [107] Training Results: Prec@1 95.640 Prec@5 99.980 Loss 0.13129
Epoch [107] Training Class Recall: [0.981,0.963,0.889,0.888,0.947,0.930,0.969,0.940,0.963,0.969]
Epoch [107] Testing Results: Prec@1 44.770 Prec@5 79.390 Loss 3.76815
Epoch [107] Testing Class Recall: [0.549,0.578,0.070,0.204,0.192,0.568,0.571,0.422,0.539,0.784]
Epoch [108] Training Results: Prec@1 95.940 Prec@5 100.000 Loss 0.11367
Epoch [108] Training Class Recall: [0.979,0.975,0.889,0.897,0.942,0.923,0.967,0.960,0.980,0.975]
Epoch [108] Testing Results: Prec@1 41.910 Prec@5 77.430 Loss 4.23757
Epoch [108] Testing Class Recall: [0.543,0.383,0.037,0.246,0.151,0.800,0.725,0.202,0.424,0.680]
Epoch [109] Training Results: Prec@1 96.880 Prec@5 100.000 Loss 0.09248
Epoch [109] Training Class Recall: [0.985,0.975,0.889,0.918,0.958,0.949,0.979,0.914,0.986,0.982]
Epoch [109] Testing Results: Prec@1 43.450 Prec@5 79.170 Loss 4.22465
Epoch [109] Testing Class Recall: [0.609,0.493,0.028,0.209,0.196,0.686,0.514,0.279,0.583,0.748]
Epoch [110] Training Results: Prec@1 96.920 Prec@5 100.000 Loss 0.08657
Epoch [110] Training Class Recall: [0.983,0.994,0.944,0.936,0.979,0.937,0.975,0.927,0.975,0.979]
Epoch [110] Testing Results: Prec@1 40.520 Prec@5 78.180 Loss 4.71814
Epoch [110] Testing Class Recall: [0.432,0.512,0.051,0.210,0.184,0.597,0.874,0.454,0.324,0.414]
Epoch [111] Training Results: Prec@1 89.520 Prec@5 99.860 Loss 0.31870
Epoch [111] Training Class Recall: [0.934,0.895,0.806,0.834,0.921,0.871,0.931,0.841,0.906,0.841]
Epoch [111] Testing Results: Prec@1 43.440 Prec@5 77.820 Loss 3.68030
Epoch [111] Testing Class Recall: [0.521,0.716,0.019,0.406,0.098,0.710,0.651,0.236,0.306,0.681]
Epoch [112] Training Results: Prec@1 90.960 Prec@5 99.900 Loss 0.26253
Epoch [112] Training Class Recall: [0.946,0.889,0.833,0.843,0.905,0.872,0.931,0.815,0.916,0.920]
Epoch [112] Testing Results: Prec@1 41.490 Prec@5 80.240 Loss 3.89743
Epoch [112] Testing Class Recall: [0.575,0.281,0.026,0.262,0.155,0.683,0.352,0.322,0.594,0.899]
Epoch [113] Training Results: Prec@1 94.800 Prec@5 99.960 Loss 0.14823
Epoch [113] Training Class Recall: [0.965,0.951,0.806,0.891,0.937,0.921,0.964,0.921,0.957,0.971]
Epoch [113] Testing Results: Prec@1 43.960 Prec@5 79.690 Loss 3.59375
Epoch [113] Testing Class Recall: [0.540,0.426,0.030,0.319,0.235,0.356,0.609,0.277,0.751,0.853]
Epoch [114] Training Results: Prec@1 95.100 Prec@5 99.980 Loss 0.13444
Epoch [114] Training Class Recall: [0.976,0.975,0.944,0.891,0.942,0.906,0.958,0.954,0.960,0.966]
Epoch [114] Testing Results: Prec@1 44.660 Prec@5 80.040 Loss 3.46684
Epoch [114] Testing Class Recall: [0.327,0.447,0.103,0.326,0.290,0.698,0.751,0.350,0.467,0.707]
Epoch [115] Training Results: Prec@1 96.180 Prec@5 100.000 Loss 0.10369
Epoch [115] Training Class Recall: [0.985,0.975,1.000,0.879,0.966,0.918,0.978,0.947,0.977,0.975]
Epoch [115] Testing Results: Prec@1 44.280 Prec@5 80.130 Loss 4.01291
Epoch [115] Testing Class Recall: [0.497,0.493,0.021,0.365,0.202,0.659,0.412,0.230,0.669,0.880]
Epoch [116] Training Results: Prec@1 96.520 Prec@5 99.960 Loss 0.10444
Epoch [116] Training Class Recall: [0.976,0.975,0.944,0.932,0.960,0.939,0.973,0.914,0.985,0.976]
Epoch [116] Testing Results: Prec@1 39.710 Prec@5 75.590 Loss 4.63639
Epoch [116] Testing Class Recall: [0.339,0.483,0.017,0.146,0.419,0.320,0.573,0.328,0.493,0.853]
Epoch [117] Training Results: Prec@1 88.960 Prec@5 99.760 Loss 0.33810
Epoch [117] Training Class Recall: [0.942,0.926,0.750,0.765,0.823,0.836,0.918,0.742,0.933,0.916]
Epoch [117] Testing Results: Prec@1 38.460 Prec@5 77.560 Loss 4.60370
Epoch [117] Testing Class Recall: [0.571,0.321,0.023,0.037,0.252,0.455,0.504,0.405,0.551,0.727]
Epoch [118] Training Results: Prec@1 90.220 Prec@5 99.860 Loss 0.28029
Epoch [118] Training Class Recall: [0.939,0.883,0.861,0.779,0.910,0.885,0.937,0.815,0.923,0.895]
Epoch [118] Testing Results: Prec@1 46.450 Prec@5 79.430 Loss 3.05661
Epoch [118] Testing Class Recall: [0.348,0.674,0.031,0.192,0.305,0.675,0.672,0.479,0.642,0.627]
Epoch [119] Training Results: Prec@1 94.180 Prec@5 99.920 Loss 0.17528
Epoch [119] Training Class Recall: [0.952,0.975,0.833,0.902,0.929,0.928,0.972,0.894,0.949,0.940]
Epoch [119] Testing Results: Prec@1 45.260 Prec@5 79.970 Loss 3.42375
Epoch [119] Testing Class Recall: [0.488,0.483,0.042,0.307,0.226,0.605,0.651,0.251,0.766,0.707]
Epoch [120] Training Results: Prec@1 90.540 Prec@5 99.940 Loss 0.28456
Epoch [120] Training Class Recall: [0.915,0.895,0.806,0.831,0.910,0.892,0.934,0.894,0.881,0.950]
Epoch [120] Testing Results: Prec@1 40.450 Prec@5 77.350 Loss 4.22815
Epoch [120] Testing Class Recall: [0.386,0.197,0.051,0.259,0.158,0.715,0.598,0.120,0.753,0.808]
Epoch [121] Training Results: Prec@1 93.800 Prec@5 99.900 Loss 0.18693
Epoch [121] Training Class Recall: [0.970,0.821,0.861,0.870,0.944,0.909,0.966,0.894,0.958,0.938]
Epoch [121] Testing Results: Prec@1 41.550 Prec@5 80.340 Loss 3.66623
Epoch [121] Testing Class Recall: [0.363,0.328,0.024,0.254,0.357,0.390,0.544,0.545,0.385,0.965]
Epoch [122] Training Results: Prec@1 89.760 Prec@5 99.820 Loss 0.31211
Epoch [122] Training Class Recall: [0.942,0.938,0.694,0.795,0.886,0.837,0.923,0.795,0.916,0.920]
Epoch [122] Testing Results: Prec@1 36.310 Prec@5 78.770 Loss 3.94328
Epoch [122] Testing Class Recall: [0.553,0.285,0.040,0.116,0.132,0.874,0.246,0.206,0.318,0.861]
Epoch [123] Training Results: Prec@1 89.460 Prec@5 99.840 Loss 0.30551
Epoch [123] Training Class Recall: [0.920,0.889,0.667,0.815,0.884,0.872,0.920,0.841,0.904,0.914]
Epoch [123] Testing Results: Prec@1 45.560 Prec@5 80.200 Loss 2.83765
Epoch [123] Testing Class Recall: [0.545,0.406,0.023,0.494,0.234,0.715,0.562,0.471,0.481,0.625]
Epoch [124] Training Results: Prec@1 90.920 Prec@5 99.820 Loss 0.26154
Epoch [124] Training Class Recall: [0.949,0.944,0.750,0.813,0.828,0.897,0.934,0.801,0.930,0.931]
Epoch [124] Testing Results: Prec@1 44.810 Prec@5 79.940 Loss 3.22179
Epoch [124] Testing Class Recall: [0.592,0.537,0.027,0.352,0.204,0.577,0.593,0.194,0.745,0.660]
Epoch [125] Training Results: Prec@1 94.700 Prec@5 99.980 Loss 0.15401
Epoch [125] Training Class Recall: [0.972,0.969,0.861,0.868,0.934,0.916,0.954,0.921,0.969,0.962]
Epoch [125] Testing Results: Prec@1 42.380 Prec@5 78.790 Loss 3.74070
Epoch [125] Testing Class Recall: [0.557,0.463,0.043,0.234,0.130,0.778,0.457,0.334,0.474,0.768]
Epoch [126] Training Results: Prec@1 96.380 Prec@5 100.000 Loss 0.11254
Epoch [126] Training Class Recall: [0.986,0.975,0.944,0.911,0.966,0.946,0.952,0.967,0.974,0.971]
Epoch [126] Testing Results: Prec@1 48.780 Prec@5 82.540 Loss 3.28261
Epoch [126] Testing Class Recall: [0.497,0.503,0.033,0.418,0.306,0.804,0.775,0.496,0.478,0.568]
Epoch [127] Training Results: Prec@1 90.320 Prec@5 99.940 Loss 0.28147
Epoch [127] Training Class Recall: [0.942,0.944,0.750,0.827,0.899,0.888,0.917,0.874,0.899,0.891]
Epoch [127] Testing Results: Prec@1 45.040 Prec@5 80.410 Loss 3.39579
Epoch [127] Testing Class Recall: [0.474,0.559,0.008,0.136,0.370,0.741,0.435,0.448,0.460,0.873]
Epoch [128] Training Results: Prec@1 92.860 Prec@5 99.980 Loss 0.20082
Epoch [128] Training Class Recall: [0.971,0.914,0.889,0.806,0.929,0.885,0.946,0.841,0.958,0.945]
Epoch [128] Testing Results: Prec@1 43.610 Prec@5 78.380 Loss 3.95846
Epoch [128] Testing Class Recall: [0.474,0.740,0.033,0.149,0.281,0.668,0.432,0.353,0.493,0.738]
Epoch [129] Training Results: Prec@1 93.880 Prec@5 99.800 Loss 0.18736
Epoch [129] Training Class Recall: [0.963,0.963,0.861,0.882,0.931,0.921,0.954,0.914,0.941,0.937]
Epoch [129] Testing Results: Prec@1 40.080 Prec@5 77.390 Loss 4.43527
Epoch [129] Testing Class Recall: [0.574,0.403,0.016,0.164,0.154,0.711,0.710,0.095,0.481,0.700]
Epoch [130] Training Results: Prec@1 90.320 Prec@5 99.900 Loss 0.28083
Epoch [130] Training Class Recall: [0.951,0.914,0.806,0.795,0.899,0.865,0.879,0.815,0.932,0.937]
Epoch [130] Testing Results: Prec@1 44.920 Prec@5 76.820 Loss 3.52184
Epoch [130] Testing Class Recall: [0.470,0.606,0.008,0.172,0.129,0.805,0.652,0.245,0.608,0.797]
Epoch [131] Training Results: Prec@1 92.380 Prec@5 99.900 Loss 0.22162
Epoch [131] Training Class Recall: [0.964,0.951,0.806,0.834,0.915,0.892,0.930,0.854,0.930,0.941]
Epoch [131] Testing Results: Prec@1 47.810 Prec@5 81.000 Loss 3.23010
Epoch [131] Testing Class Recall: [0.667,0.658,0.067,0.212,0.176,0.677,0.761,0.357,0.520,0.686]
Epoch [132] Training Results: Prec@1 95.700 Prec@5 100.000 Loss 0.12698
Epoch [132] Training Class Recall: [0.983,0.975,0.917,0.900,0.960,0.916,0.970,0.914,0.974,0.957]
Epoch [132] Testing Results: Prec@1 45.410 Prec@5 80.790 Loss 3.45345
Epoch [132] Testing Class Recall: [0.486,0.464,0.055,0.345,0.157,0.637,0.505,0.454,0.571,0.867]
Epoch [133] Training Results: Prec@1 93.400 Prec@5 99.960 Loss 0.18611
Epoch [133] Training Class Recall: [0.972,0.957,0.722,0.863,0.881,0.897,0.957,0.742,0.961,0.969]
Epoch [133] Testing Results: Prec@1 46.430 Prec@5 83.160 Loss 3.41668
Epoch [133] Testing Class Recall: [0.432,0.405,0.101,0.368,0.300,0.450,0.743,0.497,0.542,0.805]
Epoch [134] Training Results: Prec@1 95.180 Prec@5 99.980 Loss 0.15147
Epoch [134] Training Class Recall: [0.970,0.914,0.833,0.893,0.929,0.935,0.967,0.901,0.964,0.982]
Epoch [134] Testing Results: Prec@1 43.620 Prec@5 80.160 Loss 3.62678
Epoch [134] Testing Class Recall: [0.582,0.378,0.025,0.459,0.144,0.685,0.504,0.343,0.462,0.780]
Epoch [135] Training Results: Prec@1 97.020 Prec@5 100.000 Loss 0.09670
Epoch [135] Training Class Recall: [0.983,0.963,0.917,0.938,0.963,0.965,0.973,0.974,0.971,0.975]
Epoch [135] Testing Results: Prec@1 46.780 Prec@5 81.610 Loss 3.57594
Epoch [135] Testing Class Recall: [0.517,0.462,0.030,0.359,0.262,0.595,0.695,0.403,0.670,0.685]
Epoch [136] Training Results: Prec@1 96.100 Prec@5 99.960 Loss 0.11147
Epoch [136] Training Class Recall: [0.983,0.981,0.917,0.909,0.960,0.930,0.978,0.954,0.969,0.956]
Epoch [136] Testing Results: Prec@1 45.290 Prec@5 79.560 Loss 3.91542
Epoch [136] Testing Class Recall: [0.628,0.596,0.050,0.380,0.158,0.459,0.657,0.186,0.631,0.784]
Epoch [137] Training Results: Prec@1 89.720 Prec@5 99.920 Loss 0.27559
Epoch [137] Training Class Recall: [0.947,0.938,0.833,0.763,0.881,0.829,0.909,0.748,0.940,0.932]
Epoch [137] Testing Results: Prec@1 34.060 Prec@5 76.350 Loss 5.37848
Epoch [137] Testing Class Recall: [0.480,0.266,0.017,0.129,0.221,0.408,0.236,0.230,0.491,0.928]
Epoch [138] Training Results: Prec@1 93.460 Prec@5 99.980 Loss 0.19292
Epoch [138] Training Class Recall: [0.964,0.944,0.806,0.872,0.937,0.904,0.934,0.841,0.957,0.950]
Epoch [138] Testing Results: Prec@1 42.300 Prec@5 81.970 Loss 3.89200
Epoch [138] Testing Class Recall: [0.437,0.325,0.073,0.349,0.122,0.917,0.443,0.368,0.536,0.660]
Epoch [139] Training Results: Prec@1 93.740 Prec@5 99.980 Loss 0.18861
Epoch [139] Training Class Recall: [0.961,0.951,0.833,0.870,0.923,0.902,0.933,0.921,0.966,0.959]
Epoch [139] Testing Results: Prec@1 41.330 Prec@5 78.160 Loss 4.17470
Epoch [139] Testing Class Recall: [0.404,0.490,0.028,0.114,0.165,0.716,0.422,0.320,0.667,0.807]
Epoch [140] Training Results: Prec@1 92.540 Prec@5 99.940 Loss 0.21041
Epoch [140] Training Class Recall: [0.953,0.975,0.861,0.834,0.921,0.885,0.927,0.887,0.941,0.954]
Epoch [140] Testing Results: Prec@1 43.840 Prec@5 79.750 Loss 3.77017
Epoch [140] Testing Class Recall: [0.640,0.415,0.082,0.255,0.134,0.805,0.495,0.180,0.553,0.825]
Epoch [141] Training Results: Prec@1 95.320 Prec@5 99.980 Loss 0.13920
Epoch [141] Training Class Recall: [0.968,0.938,0.944,0.920,0.950,0.925,0.976,0.894,0.963,0.957]
Epoch [141] Testing Results: Prec@1 45.520 Prec@5 79.770 Loss 3.47630
Epoch [141] Testing Class Recall: [0.484,0.546,0.032,0.241,0.326,0.728,0.716,0.222,0.488,0.769]
Epoch [142] Training Results: Prec@1 97.360 Prec@5 100.000 Loss 0.07818
Epoch [142] Training Class Recall: [0.987,0.975,1.000,0.934,0.958,0.949,0.984,0.967,0.980,0.987]
Epoch [142] Testing Results: Prec@1 46.010 Prec@5 79.560 Loss 4.07548
Epoch [142] Testing Class Recall: [0.547,0.393,0.032,0.147,0.161,0.815,0.581,0.360,0.707,0.858]
Epoch [143] Training Results: Prec@1 95.140 Prec@5 100.000 Loss 0.13895
Epoch [143] Training Class Recall: [0.969,0.988,0.889,0.911,0.952,0.925,0.948,0.927,0.952,0.969]
Epoch [143] Testing Results: Prec@1 44.690 Prec@5 79.810 Loss 4.12400
Epoch [143] Testing Class Recall: [0.517,0.508,0.036,0.332,0.114,0.774,0.398,0.284,0.661,0.845]
Epoch [144] Training Results: Prec@1 96.380 Prec@5 100.000 Loss 0.10397
Epoch [144] Training Class Recall: [0.974,0.969,0.889,0.916,0.960,0.939,0.972,0.960,0.978,0.981]
Epoch [144] Testing Results: Prec@1 38.180 Prec@5 78.600 Loss 5.10506
Epoch [144] Testing Class Recall: [0.672,0.396,0.035,0.452,0.152,0.410,0.409,0.145,0.429,0.718]
Epoch [145] Training Results: Prec@1 94.200 Prec@5 99.940 Loss 0.15738
Epoch [145] Training Class Recall: [0.966,0.938,0.972,0.861,0.947,0.921,0.911,0.914,0.969,0.975]
Epoch [145] Testing Results: Prec@1 40.400 Prec@5 79.910 Loss 4.53412
Epoch [145] Testing Class Recall: [0.548,0.423,0.014,0.183,0.110,0.531,0.412,0.236,0.637,0.946]
Epoch [146] Training Results: Prec@1 91.980 Prec@5 99.940 Loss 0.23611
Epoch [146] Training Class Recall: [0.954,0.920,0.833,0.804,0.897,0.871,0.945,0.848,0.952,0.950]
Epoch [146] Testing Results: Prec@1 42.810 Prec@5 78.800 Loss 4.30623
Epoch [146] Testing Class Recall: [0.299,0.286,0.001,0.158,0.324,0.781,0.481,0.470,0.590,0.891]
Epoch [147] Training Results: Prec@1 89.120 Prec@5 99.740 Loss 0.32619
Epoch [147] Training Class Recall: [0.923,0.858,0.778,0.804,0.886,0.843,0.912,0.781,0.912,0.929]
Epoch [147] Testing Results: Prec@1 39.050 Prec@5 78.080 Loss 3.43171
Epoch [147] Testing Class Recall: [0.399,0.144,0.042,0.468,0.252,0.586,0.733,0.112,0.380,0.789]
Epoch [148] Training Results: Prec@1 90.700 Prec@5 99.940 Loss 0.27577
Epoch [148] Training Class Recall: [0.951,0.914,0.833,0.843,0.889,0.853,0.914,0.808,0.926,0.922]
Epoch [148] Testing Results: Prec@1 45.740 Prec@5 82.540 Loss 3.20328
Epoch [148] Testing Class Recall: [0.400,0.361,0.089,0.182,0.171,0.856,0.637,0.377,0.698,0.803]
Epoch [149] Training Results: Prec@1 95.700 Prec@5 100.000 Loss 0.13403
Epoch [149] Training Class Recall: [0.976,0.957,0.889,0.913,0.955,0.946,0.969,0.894,0.961,0.962]
Epoch [149] Testing Results: Prec@1 44.410 Prec@5 79.160 Loss 3.76598
Epoch [149] Testing Class Recall: [0.478,0.352,0.049,0.137,0.183,0.733,0.702,0.277,0.745,0.785]
Epoch [150] Training Results: Prec@1 93.400 Prec@5 99.960 Loss 0.19103
Epoch [150] Training Class Recall: [0.940,0.975,0.889,0.882,0.926,0.934,0.954,0.881,0.913,0.966]
Epoch [150] Testing Results: Prec@1 44.750 Prec@5 81.350 Loss 3.68607
Epoch [150] Testing Class Recall: [0.545,0.519,0.040,0.279,0.228,0.460,0.761,0.286,0.486,0.871]
Epoch [151] Training Results: Prec@1 96.020 Prec@5 100.000 Loss 0.12372
Epoch [151] Training Class Recall: [0.977,0.951,0.917,0.911,0.958,0.941,0.969,0.921,0.972,0.972]
Epoch [151] Testing Results: Prec@1 47.190 Prec@5 81.330 Loss 3.57677
Epoch [151] Testing Class Recall: [0.593,0.594,0.038,0.193,0.238,0.614,0.718,0.405,0.567,0.759]
Epoch [152] Training Results: Prec@1 94.680 Prec@5 100.000 Loss 0.15341
Epoch [152] Training Class Recall: [0.967,0.963,0.889,0.882,0.931,0.928,0.966,0.921,0.946,0.963]
Epoch [152] Testing Results: Prec@1 45.530 Prec@5 80.750 Loss 3.50878
Epoch [152] Testing Class Recall: [0.636,0.641,0.078,0.194,0.255,0.653,0.631,0.257,0.576,0.632]
Epoch [153] Training Results: Prec@1 97.060 Prec@5 100.000 Loss 0.08994
Epoch [153] Training Class Recall: [0.987,0.988,0.944,0.934,0.963,0.948,0.970,0.967,0.981,0.976]
Epoch [153] Testing Results: Prec@1 43.320 Prec@5 79.280 Loss 4.05150
Epoch [153] Testing Class Recall: [0.337,0.295,0.023,0.334,0.179,0.740,0.745,0.306,0.465,0.908]
Epoch [154] Training Results: Prec@1 97.060 Prec@5 99.980 Loss 0.09407
Epoch [154] Training Class Recall: [0.978,0.969,0.917,0.948,0.960,0.963,0.982,0.934,0.974,0.981]
Epoch [154] Testing Results: Prec@1 39.420 Prec@5 78.140 Loss 4.37452
Epoch [154] Testing Class Recall: [0.565,0.423,0.037,0.415,0.230,0.719,0.510,0.192,0.321,0.530]
Epoch [155] Training Results: Prec@1 85.680 Prec@5 99.780 Loss 0.45047
Epoch [155] Training Class Recall: [0.886,0.827,0.778,0.822,0.860,0.862,0.924,0.762,0.817,0.822]
Epoch [155] Testing Results: Prec@1 42.420 Prec@5 82.240 Loss 3.31469
Epoch [155] Testing Class Recall: [0.419,0.403,0.061,0.197,0.265,0.788,0.777,0.306,0.283,0.743]
Epoch [156] Training Results: Prec@1 86.480 Prec@5 99.520 Loss 0.41748
Epoch [156] Training Class Recall: [0.916,0.895,0.667,0.692,0.876,0.820,0.866,0.762,0.889,0.914]
Epoch [156] Testing Results: Prec@1 39.640 Prec@5 75.780 Loss 3.99160
Epoch [156] Testing Class Recall: [0.532,0.363,0.029,0.209,0.081,0.518,0.597,0.191,0.580,0.864]
Epoch [157] Training Results: Prec@1 89.840 Prec@5 99.940 Loss 0.29879
Epoch [157] Training Class Recall: [0.936,0.938,0.750,0.786,0.913,0.860,0.918,0.848,0.909,0.906]
Epoch [157] Testing Results: Prec@1 45.320 Prec@5 79.010 Loss 3.26143
Epoch [157] Testing Class Recall: [0.654,0.485,0.017,0.163,0.167,0.667,0.576,0.387,0.565,0.851]
Epoch [158] Training Results: Prec@1 95.680 Prec@5 100.000 Loss 0.13282
Epoch [158] Training Class Recall: [0.977,0.981,0.833,0.902,0.923,0.935,0.973,0.954,0.967,0.966]
Epoch [158] Testing Results: Prec@1 42.560 Prec@5 80.460 Loss 3.85568
Epoch [158] Testing Class Recall: [0.543,0.383,0.024,0.127,0.349,0.798,0.391,0.282,0.439,0.920]
Epoch [159] Training Results: Prec@1 95.980 Prec@5 99.980 Loss 0.12197
Epoch [159] Training Class Recall: [0.985,0.975,0.972,0.868,0.966,0.920,0.958,0.940,0.986,0.979]
Epoch [159] Testing Results: Prec@1 43.630 Prec@5 76.590 Loss 4.14665
Epoch [159] Testing Class Recall: [0.679,0.636,0.017,0.145,0.140,0.593,0.414,0.412,0.517,0.810]
Epoch [160] Training Results: Prec@1 97.920 Prec@5 100.000 Loss 0.07707
Epoch [160] Training Class Recall: [0.994,0.988,0.972,0.934,0.974,0.967,0.982,0.974,0.986,0.984]
Epoch [160] Testing Results: Prec@1 46.280 Prec@5 80.120 Loss 3.53745
Epoch [160] Testing Class Recall: [0.555,0.554,0.040,0.291,0.233,0.669,0.494,0.403,0.520,0.869]
Epoch [161] Training Results: Prec@1 97.840 Prec@5 100.000 Loss 0.07312
Epoch [161] Training Class Recall: [0.993,0.994,0.944,0.934,0.971,0.974,0.985,0.980,0.981,0.976]
Epoch [161] Testing Results: Prec@1 46.670 Prec@5 80.460 Loss 3.45730
Epoch [161] Testing Class Recall: [0.581,0.579,0.042,0.279,0.230,0.666,0.526,0.382,0.533,0.849]
Epoch [162] Training Results: Prec@1 97.780 Prec@5 100.000 Loss 0.07768
Epoch [162] Training Class Recall: [0.991,1.000,0.972,0.934,0.963,0.963,0.988,0.980,0.986,0.978]
Epoch [162] Testing Results: Prec@1 45.580 Prec@5 80.220 Loss 3.66465
Epoch [162] Testing Class Recall: [0.596,0.572,0.044,0.284,0.226,0.621,0.486,0.338,0.522,0.869]
Epoch [163] Training Results: Prec@1 98.540 Prec@5 100.000 Loss 0.06049
Epoch [163] Training Class Recall: [0.991,1.000,0.972,0.957,0.979,0.981,0.988,0.987,0.989,0.991]
Epoch [163] Testing Results: Prec@1 46.970 Prec@5 80.330 Loss 3.46761
Epoch [163] Testing Class Recall: [0.572,0.574,0.042,0.294,0.228,0.672,0.532,0.405,0.533,0.845]
Epoch [164] Training Results: Prec@1 98.320 Prec@5 100.000 Loss 0.06475
Epoch [164] Training Class Recall: [0.993,1.000,0.944,0.968,0.963,0.967,0.988,0.987,0.991,0.985]
Epoch [164] Testing Results: Prec@1 47.500 Prec@5 80.610 Loss 3.42122
Epoch [164] Testing Class Recall: [0.550,0.567,0.035,0.314,0.249,0.685,0.601,0.386,0.513,0.850]
Epoch [165] Training Results: Prec@1 98.400 Prec@5 100.000 Loss 0.06186
Epoch [165] Training Class Recall: [0.991,0.994,0.972,0.964,0.979,0.970,0.991,0.974,0.992,0.985]
Epoch [165] Testing Results: Prec@1 47.490 Prec@5 81.120 Loss 3.36285
Epoch [165] Testing Class Recall: [0.601,0.552,0.042,0.305,0.234,0.679,0.516,0.389,0.579,0.852]
Epoch [166] Training Results: Prec@1 98.500 Prec@5 100.000 Loss 0.05613
Epoch [166] Training Class Recall: [0.992,1.000,1.000,0.964,0.976,0.970,0.991,0.974,0.988,0.993]
Epoch [166] Testing Results: Prec@1 47.330 Prec@5 80.780 Loss 3.45392
Epoch [166] Testing Class Recall: [0.567,0.557,0.043,0.306,0.255,0.671,0.577,0.391,0.514,0.852]
Epoch [167] Training Results: Prec@1 98.600 Prec@5 100.000 Loss 0.05575
Epoch [167] Training Class Recall: [0.993,1.000,1.000,0.964,0.984,0.965,0.991,0.987,0.992,0.991]
Epoch [167] Testing Results: Prec@1 46.170 Prec@5 80.470 Loss 3.57445
Epoch [167] Testing Class Recall: [0.585,0.541,0.043,0.284,0.236,0.614,0.518,0.387,0.531,0.878]
Epoch [168] Training Results: Prec@1 98.600 Prec@5 100.000 Loss 0.05516
Epoch [168] Training Class Recall: [0.992,0.994,0.972,0.966,0.984,0.990,0.988,0.974,0.983,0.988]
Epoch [168] Testing Results: Prec@1 46.180 Prec@5 80.230 Loss 3.58848
Epoch [168] Testing Class Recall: [0.545,0.534,0.044,0.308,0.226,0.651,0.543,0.389,0.513,0.865]
Epoch [169] Training Results: Prec@1 98.800 Prec@5 100.000 Loss 0.05047
Epoch [169] Training Class Recall: [0.994,1.000,1.000,0.982,0.979,0.981,0.985,0.974,0.989,0.993]
Epoch [169] Testing Results: Prec@1 47.790 Prec@5 80.900 Loss 3.40300
Epoch [169] Testing Class Recall: [0.537,0.555,0.046,0.326,0.256,0.688,0.618,0.420,0.494,0.839]
Epoch [170] Training Results: Prec@1 98.660 Prec@5 99.980 Loss 0.05127
Epoch [170] Training Class Recall: [0.992,0.994,0.972,0.979,0.987,0.974,0.990,0.993,0.985,0.988]
Epoch [170] Testing Results: Prec@1 47.170 Prec@5 80.700 Loss 3.44513
Epoch [170] Testing Class Recall: [0.556,0.551,0.040,0.314,0.246,0.681,0.576,0.399,0.485,0.869]
Epoch [171] Training Results: Prec@1 98.700 Prec@5 100.000 Loss 0.05151
Epoch [171] Training Class Recall: [0.993,0.994,1.000,0.973,0.987,0.977,0.990,0.987,0.988,0.988]
Epoch [171] Testing Results: Prec@1 47.030 Prec@5 80.590 Loss 3.54892
Epoch [171] Testing Class Recall: [0.562,0.554,0.040,0.296,0.243,0.662,0.573,0.364,0.544,0.865]
Epoch [172] Training Results: Prec@1 98.860 Prec@5 100.000 Loss 0.04939
Epoch [172] Training Class Recall: [0.996,1.000,0.944,0.975,0.984,0.977,0.994,0.980,0.991,0.990]
Epoch [172] Testing Results: Prec@1 47.600 Prec@5 81.140 Loss 3.44315
Epoch [172] Testing Class Recall: [0.588,0.521,0.043,0.303,0.246,0.671,0.580,0.398,0.556,0.854]
Epoch [173] Training Results: Prec@1 99.080 Prec@5 100.000 Loss 0.04532
Epoch [173] Training Class Recall: [0.993,1.000,0.972,0.986,0.992,0.984,0.999,0.980,0.986,0.993]
Epoch [173] Testing Results: Prec@1 46.370 Prec@5 80.450 Loss 3.62692
Epoch [173] Testing Class Recall: [0.578,0.496,0.041,0.290,0.240,0.658,0.517,0.386,0.545,0.886]
Epoch [174] Training Results: Prec@1 98.660 Prec@5 100.000 Loss 0.04974
Epoch [174] Training Class Recall: [0.996,1.000,1.000,0.975,0.989,0.967,0.990,0.954,0.989,0.990]
Epoch [174] Testing Results: Prec@1 47.010 Prec@5 80.470 Loss 3.53424
Epoch [174] Testing Class Recall: [0.594,0.549,0.041,0.288,0.240,0.648,0.562,0.364,0.562,0.853]
Epoch [175] Training Results: Prec@1 98.860 Prec@5 99.980 Loss 0.05040
Epoch [175] Training Class Recall: [0.991,1.000,0.972,0.966,0.989,0.984,0.996,0.993,0.992,0.990]
Epoch [175] Testing Results: Prec@1 46.870 Prec@5 80.520 Loss 3.57172
Epoch [175] Testing Class Recall: [0.535,0.517,0.046,0.317,0.251,0.684,0.561,0.380,0.522,0.874]
Epoch [176] Training Results: Prec@1 98.880 Prec@5 100.000 Loss 0.04728
Epoch [176] Training Class Recall: [0.994,1.000,0.972,0.964,0.992,0.979,0.988,1.000,0.992,0.996]
Epoch [176] Testing Results: Prec@1 46.920 Prec@5 80.250 Loss 3.58416
Epoch [176] Testing Class Recall: [0.572,0.521,0.033,0.302,0.239,0.663,0.540,0.389,0.564,0.869]
Epoch [177] Training Results: Prec@1 98.800 Prec@5 100.000 Loss 0.04955
Epoch [177] Training Class Recall: [0.994,0.994,0.972,0.977,0.971,0.984,0.997,0.993,0.983,0.990]
Epoch [177] Testing Results: Prec@1 47.220 Prec@5 80.810 Loss 3.49690
Epoch [177] Testing Class Recall: [0.571,0.517,0.049,0.314,0.233,0.686,0.537,0.400,0.556,0.859]
Epoch [178] Training Results: Prec@1 98.860 Prec@5 100.000 Loss 0.04417
Epoch [178] Training Class Recall: [0.996,1.000,0.972,0.966,0.987,0.969,0.996,1.000,0.991,0.994]
Epoch [178] Testing Results: Prec@1 47.370 Prec@5 80.840 Loss 3.48007
Epoch [178] Testing Class Recall: [0.574,0.515,0.048,0.301,0.255,0.650,0.571,0.416,0.550,0.857]
Epoch [179] Training Results: Prec@1 99.000 Prec@5 100.000 Loss 0.04502
Epoch [179] Training Class Recall: [0.997,1.000,1.000,0.973,0.987,0.983,0.991,0.974,0.991,0.996]
Epoch [179] Testing Results: Prec@1 47.280 Prec@5 81.160 Loss 3.46835
Epoch [179] Testing Class Recall: [0.579,0.512,0.042,0.313,0.255,0.681,0.555,0.399,0.520,0.872]
Epoch [180] Training Results: Prec@1 98.700 Prec@5 100.000 Loss 0.04816
Epoch [180] Training Class Recall: [0.994,0.963,1.000,0.964,0.984,0.983,0.991,0.987,0.992,0.990]
Epoch [180] Testing Results: Prec@1 46.860 Prec@5 80.780 Loss 3.53967
Epoch [180] Testing Class Recall: [0.547,0.496,0.043,0.317,0.242,0.662,0.591,0.383,0.527,0.878]
Epoch [181] Training Results: Prec@1 99.020 Prec@5 100.000 Loss 0.04448
Epoch [181] Training Class Recall: [0.993,1.000,1.000,0.977,0.995,0.979,0.991,0.980,0.997,0.993]
Epoch [181] Testing Results: Prec@1 47.730 Prec@5 80.740 Loss 3.46198
Epoch [181] Testing Class Recall: [0.535,0.524,0.045,0.309,0.260,0.681,0.617,0.398,0.550,0.854]
Epoch [182] Training Results: Prec@1 98.900 Prec@5 100.000 Loss 0.04454
Epoch [182] Training Class Recall: [0.991,0.988,1.000,0.973,0.987,0.984,0.993,0.993,0.991,0.994]
Epoch [182] Testing Results: Prec@1 46.720 Prec@5 80.400 Loss 3.58476
Epoch [182] Testing Class Recall: [0.547,0.537,0.053,0.299,0.235,0.671,0.512,0.401,0.541,0.876]
Epoch [183] Training Results: Prec@1 98.940 Prec@5 100.000 Loss 0.04252
Epoch [183] Training Class Recall: [0.994,1.000,1.000,0.977,0.992,0.969,0.994,1.000,0.992,0.991]
Epoch [183] Testing Results: Prec@1 46.480 Prec@5 80.530 Loss 3.59765
Epoch [183] Testing Class Recall: [0.590,0.498,0.045,0.304,0.215,0.669,0.513,0.386,0.557,0.871]
Epoch [184] Training Results: Prec@1 99.340 Prec@5 100.000 Loss 0.03994
Epoch [184] Training Class Recall: [0.996,1.000,1.000,0.993,0.992,0.990,0.991,0.987,0.994,0.994]
Epoch [184] Testing Results: Prec@1 47.070 Prec@5 80.760 Loss 3.49833
Epoch [184] Testing Class Recall: [0.563,0.533,0.047,0.300,0.239,0.671,0.557,0.381,0.539,0.877]
Epoch [185] Training Results: Prec@1 98.940 Prec@5 100.000 Loss 0.04515
Epoch [185] Training Class Recall: [0.997,1.000,0.972,0.977,0.976,0.984,0.994,0.980,0.989,0.991]
Epoch [185] Testing Results: Prec@1 46.370 Prec@5 80.300 Loss 3.61988
Epoch [185] Testing Class Recall: [0.589,0.527,0.041,0.302,0.223,0.641,0.549,0.343,0.549,0.873]
Epoch [186] Training Results: Prec@1 99.040 Prec@5 100.000 Loss 0.04330
Epoch [186] Training Class Recall: [0.996,0.988,1.000,0.979,0.984,0.984,0.996,0.993,0.991,0.990]
Epoch [186] Testing Results: Prec@1 46.790 Prec@5 80.840 Loss 3.53560
Epoch [186] Testing Class Recall: [0.583,0.525,0.050,0.301,0.245,0.654,0.582,0.376,0.506,0.857]
Epoch [187] Training Results: Prec@1 99.040 Prec@5 100.000 Loss 0.04451
Epoch [187] Training Class Recall: [0.997,0.988,1.000,0.977,0.981,0.983,0.991,0.980,0.997,0.994]
Epoch [187] Testing Results: Prec@1 47.090 Prec@5 81.070 Loss 3.51523
Epoch [187] Testing Class Recall: [0.623,0.501,0.045,0.291,0.236,0.678,0.555,0.339,0.584,0.857]
Epoch [188] Training Results: Prec@1 99.000 Prec@5 100.000 Loss 0.04407
Epoch [188] Training Class Recall: [0.994,0.994,1.000,0.989,0.984,0.984,0.990,0.993,0.991,0.990]
Epoch [188] Testing Results: Prec@1 46.950 Prec@5 81.030 Loss 3.50705
Epoch [188] Testing Class Recall: [0.608,0.529,0.049,0.305,0.244,0.652,0.516,0.385,0.539,0.868]
Epoch [189] Training Results: Prec@1 99.040 Prec@5 100.000 Loss 0.04599
Epoch [189] Training Class Recall: [0.998,1.000,0.972,0.970,0.989,0.988,0.993,0.980,0.991,0.991]
Epoch [189] Testing Results: Prec@1 46.500 Prec@5 80.720 Loss 3.57013
Epoch [189] Testing Class Recall: [0.581,0.510,0.045,0.314,0.242,0.623,0.541,0.376,0.543,0.875]
Epoch [190] Training Results: Prec@1 98.900 Prec@5 100.000 Loss 0.04413
Epoch [190] Training Class Recall: [0.995,0.994,0.944,0.961,0.995,0.983,0.991,0.980,0.991,0.997]
Epoch [190] Testing Results: Prec@1 47.110 Prec@5 80.370 Loss 3.45914
Epoch [190] Testing Class Recall: [0.537,0.520,0.040,0.316,0.244,0.687,0.589,0.409,0.505,0.864]
Epoch [191] Training Results: Prec@1 99.060 Prec@5 100.000 Loss 0.04204
Epoch [191] Training Class Recall: [0.994,1.000,0.972,0.979,0.992,0.979,0.994,0.993,0.995,0.990]
Epoch [191] Testing Results: Prec@1 46.090 Prec@5 79.980 Loss 3.68119
Epoch [191] Testing Class Recall: [0.553,0.525,0.046,0.286,0.229,0.646,0.527,0.383,0.532,0.882]
Epoch [192] Training Results: Prec@1 99.100 Prec@5 100.000 Loss 0.04268
Epoch [192] Training Class Recall: [0.996,0.994,1.000,0.984,0.984,0.981,0.994,0.987,0.998,0.988]
Epoch [192] Testing Results: Prec@1 46.710 Prec@5 81.010 Loss 3.52650
Epoch [192] Testing Class Recall: [0.592,0.489,0.043,0.322,0.240,0.620,0.571,0.378,0.551,0.865]
Epoch [193] Training Results: Prec@1 98.940 Prec@5 100.000 Loss 0.04434
Epoch [193] Training Class Recall: [0.994,0.981,1.000,0.979,0.984,0.984,0.990,0.974,0.995,0.994]
Epoch [193] Testing Results: Prec@1 47.160 Prec@5 81.000 Loss 3.55517
Epoch [193] Testing Class Recall: [0.592,0.528,0.046,0.308,0.256,0.641,0.576,0.371,0.540,0.858]
Epoch [194] Training Results: Prec@1 98.980 Prec@5 100.000 Loss 0.04674
Epoch [194] Training Class Recall: [0.995,0.988,0.972,0.977,0.984,0.988,0.991,0.974,0.995,0.991]
Epoch [194] Testing Results: Prec@1 46.250 Prec@5 80.390 Loss 3.63776
Epoch [194] Testing Class Recall: [0.583,0.505,0.042,0.293,0.227,0.654,0.570,0.333,0.548,0.870]
Epoch [195] Training Results: Prec@1 99.120 Prec@5 100.000 Loss 0.04179
Epoch [195] Training Class Recall: [0.994,1.000,0.972,0.975,0.992,0.983,0.994,0.987,0.995,0.996]
Epoch [195] Testing Results: Prec@1 46.340 Prec@5 80.360 Loss 3.63876
Epoch [195] Testing Class Recall: [0.548,0.462,0.041,0.297,0.227,0.684,0.546,0.388,0.551,0.890]
Epoch [196] Training Results: Prec@1 99.080 Prec@5 100.000 Loss 0.04149
Epoch [196] Training Class Recall: [0.996,0.988,0.972,0.986,0.992,0.979,0.993,0.993,0.992,0.991]
Epoch [196] Testing Results: Prec@1 46.670 Prec@5 80.500 Loss 3.51671
Epoch [196] Testing Class Recall: [0.539,0.518,0.047,0.327,0.230,0.695,0.542,0.405,0.494,0.870]
Epoch [197] Training Results: Prec@1 98.920 Prec@5 100.000 Loss 0.04558
Epoch [197] Training Class Recall: [0.994,0.994,0.944,0.979,0.992,0.976,0.991,0.987,0.992,0.994]
Epoch [197] Testing Results: Prec@1 46.900 Prec@5 80.620 Loss 3.57025
Epoch [197] Testing Class Recall: [0.608,0.526,0.039,0.301,0.222,0.635,0.580,0.374,0.533,0.872]
Epoch [198] Training Results: Prec@1 98.960 Prec@5 100.000 Loss 0.04298
Epoch [198] Training Class Recall: [0.998,1.000,0.972,0.973,0.979,0.981,0.996,0.987,0.989,0.991]
Epoch [198] Testing Results: Prec@1 46.700 Prec@5 80.370 Loss 3.59390
Epoch [198] Testing Class Recall: [0.579,0.503,0.043,0.288,0.221,0.664,0.586,0.367,0.549,0.870]
Epoch [199] Training Results: Prec@1 99.220 Prec@5 100.000 Loss 0.04042
Epoch [199] Training Class Recall: [0.997,1.000,0.972,0.984,0.995,0.986,0.993,0.987,0.995,0.990]
Epoch [199] Testing Results: Prec@1 47.390 Prec@5 80.930 Loss 3.48394
Epoch [199] Testing Class Recall: [0.556,0.520,0.045,0.308,0.261,0.667,0.587,0.405,0.523,0.867]
