Log file: cifar10_sava0.3_erm_exp1.0_seed42_20260616_075712.log
Run started: 2026-06-16 07:57:12.612476
Dataset: cifar10
Imbalance type: exp, factor: 1.0
Selection method: sava, ratio: 0.3
Strategy: ERM, epochs: 200
Seed: 42, rand_number: 0
Augmentation: weak
Noise ratio: 0.2
mamix_ratio: 1.0
============================================================

=> No CSV or TensorBoard logging – only console and debug log.
-----------------------------------------------
Class ID   | Original   | Selected   | Keep %  
-----------------------------------------------
0          | 5000       | 2045       |   40.9%
1          | 5000       | 1248       |   25.0%
2          | 5000       | 1287       |   25.7%
3          | 5000       | 1556       |   31.1%
4          | 5000       | 1277       |   25.5%
5          | 5000       | 1688       |   33.8%
6          | 5000       | 1552       |   31.0%
7          | 5000       | 1336       |   26.7%
8          | 5000       | 1555       |   31.1%
9          | 5000       | 1456       |   29.1%
-----------------------------------------------
TOTAL      | 50000      | 15000      |   30.0%
-----------------------------------------------
Epoch [0] Training Results: Prec@1 24.213 Prec@5 78.853 Loss 2.01334
Epoch [0] Training Class Recall: [0.395,0.224,0.270,0.105,0.172,0.215,0.226,0.137,0.286,0.323]
Epoch [0] Testing Results: Prec@1 22.240 Prec@5 79.670 Loss 2.36348
Epoch [0] Testing Class Recall: [0.000,0.228,0.193,0.000,0.000,0.867,0.012,0.001,0.547,0.376]
Epoch [1] Training Results: Prec@1 34.193 Prec@5 88.453 Loss 1.74262
Epoch [1] Training Class Recall: [0.469,0.379,0.378,0.197,0.125,0.311,0.401,0.296,0.356,0.444]
Epoch [1] Testing Results: Prec@1 33.290 Prec@5 80.950 Loss 1.97739
Epoch [1] Testing Class Recall: [0.039,0.287,0.391,0.356,0.001,0.290,0.459,0.612,0.622,0.272]
Epoch [2] Training Results: Prec@1 42.807 Prec@5 91.647 Loss 1.54164
Epoch [2] Training Class Recall: [0.525,0.482,0.428,0.244,0.175,0.396,0.572,0.389,0.479,0.527]
Epoch [2] Testing Results: Prec@1 34.060 Prec@5 86.100 Loss 2.18007
Epoch [2] Testing Class Recall: [0.524,0.157,0.113,0.144,0.118,0.275,0.833,0.619,0.062,0.561]
Epoch [3] Training Results: Prec@1 50.353 Prec@5 93.800 Loss 1.37119
Epoch [3] Training Class Recall: [0.586,0.571,0.502,0.267,0.273,0.442,0.656,0.499,0.589,0.609]
Epoch [3] Testing Results: Prec@1 40.850 Prec@5 87.740 Loss 2.09700
Epoch [3] Testing Class Recall: [0.730,0.164,0.226,0.000,0.010,0.756,0.449,0.525,0.514,0.711]
Epoch [4] Training Results: Prec@1 55.067 Prec@5 94.753 Loss 1.24477
Epoch [4] Training Class Recall: [0.629,0.655,0.524,0.307,0.339,0.505,0.687,0.521,0.637,0.665]
Epoch [4] Testing Results: Prec@1 35.710 Prec@5 86.990 Loss 2.22425
Epoch [4] Testing Class Recall: [0.763,0.232,0.401,0.172,0.021,0.334,0.740,0.195,0.120,0.593]
Epoch [5] Training Results: Prec@1 60.740 Prec@5 96.140 Loss 1.09254
Epoch [5] Training Class Recall: [0.692,0.725,0.565,0.328,0.449,0.542,0.701,0.607,0.727,0.712]
Epoch [5] Testing Results: Prec@1 49.730 Prec@5 90.090 Loss 1.52005
Epoch [5] Testing Class Recall: [0.610,0.383,0.460,0.160,0.288,0.480,0.631,0.532,0.754,0.675]
Epoch [6] Training Results: Prec@1 64.507 Prec@5 96.767 Loss 0.99447
Epoch [6] Training Class Recall: [0.725,0.767,0.602,0.382,0.544,0.579,0.704,0.638,0.750,0.745]
Epoch [6] Testing Results: Prec@1 49.850 Prec@5 89.470 Loss 1.76736
Epoch [6] Testing Class Recall: [0.283,0.664,0.236,0.275,0.460,0.663,0.865,0.383,0.621,0.535]
Epoch [7] Training Results: Prec@1 68.080 Prec@5 97.627 Loss 0.90273
Epoch [7] Training Class Recall: [0.759,0.800,0.626,0.429,0.583,0.602,0.751,0.666,0.792,0.784]
Epoch [7] Testing Results: Prec@1 55.620 Prec@5 92.900 Loss 1.46581
Epoch [7] Testing Class Recall: [0.704,0.759,0.370,0.213,0.459,0.605,0.798,0.729,0.409,0.516]
Epoch [8] Training Results: Prec@1 70.553 Prec@5 97.893 Loss 0.83392
Epoch [8] Training Class Recall: [0.769,0.822,0.649,0.479,0.625,0.617,0.757,0.722,0.801,0.810]
Epoch [8] Testing Results: Prec@1 51.830 Prec@5 87.840 Loss 1.87949
Epoch [8] Testing Class Recall: [0.668,0.523,0.220,0.145,0.223,0.715,0.609,0.615,0.551,0.914]
Epoch [9] Training Results: Prec@1 72.267 Prec@5 98.300 Loss 0.78420
Epoch [9] Training Class Recall: [0.781,0.832,0.662,0.507,0.670,0.655,0.757,0.725,0.820,0.815]
Epoch [9] Testing Results: Prec@1 49.640 Prec@5 90.050 Loss 2.05529
Epoch [9] Testing Class Recall: [0.241,0.648,0.255,0.182,0.276,0.936,0.853,0.372,0.633,0.568]
Epoch [10] Training Results: Prec@1 74.533 Prec@5 98.627 Loss 0.72450
Epoch [10] Training Class Recall: [0.801,0.857,0.685,0.536,0.698,0.637,0.796,0.775,0.828,0.846]
Epoch [10] Testing Results: Prec@1 52.760 Prec@5 87.360 Loss 2.19006
Epoch [10] Testing Class Recall: [0.372,0.833,0.308,0.305,0.289,0.536,0.298,0.630,0.774,0.931]
Epoch [11] Training Results: Prec@1 76.267 Prec@5 98.713 Loss 0.67579
Epoch [11] Training Class Recall: [0.804,0.865,0.698,0.566,0.740,0.682,0.809,0.780,0.844,0.845]
Epoch [11] Testing Results: Prec@1 53.950 Prec@5 85.190 Loss 1.82941
Epoch [11] Testing Class Recall: [0.600,0.555,0.238,0.150,0.286,0.703,0.218,0.820,0.870,0.955]
Epoch [12] Training Results: Prec@1 76.987 Prec@5 98.800 Loss 0.65368
Epoch [12] Training Class Recall: [0.829,0.869,0.725,0.591,0.713,0.679,0.829,0.766,0.851,0.841]
Epoch [12] Testing Results: Prec@1 53.510 Prec@5 90.520 Loss 1.95194
Epoch [12] Testing Class Recall: [0.373,0.814,0.476,0.091,0.356,0.515,0.373,0.972,0.593,0.788]
Epoch [13] Training Results: Prec@1 78.980 Prec@5 99.013 Loss 0.59809
Epoch [13] Training Class Recall: [0.838,0.885,0.742,0.615,0.755,0.712,0.834,0.791,0.859,0.868]
Epoch [13] Testing Results: Prec@1 60.240 Prec@5 93.960 Loss 1.49570
Epoch [13] Testing Class Recall: [0.542,0.720,0.346,0.683,0.577,0.570,0.366,0.513,0.948,0.759]
Epoch [14] Training Results: Prec@1 79.207 Prec@5 99.100 Loss 0.58861
Epoch [14] Training Class Recall: [0.834,0.872,0.743,0.621,0.769,0.719,0.836,0.805,0.859,0.867]
Epoch [14] Testing Results: Prec@1 58.560 Prec@5 91.630 Loss 1.76464
Epoch [14] Testing Class Recall: [0.241,0.272,0.568,0.537,0.477,0.748,0.649,0.802,0.666,0.896]
Epoch [15] Training Results: Prec@1 80.200 Prec@5 99.107 Loss 0.56904
Epoch [15] Training Class Recall: [0.837,0.885,0.768,0.629,0.767,0.717,0.850,0.823,0.874,0.879]
Epoch [15] Testing Results: Prec@1 60.060 Prec@5 90.600 Loss 1.68747
Epoch [15] Testing Class Recall: [0.760,0.754,0.168,0.511,0.442,0.726,0.804,0.732,0.510,0.599]
Epoch [16] Training Results: Prec@1 80.827 Prec@5 99.233 Loss 0.54837
Epoch [16] Training Class Recall: [0.844,0.889,0.766,0.661,0.782,0.717,0.845,0.827,0.883,0.876]
Epoch [16] Testing Results: Prec@1 52.370 Prec@5 92.570 Loss 1.71361
Epoch [16] Testing Class Recall: [0.511,0.922,0.402,0.490,0.626,0.104,0.921,0.513,0.559,0.189]
Epoch [17] Training Results: Prec@1 81.820 Prec@5 99.333 Loss 0.51934
Epoch [17] Training Class Recall: [0.855,0.898,0.779,0.677,0.789,0.736,0.862,0.842,0.882,0.866]
Epoch [17] Testing Results: Prec@1 56.990 Prec@5 92.310 Loss 1.64625
Epoch [17] Testing Class Recall: [0.743,0.569,0.359,0.382,0.376,0.808,0.797,0.481,0.534,0.650]
Epoch [18] Training Results: Prec@1 82.453 Prec@5 99.253 Loss 0.50542
Epoch [18] Training Class Recall: [0.868,0.906,0.800,0.661,0.806,0.732,0.870,0.836,0.886,0.889]
Epoch [18] Testing Results: Prec@1 64.360 Prec@5 93.050 Loss 1.30987
Epoch [18] Testing Class Recall: [0.632,0.906,0.467,0.493,0.448,0.773,0.777,0.648,0.535,0.757]
Epoch [19] Training Results: Prec@1 83.800 Prec@5 99.347 Loss 0.47616
Epoch [19] Training Class Recall: [0.875,0.915,0.819,0.681,0.813,0.757,0.881,0.847,0.904,0.896]
Epoch [19] Testing Results: Prec@1 66.520 Prec@5 93.910 Loss 1.28982
Epoch [19] Testing Class Recall: [0.545,0.758,0.454,0.596,0.337,0.645,0.773,0.762,0.907,0.875]
Epoch [20] Training Results: Prec@1 83.613 Prec@5 99.447 Loss 0.45926
Epoch [20] Training Class Recall: [0.878,0.913,0.810,0.680,0.799,0.764,0.883,0.850,0.899,0.890]
Epoch [20] Testing Results: Prec@1 60.500 Prec@5 88.770 Loss 1.70158
Epoch [20] Testing Class Recall: [0.390,0.864,0.198,0.383,0.491,0.537,0.699,0.736,0.820,0.932]
Epoch [21] Training Results: Prec@1 83.047 Prec@5 99.400 Loss 0.48109
Epoch [21] Training Class Recall: [0.863,0.911,0.796,0.673,0.801,0.747,0.879,0.853,0.896,0.895]
Epoch [21] Testing Results: Prec@1 60.700 Prec@5 89.780 Loss 1.59001
Epoch [21] Testing Class Recall: [0.641,0.891,0.372,0.320,0.263,0.723,0.528,0.637,0.909,0.786]
Epoch [22] Training Results: Prec@1 84.140 Prec@5 99.387 Loss 0.45304
Epoch [22] Training Class Recall: [0.870,0.913,0.821,0.688,0.811,0.783,0.892,0.850,0.900,0.891]
Epoch [22] Testing Results: Prec@1 65.100 Prec@5 95.140 Loss 1.40046
Epoch [22] Testing Class Recall: [0.359,0.942,0.630,0.348,0.560,0.489,0.871,0.907,0.711,0.693]
Epoch [23] Training Results: Prec@1 84.913 Prec@5 99.473 Loss 0.43523
Epoch [23] Training Class Recall: [0.884,0.924,0.833,0.702,0.825,0.764,0.894,0.877,0.902,0.898]
Epoch [23] Testing Results: Prec@1 62.090 Prec@5 91.250 Loss 1.68202
Epoch [23] Testing Class Recall: [0.528,0.782,0.301,0.188,0.314,0.811,0.727,0.892,0.728,0.938]
Epoch [24] Training Results: Prec@1 86.033 Prec@5 99.580 Loss 0.39868
Epoch [24] Training Class Recall: [0.900,0.931,0.835,0.722,0.837,0.780,0.904,0.873,0.918,0.907]
Epoch [24] Testing Results: Prec@1 63.180 Prec@5 91.940 Loss 1.64046
Epoch [24] Testing Class Recall: [0.617,0.910,0.450,0.353,0.343,0.669,0.530,0.872,0.784,0.790]
Epoch [25] Training Results: Prec@1 85.733 Prec@5 99.607 Loss 0.40861
Epoch [25] Training Class Recall: [0.896,0.922,0.838,0.713,0.835,0.793,0.899,0.879,0.902,0.900]
Epoch [25] Testing Results: Prec@1 67.240 Prec@5 95.340 Loss 1.19126
Epoch [25] Testing Class Recall: [0.577,0.607,0.586,0.567,0.553,0.658,0.645,0.876,0.928,0.727]
Epoch [26] Training Results: Prec@1 86.160 Prec@5 99.700 Loss 0.39972
Epoch [26] Training Class Recall: [0.897,0.918,0.839,0.730,0.839,0.800,0.898,0.879,0.909,0.909]
Epoch [26] Testing Results: Prec@1 70.190 Prec@5 96.280 Loss 1.03909
Epoch [26] Testing Class Recall: [0.711,0.826,0.495,0.576,0.660,0.514,0.785,0.859,0.726,0.867]
Epoch [27] Training Results: Prec@1 86.593 Prec@5 99.687 Loss 0.37811
Epoch [27] Training Class Recall: [0.892,0.933,0.858,0.737,0.849,0.796,0.896,0.875,0.916,0.918]
Epoch [27] Testing Results: Prec@1 64.440 Prec@5 92.940 Loss 1.53963
Epoch [27] Testing Class Recall: [0.559,0.803,0.371,0.741,0.436,0.490,0.697,0.715,0.675,0.957]
Epoch [28] Training Results: Prec@1 86.287 Prec@5 99.587 Loss 0.39426
Epoch [28] Training Class Recall: [0.902,0.921,0.836,0.738,0.839,0.793,0.901,0.876,0.909,0.916]
Epoch [28] Testing Results: Prec@1 64.690 Prec@5 93.610 Loss 1.41783
Epoch [28] Testing Class Recall: [0.542,0.949,0.562,0.518,0.378,0.589,0.677,0.955,0.561,0.738]
Epoch [29] Training Results: Prec@1 86.827 Prec@5 99.620 Loss 0.37832
Epoch [29] Training Class Recall: [0.888,0.927,0.852,0.744,0.854,0.797,0.918,0.882,0.918,0.916]
Epoch [29] Testing Results: Prec@1 68.900 Prec@5 94.610 Loss 1.20022
Epoch [29] Testing Class Recall: [0.388,0.866,0.547,0.643,0.519,0.723,0.875,0.775,0.807,0.747]
Epoch [30] Training Results: Prec@1 87.080 Prec@5 99.600 Loss 0.36756
Epoch [30] Training Class Recall: [0.906,0.936,0.855,0.740,0.854,0.802,0.907,0.882,0.911,0.922]
Epoch [30] Testing Results: Prec@1 62.790 Prec@5 90.280 Loss 1.74203
Epoch [30] Testing Class Recall: [0.729,0.608,0.313,0.194,0.273,0.817,0.806,0.689,0.910,0.940]
Epoch [31] Training Results: Prec@1 87.253 Prec@5 99.680 Loss 0.35886
Epoch [31] Training Class Recall: [0.902,0.933,0.852,0.749,0.861,0.815,0.907,0.882,0.911,0.919]
Epoch [31] Testing Results: Prec@1 65.430 Prec@5 92.870 Loss 1.61486
Epoch [31] Testing Class Recall: [0.662,0.822,0.398,0.419,0.642,0.489,0.662,0.824,0.678,0.947]
Epoch [32] Training Results: Prec@1 87.747 Prec@5 99.727 Loss 0.34770
Epoch [32] Training Class Recall: [0.905,0.941,0.871,0.762,0.870,0.801,0.903,0.898,0.918,0.919]
Epoch [32] Testing Results: Prec@1 65.640 Prec@5 93.890 Loss 1.55752
Epoch [32] Testing Class Recall: [0.491,0.754,0.506,0.279,0.561,0.828,0.535,0.836,0.901,0.873]
Epoch [33] Training Results: Prec@1 88.040 Prec@5 99.633 Loss 0.34014
Epoch [33] Training Class Recall: [0.907,0.928,0.867,0.779,0.861,0.820,0.909,0.891,0.925,0.922]
Epoch [33] Testing Results: Prec@1 63.460 Prec@5 93.030 Loss 1.57279
Epoch [33] Testing Class Recall: [0.823,0.801,0.408,0.510,0.325,0.672,0.762,0.407,0.778,0.860]
Epoch [34] Training Results: Prec@1 87.747 Prec@5 99.673 Loss 0.34289
Epoch [34] Training Class Recall: [0.903,0.933,0.866,0.760,0.867,0.805,0.916,0.891,0.925,0.922]
Epoch [34] Testing Results: Prec@1 67.620 Prec@5 97.040 Loss 1.17340
Epoch [34] Testing Class Recall: [0.528,0.911,0.707,0.806,0.518,0.495,0.606,0.674,0.719,0.798]
Epoch [35] Training Results: Prec@1 87.947 Prec@5 99.713 Loss 0.33644
Epoch [35] Training Class Recall: [0.905,0.947,0.863,0.760,0.870,0.807,0.914,0.891,0.922,0.928]
Epoch [35] Testing Results: Prec@1 70.610 Prec@5 95.380 Loss 1.13637
Epoch [35] Testing Class Recall: [0.644,0.902,0.533,0.591,0.525,0.741,0.878,0.773,0.724,0.750]
Epoch [36] Training Results: Prec@1 88.947 Prec@5 99.693 Loss 0.31621
Epoch [36] Training Class Recall: [0.914,0.931,0.883,0.784,0.866,0.829,0.920,0.907,0.929,0.937]
Epoch [36] Testing Results: Prec@1 61.810 Prec@5 93.730 Loss 1.69121
Epoch [36] Testing Class Recall: [0.688,0.927,0.372,0.774,0.308,0.562,0.875,0.577,0.729,0.369]
Epoch [37] Training Results: Prec@1 88.933 Prec@5 99.727 Loss 0.31960
Epoch [37] Training Class Recall: [0.920,0.934,0.880,0.778,0.889,0.841,0.907,0.901,0.932,0.917]
Epoch [37] Testing Results: Prec@1 67.090 Prec@5 92.670 Loss 1.44928
Epoch [37] Testing Class Recall: [0.576,0.835,0.367,0.443,0.392,0.791,0.685,0.858,0.834,0.928]
Epoch [38] Training Results: Prec@1 88.993 Prec@5 99.807 Loss 0.31344
Epoch [38] Training Class Recall: [0.912,0.936,0.873,0.790,0.878,0.833,0.928,0.893,0.927,0.935]
Epoch [38] Testing Results: Prec@1 66.380 Prec@5 93.530 Loss 1.41283
Epoch [38] Testing Class Recall: [0.647,0.745,0.485,0.354,0.621,0.694,0.697,0.669,0.781,0.945]
Epoch [39] Training Results: Prec@1 88.213 Prec@5 99.760 Loss 0.33351
Epoch [39] Training Class Recall: [0.905,0.933,0.873,0.770,0.879,0.832,0.907,0.894,0.911,0.927]
Epoch [39] Testing Results: Prec@1 69.250 Prec@5 93.670 Loss 1.24883
Epoch [39] Testing Class Recall: [0.651,0.909,0.550,0.723,0.487,0.481,0.690,0.739,0.821,0.874]
Epoch [40] Training Results: Prec@1 88.680 Prec@5 99.707 Loss 0.31820
Epoch [40] Training Class Recall: [0.906,0.937,0.877,0.783,0.868,0.839,0.910,0.908,0.924,0.924]
Epoch [40] Testing Results: Prec@1 69.400 Prec@5 94.430 Loss 1.26676
Epoch [40] Testing Class Recall: [0.750,0.797,0.466,0.371,0.560,0.671,0.681,0.890,0.899,0.855]
Epoch [41] Training Results: Prec@1 89.153 Prec@5 99.760 Loss 0.30461
Epoch [41] Training Class Recall: [0.923,0.937,0.880,0.776,0.872,0.847,0.919,0.909,0.930,0.925]
Epoch [41] Testing Results: Prec@1 68.910 Prec@5 94.230 Loss 1.31017
Epoch [41] Testing Class Recall: [0.681,0.930,0.454,0.606,0.422,0.743,0.682,0.880,0.657,0.836]
Epoch [42] Training Results: Prec@1 89.527 Prec@5 99.760 Loss 0.29745
Epoch [42] Training Class Recall: [0.922,0.943,0.891,0.805,0.867,0.835,0.925,0.912,0.927,0.929]
Epoch [42] Testing Results: Prec@1 66.900 Prec@5 95.390 Loss 1.43770
Epoch [42] Testing Class Recall: [0.673,0.774,0.580,0.413,0.592,0.829,0.875,0.659,0.652,0.643]
Epoch [43] Training Results: Prec@1 89.173 Prec@5 99.793 Loss 0.30480
Epoch [43] Training Class Recall: [0.919,0.951,0.866,0.783,0.857,0.839,0.922,0.917,0.927,0.939]
Epoch [43] Testing Results: Prec@1 62.500 Prec@5 93.840 Loss 1.59377
Epoch [43] Testing Class Recall: [0.478,0.534,0.379,0.656,0.292,0.881,0.540,0.725,0.815,0.950]
Epoch [44] Training Results: Prec@1 89.813 Prec@5 99.767 Loss 0.29019
Epoch [44] Training Class Recall: [0.917,0.945,0.895,0.810,0.885,0.831,0.929,0.912,0.937,0.931]
Epoch [44] Testing Results: Prec@1 68.380 Prec@5 94.030 Loss 1.34378
Epoch [44] Testing Class Recall: [0.601,0.722,0.382,0.555,0.666,0.807,0.777,0.660,0.766,0.902]
Epoch [45] Training Results: Prec@1 89.600 Prec@5 99.807 Loss 0.29304
Epoch [45] Training Class Recall: [0.917,0.939,0.892,0.794,0.883,0.856,0.920,0.897,0.927,0.938]
Epoch [45] Testing Results: Prec@1 70.680 Prec@5 95.720 Loss 1.23222
Epoch [45] Testing Class Recall: [0.747,0.716,0.358,0.434,0.596,0.817,0.822,0.829,0.815,0.934]
Epoch [46] Training Results: Prec@1 90.247 Prec@5 99.840 Loss 0.28052
Epoch [46] Training Class Recall: [0.922,0.939,0.900,0.812,0.889,0.848,0.927,0.924,0.932,0.942]
Epoch [46] Testing Results: Prec@1 67.220 Prec@5 94.020 Loss 1.54412
Epoch [46] Testing Class Recall: [0.608,0.786,0.396,0.586,0.477,0.717,0.905,0.655,0.764,0.828]
Epoch [47] Training Results: Prec@1 90.700 Prec@5 99.860 Loss 0.26549
Epoch [47] Training Class Recall: [0.933,0.950,0.904,0.809,0.891,0.854,0.940,0.921,0.932,0.940]
Epoch [47] Testing Results: Prec@1 71.000 Prec@5 95.940 Loss 1.24896
Epoch [47] Testing Class Recall: [0.578,0.683,0.439,0.701,0.618,0.808,0.767,0.797,0.797,0.912]
Epoch [48] Training Results: Prec@1 88.740 Prec@5 99.793 Loss 0.32670
Epoch [48] Training Class Recall: [0.907,0.935,0.866,0.783,0.886,0.840,0.917,0.908,0.924,0.917]
Epoch [48] Testing Results: Prec@1 64.560 Prec@5 93.390 Loss 1.64963
Epoch [48] Testing Class Recall: [0.812,0.894,0.501,0.612,0.193,0.429,0.727,0.847,0.714,0.727]
Epoch [49] Training Results: Prec@1 90.013 Prec@5 99.793 Loss 0.28452
Epoch [49] Training Class Recall: [0.927,0.945,0.896,0.798,0.890,0.841,0.934,0.907,0.938,0.933]
Epoch [49] Testing Results: Prec@1 64.080 Prec@5 93.510 Loss 1.69583
Epoch [49] Testing Class Recall: [0.526,0.768,0.322,0.543,0.598,0.867,0.561,0.473,0.848,0.902]
Epoch [50] Training Results: Prec@1 90.560 Prec@5 99.873 Loss 0.27031
Epoch [50] Training Class Recall: [0.927,0.954,0.903,0.809,0.893,0.855,0.932,0.914,0.936,0.940]
Epoch [50] Testing Results: Prec@1 71.000 Prec@5 95.860 Loss 1.22674
Epoch [50] Testing Class Recall: [0.690,0.813,0.640,0.552,0.461,0.639,0.864,0.842,0.797,0.802]
Epoch [51] Training Results: Prec@1 90.367 Prec@5 99.860 Loss 0.27396
Epoch [51] Training Class Recall: [0.933,0.949,0.903,0.809,0.879,0.855,0.924,0.915,0.941,0.932]
Epoch [51] Testing Results: Prec@1 71.310 Prec@5 95.560 Loss 1.15861
Epoch [51] Testing Class Recall: [0.652,0.946,0.484,0.535,0.713,0.701,0.780,0.833,0.683,0.804]
Epoch [52] Training Results: Prec@1 90.387 Prec@5 99.807 Loss 0.27590
Epoch [52] Training Class Recall: [0.920,0.951,0.887,0.812,0.889,0.867,0.933,0.917,0.930,0.938]
Epoch [52] Testing Results: Prec@1 69.540 Prec@5 93.590 Loss 1.41208
Epoch [52] Testing Class Recall: [0.617,0.898,0.442,0.331,0.489,0.715,0.820,0.889,0.855,0.898]
Epoch [53] Training Results: Prec@1 90.900 Prec@5 99.827 Loss 0.25921
Epoch [53] Training Class Recall: [0.929,0.955,0.915,0.812,0.882,0.860,0.934,0.923,0.941,0.946]
Epoch [53] Testing Results: Prec@1 67.330 Prec@5 94.120 Loss 1.37843
Epoch [53] Testing Class Recall: [0.508,0.970,0.452,0.575,0.470,0.893,0.727,0.569,0.828,0.741]
Epoch [54] Training Results: Prec@1 90.900 Prec@5 99.800 Loss 0.25664
Epoch [54] Training Class Recall: [0.923,0.954,0.902,0.834,0.893,0.863,0.934,0.923,0.941,0.933]
Epoch [54] Testing Results: Prec@1 64.490 Prec@5 92.660 Loss 1.72732
Epoch [54] Testing Class Recall: [0.752,0.667,0.392,0.406,0.553,0.404,0.741,0.675,0.894,0.965]
Epoch [55] Training Results: Prec@1 90.680 Prec@5 99.860 Loss 0.26170
Epoch [55] Training Class Recall: [0.927,0.958,0.887,0.825,0.912,0.851,0.934,0.913,0.937,0.933]
Epoch [55] Testing Results: Prec@1 67.840 Prec@5 95.020 Loss 1.39175
Epoch [55] Testing Class Recall: [0.600,0.960,0.480,0.603,0.433,0.883,0.728,0.648,0.682,0.767]
Epoch [56] Training Results: Prec@1 91.153 Prec@5 99.873 Loss 0.24449
Epoch [56] Training Class Recall: [0.926,0.951,0.900,0.817,0.908,0.875,0.945,0.921,0.941,0.940]
Epoch [56] Testing Results: Prec@1 67.230 Prec@5 93.560 Loss 1.59295
Epoch [56] Testing Class Recall: [0.568,0.773,0.506,0.332,0.395,0.825,0.704,0.772,0.928,0.920]
Epoch [57] Training Results: Prec@1 90.660 Prec@5 99.853 Loss 0.26502
Epoch [57] Training Class Recall: [0.929,0.947,0.883,0.813,0.909,0.863,0.928,0.928,0.936,0.935]
Epoch [57] Testing Results: Prec@1 53.760 Prec@5 84.430 Loss 2.90797
Epoch [57] Testing Class Recall: [0.573,0.759,0.275,0.512,0.085,0.612,0.405,0.571,0.619,0.965]
Epoch [58] Training Results: Prec@1 91.227 Prec@5 99.833 Loss 0.25227
Epoch [58] Training Class Recall: [0.927,0.953,0.896,0.836,0.901,0.870,0.936,0.932,0.943,0.937]
Epoch [58] Testing Results: Prec@1 69.630 Prec@5 94.350 Loss 1.38981
Epoch [58] Testing Class Recall: [0.630,0.940,0.484,0.330,0.490,0.740,0.924,0.783,0.782,0.860]
Epoch [59] Training Results: Prec@1 90.840 Prec@5 99.847 Loss 0.25498
Epoch [59] Training Class Recall: [0.927,0.951,0.897,0.817,0.905,0.858,0.930,0.912,0.944,0.951]
Epoch [59] Testing Results: Prec@1 74.180 Prec@5 95.940 Loss 1.03741
Epoch [59] Testing Class Recall: [0.584,0.904,0.514,0.517,0.680,0.769,0.872,0.897,0.812,0.869]
Epoch [60] Training Results: Prec@1 91.413 Prec@5 99.900 Loss 0.24487
Epoch [60] Training Class Recall: [0.927,0.950,0.903,0.837,0.915,0.880,0.939,0.927,0.938,0.933]
Epoch [60] Testing Results: Prec@1 64.750 Prec@5 92.930 Loss 1.71776
Epoch [60] Testing Class Recall: [0.905,0.929,0.375,0.482,0.400,0.635,0.428,0.952,0.597,0.772]
Epoch [61] Training Results: Prec@1 90.260 Prec@5 99.860 Loss 0.27644
Epoch [61] Training Class Recall: [0.920,0.945,0.876,0.820,0.904,0.864,0.927,0.923,0.923,0.931]
Epoch [61] Testing Results: Prec@1 70.120 Prec@5 95.550 Loss 1.31619
Epoch [61] Testing Class Recall: [0.693,0.848,0.410,0.841,0.510,0.623,0.644,0.804,0.812,0.827]
Epoch [62] Training Results: Prec@1 91.947 Prec@5 99.927 Loss 0.22950
Epoch [62] Training Class Recall: [0.940,0.952,0.911,0.834,0.917,0.870,0.947,0.932,0.945,0.953]
Epoch [62] Testing Results: Prec@1 70.690 Prec@5 95.810 Loss 1.28528
Epoch [62] Testing Class Recall: [0.632,0.869,0.533,0.292,0.628,0.902,0.717,0.875,0.765,0.856]
Epoch [63] Training Results: Prec@1 91.207 Prec@5 99.887 Loss 0.24148
Epoch [63] Training Class Recall: [0.933,0.941,0.897,0.827,0.912,0.869,0.930,0.927,0.950,0.938]
Epoch [63] Testing Results: Prec@1 63.220 Prec@5 93.020 Loss 1.57625
Epoch [63] Testing Class Recall: [0.585,0.779,0.487,0.741,0.286,0.608,0.447,0.643,0.852,0.894]
Epoch [64] Training Results: Prec@1 90.213 Prec@5 99.820 Loss 0.27724
Epoch [64] Training Class Recall: [0.922,0.943,0.897,0.812,0.889,0.856,0.934,0.908,0.936,0.931]
Epoch [64] Testing Results: Prec@1 70.040 Prec@5 95.240 Loss 1.26197
Epoch [64] Testing Class Recall: [0.550,0.739,0.475,0.642,0.574,0.812,0.722,0.771,0.787,0.932]
Epoch [65] Training Results: Prec@1 91.687 Prec@5 99.893 Loss 0.23269
Epoch [65] Training Class Recall: [0.933,0.954,0.909,0.847,0.903,0.879,0.928,0.934,0.943,0.943]
Epoch [65] Testing Results: Prec@1 70.940 Prec@5 95.320 Loss 1.21874
Epoch [65] Testing Class Recall: [0.736,0.950,0.532,0.500,0.570,0.838,0.722,0.784,0.682,0.780]
Epoch [66] Training Results: Prec@1 90.880 Prec@5 99.880 Loss 0.25057
Epoch [66] Training Class Recall: [0.922,0.944,0.897,0.832,0.901,0.864,0.937,0.930,0.940,0.930]
Epoch [66] Testing Results: Prec@1 62.600 Prec@5 91.300 Loss 1.90737
Epoch [66] Testing Class Recall: [0.723,0.698,0.378,0.562,0.334,0.603,0.485,0.751,0.938,0.788]
Epoch [67] Training Results: Prec@1 91.473 Prec@5 99.887 Loss 0.23587
Epoch [67] Training Class Recall: [0.934,0.950,0.908,0.834,0.922,0.873,0.930,0.912,0.950,0.940]
Epoch [67] Testing Results: Prec@1 61.660 Prec@5 90.530 Loss 1.98415
Epoch [67] Testing Class Recall: [0.571,0.721,0.371,0.310,0.238,0.573,0.912,0.667,0.851,0.952]
Epoch [68] Training Results: Prec@1 92.320 Prec@5 99.947 Loss 0.21864
Epoch [68] Training Class Recall: [0.936,0.949,0.920,0.846,0.916,0.886,0.947,0.940,0.958,0.941]
Epoch [68] Testing Results: Prec@1 66.170 Prec@5 93.060 Loss 1.83090
Epoch [68] Testing Class Recall: [0.695,0.799,0.412,0.311,0.344,0.851,0.564,0.899,0.790,0.952]
Epoch [69] Training Results: Prec@1 92.327 Prec@5 99.900 Loss 0.22204
Epoch [69] Training Class Recall: [0.940,0.958,0.921,0.862,0.903,0.882,0.948,0.920,0.948,0.954]
Epoch [69] Testing Results: Prec@1 72.360 Prec@5 97.350 Loss 1.09986
Epoch [69] Testing Class Recall: [0.685,0.717,0.704,0.565,0.637,0.664,0.771,0.812,0.797,0.884]
Epoch [70] Training Results: Prec@1 91.280 Prec@5 99.887 Loss 0.24647
Epoch [70] Training Class Recall: [0.931,0.958,0.904,0.835,0.898,0.872,0.941,0.921,0.940,0.934]
Epoch [70] Testing Results: Prec@1 56.920 Prec@5 89.890 Loss 2.51770
Epoch [70] Testing Class Recall: [0.763,0.476,0.345,0.177,0.243,0.769,0.574,0.530,0.845,0.970]
Epoch [71] Training Results: Prec@1 92.127 Prec@5 99.907 Loss 0.22101
Epoch [71] Training Class Recall: [0.941,0.948,0.910,0.853,0.914,0.883,0.936,0.921,0.959,0.948]
Epoch [71] Testing Results: Prec@1 67.200 Prec@5 92.940 Loss 1.49681
Epoch [71] Testing Class Recall: [0.697,0.784,0.362,0.306,0.594,0.732,0.837,0.657,0.827,0.924]
Epoch [72] Training Results: Prec@1 91.580 Prec@5 99.940 Loss 0.24087
Epoch [72] Training Class Recall: [0.937,0.950,0.895,0.838,0.922,0.877,0.938,0.921,0.940,0.944]
Epoch [72] Testing Results: Prec@1 69.360 Prec@5 94.760 Loss 1.40154
Epoch [72] Testing Class Recall: [0.541,0.930,0.504,0.589,0.629,0.727,0.585,0.940,0.675,0.816]
Epoch [73] Training Results: Prec@1 92.813 Prec@5 99.900 Loss 0.20852
Epoch [73] Training Class Recall: [0.948,0.961,0.918,0.864,0.926,0.887,0.940,0.934,0.958,0.948]
Epoch [73] Testing Results: Prec@1 68.060 Prec@5 94.300 Loss 1.56027
Epoch [73] Testing Class Recall: [0.557,0.861,0.419,0.749,0.409,0.495,0.916,0.750,0.795,0.855]
Epoch [74] Training Results: Prec@1 92.187 Prec@5 99.953 Loss 0.21890
Epoch [74] Training Class Recall: [0.942,0.957,0.919,0.837,0.915,0.876,0.946,0.933,0.952,0.946]
Epoch [74] Testing Results: Prec@1 61.410 Prec@5 90.380 Loss 2.10305
Epoch [74] Testing Class Recall: [0.753,0.595,0.486,0.219,0.363,0.755,0.334,0.931,0.760,0.945]
Epoch [75] Training Results: Prec@1 92.947 Prec@5 99.913 Loss 0.19682
Epoch [75] Training Class Recall: [0.940,0.955,0.931,0.856,0.918,0.898,0.953,0.938,0.954,0.958]
Epoch [75] Testing Results: Prec@1 73.460 Prec@5 94.980 Loss 1.22891
Epoch [75] Testing Class Recall: [0.654,0.882,0.457,0.659,0.604,0.719,0.836,0.826,0.802,0.907]
Epoch [76] Training Results: Prec@1 93.593 Prec@5 99.920 Loss 0.18288
Epoch [76] Training Class Recall: [0.952,0.969,0.929,0.872,0.926,0.905,0.952,0.949,0.958,0.951]
Epoch [76] Testing Results: Prec@1 65.210 Prec@5 92.120 Loss 1.86781
Epoch [76] Testing Class Recall: [0.582,0.758,0.400,0.609,0.206,0.589,0.891,0.680,0.904,0.902]
Epoch [77] Training Results: Prec@1 91.227 Prec@5 99.893 Loss 0.24525
Epoch [77] Training Class Recall: [0.921,0.941,0.908,0.846,0.902,0.884,0.935,0.927,0.933,0.931]
Epoch [77] Testing Results: Prec@1 69.460 Prec@5 94.410 Loss 1.48000
Epoch [77] Testing Class Recall: [0.633,0.931,0.588,0.413,0.464,0.890,0.736,0.665,0.761,0.865]
Epoch [78] Training Results: Prec@1 92.607 Prec@5 99.867 Loss 0.21338
Epoch [78] Training Class Recall: [0.942,0.966,0.918,0.850,0.920,0.888,0.941,0.927,0.959,0.955]
Epoch [78] Testing Results: Prec@1 69.380 Prec@5 95.620 Loss 1.35618
Epoch [78] Testing Class Recall: [0.757,0.685,0.488,0.611,0.490,0.801,0.820,0.610,0.824,0.852]
Epoch [79] Training Results: Prec@1 92.580 Prec@5 99.887 Loss 0.21035
Epoch [79] Training Class Recall: [0.929,0.959,0.916,0.862,0.926,0.883,0.949,0.942,0.948,0.954]
Epoch [79] Testing Results: Prec@1 69.610 Prec@5 95.370 Loss 1.23195
Epoch [79] Testing Class Recall: [0.551,0.866,0.661,0.747,0.457,0.736,0.489,0.857,0.863,0.734]
Epoch [80] Training Results: Prec@1 92.633 Prec@5 99.920 Loss 0.20860
Epoch [80] Training Class Recall: [0.951,0.954,0.914,0.859,0.902,0.895,0.941,0.935,0.963,0.945]
Epoch [80] Testing Results: Prec@1 71.150 Prec@5 96.340 Loss 1.20448
Epoch [80] Testing Class Recall: [0.711,0.887,0.571,0.523,0.521,0.896,0.612,0.826,0.713,0.855]
Epoch [81] Training Results: Prec@1 92.140 Prec@5 99.893 Loss 0.21654
Epoch [81] Training Class Recall: [0.940,0.955,0.906,0.850,0.918,0.883,0.936,0.932,0.947,0.951]
Epoch [81] Testing Results: Prec@1 73.790 Prec@5 96.890 Loss 1.09813
Epoch [81] Testing Class Recall: [0.585,0.894,0.598,0.684,0.623,0.796,0.895,0.703,0.739,0.862]
Epoch [82] Training Results: Prec@1 93.093 Prec@5 99.927 Loss 0.19951
Epoch [82] Training Class Recall: [0.941,0.959,0.924,0.857,0.934,0.908,0.951,0.932,0.952,0.957]
Epoch [82] Testing Results: Prec@1 70.640 Prec@5 95.260 Loss 1.30986
Epoch [82] Testing Class Recall: [0.441,0.913,0.617,0.480,0.600,0.657,0.847,0.828,0.909,0.772]
Epoch [83] Training Results: Prec@1 91.400 Prec@5 99.900 Loss 0.24475
Epoch [83] Training Class Recall: [0.937,0.937,0.918,0.844,0.918,0.877,0.925,0.922,0.931,0.937]
Epoch [83] Testing Results: Prec@1 65.800 Prec@5 94.360 Loss 1.63509
Epoch [83] Testing Class Recall: [0.579,0.842,0.439,0.416,0.389,0.945,0.741,0.613,0.694,0.922]
Epoch [84] Training Results: Prec@1 93.247 Prec@5 99.927 Loss 0.19143
Epoch [84] Training Class Recall: [0.951,0.966,0.925,0.864,0.922,0.890,0.941,0.944,0.967,0.959]
Epoch [84] Testing Results: Prec@1 71.580 Prec@5 94.750 Loss 1.38396
Epoch [84] Testing Class Recall: [0.698,0.866,0.403,0.655,0.428,0.754,0.839,0.744,0.933,0.838]
Epoch [85] Training Results: Prec@1 93.407 Prec@5 99.867 Loss 0.18626
Epoch [85] Training Class Recall: [0.945,0.962,0.918,0.866,0.928,0.910,0.957,0.948,0.956,0.954]
Epoch [85] Testing Results: Prec@1 73.280 Prec@5 96.670 Loss 1.16330
Epoch [85] Testing Class Recall: [0.607,0.899,0.663,0.687,0.615,0.648,0.783,0.819,0.810,0.797]
Epoch [86] Training Results: Prec@1 92.680 Prec@5 99.947 Loss 0.20687
Epoch [86] Training Class Recall: [0.940,0.958,0.929,0.859,0.922,0.888,0.945,0.933,0.948,0.955]
Epoch [86] Testing Results: Prec@1 68.360 Prec@5 94.750 Loss 1.62801
Epoch [86] Testing Class Recall: [0.818,0.811,0.587,0.361,0.320,0.895,0.847,0.727,0.654,0.816]
Epoch [87] Training Results: Prec@1 93.107 Prec@5 99.947 Loss 0.19315
Epoch [87] Training Class Recall: [0.949,0.970,0.921,0.867,0.912,0.891,0.948,0.956,0.949,0.954]
Epoch [87] Testing Results: Prec@1 73.300 Prec@5 95.830 Loss 1.17649
Epoch [87] Testing Class Recall: [0.624,0.820,0.616,0.635,0.617,0.658,0.745,0.818,0.873,0.924]
Epoch [88] Training Results: Prec@1 93.487 Prec@5 99.933 Loss 0.18810
Epoch [88] Training Class Recall: [0.943,0.960,0.929,0.878,0.937,0.908,0.952,0.948,0.954,0.947]
Epoch [88] Testing Results: Prec@1 70.680 Prec@5 95.380 Loss 1.28398
Epoch [88] Testing Class Recall: [0.630,0.785,0.545,0.547,0.547,0.824,0.630,0.872,0.745,0.943]
Epoch [89] Training Results: Prec@1 92.687 Prec@5 99.873 Loss 0.20419
Epoch [89] Training Class Recall: [0.943,0.954,0.918,0.859,0.916,0.896,0.950,0.943,0.946,0.946]
Epoch [89] Testing Results: Prec@1 73.840 Prec@5 96.090 Loss 1.09852
Epoch [89] Testing Class Recall: [0.696,0.849,0.436,0.600,0.660,0.776,0.878,0.735,0.900,0.854]
Epoch [90] Training Results: Prec@1 93.387 Prec@5 99.900 Loss 0.18997
Epoch [90] Training Class Recall: [0.943,0.968,0.929,0.873,0.937,0.899,0.954,0.941,0.945,0.959]
Epoch [90] Testing Results: Prec@1 67.610 Prec@5 94.640 Loss 1.63320
Epoch [90] Testing Class Recall: [0.735,0.712,0.335,0.712,0.450,0.770,0.703,0.661,0.722,0.961]
Epoch [91] Training Results: Prec@1 93.320 Prec@5 99.920 Loss 0.19238
Epoch [91] Training Class Recall: [0.945,0.958,0.939,0.877,0.925,0.896,0.952,0.939,0.954,0.953]
Epoch [91] Testing Results: Prec@1 68.530 Prec@5 95.900 Loss 1.58451
Epoch [91] Testing Class Recall: [0.500,0.917,0.496,0.527,0.684,0.898,0.488,0.808,0.747,0.788]
Epoch [92] Training Results: Prec@1 93.127 Prec@5 99.907 Loss 0.19693
Epoch [92] Training Class Recall: [0.940,0.956,0.938,0.857,0.929,0.908,0.952,0.939,0.952,0.948]
Epoch [92] Testing Results: Prec@1 69.900 Prec@5 95.450 Loss 1.43998
Epoch [92] Testing Class Recall: [0.759,0.849,0.535,0.630,0.470,0.781,0.779,0.600,0.685,0.902]
Epoch [93] Training Results: Prec@1 92.913 Prec@5 99.927 Loss 0.20230
Epoch [93] Training Class Recall: [0.944,0.965,0.922,0.862,0.933,0.888,0.945,0.939,0.954,0.948]
Epoch [93] Testing Results: Prec@1 67.750 Prec@5 93.330 Loss 1.50343
Epoch [93] Testing Class Recall: [0.782,0.663,0.467,0.424,0.411,0.822,0.604,0.837,0.811,0.954]
Epoch [94] Training Results: Prec@1 92.440 Prec@5 99.933 Loss 0.22039
Epoch [94] Training Class Recall: [0.934,0.955,0.920,0.862,0.918,0.889,0.934,0.934,0.954,0.950]
Epoch [94] Testing Results: Prec@1 70.580 Prec@5 94.600 Loss 1.39138
Epoch [94] Testing Class Recall: [0.568,0.841,0.463,0.709,0.541,0.823,0.662,0.710,0.802,0.939]
Epoch [95] Training Results: Prec@1 93.460 Prec@5 99.953 Loss 0.18391
Epoch [95] Training Class Recall: [0.948,0.969,0.929,0.873,0.925,0.899,0.956,0.941,0.954,0.959]
Epoch [95] Testing Results: Prec@1 70.590 Prec@5 94.960 Loss 1.31863
Epoch [95] Testing Class Recall: [0.740,0.924,0.559,0.788,0.421,0.615,0.727,0.529,0.887,0.869]
Epoch [96] Training Results: Prec@1 91.833 Prec@5 99.900 Loss 0.22587
Epoch [96] Training Class Recall: [0.935,0.962,0.897,0.857,0.912,0.884,0.936,0.906,0.945,0.951]
Epoch [96] Testing Results: Prec@1 70.440 Prec@5 94.670 Loss 1.39011
Epoch [96] Testing Class Recall: [0.737,0.803,0.420,0.618,0.539,0.570,0.742,0.927,0.766,0.922]
Epoch [97] Training Results: Prec@1 93.573 Prec@5 99.920 Loss 0.18506
Epoch [97] Training Class Recall: [0.947,0.968,0.924,0.891,0.930,0.898,0.955,0.949,0.949,0.951]
Epoch [97] Testing Results: Prec@1 65.210 Prec@5 93.620 Loss 1.80883
Epoch [97] Testing Class Recall: [0.486,0.897,0.336,0.265,0.312,0.960,0.838,0.736,0.790,0.901]
Epoch [98] Training Results: Prec@1 93.527 Prec@5 99.953 Loss 0.18785
Epoch [98] Training Class Recall: [0.945,0.968,0.919,0.881,0.944,0.902,0.958,0.943,0.947,0.952]
Epoch [98] Testing Results: Prec@1 66.760 Prec@5 95.390 Loss 1.66457
Epoch [98] Testing Class Recall: [0.777,0.746,0.425,0.751,0.372,0.594,0.884,0.625,0.677,0.825]
Epoch [99] Training Results: Prec@1 93.760 Prec@5 99.953 Loss 0.16834
Epoch [99] Training Class Recall: [0.945,0.966,0.926,0.879,0.933,0.909,0.954,0.947,0.963,0.960]
Epoch [99] Testing Results: Prec@1 69.650 Prec@5 93.820 Loss 1.49783
Epoch [99] Testing Class Recall: [0.823,0.915,0.335,0.588,0.537,0.746,0.666,0.705,0.848,0.802]
Epoch [100] Training Results: Prec@1 92.953 Prec@5 99.927 Loss 0.19673
Epoch [100] Training Class Recall: [0.940,0.962,0.925,0.864,0.920,0.899,0.946,0.948,0.952,0.945]
Epoch [100] Testing Results: Prec@1 72.720 Prec@5 96.100 Loss 1.11203
Epoch [100] Testing Class Recall: [0.662,0.763,0.507,0.636,0.540,0.647,0.908,0.817,0.879,0.913]
Epoch [101] Training Results: Prec@1 92.487 Prec@5 99.940 Loss 0.21337
Epoch [101] Training Class Recall: [0.935,0.963,0.901,0.874,0.919,0.882,0.945,0.942,0.947,0.946]
Epoch [101] Testing Results: Prec@1 61.790 Prec@5 93.900 Loss 2.28156
Epoch [101] Testing Class Recall: [0.884,0.504,0.425,0.260,0.431,0.803,0.723,0.579,0.666,0.904]
Epoch [102] Training Results: Prec@1 94.187 Prec@5 99.993 Loss 0.16608
Epoch [102] Training Class Recall: [0.956,0.965,0.943,0.883,0.932,0.912,0.954,0.954,0.968,0.957]
Epoch [102] Testing Results: Prec@1 64.460 Prec@5 91.790 Loss 1.90326
Epoch [102] Testing Class Recall: [0.474,0.825,0.395,0.599,0.379,0.576,0.642,0.713,0.880,0.963]
Epoch [103] Training Results: Prec@1 93.160 Prec@5 99.927 Loss 0.19618
Epoch [103] Training Class Recall: [0.946,0.958,0.929,0.866,0.926,0.898,0.949,0.945,0.950,0.953]
Epoch [103] Testing Results: Prec@1 60.340 Prec@5 89.860 Loss 2.02594
Epoch [103] Testing Class Recall: [0.460,0.873,0.373,0.172,0.440,0.926,0.568,0.629,0.691,0.902]
Epoch [104] Training Results: Prec@1 92.840 Prec@5 99.947 Loss 0.20859
Epoch [104] Training Class Recall: [0.940,0.959,0.923,0.871,0.929,0.892,0.941,0.938,0.952,0.946]
Epoch [104] Testing Results: Prec@1 69.130 Prec@5 93.970 Loss 1.54127
Epoch [104] Testing Class Recall: [0.631,0.741,0.462,0.601,0.457,0.820,0.653,0.781,0.898,0.869]
Epoch [105] Training Results: Prec@1 93.520 Prec@5 99.980 Loss 0.18245
Epoch [105] Training Class Recall: [0.940,0.952,0.925,0.891,0.933,0.921,0.956,0.942,0.949,0.945]
Epoch [105] Testing Results: Prec@1 70.330 Prec@5 94.880 Loss 1.32597
Epoch [105] Testing Class Recall: [0.553,0.937,0.482,0.796,0.558,0.742,0.695,0.657,0.815,0.798]
Epoch [106] Training Results: Prec@1 93.913 Prec@5 99.920 Loss 0.17115
Epoch [106] Training Class Recall: [0.949,0.970,0.929,0.881,0.943,0.915,0.952,0.946,0.960,0.953]
Epoch [106] Testing Results: Prec@1 70.950 Prec@5 95.370 Loss 1.43098
Epoch [106] Testing Class Recall: [0.710,0.702,0.379,0.861,0.511,0.612,0.723,0.850,0.808,0.939]
Epoch [107] Training Results: Prec@1 94.233 Prec@5 99.947 Loss 0.15498
Epoch [107] Training Class Recall: [0.962,0.969,0.916,0.887,0.937,0.912,0.961,0.953,0.962,0.964]
Epoch [107] Testing Results: Prec@1 71.350 Prec@5 95.330 Loss 1.36030
Epoch [107] Testing Class Recall: [0.534,0.911,0.551,0.581,0.727,0.821,0.823,0.746,0.728,0.713]
Epoch [108] Training Results: Prec@1 92.840 Prec@5 99.893 Loss 0.20219
Epoch [108] Training Class Recall: [0.939,0.960,0.908,0.868,0.912,0.898,0.945,0.950,0.954,0.955]
Epoch [108] Testing Results: Prec@1 68.720 Prec@5 95.470 Loss 1.58376
Epoch [108] Testing Class Recall: [0.813,0.721,0.504,0.407,0.483,0.883,0.814,0.695,0.750,0.802]
Epoch [109] Training Results: Prec@1 94.013 Prec@5 99.933 Loss 0.17346
Epoch [109] Training Class Recall: [0.945,0.967,0.941,0.890,0.943,0.908,0.943,0.957,0.961,0.957]
Epoch [109] Testing Results: Prec@1 73.770 Prec@5 96.740 Loss 1.09312
Epoch [109] Testing Class Recall: [0.699,0.789,0.623,0.562,0.720,0.748,0.787,0.672,0.864,0.913]
Epoch [110] Training Results: Prec@1 93.247 Prec@5 99.940 Loss 0.19517
Epoch [110] Training Class Recall: [0.946,0.966,0.932,0.872,0.931,0.886,0.951,0.948,0.950,0.952]
Epoch [110] Testing Results: Prec@1 69.920 Prec@5 96.400 Loss 1.43486
Epoch [110] Testing Class Recall: [0.684,0.942,0.487,0.867,0.501,0.623,0.818,0.623,0.747,0.700]
Epoch [111] Training Results: Prec@1 94.113 Prec@5 99.960 Loss 0.17118
Epoch [111] Training Class Recall: [0.956,0.966,0.944,0.895,0.939,0.916,0.948,0.943,0.953,0.954]
Epoch [111] Testing Results: Prec@1 69.580 Prec@5 94.380 Loss 1.40473
Epoch [111] Testing Class Recall: [0.524,0.916,0.490,0.282,0.543,0.707,0.785,0.956,0.909,0.846]
Epoch [112] Training Results: Prec@1 93.253 Prec@5 99.947 Loss 0.19376
Epoch [112] Training Class Recall: [0.938,0.953,0.925,0.881,0.939,0.906,0.944,0.938,0.963,0.944]
Epoch [112] Testing Results: Prec@1 69.370 Prec@5 93.740 Loss 1.52463
Epoch [112] Testing Class Recall: [0.759,0.942,0.424,0.703,0.416,0.566,0.719,0.831,0.724,0.853]
Epoch [113] Training Results: Prec@1 93.353 Prec@5 99.973 Loss 0.18653
Epoch [113] Training Class Recall: [0.946,0.965,0.937,0.885,0.924,0.903,0.938,0.936,0.955,0.951]
Epoch [113] Testing Results: Prec@1 72.330 Prec@5 96.290 Loss 1.16513
Epoch [113] Testing Class Recall: [0.672,0.817,0.685,0.621,0.610,0.473,0.815,0.815,0.846,0.879]
Epoch [114] Training Results: Prec@1 93.393 Prec@5 99.947 Loss 0.19171
Epoch [114] Training Class Recall: [0.944,0.960,0.925,0.872,0.931,0.899,0.952,0.943,0.961,0.959]
Epoch [114] Testing Results: Prec@1 70.750 Prec@5 95.200 Loss 1.41557
Epoch [114] Testing Class Recall: [0.681,0.783,0.523,0.549,0.570,0.836,0.805,0.604,0.861,0.863]
Epoch [115] Training Results: Prec@1 94.280 Prec@5 99.960 Loss 0.16642
Epoch [115] Training Class Recall: [0.947,0.968,0.932,0.895,0.937,0.914,0.962,0.943,0.967,0.968]
Epoch [115] Testing Results: Prec@1 72.820 Prec@5 95.900 Loss 1.16338
Epoch [115] Testing Class Recall: [0.618,0.938,0.548,0.672,0.767,0.519,0.802,0.770,0.771,0.877]
Epoch [116] Training Results: Prec@1 93.067 Prec@5 99.940 Loss 0.19571
Epoch [116] Training Class Recall: [0.937,0.959,0.922,0.886,0.919,0.903,0.953,0.935,0.952,0.944]
Epoch [116] Testing Results: Prec@1 67.080 Prec@5 92.060 Loss 1.60201
Epoch [116] Testing Class Recall: [0.737,0.882,0.451,0.320,0.494,0.746,0.671,0.904,0.702,0.801]
Epoch [117] Training Results: Prec@1 94.113 Prec@5 99.933 Loss 0.17037
Epoch [117] Training Class Recall: [0.954,0.965,0.932,0.898,0.935,0.917,0.958,0.954,0.951,0.950]
Epoch [117] Testing Results: Prec@1 68.980 Prec@5 94.620 Loss 1.34820
Epoch [117] Testing Class Recall: [0.665,0.788,0.555,0.556,0.660,0.606,0.643,0.595,0.873,0.957]
Epoch [118] Training Results: Prec@1 94.407 Prec@5 99.980 Loss 0.16713
Epoch [118] Training Class Recall: [0.955,0.971,0.928,0.888,0.938,0.919,0.958,0.963,0.967,0.959]
Epoch [118] Testing Results: Prec@1 69.100 Prec@5 94.740 Loss 1.71898
Epoch [118] Testing Class Recall: [0.627,0.783,0.443,0.466,0.551,0.899,0.669,0.682,0.834,0.956]
Epoch [119] Training Results: Prec@1 93.927 Prec@5 99.967 Loss 0.16826
Epoch [119] Training Class Recall: [0.943,0.968,0.939,0.884,0.944,0.908,0.952,0.957,0.952,0.957]
Epoch [119] Testing Results: Prec@1 67.710 Prec@5 93.920 Loss 1.65840
Epoch [119] Testing Class Recall: [0.616,0.930,0.500,0.544,0.330,0.919,0.656,0.657,0.720,0.899]
Epoch [120] Training Results: Prec@1 93.860 Prec@5 99.973 Loss 0.17258
Epoch [120] Training Class Recall: [0.949,0.966,0.933,0.895,0.937,0.909,0.956,0.936,0.954,0.955]
Epoch [120] Testing Results: Prec@1 68.730 Prec@5 93.250 Loss 1.67614
Epoch [120] Testing Class Recall: [0.629,0.898,0.457,0.466,0.412,0.773,0.923,0.618,0.788,0.909]
Epoch [121] Training Results: Prec@1 93.813 Prec@5 99.933 Loss 0.17792
Epoch [121] Training Class Recall: [0.951,0.969,0.928,0.889,0.926,0.917,0.954,0.934,0.960,0.955]
Epoch [121] Testing Results: Prec@1 69.400 Prec@5 94.470 Loss 1.51308
Epoch [121] Testing Class Recall: [0.774,0.883,0.605,0.313,0.504,0.774,0.683,0.676,0.805,0.923]
Epoch [122] Training Results: Prec@1 93.540 Prec@5 99.953 Loss 0.18073
Epoch [122] Training Class Recall: [0.948,0.962,0.929,0.878,0.930,0.914,0.943,0.949,0.954,0.952]
Epoch [122] Testing Results: Prec@1 68.670 Prec@5 94.090 Loss 1.57891
Epoch [122] Testing Class Recall: [0.800,0.645,0.447,0.501,0.492,0.734,0.689,0.780,0.818,0.961]
Epoch [123] Training Results: Prec@1 94.160 Prec@5 99.980 Loss 0.16829
Epoch [123] Training Class Recall: [0.956,0.960,0.929,0.882,0.947,0.911,0.959,0.953,0.963,0.959]
Epoch [123] Testing Results: Prec@1 66.210 Prec@5 93.100 Loss 1.62162
Epoch [123] Testing Class Recall: [0.407,0.837,0.506,0.822,0.311,0.429,0.789,0.745,0.816,0.959]
Epoch [124] Training Results: Prec@1 94.227 Prec@5 99.947 Loss 0.16200
Epoch [124] Training Class Recall: [0.952,0.971,0.936,0.897,0.945,0.903,0.969,0.942,0.959,0.955]
Epoch [124] Testing Results: Prec@1 64.720 Prec@5 91.510 Loss 1.98796
Epoch [124] Testing Class Recall: [0.776,0.696,0.375,0.439,0.394,0.787,0.444,0.793,0.785,0.983]
Epoch [125] Training Results: Prec@1 93.673 Prec@5 99.913 Loss 0.17917
Epoch [125] Training Class Recall: [0.950,0.962,0.937,0.877,0.937,0.906,0.948,0.937,0.961,0.956]
Epoch [125] Testing Results: Prec@1 69.240 Prec@5 95.000 Loss 1.49371
Epoch [125] Testing Class Recall: [0.709,0.902,0.458,0.253,0.650,0.841,0.739,0.880,0.685,0.807]
Epoch [126] Training Results: Prec@1 93.740 Prec@5 99.913 Loss 0.18255
Epoch [126] Training Class Recall: [0.959,0.969,0.929,0.877,0.935,0.912,0.945,0.945,0.954,0.952]
Epoch [126] Testing Results: Prec@1 68.240 Prec@5 94.540 Loss 1.56122
Epoch [126] Testing Class Recall: [0.667,0.853,0.467,0.801,0.348,0.479,0.876,0.823,0.661,0.849]
Epoch [127] Training Results: Prec@1 93.647 Prec@5 99.940 Loss 0.18107
Epoch [127] Training Class Recall: [0.940,0.966,0.933,0.893,0.930,0.910,0.962,0.935,0.945,0.958]
Epoch [127] Testing Results: Prec@1 66.610 Prec@5 95.450 Loss 1.90665
Epoch [127] Testing Class Recall: [0.717,0.769,0.397,0.246,0.491,0.969,0.710,0.708,0.784,0.870]
Epoch [128] Training Results: Prec@1 93.513 Prec@5 99.927 Loss 0.18856
Epoch [128] Training Class Recall: [0.944,0.962,0.927,0.878,0.933,0.912,0.951,0.936,0.956,0.957]
Epoch [128] Testing Results: Prec@1 71.910 Prec@5 94.730 Loss 1.31016
Epoch [128] Testing Class Recall: [0.603,0.879,0.507,0.436,0.492,0.777,0.834,0.897,0.848,0.918]
Epoch [129] Training Results: Prec@1 94.087 Prec@5 99.973 Loss 0.16394
Epoch [129] Training Class Recall: [0.950,0.966,0.925,0.902,0.933,0.913,0.956,0.951,0.960,0.957]
Epoch [129] Testing Results: Prec@1 72.030 Prec@5 95.620 Loss 1.34758
Epoch [129] Testing Class Recall: [0.691,0.794,0.433,0.611,0.653,0.867,0.778,0.631,0.802,0.943]
Epoch [130] Training Results: Prec@1 93.260 Prec@5 99.960 Loss 0.19258
Epoch [130] Training Class Recall: [0.940,0.956,0.925,0.880,0.935,0.900,0.947,0.948,0.947,0.955]
Epoch [130] Testing Results: Prec@1 70.630 Prec@5 94.550 Loss 1.47707
Epoch [130] Testing Class Recall: [0.688,0.893,0.546,0.606,0.429,0.660,0.700,0.933,0.926,0.682]
Epoch [131] Training Results: Prec@1 93.560 Prec@5 99.933 Loss 0.18344
Epoch [131] Training Class Recall: [0.938,0.962,0.937,0.888,0.930,0.909,0.944,0.948,0.958,0.950]
Epoch [131] Testing Results: Prec@1 70.310 Prec@5 94.070 Loss 1.61480
Epoch [131] Testing Class Recall: [0.505,0.825,0.399,0.430,0.503,0.856,0.763,0.902,0.938,0.910]
Epoch [132] Training Results: Prec@1 94.073 Prec@5 99.947 Loss 0.16639
Epoch [132] Training Class Recall: [0.948,0.970,0.940,0.892,0.939,0.923,0.952,0.954,0.957,0.939]
Epoch [132] Testing Results: Prec@1 70.540 Prec@5 94.720 Loss 1.36808
Epoch [132] Testing Class Recall: [0.417,0.936,0.591,0.648,0.499,0.716,0.719,0.878,0.776,0.874]
Epoch [133] Training Results: Prec@1 94.153 Prec@5 99.960 Loss 0.16859
Epoch [133] Training Class Recall: [0.954,0.967,0.934,0.893,0.936,0.915,0.950,0.954,0.956,0.962]
Epoch [133] Testing Results: Prec@1 71.640 Prec@5 95.740 Loss 1.30502
Epoch [133] Testing Class Recall: [0.692,0.911,0.493,0.515,0.714,0.589,0.668,0.834,0.905,0.843]
Epoch [134] Training Results: Prec@1 92.373 Prec@5 99.900 Loss 0.21657
Epoch [134] Training Class Recall: [0.933,0.958,0.912,0.874,0.902,0.893,0.938,0.931,0.948,0.951]
Epoch [134] Testing Results: Prec@1 66.890 Prec@5 96.400 Loss 1.58656
Epoch [134] Testing Class Recall: [0.718,0.749,0.375,0.871,0.447,0.655,0.805,0.644,0.697,0.728]
Epoch [135] Training Results: Prec@1 94.313 Prec@5 99.967 Loss 0.16412
Epoch [135] Training Class Recall: [0.953,0.970,0.928,0.893,0.942,0.914,0.959,0.949,0.965,0.963]
Epoch [135] Testing Results: Prec@1 73.860 Prec@5 95.860 Loss 1.24443
Epoch [135] Testing Class Recall: [0.577,0.895,0.501,0.577,0.597,0.779,0.847,0.885,0.779,0.949]
Epoch [136] Training Results: Prec@1 94.847 Prec@5 99.967 Loss 0.15140
Epoch [136] Training Class Recall: [0.956,0.970,0.947,0.904,0.940,0.931,0.961,0.957,0.964,0.959]
Epoch [136] Testing Results: Prec@1 71.600 Prec@5 94.300 Loss 1.42637
Epoch [136] Testing Class Recall: [0.681,0.920,0.380,0.659,0.484,0.798,0.759,0.733,0.845,0.901]
Epoch [137] Training Results: Prec@1 94.007 Prec@5 99.947 Loss 0.16552
Epoch [137] Training Class Recall: [0.949,0.954,0.939,0.889,0.944,0.914,0.955,0.950,0.956,0.957]
Epoch [137] Testing Results: Prec@1 71.380 Prec@5 94.390 Loss 1.39222
Epoch [137] Testing Class Recall: [0.584,0.835,0.574,0.494,0.521,0.784,0.763,0.880,0.740,0.963]
Epoch [138] Training Results: Prec@1 94.207 Prec@5 99.980 Loss 0.16649
Epoch [138] Training Class Recall: [0.948,0.965,0.932,0.891,0.952,0.923,0.952,0.950,0.958,0.957]
Epoch [138] Testing Results: Prec@1 71.530 Prec@5 96.950 Loss 1.33854
Epoch [138] Testing Class Recall: [0.683,0.852,0.422,0.506,0.674,0.934,0.608,0.733,0.834,0.907]
Epoch [139] Training Results: Prec@1 94.340 Prec@5 99.947 Loss 0.16200
Epoch [139] Training Class Recall: [0.960,0.970,0.940,0.891,0.932,0.915,0.951,0.942,0.973,0.960]
Epoch [139] Testing Results: Prec@1 75.500 Prec@5 97.110 Loss 1.06958
Epoch [139] Testing Class Recall: [0.706,0.918,0.501,0.803,0.732,0.743,0.715,0.802,0.747,0.883]
Epoch [140] Training Results: Prec@1 93.927 Prec@5 99.940 Loss 0.17496
Epoch [140] Training Class Recall: [0.957,0.962,0.930,0.875,0.926,0.918,0.954,0.959,0.956,0.956]
Epoch [140] Testing Results: Prec@1 70.390 Prec@5 95.420 Loss 1.52096
Epoch [140] Testing Class Recall: [0.577,0.806,0.503,0.311,0.525,0.916,0.806,0.753,0.888,0.954]
Epoch [141] Training Results: Prec@1 94.593 Prec@5 99.967 Loss 0.15057
Epoch [141] Training Class Recall: [0.955,0.968,0.940,0.913,0.943,0.919,0.956,0.951,0.961,0.959]
Epoch [141] Testing Results: Prec@1 72.760 Prec@5 95.790 Loss 1.28528
Epoch [141] Testing Class Recall: [0.710,0.871,0.497,0.369,0.579,0.899,0.819,0.768,0.876,0.888]
Epoch [142] Training Results: Prec@1 93.813 Prec@5 99.953 Loss 0.17552
Epoch [142] Training Class Recall: [0.943,0.970,0.930,0.882,0.932,0.912,0.954,0.952,0.957,0.957]
Epoch [142] Testing Results: Prec@1 71.930 Prec@5 94.230 Loss 1.36554
Epoch [142] Testing Class Recall: [0.667,0.898,0.401,0.544,0.531,0.785,0.844,0.848,0.809,0.866]
Epoch [143] Training Results: Prec@1 93.860 Prec@5 99.940 Loss 0.18069
Epoch [143] Training Class Recall: [0.952,0.968,0.925,0.886,0.930,0.917,0.950,0.945,0.956,0.959]
Epoch [143] Testing Results: Prec@1 67.570 Prec@5 92.600 Loss 1.82793
Epoch [143] Testing Class Recall: [0.571,0.735,0.404,0.569,0.514,0.798,0.840,0.698,0.704,0.924]
Epoch [144] Training Results: Prec@1 94.767 Prec@5 99.987 Loss 0.15125
Epoch [144] Training Class Recall: [0.957,0.967,0.953,0.892,0.955,0.922,0.961,0.952,0.964,0.960]
Epoch [144] Testing Results: Prec@1 69.580 Prec@5 97.100 Loss 1.28987
Epoch [144] Testing Class Recall: [0.815,0.828,0.654,0.798,0.522,0.536,0.678,0.751,0.763,0.613]
Epoch [145] Training Results: Prec@1 94.600 Prec@5 99.973 Loss 0.15391
Epoch [145] Training Class Recall: [0.952,0.976,0.941,0.896,0.937,0.914,0.966,0.953,0.959,0.973]
Epoch [145] Testing Results: Prec@1 68.670 Prec@5 95.900 Loss 1.58991
Epoch [145] Testing Class Recall: [0.772,0.884,0.658,0.582,0.515,0.651,0.840,0.705,0.390,0.870]
Epoch [146] Training Results: Prec@1 93.860 Prec@5 99.967 Loss 0.17468
Epoch [146] Training Class Recall: [0.948,0.958,0.930,0.891,0.935,0.913,0.952,0.951,0.954,0.958]
Epoch [146] Testing Results: Prec@1 74.050 Prec@5 96.920 Loss 1.10482
Epoch [146] Testing Class Recall: [0.767,0.847,0.668,0.767,0.611,0.421,0.824,0.739,0.866,0.895]
Epoch [147] Training Results: Prec@1 94.867 Prec@5 99.987 Loss 0.14486
Epoch [147] Training Class Recall: [0.950,0.971,0.947,0.902,0.951,0.927,0.964,0.957,0.963,0.964]
Epoch [147] Testing Results: Prec@1 67.460 Prec@5 94.260 Loss 1.55882
Epoch [147] Testing Class Recall: [0.637,0.763,0.482,0.804,0.325,0.561,0.599,0.798,0.887,0.890]
Epoch [148] Training Results: Prec@1 93.627 Prec@5 99.953 Loss 0.17954
Epoch [148] Training Class Recall: [0.941,0.955,0.935,0.889,0.940,0.911,0.945,0.953,0.952,0.949]
Epoch [148] Testing Results: Prec@1 70.740 Prec@5 94.950 Loss 1.54039
Epoch [148] Testing Class Recall: [0.772,0.841,0.354,0.653,0.465,0.850,0.700,0.772,0.724,0.943]
Epoch [149] Training Results: Prec@1 95.307 Prec@5 99.973 Loss 0.13697
Epoch [149] Training Class Recall: [0.963,0.966,0.941,0.907,0.949,0.939,0.966,0.956,0.970,0.973]
Epoch [149] Testing Results: Prec@1 69.130 Prec@5 94.860 Loss 1.63443
Epoch [149] Testing Class Recall: [0.798,0.811,0.599,0.648,0.349,0.570,0.764,0.660,0.790,0.924]
Epoch [150] Training Results: Prec@1 94.213 Prec@5 99.947 Loss 0.16332
Epoch [150] Training Class Recall: [0.950,0.962,0.937,0.895,0.937,0.928,0.954,0.944,0.961,0.956]
Epoch [150] Testing Results: Prec@1 73.230 Prec@5 96.780 Loss 1.16125
Epoch [150] Testing Class Recall: [0.741,0.737,0.630,0.536,0.524,0.836,0.806,0.782,0.839,0.892]
Epoch [151] Training Results: Prec@1 94.453 Prec@5 99.973 Loss 0.15665
Epoch [151] Training Class Recall: [0.953,0.971,0.932,0.898,0.948,0.912,0.958,0.960,0.965,0.955]
Epoch [151] Testing Results: Prec@1 65.010 Prec@5 93.650 Loss 2.16449
Epoch [151] Testing Class Recall: [0.528,0.524,0.262,0.369,0.615,0.914,0.808,0.776,0.728,0.977]
Epoch [152] Training Results: Prec@1 94.320 Prec@5 99.927 Loss 0.16634
Epoch [152] Training Class Recall: [0.950,0.962,0.936,0.891,0.941,0.927,0.958,0.957,0.958,0.955]
Epoch [152] Testing Results: Prec@1 69.720 Prec@5 94.020 Loss 1.54419
Epoch [152] Testing Class Recall: [0.637,0.692,0.426,0.654,0.535,0.649,0.779,0.701,0.941,0.958]
Epoch [153] Training Results: Prec@1 93.547 Prec@5 99.940 Loss 0.18705
Epoch [153] Training Class Recall: [0.947,0.961,0.922,0.879,0.937,0.912,0.947,0.935,0.959,0.959]
Epoch [153] Testing Results: Prec@1 70.970 Prec@5 94.060 Loss 1.53853
Epoch [153] Testing Class Recall: [0.832,0.890,0.416,0.425,0.538,0.758,0.834,0.772,0.720,0.912]
Epoch [154] Training Results: Prec@1 95.267 Prec@5 99.980 Loss 0.13654
Epoch [154] Training Class Recall: [0.965,0.973,0.946,0.911,0.951,0.925,0.959,0.959,0.973,0.968]
Epoch [154] Testing Results: Prec@1 68.770 Prec@5 94.430 Loss 1.64399
Epoch [154] Testing Class Recall: [0.708,0.883,0.640,0.432,0.364,0.848,0.760,0.605,0.864,0.773]
Epoch [155] Training Results: Prec@1 92.560 Prec@5 99.900 Loss 0.21454
Epoch [155] Training Class Recall: [0.937,0.960,0.925,0.873,0.894,0.902,0.943,0.919,0.953,0.948]
Epoch [155] Testing Results: Prec@1 75.580 Prec@5 95.950 Loss 1.03608
Epoch [155] Testing Class Recall: [0.548,0.913,0.561,0.771,0.783,0.663,0.801,0.859,0.800,0.859]
Epoch [156] Training Results: Prec@1 94.387 Prec@5 99.980 Loss 0.15484
Epoch [156] Training Class Recall: [0.950,0.968,0.946,0.892,0.942,0.919,0.952,0.957,0.964,0.957]
Epoch [156] Testing Results: Prec@1 66.920 Prec@5 94.130 Loss 1.75457
Epoch [156] Testing Class Recall: [0.639,0.777,0.366,0.544,0.540,0.835,0.904,0.600,0.579,0.908]
Epoch [157] Training Results: Prec@1 94.787 Prec@5 99.960 Loss 0.15220
Epoch [157] Training Class Recall: [0.953,0.970,0.933,0.909,0.954,0.931,0.961,0.954,0.964,0.954]
Epoch [157] Testing Results: Prec@1 74.780 Prec@5 96.880 Loss 1.07083
Epoch [157] Testing Class Recall: [0.698,0.904,0.670,0.761,0.551,0.634,0.681,0.875,0.878,0.826]
Epoch [158] Training Results: Prec@1 94.967 Prec@5 99.987 Loss 0.14970
Epoch [158] Training Class Recall: [0.961,0.973,0.940,0.917,0.957,0.917,0.967,0.956,0.958,0.956]
Epoch [158] Testing Results: Prec@1 73.430 Prec@5 95.640 Loss 1.25432
Epoch [158] Testing Class Recall: [0.835,0.868,0.459,0.641,0.528,0.631,0.808,0.894,0.783,0.896]
Epoch [159] Training Results: Prec@1 94.567 Prec@5 99.960 Loss 0.16011
Epoch [159] Training Class Recall: [0.951,0.974,0.935,0.897,0.942,0.922,0.954,0.961,0.967,0.960]
Epoch [159] Testing Results: Prec@1 71.120 Prec@5 95.280 Loss 1.42284
Epoch [159] Testing Class Recall: [0.790,0.795,0.396,0.669,0.587,0.741,0.803,0.697,0.717,0.917]
Epoch [160] Training Results: Prec@1 95.893 Prec@5 99.967 Loss 0.11821
Epoch [160] Training Class Recall: [0.984,0.972,0.940,0.931,0.960,0.940,0.957,0.963,0.967,0.970]
Epoch [160] Testing Results: Prec@1 75.130 Prec@5 95.540 Loss 1.16712
Epoch [160] Testing Class Recall: [0.737,0.834,0.514,0.600,0.615,0.809,0.825,0.843,0.828,0.908]
Epoch [161] Training Results: Prec@1 96.847 Prec@5 99.980 Loss 0.09292
Epoch [161] Training Class Recall: [0.982,0.976,0.965,0.939,0.971,0.954,0.973,0.972,0.981,0.970]
Epoch [161] Testing Results: Prec@1 75.700 Prec@5 95.650 Loss 1.14989
Epoch [161] Testing Class Recall: [0.749,0.847,0.522,0.599,0.614,0.811,0.825,0.846,0.848,0.909]
Epoch [162] Training Results: Prec@1 97.420 Prec@5 100.000 Loss 0.07973
Epoch [162] Training Class Recall: [0.983,0.982,0.967,0.954,0.972,0.960,0.982,0.978,0.987,0.975]
Epoch [162] Testing Results: Prec@1 75.450 Prec@5 95.310 Loss 1.18393
Epoch [162] Testing Class Recall: [0.724,0.839,0.521,0.593,0.592,0.824,0.830,0.851,0.848,0.923]
Epoch [163] Training Results: Prec@1 97.847 Prec@5 99.993 Loss 0.06847
Epoch [163] Training Class Recall: [0.986,0.989,0.969,0.956,0.980,0.966,0.986,0.979,0.990,0.982]
Epoch [163] Testing Results: Prec@1 75.580 Prec@5 95.440 Loss 1.16637
Epoch [163] Testing Class Recall: [0.730,0.845,0.533,0.604,0.599,0.831,0.805,0.850,0.834,0.927]
Epoch [164] Training Results: Prec@1 98.093 Prec@5 100.000 Loss 0.06676
Epoch [164] Training Class Recall: [0.987,0.990,0.975,0.965,0.983,0.966,0.987,0.984,0.989,0.986]
Epoch [164] Testing Results: Prec@1 75.760 Prec@5 95.510 Loss 1.14537
Epoch [164] Testing Class Recall: [0.709,0.872,0.527,0.621,0.587,0.831,0.817,0.849,0.845,0.918]
Epoch [165] Training Results: Prec@1 98.107 Prec@5 99.993 Loss 0.06137
Epoch [165] Training Class Recall: [0.988,0.992,0.985,0.960,0.980,0.966,0.988,0.981,0.989,0.984]
Epoch [165] Testing Results: Prec@1 75.710 Prec@5 95.540 Loss 1.15495
Epoch [165] Testing Class Recall: [0.728,0.867,0.515,0.602,0.591,0.845,0.819,0.842,0.844,0.918]
Epoch [166] Training Results: Prec@1 98.253 Prec@5 99.993 Loss 0.06012
Epoch [166] Training Class Recall: [0.984,0.992,0.972,0.970,0.982,0.977,0.989,0.982,0.991,0.985]
Epoch [166] Testing Results: Prec@1 75.660 Prec@5 95.520 Loss 1.15217
Epoch [166] Testing Class Recall: [0.736,0.885,0.537,0.589,0.578,0.842,0.795,0.841,0.849,0.914]
Epoch [167] Training Results: Prec@1 98.213 Prec@5 100.000 Loss 0.05898
Epoch [167] Training Class Recall: [0.986,0.990,0.973,0.970,0.980,0.976,0.988,0.983,0.990,0.984]
Epoch [167] Testing Results: Prec@1 75.640 Prec@5 95.460 Loss 1.17001
Epoch [167] Testing Class Recall: [0.751,0.867,0.531,0.588,0.570,0.848,0.799,0.850,0.837,0.923]
Epoch [168] Training Results: Prec@1 98.367 Prec@5 100.000 Loss 0.05446
Epoch [168] Training Class Recall: [0.988,0.990,0.978,0.975,0.987,0.975,0.990,0.980,0.988,0.985]
Epoch [168] Testing Results: Prec@1 75.720 Prec@5 95.400 Loss 1.18504
Epoch [168] Testing Class Recall: [0.748,0.838,0.536,0.588,0.570,0.828,0.815,0.852,0.856,0.941]
Epoch [169] Training Results: Prec@1 98.547 Prec@5 100.000 Loss 0.05058
Epoch [169] Training Class Recall: [0.990,0.991,0.980,0.971,0.984,0.982,0.989,0.987,0.992,0.988]
Epoch [169] Testing Results: Prec@1 75.980 Prec@5 95.570 Loss 1.14608
Epoch [169] Testing Class Recall: [0.728,0.876,0.543,0.593,0.580,0.850,0.811,0.840,0.859,0.918]
Epoch [170] Training Results: Prec@1 98.487 Prec@5 99.993 Loss 0.05249
Epoch [170] Training Class Recall: [0.989,0.990,0.976,0.977,0.983,0.977,0.991,0.987,0.992,0.986]
Epoch [170] Testing Results: Prec@1 76.030 Prec@5 95.330 Loss 1.16166
Epoch [170] Testing Class Recall: [0.731,0.862,0.519,0.595,0.575,0.829,0.845,0.855,0.862,0.930]
Epoch [171] Training Results: Prec@1 98.573 Prec@5 100.000 Loss 0.05070
Epoch [171] Training Class Recall: [0.990,0.990,0.987,0.972,0.987,0.981,0.987,0.986,0.991,0.987]
Epoch [171] Testing Results: Prec@1 76.200 Prec@5 95.590 Loss 1.12528
Epoch [171] Testing Class Recall: [0.746,0.869,0.530,0.609,0.572,0.835,0.825,0.845,0.865,0.924]
Epoch [172] Training Results: Prec@1 98.873 Prec@5 99.980 Loss 0.04612
Epoch [172] Training Class Recall: [0.988,0.994,0.984,0.983,0.987,0.987,0.992,0.990,0.995,0.988]
Epoch [172] Testing Results: Prec@1 76.360 Prec@5 95.600 Loss 1.13973
Epoch [172] Testing Class Recall: [0.716,0.859,0.550,0.624,0.584,0.822,0.835,0.853,0.853,0.940]
Epoch [173] Training Results: Prec@1 98.787 Prec@5 100.000 Loss 0.04672
Epoch [173] Training Class Recall: [0.988,0.994,0.986,0.976,0.987,0.985,0.994,0.991,0.992,0.990]
Epoch [173] Testing Results: Prec@1 76.910 Prec@5 95.690 Loss 1.09717
Epoch [173] Testing Class Recall: [0.725,0.899,0.550,0.626,0.601,0.823,0.835,0.857,0.858,0.917]
Epoch [174] Training Results: Prec@1 98.840 Prec@5 100.000 Loss 0.04418
Epoch [174] Training Class Recall: [0.992,0.993,0.987,0.975,0.985,0.982,0.992,0.996,0.994,0.989]
Epoch [174] Testing Results: Prec@1 76.560 Prec@5 95.560 Loss 1.11278
Epoch [174] Testing Class Recall: [0.734,0.895,0.538,0.620,0.599,0.828,0.804,0.868,0.855,0.915]
Epoch [175] Training Results: Prec@1 98.873 Prec@5 100.000 Loss 0.04294
Epoch [175] Training Class Recall: [0.990,0.994,0.990,0.978,0.989,0.983,0.991,0.994,0.988,0.992]
Epoch [175] Testing Results: Prec@1 76.270 Prec@5 95.510 Loss 1.13587
Epoch [175] Testing Class Recall: [0.731,0.882,0.533,0.589,0.587,0.837,0.835,0.850,0.861,0.922]
Epoch [176] Training Results: Prec@1 98.993 Prec@5 100.000 Loss 0.04110
Epoch [176] Training Class Recall: [0.991,0.994,0.991,0.981,0.989,0.988,0.991,0.986,0.995,0.993]
Epoch [176] Testing Results: Prec@1 76.760 Prec@5 95.750 Loss 1.10664
Epoch [176] Testing Class Recall: [0.743,0.882,0.551,0.612,0.594,0.834,0.826,0.855,0.855,0.924]
Epoch [177] Training Results: Prec@1 98.887 Prec@5 99.993 Loss 0.04042
Epoch [177] Training Class Recall: [0.992,0.996,0.985,0.981,0.986,0.985,0.992,0.990,0.993,0.988]
Epoch [177] Testing Results: Prec@1 76.710 Prec@5 95.830 Loss 1.10654
Epoch [177] Testing Class Recall: [0.735,0.893,0.547,0.600,0.610,0.838,0.816,0.847,0.858,0.927]
Epoch [178] Training Results: Prec@1 98.967 Prec@5 100.000 Loss 0.04023
Epoch [178] Training Class Recall: [0.990,0.995,0.987,0.982,0.990,0.987,0.995,0.990,0.992,0.990]
Epoch [178] Testing Results: Prec@1 76.730 Prec@5 95.920 Loss 1.10326
Epoch [178] Testing Class Recall: [0.739,0.886,0.543,0.600,0.599,0.849,0.828,0.849,0.865,0.915]
Epoch [179] Training Results: Prec@1 99.087 Prec@5 100.000 Loss 0.03834
Epoch [179] Training Class Recall: [0.993,0.994,0.987,0.983,0.992,0.988,0.994,0.992,0.992,0.993]
Epoch [179] Testing Results: Prec@1 77.090 Prec@5 95.730 Loss 1.08785
Epoch [179] Testing Class Recall: [0.732,0.881,0.554,0.624,0.614,0.817,0.827,0.860,0.863,0.937]
Epoch [180] Training Results: Prec@1 99.047 Prec@5 100.000 Loss 0.03671
Epoch [180] Training Class Recall: [0.993,0.994,0.986,0.988,0.990,0.983,0.993,0.993,0.995,0.989]
Epoch [180] Testing Results: Prec@1 77.060 Prec@5 96.020 Loss 1.08568
Epoch [180] Testing Class Recall: [0.741,0.858,0.561,0.600,0.614,0.840,0.837,0.859,0.864,0.932]
Epoch [181] Training Results: Prec@1 99.000 Prec@5 100.000 Loss 0.03881
Epoch [181] Training Class Recall: [0.990,0.998,0.991,0.985,0.986,0.988,0.988,0.990,0.996,0.988]
Epoch [181] Testing Results: Prec@1 76.630 Prec@5 95.660 Loss 1.10278
Epoch [181] Testing Class Recall: [0.742,0.894,0.548,0.587,0.598,0.838,0.825,0.845,0.867,0.919]
Epoch [182] Training Results: Prec@1 98.993 Prec@5 100.000 Loss 0.03823
Epoch [182] Training Class Recall: [0.990,0.997,0.988,0.983,0.992,0.982,0.992,0.990,0.994,0.992]
Epoch [182] Testing Results: Prec@1 76.910 Prec@5 95.930 Loss 1.10192
Epoch [182] Testing Class Recall: [0.732,0.877,0.549,0.607,0.603,0.837,0.843,0.856,0.859,0.928]
Epoch [183] Training Results: Prec@1 99.100 Prec@5 99.993 Loss 0.03725
Epoch [183] Training Class Recall: [0.993,0.995,0.989,0.986,0.984,0.986,0.995,0.992,0.997,0.993]
Epoch [183] Testing Results: Prec@1 76.440 Prec@5 95.760 Loss 1.11900
Epoch [183] Testing Class Recall: [0.734,0.881,0.548,0.612,0.569,0.839,0.804,0.862,0.863,0.932]
Epoch [184] Training Results: Prec@1 98.933 Prec@5 100.000 Loss 0.03807
Epoch [184] Training Class Recall: [0.992,0.992,0.986,0.979,0.991,0.987,0.992,0.988,0.994,0.992]
Epoch [184] Testing Results: Prec@1 76.330 Prec@5 95.770 Loss 1.13871
Epoch [184] Testing Class Recall: [0.732,0.876,0.524,0.607,0.590,0.849,0.834,0.829,0.864,0.928]
Epoch [185] Training Results: Prec@1 98.967 Prec@5 100.000 Loss 0.04115
Epoch [185] Training Class Recall: [0.993,0.995,0.991,0.981,0.987,0.982,0.991,0.991,0.995,0.990]
Epoch [185] Testing Results: Prec@1 76.380 Prec@5 95.680 Loss 1.12233
Epoch [185] Testing Class Recall: [0.734,0.885,0.540,0.600,0.586,0.839,0.839,0.824,0.863,0.928]
Epoch [186] Training Results: Prec@1 98.973 Prec@5 100.000 Loss 0.03877
Epoch [186] Training Class Recall: [0.988,0.993,0.988,0.986,0.992,0.983,0.994,0.993,0.993,0.990]
Epoch [186] Testing Results: Prec@1 76.600 Prec@5 95.680 Loss 1.11817
Epoch [186] Testing Class Recall: [0.750,0.881,0.544,0.614,0.599,0.830,0.808,0.848,0.855,0.931]
Epoch [187] Training Results: Prec@1 99.067 Prec@5 100.000 Loss 0.03697
Epoch [187] Training Class Recall: [0.993,0.994,0.990,0.987,0.989,0.986,0.993,0.993,0.994,0.988]
Epoch [187] Testing Results: Prec@1 76.190 Prec@5 95.600 Loss 1.14566
Epoch [187] Testing Class Recall: [0.732,0.860,0.535,0.623,0.586,0.835,0.808,0.847,0.856,0.937]
Epoch [188] Training Results: Prec@1 99.060 Prec@5 99.993 Loss 0.03764
Epoch [188] Training Class Recall: [0.994,0.993,0.988,0.984,0.993,0.982,0.998,0.992,0.994,0.989]
Epoch [188] Testing Results: Prec@1 75.960 Prec@5 95.540 Loss 1.15975
Epoch [188] Testing Class Recall: [0.745,0.859,0.542,0.584,0.576,0.838,0.812,0.854,0.848,0.938]
Epoch [189] Training Results: Prec@1 99.020 Prec@5 99.993 Loss 0.03914
Epoch [189] Training Class Recall: [0.989,0.993,0.989,0.989,0.991,0.984,0.988,0.996,0.995,0.990]
Epoch [189] Testing Results: Prec@1 76.420 Prec@5 95.710 Loss 1.12669
Epoch [189] Testing Class Recall: [0.741,0.862,0.547,0.603,0.594,0.841,0.811,0.850,0.858,0.935]
Epoch [190] Training Results: Prec@1 98.927 Prec@5 100.000 Loss 0.03869
Epoch [190] Training Class Recall: [0.989,0.990,0.990,0.982,0.991,0.985,0.994,0.993,0.992,0.990]
Epoch [190] Testing Results: Prec@1 76.340 Prec@5 95.650 Loss 1.12976
Epoch [190] Testing Class Recall: [0.725,0.869,0.543,0.603,0.583,0.840,0.827,0.853,0.854,0.937]
Epoch [191] Training Results: Prec@1 99.000 Prec@5 100.000 Loss 0.03825
Epoch [191] Training Class Recall: [0.991,0.994,0.988,0.979,0.995,0.988,0.990,0.992,0.996,0.989]
Epoch [191] Testing Results: Prec@1 76.490 Prec@5 95.780 Loss 1.12811
Epoch [191] Testing Class Recall: [0.724,0.875,0.543,0.589,0.607,0.842,0.845,0.841,0.850,0.933]
Epoch [192] Training Results: Prec@1 99.120 Prec@5 99.993 Loss 0.03884
Epoch [192] Training Class Recall: [0.992,0.996,0.988,0.986,0.988,0.988,0.995,0.994,0.994,0.991]
Epoch [192] Testing Results: Prec@1 76.280 Prec@5 95.570 Loss 1.13590
Epoch [192] Testing Class Recall: [0.732,0.867,0.525,0.618,0.584,0.833,0.825,0.854,0.856,0.934]
Epoch [193] Training Results: Prec@1 98.900 Prec@5 100.000 Loss 0.04040
Epoch [193] Training Class Recall: [0.991,0.997,0.986,0.977,0.982,0.986,0.994,0.993,0.993,0.992]
Epoch [193] Testing Results: Prec@1 76.150 Prec@5 95.470 Loss 1.15121
Epoch [193] Testing Class Recall: [0.727,0.868,0.536,0.606,0.578,0.833,0.829,0.839,0.861,0.938]
Epoch [194] Training Results: Prec@1 98.987 Prec@5 100.000 Loss 0.03725
Epoch [194] Training Class Recall: [0.994,0.990,0.988,0.982,0.990,0.982,0.990,0.996,0.997,0.990]
Epoch [194] Testing Results: Prec@1 77.020 Prec@5 95.800 Loss 1.08682
Epoch [194] Testing Class Recall: [0.734,0.874,0.553,0.619,0.593,0.829,0.838,0.861,0.863,0.938]
Epoch [195] Training Results: Prec@1 99.073 Prec@5 100.000 Loss 0.03688
Epoch [195] Training Class Recall: [0.991,0.998,0.988,0.987,0.989,0.985,0.992,0.990,0.995,0.995]
Epoch [195] Testing Results: Prec@1 76.520 Prec@5 95.550 Loss 1.12689
Epoch [195] Testing Class Recall: [0.736,0.882,0.545,0.608,0.582,0.831,0.832,0.854,0.860,0.922]
Epoch [196] Training Results: Prec@1 99.153 Prec@5 99.993 Loss 0.03665
Epoch [196] Training Class Recall: [0.996,0.989,0.993,0.989,0.990,0.986,0.995,0.993,0.994,0.989]
Epoch [196] Testing Results: Prec@1 76.680 Prec@5 95.760 Loss 1.10566
Epoch [196] Testing Class Recall: [0.739,0.873,0.556,0.609,0.578,0.839,0.832,0.844,0.861,0.937]
Epoch [197] Training Results: Prec@1 98.980 Prec@5 99.993 Loss 0.03672
Epoch [197] Training Class Recall: [0.991,0.996,0.988,0.985,0.991,0.983,0.995,0.993,0.990,0.988]
Epoch [197] Testing Results: Prec@1 76.630 Prec@5 95.710 Loss 1.11476
Epoch [197] Testing Class Recall: [0.738,0.872,0.543,0.599,0.590,0.838,0.833,0.847,0.868,0.935]
Epoch [198] Training Results: Prec@1 99.000 Prec@5 100.000 Loss 0.03767
Epoch [198] Training Class Recall: [0.992,0.994,0.986,0.984,0.991,0.986,0.995,0.985,0.996,0.990]
Epoch [198] Testing Results: Prec@1 76.240 Prec@5 95.800 Loss 1.13187
Epoch [198] Testing Class Recall: [0.722,0.857,0.543,0.603,0.591,0.842,0.831,0.832,0.861,0.942]
Epoch [199] Training Results: Prec@1 99.073 Prec@5 100.000 Loss 0.03772
Epoch [199] Training Class Recall: [0.996,0.994,0.987,0.981,0.988,0.989,0.995,0.991,0.993,0.990]
Epoch [199] Testing Results: Prec@1 76.160 Prec@5 95.310 Loss 1.15194
Epoch [199] Testing Class Recall: [0.728,0.878,0.533,0.594,0.578,0.825,0.827,0.854,0.863,0.936]
