Log file: cifar10_sava0.5_erm_exp1.0_seed42_20260616_063520.log
Run started: 2026-06-16 06:35:20.060235
Dataset: cifar10
Imbalance type: exp, factor: 1.0
Selection method: sava, ratio: 0.5
Strategy: ERM, epochs: 200
Seed: 42, rand_number: 0
Augmentation: weak
Noise ratio: 0.2
mamix_ratio: 1.0
============================================================

=> No CSV or TensorBoard logging – only console and debug log.
-----------------------------------------------
Class ID   | Original   | Selected   | Keep %  
-----------------------------------------------
0          | 5000       | 2600       |   52.0%
1          | 5000       | 2557       |   51.1%
2          | 5000       | 2797       |   55.9%
3          | 5000       | 2552       |   51.0%
4          | 5000       | 2361       |   47.2%
5          | 5000       | 2605       |   52.1%
6          | 5000       | 2264       |   45.3%
7          | 5000       | 2646       |   52.9%
8          | 5000       | 2372       |   47.4%
9          | 5000       | 2246       |   44.9%
-----------------------------------------------
TOTAL      | 50000      | 25000      |   50.0%
-----------------------------------------------
Epoch [0] Training Results: Prec@1 28.256 Prec@5 82.380 Loss 1.89337
Epoch [0] Training Class Recall: [0.302,0.433,0.311,0.165,0.185,0.199,0.201,0.377,0.330,0.307]
Epoch [0] Testing Results: Prec@1 32.660 Prec@5 86.810 Loss 1.86514
Epoch [0] Testing Class Recall: [0.445,0.707,0.245,0.053,0.216,0.220,0.214,0.850,0.114,0.202]
Epoch [1] Training Results: Prec@1 41.212 Prec@5 90.516 Loss 1.59566
Epoch [1] Training Class Recall: [0.418,0.580,0.386,0.265,0.192,0.340,0.502,0.526,0.481,0.432]
Epoch [1] Testing Results: Prec@1 40.340 Prec@5 88.130 Loss 1.76338
Epoch [1] Testing Class Recall: [0.264,0.511,0.442,0.170,0.021,0.200,0.793,0.374,0.822,0.437]
Epoch [2] Training Results: Prec@1 49.936 Prec@5 93.492 Loss 1.36393
Epoch [2] Training Class Recall: [0.515,0.695,0.461,0.277,0.279,0.417,0.607,0.587,0.574,0.595]
Epoch [2] Testing Results: Prec@1 47.440 Prec@5 92.760 Loss 1.55928
Epoch [2] Testing Class Recall: [0.476,0.871,0.407,0.567,0.223,0.121,0.576,0.699,0.082,0.722]
Epoch [3] Training Results: Prec@1 57.376 Prec@5 95.340 Loss 1.18420
Epoch [3] Training Class Recall: [0.583,0.763,0.522,0.345,0.414,0.483,0.657,0.631,0.664,0.699]
Epoch [3] Testing Results: Prec@1 49.740 Prec@5 93.240 Loss 1.48141
Epoch [3] Testing Class Recall: [0.313,0.892,0.467,0.631,0.481,0.048,0.553,0.422,0.935,0.232]
Epoch [4] Training Results: Prec@1 62.676 Prec@5 96.416 Loss 1.04812
Epoch [4] Training Class Recall: [0.644,0.812,0.589,0.392,0.500,0.514,0.697,0.663,0.735,0.747]
Epoch [4] Testing Results: Prec@1 54.180 Prec@5 91.360 Loss 1.56116
Epoch [4] Testing Class Recall: [0.393,0.757,0.290,0.458,0.271,0.520,0.433,0.720,0.624,0.952]
Epoch [5] Training Results: Prec@1 67.016 Prec@5 97.332 Loss 0.92955
Epoch [5] Training Class Recall: [0.693,0.840,0.617,0.446,0.582,0.580,0.720,0.704,0.776,0.767]
Epoch [5] Testing Results: Prec@1 57.410 Prec@5 93.490 Loss 1.41414
Epoch [5] Testing Class Recall: [0.727,0.765,0.309,0.544,0.576,0.123,0.519,0.764,0.502,0.912]
Epoch [6] Training Results: Prec@1 70.536 Prec@5 97.824 Loss 0.83609
Epoch [6] Training Class Recall: [0.712,0.856,0.649,0.524,0.641,0.586,0.758,0.744,0.805,0.805]
Epoch [6] Testing Results: Prec@1 62.770 Prec@5 96.080 Loss 1.10086
Epoch [6] Testing Class Recall: [0.792,0.820,0.600,0.292,0.519,0.655,0.797,0.675,0.624,0.503]
Epoch [7] Training Results: Prec@1 73.896 Prec@5 98.228 Loss 0.75027
Epoch [7] Training Class Recall: [0.761,0.864,0.698,0.557,0.694,0.638,0.776,0.772,0.837,0.814]
Epoch [7] Testing Results: Prec@1 67.720 Prec@5 96.350 Loss 1.01092
Epoch [7] Testing Class Recall: [0.626,0.952,0.375,0.629,0.369,0.745,0.656,0.760,0.824,0.836]
Epoch [8] Training Results: Prec@1 75.560 Prec@5 98.528 Loss 0.70176
Epoch [8] Training Class Recall: [0.779,0.871,0.721,0.590,0.717,0.641,0.782,0.797,0.850,0.825]
Epoch [8] Testing Results: Prec@1 57.600 Prec@5 96.130 Loss 1.37945
Epoch [8] Testing Class Recall: [0.526,0.442,0.210,0.535,0.567,0.880,0.234,0.586,0.822,0.958]
Epoch [9] Training Results: Prec@1 77.268 Prec@5 98.760 Loss 0.65259
Epoch [9] Training Class Recall: [0.785,0.885,0.720,0.611,0.760,0.671,0.796,0.819,0.855,0.846]
Epoch [9] Testing Results: Prec@1 72.330 Prec@5 97.170 Loss 0.85686
Epoch [9] Testing Class Recall: [0.618,0.904,0.458,0.564,0.824,0.728,0.778,0.825,0.750,0.784]
Epoch [10] Training Results: Prec@1 78.364 Prec@5 98.888 Loss 0.61447
Epoch [10] Training Class Recall: [0.793,0.898,0.746,0.624,0.759,0.673,0.815,0.822,0.870,0.857]
Epoch [10] Testing Results: Prec@1 69.960 Prec@5 96.770 Loss 0.91725
Epoch [10] Testing Class Recall: [0.542,0.909,0.419,0.439,0.663,0.682,0.825,0.904,0.782,0.831]
Epoch [11] Training Results: Prec@1 80.092 Prec@5 99.024 Loss 0.57463
Epoch [11] Training Class Recall: [0.819,0.898,0.764,0.661,0.784,0.692,0.837,0.837,0.868,0.870]
Epoch [11] Testing Results: Prec@1 66.590 Prec@5 95.930 Loss 1.11025
Epoch [11] Testing Class Recall: [0.813,0.936,0.620,0.293,0.461,0.708,0.681,0.785,0.839,0.523]
Epoch [12] Training Results: Prec@1 80.412 Prec@5 98.904 Loss 0.56943
Epoch [12] Training Class Recall: [0.827,0.906,0.770,0.657,0.772,0.708,0.833,0.842,0.869,0.874]
Epoch [12] Testing Results: Prec@1 69.760 Prec@5 96.190 Loss 1.04755
Epoch [12] Testing Class Recall: [0.820,0.825,0.690,0.540,0.562,0.742,0.482,0.672,0.692,0.951]
Epoch [13] Training Results: Prec@1 81.212 Prec@5 99.132 Loss 0.53404
Epoch [13] Training Class Recall: [0.832,0.903,0.780,0.678,0.792,0.706,0.847,0.850,0.876,0.873]
Epoch [13] Testing Results: Prec@1 60.310 Prec@5 95.660 Loss 1.54512
Epoch [13] Testing Class Recall: [0.413,0.860,0.465,0.180,0.439,0.918,0.569,0.911,0.779,0.497]
Epoch [14] Training Results: Prec@1 82.396 Prec@5 99.256 Loss 0.50824
Epoch [14] Training Class Recall: [0.833,0.914,0.796,0.693,0.802,0.729,0.853,0.857,0.899,0.880]
Epoch [14] Testing Results: Prec@1 71.320 Prec@5 97.590 Loss 0.88453
Epoch [14] Testing Class Recall: [0.783,0.775,0.717,0.279,0.683,0.833,0.748,0.760,0.855,0.699]
Epoch [15] Training Results: Prec@1 82.776 Prec@5 99.192 Loss 0.49968
Epoch [15] Training Class Recall: [0.846,0.920,0.794,0.687,0.815,0.740,0.856,0.864,0.889,0.883]
Epoch [15] Testing Results: Prec@1 74.610 Prec@5 97.640 Loss 0.78104
Epoch [15] Testing Class Recall: [0.573,0.925,0.662,0.620,0.498,0.762,0.881,0.835,0.822,0.883]
Epoch [16] Training Results: Prec@1 83.020 Prec@5 99.240 Loss 0.48778
Epoch [16] Training Class Recall: [0.849,0.924,0.802,0.691,0.813,0.736,0.854,0.870,0.891,0.887]
Epoch [16] Testing Results: Prec@1 69.840 Prec@5 95.710 Loss 1.08766
Epoch [16] Testing Class Recall: [0.305,0.796,0.619,0.569,0.736,0.802,0.559,0.866,0.755,0.977]
Epoch [17] Training Results: Prec@1 83.748 Prec@5 99.384 Loss 0.46404
Epoch [17] Training Class Recall: [0.852,0.915,0.817,0.704,0.828,0.750,0.867,0.872,0.897,0.888]
Epoch [17] Testing Results: Prec@1 75.120 Prec@5 97.770 Loss 0.76633
Epoch [17] Testing Class Recall: [0.548,0.888,0.605,0.587,0.712,0.831,0.731,0.835,0.839,0.936]
Epoch [18] Training Results: Prec@1 84.156 Prec@5 99.408 Loss 0.45512
Epoch [18] Training Class Recall: [0.855,0.929,0.820,0.715,0.822,0.750,0.867,0.871,0.905,0.895]
Epoch [18] Testing Results: Prec@1 69.260 Prec@5 96.950 Loss 1.09932
Epoch [18] Testing Class Recall: [0.719,0.880,0.852,0.180,0.452,0.706,0.766,0.745,0.710,0.916]
Epoch [19] Training Results: Prec@1 84.584 Prec@5 99.460 Loss 0.44425
Epoch [19] Training Class Recall: [0.860,0.926,0.819,0.717,0.827,0.767,0.881,0.882,0.898,0.895]
Epoch [19] Testing Results: Prec@1 72.560 Prec@5 96.490 Loss 0.91122
Epoch [19] Testing Class Recall: [0.602,0.964,0.703,0.621,0.544,0.675,0.708,0.819,0.923,0.697]
Epoch [20] Training Results: Prec@1 85.212 Prec@5 99.432 Loss 0.43035
Epoch [20] Training Class Recall: [0.871,0.934,0.835,0.719,0.832,0.767,0.880,0.884,0.908,0.904]
Epoch [20] Testing Results: Prec@1 75.740 Prec@5 97.700 Loss 0.79163
Epoch [20] Testing Class Recall: [0.583,0.871,0.658,0.748,0.637,0.697,0.845,0.646,0.934,0.955]
Epoch [21] Training Results: Prec@1 85.348 Prec@5 99.496 Loss 0.42257
Epoch [21] Training Class Recall: [0.862,0.931,0.837,0.737,0.847,0.763,0.878,0.886,0.910,0.898]
Epoch [21] Testing Results: Prec@1 75.990 Prec@5 97.730 Loss 0.76632
Epoch [21] Testing Class Recall: [0.793,0.874,0.684,0.569,0.799,0.723,0.711,0.842,0.691,0.913]
Epoch [22] Training Results: Prec@1 85.580 Prec@5 99.488 Loss 0.41000
Epoch [22] Training Class Recall: [0.873,0.931,0.839,0.737,0.842,0.771,0.880,0.886,0.905,0.908]
Epoch [22] Testing Results: Prec@1 73.810 Prec@5 97.310 Loss 0.85473
Epoch [22] Testing Class Recall: [0.785,0.980,0.619,0.556,0.605,0.815,0.691,0.704,0.852,0.774]
Epoch [23] Training Results: Prec@1 86.016 Prec@5 99.492 Loss 0.40481
Epoch [23] Training Class Recall: [0.878,0.935,0.846,0.728,0.845,0.773,0.887,0.895,0.920,0.907]
Epoch [23] Testing Results: Prec@1 74.150 Prec@5 97.120 Loss 0.84685
Epoch [23] Testing Class Recall: [0.796,0.801,0.543,0.544,0.643,0.846,0.756,0.785,0.747,0.954]
Epoch [24] Training Results: Prec@1 85.956 Prec@5 99.540 Loss 0.39877
Epoch [24] Training Class Recall: [0.872,0.934,0.841,0.742,0.847,0.781,0.884,0.892,0.909,0.907]
Epoch [24] Testing Results: Prec@1 74.820 Prec@5 97.880 Loss 0.81845
Epoch [24] Testing Class Recall: [0.456,0.964,0.745,0.536,0.876,0.611,0.760,0.821,0.828,0.885]
Epoch [25] Training Results: Prec@1 86.116 Prec@5 99.564 Loss 0.39529
Epoch [25] Training Class Recall: [0.873,0.938,0.853,0.730,0.850,0.783,0.886,0.888,0.918,0.906]
Epoch [25] Testing Results: Prec@1 74.440 Prec@5 97.140 Loss 0.88069
Epoch [25] Testing Class Recall: [0.618,0.881,0.585,0.494,0.604,0.844,0.865,0.816,0.807,0.930]
Epoch [26] Training Results: Prec@1 86.636 Prec@5 99.568 Loss 0.38840
Epoch [26] Training Class Recall: [0.879,0.937,0.858,0.743,0.855,0.787,0.890,0.902,0.922,0.902]
Epoch [26] Testing Results: Prec@1 75.940 Prec@5 98.450 Loss 0.74727
Epoch [26] Testing Class Recall: [0.771,0.787,0.773,0.642,0.709,0.855,0.609,0.742,0.763,0.943]
Epoch [27] Training Results: Prec@1 86.804 Prec@5 99.556 Loss 0.38348
Epoch [27] Training Class Recall: [0.882,0.935,0.856,0.758,0.861,0.797,0.887,0.895,0.916,0.904]
Epoch [27] Testing Results: Prec@1 73.090 Prec@5 97.320 Loss 0.86656
Epoch [27] Testing Class Recall: [0.819,0.972,0.744,0.736,0.619,0.465,0.544,0.789,0.725,0.896]
Epoch [28] Training Results: Prec@1 86.660 Prec@5 99.588 Loss 0.37785
Epoch [28] Training Class Recall: [0.885,0.940,0.856,0.742,0.845,0.786,0.884,0.903,0.925,0.910]
Epoch [28] Testing Results: Prec@1 77.620 Prec@5 98.340 Loss 0.75897
Epoch [28] Testing Class Recall: [0.817,0.928,0.748,0.630,0.808,0.674,0.753,0.857,0.670,0.877]
Epoch [29] Training Results: Prec@1 87.440 Prec@5 99.564 Loss 0.36633
Epoch [29] Training Class Recall: [0.885,0.938,0.860,0.749,0.864,0.805,0.910,0.904,0.925,0.917]
Epoch [29] Testing Results: Prec@1 76.460 Prec@5 97.780 Loss 0.78489
Epoch [29] Testing Class Recall: [0.785,0.944,0.587,0.819,0.720,0.527,0.844,0.708,0.904,0.808]
Epoch [30] Training Results: Prec@1 87.536 Prec@5 99.672 Loss 0.35561
Epoch [30] Training Class Recall: [0.885,0.942,0.859,0.763,0.871,0.802,0.897,0.906,0.928,0.915]
Epoch [30] Testing Results: Prec@1 74.880 Prec@5 97.800 Loss 0.88150
Epoch [30] Testing Class Recall: [0.759,0.982,0.714,0.379,0.684,0.903,0.789,0.635,0.820,0.823]
Epoch [31] Training Results: Prec@1 87.220 Prec@5 99.576 Loss 0.36700
Epoch [31] Training Class Recall: [0.896,0.940,0.854,0.754,0.859,0.790,0.903,0.897,0.926,0.916]
Epoch [31] Testing Results: Prec@1 76.050 Prec@5 98.380 Loss 0.79588
Epoch [31] Testing Class Recall: [0.869,0.849,0.592,0.745,0.633,0.552,0.926,0.883,0.906,0.650]
Epoch [32] Training Results: Prec@1 87.440 Prec@5 99.632 Loss 0.35776
Epoch [32] Training Class Recall: [0.890,0.941,0.863,0.755,0.859,0.805,0.904,0.910,0.917,0.911]
Epoch [32] Testing Results: Prec@1 74.420 Prec@5 97.690 Loss 0.90540
Epoch [32] Testing Class Recall: [0.522,0.796,0.595,0.766,0.538,0.801,0.887,0.853,0.810,0.874]
Epoch [33] Training Results: Prec@1 88.096 Prec@5 99.644 Loss 0.33756
Epoch [33] Training Class Recall: [0.893,0.943,0.878,0.758,0.883,0.808,0.902,0.910,0.924,0.921]
Epoch [33] Testing Results: Prec@1 76.030 Prec@5 97.680 Loss 0.87667
Epoch [33] Testing Class Recall: [0.782,0.898,0.549,0.782,0.863,0.777,0.497,0.787,0.725,0.943]
Epoch [34] Training Results: Prec@1 87.832 Prec@5 99.656 Loss 0.34598
Epoch [34] Training Class Recall: [0.890,0.943,0.867,0.767,0.873,0.805,0.907,0.904,0.920,0.919]
Epoch [34] Testing Results: Prec@1 74.000 Prec@5 97.300 Loss 0.89828
Epoch [34] Testing Class Recall: [0.710,0.813,0.489,0.536,0.620,0.907,0.842,0.630,0.902,0.951]
Epoch [35] Training Results: Prec@1 88.036 Prec@5 99.656 Loss 0.34048
Epoch [35] Training Class Recall: [0.888,0.946,0.875,0.779,0.877,0.809,0.896,0.905,0.920,0.918]
Epoch [35] Testing Results: Prec@1 74.710 Prec@5 97.510 Loss 0.83836
Epoch [35] Testing Class Recall: [0.704,0.902,0.846,0.340,0.418,0.673,0.840,0.951,0.889,0.908]
Epoch [36] Training Results: Prec@1 87.864 Prec@5 99.664 Loss 0.34284
Epoch [36] Training Class Recall: [0.890,0.946,0.873,0.766,0.875,0.803,0.901,0.899,0.927,0.918]
Epoch [36] Testing Results: Prec@1 75.640 Prec@5 98.280 Loss 0.80801
Epoch [36] Testing Class Recall: [0.760,0.881,0.790,0.780,0.554,0.726,0.619,0.769,0.818,0.867]
Epoch [37] Training Results: Prec@1 88.536 Prec@5 99.632 Loss 0.33236
Epoch [37] Training Class Recall: [0.898,0.945,0.877,0.782,0.890,0.805,0.901,0.919,0.927,0.920]
Epoch [37] Testing Results: Prec@1 78.740 Prec@5 98.670 Loss 0.66026
Epoch [37] Testing Class Recall: [0.902,0.835,0.764,0.646,0.753,0.655,0.820,0.894,0.748,0.857]
Epoch [38] Training Results: Prec@1 88.480 Prec@5 99.736 Loss 0.32613
Epoch [38] Training Class Recall: [0.893,0.945,0.877,0.784,0.878,0.817,0.905,0.908,0.922,0.930]
Epoch [38] Testing Results: Prec@1 73.130 Prec@5 96.260 Loss 0.98718
Epoch [38] Testing Class Recall: [0.829,0.925,0.641,0.647,0.518,0.651,0.467,0.962,0.793,0.880]
Epoch [39] Training Results: Prec@1 88.664 Prec@5 99.728 Loss 0.31951
Epoch [39] Training Class Recall: [0.900,0.948,0.878,0.773,0.889,0.810,0.909,0.912,0.936,0.923]
Epoch [39] Testing Results: Prec@1 78.350 Prec@5 98.150 Loss 0.72643
Epoch [39] Testing Class Recall: [0.769,0.868,0.660,0.603,0.553,0.768,0.891,0.928,0.947,0.848]
Epoch [40] Training Results: Prec@1 88.920 Prec@5 99.716 Loss 0.31657
Epoch [40] Training Class Recall: [0.895,0.948,0.877,0.785,0.880,0.830,0.914,0.923,0.929,0.922]
Epoch [40] Testing Results: Prec@1 79.410 Prec@5 98.350 Loss 0.67376
Epoch [40] Testing Class Recall: [0.677,0.905,0.680,0.676,0.703,0.751,0.782,0.908,0.960,0.899]
Epoch [41] Training Results: Prec@1 88.988 Prec@5 99.704 Loss 0.31067
Epoch [41] Training Class Recall: [0.897,0.949,0.880,0.790,0.882,0.823,0.918,0.919,0.926,0.927]
Epoch [41] Testing Results: Prec@1 76.940 Prec@5 98.860 Loss 0.77659
Epoch [41] Testing Class Recall: [0.930,0.933,0.679,0.726,0.788,0.713,0.813,0.740,0.557,0.815]
Epoch [42] Training Results: Prec@1 89.200 Prec@5 99.724 Loss 0.30906
Epoch [42] Training Class Recall: [0.899,0.954,0.885,0.792,0.876,0.827,0.920,0.918,0.931,0.929]
Epoch [42] Testing Results: Prec@1 79.040 Prec@5 98.220 Loss 0.67487
Epoch [42] Testing Class Recall: [0.821,0.971,0.717,0.599,0.639,0.846,0.798,0.861,0.755,0.897]
Epoch [43] Training Results: Prec@1 89.164 Prec@5 99.684 Loss 0.30740
Epoch [43] Training Class Recall: [0.902,0.950,0.877,0.791,0.885,0.829,0.913,0.926,0.930,0.923]
Epoch [43] Testing Results: Prec@1 78.710 Prec@5 97.960 Loss 0.72162
Epoch [43] Testing Class Recall: [0.860,0.907,0.666,0.535,0.644,0.755,0.786,0.931,0.874,0.913]
Epoch [44] Training Results: Prec@1 88.984 Prec@5 99.784 Loss 0.31612
Epoch [44] Training Class Recall: [0.900,0.951,0.872,0.791,0.891,0.831,0.903,0.912,0.933,0.924]
Epoch [44] Testing Results: Prec@1 77.310 Prec@5 98.060 Loss 0.79095
Epoch [44] Testing Class Recall: [0.436,0.907,0.656,0.708,0.731,0.673,0.917,0.863,0.956,0.884]
Epoch [45] Training Results: Prec@1 89.360 Prec@5 99.796 Loss 0.30051
Epoch [45] Training Class Recall: [0.905,0.946,0.886,0.794,0.886,0.831,0.920,0.916,0.934,0.929]
Epoch [45] Testing Results: Prec@1 66.910 Prec@5 97.230 Loss 1.38511
Epoch [45] Testing Class Recall: [0.665,0.862,0.580,0.263,0.613,0.970,0.744,0.606,0.702,0.686]
Epoch [46] Training Results: Prec@1 89.476 Prec@5 99.760 Loss 0.30139
Epoch [46] Training Class Recall: [0.905,0.950,0.891,0.795,0.891,0.835,0.912,0.922,0.928,0.926]
Epoch [46] Testing Results: Prec@1 79.060 Prec@5 97.880 Loss 0.75152
Epoch [46] Testing Class Recall: [0.721,0.878,0.670,0.712,0.754,0.656,0.757,0.888,0.960,0.910]
Epoch [47] Training Results: Prec@1 89.024 Prec@5 99.692 Loss 0.31382
Epoch [47] Training Class Recall: [0.902,0.950,0.888,0.786,0.885,0.820,0.907,0.919,0.933,0.921]
Epoch [47] Testing Results: Prec@1 77.980 Prec@5 97.900 Loss 0.73277
Epoch [47] Testing Class Recall: [0.801,0.970,0.670,0.633,0.674,0.789,0.742,0.921,0.775,0.823]
Epoch [48] Training Results: Prec@1 89.636 Prec@5 99.712 Loss 0.29483
Epoch [48] Training Class Recall: [0.902,0.950,0.887,0.803,0.886,0.844,0.916,0.921,0.936,0.928]
Epoch [48] Testing Results: Prec@1 76.480 Prec@5 97.840 Loss 0.76159
Epoch [48] Testing Class Recall: [0.746,0.973,0.727,0.578,0.759,0.822,0.559,0.810,0.876,0.798]
Epoch [49] Training Results: Prec@1 90.116 Prec@5 99.744 Loss 0.28621
Epoch [49] Training Class Recall: [0.910,0.958,0.887,0.817,0.891,0.841,0.931,0.923,0.937,0.927]
Epoch [49] Testing Results: Prec@1 77.680 Prec@5 98.480 Loss 0.78706
Epoch [49] Testing Class Recall: [0.668,0.890,0.715,0.530,0.706,0.912,0.801,0.733,0.920,0.893]
Epoch [50] Training Results: Prec@1 89.860 Prec@5 99.768 Loss 0.28731
Epoch [50] Training Class Recall: [0.912,0.955,0.892,0.808,0.896,0.836,0.920,0.919,0.933,0.924]
Epoch [50] Testing Results: Prec@1 76.900 Prec@5 97.840 Loss 0.79011
Epoch [50] Testing Class Recall: [0.731,0.927,0.497,0.897,0.605,0.599,0.718,0.889,0.894,0.933]
Epoch [51] Training Results: Prec@1 89.628 Prec@5 99.812 Loss 0.29189
Epoch [51] Training Class Recall: [0.902,0.953,0.896,0.807,0.884,0.825,0.919,0.918,0.941,0.927]
Epoch [51] Testing Results: Prec@1 71.960 Prec@5 97.060 Loss 1.04847
Epoch [51] Testing Class Recall: [0.463,0.826,0.694,0.534,0.778,0.922,0.797,0.569,0.824,0.789]
Epoch [52] Training Results: Prec@1 89.348 Prec@5 99.804 Loss 0.29369
Epoch [52] Training Class Recall: [0.903,0.955,0.888,0.797,0.892,0.820,0.910,0.920,0.934,0.923]
Epoch [52] Testing Results: Prec@1 78.260 Prec@5 97.720 Loss 0.74987
Epoch [52] Testing Class Recall: [0.661,0.861,0.549,0.481,0.751,0.873,0.918,0.901,0.891,0.940]
Epoch [53] Training Results: Prec@1 89.832 Prec@5 99.756 Loss 0.28660
Epoch [53] Training Class Recall: [0.903,0.952,0.891,0.803,0.899,0.841,0.916,0.927,0.930,0.931]
Epoch [53] Testing Results: Prec@1 80.020 Prec@5 98.500 Loss 0.66766
Epoch [53] Testing Class Recall: [0.791,0.906,0.628,0.713,0.745,0.787,0.851,0.783,0.845,0.953]
Epoch [54] Training Results: Prec@1 90.072 Prec@5 99.800 Loss 0.28854
Epoch [54] Training Class Recall: [0.905,0.954,0.894,0.808,0.900,0.846,0.917,0.927,0.939,0.926]
Epoch [54] Testing Results: Prec@1 73.840 Prec@5 97.680 Loss 1.00445
Epoch [54] Testing Class Recall: [0.893,0.873,0.755,0.403,0.624,0.730,0.741,0.655,0.833,0.877]
Epoch [55] Training Results: Prec@1 90.408 Prec@5 99.792 Loss 0.27918
Epoch [55] Training Class Recall: [0.917,0.956,0.897,0.815,0.902,0.838,0.926,0.927,0.938,0.934]
Epoch [55] Testing Results: Prec@1 76.540 Prec@5 98.050 Loss 0.78066
Epoch [55] Testing Class Recall: [0.733,0.769,0.484,0.686,0.886,0.826,0.822,0.633,0.843,0.972]
Epoch [56] Training Results: Prec@1 90.200 Prec@5 99.796 Loss 0.27458
Epoch [56] Training Class Recall: [0.910,0.950,0.896,0.817,0.897,0.845,0.919,0.924,0.936,0.935]
Epoch [56] Testing Results: Prec@1 77.140 Prec@5 98.030 Loss 0.83890
Epoch [56] Testing Class Recall: [0.796,0.873,0.635,0.633,0.602,0.876,0.678,0.774,0.967,0.880]
Epoch [57] Training Results: Prec@1 90.384 Prec@5 99.788 Loss 0.27108
Epoch [57] Training Class Recall: [0.910,0.956,0.899,0.822,0.893,0.853,0.915,0.928,0.940,0.929]
Epoch [57] Testing Results: Prec@1 79.740 Prec@5 98.310 Loss 0.72829
Epoch [57] Testing Class Recall: [0.866,0.868,0.681,0.642,0.794,0.805,0.778,0.775,0.854,0.911]
Epoch [58] Training Results: Prec@1 90.244 Prec@5 99.796 Loss 0.27743
Epoch [58] Training Class Recall: [0.912,0.956,0.893,0.819,0.899,0.838,0.920,0.926,0.940,0.931]
Epoch [58] Testing Results: Prec@1 81.060 Prec@5 98.270 Loss 0.62748
Epoch [58] Testing Class Recall: [0.687,0.900,0.685,0.602,0.772,0.815,0.863,0.937,0.924,0.921]
Epoch [59] Training Results: Prec@1 90.316 Prec@5 99.756 Loss 0.27386
Epoch [59] Training Class Recall: [0.911,0.955,0.896,0.817,0.900,0.845,0.923,0.926,0.936,0.932]
Epoch [59] Testing Results: Prec@1 77.350 Prec@5 96.700 Loss 0.87074
Epoch [59] Testing Class Recall: [0.802,0.789,0.733,0.546,0.826,0.626,0.674,0.898,0.872,0.969]
Epoch [60] Training Results: Prec@1 90.836 Prec@5 99.812 Loss 0.26201
Epoch [60] Training Class Recall: [0.917,0.960,0.904,0.828,0.905,0.849,0.920,0.924,0.942,0.942]
Epoch [60] Testing Results: Prec@1 74.090 Prec@5 97.020 Loss 1.05766
Epoch [60] Testing Class Recall: [0.906,0.948,0.501,0.504,0.547,0.862,0.907,0.675,0.788,0.771]
Epoch [61] Training Results: Prec@1 90.356 Prec@5 99.792 Loss 0.27246
Epoch [61] Training Class Recall: [0.914,0.953,0.900,0.819,0.903,0.834,0.920,0.928,0.940,0.932]
Epoch [61] Testing Results: Prec@1 78.020 Prec@5 98.420 Loss 0.77747
Epoch [61] Testing Class Recall: [0.544,0.810,0.765,0.512,0.838,0.898,0.865,0.871,0.780,0.919]
Epoch [62] Training Results: Prec@1 90.848 Prec@5 99.836 Loss 0.26085
Epoch [62] Training Class Recall: [0.906,0.954,0.905,0.839,0.903,0.854,0.922,0.931,0.945,0.933]
Epoch [62] Testing Results: Prec@1 78.320 Prec@5 98.150 Loss 0.71581
Epoch [62] Testing Class Recall: [0.675,0.944,0.801,0.626,0.757,0.831,0.845,0.680,0.738,0.935]
Epoch [63] Training Results: Prec@1 90.720 Prec@5 99.792 Loss 0.26391
Epoch [63] Training Class Recall: [0.910,0.957,0.900,0.830,0.912,0.850,0.924,0.929,0.937,0.931]
Epoch [63] Testing Results: Prec@1 75.500 Prec@5 96.650 Loss 0.89744
Epoch [63] Testing Class Recall: [0.829,0.725,0.707,0.651,0.754,0.573,0.531,0.921,0.920,0.939]
Epoch [64] Training Results: Prec@1 90.600 Prec@5 99.820 Loss 0.26216
Epoch [64] Training Class Recall: [0.925,0.959,0.895,0.809,0.903,0.844,0.923,0.933,0.940,0.938]
Epoch [64] Testing Results: Prec@1 74.620 Prec@5 96.950 Loss 0.97059
Epoch [64] Testing Class Recall: [0.708,0.794,0.656,0.718,0.696,0.764,0.498,0.742,0.904,0.982]
Epoch [65] Training Results: Prec@1 91.008 Prec@5 99.836 Loss 0.25766
Epoch [65] Training Class Recall: [0.921,0.957,0.899,0.825,0.906,0.866,0.928,0.929,0.941,0.936]
Epoch [65] Testing Results: Prec@1 75.530 Prec@5 97.330 Loss 0.97132
Epoch [65] Testing Class Recall: [0.634,0.813,0.688,0.381,0.802,0.680,0.721,0.955,0.909,0.970]
Epoch [66] Training Results: Prec@1 90.656 Prec@5 99.828 Loss 0.26549
Epoch [66] Training Class Recall: [0.910,0.950,0.901,0.827,0.895,0.856,0.925,0.934,0.939,0.938]
Epoch [66] Testing Results: Prec@1 79.790 Prec@5 98.220 Loss 0.68737
Epoch [66] Testing Class Recall: [0.809,0.952,0.634,0.457,0.757,0.822,0.875,0.893,0.878,0.902]
Epoch [67] Training Results: Prec@1 90.960 Prec@5 99.796 Loss 0.25766
Epoch [67] Training Class Recall: [0.914,0.959,0.901,0.838,0.908,0.850,0.926,0.932,0.942,0.933]
Epoch [67] Testing Results: Prec@1 75.120 Prec@5 96.820 Loss 0.98986
Epoch [67] Testing Class Recall: [0.913,0.854,0.683,0.745,0.453,0.677,0.611,0.883,0.883,0.810]
Epoch [68] Training Results: Prec@1 91.452 Prec@5 99.844 Loss 0.24725
Epoch [68] Training Class Recall: [0.922,0.964,0.911,0.831,0.906,0.866,0.924,0.936,0.951,0.941]
Epoch [68] Testing Results: Prec@1 75.900 Prec@5 97.860 Loss 0.89030
Epoch [68] Testing Class Recall: [0.920,0.901,0.606,0.718,0.602,0.474,0.845,0.888,0.730,0.906]
Epoch [69] Training Results: Prec@1 90.900 Prec@5 99.788 Loss 0.26035
Epoch [69] Training Class Recall: [0.926,0.955,0.904,0.822,0.907,0.853,0.924,0.923,0.951,0.931]
Epoch [69] Testing Results: Prec@1 68.920 Prec@5 96.510 Loss 1.48667
Epoch [69] Testing Class Recall: [0.661,0.904,0.285,0.668,0.655,0.921,0.605,0.782,0.622,0.789]
Epoch [70] Training Results: Prec@1 91.008 Prec@5 99.848 Loss 0.25615
Epoch [70] Training Class Recall: [0.927,0.955,0.895,0.835,0.902,0.854,0.928,0.937,0.941,0.935]
Epoch [70] Testing Results: Prec@1 77.130 Prec@5 97.740 Loss 0.89331
Epoch [70] Testing Class Recall: [0.674,0.925,0.449,0.846,0.710,0.813,0.699,0.847,0.867,0.883]
Epoch [71] Training Results: Prec@1 91.072 Prec@5 99.796 Loss 0.26215
Epoch [71] Training Class Recall: [0.916,0.957,0.901,0.840,0.915,0.861,0.926,0.930,0.935,0.934]
Epoch [71] Testing Results: Prec@1 78.800 Prec@5 97.990 Loss 0.75727
Epoch [71] Testing Class Recall: [0.822,0.926,0.658,0.429,0.770,0.764,0.925,0.843,0.859,0.884]
Epoch [72] Training Results: Prec@1 90.956 Prec@5 99.836 Loss 0.25435
Epoch [72] Training Class Recall: [0.922,0.957,0.905,0.832,0.908,0.847,0.925,0.926,0.946,0.936]
Epoch [72] Testing Results: Prec@1 73.930 Prec@5 96.820 Loss 1.02947
Epoch [72] Testing Class Recall: [0.756,0.874,0.601,0.262,0.513,0.919,0.832,0.912,0.783,0.941]
Epoch [73] Training Results: Prec@1 91.048 Prec@5 99.832 Loss 0.25182
Epoch [73] Training Class Recall: [0.910,0.953,0.905,0.839,0.904,0.867,0.926,0.935,0.936,0.936]
Epoch [73] Testing Results: Prec@1 80.200 Prec@5 98.400 Loss 0.64967
Epoch [73] Testing Class Recall: [0.584,0.949,0.747,0.596,0.770,0.862,0.882,0.808,0.896,0.926]
Epoch [74] Training Results: Prec@1 91.240 Prec@5 99.812 Loss 0.25315
Epoch [74] Training Class Recall: [0.920,0.952,0.915,0.834,0.911,0.855,0.934,0.932,0.944,0.935]
Epoch [74] Testing Results: Prec@1 79.170 Prec@5 98.120 Loss 0.73195
Epoch [74] Testing Class Recall: [0.721,0.977,0.544,0.574,0.841,0.858,0.820,0.913,0.825,0.844]
Epoch [75] Training Results: Prec@1 90.988 Prec@5 99.824 Loss 0.25471
Epoch [75] Training Class Recall: [0.918,0.956,0.897,0.837,0.908,0.853,0.926,0.930,0.940,0.943]
Epoch [75] Testing Results: Prec@1 79.770 Prec@5 98.660 Loss 0.72237
Epoch [75] Testing Class Recall: [0.816,0.966,0.691,0.654,0.678,0.829,0.907,0.845,0.810,0.781]
Epoch [76] Training Results: Prec@1 90.864 Prec@5 99.820 Loss 0.26006
Epoch [76] Training Class Recall: [0.907,0.952,0.906,0.829,0.911,0.863,0.925,0.935,0.937,0.929]
Epoch [76] Testing Results: Prec@1 80.660 Prec@5 98.640 Loss 0.63714
Epoch [76] Testing Class Recall: [0.741,0.880,0.692,0.786,0.753,0.752,0.830,0.847,0.840,0.945]
Epoch [77] Training Results: Prec@1 91.012 Prec@5 99.820 Loss 0.25733
Epoch [77] Training Class Recall: [0.914,0.958,0.903,0.836,0.915,0.855,0.924,0.930,0.941,0.933]
Epoch [77] Testing Results: Prec@1 73.700 Prec@5 96.570 Loss 0.99736
Epoch [77] Testing Class Recall: [0.694,0.945,0.551,0.314,0.462,0.884,0.886,0.905,0.782,0.947]
Epoch [78] Training Results: Prec@1 91.400 Prec@5 99.884 Loss 0.24011
Epoch [78] Training Class Recall: [0.917,0.959,0.903,0.837,0.905,0.876,0.928,0.943,0.945,0.935]
Epoch [78] Testing Results: Prec@1 77.220 Prec@5 98.150 Loss 0.88165
Epoch [78] Testing Class Recall: [0.620,0.909,0.707,0.407,0.698,0.924,0.787,0.893,0.856,0.921]
Epoch [79] Training Results: Prec@1 91.404 Prec@5 99.844 Loss 0.25018
Epoch [79] Training Class Recall: [0.923,0.964,0.907,0.842,0.904,0.853,0.932,0.942,0.941,0.939]
Epoch [79] Testing Results: Prec@1 81.160 Prec@5 98.480 Loss 0.63294
Epoch [79] Testing Class Recall: [0.756,0.902,0.736,0.734,0.607,0.768,0.878,0.893,0.895,0.947]
Epoch [80] Training Results: Prec@1 91.524 Prec@5 99.856 Loss 0.24068
Epoch [80] Training Class Recall: [0.924,0.959,0.908,0.844,0.914,0.858,0.927,0.940,0.942,0.944]
Epoch [80] Testing Results: Prec@1 82.780 Prec@5 98.990 Loss 0.58918
Epoch [80] Testing Class Recall: [0.690,0.987,0.808,0.761,0.833,0.712,0.882,0.900,0.872,0.833]
Epoch [81] Training Results: Prec@1 91.012 Prec@5 99.868 Loss 0.25136
Epoch [81] Training Class Recall: [0.917,0.961,0.913,0.821,0.910,0.844,0.929,0.937,0.938,0.938]
Epoch [81] Testing Results: Prec@1 74.630 Prec@5 97.120 Loss 1.00016
Epoch [81] Testing Class Recall: [0.806,0.891,0.668,0.529,0.691,0.787,0.672,0.761,0.685,0.973]
Epoch [82] Training Results: Prec@1 91.424 Prec@5 99.864 Loss 0.23906
Epoch [82] Training Class Recall: [0.922,0.957,0.908,0.837,0.906,0.862,0.926,0.945,0.946,0.940]
Epoch [82] Testing Results: Prec@1 74.990 Prec@5 97.540 Loss 0.93256
Epoch [82] Testing Class Recall: [0.793,0.877,0.649,0.685,0.315,0.872,0.724,0.777,0.850,0.957]
Epoch [83] Training Results: Prec@1 91.824 Prec@5 99.880 Loss 0.23442
Epoch [83] Training Class Recall: [0.919,0.959,0.914,0.848,0.918,0.875,0.934,0.937,0.945,0.940]
Epoch [83] Testing Results: Prec@1 79.780 Prec@5 98.650 Loss 0.71360
Epoch [83] Testing Class Recall: [0.811,0.833,0.798,0.739,0.670,0.753,0.908,0.877,0.816,0.773]
Epoch [84] Training Results: Prec@1 91.336 Prec@5 99.856 Loss 0.24520
Epoch [84] Training Class Recall: [0.917,0.959,0.913,0.838,0.916,0.857,0.928,0.935,0.943,0.933]
Epoch [84] Testing Results: Prec@1 80.220 Prec@5 98.290 Loss 0.74499
Epoch [84] Testing Class Recall: [0.870,0.993,0.740,0.492,0.807,0.885,0.726,0.905,0.871,0.733]
Epoch [85] Training Results: Prec@1 91.688 Prec@5 99.828 Loss 0.23438
Epoch [85] Training Class Recall: [0.924,0.963,0.912,0.842,0.917,0.869,0.928,0.934,0.943,0.946]
Epoch [85] Testing Results: Prec@1 79.630 Prec@5 98.630 Loss 0.72278
Epoch [85] Testing Class Recall: [0.887,0.951,0.772,0.469,0.747,0.837,0.852,0.920,0.752,0.776]
Epoch [86] Training Results: Prec@1 91.604 Prec@5 99.864 Loss 0.23949
Epoch [86] Training Class Recall: [0.927,0.956,0.908,0.847,0.910,0.870,0.926,0.937,0.944,0.942]
Epoch [86] Testing Results: Prec@1 77.620 Prec@5 98.380 Loss 0.82908
Epoch [86] Testing Class Recall: [0.889,0.890,0.776,0.620,0.738,0.584,0.875,0.788,0.852,0.750]
Epoch [87] Training Results: Prec@1 91.616 Prec@5 99.880 Loss 0.23580
Epoch [87] Training Class Recall: [0.920,0.960,0.907,0.843,0.916,0.857,0.943,0.940,0.945,0.939]
Epoch [87] Testing Results: Prec@1 77.920 Prec@5 98.550 Loss 0.77043
Epoch [87] Testing Class Recall: [0.775,0.952,0.788,0.844,0.668,0.598,0.694,0.782,0.811,0.880]
Epoch [88] Training Results: Prec@1 91.784 Prec@5 99.840 Loss 0.23793
Epoch [88] Training Class Recall: [0.926,0.961,0.913,0.850,0.905,0.869,0.929,0.939,0.951,0.942]
Epoch [88] Testing Results: Prec@1 81.480 Prec@5 98.890 Loss 0.64270
Epoch [88] Testing Class Recall: [0.778,0.957,0.738,0.626,0.757,0.837,0.893,0.839,0.840,0.883]
Epoch [89] Training Results: Prec@1 91.772 Prec@5 99.888 Loss 0.23606
Epoch [89] Training Class Recall: [0.920,0.964,0.913,0.850,0.907,0.869,0.934,0.936,0.948,0.944]
Epoch [89] Testing Results: Prec@1 81.310 Prec@5 98.630 Loss 0.63767
Epoch [89] Testing Class Recall: [0.723,0.947,0.734,0.757,0.808,0.811,0.869,0.673,0.903,0.906]
Epoch [90] Training Results: Prec@1 91.676 Prec@5 99.864 Loss 0.23578
Epoch [90] Training Class Recall: [0.921,0.960,0.907,0.845,0.924,0.869,0.928,0.937,0.940,0.943]
Epoch [90] Testing Results: Prec@1 80.880 Prec@5 98.760 Loss 0.65488
Epoch [90] Testing Class Recall: [0.737,0.946,0.738,0.610,0.756,0.923,0.817,0.898,0.790,0.873]
Epoch [91] Training Results: Prec@1 91.532 Prec@5 99.860 Loss 0.23976
Epoch [91] Training Class Recall: [0.927,0.961,0.907,0.842,0.902,0.872,0.931,0.937,0.949,0.930]
Epoch [91] Testing Results: Prec@1 75.920 Prec@5 97.510 Loss 0.93530
Epoch [91] Testing Class Recall: [0.878,0.966,0.882,0.409,0.629,0.822,0.608,0.864,0.709,0.825]
Epoch [92] Training Results: Prec@1 91.968 Prec@5 99.896 Loss 0.22860
Epoch [92] Training Class Recall: [0.925,0.961,0.918,0.849,0.911,0.868,0.938,0.938,0.947,0.949]
Epoch [92] Testing Results: Prec@1 78.470 Prec@5 98.250 Loss 0.75512
Epoch [92] Testing Class Recall: [0.651,0.977,0.690,0.673,0.692,0.911,0.728,0.861,0.799,0.865]
Epoch [93] Training Results: Prec@1 91.372 Prec@5 99.876 Loss 0.24204
Epoch [93] Training Class Recall: [0.923,0.958,0.913,0.835,0.911,0.857,0.928,0.941,0.945,0.932]
Epoch [93] Testing Results: Prec@1 80.720 Prec@5 98.510 Loss 0.66780
Epoch [93] Testing Class Recall: [0.844,0.942,0.687,0.487,0.697,0.828,0.882,0.912,0.932,0.861]
Epoch [94] Training Results: Prec@1 92.152 Prec@5 99.828 Loss 0.22967
Epoch [94] Training Class Recall: [0.929,0.959,0.907,0.855,0.916,0.879,0.943,0.945,0.949,0.941]
Epoch [94] Testing Results: Prec@1 81.940 Prec@5 98.730 Loss 0.58995
Epoch [94] Testing Class Recall: [0.787,0.840,0.774,0.686,0.805,0.802,0.786,0.870,0.914,0.930]
Epoch [95] Training Results: Prec@1 91.856 Prec@5 99.896 Loss 0.23045
Epoch [95] Training Class Recall: [0.922,0.957,0.913,0.842,0.923,0.868,0.936,0.944,0.943,0.945]
Epoch [95] Testing Results: Prec@1 82.090 Prec@5 98.840 Loss 0.59217
Epoch [95] Testing Class Recall: [0.746,0.970,0.769,0.722,0.846,0.780,0.818,0.915,0.825,0.818]
Epoch [96] Training Results: Prec@1 92.216 Prec@5 99.916 Loss 0.22016
Epoch [96] Training Class Recall: [0.927,0.968,0.915,0.855,0.923,0.870,0.933,0.947,0.950,0.939]
Epoch [96] Testing Results: Prec@1 79.020 Prec@5 98.730 Loss 0.72317
Epoch [96] Testing Class Recall: [0.715,0.752,0.783,0.848,0.712,0.658,0.788,0.804,0.886,0.956]
Epoch [97] Training Results: Prec@1 91.520 Prec@5 99.872 Loss 0.23706
Epoch [97] Training Class Recall: [0.912,0.964,0.912,0.848,0.912,0.860,0.928,0.938,0.939,0.946]
Epoch [97] Testing Results: Prec@1 78.250 Prec@5 98.750 Loss 0.82461
Epoch [97] Testing Class Recall: [0.882,0.840,0.850,0.522,0.648,0.756,0.893,0.803,0.760,0.871]
Epoch [98] Training Results: Prec@1 91.624 Prec@5 99.896 Loss 0.23492
Epoch [98] Training Class Recall: [0.920,0.956,0.915,0.847,0.917,0.871,0.928,0.940,0.939,0.933]
Epoch [98] Testing Results: Prec@1 75.100 Prec@5 97.320 Loss 0.98257
Epoch [98] Testing Class Recall: [0.935,0.828,0.687,0.490,0.573,0.757,0.660,0.919,0.743,0.918]
Epoch [99] Training Results: Prec@1 91.272 Prec@5 99.836 Loss 0.24481
Epoch [99] Training Class Recall: [0.919,0.955,0.904,0.844,0.908,0.869,0.927,0.937,0.935,0.935]
Epoch [99] Testing Results: Prec@1 82.270 Prec@5 98.420 Loss 0.60139
Epoch [99] Testing Class Recall: [0.797,0.912,0.635,0.687,0.782,0.758,0.878,0.896,0.938,0.944]
Epoch [100] Training Results: Prec@1 91.744 Prec@5 99.844 Loss 0.23382
Epoch [100] Training Class Recall: [0.925,0.953,0.916,0.841,0.915,0.869,0.928,0.943,0.949,0.940]
Epoch [100] Testing Results: Prec@1 81.280 Prec@5 98.860 Loss 0.60972
Epoch [100] Testing Class Recall: [0.753,0.939,0.827,0.749,0.709,0.747,0.848,0.927,0.826,0.803]
Epoch [101] Training Results: Prec@1 91.840 Prec@5 99.880 Loss 0.23071
Epoch [101] Training Class Recall: [0.917,0.962,0.921,0.850,0.908,0.874,0.930,0.942,0.945,0.940]
Epoch [101] Testing Results: Prec@1 81.160 Prec@5 98.570 Loss 0.66217
Epoch [101] Testing Class Recall: [0.787,0.954,0.750,0.601,0.766,0.733,0.890,0.940,0.905,0.790]
Epoch [102] Training Results: Prec@1 91.688 Prec@5 99.888 Loss 0.23376
Epoch [102] Training Class Recall: [0.922,0.955,0.912,0.849,0.912,0.870,0.941,0.937,0.944,0.934]
Epoch [102] Testing Results: Prec@1 79.670 Prec@5 98.710 Loss 0.66534
Epoch [102] Testing Class Recall: [0.714,0.991,0.869,0.679,0.699,0.798,0.877,0.896,0.821,0.623]
Epoch [103] Training Results: Prec@1 91.904 Prec@5 99.888 Loss 0.22170
Epoch [103] Training Class Recall: [0.923,0.958,0.913,0.850,0.917,0.876,0.934,0.937,0.951,0.936]
Epoch [103] Testing Results: Prec@1 80.950 Prec@5 99.040 Loss 0.64088
Epoch [103] Testing Class Recall: [0.662,0.808,0.785,0.668,0.883,0.751,0.824,0.860,0.923,0.931]
Epoch [104] Training Results: Prec@1 91.984 Prec@5 99.884 Loss 0.22502
Epoch [104] Training Class Recall: [0.929,0.962,0.913,0.853,0.907,0.871,0.935,0.939,0.948,0.947]
Epoch [104] Testing Results: Prec@1 79.410 Prec@5 98.230 Loss 0.76450
Epoch [104] Testing Class Recall: [0.704,0.946,0.768,0.637,0.637,0.876,0.802,0.814,0.839,0.918]
Epoch [105] Training Results: Prec@1 92.476 Prec@5 99.916 Loss 0.21539
Epoch [105] Training Class Recall: [0.926,0.959,0.922,0.861,0.922,0.886,0.943,0.940,0.948,0.948]
Epoch [105] Testing Results: Prec@1 79.540 Prec@5 98.310 Loss 0.73127
Epoch [105] Testing Class Recall: [0.590,0.983,0.689,0.662,0.795,0.831,0.746,0.873,0.930,0.855]
Epoch [106] Training Results: Prec@1 91.748 Prec@5 99.876 Loss 0.23704
Epoch [106] Training Class Recall: [0.924,0.964,0.913,0.848,0.917,0.874,0.933,0.926,0.938,0.943]
Epoch [106] Testing Results: Prec@1 69.510 Prec@5 96.570 Loss 1.22072
Epoch [106] Testing Class Recall: [0.485,0.928,0.495,0.637,0.553,0.923,0.516,0.716,0.797,0.901]
Epoch [107] Training Results: Prec@1 92.140 Prec@5 99.896 Loss 0.22173
Epoch [107] Training Class Recall: [0.927,0.957,0.920,0.852,0.921,0.878,0.939,0.943,0.942,0.941]
Epoch [107] Testing Results: Prec@1 73.370 Prec@5 97.670 Loss 1.01494
Epoch [107] Testing Class Recall: [0.659,0.994,0.751,0.757,0.604,0.825,0.659,0.807,0.589,0.692]
Epoch [108] Training Results: Prec@1 92.436 Prec@5 99.888 Loss 0.21696
Epoch [108] Training Class Recall: [0.931,0.963,0.919,0.858,0.918,0.879,0.936,0.947,0.958,0.940]
Epoch [108] Testing Results: Prec@1 79.120 Prec@5 98.350 Loss 0.72723
Epoch [108] Testing Class Recall: [0.727,0.955,0.621,0.551,0.661,0.880,0.858,0.973,0.826,0.860]
Epoch [109] Training Results: Prec@1 92.104 Prec@5 99.868 Loss 0.22568
Epoch [109] Training Class Recall: [0.926,0.962,0.917,0.853,0.922,0.881,0.929,0.939,0.945,0.941]
Epoch [109] Testing Results: Prec@1 81.400 Prec@5 98.830 Loss 0.65281
Epoch [109] Testing Class Recall: [0.871,0.917,0.762,0.817,0.781,0.665,0.754,0.912,0.753,0.908]
Epoch [110] Training Results: Prec@1 92.896 Prec@5 99.896 Loss 0.20530
Epoch [110] Training Class Recall: [0.933,0.966,0.922,0.862,0.930,0.878,0.946,0.951,0.956,0.953]
Epoch [110] Testing Results: Prec@1 76.520 Prec@5 97.650 Loss 0.97626
Epoch [110] Testing Class Recall: [0.738,0.838,0.659,0.457,0.521,0.846,0.838,0.979,0.863,0.913]
Epoch [111] Training Results: Prec@1 92.460 Prec@5 99.904 Loss 0.21768
Epoch [111] Training Class Recall: [0.925,0.959,0.922,0.857,0.924,0.883,0.937,0.948,0.949,0.948]
Epoch [111] Testing Results: Prec@1 77.980 Prec@5 97.860 Loss 0.85772
Epoch [111] Testing Class Recall: [0.716,0.931,0.521,0.661,0.712,0.870,0.748,0.921,0.875,0.843]
Epoch [112] Training Results: Prec@1 92.204 Prec@5 99.856 Loss 0.22967
Epoch [112] Training Class Recall: [0.926,0.961,0.920,0.852,0.919,0.875,0.938,0.941,0.949,0.947]
Epoch [112] Testing Results: Prec@1 76.790 Prec@5 97.440 Loss 0.86631
Epoch [112] Testing Class Recall: [0.893,0.854,0.552,0.503,0.690,0.888,0.747,0.843,0.750,0.959]
Epoch [113] Training Results: Prec@1 92.748 Prec@5 99.904 Loss 0.20999
Epoch [113] Training Class Recall: [0.933,0.969,0.922,0.863,0.925,0.884,0.946,0.945,0.949,0.946]
Epoch [113] Testing Results: Prec@1 77.940 Prec@5 97.480 Loss 0.89198
Epoch [113] Testing Class Recall: [0.876,0.934,0.586,0.611,0.681,0.784,0.860,0.719,0.857,0.886]
Epoch [114] Training Results: Prec@1 92.112 Prec@5 99.908 Loss 0.22153
Epoch [114] Training Class Recall: [0.928,0.964,0.915,0.849,0.915,0.882,0.932,0.934,0.953,0.947]
Epoch [114] Testing Results: Prec@1 77.040 Prec@5 97.980 Loss 0.84473
Epoch [114] Testing Class Recall: [0.624,0.949,0.760,0.706,0.582,0.921,0.608,0.759,0.916,0.879]
Epoch [115] Training Results: Prec@1 92.592 Prec@5 99.880 Loss 0.21218
Epoch [115] Training Class Recall: [0.925,0.970,0.919,0.866,0.922,0.880,0.943,0.944,0.951,0.946]
Epoch [115] Testing Results: Prec@1 79.750 Prec@5 97.760 Loss 0.73669
Epoch [115] Testing Class Recall: [0.823,0.934,0.675,0.580,0.692,0.674,0.800,0.961,0.909,0.927]
Epoch [116] Training Results: Prec@1 92.172 Prec@5 99.880 Loss 0.22484
Epoch [116] Training Class Recall: [0.927,0.967,0.911,0.855,0.918,0.877,0.939,0.943,0.947,0.940]
Epoch [116] Testing Results: Prec@1 79.480 Prec@5 98.530 Loss 0.73568
Epoch [116] Testing Class Recall: [0.563,0.936,0.738,0.775,0.767,0.814,0.819,0.858,0.876,0.802]
Epoch [117] Training Results: Prec@1 92.224 Prec@5 99.916 Loss 0.21873
Epoch [117] Training Class Recall: [0.927,0.963,0.924,0.840,0.916,0.878,0.941,0.944,0.948,0.948]
Epoch [117] Testing Results: Prec@1 78.410 Prec@5 98.860 Loss 0.74178
Epoch [117] Testing Class Recall: [0.647,0.713,0.748,0.883,0.865,0.659,0.753,0.796,0.886,0.891]
Epoch [118] Training Results: Prec@1 92.672 Prec@5 99.908 Loss 0.20699
Epoch [118] Training Class Recall: [0.930,0.964,0.921,0.870,0.923,0.880,0.944,0.945,0.949,0.947]
Epoch [118] Testing Results: Prec@1 74.750 Prec@5 97.420 Loss 1.11157
Epoch [118] Testing Class Recall: [0.787,0.780,0.751,0.388,0.780,0.795,0.667,0.671,0.881,0.975]
Epoch [119] Training Results: Prec@1 92.164 Prec@5 99.864 Loss 0.22094
Epoch [119] Training Class Recall: [0.927,0.959,0.911,0.856,0.923,0.876,0.944,0.936,0.946,0.947]
Epoch [119] Testing Results: Prec@1 80.290 Prec@5 98.490 Loss 0.73049
Epoch [119] Testing Class Recall: [0.594,0.900,0.778,0.677,0.845,0.715,0.877,0.751,0.939,0.953]
Epoch [120] Training Results: Prec@1 92.628 Prec@5 99.908 Loss 0.21547
Epoch [120] Training Class Recall: [0.934,0.964,0.915,0.869,0.922,0.884,0.938,0.946,0.952,0.946]
Epoch [120] Testing Results: Prec@1 79.790 Prec@5 97.950 Loss 0.73778
Epoch [120] Testing Class Recall: [0.820,0.904,0.682,0.583,0.701,0.879,0.798,0.867,0.786,0.959]
Epoch [121] Training Results: Prec@1 92.384 Prec@5 99.904 Loss 0.22372
Epoch [121] Training Class Recall: [0.923,0.965,0.916,0.857,0.921,0.889,0.935,0.950,0.950,0.938]
Epoch [121] Testing Results: Prec@1 80.310 Prec@5 98.300 Loss 0.70361
Epoch [121] Testing Class Recall: [0.767,0.946,0.766,0.587,0.750,0.860,0.696,0.884,0.858,0.917]
Epoch [122] Training Results: Prec@1 92.344 Prec@5 99.892 Loss 0.21779
Epoch [122] Training Class Recall: [0.932,0.959,0.918,0.856,0.926,0.872,0.937,0.945,0.947,0.950]
Epoch [122] Testing Results: Prec@1 78.500 Prec@5 97.190 Loss 0.81802
Epoch [122] Testing Class Recall: [0.696,0.831,0.570,0.706,0.786,0.777,0.815,0.786,0.919,0.964]
Epoch [123] Training Results: Prec@1 92.488 Prec@5 99.888 Loss 0.21539
Epoch [123] Training Class Recall: [0.937,0.964,0.920,0.863,0.916,0.884,0.935,0.944,0.950,0.940]
Epoch [123] Testing Results: Prec@1 77.220 Prec@5 97.320 Loss 0.89234
Epoch [123] Testing Class Recall: [0.550,0.952,0.629,0.787,0.657,0.718,0.911,0.906,0.736,0.876]
Epoch [124] Training Results: Prec@1 92.292 Prec@5 99.884 Loss 0.21977
Epoch [124] Training Class Recall: [0.916,0.966,0.915,0.862,0.923,0.877,0.937,0.941,0.954,0.946]
Epoch [124] Testing Results: Prec@1 77.510 Prec@5 98.840 Loss 0.82283
Epoch [124] Testing Class Recall: [0.902,0.932,0.663,0.878,0.873,0.333,0.839,0.736,0.767,0.828]
Epoch [125] Training Results: Prec@1 92.300 Prec@5 99.908 Loss 0.22336
Epoch [125] Training Class Recall: [0.926,0.961,0.922,0.859,0.915,0.869,0.948,0.940,0.953,0.943]
Epoch [125] Testing Results: Prec@1 80.950 Prec@5 98.590 Loss 0.65285
Epoch [125] Testing Class Recall: [0.608,0.907,0.763,0.652,0.912,0.772,0.881,0.799,0.900,0.901]
Epoch [126] Training Results: Prec@1 92.896 Prec@5 99.900 Loss 0.20311
Epoch [126] Training Class Recall: [0.927,0.965,0.924,0.866,0.925,0.892,0.938,0.952,0.957,0.948]
Epoch [126] Testing Results: Prec@1 79.560 Prec@5 98.340 Loss 0.75198
Epoch [126] Testing Class Recall: [0.567,0.899,0.847,0.591,0.724,0.806,0.804,0.957,0.807,0.954]
Epoch [127] Training Results: Prec@1 92.284 Prec@5 99.892 Loss 0.22055
Epoch [127] Training Class Recall: [0.922,0.960,0.917,0.864,0.925,0.886,0.933,0.941,0.946,0.941]
Epoch [127] Testing Results: Prec@1 80.830 Prec@5 98.550 Loss 0.68770
Epoch [127] Testing Class Recall: [0.874,0.822,0.713,0.522,0.809,0.855,0.846,0.857,0.818,0.967]
Epoch [128] Training Results: Prec@1 92.224 Prec@5 99.904 Loss 0.21819
Epoch [128] Training Class Recall: [0.922,0.960,0.914,0.867,0.926,0.875,0.928,0.945,0.946,0.945]
Epoch [128] Testing Results: Prec@1 79.660 Prec@5 98.590 Loss 0.69721
Epoch [128] Testing Class Recall: [0.677,0.839,0.831,0.781,0.759,0.607,0.877,0.787,0.853,0.955]
Epoch [129] Training Results: Prec@1 92.444 Prec@5 99.908 Loss 0.21714
Epoch [129] Training Class Recall: [0.934,0.964,0.917,0.866,0.917,0.877,0.944,0.944,0.952,0.935]
Epoch [129] Testing Results: Prec@1 81.000 Prec@5 98.480 Loss 0.67127
Epoch [129] Testing Class Recall: [0.820,0.921,0.726,0.728,0.860,0.849,0.638,0.889,0.876,0.793]
Epoch [130] Training Results: Prec@1 92.824 Prec@5 99.908 Loss 0.20485
Epoch [130] Training Class Recall: [0.933,0.972,0.926,0.862,0.925,0.888,0.943,0.942,0.947,0.950]
Epoch [130] Testing Results: Prec@1 82.080 Prec@5 98.580 Loss 0.60865
Epoch [130] Testing Class Recall: [0.809,0.889,0.654,0.817,0.836,0.675,0.819,0.864,0.902,0.943]
Epoch [131] Training Results: Prec@1 92.320 Prec@5 99.908 Loss 0.21619
Epoch [131] Training Class Recall: [0.921,0.959,0.921,0.865,0.922,0.883,0.936,0.943,0.946,0.942]
Epoch [131] Testing Results: Prec@1 80.300 Prec@5 98.440 Loss 0.74729
Epoch [131] Testing Class Recall: [0.847,0.914,0.698,0.674,0.763,0.835,0.885,0.691,0.819,0.904]
Epoch [132] Training Results: Prec@1 92.496 Prec@5 99.912 Loss 0.21137
Epoch [132] Training Class Recall: [0.926,0.965,0.916,0.859,0.922,0.878,0.946,0.949,0.949,0.947]
Epoch [132] Testing Results: Prec@1 74.640 Prec@5 96.840 Loss 0.91439
Epoch [132] Testing Class Recall: [0.792,0.965,0.743,0.715,0.594,0.801,0.498,0.916,0.588,0.852]
Epoch [133] Training Results: Prec@1 92.624 Prec@5 99.924 Loss 0.20772
Epoch [133] Training Class Recall: [0.934,0.966,0.918,0.870,0.930,0.870,0.935,0.945,0.953,0.948]
Epoch [133] Testing Results: Prec@1 81.840 Prec@5 98.550 Loss 0.60719
Epoch [133] Testing Class Recall: [0.797,0.935,0.799,0.621,0.751,0.790,0.794,0.840,0.948,0.909]
Epoch [134] Training Results: Prec@1 92.040 Prec@5 99.860 Loss 0.22499
Epoch [134] Training Class Recall: [0.924,0.970,0.917,0.853,0.912,0.870,0.934,0.934,0.951,0.944]
Epoch [134] Testing Results: Prec@1 79.520 Prec@5 98.470 Loss 0.76455
Epoch [134] Testing Class Recall: [0.806,0.907,0.659,0.613,0.715,0.906,0.653,0.882,0.919,0.892]
Epoch [135] Training Results: Prec@1 93.056 Prec@5 99.912 Loss 0.20150
Epoch [135] Training Class Recall: [0.938,0.965,0.925,0.870,0.925,0.886,0.947,0.953,0.954,0.948]
Epoch [135] Testing Results: Prec@1 80.890 Prec@5 98.690 Loss 0.71644
Epoch [135] Testing Class Recall: [0.807,0.934,0.860,0.533,0.751,0.890,0.647,0.864,0.892,0.911]
Epoch [136] Training Results: Prec@1 92.588 Prec@5 99.912 Loss 0.20820
Epoch [136] Training Class Recall: [0.926,0.967,0.917,0.856,0.924,0.887,0.933,0.944,0.956,0.955]
Epoch [136] Testing Results: Prec@1 77.610 Prec@5 98.330 Loss 0.87986
Epoch [136] Testing Class Recall: [0.446,0.825,0.829,0.541,0.764,0.707,0.956,0.828,0.952,0.913]
Epoch [137] Training Results: Prec@1 92.636 Prec@5 99.904 Loss 0.21062
Epoch [137] Training Class Recall: [0.927,0.961,0.928,0.858,0.925,0.887,0.939,0.945,0.952,0.947]
Epoch [137] Testing Results: Prec@1 79.000 Prec@5 98.210 Loss 0.82258
Epoch [137] Testing Class Recall: [0.705,0.884,0.754,0.666,0.661,0.857,0.566,0.954,0.955,0.898]
Epoch [138] Training Results: Prec@1 92.464 Prec@5 99.908 Loss 0.21569
Epoch [138] Training Class Recall: [0.927,0.964,0.915,0.865,0.929,0.881,0.937,0.938,0.955,0.942]
Epoch [138] Testing Results: Prec@1 78.590 Prec@5 97.480 Loss 0.85890
Epoch [138] Testing Class Recall: [0.818,0.984,0.592,0.539,0.650,0.816,0.932,0.873,0.832,0.823]
Epoch [139] Training Results: Prec@1 92.720 Prec@5 99.932 Loss 0.20184
Epoch [139] Training Class Recall: [0.934,0.961,0.920,0.866,0.924,0.884,0.942,0.946,0.955,0.947]
Epoch [139] Testing Results: Prec@1 80.180 Prec@5 98.390 Loss 0.72685
Epoch [139] Testing Class Recall: [0.626,0.845,0.746,0.732,0.739,0.816,0.703,0.923,0.974,0.914]
Epoch [140] Training Results: Prec@1 93.084 Prec@5 99.888 Loss 0.20122
Epoch [140] Training Class Recall: [0.937,0.969,0.919,0.873,0.931,0.893,0.944,0.949,0.954,0.947]
Epoch [140] Testing Results: Prec@1 78.280 Prec@5 98.610 Loss 0.76402
Epoch [140] Testing Class Recall: [0.615,0.979,0.821,0.836,0.732,0.652,0.791,0.924,0.827,0.651]
Epoch [141] Training Results: Prec@1 92.612 Prec@5 99.904 Loss 0.20984
Epoch [141] Training Class Recall: [0.926,0.960,0.918,0.874,0.922,0.887,0.937,0.950,0.941,0.950]
Epoch [141] Testing Results: Prec@1 78.690 Prec@5 97.510 Loss 0.77508
Epoch [141] Testing Class Recall: [0.453,0.945,0.720,0.637,0.726,0.864,0.839,0.840,0.905,0.940]
Epoch [142] Training Results: Prec@1 92.612 Prec@5 99.884 Loss 0.21151
Epoch [142] Training Class Recall: [0.931,0.965,0.918,0.864,0.916,0.883,0.941,0.950,0.955,0.944]
Epoch [142] Testing Results: Prec@1 80.580 Prec@5 98.030 Loss 0.69979
Epoch [142] Testing Class Recall: [0.776,0.863,0.754,0.648,0.685,0.809,0.752,0.901,0.945,0.925]
Epoch [143] Training Results: Prec@1 92.732 Prec@5 99.904 Loss 0.20777
Epoch [143] Training Class Recall: [0.934,0.966,0.926,0.859,0.921,0.888,0.943,0.945,0.948,0.947]
Epoch [143] Testing Results: Prec@1 78.970 Prec@5 98.170 Loss 0.79498
Epoch [143] Testing Class Recall: [0.787,0.955,0.848,0.702,0.588,0.748,0.754,0.875,0.763,0.877]
Epoch [144] Training Results: Prec@1 92.784 Prec@5 99.944 Loss 0.20552
Epoch [144] Training Class Recall: [0.935,0.966,0.930,0.862,0.925,0.874,0.943,0.944,0.955,0.947]
Epoch [144] Testing Results: Prec@1 78.280 Prec@5 98.490 Loss 0.80700
Epoch [144] Testing Class Recall: [0.700,0.951,0.782,0.641,0.797,0.882,0.763,0.693,0.707,0.912]
Epoch [145] Training Results: Prec@1 93.052 Prec@5 99.908 Loss 0.19757
Epoch [145] Training Class Recall: [0.934,0.966,0.922,0.875,0.923,0.893,0.942,0.946,0.961,0.949]
Epoch [145] Testing Results: Prec@1 76.790 Prec@5 98.260 Loss 0.94009
Epoch [145] Testing Class Recall: [0.662,0.953,0.731,0.851,0.652,0.708,0.724,0.879,0.870,0.649]
Epoch [146] Training Results: Prec@1 92.656 Prec@5 99.880 Loss 0.21159
Epoch [146] Training Class Recall: [0.934,0.960,0.919,0.861,0.922,0.894,0.943,0.947,0.945,0.947]
Epoch [146] Testing Results: Prec@1 75.090 Prec@5 97.120 Loss 0.89815
Epoch [146] Testing Class Recall: [0.646,0.861,0.738,0.394,0.810,0.727,0.671,0.782,0.908,0.972]
Epoch [147] Training Results: Prec@1 92.472 Prec@5 99.928 Loss 0.21212
Epoch [147] Training Class Recall: [0.926,0.964,0.925,0.855,0.925,0.876,0.943,0.943,0.951,0.946]
Epoch [147] Testing Results: Prec@1 81.440 Prec@5 98.230 Loss 0.63727
Epoch [147] Testing Class Recall: [0.780,0.963,0.720,0.758,0.725,0.803,0.756,0.833,0.910,0.896]
Epoch [148] Training Results: Prec@1 92.832 Prec@5 99.904 Loss 0.20348
Epoch [148] Training Class Recall: [0.932,0.966,0.913,0.873,0.922,0.893,0.938,0.943,0.958,0.952]
Epoch [148] Testing Results: Prec@1 77.280 Prec@5 98.630 Loss 0.87860
Epoch [148] Testing Class Recall: [0.755,0.865,0.730,0.462,0.707,0.768,0.952,0.736,0.908,0.845]
Epoch [149] Training Results: Prec@1 93.120 Prec@5 99.904 Loss 0.20035
Epoch [149] Training Class Recall: [0.927,0.968,0.920,0.879,0.928,0.895,0.941,0.949,0.958,0.953]
Epoch [149] Testing Results: Prec@1 82.110 Prec@5 98.970 Loss 0.60865
Epoch [149] Testing Class Recall: [0.812,0.884,0.855,0.665,0.814,0.761,0.721,0.884,0.899,0.916]
Epoch [150] Training Results: Prec@1 92.664 Prec@5 99.904 Loss 0.20887
Epoch [150] Training Class Recall: [0.933,0.966,0.928,0.854,0.917,0.881,0.943,0.943,0.958,0.949]
Epoch [150] Testing Results: Prec@1 82.510 Prec@5 98.650 Loss 0.58464
Epoch [150] Testing Class Recall: [0.882,0.925,0.748,0.787,0.749,0.674,0.855,0.893,0.922,0.816]
Epoch [151] Training Results: Prec@1 93.204 Prec@5 99.932 Loss 0.18781
Epoch [151] Training Class Recall: [0.938,0.964,0.923,0.880,0.928,0.890,0.947,0.947,0.961,0.948]
Epoch [151] Testing Results: Prec@1 81.090 Prec@5 98.410 Loss 0.70017
Epoch [151] Testing Class Recall: [0.927,0.960,0.621,0.573,0.754,0.696,0.897,0.937,0.858,0.886]
Epoch [152] Training Results: Prec@1 92.832 Prec@5 99.928 Loss 0.20568
Epoch [152] Training Class Recall: [0.928,0.967,0.922,0.867,0.933,0.884,0.943,0.946,0.952,0.949]
Epoch [152] Testing Results: Prec@1 80.930 Prec@5 98.550 Loss 0.67153
Epoch [152] Testing Class Recall: [0.706,0.878,0.788,0.711,0.597,0.844,0.812,0.910,0.886,0.961]
Epoch [153] Training Results: Prec@1 92.956 Prec@5 99.920 Loss 0.20132
Epoch [153] Training Class Recall: [0.926,0.963,0.927,0.874,0.928,0.894,0.940,0.951,0.946,0.952]
Epoch [153] Testing Results: Prec@1 78.110 Prec@5 98.220 Loss 0.81966
Epoch [153] Testing Class Recall: [0.828,0.918,0.633,0.572,0.674,0.895,0.835,0.885,0.949,0.622]
Epoch [154] Training Results: Prec@1 93.012 Prec@5 99.912 Loss 0.20431
Epoch [154] Training Class Recall: [0.931,0.964,0.925,0.869,0.932,0.891,0.943,0.955,0.957,0.939]
Epoch [154] Testing Results: Prec@1 79.800 Prec@5 97.500 Loss 0.71165
Epoch [154] Testing Class Recall: [0.746,0.966,0.672,0.750,0.624,0.805,0.762,0.862,0.901,0.892]
Epoch [155] Training Results: Prec@1 92.840 Prec@5 99.892 Loss 0.20269
Epoch [155] Training Class Recall: [0.937,0.968,0.917,0.862,0.928,0.881,0.945,0.950,0.950,0.953]
Epoch [155] Testing Results: Prec@1 80.530 Prec@5 98.800 Loss 0.68233
Epoch [155] Testing Class Recall: [0.676,0.945,0.676,0.855,0.686,0.720,0.831,0.855,0.891,0.918]
Epoch [156] Training Results: Prec@1 93.072 Prec@5 99.916 Loss 0.19639
Epoch [156] Training Class Recall: [0.930,0.965,0.923,0.879,0.929,0.894,0.938,0.952,0.955,0.948]
Epoch [156] Testing Results: Prec@1 78.290 Prec@5 97.510 Loss 0.87655
Epoch [156] Testing Class Recall: [0.846,0.953,0.429,0.644,0.731,0.737,0.796,0.977,0.889,0.827]
Epoch [157] Training Results: Prec@1 92.948 Prec@5 99.892 Loss 0.20328
Epoch [157] Training Class Recall: [0.932,0.966,0.925,0.870,0.931,0.888,0.937,0.944,0.960,0.950]
Epoch [157] Testing Results: Prec@1 76.440 Prec@5 98.340 Loss 0.92950
Epoch [157] Testing Class Recall: [0.641,0.811,0.833,0.389,0.790,0.784,0.852,0.715,0.976,0.853]
Epoch [158] Training Results: Prec@1 92.404 Prec@5 99.960 Loss 0.21417
Epoch [158] Training Class Recall: [0.923,0.956,0.920,0.873,0.918,0.888,0.940,0.944,0.948,0.935]
Epoch [158] Testing Results: Prec@1 81.610 Prec@5 98.100 Loss 0.64810
Epoch [158] Testing Class Recall: [0.731,0.943,0.727,0.614,0.689,0.876,0.851,0.871,0.912,0.947]
Epoch [159] Training Results: Prec@1 93.132 Prec@5 99.908 Loss 0.19555
Epoch [159] Training Class Recall: [0.930,0.969,0.933,0.870,0.927,0.894,0.946,0.946,0.957,0.946]
Epoch [159] Testing Results: Prec@1 81.520 Prec@5 98.750 Loss 0.64114
Epoch [159] Testing Class Recall: [0.677,0.849,0.789,0.673,0.753,0.849,0.916,0.884,0.833,0.929]
Epoch [160] Training Results: Prec@1 95.036 Prec@5 99.960 Loss 0.14594
Epoch [160] Training Class Recall: [0.943,0.971,0.958,0.913,0.945,0.920,0.971,0.958,0.966,0.963]
Epoch [160] Testing Results: Prec@1 85.160 Prec@5 98.940 Loss 0.50604
Epoch [160] Testing Class Recall: [0.807,0.926,0.771,0.754,0.798,0.846,0.857,0.912,0.915,0.930]
Epoch [161] Training Results: Prec@1 96.140 Prec@5 99.984 Loss 0.11841
Epoch [161] Training Class Recall: [0.958,0.980,0.956,0.928,0.967,0.940,0.974,0.966,0.972,0.977]
Epoch [161] Testing Results: Prec@1 85.970 Prec@5 99.000 Loss 0.48575
Epoch [161] Testing Class Recall: [0.806,0.944,0.782,0.747,0.816,0.853,0.880,0.926,0.918,0.925]
Epoch [162] Training Results: Prec@1 96.448 Prec@5 99.976 Loss 0.10741
Epoch [162] Training Class Recall: [0.964,0.980,0.962,0.929,0.967,0.944,0.976,0.974,0.977,0.977]
Epoch [162] Testing Results: Prec@1 85.950 Prec@5 98.880 Loss 0.49137
Epoch [162] Testing Class Recall: [0.805,0.948,0.794,0.744,0.796,0.866,0.875,0.919,0.912,0.936]
Epoch [163] Training Results: Prec@1 96.944 Prec@5 99.984 Loss 0.09480
Epoch [163] Training Class Recall: [0.970,0.984,0.968,0.947,0.970,0.945,0.978,0.976,0.980,0.980]
Epoch [163] Testing Results: Prec@1 86.280 Prec@5 98.890 Loss 0.47716
Epoch [163] Testing Class Recall: [0.814,0.943,0.780,0.758,0.811,0.870,0.878,0.919,0.920,0.935]
Epoch [164] Training Results: Prec@1 97.208 Prec@5 99.980 Loss 0.09173
Epoch [164] Training Class Recall: [0.969,0.986,0.970,0.951,0.970,0.956,0.981,0.976,0.984,0.980]
Epoch [164] Testing Results: Prec@1 86.260 Prec@5 98.790 Loss 0.48218
Epoch [164] Testing Class Recall: [0.812,0.947,0.774,0.758,0.799,0.873,0.866,0.935,0.920,0.942]
Epoch [165] Training Results: Prec@1 97.244 Prec@5 99.988 Loss 0.08434
Epoch [165] Training Class Recall: [0.975,0.987,0.969,0.951,0.974,0.952,0.979,0.982,0.980,0.978]
Epoch [165] Testing Results: Prec@1 86.410 Prec@5 98.880 Loss 0.47447
Epoch [165] Testing Class Recall: [0.821,0.946,0.778,0.768,0.807,0.873,0.868,0.921,0.917,0.942]
Epoch [166] Training Results: Prec@1 97.612 Prec@5 99.992 Loss 0.08138
Epoch [166] Training Class Recall: [0.978,0.988,0.971,0.956,0.978,0.956,0.987,0.982,0.989,0.978]
Epoch [166] Testing Results: Prec@1 86.540 Prec@5 99.010 Loss 0.46814
Epoch [166] Testing Class Recall: [0.807,0.943,0.787,0.757,0.799,0.884,0.873,0.933,0.931,0.940]
Epoch [167] Training Results: Prec@1 97.560 Prec@5 99.988 Loss 0.07951
Epoch [167] Training Class Recall: [0.972,0.987,0.976,0.956,0.982,0.959,0.981,0.983,0.983,0.980]
Epoch [167] Testing Results: Prec@1 86.660 Prec@5 99.040 Loss 0.46593
Epoch [167] Testing Class Recall: [0.813,0.946,0.806,0.754,0.804,0.881,0.873,0.928,0.922,0.939]
Epoch [168] Training Results: Prec@1 97.788 Prec@5 99.992 Loss 0.07453
Epoch [168] Training Class Recall: [0.980,0.991,0.977,0.959,0.972,0.962,0.986,0.980,0.986,0.986]
Epoch [168] Testing Results: Prec@1 86.830 Prec@5 99.040 Loss 0.45894
Epoch [168] Testing Class Recall: [0.809,0.954,0.796,0.754,0.828,0.874,0.883,0.922,0.929,0.934]
Epoch [169] Training Results: Prec@1 97.800 Prec@5 99.996 Loss 0.07289
Epoch [169] Training Class Recall: [0.980,0.989,0.978,0.953,0.981,0.961,0.985,0.985,0.989,0.982]
Epoch [169] Testing Results: Prec@1 86.620 Prec@5 98.980 Loss 0.47204
Epoch [169] Testing Class Recall: [0.812,0.953,0.786,0.761,0.806,0.886,0.869,0.933,0.912,0.944]
Epoch [170] Training Results: Prec@1 97.880 Prec@5 99.984 Loss 0.06940
Epoch [170] Training Class Recall: [0.978,0.992,0.978,0.958,0.978,0.965,0.985,0.986,0.989,0.980]
Epoch [170] Testing Results: Prec@1 86.750 Prec@5 98.980 Loss 0.46857
Epoch [170] Testing Class Recall: [0.811,0.949,0.795,0.778,0.805,0.873,0.874,0.931,0.915,0.944]
Epoch [171] Training Results: Prec@1 97.824 Prec@5 99.992 Loss 0.06881
Epoch [171] Training Class Recall: [0.978,0.986,0.975,0.953,0.981,0.964,0.988,0.987,0.986,0.986]
Epoch [171] Testing Results: Prec@1 86.830 Prec@5 99.030 Loss 0.46177
Epoch [171] Testing Class Recall: [0.815,0.954,0.790,0.777,0.803,0.876,0.884,0.923,0.928,0.933]
Epoch [172] Training Results: Prec@1 98.172 Prec@5 99.988 Loss 0.06453
Epoch [172] Training Class Recall: [0.987,0.990,0.979,0.965,0.983,0.968,0.988,0.985,0.989,0.985]
Epoch [172] Testing Results: Prec@1 86.900 Prec@5 99.000 Loss 0.46327
Epoch [172] Testing Class Recall: [0.809,0.950,0.805,0.777,0.798,0.879,0.871,0.929,0.925,0.947]
Epoch [173] Training Results: Prec@1 98.124 Prec@5 99.996 Loss 0.06526
Epoch [173] Training Class Recall: [0.982,0.989,0.980,0.960,0.981,0.968,0.990,0.988,0.988,0.988]
Epoch [173] Testing Results: Prec@1 86.980 Prec@5 98.980 Loss 0.45993
Epoch [173] Testing Class Recall: [0.814,0.951,0.800,0.774,0.808,0.873,0.870,0.938,0.928,0.942]
Epoch [174] Training Results: Prec@1 97.992 Prec@5 99.984 Loss 0.06533
Epoch [174] Training Class Recall: [0.976,0.987,0.982,0.964,0.979,0.967,0.985,0.986,0.987,0.987]
Epoch [174] Testing Results: Prec@1 86.720 Prec@5 98.910 Loss 0.47024
Epoch [174] Testing Class Recall: [0.809,0.953,0.790,0.771,0.799,0.880,0.874,0.925,0.928,0.943]
Epoch [175] Training Results: Prec@1 98.204 Prec@5 100.000 Loss 0.06174
Epoch [175] Training Class Recall: [0.986,0.991,0.981,0.969,0.981,0.965,0.987,0.990,0.989,0.983]
Epoch [175] Testing Results: Prec@1 86.970 Prec@5 99.010 Loss 0.46731
Epoch [175] Testing Class Recall: [0.823,0.951,0.795,0.769,0.808,0.882,0.872,0.928,0.927,0.942]
Epoch [176] Training Results: Prec@1 98.320 Prec@5 99.992 Loss 0.05945
Epoch [176] Training Class Recall: [0.985,0.991,0.982,0.965,0.983,0.970,0.992,0.991,0.989,0.986]
Epoch [176] Testing Results: Prec@1 86.870 Prec@5 99.090 Loss 0.46241
Epoch [176] Testing Class Recall: [0.819,0.952,0.803,0.757,0.798,0.888,0.882,0.925,0.924,0.939]
Epoch [177] Training Results: Prec@1 98.180 Prec@5 99.996 Loss 0.05907
Epoch [177] Training Class Recall: [0.983,0.989,0.982,0.962,0.982,0.970,0.991,0.986,0.988,0.985]
Epoch [177] Testing Results: Prec@1 87.140 Prec@5 99.090 Loss 0.45725
Epoch [177] Testing Class Recall: [0.816,0.951,0.816,0.772,0.807,0.880,0.872,0.932,0.923,0.945]
Epoch [178] Training Results: Prec@1 98.236 Prec@5 100.000 Loss 0.05963
Epoch [178] Training Class Recall: [0.983,0.991,0.984,0.968,0.984,0.965,0.987,0.986,0.989,0.986]
Epoch [178] Testing Results: Prec@1 87.100 Prec@5 99.070 Loss 0.46273
Epoch [178] Testing Class Recall: [0.814,0.953,0.807,0.768,0.815,0.886,0.875,0.930,0.919,0.943]
Epoch [179] Training Results: Prec@1 98.400 Prec@5 99.996 Loss 0.05621
Epoch [179] Training Class Recall: [0.985,0.993,0.984,0.969,0.983,0.968,0.989,0.986,0.993,0.993]
Epoch [179] Testing Results: Prec@1 86.910 Prec@5 99.030 Loss 0.46987
Epoch [179] Testing Class Recall: [0.814,0.955,0.789,0.740,0.805,0.898,0.890,0.933,0.922,0.945]
Epoch [180] Training Results: Prec@1 98.332 Prec@5 99.992 Loss 0.05798
Epoch [180] Training Class Recall: [0.987,0.991,0.983,0.966,0.984,0.965,0.990,0.990,0.987,0.990]
Epoch [180] Testing Results: Prec@1 86.850 Prec@5 99.020 Loss 0.47367
Epoch [180] Testing Class Recall: [0.809,0.952,0.786,0.754,0.808,0.897,0.880,0.933,0.925,0.941]
Epoch [181] Training Results: Prec@1 98.360 Prec@5 99.996 Loss 0.05619
Epoch [181] Training Class Recall: [0.985,0.992,0.987,0.961,0.986,0.969,0.989,0.991,0.989,0.988]
Epoch [181] Testing Results: Prec@1 87.200 Prec@5 99.090 Loss 0.45559
Epoch [181] Testing Class Recall: [0.809,0.951,0.805,0.762,0.826,0.880,0.886,0.933,0.925,0.943]
Epoch [182] Training Results: Prec@1 98.292 Prec@5 99.996 Loss 0.05735
Epoch [182] Training Class Recall: [0.980,0.993,0.979,0.966,0.987,0.971,0.988,0.990,0.991,0.985]
Epoch [182] Testing Results: Prec@1 86.910 Prec@5 99.020 Loss 0.46582
Epoch [182] Testing Class Recall: [0.813,0.952,0.803,0.758,0.802,0.887,0.873,0.933,0.928,0.942]
Epoch [183] Training Results: Prec@1 98.392 Prec@5 100.000 Loss 0.05643
Epoch [183] Training Class Recall: [0.985,0.991,0.985,0.969,0.985,0.973,0.988,0.989,0.989,0.988]
Epoch [183] Testing Results: Prec@1 86.880 Prec@5 98.990 Loss 0.47534
Epoch [183] Testing Class Recall: [0.818,0.951,0.786,0.760,0.804,0.895,0.877,0.935,0.915,0.947]
Epoch [184] Training Results: Prec@1 98.428 Prec@5 99.992 Loss 0.05631
Epoch [184] Training Class Recall: [0.987,0.992,0.988,0.969,0.983,0.974,0.986,0.992,0.989,0.984]
Epoch [184] Testing Results: Prec@1 87.030 Prec@5 99.060 Loss 0.46519
Epoch [184] Testing Class Recall: [0.807,0.957,0.802,0.771,0.805,0.887,0.880,0.931,0.924,0.939]
Epoch [185] Training Results: Prec@1 98.432 Prec@5 99.996 Loss 0.05560
Epoch [185] Training Class Recall: [0.984,0.993,0.985,0.963,0.985,0.979,0.988,0.989,0.991,0.988]
Epoch [185] Testing Results: Prec@1 87.120 Prec@5 99.110 Loss 0.46197
Epoch [185] Testing Class Recall: [0.809,0.952,0.802,0.744,0.827,0.899,0.885,0.928,0.922,0.944]
Epoch [186] Training Results: Prec@1 98.388 Prec@5 99.996 Loss 0.05729
Epoch [186] Training Class Recall: [0.987,0.992,0.981,0.960,0.986,0.977,0.989,0.988,0.992,0.989]
Epoch [186] Testing Results: Prec@1 86.900 Prec@5 99.040 Loss 0.46557
Epoch [186] Testing Class Recall: [0.812,0.953,0.806,0.758,0.801,0.889,0.873,0.928,0.925,0.945]
Epoch [187] Training Results: Prec@1 98.356 Prec@5 99.984 Loss 0.05664
Epoch [187] Training Class Recall: [0.985,0.990,0.984,0.969,0.985,0.968,0.991,0.989,0.987,0.990]
Epoch [187] Testing Results: Prec@1 87.330 Prec@5 99.060 Loss 0.45579
Epoch [187] Testing Class Recall: [0.819,0.956,0.821,0.765,0.826,0.880,0.876,0.935,0.918,0.937]
Epoch [188] Training Results: Prec@1 98.340 Prec@5 99.996 Loss 0.05731
Epoch [188] Training Class Recall: [0.986,0.994,0.981,0.966,0.983,0.971,0.989,0.989,0.988,0.990]
Epoch [188] Testing Results: Prec@1 87.080 Prec@5 99.030 Loss 0.46291
Epoch [188] Testing Class Recall: [0.803,0.948,0.807,0.742,0.822,0.893,0.875,0.936,0.933,0.949]
Epoch [189] Training Results: Prec@1 98.360 Prec@5 100.000 Loss 0.05682
Epoch [189] Training Class Recall: [0.987,0.993,0.979,0.969,0.984,0.973,0.987,0.987,0.989,0.990]
Epoch [189] Testing Results: Prec@1 87.220 Prec@5 99.130 Loss 0.45736
Epoch [189] Testing Class Recall: [0.815,0.956,0.807,0.767,0.820,0.887,0.880,0.930,0.927,0.933]
Epoch [190] Training Results: Prec@1 98.340 Prec@5 100.000 Loss 0.05638
Epoch [190] Training Class Recall: [0.985,0.993,0.978,0.966,0.985,0.969,0.990,0.991,0.992,0.988]
Epoch [190] Testing Results: Prec@1 86.820 Prec@5 99.070 Loss 0.47330
Epoch [190] Testing Class Recall: [0.801,0.952,0.798,0.753,0.804,0.900,0.879,0.931,0.925,0.939]
Epoch [191] Training Results: Prec@1 98.448 Prec@5 100.000 Loss 0.05605
Epoch [191] Training Class Recall: [0.984,0.992,0.987,0.967,0.985,0.970,0.991,0.986,0.992,0.993]
Epoch [191] Testing Results: Prec@1 86.930 Prec@5 99.060 Loss 0.46660
Epoch [191] Testing Class Recall: [0.818,0.956,0.806,0.769,0.795,0.887,0.872,0.929,0.928,0.933]
Epoch [192] Training Results: Prec@1 98.336 Prec@5 99.996 Loss 0.05644
Epoch [192] Training Class Recall: [0.986,0.992,0.981,0.967,0.982,0.972,0.989,0.991,0.987,0.988]
Epoch [192] Testing Results: Prec@1 87.220 Prec@5 99.060 Loss 0.46090
Epoch [192] Testing Class Recall: [0.816,0.949,0.808,0.778,0.811,0.883,0.870,0.931,0.932,0.944]
Epoch [193] Training Results: Prec@1 98.312 Prec@5 99.996 Loss 0.05715
Epoch [193] Training Class Recall: [0.984,0.993,0.981,0.964,0.984,0.969,0.991,0.990,0.989,0.988]
Epoch [193] Testing Results: Prec@1 87.130 Prec@5 99.040 Loss 0.46119
Epoch [193] Testing Class Recall: [0.810,0.941,0.794,0.774,0.818,0.886,0.872,0.937,0.933,0.948]
Epoch [194] Training Results: Prec@1 98.380 Prec@5 100.000 Loss 0.05665
Epoch [194] Training Class Recall: [0.987,0.995,0.982,0.966,0.977,0.973,0.991,0.989,0.990,0.989]
Epoch [194] Testing Results: Prec@1 87.060 Prec@5 99.070 Loss 0.46527
Epoch [194] Testing Class Recall: [0.812,0.952,0.793,0.766,0.815,0.896,0.878,0.932,0.919,0.943]
Epoch [195] Training Results: Prec@1 98.424 Prec@5 99.996 Loss 0.05675
Epoch [195] Training Class Recall: [0.987,0.991,0.981,0.972,0.986,0.973,0.988,0.988,0.989,0.990]
Epoch [195] Testing Results: Prec@1 86.600 Prec@5 98.950 Loss 0.48275
Epoch [195] Testing Class Recall: [0.812,0.957,0.795,0.759,0.795,0.892,0.868,0.922,0.919,0.941]
Epoch [196] Training Results: Prec@1 98.396 Prec@5 99.992 Loss 0.05545
Epoch [196] Training Class Recall: [0.982,0.993,0.981,0.968,0.986,0.968,0.992,0.993,0.991,0.988]
Epoch [196] Testing Results: Prec@1 87.160 Prec@5 99.040 Loss 0.45918
Epoch [196] Testing Class Recall: [0.808,0.954,0.808,0.753,0.820,0.889,0.883,0.940,0.921,0.940]
Epoch [197] Training Results: Prec@1 98.300 Prec@5 99.996 Loss 0.05714
Epoch [197] Training Class Recall: [0.983,0.993,0.984,0.965,0.981,0.971,0.989,0.989,0.986,0.990]
Epoch [197] Testing Results: Prec@1 87.100 Prec@5 99.130 Loss 0.45854
Epoch [197] Testing Class Recall: [0.813,0.952,0.814,0.766,0.810,0.890,0.875,0.926,0.924,0.940]
Epoch [198] Training Results: Prec@1 98.400 Prec@5 100.000 Loss 0.05630
Epoch [198] Training Class Recall: [0.983,0.992,0.981,0.967,0.983,0.974,0.992,0.988,0.992,0.990]
Epoch [198] Testing Results: Prec@1 87.030 Prec@5 99.030 Loss 0.46434
Epoch [198] Testing Class Recall: [0.814,0.953,0.805,0.760,0.815,0.882,0.880,0.935,0.917,0.942]
Epoch [199] Training Results: Prec@1 98.352 Prec@5 100.000 Loss 0.05531
Epoch [199] Training Class Recall: [0.986,0.994,0.982,0.966,0.986,0.967,0.986,0.990,0.989,0.991]
Epoch [199] Testing Results: Prec@1 86.970 Prec@5 99.000 Loss 0.46864
Epoch [199] Testing Class Recall: [0.808,0.947,0.807,0.764,0.799,0.892,0.870,0.938,0.924,0.948]
