Log file: cifar10_random0.9_selection_randomoversampling_exp0.01_seed42_20260502_112821.log
Run started: 2026-05-02 11:28:21.173158
Dataset: cifar10
Imbalance type: exp, factor: 0.01
Selection method: random, ratio: 0.9
Strategy: Selection_RandomOversampling, epochs: 200
Seed: 42, rand_number: 0
Augmentation: weak
Noise ratio: 0.25
============================================================

=> Preparing logger and tensorboard writer !
----------------------------------------------------
Class ID   | Original   | Selected   | Keep %  
----------------------------------------------------
0          | 3977       | 3585       |    90.1%
1          | 2507       | 2236       |    89.2%
2          | 1609       | 1454       |    90.4%
3          | 1118       | 998        |    89.3%
4          | 825        | 750        |    90.9%
5          | 636        | 566        |    89.0%
6          | 509        | 462        |    90.8%
7          | 479        | 439        |    91.6%
8          | 391        | 359        |    91.8%
9          | 355        | 316        |    89.0%
----------------------------------------------------
TOTAL      | 12406      | 11165      |    90.0%
----------------------------------------------------
Epoch [0] Training Results: Prec@1 18.872 Prec@5 65.610             Loss 2.23093
Epoch [0] Training Class Recall: [0.371,0.468,0.164,0.245,0.195,0.103,0.083,0.096,0.082,0.079]
Epoch [0] Testing Results: Prec@1 31.030 Prec@5 84.940             Loss 1.92222
Epoch [0] Testing Class Recall: [0.338,0.837,0.207,0.322,0.508,0.111,0.255,0.344,0.165,0.016]
Epoch [1] Training Results: Prec@1 23.395 Prec@5 71.195             Loss 2.13188
Epoch [1] Training Class Recall: [0.498,0.590,0.231,0.306,0.177,0.120,0.155,0.117,0.071,0.073]
Epoch [1] Testing Results: Prec@1 34.380 Prec@5 86.570             Loss 1.80545
Epoch [1] Testing Class Recall: [0.765,0.596,0.257,0.386,0.213,0.019,0.719,0.298,0.000,0.185]
Epoch [2] Training Results: Prec@1 26.435 Prec@5 74.260             Loss 2.07030
Epoch [2] Training Class Recall: [0.566,0.670,0.258,0.317,0.184,0.167,0.193,0.150,0.056,0.083]
Epoch [2] Testing Results: Prec@1 37.030 Prec@5 86.650             Loss 1.76179
Epoch [2] Testing Class Recall: [0.721,0.737,0.109,0.470,0.544,0.053,0.673,0.335,0.006,0.055]
Epoch [3] Training Results: Prec@1 28.947 Prec@5 76.200             Loss 2.02727
Epoch [3] Training Class Recall: [0.553,0.702,0.299,0.347,0.242,0.208,0.220,0.148,0.059,0.115]
Epoch [3] Testing Results: Prec@1 34.370 Prec@5 81.530             Loss 1.96136
Epoch [3] Testing Class Recall: [0.686,0.653,0.365,0.414,0.136,0.655,0.328,0.058,0.008,0.134]
Epoch [4] Training Results: Prec@1 31.375 Prec@5 78.070             Loss 1.98049
Epoch [4] Training Class Recall: [0.591,0.730,0.330,0.367,0.296,0.253,0.242,0.162,0.046,0.122]
Epoch [4] Testing Results: Prec@1 40.730 Prec@5 83.030             Loss 1.74077
Epoch [4] Testing Class Recall: [0.769,0.707,0.375,0.260,0.614,0.615,0.566,0.153,0.009,0.005]
Epoch [5] Training Results: Prec@1 34.022 Prec@5 80.377             Loss 1.91236
Epoch [5] Training Class Recall: [0.553,0.730,0.393,0.376,0.356,0.278,0.274,0.178,0.086,0.178]
Epoch [5] Testing Results: Prec@1 40.990 Prec@5 85.910             Loss 1.71212
Epoch [5] Testing Class Recall: [0.505,0.879,0.463,0.301,0.635,0.253,0.570,0.074,0.292,0.127]
Epoch [6] Training Results: Prec@1 37.237 Prec@5 82.840             Loss 1.83391
Epoch [6] Training Class Recall: [0.521,0.724,0.415,0.397,0.385,0.332,0.304,0.207,0.147,0.292]
Epoch [6] Testing Results: Prec@1 40.810 Prec@5 84.440             Loss 1.77493
Epoch [6] Testing Class Recall: [0.651,0.669,0.602,0.291,0.350,0.140,0.489,0.576,0.191,0.122]
Epoch [7] Training Results: Prec@1 40.055 Prec@5 84.735             Loss 1.75595
Epoch [7] Training Class Recall: [0.493,0.699,0.429,0.423,0.408,0.369,0.341,0.255,0.208,0.381]
Epoch [7] Testing Results: Prec@1 40.560 Prec@5 83.550             Loss 1.91890
Epoch [7] Testing Class Recall: [0.523,0.561,0.338,0.237,0.282,0.713,0.804,0.077,0.474,0.047]
Epoch [8] Training Results: Prec@1 43.355 Prec@5 86.618             Loss 1.66448
Epoch [8] Training Class Recall: [0.471,0.687,0.435,0.437,0.432,0.396,0.375,0.311,0.306,0.484]
Epoch [8] Testing Results: Prec@1 43.840 Prec@5 86.840             Loss 1.71938
Epoch [8] Testing Class Recall: [0.424,0.705,0.442,0.398,0.453,0.641,0.258,0.237,0.470,0.356]
Epoch [9] Training Results: Prec@1 46.907 Prec@5 88.570             Loss 1.56354
Epoch [9] Training Class Recall: [0.483,0.686,0.435,0.442,0.453,0.430,0.414,0.353,0.414,0.580]
Epoch [9] Testing Results: Prec@1 38.350 Prec@5 80.390             Loss 2.36505
Epoch [9] Testing Class Recall: [0.385,0.605,0.084,0.569,0.627,0.410,0.147,0.016,0.294,0.698]
Epoch [10] Training Results: Prec@1 50.607 Prec@5 90.685             Loss 1.46152
Epoch [10] Training Class Recall: [0.480,0.666,0.448,0.463,0.479,0.473,0.479,0.417,0.511,0.644]
Epoch [10] Testing Results: Prec@1 37.390 Prec@5 84.900             Loss 1.99495
Epoch [10] Testing Class Recall: [0.387,0.273,0.248,0.345,0.476,0.165,0.364,0.299,0.560,0.622]
Epoch [11] Training Results: Prec@1 53.797 Prec@5 92.040             Loss 1.36877
Epoch [11] Training Class Recall: [0.473,0.672,0.474,0.488,0.487,0.505,0.520,0.473,0.578,0.709]
Epoch [11] Testing Results: Prec@1 35.660 Prec@5 74.260             Loss 2.53899
Epoch [11] Testing Class Recall: [0.595,0.727,0.535,0.515,0.335,0.301,0.048,0.189,0.246,0.075]
Epoch [12] Training Results: Prec@1 57.325 Prec@5 93.167             Loss 1.26860
Epoch [12] Training Class Recall: [0.474,0.667,0.485,0.506,0.535,0.540,0.581,0.534,0.656,0.752]
Epoch [12] Testing Results: Prec@1 35.690 Prec@5 83.250             Loss 2.38221
Epoch [12] Testing Class Recall: [0.597,0.247,0.377,0.340,0.166,0.229,0.400,0.550,0.478,0.185]
Epoch [13] Training Results: Prec@1 60.425 Prec@5 94.212             Loss 1.17851
Epoch [13] Training Class Recall: [0.475,0.680,0.505,0.523,0.542,0.594,0.637,0.604,0.703,0.778]
Epoch [13] Testing Results: Prec@1 36.900 Prec@5 78.970             Loss 2.39875
Epoch [13] Testing Class Recall: [0.290,0.495,0.461,0.565,0.532,0.358,0.404,0.262,0.271,0.052]
Epoch [14] Training Results: Prec@1 62.732 Prec@5 95.160             Loss 1.11140
Epoch [14] Training Class Recall: [0.498,0.681,0.516,0.547,0.567,0.622,0.661,0.635,0.748,0.798]
Epoch [14] Testing Results: Prec@1 36.040 Prec@5 75.350             Loss 2.56794
Epoch [14] Testing Class Recall: [0.440,0.681,0.393,0.261,0.262,0.549,0.598,0.191,0.133,0.096]
Epoch [15] Training Results: Prec@1 65.452 Prec@5 95.882             Loss 1.03012
Epoch [15] Training Class Recall: [0.500,0.684,0.533,0.563,0.619,0.663,0.699,0.685,0.772,0.827]
Epoch [15] Testing Results: Prec@1 40.960 Prec@5 79.980             Loss 2.49388
Epoch [15] Testing Class Recall: [0.453,0.729,0.376,0.419,0.422,0.510,0.444,0.354,0.168,0.221]
Epoch [16] Training Results: Prec@1 67.447 Prec@5 96.515             Loss 0.96475
Epoch [16] Training Class Recall: [0.525,0.681,0.542,0.595,0.617,0.689,0.730,0.726,0.795,0.847]
Epoch [16] Testing Results: Prec@1 40.380 Prec@5 82.860             Loss 2.31075
Epoch [16] Testing Class Recall: [0.372,0.515,0.423,0.355,0.457,0.436,0.515,0.374,0.244,0.347]
Epoch [17] Training Results: Prec@1 69.715 Prec@5 96.882             Loss 0.90614
Epoch [17] Training Class Recall: [0.545,0.694,0.571,0.612,0.649,0.705,0.762,0.751,0.823,0.860]
Epoch [17] Testing Results: Prec@1 36.720 Prec@5 75.800             Loss 2.99980
Epoch [17] Testing Class Recall: [0.357,0.688,0.544,0.267,0.253,0.211,0.698,0.413,0.177,0.064]
Epoch [18] Training Results: Prec@1 71.018 Prec@5 97.280             Loss 0.87058
Epoch [18] Training Class Recall: [0.540,0.696,0.588,0.633,0.649,0.730,0.778,0.781,0.838,0.869]
Epoch [18] Testing Results: Prec@1 38.470 Prec@5 76.640             Loss 2.61826
Epoch [18] Testing Class Recall: [0.518,0.651,0.525,0.503,0.307,0.154,0.536,0.403,0.184,0.066]
Epoch [19] Training Results: Prec@1 72.527 Prec@5 97.732             Loss 0.82363
Epoch [19] Training Class Recall: [0.577,0.715,0.595,0.634,0.678,0.759,0.794,0.778,0.846,0.877]
Epoch [19] Testing Results: Prec@1 34.550 Prec@5 77.750             Loss 2.92707
Epoch [19] Testing Class Recall: [0.510,0.480,0.111,0.433,0.323,0.314,0.538,0.317,0.283,0.146]
Epoch [20] Training Results: Prec@1 73.585 Prec@5 97.938             Loss 0.78316
Epoch [20] Training Class Recall: [0.559,0.708,0.597,0.658,0.698,0.775,0.806,0.811,0.861,0.886]
Epoch [20] Testing Results: Prec@1 39.350 Prec@5 76.690             Loss 2.88808
Epoch [20] Testing Class Recall: [0.581,0.574,0.588,0.517,0.530,0.232,0.314,0.111,0.287,0.201]
Epoch [21] Training Results: Prec@1 75.050 Prec@5 98.112             Loss 0.75526
Epoch [21] Training Class Recall: [0.584,0.719,0.632,0.673,0.716,0.779,0.821,0.821,0.871,0.889]
Epoch [21] Testing Results: Prec@1 36.070 Prec@5 76.500             Loss 2.93828
Epoch [21] Testing Class Recall: [0.346,0.554,0.613,0.544,0.233,0.109,0.565,0.264,0.169,0.210]
Epoch [22] Training Results: Prec@1 75.802 Prec@5 98.360             Loss 0.72051
Epoch [22] Training Class Recall: [0.578,0.721,0.630,0.690,0.734,0.807,0.827,0.824,0.875,0.895]
Epoch [22] Testing Results: Prec@1 40.190 Prec@5 80.440             Loss 2.78396
Epoch [22] Testing Class Recall: [0.609,0.578,0.252,0.159,0.481,0.599,0.479,0.508,0.084,0.270]
Epoch [23] Training Results: Prec@1 76.838 Prec@5 98.493             Loss 0.69892
Epoch [23] Training Class Recall: [0.602,0.725,0.647,0.705,0.744,0.805,0.842,0.843,0.879,0.893]
Epoch [23] Testing Results: Prec@1 40.280 Prec@5 76.980             Loss 2.92739
Epoch [23] Testing Class Recall: [0.583,0.605,0.608,0.425,0.441,0.330,0.456,0.078,0.401,0.101]
Epoch [24] Training Results: Prec@1 77.713 Prec@5 98.622             Loss 0.67112
Epoch [24] Training Class Recall: [0.608,0.738,0.653,0.714,0.742,0.814,0.854,0.855,0.888,0.906]
Epoch [24] Testing Results: Prec@1 39.610 Prec@5 78.640             Loss 2.98314
Epoch [24] Testing Class Recall: [0.517,0.465,0.359,0.375,0.623,0.432,0.618,0.312,0.132,0.128]
Epoch [25] Training Results: Prec@1 77.995 Prec@5 98.555             Loss 0.65837
Epoch [25] Training Class Recall: [0.603,0.731,0.673,0.719,0.763,0.821,0.856,0.845,0.886,0.904]
Epoch [25] Testing Results: Prec@1 34.940 Prec@5 74.460             Loss 3.24226
Epoch [25] Testing Class Recall: [0.505,0.479,0.495,0.421,0.354,0.483,0.374,0.154,0.145,0.084]
Epoch [26] Training Results: Prec@1 78.972 Prec@5 98.787             Loss 0.63212
Epoch [26] Training Class Recall: [0.618,0.747,0.675,0.731,0.776,0.832,0.857,0.860,0.894,0.907]
Epoch [26] Testing Results: Prec@1 39.770 Prec@5 78.690             Loss 3.02405
Epoch [26] Testing Class Recall: [0.505,0.637,0.451,0.545,0.527,0.381,0.446,0.145,0.165,0.175]
Epoch [27] Training Results: Prec@1 79.320 Prec@5 98.805             Loss 0.61671
Epoch [27] Training Class Recall: [0.620,0.746,0.686,0.738,0.780,0.839,0.858,0.856,0.896,0.912]
Epoch [27] Testing Results: Prec@1 37.920 Prec@5 75.360             Loss 3.14771
Epoch [27] Testing Class Recall: [0.418,0.571,0.612,0.443,0.377,0.442,0.442,0.140,0.115,0.232]
Epoch [28] Training Results: Prec@1 79.607 Prec@5 98.942             Loss 0.61210
Epoch [28] Training Class Recall: [0.636,0.744,0.684,0.735,0.781,0.839,0.870,0.865,0.892,0.914]
Epoch [28] Testing Results: Prec@1 39.730 Prec@5 75.750             Loss 3.57828
Epoch [28] Testing Class Recall: [0.508,0.648,0.570,0.392,0.383,0.502,0.574,0.254,0.122,0.020]
Epoch [29] Training Results: Prec@1 80.320 Prec@5 98.938             Loss 0.58927
Epoch [29] Training Class Recall: [0.640,0.755,0.690,0.754,0.796,0.841,0.876,0.867,0.901,0.912]
Epoch [29] Testing Results: Prec@1 35.380 Prec@5 72.040             Loss 3.94940
Epoch [29] Testing Class Recall: [0.496,0.763,0.500,0.641,0.144,0.325,0.224,0.232,0.166,0.047]
Epoch [30] Training Results: Prec@1 80.410 Prec@5 99.055             Loss 0.58633
Epoch [30] Training Class Recall: [0.641,0.748,0.692,0.760,0.797,0.845,0.876,0.869,0.894,0.919]
Epoch [30] Testing Results: Prec@1 40.690 Prec@5 78.710             Loss 2.98532
Epoch [30] Testing Class Recall: [0.499,0.731,0.648,0.389,0.364,0.200,0.407,0.368,0.218,0.245]
Epoch [31] Training Results: Prec@1 80.910 Prec@5 99.067             Loss 0.57120
Epoch [31] Training Class Recall: [0.646,0.757,0.707,0.764,0.807,0.848,0.874,0.866,0.905,0.918]
Epoch [31] Testing Results: Prec@1 35.740 Prec@5 72.690             Loss 3.78281
Epoch [31] Testing Class Recall: [0.485,0.615,0.631,0.301,0.101,0.515,0.316,0.186,0.400,0.024]
Epoch [32] Training Results: Prec@1 81.890 Prec@5 99.145             Loss 0.54313
Epoch [32] Training Class Recall: [0.655,0.757,0.721,0.770,0.824,0.859,0.892,0.883,0.909,0.918]
Epoch [32] Testing Results: Prec@1 37.090 Prec@5 77.370             Loss 3.19252
Epoch [32] Testing Class Recall: [0.559,0.512,0.478,0.219,0.401,0.357,0.390,0.445,0.256,0.092]
Epoch [33] Training Results: Prec@1 81.592 Prec@5 99.158             Loss 0.55699
Epoch [33] Training Class Recall: [0.662,0.765,0.721,0.770,0.811,0.850,0.882,0.873,0.902,0.923]
Epoch [33] Testing Results: Prec@1 35.170 Prec@5 72.190             Loss 3.51984
Epoch [33] Testing Class Recall: [0.499,0.702,0.387,0.677,0.322,0.233,0.340,0.184,0.114,0.059]
Epoch [34] Training Results: Prec@1 82.205 Prec@5 99.177             Loss 0.53561
Epoch [34] Training Class Recall: [0.657,0.763,0.738,0.777,0.825,0.869,0.884,0.879,0.906,0.922]
Epoch [34] Testing Results: Prec@1 35.330 Prec@5 76.140             Loss 3.81851
Epoch [34] Testing Class Recall: [0.669,0.526,0.664,0.175,0.601,0.155,0.260,0.246,0.178,0.059]
Epoch [35] Training Results: Prec@1 82.085 Prec@5 99.210             Loss 0.53769
Epoch [35] Training Class Recall: [0.652,0.765,0.734,0.784,0.821,0.864,0.878,0.880,0.909,0.922]
Epoch [35] Testing Results: Prec@1 38.920 Prec@5 78.360             Loss 3.11813
Epoch [35] Testing Class Recall: [0.620,0.596,0.403,0.355,0.529,0.322,0.319,0.326,0.211,0.211]
Epoch [36] Training Results: Prec@1 82.548 Prec@5 99.173             Loss 0.52349
Epoch [36] Training Class Recall: [0.669,0.772,0.732,0.792,0.826,0.864,0.885,0.890,0.905,0.920]
Epoch [36] Testing Results: Prec@1 40.660 Prec@5 81.200             Loss 2.91465
Epoch [36] Testing Class Recall: [0.414,0.701,0.358,0.432,0.259,0.408,0.538,0.303,0.377,0.276]
Epoch [37] Training Results: Prec@1 82.423 Prec@5 99.275             Loss 0.52362
Epoch [37] Training Class Recall: [0.672,0.757,0.734,0.787,0.829,0.863,0.889,0.888,0.905,0.918]
Epoch [37] Testing Results: Prec@1 41.670 Prec@5 80.160             Loss 3.13297
Epoch [37] Testing Class Recall: [0.627,0.565,0.263,0.632,0.342,0.352,0.682,0.341,0.208,0.155]
Epoch [38] Training Results: Prec@1 82.562 Prec@5 99.275             Loss 0.52246
Epoch [38] Training Class Recall: [0.668,0.774,0.731,0.788,0.835,0.864,0.886,0.888,0.903,0.918]
Epoch [38] Testing Results: Prec@1 40.230 Prec@5 78.380             Loss 3.33521
Epoch [38] Testing Class Recall: [0.466,0.768,0.547,0.477,0.430,0.214,0.495,0.073,0.394,0.159]
Epoch [39] Training Results: Prec@1 83.135 Prec@5 99.357             Loss 0.50347
Epoch [39] Training Class Recall: [0.672,0.776,0.751,0.793,0.836,0.873,0.897,0.883,0.910,0.921]
Epoch [39] Testing Results: Prec@1 39.070 Prec@5 76.130             Loss 2.91665
Epoch [39] Testing Class Recall: [0.538,0.780,0.554,0.413,0.415,0.358,0.394,0.196,0.050,0.209]
Epoch [40] Training Results: Prec@1 83.097 Prec@5 99.375             Loss 0.50571
Epoch [40] Training Class Recall: [0.669,0.782,0.745,0.792,0.834,0.868,0.897,0.886,0.910,0.927]
Epoch [40] Testing Results: Prec@1 40.050 Prec@5 77.750             Loss 3.35663
Epoch [40] Testing Class Recall: [0.564,0.545,0.536,0.408,0.645,0.407,0.252,0.258,0.322,0.068]
Epoch [41] Training Results: Prec@1 82.995 Prec@5 99.332             Loss 0.50379
Epoch [41] Training Class Recall: [0.667,0.783,0.751,0.794,0.835,0.864,0.892,0.890,0.909,0.914]
Epoch [41] Testing Results: Prec@1 39.450 Prec@5 76.410             Loss 3.25578
Epoch [41] Testing Class Recall: [0.518,0.654,0.496,0.461,0.432,0.365,0.522,0.236,0.196,0.065]
Epoch [42] Training Results: Prec@1 83.822 Prec@5 99.427             Loss 0.48673
Epoch [42] Training Class Recall: [0.686,0.789,0.755,0.795,0.839,0.882,0.898,0.894,0.917,0.926]
Epoch [42] Testing Results: Prec@1 37.320 Prec@5 74.720             Loss 3.76716
Epoch [42] Testing Class Recall: [0.678,0.663,0.589,0.545,0.400,0.186,0.275,0.184,0.180,0.032]
Epoch [43] Training Results: Prec@1 83.642 Prec@5 99.353             Loss 0.48607
Epoch [43] Training Class Recall: [0.685,0.780,0.756,0.791,0.840,0.877,0.902,0.885,0.918,0.930]
Epoch [43] Testing Results: Prec@1 40.160 Prec@5 77.000             Loss 3.35440
Epoch [43] Testing Class Recall: [0.568,0.729,0.371,0.209,0.551,0.573,0.163,0.525,0.257,0.070]
Epoch [44] Training Results: Prec@1 84.205 Prec@5 99.355             Loss 0.47311
Epoch [44] Training Class Recall: [0.697,0.785,0.769,0.801,0.842,0.879,0.895,0.900,0.919,0.932]
Epoch [44] Testing Results: Prec@1 34.740 Prec@5 74.880             Loss 3.63742
Epoch [44] Testing Class Recall: [0.476,0.557,0.324,0.364,0.572,0.301,0.339,0.343,0.168,0.030]
Epoch [45] Training Results: Prec@1 84.310 Prec@5 99.447             Loss 0.46756
Epoch [45] Training Class Recall: [0.698,0.785,0.770,0.802,0.854,0.885,0.895,0.899,0.917,0.925]
Epoch [45] Testing Results: Prec@1 36.880 Prec@5 71.960             Loss 4.15357
Epoch [45] Testing Class Recall: [0.655,0.795,0.554,0.687,0.223,0.107,0.300,0.125,0.200,0.042]
Epoch [46] Training Results: Prec@1 83.963 Prec@5 99.402             Loss 0.48337
Epoch [46] Training Class Recall: [0.685,0.784,0.765,0.808,0.843,0.875,0.897,0.901,0.916,0.922]
Epoch [46] Testing Results: Prec@1 35.330 Prec@5 76.050             Loss 4.09029
Epoch [46] Testing Class Recall: [0.405,0.544,0.517,0.342,0.766,0.233,0.157,0.200,0.089,0.280]
Epoch [47] Training Results: Prec@1 84.205 Prec@5 99.415             Loss 0.46774
Epoch [47] Training Class Recall: [0.686,0.786,0.773,0.803,0.847,0.877,0.898,0.905,0.916,0.929]
Epoch [47] Testing Results: Prec@1 40.650 Prec@5 78.600             Loss 3.09959
Epoch [47] Testing Class Recall: [0.648,0.696,0.412,0.468,0.406,0.301,0.418,0.384,0.167,0.165]
Epoch [48] Training Results: Prec@1 84.225 Prec@5 99.417             Loss 0.46922
Epoch [48] Training Class Recall: [0.709,0.784,0.762,0.810,0.842,0.879,0.896,0.898,0.919,0.925]
Epoch [48] Testing Results: Prec@1 37.050 Prec@5 76.260             Loss 3.53065
Epoch [48] Testing Class Recall: [0.476,0.491,0.581,0.516,0.525,0.124,0.168,0.354,0.155,0.315]
Epoch [49] Training Results: Prec@1 84.525 Prec@5 99.507             Loss 0.46448
Epoch [49] Training Class Recall: [0.691,0.794,0.781,0.810,0.855,0.882,0.900,0.897,0.914,0.928]
Epoch [49] Testing Results: Prec@1 34.030 Prec@5 72.420             Loss 3.53052
Epoch [49] Testing Class Recall: [0.682,0.700,0.732,0.208,0.203,0.331,0.167,0.110,0.169,0.101]
Epoch [50] Training Results: Prec@1 84.537 Prec@5 99.505             Loss 0.45855
Epoch [50] Training Class Recall: [0.704,0.785,0.771,0.814,0.850,0.880,0.905,0.900,0.915,0.930]
Epoch [50] Testing Results: Prec@1 36.160 Prec@5 74.450             Loss 3.78322
Epoch [50] Testing Class Recall: [0.664,0.701,0.464,0.444,0.432,0.207,0.237,0.233,0.064,0.170]
Epoch [51] Training Results: Prec@1 84.155 Prec@5 99.400             Loss 0.46827
Epoch [51] Training Class Recall: [0.701,0.792,0.765,0.805,0.849,0.879,0.897,0.892,0.913,0.922]
Epoch [51] Testing Results: Prec@1 39.770 Prec@5 76.090             Loss 3.29495
Epoch [51] Testing Class Recall: [0.592,0.682,0.374,0.471,0.417,0.406,0.485,0.355,0.096,0.099]
Epoch [52] Training Results: Prec@1 84.967 Prec@5 99.502             Loss 0.44925
Epoch [52] Training Class Recall: [0.706,0.791,0.773,0.818,0.849,0.888,0.910,0.907,0.922,0.931]
Epoch [52] Testing Results: Prec@1 38.470 Prec@5 77.030             Loss 3.59127
Epoch [52] Testing Class Recall: [0.647,0.528,0.510,0.280,0.571,0.578,0.304,0.087,0.243,0.099]
Epoch [53] Training Results: Prec@1 85.225 Prec@5 99.525             Loss 0.44256
Epoch [53] Training Class Recall: [0.716,0.798,0.774,0.822,0.861,0.884,0.903,0.905,0.925,0.934]
Epoch [53] Testing Results: Prec@1 35.480 Prec@5 72.380             Loss 4.18431
Epoch [53] Testing Class Recall: [0.647,0.562,0.483,0.388,0.750,0.121,0.320,0.121,0.103,0.053]
Epoch [54] Training Results: Prec@1 84.862 Prec@5 99.462             Loss 0.45114
Epoch [54] Training Class Recall: [0.709,0.793,0.776,0.827,0.858,0.883,0.896,0.896,0.921,0.928]
Epoch [54] Testing Results: Prec@1 37.360 Prec@5 77.210             Loss 3.24103
Epoch [54] Testing Class Recall: [0.441,0.605,0.487,0.573,0.324,0.424,0.272,0.245,0.147,0.218]
Epoch [55] Training Results: Prec@1 85.235 Prec@5 99.552             Loss 0.43912
Epoch [55] Training Class Recall: [0.710,0.796,0.779,0.821,0.867,0.894,0.907,0.902,0.913,0.933]
Epoch [55] Testing Results: Prec@1 43.050 Prec@5 81.140             Loss 3.08249
Epoch [55] Testing Class Recall: [0.463,0.654,0.445,0.528,0.312,0.382,0.659,0.413,0.159,0.290]
Epoch [56] Training Results: Prec@1 85.077 Prec@5 99.533             Loss 0.44505
Epoch [56] Training Class Recall: [0.708,0.806,0.781,0.817,0.864,0.879,0.899,0.901,0.916,0.935]
Epoch [56] Testing Results: Prec@1 32.170 Prec@5 73.440             Loss 4.56522
Epoch [56] Testing Class Recall: [0.488,0.413,0.505,0.785,0.240,0.261,0.136,0.080,0.216,0.093]
Epoch [57] Training Results: Prec@1 85.260 Prec@5 99.505             Loss 0.44208
Epoch [57] Training Class Recall: [0.715,0.805,0.784,0.824,0.863,0.881,0.910,0.897,0.918,0.929]
Epoch [57] Testing Results: Prec@1 38.340 Prec@5 78.590             Loss 3.57563
Epoch [57] Testing Class Recall: [0.652,0.588,0.389,0.422,0.631,0.103,0.229,0.512,0.185,0.123]
Epoch [58] Training Results: Prec@1 85.570 Prec@5 99.505             Loss 0.43175
Epoch [58] Training Class Recall: [0.712,0.800,0.793,0.832,0.864,0.895,0.911,0.899,0.920,0.931]
Epoch [58] Testing Results: Prec@1 36.140 Prec@5 75.540             Loss 3.90478
Epoch [58] Testing Class Recall: [0.638,0.404,0.503,0.305,0.518,0.421,0.297,0.238,0.273,0.017]
Epoch [59] Training Results: Prec@1 85.525 Prec@5 99.540             Loss 0.43478
Epoch [59] Training Class Recall: [0.727,0.796,0.789,0.829,0.855,0.886,0.908,0.906,0.924,0.932]
Epoch [59] Testing Results: Prec@1 39.440 Prec@5 74.200             Loss 3.57631
Epoch [59] Testing Class Recall: [0.607,0.795,0.599,0.211,0.609,0.189,0.231,0.480,0.205,0.018]
Epoch [60] Training Results: Prec@1 85.202 Prec@5 99.535             Loss 0.43460
Epoch [60] Training Class Recall: [0.710,0.805,0.781,0.824,0.862,0.890,0.900,0.905,0.917,0.926]
Epoch [60] Testing Results: Prec@1 33.160 Prec@5 76.410             Loss 3.71963
Epoch [60] Testing Class Recall: [0.453,0.500,0.223,0.659,0.414,0.412,0.137,0.227,0.133,0.158]
Epoch [61] Training Results: Prec@1 85.688 Prec@5 99.535             Loss 0.42675
Epoch [61] Training Class Recall: [0.715,0.804,0.785,0.840,0.864,0.894,0.909,0.902,0.923,0.931]
Epoch [61] Testing Results: Prec@1 38.430 Prec@5 79.600             Loss 3.43299
Epoch [61] Testing Class Recall: [0.516,0.491,0.480,0.322,0.687,0.263,0.345,0.310,0.232,0.197]
Epoch [62] Training Results: Prec@1 85.615 Prec@5 99.585             Loss 0.42930
Epoch [62] Training Class Recall: [0.720,0.805,0.797,0.824,0.872,0.879,0.905,0.905,0.920,0.936]
Epoch [62] Testing Results: Prec@1 34.100 Prec@5 74.210             Loss 3.85238
Epoch [62] Testing Class Recall: [0.512,0.551,0.400,0.191,0.675,0.271,0.394,0.114,0.089,0.213]
Epoch [63] Training Results: Prec@1 85.510 Prec@5 99.557             Loss 0.42857
Epoch [63] Training Class Recall: [0.712,0.809,0.780,0.837,0.862,0.890,0.911,0.904,0.915,0.931]
Epoch [63] Testing Results: Prec@1 34.320 Prec@5 76.310             Loss 3.49739
Epoch [63] Testing Class Recall: [0.565,0.508,0.231,0.472,0.411,0.463,0.159,0.321,0.226,0.076]
Epoch [64] Training Results: Prec@1 86.370 Prec@5 99.587             Loss 0.41288
Epoch [64] Training Class Recall: [0.734,0.820,0.804,0.828,0.868,0.886,0.922,0.910,0.930,0.935]
Epoch [64] Testing Results: Prec@1 38.240 Prec@5 77.820             Loss 3.26749
Epoch [64] Testing Class Recall: [0.561,0.695,0.474,0.429,0.271,0.414,0.383,0.195,0.126,0.276]
Epoch [65] Training Results: Prec@1 85.887 Prec@5 99.620             Loss 0.41693
Epoch [65] Training Class Recall: [0.717,0.809,0.795,0.838,0.870,0.889,0.907,0.908,0.919,0.936]
Epoch [65] Testing Results: Prec@1 35.460 Prec@5 73.430             Loss 3.80592
Epoch [65] Testing Class Recall: [0.602,0.680,0.394,0.296,0.669,0.195,0.152,0.137,0.366,0.055]
Epoch [66] Training Results: Prec@1 86.145 Prec@5 99.640             Loss 0.41017
Epoch [66] Training Class Recall: [0.726,0.818,0.788,0.838,0.864,0.896,0.914,0.911,0.925,0.934]
Epoch [66] Testing Results: Prec@1 35.700 Prec@5 75.520             Loss 4.27887
Epoch [66] Testing Class Recall: [0.541,0.471,0.251,0.430,0.725,0.549,0.112,0.201,0.258,0.032]
Epoch [67] Training Results: Prec@1 86.088 Prec@5 99.548             Loss 0.41858
Epoch [67] Training Class Recall: [0.736,0.806,0.801,0.835,0.866,0.889,0.907,0.908,0.922,0.938]
Epoch [67] Testing Results: Prec@1 35.030 Prec@5 73.110             Loss 4.13463
Epoch [67] Testing Class Recall: [0.454,0.638,0.512,0.593,0.517,0.076,0.236,0.229,0.104,0.144]
Epoch [68] Training Results: Prec@1 86.197 Prec@5 99.645             Loss 0.40790
Epoch [68] Training Class Recall: [0.726,0.818,0.800,0.840,0.866,0.897,0.907,0.906,0.926,0.934]
Epoch [68] Testing Results: Prec@1 40.260 Prec@5 83.770             Loss 3.14052
Epoch [68] Testing Class Recall: [0.497,0.483,0.261,0.294,0.565,0.489,0.591,0.292,0.227,0.327]
Epoch [69] Training Results: Prec@1 85.978 Prec@5 99.610             Loss 0.41846
Epoch [69] Training Class Recall: [0.723,0.812,0.800,0.836,0.870,0.888,0.912,0.897,0.926,0.933]
Epoch [69] Testing Results: Prec@1 38.000 Prec@5 76.550             Loss 3.71150
Epoch [69] Testing Class Recall: [0.542,0.756,0.611,0.173,0.239,0.642,0.486,0.112,0.167,0.072]
Epoch [70] Training Results: Prec@1 86.260 Prec@5 99.535             Loss 0.41186
Epoch [70] Training Class Recall: [0.730,0.819,0.804,0.838,0.869,0.889,0.913,0.908,0.922,0.934]
Epoch [70] Testing Results: Prec@1 37.330 Prec@5 78.130             Loss 3.39589
Epoch [70] Testing Class Recall: [0.451,0.552,0.379,0.329,0.422,0.703,0.272,0.130,0.110,0.385]
Epoch [71] Training Results: Prec@1 86.055 Prec@5 99.582             Loss 0.41271
Epoch [71] Training Class Recall: [0.726,0.810,0.799,0.837,0.871,0.897,0.903,0.906,0.926,0.930]
Epoch [71] Testing Results: Prec@1 36.050 Prec@5 75.650             Loss 3.34364
Epoch [71] Testing Class Recall: [0.564,0.539,0.477,0.314,0.446,0.290,0.377,0.402,0.075,0.121]
Epoch [72] Training Results: Prec@1 86.480 Prec@5 99.605             Loss 0.40082
Epoch [72] Training Class Recall: [0.734,0.811,0.804,0.838,0.873,0.890,0.914,0.917,0.923,0.942]
Epoch [72] Testing Results: Prec@1 36.300 Prec@5 78.760             Loss 3.55982
Epoch [72] Testing Class Recall: [0.424,0.669,0.340,0.161,0.677,0.441,0.182,0.304,0.169,0.263]
Epoch [73] Training Results: Prec@1 86.310 Prec@5 99.592             Loss 0.40843
Epoch [73] Training Class Recall: [0.727,0.812,0.804,0.841,0.870,0.899,0.912,0.901,0.927,0.939]
Epoch [73] Testing Results: Prec@1 40.850 Prec@5 78.370             Loss 3.35071
Epoch [73] Testing Class Recall: [0.613,0.747,0.605,0.397,0.365,0.442,0.393,0.354,0.112,0.057]
Epoch [74] Training Results: Prec@1 86.618 Prec@5 99.562             Loss 0.40227
Epoch [74] Training Class Recall: [0.738,0.809,0.809,0.849,0.876,0.896,0.909,0.906,0.926,0.943]
Epoch [74] Testing Results: Prec@1 37.520 Prec@5 76.120             Loss 3.75654
Epoch [74] Testing Class Recall: [0.475,0.748,0.530,0.547,0.564,0.328,0.215,0.197,0.097,0.051]
Epoch [75] Training Results: Prec@1 86.455 Prec@5 99.647             Loss 0.40333
Epoch [75] Training Class Recall: [0.742,0.816,0.806,0.834,0.876,0.891,0.916,0.907,0.916,0.940]
Epoch [75] Testing Results: Prec@1 36.970 Prec@5 76.530             Loss 3.31830
Epoch [75] Testing Class Recall: [0.569,0.690,0.178,0.444,0.363,0.458,0.444,0.366,0.153,0.032]
Epoch [76] Training Results: Prec@1 86.557 Prec@5 99.615             Loss 0.40239
Epoch [76] Training Class Recall: [0.735,0.812,0.807,0.841,0.878,0.896,0.917,0.909,0.926,0.933]
Epoch [76] Testing Results: Prec@1 35.860 Prec@5 71.970             Loss 4.01632
Epoch [76] Testing Class Recall: [0.709,0.571,0.468,0.431,0.610,0.285,0.046,0.333,0.075,0.058]
Epoch [77] Training Results: Prec@1 86.908 Prec@5 99.650             Loss 0.39243
Epoch [77] Training Class Recall: [0.745,0.815,0.815,0.852,0.869,0.891,0.917,0.913,0.930,0.944]
Epoch [77] Testing Results: Prec@1 41.690 Prec@5 79.350             Loss 3.54450
Epoch [77] Testing Class Recall: [0.739,0.718,0.394,0.559,0.483,0.498,0.213,0.239,0.284,0.042]
Epoch [78] Training Results: Prec@1 86.147 Prec@5 99.652             Loss 0.41060
Epoch [78] Training Class Recall: [0.720,0.813,0.803,0.838,0.869,0.900,0.912,0.904,0.927,0.930]
Epoch [78] Testing Results: Prec@1 39.400 Prec@5 82.040             Loss 2.91860
Epoch [78] Testing Class Recall: [0.468,0.500,0.394,0.476,0.317,0.432,0.546,0.293,0.269,0.245]
Epoch [79] Training Results: Prec@1 86.585 Prec@5 99.610             Loss 0.40259
Epoch [79] Training Class Recall: [0.738,0.820,0.816,0.840,0.872,0.890,0.914,0.910,0.924,0.935]
Epoch [79] Testing Results: Prec@1 41.490 Prec@5 81.650             Loss 3.11914
Epoch [79] Testing Class Recall: [0.609,0.604,0.376,0.461,0.421,0.409,0.485,0.204,0.305,0.275]
Epoch [80] Training Results: Prec@1 86.588 Prec@5 99.630             Loss 0.39620
Epoch [80] Training Class Recall: [0.736,0.817,0.803,0.842,0.870,0.897,0.917,0.911,0.928,0.937]
Epoch [80] Testing Results: Prec@1 37.940 Prec@5 75.080             Loss 3.93063
Epoch [80] Testing Class Recall: [0.706,0.629,0.621,0.464,0.314,0.372,0.153,0.264,0.230,0.041]
Epoch [81] Training Results: Prec@1 86.677 Prec@5 99.658             Loss 0.39595
Epoch [81] Training Class Recall: [0.746,0.810,0.801,0.846,0.875,0.905,0.909,0.905,0.930,0.941]
Epoch [81] Testing Results: Prec@1 37.020 Prec@5 75.380             Loss 3.98877
Epoch [81] Testing Class Recall: [0.513,0.553,0.656,0.425,0.591,0.165,0.468,0.123,0.138,0.070]
Epoch [82] Training Results: Prec@1 85.940 Prec@5 99.622             Loss 0.41224
Epoch [82] Training Class Recall: [0.723,0.816,0.798,0.835,0.876,0.888,0.903,0.905,0.923,0.927]
Epoch [82] Testing Results: Prec@1 36.550 Prec@5 75.700             Loss 3.47216
Epoch [82] Testing Class Recall: [0.631,0.725,0.341,0.341,0.492,0.259,0.113,0.456,0.154,0.143]
Epoch [83] Training Results: Prec@1 87.292 Prec@5 99.660             Loss 0.37730
Epoch [83] Training Class Recall: [0.756,0.826,0.812,0.845,0.888,0.904,0.920,0.912,0.926,0.940]
Epoch [83] Testing Results: Prec@1 37.290 Prec@5 77.430             Loss 3.98485
Epoch [83] Testing Class Recall: [0.434,0.484,0.562,0.592,0.499,0.295,0.456,0.197,0.130,0.080]
Epoch [84] Training Results: Prec@1 86.923 Prec@5 99.630             Loss 0.38978
Epoch [84] Training Class Recall: [0.748,0.816,0.817,0.842,0.878,0.892,0.916,0.913,0.932,0.939]
Epoch [84] Testing Results: Prec@1 37.030 Prec@5 76.470             Loss 4.11438
Epoch [84] Testing Class Recall: [0.659,0.418,0.461,0.431,0.607,0.284,0.314,0.185,0.008,0.336]
Epoch [85] Training Results: Prec@1 87.140 Prec@5 99.660             Loss 0.38700
Epoch [85] Training Class Recall: [0.740,0.831,0.814,0.851,0.882,0.903,0.918,0.909,0.929,0.937]
Epoch [85] Testing Results: Prec@1 34.520 Prec@5 77.920             Loss 3.59661
Epoch [85] Testing Class Recall: [0.388,0.585,0.160,0.246,0.564,0.293,0.349,0.366,0.395,0.106]
Epoch [86] Training Results: Prec@1 86.470 Prec@5 99.645             Loss 0.40255
Epoch [86] Training Class Recall: [0.737,0.812,0.808,0.842,0.877,0.896,0.911,0.907,0.927,0.930]
Epoch [86] Testing Results: Prec@1 35.730 Prec@5 74.690             Loss 4.48277
Epoch [86] Testing Class Recall: [0.541,0.519,0.621,0.262,0.279,0.721,0.119,0.288,0.167,0.056]
Epoch [87] Training Results: Prec@1 87.055 Prec@5 99.660             Loss 0.38671
Epoch [87] Training Class Recall: [0.747,0.816,0.817,0.840,0.879,0.897,0.915,0.920,0.930,0.944]
Epoch [87] Testing Results: Prec@1 42.070 Prec@5 80.480             Loss 2.98160
Epoch [87] Testing Class Recall: [0.629,0.608,0.389,0.443,0.463,0.412,0.546,0.357,0.179,0.181]
Epoch [88] Training Results: Prec@1 87.512 Prec@5 99.670             Loss 0.37112
Epoch [88] Training Class Recall: [0.764,0.829,0.809,0.847,0.884,0.901,0.921,0.921,0.934,0.940]
Epoch [88] Testing Results: Prec@1 31.930 Prec@5 73.100             Loss 4.25393
Epoch [88] Testing Class Recall: [0.532,0.392,0.417,0.578,0.272,0.214,0.363,0.213,0.046,0.166]
Epoch [89] Training Results: Prec@1 86.950 Prec@5 99.690             Loss 0.38993
Epoch [89] Training Class Recall: [0.742,0.827,0.813,0.838,0.879,0.899,0.920,0.908,0.929,0.939]
Epoch [89] Testing Results: Prec@1 39.840 Prec@5 79.980             Loss 3.22800
Epoch [89] Testing Class Recall: [0.497,0.648,0.341,0.390,0.602,0.287,0.388,0.391,0.099,0.341]
Epoch [90] Training Results: Prec@1 87.030 Prec@5 99.673             Loss 0.39099
Epoch [90] Training Class Recall: [0.750,0.822,0.818,0.849,0.874,0.901,0.914,0.913,0.923,0.939]
Epoch [90] Testing Results: Prec@1 38.350 Prec@5 80.720             Loss 3.49040
Epoch [90] Testing Class Recall: [0.588,0.552,0.473,0.398,0.534,0.260,0.375,0.315,0.141,0.199]
Epoch [91] Training Results: Prec@1 87.670 Prec@5 99.707             Loss 0.36959
Epoch [91] Training Class Recall: [0.756,0.831,0.820,0.851,0.884,0.909,0.918,0.918,0.930,0.948]
Epoch [91] Testing Results: Prec@1 36.600 Prec@5 75.110             Loss 4.07475
Epoch [91] Testing Class Recall: [0.488,0.677,0.591,0.189,0.595,0.193,0.139,0.376,0.155,0.257]
Epoch [92] Training Results: Prec@1 87.190 Prec@5 99.642             Loss 0.38744
Epoch [92] Training Class Recall: [0.749,0.822,0.824,0.847,0.883,0.900,0.920,0.911,0.932,0.930]
Epoch [92] Testing Results: Prec@1 39.090 Prec@5 78.220             Loss 3.44839
Epoch [92] Testing Class Recall: [0.491,0.567,0.633,0.497,0.408,0.424,0.336,0.259,0.092,0.202]
Epoch [93] Training Results: Prec@1 87.165 Prec@5 99.590             Loss 0.38412
Epoch [93] Training Class Recall: [0.743,0.822,0.811,0.856,0.885,0.902,0.913,0.916,0.924,0.944]
Epoch [93] Testing Results: Prec@1 40.020 Prec@5 76.200             Loss 3.53702
Epoch [93] Testing Class Recall: [0.477,0.744,0.545,0.461,0.507,0.101,0.601,0.226,0.306,0.034]
Epoch [94] Training Results: Prec@1 87.332 Prec@5 99.665             Loss 0.37958
Epoch [94] Training Class Recall: [0.754,0.825,0.819,0.854,0.884,0.900,0.920,0.912,0.924,0.942]
Epoch [94] Testing Results: Prec@1 39.320 Prec@5 77.830             Loss 3.32233
Epoch [94] Testing Class Recall: [0.683,0.554,0.592,0.435,0.415,0.304,0.333,0.464,0.066,0.086]
Epoch [95] Training Results: Prec@1 87.262 Prec@5 99.675             Loss 0.37911
Epoch [95] Training Class Recall: [0.757,0.829,0.817,0.846,0.877,0.899,0.918,0.920,0.929,0.935]
Epoch [95] Testing Results: Prec@1 38.820 Prec@5 77.960             Loss 3.70030
Epoch [95] Testing Class Recall: [0.551,0.611,0.730,0.470,0.345,0.332,0.504,0.142,0.050,0.147]
Epoch [96] Training Results: Prec@1 87.610 Prec@5 99.670             Loss 0.37034
Epoch [96] Training Class Recall: [0.757,0.824,0.822,0.859,0.886,0.904,0.918,0.918,0.932,0.940]
Epoch [96] Testing Results: Prec@1 38.410 Prec@5 75.890             Loss 3.65938
Epoch [96] Testing Class Recall: [0.683,0.798,0.383,0.557,0.521,0.333,0.222,0.131,0.121,0.092]
Epoch [97] Training Results: Prec@1 87.105 Prec@5 99.645             Loss 0.38474
Epoch [97] Training Class Recall: [0.750,0.820,0.819,0.845,0.882,0.894,0.922,0.909,0.930,0.938]
Epoch [97] Testing Results: Prec@1 40.000 Prec@5 76.460             Loss 3.50561
Epoch [97] Testing Class Recall: [0.610,0.798,0.677,0.257,0.370,0.371,0.438,0.295,0.134,0.050]
Epoch [98] Training Results: Prec@1 86.710 Prec@5 99.677             Loss 0.39452
Epoch [98] Training Class Recall: [0.746,0.827,0.809,0.836,0.872,0.896,0.912,0.914,0.929,0.929]
Epoch [98] Testing Results: Prec@1 36.650 Prec@5 75.780             Loss 3.57250
Epoch [98] Testing Class Recall: [0.681,0.712,0.333,0.574,0.260,0.227,0.376,0.298,0.070,0.134]
Epoch [99] Training Results: Prec@1 88.055 Prec@5 99.732             Loss 0.35727
Epoch [99] Training Class Recall: [0.766,0.836,0.822,0.857,0.887,0.903,0.930,0.918,0.938,0.947]
Epoch [99] Testing Results: Prec@1 37.790 Prec@5 78.770             Loss 3.39965
Epoch [99] Testing Class Recall: [0.500,0.650,0.457,0.354,0.543,0.391,0.255,0.184,0.241,0.204]
Epoch [100] Training Results: Prec@1 87.180 Prec@5 99.575             Loss 0.38910
Epoch [100] Training Class Recall: [0.753,0.828,0.821,0.845,0.879,0.897,0.918,0.912,0.926,0.938]
Epoch [100] Testing Results: Prec@1 38.700 Prec@5 76.070             Loss 3.90637
Epoch [100] Testing Class Recall: [0.549,0.729,0.294,0.514,0.426,0.340,0.277,0.394,0.328,0.019]
Epoch [101] Training Results: Prec@1 87.677 Prec@5 99.705             Loss 0.37213
Epoch [101] Training Class Recall: [0.758,0.831,0.821,0.858,0.883,0.908,0.926,0.916,0.930,0.936]
Epoch [101] Testing Results: Prec@1 36.870 Prec@5 75.490             Loss 3.68262
Epoch [101] Testing Class Recall: [0.471,0.738,0.474,0.370,0.369,0.483,0.458,0.127,0.085,0.112]
Epoch [102] Training Results: Prec@1 87.320 Prec@5 99.650             Loss 0.38005
Epoch [102] Training Class Recall: [0.759,0.825,0.814,0.853,0.879,0.906,0.913,0.914,0.929,0.940]
Epoch [102] Testing Results: Prec@1 38.330 Prec@5 76.380             Loss 3.84783
Epoch [102] Testing Class Recall: [0.527,0.626,0.710,0.329,0.284,0.385,0.489,0.287,0.157,0.039]
Epoch [103] Training Results: Prec@1 87.390 Prec@5 99.660             Loss 0.37538
Epoch [103] Training Class Recall: [0.746,0.827,0.832,0.852,0.882,0.898,0.922,0.915,0.929,0.936]
Epoch [103] Testing Results: Prec@1 38.390 Prec@5 79.050             Loss 3.32256
Epoch [103] Testing Class Recall: [0.729,0.509,0.395,0.499,0.441,0.543,0.241,0.236,0.125,0.121]
Epoch [104] Training Results: Prec@1 87.720 Prec@5 99.725             Loss 0.36126
Epoch [104] Training Class Recall: [0.756,0.826,0.821,0.860,0.886,0.912,0.923,0.916,0.929,0.942]
Epoch [104] Testing Results: Prec@1 36.700 Prec@5 76.720             Loss 3.24799
Epoch [104] Testing Class Recall: [0.629,0.626,0.388,0.351,0.375,0.289,0.284,0.278,0.414,0.036]
Epoch [105] Training Results: Prec@1 87.060 Prec@5 99.675             Loss 0.38597
Epoch [105] Training Class Recall: [0.754,0.821,0.814,0.851,0.882,0.895,0.920,0.909,0.924,0.935]
Epoch [105] Testing Results: Prec@1 40.070 Prec@5 77.160             Loss 3.63342
Epoch [105] Testing Class Recall: [0.756,0.656,0.466,0.393,0.350,0.317,0.486,0.452,0.099,0.032]
Epoch [106] Training Results: Prec@1 87.400 Prec@5 99.690             Loss 0.37108
Epoch [106] Training Class Recall: [0.752,0.823,0.814,0.850,0.883,0.906,0.916,0.917,0.940,0.940]
Epoch [106] Testing Results: Prec@1 41.030 Prec@5 77.980             Loss 3.41736
Epoch [106] Testing Class Recall: [0.574,0.857,0.491,0.398,0.483,0.516,0.410,0.120,0.139,0.115]
Epoch [107] Training Results: Prec@1 87.285 Prec@5 99.625             Loss 0.37981
Epoch [107] Training Class Recall: [0.752,0.827,0.824,0.855,0.880,0.898,0.918,0.918,0.918,0.939]
Epoch [107] Testing Results: Prec@1 40.970 Prec@5 79.190             Loss 3.66825
Epoch [107] Testing Class Recall: [0.640,0.623,0.449,0.341,0.780,0.399,0.306,0.290,0.219,0.050]
Epoch [108] Training Results: Prec@1 88.020 Prec@5 99.662             Loss 0.35833
Epoch [108] Training Class Recall: [0.764,0.831,0.827,0.868,0.893,0.906,0.923,0.912,0.934,0.944]
Epoch [108] Testing Results: Prec@1 38.710 Prec@5 78.270             Loss 3.34060
Epoch [108] Testing Class Recall: [0.736,0.676,0.405,0.295,0.429,0.250,0.410,0.206,0.364,0.100]
Epoch [109] Training Results: Prec@1 87.610 Prec@5 99.632             Loss 0.37735
Epoch [109] Training Class Recall: [0.763,0.829,0.826,0.848,0.886,0.909,0.917,0.914,0.928,0.941]
Epoch [109] Testing Results: Prec@1 38.600 Prec@5 78.310             Loss 3.58063
Epoch [109] Testing Class Recall: [0.590,0.776,0.523,0.234,0.464,0.195,0.489,0.209,0.220,0.160]
Epoch [110] Training Results: Prec@1 87.173 Prec@5 99.685             Loss 0.37787
Epoch [110] Training Class Recall: [0.759,0.822,0.813,0.846,0.890,0.898,0.917,0.912,0.927,0.933]
Epoch [110] Testing Results: Prec@1 39.100 Prec@5 80.030             Loss 3.32740
Epoch [110] Testing Class Recall: [0.450,0.555,0.459,0.517,0.427,0.476,0.541,0.193,0.231,0.061]
Epoch [111] Training Results: Prec@1 88.197 Prec@5 99.670             Loss 0.35393
Epoch [111] Training Class Recall: [0.758,0.837,0.827,0.867,0.896,0.909,0.927,0.920,0.941,0.936]
Epoch [111] Testing Results: Prec@1 39.210 Prec@5 78.270             Loss 3.69168
Epoch [111] Testing Class Recall: [0.742,0.624,0.657,0.328,0.487,0.182,0.388,0.299,0.121,0.093]
Epoch [112] Training Results: Prec@1 88.287 Prec@5 99.685             Loss 0.34924
Epoch [112] Training Class Recall: [0.762,0.839,0.839,0.859,0.896,0.904,0.924,0.922,0.939,0.946]
Epoch [112] Testing Results: Prec@1 42.700 Prec@5 81.320             Loss 3.30895
Epoch [112] Testing Class Recall: [0.696,0.637,0.578,0.350,0.499,0.371,0.456,0.270,0.118,0.295]
Epoch [113] Training Results: Prec@1 87.845 Prec@5 99.677             Loss 0.36389
Epoch [113] Training Class Recall: [0.756,0.833,0.828,0.859,0.888,0.901,0.923,0.922,0.935,0.938]
Epoch [113] Testing Results: Prec@1 37.440 Prec@5 80.680             Loss 3.99964
Epoch [113] Testing Class Recall: [0.460,0.608,0.309,0.703,0.342,0.500,0.188,0.167,0.235,0.232]
Epoch [114] Training Results: Prec@1 87.720 Prec@5 99.692             Loss 0.36706
Epoch [114] Training Class Recall: [0.763,0.828,0.828,0.854,0.890,0.908,0.921,0.910,0.931,0.938]
Epoch [114] Testing Results: Prec@1 37.450 Prec@5 78.040             Loss 3.91491
Epoch [114] Testing Class Recall: [0.358,0.678,0.438,0.691,0.357,0.203,0.510,0.335,0.035,0.140]
Epoch [115] Training Results: Prec@1 87.665 Prec@5 99.680             Loss 0.37064
Epoch [115] Training Class Recall: [0.761,0.831,0.825,0.860,0.885,0.898,0.926,0.912,0.926,0.943]
Epoch [115] Testing Results: Prec@1 37.620 Prec@5 78.210             Loss 3.59771
Epoch [115] Testing Class Recall: [0.647,0.571,0.489,0.458,0.596,0.208,0.201,0.206,0.189,0.197]
Epoch [116] Training Results: Prec@1 87.930 Prec@5 99.688             Loss 0.35887
Epoch [116] Training Class Recall: [0.761,0.831,0.833,0.861,0.890,0.911,0.922,0.915,0.931,0.937]
Epoch [116] Testing Results: Prec@1 37.520 Prec@5 78.320             Loss 3.94439
Epoch [116] Testing Class Recall: [0.539,0.583,0.328,0.691,0.495,0.334,0.284,0.228,0.231,0.039]
Epoch [117] Training Results: Prec@1 87.985 Prec@5 99.662             Loss 0.35789
Epoch [117] Training Class Recall: [0.772,0.837,0.824,0.854,0.887,0.910,0.921,0.916,0.934,0.942]
Epoch [117] Testing Results: Prec@1 38.070 Prec@5 75.370             Loss 3.49116
Epoch [117] Testing Class Recall: [0.666,0.760,0.500,0.471,0.490,0.181,0.339,0.183,0.095,0.122]
Epoch [118] Training Results: Prec@1 87.770 Prec@5 99.658             Loss 0.36527
Epoch [118] Training Class Recall: [0.759,0.834,0.830,0.850,0.890,0.912,0.918,0.915,0.931,0.938]
Epoch [118] Testing Results: Prec@1 41.360 Prec@5 77.960             Loss 3.52640
Epoch [118] Testing Class Recall: [0.644,0.671,0.414,0.560,0.649,0.241,0.311,0.293,0.234,0.119]
Epoch [119] Training Results: Prec@1 88.145 Prec@5 99.690             Loss 0.35241
Epoch [119] Training Class Recall: [0.753,0.837,0.831,0.860,0.895,0.904,0.932,0.918,0.935,0.951]
Epoch [119] Testing Results: Prec@1 40.080 Prec@5 77.920             Loss 3.90332
Epoch [119] Testing Class Recall: [0.371,0.828,0.498,0.394,0.292,0.233,0.758,0.368,0.214,0.052]
Epoch [120] Training Results: Prec@1 87.790 Prec@5 99.677             Loss 0.36738
Epoch [120] Training Class Recall: [0.764,0.829,0.821,0.862,0.889,0.906,0.919,0.922,0.935,0.932]
Epoch [120] Testing Results: Prec@1 37.780 Prec@5 77.880             Loss 3.38501
Epoch [120] Testing Class Recall: [0.512,0.679,0.528,0.489,0.222,0.299,0.449,0.271,0.171,0.158]
Epoch [121] Training Results: Prec@1 87.868 Prec@5 99.722             Loss 0.35757
Epoch [121] Training Class Recall: [0.761,0.828,0.825,0.868,0.885,0.900,0.927,0.919,0.930,0.944]
Epoch [121] Testing Results: Prec@1 35.200 Prec@5 75.720             Loss 3.64775
Epoch [121] Testing Class Recall: [0.496,0.639,0.625,0.261,0.288,0.166,0.476,0.205,0.091,0.273]
Epoch [122] Training Results: Prec@1 87.713 Prec@5 99.685             Loss 0.36935
Epoch [122] Training Class Recall: [0.759,0.827,0.827,0.859,0.888,0.907,0.917,0.911,0.939,0.936]
Epoch [122] Testing Results: Prec@1 38.580 Prec@5 80.760             Loss 3.60135
Epoch [122] Testing Class Recall: [0.780,0.542,0.374,0.266,0.428,0.255,0.385,0.495,0.227,0.106]
Epoch [123] Training Results: Prec@1 88.420 Prec@5 99.712             Loss 0.34962
Epoch [123] Training Class Recall: [0.775,0.838,0.839,0.862,0.891,0.909,0.926,0.922,0.938,0.944]
Epoch [123] Testing Results: Prec@1 40.230 Prec@5 78.180             Loss 3.51363
Epoch [123] Testing Class Recall: [0.453,0.636,0.524,0.426,0.546,0.377,0.410,0.479,0.096,0.076]
Epoch [124] Training Results: Prec@1 88.197 Prec@5 99.675             Loss 0.35325
Epoch [124] Training Class Recall: [0.760,0.834,0.839,0.863,0.891,0.912,0.924,0.918,0.932,0.947]
Epoch [124] Testing Results: Prec@1 35.140 Prec@5 76.720             Loss 3.69658
Epoch [124] Testing Class Recall: [0.401,0.572,0.672,0.490,0.173,0.386,0.235,0.196,0.345,0.044]
Epoch [125] Training Results: Prec@1 87.515 Prec@5 99.670             Loss 0.37109
Epoch [125] Training Class Recall: [0.759,0.834,0.818,0.846,0.886,0.904,0.916,0.914,0.932,0.942]
Epoch [125] Testing Results: Prec@1 36.010 Prec@5 76.010             Loss 3.88116
Epoch [125] Testing Class Recall: [0.756,0.493,0.529,0.299,0.443,0.378,0.149,0.375,0.070,0.109]
Epoch [126] Training Results: Prec@1 87.775 Prec@5 99.655             Loss 0.36147
Epoch [126] Training Class Recall: [0.764,0.826,0.830,0.861,0.883,0.900,0.923,0.912,0.935,0.941]
Epoch [126] Testing Results: Prec@1 41.540 Prec@5 77.460             Loss 3.44909
Epoch [126] Testing Class Recall: [0.574,0.756,0.584,0.457,0.337,0.413,0.495,0.329,0.186,0.023]
Epoch [127] Training Results: Prec@1 88.232 Prec@5 99.665             Loss 0.35364
Epoch [127] Training Class Recall: [0.765,0.830,0.836,0.863,0.890,0.909,0.923,0.928,0.935,0.942]
Epoch [127] Testing Results: Prec@1 38.720 Prec@5 76.860             Loss 3.83582
Epoch [127] Testing Class Recall: [0.586,0.800,0.744,0.471,0.249,0.235,0.248,0.302,0.142,0.095]
Epoch [128] Training Results: Prec@1 88.090 Prec@5 99.730             Loss 0.35490
Epoch [128] Training Class Recall: [0.764,0.832,0.835,0.863,0.892,0.913,0.921,0.917,0.929,0.942]
Epoch [128] Testing Results: Prec@1 38.560 Prec@5 79.130             Loss 3.46560
Epoch [128] Testing Class Recall: [0.365,0.770,0.505,0.354,0.527,0.145,0.279,0.424,0.266,0.221]
Epoch [129] Training Results: Prec@1 88.088 Prec@5 99.690             Loss 0.35248
Epoch [129] Training Class Recall: [0.768,0.834,0.833,0.861,0.893,0.910,0.922,0.914,0.929,0.943]
Epoch [129] Testing Results: Prec@1 38.090 Prec@5 79.680             Loss 3.43607
Epoch [129] Testing Class Recall: [0.585,0.546,0.446,0.243,0.606,0.363,0.178,0.368,0.332,0.142]
Epoch [130] Training Results: Prec@1 88.432 Prec@5 99.680             Loss 0.34829
Epoch [130] Training Class Recall: [0.774,0.839,0.832,0.864,0.900,0.910,0.921,0.923,0.938,0.941]
Epoch [130] Testing Results: Prec@1 40.360 Prec@5 80.870             Loss 3.32168
Epoch [130] Testing Class Recall: [0.380,0.726,0.537,0.328,0.502,0.563,0.378,0.178,0.309,0.135]
Epoch [131] Training Results: Prec@1 88.292 Prec@5 99.677             Loss 0.35230
Epoch [131] Training Class Recall: [0.773,0.844,0.831,0.865,0.887,0.909,0.925,0.917,0.935,0.943]
Epoch [131] Testing Results: Prec@1 34.400 Prec@5 78.550             Loss 3.89753
Epoch [131] Testing Class Recall: [0.293,0.537,0.155,0.328,0.427,0.428,0.347,0.062,0.577,0.286]
Epoch [132] Training Results: Prec@1 88.357 Prec@5 99.715             Loss 0.34769
Epoch [132] Training Class Recall: [0.768,0.846,0.836,0.864,0.889,0.904,0.927,0.923,0.935,0.943]
Epoch [132] Testing Results: Prec@1 40.540 Prec@5 79.070             Loss 3.11326
Epoch [132] Testing Class Recall: [0.594,0.713,0.333,0.314,0.573,0.422,0.485,0.363,0.153,0.104]
Epoch [133] Training Results: Prec@1 88.480 Prec@5 99.690             Loss 0.34780
Epoch [133] Training Class Recall: [0.776,0.846,0.835,0.861,0.894,0.915,0.921,0.918,0.938,0.943]
Epoch [133] Testing Results: Prec@1 38.010 Prec@5 79.810             Loss 3.23411
Epoch [133] Testing Class Recall: [0.413,0.491,0.550,0.501,0.439,0.245,0.474,0.139,0.326,0.223]
Epoch [134] Training Results: Prec@1 88.312 Prec@5 99.652             Loss 0.35013
Epoch [134] Training Class Recall: [0.764,0.845,0.835,0.864,0.896,0.909,0.925,0.920,0.935,0.939]
Epoch [134] Testing Results: Prec@1 32.880 Prec@5 75.780             Loss 3.90291
Epoch [134] Testing Class Recall: [0.471,0.705,0.405,0.148,0.167,0.692,0.326,0.147,0.167,0.060]
Epoch [135] Training Results: Prec@1 88.472 Prec@5 99.692             Loss 0.34446
Epoch [135] Training Class Recall: [0.783,0.837,0.834,0.872,0.891,0.902,0.920,0.921,0.944,0.943]
Epoch [135] Testing Results: Prec@1 35.670 Prec@5 76.670             Loss 3.74044
Epoch [135] Testing Class Recall: [0.580,0.489,0.705,0.447,0.369,0.207,0.293,0.240,0.054,0.183]
Epoch [136] Training Results: Prec@1 88.057 Prec@5 99.680             Loss 0.36224
Epoch [136] Training Class Recall: [0.776,0.829,0.837,0.859,0.890,0.904,0.926,0.913,0.927,0.944]
Epoch [136] Testing Results: Prec@1 38.560 Prec@5 79.100             Loss 3.27734
Epoch [136] Testing Class Recall: [0.525,0.770,0.314,0.314,0.357,0.179,0.389,0.592,0.284,0.132]
Epoch [137] Training Results: Prec@1 88.940 Prec@5 99.730             Loss 0.33353
Epoch [137] Training Class Recall: [0.780,0.849,0.843,0.869,0.905,0.907,0.928,0.918,0.944,0.950]
Epoch [137] Testing Results: Prec@1 37.030 Prec@5 78.050             Loss 3.96434
Epoch [137] Testing Class Recall: [0.629,0.424,0.518,0.475,0.630,0.280,0.319,0.175,0.062,0.191]
Epoch [138] Training Results: Prec@1 87.927 Prec@5 99.765             Loss 0.36164
Epoch [138] Training Class Recall: [0.766,0.834,0.832,0.866,0.886,0.904,0.920,0.914,0.930,0.940]
Epoch [138] Testing Results: Prec@1 39.020 Prec@5 80.710             Loss 3.19670
Epoch [138] Testing Class Recall: [0.532,0.588,0.474,0.344,0.357,0.428,0.541,0.249,0.224,0.165]
Epoch [139] Training Results: Prec@1 88.588 Prec@5 99.692             Loss 0.34346
Epoch [139] Training Class Recall: [0.775,0.837,0.837,0.870,0.897,0.918,0.929,0.915,0.935,0.947]
Epoch [139] Testing Results: Prec@1 39.130 Prec@5 78.320             Loss 3.20741
Epoch [139] Testing Class Recall: [0.556,0.647,0.410,0.363,0.376,0.509,0.510,0.319,0.100,0.123]
Epoch [140] Training Results: Prec@1 88.457 Prec@5 99.712             Loss 0.34642
Epoch [140] Training Class Recall: [0.781,0.838,0.838,0.856,0.897,0.910,0.925,0.917,0.937,0.947]
Epoch [140] Testing Results: Prec@1 38.450 Prec@5 75.450             Loss 3.88536
Epoch [140] Testing Class Recall: [0.660,0.811,0.503,0.249,0.453,0.572,0.230,0.270,0.077,0.020]
Epoch [141] Training Results: Prec@1 87.618 Prec@5 99.722             Loss 0.37237
Epoch [141] Training Class Recall: [0.765,0.829,0.825,0.862,0.889,0.900,0.918,0.910,0.927,0.937]
Epoch [141] Testing Results: Prec@1 39.000 Prec@5 76.760             Loss 3.70374
Epoch [141] Testing Class Recall: [0.542,0.629,0.620,0.622,0.509,0.301,0.213,0.165,0.126,0.173]
Epoch [142] Training Results: Prec@1 88.222 Prec@5 99.690             Loss 0.35275
Epoch [142] Training Class Recall: [0.762,0.837,0.834,0.864,0.893,0.900,0.926,0.922,0.940,0.945]
Epoch [142] Testing Results: Prec@1 38.650 Prec@5 78.930             Loss 3.19706
Epoch [142] Testing Class Recall: [0.637,0.637,0.321,0.212,0.317,0.425,0.531,0.436,0.093,0.256]
Epoch [143] Training Results: Prec@1 88.762 Prec@5 99.707             Loss 0.33621
Epoch [143] Training Class Recall: [0.775,0.840,0.846,0.866,0.896,0.912,0.931,0.925,0.933,0.953]
Epoch [143] Testing Results: Prec@1 38.500 Prec@5 77.490             Loss 3.42667
Epoch [143] Testing Class Recall: [0.474,0.827,0.655,0.344,0.544,0.193,0.324,0.192,0.145,0.152]
Epoch [144] Training Results: Prec@1 88.675 Prec@5 99.765             Loss 0.34261
Epoch [144] Training Class Recall: [0.778,0.840,0.841,0.872,0.895,0.909,0.923,0.924,0.940,0.946]
Epoch [144] Testing Results: Prec@1 36.590 Prec@5 75.640             Loss 3.76668
Epoch [144] Testing Class Recall: [0.495,0.827,0.661,0.488,0.250,0.173,0.223,0.125,0.372,0.045]
Epoch [145] Training Results: Prec@1 88.690 Prec@5 99.757             Loss 0.34190
Epoch [145] Training Class Recall: [0.776,0.841,0.837,0.865,0.899,0.914,0.929,0.920,0.936,0.951]
Epoch [145] Testing Results: Prec@1 41.070 Prec@5 79.000             Loss 3.57665
Epoch [145] Testing Class Recall: [0.563,0.559,0.556,0.612,0.326,0.162,0.512,0.528,0.122,0.167]
Epoch [146] Training Results: Prec@1 88.072 Prec@5 99.735             Loss 0.35049
Epoch [146] Training Class Recall: [0.761,0.840,0.833,0.871,0.888,0.902,0.922,0.909,0.933,0.948]
Epoch [146] Testing Results: Prec@1 40.970 Prec@5 81.710             Loss 3.49103
Epoch [146] Testing Class Recall: [0.510,0.610,0.393,0.681,0.393,0.475,0.305,0.379,0.265,0.086]
Epoch [147] Training Results: Prec@1 88.213 Prec@5 99.702             Loss 0.35530
Epoch [147] Training Class Recall: [0.773,0.844,0.832,0.864,0.893,0.909,0.921,0.918,0.929,0.938]
Epoch [147] Testing Results: Prec@1 41.860 Prec@5 80.200             Loss 3.41311
Epoch [147] Testing Class Recall: [0.508,0.798,0.467,0.526,0.383,0.280,0.646,0.180,0.223,0.175]
Epoch [148] Training Results: Prec@1 88.713 Prec@5 99.677             Loss 0.33650
Epoch [148] Training Class Recall: [0.776,0.838,0.838,0.874,0.897,0.912,0.931,0.924,0.931,0.950]
Epoch [148] Testing Results: Prec@1 38.820 Prec@5 80.300             Loss 3.32024
Epoch [148] Testing Class Recall: [0.499,0.602,0.689,0.314,0.492,0.259,0.355,0.311,0.292,0.069]
Epoch [149] Training Results: Prec@1 88.572 Prec@5 99.722             Loss 0.34447
Epoch [149] Training Class Recall: [0.773,0.844,0.838,0.866,0.895,0.906,0.925,0.922,0.940,0.947]
Epoch [149] Testing Results: Prec@1 38.240 Prec@5 76.500             Loss 4.02356
Epoch [149] Testing Class Recall: [0.462,0.628,0.523,0.345,0.516,0.502,0.470,0.205,0.149,0.024]
Epoch [150] Training Results: Prec@1 88.845 Prec@5 99.757             Loss 0.33311
Epoch [150] Training Class Recall: [0.782,0.852,0.837,0.863,0.894,0.919,0.930,0.921,0.941,0.946]
Epoch [150] Testing Results: Prec@1 36.530 Prec@5 77.950             Loss 3.86323
Epoch [150] Testing Class Recall: [0.672,0.444,0.221,0.322,0.658,0.664,0.290,0.069,0.162,0.151]
Epoch [151] Training Results: Prec@1 88.265 Prec@5 99.700             Loss 0.34863
Epoch [151] Training Class Recall: [0.779,0.838,0.841,0.861,0.893,0.906,0.920,0.919,0.930,0.939]
Epoch [151] Testing Results: Prec@1 39.530 Prec@5 79.470             Loss 3.51457
Epoch [151] Testing Class Recall: [0.527,0.707,0.404,0.618,0.325,0.486,0.410,0.151,0.256,0.069]
Epoch [152] Training Results: Prec@1 88.845 Prec@5 99.720             Loss 0.33716
Epoch [152] Training Class Recall: [0.792,0.846,0.839,0.874,0.893,0.913,0.926,0.920,0.940,0.943]
Epoch [152] Testing Results: Prec@1 36.570 Prec@5 78.960             Loss 3.79618
Epoch [152] Testing Class Recall: [0.526,0.418,0.463,0.592,0.419,0.236,0.226,0.241,0.484,0.052]
Epoch [153] Training Results: Prec@1 88.342 Prec@5 99.732             Loss 0.35142
Epoch [153] Training Class Recall: [0.774,0.839,0.832,0.865,0.893,0.910,0.925,0.917,0.932,0.947]
Epoch [153] Testing Results: Prec@1 36.800 Prec@5 78.640             Loss 3.46052
Epoch [153] Testing Class Recall: [0.396,0.738,0.339,0.337,0.459,0.373,0.536,0.146,0.183,0.173]
Epoch [154] Training Results: Prec@1 88.432 Prec@5 99.705             Loss 0.34205
Epoch [154] Training Class Recall: [0.773,0.841,0.845,0.866,0.895,0.904,0.920,0.918,0.938,0.944]
Epoch [154] Testing Results: Prec@1 36.890 Prec@5 75.900             Loss 3.69300
Epoch [154] Testing Class Recall: [0.561,0.699,0.555,0.381,0.283,0.540,0.243,0.220,0.160,0.047]
Epoch [155] Training Results: Prec@1 88.530 Prec@5 99.702             Loss 0.34403
Epoch [155] Training Class Recall: [0.778,0.830,0.840,0.870,0.897,0.907,0.930,0.922,0.938,0.942]
Epoch [155] Testing Results: Prec@1 37.890 Prec@5 77.290             Loss 3.79399
Epoch [155] Testing Class Recall: [0.502,0.759,0.601,0.618,0.366,0.213,0.218,0.281,0.177,0.054]
Epoch [156] Training Results: Prec@1 88.465 Prec@5 99.762             Loss 0.34497
Epoch [156] Training Class Recall: [0.783,0.845,0.833,0.863,0.886,0.911,0.924,0.925,0.933,0.944]
Epoch [156] Testing Results: Prec@1 38.660 Prec@5 79.100             Loss 3.57366
Epoch [156] Testing Class Recall: [0.374,0.723,0.444,0.435,0.473,0.471,0.398,0.150,0.306,0.092]
Epoch [157] Training Results: Prec@1 88.392 Prec@5 99.692             Loss 0.34866
Epoch [157] Training Class Recall: [0.772,0.842,0.837,0.870,0.894,0.909,0.927,0.911,0.935,0.942]
Epoch [157] Testing Results: Prec@1 39.230 Prec@5 79.340             Loss 3.49062
Epoch [157] Testing Class Recall: [0.841,0.803,0.380,0.372,0.333,0.147,0.302,0.425,0.213,0.107]
Epoch [158] Training Results: Prec@1 88.895 Prec@5 99.720             Loss 0.33175
Epoch [158] Training Class Recall: [0.780,0.840,0.846,0.869,0.896,0.907,0.940,0.928,0.938,0.947]
Epoch [158] Testing Results: Prec@1 34.370 Prec@5 76.290             Loss 3.98609
Epoch [158] Testing Class Recall: [0.510,0.624,0.604,0.211,0.365,0.285,0.124,0.290,0.091,0.333]
Epoch [159] Training Results: Prec@1 88.805 Prec@5 99.745             Loss 0.33143
Epoch [159] Training Class Recall: [0.783,0.844,0.837,0.864,0.902,0.916,0.923,0.927,0.936,0.949]
Epoch [159] Testing Results: Prec@1 39.350 Prec@5 77.980             Loss 3.65224
Epoch [159] Testing Class Recall: [0.654,0.668,0.508,0.340,0.364,0.221,0.537,0.373,0.116,0.154]
Epoch [160] Training Results: Prec@1 92.737 Prec@5 99.865             Loss 0.22224
Epoch [160] Training Class Recall: [0.811,0.909,0.897,0.894,0.938,0.960,0.957,0.967,0.960,0.981]
Epoch [160] Testing Results: Prec@1 43.590 Prec@5 80.780             Loss 3.22171
Epoch [160] Testing Class Recall: [0.704,0.767,0.524,0.524,0.472,0.352,0.421,0.334,0.179,0.082]
Epoch [161] Training Results: Prec@1 95.122 Prec@5 99.932             Loss 0.15827
Epoch [161] Training Class Recall: [0.876,0.916,0.915,0.940,0.960,0.976,0.980,0.979,0.983,0.988]
Epoch [161] Testing Results: Prec@1 43.970 Prec@5 80.410             Loss 3.26431
Epoch [161] Testing Class Recall: [0.708,0.782,0.559,0.539,0.507,0.336,0.411,0.311,0.165,0.079]
Epoch [162] Training Results: Prec@1 95.887 Prec@5 99.938             Loss 0.13695
Epoch [162] Training Class Recall: [0.893,0.925,0.927,0.952,0.967,0.981,0.985,0.983,0.988,0.989]
Epoch [162] Testing Results: Prec@1 43.810 Prec@5 80.020             Loss 3.29682
Epoch [162] Testing Class Recall: [0.712,0.790,0.556,0.534,0.505,0.357,0.396,0.301,0.157,0.073]
Epoch [163] Training Results: Prec@1 96.432 Prec@5 99.955             Loss 0.12294
Epoch [163] Training Class Recall: [0.901,0.928,0.939,0.959,0.977,0.982,0.989,0.985,0.991,0.993]
Epoch [163] Testing Results: Prec@1 43.660 Prec@5 79.630             Loss 3.36369
Epoch [163] Testing Class Recall: [0.729,0.797,0.564,0.510,0.515,0.343,0.411,0.287,0.148,0.062]
Epoch [164] Training Results: Prec@1 96.815 Prec@5 99.960             Loss 0.11284
Epoch [164] Training Class Recall: [0.913,0.936,0.938,0.967,0.980,0.986,0.988,0.989,0.992,0.994]
Epoch [164] Testing Results: Prec@1 44.060 Prec@5 79.840             Loss 3.32074
Epoch [164] Testing Class Recall: [0.737,0.806,0.542,0.532,0.515,0.339,0.414,0.284,0.169,0.068]
Epoch [165] Training Results: Prec@1 96.938 Prec@5 99.957             Loss 0.10784
Epoch [165] Training Class Recall: [0.914,0.935,0.944,0.966,0.981,0.989,0.990,0.988,0.994,0.994]
Epoch [165] Testing Results: Prec@1 43.890 Prec@5 79.980             Loss 3.36514
Epoch [165] Testing Class Recall: [0.744,0.811,0.566,0.542,0.471,0.344,0.396,0.296,0.154,0.065]
Epoch [166] Training Results: Prec@1 97.160 Prec@5 99.962             Loss 0.10066
Epoch [166] Training Class Recall: [0.917,0.939,0.952,0.969,0.977,0.989,0.991,0.993,0.993,0.996]
Epoch [166] Testing Results: Prec@1 43.910 Prec@5 79.920             Loss 3.36317
Epoch [166] Testing Class Recall: [0.751,0.796,0.566,0.521,0.519,0.344,0.402,0.282,0.140,0.070]
Epoch [167] Training Results: Prec@1 97.302 Prec@5 99.967             Loss 0.09855
Epoch [167] Training Class Recall: [0.922,0.940,0.953,0.971,0.983,0.988,0.992,0.990,0.996,0.996]
Epoch [167] Testing Results: Prec@1 43.940 Prec@5 79.870             Loss 3.39206
Epoch [167] Testing Class Recall: [0.758,0.820,0.551,0.527,0.488,0.356,0.408,0.291,0.132,0.063]
Epoch [168] Training Results: Prec@1 97.497 Prec@5 99.965             Loss 0.09069
Epoch [168] Training Class Recall: [0.924,0.949,0.954,0.972,0.984,0.991,0.993,0.991,0.995,0.997]
Epoch [168] Testing Results: Prec@1 44.030 Prec@5 79.860             Loss 3.38808
Epoch [168] Testing Class Recall: [0.769,0.807,0.556,0.526,0.526,0.352,0.376,0.285,0.140,0.066]
Epoch [169] Training Results: Prec@1 97.555 Prec@5 99.975             Loss 0.08773
Epoch [169] Training Class Recall: [0.927,0.946,0.955,0.970,0.988,0.990,0.993,0.995,0.995,0.998]
Epoch [169] Testing Results: Prec@1 43.960 Prec@5 79.610             Loss 3.44757
Epoch [169] Testing Class Recall: [0.757,0.821,0.554,0.538,0.504,0.357,0.389,0.275,0.141,0.060]
Epoch [170] Training Results: Prec@1 97.580 Prec@5 99.975             Loss 0.08700
Epoch [170] Training Class Recall: [0.930,0.948,0.954,0.973,0.985,0.989,0.994,0.993,0.995,0.997]
Epoch [170] Testing Results: Prec@1 43.940 Prec@5 79.850             Loss 3.44096
Epoch [170] Testing Class Recall: [0.768,0.801,0.562,0.556,0.486,0.349,0.380,0.294,0.134,0.064]
Epoch [171] Training Results: Prec@1 97.755 Prec@5 99.972             Loss 0.08375
Epoch [171] Training Class Recall: [0.938,0.946,0.958,0.974,0.986,0.991,0.994,0.995,0.995,0.998]
Epoch [171] Testing Results: Prec@1 43.950 Prec@5 79.450             Loss 3.49105
Epoch [171] Testing Class Recall: [0.772,0.822,0.562,0.537,0.511,0.342,0.382,0.271,0.130,0.066]
Epoch [172] Training Results: Prec@1 97.870 Prec@5 99.970             Loss 0.07973
Epoch [172] Training Class Recall: [0.939,0.952,0.959,0.977,0.984,0.993,0.996,0.995,0.997,0.997]
Epoch [172] Testing Results: Prec@1 43.510 Prec@5 79.670             Loss 3.47700
Epoch [172] Testing Class Recall: [0.760,0.816,0.565,0.530,0.484,0.329,0.374,0.289,0.137,0.067]
Epoch [173] Training Results: Prec@1 97.865 Prec@5 99.972             Loss 0.07941
Epoch [173] Training Class Recall: [0.932,0.956,0.964,0.977,0.985,0.992,0.995,0.993,0.996,0.998]
Epoch [173] Testing Results: Prec@1 43.780 Prec@5 79.650             Loss 3.51193
Epoch [173] Testing Class Recall: [0.761,0.828,0.560,0.534,0.516,0.340,0.368,0.270,0.136,0.065]
Epoch [174] Training Results: Prec@1 97.952 Prec@5 99.978             Loss 0.07566
Epoch [174] Training Class Recall: [0.935,0.956,0.963,0.980,0.988,0.991,0.994,0.994,0.998,0.998]
Epoch [174] Testing Results: Prec@1 43.830 Prec@5 79.600             Loss 3.53040
Epoch [174] Testing Class Recall: [0.785,0.821,0.559,0.545,0.501,0.339,0.380,0.265,0.128,0.060]
Epoch [175] Training Results: Prec@1 97.967 Prec@5 99.980             Loss 0.07538
Epoch [175] Training Class Recall: [0.939,0.948,0.965,0.977,0.989,0.993,0.994,0.996,0.998,0.998]
Epoch [175] Testing Results: Prec@1 44.150 Prec@5 79.620             Loss 3.49486
Epoch [175] Testing Class Recall: [0.763,0.815,0.561,0.557,0.529,0.338,0.381,0.278,0.129,0.064]
Epoch [176] Training Results: Prec@1 98.095 Prec@5 99.972             Loss 0.07264
Epoch [176] Training Class Recall: [0.940,0.957,0.962,0.980,0.991,0.993,0.997,0.995,0.998,0.998]
Epoch [176] Testing Results: Prec@1 44.080 Prec@5 79.480             Loss 3.54609
Epoch [176] Testing Class Recall: [0.781,0.811,0.564,0.552,0.515,0.342,0.384,0.266,0.129,0.064]
Epoch [177] Training Results: Prec@1 98.130 Prec@5 99.987             Loss 0.06964
Epoch [177] Training Class Recall: [0.936,0.956,0.968,0.983,0.991,0.993,0.996,0.997,0.997,0.997]
Epoch [177] Testing Results: Prec@1 43.850 Prec@5 79.400             Loss 3.58257
Epoch [177] Testing Class Recall: [0.779,0.811,0.586,0.550,0.498,0.334,0.379,0.260,0.125,0.063]
Epoch [178] Training Results: Prec@1 98.072 Prec@5 99.975             Loss 0.07133
Epoch [178] Training Class Recall: [0.939,0.955,0.965,0.984,0.989,0.993,0.995,0.995,0.996,0.998]
Epoch [178] Testing Results: Prec@1 44.020 Prec@5 79.050             Loss 3.62367
Epoch [178] Testing Class Recall: [0.781,0.817,0.556,0.563,0.531,0.335,0.379,0.262,0.119,0.059]
Epoch [179] Training Results: Prec@1 98.040 Prec@5 99.982             Loss 0.06986
Epoch [179] Training Class Recall: [0.942,0.953,0.963,0.978,0.991,0.994,0.995,0.994,0.997,0.998]
Epoch [179] Testing Results: Prec@1 43.970 Prec@5 79.410             Loss 3.58850
Epoch [179] Testing Class Recall: [0.778,0.824,0.560,0.543,0.506,0.340,0.393,0.259,0.128,0.066]
Epoch [180] Training Results: Prec@1 98.237 Prec@5 99.990             Loss 0.06691
Epoch [180] Training Class Recall: [0.948,0.956,0.967,0.981,0.991,0.994,0.996,0.996,0.996,0.999]
Epoch [180] Testing Results: Prec@1 43.890 Prec@5 79.630             Loss 3.56709
Epoch [180] Testing Class Recall: [0.773,0.816,0.592,0.527,0.507,0.330,0.373,0.275,0.133,0.063]
Epoch [181] Training Results: Prec@1 98.207 Prec@5 99.978             Loss 0.06704
Epoch [181] Training Class Recall: [0.943,0.955,0.966,0.982,0.992,0.995,0.995,0.996,0.998,0.999]
Epoch [181] Testing Results: Prec@1 43.740 Prec@5 79.410             Loss 3.56202
Epoch [181] Testing Class Recall: [0.782,0.815,0.577,0.525,0.513,0.330,0.369,0.273,0.125,0.065]
Epoch [182] Training Results: Prec@1 98.237 Prec@5 99.967             Loss 0.06646
Epoch [182] Training Class Recall: [0.942,0.957,0.970,0.983,0.992,0.992,0.996,0.996,0.998,0.999]
Epoch [182] Testing Results: Prec@1 43.740 Prec@5 79.460             Loss 3.57423
Epoch [182] Testing Class Recall: [0.768,0.828,0.571,0.528,0.501,0.358,0.352,0.278,0.126,0.064]
Epoch [183] Training Results: Prec@1 98.235 Prec@5 99.978             Loss 0.06867
Epoch [183] Training Class Recall: [0.948,0.953,0.969,0.981,0.990,0.993,0.997,0.997,0.998,0.999]
Epoch [183] Testing Results: Prec@1 44.130 Prec@5 79.560             Loss 3.56837
Epoch [183] Testing Class Recall: [0.779,0.826,0.563,0.570,0.497,0.344,0.381,0.266,0.125,0.062]
Epoch [184] Training Results: Prec@1 98.267 Prec@5 99.978             Loss 0.06651
Epoch [184] Training Class Recall: [0.944,0.960,0.967,0.984,0.991,0.994,0.995,0.996,0.998,0.999]
Epoch [184] Testing Results: Prec@1 43.770 Prec@5 79.510             Loss 3.58040
Epoch [184] Testing Class Recall: [0.781,0.832,0.562,0.527,0.511,0.352,0.352,0.267,0.128,0.065]
Epoch [185] Training Results: Prec@1 98.205 Prec@5 99.962             Loss 0.06832
Epoch [185] Training Class Recall: [0.939,0.963,0.971,0.980,0.990,0.992,0.995,0.995,0.997,0.999]
Epoch [185] Testing Results: Prec@1 43.920 Prec@5 79.580             Loss 3.56727
Epoch [185] Testing Class Recall: [0.771,0.808,0.580,0.541,0.508,0.343,0.379,0.268,0.130,0.064]
Epoch [186] Training Results: Prec@1 98.262 Prec@5 99.982             Loss 0.06783
Epoch [186] Training Class Recall: [0.943,0.964,0.968,0.982,0.989,0.994,0.997,0.995,0.997,0.998]
Epoch [186] Testing Results: Prec@1 43.610 Prec@5 79.470             Loss 3.62385
Epoch [186] Testing Class Recall: [0.790,0.822,0.565,0.536,0.488,0.339,0.369,0.263,0.121,0.068]
Epoch [187] Training Results: Prec@1 98.270 Prec@5 99.982             Loss 0.06586
Epoch [187] Training Class Recall: [0.944,0.957,0.973,0.980,0.990,0.996,0.997,0.995,0.997,0.999]
Epoch [187] Testing Results: Prec@1 43.740 Prec@5 79.790             Loss 3.56120
Epoch [187] Testing Class Recall: [0.755,0.827,0.570,0.532,0.511,0.330,0.369,0.278,0.141,0.061]
Epoch [188] Training Results: Prec@1 98.272 Prec@5 99.987             Loss 0.06551
Epoch [188] Training Class Recall: [0.944,0.960,0.967,0.982,0.993,0.995,0.996,0.995,0.998,0.999]
Epoch [188] Testing Results: Prec@1 43.690 Prec@5 79.320             Loss 3.61486
Epoch [188] Testing Class Recall: [0.780,0.827,0.574,0.525,0.503,0.328,0.379,0.269,0.127,0.057]
Epoch [189] Training Results: Prec@1 98.158 Prec@5 99.987             Loss 0.06716
Epoch [189] Training Class Recall: [0.943,0.954,0.966,0.981,0.991,0.994,0.997,0.995,0.997,0.998]
Epoch [189] Testing Results: Prec@1 43.980 Prec@5 79.550             Loss 3.59759
Epoch [189] Testing Class Recall: [0.787,0.824,0.562,0.553,0.498,0.335,0.385,0.266,0.125,0.063]
Epoch [190] Training Results: Prec@1 98.210 Prec@5 99.970             Loss 0.06689
Epoch [190] Training Class Recall: [0.944,0.958,0.965,0.982,0.990,0.997,0.996,0.995,0.996,0.999]
Epoch [190] Testing Results: Prec@1 43.940 Prec@5 79.690             Loss 3.55436
Epoch [190] Testing Class Recall: [0.760,0.837,0.561,0.542,0.505,0.339,0.402,0.261,0.125,0.062]
Epoch [191] Training Results: Prec@1 98.243 Prec@5 99.978             Loss 0.06614
Epoch [191] Training Class Recall: [0.944,0.958,0.970,0.984,0.990,0.993,0.996,0.995,0.999,0.997]
Epoch [191] Testing Results: Prec@1 43.920 Prec@5 79.630             Loss 3.59006
Epoch [191] Testing Class Recall: [0.786,0.822,0.572,0.545,0.497,0.336,0.371,0.280,0.121,0.062]
Epoch [192] Training Results: Prec@1 98.180 Prec@5 99.985             Loss 0.06648
Epoch [192] Training Class Recall: [0.945,0.956,0.965,0.980,0.992,0.993,0.996,0.996,0.999,0.999]
Epoch [192] Testing Results: Prec@1 43.910 Prec@5 79.460             Loss 3.60064
Epoch [192] Testing Class Recall: [0.775,0.827,0.586,0.525,0.521,0.324,0.380,0.271,0.121,0.061]
Epoch [193] Training Results: Prec@1 98.230 Prec@5 99.980             Loss 0.06631
Epoch [193] Training Class Recall: [0.945,0.957,0.971,0.984,0.990,0.994,0.996,0.994,0.996,0.997]
Epoch [193] Testing Results: Prec@1 43.580 Prec@5 79.580             Loss 3.57345
Epoch [193] Testing Class Recall: [0.758,0.832,0.573,0.526,0.502,0.343,0.360,0.269,0.134,0.061]
Epoch [194] Training Results: Prec@1 98.232 Prec@5 99.982             Loss 0.06774
Epoch [194] Training Class Recall: [0.942,0.960,0.967,0.982,0.991,0.995,0.996,0.996,0.997,0.998]
Epoch [194] Testing Results: Prec@1 43.770 Prec@5 79.640             Loss 3.57511
Epoch [194] Testing Class Recall: [0.778,0.822,0.573,0.529,0.508,0.329,0.382,0.264,0.126,0.066]
Epoch [195] Training Results: Prec@1 98.275 Prec@5 99.980             Loss 0.06658
Epoch [195] Training Class Recall: [0.949,0.956,0.968,0.982,0.989,0.997,0.996,0.995,0.998,0.998]
Epoch [195] Testing Results: Prec@1 43.620 Prec@5 79.620             Loss 3.57666
Epoch [195] Testing Class Recall: [0.772,0.829,0.571,0.513,0.501,0.346,0.372,0.263,0.129,0.066]
Epoch [196] Training Results: Prec@1 98.245 Prec@5 99.978             Loss 0.06718
Epoch [196] Training Class Recall: [0.943,0.956,0.967,0.983,0.993,0.995,0.995,0.996,0.999,0.999]
Epoch [196] Testing Results: Prec@1 43.740 Prec@5 79.520             Loss 3.59822
Epoch [196] Testing Class Recall: [0.774,0.820,0.562,0.554,0.486,0.353,0.370,0.270,0.125,0.060]
Epoch [197] Training Results: Prec@1 98.137 Prec@5 99.980             Loss 0.06783
Epoch [197] Training Class Recall: [0.942,0.959,0.965,0.981,0.988,0.993,0.996,0.994,0.997,0.998]
Epoch [197] Testing Results: Prec@1 43.810 Prec@5 79.360             Loss 3.59350
Epoch [197] Testing Class Recall: [0.778,0.814,0.573,0.531,0.505,0.349,0.369,0.284,0.118,0.060]
Epoch [198] Training Results: Prec@1 98.240 Prec@5 99.978             Loss 0.06771
Epoch [198] Training Class Recall: [0.943,0.961,0.966,0.981,0.990,0.995,0.996,0.996,0.997,0.999]
Epoch [198] Testing Results: Prec@1 43.760 Prec@5 79.500             Loss 3.57457
Epoch [198] Testing Class Recall: [0.763,0.831,0.575,0.540,0.496,0.352,0.378,0.254,0.126,0.061]
Epoch [199] Training Results: Prec@1 98.310 Prec@5 99.978             Loss 0.06397
Epoch [199] Training Class Recall: [0.949,0.957,0.971,0.983,0.992,0.993,0.996,0.997,0.997,0.998]
Epoch [199] Testing Results: Prec@1 43.820 Prec@5 79.580             Loss 3.56130
Epoch [199] Testing Class Recall: [0.781,0.810,0.574,0.541,0.500,0.359,0.360,0.265,0.129,0.063]
