2026-06-25 14:39:38,541 - debug - DEBUG - Debug logging enabled for this run.
2026-06-25 14:39:40,808 - debug - DEBUG - train_dataset type: <class 'imbalanceddl.dataset.imbalance_cifar.IMBALANCECIFAR10'>
2026-06-25 14:39:40,808 - debug - DEBUG - val_dataset type: <class 'torchvision.datasets.cifar.CIFAR10'>
2026-06-25 14:39:40,808 - debug - DEBUG - train_dataset.targets length: 12406
2026-06-25 14:39:40,809 - debug - DEBUG - Number of train loader batches: 97
2026-06-25 14:39:41,059 - debug - DEBUG - First batch class counts: {0: 55, 1: 34, 2: 12, 3: 7, 4: 7, 5: 5, 6: 4, 7: 3, 8: 1}
2026-06-25 14:39:41,146 - debug - DEBUG - Validation loader created. Length: 100
2026-06-25 14:39:46,605 - debug - DEBUG - compute_metrics_and_record started for epoch 0
2026-06-25 14:39:46,605 - debug - DEBUG - all_preds length: 12406, all_targets length: 12406
2026-06-25 14:39:46,605 - debug - DEBUG - First 10 preds: [5, 5, 5, 5, 5, 5, 5, 5, 5, 5]
2026-06-25 14:39:46,606 - debug - DEBUG - First 10 targets: [2, 2, 0, 0, 1, 1, 0, 1, 4, 2]
2026-06-25 14:39:46,611 - debug - DEBUG - Unique predicted classes: 8 (first 10: [0 1 2 3 4 5 6 9])
2026-06-25 14:39:46,612 - debug - DEBUG - Unique target classes: 10 (first 10: [0 1 2 3 4 5 6 7 8 9])
2026-06-25 14:39:48,215 - debug - DEBUG - compute_metrics_and_record started for epoch 0
2026-06-25 14:39:48,215 - debug - DEBUG - all_preds length: 10000, all_targets length: 10000
2026-06-25 14:39:48,215 - debug - DEBUG - First 10 preds: [1, 1, 1, 1, 2, 1, 1, 2, 2, 1]
2026-06-25 14:39:48,216 - debug - DEBUG - First 10 targets: [3, 8, 8, 0, 6, 6, 1, 6, 3, 1]
2026-06-25 14:39:48,218 - debug - DEBUG - Unique predicted classes: 4 (first 10: [0 1 2 3])
2026-06-25 14:39:48,218 - debug - DEBUG - Unique target classes: 10 (first 10: [0 1 2 3 4 5 6 7 8 9])
2026-06-25 14:39:52,396 - debug - DEBUG - compute_metrics_and_record started for epoch 1
2026-06-25 14:39:52,396 - debug - DEBUG - all_preds length: 12406, all_targets length: 12406
2026-06-25 14:39:52,397 - debug - DEBUG - First 10 preds: [2, 1, 0, 2, 2, 1, 3, 2, 2, 0]
2026-06-25 14:39:52,397 - debug - DEBUG - First 10 targets: [2, 1, 1, 6, 3, 1, 3, 0, 2, 1]
2026-06-25 14:39:52,402 - debug - DEBUG - Unique predicted classes: 6 (first 10: [0 1 2 3 4 5])
2026-06-25 14:39:52,403 - debug - DEBUG - Unique target classes: 10 (first 10: [0 1 2 3 4 5 6 7 8 9])
2026-06-25 14:39:53,789 - debug - DEBUG - compute_metrics_and_record started for epoch 1
2026-06-25 14:39:53,789 - debug - DEBUG - all_preds length: 10000, all_targets length: 10000
2026-06-25 14:39:53,789 - debug - DEBUG - First 10 preds: [3, 1, 1, 0, 2, 3, 1, 2, 3, 1]
2026-06-25 14:39:53,789 - debug - DEBUG - First 10 targets: [3, 8, 8, 0, 6, 6, 1, 6, 3, 1]
2026-06-25 14:39:53,792 - debug - DEBUG - Unique predicted classes: 6 (first 10: [0 1 2 3 5 6])
2026-06-25 14:39:53,792 - debug - DEBUG - Unique target classes: 10 (first 10: [0 1 2 3 4 5 6 7 8 9])
2026-06-25 14:39:58,083 - debug - DEBUG - compute_metrics_and_record started for epoch 2
2026-06-25 14:39:58,083 - debug - DEBUG - all_preds length: 12406, all_targets length: 12406
2026-06-25 14:39:58,084 - debug - DEBUG - First 10 preds: [0, 1, 2, 0, 1, 0, 2, 0, 2, 1]
2026-06-25 14:39:58,084 - debug - DEBUG - First 10 targets: [2, 3, 3, 2, 0, 0, 5, 2, 2, 1]
2026-06-25 14:39:58,089 - debug - DEBUG - Unique predicted classes: 6 (first 10: [0 1 2 3 4 5])
2026-06-25 14:39:58,090 - debug - DEBUG - Unique target classes: 10 (first 10: [0 1 2 3 4 5 6 7 8 9])
