2026-07-27 16:27:36,220 - debug - DEBUG - train_data is not Subset, type=<class 'imbalanceddl.dataset.imbalance_cifar.IMBALANCECIFAR100'>
2026-07-27 16:27:36,226 - debug - DEBUG - unique_labels (first 10): [0 1 2 3 4 5 6 7 8 9]
2026-07-27 16:27:36,226 - debug - DEBUG - train_class_count (first 10): [500, 477, 455, 434, 415, 396, 378, 361, 344, 328]
2026-07-27 16:27:36,227 - debug - DEBUG - test_class_count (first 10): [100, 100, 100, 100, 100, 100, 100, 100, 100, 100]
2026-07-27 16:27:36,227 - debug - DEBUG - per-class accuracy (first 10): [0.89, 0.87, 0.66, 0.66, 0.66, 0.81, 0.82, 0.78, 0.86, 0.82]
2026-07-27 16:27:36,227 - debug - DEBUG - many_shot_thr=100, low_shot_thr=20
2026-07-27 16:27:36,227 - debug - DEBUG - many_shot classes (first 10 indices): [0, 1, 2, 3, 4, 5, 6, 7, 8, 9] count=35
2026-07-27 16:27:36,227 - debug - DEBUG - median_shot classes (first 10 indices): [35, 36, 37, 38, 39, 40, 41, 42, 43, 44] count=35
2026-07-27 16:27:36,227 - debug - DEBUG - low_shot classes (first 10 indices): [70, 71, 72, 73, 74, 75, 76, 77, 78, 79] count=30
2026-07-27 16:27:36,227 - debug - DEBUG - many_shot acc (first 10): [0.89, 0.87, 0.66, 0.66, 0.66, 0.81, 0.82, 0.78, 0.86, 0.82]
2026-07-27 16:27:36,227 - debug - DEBUG - median_shot acc (first 10): [0.25, 0.66, 0.59, 0.4, 0.62, 0.41, 0.69, 0.6, 0.64, 0.19]
2026-07-27 16:27:36,227 - debug - DEBUG - low_shot acc (first 10): [0.2, 0.34, 0.11, 0.23, 0.14, 0.4, 0.59, 0.18, 0.19, 0.37]
2026-07-27 16:27:36,227 - debug - DEBUG - many_acc=0.6614, median_acc=0.4677, low_acc=0.2777
2026-07-27 16:27:36,575 - debug - DEBUG - train_data is not Subset, type=<class 'imbalanceddl.dataset.imbalance_cifar.IMBALANCECIFAR100'>
2026-07-27 16:27:36,581 - debug - DEBUG - unique_labels (first 10): [0 1 2 3 4 5 6 7 8 9]
2026-07-27 16:27:36,581 - debug - DEBUG - train_class_count (first 10): [500, 477, 455, 434, 415, 396, 378, 361, 344, 328]
2026-07-27 16:27:36,581 - debug - DEBUG - test_class_count (first 10): [100, 100, 100, 100, 100, 100, 100, 100, 100, 100]
2026-07-27 16:27:36,581 - debug - DEBUG - per-class accuracy (first 10): [0.78, 0.75, 0.54, 0.52, 0.6, 0.68, 0.76, 0.67, 0.81, 0.72]
2026-07-27 16:27:36,581 - debug - DEBUG - many_shot_thr=100, low_shot_thr=20
2026-07-27 16:27:36,582 - debug - DEBUG - many_shot classes (first 10 indices): [0, 1, 2, 3, 4, 5, 6, 7, 8, 9] count=35
2026-07-27 16:27:36,582 - debug - DEBUG - median_shot classes (first 10 indices): [35, 36, 37, 38, 39, 40, 41, 42, 43, 44] count=35
2026-07-27 16:27:36,582 - debug - DEBUG - low_shot classes (first 10 indices): [70, 71, 72, 73, 74, 75, 76, 77, 78, 79] count=30
2026-07-27 16:27:36,582 - debug - DEBUG - many_shot acc (first 10): [0.78, 0.75, 0.54, 0.52, 0.6, 0.68, 0.76, 0.67, 0.81, 0.72]
2026-07-27 16:27:36,582 - debug - DEBUG - median_shot acc (first 10): [0.26, 0.62, 0.57, 0.35, 0.6, 0.39, 0.68, 0.52, 0.56, 0.16]
2026-07-27 16:27:36,582 - debug - DEBUG - low_shot acc (first 10): [0.18, 0.36, 0.16, 0.28, 0.2, 0.44, 0.63, 0.26, 0.22, 0.49]
2026-07-27 16:27:36,582 - debug - DEBUG - many_acc=0.6083, median_acc=0.4563, low_acc=0.3443
2026-07-27 16:27:36,771 - debug - DEBUG - train_data is not Subset, type=<class 'imbalanceddl.dataset.imbalance_cifar.IMBALANCECIFAR100'>
2026-07-27 16:27:36,783 - debug - DEBUG - unique_labels (first 10): [0 1 2 3 4 5 6 7 8 9]
2026-07-27 16:27:36,783 - debug - DEBUG - train_class_count (first 10): [500, 477, 455, 434, 415, 396, 378, 361, 344, 328]
2026-07-27 16:27:36,783 - debug - DEBUG - test_class_count (first 10): [100, 100, 100, 100, 100, 100, 100, 100, 100, 100]
2026-07-27 16:27:36,783 - debug - DEBUG - per-class accuracy (first 10): [0.81, 0.76, 0.53, 0.55, 0.61, 0.7, 0.76, 0.68, 0.81, 0.75]
2026-07-27 16:27:36,783 - debug - DEBUG - many_shot_thr=100, low_shot_thr=20
2026-07-27 16:27:36,783 - debug - DEBUG - many_shot classes (first 10 indices): [0, 1, 2, 3, 4, 5, 6, 7, 8, 9] count=35
2026-07-27 16:27:36,783 - debug - DEBUG - median_shot classes (first 10 indices): [35, 36, 37, 38, 39, 40, 41, 42, 43, 44] count=35
2026-07-27 16:27:36,783 - debug - DEBUG - low_shot classes (first 10 indices): [70, 71, 72, 73, 74, 75, 76, 77, 78, 79] count=30
2026-07-27 16:27:36,783 - debug - DEBUG - many_shot acc (first 10): [0.81, 0.76, 0.53, 0.55, 0.61, 0.7, 0.76, 0.68, 0.81, 0.75]
2026-07-27 16:27:36,784 - debug - DEBUG - median_shot acc (first 10): [0.26, 0.62, 0.52, 0.35, 0.61, 0.41, 0.7, 0.52, 0.58, 0.16]
2026-07-27 16:27:36,784 - debug - DEBUG - low_shot acc (first 10): [0.2, 0.36, 0.17, 0.26, 0.2, 0.45, 0.59, 0.25, 0.21, 0.44]
2026-07-27 16:27:36,784 - debug - DEBUG - many_acc=0.6126, median_acc=0.4520, low_acc=0.3303
2026-07-27 16:27:36,980 - debug - DEBUG - train_data is not Subset, type=<class 'imbalanceddl.dataset.imbalance_cifar.IMBALANCECIFAR100'>
2026-07-27 16:27:36,989 - debug - DEBUG - unique_labels (first 10): [0 1 2 3 4 5 6 7 8 9]
2026-07-27 16:27:36,989 - debug - DEBUG - train_class_count (first 10): [500, 477, 455, 434, 415, 396, 378, 361, 344, 328]
2026-07-27 16:27:36,990 - debug - DEBUG - test_class_count (first 10): [100, 100, 100, 100, 100, 100, 100, 100, 100, 100]
2026-07-27 16:27:36,990 - debug - DEBUG - per-class accuracy (first 10): [0.87, 0.79, 0.57, 0.6, 0.57, 0.74, 0.77, 0.7, 0.83, 0.75]
2026-07-27 16:27:36,990 - debug - DEBUG - many_shot_thr=100, low_shot_thr=20
2026-07-27 16:27:36,990 - debug - DEBUG - many_shot classes (first 10 indices): [0, 1, 2, 3, 4, 5, 6, 7, 8, 9] count=35
2026-07-27 16:27:36,990 - debug - DEBUG - median_shot classes (first 10 indices): [35, 36, 37, 38, 39, 40, 41, 42, 43, 44] count=35
2026-07-27 16:27:36,990 - debug - DEBUG - low_shot classes (first 10 indices): [70, 71, 72, 73, 74, 75, 76, 77, 78, 79] count=30
2026-07-27 16:27:36,990 - debug - DEBUG - many_shot acc (first 10): [0.87, 0.79, 0.57, 0.6, 0.57, 0.74, 0.77, 0.7, 0.83, 0.75]
2026-07-27 16:27:36,990 - debug - DEBUG - median_shot acc (first 10): [0.2, 0.55, 0.48, 0.35, 0.59, 0.39, 0.7, 0.49, 0.6, 0.18]
2026-07-27 16:27:36,990 - debug - DEBUG - low_shot acc (first 10): [0.23, 0.31, 0.15, 0.21, 0.19, 0.45, 0.57, 0.23, 0.2, 0.44]
2026-07-27 16:27:36,991 - debug - DEBUG - many_acc=0.6246, median_acc=0.4323, low_acc=0.3060
2026-07-27 16:27:37,210 - debug - DEBUG - train_data is not Subset, type=<class 'imbalanceddl.dataset.imbalance_cifar.IMBALANCECIFAR100'>
2026-07-27 16:27:37,219 - debug - DEBUG - unique_labels (first 10): [0 1 2 3 4 5 6 7 8 9]
2026-07-27 16:27:37,219 - debug - DEBUG - train_class_count (first 10): [500, 477, 455, 434, 415, 396, 378, 361, 344, 328]
2026-07-27 16:27:37,219 - debug - DEBUG - test_class_count (first 10): [100, 100, 100, 100, 100, 100, 100, 100, 100, 100]
2026-07-27 16:27:37,219 - debug - DEBUG - per-class accuracy (first 10): [0.86, 0.86, 0.6, 0.65, 0.64, 0.78, 0.82, 0.8, 0.84, 0.8]
2026-07-27 16:27:37,220 - debug - DEBUG - many_shot_thr=100, low_shot_thr=20
2026-07-27 16:27:37,220 - debug - DEBUG - many_shot classes (first 10 indices): [0, 1, 2, 3, 4, 5, 6, 7, 8, 9] count=35
2026-07-27 16:27:37,220 - debug - DEBUG - median_shot classes (first 10 indices): [35, 36, 37, 38, 39, 40, 41, 42, 43, 44] count=35
2026-07-27 16:27:37,220 - debug - DEBUG - low_shot classes (first 10 indices): [70, 71, 72, 73, 74, 75, 76, 77, 78, 79] count=30
2026-07-27 16:27:37,220 - debug - DEBUG - many_shot acc (first 10): [0.86, 0.86, 0.6, 0.65, 0.64, 0.78, 0.82, 0.8, 0.84, 0.8]
2026-07-27 16:27:37,220 - debug - DEBUG - median_shot acc (first 10): [0.31, 0.66, 0.56, 0.36, 0.64, 0.37, 0.69, 0.62, 0.65, 0.2]
2026-07-27 16:27:37,220 - debug - DEBUG - low_shot acc (first 10): [0.2, 0.26, 0.08, 0.26, 0.1, 0.34, 0.5, 0.09, 0.17, 0.17]
2026-07-27 16:27:37,220 - debug - DEBUG - many_acc=0.6597, median_acc=0.4500, low_acc=0.2167
2026-07-27 16:27:37,483 - debug - DEBUG - train_data is not Subset, type=<class 'imbalanceddl.dataset.imbalance_cifar.IMBALANCECIFAR100'>
2026-07-27 16:27:37,493 - debug - DEBUG - unique_labels (first 10): [0 1 2 3 4 5 6 7 8 9]
2026-07-27 16:27:37,494 - debug - DEBUG - train_class_count (first 10): [500, 477, 455, 434, 415, 396, 378, 361, 344, 328]
2026-07-27 16:27:37,494 - debug - DEBUG - test_class_count (first 10): [100, 100, 100, 100, 100, 100, 100, 100, 100, 100]
2026-07-27 16:27:37,494 - debug - DEBUG - per-class accuracy (first 10): [0.84, 0.86, 0.62, 0.65, 0.64, 0.76, 0.78, 0.79, 0.85, 0.82]
2026-07-27 16:27:37,494 - debug - DEBUG - many_shot_thr=100, low_shot_thr=20
2026-07-27 16:27:37,494 - debug - DEBUG - many_shot classes (first 10 indices): [0, 1, 2, 3, 4, 5, 6, 7, 8, 9] count=35
2026-07-27 16:27:37,494 - debug - DEBUG - median_shot classes (first 10 indices): [35, 36, 37, 38, 39, 40, 41, 42, 43, 44] count=35
2026-07-27 16:27:37,494 - debug - DEBUG - low_shot classes (first 10 indices): [70, 71, 72, 73, 74, 75, 76, 77, 78, 79] count=30
2026-07-27 16:27:37,494 - debug - DEBUG - many_shot acc (first 10): [0.84, 0.86, 0.62, 0.65, 0.64, 0.76, 0.78, 0.79, 0.85, 0.82]
2026-07-27 16:27:37,494 - debug - DEBUG - median_shot acc (first 10): [0.23, 0.64, 0.54, 0.33, 0.64, 0.36, 0.69, 0.57, 0.61, 0.16]
2026-07-27 16:27:37,494 - debug - DEBUG - low_shot acc (first 10): [0.22, 0.36, 0.11, 0.24, 0.15, 0.41, 0.6, 0.17, 0.19, 0.4]
2026-07-27 16:27:37,494 - debug - DEBUG - many_acc=0.6480, median_acc=0.4489, low_acc=0.2853
2026-07-27 16:27:37,756 - debug - DEBUG - train_data is not Subset, type=<class 'imbalanceddl.dataset.imbalance_cifar.IMBALANCECIFAR100'>
2026-07-27 16:27:37,761 - debug - DEBUG - unique_labels (first 10): [0 1 2 3 4 5 6 7 8 9]
2026-07-27 16:27:37,761 - debug - DEBUG - train_class_count (first 10): [500, 477, 455, 434, 415, 396, 378, 361, 344, 328]
2026-07-27 16:27:37,761 - debug - DEBUG - test_class_count (first 10): [100, 100, 100, 100, 100, 100, 100, 100, 100, 100]
2026-07-27 16:27:37,761 - debug - DEBUG - per-class accuracy (first 10): [0.84, 0.84, 0.57, 0.56, 0.62, 0.71, 0.79, 0.71, 0.83, 0.79]
2026-07-27 16:27:37,761 - debug - DEBUG - many_shot_thr=100, low_shot_thr=20
2026-07-27 16:27:37,761 - debug - DEBUG - many_shot classes (first 10 indices): [0, 1, 2, 3, 4, 5, 6, 7, 8, 9] count=35
2026-07-27 16:27:37,761 - debug - DEBUG - median_shot classes (first 10 indices): [35, 36, 37, 38, 39, 40, 41, 42, 43, 44] count=35
2026-07-27 16:27:37,761 - debug - DEBUG - low_shot classes (first 10 indices): [70, 71, 72, 73, 74, 75, 76, 77, 78, 79] count=30
2026-07-27 16:27:37,761 - debug - DEBUG - many_shot acc (first 10): [0.84, 0.84, 0.57, 0.56, 0.62, 0.71, 0.79, 0.71, 0.83, 0.79]
2026-07-27 16:27:37,761 - debug - DEBUG - median_shot acc (first 10): [0.22, 0.62, 0.55, 0.36, 0.61, 0.38, 0.68, 0.53, 0.58, 0.18]
2026-07-27 16:27:37,761 - debug - DEBUG - low_shot acc (first 10): [0.23, 0.36, 0.17, 0.26, 0.18, 0.44, 0.63, 0.24, 0.24, 0.42]
2026-07-27 16:27:37,762 - debug - DEBUG - many_acc=0.6291, median_acc=0.4580, low_acc=0.3313
2026-07-27 16:27:38,021 - debug - DEBUG - train_data is not Subset, type=<class 'imbalanceddl.dataset.imbalance_cifar.IMBALANCECIFAR100'>
2026-07-27 16:27:38,026 - debug - DEBUG - unique_labels (first 10): [0 1 2 3 4 5 6 7 8 9]
2026-07-27 16:27:38,026 - debug - DEBUG - train_class_count (first 10): [500, 477, 455, 434, 415, 396, 378, 361, 344, 328]
2026-07-27 16:27:38,026 - debug - DEBUG - test_class_count (first 10): [100, 100, 100, 100, 100, 100, 100, 100, 100, 100]
2026-07-27 16:27:38,026 - debug - DEBUG - per-class accuracy (first 10): [0.84, 0.86, 0.63, 0.66, 0.65, 0.77, 0.8, 0.79, 0.85, 0.82]
2026-07-27 16:27:38,026 - debug - DEBUG - many_shot_thr=100, low_shot_thr=20
2026-07-27 16:27:38,026 - debug - DEBUG - many_shot classes (first 10 indices): [0, 1, 2, 3, 4, 5, 6, 7, 8, 9] count=35
2026-07-27 16:27:38,026 - debug - DEBUG - median_shot classes (first 10 indices): [35, 36, 37, 38, 39, 40, 41, 42, 43, 44] count=35
2026-07-27 16:27:38,026 - debug - DEBUG - low_shot classes (first 10 indices): [70, 71, 72, 73, 74, 75, 76, 77, 78, 79] count=30
2026-07-27 16:27:38,026 - debug - DEBUG - many_shot acc (first 10): [0.84, 0.86, 0.63, 0.66, 0.65, 0.77, 0.8, 0.79, 0.85, 0.82]
2026-07-27 16:27:38,027 - debug - DEBUG - median_shot acc (first 10): [0.23, 0.66, 0.55, 0.33, 0.64, 0.35, 0.7, 0.58, 0.61, 0.14]
2026-07-27 16:27:38,027 - debug - DEBUG - low_shot acc (first 10): [0.23, 0.37, 0.09, 0.25, 0.12, 0.41, 0.6, 0.16, 0.18, 0.39]
2026-07-27 16:27:38,027 - debug - DEBUG - many_acc=0.6514, median_acc=0.4489, low_acc=0.2783
2026-07-27 16:27:38,281 - debug - DEBUG - train_data is not Subset, type=<class 'imbalanceddl.dataset.imbalance_cifar.IMBALANCECIFAR100'>
2026-07-27 16:27:38,287 - debug - DEBUG - unique_labels (first 10): [0 1 2 3 4 5 6 7 8 9]
2026-07-27 16:27:38,287 - debug - DEBUG - train_class_count (first 10): [500, 477, 455, 434, 415, 396, 378, 361, 344, 328]
2026-07-27 16:27:38,287 - debug - DEBUG - test_class_count (first 10): [100, 100, 100, 100, 100, 100, 100, 100, 100, 100]
2026-07-27 16:27:38,287 - debug - DEBUG - per-class accuracy (first 10): [0.84, 0.85, 0.61, 0.67, 0.66, 0.8, 0.81, 0.8, 0.85, 0.82]
2026-07-27 16:27:38,287 - debug - DEBUG - many_shot_thr=100, low_shot_thr=20
2026-07-27 16:27:38,288 - debug - DEBUG - many_shot classes (first 10 indices): [0, 1, 2, 3, 4, 5, 6, 7, 8, 9] count=35
2026-07-27 16:27:38,288 - debug - DEBUG - median_shot classes (first 10 indices): [35, 36, 37, 38, 39, 40, 41, 42, 43, 44] count=35
2026-07-27 16:27:38,288 - debug - DEBUG - low_shot classes (first 10 indices): [70, 71, 72, 73, 74, 75, 76, 77, 78, 79] count=30
2026-07-27 16:27:38,288 - debug - DEBUG - many_shot acc (first 10): [0.84, 0.85, 0.61, 0.67, 0.66, 0.8, 0.81, 0.8, 0.85, 0.82]
2026-07-27 16:27:38,288 - debug - DEBUG - median_shot acc (first 10): [0.23, 0.61, 0.52, 0.33, 0.64, 0.35, 0.71, 0.56, 0.61, 0.15]
2026-07-27 16:27:38,288 - debug - DEBUG - low_shot acc (first 10): [0.23, 0.36, 0.09, 0.24, 0.12, 0.42, 0.61, 0.16, 0.19, 0.36]
2026-07-27 16:27:38,288 - debug - DEBUG - many_acc=0.6494, median_acc=0.4474, low_acc=0.2810
2026-07-27 16:27:38,546 - debug - DEBUG - train_data is not Subset, type=<class 'imbalanceddl.dataset.imbalance_cifar.IMBALANCECIFAR100'>
2026-07-27 16:27:38,551 - debug - DEBUG - unique_labels (first 10): [0 1 2 3 4 5 6 7 8 9]
2026-07-27 16:27:38,551 - debug - DEBUG - train_class_count (first 10): [500, 477, 455, 434, 415, 396, 378, 361, 344, 328]
2026-07-27 16:27:38,551 - debug - DEBUG - test_class_count (first 10): [100, 100, 100, 100, 100, 100, 100, 100, 100, 100]
2026-07-27 16:27:38,551 - debug - DEBUG - per-class accuracy (first 10): [0.85, 0.85, 0.65, 0.64, 0.63, 0.78, 0.8, 0.76, 0.85, 0.83]
2026-07-27 16:27:38,551 - debug - DEBUG - many_shot_thr=100, low_shot_thr=20
2026-07-27 16:27:38,552 - debug - DEBUG - many_shot classes (first 10 indices): [0, 1, 2, 3, 4, 5, 6, 7, 8, 9] count=35
2026-07-27 16:27:38,552 - debug - DEBUG - median_shot classes (first 10 indices): [35, 36, 37, 38, 39, 40, 41, 42, 43, 44] count=35
2026-07-27 16:27:38,552 - debug - DEBUG - low_shot classes (first 10 indices): [70, 71, 72, 73, 74, 75, 76, 77, 78, 79] count=30
2026-07-27 16:27:38,552 - debug - DEBUG - many_shot acc (first 10): [0.85, 0.85, 0.65, 0.64, 0.63, 0.78, 0.8, 0.76, 0.85, 0.83]
2026-07-27 16:27:38,552 - debug - DEBUG - median_shot acc (first 10): [0.24, 0.62, 0.52, 0.36, 0.64, 0.38, 0.69, 0.53, 0.61, 0.18]
2026-07-27 16:27:38,552 - debug - DEBUG - low_shot acc (first 10): [0.24, 0.36, 0.11, 0.23, 0.14, 0.41, 0.59, 0.19, 0.2, 0.4]
2026-07-27 16:27:38,552 - debug - DEBUG - many_acc=0.6489, median_acc=0.4494, low_acc=0.2913
