2026-07-28 13:01:00,855 - debug - DEBUG - train_data is not Subset, type=<class 'imbalanceddl.dataset.imbalance_cifar.IMBALANCECIFAR100'>
2026-07-28 13:01:00,860 - debug - DEBUG - unique_labels (first 10): [0 1 2 3 4 5 6 7 8 9]
2026-07-28 13:01:00,860 - debug - DEBUG - train_class_count (first 10): [500, 477, 455, 434, 415, 396, 378, 361, 344, 328]
2026-07-28 13:01:00,860 - debug - DEBUG - test_class_count (first 10): [100, 100, 100, 100, 100, 100, 100, 100, 100, 100]
2026-07-28 13:01:00,860 - debug - DEBUG - per-class accuracy (first 10): [0.91, 0.84, 0.62, 0.63, 0.78, 0.77, 0.75, 0.7, 0.84, 0.85]
2026-07-28 13:01:00,861 - debug - DEBUG - many_shot_thr=100, low_shot_thr=20
2026-07-28 13:01:00,861 - debug - DEBUG - many_shot classes (first 10 indices): [0, 1, 2, 3, 4, 5, 6, 7, 8, 9] count=35
2026-07-28 13:01:00,861 - debug - DEBUG - median_shot classes (first 10 indices): [35, 36, 37, 38, 39, 40, 41, 42, 43, 44] count=35
2026-07-28 13:01:00,861 - debug - DEBUG - low_shot classes (first 10 indices): [70, 71, 72, 73, 74, 75, 76, 77, 78, 79] count=30
2026-07-28 13:01:00,861 - debug - DEBUG - many_shot acc (first 10): [0.91, 0.84, 0.62, 0.63, 0.78, 0.77, 0.75, 0.7, 0.84, 0.85]
2026-07-28 13:01:00,861 - debug - DEBUG - median_shot acc (first 10): [0.22, 0.62, 0.55, 0.28, 0.56, 0.42, 0.72, 0.5, 0.48, 0.18]
2026-07-28 13:01:00,861 - debug - DEBUG - low_shot acc (first 10): [0.24, 0.22, 0.01, 0.19, 0.08, 0.31, 0.42, 0.06, 0.11, 0.09]
2026-07-28 13:01:00,861 - debug - DEBUG - many_acc=0.6537, median_acc=0.3826, low_acc=0.1287
2026-07-28 13:01:01,301 - debug - DEBUG - train_data is not Subset, type=<class 'imbalanceddl.dataset.imbalance_cifar.IMBALANCECIFAR100'>
2026-07-28 13:01:01,306 - debug - DEBUG - unique_labels (first 10): [0 1 2 3 4 5 6 7 8 9]
2026-07-28 13:01:01,307 - debug - DEBUG - train_class_count (first 10): [500, 477, 455, 434, 415, 396, 378, 361, 344, 328]
2026-07-28 13:01:01,307 - debug - DEBUG - test_class_count (first 10): [100, 100, 100, 100, 100, 100, 100, 100, 100, 100]
2026-07-28 13:01:01,307 - debug - DEBUG - per-class accuracy (first 10): [0.93, 0.87, 0.63, 0.61, 0.77, 0.76, 0.8, 0.75, 0.89, 0.75]
2026-07-28 13:01:01,307 - debug - DEBUG - many_shot_thr=100, low_shot_thr=20
2026-07-28 13:01:01,307 - debug - DEBUG - many_shot classes (first 10 indices): [0, 1, 2, 3, 4, 5, 6, 7, 8, 9] count=35
2026-07-28 13:01:01,307 - debug - DEBUG - median_shot classes (first 10 indices): [35, 36, 37, 38, 39, 40, 41, 42, 43, 44] count=35
2026-07-28 13:01:01,307 - debug - DEBUG - low_shot classes (first 10 indices): [70, 71, 72, 73, 74, 75, 76, 77, 78, 79] count=30
2026-07-28 13:01:01,307 - debug - DEBUG - many_shot acc (first 10): [0.93, 0.87, 0.63, 0.61, 0.77, 0.76, 0.8, 0.75, 0.89, 0.75]
2026-07-28 13:01:01,307 - debug - DEBUG - median_shot acc (first 10): [0.17, 0.59, 0.49, 0.34, 0.57, 0.37, 0.66, 0.55, 0.51, 0.19]
2026-07-28 13:01:01,307 - debug - DEBUG - low_shot acc (first 10): [0.17, 0.2, 0.05, 0.18, 0.02, 0.28, 0.25, 0.06, 0.06, 0.12]
2026-07-28 13:01:01,307 - debug - DEBUG - many_acc=0.6531, median_acc=0.3729, low_acc=0.1110
2026-07-28 13:01:01,754 - debug - DEBUG - train_data is not Subset, type=<class 'imbalanceddl.dataset.imbalance_cifar.IMBALANCECIFAR100'>
2026-07-28 13:01:01,759 - debug - DEBUG - unique_labels (first 10): [0 1 2 3 4 5 6 7 8 9]
2026-07-28 13:01:01,759 - debug - DEBUG - train_class_count (first 10): [500, 477, 455, 434, 415, 396, 378, 361, 344, 328]
2026-07-28 13:01:01,760 - debug - DEBUG - test_class_count (first 10): [100, 100, 100, 100, 100, 100, 100, 100, 100, 100]
2026-07-28 13:01:01,760 - debug - DEBUG - per-class accuracy (first 10): [0.89, 0.88, 0.64, 0.63, 0.69, 0.78, 0.75, 0.76, 0.84, 0.84]
2026-07-28 13:01:01,760 - debug - DEBUG - many_shot_thr=100, low_shot_thr=20
2026-07-28 13:01:01,760 - debug - DEBUG - many_shot classes (first 10 indices): [0, 1, 2, 3, 4, 5, 6, 7, 8, 9] count=35
2026-07-28 13:01:01,760 - debug - DEBUG - median_shot classes (first 10 indices): [35, 36, 37, 38, 39, 40, 41, 42, 43, 44] count=35
2026-07-28 13:01:01,760 - debug - DEBUG - low_shot classes (first 10 indices): [70, 71, 72, 73, 74, 75, 76, 77, 78, 79] count=30
2026-07-28 13:01:01,760 - debug - DEBUG - many_shot acc (first 10): [0.89, 0.88, 0.64, 0.63, 0.69, 0.78, 0.75, 0.76, 0.84, 0.84]
2026-07-28 13:01:01,760 - debug - DEBUG - median_shot acc (first 10): [0.3, 0.56, 0.46, 0.29, 0.58, 0.4, 0.7, 0.47, 0.48, 0.15]
2026-07-28 13:01:01,760 - debug - DEBUG - low_shot acc (first 10): [0.15, 0.13, 0.05, 0.18, 0.04, 0.32, 0.4, 0.05, 0.11, 0.08]
2026-07-28 13:01:01,760 - debug - DEBUG - many_acc=0.6523, median_acc=0.3814, low_acc=0.1217
2026-07-28 13:01:02,204 - debug - DEBUG - train_data is not Subset, type=<class 'imbalanceddl.dataset.imbalance_cifar.IMBALANCECIFAR100'>
2026-07-28 13:01:02,209 - debug - DEBUG - unique_labels (first 10): [0 1 2 3 4 5 6 7 8 9]
2026-07-28 13:01:02,209 - debug - DEBUG - train_class_count (first 10): [500, 477, 455, 434, 415, 396, 378, 361, 344, 328]
2026-07-28 13:01:02,209 - debug - DEBUG - test_class_count (first 10): [100, 100, 100, 100, 100, 100, 100, 100, 100, 100]
2026-07-28 13:01:02,209 - debug - DEBUG - per-class accuracy (first 10): [0.94, 0.89, 0.69, 0.63, 0.68, 0.77, 0.85, 0.72, 0.83, 0.84]
2026-07-28 13:01:02,209 - debug - DEBUG - many_shot_thr=100, low_shot_thr=20
2026-07-28 13:01:02,209 - debug - DEBUG - many_shot classes (first 10 indices): [0, 1, 2, 3, 4, 5, 6, 7, 8, 9] count=35
2026-07-28 13:01:02,209 - debug - DEBUG - median_shot classes (first 10 indices): [35, 36, 37, 38, 39, 40, 41, 42, 43, 44] count=35
2026-07-28 13:01:02,209 - debug - DEBUG - low_shot classes (first 10 indices): [70, 71, 72, 73, 74, 75, 76, 77, 78, 79] count=30
2026-07-28 13:01:02,209 - debug - DEBUG - many_shot acc (first 10): [0.94, 0.89, 0.69, 0.63, 0.68, 0.77, 0.85, 0.72, 0.83, 0.84]
2026-07-28 13:01:02,209 - debug - DEBUG - median_shot acc (first 10): [0.19, 0.6, 0.54, 0.27, 0.49, 0.33, 0.69, 0.55, 0.55, 0.1]
2026-07-28 13:01:02,209 - debug - DEBUG - low_shot acc (first 10): [0.25, 0.16, 0.01, 0.17, 0.07, 0.3, 0.4, 0.08, 0.12, 0.13]
2026-07-28 13:01:02,209 - debug - DEBUG - many_acc=0.6491, median_acc=0.3823, low_acc=0.1240
2026-07-28 13:01:02,653 - debug - DEBUG - train_data is not Subset, type=<class 'imbalanceddl.dataset.imbalance_cifar.IMBALANCECIFAR100'>
2026-07-28 13:01:02,659 - debug - DEBUG - unique_labels (first 10): [0 1 2 3 4 5 6 7 8 9]
2026-07-28 13:01:02,659 - debug - DEBUG - train_class_count (first 10): [500, 477, 455, 434, 415, 396, 378, 361, 344, 328]
2026-07-28 13:01:02,659 - debug - DEBUG - test_class_count (first 10): [100, 100, 100, 100, 100, 100, 100, 100, 100, 100]
2026-07-28 13:01:02,659 - debug - DEBUG - per-class accuracy (first 10): [0.9, 0.89, 0.67, 0.61, 0.7, 0.78, 0.75, 0.75, 0.82, 0.79]
2026-07-28 13:01:02,659 - debug - DEBUG - many_shot_thr=100, low_shot_thr=20
2026-07-28 13:01:02,659 - debug - DEBUG - many_shot classes (first 10 indices): [0, 1, 2, 3, 4, 5, 6, 7, 8, 9] count=35
2026-07-28 13:01:02,659 - debug - DEBUG - median_shot classes (first 10 indices): [35, 36, 37, 38, 39, 40, 41, 42, 43, 44] count=35
2026-07-28 13:01:02,659 - debug - DEBUG - low_shot classes (first 10 indices): [70, 71, 72, 73, 74, 75, 76, 77, 78, 79] count=30
2026-07-28 13:01:02,659 - debug - DEBUG - many_shot acc (first 10): [0.9, 0.89, 0.67, 0.61, 0.7, 0.78, 0.75, 0.75, 0.82, 0.79]
2026-07-28 13:01:02,659 - debug - DEBUG - median_shot acc (first 10): [0.23, 0.59, 0.43, 0.4, 0.51, 0.33, 0.69, 0.58, 0.5, 0.15]
2026-07-28 13:01:02,659 - debug - DEBUG - low_shot acc (first 10): [0.25, 0.18, 0.06, 0.17, 0.08, 0.28, 0.44, 0.04, 0.08, 0.12]
2026-07-28 13:01:02,659 - debug - DEBUG - many_acc=0.6503, median_acc=0.3866, low_acc=0.1367
