2026-07-27 05:35:17,218 - debug - DEBUG - train_data is not Subset, type=<class 'imbalanceddl.dataset.imbalance_cifar.IMBALANCECIFAR100'>
2026-07-27 05:35:17,224 - debug - DEBUG - unique_labels (first 10): [0 1 2 3 4 5 6 7 8 9]
2026-07-27 05:35:17,224 - debug - DEBUG - train_class_count (first 10): [500, 477, 455, 434, 415, 396, 378, 361, 344, 328]
2026-07-27 05:35:17,224 - debug - DEBUG - test_class_count (first 10): [100, 100, 100, 100, 100, 100, 100, 100, 100, 100]
2026-07-27 05:35:17,225 - debug - DEBUG - per-class accuracy (first 10): [0.89, 0.87, 0.66, 0.66, 0.66, 0.81, 0.82, 0.78, 0.86, 0.82]
2026-07-27 05:35:17,225 - debug - DEBUG - many_shot_thr=100, low_shot_thr=20
2026-07-27 05:35:17,225 - debug - DEBUG - many_shot classes (first 10 indices): [0, 1, 2, 3, 4, 5, 6, 7, 8, 9] count=35
2026-07-27 05:35:17,225 - debug - DEBUG - median_shot classes (first 10 indices): [35, 36, 37, 38, 39, 40, 41, 42, 43, 44] count=35
2026-07-27 05:35:17,225 - debug - DEBUG - low_shot classes (first 10 indices): [70, 71, 72, 73, 74, 75, 76, 77, 78, 79] count=30
2026-07-27 05:35:17,225 - debug - DEBUG - many_shot acc (first 10): [0.89, 0.87, 0.66, 0.66, 0.66, 0.81, 0.82, 0.78, 0.86, 0.82]
2026-07-27 05:35:17,225 - debug - DEBUG - median_shot acc (first 10): [0.25, 0.66, 0.59, 0.4, 0.62, 0.41, 0.69, 0.6, 0.64, 0.19]
2026-07-27 05:35:17,225 - debug - DEBUG - low_shot acc (first 10): [0.2, 0.34, 0.11, 0.23, 0.14, 0.4, 0.59, 0.18, 0.19, 0.37]
2026-07-27 05:35:17,225 - debug - DEBUG - many_acc=0.6614, median_acc=0.4677, low_acc=0.2777
2026-07-27 05:35:17,566 - debug - DEBUG - train_data is not Subset, type=<class 'imbalanceddl.dataset.imbalance_cifar.IMBALANCECIFAR100'>
2026-07-27 05:35:17,572 - debug - DEBUG - unique_labels (first 10): [0 1 2 3 4 5 6 7 8 9]
2026-07-27 05:35:17,572 - debug - DEBUG - train_class_count (first 10): [500, 477, 455, 434, 415, 396, 378, 361, 344, 328]
2026-07-27 05:35:17,572 - debug - DEBUG - test_class_count (first 10): [100, 100, 100, 100, 100, 100, 100, 100, 100, 100]
2026-07-27 05:35:17,572 - debug - DEBUG - per-class accuracy (first 10): [0.93, 0.89, 0.68, 0.69, 0.64, 0.82, 0.83, 0.81, 0.87, 0.83]
2026-07-27 05:35:17,572 - debug - DEBUG - many_shot_thr=100, low_shot_thr=20
2026-07-27 05:35:17,572 - debug - DEBUG - many_shot classes (first 10 indices): [0, 1, 2, 3, 4, 5, 6, 7, 8, 9] count=35
2026-07-27 05:35:17,572 - debug - DEBUG - median_shot classes (first 10 indices): [35, 36, 37, 38, 39, 40, 41, 42, 43, 44] count=35
2026-07-27 05:35:17,572 - debug - DEBUG - low_shot classes (first 10 indices): [70, 71, 72, 73, 74, 75, 76, 77, 78, 79] count=30
2026-07-27 05:35:17,572 - debug - DEBUG - many_shot acc (first 10): [0.93, 0.89, 0.68, 0.69, 0.64, 0.82, 0.83, 0.81, 0.87, 0.83]
2026-07-27 05:35:17,572 - debug - DEBUG - median_shot acc (first 10): [0.26, 0.66, 0.49, 0.37, 0.65, 0.36, 0.67, 0.62, 0.63, 0.21]
2026-07-27 05:35:17,573 - debug - DEBUG - low_shot acc (first 10): [0.19, 0.24, 0.04, 0.22, 0.07, 0.32, 0.48, 0.08, 0.15, 0.15]
2026-07-27 05:35:17,573 - debug - DEBUG - many_acc=0.6740, median_acc=0.4289, low_acc=0.1750
2026-07-27 05:35:17,748 - debug - DEBUG - train_data is not Subset, type=<class 'imbalanceddl.dataset.imbalance_cifar.IMBALANCECIFAR100'>
2026-07-27 05:35:17,754 - debug - DEBUG - unique_labels (first 10): [0 1 2 3 4 5 6 7 8 9]
2026-07-27 05:35:17,755 - debug - DEBUG - train_class_count (first 10): [500, 477, 455, 434, 415, 396, 378, 361, 344, 328]
2026-07-27 05:35:17,755 - debug - DEBUG - test_class_count (first 10): [100, 100, 100, 100, 100, 100, 100, 100, 100, 100]
2026-07-27 05:35:17,755 - debug - DEBUG - per-class accuracy (first 10): [0.9, 0.88, 0.67, 0.67, 0.65, 0.79, 0.83, 0.8, 0.86, 0.83]
2026-07-27 05:35:17,755 - debug - DEBUG - many_shot_thr=100, low_shot_thr=20
2026-07-27 05:35:17,755 - debug - DEBUG - many_shot classes (first 10 indices): [0, 1, 2, 3, 4, 5, 6, 7, 8, 9] count=35
2026-07-27 05:35:17,755 - debug - DEBUG - median_shot classes (first 10 indices): [35, 36, 37, 38, 39, 40, 41, 42, 43, 44] count=35
2026-07-27 05:35:17,755 - debug - DEBUG - low_shot classes (first 10 indices): [70, 71, 72, 73, 74, 75, 76, 77, 78, 79] count=30
2026-07-27 05:35:17,755 - debug - DEBUG - many_shot acc (first 10): [0.9, 0.88, 0.67, 0.67, 0.65, 0.79, 0.83, 0.8, 0.86, 0.83]
2026-07-27 05:35:17,755 - debug - DEBUG - median_shot acc (first 10): [0.27, 0.67, 0.52, 0.36, 0.66, 0.36, 0.68, 0.63, 0.6, 0.19]
2026-07-27 05:35:17,755 - debug - DEBUG - low_shot acc (first 10): [0.17, 0.27, 0.04, 0.22, 0.07, 0.32, 0.51, 0.09, 0.14, 0.18]
2026-07-27 05:35:17,755 - debug - DEBUG - many_acc=0.6720, median_acc=0.4331, low_acc=0.1840
2026-07-27 05:35:17,897 - debug - DEBUG - train_data is not Subset, type=<class 'imbalanceddl.dataset.imbalance_cifar.IMBALANCECIFAR100'>
2026-07-27 05:35:17,903 - debug - DEBUG - unique_labels (first 10): [0 1 2 3 4 5 6 7 8 9]
2026-07-27 05:35:17,903 - debug - DEBUG - train_class_count (first 10): [500, 477, 455, 434, 415, 396, 378, 361, 344, 328]
2026-07-27 05:35:17,903 - debug - DEBUG - test_class_count (first 10): [100, 100, 100, 100, 100, 100, 100, 100, 100, 100]
2026-07-27 05:35:17,903 - debug - DEBUG - per-class accuracy (first 10): [0.93, 0.89, 0.67, 0.68, 0.65, 0.82, 0.82, 0.8, 0.86, 0.83]
2026-07-27 05:35:17,903 - debug - DEBUG - many_shot_thr=100, low_shot_thr=20
2026-07-27 05:35:17,903 - debug - DEBUG - many_shot classes (first 10 indices): [0, 1, 2, 3, 4, 5, 6, 7, 8, 9] count=35
2026-07-27 05:35:17,903 - debug - DEBUG - median_shot classes (first 10 indices): [35, 36, 37, 38, 39, 40, 41, 42, 43, 44] count=35
2026-07-27 05:35:17,903 - debug - DEBUG - low_shot classes (first 10 indices): [70, 71, 72, 73, 74, 75, 76, 77, 78, 79] count=30
2026-07-27 05:35:17,903 - debug - DEBUG - many_shot acc (first 10): [0.93, 0.89, 0.67, 0.68, 0.65, 0.82, 0.82, 0.8, 0.86, 0.83]
2026-07-27 05:35:17,903 - debug - DEBUG - median_shot acc (first 10): [0.23, 0.64, 0.53, 0.37, 0.65, 0.35, 0.66, 0.63, 0.61, 0.18]
2026-07-27 05:35:17,903 - debug - DEBUG - low_shot acc (first 10): [0.18, 0.25, 0.03, 0.22, 0.08, 0.31, 0.47, 0.09, 0.14, 0.12]
2026-07-27 05:35:17,903 - debug - DEBUG - many_acc=0.6746, median_acc=0.4246, low_acc=0.1690
2026-07-27 05:35:18,084 - debug - DEBUG - train_data is not Subset, type=<class 'imbalanceddl.dataset.imbalance_cifar.IMBALANCECIFAR100'>
2026-07-27 05:35:18,091 - debug - DEBUG - unique_labels (first 10): [0 1 2 3 4 5 6 7 8 9]
2026-07-27 05:35:18,091 - debug - DEBUG - train_class_count (first 10): [500, 477, 455, 434, 415, 396, 378, 361, 344, 328]
2026-07-27 05:35:18,091 - debug - DEBUG - test_class_count (first 10): [100, 100, 100, 100, 100, 100, 100, 100, 100, 100]
2026-07-27 05:35:18,091 - debug - DEBUG - per-class accuracy (first 10): [0.92, 0.89, 0.69, 0.68, 0.65, 0.83, 0.82, 0.82, 0.87, 0.83]
2026-07-27 05:35:18,091 - debug - DEBUG - many_shot_thr=100, low_shot_thr=20
2026-07-27 05:35:18,091 - debug - DEBUG - many_shot classes (first 10 indices): [0, 1, 2, 3, 4, 5, 6, 7, 8, 9] count=35
2026-07-27 05:35:18,091 - debug - DEBUG - median_shot classes (first 10 indices): [35, 36, 37, 38, 39, 40, 41, 42, 43, 44] count=35
2026-07-27 05:35:18,091 - debug - DEBUG - low_shot classes (first 10 indices): [70, 71, 72, 73, 74, 75, 76, 77, 78, 79] count=30
2026-07-27 05:35:18,091 - debug - DEBUG - many_shot acc (first 10): [0.92, 0.89, 0.69, 0.68, 0.65, 0.83, 0.82, 0.82, 0.87, 0.83]
2026-07-27 05:35:18,091 - debug - DEBUG - median_shot acc (first 10): [0.24, 0.62, 0.47, 0.33, 0.63, 0.36, 0.66, 0.62, 0.62, 0.18]
2026-07-27 05:35:18,091 - debug - DEBUG - low_shot acc (first 10): [0.17, 0.24, 0.03, 0.21, 0.08, 0.3, 0.45, 0.08, 0.14, 0.11]
2026-07-27 05:35:18,091 - debug - DEBUG - many_acc=0.6729, median_acc=0.4083, low_acc=0.1553
2026-07-27 05:35:18,263 - debug - DEBUG - train_data is not Subset, type=<class 'imbalanceddl.dataset.imbalance_cifar.IMBALANCECIFAR100'>
2026-07-27 05:35:18,269 - debug - DEBUG - unique_labels (first 10): [0 1 2 3 4 5 6 7 8 9]
2026-07-27 05:35:18,269 - debug - DEBUG - train_class_count (first 10): [500, 477, 455, 434, 415, 396, 378, 361, 344, 328]
2026-07-27 05:35:18,269 - debug - DEBUG - test_class_count (first 10): [100, 100, 100, 100, 100, 100, 100, 100, 100, 100]
2026-07-27 05:35:18,269 - debug - DEBUG - per-class accuracy (first 10): [0.92, 0.89, 0.67, 0.67, 0.64, 0.82, 0.83, 0.79, 0.88, 0.83]
2026-07-27 05:35:18,269 - debug - DEBUG - many_shot_thr=100, low_shot_thr=20
2026-07-27 05:35:18,270 - debug - DEBUG - many_shot classes (first 10 indices): [0, 1, 2, 3, 4, 5, 6, 7, 8, 9] count=35
2026-07-27 05:35:18,270 - debug - DEBUG - median_shot classes (first 10 indices): [35, 36, 37, 38, 39, 40, 41, 42, 43, 44] count=35
2026-07-27 05:35:18,270 - debug - DEBUG - low_shot classes (first 10 indices): [70, 71, 72, 73, 74, 75, 76, 77, 78, 79] count=30
2026-07-27 05:35:18,270 - debug - DEBUG - many_shot acc (first 10): [0.92, 0.89, 0.67, 0.67, 0.64, 0.82, 0.83, 0.79, 0.88, 0.83]
2026-07-27 05:35:18,270 - debug - DEBUG - median_shot acc (first 10): [0.22, 0.6, 0.51, 0.35, 0.63, 0.34, 0.67, 0.62, 0.63, 0.18]
2026-07-27 05:35:18,270 - debug - DEBUG - low_shot acc (first 10): [0.18, 0.23, 0.02, 0.17, 0.07, 0.31, 0.49, 0.07, 0.15, 0.15]
2026-07-27 05:35:18,270 - debug - DEBUG - many_acc=0.6711, median_acc=0.4117, low_acc=0.1520
2026-07-27 05:35:18,429 - debug - DEBUG - train_data is not Subset, type=<class 'imbalanceddl.dataset.imbalance_cifar.IMBALANCECIFAR100'>
2026-07-27 05:35:18,436 - debug - DEBUG - unique_labels (first 10): [0 1 2 3 4 5 6 7 8 9]
2026-07-27 05:35:18,436 - debug - DEBUG - train_class_count (first 10): [500, 477, 455, 434, 415, 396, 378, 361, 344, 328]
2026-07-27 05:35:18,436 - debug - DEBUG - test_class_count (first 10): [100, 100, 100, 100, 100, 100, 100, 100, 100, 100]
2026-07-27 05:35:18,436 - debug - DEBUG - per-class accuracy (first 10): [0.92, 0.89, 0.67, 0.67, 0.65, 0.82, 0.82, 0.79, 0.87, 0.83]
2026-07-27 05:35:18,436 - debug - DEBUG - many_shot_thr=100, low_shot_thr=20
2026-07-27 05:35:18,436 - debug - DEBUG - many_shot classes (first 10 indices): [0, 1, 2, 3, 4, 5, 6, 7, 8, 9] count=35
2026-07-27 05:35:18,436 - debug - DEBUG - median_shot classes (first 10 indices): [35, 36, 37, 38, 39, 40, 41, 42, 43, 44] count=35
2026-07-27 05:35:18,436 - debug - DEBUG - low_shot classes (first 10 indices): [70, 71, 72, 73, 74, 75, 76, 77, 78, 79] count=30
2026-07-27 05:35:18,436 - debug - DEBUG - many_shot acc (first 10): [0.92, 0.89, 0.67, 0.67, 0.65, 0.82, 0.82, 0.79, 0.87, 0.83]
2026-07-27 05:35:18,436 - debug - DEBUG - median_shot acc (first 10): [0.24, 0.63, 0.51, 0.36, 0.63, 0.33, 0.68, 0.62, 0.63, 0.18]
2026-07-27 05:35:18,436 - debug - DEBUG - low_shot acc (first 10): [0.17, 0.25, 0.03, 0.2, 0.07, 0.31, 0.49, 0.08, 0.15, 0.14]
2026-07-27 05:35:18,436 - debug - DEBUG - many_acc=0.6717, median_acc=0.4183, low_acc=0.1593
2026-07-27 05:35:18,591 - debug - DEBUG - train_data is not Subset, type=<class 'imbalanceddl.dataset.imbalance_cifar.IMBALANCECIFAR100'>
2026-07-27 05:35:18,597 - debug - DEBUG - unique_labels (first 10): [0 1 2 3 4 5 6 7 8 9]
2026-07-27 05:35:18,597 - debug - DEBUG - train_class_count (first 10): [500, 477, 455, 434, 415, 396, 378, 361, 344, 328]
2026-07-27 05:35:18,597 - debug - DEBUG - test_class_count (first 10): [100, 100, 100, 100, 100, 100, 100, 100, 100, 100]
2026-07-27 05:35:18,597 - debug - DEBUG - per-class accuracy (first 10): [0.88, 0.89, 0.66, 0.67, 0.66, 0.8, 0.82, 0.8, 0.86, 0.84]
2026-07-27 05:35:18,597 - debug - DEBUG - many_shot_thr=100, low_shot_thr=20
2026-07-27 05:35:18,597 - debug - DEBUG - many_shot classes (first 10 indices): [0, 1, 2, 3, 4, 5, 6, 7, 8, 9] count=35
2026-07-27 05:35:18,597 - debug - DEBUG - median_shot classes (first 10 indices): [35, 36, 37, 38, 39, 40, 41, 42, 43, 44] count=35
2026-07-27 05:35:18,597 - debug - DEBUG - low_shot classes (first 10 indices): [70, 71, 72, 73, 74, 75, 76, 77, 78, 79] count=30
2026-07-27 05:35:18,597 - debug - DEBUG - many_shot acc (first 10): [0.88, 0.89, 0.66, 0.67, 0.66, 0.8, 0.82, 0.8, 0.86, 0.84]
2026-07-27 05:35:18,598 - debug - DEBUG - median_shot acc (first 10): [0.26, 0.66, 0.53, 0.36, 0.64, 0.37, 0.68, 0.64, 0.65, 0.2]
2026-07-27 05:35:18,598 - debug - DEBUG - low_shot acc (first 10): [0.18, 0.28, 0.04, 0.22, 0.08, 0.32, 0.51, 0.09, 0.14, 0.23]
2026-07-27 05:35:18,598 - debug - DEBUG - many_acc=0.6697, median_acc=0.4343, low_acc=0.1947
2026-07-27 05:35:18,756 - debug - DEBUG - train_data is not Subset, type=<class 'imbalanceddl.dataset.imbalance_cifar.IMBALANCECIFAR100'>
2026-07-27 05:35:18,763 - debug - DEBUG - unique_labels (first 10): [0 1 2 3 4 5 6 7 8 9]
2026-07-27 05:35:18,763 - debug - DEBUG - train_class_count (first 10): [500, 477, 455, 434, 415, 396, 378, 361, 344, 328]
2026-07-27 05:35:18,763 - debug - DEBUG - test_class_count (first 10): [100, 100, 100, 100, 100, 100, 100, 100, 100, 100]
2026-07-27 05:35:18,763 - debug - DEBUG - per-class accuracy (first 10): [0.93, 0.89, 0.69, 0.7, 0.65, 0.83, 0.82, 0.8, 0.88, 0.83]
2026-07-27 05:35:18,763 - debug - DEBUG - many_shot_thr=100, low_shot_thr=20
2026-07-27 05:35:18,763 - debug - DEBUG - many_shot classes (first 10 indices): [0, 1, 2, 3, 4, 5, 6, 7, 8, 9] count=35
2026-07-27 05:35:18,763 - debug - DEBUG - median_shot classes (first 10 indices): [35, 36, 37, 38, 39, 40, 41, 42, 43, 44] count=35
2026-07-27 05:35:18,763 - debug - DEBUG - low_shot classes (first 10 indices): [70, 71, 72, 73, 74, 75, 76, 77, 78, 79] count=30
2026-07-27 05:35:18,763 - debug - DEBUG - many_shot acc (first 10): [0.93, 0.89, 0.69, 0.7, 0.65, 0.83, 0.82, 0.8, 0.88, 0.83]
2026-07-27 05:35:18,763 - debug - DEBUG - median_shot acc (first 10): [0.23, 0.6, 0.47, 0.34, 0.62, 0.36, 0.66, 0.63, 0.62, 0.18]
2026-07-27 05:35:18,763 - debug - DEBUG - low_shot acc (first 10): [0.17, 0.23, 0.03, 0.19, 0.07, 0.32, 0.45, 0.07, 0.14, 0.11]
2026-07-27 05:35:18,763 - debug - DEBUG - many_acc=0.6729, median_acc=0.4089, low_acc=0.1497
2026-07-27 05:35:18,919 - debug - DEBUG - train_data is not Subset, type=<class 'imbalanceddl.dataset.imbalance_cifar.IMBALANCECIFAR100'>
2026-07-27 05:35:18,926 - debug - DEBUG - unique_labels (first 10): [0 1 2 3 4 5 6 7 8 9]
2026-07-27 05:35:18,926 - debug - DEBUG - train_class_count (first 10): [500, 477, 455, 434, 415, 396, 378, 361, 344, 328]
2026-07-27 05:35:18,926 - debug - DEBUG - test_class_count (first 10): [100, 100, 100, 100, 100, 100, 100, 100, 100, 100]
2026-07-27 05:35:18,926 - debug - DEBUG - per-class accuracy (first 10): [0.93, 0.89, 0.68, 0.69, 0.65, 0.83, 0.82, 0.8, 0.87, 0.83]
2026-07-27 05:35:18,926 - debug - DEBUG - many_shot_thr=100, low_shot_thr=20
2026-07-27 05:35:18,926 - debug - DEBUG - many_shot classes (first 10 indices): [0, 1, 2, 3, 4, 5, 6, 7, 8, 9] count=35
2026-07-27 05:35:18,926 - debug - DEBUG - median_shot classes (first 10 indices): [35, 36, 37, 38, 39, 40, 41, 42, 43, 44] count=35
2026-07-27 05:35:18,926 - debug - DEBUG - low_shot classes (first 10 indices): [70, 71, 72, 73, 74, 75, 76, 77, 78, 79] count=30
2026-07-27 05:35:18,926 - debug - DEBUG - many_shot acc (first 10): [0.93, 0.89, 0.68, 0.69, 0.65, 0.83, 0.82, 0.8, 0.87, 0.83]
2026-07-27 05:35:18,926 - debug - DEBUG - median_shot acc (first 10): [0.24, 0.64, 0.53, 0.37, 0.66, 0.36, 0.66, 0.64, 0.62, 0.19]
2026-07-27 05:35:18,926 - debug - DEBUG - low_shot acc (first 10): [0.18, 0.25, 0.03, 0.22, 0.08, 0.31, 0.47, 0.09, 0.14, 0.13]
2026-07-27 05:35:18,926 - debug - DEBUG - many_acc=0.6760, median_acc=0.4254, low_acc=0.1707
2026-07-27 05:35:19,114 - debug - DEBUG - train_data is not Subset, type=<class 'imbalanceddl.dataset.imbalance_cifar.IMBALANCECIFAR100'>
2026-07-27 05:35:19,121 - debug - DEBUG - unique_labels (first 10): [0 1 2 3 4 5 6 7 8 9]
2026-07-27 05:35:19,121 - debug - DEBUG - train_class_count (first 10): [500, 477, 455, 434, 415, 396, 378, 361, 344, 328]
2026-07-27 05:35:19,121 - debug - DEBUG - test_class_count (first 10): [100, 100, 100, 100, 100, 100, 100, 100, 100, 100]
2026-07-27 05:35:19,121 - debug - DEBUG - per-class accuracy (first 10): [0.93, 0.89, 0.66, 0.68, 0.64, 0.82, 0.81, 0.82, 0.86, 0.84]
2026-07-27 05:35:19,121 - debug - DEBUG - many_shot_thr=100, low_shot_thr=20
2026-07-27 05:35:19,121 - debug - DEBUG - many_shot classes (first 10 indices): [0, 1, 2, 3, 4, 5, 6, 7, 8, 9] count=35
2026-07-27 05:35:19,121 - debug - DEBUG - median_shot classes (first 10 indices): [35, 36, 37, 38, 39, 40, 41, 42, 43, 44] count=35
2026-07-27 05:35:19,121 - debug - DEBUG - low_shot classes (first 10 indices): [70, 71, 72, 73, 74, 75, 76, 77, 78, 79] count=30
2026-07-27 05:35:19,121 - debug - DEBUG - many_shot acc (first 10): [0.93, 0.89, 0.66, 0.68, 0.64, 0.82, 0.81, 0.82, 0.86, 0.84]
2026-07-27 05:35:19,121 - debug - DEBUG - median_shot acc (first 10): [0.27, 0.64, 0.5, 0.35, 0.63, 0.36, 0.68, 0.64, 0.62, 0.2]
2026-07-27 05:35:19,122 - debug - DEBUG - low_shot acc (first 10): [0.19, 0.24, 0.06, 0.22, 0.08, 0.33, 0.45, 0.09, 0.15, 0.14]
2026-07-27 05:35:19,122 - debug - DEBUG - many_acc=0.6754, median_acc=0.4309, low_acc=0.1770
2026-07-27 05:35:19,288 - debug - DEBUG - train_data is not Subset, type=<class 'imbalanceddl.dataset.imbalance_cifar.IMBALANCECIFAR100'>
2026-07-27 05:35:19,295 - debug - DEBUG - unique_labels (first 10): [0 1 2 3 4 5 6 7 8 9]
2026-07-27 05:35:19,295 - debug - DEBUG - train_class_count (first 10): [500, 477, 455, 434, 415, 396, 378, 361, 344, 328]
2026-07-27 05:35:19,295 - debug - DEBUG - test_class_count (first 10): [100, 100, 100, 100, 100, 100, 100, 100, 100, 100]
2026-07-27 05:35:19,295 - debug - DEBUG - per-class accuracy (first 10): [0.92, 0.88, 0.67, 0.67, 0.63, 0.81, 0.82, 0.81, 0.86, 0.85]
2026-07-27 05:35:19,295 - debug - DEBUG - many_shot_thr=100, low_shot_thr=20
2026-07-27 05:35:19,295 - debug - DEBUG - many_shot classes (first 10 indices): [0, 1, 2, 3, 4, 5, 6, 7, 8, 9] count=35
2026-07-27 05:35:19,295 - debug - DEBUG - median_shot classes (first 10 indices): [35, 36, 37, 38, 39, 40, 41, 42, 43, 44] count=35
2026-07-27 05:35:19,295 - debug - DEBUG - low_shot classes (first 10 indices): [70, 71, 72, 73, 74, 75, 76, 77, 78, 79] count=30
2026-07-27 05:35:19,295 - debug - DEBUG - many_shot acc (first 10): [0.92, 0.88, 0.67, 0.67, 0.63, 0.81, 0.82, 0.81, 0.86, 0.85]
2026-07-27 05:35:19,295 - debug - DEBUG - median_shot acc (first 10): [0.26, 0.66, 0.53, 0.36, 0.65, 0.35, 0.69, 0.64, 0.62, 0.19]
2026-07-27 05:35:19,295 - debug - DEBUG - low_shot acc (first 10): [0.21, 0.29, 0.05, 0.23, 0.08, 0.34, 0.52, 0.09, 0.14, 0.2]
2026-07-27 05:35:19,295 - debug - DEBUG - many_acc=0.6746, median_acc=0.4389, low_acc=0.1900
2026-07-27 05:35:19,455 - debug - DEBUG - train_data is not Subset, type=<class 'imbalanceddl.dataset.imbalance_cifar.IMBALANCECIFAR100'>
2026-07-27 05:35:19,461 - debug - DEBUG - unique_labels (first 10): [0 1 2 3 4 5 6 7 8 9]
2026-07-27 05:35:19,461 - debug - DEBUG - train_class_count (first 10): [500, 477, 455, 434, 415, 396, 378, 361, 344, 328]
2026-07-27 05:35:19,461 - debug - DEBUG - test_class_count (first 10): [100, 100, 100, 100, 100, 100, 100, 100, 100, 100]
2026-07-27 05:35:19,461 - debug - DEBUG - per-class accuracy (first 10): [0.87, 0.88, 0.65, 0.66, 0.64, 0.79, 0.82, 0.79, 0.86, 0.83]
2026-07-27 05:35:19,461 - debug - DEBUG - many_shot_thr=100, low_shot_thr=20
2026-07-27 05:35:19,461 - debug - DEBUG - many_shot classes (first 10 indices): [0, 1, 2, 3, 4, 5, 6, 7, 8, 9] count=35
2026-07-27 05:35:19,461 - debug - DEBUG - median_shot classes (first 10 indices): [35, 36, 37, 38, 39, 40, 41, 42, 43, 44] count=35
2026-07-27 05:35:19,461 - debug - DEBUG - low_shot classes (first 10 indices): [70, 71, 72, 73, 74, 75, 76, 77, 78, 79] count=30
2026-07-27 05:35:19,461 - debug - DEBUG - many_shot acc (first 10): [0.87, 0.88, 0.65, 0.66, 0.64, 0.79, 0.82, 0.79, 0.86, 0.83]
2026-07-27 05:35:19,461 - debug - DEBUG - median_shot acc (first 10): [0.24, 0.67, 0.57, 0.36, 0.64, 0.36, 0.69, 0.62, 0.61, 0.16]
2026-07-27 05:35:19,461 - debug - DEBUG - low_shot acc (first 10): [0.22, 0.34, 0.07, 0.21, 0.09, 0.36, 0.58, 0.09, 0.16, 0.28]
2026-07-27 05:35:19,461 - debug - DEBUG - many_acc=0.6640, median_acc=0.4449, low_acc=0.2330
2026-07-27 05:35:19,617 - debug - DEBUG - train_data is not Subset, type=<class 'imbalanceddl.dataset.imbalance_cifar.IMBALANCECIFAR100'>
2026-07-27 05:35:19,623 - debug - DEBUG - unique_labels (first 10): [0 1 2 3 4 5 6 7 8 9]
2026-07-27 05:35:19,623 - debug - DEBUG - train_class_count (first 10): [500, 477, 455, 434, 415, 396, 378, 361, 344, 328]
2026-07-27 05:35:19,623 - debug - DEBUG - test_class_count (first 10): [100, 100, 100, 100, 100, 100, 100, 100, 100, 100]
2026-07-27 05:35:19,623 - debug - DEBUG - per-class accuracy (first 10): [0.87, 0.88, 0.66, 0.67, 0.65, 0.82, 0.83, 0.79, 0.88, 0.84]
2026-07-27 05:35:19,623 - debug - DEBUG - many_shot_thr=100, low_shot_thr=20
2026-07-27 05:35:19,623 - debug - DEBUG - many_shot classes (first 10 indices): [0, 1, 2, 3, 4, 5, 6, 7, 8, 9] count=35
2026-07-27 05:35:19,623 - debug - DEBUG - median_shot classes (first 10 indices): [35, 36, 37, 38, 39, 40, 41, 42, 43, 44] count=35
2026-07-27 05:35:19,623 - debug - DEBUG - low_shot classes (first 10 indices): [70, 71, 72, 73, 74, 75, 76, 77, 78, 79] count=30
2026-07-27 05:35:19,623 - debug - DEBUG - many_shot acc (first 10): [0.87, 0.88, 0.66, 0.67, 0.65, 0.82, 0.83, 0.79, 0.88, 0.84]
2026-07-27 05:35:19,623 - debug - DEBUG - median_shot acc (first 10): [0.19, 0.67, 0.54, 0.35, 0.65, 0.37, 0.68, 0.63, 0.62, 0.19]
2026-07-27 05:35:19,623 - debug - DEBUG - low_shot acc (first 10): [0.22, 0.31, 0.06, 0.23, 0.07, 0.33, 0.54, 0.09, 0.14, 0.23]
2026-07-27 05:35:19,624 - debug - DEBUG - many_acc=0.6689, median_acc=0.4340, low_acc=0.2113
2026-07-27 05:35:19,797 - debug - DEBUG - train_data is not Subset, type=<class 'imbalanceddl.dataset.imbalance_cifar.IMBALANCECIFAR100'>
2026-07-27 05:35:19,803 - debug - DEBUG - unique_labels (first 10): [0 1 2 3 4 5 6 7 8 9]
2026-07-27 05:35:19,803 - debug - DEBUG - train_class_count (first 10): [500, 477, 455, 434, 415, 396, 378, 361, 344, 328]
2026-07-27 05:35:19,803 - debug - DEBUG - test_class_count (first 10): [100, 100, 100, 100, 100, 100, 100, 100, 100, 100]
2026-07-27 05:35:19,803 - debug - DEBUG - per-class accuracy (first 10): [0.9, 0.89, 0.67, 0.66, 0.65, 0.83, 0.83, 0.8, 0.86, 0.84]
2026-07-27 05:35:19,803 - debug - DEBUG - many_shot_thr=100, low_shot_thr=20
2026-07-27 05:35:19,803 - debug - DEBUG - many_shot classes (first 10 indices): [0, 1, 2, 3, 4, 5, 6, 7, 8, 9] count=35
2026-07-27 05:35:19,803 - debug - DEBUG - median_shot classes (first 10 indices): [35, 36, 37, 38, 39, 40, 41, 42, 43, 44] count=35
2026-07-27 05:35:19,803 - debug - DEBUG - low_shot classes (first 10 indices): [70, 71, 72, 73, 74, 75, 76, 77, 78, 79] count=30
2026-07-27 05:35:19,803 - debug - DEBUG - many_shot acc (first 10): [0.9, 0.89, 0.67, 0.66, 0.65, 0.83, 0.83, 0.8, 0.86, 0.84]
2026-07-27 05:35:19,803 - debug - DEBUG - median_shot acc (first 10): [0.24, 0.65, 0.52, 0.34, 0.67, 0.37, 0.69, 0.63, 0.61, 0.18]
2026-07-27 05:35:19,803 - debug - DEBUG - low_shot acc (first 10): [0.2, 0.23, 0.07, 0.22, 0.08, 0.33, 0.48, 0.09, 0.13, 0.17]
2026-07-27 05:35:19,803 - debug - DEBUG - many_acc=0.6697, median_acc=0.4309, low_acc=0.1823
2026-07-27 05:35:19,983 - debug - DEBUG - train_data is not Subset, type=<class 'imbalanceddl.dataset.imbalance_cifar.IMBALANCECIFAR100'>
2026-07-27 05:35:19,988 - debug - DEBUG - unique_labels (first 10): [0 1 2 3 4 5 6 7 8 9]
2026-07-27 05:35:19,989 - debug - DEBUG - train_class_count (first 10): [500, 477, 455, 434, 415, 396, 378, 361, 344, 328]
2026-07-27 05:35:19,989 - debug - DEBUG - test_class_count (first 10): [100, 100, 100, 100, 100, 100, 100, 100, 100, 100]
2026-07-27 05:35:19,989 - debug - DEBUG - per-class accuracy (first 10): [0.88, 0.88, 0.68, 0.67, 0.65, 0.83, 0.82, 0.78, 0.87, 0.83]
2026-07-27 05:35:19,989 - debug - DEBUG - many_shot_thr=100, low_shot_thr=20
2026-07-27 05:35:19,989 - debug - DEBUG - many_shot classes (first 10 indices): [0, 1, 2, 3, 4, 5, 6, 7, 8, 9] count=35
2026-07-27 05:35:19,989 - debug - DEBUG - median_shot classes (first 10 indices): [35, 36, 37, 38, 39, 40, 41, 42, 43, 44] count=35
2026-07-27 05:35:19,989 - debug - DEBUG - low_shot classes (first 10 indices): [70, 71, 72, 73, 74, 75, 76, 77, 78, 79] count=30
2026-07-27 05:35:19,989 - debug - DEBUG - many_shot acc (first 10): [0.88, 0.88, 0.68, 0.67, 0.65, 0.83, 0.82, 0.78, 0.87, 0.83]
2026-07-27 05:35:19,989 - debug - DEBUG - median_shot acc (first 10): [0.21, 0.67, 0.54, 0.37, 0.65, 0.37, 0.68, 0.62, 0.6, 0.18]
2026-07-27 05:35:19,989 - debug - DEBUG - low_shot acc (first 10): [0.19, 0.32, 0.07, 0.22, 0.08, 0.33, 0.54, 0.09, 0.15, 0.24]
2026-07-27 05:35:19,989 - debug - DEBUG - many_acc=0.6683, median_acc=0.4357, low_acc=0.2123
2026-07-27 05:35:20,171 - debug - DEBUG - train_data is not Subset, type=<class 'imbalanceddl.dataset.imbalance_cifar.IMBALANCECIFAR100'>
2026-07-27 05:35:20,177 - debug - DEBUG - unique_labels (first 10): [0 1 2 3 4 5 6 7 8 9]
2026-07-27 05:35:20,178 - debug - DEBUG - train_class_count (first 10): [500, 477, 455, 434, 415, 396, 378, 361, 344, 328]
2026-07-27 05:35:20,178 - debug - DEBUG - test_class_count (first 10): [100, 100, 100, 100, 100, 100, 100, 100, 100, 100]
2026-07-27 05:35:20,178 - debug - DEBUG - per-class accuracy (first 10): [0.88, 0.88, 0.67, 0.67, 0.64, 0.82, 0.83, 0.78, 0.87, 0.83]
2026-07-27 05:35:20,178 - debug - DEBUG - many_shot_thr=100, low_shot_thr=20
2026-07-27 05:35:20,178 - debug - DEBUG - many_shot classes (first 10 indices): [0, 1, 2, 3, 4, 5, 6, 7, 8, 9] count=35
2026-07-27 05:35:20,178 - debug - DEBUG - median_shot classes (first 10 indices): [35, 36, 37, 38, 39, 40, 41, 42, 43, 44] count=35
2026-07-27 05:35:20,178 - debug - DEBUG - low_shot classes (first 10 indices): [70, 71, 72, 73, 74, 75, 76, 77, 78, 79] count=30
2026-07-27 05:35:20,178 - debug - DEBUG - many_shot acc (first 10): [0.88, 0.88, 0.67, 0.67, 0.64, 0.82, 0.83, 0.78, 0.87, 0.83]
2026-07-27 05:35:20,178 - debug - DEBUG - median_shot acc (first 10): [0.2, 0.67, 0.56, 0.35, 0.65, 0.36, 0.68, 0.62, 0.6, 0.19]
2026-07-27 05:35:20,178 - debug - DEBUG - low_shot acc (first 10): [0.21, 0.32, 0.07, 0.22, 0.07, 0.33, 0.54, 0.09, 0.15, 0.25]
2026-07-27 05:35:20,178 - debug - DEBUG - many_acc=0.6677, median_acc=0.4351, low_acc=0.2143
2026-07-27 05:35:20,363 - debug - DEBUG - train_data is not Subset, type=<class 'imbalanceddl.dataset.imbalance_cifar.IMBALANCECIFAR100'>
2026-07-27 05:35:20,370 - debug - DEBUG - unique_labels (first 10): [0 1 2 3 4 5 6 7 8 9]
2026-07-27 05:35:20,370 - debug - DEBUG - train_class_count (first 10): [500, 477, 455, 434, 415, 396, 378, 361, 344, 328]
2026-07-27 05:35:20,370 - debug - DEBUG - test_class_count (first 10): [100, 100, 100, 100, 100, 100, 100, 100, 100, 100]
2026-07-27 05:35:20,370 - debug - DEBUG - per-class accuracy (first 10): [0.88, 0.88, 0.67, 0.67, 0.66, 0.82, 0.83, 0.78, 0.88, 0.83]
2026-07-27 05:35:20,370 - debug - DEBUG - many_shot_thr=100, low_shot_thr=20
2026-07-27 05:35:20,370 - debug - DEBUG - many_shot classes (first 10 indices): [0, 1, 2, 3, 4, 5, 6, 7, 8, 9] count=35
2026-07-27 05:35:20,370 - debug - DEBUG - median_shot classes (first 10 indices): [35, 36, 37, 38, 39, 40, 41, 42, 43, 44] count=35
2026-07-27 05:35:20,370 - debug - DEBUG - low_shot classes (first 10 indices): [70, 71, 72, 73, 74, 75, 76, 77, 78, 79] count=30
2026-07-27 05:35:20,370 - debug - DEBUG - many_shot acc (first 10): [0.88, 0.88, 0.67, 0.67, 0.66, 0.82, 0.83, 0.78, 0.88, 0.83]
2026-07-27 05:35:20,370 - debug - DEBUG - median_shot acc (first 10): [0.2, 0.67, 0.55, 0.35, 0.65, 0.36, 0.68, 0.63, 0.61, 0.19]
2026-07-27 05:35:20,370 - debug - DEBUG - low_shot acc (first 10): [0.21, 0.33, 0.07, 0.22, 0.07, 0.33, 0.54, 0.09, 0.15, 0.24]
2026-07-27 05:35:20,371 - debug - DEBUG - many_acc=0.6697, median_acc=0.4357, low_acc=0.2140
2026-07-27 05:35:20,548 - debug - DEBUG - train_data is not Subset, type=<class 'imbalanceddl.dataset.imbalance_cifar.IMBALANCECIFAR100'>
2026-07-27 05:35:20,555 - debug - DEBUG - unique_labels (first 10): [0 1 2 3 4 5 6 7 8 9]
2026-07-27 05:35:20,555 - debug - DEBUG - train_class_count (first 10): [500, 477, 455, 434, 415, 396, 378, 361, 344, 328]
2026-07-27 05:35:20,555 - debug - DEBUG - test_class_count (first 10): [100, 100, 100, 100, 100, 100, 100, 100, 100, 100]
2026-07-27 05:35:20,555 - debug - DEBUG - per-class accuracy (first 10): [0.88, 0.87, 0.67, 0.66, 0.66, 0.81, 0.82, 0.79, 0.86, 0.83]
2026-07-27 05:35:20,555 - debug - DEBUG - many_shot_thr=100, low_shot_thr=20
2026-07-27 05:35:20,555 - debug - DEBUG - many_shot classes (first 10 indices): [0, 1, 2, 3, 4, 5, 6, 7, 8, 9] count=35
2026-07-27 05:35:20,555 - debug - DEBUG - median_shot classes (first 10 indices): [35, 36, 37, 38, 39, 40, 41, 42, 43, 44] count=35
2026-07-27 05:35:20,555 - debug - DEBUG - low_shot classes (first 10 indices): [70, 71, 72, 73, 74, 75, 76, 77, 78, 79] count=30
2026-07-27 05:35:20,556 - debug - DEBUG - many_shot acc (first 10): [0.88, 0.87, 0.67, 0.66, 0.66, 0.81, 0.82, 0.79, 0.86, 0.83]
2026-07-27 05:35:20,556 - debug - DEBUG - median_shot acc (first 10): [0.28, 0.69, 0.55, 0.36, 0.65, 0.36, 0.68, 0.6, 0.59, 0.17]
2026-07-27 05:35:20,556 - debug - DEBUG - low_shot acc (first 10): [0.18, 0.32, 0.07, 0.23, 0.08, 0.35, 0.57, 0.1, 0.15, 0.24]
2026-07-27 05:35:20,556 - debug - DEBUG - many_acc=0.6671, median_acc=0.4423, low_acc=0.2183
2026-07-27 05:35:20,749 - debug - DEBUG - train_data is not Subset, type=<class 'imbalanceddl.dataset.imbalance_cifar.IMBALANCECIFAR100'>
2026-07-27 05:35:20,755 - debug - DEBUG - unique_labels (first 10): [0 1 2 3 4 5 6 7 8 9]
2026-07-27 05:35:20,755 - debug - DEBUG - train_class_count (first 10): [500, 477, 455, 434, 415, 396, 378, 361, 344, 328]
2026-07-27 05:35:20,756 - debug - DEBUG - test_class_count (first 10): [100, 100, 100, 100, 100, 100, 100, 100, 100, 100]
2026-07-27 05:35:20,756 - debug - DEBUG - per-class accuracy (first 10): [0.88, 0.88, 0.67, 0.67, 0.64, 0.83, 0.83, 0.78, 0.88, 0.83]
2026-07-27 05:35:20,756 - debug - DEBUG - many_shot_thr=100, low_shot_thr=20
2026-07-27 05:35:20,756 - debug - DEBUG - many_shot classes (first 10 indices): [0, 1, 2, 3, 4, 5, 6, 7, 8, 9] count=35
2026-07-27 05:35:20,756 - debug - DEBUG - median_shot classes (first 10 indices): [35, 36, 37, 38, 39, 40, 41, 42, 43, 44] count=35
2026-07-27 05:35:20,756 - debug - DEBUG - low_shot classes (first 10 indices): [70, 71, 72, 73, 74, 75, 76, 77, 78, 79] count=30
2026-07-27 05:35:20,756 - debug - DEBUG - many_shot acc (first 10): [0.88, 0.88, 0.67, 0.67, 0.64, 0.83, 0.83, 0.78, 0.88, 0.83]
2026-07-27 05:35:20,756 - debug - DEBUG - median_shot acc (first 10): [0.21, 0.67, 0.54, 0.36, 0.65, 0.37, 0.68, 0.62, 0.6, 0.18]
2026-07-27 05:35:20,756 - debug - DEBUG - low_shot acc (first 10): [0.2, 0.32, 0.07, 0.21, 0.07, 0.35, 0.54, 0.09, 0.15, 0.24]
2026-07-27 05:35:20,756 - debug - DEBUG - many_acc=0.6694, median_acc=0.4340, low_acc=0.2113
