2026-07-27 11:54:27,252 - debug - DEBUG - train_data is not Subset, type=<class 'imbalanceddl.dataset.imbalance_cifar.IMBALANCECIFAR100'>
2026-07-27 11:54:27,258 - debug - DEBUG - unique_labels (first 10): [0 1 2 3 4 5 6 7 8 9]
2026-07-27 11:54:27,258 - debug - DEBUG - train_class_count (first 10): [500, 477, 455, 434, 415, 396, 378, 361, 344, 328]
2026-07-27 11:54:27,258 - debug - DEBUG - test_class_count (first 10): [100, 100, 100, 100, 100, 100, 100, 100, 100, 100]
2026-07-27 11:54:27,258 - debug - DEBUG - per-class accuracy (first 10): [0.9, 0.91, 0.64, 0.57, 0.74, 0.81, 0.81, 0.73, 0.84, 0.77]
2026-07-27 11:54:27,258 - debug - DEBUG - many_shot_thr=100, low_shot_thr=20
2026-07-27 11:54:27,258 - debug - DEBUG - many_shot classes (first 10 indices): [0, 1, 2, 3, 4, 5, 6, 7, 8, 9] count=35
2026-07-27 11:54:27,258 - debug - DEBUG - median_shot classes (first 10 indices): [35, 36, 37, 38, 39, 40, 41, 42, 43, 44] count=35
2026-07-27 11:54:27,258 - debug - DEBUG - low_shot classes (first 10 indices): [70, 71, 72, 73, 74, 75, 76, 77, 78, 79] count=30
2026-07-27 11:54:27,258 - debug - DEBUG - many_shot acc (first 10): [0.9, 0.91, 0.64, 0.57, 0.74, 0.81, 0.81, 0.73, 0.84, 0.77]
2026-07-27 11:54:27,258 - debug - DEBUG - median_shot acc (first 10): [0.24, 0.63, 0.55, 0.34, 0.57, 0.45, 0.74, 0.57, 0.63, 0.22]
2026-07-27 11:54:27,258 - debug - DEBUG - low_shot acc (first 10): [0.27, 0.31, 0.06, 0.22, 0.17, 0.55, 0.58, 0.12, 0.2, 0.23]
2026-07-27 11:54:27,258 - debug - DEBUG - many_acc=0.6717, median_acc=0.4626, low_acc=0.2580
2026-07-27 11:54:27,537 - debug - DEBUG - train_data is not Subset, type=<class 'imbalanceddl.dataset.imbalance_cifar.IMBALANCECIFAR100'>
2026-07-27 11:54:27,543 - debug - DEBUG - unique_labels (first 10): [0 1 2 3 4 5 6 7 8 9]
2026-07-27 11:54:27,543 - debug - DEBUG - train_class_count (first 10): [500, 477, 455, 434, 415, 396, 378, 361, 344, 328]
2026-07-27 11:54:27,543 - debug - DEBUG - test_class_count (first 10): [100, 100, 100, 100, 100, 100, 100, 100, 100, 100]
2026-07-27 11:54:27,543 - debug - DEBUG - per-class accuracy (first 10): [0.92, 0.93, 0.63, 0.58, 0.8, 0.81, 0.83, 0.75, 0.83, 0.79]
2026-07-27 11:54:27,543 - debug - DEBUG - many_shot_thr=100, low_shot_thr=20
2026-07-27 11:54:27,543 - debug - DEBUG - many_shot classes (first 10 indices): [0, 1, 2, 3, 4, 5, 6, 7, 8, 9] count=35
2026-07-27 11:54:27,543 - debug - DEBUG - median_shot classes (first 10 indices): [35, 36, 37, 38, 39, 40, 41, 42, 43, 44] count=35
2026-07-27 11:54:27,543 - debug - DEBUG - low_shot classes (first 10 indices): [70, 71, 72, 73, 74, 75, 76, 77, 78, 79] count=30
2026-07-27 11:54:27,543 - debug - DEBUG - many_shot acc (first 10): [0.92, 0.93, 0.63, 0.58, 0.8, 0.81, 0.83, 0.75, 0.83, 0.79]
2026-07-27 11:54:27,543 - debug - DEBUG - median_shot acc (first 10): [0.19, 0.52, 0.49, 0.31, 0.57, 0.42, 0.77, 0.5, 0.56, 0.21]
2026-07-27 11:54:27,543 - debug - DEBUG - low_shot acc (first 10): [0.2, 0.2, 0.04, 0.14, 0.11, 0.42, 0.46, 0.03, 0.15, 0.13]
2026-07-27 11:54:27,544 - debug - DEBUG - many_acc=0.6774, median_acc=0.4186, low_acc=0.1277
2026-07-27 11:54:27,732 - debug - DEBUG - train_data is not Subset, type=<class 'imbalanceddl.dataset.imbalance_cifar.IMBALANCECIFAR100'>
2026-07-27 11:54:27,738 - debug - DEBUG - unique_labels (first 10): [0 1 2 3 4 5 6 7 8 9]
2026-07-27 11:54:27,738 - debug - DEBUG - train_class_count (first 10): [500, 477, 455, 434, 415, 396, 378, 361, 344, 328]
2026-07-27 11:54:27,738 - debug - DEBUG - test_class_count (first 10): [100, 100, 100, 100, 100, 100, 100, 100, 100, 100]
2026-07-27 11:54:27,738 - debug - DEBUG - per-class accuracy (first 10): [0.92, 0.93, 0.63, 0.58, 0.8, 0.81, 0.83, 0.75, 0.83, 0.79]
2026-07-27 11:54:27,738 - debug - DEBUG - many_shot_thr=100, low_shot_thr=20
2026-07-27 11:54:27,738 - debug - DEBUG - many_shot classes (first 10 indices): [0, 1, 2, 3, 4, 5, 6, 7, 8, 9] count=35
2026-07-27 11:54:27,738 - debug - DEBUG - median_shot classes (first 10 indices): [35, 36, 37, 38, 39, 40, 41, 42, 43, 44] count=35
2026-07-27 11:54:27,738 - debug - DEBUG - low_shot classes (first 10 indices): [70, 71, 72, 73, 74, 75, 76, 77, 78, 79] count=30
2026-07-27 11:54:27,738 - debug - DEBUG - many_shot acc (first 10): [0.92, 0.93, 0.63, 0.58, 0.8, 0.81, 0.83, 0.75, 0.83, 0.79]
2026-07-27 11:54:27,739 - debug - DEBUG - median_shot acc (first 10): [0.19, 0.5, 0.48, 0.31, 0.55, 0.42, 0.76, 0.51, 0.56, 0.21]
2026-07-27 11:54:27,739 - debug - DEBUG - low_shot acc (first 10): [0.2, 0.18, 0.04, 0.13, 0.1, 0.43, 0.45, 0.03, 0.14, 0.12]
2026-07-27 11:54:27,739 - debug - DEBUG - many_acc=0.6777, median_acc=0.4137, low_acc=0.1213
2026-07-27 11:54:27,897 - debug - DEBUG - train_data is not Subset, type=<class 'imbalanceddl.dataset.imbalance_cifar.IMBALANCECIFAR100'>
2026-07-27 11:54:27,903 - debug - DEBUG - unique_labels (first 10): [0 1 2 3 4 5 6 7 8 9]
2026-07-27 11:54:27,903 - debug - DEBUG - train_class_count (first 10): [500, 477, 455, 434, 415, 396, 378, 361, 344, 328]
2026-07-27 11:54:27,903 - debug - DEBUG - test_class_count (first 10): [100, 100, 100, 100, 100, 100, 100, 100, 100, 100]
2026-07-27 11:54:27,903 - debug - DEBUG - per-class accuracy (first 10): [0.91, 0.92, 0.63, 0.55, 0.79, 0.82, 0.82, 0.74, 0.84, 0.79]
2026-07-27 11:54:27,903 - debug - DEBUG - many_shot_thr=100, low_shot_thr=20
2026-07-27 11:54:27,903 - debug - DEBUG - many_shot classes (first 10 indices): [0, 1, 2, 3, 4, 5, 6, 7, 8, 9] count=35
2026-07-27 11:54:27,903 - debug - DEBUG - median_shot classes (first 10 indices): [35, 36, 37, 38, 39, 40, 41, 42, 43, 44] count=35
2026-07-27 11:54:27,903 - debug - DEBUG - low_shot classes (first 10 indices): [70, 71, 72, 73, 74, 75, 76, 77, 78, 79] count=30
2026-07-27 11:54:27,903 - debug - DEBUG - many_shot acc (first 10): [0.91, 0.92, 0.63, 0.55, 0.79, 0.82, 0.82, 0.74, 0.84, 0.79]
2026-07-27 11:54:27,903 - debug - DEBUG - median_shot acc (first 10): [0.19, 0.55, 0.5, 0.33, 0.56, 0.43, 0.75, 0.5, 0.57, 0.22]
2026-07-27 11:54:27,903 - debug - DEBUG - low_shot acc (first 10): [0.21, 0.22, 0.04, 0.14, 0.11, 0.47, 0.47, 0.04, 0.16, 0.14]
2026-07-27 11:54:27,903 - debug - DEBUG - many_acc=0.6751, median_acc=0.4229, low_acc=0.1397
2026-07-27 11:54:28,062 - debug - DEBUG - train_data is not Subset, type=<class 'imbalanceddl.dataset.imbalance_cifar.IMBALANCECIFAR100'>
2026-07-27 11:54:28,068 - debug - DEBUG - unique_labels (first 10): [0 1 2 3 4 5 6 7 8 9]
2026-07-27 11:54:28,068 - debug - DEBUG - train_class_count (first 10): [500, 477, 455, 434, 415, 396, 378, 361, 344, 328]
2026-07-27 11:54:28,068 - debug - DEBUG - test_class_count (first 10): [100, 100, 100, 100, 100, 100, 100, 100, 100, 100]
2026-07-27 11:54:28,068 - debug - DEBUG - per-class accuracy (first 10): [0.91, 0.91, 0.64, 0.56, 0.79, 0.83, 0.81, 0.75, 0.84, 0.8]
2026-07-27 11:54:28,068 - debug - DEBUG - many_shot_thr=100, low_shot_thr=20
2026-07-27 11:54:28,068 - debug - DEBUG - many_shot classes (first 10 indices): [0, 1, 2, 3, 4, 5, 6, 7, 8, 9] count=35
2026-07-27 11:54:28,068 - debug - DEBUG - median_shot classes (first 10 indices): [35, 36, 37, 38, 39, 40, 41, 42, 43, 44] count=35
2026-07-27 11:54:28,068 - debug - DEBUG - low_shot classes (first 10 indices): [70, 71, 72, 73, 74, 75, 76, 77, 78, 79] count=30
2026-07-27 11:54:28,068 - debug - DEBUG - many_shot acc (first 10): [0.91, 0.91, 0.64, 0.56, 0.79, 0.83, 0.81, 0.75, 0.84, 0.8]
2026-07-27 11:54:28,068 - debug - DEBUG - median_shot acc (first 10): [0.23, 0.57, 0.49, 0.35, 0.58, 0.44, 0.76, 0.5, 0.56, 0.22]
2026-07-27 11:54:28,068 - debug - DEBUG - low_shot acc (first 10): [0.25, 0.23, 0.06, 0.17, 0.11, 0.48, 0.51, 0.05, 0.18, 0.19]
2026-07-27 11:54:28,068 - debug - DEBUG - many_acc=0.6777, median_acc=0.4343, low_acc=0.1590
2026-07-27 11:54:28,233 - debug - DEBUG - train_data is not Subset, type=<class 'imbalanceddl.dataset.imbalance_cifar.IMBALANCECIFAR100'>
2026-07-27 11:54:28,238 - debug - DEBUG - unique_labels (first 10): [0 1 2 3 4 5 6 7 8 9]
2026-07-27 11:54:28,239 - debug - DEBUG - train_class_count (first 10): [500, 477, 455, 434, 415, 396, 378, 361, 344, 328]
2026-07-27 11:54:28,239 - debug - DEBUG - test_class_count (first 10): [100, 100, 100, 100, 100, 100, 100, 100, 100, 100]
2026-07-27 11:54:28,239 - debug - DEBUG - per-class accuracy (first 10): [0.91, 0.91, 0.64, 0.57, 0.79, 0.83, 0.83, 0.75, 0.84, 0.8]
2026-07-27 11:54:28,239 - debug - DEBUG - many_shot_thr=100, low_shot_thr=20
2026-07-27 11:54:28,239 - debug - DEBUG - many_shot classes (first 10 indices): [0, 1, 2, 3, 4, 5, 6, 7, 8, 9] count=35
2026-07-27 11:54:28,239 - debug - DEBUG - median_shot classes (first 10 indices): [35, 36, 37, 38, 39, 40, 41, 42, 43, 44] count=35
2026-07-27 11:54:28,239 - debug - DEBUG - low_shot classes (first 10 indices): [70, 71, 72, 73, 74, 75, 76, 77, 78, 79] count=30
2026-07-27 11:54:28,239 - debug - DEBUG - many_shot acc (first 10): [0.91, 0.91, 0.64, 0.57, 0.79, 0.83, 0.83, 0.75, 0.84, 0.8]
2026-07-27 11:54:28,239 - debug - DEBUG - median_shot acc (first 10): [0.19, 0.55, 0.49, 0.34, 0.58, 0.43, 0.76, 0.5, 0.56, 0.23]
2026-07-27 11:54:28,239 - debug - DEBUG - low_shot acc (first 10): [0.22, 0.2, 0.04, 0.15, 0.12, 0.44, 0.48, 0.03, 0.17, 0.14]
2026-07-27 11:54:28,239 - debug - DEBUG - many_acc=0.6786, median_acc=0.4254, low_acc=0.1413
2026-07-27 11:54:28,398 - debug - DEBUG - train_data is not Subset, type=<class 'imbalanceddl.dataset.imbalance_cifar.IMBALANCECIFAR100'>
2026-07-27 11:54:28,403 - debug - DEBUG - unique_labels (first 10): [0 1 2 3 4 5 6 7 8 9]
2026-07-27 11:54:28,403 - debug - DEBUG - train_class_count (first 10): [500, 477, 455, 434, 415, 396, 378, 361, 344, 328]
2026-07-27 11:54:28,403 - debug - DEBUG - test_class_count (first 10): [100, 100, 100, 100, 100, 100, 100, 100, 100, 100]
2026-07-27 11:54:28,403 - debug - DEBUG - per-class accuracy (first 10): [0.91, 0.91, 0.64, 0.57, 0.78, 0.84, 0.81, 0.75, 0.84, 0.8]
2026-07-27 11:54:28,403 - debug - DEBUG - many_shot_thr=100, low_shot_thr=20
2026-07-27 11:54:28,403 - debug - DEBUG - many_shot classes (first 10 indices): [0, 1, 2, 3, 4, 5, 6, 7, 8, 9] count=35
2026-07-27 11:54:28,403 - debug - DEBUG - median_shot classes (first 10 indices): [35, 36, 37, 38, 39, 40, 41, 42, 43, 44] count=35
2026-07-27 11:54:28,404 - debug - DEBUG - low_shot classes (first 10 indices): [70, 71, 72, 73, 74, 75, 76, 77, 78, 79] count=30
2026-07-27 11:54:28,404 - debug - DEBUG - many_shot acc (first 10): [0.91, 0.91, 0.64, 0.57, 0.78, 0.84, 0.81, 0.75, 0.84, 0.8]
2026-07-27 11:54:28,404 - debug - DEBUG - median_shot acc (first 10): [0.21, 0.58, 0.51, 0.34, 0.58, 0.44, 0.75, 0.5, 0.55, 0.22]
2026-07-27 11:54:28,404 - debug - DEBUG - low_shot acc (first 10): [0.25, 0.22, 0.04, 0.19, 0.11, 0.45, 0.52, 0.04, 0.18, 0.17]
2026-07-27 11:54:28,404 - debug - DEBUG - many_acc=0.6783, median_acc=0.4337, low_acc=0.1580
2026-07-27 11:54:28,564 - debug - DEBUG - train_data is not Subset, type=<class 'imbalanceddl.dataset.imbalance_cifar.IMBALANCECIFAR100'>
2026-07-27 11:54:28,569 - debug - DEBUG - unique_labels (first 10): [0 1 2 3 4 5 6 7 8 9]
2026-07-27 11:54:28,569 - debug - DEBUG - train_class_count (first 10): [500, 477, 455, 434, 415, 396, 378, 361, 344, 328]
2026-07-27 11:54:28,570 - debug - DEBUG - test_class_count (first 10): [100, 100, 100, 100, 100, 100, 100, 100, 100, 100]
2026-07-27 11:54:28,570 - debug - DEBUG - per-class accuracy (first 10): [0.91, 0.91, 0.62, 0.58, 0.79, 0.83, 0.82, 0.75, 0.84, 0.8]
2026-07-27 11:54:28,570 - debug - DEBUG - many_shot_thr=100, low_shot_thr=20
2026-07-27 11:54:28,570 - debug - DEBUG - many_shot classes (first 10 indices): [0, 1, 2, 3, 4, 5, 6, 7, 8, 9] count=35
2026-07-27 11:54:28,570 - debug - DEBUG - median_shot classes (first 10 indices): [35, 36, 37, 38, 39, 40, 41, 42, 43, 44] count=35
2026-07-27 11:54:28,570 - debug - DEBUG - low_shot classes (first 10 indices): [70, 71, 72, 73, 74, 75, 76, 77, 78, 79] count=30
2026-07-27 11:54:28,570 - debug - DEBUG - many_shot acc (first 10): [0.91, 0.91, 0.62, 0.58, 0.79, 0.83, 0.82, 0.75, 0.84, 0.8]
2026-07-27 11:54:28,570 - debug - DEBUG - median_shot acc (first 10): [0.23, 0.57, 0.5, 0.34, 0.59, 0.44, 0.75, 0.5, 0.56, 0.22]
2026-07-27 11:54:28,570 - debug - DEBUG - low_shot acc (first 10): [0.24, 0.2, 0.06, 0.17, 0.12, 0.47, 0.5, 0.04, 0.17, 0.17]
2026-07-27 11:54:28,570 - debug - DEBUG - many_acc=0.6789, median_acc=0.4317, low_acc=0.1473
2026-07-27 11:54:28,786 - debug - DEBUG - train_data is not Subset, type=<class 'imbalanceddl.dataset.imbalance_cifar.IMBALANCECIFAR100'>
2026-07-27 11:54:28,791 - debug - DEBUG - unique_labels (first 10): [0 1 2 3 4 5 6 7 8 9]
2026-07-27 11:54:28,791 - debug - DEBUG - train_class_count (first 10): [500, 477, 455, 434, 415, 396, 378, 361, 344, 328]
2026-07-27 11:54:28,791 - debug - DEBUG - test_class_count (first 10): [100, 100, 100, 100, 100, 100, 100, 100, 100, 100]
2026-07-27 11:54:28,791 - debug - DEBUG - per-class accuracy (first 10): [0.91, 0.91, 0.64, 0.58, 0.76, 0.83, 0.8, 0.73, 0.83, 0.81]
2026-07-27 11:54:28,791 - debug - DEBUG - many_shot_thr=100, low_shot_thr=20
2026-07-27 11:54:28,792 - debug - DEBUG - many_shot classes (first 10 indices): [0, 1, 2, 3, 4, 5, 6, 7, 8, 9] count=35
2026-07-27 11:54:28,792 - debug - DEBUG - median_shot classes (first 10 indices): [35, 36, 37, 38, 39, 40, 41, 42, 43, 44] count=35
2026-07-27 11:54:28,792 - debug - DEBUG - low_shot classes (first 10 indices): [70, 71, 72, 73, 74, 75, 76, 77, 78, 79] count=30
2026-07-27 11:54:28,792 - debug - DEBUG - many_shot acc (first 10): [0.91, 0.91, 0.64, 0.58, 0.76, 0.83, 0.8, 0.73, 0.83, 0.81]
2026-07-27 11:54:28,792 - debug - DEBUG - median_shot acc (first 10): [0.22, 0.57, 0.5, 0.35, 0.58, 0.44, 0.76, 0.51, 0.57, 0.25]
2026-07-27 11:54:28,792 - debug - DEBUG - low_shot acc (first 10): [0.24, 0.23, 0.06, 0.19, 0.13, 0.51, 0.53, 0.07, 0.18, 0.19]
2026-07-27 11:54:28,792 - debug - DEBUG - many_acc=0.6786, median_acc=0.4414, low_acc=0.1710
2026-07-27 11:54:29,073 - debug - DEBUG - train_data is not Subset, type=<class 'imbalanceddl.dataset.imbalance_cifar.IMBALANCECIFAR100'>
2026-07-27 11:54:29,079 - debug - DEBUG - unique_labels (first 10): [0 1 2 3 4 5 6 7 8 9]
2026-07-27 11:54:29,079 - debug - DEBUG - train_class_count (first 10): [500, 477, 455, 434, 415, 396, 378, 361, 344, 328]
2026-07-27 11:54:29,079 - debug - DEBUG - test_class_count (first 10): [100, 100, 100, 100, 100, 100, 100, 100, 100, 100]
2026-07-27 11:54:29,079 - debug - DEBUG - per-class accuracy (first 10): [0.91, 0.91, 0.64, 0.59, 0.78, 0.83, 0.79, 0.75, 0.83, 0.81]
2026-07-27 11:54:29,079 - debug - DEBUG - many_shot_thr=100, low_shot_thr=20
2026-07-27 11:54:29,079 - debug - DEBUG - many_shot classes (first 10 indices): [0, 1, 2, 3, 4, 5, 6, 7, 8, 9] count=35
2026-07-27 11:54:29,079 - debug - DEBUG - median_shot classes (first 10 indices): [35, 36, 37, 38, 39, 40, 41, 42, 43, 44] count=35
2026-07-27 11:54:29,079 - debug - DEBUG - low_shot classes (first 10 indices): [70, 71, 72, 73, 74, 75, 76, 77, 78, 79] count=30
2026-07-27 11:54:29,079 - debug - DEBUG - many_shot acc (first 10): [0.91, 0.91, 0.64, 0.59, 0.78, 0.83, 0.79, 0.75, 0.83, 0.81]
2026-07-27 11:54:29,079 - debug - DEBUG - median_shot acc (first 10): [0.22, 0.57, 0.5, 0.34, 0.58, 0.44, 0.76, 0.51, 0.55, 0.24]
2026-07-27 11:54:29,079 - debug - DEBUG - low_shot acc (first 10): [0.24, 0.23, 0.06, 0.2, 0.13, 0.51, 0.53, 0.06, 0.18, 0.18]
2026-07-27 11:54:29,080 - debug - DEBUG - many_acc=0.6794, median_acc=0.4403, low_acc=0.1670
2026-07-27 11:54:29,391 - debug - DEBUG - train_data is not Subset, type=<class 'imbalanceddl.dataset.imbalance_cifar.IMBALANCECIFAR100'>
2026-07-27 11:54:29,397 - debug - DEBUG - unique_labels (first 10): [0 1 2 3 4 5 6 7 8 9]
2026-07-27 11:54:29,397 - debug - DEBUG - train_class_count (first 10): [500, 477, 455, 434, 415, 396, 378, 361, 344, 328]
2026-07-27 11:54:29,397 - debug - DEBUG - test_class_count (first 10): [100, 100, 100, 100, 100, 100, 100, 100, 100, 100]
2026-07-27 11:54:29,397 - debug - DEBUG - per-class accuracy (first 10): [0.92, 0.88, 0.65, 0.59, 0.75, 0.84, 0.78, 0.71, 0.82, 0.8]
2026-07-27 11:54:29,397 - debug - DEBUG - many_shot_thr=100, low_shot_thr=20
2026-07-27 11:54:29,397 - debug - DEBUG - many_shot classes (first 10 indices): [0, 1, 2, 3, 4, 5, 6, 7, 8, 9] count=35
2026-07-27 11:54:29,397 - debug - DEBUG - median_shot classes (first 10 indices): [35, 36, 37, 38, 39, 40, 41, 42, 43, 44] count=35
2026-07-27 11:54:29,397 - debug - DEBUG - low_shot classes (first 10 indices): [70, 71, 72, 73, 74, 75, 76, 77, 78, 79] count=30
2026-07-27 11:54:29,397 - debug - DEBUG - many_shot acc (first 10): [0.92, 0.88, 0.65, 0.59, 0.75, 0.84, 0.78, 0.71, 0.82, 0.8]
2026-07-27 11:54:29,397 - debug - DEBUG - median_shot acc (first 10): [0.23, 0.58, 0.51, 0.35, 0.56, 0.45, 0.73, 0.51, 0.61, 0.23]
2026-07-27 11:54:29,397 - debug - DEBUG - low_shot acc (first 10): [0.29, 0.26, 0.08, 0.21, 0.14, 0.54, 0.54, 0.11, 0.2, 0.22]
2026-07-27 11:54:29,398 - debug - DEBUG - many_acc=0.6749, median_acc=0.4491, low_acc=0.2020
2026-07-27 11:54:29,722 - debug - DEBUG - train_data is not Subset, type=<class 'imbalanceddl.dataset.imbalance_cifar.IMBALANCECIFAR100'>
2026-07-27 11:54:29,728 - debug - DEBUG - unique_labels (first 10): [0 1 2 3 4 5 6 7 8 9]
2026-07-27 11:54:29,728 - debug - DEBUG - train_class_count (first 10): [500, 477, 455, 434, 415, 396, 378, 361, 344, 328]
2026-07-27 11:54:29,728 - debug - DEBUG - test_class_count (first 10): [100, 100, 100, 100, 100, 100, 100, 100, 100, 100]
2026-07-27 11:54:29,728 - debug - DEBUG - per-class accuracy (first 10): [0.92, 0.9, 0.66, 0.56, 0.76, 0.83, 0.81, 0.72, 0.85, 0.81]
2026-07-27 11:54:29,728 - debug - DEBUG - many_shot_thr=100, low_shot_thr=20
2026-07-27 11:54:29,728 - debug - DEBUG - many_shot classes (first 10 indices): [0, 1, 2, 3, 4, 5, 6, 7, 8, 9] count=35
2026-07-27 11:54:29,728 - debug - DEBUG - median_shot classes (first 10 indices): [35, 36, 37, 38, 39, 40, 41, 42, 43, 44] count=35
2026-07-27 11:54:29,728 - debug - DEBUG - low_shot classes (first 10 indices): [70, 71, 72, 73, 74, 75, 76, 77, 78, 79] count=30
2026-07-27 11:54:29,728 - debug - DEBUG - many_shot acc (first 10): [0.92, 0.9, 0.66, 0.56, 0.76, 0.83, 0.81, 0.72, 0.85, 0.81]
2026-07-27 11:54:29,728 - debug - DEBUG - median_shot acc (first 10): [0.23, 0.6, 0.55, 0.34, 0.57, 0.45, 0.76, 0.59, 0.54, 0.25]
2026-07-27 11:54:29,728 - debug - DEBUG - low_shot acc (first 10): [0.23, 0.25, 0.04, 0.2, 0.12, 0.47, 0.51, 0.07, 0.19, 0.18]
2026-07-27 11:54:29,728 - debug - DEBUG - many_acc=0.6780, median_acc=0.4534, low_acc=0.1753
