2026-07-14 12:15:42,504 - debug - DEBUG - Debug logging enabled for this run.
2026-07-14 12:15:42,977 - debug - DEBUG - GateTrainer initialization started.
2026-07-14 12:15:46,505 - debug - DEBUG - train_dataset type: <class 'imbalanceddl.dataset.imbalance_cifar.IMBALANCECIFAR100'>
2026-07-14 12:15:46,505 - debug - DEBUG - val_dataset type: <class 'torchvision.datasets.cifar.CIFAR100'>
2026-07-14 12:15:46,505 - debug - DEBUG - train_dataset.targets length: 10847
2026-07-14 12:15:46,506 - debug - DEBUG - Number of train loader batches: 85
2026-07-14 12:15:46,686 - debug - DEBUG - First batch class counts: {0: 4, 1: 5, 2: 5, 3: 5, 4: 8, 5: 6, 6: 4, 7: 2, 8: 6, 9: 3, 10: 5, 11: 5, 12: 3, 13: 3, 14: 2, 15: 3, 16: 2, 17: 3, 18: 2, 19: 4, 21: 2, 22: 1, 23: 4, 24: 1, 25: 1, 26: 3, 27: 3, 28: 4, 29: 3, 30: 4, 31: 1, 35: 1, 37: 1, 38: 1, 39: 1, 43: 1, 44: 1, 46: 1, 47: 1, 51: 1, 52: 1, 53: 1, 54: 1, 55: 1, 56: 1, 64: 1, 65: 1, 70: 1, 71: 1, 72: 1, 73: 1, 79: 1}
2026-07-14 12:15:46,777 - debug - DEBUG - Validation loader created. Length: 100
2026-07-14 12:15:46,799 - debug - DEBUG - Device: cuda, expert checkpoint: checkpoint/experts_cifar100/checkpoint_experts_epoch111.pth
2026-07-14 12:15:47,018 - debug - DEBUG - Built expert model with shared backbone and 3 heads.
2026-07-14 12:15:47,018 - debug - DEBUG - Loading expert checkpoint...
2026-07-14 12:15:47,131 - debug - DEBUG - Expert model loaded and frozen.
2026-07-14 12:15:47,131 - debug - DEBUG - Gate split ratio: 0.9
2026-07-14 12:15:47,132 - debug - DEBUG - Splitting dataset of size 10847 with ratio 0.9
2026-07-14 12:15:47,140 - debug - DEBUG - Gating split size: 1085
2026-07-14 12:15:47,141 - debug - DEBUG - First 5 gate indices: [  48 6328 3348 2679 2969]
2026-07-14 12:15:47,143 - debug - DEBUG - Gate MLP: GateMLP(
  (fc1): Linear(in_features=24, out_features=256, bias=True)
  (fc2): Linear(in_features=256, out_features=128, bias=True)
  (fc3): Linear(in_features=128, out_features=3, bias=True)
  (relu): ReLU()
)
2026-07-14 12:15:47,144 - debug - DEBUG - Gate hyperparams: lambda_ent=0.01, lambda_bal=0.05, epochs=100
2026-07-14 12:15:47,144 - debug - DEBUG - GateTrainer initialization complete.
2026-07-14 12:15:47,145 - debug - DEBUG - Starting gate training loop.
2026-07-14 12:15:47,145 - debug - DEBUG - Training gate epoch 0
2026-07-14 12:15:48,411 - debug - DEBUG - Loss components: mix_nll=1.5611, ent_reg=-0.4880, bal_reg=0.4154
2026-07-14 12:15:48,877 - debug - DEBUG - Gate Epoch 0 completed: avg_loss=1.7407, avg_acc=63.69%
2026-07-14 12:15:51,159 - debug - DEBUG - Epoch 0: validation acc=41.33%
2026-07-14 12:15:51,164 - debug - DEBUG - Training gate epoch 1
2026-07-14 12:15:51,397 - debug - DEBUG - Loss components: mix_nll=1.8446, ent_reg=-0.8624, bal_reg=0.1696
2026-07-14 12:15:51,744 - debug - DEBUG - Gate Epoch 1 completed: avg_loss=1.7781, avg_acc=64.79%
2026-07-14 12:15:53,671 - debug - DEBUG - Epoch 1: validation acc=42.11%
2026-07-14 12:15:53,676 - debug - DEBUG - Training gate epoch 2
2026-07-14 12:15:53,910 - debug - DEBUG - Loss components: mix_nll=1.6356, ent_reg=-0.8142, bal_reg=0.1721
2026-07-14 12:15:54,230 - debug - DEBUG - Gate Epoch 2 completed: avg_loss=1.7565, avg_acc=63.69%
2026-07-14 12:15:56,194 - debug - DEBUG - Epoch 2: validation acc=42.51%
2026-07-14 12:15:56,198 - debug - DEBUG - Training gate epoch 3
2026-07-14 12:15:56,427 - debug - DEBUG - Loss components: mix_nll=2.0486, ent_reg=-0.6543, bal_reg=0.1994
2026-07-14 12:15:56,726 - debug - DEBUG - Gate Epoch 3 completed: avg_loss=1.6757, avg_acc=64.79%
2026-07-14 12:15:58,773 - debug - DEBUG - Epoch 3: validation acc=42.38%
2026-07-14 12:15:58,774 - debug - DEBUG - Training gate epoch 4
2026-07-14 12:15:59,000 - debug - DEBUG - Loss components: mix_nll=1.5970, ent_reg=-0.5842, bal_reg=0.1989
2026-07-14 12:15:59,292 - debug - DEBUG - Gate Epoch 4 completed: avg_loss=1.7328, avg_acc=64.06%
2026-07-14 12:16:01,281 - debug - DEBUG - Epoch 4: validation acc=43.56%
2026-07-14 12:16:01,285 - debug - DEBUG - Training gate epoch 5
2026-07-14 12:16:01,502 - debug - DEBUG - Loss components: mix_nll=1.6454, ent_reg=-0.6436, bal_reg=0.1501
2026-07-14 12:16:01,795 - debug - DEBUG - Gate Epoch 5 completed: avg_loss=1.7399, avg_acc=63.32%
2026-07-14 12:16:03,776 - debug - DEBUG - Epoch 5: validation acc=42.37%
2026-07-14 12:16:03,777 - debug - DEBUG - Training gate epoch 6
2026-07-14 12:16:04,010 - debug - DEBUG - Loss components: mix_nll=1.9548, ent_reg=-0.9064, bal_reg=0.0644
2026-07-14 12:16:04,300 - debug - DEBUG - Gate Epoch 6 completed: avg_loss=1.7509, avg_acc=64.61%
2026-07-14 12:16:06,330 - debug - DEBUG - Epoch 6: validation acc=43.25%
2026-07-14 12:16:06,331 - debug - DEBUG - Training gate epoch 7
2026-07-14 12:16:06,565 - debug - DEBUG - Loss components: mix_nll=1.8455, ent_reg=-0.9089, bal_reg=0.0299
2026-07-14 12:16:06,806 - debug - DEBUG - Gate Epoch 7 completed: avg_loss=1.7667, avg_acc=62.49%
2026-07-14 12:16:08,776 - debug - DEBUG - Epoch 7: validation acc=42.72%
2026-07-14 12:16:08,777 - debug - DEBUG - Training gate epoch 8
2026-07-14 12:16:09,004 - debug - DEBUG - Loss components: mix_nll=1.0965, ent_reg=-0.6940, bal_reg=0.1413
2026-07-14 12:16:09,247 - debug - DEBUG - Gate Epoch 8 completed: avg_loss=1.7602, avg_acc=63.78%
2026-07-14 12:16:11,253 - debug - DEBUG - Epoch 8: validation acc=43.29%
2026-07-14 12:16:11,254 - debug - DEBUG - Training gate epoch 9
2026-07-14 12:16:11,490 - debug - DEBUG - Loss components: mix_nll=1.6708, ent_reg=-0.8065, bal_reg=0.0777
2026-07-14 12:16:11,719 - debug - DEBUG - Gate Epoch 9 completed: avg_loss=1.6967, avg_acc=64.33%
2026-07-14 12:16:13,656 - debug - DEBUG - Epoch 9: validation acc=41.42%
2026-07-14 12:16:13,656 - debug - DEBUG - Training gate epoch 10
2026-07-14 12:16:13,886 - debug - DEBUG - Loss components: mix_nll=1.6865, ent_reg=-0.5947, bal_reg=0.2433
2026-07-14 12:16:14,162 - debug - DEBUG - Gate Epoch 10 completed: avg_loss=1.7326, avg_acc=63.87%
2026-07-14 12:16:16,148 - debug - DEBUG - Epoch 10: validation acc=41.53%
2026-07-14 12:16:16,148 - debug - DEBUG - Training gate epoch 11
2026-07-14 12:16:16,374 - debug - DEBUG - Loss components: mix_nll=1.6962, ent_reg=-0.7828, bal_reg=0.1309
2026-07-14 12:16:16,676 - debug - DEBUG - Gate Epoch 11 completed: avg_loss=1.7383, avg_acc=64.98%
2026-07-14 12:16:18,652 - debug - DEBUG - Epoch 11: validation acc=41.01%
2026-07-14 12:16:18,653 - debug - DEBUG - Training gate epoch 12
2026-07-14 12:16:18,866 - debug - DEBUG - Loss components: mix_nll=1.4785, ent_reg=-0.7578, bal_reg=0.1657
2026-07-14 12:16:19,156 - debug - DEBUG - Gate Epoch 12 completed: avg_loss=1.7127, avg_acc=63.69%
2026-07-14 12:16:21,186 - debug - DEBUG - Epoch 12: validation acc=41.43%
2026-07-14 12:16:21,186 - debug - DEBUG - Training gate epoch 13
2026-07-14 12:16:21,427 - debug - DEBUG - Loss components: mix_nll=1.6078, ent_reg=-0.8099, bal_reg=0.0753
2026-07-14 12:16:21,717 - debug - DEBUG - Gate Epoch 13 completed: avg_loss=1.7410, avg_acc=63.69%
2026-07-14 12:16:23,670 - debug - DEBUG - Epoch 13: validation acc=41.14%
2026-07-14 12:16:23,671 - debug - DEBUG - Training gate epoch 14
2026-07-14 12:16:23,907 - debug - DEBUG - Loss components: mix_nll=1.8449, ent_reg=-0.6315, bal_reg=0.1704
2026-07-14 12:16:24,181 - debug - DEBUG - Gate Epoch 14 completed: avg_loss=1.6938, avg_acc=64.24%
2026-07-14 12:16:26,112 - debug - DEBUG - Epoch 14: validation acc=42.05%
2026-07-14 12:16:26,112 - debug - DEBUG - Training gate epoch 15
2026-07-14 12:16:26,364 - debug - DEBUG - Loss components: mix_nll=1.9839, ent_reg=-0.8576, bal_reg=0.0111
2026-07-14 12:16:26,669 - debug - DEBUG - Gate Epoch 15 completed: avg_loss=1.7289, avg_acc=63.96%
2026-07-14 12:16:28,694 - debug - DEBUG - Epoch 15: validation acc=41.35%
2026-07-14 12:16:28,694 - debug - DEBUG - Training gate epoch 16
2026-07-14 12:16:28,933 - debug - DEBUG - Loss components: mix_nll=1.5289, ent_reg=-0.8387, bal_reg=0.0395
2026-07-14 12:16:29,245 - debug - DEBUG - Gate Epoch 16 completed: avg_loss=1.6595, avg_acc=66.36%
2026-07-14 12:16:31,171 - debug - DEBUG - Epoch 16: validation acc=41.72%
2026-07-14 12:16:31,172 - debug - DEBUG - Training gate epoch 17
2026-07-14 12:16:31,407 - debug - DEBUG - Loss components: mix_nll=1.8831, ent_reg=-0.6560, bal_reg=0.1137
2026-07-14 12:16:31,711 - debug - DEBUG - Gate Epoch 17 completed: avg_loss=1.7287, avg_acc=64.42%
2026-07-14 12:16:33,746 - debug - DEBUG - Epoch 17: validation acc=42.82%
2026-07-14 12:16:33,747 - debug - DEBUG - Training gate epoch 18
2026-07-14 12:16:33,978 - debug - DEBUG - Loss components: mix_nll=1.8239, ent_reg=-0.7966, bal_reg=0.0091
2026-07-14 12:16:34,258 - debug - DEBUG - Gate Epoch 18 completed: avg_loss=1.6922, avg_acc=63.96%
2026-07-14 12:16:36,218 - debug - DEBUG - Epoch 18: validation acc=41.36%
2026-07-14 12:16:36,219 - debug - DEBUG - Training gate epoch 19
2026-07-14 12:16:36,491 - debug - DEBUG - Loss components: mix_nll=1.7752, ent_reg=-0.7208, bal_reg=0.0856
2026-07-14 12:16:36,731 - debug - DEBUG - Gate Epoch 19 completed: avg_loss=1.6772, avg_acc=64.88%
2026-07-14 12:16:38,642 - debug - DEBUG - Epoch 19: validation acc=41.17%
2026-07-14 12:16:38,643 - debug - DEBUG - Training gate epoch 20
2026-07-14 12:16:38,879 - debug - DEBUG - Loss components: mix_nll=1.5131, ent_reg=-0.8344, bal_reg=0.0426
2026-07-14 12:16:39,168 - debug - DEBUG - Gate Epoch 20 completed: avg_loss=1.6566, avg_acc=63.78%
2026-07-14 12:16:41,106 - debug - DEBUG - Epoch 20: validation acc=40.68%
2026-07-14 12:16:41,107 - debug - DEBUG - Training gate epoch 21
2026-07-14 12:16:41,334 - debug - DEBUG - Loss components: mix_nll=1.5935, ent_reg=-0.7096, bal_reg=0.1455
2026-07-14 12:16:41,605 - debug - DEBUG - Gate Epoch 21 completed: avg_loss=1.6466, avg_acc=64.61%
2026-07-14 12:16:43,572 - debug - DEBUG - Epoch 21: validation acc=40.64%
2026-07-14 12:16:43,573 - debug - DEBUG - Training gate epoch 22
2026-07-14 12:16:43,814 - debug - DEBUG - Loss components: mix_nll=1.6467, ent_reg=-0.6390, bal_reg=0.1991
2026-07-14 12:16:44,120 - debug - DEBUG - Gate Epoch 22 completed: avg_loss=1.6813, avg_acc=65.99%
2026-07-14 12:16:46,086 - debug - DEBUG - Epoch 22: validation acc=40.95%
2026-07-14 12:16:46,087 - debug - DEBUG - Training gate epoch 23
2026-07-14 12:16:46,327 - debug - DEBUG - Loss components: mix_nll=1.9942, ent_reg=-0.7200, bal_reg=0.0803
2026-07-14 12:16:46,552 - debug - DEBUG - Gate Epoch 23 completed: avg_loss=1.7174, avg_acc=64.42%
2026-07-14 12:16:48,573 - debug - DEBUG - Epoch 23: validation acc=41.46%
2026-07-14 12:16:48,574 - debug - DEBUG - Training gate epoch 24
2026-07-14 12:16:48,816 - debug - DEBUG - Loss components: mix_nll=1.2927, ent_reg=-0.7413, bal_reg=0.0220
2026-07-14 12:16:49,065 - debug - DEBUG - Gate Epoch 24 completed: avg_loss=1.6737, avg_acc=64.15%
2026-07-14 12:16:50,971 - debug - DEBUG - Epoch 24: validation acc=40.96%
2026-07-14 12:16:50,972 - debug - DEBUG - Training gate epoch 25
2026-07-14 12:16:51,223 - debug - DEBUG - Loss components: mix_nll=2.1220, ent_reg=-0.6975, bal_reg=0.0990
2026-07-14 12:16:51,508 - debug - DEBUG - Gate Epoch 25 completed: avg_loss=1.6825, avg_acc=65.16%
2026-07-14 12:16:53,527 - debug - DEBUG - Epoch 25: validation acc=40.54%
2026-07-14 12:16:53,528 - debug - DEBUG - Training gate epoch 26
2026-07-14 12:16:53,758 - debug - DEBUG - Loss components: mix_nll=2.0268, ent_reg=-0.4319, bal_reg=0.4040
2026-07-14 12:16:54,054 - debug - DEBUG - Gate Epoch 26 completed: avg_loss=1.7221, avg_acc=62.58%
2026-07-14 12:16:55,999 - debug - DEBUG - Epoch 26: validation acc=41.49%
2026-07-14 12:16:55,999 - debug - DEBUG - Training gate epoch 27
2026-07-14 12:16:56,246 - debug - DEBUG - Loss components: mix_nll=1.5235, ent_reg=-0.7485, bal_reg=0.0277
2026-07-14 12:16:56,545 - debug - DEBUG - Gate Epoch 27 completed: avg_loss=1.6630, avg_acc=64.52%
2026-07-14 12:16:58,468 - debug - DEBUG - Epoch 27: validation acc=41.35%
2026-07-14 12:16:58,469 - debug - DEBUG - Training gate epoch 28
2026-07-14 12:16:58,711 - debug - DEBUG - Loss components: mix_nll=1.9620, ent_reg=-0.7168, bal_reg=0.0299
2026-07-14 12:16:59,024 - debug - DEBUG - Gate Epoch 28 completed: avg_loss=1.7377, avg_acc=63.50%
2026-07-14 12:17:01,005 - debug - DEBUG - Epoch 28: validation acc=40.75%
2026-07-14 12:17:01,006 - debug - DEBUG - Training gate epoch 29
2026-07-14 12:17:01,255 - debug - DEBUG - Loss components: mix_nll=1.6090, ent_reg=-0.6859, bal_reg=0.1242
2026-07-14 12:17:01,497 - debug - DEBUG - Gate Epoch 29 completed: avg_loss=1.7333, avg_acc=64.52%
2026-07-14 12:17:03,460 - debug - DEBUG - Epoch 29: validation acc=41.12%
2026-07-14 12:17:03,460 - debug - DEBUG - Training gate epoch 30
2026-07-14 12:17:03,684 - debug - DEBUG - Loss components: mix_nll=1.5638, ent_reg=-0.7576, bal_reg=0.0235
2026-07-14 12:17:03,974 - debug - DEBUG - Gate Epoch 30 completed: avg_loss=1.6872, avg_acc=65.07%
2026-07-14 12:17:05,976 - debug - DEBUG - Epoch 30: validation acc=40.73%
2026-07-14 12:17:05,976 - debug - DEBUG - Training gate epoch 31
2026-07-14 12:17:06,203 - debug - DEBUG - Loss components: mix_nll=1.5632, ent_reg=-0.7493, bal_reg=0.0765
2026-07-14 12:17:06,507 - debug - DEBUG - Gate Epoch 31 completed: avg_loss=1.7201, avg_acc=63.69%
2026-07-14 12:17:08,400 - debug - DEBUG - Epoch 31: validation acc=40.84%
2026-07-14 12:17:08,401 - debug - DEBUG - Training gate epoch 32
2026-07-14 12:17:08,633 - debug - DEBUG - Loss components: mix_nll=1.9142, ent_reg=-0.7570, bal_reg=0.0607
2026-07-14 12:17:08,934 - debug - DEBUG - Gate Epoch 32 completed: avg_loss=1.7492, avg_acc=63.50%
2026-07-14 12:17:10,922 - debug - DEBUG - Epoch 32: validation acc=41.09%
2026-07-14 12:17:10,922 - debug - DEBUG - Training gate epoch 33
2026-07-14 12:17:11,161 - debug - DEBUG - Loss components: mix_nll=1.7485, ent_reg=-0.7961, bal_reg=0.0277
2026-07-14 12:17:11,470 - debug - DEBUG - Gate Epoch 33 completed: avg_loss=1.7586, avg_acc=62.67%
2026-07-14 12:17:13,426 - debug - DEBUG - Epoch 33: validation acc=40.69%
2026-07-14 12:17:13,426 - debug - DEBUG - Training gate epoch 34
2026-07-14 12:17:13,670 - debug - DEBUG - Loss components: mix_nll=1.9507, ent_reg=-0.6806, bal_reg=0.1203
2026-07-14 12:17:13,972 - debug - DEBUG - Gate Epoch 34 completed: avg_loss=1.7579, avg_acc=62.86%
2026-07-14 12:17:15,930 - debug - DEBUG - Epoch 34: validation acc=40.80%
2026-07-14 12:17:15,930 - debug - DEBUG - Training gate epoch 35
2026-07-14 12:17:16,197 - debug - DEBUG - Loss components: mix_nll=1.7392, ent_reg=-0.7533, bal_reg=0.0499
2026-07-14 12:17:16,426 - debug - DEBUG - Gate Epoch 35 completed: avg_loss=1.7242, avg_acc=64.42%
2026-07-14 12:17:18,382 - debug - DEBUG - Epoch 35: validation acc=41.01%
2026-07-14 12:17:18,382 - debug - DEBUG - Training gate epoch 36
2026-07-14 12:17:18,624 - debug - DEBUG - Loss components: mix_nll=1.4404, ent_reg=-0.7416, bal_reg=0.0387
2026-07-14 12:17:18,900 - debug - DEBUG - Gate Epoch 36 completed: avg_loss=1.7123, avg_acc=64.06%
2026-07-14 12:17:20,839 - debug - DEBUG - Epoch 36: validation acc=40.64%
2026-07-14 12:17:20,839 - debug - DEBUG - Training gate epoch 37
2026-07-14 12:17:21,068 - debug - DEBUG - Loss components: mix_nll=1.5078, ent_reg=-0.6827, bal_reg=0.1443
2026-07-14 12:17:21,353 - debug - DEBUG - Gate Epoch 37 completed: avg_loss=1.6838, avg_acc=65.16%
2026-07-14 12:17:23,302 - debug - DEBUG - Epoch 37: validation acc=41.09%
2026-07-14 12:17:23,302 - debug - DEBUG - Training gate epoch 38
2026-07-14 12:17:23,595 - debug - DEBUG - Loss components: mix_nll=1.5864, ent_reg=-0.7593, bal_reg=0.0240
2026-07-14 12:17:23,839 - debug - DEBUG - Gate Epoch 38 completed: avg_loss=1.6926, avg_acc=65.07%
2026-07-14 12:17:25,766 - debug - DEBUG - Epoch 38: validation acc=40.82%
2026-07-14 12:17:25,766 - debug - DEBUG - Training gate epoch 39
2026-07-14 12:17:26,045 - debug - DEBUG - Loss components: mix_nll=1.4293, ent_reg=-0.7355, bal_reg=0.0366
2026-07-14 12:17:26,328 - debug - DEBUG - Gate Epoch 39 completed: avg_loss=1.7213, avg_acc=65.16%
2026-07-14 12:17:28,290 - debug - DEBUG - Epoch 39: validation acc=40.67%
2026-07-14 12:17:28,291 - debug - DEBUG - Training gate epoch 40
2026-07-14 12:17:28,558 - debug - DEBUG - Loss components: mix_nll=1.8235, ent_reg=-0.6432, bal_reg=0.1670
2026-07-14 12:17:28,854 - debug - DEBUG - Gate Epoch 40 completed: avg_loss=1.7232, avg_acc=63.69%
2026-07-14 12:17:30,761 - debug - DEBUG - Epoch 40: validation acc=41.08%
2026-07-14 12:17:30,762 - debug - DEBUG - Training gate epoch 41
2026-07-14 12:17:31,034 - debug - DEBUG - Loss components: mix_nll=1.4894, ent_reg=-0.7796, bal_reg=0.0231
2026-07-14 12:17:31,347 - debug - DEBUG - Gate Epoch 41 completed: avg_loss=1.7194, avg_acc=63.87%
2026-07-14 12:17:33,330 - debug - DEBUG - Epoch 41: validation acc=40.67%
2026-07-14 12:17:33,331 - debug - DEBUG - Training gate epoch 42
2026-07-14 12:17:33,609 - debug - DEBUG - Loss components: mix_nll=1.5146, ent_reg=-0.7240, bal_reg=0.0807
2026-07-14 12:17:33,931 - debug - DEBUG - Gate Epoch 42 completed: avg_loss=1.7196, avg_acc=64.15%
2026-07-14 12:17:35,805 - debug - DEBUG - Epoch 42: validation acc=40.77%
2026-07-14 12:17:35,806 - debug - DEBUG - Training gate epoch 43
2026-07-14 12:17:36,091 - debug - DEBUG - Loss components: mix_nll=1.8377, ent_reg=-0.6936, bal_reg=0.0412
2026-07-14 12:17:36,373 - debug - DEBUG - Gate Epoch 43 completed: avg_loss=1.6950, avg_acc=65.81%
2026-07-14 12:17:38,270 - debug - DEBUG - Epoch 43: validation acc=40.75%
2026-07-14 12:17:38,270 - debug - DEBUG - Training gate epoch 44
2026-07-14 12:17:38,559 - debug - DEBUG - Loss components: mix_nll=1.3471, ent_reg=-0.6892, bal_reg=0.0536
2026-07-14 12:17:38,907 - debug - DEBUG - Gate Epoch 44 completed: avg_loss=1.6931, avg_acc=65.44%
2026-07-14 12:17:40,811 - debug - DEBUG - Epoch 44: validation acc=40.68%
2026-07-14 12:17:40,811 - debug - DEBUG - Training gate epoch 45
2026-07-14 12:17:41,080 - debug - DEBUG - Loss components: mix_nll=1.6693, ent_reg=-0.6987, bal_reg=0.0858
2026-07-14 12:17:41,388 - debug - DEBUG - Gate Epoch 45 completed: avg_loss=1.6698, avg_acc=64.33%
2026-07-14 12:17:43,250 - debug - DEBUG - Epoch 45: validation acc=40.95%
2026-07-14 12:17:43,251 - debug - DEBUG - Training gate epoch 46
2026-07-14 12:17:43,540 - debug - DEBUG - Loss components: mix_nll=1.6419, ent_reg=-0.7341, bal_reg=0.0216
2026-07-14 12:17:43,850 - debug - DEBUG - Gate Epoch 46 completed: avg_loss=1.6381, avg_acc=65.07%
2026-07-14 12:17:45,751 - debug - DEBUG - Epoch 46: validation acc=40.72%
2026-07-14 12:17:45,752 - debug - DEBUG - Training gate epoch 47
2026-07-14 12:17:46,024 - debug - DEBUG - Loss components: mix_nll=1.6199, ent_reg=-0.7214, bal_reg=0.0343
2026-07-14 12:17:46,236 - debug - DEBUG - Gate Epoch 47 completed: avg_loss=1.6573, avg_acc=64.61%
2026-07-14 12:17:48,160 - debug - DEBUG - Epoch 47: validation acc=40.63%
2026-07-14 12:17:48,161 - debug - DEBUG - Training gate epoch 48
2026-07-14 12:17:48,431 - debug - DEBUG - Loss components: mix_nll=1.5788, ent_reg=-0.6397, bal_reg=0.1363
2026-07-14 12:17:48,630 - debug - DEBUG - Gate Epoch 48 completed: avg_loss=1.6819, avg_acc=64.79%
2026-07-14 12:17:50,560 - debug - DEBUG - Epoch 48: validation acc=40.89%
2026-07-14 12:17:50,560 - debug - DEBUG - Training gate epoch 49
2026-07-14 12:17:50,834 - debug - DEBUG - Loss components: mix_nll=1.7519, ent_reg=-0.7385, bal_reg=0.0091
2026-07-14 12:17:51,054 - debug - DEBUG - Gate Epoch 49 completed: avg_loss=1.6958, avg_acc=65.16%
2026-07-14 12:17:53,082 - debug - DEBUG - Epoch 49: validation acc=40.59%
2026-07-14 12:17:53,082 - debug - DEBUG - Training gate epoch 50
2026-07-14 12:17:53,373 - debug - DEBUG - Loss components: mix_nll=1.2376, ent_reg=-0.7902, bal_reg=0.0350
2026-07-14 12:17:53,595 - debug - DEBUG - Gate Epoch 50 completed: avg_loss=1.6779, avg_acc=64.06%
2026-07-14 12:17:55,567 - debug - DEBUG - Epoch 50: validation acc=40.76%
2026-07-14 12:17:55,567 - debug - DEBUG - Training gate epoch 51
2026-07-14 12:17:55,806 - debug - DEBUG - Loss components: mix_nll=1.4531, ent_reg=-0.7684, bal_reg=0.0270
2026-07-14 12:17:56,094 - debug - DEBUG - Gate Epoch 51 completed: avg_loss=1.7101, avg_acc=63.96%
2026-07-14 12:17:57,998 - debug - DEBUG - Epoch 51: validation acc=40.80%
2026-07-14 12:17:57,998 - debug - DEBUG - Training gate epoch 52
2026-07-14 12:17:58,276 - debug - DEBUG - Loss components: mix_nll=1.4947, ent_reg=-0.7869, bal_reg=0.0222
2026-07-14 12:17:58,484 - debug - DEBUG - Gate Epoch 52 completed: avg_loss=1.7383, avg_acc=64.33%
2026-07-14 12:18:00,428 - debug - DEBUG - Epoch 52: validation acc=40.71%
2026-07-14 12:18:00,428 - debug - DEBUG - Training gate epoch 53
2026-07-14 12:18:00,714 - debug - DEBUG - Loss components: mix_nll=1.5321, ent_reg=-0.7467, bal_reg=0.0634
2026-07-14 12:18:00,945 - debug - DEBUG - Gate Epoch 53 completed: avg_loss=1.6901, avg_acc=65.16%
2026-07-14 12:18:02,903 - debug - DEBUG - Epoch 53: validation acc=40.96%
2026-07-14 12:18:02,903 - debug - DEBUG - Training gate epoch 54
2026-07-14 12:18:03,157 - debug - DEBUG - Loss components: mix_nll=1.2835, ent_reg=-0.7298, bal_reg=0.0317
2026-07-14 12:18:03,408 - debug - DEBUG - Gate Epoch 54 completed: avg_loss=1.6509, avg_acc=65.81%
2026-07-14 12:18:05,365 - debug - DEBUG - Epoch 54: validation acc=40.70%
2026-07-14 12:18:05,366 - debug - DEBUG - Training gate epoch 55
2026-07-14 12:18:05,631 - debug - DEBUG - Loss components: mix_nll=1.4446, ent_reg=-0.7290, bal_reg=0.0616
2026-07-14 12:18:05,914 - debug - DEBUG - Gate Epoch 55 completed: avg_loss=1.6899, avg_acc=65.25%
2026-07-14 12:18:07,862 - debug - DEBUG - Epoch 55: validation acc=40.88%
2026-07-14 12:18:07,862 - debug - DEBUG - Training gate epoch 56
2026-07-14 12:18:08,135 - debug - DEBUG - Loss components: mix_nll=1.7481, ent_reg=-0.7065, bal_reg=0.0308
2026-07-14 12:18:08,400 - debug - DEBUG - Gate Epoch 56 completed: avg_loss=1.7132, avg_acc=65.62%
2026-07-14 12:18:10,361 - debug - DEBUG - Epoch 56: validation acc=40.70%
2026-07-14 12:18:10,362 - debug - DEBUG - Training gate epoch 57
2026-07-14 12:18:10,625 - debug - DEBUG - Loss components: mix_nll=1.5941, ent_reg=-0.7077, bal_reg=0.0476
2026-07-14 12:18:10,889 - debug - DEBUG - Gate Epoch 57 completed: avg_loss=1.7160, avg_acc=63.32%
2026-07-14 12:18:12,857 - debug - DEBUG - Epoch 57: validation acc=40.67%
2026-07-14 12:18:12,857 - debug - DEBUG - Training gate epoch 58
2026-07-14 12:18:13,120 - debug - DEBUG - Loss components: mix_nll=1.5922, ent_reg=-0.7285, bal_reg=0.0467
2026-07-14 12:18:13,351 - debug - DEBUG - Gate Epoch 58 completed: avg_loss=1.7496, avg_acc=63.69%
2026-07-14 12:18:15,280 - debug - DEBUG - Epoch 58: validation acc=40.72%
2026-07-14 12:18:15,281 - debug - DEBUG - Training gate epoch 59
2026-07-14 12:18:15,561 - debug - DEBUG - Loss components: mix_nll=1.4123, ent_reg=-0.7463, bal_reg=0.0200
2026-07-14 12:18:15,825 - debug - DEBUG - Gate Epoch 59 completed: avg_loss=1.7281, avg_acc=64.15%
2026-07-14 12:18:17,734 - debug - DEBUG - Epoch 59: validation acc=40.71%
2026-07-14 12:18:17,734 - debug - DEBUG - Training gate epoch 60
2026-07-14 12:18:18,000 - debug - DEBUG - Loss components: mix_nll=1.8577, ent_reg=-0.7215, bal_reg=0.0355
2026-07-14 12:18:18,279 - debug - DEBUG - Gate Epoch 60 completed: avg_loss=1.7297, avg_acc=64.52%
2026-07-14 12:18:20,232 - debug - DEBUG - Epoch 60: validation acc=40.67%
2026-07-14 12:18:20,233 - debug - DEBUG - Training gate epoch 61
2026-07-14 12:18:20,508 - debug - DEBUG - Loss components: mix_nll=1.6698, ent_reg=-0.7149, bal_reg=0.0575
2026-07-14 12:18:20,794 - debug - DEBUG - Gate Epoch 61 completed: avg_loss=1.6976, avg_acc=64.33%
2026-07-14 12:18:22,746 - debug - DEBUG - Epoch 61: validation acc=40.67%
2026-07-14 12:18:22,747 - debug - DEBUG - Training gate epoch 62
2026-07-14 12:18:23,035 - debug - DEBUG - Loss components: mix_nll=1.1714, ent_reg=-0.7502, bal_reg=0.0274
2026-07-14 12:18:23,359 - debug - DEBUG - Gate Epoch 62 completed: avg_loss=1.6473, avg_acc=65.07%
2026-07-14 12:18:25,420 - debug - DEBUG - Epoch 62: validation acc=40.78%
2026-07-14 12:18:25,421 - debug - DEBUG - Training gate epoch 63
2026-07-14 12:18:25,706 - debug - DEBUG - Loss components: mix_nll=1.8839, ent_reg=-0.6617, bal_reg=0.0556
2026-07-14 12:18:25,925 - debug - DEBUG - Gate Epoch 63 completed: avg_loss=1.6740, avg_acc=64.88%
2026-07-14 12:18:27,984 - debug - DEBUG - Epoch 63: validation acc=40.79%
2026-07-14 12:18:27,985 - debug - DEBUG - Training gate epoch 64
2026-07-14 12:18:28,252 - debug - DEBUG - Loss components: mix_nll=2.1805, ent_reg=-0.6954, bal_reg=0.0460
2026-07-14 12:18:28,500 - debug - DEBUG - Gate Epoch 64 completed: avg_loss=1.7539, avg_acc=62.86%
2026-07-14 12:18:30,440 - debug - DEBUG - Epoch 64: validation acc=40.67%
2026-07-14 12:18:30,440 - debug - DEBUG - Training gate epoch 65
2026-07-14 12:18:30,708 - debug - DEBUG - Loss components: mix_nll=1.7362, ent_reg=-0.7369, bal_reg=0.0429
2026-07-14 12:18:30,979 - debug - DEBUG - Gate Epoch 65 completed: avg_loss=1.7234, avg_acc=64.98%
2026-07-14 12:18:32,955 - debug - DEBUG - Epoch 65: validation acc=40.69%
2026-07-14 12:18:32,956 - debug - DEBUG - Training gate epoch 66
2026-07-14 12:18:33,249 - debug - DEBUG - Loss components: mix_nll=1.8195, ent_reg=-0.6778, bal_reg=0.0856
2026-07-14 12:18:33,542 - debug - DEBUG - Gate Epoch 66 completed: avg_loss=1.6553, avg_acc=65.16%
2026-07-14 12:18:35,608 - debug - DEBUG - Epoch 66: validation acc=40.71%
2026-07-14 12:18:35,609 - debug - DEBUG - Training gate epoch 67
2026-07-14 12:18:35,878 - debug - DEBUG - Loss components: mix_nll=1.5565, ent_reg=-0.7078, bal_reg=0.0619
2026-07-14 12:18:36,167 - debug - DEBUG - Gate Epoch 67 completed: avg_loss=1.7136, avg_acc=64.24%
2026-07-14 12:18:38,111 - debug - DEBUG - Epoch 67: validation acc=40.63%
2026-07-14 12:18:38,112 - debug - DEBUG - Training gate epoch 68
2026-07-14 12:18:38,370 - debug - DEBUG - Loss components: mix_nll=1.5780, ent_reg=-0.6572, bal_reg=0.0965
2026-07-14 12:18:38,613 - debug - DEBUG - Gate Epoch 68 completed: avg_loss=1.7145, avg_acc=64.70%
2026-07-14 12:18:40,558 - debug - DEBUG - Epoch 68: validation acc=40.70%
2026-07-14 12:18:40,558 - debug - DEBUG - Training gate epoch 69
2026-07-14 12:18:40,835 - debug - DEBUG - Loss components: mix_nll=1.7594, ent_reg=-0.7184, bal_reg=0.0353
2026-07-14 12:18:41,111 - debug - DEBUG - Gate Epoch 69 completed: avg_loss=1.7416, avg_acc=63.04%
2026-07-14 12:18:43,068 - debug - DEBUG - Epoch 69: validation acc=40.68%
2026-07-14 12:18:43,068 - debug - DEBUG - Training gate epoch 70
2026-07-14 12:18:43,305 - debug - DEBUG - Loss components: mix_nll=1.7350, ent_reg=-0.6915, bal_reg=0.0631
2026-07-14 12:18:43,566 - debug - DEBUG - Gate Epoch 70 completed: avg_loss=1.7555, avg_acc=64.24%
2026-07-14 12:18:45,527 - debug - DEBUG - Epoch 70: validation acc=40.63%
2026-07-14 12:18:45,528 - debug - DEBUG - Training gate epoch 71
2026-07-14 12:18:45,765 - debug - DEBUG - Loss components: mix_nll=1.8066, ent_reg=-0.7200, bal_reg=0.0619
2026-07-14 12:18:46,060 - debug - DEBUG - Gate Epoch 71 completed: avg_loss=1.6600, avg_acc=63.78%
2026-07-14 12:18:48,058 - debug - DEBUG - Epoch 71: validation acc=40.80%
2026-07-14 12:18:48,058 - debug - DEBUG - Training gate epoch 72
2026-07-14 12:18:48,329 - debug - DEBUG - Loss components: mix_nll=1.9639, ent_reg=-0.7360, bal_reg=0.0240
2026-07-14 12:18:48,595 - debug - DEBUG - Gate Epoch 72 completed: avg_loss=1.7053, avg_acc=63.32%
2026-07-14 12:18:50,506 - debug - DEBUG - Epoch 72: validation acc=40.71%
2026-07-14 12:18:50,506 - debug - DEBUG - Training gate epoch 73
2026-07-14 12:18:50,779 - debug - DEBUG - Loss components: mix_nll=1.8007, ent_reg=-0.7177, bal_reg=0.0435
2026-07-14 12:18:51,058 - debug - DEBUG - Gate Epoch 73 completed: avg_loss=1.7218, avg_acc=64.42%
2026-07-14 12:18:53,012 - debug - DEBUG - Epoch 73: validation acc=40.65%
2026-07-14 12:18:53,012 - debug - DEBUG - Training gate epoch 74
2026-07-14 12:18:53,298 - debug - DEBUG - Loss components: mix_nll=2.0474, ent_reg=-0.7151, bal_reg=0.0645
2026-07-14 12:18:53,521 - debug - DEBUG - Gate Epoch 74 completed: avg_loss=1.7277, avg_acc=64.98%
2026-07-14 12:18:55,486 - debug - DEBUG - Epoch 74: validation acc=40.68%
2026-07-14 12:18:55,486 - debug - DEBUG - Training gate epoch 75
2026-07-14 12:18:55,757 - debug - DEBUG - Loss components: mix_nll=1.9786, ent_reg=-0.6846, bal_reg=0.0699
2026-07-14 12:18:55,997 - debug - DEBUG - Gate Epoch 75 completed: avg_loss=1.6963, avg_acc=64.52%
2026-07-14 12:18:57,921 - debug - DEBUG - Epoch 75: validation acc=40.71%
2026-07-14 12:18:57,921 - debug - DEBUG - Training gate epoch 76
2026-07-14 12:18:58,196 - debug - DEBUG - Loss components: mix_nll=1.9135, ent_reg=-0.6924, bal_reg=0.0622
2026-07-14 12:18:58,445 - debug - DEBUG - Gate Epoch 76 completed: avg_loss=1.7215, avg_acc=64.42%
2026-07-14 12:19:00,344 - debug - DEBUG - Epoch 76: validation acc=40.70%
2026-07-14 12:19:00,344 - debug - DEBUG - Training gate epoch 77
2026-07-14 12:19:00,606 - debug - DEBUG - Loss components: mix_nll=1.6136, ent_reg=-0.7429, bal_reg=0.0363
2026-07-14 12:19:00,862 - debug - DEBUG - Gate Epoch 77 completed: avg_loss=1.7082, avg_acc=64.33%
2026-07-14 12:19:02,802 - debug - DEBUG - Epoch 77: validation acc=40.61%
2026-07-14 12:19:02,803 - debug - DEBUG - Training gate epoch 78
2026-07-14 12:19:03,075 - debug - DEBUG - Loss components: mix_nll=1.3610, ent_reg=-0.7519, bal_reg=0.0519
2026-07-14 12:19:03,273 - debug - DEBUG - Gate Epoch 78 completed: avg_loss=1.7423, avg_acc=64.06%
2026-07-14 12:19:05,205 - debug - DEBUG - Epoch 78: validation acc=40.61%
2026-07-14 12:19:05,205 - debug - DEBUG - Training gate epoch 79
2026-07-14 12:19:05,490 - debug - DEBUG - Loss components: mix_nll=1.9938, ent_reg=-0.7221, bal_reg=0.0648
2026-07-14 12:19:05,750 - debug - DEBUG - Gate Epoch 79 completed: avg_loss=1.6749, avg_acc=63.96%
2026-07-14 12:19:07,763 - debug - DEBUG - Epoch 79: validation acc=40.78%
2026-07-14 12:19:07,763 - debug - DEBUG - Training gate epoch 80
2026-07-14 12:19:08,012 - debug - DEBUG - Loss components: mix_nll=1.3840, ent_reg=-0.7503, bal_reg=0.0112
2026-07-14 12:19:08,293 - debug - DEBUG - Gate Epoch 80 completed: avg_loss=1.6967, avg_acc=64.15%
2026-07-14 12:19:10,251 - debug - DEBUG - Epoch 80: validation acc=40.72%
2026-07-14 12:19:10,251 - debug - DEBUG - Training gate epoch 81
2026-07-14 12:19:10,551 - debug - DEBUG - Loss components: mix_nll=1.7213, ent_reg=-0.7140, bal_reg=0.0484
2026-07-14 12:19:10,801 - debug - DEBUG - Gate Epoch 81 completed: avg_loss=1.7471, avg_acc=64.70%
2026-07-14 12:19:12,710 - debug - DEBUG - Epoch 81: validation acc=40.69%
2026-07-14 12:19:12,710 - debug - DEBUG - Training gate epoch 82
2026-07-14 12:19:12,993 - debug - DEBUG - Loss components: mix_nll=1.8484, ent_reg=-0.6457, bal_reg=0.0854
2026-07-14 12:19:13,226 - debug - DEBUG - Gate Epoch 82 completed: avg_loss=1.7480, avg_acc=64.61%
2026-07-14 12:19:15,181 - debug - DEBUG - Epoch 82: validation acc=40.71%
2026-07-14 12:19:15,182 - debug - DEBUG - Training gate epoch 83
2026-07-14 12:19:15,464 - debug - DEBUG - Loss components: mix_nll=1.7791, ent_reg=-0.7671, bal_reg=0.0189
2026-07-14 12:19:15,665 - debug - DEBUG - Gate Epoch 83 completed: avg_loss=1.7726, avg_acc=64.15%
2026-07-14 12:19:17,511 - debug - DEBUG - Epoch 83: validation acc=40.65%
2026-07-14 12:19:17,511 - debug - DEBUG - Training gate epoch 84
2026-07-14 12:19:17,779 - debug - DEBUG - Loss components: mix_nll=1.9425, ent_reg=-0.6917, bal_reg=0.0869
2026-07-14 12:19:18,076 - debug - DEBUG - Gate Epoch 84 completed: avg_loss=1.6767, avg_acc=64.61%
2026-07-14 12:19:20,101 - debug - DEBUG - Epoch 84: validation acc=40.62%
2026-07-14 12:19:20,101 - debug - DEBUG - Training gate epoch 85
2026-07-14 12:19:20,347 - debug - DEBUG - Loss components: mix_nll=1.7103, ent_reg=-0.7150, bal_reg=0.0585
2026-07-14 12:19:20,635 - debug - DEBUG - Gate Epoch 85 completed: avg_loss=1.6576, avg_acc=66.08%
2026-07-14 12:19:22,590 - debug - DEBUG - Epoch 85: validation acc=40.68%
2026-07-14 12:19:22,590 - debug - DEBUG - Training gate epoch 86
2026-07-14 12:19:22,838 - debug - DEBUG - Loss components: mix_nll=1.7280, ent_reg=-0.7427, bal_reg=0.0391
2026-07-14 12:19:23,121 - debug - DEBUG - Gate Epoch 86 completed: avg_loss=1.7550, avg_acc=63.59%
2026-07-14 12:19:25,018 - debug - DEBUG - Epoch 86: validation acc=40.67%
2026-07-14 12:19:25,018 - debug - DEBUG - Training gate epoch 87
2026-07-14 12:19:25,285 - debug - DEBUG - Loss components: mix_nll=2.0411, ent_reg=-0.6893, bal_reg=0.0596
2026-07-14 12:19:25,543 - debug - DEBUG - Gate Epoch 87 completed: avg_loss=1.6997, avg_acc=64.06%
2026-07-14 12:19:27,480 - debug - DEBUG - Epoch 87: validation acc=40.67%
2026-07-14 12:19:27,480 - debug - DEBUG - Training gate epoch 88
2026-07-14 12:19:27,755 - debug - DEBUG - Loss components: mix_nll=1.3756, ent_reg=-0.7221, bal_reg=0.0420
2026-07-14 12:19:28,008 - debug - DEBUG - Gate Epoch 88 completed: avg_loss=1.6723, avg_acc=65.16%
2026-07-14 12:19:29,942 - debug - DEBUG - Epoch 88: validation acc=40.67%
2026-07-14 12:19:29,942 - debug - DEBUG - Training gate epoch 89
2026-07-14 12:19:30,228 - debug - DEBUG - Loss components: mix_nll=1.6607, ent_reg=-0.6664, bal_reg=0.0859
2026-07-14 12:19:30,521 - debug - DEBUG - Gate Epoch 89 completed: avg_loss=1.7277, avg_acc=63.96%
2026-07-14 12:19:32,526 - debug - DEBUG - Epoch 89: validation acc=40.68%
2026-07-14 12:19:32,526 - debug - DEBUG - Training gate epoch 90
2026-07-14 12:19:32,805 - debug - DEBUG - Loss components: mix_nll=1.7782, ent_reg=-0.7251, bal_reg=0.0473
2026-07-14 12:19:32,996 - debug - DEBUG - Gate Epoch 90 completed: avg_loss=1.6933, avg_acc=64.24%
2026-07-14 12:19:34,951 - debug - DEBUG - Epoch 90: validation acc=40.67%
2026-07-14 12:19:34,951 - debug - DEBUG - Training gate epoch 91
2026-07-14 12:19:35,235 - debug - DEBUG - Loss components: mix_nll=1.6987, ent_reg=-0.7191, bal_reg=0.0554
2026-07-14 12:19:35,456 - debug - DEBUG - Gate Epoch 91 completed: avg_loss=1.6521, avg_acc=65.81%
2026-07-14 12:19:37,410 - debug - DEBUG - Epoch 91: validation acc=40.68%
2026-07-14 12:19:37,410 - debug - DEBUG - Training gate epoch 92
2026-07-14 12:19:37,684 - debug - DEBUG - Loss components: mix_nll=1.6144, ent_reg=-0.7370, bal_reg=0.0356
2026-07-14 12:19:37,946 - debug - DEBUG - Gate Epoch 92 completed: avg_loss=1.7157, avg_acc=63.13%
2026-07-14 12:19:39,982 - debug - DEBUG - Epoch 92: validation acc=40.68%
2026-07-14 12:19:39,983 - debug - DEBUG - Training gate epoch 93
2026-07-14 12:19:40,238 - debug - DEBUG - Loss components: mix_nll=1.8702, ent_reg=-0.6366, bal_reg=0.1149
2026-07-14 12:19:40,461 - debug - DEBUG - Gate Epoch 93 completed: avg_loss=1.6550, avg_acc=64.98%
2026-07-14 12:19:42,431 - debug - DEBUG - Epoch 93: validation acc=40.66%
2026-07-14 12:19:42,431 - debug - DEBUG - Training gate epoch 94
2026-07-14 12:19:42,719 - debug - DEBUG - Loss components: mix_nll=1.8739, ent_reg=-0.6838, bal_reg=0.0641
2026-07-14 12:19:42,929 - debug - DEBUG - Gate Epoch 94 completed: avg_loss=1.7069, avg_acc=64.15%
2026-07-14 12:19:44,847 - debug - DEBUG - Epoch 94: validation acc=40.66%
2026-07-14 12:19:44,848 - debug - DEBUG - Training gate epoch 95
2026-07-14 12:19:45,120 - debug - DEBUG - Loss components: mix_nll=1.8438, ent_reg=-0.6761, bal_reg=0.0617
2026-07-14 12:19:45,373 - debug - DEBUG - Gate Epoch 95 completed: avg_loss=1.6928, avg_acc=64.88%
2026-07-14 12:19:47,227 - debug - DEBUG - Epoch 95: validation acc=40.66%
2026-07-14 12:19:47,227 - debug - DEBUG - Training gate epoch 96
2026-07-14 12:19:47,483 - debug - DEBUG - Loss components: mix_nll=2.0621, ent_reg=-0.6865, bal_reg=0.0649
2026-07-14 12:19:47,754 - debug - DEBUG - Gate Epoch 96 completed: avg_loss=1.6929, avg_acc=64.42%
2026-07-14 12:19:49,604 - debug - DEBUG - Epoch 96: validation acc=40.66%
2026-07-14 12:19:49,605 - debug - DEBUG - Training gate epoch 97
2026-07-14 12:19:49,880 - debug - DEBUG - Loss components: mix_nll=1.4978, ent_reg=-0.7571, bal_reg=0.0329
2026-07-14 12:19:50,083 - debug - DEBUG - Gate Epoch 97 completed: avg_loss=1.6722, avg_acc=63.87%
2026-07-14 12:19:52,065 - debug - DEBUG - Epoch 97: validation acc=40.66%
2026-07-14 12:19:52,065 - debug - DEBUG - Training gate epoch 98
2026-07-14 12:19:52,350 - debug - DEBUG - Loss components: mix_nll=1.4247, ent_reg=-0.7240, bal_reg=0.0389
2026-07-14 12:19:52,644 - debug - DEBUG - Gate Epoch 98 completed: avg_loss=1.6928, avg_acc=64.52%
2026-07-14 12:19:54,554 - debug - DEBUG - Epoch 98: validation acc=40.67%
2026-07-14 12:19:54,554 - debug - DEBUG - Training gate epoch 99
2026-07-14 12:19:54,832 - debug - DEBUG - Loss components: mix_nll=1.7114, ent_reg=-0.6820, bal_reg=0.0623
2026-07-14 12:19:55,037 - debug - DEBUG - Gate Epoch 99 completed: avg_loss=1.5805, avg_acc=65.99%
2026-07-14 12:19:56,969 - debug - DEBUG - Epoch 99: validation acc=40.67%
2026-07-14 12:19:56,969 - debug - DEBUG - Gate training complete.
