2026-07-26 15:38:33,247 - debug - DEBUG - train_data is not Subset, type=<class 'imbalanceddl.dataset.imbalance_cifar.IMBALANCECIFAR100'>
2026-07-26 15:38:33,252 - debug - DEBUG - unique_labels (first 10): [0 1 2 3 4 5 6 7 8 9]
2026-07-26 15:38:33,252 - debug - DEBUG - train_class_count (first 10): [500, 477, 455, 434, 415, 396, 378, 361, 344, 328]
2026-07-26 15:38:33,253 - debug - DEBUG - test_class_count (first 10): [80, 80, 80, 80, 80, 80, 80, 80, 80, 80]
2026-07-26 15:38:33,253 - debug - DEBUG - per-class accuracy (first 10): [0.925, 0.8125, 0.6625, 0.6375, 0.725, 0.6875, 0.8625, 0.7375, 0.8375, 0.7875]
2026-07-26 15:38:33,253 - debug - DEBUG - many_shot_thr=100, low_shot_thr=20
2026-07-26 15:38:33,253 - debug - DEBUG - many_shot classes (first 10 indices): [0, 1, 2, 3, 4, 5, 6, 7, 8, 9] count=35
2026-07-26 15:38:33,253 - debug - DEBUG - median_shot classes (first 10 indices): [35, 36, 37, 38, 39, 40, 41, 42, 43, 44] count=35
2026-07-26 15:38:33,253 - debug - DEBUG - low_shot classes (first 10 indices): [70, 71, 72, 73, 74, 75, 76, 77, 78, 79] count=30
2026-07-26 15:38:33,253 - debug - DEBUG - many_shot acc (first 10): [0.925, 0.8125, 0.6625, 0.6375, 0.725, 0.6875, 0.8625, 0.7375, 0.8375, 0.7875]
2026-07-26 15:38:33,253 - debug - DEBUG - median_shot acc (first 10): [0.1875, 0.55, 0.4875, 0.3, 0.5125, 0.325, 0.625, 0.4875, 0.6, 0.1]
2026-07-26 15:38:33,253 - debug - DEBUG - low_shot acc (first 10): [0.125, 0.1, 0.0, 0.1375, 0.025, 0.25, 0.3875, 0.025, 0.0125, 0.0125]
2026-07-26 15:38:33,253 - debug - DEBUG - many_acc=0.6561, median_acc=0.3600, low_acc=0.0717
2026-07-26 15:38:33,279 - debug - DEBUG - train_data is not Subset, type=<class 'imbalanceddl.dataset.imbalance_cifar.IMBALANCECIFAR100'>
2026-07-26 15:38:33,290 - debug - DEBUG - unique_labels (first 10): [0 1 2 3 4 5 6 7 8 9]
2026-07-26 15:38:33,290 - debug - DEBUG - train_class_count (first 10): [500, 477, 455, 434, 415, 396, 378, 361, 344, 328]
2026-07-26 15:38:33,290 - debug - DEBUG - test_class_count (first 10): [80, 80, 80, 80, 80, 80, 80, 80, 80, 80]
2026-07-26 15:38:33,290 - debug - DEBUG - per-class accuracy (first 10): [0.675, 0.7375, 0.4625, 0.275, 0.3375, 0.6375, 0.65, 0.5625, 0.675, 0.6625]
2026-07-26 15:38:33,290 - debug - DEBUG - many_shot_thr=100, low_shot_thr=20
2026-07-26 15:38:33,291 - debug - DEBUG - many_shot classes (first 10 indices): [0, 1, 2, 3, 4, 5, 6, 7, 8, 9] count=35
2026-07-26 15:38:33,291 - debug - DEBUG - median_shot classes (first 10 indices): [35, 36, 37, 38, 39, 40, 41, 42, 43, 44] count=35
2026-07-26 15:38:33,291 - debug - DEBUG - low_shot classes (first 10 indices): [70, 71, 72, 73, 74, 75, 76, 77, 78, 79] count=30
2026-07-26 15:38:33,291 - debug - DEBUG - many_shot acc (first 10): [0.675, 0.7375, 0.4625, 0.275, 0.3375, 0.6375, 0.65, 0.5625, 0.675, 0.6625]
2026-07-26 15:38:33,291 - debug - DEBUG - median_shot acc (first 10): [0.275, 0.55, 0.4875, 0.1625, 0.525, 0.225, 0.6, 0.425, 0.4875, 0.2]
2026-07-26 15:38:33,291 - debug - DEBUG - low_shot acc (first 10): [0.25, 0.475, 0.1, 0.3125, 0.25, 0.4875, 0.6875, 0.1625, 0.1625, 0.375]
2026-07-26 15:38:33,291 - debug - DEBUG - many_acc=0.5125, median_acc=0.4114, low_acc=0.3450
2026-07-26 15:38:33,317 - debug - DEBUG - train_data is not Subset, type=<class 'imbalanceddl.dataset.imbalance_cifar.IMBALANCECIFAR100'>
2026-07-26 15:38:33,322 - debug - DEBUG - unique_labels (first 10): [0 1 2 3 4 5 6 7 8 9]
2026-07-26 15:38:33,322 - debug - DEBUG - train_class_count (first 10): [500, 477, 455, 434, 415, 396, 378, 361, 344, 328]
2026-07-26 15:38:33,322 - debug - DEBUG - test_class_count (first 10): [80, 80, 80, 80, 80, 80, 80, 80, 80, 80]
2026-07-26 15:38:33,322 - debug - DEBUG - per-class accuracy (first 10): [0.7875, 0.7625, 0.575, 0.5125, 0.525, 0.7, 0.675, 0.6625, 0.75, 0.725]
2026-07-26 15:38:33,322 - debug - DEBUG - many_shot_thr=100, low_shot_thr=20
2026-07-26 15:38:33,322 - debug - DEBUG - many_shot classes (first 10 indices): [0, 1, 2, 3, 4, 5, 6, 7, 8, 9] count=35
2026-07-26 15:38:33,322 - debug - DEBUG - median_shot classes (first 10 indices): [35, 36, 37, 38, 39, 40, 41, 42, 43, 44] count=35
2026-07-26 15:38:33,322 - debug - DEBUG - low_shot classes (first 10 indices): [70, 71, 72, 73, 74, 75, 76, 77, 78, 79] count=30
2026-07-26 15:38:33,322 - debug - DEBUG - many_shot acc (first 10): [0.7875, 0.7625, 0.575, 0.5125, 0.525, 0.7, 0.675, 0.6625, 0.75, 0.725]
2026-07-26 15:38:33,322 - debug - DEBUG - median_shot acc (first 10): [0.2, 0.5625, 0.5375, 0.3375, 0.5125, 0.3125, 0.675, 0.6, 0.5375, 0.1375]
2026-07-26 15:38:33,322 - debug - DEBUG - low_shot acc (first 10): [0.275, 0.4625, 0.1375, 0.2625, 0.1125, 0.4, 0.5, 0.15, 0.15, 0.2875]
2026-07-26 15:38:33,323 - debug - DEBUG - many_acc=0.5911, median_acc=0.4257, low_acc=0.2696
2026-07-26 15:38:33,342 - debug - DEBUG - train_data is not Subset, type=<class 'imbalanceddl.dataset.imbalance_cifar.IMBALANCECIFAR100'>
2026-07-26 15:38:33,347 - debug - DEBUG - unique_labels (first 10): [0 1 2 3 4 5 6 7 8 9]
2026-07-26 15:38:33,347 - debug - DEBUG - train_class_count (first 10): [500, 477, 455, 434, 415, 396, 378, 361, 344, 328]
2026-07-26 15:38:33,347 - debug - DEBUG - test_class_count (first 10): [80, 80, 80, 80, 80, 80, 80, 80, 80, 80]
2026-07-26 15:38:33,347 - debug - DEBUG - per-class accuracy (first 10): [0.8875, 0.8625, 0.6375, 0.6625, 0.7, 0.775, 0.8125, 0.775, 0.8125, 0.8]
2026-07-26 15:38:33,347 - debug - DEBUG - many_shot_thr=100, low_shot_thr=20
2026-07-26 15:38:33,347 - debug - DEBUG - many_shot classes (first 10 indices): [0, 1, 2, 3, 4, 5, 6, 7, 8, 9] count=35
2026-07-26 15:38:33,348 - debug - DEBUG - median_shot classes (first 10 indices): [35, 36, 37, 38, 39, 40, 41, 42, 43, 44] count=35
2026-07-26 15:38:33,348 - debug - DEBUG - low_shot classes (first 10 indices): [70, 71, 72, 73, 74, 75, 76, 77, 78, 79] count=30
2026-07-26 15:38:33,348 - debug - DEBUG - many_shot acc (first 10): [0.8875, 0.8625, 0.6375, 0.6625, 0.7, 0.775, 0.8125, 0.775, 0.8125, 0.8]
2026-07-26 15:38:33,348 - debug - DEBUG - median_shot acc (first 10): [0.2375, 0.65, 0.5625, 0.2875, 0.6, 0.35, 0.7125, 0.6125, 0.6125, 0.2]
2026-07-26 15:38:33,348 - debug - DEBUG - low_shot acc (first 10): [0.225, 0.35, 0.075, 0.2375, 0.1, 0.4625, 0.6375, 0.0375, 0.1625, 0.2625]
2026-07-26 15:38:33,348 - debug - DEBUG - many_acc=0.6746, median_acc=0.4625, low_acc=0.2604
2026-07-26 15:38:33,360 - debug - DEBUG - train_data is not Subset, type=<class 'imbalanceddl.dataset.imbalance_cifar.IMBALANCECIFAR100'>
2026-07-26 15:38:33,366 - debug - DEBUG - unique_labels (first 10): [0 1 2 3 4 5 6 7 8 9]
2026-07-26 15:38:33,366 - debug - DEBUG - train_class_count (first 10): [500, 477, 455, 434, 415, 396, 378, 361, 344, 328]
2026-07-26 15:38:33,366 - debug - DEBUG - test_class_count (first 10): [80, 80, 80, 80, 80, 80, 80, 80, 80, 80]
2026-07-26 15:38:33,366 - debug - DEBUG - per-class accuracy (first 10): [0.9, 0.85, 0.675, 0.7, 0.7125, 0.7375, 0.8375, 0.7375, 0.8125, 0.825]
2026-07-26 15:38:33,366 - debug - DEBUG - many_shot_thr=100, low_shot_thr=20
2026-07-26 15:38:33,366 - debug - DEBUG - many_shot classes (first 10 indices): [0, 1, 2, 3, 4, 5, 6, 7, 8, 9] count=35
2026-07-26 15:38:33,366 - debug - DEBUG - median_shot classes (first 10 indices): [35, 36, 37, 38, 39, 40, 41, 42, 43, 44] count=35
2026-07-26 15:38:33,366 - debug - DEBUG - low_shot classes (first 10 indices): [70, 71, 72, 73, 74, 75, 76, 77, 78, 79] count=30
2026-07-26 15:38:33,366 - debug - DEBUG - many_shot acc (first 10): [0.9, 0.85, 0.675, 0.7, 0.7125, 0.7375, 0.8375, 0.7375, 0.8125, 0.825]
2026-07-26 15:38:33,366 - debug - DEBUG - median_shot acc (first 10): [0.2375, 0.6125, 0.5625, 0.325, 0.5375, 0.3, 0.7, 0.5625, 0.6375, 0.15]
2026-07-26 15:38:33,366 - debug - DEBUG - low_shot acc (first 10): [0.225, 0.325, 0.0375, 0.2, 0.0875, 0.375, 0.55, 0.0375, 0.1625, 0.2125]
2026-07-26 15:38:33,366 - debug - DEBUG - many_acc=0.6746, median_acc=0.4379, low_acc=0.2225
