2026-07-17 09:45:35,428 - debug - DEBUG - Debug logging enabled for this run.
2026-07-17 09:45:36,249 - debug - DEBUG - GateTrainer initialization started.
2026-07-17 09:45:38,357 - debug - DEBUG - train_dataset type: <class 'imbalanceddl.dataset.imbalance_cifar.IMBALANCECIFAR100'>
2026-07-17 09:45:38,357 - debug - DEBUG - val_dataset type: <class 'torchvision.datasets.cifar.CIFAR100'>
2026-07-17 09:45:38,357 - debug - DEBUG - train_dataset.targets length: 10847
2026-07-17 09:45:38,358 - debug - DEBUG - Number of train loader batches: 85
2026-07-17 09:45:38,549 - debug - DEBUG - First batch class counts: {0: 4, 1: 5, 2: 5, 3: 5, 4: 8, 5: 6, 6: 4, 7: 2, 8: 6, 9: 3, 10: 5, 11: 5, 12: 3, 13: 3, 14: 2, 15: 3, 16: 2, 17: 3, 18: 2, 19: 4, 21: 2, 22: 1, 23: 4, 24: 1, 25: 1, 26: 3, 27: 3, 28: 4, 29: 3, 30: 4, 31: 1, 35: 1, 37: 1, 38: 1, 39: 1, 43: 1, 44: 1, 46: 1, 47: 1, 51: 1, 52: 1, 53: 1, 54: 1, 55: 1, 56: 1, 64: 1, 65: 1, 70: 1, 71: 1, 72: 1, 73: 1, 79: 1}
2026-07-17 09:45:38,619 - debug - DEBUG - Validation loader created. Length: 100
2026-07-17 09:45:40,932 - debug - DEBUG - ======================================================================
2026-07-17 09:45:40,933 - debug - DEBUG - DETAILED DEBUGGING POSTERIOR EXTRACTION (First Batch)
2026-07-17 09:45:40,933 - debug - DEBUG - True Label for Sample 0: 20
2026-07-17 09:45:40,933 - debug - DEBUG - --- Expert 0 ---
2026-07-17 09:45:40,934 - debug - DEBUG -   Predicted Class: 20 (Adj Prob: 1.0000)
2026-07-17 09:45:40,934 - debug - DEBUG -   -> Raw Logit (Pred): 26.7619 | Log Prior (Pred): -4.0084
2026-07-17 09:45:40,934 - debug - DEBUG -   True Class: 20 (Adj Prob: 1.0000)
2026-07-17 09:45:40,934 - debug - DEBUG -   -> Raw Logit (True): 26.7619 | Log Prior (True): -4.0084
2026-07-17 09:45:40,934 - debug - DEBUG - --- Expert 1 ---
2026-07-17 09:45:40,934 - debug - DEBUG -   Predicted Class: 20 (Adj Prob: 1.0000)
2026-07-17 09:45:40,935 - debug - DEBUG -   -> Raw Logit (Pred): 28.4483 | Log Prior (Pred): -4.0084
2026-07-17 09:45:40,935 - debug - DEBUG -   True Class: 20 (Adj Prob: 1.0000)
2026-07-17 09:45:40,935 - debug - DEBUG -   -> Raw Logit (True): 28.4483 | Log Prior (True): -4.0084
2026-07-17 09:45:40,935 - debug - DEBUG - --- Expert 2 ---
2026-07-17 09:45:40,935 - debug - DEBUG -   Predicted Class: 20 (Adj Prob: 1.0000)
2026-07-17 09:45:40,935 - debug - DEBUG -   -> Raw Logit (Pred): 25.1607 | Log Prior (Pred): -4.0084
2026-07-17 09:45:40,935 - debug - DEBUG -   True Class: 20 (Adj Prob: 1.0000)
2026-07-17 09:45:40,935 - debug - DEBUG -   -> Raw Logit (True): 25.1607 | Log Prior (True): -4.0084
2026-07-17 09:45:40,936 - debug - DEBUG - --- Gate & Mixture ---
2026-07-17 09:45:40,937 - debug - DEBUG - Gate Weights: [0.33423427 0.33613667 0.329629  ]
2026-07-17 09:45:40,937 - debug - DEBUG - Mixture Prob (True Class): 1.0000
2026-07-17 09:45:40,937 - debug - DEBUG - ======================================================================
2026-07-17 09:45:42,328 - debug - DEBUG - ======================================================================
2026-07-17 09:45:42,329 - debug - DEBUG - DETAILED DEBUGGING POSTERIOR EXTRACTION (First Batch)
2026-07-17 09:45:42,329 - debug - DEBUG - True Label for Sample 0: 12
2026-07-17 09:45:42,331 - debug - DEBUG - --- Expert 0 ---
2026-07-17 09:45:42,331 - debug - DEBUG -   Predicted Class: 12 (Adj Prob: 1.0000)
2026-07-17 09:45:42,331 - debug - DEBUG -   -> Raw Logit (Pred): 24.1192 | Log Prior (Pred): -3.6357
2026-07-17 09:45:42,332 - debug - DEBUG -   True Class: 12 (Adj Prob: 1.0000)
2026-07-17 09:45:42,332 - debug - DEBUG -   -> Raw Logit (True): 24.1192 | Log Prior (True): -3.6357
2026-07-17 09:45:42,334 - debug - DEBUG - --- Expert 1 ---
2026-07-17 09:45:42,334 - debug - DEBUG -   Predicted Class: 12 (Adj Prob: 1.0000)
2026-07-17 09:45:42,334 - debug - DEBUG -   -> Raw Logit (Pred): 26.3196 | Log Prior (Pred): -3.6357
2026-07-17 09:45:42,334 - debug - DEBUG -   True Class: 12 (Adj Prob: 1.0000)
2026-07-17 09:45:42,335 - debug - DEBUG -   -> Raw Logit (True): 26.3196 | Log Prior (True): -3.6357
2026-07-17 09:45:42,337 - debug - DEBUG - --- Expert 2 ---
2026-07-17 09:45:42,337 - debug - DEBUG -   Predicted Class: 12 (Adj Prob: 1.0000)
2026-07-17 09:45:42,337 - debug - DEBUG -   -> Raw Logit (Pred): 22.0789 | Log Prior (Pred): -3.6357
2026-07-17 09:45:42,337 - debug - DEBUG -   True Class: 12 (Adj Prob: 1.0000)
2026-07-17 09:45:42,337 - debug - DEBUG -   -> Raw Logit (True): 22.0789 | Log Prior (True): -3.6357
2026-07-17 09:45:42,338 - debug - DEBUG - --- Gate & Mixture ---
2026-07-17 09:45:42,339 - debug - DEBUG - Gate Weights: [0.33423483 0.33610183 0.3296633 ]
2026-07-17 09:45:42,339 - debug - DEBUG - Mixture Prob (True Class): 1.0000
2026-07-17 09:45:42,339 - debug - DEBUG - ======================================================================
2026-07-17 09:45:43,238 - debug - DEBUG - Test Mixture NLL: 3.9536
