2026-07-20 15:09:36,609 - debug - DEBUG - train_data is not Subset, type=<class 'imbalanceddl.dataset.imbalance_cifar.IMBALANCECIFAR100'>
2026-07-20 15:09:36,615 - debug - DEBUG - unique_labels (first 10): [0 1 2 3 4 5 6 7 8 9]
2026-07-20 15:09:36,615 - debug - DEBUG - train_class_count (first 10): [500, 477, 455, 434, 415, 396, 378, 361, 344, 328]
2026-07-20 15:09:36,615 - debug - DEBUG - test_class_count (first 10): [100, 100, 100, 100, 100, 100, 100, 100, 100, 100]
2026-07-20 15:09:36,615 - debug - DEBUG - per-class accuracy (first 10): [0.89, 0.84, 0.54, 0.48, 0.6, 0.76, 0.79, 0.67, 0.78, 0.76]
2026-07-20 15:09:36,615 - debug - DEBUG - many_shot_thr=100, low_shot_thr=20
2026-07-20 15:09:36,615 - debug - DEBUG - many_shot classes (first 10 indices): [0, 1, 2, 3, 4, 5, 6, 7, 8, 9] count=35
2026-07-20 15:09:36,616 - debug - DEBUG - median_shot classes (first 10 indices): [35, 36, 37, 38, 39, 40, 41, 42, 43, 44] count=35
2026-07-20 15:09:36,616 - debug - DEBUG - low_shot classes (first 10 indices): [70, 71, 72, 73, 74, 75, 76, 77, 78, 79] count=30
2026-07-20 15:09:36,616 - debug - DEBUG - many_shot acc (first 10): [0.89, 0.84, 0.54, 0.48, 0.6, 0.76, 0.79, 0.67, 0.78, 0.76]
2026-07-20 15:09:36,616 - debug - DEBUG - median_shot acc (first 10): [0.24, 0.53, 0.54, 0.31, 0.57, 0.37, 0.65, 0.55, 0.5, 0.18]
2026-07-20 15:09:36,616 - debug - DEBUG - low_shot acc (first 10): [0.22, 0.15, 0.05, 0.26, 0.06, 0.29, 0.49, 0.1, 0.16, 0.18]
2026-07-20 15:09:36,616 - debug - DEBUG - many_acc=0.6111, median_acc=0.3951, low_acc=0.2000
2026-07-20 15:09:36,617 - debug - DEBUG - train_data is not Subset, type=<class 'imbalanceddl.dataset.imbalance_cifar.IMBALANCECIFAR100'>
2026-07-20 15:09:36,623 - debug - DEBUG - unique_labels (first 10): [0 1 2 3 4 5 6 7 8 9]
2026-07-20 15:09:36,623 - debug - DEBUG - train_class_count (first 10): [500, 477, 455, 434, 415, 396, 378, 361, 344, 328]
2026-07-20 15:09:36,623 - debug - DEBUG - test_class_count (first 10): [100, 100, 100, 100, 100, 100, 100, 100, 100, 100]
2026-07-20 15:09:36,623 - debug - DEBUG - per-class accuracy (first 10): [0.87, 0.77, 0.57, 0.51, 0.62, 0.71, 0.69, 0.78, 0.75, 0.77]
2026-07-20 15:09:36,623 - debug - DEBUG - many_shot_thr=100, low_shot_thr=20
2026-07-20 15:09:36,623 - debug - DEBUG - many_shot classes (first 10 indices): [0, 1, 2, 3, 4, 5, 6, 7, 8, 9] count=35
2026-07-20 15:09:36,623 - debug - DEBUG - median_shot classes (first 10 indices): [35, 36, 37, 38, 39, 40, 41, 42, 43, 44] count=35
2026-07-20 15:09:36,623 - debug - DEBUG - low_shot classes (first 10 indices): [70, 71, 72, 73, 74, 75, 76, 77, 78, 79] count=30
2026-07-20 15:09:36,623 - debug - DEBUG - many_shot acc (first 10): [0.87, 0.77, 0.57, 0.51, 0.62, 0.71, 0.69, 0.78, 0.75, 0.77]
2026-07-20 15:09:36,623 - debug - DEBUG - median_shot acc (first 10): [0.1, 0.57, 0.48, 0.3, 0.59, 0.32, 0.7, 0.46, 0.49, 0.15]
2026-07-20 15:09:36,623 - debug - DEBUG - low_shot acc (first 10): [0.26, 0.26, 0.14, 0.27, 0.17, 0.38, 0.52, 0.15, 0.14, 0.31]
2026-07-20 15:09:36,623 - debug - DEBUG - many_acc=0.5911, median_acc=0.3926, low_acc=0.2423
2026-07-20 15:09:36,625 - debug - DEBUG - train_data is not Subset, type=<class 'imbalanceddl.dataset.imbalance_cifar.IMBALANCECIFAR100'>
2026-07-20 15:09:36,630 - debug - DEBUG - unique_labels (first 10): [0 1 2 3 4 5 6 7 8 9]
2026-07-20 15:09:36,630 - debug - DEBUG - train_class_count (first 10): [500, 477, 455, 434, 415, 396, 378, 361, 344, 328]
2026-07-20 15:09:36,631 - debug - DEBUG - test_class_count (first 10): [100, 100, 100, 100, 100, 100, 100, 100, 100, 100]
2026-07-20 15:09:36,631 - debug - DEBUG - per-class accuracy (first 10): [0.89, 0.83, 0.64, 0.47, 0.55, 0.68, 0.7, 0.66, 0.77, 0.75]
2026-07-20 15:09:36,631 - debug - DEBUG - many_shot_thr=100, low_shot_thr=20
2026-07-20 15:09:36,631 - debug - DEBUG - many_shot classes (first 10 indices): [0, 1, 2, 3, 4, 5, 6, 7, 8, 9] count=35
2026-07-20 15:09:36,631 - debug - DEBUG - median_shot classes (first 10 indices): [35, 36, 37, 38, 39, 40, 41, 42, 43, 44] count=35
2026-07-20 15:09:36,631 - debug - DEBUG - low_shot classes (first 10 indices): [70, 71, 72, 73, 74, 75, 76, 77, 78, 79] count=30
2026-07-20 15:09:36,631 - debug - DEBUG - many_shot acc (first 10): [0.89, 0.83, 0.64, 0.47, 0.55, 0.68, 0.7, 0.66, 0.77, 0.75]
2026-07-20 15:09:36,631 - debug - DEBUG - median_shot acc (first 10): [0.28, 0.61, 0.5, 0.27, 0.57, 0.37, 0.65, 0.4, 0.55, 0.18]
2026-07-20 15:09:36,631 - debug - DEBUG - low_shot acc (first 10): [0.24, 0.37, 0.12, 0.27, 0.11, 0.42, 0.49, 0.21, 0.22, 0.37]
2026-07-20 15:09:36,631 - debug - DEBUG - many_acc=0.5974, median_acc=0.4217, low_acc=0.2807
