Log file: cifar10_sava1.0_randomoversampling_selection_exp0.01_seed42_20260526_095028.log
Run started: 2026-05-26 09:50:28.658453
Dataset: cifar10
Imbalance type: exp, factor: 0.01
Selection method: sava, ratio: 1.0
Strategy: RandomOversampling_Selection, epochs: 200
Seed: 42, rand_number: 0
Augmentation: weak
Noise ratio: 0.2
mamix_ratio: 1.0
============================================================

=> Preparing logger and tensorboard writer !
----------------------------------------------------
Class ID   | Original   | Selected   | Keep %  
----------------------------------------------------
0          | 5016       | 5016       |   100.0%
1          | 4991       | 4991       |   100.0%
2          | 4968       | 4968       |   100.0%
3          | 5021       | 5021       |   100.0%
4          | 4973       | 4973       |   100.0%
5          | 5068       | 5068       |   100.0%
6          | 4982       | 4982       |   100.0%
7          | 5013       | 5013       |   100.0%
8          | 5032       | 5032       |   100.0%
9          | 4936       | 4936       |   100.0%
----------------------------------------------------
TOTAL      | 50000      | 50000      |   100.0%
----------------------------------------------------
Epoch [0] Training Results: Prec@1 30.790 Prec@5 77.330             Loss 1.98587
Epoch [0] Training Class Recall: [0.341,0.397,0.141,0.163,0.227,0.256,0.359,0.357,0.415,0.424]
Epoch [0] Testing Results: Prec@1 40.580 Prec@5 88.710             Loss 1.65869
Epoch [0] Testing Class Recall: [0.433,0.305,0.281,0.491,0.431,0.378,0.537,0.189,0.589,0.424]
Epoch [1] Training Results: Prec@1 43.524 Prec@5 83.714             Loss 1.74071
Epoch [1] Training Class Recall: [0.441,0.533,0.272,0.257,0.274,0.346,0.514,0.496,0.574,0.648]
Epoch [1] Testing Results: Prec@1 45.970 Prec@5 88.490             Loss 1.59182
Epoch [1] Testing Class Recall: [0.717,0.558,0.461,0.090,0.353,0.519,0.667,0.738,0.361,0.133]
Epoch [2] Training Results: Prec@1 51.818 Prec@5 86.112             Loss 1.57455
Epoch [2] Training Class Recall: [0.520,0.631,0.353,0.315,0.378,0.419,0.569,0.574,0.702,0.723]
Epoch [2] Testing Results: Prec@1 48.310 Prec@5 90.920             Loss 1.59445
Epoch [2] Testing Class Recall: [0.414,0.661,0.699,0.012,0.454,0.379,0.551,0.806,0.530,0.325]
Epoch [3] Training Results: Prec@1 57.020 Prec@5 87.250             Loss 1.46380
Epoch [3] Training Class Recall: [0.559,0.672,0.407,0.361,0.462,0.481,0.610,0.646,0.743,0.763]
Epoch [3] Testing Results: Prec@1 56.780 Prec@5 93.620             Loss 1.31048
Epoch [3] Testing Class Recall: [0.585,0.766,0.410,0.295,0.627,0.394,0.827,0.595,0.617,0.562]
Epoch [4] Training Results: Prec@1 60.226 Prec@5 87.870             Loss 1.39964
Epoch [4] Training Class Recall: [0.586,0.698,0.434,0.413,0.514,0.506,0.645,0.691,0.764,0.774]
Epoch [4] Testing Results: Prec@1 57.430 Prec@5 93.410             Loss 1.29164
Epoch [4] Testing Class Recall: [0.582,0.929,0.383,0.400,0.357,0.575,0.741,0.606,0.691,0.479]
Epoch [5] Training Results: Prec@1 63.694 Prec@5 88.260             Loss 1.32286
Epoch [5] Training Class Recall: [0.618,0.720,0.480,0.458,0.576,0.552,0.683,0.727,0.776,0.781]
Epoch [5] Testing Results: Prec@1 62.960 Prec@5 95.100             Loss 1.16340
Epoch [5] Testing Class Recall: [0.781,0.935,0.451,0.678,0.499,0.524,0.743,0.659,0.537,0.489]
Epoch [6] Training Results: Prec@1 66.064 Prec@5 88.592             Loss 1.27067
Epoch [6] Training Class Recall: [0.645,0.730,0.520,0.500,0.606,0.583,0.715,0.744,0.780,0.785]
Epoch [6] Testing Results: Prec@1 61.650 Prec@5 94.770             Loss 1.18882
Epoch [6] Testing Class Recall: [0.762,0.902,0.351,0.557,0.474,0.664,0.814,0.363,0.654,0.624]
Epoch [7] Training Results: Prec@1 67.830 Prec@5 88.922             Loss 1.22965
Epoch [7] Training Class Recall: [0.647,0.737,0.563,0.527,0.637,0.621,0.724,0.757,0.783,0.788]
Epoch [7] Testing Results: Prec@1 62.130 Prec@5 94.510             Loss 1.18835
Epoch [7] Testing Class Recall: [0.881,0.708,0.499,0.297,0.718,0.485,0.796,0.418,0.581,0.830]
Epoch [8] Training Results: Prec@1 69.300 Prec@5 88.866             Loss 1.19830
Epoch [8] Training Class Recall: [0.662,0.740,0.581,0.555,0.659,0.649,0.740,0.768,0.788,0.790]
Epoch [8] Testing Results: Prec@1 64.140 Prec@5 93.680             Loss 1.16297
Epoch [8] Testing Class Recall: [0.770,0.941,0.583,0.657,0.777,0.466,0.641,0.561,0.724,0.294]
Epoch [9] Training Results: Prec@1 70.234 Prec@5 89.044             Loss 1.18095
Epoch [9] Training Class Recall: [0.665,0.743,0.603,0.576,0.676,0.662,0.751,0.772,0.786,0.790]
Epoch [9] Testing Results: Prec@1 63.570 Prec@5 94.410             Loss 1.19668
Epoch [9] Testing Class Recall: [0.848,0.914,0.522,0.432,0.880,0.538,0.619,0.573,0.468,0.563]
Epoch [10] Training Results: Prec@1 70.708 Prec@5 89.044             Loss 1.16529
Epoch [10] Training Class Recall: [0.679,0.751,0.600,0.590,0.680,0.671,0.751,0.773,0.789,0.788]
Epoch [10] Testing Results: Prec@1 61.920 Prec@5 90.910             Loss 1.26387
Epoch [10] Testing Class Recall: [0.812,0.959,0.598,0.348,0.643,0.476,0.927,0.657,0.377,0.395]
Epoch [11] Training Results: Prec@1 71.198 Prec@5 89.108             Loss 1.15114
Epoch [11] Training Class Recall: [0.678,0.744,0.617,0.604,0.683,0.683,0.757,0.773,0.787,0.793]
Epoch [11] Testing Results: Prec@1 63.900 Prec@5 94.630             Loss 1.19222
Epoch [11] Testing Class Recall: [0.935,0.961,0.486,0.543,0.601,0.647,0.764,0.471,0.474,0.508]
Epoch [12] Training Results: Prec@1 72.012 Prec@5 89.296             Loss 1.13748
Epoch [12] Training Class Recall: [0.684,0.751,0.635,0.615,0.703,0.698,0.758,0.780,0.788,0.790]
Epoch [12] Testing Results: Prec@1 64.240 Prec@5 94.790             Loss 1.15196
Epoch [12] Testing Class Recall: [0.612,0.932,0.610,0.564,0.570,0.800,0.460,0.675,0.523,0.678]
Epoch [13] Training Results: Prec@1 72.266 Prec@5 89.132             Loss 1.13047
Epoch [13] Training Class Recall: [0.695,0.750,0.639,0.616,0.701,0.710,0.758,0.775,0.791,0.792]
Epoch [13] Testing Results: Prec@1 66.540 Prec@5 94.540             Loss 1.10743
Epoch [13] Testing Class Recall: [0.714,0.984,0.690,0.594,0.808,0.541,0.654,0.671,0.498,0.500]
Epoch [14] Training Results: Prec@1 72.494 Prec@5 89.292             Loss 1.12376
Epoch [14] Training Class Recall: [0.689,0.752,0.643,0.631,0.706,0.709,0.764,0.776,0.791,0.791]
Epoch [14] Testing Results: Prec@1 60.470 Prec@5 92.480             Loss 1.33968
Epoch [14] Testing Class Recall: [0.794,0.927,0.577,0.203,0.882,0.774,0.619,0.443,0.245,0.583]
Epoch [15] Training Results: Prec@1 72.978 Prec@5 89.250             Loss 1.11352
Epoch [15] Training Class Recall: [0.691,0.760,0.653,0.642,0.716,0.708,0.768,0.778,0.789,0.794]
Epoch [15] Testing Results: Prec@1 61.890 Prec@5 93.150             Loss 1.27929
Epoch [15] Testing Class Recall: [0.714,0.873,0.461,0.701,0.326,0.314,0.684,0.933,0.647,0.536]
Epoch [16] Training Results: Prec@1 73.478 Prec@5 89.428             Loss 1.10584
Epoch [16] Training Class Recall: [0.702,0.758,0.666,0.654,0.712,0.720,0.767,0.783,0.792,0.794]
Epoch [16] Testing Results: Prec@1 66.940 Prec@5 94.880             Loss 1.09810
Epoch [16] Testing Class Recall: [0.856,0.900,0.612,0.458,0.830,0.555,0.496,0.656,0.728,0.603]
Epoch [17] Training Results: Prec@1 73.400 Prec@5 89.408             Loss 1.09840
Epoch [17] Training Class Recall: [0.700,0.759,0.660,0.646,0.724,0.725,0.764,0.783,0.787,0.792]
Epoch [17] Testing Results: Prec@1 67.450 Prec@5 94.450             Loss 1.09775
Epoch [17] Testing Class Recall: [0.850,0.937,0.545,0.724,0.734,0.351,0.815,0.536,0.766,0.487]
Epoch [18] Training Results: Prec@1 73.730 Prec@5 89.616             Loss 1.09368
Epoch [18] Training Class Recall: [0.706,0.760,0.666,0.652,0.725,0.726,0.768,0.782,0.794,0.794]
Epoch [18] Testing Results: Prec@1 65.800 Prec@5 94.070             Loss 1.12772
Epoch [18] Testing Class Recall: [0.846,0.950,0.531,0.572,0.486,0.664,0.633,0.454,0.725,0.719]
Epoch [19] Training Results: Prec@1 73.854 Prec@5 89.666             Loss 1.09033
Epoch [19] Training Class Recall: [0.698,0.757,0.676,0.669,0.729,0.728,0.765,0.780,0.791,0.793]
Epoch [19] Testing Results: Prec@1 65.240 Prec@5 92.850             Loss 1.15730
Epoch [19] Testing Class Recall: [0.825,0.972,0.605,0.600,0.623,0.602,0.471,0.704,0.683,0.439]
Epoch [20] Training Results: Prec@1 74.216 Prec@5 89.564             Loss 1.08219
Epoch [20] Training Class Recall: [0.710,0.761,0.684,0.657,0.736,0.733,0.773,0.780,0.794,0.794]
Epoch [20] Testing Results: Prec@1 63.230 Prec@5 93.320             Loss 1.25689
Epoch [20] Testing Class Recall: [0.902,0.918,0.668,0.834,0.547,0.376,0.741,0.392,0.477,0.468]
Epoch [21] Training Results: Prec@1 74.126 Prec@5 89.602             Loss 1.08184
Epoch [21] Training Class Recall: [0.713,0.765,0.666,0.669,0.731,0.729,0.767,0.786,0.791,0.795]
Epoch [21] Testing Results: Prec@1 68.320 Prec@5 94.560             Loss 1.07548
Epoch [21] Testing Class Recall: [0.904,0.913,0.670,0.698,0.751,0.495,0.701,0.591,0.567,0.542]
Epoch [22] Training Results: Prec@1 74.374 Prec@5 89.528             Loss 1.07841
Epoch [22] Training Class Recall: [0.715,0.763,0.677,0.676,0.731,0.733,0.774,0.782,0.792,0.794]
Epoch [22] Testing Results: Prec@1 64.040 Prec@5 92.070             Loss 1.22292
Epoch [22] Testing Class Recall: [0.729,0.884,0.779,0.750,0.585,0.594,0.523,0.559,0.241,0.760]
Epoch [23] Training Results: Prec@1 74.626 Prec@5 89.610             Loss 1.07525
Epoch [23] Training Class Recall: [0.719,0.765,0.680,0.685,0.734,0.739,0.772,0.785,0.790,0.794]
Epoch [23] Testing Results: Prec@1 66.740 Prec@5 94.230             Loss 1.13227
Epoch [23] Testing Class Recall: [0.828,0.950,0.751,0.813,0.719,0.419,0.691,0.696,0.556,0.251]
Epoch [24] Training Results: Prec@1 74.696 Prec@5 89.626             Loss 1.07000
Epoch [24] Training Class Recall: [0.719,0.764,0.686,0.684,0.734,0.735,0.775,0.786,0.794,0.793]
Epoch [24] Testing Results: Prec@1 64.900 Prec@5 93.620             Loss 1.18410
Epoch [24] Testing Class Recall: [0.935,0.939,0.612,0.616,0.752,0.498,0.799,0.469,0.578,0.292]
Epoch [25] Training Results: Prec@1 74.788 Prec@5 89.672             Loss 1.06926
Epoch [25] Training Class Recall: [0.719,0.767,0.688,0.689,0.737,0.740,0.768,0.786,0.792,0.794]
Epoch [25] Testing Results: Prec@1 65.810 Prec@5 92.550             Loss 1.15811
Epoch [25] Testing Class Recall: [0.708,0.827,0.822,0.650,0.782,0.546,0.644,0.539,0.557,0.506]
Epoch [26] Training Results: Prec@1 74.794 Prec@5 89.626             Loss 1.06734
Epoch [26] Training Class Recall: [0.722,0.763,0.692,0.684,0.741,0.742,0.770,0.782,0.790,0.794]
Epoch [26] Testing Results: Prec@1 60.800 Prec@5 92.850             Loss 1.34694
Epoch [26] Testing Class Recall: [0.826,0.868,0.575,0.843,0.808,0.397,0.733,0.363,0.386,0.281]
Epoch [27] Training Results: Prec@1 75.028 Prec@5 89.660             Loss 1.06383
Epoch [27] Training Class Recall: [0.722,0.768,0.690,0.694,0.743,0.742,0.772,0.784,0.793,0.794]
Epoch [27] Testing Results: Prec@1 63.760 Prec@5 92.310             Loss 1.23237
Epoch [27] Testing Class Recall: [0.754,0.938,0.717,0.537,0.627,0.841,0.394,0.447,0.461,0.660]
Epoch [28] Training Results: Prec@1 74.962 Prec@5 89.598             Loss 1.06418
Epoch [28] Training Class Recall: [0.726,0.767,0.690,0.691,0.738,0.745,0.774,0.782,0.792,0.793]
Epoch [28] Testing Results: Prec@1 67.310 Prec@5 93.000             Loss 1.11535
Epoch [28] Testing Class Recall: [0.755,0.957,0.733,0.743,0.704,0.367,0.414,0.726,0.802,0.530]
Epoch [29] Training Results: Prec@1 75.198 Prec@5 89.768             Loss 1.06074
Epoch [29] Training Class Recall: [0.725,0.763,0.699,0.696,0.742,0.745,0.777,0.786,0.792,0.794]
Epoch [29] Testing Results: Prec@1 65.500 Prec@5 91.960             Loss 1.24202
Epoch [29] Testing Class Recall: [0.798,0.889,0.662,0.704,0.898,0.547,0.737,0.469,0.372,0.474]
Epoch [30] Training Results: Prec@1 75.202 Prec@5 89.734             Loss 1.05789
Epoch [30] Training Class Recall: [0.731,0.766,0.695,0.692,0.745,0.741,0.776,0.789,0.792,0.794]
Epoch [30] Testing Results: Prec@1 63.320 Prec@5 94.470             Loss 1.21900
Epoch [30] Testing Class Recall: [0.708,0.894,0.443,0.340,0.592,0.924,0.736,0.457,0.753,0.485]
Epoch [31] Training Results: Prec@1 75.326 Prec@5 89.724             Loss 1.05475
Epoch [31] Training Class Recall: [0.725,0.768,0.697,0.701,0.741,0.746,0.780,0.785,0.794,0.794]
Epoch [31] Testing Results: Prec@1 68.310 Prec@5 94.650             Loss 1.06169
Epoch [31] Testing Class Recall: [0.935,0.895,0.645,0.607,0.704,0.499,0.651,0.809,0.546,0.540]
Epoch [32] Training Results: Prec@1 75.278 Prec@5 89.926             Loss 1.05422
Epoch [32] Training Class Recall: [0.726,0.770,0.705,0.691,0.743,0.742,0.773,0.788,0.795,0.794]
Epoch [32] Testing Results: Prec@1 65.180 Prec@5 93.570             Loss 1.18296
Epoch [32] Testing Class Recall: [0.883,0.918,0.623,0.701,0.655,0.486,0.462,0.818,0.322,0.650]
Epoch [33] Training Results: Prec@1 75.340 Prec@5 89.708             Loss 1.05382
Epoch [33] Training Class Recall: [0.722,0.772,0.706,0.693,0.742,0.745,0.778,0.786,0.794,0.796]
Epoch [33] Testing Results: Prec@1 66.630 Prec@5 92.910             Loss 1.12571
Epoch [33] Testing Class Recall: [0.928,0.934,0.638,0.792,0.590,0.347,0.787,0.519,0.641,0.487]
Epoch [34] Training Results: Prec@1 75.372 Prec@5 89.732             Loss 1.05274
Epoch [34] Training Class Recall: [0.728,0.768,0.699,0.699,0.747,0.746,0.776,0.789,0.792,0.794]
Epoch [34] Testing Results: Prec@1 68.790 Prec@5 92.750             Loss 1.11578
Epoch [34] Testing Class Recall: [0.800,0.933,0.789,0.582,0.677,0.731,0.628,0.412,0.718,0.609]
Epoch [35] Training Results: Prec@1 75.412 Prec@5 89.692             Loss 1.05131
Epoch [35] Training Class Recall: [0.725,0.769,0.706,0.700,0.746,0.743,0.778,0.786,0.794,0.795]
Epoch [35] Testing Results: Prec@1 64.720 Prec@5 92.650             Loss 1.18447
Epoch [35] Testing Class Recall: [0.783,0.910,0.765,0.715,0.771,0.381,0.544,0.736,0.340,0.527]
Epoch [36] Training Results: Prec@1 75.442 Prec@5 89.884             Loss 1.05156
Epoch [36] Training Class Recall: [0.730,0.768,0.706,0.701,0.745,0.746,0.777,0.786,0.793,0.793]
Epoch [36] Testing Results: Prec@1 64.100 Prec@5 91.230             Loss 1.22952
Epoch [36] Testing Class Recall: [0.784,0.984,0.699,0.574,0.833,0.557,0.795,0.522,0.482,0.180]
Epoch [37] Training Results: Prec@1 75.690 Prec@5 89.824             Loss 1.04494
Epoch [37] Training Class Recall: [0.725,0.771,0.706,0.706,0.753,0.751,0.778,0.791,0.795,0.793]
Epoch [37] Testing Results: Prec@1 63.160 Prec@5 91.550             Loss 1.23942
Epoch [37] Testing Class Recall: [0.883,0.978,0.693,0.721,0.537,0.346,0.451,0.625,0.507,0.575]
Epoch [38] Training Results: Prec@1 75.658 Prec@5 89.788             Loss 1.04636
Epoch [38] Training Class Recall: [0.729,0.772,0.708,0.703,0.751,0.752,0.774,0.788,0.794,0.795]
Epoch [38] Testing Results: Prec@1 61.120 Prec@5 90.300             Loss 1.37352
Epoch [38] Testing Class Recall: [0.919,0.796,0.863,0.381,0.465,0.390,0.478,0.561,0.486,0.773]
Epoch [39] Training Results: Prec@1 75.458 Prec@5 89.784             Loss 1.04853
Epoch [39] Training Class Recall: [0.724,0.770,0.709,0.701,0.747,0.745,0.777,0.786,0.794,0.795]
Epoch [39] Testing Results: Prec@1 70.700 Prec@5 94.930             Loss 1.01854
Epoch [39] Testing Class Recall: [0.803,0.956,0.769,0.604,0.565,0.680,0.728,0.744,0.630,0.591]
Epoch [40] Training Results: Prec@1 75.654 Prec@5 89.802             Loss 1.04514
Epoch [40] Training Class Recall: [0.725,0.774,0.705,0.706,0.751,0.749,0.781,0.788,0.793,0.794]
Epoch [40] Testing Results: Prec@1 66.150 Prec@5 93.830             Loss 1.18950
Epoch [40] Testing Class Recall: [0.884,0.944,0.619,0.742,0.888,0.390,0.639,0.534,0.456,0.519]
Epoch [41] Training Results: Prec@1 75.624 Prec@5 89.914             Loss 1.04481
Epoch [41] Training Class Recall: [0.729,0.764,0.706,0.704,0.753,0.753,0.778,0.787,0.795,0.792]
Epoch [41] Testing Results: Prec@1 63.710 Prec@5 92.430             Loss 1.21082
Epoch [41] Testing Class Recall: [0.866,0.847,0.827,0.674,0.761,0.523,0.503,0.624,0.256,0.490]
Epoch [42] Training Results: Prec@1 75.668 Prec@5 89.756             Loss 1.04436
Epoch [42] Training Class Recall: [0.728,0.771,0.707,0.706,0.746,0.754,0.778,0.788,0.794,0.796]
Epoch [42] Testing Results: Prec@1 68.600 Prec@5 93.370             Loss 1.11001
Epoch [42] Testing Class Recall: [0.923,0.943,0.514,0.591,0.795,0.589,0.787,0.433,0.611,0.674]
Epoch [43] Training Results: Prec@1 75.690 Prec@5 89.838             Loss 1.04591
Epoch [43] Training Class Recall: [0.730,0.769,0.715,0.706,0.750,0.748,0.778,0.786,0.793,0.794]
Epoch [43] Testing Results: Prec@1 61.980 Prec@5 89.640             Loss 1.31296
Epoch [43] Testing Class Recall: [0.831,0.970,0.862,0.378,0.619,0.454,0.663,0.759,0.349,0.313]
Epoch [44] Training Results: Prec@1 75.970 Prec@5 89.774             Loss 1.03880
Epoch [44] Training Class Recall: [0.733,0.769,0.712,0.706,0.756,0.758,0.781,0.793,0.795,0.795]
Epoch [44] Testing Results: Prec@1 68.300 Prec@5 94.870             Loss 1.09855
Epoch [44] Testing Class Recall: [0.788,0.822,0.644,0.883,0.608,0.487,0.607,0.716,0.520,0.755]
Epoch [45] Training Results: Prec@1 75.792 Prec@5 89.890             Loss 1.04117
Epoch [45] Training Class Recall: [0.730,0.767,0.714,0.708,0.754,0.753,0.776,0.788,0.795,0.793]
Epoch [45] Testing Results: Prec@1 62.450 Prec@5 89.110             Loss 1.35301
Epoch [45] Testing Class Recall: [0.820,0.982,0.669,0.778,0.715,0.446,0.798,0.377,0.554,0.106]
Epoch [46] Training Results: Prec@1 75.664 Prec@5 89.944             Loss 1.04467
Epoch [46] Training Class Recall: [0.735,0.768,0.709,0.706,0.751,0.750,0.777,0.786,0.792,0.793]
Epoch [46] Testing Results: Prec@1 62.320 Prec@5 92.860             Loss 1.28416
Epoch [46] Testing Class Recall: [0.944,0.947,0.749,0.714,0.692,0.426,0.765,0.552,0.259,0.184]
Epoch [47] Training Results: Prec@1 76.094 Prec@5 89.960             Loss 1.03436
Epoch [47] Training Class Recall: [0.736,0.775,0.717,0.714,0.759,0.751,0.783,0.788,0.792,0.795]
Epoch [47] Testing Results: Prec@1 67.720 Prec@5 94.160             Loss 1.13710
Epoch [47] Testing Class Recall: [0.890,0.930,0.795,0.599,0.730,0.656,0.639,0.510,0.540,0.483]
Epoch [48] Training Results: Prec@1 76.024 Prec@5 89.802             Loss 1.03624
Epoch [48] Training Class Recall: [0.739,0.774,0.708,0.716,0.754,0.757,0.777,0.789,0.795,0.793]
Epoch [48] Testing Results: Prec@1 68.620 Prec@5 94.880             Loss 1.07074
Epoch [48] Testing Class Recall: [0.846,0.920,0.680,0.427,0.722,0.748,0.871,0.520,0.441,0.687]
Epoch [49] Training Results: Prec@1 75.990 Prec@5 89.956             Loss 1.03421
Epoch [49] Training Class Recall: [0.734,0.770,0.712,0.713,0.756,0.756,0.781,0.787,0.796,0.795]
Epoch [49] Testing Results: Prec@1 70.150 Prec@5 94.680             Loss 1.05747
Epoch [49] Testing Class Recall: [0.855,0.965,0.787,0.656,0.753,0.721,0.651,0.474,0.585,0.568]
Epoch [50] Training Results: Prec@1 76.116 Prec@5 90.088             Loss 1.03462
Epoch [50] Training Class Recall: [0.738,0.770,0.725,0.714,0.755,0.756,0.779,0.786,0.795,0.794]
Epoch [50] Testing Results: Prec@1 69.720 Prec@5 93.820             Loss 1.03839
Epoch [50] Testing Class Recall: [0.870,0.947,0.569,0.714,0.772,0.712,0.586,0.622,0.525,0.655]
Epoch [51] Training Results: Prec@1 76.090 Prec@5 90.026             Loss 1.03401
Epoch [51] Training Class Recall: [0.738,0.769,0.717,0.716,0.760,0.749,0.779,0.788,0.795,0.797]
Epoch [51] Testing Results: Prec@1 66.900 Prec@5 90.950             Loss 1.15193
Epoch [51] Testing Class Recall: [0.804,0.921,0.645,0.615,0.551,0.742,0.845,0.747,0.643,0.177]
Epoch [52] Training Results: Prec@1 76.182 Prec@5 89.798             Loss 1.03483
Epoch [52] Training Class Recall: [0.738,0.769,0.721,0.717,0.758,0.757,0.783,0.789,0.796,0.791]
Epoch [52] Testing Results: Prec@1 63.450 Prec@5 92.190             Loss 1.26325
Epoch [52] Testing Class Recall: [0.928,0.962,0.551,0.275,0.561,0.785,0.647,0.779,0.500,0.357]
Epoch [53] Training Results: Prec@1 76.162 Prec@5 90.156             Loss 1.03265
Epoch [53] Training Class Recall: [0.731,0.775,0.721,0.719,0.760,0.755,0.778,0.789,0.795,0.795]
Epoch [53] Testing Results: Prec@1 64.530 Prec@5 93.620             Loss 1.21672
Epoch [53] Testing Class Recall: [0.770,0.939,0.713,0.853,0.483,0.466,0.390,0.728,0.480,0.631]
Epoch [54] Training Results: Prec@1 75.892 Prec@5 89.916             Loss 1.03736
Epoch [54] Training Class Recall: [0.736,0.770,0.710,0.716,0.748,0.755,0.779,0.789,0.792,0.795]
Epoch [54] Testing Results: Prec@1 66.720 Prec@5 92.190             Loss 1.16331
Epoch [54] Testing Class Recall: [0.906,0.929,0.753,0.574,0.642,0.752,0.769,0.365,0.425,0.557]
Epoch [55] Training Results: Prec@1 76.118 Prec@5 90.020             Loss 1.03429
Epoch [55] Training Class Recall: [0.733,0.772,0.718,0.719,0.755,0.757,0.778,0.788,0.796,0.795]
Epoch [55] Testing Results: Prec@1 69.560 Prec@5 92.640             Loss 1.07138
Epoch [55] Testing Class Recall: [0.874,0.982,0.549,0.569,0.631,0.687,0.825,0.690,0.700,0.449]
Epoch [56] Training Results: Prec@1 76.350 Prec@5 90.018             Loss 1.03049
Epoch [56] Training Class Recall: [0.734,0.773,0.720,0.719,0.764,0.759,0.785,0.789,0.796,0.797]
Epoch [56] Testing Results: Prec@1 66.890 Prec@5 92.190             Loss 1.20014
Epoch [56] Testing Class Recall: [0.950,0.961,0.587,0.703,0.725,0.606,0.686,0.662,0.285,0.524]
Epoch [57] Training Results: Prec@1 76.276 Prec@5 89.980             Loss 1.02997
Epoch [57] Training Class Recall: [0.735,0.775,0.721,0.724,0.754,0.759,0.781,0.789,0.796,0.794]
Epoch [57] Testing Results: Prec@1 67.220 Prec@5 92.460             Loss 1.15266
Epoch [57] Testing Class Recall: [0.888,0.935,0.764,0.480,0.647,0.426,0.592,0.606,0.642,0.742]
Epoch [58] Training Results: Prec@1 76.420 Prec@5 90.298             Loss 1.02616
Epoch [58] Training Class Recall: [0.741,0.772,0.722,0.727,0.755,0.758,0.784,0.791,0.797,0.796]
Epoch [58] Testing Results: Prec@1 64.480 Prec@5 93.230             Loss 1.21927
Epoch [58] Testing Class Recall: [0.835,0.924,0.770,0.835,0.504,0.324,0.566,0.742,0.408,0.540]
Epoch [59] Training Results: Prec@1 76.456 Prec@5 90.108             Loss 1.02764
Epoch [59] Training Class Recall: [0.740,0.771,0.725,0.720,0.760,0.761,0.783,0.791,0.797,0.796]
Epoch [59] Testing Results: Prec@1 66.110 Prec@5 91.940             Loss 1.17204
Epoch [59] Testing Class Recall: [0.754,0.943,0.757,0.735,0.785,0.354,0.773,0.640,0.659,0.211]
Epoch [60] Training Results: Prec@1 76.004 Prec@5 90.018             Loss 1.03543
Epoch [60] Training Class Recall: [0.739,0.771,0.714,0.711,0.759,0.752,0.781,0.789,0.791,0.794]
Epoch [60] Testing Results: Prec@1 67.380 Prec@5 93.420             Loss 1.11125
Epoch [60] Testing Class Recall: [0.789,0.959,0.400,0.759,0.554,0.467,0.860,0.555,0.719,0.676]
Epoch [61] Training Results: Prec@1 76.352 Prec@5 90.114             Loss 1.02812
Epoch [61] Training Class Recall: [0.735,0.771,0.719,0.725,0.763,0.757,0.783,0.791,0.796,0.796]
Epoch [61] Testing Results: Prec@1 65.230 Prec@5 93.030             Loss 1.22242
Epoch [61] Testing Class Recall: [0.914,0.946,0.551,0.706,0.551,0.809,0.455,0.656,0.504,0.431]
Epoch [62] Training Results: Prec@1 76.278 Prec@5 90.138             Loss 1.02862
Epoch [62] Training Class Recall: [0.739,0.774,0.724,0.718,0.756,0.757,0.779,0.790,0.796,0.794]
Epoch [62] Testing Results: Prec@1 66.580 Prec@5 93.360             Loss 1.14697
Epoch [62] Testing Class Recall: [0.883,0.967,0.870,0.551,0.666,0.674,0.564,0.499,0.408,0.576]
Epoch [63] Training Results: Prec@1 76.388 Prec@5 90.168             Loss 1.02604
Epoch [63] Training Class Recall: [0.740,0.772,0.728,0.723,0.758,0.757,0.784,0.789,0.793,0.796]
Epoch [63] Testing Results: Prec@1 70.310 Prec@5 92.450             Loss 1.07312
Epoch [63] Testing Class Recall: [0.767,0.935,0.637,0.723,0.804,0.716,0.521,0.431,0.710,0.787]
Epoch [64] Training Results: Prec@1 76.258 Prec@5 90.068             Loss 1.02957
Epoch [64] Training Class Recall: [0.737,0.775,0.717,0.719,0.760,0.756,0.782,0.787,0.795,0.796]
Epoch [64] Testing Results: Prec@1 71.920 Prec@5 94.800             Loss 0.98735
Epoch [64] Testing Class Recall: [0.772,0.921,0.650,0.549,0.877,0.674,0.866,0.562,0.623,0.698]
Epoch [65] Training Results: Prec@1 76.542 Prec@5 89.970             Loss 1.02369
Epoch [65] Training Class Recall: [0.740,0.772,0.729,0.721,0.767,0.761,0.783,0.791,0.794,0.796]
Epoch [65] Testing Results: Prec@1 69.970 Prec@5 93.500             Loss 1.05450
Epoch [65] Testing Class Recall: [0.811,0.928,0.784,0.695,0.707,0.622,0.572,0.657,0.474,0.747]
Epoch [66] Training Results: Prec@1 76.234 Prec@5 90.100             Loss 1.02537
Epoch [66] Training Class Recall: [0.739,0.771,0.722,0.722,0.757,0.754,0.777,0.792,0.794,0.795]
Epoch [66] Testing Results: Prec@1 59.930 Prec@5 88.170             Loss 1.41210
Epoch [66] Testing Class Recall: [0.921,0.983,0.543,0.688,0.779,0.686,0.256,0.531,0.162,0.444]
Epoch [67] Training Results: Prec@1 76.390 Prec@5 90.252             Loss 1.02437
Epoch [67] Training Class Recall: [0.743,0.772,0.721,0.730,0.762,0.754,0.780,0.790,0.794,0.795]
Epoch [67] Testing Results: Prec@1 68.580 Prec@5 93.000             Loss 1.10259
Epoch [67] Testing Class Recall: [0.912,0.939,0.767,0.490,0.749,0.680,0.752,0.643,0.459,0.467]
Epoch [68] Training Results: Prec@1 76.410 Prec@5 90.082             Loss 1.02584
Epoch [68] Training Class Recall: [0.741,0.770,0.730,0.722,0.759,0.756,0.782,0.789,0.797,0.796]
Epoch [68] Testing Results: Prec@1 64.140 Prec@5 88.840             Loss 1.27530
Epoch [68] Testing Class Recall: [0.888,0.961,0.582,0.745,0.806,0.429,0.812,0.689,0.453,0.049]
Epoch [69] Training Results: Prec@1 76.384 Prec@5 90.288             Loss 1.02369
Epoch [69] Training Class Recall: [0.735,0.772,0.730,0.727,0.760,0.756,0.779,0.789,0.795,0.795]
Epoch [69] Testing Results: Prec@1 70.200 Prec@5 94.150             Loss 1.02986
Epoch [69] Testing Class Recall: [0.872,0.920,0.689,0.521,0.790,0.518,0.871,0.720,0.640,0.479]
Epoch [70] Training Results: Prec@1 76.486 Prec@5 90.208             Loss 1.02098
Epoch [70] Training Class Recall: [0.738,0.774,0.723,0.724,0.764,0.760,0.784,0.790,0.794,0.798]
Epoch [70] Testing Results: Prec@1 69.000 Prec@5 92.970             Loss 1.08286
Epoch [70] Testing Class Recall: [0.845,0.976,0.622,0.691,0.652,0.650,0.680,0.654,0.536,0.594]
Epoch [71] Training Results: Prec@1 76.432 Prec@5 90.062             Loss 1.02319
Epoch [71] Training Class Recall: [0.744,0.772,0.725,0.723,0.761,0.757,0.785,0.788,0.794,0.796]
Epoch [71] Testing Results: Prec@1 65.300 Prec@5 93.860             Loss 1.14696
Epoch [71] Testing Class Recall: [0.853,0.973,0.834,0.554,0.483,0.601,0.560,0.468,0.548,0.656]
Epoch [72] Training Results: Prec@1 76.266 Prec@5 90.240             Loss 1.02741
Epoch [72] Training Class Recall: [0.738,0.768,0.725,0.720,0.762,0.754,0.781,0.789,0.795,0.796]
Epoch [72] Testing Results: Prec@1 69.830 Prec@5 94.390             Loss 1.05347
Epoch [72] Testing Class Recall: [0.867,0.873,0.673,0.840,0.694,0.566,0.744,0.574,0.614,0.538]
Epoch [73] Training Results: Prec@1 76.364 Prec@5 90.122             Loss 1.02675
Epoch [73] Training Class Recall: [0.743,0.773,0.726,0.725,0.757,0.756,0.780,0.790,0.793,0.795]
Epoch [73] Testing Results: Prec@1 65.670 Prec@5 92.390             Loss 1.17861
Epoch [73] Testing Class Recall: [0.754,0.980,0.755,0.744,0.683,0.529,0.721,0.656,0.512,0.233]
Epoch [74] Training Results: Prec@1 76.572 Prec@5 90.340             Loss 1.01754
Epoch [74] Training Class Recall: [0.738,0.774,0.731,0.728,0.760,0.764,0.781,0.791,0.795,0.796]
Epoch [74] Testing Results: Prec@1 69.970 Prec@5 93.610             Loss 1.03867
Epoch [74] Testing Class Recall: [0.907,0.945,0.660,0.807,0.651,0.548,0.752,0.688,0.472,0.567]
Epoch [75] Training Results: Prec@1 76.420 Prec@5 90.350             Loss 1.02398
Epoch [75] Training Class Recall: [0.740,0.771,0.721,0.725,0.762,0.761,0.780,0.790,0.797,0.796]
Epoch [75] Testing Results: Prec@1 66.170 Prec@5 94.430             Loss 1.13091
Epoch [75] Testing Class Recall: [0.923,0.952,0.702,0.602,0.738,0.696,0.473,0.656,0.303,0.572]
Epoch [76] Training Results: Prec@1 76.624 Prec@5 90.118             Loss 1.01934
Epoch [76] Training Class Recall: [0.745,0.771,0.731,0.731,0.761,0.758,0.786,0.790,0.797,0.794]
Epoch [76] Testing Results: Prec@1 67.610 Prec@5 94.340             Loss 1.12639
Epoch [76] Testing Class Recall: [0.962,0.912,0.716,0.652,0.682,0.666,0.689,0.475,0.515,0.492]
Epoch [77] Training Results: Prec@1 76.554 Prec@5 90.192             Loss 1.02028
Epoch [77] Training Class Recall: [0.749,0.774,0.728,0.722,0.760,0.759,0.783,0.788,0.796,0.796]
Epoch [77] Testing Results: Prec@1 61.860 Prec@5 89.480             Loss 1.33554
Epoch [77] Testing Class Recall: [0.848,0.973,0.609,0.480,0.923,0.635,0.299,0.620,0.458,0.341]
Epoch [78] Training Results: Prec@1 76.308 Prec@5 90.262             Loss 1.02521
Epoch [78] Training Class Recall: [0.739,0.772,0.722,0.719,0.758,0.763,0.780,0.790,0.795,0.792]
Epoch [78] Testing Results: Prec@1 66.070 Prec@5 90.890             Loss 1.15529
Epoch [78] Testing Class Recall: [0.830,0.929,0.818,0.721,0.632,0.554,0.453,0.705,0.745,0.220]
Epoch [79] Training Results: Prec@1 76.678 Prec@5 90.314             Loss 1.01733
Epoch [79] Training Class Recall: [0.744,0.774,0.730,0.727,0.765,0.763,0.780,0.793,0.795,0.796]
Epoch [79] Testing Results: Prec@1 66.470 Prec@5 92.040             Loss 1.16341
Epoch [79] Testing Class Recall: [0.906,0.909,0.767,0.735,0.663,0.697,0.481,0.403,0.430,0.656]
Epoch [80] Training Results: Prec@1 76.374 Prec@5 90.296             Loss 1.02174
Epoch [80] Training Class Recall: [0.741,0.772,0.725,0.723,0.758,0.759,0.780,0.789,0.794,0.796]
Epoch [80] Testing Results: Prec@1 64.130 Prec@5 89.420             Loss 1.29007
Epoch [80] Testing Class Recall: [0.796,0.945,0.756,0.510,0.873,0.735,0.767,0.334,0.414,0.283]
Epoch [81] Training Results: Prec@1 76.342 Prec@5 90.248             Loss 1.02277
Epoch [81] Training Class Recall: [0.741,0.775,0.723,0.724,0.758,0.755,0.778,0.790,0.796,0.796]
Epoch [81] Testing Results: Prec@1 69.070 Prec@5 93.230             Loss 1.10279
Epoch [81] Testing Class Recall: [0.736,0.989,0.615,0.494,0.803,0.816,0.738,0.631,0.684,0.401]
Epoch [82] Training Results: Prec@1 76.408 Prec@5 90.328             Loss 1.02272
Epoch [82] Training Class Recall: [0.742,0.774,0.725,0.718,0.762,0.757,0.784,0.790,0.795,0.796]
Epoch [82] Testing Results: Prec@1 66.550 Prec@5 94.620             Loss 1.13843
Epoch [82] Testing Class Recall: [0.930,0.850,0.688,0.626,0.873,0.608,0.632,0.587,0.366,0.495]
Epoch [83] Training Results: Prec@1 76.692 Prec@5 90.184             Loss 1.01712
Epoch [83] Training Class Recall: [0.749,0.773,0.727,0.728,0.765,0.761,0.784,0.792,0.796,0.797]
Epoch [83] Testing Results: Prec@1 67.560 Prec@5 94.270             Loss 1.11457
Epoch [83] Testing Class Recall: [0.743,0.856,0.739,0.570,0.690,0.811,0.446,0.646,0.451,0.804]
Epoch [84] Training Results: Prec@1 76.478 Prec@5 90.460             Loss 1.01837
Epoch [84] Training Class Recall: [0.738,0.774,0.733,0.727,0.757,0.763,0.779,0.790,0.794,0.794]
Epoch [84] Testing Results: Prec@1 72.390 Prec@5 95.070             Loss 0.96195
Epoch [84] Testing Class Recall: [0.847,0.958,0.764,0.593,0.636,0.577,0.822,0.682,0.670,0.690]
Epoch [85] Training Results: Prec@1 76.552 Prec@5 90.262             Loss 1.01790
Epoch [85] Training Class Recall: [0.737,0.772,0.733,0.726,0.766,0.758,0.785,0.791,0.793,0.795]
Epoch [85] Testing Results: Prec@1 70.150 Prec@5 93.630             Loss 1.07402
Epoch [85] Testing Class Recall: [0.927,0.970,0.629,0.539,0.830,0.803,0.683,0.508,0.529,0.597]
Epoch [86] Training Results: Prec@1 76.774 Prec@5 90.076             Loss 1.01339
Epoch [86] Training Class Recall: [0.749,0.774,0.734,0.729,0.761,0.761,0.783,0.792,0.797,0.798]
Epoch [86] Testing Results: Prec@1 61.680 Prec@5 90.500             Loss 1.34257
Epoch [86] Testing Class Recall: [0.827,0.976,0.827,0.755,0.706,0.499,0.422,0.559,0.133,0.464]
Epoch [87] Training Results: Prec@1 76.408 Prec@5 90.062             Loss 1.02290
Epoch [87] Training Class Recall: [0.744,0.773,0.723,0.722,0.761,0.752,0.784,0.791,0.797,0.793]
Epoch [87] Testing Results: Prec@1 66.140 Prec@5 92.880             Loss 1.20311
Epoch [87] Testing Class Recall: [0.910,0.942,0.643,0.690,0.622,0.782,0.570,0.381,0.485,0.589]
Epoch [88] Training Results: Prec@1 76.334 Prec@5 90.328             Loss 1.02264
Epoch [88] Training Class Recall: [0.741,0.773,0.726,0.723,0.756,0.758,0.780,0.788,0.794,0.795]
Epoch [88] Testing Results: Prec@1 69.560 Prec@5 93.760             Loss 1.04845
Epoch [88] Testing Class Recall: [0.936,0.895,0.753,0.543,0.593,0.609,0.792,0.559,0.734,0.542]
Epoch [89] Training Results: Prec@1 76.684 Prec@5 90.210             Loss 1.01552
Epoch [89] Training Class Recall: [0.747,0.775,0.729,0.733,0.761,0.757,0.786,0.790,0.795,0.796]
Epoch [89] Testing Results: Prec@1 67.890 Prec@5 93.260             Loss 1.10729
Epoch [89] Testing Class Recall: [0.868,0.860,0.752,0.446,0.628,0.849,0.769,0.435,0.645,0.537]
Epoch [90] Training Results: Prec@1 76.612 Prec@5 90.436             Loss 1.01728
Epoch [90] Training Class Recall: [0.744,0.773,0.730,0.733,0.756,0.764,0.781,0.790,0.794,0.795]
Epoch [90] Testing Results: Prec@1 64.990 Prec@5 91.330             Loss 1.20746
Epoch [90] Testing Class Recall: [0.871,0.767,0.788,0.261,0.527,0.867,0.603,0.623,0.331,0.861]
Epoch [91] Training Results: Prec@1 76.722 Prec@5 90.398             Loss 1.01627
Epoch [91] Training Class Recall: [0.747,0.774,0.736,0.723,0.763,0.765,0.784,0.791,0.793,0.796]
Epoch [91] Testing Results: Prec@1 67.780 Prec@5 92.570             Loss 1.12792
Epoch [91] Testing Class Recall: [0.819,0.958,0.807,0.442,0.879,0.749,0.692,0.327,0.499,0.606]
Epoch [92] Training Results: Prec@1 76.776 Prec@5 90.312             Loss 1.01474
Epoch [92] Training Class Recall: [0.744,0.778,0.730,0.726,0.766,0.764,0.786,0.793,0.796,0.796]
Epoch [92] Testing Results: Prec@1 66.160 Prec@5 91.870             Loss 1.14158
Epoch [92] Testing Class Recall: [0.705,0.891,0.450,0.707,0.817,0.766,0.716,0.550,0.577,0.437]
Epoch [93] Training Results: Prec@1 76.626 Prec@5 90.356             Loss 1.01734
Epoch [93] Training Class Recall: [0.737,0.773,0.729,0.729,0.767,0.762,0.784,0.791,0.797,0.794]
Epoch [93] Testing Results: Prec@1 69.870 Prec@5 92.690             Loss 1.09144
Epoch [93] Testing Class Recall: [0.832,0.960,0.716,0.560,0.787,0.795,0.726,0.410,0.704,0.497]
Epoch [94] Training Results: Prec@1 76.756 Prec@5 90.296             Loss 1.01539
Epoch [94] Training Class Recall: [0.744,0.776,0.730,0.731,0.764,0.762,0.785,0.791,0.796,0.796]
Epoch [94] Testing Results: Prec@1 70.110 Prec@5 91.580             Loss 1.07488
Epoch [94] Testing Class Recall: [0.802,0.956,0.735,0.644,0.739,0.661,0.592,0.858,0.338,0.686]
Epoch [95] Training Results: Prec@1 76.672 Prec@5 90.280             Loss 1.01503
Epoch [95] Training Class Recall: [0.745,0.776,0.729,0.724,0.760,0.767,0.783,0.792,0.796,0.796]
Epoch [95] Testing Results: Prec@1 66.070 Prec@5 92.530             Loss 1.18405
Epoch [95] Testing Class Recall: [0.889,0.959,0.726,0.676,0.691,0.757,0.424,0.441,0.464,0.580]
Epoch [96] Training Results: Prec@1 76.494 Prec@5 90.194             Loss 1.01786
Epoch [96] Training Class Recall: [0.741,0.774,0.727,0.728,0.762,0.758,0.783,0.786,0.795,0.796]
Epoch [96] Testing Results: Prec@1 62.850 Prec@5 92.140             Loss 1.29899
Epoch [96] Testing Class Recall: [0.968,0.902,0.741,0.596,0.529,0.490,0.558,0.596,0.512,0.393]
Epoch [97] Training Results: Prec@1 76.496 Prec@5 90.366             Loss 1.01979
Epoch [97] Training Class Recall: [0.744,0.774,0.722,0.726,0.764,0.763,0.779,0.790,0.793,0.794]
Epoch [97] Testing Results: Prec@1 69.570 Prec@5 92.850             Loss 1.08686
Epoch [97] Testing Class Recall: [0.707,0.975,0.788,0.663,0.799,0.573,0.652,0.826,0.581,0.393]
Epoch [98] Training Results: Prec@1 76.784 Prec@5 90.304             Loss 1.01488
Epoch [98] Training Class Recall: [0.745,0.771,0.733,0.730,0.764,0.765,0.786,0.793,0.797,0.796]
Epoch [98] Testing Results: Prec@1 68.810 Prec@5 92.940             Loss 1.07748
Epoch [98] Testing Class Recall: [0.875,0.881,0.819,0.611,0.485,0.631,0.865,0.561,0.500,0.653]
Epoch [99] Training Results: Prec@1 76.772 Prec@5 90.238             Loss 1.01511
Epoch [99] Training Class Recall: [0.745,0.776,0.730,0.729,0.766,0.761,0.784,0.793,0.797,0.796]
Epoch [99] Testing Results: Prec@1 70.410 Prec@5 93.400             Loss 1.07347
Epoch [99] Testing Class Recall: [0.784,0.927,0.844,0.657,0.626,0.697,0.652,0.459,0.674,0.721]
Epoch [100] Training Results: Prec@1 76.700 Prec@5 90.432             Loss 1.01371
Epoch [100] Training Class Recall: [0.741,0.778,0.730,0.730,0.763,0.763,0.783,0.790,0.796,0.797]
Epoch [100] Testing Results: Prec@1 69.200 Prec@5 93.280             Loss 1.09217
Epoch [100] Testing Class Recall: [0.840,0.936,0.817,0.542,0.864,0.639,0.479,0.715,0.415,0.673]
Epoch [101] Training Results: Prec@1 76.454 Prec@5 90.464             Loss 1.01930
Epoch [101] Training Class Recall: [0.746,0.777,0.733,0.722,0.754,0.758,0.780,0.788,0.793,0.794]
Epoch [101] Testing Results: Prec@1 62.950 Prec@5 89.490             Loss 1.30144
Epoch [101] Testing Class Recall: [0.869,0.880,0.713,0.490,0.637,0.862,0.394,0.587,0.637,0.226]
Epoch [102] Training Results: Prec@1 76.746 Prec@5 90.264             Loss 1.01489
Epoch [102] Training Class Recall: [0.744,0.777,0.731,0.735,0.760,0.762,0.783,0.792,0.796,0.795]
Epoch [102] Testing Results: Prec@1 62.040 Prec@5 89.230             Loss 1.35400
Epoch [102] Testing Class Recall: [0.724,0.782,0.842,0.487,0.575,0.773,0.772,0.510,0.387,0.352]
Epoch [103] Training Results: Prec@1 76.866 Prec@5 90.328             Loss 1.01049
Epoch [103] Training Class Recall: [0.743,0.776,0.737,0.732,0.766,0.757,0.788,0.794,0.795,0.798]
Epoch [103] Testing Results: Prec@1 70.020 Prec@5 91.840             Loss 1.08162
Epoch [103] Testing Class Recall: [0.842,0.947,0.763,0.751,0.781,0.386,0.653,0.805,0.554,0.520]
Epoch [104] Training Results: Prec@1 76.850 Prec@5 90.366             Loss 1.01117
Epoch [104] Training Class Recall: [0.749,0.776,0.732,0.729,0.766,0.761,0.786,0.792,0.797,0.797]
Epoch [104] Testing Results: Prec@1 65.900 Prec@5 91.970             Loss 1.20205
Epoch [104] Testing Class Recall: [0.927,0.970,0.755,0.401,0.588,0.685,0.511,0.799,0.521,0.433]
Epoch [105] Training Results: Prec@1 76.566 Prec@5 90.244             Loss 1.01424
Epoch [105] Training Class Recall: [0.741,0.772,0.732,0.730,0.759,0.764,0.782,0.792,0.792,0.794]
Epoch [105] Testing Results: Prec@1 65.500 Prec@5 93.660             Loss 1.21579
Epoch [105] Testing Class Recall: [0.873,0.944,0.885,0.628,0.635,0.632,0.375,0.608,0.320,0.650]
Epoch [106] Training Results: Prec@1 76.714 Prec@5 90.364             Loss 1.01298
Epoch [106] Training Class Recall: [0.746,0.776,0.736,0.729,0.763,0.754,0.787,0.789,0.797,0.794]
Epoch [106] Testing Results: Prec@1 68.380 Prec@5 92.700             Loss 1.09781
Epoch [106] Testing Class Recall: [0.905,0.955,0.647,0.742,0.674,0.670,0.542,0.697,0.459,0.547]
Epoch [107] Training Results: Prec@1 76.862 Prec@5 90.488             Loss 1.01185
Epoch [107] Training Class Recall: [0.745,0.779,0.736,0.729,0.770,0.760,0.786,0.791,0.795,0.797]
Epoch [107] Testing Results: Prec@1 70.550 Prec@5 93.940             Loss 1.04928
Epoch [107] Testing Class Recall: [0.745,0.979,0.734,0.775,0.693,0.648,0.729,0.452,0.614,0.686]
Epoch [108] Training Results: Prec@1 76.834 Prec@5 90.420             Loss 1.01401
Epoch [108] Training Class Recall: [0.748,0.776,0.737,0.727,0.769,0.762,0.784,0.792,0.796,0.794]
Epoch [108] Testing Results: Prec@1 71.360 Prec@5 94.840             Loss 1.01317
Epoch [108] Testing Class Recall: [0.873,0.969,0.665,0.650,0.893,0.542,0.744,0.543,0.691,0.566]
Epoch [109] Training Results: Prec@1 76.640 Prec@5 90.282             Loss 1.01413
Epoch [109] Training Class Recall: [0.744,0.775,0.729,0.729,0.761,0.760,0.784,0.790,0.795,0.797]
Epoch [109] Testing Results: Prec@1 69.560 Prec@5 94.280             Loss 1.04580
Epoch [109] Testing Class Recall: [0.891,0.933,0.668,0.669,0.708,0.731,0.595,0.776,0.372,0.613]
Epoch [110] Training Results: Prec@1 76.738 Prec@5 90.338             Loss 1.01451
Epoch [110] Training Class Recall: [0.743,0.774,0.731,0.726,0.768,0.766,0.783,0.792,0.794,0.797]
Epoch [110] Testing Results: Prec@1 68.690 Prec@5 92.060             Loss 1.11447
Epoch [110] Testing Class Recall: [0.708,0.941,0.694,0.629,0.813,0.712,0.813,0.480,0.694,0.385]
Epoch [111] Training Results: Prec@1 76.862 Prec@5 90.438             Loss 1.01014
Epoch [111] Training Class Recall: [0.743,0.777,0.737,0.729,0.769,0.761,0.786,0.792,0.797,0.796]
Epoch [111] Testing Results: Prec@1 69.380 Prec@5 92.650             Loss 1.06392
Epoch [111] Testing Class Recall: [0.714,0.911,0.751,0.698,0.856,0.641,0.682,0.498,0.352,0.835]
Epoch [112] Training Results: Prec@1 76.734 Prec@5 90.444             Loss 1.01010
Epoch [112] Training Class Recall: [0.748,0.771,0.734,0.728,0.765,0.764,0.782,0.791,0.795,0.797]
Epoch [112] Testing Results: Prec@1 64.680 Prec@5 90.550             Loss 1.25985
Epoch [112] Testing Class Recall: [0.919,0.927,0.760,0.586,0.821,0.428,0.758,0.682,0.375,0.212]
Epoch [113] Training Results: Prec@1 76.886 Prec@5 90.490             Loss 1.00972
Epoch [113] Training Class Recall: [0.746,0.778,0.739,0.727,0.765,0.763,0.787,0.791,0.798,0.795]
Epoch [113] Testing Results: Prec@1 68.720 Prec@5 93.160             Loss 1.08721
Epoch [113] Testing Class Recall: [0.898,0.910,0.792,0.676,0.698,0.617,0.616,0.740,0.388,0.537]
Epoch [114] Training Results: Prec@1 76.832 Prec@5 90.510             Loss 1.01113
Epoch [114] Training Class Recall: [0.745,0.774,0.735,0.729,0.766,0.765,0.786,0.791,0.797,0.796]
Epoch [114] Testing Results: Prec@1 67.730 Prec@5 92.430             Loss 1.12765
Epoch [114] Testing Class Recall: [0.830,0.985,0.766,0.718,0.703,0.279,0.675,0.765,0.578,0.474]
Epoch [115] Training Results: Prec@1 76.816 Prec@5 90.290             Loss 1.00941
Epoch [115] Training Class Recall: [0.749,0.778,0.731,0.734,0.761,0.762,0.785,0.793,0.794,0.795]
Epoch [115] Testing Results: Prec@1 68.930 Prec@5 92.210             Loss 1.09092
Epoch [115] Testing Class Recall: [0.846,0.876,0.681,0.454,0.640,0.869,0.875,0.665,0.620,0.367]
Epoch [116] Training Results: Prec@1 76.724 Prec@5 90.340             Loss 1.01553
Epoch [116] Training Class Recall: [0.746,0.779,0.728,0.729,0.763,0.763,0.783,0.791,0.795,0.795]
Epoch [116] Testing Results: Prec@1 66.120 Prec@5 91.480             Loss 1.19662
Epoch [116] Testing Class Recall: [0.903,0.973,0.506,0.697,0.886,0.511,0.652,0.490,0.568,0.426]
Epoch [117] Training Results: Prec@1 76.880 Prec@5 90.412             Loss 1.01219
Epoch [117] Training Class Recall: [0.744,0.777,0.737,0.731,0.768,0.764,0.784,0.789,0.796,0.798]
Epoch [117] Testing Results: Prec@1 70.520 Prec@5 93.580             Loss 1.02702
Epoch [117] Testing Class Recall: [0.845,0.976,0.744,0.736,0.802,0.551,0.727,0.432,0.602,0.637]
Epoch [118] Training Results: Prec@1 76.824 Prec@5 90.530             Loss 1.00917
Epoch [118] Training Class Recall: [0.747,0.775,0.738,0.728,0.763,0.765,0.783,0.791,0.795,0.797]
Epoch [118] Testing Results: Prec@1 68.770 Prec@5 93.120             Loss 1.10890
Epoch [118] Testing Class Recall: [0.821,0.982,0.773,0.742,0.832,0.551,0.625,0.499,0.426,0.626]
Epoch [119] Training Results: Prec@1 76.730 Prec@5 90.428             Loss 1.01354
Epoch [119] Training Class Recall: [0.743,0.775,0.735,0.731,0.762,0.759,0.786,0.791,0.795,0.797]
Epoch [119] Testing Results: Prec@1 65.580 Prec@5 91.780             Loss 1.20088
Epoch [119] Testing Class Recall: [0.954,0.925,0.792,0.661,0.729,0.570,0.489,0.497,0.321,0.620]
Epoch [120] Training Results: Prec@1 76.800 Prec@5 90.476             Loss 1.01001
Epoch [120] Training Class Recall: [0.745,0.775,0.736,0.730,0.767,0.761,0.780,0.794,0.796,0.798]
Epoch [120] Testing Results: Prec@1 68.510 Prec@5 91.600             Loss 1.11351
Epoch [120] Testing Class Recall: [0.865,0.942,0.794,0.640,0.871,0.477,0.528,0.632,0.592,0.510]
Epoch [121] Training Results: Prec@1 77.092 Prec@5 90.476             Loss 1.00427
Epoch [121] Training Class Recall: [0.747,0.779,0.741,0.736,0.769,0.766,0.785,0.793,0.797,0.797]
Epoch [121] Testing Results: Prec@1 70.710 Prec@5 94.660             Loss 1.02220
Epoch [121] Testing Class Recall: [0.890,0.875,0.791,0.570,0.669,0.694,0.541,0.544,0.782,0.715]
Epoch [122] Training Results: Prec@1 76.874 Prec@5 90.490             Loss 1.01042
Epoch [122] Training Class Recall: [0.747,0.776,0.738,0.727,0.764,0.763,0.787,0.793,0.798,0.796]
Epoch [122] Testing Results: Prec@1 64.830 Prec@5 93.560             Loss 1.24592
Epoch [122] Testing Class Recall: [0.799,0.971,0.896,0.487,0.553,0.693,0.638,0.426,0.467,0.553]
Epoch [123] Training Results: Prec@1 76.776 Prec@5 90.526             Loss 1.01135
Epoch [123] Training Class Recall: [0.747,0.775,0.736,0.730,0.764,0.765,0.783,0.791,0.795,0.793]
Epoch [123] Testing Results: Prec@1 69.470 Prec@5 93.500             Loss 1.09745
Epoch [123] Testing Class Recall: [0.933,0.964,0.696,0.551,0.845,0.560,0.726,0.552,0.505,0.615]
Epoch [124] Training Results: Prec@1 77.006 Prec@5 90.570             Loss 1.00646
Epoch [124] Training Class Recall: [0.748,0.780,0.740,0.734,0.767,0.762,0.786,0.792,0.795,0.797]
Epoch [124] Testing Results: Prec@1 71.370 Prec@5 94.890             Loss 1.00816
Epoch [124] Testing Class Recall: [0.878,0.977,0.773,0.557,0.825,0.735,0.719,0.485,0.571,0.617]
Epoch [125] Training Results: Prec@1 77.024 Prec@5 90.542             Loss 1.00499
Epoch [125] Training Class Recall: [0.751,0.777,0.737,0.737,0.763,0.765,0.787,0.793,0.796,0.797]
Epoch [125] Testing Results: Prec@1 68.440 Prec@5 94.330             Loss 1.08671
Epoch [125] Testing Class Recall: [0.906,0.838,0.743,0.797,0.482,0.500,0.761,0.581,0.684,0.552]
Epoch [126] Training Results: Prec@1 76.744 Prec@5 90.456             Loss 1.01119
Epoch [126] Training Class Recall: [0.745,0.775,0.737,0.732,0.762,0.758,0.785,0.791,0.795,0.795]
Epoch [126] Testing Results: Prec@1 65.610 Prec@5 92.650             Loss 1.16803
Epoch [126] Testing Class Recall: [0.913,0.982,0.637,0.670,0.629,0.590,0.477,0.693,0.374,0.596]
Epoch [127] Training Results: Prec@1 76.932 Prec@5 90.494             Loss 1.00758
Epoch [127] Training Class Recall: [0.745,0.776,0.737,0.733,0.768,0.763,0.785,0.793,0.797,0.797]
Epoch [127] Testing Results: Prec@1 71.910 Prec@5 94.020             Loss 1.00373
Epoch [127] Testing Class Recall: [0.893,0.962,0.697,0.683,0.843,0.566,0.634,0.630,0.610,0.673]
Epoch [128] Training Results: Prec@1 77.070 Prec@5 90.498             Loss 1.00487
Epoch [128] Training Class Recall: [0.748,0.778,0.736,0.737,0.770,0.764,0.786,0.795,0.797,0.796]
Epoch [128] Testing Results: Prec@1 70.650 Prec@5 93.190             Loss 1.04495
Epoch [128] Testing Class Recall: [0.869,0.876,0.856,0.618,0.726,0.312,0.593,0.682,0.676,0.857]
Epoch [129] Training Results: Prec@1 77.088 Prec@5 90.504             Loss 1.00530
Epoch [129] Training Class Recall: [0.746,0.776,0.739,0.737,0.771,0.771,0.784,0.793,0.796,0.797]
Epoch [129] Testing Results: Prec@1 68.300 Prec@5 93.720             Loss 1.10522
Epoch [129] Testing Class Recall: [0.843,0.835,0.771,0.773,0.467,0.594,0.751,0.446,0.750,0.600]
Epoch [130] Training Results: Prec@1 76.876 Prec@5 90.406             Loss 1.00989
Epoch [130] Training Class Recall: [0.747,0.775,0.733,0.739,0.763,0.760,0.788,0.790,0.795,0.797]
Epoch [130] Testing Results: Prec@1 63.500 Prec@5 87.500             Loss 1.33237
Epoch [130] Testing Class Recall: [0.760,0.880,0.796,0.707,0.691,0.501,0.767,0.723,0.449,0.076]
Epoch [131] Training Results: Prec@1 77.106 Prec@5 90.468             Loss 1.00767
Epoch [131] Training Class Recall: [0.747,0.778,0.741,0.742,0.764,0.767,0.787,0.793,0.795,0.797]
Epoch [131] Testing Results: Prec@1 67.130 Prec@5 91.470             Loss 1.17232
Epoch [131] Testing Class Recall: [0.922,0.932,0.656,0.658,0.783,0.764,0.710,0.350,0.405,0.533]
Epoch [132] Training Results: Prec@1 77.076 Prec@5 90.760             Loss 1.00468
Epoch [132] Training Class Recall: [0.750,0.778,0.741,0.737,0.766,0.768,0.788,0.790,0.796,0.796]
Epoch [132] Testing Results: Prec@1 68.860 Prec@5 93.830             Loss 1.10584
Epoch [132] Testing Class Recall: [0.908,0.914,0.831,0.597,0.712,0.730,0.555,0.665,0.321,0.653]
Epoch [133] Training Results: Prec@1 76.868 Prec@5 90.588             Loss 1.00773
Epoch [133] Training Class Recall: [0.744,0.775,0.739,0.729,0.767,0.764,0.783,0.793,0.795,0.797]
Epoch [133] Testing Results: Prec@1 68.380 Prec@5 91.270             Loss 1.12282
Epoch [133] Testing Class Recall: [0.924,0.953,0.655,0.660,0.722,0.708,0.814,0.603,0.451,0.348]
Epoch [134] Training Results: Prec@1 76.866 Prec@5 90.484             Loss 1.00917
Epoch [134] Training Class Recall: [0.743,0.777,0.733,0.735,0.767,0.765,0.785,0.790,0.797,0.795]
Epoch [134] Testing Results: Prec@1 69.090 Prec@5 92.650             Loss 1.08515
Epoch [134] Testing Class Recall: [0.832,0.923,0.736,0.591,0.777,0.820,0.544,0.504,0.391,0.791]
Epoch [135] Training Results: Prec@1 76.956 Prec@5 90.524             Loss 1.00685
Epoch [135] Training Class Recall: [0.751,0.774,0.742,0.732,0.764,0.764,0.785,0.791,0.796,0.796]
Epoch [135] Testing Results: Prec@1 69.100 Prec@5 93.630             Loss 1.08460
Epoch [135] Testing Class Recall: [0.688,0.953,0.540,0.825,0.841,0.510,0.791,0.442,0.717,0.603]
Epoch [136] Training Results: Prec@1 77.098 Prec@5 90.552             Loss 1.00588
Epoch [136] Training Class Recall: [0.747,0.776,0.742,0.737,0.767,0.770,0.785,0.792,0.798,0.797]
Epoch [136] Testing Results: Prec@1 66.530 Prec@5 92.810             Loss 1.15447
Epoch [136] Testing Class Recall: [0.833,0.961,0.882,0.701,0.601,0.617,0.632,0.571,0.491,0.364]
Epoch [137] Training Results: Prec@1 76.922 Prec@5 90.598             Loss 1.00767
Epoch [137] Training Class Recall: [0.747,0.776,0.737,0.734,0.765,0.765,0.785,0.790,0.796,0.797]
Epoch [137] Testing Results: Prec@1 70.140 Prec@5 93.570             Loss 1.03397
Epoch [137] Testing Class Recall: [0.785,0.973,0.769,0.574,0.736,0.727,0.559,0.733,0.557,0.601]
Epoch [138] Training Results: Prec@1 77.006 Prec@5 90.462             Loss 1.00555
Epoch [138] Training Class Recall: [0.752,0.777,0.739,0.734,0.762,0.766,0.787,0.792,0.797,0.796]
Epoch [138] Testing Results: Prec@1 68.750 Prec@5 93.020             Loss 1.10811
Epoch [138] Testing Class Recall: [0.774,0.941,0.793,0.405,0.891,0.770,0.703,0.448,0.592,0.558]
Epoch [139] Training Results: Prec@1 77.040 Prec@5 90.650             Loss 1.00597
Epoch [139] Training Class Recall: [0.748,0.777,0.738,0.732,0.770,0.768,0.787,0.794,0.796,0.795]
Epoch [139] Testing Results: Prec@1 66.980 Prec@5 91.360             Loss 1.17890
Epoch [139] Testing Class Recall: [0.898,0.890,0.661,0.699,0.841,0.577,0.686,0.624,0.328,0.494]
Epoch [140] Training Results: Prec@1 76.902 Prec@5 90.652             Loss 1.00566
Epoch [140] Training Class Recall: [0.749,0.773,0.739,0.733,0.765,0.764,0.783,0.794,0.793,0.797]
Epoch [140] Testing Results: Prec@1 66.900 Prec@5 93.440             Loss 1.13179
Epoch [140] Testing Class Recall: [0.819,0.971,0.873,0.590,0.568,0.679,0.689,0.679,0.399,0.423]
Epoch [141] Training Results: Prec@1 76.992 Prec@5 90.520             Loss 1.00521
Epoch [141] Training Class Recall: [0.748,0.778,0.740,0.734,0.767,0.763,0.783,0.795,0.796,0.796]
Epoch [141] Testing Results: Prec@1 68.650 Prec@5 92.790             Loss 1.10456
Epoch [141] Testing Class Recall: [0.846,0.962,0.542,0.746,0.855,0.485,0.689,0.447,0.614,0.679]
Epoch [142] Training Results: Prec@1 77.016 Prec@5 90.518             Loss 1.00296
Epoch [142] Training Class Recall: [0.752,0.773,0.736,0.733,0.771,0.764,0.787,0.792,0.797,0.798]
Epoch [142] Testing Results: Prec@1 65.930 Prec@5 91.780             Loss 1.18915
Epoch [142] Testing Class Recall: [0.918,0.966,0.719,0.773,0.787,0.441,0.523,0.649,0.434,0.383]
Epoch [143] Training Results: Prec@1 77.086 Prec@5 90.682             Loss 1.00334
Epoch [143] Training Class Recall: [0.751,0.777,0.735,0.739,0.768,0.766,0.790,0.791,0.795,0.797]
Epoch [143] Testing Results: Prec@1 68.630 Prec@5 93.300             Loss 1.11692
Epoch [143] Testing Class Recall: [0.838,0.952,0.827,0.681,0.651,0.570,0.685,0.778,0.236,0.645]
Epoch [144] Training Results: Prec@1 77.044 Prec@5 90.480             Loss 1.00664
Epoch [144] Training Class Recall: [0.746,0.780,0.740,0.732,0.769,0.765,0.787,0.795,0.796,0.796]
Epoch [144] Testing Results: Prec@1 71.560 Prec@5 93.410             Loss 1.02122
Epoch [144] Testing Class Recall: [0.921,0.931,0.641,0.646,0.738,0.662,0.684,0.788,0.433,0.712]
Epoch [145] Training Results: Prec@1 76.948 Prec@5 90.682             Loss 1.00353
Epoch [145] Training Class Recall: [0.746,0.778,0.738,0.738,0.765,0.765,0.783,0.791,0.795,0.796]
Epoch [145] Testing Results: Prec@1 68.680 Prec@5 93.550             Loss 1.11318
Epoch [145] Testing Class Recall: [0.906,0.911,0.839,0.672,0.621,0.593,0.767,0.520,0.507,0.532]
Epoch [146] Training Results: Prec@1 76.974 Prec@5 90.644             Loss 1.00600
Epoch [146] Training Class Recall: [0.745,0.778,0.742,0.733,0.765,0.764,0.787,0.792,0.795,0.797]
Epoch [146] Testing Results: Prec@1 67.740 Prec@5 93.320             Loss 1.10939
Epoch [146] Testing Class Recall: [0.801,0.982,0.863,0.560,0.578,0.640,0.788,0.542,0.569,0.451]
Epoch [147] Training Results: Prec@1 77.126 Prec@5 90.644             Loss 1.00249
Epoch [147] Training Class Recall: [0.746,0.779,0.743,0.739,0.769,0.764,0.788,0.790,0.799,0.796]
Epoch [147] Testing Results: Prec@1 70.440 Prec@5 94.450             Loss 1.03277
Epoch [147] Testing Class Recall: [0.904,0.935,0.648,0.531,0.720,0.752,0.749,0.723,0.608,0.474]
Epoch [148] Training Results: Prec@1 77.050 Prec@5 90.694             Loss 1.00196
Epoch [148] Training Class Recall: [0.753,0.779,0.741,0.730,0.767,0.765,0.785,0.793,0.798,0.796]
Epoch [148] Testing Results: Prec@1 68.660 Prec@5 91.590             Loss 1.15660
Epoch [148] Testing Class Recall: [0.880,0.951,0.689,0.792,0.833,0.409,0.637,0.494,0.491,0.690]
Epoch [149] Training Results: Prec@1 76.910 Prec@5 90.530             Loss 1.00695
Epoch [149] Training Class Recall: [0.747,0.775,0.738,0.731,0.767,0.763,0.786,0.789,0.798,0.798]
Epoch [149] Testing Results: Prec@1 71.760 Prec@5 93.980             Loss 1.00347
Epoch [149] Testing Class Recall: [0.733,0.961,0.707,0.705,0.771,0.691,0.826,0.461,0.683,0.638]
Epoch [150] Training Results: Prec@1 77.092 Prec@5 90.688             Loss 1.00315
Epoch [150] Training Class Recall: [0.750,0.774,0.741,0.741,0.768,0.766,0.785,0.794,0.795,0.796]
Epoch [150] Testing Results: Prec@1 69.470 Prec@5 92.590             Loss 1.09211
Epoch [150] Testing Class Recall: [0.919,0.943,0.790,0.361,0.726,0.663,0.865,0.597,0.452,0.631]
Epoch [151] Training Results: Prec@1 76.918 Prec@5 90.628             Loss 1.00276
Epoch [151] Training Class Recall: [0.746,0.779,0.740,0.731,0.764,0.764,0.784,0.793,0.796,0.796]
Epoch [151] Testing Results: Prec@1 63.860 Prec@5 89.340             Loss 1.28410
Epoch [151] Testing Class Recall: [0.882,0.974,0.560,0.869,0.797,0.494,0.512,0.597,0.484,0.217]
Epoch [152] Training Results: Prec@1 77.088 Prec@5 90.544             Loss 1.00371
Epoch [152] Training Class Recall: [0.745,0.779,0.741,0.733,0.771,0.767,0.785,0.793,0.797,0.797]
Epoch [152] Testing Results: Prec@1 66.680 Prec@5 90.830             Loss 1.21568
Epoch [152] Testing Class Recall: [0.923,0.973,0.750,0.704,0.628,0.692,0.691,0.535,0.189,0.583]
Epoch [153] Training Results: Prec@1 77.068 Prec@5 90.698             Loss 1.00027
Epoch [153] Training Class Recall: [0.744,0.778,0.743,0.740,0.769,0.761,0.786,0.793,0.796,0.797]
Epoch [153] Testing Results: Prec@1 69.460 Prec@5 93.600             Loss 1.08645
Epoch [153] Testing Class Recall: [0.914,0.956,0.705,0.663,0.678,0.559,0.788,0.710,0.686,0.287]
Epoch [154] Training Results: Prec@1 76.992 Prec@5 90.698             Loss 1.00430
Epoch [154] Training Class Recall: [0.751,0.777,0.738,0.731,0.766,0.766,0.789,0.791,0.795,0.796]
Epoch [154] Testing Results: Prec@1 68.400 Prec@5 92.970             Loss 1.08815
Epoch [154] Testing Class Recall: [0.617,0.949,0.656,0.740,0.559,0.517,0.882,0.755,0.699,0.466]
Epoch [155] Training Results: Prec@1 77.040 Prec@5 90.676             Loss 1.00430
Epoch [155] Training Class Recall: [0.742,0.781,0.743,0.733,0.765,0.766,0.786,0.793,0.797,0.797]
Epoch [155] Testing Results: Prec@1 66.810 Prec@5 91.570             Loss 1.18869
Epoch [155] Testing Class Recall: [0.893,0.937,0.806,0.817,0.639,0.575,0.632,0.549,0.448,0.385]
Epoch [156] Training Results: Prec@1 76.936 Prec@5 90.582             Loss 1.00803
Epoch [156] Training Class Recall: [0.741,0.777,0.739,0.738,0.766,0.761,0.785,0.794,0.796,0.798]
Epoch [156] Testing Results: Prec@1 66.110 Prec@5 92.800             Loss 1.17320
Epoch [156] Testing Class Recall: [0.870,0.976,0.690,0.446,0.662,0.846,0.569,0.473,0.507,0.572]
Epoch [157] Training Results: Prec@1 77.086 Prec@5 90.450             Loss 1.00157
Epoch [157] Training Class Recall: [0.752,0.778,0.742,0.733,0.767,0.763,0.787,0.792,0.796,0.798]
Epoch [157] Testing Results: Prec@1 68.520 Prec@5 93.850             Loss 1.09962
Epoch [157] Testing Class Recall: [0.907,0.953,0.612,0.827,0.737,0.430,0.670,0.579,0.440,0.697]
Epoch [158] Training Results: Prec@1 77.226 Prec@5 90.706             Loss 0.99976
Epoch [158] Training Class Recall: [0.748,0.779,0.744,0.740,0.769,0.767,0.789,0.794,0.795,0.798]
Epoch [158] Testing Results: Prec@1 67.180 Prec@5 91.680             Loss 1.18232
Epoch [158] Testing Class Recall: [0.894,0.990,0.716,0.397,0.791,0.515,0.908,0.580,0.579,0.348]
Epoch [159] Training Results: Prec@1 77.110 Prec@5 90.712             Loss 1.00033
Epoch [159] Training Class Recall: [0.752,0.777,0.738,0.738,0.769,0.766,0.787,0.792,0.795,0.797]
Epoch [159] Testing Results: Prec@1 65.640 Prec@5 90.970             Loss 1.20663
Epoch [159] Testing Class Recall: [0.923,0.933,0.720,0.754,0.676,0.602,0.603,0.435,0.652,0.266]
Epoch [160] Training Results: Prec@1 78.118 Prec@5 91.282             Loss 0.96197
Epoch [160] Training Class Recall: [0.762,0.783,0.754,0.770,0.785,0.776,0.793,0.795,0.795,0.798]
Epoch [160] Testing Results: Prec@1 72.730 Prec@5 94.050             Loss 0.96326
Epoch [160] Testing Class Recall: [0.894,0.963,0.793,0.757,0.812,0.623,0.737,0.593,0.601,0.500]
Epoch [161] Training Results: Prec@1 78.750 Prec@5 91.532             Loss 0.94213
Epoch [161] Training Class Recall: [0.771,0.788,0.770,0.771,0.791,0.789,0.797,0.800,0.800,0.800]
Epoch [161] Testing Results: Prec@1 73.450 Prec@5 94.390             Loss 0.94195
Epoch [161] Testing Class Recall: [0.907,0.967,0.811,0.751,0.806,0.629,0.741,0.625,0.597,0.511]
Epoch [162] Training Results: Prec@1 79.084 Prec@5 91.776             Loss 0.93260
Epoch [162] Training Class Recall: [0.777,0.791,0.777,0.778,0.792,0.790,0.800,0.802,0.801,0.801]
Epoch [162] Testing Results: Prec@1 73.630 Prec@5 94.350             Loss 0.94809
Epoch [162] Testing Class Recall: [0.912,0.970,0.817,0.758,0.801,0.640,0.741,0.618,0.595,0.511]
Epoch [163] Training Results: Prec@1 79.260 Prec@5 91.842             Loss 0.92697
Epoch [163] Training Class Recall: [0.780,0.790,0.783,0.780,0.794,0.792,0.800,0.802,0.801,0.802]
Epoch [163] Testing Results: Prec@1 73.760 Prec@5 94.420             Loss 0.94213
Epoch [163] Testing Class Recall: [0.921,0.973,0.806,0.760,0.812,0.633,0.727,0.634,0.616,0.494]
Epoch [164] Training Results: Prec@1 79.324 Prec@5 91.990             Loss 0.92366
Epoch [164] Training Class Recall: [0.782,0.792,0.785,0.782,0.797,0.791,0.800,0.802,0.801,0.800]
Epoch [164] Testing Results: Prec@1 73.640 Prec@5 94.500             Loss 0.95098
Epoch [164] Testing Class Recall: [0.919,0.970,0.817,0.775,0.799,0.644,0.732,0.621,0.592,0.495]
Epoch [165] Training Results: Prec@1 79.402 Prec@5 92.040             Loss 0.92148
Epoch [165] Training Class Recall: [0.782,0.794,0.787,0.784,0.796,0.792,0.800,0.804,0.801,0.801]
Epoch [165] Testing Results: Prec@1 73.830 Prec@5 94.690             Loss 0.94253
Epoch [165] Testing Class Recall: [0.923,0.973,0.818,0.774,0.793,0.628,0.728,0.624,0.598,0.524]
Epoch [166] Training Results: Prec@1 79.538 Prec@5 92.122             Loss 0.92023
Epoch [166] Training Class Recall: [0.784,0.795,0.789,0.786,0.798,0.794,0.800,0.803,0.802,0.801]
Epoch [166] Testing Results: Prec@1 74.130 Prec@5 94.700             Loss 0.94394
Epoch [166] Testing Class Recall: [0.925,0.973,0.822,0.767,0.803,0.628,0.731,0.649,0.573,0.542]
Epoch [167] Training Results: Prec@1 79.518 Prec@5 92.118             Loss 0.91633
Epoch [167] Training Class Recall: [0.784,0.794,0.788,0.785,0.798,0.795,0.800,0.804,0.802,0.801]
Epoch [167] Testing Results: Prec@1 74.040 Prec@5 94.610             Loss 0.94436
Epoch [167] Testing Class Recall: [0.926,0.973,0.813,0.782,0.796,0.621,0.743,0.638,0.588,0.524]
Epoch [168] Training Results: Prec@1 79.550 Prec@5 92.218             Loss 0.91595
Epoch [168] Training Class Recall: [0.784,0.794,0.794,0.787,0.797,0.793,0.801,0.803,0.801,0.801]
Epoch [168] Testing Results: Prec@1 73.260 Prec@5 94.390             Loss 0.96683
Epoch [168] Testing Class Recall: [0.934,0.972,0.826,0.756,0.796,0.613,0.724,0.636,0.566,0.503]
Epoch [169] Training Results: Prec@1 79.492 Prec@5 92.326             Loss 0.91499
Epoch [169] Training Class Recall: [0.784,0.793,0.790,0.786,0.798,0.793,0.801,0.803,0.801,0.801]
Epoch [169] Testing Results: Prec@1 73.200 Prec@5 94.290             Loss 0.97160
Epoch [169] Testing Class Recall: [0.935,0.973,0.820,0.776,0.792,0.631,0.711,0.621,0.560,0.501]
Epoch [170] Training Results: Prec@1 79.564 Prec@5 92.250             Loss 0.91322
Epoch [170] Training Class Recall: [0.785,0.795,0.792,0.787,0.798,0.794,0.801,0.803,0.801,0.801]
Epoch [170] Testing Results: Prec@1 73.100 Prec@5 94.190             Loss 0.97372
Epoch [170] Testing Class Recall: [0.926,0.973,0.827,0.774,0.798,0.621,0.707,0.625,0.564,0.495]
Epoch [171] Training Results: Prec@1 79.570 Prec@5 92.426             Loss 0.91281
Epoch [171] Training Class Recall: [0.785,0.795,0.791,0.789,0.797,0.794,0.801,0.803,0.802,0.801]
Epoch [171] Testing Results: Prec@1 73.690 Prec@5 94.520             Loss 0.95239
Epoch [171] Testing Class Recall: [0.924,0.973,0.827,0.770,0.803,0.618,0.735,0.615,0.583,0.521]
Epoch [172] Training Results: Prec@1 79.562 Prec@5 92.298             Loss 0.91209
Epoch [172] Training Class Recall: [0.786,0.794,0.794,0.785,0.801,0.793,0.800,0.803,0.802,0.801]
Epoch [172] Testing Results: Prec@1 73.490 Prec@5 94.350             Loss 0.96723
Epoch [172] Testing Class Recall: [0.928,0.973,0.829,0.775,0.793,0.615,0.731,0.613,0.557,0.535]
Epoch [173] Training Results: Prec@1 79.614 Prec@5 92.392             Loss 0.90795
Epoch [173] Training Class Recall: [0.784,0.795,0.794,0.786,0.799,0.796,0.800,0.803,0.801,0.801]
Epoch [173] Testing Results: Prec@1 73.500 Prec@5 94.230             Loss 0.97418
Epoch [173] Testing Class Recall: [0.928,0.972,0.829,0.767,0.810,0.624,0.730,0.629,0.552,0.509]
Epoch [174] Training Results: Prec@1 79.626 Prec@5 92.432             Loss 0.90810
Epoch [174] Training Class Recall: [0.785,0.795,0.794,0.786,0.800,0.795,0.801,0.803,0.801,0.801]
Epoch [174] Testing Results: Prec@1 73.930 Prec@5 94.290             Loss 0.96003
Epoch [174] Testing Class Recall: [0.923,0.972,0.829,0.771,0.807,0.644,0.749,0.627,0.553,0.518]
Epoch [175] Training Results: Prec@1 79.682 Prec@5 92.440             Loss 0.90628
Epoch [175] Training Class Recall: [0.785,0.797,0.795,0.790,0.801,0.794,0.801,0.803,0.802,0.802]
Epoch [175] Testing Results: Prec@1 74.170 Prec@5 94.570             Loss 0.94974
Epoch [175] Testing Class Recall: [0.927,0.968,0.828,0.773,0.815,0.628,0.730,0.641,0.556,0.551]
Epoch [176] Training Results: Prec@1 79.636 Prec@5 92.446             Loss 0.90706
Epoch [176] Training Class Recall: [0.784,0.795,0.795,0.788,0.800,0.793,0.802,0.804,0.802,0.801]
Epoch [176] Testing Results: Prec@1 73.150 Prec@5 93.950             Loss 0.98442
Epoch [176] Testing Class Recall: [0.922,0.969,0.837,0.782,0.800,0.615,0.721,0.605,0.542,0.522]
Epoch [177] Training Results: Prec@1 79.646 Prec@5 92.614             Loss 0.90484
Epoch [177] Training Class Recall: [0.783,0.794,0.798,0.789,0.798,0.795,0.801,0.803,0.802,0.802]
Epoch [177] Testing Results: Prec@1 73.210 Prec@5 94.070             Loss 0.98490
Epoch [177] Testing Class Recall: [0.933,0.970,0.835,0.763,0.811,0.620,0.716,0.623,0.536,0.514]
Epoch [178] Training Results: Prec@1 79.680 Prec@5 92.554             Loss 0.90513
Epoch [178] Training Class Recall: [0.787,0.797,0.795,0.789,0.797,0.796,0.801,0.802,0.802,0.802]
Epoch [178] Testing Results: Prec@1 73.730 Prec@5 94.220             Loss 0.96493
Epoch [178] Testing Class Recall: [0.926,0.969,0.827,0.770,0.812,0.630,0.734,0.633,0.553,0.519]
Epoch [179] Training Results: Prec@1 79.684 Prec@5 92.516             Loss 0.90466
Epoch [179] Training Class Recall: [0.788,0.797,0.796,0.789,0.799,0.794,0.800,0.803,0.802,0.801]
Epoch [179] Testing Results: Prec@1 73.180 Prec@5 94.000             Loss 0.98485
Epoch [179] Testing Class Recall: [0.930,0.971,0.823,0.789,0.795,0.618,0.730,0.620,0.511,0.531]
Epoch [180] Training Results: Prec@1 79.712 Prec@5 92.676             Loss 0.90387
Epoch [180] Training Class Recall: [0.789,0.795,0.796,0.789,0.799,0.796,0.801,0.803,0.802,0.801]
Epoch [180] Testing Results: Prec@1 73.400 Prec@5 94.100             Loss 0.97674
Epoch [180] Testing Class Recall: [0.937,0.971,0.821,0.770,0.794,0.643,0.720,0.633,0.537,0.514]
Epoch [181] Training Results: Prec@1 79.738 Prec@5 92.536             Loss 0.90417
Epoch [181] Training Class Recall: [0.790,0.795,0.796,0.790,0.800,0.795,0.801,0.804,0.802,0.801]
Epoch [181] Testing Results: Prec@1 73.160 Prec@5 94.050             Loss 0.98668
Epoch [181] Testing Class Recall: [0.932,0.971,0.830,0.779,0.795,0.620,0.719,0.629,0.508,0.533]
Epoch [182] Training Results: Prec@1 79.702 Prec@5 92.588             Loss 0.90327
Epoch [182] Training Class Recall: [0.788,0.795,0.794,0.790,0.800,0.797,0.801,0.803,0.801,0.801]
Epoch [182] Testing Results: Prec@1 73.040 Prec@5 93.980             Loss 0.98839
Epoch [182] Testing Class Recall: [0.936,0.969,0.828,0.788,0.787,0.629,0.701,0.626,0.514,0.526]
Epoch [183] Training Results: Prec@1 79.738 Prec@5 92.572             Loss 0.90268
Epoch [183] Training Class Recall: [0.791,0.796,0.793,0.790,0.801,0.796,0.801,0.803,0.802,0.801]
Epoch [183] Testing Results: Prec@1 73.490 Prec@5 94.150             Loss 0.97273
Epoch [183] Testing Class Recall: [0.918,0.970,0.832,0.782,0.800,0.643,0.729,0.629,0.534,0.512]
Epoch [184] Training Results: Prec@1 79.682 Prec@5 92.622             Loss 0.90339
Epoch [184] Training Class Recall: [0.786,0.794,0.794,0.789,0.800,0.796,0.801,0.804,0.802,0.801]
Epoch [184] Testing Results: Prec@1 73.750 Prec@5 94.350             Loss 0.96345
Epoch [184] Testing Class Recall: [0.932,0.971,0.816,0.784,0.797,0.646,0.731,0.614,0.542,0.542]
Epoch [185] Training Results: Prec@1 79.744 Prec@5 92.686             Loss 0.90280
Epoch [185] Training Class Recall: [0.788,0.795,0.797,0.790,0.800,0.797,0.801,0.804,0.802,0.801]
Epoch [185] Testing Results: Prec@1 73.750 Prec@5 94.340             Loss 0.96378
Epoch [185] Testing Class Recall: [0.930,0.972,0.820,0.771,0.805,0.642,0.735,0.638,0.529,0.533]
Epoch [186] Training Results: Prec@1 79.730 Prec@5 92.716             Loss 0.90228
Epoch [186] Training Class Recall: [0.788,0.796,0.794,0.790,0.799,0.796,0.801,0.804,0.803,0.801]
Epoch [186] Testing Results: Prec@1 73.330 Prec@5 94.220             Loss 0.97565
Epoch [186] Testing Class Recall: [0.935,0.970,0.814,0.781,0.797,0.650,0.688,0.637,0.545,0.516]
Epoch [187] Training Results: Prec@1 79.710 Prec@5 92.594             Loss 0.90216
Epoch [187] Training Class Recall: [0.787,0.795,0.796,0.791,0.800,0.794,0.802,0.803,0.802,0.801]
Epoch [187] Testing Results: Prec@1 73.280 Prec@5 94.090             Loss 0.98063
Epoch [187] Testing Class Recall: [0.925,0.971,0.829,0.776,0.804,0.651,0.720,0.619,0.512,0.521]
Epoch [188] Training Results: Prec@1 79.730 Prec@5 92.668             Loss 0.90352
Epoch [188] Training Class Recall: [0.787,0.796,0.798,0.790,0.800,0.795,0.801,0.803,0.801,0.802]
Epoch [188] Testing Results: Prec@1 73.440 Prec@5 94.090             Loss 0.97503
Epoch [188] Testing Class Recall: [0.925,0.970,0.832,0.777,0.800,0.642,0.729,0.627,0.533,0.509]
Epoch [189] Training Results: Prec@1 79.754 Prec@5 92.648             Loss 0.90281
Epoch [189] Training Class Recall: [0.788,0.797,0.797,0.789,0.799,0.796,0.801,0.803,0.802,0.802]
Epoch [189] Testing Results: Prec@1 73.190 Prec@5 93.800             Loss 0.98744
Epoch [189] Testing Class Recall: [0.930,0.970,0.824,0.789,0.796,0.622,0.722,0.618,0.535,0.513]
Epoch [190] Training Results: Prec@1 79.738 Prec@5 92.570             Loss 0.90254
Epoch [190] Training Class Recall: [0.791,0.795,0.796,0.789,0.800,0.795,0.800,0.805,0.801,0.801]
Epoch [190] Testing Results: Prec@1 73.280 Prec@5 94.120             Loss 0.97915
Epoch [190] Testing Class Recall: [0.935,0.970,0.822,0.776,0.792,0.641,0.722,0.624,0.526,0.520]
Epoch [191] Training Results: Prec@1 79.700 Prec@5 92.700             Loss 0.90292
Epoch [191] Training Class Recall: [0.788,0.797,0.792,0.791,0.799,0.797,0.801,0.803,0.802,0.801]
Epoch [191] Testing Results: Prec@1 74.080 Prec@5 94.510             Loss 0.95216
Epoch [191] Testing Class Recall: [0.927,0.970,0.832,0.773,0.799,0.644,0.730,0.620,0.563,0.550]
Epoch [192] Training Results: Prec@1 79.696 Prec@5 92.496             Loss 0.90233
Epoch [192] Training Class Recall: [0.789,0.795,0.793,0.790,0.800,0.795,0.802,0.804,0.801,0.801]
Epoch [192] Testing Results: Prec@1 73.910 Prec@5 94.370             Loss 0.96038
Epoch [192] Testing Class Recall: [0.933,0.971,0.826,0.774,0.804,0.627,0.724,0.626,0.562,0.544]
Epoch [193] Training Results: Prec@1 79.702 Prec@5 92.672             Loss 0.90304
Epoch [193] Training Class Recall: [0.787,0.796,0.797,0.788,0.799,0.795,0.801,0.804,0.802,0.801]
Epoch [193] Testing Results: Prec@1 73.710 Prec@5 94.240             Loss 0.96615
Epoch [193] Testing Class Recall: [0.925,0.970,0.824,0.775,0.808,0.628,0.737,0.656,0.524,0.524]
Epoch [194] Training Results: Prec@1 79.674 Prec@5 92.544             Loss 0.90304
Epoch [194] Training Class Recall: [0.786,0.795,0.794,0.790,0.799,0.796,0.801,0.804,0.801,0.801]
Epoch [194] Testing Results: Prec@1 73.500 Prec@5 94.180             Loss 0.97490
Epoch [194] Testing Class Recall: [0.932,0.970,0.821,0.790,0.788,0.634,0.718,0.650,0.517,0.530]
Epoch [195] Training Results: Prec@1 79.766 Prec@5 92.700             Loss 0.90194
Epoch [195] Training Class Recall: [0.785,0.797,0.798,0.791,0.800,0.797,0.801,0.804,0.802,0.801]
Epoch [195] Testing Results: Prec@1 74.090 Prec@5 94.380             Loss 0.95511
Epoch [195] Testing Class Recall: [0.929,0.973,0.813,0.781,0.805,0.631,0.749,0.635,0.553,0.540]
Epoch [196] Training Results: Prec@1 79.716 Prec@5 92.574             Loss 0.90373
Epoch [196] Training Class Recall: [0.788,0.795,0.796,0.789,0.799,0.796,0.801,0.804,0.802,0.802]
Epoch [196] Testing Results: Prec@1 73.220 Prec@5 93.940             Loss 0.98540
Epoch [196] Testing Class Recall: [0.933,0.971,0.816,0.784,0.800,0.640,0.727,0.618,0.517,0.516]
Epoch [197] Training Results: Prec@1 79.654 Prec@5 92.588             Loss 0.90457
Epoch [197] Training Class Recall: [0.785,0.796,0.794,0.788,0.799,0.795,0.801,0.803,0.801,0.801]
Epoch [197] Testing Results: Prec@1 73.900 Prec@5 94.570             Loss 0.95587
Epoch [197] Testing Class Recall: [0.926,0.973,0.829,0.771,0.794,0.648,0.706,0.638,0.566,0.539]
Epoch [198] Training Results: Prec@1 79.706 Prec@5 92.764             Loss 0.90171
Epoch [198] Training Class Recall: [0.788,0.796,0.796,0.787,0.800,0.796,0.800,0.804,0.801,0.802]
Epoch [198] Testing Results: Prec@1 73.270 Prec@5 93.890             Loss 0.98383
Epoch [198] Testing Class Recall: [0.930,0.968,0.832,0.781,0.795,0.633,0.735,0.626,0.518,0.509]
Epoch [199] Training Results: Prec@1 79.668 Prec@5 92.554             Loss 0.90363
Epoch [199] Training Class Recall: [0.788,0.792,0.793,0.790,0.800,0.796,0.801,0.804,0.802,0.801]
Epoch [199] Testing Results: Prec@1 73.410 Prec@5 94.140             Loss 0.97961
Epoch [199] Testing Class Recall: [0.936,0.973,0.815,0.779,0.802,0.638,0.726,0.619,0.517,0.536]
