Log file: cifar10_sava0.7_randomoversampling_selection_exp0.01_seed42_20260526_124857.log
Run started: 2026-05-26 12:48:57.993764
Dataset: cifar10
Imbalance type: exp, factor: 0.01
Selection method: sava, ratio: 0.7
Strategy: RandomOversampling_Selection, epochs: 200
Seed: 42, rand_number: 0
Augmentation: weak
Noise ratio: 0.2
mamix_ratio: 1.0
============================================================

=> Preparing logger and tensorboard writer !
----------------------------------------------------
Class ID   | Original   | Selected   | Keep %  
----------------------------------------------------
0          | 5016       | 3107       |    61.9%
1          | 4991       | 3781       |    75.8%
2          | 4968       | 3613       |    72.7%
3          | 5021       | 3714       |    74.0%
4          | 4973       | 3707       |    74.5%
5          | 5068       | 3497       |    69.0%
6          | 4982       | 3393       |    68.1%
7          | 5013       | 3414       |    68.1%
8          | 5032       | 3590       |    71.3%
9          | 4936       | 3184       |    64.5%
----------------------------------------------------
TOTAL      | 50000      | 35000      |    70.0%
----------------------------------------------------
Epoch [0] Training Results: Prec@1 32.966 Prec@5 79.226             Loss 1.94518
Epoch [0] Training Class Recall: [0.381,0.450,0.157,0.164,0.333,0.287,0.385,0.323,0.431,0.403]
Epoch [0] Testing Results: Prec@1 35.650 Prec@5 85.280             Loss 1.82398
Epoch [0] Testing Class Recall: [0.206,0.392,0.424,0.071,0.404,0.124,0.224,0.693,0.592,0.435]
Epoch [1] Training Results: Prec@1 45.031 Prec@5 84.837             Loss 1.71331
Epoch [1] Training Class Recall: [0.481,0.565,0.248,0.260,0.359,0.352,0.501,0.527,0.608,0.635]
Epoch [1] Testing Results: Prec@1 39.680 Prec@5 83.200             Loss 1.86455
Epoch [1] Testing Class Recall: [0.413,0.681,0.435,0.552,0.237,0.330,0.453,0.120,0.225,0.522]
Epoch [2] Training Results: Prec@1 51.466 Prec@5 86.514             Loss 1.57819
Epoch [2] Training Class Recall: [0.534,0.630,0.318,0.302,0.407,0.428,0.561,0.599,0.693,0.709]
Epoch [2] Testing Results: Prec@1 44.950 Prec@5 88.940             Loss 1.59002
Epoch [2] Testing Class Recall: [0.418,0.585,0.351,0.570,0.548,0.117,0.542,0.245,0.684,0.435]
Epoch [3] Training Results: Prec@1 56.460 Prec@5 87.586             Loss 1.48287
Epoch [3] Training Class Recall: [0.565,0.680,0.368,0.384,0.454,0.458,0.621,0.666,0.742,0.739]
Epoch [3] Testing Results: Prec@1 49.360 Prec@5 89.970             Loss 1.50413
Epoch [3] Testing Class Recall: [0.507,0.655,0.426,0.401,0.565,0.383,0.667,0.396,0.672,0.264]
Epoch [4] Training Results: Prec@1 60.034 Prec@5 88.074             Loss 1.41150
Epoch [4] Training Class Recall: [0.596,0.702,0.420,0.431,0.499,0.507,0.653,0.701,0.765,0.757]
Epoch [4] Testing Results: Prec@1 42.260 Prec@5 86.830             Loss 1.79925
Epoch [4] Testing Class Recall: [0.365,0.597,0.485,0.044,0.736,0.215,0.373,0.707,0.316,0.388]
Epoch [5] Training Results: Prec@1 63.614 Prec@5 88.357             Loss 1.33137
Epoch [5] Training Class Recall: [0.620,0.729,0.482,0.492,0.553,0.547,0.687,0.728,0.779,0.765]
Epoch [5] Testing Results: Prec@1 50.890 Prec@5 90.010             Loss 1.51582
Epoch [5] Testing Class Recall: [0.615,0.734,0.651,0.368,0.456,0.545,0.452,0.231,0.591,0.446]
Epoch [6] Training Results: Prec@1 65.723 Prec@5 88.823             Loss 1.27920
Epoch [6] Training Class Recall: [0.631,0.748,0.523,0.511,0.592,0.576,0.706,0.745,0.782,0.774]
Epoch [6] Testing Results: Prec@1 55.620 Prec@5 92.040             Loss 1.38782
Epoch [6] Testing Class Recall: [0.656,0.703,0.467,0.282,0.552,0.503,0.711,0.554,0.637,0.497]
Epoch [7] Training Results: Prec@1 67.951 Prec@5 88.720             Loss 1.23400
Epoch [7] Training Class Recall: [0.647,0.758,0.558,0.554,0.630,0.613,0.728,0.754,0.790,0.776]
Epoch [7] Testing Results: Prec@1 51.520 Prec@5 89.020             Loss 1.59521
Epoch [7] Testing Class Recall: [0.789,0.793,0.341,0.179,0.682,0.634,0.652,0.566,0.333,0.183]
Epoch [8] Training Results: Prec@1 69.217 Prec@5 89.366             Loss 1.20175
Epoch [8] Training Class Recall: [0.660,0.765,0.581,0.574,0.654,0.634,0.739,0.756,0.794,0.777]
Epoch [8] Testing Results: Prec@1 51.040 Prec@5 87.950             Loss 1.57359
Epoch [8] Testing Class Recall: [0.476,0.928,0.354,0.454,0.401,0.781,0.525,0.305,0.646,0.234]
Epoch [9] Training Results: Prec@1 70.309 Prec@5 89.120             Loss 1.17635
Epoch [9] Training Class Recall: [0.672,0.767,0.595,0.592,0.680,0.652,0.755,0.764,0.789,0.775]
Epoch [9] Testing Results: Prec@1 52.050 Prec@5 87.850             Loss 1.54936
Epoch [9] Testing Class Recall: [0.671,0.858,0.687,0.526,0.572,0.382,0.555,0.450,0.295,0.209]
Epoch [10] Training Results: Prec@1 71.269 Prec@5 89.543             Loss 1.15436
Epoch [10] Training Class Recall: [0.677,0.774,0.620,0.606,0.694,0.670,0.755,0.764,0.794,0.781]
Epoch [10] Testing Results: Prec@1 53.090 Prec@5 87.120             Loss 1.59185
Epoch [10] Testing Class Recall: [0.752,0.884,0.313,0.456,0.690,0.638,0.625,0.223,0.222,0.506]
Epoch [11] Training Results: Prec@1 71.763 Prec@5 89.589             Loss 1.14022
Epoch [11] Training Class Recall: [0.685,0.773,0.628,0.614,0.701,0.693,0.753,0.768,0.792,0.778]
Epoch [11] Testing Results: Prec@1 50.950 Prec@5 87.320             Loss 1.69508
Epoch [11] Testing Class Recall: [0.529,0.783,0.612,0.834,0.393,0.184,0.443,0.109,0.671,0.537]
Epoch [12] Training Results: Prec@1 72.443 Prec@5 89.680             Loss 1.12425
Epoch [12] Training Class Recall: [0.686,0.778,0.639,0.642,0.712,0.692,0.760,0.772,0.792,0.777]
Epoch [12] Testing Results: Prec@1 49.600 Prec@5 84.800             Loss 1.68758
Epoch [12] Testing Class Recall: [0.663,0.896,0.607,0.712,0.390,0.531,0.255,0.069,0.390,0.447]
Epoch [13] Training Results: Prec@1 73.217 Prec@5 89.571             Loss 1.10845
Epoch [13] Training Class Recall: [0.695,0.779,0.655,0.652,0.728,0.710,0.766,0.769,0.793,0.779]
Epoch [13] Testing Results: Prec@1 57.380 Prec@5 88.790             Loss 1.40024
Epoch [13] Testing Class Recall: [0.524,0.841,0.699,0.469,0.697,0.506,0.159,0.696,0.550,0.597]
Epoch [14] Training Results: Prec@1 73.711 Prec@5 89.906             Loss 1.09608
Epoch [14] Training Class Recall: [0.705,0.779,0.665,0.661,0.740,0.711,0.767,0.774,0.794,0.780]
Epoch [14] Testing Results: Prec@1 49.790 Prec@5 86.330             Loss 1.69683
Epoch [14] Testing Class Recall: [0.722,0.921,0.810,0.512,0.273,0.255,0.379,0.398,0.587,0.122]
Epoch [15] Training Results: Prec@1 74.063 Prec@5 89.591             Loss 1.08796
Epoch [15] Training Class Recall: [0.705,0.780,0.690,0.664,0.739,0.716,0.769,0.773,0.794,0.778]
Epoch [15] Testing Results: Prec@1 56.610 Prec@5 89.590             Loss 1.39642
Epoch [15] Testing Class Recall: [0.678,0.954,0.442,0.431,0.481,0.627,0.401,0.582,0.653,0.412]
Epoch [16] Training Results: Prec@1 74.111 Prec@5 89.691             Loss 1.08081
Epoch [16] Training Class Recall: [0.708,0.781,0.676,0.663,0.749,0.717,0.774,0.772,0.794,0.781]
Epoch [16] Testing Results: Prec@1 58.170 Prec@5 89.780             Loss 1.41913
Epoch [16] Testing Class Recall: [0.605,0.899,0.530,0.625,0.654,0.603,0.423,0.728,0.390,0.360]
Epoch [17] Training Results: Prec@1 74.609 Prec@5 89.863             Loss 1.07303
Epoch [17] Training Class Recall: [0.714,0.787,0.687,0.680,0.746,0.721,0.773,0.773,0.799,0.784]
Epoch [17] Testing Results: Prec@1 50.670 Prec@5 86.860             Loss 1.72919
Epoch [17] Testing Class Recall: [0.580,0.905,0.562,0.592,0.890,0.251,0.410,0.254,0.322,0.301]
Epoch [18] Training Results: Prec@1 74.754 Prec@5 89.820             Loss 1.06865
Epoch [18] Training Class Recall: [0.711,0.785,0.699,0.679,0.754,0.722,0.773,0.776,0.796,0.781]
Epoch [18] Testing Results: Prec@1 53.540 Prec@5 85.930             Loss 1.61508
Epoch [18] Testing Class Recall: [0.708,0.913,0.694,0.415,0.643,0.303,0.767,0.261,0.243,0.407]
Epoch [19] Training Results: Prec@1 74.806 Prec@5 89.949             Loss 1.06412
Epoch [19] Training Class Recall: [0.712,0.783,0.690,0.686,0.754,0.725,0.774,0.779,0.797,0.783]
Epoch [19] Testing Results: Prec@1 56.390 Prec@5 88.590             Loss 1.48129
Epoch [19] Testing Class Recall: [0.697,0.934,0.687,0.569,0.497,0.524,0.708,0.303,0.388,0.332]
Epoch [20] Training Results: Prec@1 75.417 Prec@5 89.963             Loss 1.05247
Epoch [20] Training Class Recall: [0.719,0.787,0.713,0.702,0.757,0.737,0.773,0.775,0.798,0.781]
Epoch [20] Testing Results: Prec@1 57.960 Prec@5 90.730             Loss 1.40913
Epoch [20] Testing Class Recall: [0.685,0.904,0.449,0.367,0.772,0.305,0.742,0.578,0.406,0.588]
Epoch [21] Training Results: Prec@1 75.357 Prec@5 90.043             Loss 1.05320
Epoch [21] Training Class Recall: [0.718,0.785,0.701,0.699,0.769,0.737,0.775,0.776,0.794,0.784]
Epoch [21] Testing Results: Prec@1 56.080 Prec@5 88.030             Loss 1.50328
Epoch [21] Testing Class Recall: [0.464,0.780,0.619,0.688,0.588,0.453,0.592,0.505,0.694,0.225]
Epoch [22] Training Results: Prec@1 75.731 Prec@5 90.254             Loss 1.04387
Epoch [22] Training Class Recall: [0.728,0.791,0.719,0.707,0.758,0.735,0.774,0.779,0.800,0.781]
Epoch [22] Testing Results: Prec@1 53.570 Prec@5 88.650             Loss 1.62799
Epoch [22] Testing Class Recall: [0.700,0.879,0.662,0.386,0.854,0.430,0.367,0.386,0.321,0.372]
Epoch [23] Training Results: Prec@1 75.560 Prec@5 90.297             Loss 1.04448
Epoch [23] Training Class Recall: [0.721,0.785,0.721,0.704,0.767,0.732,0.777,0.773,0.796,0.779]
Epoch [23] Testing Results: Prec@1 59.670 Prec@5 90.020             Loss 1.34495
Epoch [23] Testing Class Recall: [0.606,0.878,0.495,0.685,0.718,0.518,0.523,0.610,0.401,0.533]
Epoch [24] Training Results: Prec@1 75.640 Prec@5 90.197             Loss 1.04071
Epoch [24] Training Class Recall: [0.714,0.785,0.718,0.710,0.769,0.734,0.778,0.776,0.797,0.782]
Epoch [24] Testing Results: Prec@1 53.050 Prec@5 88.550             Loss 1.56968
Epoch [24] Testing Class Recall: [0.879,0.919,0.576,0.363,0.301,0.571,0.709,0.411,0.435,0.141]
Epoch [25] Training Results: Prec@1 75.871 Prec@5 90.306             Loss 1.03811
Epoch [25] Training Class Recall: [0.728,0.791,0.729,0.710,0.767,0.735,0.775,0.773,0.798,0.782]
Epoch [25] Testing Results: Prec@1 54.110 Prec@5 88.700             Loss 1.52594
Epoch [25] Testing Class Recall: [0.712,0.870,0.784,0.376,0.671,0.365,0.360,0.322,0.564,0.387]
Epoch [26] Training Results: Prec@1 75.671 Prec@5 90.191             Loss 1.03929
Epoch [26] Training Class Recall: [0.720,0.790,0.712,0.709,0.770,0.733,0.775,0.777,0.798,0.783]
Epoch [26] Testing Results: Prec@1 52.910 Prec@5 86.780             Loss 1.59158
Epoch [26] Testing Class Recall: [0.794,0.749,0.718,0.755,0.386,0.394,0.244,0.302,0.433,0.516]
Epoch [27] Training Results: Prec@1 76.186 Prec@5 90.440             Loss 1.02932
Epoch [27] Training Class Recall: [0.723,0.789,0.727,0.717,0.777,0.743,0.779,0.779,0.798,0.784]
Epoch [27] Testing Results: Prec@1 50.620 Prec@5 85.420             Loss 1.69564
Epoch [27] Testing Class Recall: [0.723,0.783,0.830,0.213,0.402,0.594,0.156,0.474,0.602,0.285]
Epoch [28] Training Results: Prec@1 76.191 Prec@5 90.246             Loss 1.02940
Epoch [28] Training Class Recall: [0.726,0.788,0.730,0.721,0.776,0.743,0.779,0.777,0.799,0.778]
Epoch [28] Testing Results: Prec@1 57.740 Prec@5 90.990             Loss 1.39236
Epoch [28] Testing Class Recall: [0.885,0.850,0.568,0.553,0.719,0.443,0.477,0.389,0.412,0.478]
Epoch [29] Training Results: Prec@1 76.083 Prec@5 90.363             Loss 1.02582
Epoch [29] Training Class Recall: [0.721,0.791,0.728,0.713,0.772,0.741,0.778,0.781,0.799,0.784]
Epoch [29] Testing Results: Prec@1 56.670 Prec@5 87.370             Loss 1.57789
Epoch [29] Testing Class Recall: [0.699,0.845,0.646,0.782,0.618,0.272,0.245,0.523,0.734,0.303]
Epoch [30] Training Results: Prec@1 76.283 Prec@5 90.357             Loss 1.02321
Epoch [30] Training Class Recall: [0.732,0.791,0.734,0.719,0.772,0.742,0.782,0.777,0.796,0.781]
Epoch [30] Testing Results: Prec@1 56.730 Prec@5 88.820             Loss 1.50930
Epoch [30] Testing Class Recall: [0.582,0.920,0.783,0.438,0.828,0.385,0.543,0.512,0.396,0.286]
Epoch [31] Training Results: Prec@1 76.631 Prec@5 90.446             Loss 1.01735
Epoch [31] Training Class Recall: [0.730,0.793,0.741,0.729,0.775,0.747,0.782,0.779,0.800,0.784]
Epoch [31] Testing Results: Prec@1 54.690 Prec@5 88.690             Loss 1.64879
Epoch [31] Testing Class Recall: [0.807,0.859,0.603,0.823,0.506,0.324,0.343,0.581,0.379,0.244]
Epoch [32] Training Results: Prec@1 76.289 Prec@5 90.274             Loss 1.02572
Epoch [32] Training Class Recall: [0.736,0.794,0.732,0.713,0.772,0.744,0.781,0.779,0.798,0.780]
Epoch [32] Testing Results: Prec@1 55.710 Prec@5 88.350             Loss 1.52268
Epoch [32] Testing Class Recall: [0.695,0.857,0.564,0.773,0.337,0.384,0.734,0.297,0.564,0.366]
Epoch [33] Training Results: Prec@1 76.554 Prec@5 90.414             Loss 1.01802
Epoch [33] Training Class Recall: [0.728,0.790,0.746,0.727,0.782,0.747,0.776,0.779,0.797,0.782]
Epoch [33] Testing Results: Prec@1 57.410 Prec@5 89.760             Loss 1.45582
Epoch [33] Testing Class Recall: [0.765,0.961,0.465,0.437,0.564,0.745,0.413,0.408,0.534,0.449]
Epoch [34] Training Results: Prec@1 76.629 Prec@5 90.454             Loss 1.01468
Epoch [34] Training Class Recall: [0.734,0.793,0.737,0.730,0.781,0.750,0.782,0.776,0.795,0.784]
Epoch [34] Testing Results: Prec@1 58.210 Prec@5 89.650             Loss 1.40526
Epoch [34] Testing Class Recall: [0.621,0.935,0.796,0.443,0.759,0.484,0.438,0.511,0.453,0.381]
Epoch [35] Training Results: Prec@1 76.709 Prec@5 90.709             Loss 1.01454
Epoch [35] Training Class Recall: [0.725,0.789,0.746,0.732,0.784,0.752,0.781,0.779,0.799,0.780]
Epoch [35] Testing Results: Prec@1 56.580 Prec@5 88.660             Loss 1.45278
Epoch [35] Testing Class Recall: [0.844,0.910,0.420,0.507,0.561,0.684,0.720,0.558,0.250,0.204]
Epoch [36] Training Results: Prec@1 76.580 Prec@5 90.506             Loss 1.01461
Epoch [36] Training Class Recall: [0.742,0.794,0.730,0.721,0.781,0.747,0.785,0.774,0.801,0.784]
Epoch [36] Testing Results: Prec@1 56.350 Prec@5 87.110             Loss 1.50277
Epoch [36] Testing Class Recall: [0.648,0.914,0.805,0.476,0.688,0.489,0.453,0.595,0.374,0.193]
Epoch [37] Training Results: Prec@1 76.557 Prec@5 90.526             Loss 1.01230
Epoch [37] Training Class Recall: [0.733,0.796,0.737,0.730,0.776,0.743,0.778,0.779,0.799,0.783]
Epoch [37] Testing Results: Prec@1 57.190 Prec@5 88.010             Loss 1.51961
Epoch [37] Testing Class Recall: [0.764,0.944,0.586,0.774,0.647,0.438,0.426,0.379,0.252,0.509]
Epoch [38] Training Results: Prec@1 76.600 Prec@5 90.520             Loss 1.01372
Epoch [38] Training Class Recall: [0.737,0.795,0.746,0.720,0.776,0.744,0.778,0.781,0.798,0.782]
Epoch [38] Testing Results: Prec@1 48.030 Prec@5 83.360             Loss 1.81901
Epoch [38] Testing Class Recall: [0.703,0.866,0.891,0.456,0.337,0.280,0.593,0.089,0.453,0.135]
Epoch [39] Training Results: Prec@1 76.863 Prec@5 90.663             Loss 1.01078
Epoch [39] Training Class Recall: [0.740,0.796,0.746,0.728,0.785,0.747,0.780,0.781,0.797,0.784]
Epoch [39] Testing Results: Prec@1 61.620 Prec@5 91.120             Loss 1.33678
Epoch [39] Testing Class Recall: [0.776,0.818,0.711,0.708,0.531,0.450,0.595,0.590,0.477,0.506]
Epoch [40] Training Results: Prec@1 76.817 Prec@5 90.611             Loss 1.00898
Epoch [40] Training Class Recall: [0.738,0.788,0.754,0.735,0.782,0.745,0.780,0.774,0.800,0.782]
Epoch [40] Testing Results: Prec@1 55.550 Prec@5 86.150             Loss 1.63438
Epoch [40] Testing Class Recall: [0.874,0.935,0.654,0.689,0.380,0.377,0.375,0.552,0.315,0.404]
Epoch [41] Training Results: Prec@1 76.823 Prec@5 90.549             Loss 1.00685
Epoch [41] Training Class Recall: [0.734,0.795,0.744,0.734,0.781,0.747,0.782,0.781,0.799,0.782]
Epoch [41] Testing Results: Prec@1 57.380 Prec@5 87.830             Loss 1.55818
Epoch [41] Testing Class Recall: [0.738,0.901,0.650,0.762,0.564,0.326,0.219,0.582,0.500,0.496]
Epoch [42] Training Results: Prec@1 76.986 Prec@5 90.526             Loss 1.00334
Epoch [42] Training Class Recall: [0.739,0.793,0.751,0.734,0.784,0.749,0.785,0.778,0.798,0.785]
Epoch [42] Testing Results: Prec@1 58.060 Prec@5 86.390             Loss 1.51084
Epoch [42] Testing Class Recall: [0.662,0.955,0.743,0.741,0.688,0.225,0.505,0.488,0.548,0.251]
Epoch [43] Training Results: Prec@1 76.934 Prec@5 90.766             Loss 1.00307
Epoch [43] Training Class Recall: [0.736,0.793,0.747,0.736,0.787,0.747,0.788,0.778,0.797,0.782]
Epoch [43] Testing Results: Prec@1 60.460 Prec@5 90.840             Loss 1.34780
Epoch [43] Testing Class Recall: [0.831,0.913,0.723,0.476,0.768,0.406,0.446,0.514,0.469,0.500]
Epoch [44] Training Results: Prec@1 77.163 Prec@5 90.769             Loss 1.00105
Epoch [44] Training Class Recall: [0.737,0.795,0.755,0.740,0.787,0.750,0.780,0.782,0.800,0.784]
Epoch [44] Testing Results: Prec@1 61.900 Prec@5 91.480             Loss 1.30532
Epoch [44] Testing Class Recall: [0.743,0.927,0.604,0.746,0.668,0.458,0.603,0.506,0.414,0.521]
Epoch [45] Training Results: Prec@1 77.043 Prec@5 90.703             Loss 1.00005
Epoch [45] Training Class Recall: [0.743,0.797,0.748,0.739,0.783,0.753,0.782,0.780,0.798,0.780]
Epoch [45] Testing Results: Prec@1 58.790 Prec@5 89.010             Loss 1.42098
Epoch [45] Testing Class Recall: [0.675,0.853,0.765,0.564,0.645,0.621,0.337,0.410,0.651,0.358]
Epoch [46] Training Results: Prec@1 77.074 Prec@5 90.757             Loss 1.00375
Epoch [46] Training Class Recall: [0.741,0.798,0.754,0.738,0.785,0.746,0.784,0.777,0.799,0.782]
Epoch [46] Testing Results: Prec@1 61.650 Prec@5 90.400             Loss 1.33959
Epoch [46] Testing Class Recall: [0.779,0.890,0.712,0.680,0.592,0.492,0.582,0.488,0.341,0.609]
Epoch [47] Training Results: Prec@1 76.894 Prec@5 90.634             Loss 1.00581
Epoch [47] Training Class Recall: [0.736,0.796,0.754,0.734,0.784,0.747,0.777,0.777,0.797,0.784]
Epoch [47] Testing Results: Prec@1 55.070 Prec@5 86.620             Loss 1.53969
Epoch [47] Testing Class Recall: [0.682,0.783,0.696,0.376,0.844,0.488,0.675,0.309,0.501,0.153]
Epoch [48] Training Results: Prec@1 76.929 Prec@5 90.966             Loss 1.00018
Epoch [48] Training Class Recall: [0.734,0.794,0.757,0.732,0.784,0.751,0.782,0.773,0.799,0.784]
Epoch [48] Testing Results: Prec@1 55.050 Prec@5 88.260             Loss 1.56565
Epoch [48] Testing Class Recall: [0.606,0.966,0.764,0.803,0.318,0.281,0.607,0.420,0.396,0.344]
Epoch [49] Training Results: Prec@1 77.211 Prec@5 90.754             Loss 0.99657
Epoch [49] Training Class Recall: [0.741,0.796,0.754,0.742,0.786,0.752,0.783,0.780,0.800,0.784]
Epoch [49] Testing Results: Prec@1 53.290 Prec@5 83.990             Loss 1.64471
Epoch [49] Testing Class Recall: [0.614,0.942,0.800,0.720,0.530,0.281,0.572,0.261,0.482,0.127]
Epoch [50] Training Results: Prec@1 77.097 Prec@5 90.949             Loss 0.99605
Epoch [50] Training Class Recall: [0.740,0.793,0.759,0.741,0.781,0.755,0.780,0.778,0.797,0.782]
Epoch [50] Testing Results: Prec@1 58.840 Prec@5 89.590             Loss 1.39091
Epoch [50] Testing Class Recall: [0.761,0.883,0.646,0.735,0.610,0.444,0.569,0.356,0.593,0.287]
Epoch [51] Training Results: Prec@1 77.237 Prec@5 90.900             Loss 0.99475
Epoch [51] Training Class Recall: [0.743,0.797,0.750,0.739,0.792,0.756,0.784,0.777,0.799,0.784]
Epoch [51] Testing Results: Prec@1 59.680 Prec@5 89.190             Loss 1.36747
Epoch [51] Testing Class Recall: [0.691,0.873,0.660,0.539,0.836,0.546,0.439,0.592,0.512,0.280]
Epoch [52] Training Results: Prec@1 77.343 Prec@5 90.983             Loss 0.98875
Epoch [52] Training Class Recall: [0.745,0.793,0.763,0.746,0.789,0.753,0.783,0.779,0.798,0.781]
Epoch [52] Testing Results: Prec@1 45.240 Prec@5 82.650             Loss 2.27332
Epoch [52] Testing Class Recall: [0.692,0.835,0.914,0.338,0.179,0.234,0.388,0.305,0.099,0.540]
Epoch [53] Training Results: Prec@1 77.120 Prec@5 91.103             Loss 0.99839
Epoch [53] Training Class Recall: [0.749,0.798,0.759,0.736,0.784,0.748,0.778,0.779,0.799,0.780]
Epoch [53] Testing Results: Prec@1 59.620 Prec@5 88.650             Loss 1.38991
Epoch [53] Testing Class Recall: [0.794,0.881,0.688,0.452,0.440,0.638,0.745,0.417,0.278,0.629]
Epoch [54] Training Results: Prec@1 77.169 Prec@5 91.017             Loss 0.99334
Epoch [54] Training Class Recall: [0.747,0.795,0.762,0.737,0.783,0.751,0.779,0.775,0.800,0.785]
Epoch [54] Testing Results: Prec@1 58.400 Prec@5 90.140             Loss 1.38891
Epoch [54] Testing Class Recall: [0.634,0.876,0.653,0.742,0.557,0.489,0.468,0.618,0.468,0.335]
Epoch [55] Training Results: Prec@1 77.240 Prec@5 90.986             Loss 0.99410
Epoch [55] Training Class Recall: [0.741,0.794,0.758,0.740,0.789,0.754,0.784,0.780,0.799,0.783]
Epoch [55] Testing Results: Prec@1 59.340 Prec@5 88.790             Loss 1.38172
Epoch [55] Testing Class Recall: [0.736,0.935,0.517,0.544,0.634,0.742,0.496,0.411,0.416,0.503]
Epoch [56] Training Results: Prec@1 77.191 Prec@5 90.854             Loss 0.99379
Epoch [56] Training Class Recall: [0.742,0.794,0.756,0.740,0.789,0.752,0.782,0.779,0.799,0.782]
Epoch [56] Testing Results: Prec@1 59.280 Prec@5 91.310             Loss 1.39805
Epoch [56] Testing Class Recall: [0.762,0.926,0.525,0.698,0.428,0.458,0.822,0.385,0.463,0.461]
Epoch [57] Training Results: Prec@1 77.540 Prec@5 90.823             Loss 0.98796
Epoch [57] Training Class Recall: [0.746,0.798,0.761,0.748,0.790,0.758,0.785,0.781,0.800,0.785]
Epoch [57] Testing Results: Prec@1 53.090 Prec@5 84.480             Loss 1.68291
Epoch [57] Testing Class Recall: [0.752,0.961,0.819,0.589,0.650,0.330,0.171,0.383,0.478,0.176]
Epoch [58] Training Results: Prec@1 77.331 Prec@5 91.066             Loss 0.98680
Epoch [58] Training Class Recall: [0.745,0.796,0.751,0.748,0.787,0.757,0.781,0.780,0.801,0.783]
Epoch [58] Testing Results: Prec@1 52.820 Prec@5 85.610             Loss 1.68363
Epoch [58] Testing Class Recall: [0.788,0.815,0.820,0.435,0.649,0.504,0.216,0.348,0.330,0.377]
Epoch [59] Training Results: Prec@1 77.446 Prec@5 90.980             Loss 0.98596
Epoch [59] Training Class Recall: [0.738,0.799,0.763,0.742,0.795,0.752,0.789,0.782,0.797,0.783]
Epoch [59] Testing Results: Prec@1 54.560 Prec@5 86.600             Loss 1.65497
Epoch [59] Testing Class Recall: [0.806,0.785,0.525,0.838,0.669,0.322,0.196,0.503,0.383,0.429]
Epoch [60] Training Results: Prec@1 77.223 Prec@5 90.969             Loss 0.99262
Epoch [60] Training Class Recall: [0.744,0.792,0.758,0.739,0.788,0.754,0.783,0.777,0.801,0.784]
Epoch [60] Testing Results: Prec@1 58.600 Prec@5 87.460             Loss 1.43415
Epoch [60] Testing Class Recall: [0.659,0.938,0.783,0.611,0.791,0.211,0.453,0.414,0.462,0.538]
Epoch [61] Training Results: Prec@1 77.614 Prec@5 91.363             Loss 0.98337
Epoch [61] Training Class Recall: [0.747,0.797,0.772,0.741,0.791,0.756,0.786,0.782,0.802,0.784]
Epoch [61] Testing Results: Prec@1 59.950 Prec@5 89.570             Loss 1.37946
Epoch [61] Testing Class Recall: [0.787,0.903,0.645,0.583,0.636,0.479,0.669,0.452,0.555,0.286]
Epoch [62] Training Results: Prec@1 77.180 Prec@5 90.960             Loss 0.98986
Epoch [62] Training Class Recall: [0.743,0.798,0.756,0.734,0.785,0.752,0.788,0.778,0.797,0.785]
Epoch [62] Testing Results: Prec@1 51.560 Prec@5 84.320             Loss 1.69539
Epoch [62] Testing Class Recall: [0.805,0.797,0.694,0.433,0.810,0.278,0.345,0.234,0.561,0.199]
Epoch [63] Training Results: Prec@1 77.254 Prec@5 91.106             Loss 0.98997
Epoch [63] Training Class Recall: [0.747,0.795,0.753,0.742,0.785,0.755,0.785,0.779,0.799,0.782]
Epoch [63] Testing Results: Prec@1 60.740 Prec@5 89.180             Loss 1.37413
Epoch [63] Testing Class Recall: [0.681,0.890,0.753,0.739,0.754,0.310,0.486,0.515,0.404,0.542]
Epoch [64] Training Results: Prec@1 77.354 Prec@5 91.123             Loss 0.98846
Epoch [64] Training Class Recall: [0.741,0.792,0.763,0.751,0.785,0.753,0.785,0.781,0.799,0.783]
Epoch [64] Testing Results: Prec@1 57.980 Prec@5 88.120             Loss 1.48783
Epoch [64] Testing Class Recall: [0.812,0.840,0.741,0.656,0.525,0.436,0.678,0.556,0.273,0.281]
Epoch [65] Training Results: Prec@1 77.263 Prec@5 91.231             Loss 0.98779
Epoch [65] Training Class Recall: [0.748,0.797,0.754,0.744,0.786,0.756,0.785,0.778,0.794,0.782]
Epoch [65] Testing Results: Prec@1 56.890 Prec@5 87.280             Loss 1.54210
Epoch [65] Testing Class Recall: [0.704,0.887,0.815,0.535,0.580,0.576,0.675,0.463,0.228,0.226]
Epoch [66] Training Results: Prec@1 77.626 Prec@5 91.289             Loss 0.98251
Epoch [66] Training Class Recall: [0.745,0.794,0.764,0.750,0.798,0.754,0.787,0.781,0.801,0.785]
Epoch [66] Testing Results: Prec@1 60.510 Prec@5 89.610             Loss 1.35892
Epoch [66] Testing Class Recall: [0.735,0.924,0.632,0.716,0.629,0.497,0.311,0.471,0.583,0.553]
Epoch [67] Training Results: Prec@1 77.583 Prec@5 91.211             Loss 0.98477
Epoch [67] Training Class Recall: [0.745,0.797,0.769,0.750,0.787,0.756,0.787,0.780,0.799,0.785]
Epoch [67] Testing Results: Prec@1 60.230 Prec@5 90.460             Loss 1.33400
Epoch [67] Testing Class Recall: [0.687,0.883,0.748,0.548,0.591,0.503,0.416,0.436,0.732,0.479]
Epoch [68] Training Results: Prec@1 77.586 Prec@5 91.283             Loss 0.98048
Epoch [68] Training Class Recall: [0.750,0.796,0.769,0.752,0.788,0.751,0.787,0.778,0.799,0.786]
Epoch [68] Testing Results: Prec@1 57.880 Prec@5 87.910             Loss 1.48152
Epoch [68] Testing Class Recall: [0.640,0.879,0.813,0.554,0.716,0.482,0.633,0.423,0.349,0.299]
Epoch [69] Training Results: Prec@1 77.440 Prec@5 91.320             Loss 0.98388
Epoch [69] Training Class Recall: [0.746,0.798,0.767,0.744,0.790,0.752,0.784,0.778,0.800,0.782]
Epoch [69] Testing Results: Prec@1 58.950 Prec@5 87.550             Loss 1.44401
Epoch [69] Testing Class Recall: [0.728,0.945,0.675,0.565,0.604,0.446,0.784,0.606,0.380,0.162]
Epoch [70] Training Results: Prec@1 77.646 Prec@5 91.306             Loss 0.97948
Epoch [70] Training Class Recall: [0.748,0.799,0.761,0.749,0.792,0.757,0.789,0.781,0.801,0.784]
Epoch [70] Testing Results: Prec@1 55.250 Prec@5 85.610             Loss 1.55605
Epoch [70] Testing Class Recall: [0.771,0.957,0.808,0.561,0.543,0.387,0.277,0.411,0.581,0.229]
Epoch [71] Training Results: Prec@1 77.583 Prec@5 91.349             Loss 0.98032
Epoch [71] Training Class Recall: [0.749,0.794,0.768,0.750,0.792,0.760,0.782,0.777,0.801,0.782]
Epoch [71] Testing Results: Prec@1 57.550 Prec@5 88.380             Loss 1.47937
Epoch [71] Testing Class Recall: [0.886,0.913,0.556,0.451,0.579,0.522,0.328,0.656,0.482,0.382]
Epoch [72] Training Results: Prec@1 77.603 Prec@5 91.320             Loss 0.98079
Epoch [72] Training Class Recall: [0.749,0.799,0.764,0.750,0.790,0.755,0.782,0.780,0.802,0.785]
Epoch [72] Testing Results: Prec@1 58.270 Prec@5 87.180             Loss 1.42945
Epoch [72] Testing Class Recall: [0.680,0.901,0.510,0.492,0.801,0.693,0.329,0.268,0.664,0.489]
Epoch [73] Training Results: Prec@1 77.651 Prec@5 91.140             Loss 0.97979
Epoch [73] Training Class Recall: [0.750,0.798,0.768,0.746,0.794,0.754,0.786,0.783,0.801,0.784]
Epoch [73] Testing Results: Prec@1 58.430 Prec@5 89.530             Loss 1.45147
Epoch [73] Testing Class Recall: [0.865,0.937,0.629,0.688,0.519,0.495,0.388,0.547,0.380,0.395]
Epoch [74] Training Results: Prec@1 77.491 Prec@5 91.569             Loss 0.97948
Epoch [74] Training Class Recall: [0.744,0.794,0.766,0.753,0.789,0.751,0.787,0.780,0.800,0.782]
Epoch [74] Testing Results: Prec@1 53.190 Prec@5 85.570             Loss 1.60959
Epoch [74] Testing Class Recall: [0.849,0.651,0.613,0.545,0.796,0.526,0.107,0.498,0.324,0.410]
Epoch [75] Training Results: Prec@1 77.634 Prec@5 91.417             Loss 0.97556
Epoch [75] Training Class Recall: [0.747,0.798,0.766,0.749,0.796,0.756,0.786,0.779,0.799,0.783]
Epoch [75] Testing Results: Prec@1 54.020 Prec@5 86.210             Loss 1.64272
Epoch [75] Testing Class Recall: [0.603,0.958,0.805,0.434,0.557,0.329,0.526,0.416,0.631,0.143]
Epoch [76] Training Results: Prec@1 77.466 Prec@5 91.389             Loss 0.97907
Epoch [76] Training Class Recall: [0.749,0.793,0.769,0.742,0.785,0.752,0.788,0.782,0.800,0.784]
Epoch [76] Testing Results: Prec@1 58.050 Prec@5 88.200             Loss 1.45114
Epoch [76] Testing Class Recall: [0.491,0.890,0.654,0.444,0.832,0.597,0.705,0.456,0.373,0.363]
Epoch [77] Training Results: Prec@1 77.634 Prec@5 91.469             Loss 0.97691
Epoch [77] Training Class Recall: [0.749,0.798,0.773,0.748,0.791,0.752,0.785,0.782,0.799,0.784]
Epoch [77] Testing Results: Prec@1 56.240 Prec@5 87.060             Loss 1.54878
Epoch [77] Testing Class Recall: [0.659,0.765,0.694,0.294,0.887,0.549,0.529,0.423,0.448,0.376]
Epoch [78] Training Results: Prec@1 77.691 Prec@5 91.534             Loss 0.97292
Epoch [78] Training Class Recall: [0.748,0.801,0.765,0.751,0.792,0.758,0.788,0.781,0.801,0.782]
Epoch [78] Testing Results: Prec@1 58.510 Prec@5 90.100             Loss 1.47854
Epoch [78] Testing Class Recall: [0.736,0.909,0.557,0.722,0.445,0.635,0.517,0.383,0.508,0.439]
Epoch [79] Training Results: Prec@1 77.629 Prec@5 91.274             Loss 0.97940
Epoch [79] Training Class Recall: [0.752,0.799,0.770,0.752,0.787,0.754,0.786,0.776,0.799,0.783]
Epoch [79] Testing Results: Prec@1 61.710 Prec@5 88.960             Loss 1.32184
Epoch [79] Testing Class Recall: [0.741,0.951,0.594,0.666,0.675,0.485,0.730,0.391,0.523,0.415]
Epoch [80] Training Results: Prec@1 77.640 Prec@5 91.549             Loss 0.97566
Epoch [80] Training Class Recall: [0.751,0.798,0.766,0.746,0.797,0.754,0.785,0.779,0.801,0.784]
Epoch [80] Testing Results: Prec@1 57.910 Prec@5 85.710             Loss 1.48543
Epoch [80] Testing Class Recall: [0.645,0.968,0.585,0.637,0.764,0.577,0.699,0.348,0.399,0.169]
Epoch [81] Training Results: Prec@1 77.703 Prec@5 91.534             Loss 0.97306
Epoch [81] Training Class Recall: [0.751,0.798,0.764,0.748,0.796,0.761,0.788,0.782,0.796,0.783]
Epoch [81] Testing Results: Prec@1 59.690 Prec@5 91.030             Loss 1.36092
Epoch [81] Testing Class Recall: [0.835,0.888,0.685,0.622,0.651,0.443,0.473,0.686,0.382,0.304]
Epoch [82] Training Results: Prec@1 77.769 Prec@5 91.440             Loss 0.97248
Epoch [82] Training Class Recall: [0.754,0.799,0.767,0.751,0.794,0.756,0.784,0.784,0.799,0.786]
Epoch [82] Testing Results: Prec@1 55.050 Prec@5 86.130             Loss 1.57116
Epoch [82] Testing Class Recall: [0.758,0.954,0.617,0.636,0.465,0.645,0.647,0.461,0.145,0.177]
Epoch [83] Training Results: Prec@1 77.737 Prec@5 91.537             Loss 0.97292
Epoch [83] Training Class Recall: [0.752,0.800,0.765,0.753,0.795,0.755,0.786,0.780,0.800,0.785]
Epoch [83] Testing Results: Prec@1 57.370 Prec@5 86.710             Loss 1.49142
Epoch [83] Testing Class Recall: [0.741,0.901,0.810,0.523,0.562,0.626,0.566,0.334,0.485,0.189]
Epoch [84] Training Results: Prec@1 77.660 Prec@5 91.286             Loss 0.97583
Epoch [84] Training Class Recall: [0.748,0.800,0.766,0.750,0.790,0.756,0.789,0.778,0.802,0.784]
Epoch [84] Testing Results: Prec@1 59.890 Prec@5 89.880             Loss 1.42828
Epoch [84] Testing Class Recall: [0.673,0.853,0.386,0.697,0.755,0.687,0.459,0.411,0.493,0.575]
Epoch [85] Training Results: Prec@1 77.580 Prec@5 91.531             Loss 0.97765
Epoch [85] Training Class Recall: [0.750,0.802,0.768,0.750,0.785,0.753,0.783,0.780,0.800,0.782]
Epoch [85] Testing Results: Prec@1 57.750 Prec@5 88.690             Loss 1.54816
Epoch [85] Testing Class Recall: [0.901,0.909,0.481,0.665,0.684,0.347,0.633,0.506,0.456,0.193]
Epoch [86] Training Results: Prec@1 77.674 Prec@5 91.671             Loss 0.97246
Epoch [86] Training Class Recall: [0.750,0.797,0.770,0.753,0.787,0.757,0.784,0.782,0.801,0.784]
Epoch [86] Testing Results: Prec@1 58.130 Prec@5 88.580             Loss 1.44508
Epoch [86] Testing Class Recall: [0.719,0.807,0.505,0.753,0.754,0.515,0.461,0.372,0.580,0.347]
Epoch [87] Training Results: Prec@1 77.883 Prec@5 91.506             Loss 0.97169
Epoch [87] Training Class Recall: [0.751,0.800,0.770,0.752,0.793,0.759,0.790,0.782,0.802,0.786]
Epoch [87] Testing Results: Prec@1 55.630 Prec@5 85.090             Loss 1.55440
Epoch [87] Testing Class Recall: [0.760,0.777,0.758,0.347,0.556,0.454,0.661,0.778,0.167,0.305]
Epoch [88] Training Results: Prec@1 77.591 Prec@5 91.614             Loss 0.97435
Epoch [88] Training Class Recall: [0.751,0.800,0.769,0.746,0.789,0.752,0.784,0.781,0.801,0.783]
Epoch [88] Testing Results: Prec@1 55.280 Prec@5 85.560             Loss 1.55508
Epoch [88] Testing Class Recall: [0.918,0.824,0.639,0.270,0.810,0.561,0.402,0.550,0.273,0.281]
Epoch [89] Training Results: Prec@1 77.666 Prec@5 91.680             Loss 0.97324
Epoch [89] Training Class Recall: [0.755,0.798,0.762,0.750,0.794,0.754,0.785,0.784,0.799,0.781]
Epoch [89] Testing Results: Prec@1 58.730 Prec@5 88.820             Loss 1.47572
Epoch [89] Testing Class Recall: [0.629,0.925,0.887,0.475,0.667,0.437,0.537,0.493,0.413,0.410]
Epoch [90] Training Results: Prec@1 77.857 Prec@5 91.620             Loss 0.97298
Epoch [90] Training Class Recall: [0.760,0.800,0.766,0.751,0.794,0.758,0.788,0.783,0.800,0.785]
Epoch [90] Testing Results: Prec@1 57.830 Prec@5 87.950             Loss 1.44523
Epoch [90] Testing Class Recall: [0.675,0.897,0.690,0.490,0.778,0.358,0.639,0.626,0.444,0.186]
Epoch [91] Training Results: Prec@1 77.831 Prec@5 91.677             Loss 0.97164
Epoch [91] Training Class Recall: [0.754,0.800,0.768,0.750,0.794,0.760,0.788,0.783,0.799,0.783]
Epoch [91] Testing Results: Prec@1 55.440 Prec@5 86.840             Loss 1.62925
Epoch [91] Testing Class Recall: [0.693,0.941,0.842,0.482,0.714,0.329,0.533,0.539,0.185,0.286]
Epoch [92] Training Results: Prec@1 77.703 Prec@5 91.743             Loss 0.97013
Epoch [92] Training Class Recall: [0.754,0.801,0.767,0.752,0.794,0.755,0.782,0.779,0.800,0.784]
Epoch [92] Testing Results: Prec@1 56.920 Prec@5 87.290             Loss 1.51355
Epoch [92] Testing Class Recall: [0.834,0.911,0.670,0.628,0.674,0.514,0.331,0.498,0.386,0.246]
Epoch [93] Training Results: Prec@1 77.971 Prec@5 91.671             Loss 0.96843
Epoch [93] Training Class Recall: [0.754,0.801,0.771,0.755,0.798,0.759,0.788,0.782,0.800,0.785]
Epoch [93] Testing Results: Prec@1 56.880 Prec@5 87.450             Loss 1.50154
Epoch [93] Testing Class Recall: [0.693,0.964,0.743,0.692,0.419,0.467,0.724,0.376,0.377,0.233]
Epoch [94] Training Results: Prec@1 77.749 Prec@5 91.883             Loss 0.96618
Epoch [94] Training Class Recall: [0.748,0.795,0.774,0.754,0.797,0.755,0.787,0.780,0.800,0.782]
Epoch [94] Testing Results: Prec@1 56.220 Prec@5 88.420             Loss 1.50941
Epoch [94] Testing Class Recall: [0.601,0.972,0.720,0.422,0.845,0.423,0.421,0.456,0.519,0.243]
Epoch [95] Training Results: Prec@1 77.477 Prec@5 91.703             Loss 0.97739
Epoch [95] Training Class Recall: [0.752,0.797,0.760,0.742,0.788,0.757,0.785,0.782,0.800,0.784]
Epoch [95] Testing Results: Prec@1 59.450 Prec@5 89.950             Loss 1.39666
Epoch [95] Testing Class Recall: [0.704,0.904,0.589,0.793,0.645,0.474,0.346,0.638,0.478,0.374]
Epoch [96] Training Results: Prec@1 77.663 Prec@5 91.740             Loss 0.97025
Epoch [96] Training Class Recall: [0.748,0.799,0.766,0.751,0.793,0.756,0.784,0.780,0.803,0.783]
Epoch [96] Testing Results: Prec@1 57.480 Prec@5 87.410             Loss 1.54668
Epoch [96] Testing Class Recall: [0.632,0.924,0.802,0.528,0.669,0.568,0.510,0.224,0.600,0.291]
Epoch [97] Training Results: Prec@1 77.820 Prec@5 91.803             Loss 0.96532
Epoch [97] Training Class Recall: [0.754,0.798,0.765,0.758,0.796,0.755,0.786,0.781,0.801,0.784]
Epoch [97] Testing Results: Prec@1 53.760 Prec@5 82.790             Loss 1.63753
Epoch [97] Testing Class Recall: [0.671,0.938,0.836,0.558,0.722,0.322,0.343,0.530,0.396,0.060]
Epoch [98] Training Results: Prec@1 77.917 Prec@5 91.763             Loss 0.96738
Epoch [98] Training Class Recall: [0.748,0.800,0.768,0.759,0.799,0.759,0.785,0.785,0.802,0.782]
Epoch [98] Testing Results: Prec@1 58.010 Prec@5 88.390             Loss 1.48769
Epoch [98] Testing Class Recall: [0.868,0.734,0.703,0.487,0.630,0.415,0.714,0.371,0.558,0.321]
Epoch [99] Training Results: Prec@1 77.709 Prec@5 91.766             Loss 0.97010
Epoch [99] Training Class Recall: [0.756,0.794,0.768,0.750,0.790,0.758,0.786,0.785,0.798,0.783]
Epoch [99] Testing Results: Prec@1 53.750 Prec@5 86.110             Loss 1.59820
Epoch [99] Testing Class Recall: [0.700,0.899,0.851,0.502,0.558,0.195,0.669,0.375,0.226,0.400]
Epoch [100] Training Results: Prec@1 77.857 Prec@5 91.703             Loss 0.96757
Epoch [100] Training Class Recall: [0.756,0.801,0.766,0.756,0.794,0.755,0.788,0.780,0.802,0.784]
Epoch [100] Testing Results: Prec@1 58.470 Prec@5 87.570             Loss 1.47434
Epoch [100] Testing Class Recall: [0.515,0.927,0.740,0.738,0.732,0.543,0.498,0.173,0.549,0.432]
Epoch [101] Training Results: Prec@1 77.920 Prec@5 91.806             Loss 0.96681
Epoch [101] Training Class Recall: [0.754,0.798,0.768,0.755,0.796,0.758,0.790,0.782,0.801,0.785]
Epoch [101] Testing Results: Prec@1 56.360 Prec@5 86.330             Loss 1.54877
Epoch [101] Testing Class Recall: [0.813,0.869,0.635,0.374,0.875,0.527,0.184,0.425,0.413,0.521]
Epoch [102] Training Results: Prec@1 77.617 Prec@5 91.657             Loss 0.97225
Epoch [102] Training Class Recall: [0.749,0.802,0.761,0.746,0.798,0.753,0.787,0.779,0.801,0.782]
Epoch [102] Testing Results: Prec@1 59.030 Prec@5 90.010             Loss 1.43473
Epoch [102] Testing Class Recall: [0.798,0.911,0.579,0.763,0.610,0.272,0.449,0.618,0.546,0.357]
Epoch [103] Training Results: Prec@1 77.997 Prec@5 91.817             Loss 0.96434
Epoch [103] Training Class Recall: [0.752,0.800,0.775,0.757,0.798,0.757,0.790,0.781,0.801,0.784]
Epoch [103] Testing Results: Prec@1 55.660 Prec@5 86.720             Loss 1.64596
Epoch [103] Testing Class Recall: [0.586,0.983,0.567,0.753,0.480,0.435,0.674,0.409,0.454,0.225]
Epoch [104] Training Results: Prec@1 77.674 Prec@5 91.857             Loss 0.96937
Epoch [104] Training Class Recall: [0.752,0.797,0.765,0.754,0.787,0.756,0.790,0.780,0.800,0.785]
Epoch [104] Testing Results: Prec@1 59.550 Prec@5 87.200             Loss 1.45168
Epoch [104] Testing Class Recall: [0.769,0.929,0.715,0.656,0.803,0.303,0.529,0.498,0.522,0.231]
Epoch [105] Training Results: Prec@1 77.883 Prec@5 91.966             Loss 0.96427
Epoch [105] Training Class Recall: [0.754,0.795,0.771,0.755,0.793,0.762,0.788,0.784,0.801,0.782]
Epoch [105] Testing Results: Prec@1 57.320 Prec@5 84.870             Loss 1.55499
Epoch [105] Testing Class Recall: [0.544,0.935,0.541,0.656,0.778,0.692,0.172,0.416,0.353,0.645]
Epoch [106] Training Results: Prec@1 77.666 Prec@5 92.011             Loss 0.96907
Epoch [106] Training Class Recall: [0.749,0.799,0.767,0.749,0.796,0.754,0.783,0.782,0.801,0.784]
Epoch [106] Testing Results: Prec@1 60.480 Prec@5 89.460             Loss 1.39262
Epoch [106] Testing Class Recall: [0.763,0.863,0.624,0.722,0.738,0.552,0.624,0.278,0.488,0.396]
Epoch [107] Training Results: Prec@1 77.886 Prec@5 91.974             Loss 0.96181
Epoch [107] Training Class Recall: [0.755,0.799,0.772,0.754,0.789,0.758,0.790,0.784,0.801,0.784]
Epoch [107] Testing Results: Prec@1 61.770 Prec@5 90.340             Loss 1.33686
Epoch [107] Testing Class Recall: [0.654,0.842,0.835,0.653,0.627,0.327,0.544,0.570,0.646,0.479]
Epoch [108] Training Results: Prec@1 77.871 Prec@5 91.954             Loss 0.96479
Epoch [108] Training Class Recall: [0.754,0.801,0.767,0.746,0.794,0.763,0.789,0.783,0.801,0.786]
Epoch [108] Testing Results: Prec@1 56.600 Prec@5 87.770             Loss 1.58584
Epoch [108] Testing Class Recall: [0.842,0.957,0.689,0.584,0.720,0.488,0.304,0.543,0.220,0.313]
Epoch [109] Training Results: Prec@1 77.883 Prec@5 91.980             Loss 0.96352
Epoch [109] Training Class Recall: [0.757,0.798,0.771,0.751,0.792,0.763,0.787,0.781,0.801,0.785]
Epoch [109] Testing Results: Prec@1 58.810 Prec@5 87.790             Loss 1.44412
Epoch [109] Testing Class Recall: [0.690,0.952,0.587,0.680,0.862,0.459,0.637,0.408,0.440,0.166]
Epoch [110] Training Results: Prec@1 77.934 Prec@5 91.920             Loss 0.96127
Epoch [110] Training Class Recall: [0.752,0.800,0.769,0.757,0.800,0.758,0.790,0.781,0.799,0.783]
Epoch [110] Testing Results: Prec@1 56.790 Prec@5 86.800             Loss 1.52231
Epoch [110] Testing Class Recall: [0.736,0.910,0.780,0.385,0.643,0.281,0.628,0.439,0.512,0.365]
Epoch [111] Training Results: Prec@1 77.934 Prec@5 91.989             Loss 0.96392
Epoch [111] Training Class Recall: [0.756,0.800,0.776,0.754,0.791,0.760,0.785,0.782,0.801,0.784]
Epoch [111] Testing Results: Prec@1 60.370 Prec@5 90.220             Loss 1.32343
Epoch [111] Testing Class Recall: [0.818,0.930,0.732,0.622,0.438,0.537,0.614,0.471,0.495,0.380]
Epoch [112] Training Results: Prec@1 77.954 Prec@5 91.977             Loss 0.95985
Epoch [112] Training Class Recall: [0.750,0.797,0.774,0.762,0.796,0.758,0.788,0.781,0.802,0.784]
Epoch [112] Testing Results: Prec@1 61.470 Prec@5 90.620             Loss 1.28178
Epoch [112] Testing Class Recall: [0.646,0.881,0.583,0.643,0.745,0.618,0.516,0.550,0.351,0.614]
Epoch [113] Training Results: Prec@1 77.780 Prec@5 92.000             Loss 0.96427
Epoch [113] Training Class Recall: [0.756,0.798,0.770,0.748,0.793,0.760,0.786,0.779,0.801,0.784]
Epoch [113] Testing Results: Prec@1 60.620 Prec@5 89.320             Loss 1.34686
Epoch [113] Testing Class Recall: [0.629,0.928,0.753,0.638,0.757,0.447,0.672,0.479,0.428,0.331]
Epoch [114] Training Results: Prec@1 77.883 Prec@5 91.897             Loss 0.96307
Epoch [114] Training Class Recall: [0.752,0.796,0.774,0.756,0.793,0.760,0.789,0.783,0.801,0.782]
Epoch [114] Testing Results: Prec@1 58.120 Prec@5 89.230             Loss 1.47349
Epoch [114] Testing Class Recall: [0.858,0.904,0.707,0.506,0.446,0.618,0.552,0.454,0.510,0.257]
Epoch [115] Training Results: Prec@1 77.917 Prec@5 92.134             Loss 0.95734
Epoch [115] Training Class Recall: [0.752,0.797,0.775,0.750,0.800,0.760,0.788,0.782,0.799,0.783]
Epoch [115] Testing Results: Prec@1 60.260 Prec@5 88.260             Loss 1.42656
Epoch [115] Testing Class Recall: [0.730,0.800,0.668,0.725,0.764,0.393,0.472,0.450,0.684,0.340]
Epoch [116] Training Results: Prec@1 77.889 Prec@5 91.934             Loss 0.96278
Epoch [116] Training Class Recall: [0.754,0.802,0.773,0.748,0.795,0.763,0.786,0.782,0.798,0.784]
Epoch [116] Testing Results: Prec@1 55.810 Prec@5 83.840             Loss 1.70605
Epoch [116] Testing Class Recall: [0.803,0.902,0.636,0.747,0.818,0.329,0.603,0.177,0.416,0.150]
Epoch [117] Training Results: Prec@1 77.817 Prec@5 92.143             Loss 0.96257
Epoch [117] Training Class Recall: [0.754,0.799,0.767,0.748,0.797,0.764,0.789,0.779,0.799,0.782]
Epoch [117] Testing Results: Prec@1 58.320 Prec@5 87.720             Loss 1.50035
Epoch [117] Testing Class Recall: [0.813,0.919,0.613,0.746,0.540,0.518,0.653,0.339,0.432,0.259]
Epoch [118] Training Results: Prec@1 77.951 Prec@5 92.123             Loss 0.95730
Epoch [118] Training Class Recall: [0.758,0.797,0.774,0.746,0.798,0.762,0.790,0.782,0.799,0.786]
Epoch [118] Testing Results: Prec@1 58.420 Prec@5 85.690             Loss 1.50686
Epoch [118] Testing Class Recall: [0.809,0.932,0.750,0.447,0.615,0.617,0.427,0.442,0.466,0.337]
Epoch [119] Training Results: Prec@1 77.714 Prec@5 92.009             Loss 0.96309
Epoch [119] Training Class Recall: [0.750,0.797,0.774,0.752,0.793,0.754,0.782,0.782,0.799,0.785]
Epoch [119] Testing Results: Prec@1 54.500 Prec@5 88.780             Loss 1.53856
Epoch [119] Testing Class Recall: [0.645,0.943,0.809,0.716,0.469,0.337,0.628,0.366,0.259,0.278]
Epoch [120] Training Results: Prec@1 77.943 Prec@5 92.171             Loss 0.95823
Epoch [120] Training Class Recall: [0.758,0.798,0.775,0.757,0.795,0.754,0.788,0.781,0.801,0.783]
Epoch [120] Testing Results: Prec@1 60.680 Prec@5 88.250             Loss 1.40427
Epoch [120] Testing Class Recall: [0.804,0.934,0.672,0.686,0.729,0.484,0.285,0.549,0.418,0.507]
Epoch [121] Training Results: Prec@1 78.034 Prec@5 91.826             Loss 0.95634
Epoch [121] Training Class Recall: [0.758,0.800,0.779,0.750,0.798,0.759,0.787,0.784,0.801,0.784]
Epoch [121] Testing Results: Prec@1 60.910 Prec@5 89.560             Loss 1.30892
Epoch [121] Testing Class Recall: [0.793,0.952,0.624,0.482,0.750,0.623,0.473,0.596,0.474,0.324]
Epoch [122] Training Results: Prec@1 78.217 Prec@5 92.003             Loss 0.95715
Epoch [122] Training Class Recall: [0.759,0.804,0.781,0.758,0.798,0.763,0.786,0.781,0.803,0.785]
Epoch [122] Testing Results: Prec@1 57.250 Prec@5 88.820             Loss 1.48925
Epoch [122] Testing Class Recall: [0.833,0.734,0.402,0.688,0.744,0.669,0.453,0.554,0.320,0.328]
Epoch [123] Training Results: Prec@1 77.874 Prec@5 92.054             Loss 0.96014
Epoch [123] Training Class Recall: [0.751,0.798,0.778,0.753,0.797,0.754,0.786,0.782,0.799,0.785]
Epoch [123] Testing Results: Prec@1 60.490 Prec@5 88.010             Loss 1.39537
Epoch [123] Testing Class Recall: [0.763,0.962,0.609,0.504,0.752,0.681,0.644,0.527,0.535,0.072]
Epoch [124] Training Results: Prec@1 77.806 Prec@5 92.246             Loss 0.96256
Epoch [124] Training Class Recall: [0.753,0.798,0.770,0.749,0.794,0.756,0.789,0.782,0.802,0.784]
Epoch [124] Testing Results: Prec@1 60.580 Prec@5 89.960             Loss 1.35160
Epoch [124] Testing Class Recall: [0.815,0.906,0.598,0.719,0.473,0.502,0.569,0.567,0.530,0.379]
Epoch [125] Training Results: Prec@1 77.997 Prec@5 92.334             Loss 0.95688
Epoch [125] Training Class Recall: [0.755,0.798,0.772,0.758,0.797,0.758,0.789,0.784,0.800,0.786]
Epoch [125] Testing Results: Prec@1 55.520 Prec@5 84.510             Loss 1.60315
Epoch [125] Testing Class Recall: [0.790,0.876,0.767,0.546,0.786,0.442,0.655,0.445,0.217,0.028]
Epoch [126] Training Results: Prec@1 77.966 Prec@5 92.246             Loss 0.95748
Epoch [126] Training Class Recall: [0.756,0.799,0.771,0.756,0.797,0.763,0.785,0.782,0.801,0.784]
Epoch [126] Testing Results: Prec@1 59.590 Prec@5 88.880             Loss 1.41954
Epoch [126] Testing Class Recall: [0.818,0.921,0.637,0.553,0.770,0.499,0.418,0.589,0.339,0.415]
Epoch [127] Training Results: Prec@1 78.074 Prec@5 92.406             Loss 0.95453
Epoch [127] Training Class Recall: [0.752,0.802,0.772,0.760,0.801,0.758,0.789,0.783,0.802,0.784]
Epoch [127] Testing Results: Prec@1 56.640 Prec@5 87.000             Loss 1.54130
Epoch [127] Testing Class Recall: [0.596,0.836,0.729,0.678,0.835,0.328,0.510,0.353,0.442,0.357]
Epoch [128] Training Results: Prec@1 78.011 Prec@5 92.009             Loss 0.95846
Epoch [128] Training Class Recall: [0.752,0.798,0.778,0.756,0.796,0.762,0.787,0.785,0.801,0.783]
Epoch [128] Testing Results: Prec@1 61.820 Prec@5 89.570             Loss 1.35829
Epoch [128] Testing Class Recall: [0.774,0.949,0.770,0.612,0.521,0.589,0.515,0.507,0.382,0.563]
Epoch [129] Training Results: Prec@1 78.006 Prec@5 92.271             Loss 0.95491
Epoch [129] Training Class Recall: [0.754,0.798,0.777,0.755,0.797,0.761,0.790,0.782,0.799,0.786]
Epoch [129] Testing Results: Prec@1 60.010 Prec@5 90.140             Loss 1.40725
Epoch [129] Testing Class Recall: [0.668,0.938,0.561,0.796,0.633,0.477,0.509,0.553,0.443,0.423]
Epoch [130] Training Results: Prec@1 78.049 Prec@5 92.243             Loss 0.95710
Epoch [130] Training Class Recall: [0.759,0.802,0.771,0.756,0.798,0.760,0.788,0.783,0.802,0.784]
Epoch [130] Testing Results: Prec@1 58.190 Prec@5 90.230             Loss 1.43747
Epoch [130] Testing Class Recall: [0.600,0.849,0.824,0.525,0.750,0.481,0.383,0.347,0.570,0.490]
Epoch [131] Training Results: Prec@1 77.949 Prec@5 92.320             Loss 0.95694
Epoch [131] Training Class Recall: [0.759,0.800,0.774,0.751,0.793,0.761,0.789,0.781,0.801,0.783]
Epoch [131] Testing Results: Prec@1 61.610 Prec@5 89.500             Loss 1.35285
Epoch [131] Testing Class Recall: [0.671,0.962,0.795,0.611,0.611,0.451,0.665,0.538,0.391,0.466]
Epoch [132] Training Results: Prec@1 77.820 Prec@5 92.249             Loss 0.95912
Epoch [132] Training Class Recall: [0.752,0.794,0.775,0.748,0.801,0.752,0.787,0.782,0.802,0.786]
Epoch [132] Testing Results: Prec@1 56.770 Prec@5 85.570             Loss 1.57118
Epoch [132] Testing Class Recall: [0.796,0.943,0.650,0.701,0.746,0.516,0.371,0.374,0.378,0.202]
Epoch [133] Training Results: Prec@1 77.974 Prec@5 92.189             Loss 0.95390
Epoch [133] Training Class Recall: [0.755,0.798,0.774,0.759,0.791,0.764,0.788,0.781,0.799,0.785]
Epoch [133] Testing Results: Prec@1 54.200 Prec@5 85.790             Loss 1.64420
Epoch [133] Testing Class Recall: [0.386,0.788,0.763,0.578,0.862,0.479,0.534,0.286,0.373,0.371]
Epoch [134] Training Results: Prec@1 78.043 Prec@5 92.226             Loss 0.95556
Epoch [134] Training Class Recall: [0.752,0.800,0.776,0.764,0.796,0.760,0.787,0.784,0.802,0.780]
Epoch [134] Testing Results: Prec@1 58.370 Prec@5 89.970             Loss 1.43007
Epoch [134] Testing Class Recall: [0.737,0.940,0.651,0.663,0.485,0.490,0.411,0.372,0.488,0.600]
Epoch [135] Training Results: Prec@1 78.094 Prec@5 92.266             Loss 0.95375
Epoch [135] Training Class Recall: [0.760,0.800,0.778,0.754,0.796,0.758,0.789,0.788,0.801,0.783]
Epoch [135] Testing Results: Prec@1 59.680 Prec@5 88.680             Loss 1.41410
Epoch [135] Testing Class Recall: [0.740,0.960,0.643,0.690,0.539,0.612,0.384,0.411,0.537,0.452]
Epoch [136] Training Results: Prec@1 78.111 Prec@5 92.357             Loss 0.94914
Epoch [136] Training Class Recall: [0.758,0.799,0.784,0.755,0.795,0.758,0.790,0.782,0.801,0.786]
Epoch [136] Testing Results: Prec@1 55.250 Prec@5 85.370             Loss 1.58191
Epoch [136] Testing Class Recall: [0.620,0.959,0.768,0.717,0.606,0.546,0.290,0.219,0.456,0.344]
Epoch [137] Training Results: Prec@1 78.017 Prec@5 92.294             Loss 0.95215
Epoch [137] Training Class Recall: [0.760,0.799,0.772,0.756,0.797,0.760,0.786,0.784,0.798,0.786]
Epoch [137] Testing Results: Prec@1 60.160 Prec@5 89.400             Loss 1.36946
Epoch [137] Testing Class Recall: [0.699,0.909,0.677,0.583,0.814,0.436,0.523,0.572,0.412,0.391]
Epoch [138] Training Results: Prec@1 77.906 Prec@5 92.377             Loss 0.95710
Epoch [138] Training Class Recall: [0.752,0.801,0.767,0.753,0.797,0.761,0.784,0.784,0.803,0.785]
Epoch [138] Testing Results: Prec@1 59.100 Prec@5 90.330             Loss 1.43689
Epoch [138] Testing Class Recall: [0.656,0.903,0.809,0.575,0.572,0.562,0.497,0.498,0.435,0.403]
Epoch [139] Training Results: Prec@1 78.046 Prec@5 92.460             Loss 0.95139
Epoch [139] Training Class Recall: [0.758,0.799,0.779,0.753,0.798,0.762,0.786,0.781,0.802,0.783]
Epoch [139] Testing Results: Prec@1 59.530 Prec@5 88.390             Loss 1.44975
Epoch [139] Testing Class Recall: [0.659,0.942,0.708,0.762,0.409,0.441,0.723,0.489,0.502,0.318]
Epoch [140] Training Results: Prec@1 78.046 Prec@5 92.331             Loss 0.95241
Epoch [140] Training Class Recall: [0.760,0.799,0.776,0.757,0.796,0.762,0.788,0.779,0.800,0.785]
Epoch [140] Testing Results: Prec@1 60.800 Prec@5 90.420             Loss 1.39325
Epoch [140] Testing Class Recall: [0.734,0.876,0.779,0.656,0.650,0.370,0.537,0.435,0.620,0.423]
Epoch [141] Training Results: Prec@1 77.797 Prec@5 92.243             Loss 0.95988
Epoch [141] Training Class Recall: [0.754,0.794,0.767,0.753,0.796,0.760,0.786,0.782,0.800,0.785]
Epoch [141] Testing Results: Prec@1 54.570 Prec@5 84.590             Loss 1.66026
Epoch [141] Testing Class Recall: [0.898,0.903,0.687,0.343,0.565,0.533,0.745,0.389,0.223,0.171]
Epoch [142] Training Results: Prec@1 78.100 Prec@5 92.260             Loss 0.95177
Epoch [142] Training Class Recall: [0.757,0.799,0.777,0.758,0.799,0.757,0.792,0.785,0.799,0.783]
Epoch [142] Testing Results: Prec@1 58.130 Prec@5 86.830             Loss 1.46542
Epoch [142] Testing Class Recall: [0.663,0.902,0.818,0.490,0.763,0.477,0.470,0.359,0.602,0.269]
Epoch [143] Training Results: Prec@1 77.891 Prec@5 92.454             Loss 0.95189
Epoch [143] Training Class Recall: [0.750,0.794,0.772,0.756,0.800,0.761,0.786,0.780,0.802,0.784]
Epoch [143] Testing Results: Prec@1 56.660 Prec@5 89.890             Loss 1.64846
Epoch [143] Testing Class Recall: [0.910,0.748,0.623,0.515,0.737,0.502,0.617,0.306,0.282,0.426]
Epoch [144] Training Results: Prec@1 78.137 Prec@5 92.497             Loss 0.95006
Epoch [144] Training Class Recall: [0.758,0.802,0.776,0.756,0.799,0.759,0.789,0.785,0.800,0.787]
Epoch [144] Testing Results: Prec@1 59.980 Prec@5 87.790             Loss 1.42462
Epoch [144] Testing Class Recall: [0.824,0.917,0.617,0.519,0.826,0.555,0.568,0.444,0.473,0.255]
Epoch [145] Training Results: Prec@1 77.954 Prec@5 92.423             Loss 0.95494
Epoch [145] Training Class Recall: [0.758,0.801,0.773,0.750,0.793,0.760,0.792,0.783,0.801,0.784]
Epoch [145] Testing Results: Prec@1 62.060 Prec@5 89.520             Loss 1.32531
Epoch [145] Testing Class Recall: [0.785,0.905,0.766,0.581,0.492,0.473,0.702,0.598,0.481,0.423]
Epoch [146] Training Results: Prec@1 78.137 Prec@5 92.357             Loss 0.95137
Epoch [146] Training Class Recall: [0.757,0.798,0.782,0.756,0.799,0.760,0.790,0.785,0.800,0.785]
Epoch [146] Testing Results: Prec@1 52.160 Prec@5 83.700             Loss 1.87035
Epoch [146] Testing Class Recall: [0.664,0.871,0.903,0.327,0.562,0.437,0.531,0.223,0.512,0.186]
Epoch [147] Training Results: Prec@1 78.086 Prec@5 92.409             Loss 0.95031
Epoch [147] Training Class Recall: [0.756,0.801,0.775,0.761,0.796,0.759,0.790,0.782,0.803,0.784]
Epoch [147] Testing Results: Prec@1 58.130 Prec@5 88.310             Loss 1.44617
Epoch [147] Testing Class Recall: [0.800,0.966,0.535,0.520,0.421,0.726,0.316,0.607,0.578,0.344]
Epoch [148] Training Results: Prec@1 77.980 Prec@5 92.311             Loss 0.95205
Epoch [148] Training Class Recall: [0.757,0.798,0.775,0.755,0.793,0.764,0.787,0.782,0.799,0.785]
Epoch [148] Testing Results: Prec@1 55.460 Prec@5 86.500             Loss 1.58932
Epoch [148] Testing Class Recall: [0.744,0.969,0.674,0.790,0.576,0.401,0.490,0.387,0.334,0.181]
Epoch [149] Training Results: Prec@1 78.157 Prec@5 92.317             Loss 0.94855
Epoch [149] Training Class Recall: [0.754,0.800,0.774,0.762,0.800,0.764,0.785,0.785,0.801,0.786]
Epoch [149] Testing Results: Prec@1 61.660 Prec@5 90.230             Loss 1.35433
Epoch [149] Testing Class Recall: [0.759,0.960,0.610,0.702,0.689,0.550,0.500,0.526,0.372,0.498]
Epoch [150] Training Results: Prec@1 78.149 Prec@5 92.534             Loss 0.94576
Epoch [150] Training Class Recall: [0.754,0.799,0.777,0.759,0.797,0.764,0.790,0.784,0.801,0.786]
Epoch [150] Testing Results: Prec@1 57.370 Prec@5 85.900             Loss 1.55236
Epoch [150] Testing Class Recall: [0.698,0.910,0.765,0.659,0.765,0.181,0.528,0.343,0.564,0.324]
Epoch [151] Training Results: Prec@1 78.063 Prec@5 92.563             Loss 0.95184
Epoch [151] Training Class Recall: [0.756,0.797,0.780,0.752,0.798,0.760,0.788,0.785,0.803,0.786]
Epoch [151] Testing Results: Prec@1 56.250 Prec@5 87.080             Loss 1.56927
Epoch [151] Testing Class Recall: [0.802,0.847,0.814,0.483,0.481,0.449,0.271,0.351,0.725,0.402]
Epoch [152] Training Results: Prec@1 78.054 Prec@5 92.403             Loss 0.95064
Epoch [152] Training Class Recall: [0.752,0.798,0.776,0.758,0.799,0.761,0.791,0.782,0.798,0.786]
Epoch [152] Testing Results: Prec@1 54.300 Prec@5 86.490             Loss 1.65064
Epoch [152] Testing Class Recall: [0.707,0.901,0.855,0.420,0.429,0.628,0.468,0.296,0.490,0.236]
Epoch [153] Training Results: Prec@1 78.071 Prec@5 92.489             Loss 0.94899
Epoch [153] Training Class Recall: [0.754,0.801,0.769,0.759,0.803,0.759,0.789,0.782,0.801,0.786]
Epoch [153] Testing Results: Prec@1 57.440 Prec@5 85.490             Loss 1.51975
Epoch [153] Testing Class Recall: [0.764,0.926,0.726,0.471,0.784,0.661,0.553,0.283,0.417,0.159]
Epoch [154] Training Results: Prec@1 78.157 Prec@5 92.709             Loss 0.94906
Epoch [154] Training Class Recall: [0.752,0.799,0.776,0.760,0.803,0.763,0.789,0.784,0.799,0.785]
Epoch [154] Testing Results: Prec@1 53.650 Prec@5 87.640             Loss 1.72976
Epoch [154] Testing Class Recall: [0.680,0.790,0.775,0.829,0.581,0.309,0.453,0.352,0.269,0.327]
Epoch [155] Training Results: Prec@1 77.969 Prec@5 92.720             Loss 0.94570
Epoch [155] Training Class Recall: [0.759,0.801,0.771,0.758,0.796,0.760,0.783,0.783,0.801,0.783]
Epoch [155] Testing Results: Prec@1 54.700 Prec@5 86.220             Loss 1.60001
Epoch [155] Testing Class Recall: [0.540,0.959,0.837,0.296,0.781,0.319,0.497,0.349,0.587,0.305]
Epoch [156] Training Results: Prec@1 78.277 Prec@5 92.794             Loss 0.94434
Epoch [156] Training Class Recall: [0.760,0.803,0.785,0.761,0.798,0.758,0.788,0.784,0.803,0.785]
Epoch [156] Testing Results: Prec@1 57.600 Prec@5 86.480             Loss 1.47778
Epoch [156] Testing Class Recall: [0.636,0.942,0.802,0.499,0.730,0.334,0.731,0.300,0.523,0.263]
Epoch [157] Training Results: Prec@1 78.266 Prec@5 92.503             Loss 0.94334
Epoch [157] Training Class Recall: [0.764,0.802,0.784,0.754,0.805,0.763,0.785,0.781,0.801,0.785]
Epoch [157] Testing Results: Prec@1 58.250 Prec@5 87.020             Loss 1.50261
Epoch [157] Testing Class Recall: [0.758,0.950,0.701,0.638,0.527,0.488,0.539,0.587,0.458,0.179]
Epoch [158] Training Results: Prec@1 78.109 Prec@5 92.626             Loss 0.94729
Epoch [158] Training Class Recall: [0.756,0.804,0.773,0.759,0.799,0.760,0.791,0.779,0.799,0.786]
Epoch [158] Testing Results: Prec@1 57.940 Prec@5 86.810             Loss 1.51827
Epoch [158] Testing Class Recall: [0.806,0.848,0.738,0.687,0.619,0.271,0.669,0.645,0.396,0.115]
Epoch [159] Training Results: Prec@1 77.929 Prec@5 92.423             Loss 0.95465
Epoch [159] Training Class Recall: [0.757,0.799,0.775,0.750,0.796,0.761,0.785,0.781,0.801,0.785]
Epoch [159] Testing Results: Prec@1 57.670 Prec@5 87.440             Loss 1.55686
Epoch [159] Testing Class Recall: [0.751,0.960,0.683,0.625,0.778,0.294,0.475,0.437,0.407,0.357]
Epoch [160] Training Results: Prec@1 79.214 Prec@5 93.480             Loss 0.89648
Epoch [160] Training Class Recall: [0.773,0.810,0.795,0.773,0.822,0.765,0.800,0.788,0.801,0.789]
Epoch [160] Testing Results: Prec@1 62.540 Prec@5 89.820             Loss 1.35206
Epoch [160] Testing Class Recall: [0.742,0.941,0.736,0.692,0.739,0.492,0.579,0.501,0.442,0.390]
Epoch [161] Training Results: Prec@1 79.586 Prec@5 93.751             Loss 0.87845
Epoch [161] Training Class Recall: [0.778,0.807,0.807,0.784,0.820,0.776,0.799,0.791,0.804,0.789]
Epoch [161] Testing Results: Prec@1 62.500 Prec@5 90.060             Loss 1.34759
Epoch [161] Testing Class Recall: [0.770,0.934,0.752,0.711,0.729,0.494,0.549,0.471,0.440,0.400]
Epoch [162] Training Results: Prec@1 79.794 Prec@5 94.026             Loss 0.86562
Epoch [162] Training Class Recall: [0.779,0.809,0.812,0.788,0.823,0.779,0.800,0.789,0.805,0.790]
Epoch [162] Testing Results: Prec@1 62.870 Prec@5 90.020             Loss 1.34015
Epoch [162] Testing Class Recall: [0.776,0.942,0.742,0.716,0.735,0.521,0.521,0.499,0.437,0.398]
Epoch [163] Training Results: Prec@1 79.909 Prec@5 94.100             Loss 0.86415
Epoch [163] Training Class Recall: [0.780,0.808,0.816,0.792,0.823,0.782,0.800,0.790,0.806,0.789]
Epoch [163] Testing Results: Prec@1 62.390 Prec@5 89.830             Loss 1.35108
Epoch [163] Testing Class Recall: [0.795,0.935,0.756,0.711,0.722,0.506,0.523,0.485,0.426,0.380]
Epoch [164] Training Results: Prec@1 79.980 Prec@5 94.403             Loss 0.85654
Epoch [164] Training Class Recall: [0.782,0.813,0.819,0.792,0.823,0.778,0.802,0.790,0.805,0.788]
Epoch [164] Testing Results: Prec@1 62.320 Prec@5 89.500             Loss 1.36392
Epoch [164] Testing Class Recall: [0.783,0.943,0.749,0.735,0.724,0.499,0.536,0.485,0.432,0.346]
Epoch [165] Training Results: Prec@1 79.997 Prec@5 94.437             Loss 0.85507
Epoch [165] Training Class Recall: [0.779,0.812,0.820,0.795,0.824,0.781,0.800,0.790,0.804,0.788]
Epoch [165] Testing Results: Prec@1 62.610 Prec@5 89.670             Loss 1.34038
Epoch [165] Testing Class Recall: [0.787,0.940,0.754,0.724,0.714,0.488,0.551,0.519,0.429,0.355]
Epoch [166] Training Results: Prec@1 80.029 Prec@5 94.566             Loss 0.85256
Epoch [166] Training Class Recall: [0.780,0.809,0.816,0.798,0.824,0.782,0.801,0.792,0.805,0.789]
Epoch [166] Testing Results: Prec@1 62.100 Prec@5 89.390             Loss 1.37099
Epoch [166] Testing Class Recall: [0.794,0.939,0.754,0.729,0.723,0.477,0.525,0.487,0.428,0.354]
Epoch [167] Training Results: Prec@1 80.037 Prec@5 94.637             Loss 0.84849
Epoch [167] Training Class Recall: [0.780,0.812,0.818,0.796,0.826,0.782,0.800,0.789,0.805,0.788]
Epoch [167] Testing Results: Prec@1 62.370 Prec@5 89.500             Loss 1.36037
Epoch [167] Testing Class Recall: [0.791,0.938,0.760,0.714,0.725,0.472,0.552,0.502,0.435,0.348]
Epoch [168] Training Results: Prec@1 80.091 Prec@5 94.569             Loss 0.84566
Epoch [168] Training Class Recall: [0.783,0.812,0.818,0.797,0.827,0.779,0.801,0.790,0.807,0.789]
Epoch [168] Testing Results: Prec@1 62.510 Prec@5 89.540             Loss 1.34338
Epoch [168] Testing Class Recall: [0.800,0.932,0.749,0.727,0.726,0.484,0.541,0.490,0.439,0.363]
Epoch [169] Training Results: Prec@1 80.126 Prec@5 94.746             Loss 0.84388
Epoch [169] Training Class Recall: [0.785,0.811,0.821,0.799,0.824,0.782,0.800,0.790,0.806,0.790]
Epoch [169] Testing Results: Prec@1 62.650 Prec@5 89.580             Loss 1.33798
Epoch [169] Testing Class Recall: [0.789,0.934,0.756,0.723,0.713,0.470,0.553,0.500,0.480,0.347]
Epoch [170] Training Results: Prec@1 80.134 Prec@5 94.786             Loss 0.84283
Epoch [170] Training Class Recall: [0.782,0.813,0.821,0.800,0.823,0.782,0.800,0.790,0.806,0.790]
Epoch [170] Testing Results: Prec@1 62.650 Prec@5 89.500             Loss 1.34467
Epoch [170] Testing Class Recall: [0.803,0.938,0.752,0.725,0.707,0.479,0.551,0.504,0.440,0.366]
Epoch [171] Training Results: Prec@1 80.206 Prec@5 94.703             Loss 0.83914
Epoch [171] Training Class Recall: [0.784,0.813,0.820,0.800,0.825,0.784,0.801,0.791,0.805,0.791]
Epoch [171] Testing Results: Prec@1 62.510 Prec@5 89.450             Loss 1.34820
Epoch [171] Testing Class Recall: [0.792,0.930,0.754,0.735,0.708,0.481,0.545,0.508,0.446,0.352]
Epoch [172] Training Results: Prec@1 80.217 Prec@5 94.920             Loss 0.83912
Epoch [172] Training Class Recall: [0.785,0.814,0.818,0.802,0.826,0.783,0.802,0.791,0.807,0.789]
Epoch [172] Testing Results: Prec@1 62.380 Prec@5 89.250             Loss 1.36913
Epoch [172] Testing Class Recall: [0.815,0.936,0.756,0.713,0.719,0.475,0.540,0.494,0.442,0.348]
Epoch [173] Training Results: Prec@1 80.174 Prec@5 94.883             Loss 0.83840
Epoch [173] Training Class Recall: [0.783,0.814,0.822,0.800,0.824,0.784,0.801,0.789,0.806,0.789]
Epoch [173] Testing Results: Prec@1 62.470 Prec@5 89.290             Loss 1.33883
Epoch [173] Testing Class Recall: [0.791,0.931,0.748,0.720,0.726,0.482,0.558,0.498,0.441,0.352]
Epoch [174] Training Results: Prec@1 80.177 Prec@5 94.946             Loss 0.83545
Epoch [174] Training Class Recall: [0.781,0.812,0.822,0.801,0.824,0.784,0.801,0.791,0.806,0.789]
Epoch [174] Testing Results: Prec@1 62.000 Prec@5 88.930             Loss 1.37431
Epoch [174] Testing Class Recall: [0.791,0.930,0.772,0.723,0.704,0.482,0.535,0.483,0.445,0.335]
Epoch [175] Training Results: Prec@1 80.197 Prec@5 95.031             Loss 0.83428
Epoch [175] Training Class Recall: [0.784,0.812,0.821,0.801,0.824,0.784,0.801,0.790,0.805,0.790]
Epoch [175] Testing Results: Prec@1 62.020 Prec@5 88.670             Loss 1.38199
Epoch [175] Testing Class Recall: [0.802,0.928,0.758,0.718,0.724,0.485,0.540,0.474,0.431,0.342]
Epoch [176] Training Results: Prec@1 80.297 Prec@5 94.911             Loss 0.83083
Epoch [176] Training Class Recall: [0.789,0.815,0.821,0.801,0.828,0.785,0.800,0.792,0.805,0.789]
Epoch [176] Testing Results: Prec@1 62.420 Prec@5 88.910             Loss 1.34926
Epoch [176] Testing Class Recall: [0.791,0.940,0.756,0.701,0.715,0.516,0.534,0.494,0.454,0.341]
Epoch [177] Training Results: Prec@1 80.254 Prec@5 95.129             Loss 0.83130
Epoch [177] Training Class Recall: [0.785,0.813,0.823,0.797,0.828,0.784,0.801,0.791,0.807,0.790]
Epoch [177] Testing Results: Prec@1 61.530 Prec@5 88.460             Loss 1.39829
Epoch [177] Testing Class Recall: [0.808,0.932,0.768,0.708,0.711,0.475,0.532,0.466,0.429,0.324]
Epoch [178] Training Results: Prec@1 80.220 Prec@5 95.063             Loss 0.83014
Epoch [178] Training Class Recall: [0.786,0.814,0.821,0.800,0.826,0.783,0.801,0.791,0.805,0.790]
Epoch [178] Testing Results: Prec@1 62.490 Prec@5 89.070             Loss 1.35521
Epoch [178] Testing Class Recall: [0.798,0.938,0.751,0.702,0.715,0.502,0.553,0.494,0.446,0.350]
Epoch [179] Training Results: Prec@1 80.277 Prec@5 95.129             Loss 0.82822
Epoch [179] Training Class Recall: [0.783,0.814,0.823,0.802,0.827,0.783,0.802,0.791,0.807,0.790]
Epoch [179] Testing Results: Prec@1 62.090 Prec@5 88.810             Loss 1.36573
Epoch [179] Testing Class Recall: [0.787,0.937,0.753,0.710,0.724,0.485,0.538,0.492,0.441,0.342]
Epoch [180] Training Results: Prec@1 80.291 Prec@5 95.171             Loss 0.82629
Epoch [180] Training Class Recall: [0.786,0.814,0.820,0.800,0.827,0.784,0.803,0.792,0.806,0.790]
Epoch [180] Testing Results: Prec@1 61.730 Prec@5 88.600             Loss 1.38915
Epoch [180] Testing Class Recall: [0.798,0.934,0.749,0.720,0.712,0.478,0.512,0.494,0.448,0.328]
Epoch [181] Training Results: Prec@1 80.309 Prec@5 95.083             Loss 0.82555
Epoch [181] Training Class Recall: [0.786,0.814,0.825,0.802,0.825,0.784,0.801,0.791,0.806,0.791]
Epoch [181] Testing Results: Prec@1 62.150 Prec@5 88.790             Loss 1.37625
Epoch [181] Testing Class Recall: [0.815,0.933,0.751,0.708,0.705,0.488,0.548,0.508,0.425,0.334]
Epoch [182] Training Results: Prec@1 80.311 Prec@5 95.257             Loss 0.82427
Epoch [182] Training Class Recall: [0.787,0.815,0.826,0.800,0.827,0.781,0.802,0.791,0.807,0.790]
Epoch [182] Testing Results: Prec@1 61.990 Prec@5 88.460             Loss 1.38593
Epoch [182] Testing Class Recall: [0.801,0.933,0.755,0.718,0.704,0.504,0.539,0.472,0.453,0.320]
Epoch [183] Training Results: Prec@1 80.257 Prec@5 95.240             Loss 0.82620
Epoch [183] Training Class Recall: [0.785,0.814,0.821,0.800,0.824,0.785,0.802,0.791,0.807,0.791]
Epoch [183] Testing Results: Prec@1 62.240 Prec@5 88.900             Loss 1.36580
Epoch [183] Testing Class Recall: [0.799,0.935,0.767,0.701,0.694,0.496,0.531,0.504,0.445,0.352]
Epoch [184] Training Results: Prec@1 80.274 Prec@5 95.091             Loss 0.82612
Epoch [184] Training Class Recall: [0.785,0.814,0.821,0.799,0.826,0.785,0.803,0.793,0.806,0.791]
Epoch [184] Testing Results: Prec@1 62.210 Prec@5 88.950             Loss 1.35995
Epoch [184] Testing Class Recall: [0.795,0.928,0.756,0.702,0.716,0.493,0.556,0.480,0.435,0.360]
Epoch [185] Training Results: Prec@1 80.283 Prec@5 95.120             Loss 0.82751
Epoch [185] Training Class Recall: [0.789,0.813,0.825,0.800,0.823,0.784,0.802,0.791,0.805,0.791]
Epoch [185] Testing Results: Prec@1 62.500 Prec@5 89.070             Loss 1.35494
Epoch [185] Testing Class Recall: [0.797,0.937,0.745,0.715,0.693,0.507,0.551,0.509,0.442,0.354]
Epoch [186] Training Results: Prec@1 80.209 Prec@5 95.069             Loss 0.82741
Epoch [186] Training Class Recall: [0.786,0.812,0.821,0.800,0.825,0.782,0.802,0.791,0.806,0.790]
Epoch [186] Testing Results: Prec@1 61.900 Prec@5 88.650             Loss 1.39041
Epoch [186] Testing Class Recall: [0.795,0.928,0.762,0.724,0.698,0.504,0.527,0.484,0.435,0.333]
Epoch [187] Training Results: Prec@1 80.263 Prec@5 95.123             Loss 0.82539
Epoch [187] Training Class Recall: [0.783,0.814,0.822,0.799,0.828,0.785,0.801,0.792,0.807,0.790]
Epoch [187] Testing Results: Prec@1 61.140 Prec@5 88.260             Loss 1.41961
Epoch [187] Testing Class Recall: [0.809,0.929,0.767,0.709,0.693,0.486,0.498,0.465,0.421,0.337]
Epoch [188] Training Results: Prec@1 80.229 Prec@5 95.000             Loss 0.82561
Epoch [188] Training Class Recall: [0.782,0.814,0.824,0.800,0.823,0.784,0.802,0.791,0.806,0.791]
Epoch [188] Testing Results: Prec@1 62.460 Prec@5 89.090             Loss 1.36265
Epoch [188] Testing Class Recall: [0.807,0.931,0.745,0.724,0.699,0.493,0.548,0.518,0.434,0.347]
Epoch [189] Training Results: Prec@1 80.303 Prec@5 95.129             Loss 0.82589
Epoch [189] Training Class Recall: [0.783,0.815,0.821,0.804,0.826,0.785,0.802,0.791,0.806,0.790]
Epoch [189] Testing Results: Prec@1 61.830 Prec@5 88.750             Loss 1.37657
Epoch [189] Testing Class Recall: [0.798,0.928,0.757,0.720,0.686,0.482,0.555,0.476,0.457,0.324]
Epoch [190] Training Results: Prec@1 80.237 Prec@5 95.180             Loss 0.82563
Epoch [190] Training Class Recall: [0.785,0.816,0.820,0.800,0.825,0.783,0.801,0.791,0.806,0.791]
Epoch [190] Testing Results: Prec@1 62.130 Prec@5 88.950             Loss 1.37657
Epoch [190] Testing Class Recall: [0.804,0.932,0.750,0.730,0.695,0.468,0.552,0.481,0.446,0.355]
Epoch [191] Training Results: Prec@1 80.260 Prec@5 95.117             Loss 0.82750
Epoch [191] Training Class Recall: [0.786,0.813,0.823,0.800,0.827,0.784,0.801,0.791,0.805,0.790]
Epoch [191] Testing Results: Prec@1 61.790 Prec@5 88.630             Loss 1.38490
Epoch [191] Testing Class Recall: [0.809,0.933,0.749,0.707,0.713,0.476,0.524,0.482,0.438,0.348]
Epoch [192] Training Results: Prec@1 80.306 Prec@5 95.149             Loss 0.82679
Epoch [192] Training Class Recall: [0.785,0.815,0.824,0.802,0.826,0.786,0.800,0.791,0.806,0.789]
Epoch [192] Testing Results: Prec@1 62.170 Prec@5 88.770             Loss 1.37630
Epoch [192] Testing Class Recall: [0.800,0.921,0.747,0.732,0.720,0.495,0.528,0.492,0.441,0.341]
Epoch [193] Training Results: Prec@1 80.286 Prec@5 95.134             Loss 0.82603
Epoch [193] Training Class Recall: [0.785,0.815,0.822,0.800,0.829,0.782,0.802,0.792,0.805,0.790]
Epoch [193] Testing Results: Prec@1 61.760 Prec@5 88.450             Loss 1.39533
Epoch [193] Testing Class Recall: [0.793,0.934,0.757,0.719,0.708,0.479,0.549,0.473,0.431,0.333]
Epoch [194] Training Results: Prec@1 80.314 Prec@5 95.086             Loss 0.82564
Epoch [194] Training Class Recall: [0.784,0.812,0.825,0.802,0.826,0.785,0.802,0.793,0.806,0.790]
Epoch [194] Testing Results: Prec@1 62.150 Prec@5 88.900             Loss 1.37102
Epoch [194] Testing Class Recall: [0.811,0.939,0.760,0.705,0.689,0.477,0.544,0.487,0.455,0.348]
Epoch [195] Training Results: Prec@1 80.331 Prec@5 95.200             Loss 0.82598
Epoch [195] Training Class Recall: [0.785,0.816,0.823,0.802,0.827,0.786,0.801,0.791,0.807,0.790]
Epoch [195] Testing Results: Prec@1 62.320 Prec@5 88.880             Loss 1.35946
Epoch [195] Testing Class Recall: [0.789,0.931,0.748,0.718,0.712,0.478,0.545,0.507,0.462,0.342]
Epoch [196] Training Results: Prec@1 80.283 Prec@5 95.054             Loss 0.82773
Epoch [196] Training Class Recall: [0.784,0.814,0.823,0.802,0.825,0.785,0.801,0.791,0.806,0.791]
Epoch [196] Testing Results: Prec@1 62.320 Prec@5 89.010             Loss 1.37080
Epoch [196] Testing Class Recall: [0.813,0.933,0.750,0.721,0.702,0.479,0.546,0.500,0.440,0.348]
Epoch [197] Training Results: Prec@1 80.309 Prec@5 95.097             Loss 0.82819
Epoch [197] Training Class Recall: [0.783,0.814,0.825,0.804,0.826,0.784,0.800,0.791,0.806,0.791]
Epoch [197] Testing Results: Prec@1 62.050 Prec@5 88.650             Loss 1.37134
Epoch [197] Testing Class Recall: [0.792,0.932,0.751,0.714,0.722,0.471,0.562,0.495,0.430,0.336]
Epoch [198] Training Results: Prec@1 80.269 Prec@5 95.154             Loss 0.82594
Epoch [198] Training Class Recall: [0.786,0.812,0.825,0.801,0.827,0.782,0.801,0.793,0.806,0.789]
Epoch [198] Testing Results: Prec@1 61.910 Prec@5 88.670             Loss 1.38920
Epoch [198] Testing Class Recall: [0.798,0.928,0.741,0.741,0.708,0.471,0.548,0.482,0.440,0.334]
Epoch [199] Training Results: Prec@1 80.266 Prec@5 95.069             Loss 0.82722
Epoch [199] Training Class Recall: [0.783,0.814,0.819,0.801,0.827,0.785,0.802,0.792,0.807,0.791]
Epoch [199] Testing Results: Prec@1 62.180 Prec@5 88.970             Loss 1.36836
Epoch [199] Testing Class Recall: [0.810,0.929,0.759,0.707,0.697,0.492,0.530,0.478,0.453,0.363]
