Log file: cifar10_sava0.9_randomoversampling_selection_exp0.01_seed42_20260526_111738.log
Run started: 2026-05-26 11:17:38.428655
Dataset: cifar10
Imbalance type: exp, factor: 0.01
Selection method: sava, ratio: 0.9
Strategy: RandomOversampling_Selection, epochs: 200
Seed: 42, rand_number: 0
Augmentation: weak
Noise ratio: 0.2
mamix_ratio: 1.0
============================================================

=> Preparing logger and tensorboard writer !
----------------------------------------------------
Class ID   | Original   | Selected   | Keep %  
----------------------------------------------------
0          | 5016       | 3942       |    78.6%
1          | 4991       | 4715       |    94.5%
2          | 4968       | 4817       |    97.0%
3          | 5021       | 4687       |    93.3%
4          | 4973       | 4624       |    93.0%
5          | 5068       | 4479       |    88.4%
6          | 4982       | 4139       |    83.1%
7          | 5013       | 4741       |    94.6%
8          | 5032       | 4583       |    91.1%
9          | 4936       | 4273       |    86.6%
----------------------------------------------------
TOTAL      | 50000      | 45000      |    90.0%
----------------------------------------------------
Epoch [0] Training Results: Prec@1 32.244 Prec@5 79.000             Loss 1.95643
Epoch [0] Training Class Recall: [0.354,0.428,0.193,0.199,0.245,0.260,0.346,0.357,0.437,0.425]
Epoch [0] Testing Results: Prec@1 40.530 Prec@5 88.460             Loss 1.67505
Epoch [0] Testing Class Recall: [0.517,0.473,0.031,0.225,0.451,0.486,0.355,0.672,0.275,0.568]
Epoch [1] Training Results: Prec@1 44.309 Prec@5 83.993             Loss 1.72698
Epoch [1] Training Class Recall: [0.457,0.562,0.277,0.274,0.281,0.341,0.484,0.517,0.627,0.636]
Epoch [1] Testing Results: Prec@1 43.120 Prec@5 87.190             Loss 1.66074
Epoch [1] Testing Class Recall: [0.560,0.241,0.600,0.383,0.195,0.389,0.533,0.302,0.677,0.432]
Epoch [2] Training Results: Prec@1 51.558 Prec@5 86.593             Loss 1.57943
Epoch [2] Training Class Recall: [0.516,0.631,0.361,0.337,0.351,0.396,0.541,0.616,0.708,0.718]
Epoch [2] Testing Results: Prec@1 50.840 Prec@5 91.000             Loss 1.43535
Epoch [2] Testing Class Recall: [0.533,0.657,0.488,0.413,0.389,0.381,0.499,0.701,0.637,0.386]
Epoch [3] Training Results: Prec@1 56.618 Prec@5 87.440             Loss 1.47494
Epoch [3] Training Class Recall: [0.556,0.676,0.432,0.379,0.434,0.450,0.586,0.675,0.748,0.743]
Epoch [3] Testing Results: Prec@1 48.330 Prec@5 86.620             Loss 1.59116
Epoch [3] Testing Class Recall: [0.545,0.893,0.565,0.310,0.524,0.372,0.732,0.277,0.552,0.063]
Epoch [4] Training Results: Prec@1 59.969 Prec@5 87.951             Loss 1.40103
Epoch [4] Training Class Recall: [0.570,0.701,0.469,0.429,0.494,0.501,0.623,0.712,0.755,0.755]
Epoch [4] Testing Results: Prec@1 56.500 Prec@5 91.920             Loss 1.33684
Epoch [4] Testing Class Recall: [0.609,0.848,0.703,0.367,0.534,0.587,0.544,0.418,0.703,0.337]
Epoch [5] Training Results: Prec@1 63.736 Prec@5 88.496             Loss 1.32522
Epoch [5] Training Class Recall: [0.608,0.731,0.533,0.470,0.548,0.546,0.655,0.744,0.772,0.775]
Epoch [5] Testing Results: Prec@1 54.510 Prec@5 91.050             Loss 1.41115
Epoch [5] Testing Class Recall: [0.466,0.842,0.717,0.277,0.658,0.597,0.563,0.334,0.668,0.329]
Epoch [6] Training Results: Prec@1 66.000 Prec@5 88.898             Loss 1.26856
Epoch [6] Training Class Recall: [0.614,0.742,0.567,0.508,0.599,0.571,0.684,0.767,0.778,0.775]
Epoch [6] Testing Results: Prec@1 55.470 Prec@5 92.520             Loss 1.36995
Epoch [6] Testing Class Recall: [0.783,0.810,0.388,0.519,0.630,0.569,0.434,0.549,0.597,0.268]
Epoch [7] Training Results: Prec@1 67.593 Prec@5 88.898             Loss 1.23392
Epoch [7] Training Class Recall: [0.628,0.755,0.586,0.539,0.630,0.602,0.686,0.775,0.780,0.781]
Epoch [7] Testing Results: Prec@1 58.880 Prec@5 89.760             Loss 1.32807
Epoch [7] Testing Class Recall: [0.725,0.808,0.455,0.586,0.621,0.602,0.755,0.630,0.589,0.117]
Epoch [8] Training Results: Prec@1 69.089 Prec@5 89.207             Loss 1.19866
Epoch [8] Training Class Recall: [0.649,0.755,0.610,0.562,0.648,0.633,0.712,0.779,0.784,0.780]
Epoch [8] Testing Results: Prec@1 56.760 Prec@5 91.960             Loss 1.35440
Epoch [8] Testing Class Recall: [0.625,0.826,0.530,0.422,0.481,0.749,0.576,0.687,0.560,0.220]
Epoch [9] Training Results: Prec@1 70.238 Prec@5 89.124             Loss 1.17774
Epoch [9] Training Class Recall: [0.653,0.761,0.628,0.580,0.679,0.650,0.725,0.785,0.783,0.783]
Epoch [9] Testing Results: Prec@1 63.030 Prec@5 94.000             Loss 1.16772
Epoch [9] Testing Class Recall: [0.776,0.912,0.636,0.607,0.634,0.514,0.688,0.580,0.582,0.374]
Epoch [10] Training Results: Prec@1 71.091 Prec@5 89.313             Loss 1.15524
Epoch [10] Training Class Recall: [0.661,0.761,0.642,0.595,0.689,0.672,0.735,0.787,0.788,0.782]
Epoch [10] Testing Results: Prec@1 54.330 Prec@5 90.170             Loss 1.46794
Epoch [10] Testing Class Recall: [0.654,0.712,0.378,0.597,0.804,0.636,0.502,0.415,0.505,0.230]
Epoch [11] Training Results: Prec@1 71.449 Prec@5 89.498             Loss 1.14598
Epoch [11] Training Class Recall: [0.670,0.764,0.653,0.610,0.686,0.676,0.733,0.785,0.788,0.781]
Epoch [11] Testing Results: Prec@1 52.580 Prec@5 89.440             Loss 1.57293
Epoch [11] Testing Class Recall: [0.736,0.728,0.532,0.316,0.423,0.856,0.391,0.545,0.527,0.204]
Epoch [12] Training Results: Prec@1 72.204 Prec@5 89.389             Loss 1.13128
Epoch [12] Training Class Recall: [0.665,0.766,0.661,0.627,0.704,0.693,0.737,0.795,0.787,0.784]
Epoch [12] Testing Results: Prec@1 55.980 Prec@5 89.320             Loss 1.49337
Epoch [12] Testing Class Recall: [0.757,0.916,0.605,0.143,0.749,0.836,0.407,0.247,0.601,0.337]
Epoch [13] Training Results: Prec@1 72.642 Prec@5 89.396             Loss 1.12011
Epoch [13] Training Class Recall: [0.669,0.771,0.671,0.629,0.717,0.696,0.750,0.789,0.786,0.785]
Epoch [13] Testing Results: Prec@1 64.630 Prec@5 94.130             Loss 1.14479
Epoch [13] Testing Class Recall: [0.667,0.898,0.625,0.563,0.624,0.644,0.723,0.663,0.702,0.354]
Epoch [14] Training Results: Prec@1 73.013 Prec@5 89.831             Loss 1.10659
Epoch [14] Training Class Recall: [0.677,0.770,0.677,0.646,0.714,0.708,0.743,0.790,0.789,0.786]
Epoch [14] Testing Results: Prec@1 55.920 Prec@5 88.290             Loss 1.48786
Epoch [14] Testing Class Recall: [0.685,0.746,0.714,0.716,0.570,0.543,0.527,0.310,0.574,0.207]
Epoch [15] Training Results: Prec@1 73.496 Prec@5 89.727             Loss 1.09818
Epoch [15] Training Class Recall: [0.683,0.773,0.693,0.647,0.722,0.714,0.751,0.792,0.789,0.784]
Epoch [15] Testing Results: Prec@1 62.920 Prec@5 92.330             Loss 1.22195
Epoch [15] Testing Class Recall: [0.635,0.942,0.642,0.673,0.713,0.418,0.650,0.648,0.686,0.285]
Epoch [16] Training Results: Prec@1 73.373 Prec@5 89.680             Loss 1.09943
Epoch [16] Training Class Recall: [0.675,0.771,0.689,0.652,0.725,0.707,0.753,0.788,0.790,0.785]
Epoch [16] Testing Results: Prec@1 58.350 Prec@5 89.850             Loss 1.37994
Epoch [16] Testing Class Recall: [0.757,0.926,0.686,0.632,0.629,0.650,0.687,0.192,0.482,0.194]
Epoch [17] Training Results: Prec@1 73.876 Prec@5 89.889             Loss 1.08695
Epoch [17] Training Class Recall: [0.683,0.774,0.695,0.665,0.733,0.718,0.751,0.791,0.790,0.785]
Epoch [17] Testing Results: Prec@1 55.390 Prec@5 91.110             Loss 1.47009
Epoch [17] Testing Class Recall: [0.729,0.738,0.572,0.777,0.488,0.619,0.388,0.508,0.471,0.249]
Epoch [18] Training Results: Prec@1 74.253 Prec@5 89.707             Loss 1.07934
Epoch [18] Training Class Recall: [0.691,0.775,0.706,0.673,0.730,0.723,0.753,0.794,0.792,0.787]
Epoch [18] Testing Results: Prec@1 64.090 Prec@5 92.370             Loss 1.23153
Epoch [18] Testing Class Recall: [0.742,0.946,0.630,0.739,0.678,0.490,0.704,0.473,0.691,0.316]
Epoch [19] Training Results: Prec@1 74.464 Prec@5 89.656             Loss 1.07658
Epoch [19] Training Class Recall: [0.690,0.783,0.704,0.674,0.736,0.729,0.758,0.795,0.788,0.787]
Epoch [19] Testing Results: Prec@1 59.210 Prec@5 89.110             Loss 1.42204
Epoch [19] Testing Class Recall: [0.709,0.925,0.825,0.323,0.680,0.211,0.705,0.481,0.770,0.292]
Epoch [20] Training Results: Prec@1 74.549 Prec@5 89.731             Loss 1.07337
Epoch [20] Training Class Recall: [0.696,0.780,0.707,0.677,0.732,0.728,0.758,0.798,0.788,0.787]
Epoch [20] Testing Results: Prec@1 62.870 Prec@5 91.400             Loss 1.25262
Epoch [20] Testing Class Recall: [0.758,0.763,0.504,0.526,0.886,0.581,0.521,0.477,0.434,0.837]
Epoch [21] Training Results: Prec@1 74.742 Prec@5 89.867             Loss 1.06613
Epoch [21] Training Class Recall: [0.700,0.781,0.711,0.684,0.742,0.728,0.757,0.792,0.792,0.784]
Epoch [21] Testing Results: Prec@1 63.980 Prec@5 91.840             Loss 1.21358
Epoch [21] Testing Class Recall: [0.785,0.904,0.680,0.737,0.737,0.558,0.531,0.559,0.556,0.351]
Epoch [22] Training Results: Prec@1 74.667 Prec@5 89.918             Loss 1.06460
Epoch [22] Training Class Recall: [0.697,0.783,0.708,0.678,0.744,0.727,0.752,0.795,0.792,0.788]
Epoch [22] Testing Results: Prec@1 62.430 Prec@5 91.800             Loss 1.27507
Epoch [22] Testing Class Recall: [0.826,0.930,0.543,0.506,0.736,0.436,0.819,0.464,0.529,0.454]
Epoch [23] Training Results: Prec@1 74.962 Prec@5 89.884             Loss 1.06095
Epoch [23] Training Class Recall: [0.700,0.779,0.714,0.692,0.746,0.731,0.757,0.799,0.791,0.785]
Epoch [23] Testing Results: Prec@1 61.560 Prec@5 89.540             Loss 1.32235
Epoch [23] Testing Class Recall: [0.848,0.936,0.687,0.373,0.807,0.445,0.574,0.546,0.497,0.443]
Epoch [24] Training Results: Prec@1 74.924 Prec@5 89.978             Loss 1.06206
Epoch [24] Training Class Recall: [0.694,0.777,0.717,0.696,0.746,0.732,0.756,0.795,0.790,0.785]
Epoch [24] Testing Results: Prec@1 62.330 Prec@5 90.950             Loss 1.27278
Epoch [24] Testing Class Recall: [0.842,0.967,0.700,0.696,0.670,0.448,0.607,0.604,0.303,0.396]
Epoch [25] Training Results: Prec@1 75.396 Prec@5 89.991             Loss 1.05246
Epoch [25] Training Class Recall: [0.707,0.786,0.721,0.699,0.752,0.733,0.762,0.800,0.791,0.785]
Epoch [25] Testing Results: Prec@1 62.900 Prec@5 89.560             Loss 1.28260
Epoch [25] Testing Class Recall: [0.763,0.908,0.696,0.583,0.768,0.644,0.310,0.635,0.568,0.415]
Epoch [26] Training Results: Prec@1 75.309 Prec@5 89.967             Loss 1.05122
Epoch [26] Training Class Recall: [0.700,0.779,0.716,0.704,0.751,0.736,0.760,0.800,0.795,0.785]
Epoch [26] Testing Results: Prec@1 63.680 Prec@5 92.310             Loss 1.21429
Epoch [26] Testing Class Recall: [0.819,0.968,0.565,0.582,0.805,0.677,0.459,0.505,0.563,0.425]
Epoch [27] Training Results: Prec@1 75.420 Prec@5 89.998             Loss 1.04605
Epoch [27] Training Class Recall: [0.704,0.783,0.726,0.702,0.750,0.740,0.762,0.794,0.791,0.785]
Epoch [27] Testing Results: Prec@1 61.330 Prec@5 90.580             Loss 1.31551
Epoch [27] Testing Class Recall: [0.889,0.934,0.680,0.562,0.611,0.504,0.791,0.537,0.426,0.199]
Epoch [28] Training Results: Prec@1 75.391 Prec@5 90.060             Loss 1.04851
Epoch [28] Training Class Recall: [0.704,0.781,0.731,0.702,0.751,0.733,0.765,0.795,0.789,0.784]
Epoch [28] Testing Results: Prec@1 62.480 Prec@5 91.820             Loss 1.28412
Epoch [28] Testing Class Recall: [0.857,0.862,0.779,0.642,0.563,0.592,0.740,0.436,0.368,0.409]
Epoch [29] Training Results: Prec@1 75.644 Prec@5 90.207             Loss 1.04186
Epoch [29] Training Class Recall: [0.708,0.788,0.729,0.708,0.757,0.740,0.760,0.793,0.792,0.785]
Epoch [29] Testing Results: Prec@1 63.610 Prec@5 92.360             Loss 1.24183
Epoch [29] Testing Class Recall: [0.834,0.942,0.744,0.669,0.656,0.441,0.583,0.592,0.382,0.518]
Epoch [30] Training Results: Prec@1 75.638 Prec@5 89.971             Loss 1.04098
Epoch [30] Training Class Recall: [0.710,0.785,0.723,0.711,0.752,0.739,0.762,0.797,0.792,0.788]
Epoch [30] Testing Results: Prec@1 62.680 Prec@5 91.340             Loss 1.28055
Epoch [30] Testing Class Recall: [0.805,0.906,0.768,0.571,0.774,0.505,0.596,0.474,0.394,0.475]
Epoch [31] Training Results: Prec@1 75.676 Prec@5 90.036             Loss 1.04546
Epoch [31] Training Class Recall: [0.712,0.785,0.726,0.698,0.760,0.741,0.767,0.798,0.789,0.788]
Epoch [31] Testing Results: Prec@1 62.240 Prec@5 89.740             Loss 1.29965
Epoch [31] Testing Class Recall: [0.855,0.956,0.642,0.469,0.707,0.807,0.683,0.468,0.504,0.133]
Epoch [32] Training Results: Prec@1 75.767 Prec@5 90.013             Loss 1.03867
Epoch [32] Training Class Recall: [0.710,0.785,0.734,0.705,0.760,0.738,0.764,0.798,0.792,0.788]
Epoch [32] Testing Results: Prec@1 65.620 Prec@5 92.170             Loss 1.17609
Epoch [32] Testing Class Recall: [0.717,0.965,0.831,0.524,0.527,0.696,0.504,0.602,0.645,0.551]
Epoch [33] Training Results: Prec@1 75.922 Prec@5 90.151             Loss 1.03674
Epoch [33] Training Class Recall: [0.712,0.787,0.735,0.710,0.766,0.742,0.761,0.795,0.793,0.786]
Epoch [33] Testing Results: Prec@1 66.760 Prec@5 93.750             Loss 1.15038
Epoch [33] Testing Class Recall: [0.864,0.905,0.739,0.612,0.590,0.502,0.676,0.757,0.527,0.504]
Epoch [34] Training Results: Prec@1 76.038 Prec@5 90.204             Loss 1.03411
Epoch [34] Training Class Recall: [0.711,0.787,0.734,0.713,0.763,0.746,0.766,0.802,0.793,0.785]
Epoch [34] Testing Results: Prec@1 61.890 Prec@5 90.720             Loss 1.32126
Epoch [34] Testing Class Recall: [0.689,0.984,0.800,0.725,0.638,0.373,0.720,0.492,0.538,0.230]
Epoch [35] Training Results: Prec@1 75.878 Prec@5 90.067             Loss 1.03500
Epoch [35] Training Class Recall: [0.708,0.783,0.739,0.720,0.757,0.744,0.760,0.796,0.791,0.783]
Epoch [35] Testing Results: Prec@1 59.150 Prec@5 92.580             Loss 1.34363
Epoch [35] Testing Class Recall: [0.882,0.852,0.841,0.533,0.419,0.412,0.479,0.529,0.486,0.482]
Epoch [36] Training Results: Prec@1 75.838 Prec@5 90.302             Loss 1.03216
Epoch [36] Training Class Recall: [0.712,0.783,0.737,0.707,0.761,0.739,0.764,0.797,0.792,0.787]
Epoch [36] Testing Results: Prec@1 62.100 Prec@5 90.220             Loss 1.28051
Epoch [36] Testing Class Recall: [0.821,0.934,0.372,0.862,0.505,0.430,0.513,0.591,0.526,0.656]
Epoch [37] Training Results: Prec@1 76.082 Prec@5 90.276             Loss 1.03220
Epoch [37] Training Class Recall: [0.717,0.786,0.734,0.714,0.763,0.746,0.763,0.800,0.794,0.787]
Epoch [37] Testing Results: Prec@1 63.150 Prec@5 92.650             Loss 1.25872
Epoch [37] Testing Class Recall: [0.877,0.788,0.642,0.687,0.721,0.446,0.649,0.581,0.544,0.380]
Epoch [38] Training Results: Prec@1 76.136 Prec@5 90.278             Loss 1.02857
Epoch [38] Training Class Recall: [0.713,0.789,0.737,0.716,0.763,0.748,0.763,0.800,0.793,0.786]
Epoch [38] Testing Results: Prec@1 57.640 Prec@5 89.260             Loss 1.44213
Epoch [38] Testing Class Recall: [0.706,0.940,0.792,0.625,0.562,0.692,0.233,0.466,0.558,0.190]
Epoch [39] Training Results: Prec@1 76.053 Prec@5 90.180             Loss 1.03129
Epoch [39] Training Class Recall: [0.715,0.787,0.738,0.719,0.759,0.747,0.761,0.795,0.794,0.785]
Epoch [39] Testing Results: Prec@1 60.560 Prec@5 90.010             Loss 1.40157
Epoch [39] Testing Class Recall: [0.716,0.895,0.580,0.831,0.553,0.501,0.346,0.729,0.614,0.291]
Epoch [40] Training Results: Prec@1 76.167 Prec@5 90.191             Loss 1.02622
Epoch [40] Training Class Recall: [0.716,0.786,0.737,0.723,0.759,0.745,0.764,0.801,0.792,0.787]
Epoch [40] Testing Results: Prec@1 60.920 Prec@5 89.560             Loss 1.35495
Epoch [40] Testing Class Recall: [0.773,0.961,0.779,0.592,0.754,0.643,0.616,0.455,0.375,0.144]
Epoch [41] Training Results: Prec@1 75.938 Prec@5 90.189             Loss 1.03314
Epoch [41] Training Class Recall: [0.708,0.785,0.736,0.713,0.760,0.748,0.761,0.799,0.795,0.784]
Epoch [41] Testing Results: Prec@1 60.170 Prec@5 91.420             Loss 1.32218
Epoch [41] Testing Class Recall: [0.852,0.770,0.684,0.476,0.513,0.623,0.541,0.850,0.288,0.420]
Epoch [42] Training Results: Prec@1 76.120 Prec@5 90.304             Loss 1.02558
Epoch [42] Training Class Recall: [0.714,0.788,0.741,0.716,0.764,0.745,0.762,0.798,0.793,0.785]
Epoch [42] Testing Results: Prec@1 57.710 Prec@5 87.450             Loss 1.43111
Epoch [42] Testing Class Recall: [0.773,0.978,0.660,0.160,0.829,0.779,0.552,0.465,0.280,0.295]
Epoch [43] Training Results: Prec@1 76.140 Prec@5 90.291             Loss 1.02894
Epoch [43] Training Class Recall: [0.715,0.786,0.742,0.718,0.762,0.746,0.763,0.799,0.792,0.787]
Epoch [43] Testing Results: Prec@1 58.530 Prec@5 90.080             Loss 1.46287
Epoch [43] Testing Class Recall: [0.869,0.944,0.782,0.686,0.804,0.425,0.243,0.337,0.429,0.334]
Epoch [44] Training Results: Prec@1 76.433 Prec@5 90.227             Loss 1.02184
Epoch [44] Training Class Recall: [0.718,0.786,0.746,0.721,0.771,0.749,0.768,0.800,0.793,0.786]
Epoch [44] Testing Results: Prec@1 61.320 Prec@5 89.620             Loss 1.30923
Epoch [44] Testing Class Recall: [0.745,0.979,0.387,0.627,0.627,0.671,0.728,0.484,0.700,0.184]
Epoch [45] Training Results: Prec@1 76.418 Prec@5 90.327             Loss 1.02101
Epoch [45] Training Class Recall: [0.721,0.790,0.741,0.728,0.768,0.749,0.763,0.799,0.793,0.786]
Epoch [45] Testing Results: Prec@1 61.830 Prec@5 90.420             Loss 1.33492
Epoch [45] Testing Class Recall: [0.683,0.927,0.738,0.180,0.893,0.668,0.482,0.573,0.545,0.494]
Epoch [46] Training Results: Prec@1 76.633 Prec@5 90.271             Loss 1.01950
Epoch [46] Training Class Recall: [0.719,0.789,0.750,0.728,0.767,0.752,0.768,0.803,0.794,0.788]
Epoch [46] Testing Results: Prec@1 65.160 Prec@5 92.950             Loss 1.19848
Epoch [46] Testing Class Recall: [0.531,0.891,0.760,0.651,0.860,0.554,0.599,0.572,0.689,0.409]
Epoch [47] Training Results: Prec@1 76.722 Prec@5 90.460             Loss 1.01617
Epoch [47] Training Class Recall: [0.718,0.791,0.749,0.733,0.774,0.751,0.770,0.800,0.793,0.788]
Epoch [47] Testing Results: Prec@1 58.680 Prec@5 90.410             Loss 1.40329
Epoch [47] Testing Class Recall: [0.780,0.928,0.553,0.637,0.770,0.751,0.427,0.461,0.315,0.246]
Epoch [48] Training Results: Prec@1 76.291 Prec@5 90.422             Loss 1.02468
Epoch [48] Training Class Recall: [0.714,0.785,0.744,0.724,0.764,0.751,0.763,0.798,0.796,0.784]
Epoch [48] Testing Results: Prec@1 61.720 Prec@5 90.280             Loss 1.34085
Epoch [48] Testing Class Recall: [0.672,0.948,0.910,0.471,0.633,0.435,0.439,0.627,0.747,0.290]
Epoch [49] Training Results: Prec@1 76.389 Prec@5 90.438             Loss 1.01995
Epoch [49] Training Class Recall: [0.719,0.790,0.741,0.724,0.768,0.749,0.764,0.798,0.793,0.787]
Epoch [49] Testing Results: Prec@1 61.090 Prec@5 89.270             Loss 1.40445
Epoch [49] Testing Class Recall: [0.558,0.792,0.890,0.650,0.642,0.375,0.573,0.711,0.789,0.129]
Epoch [50] Training Results: Prec@1 76.671 Prec@5 90.369             Loss 1.01539
Epoch [50] Training Class Recall: [0.719,0.789,0.750,0.733,0.770,0.754,0.763,0.801,0.794,0.787]
Epoch [50] Testing Results: Prec@1 62.070 Prec@5 91.910             Loss 1.31866
Epoch [50] Testing Class Recall: [0.839,0.943,0.821,0.553,0.546,0.651,0.562,0.433,0.494,0.365]
Epoch [51] Training Results: Prec@1 76.524 Prec@5 90.467             Loss 1.01974
Epoch [51] Training Class Recall: [0.725,0.787,0.752,0.724,0.770,0.749,0.763,0.798,0.792,0.787]
Epoch [51] Testing Results: Prec@1 60.550 Prec@5 90.220             Loss 1.34883
Epoch [51] Testing Class Recall: [0.656,0.961,0.839,0.344,0.838,0.496,0.390,0.681,0.484,0.366]
Epoch [52] Training Results: Prec@1 76.382 Prec@5 90.296             Loss 1.01985
Epoch [52] Training Class Recall: [0.723,0.790,0.750,0.717,0.763,0.745,0.761,0.800,0.796,0.789]
Epoch [52] Testing Results: Prec@1 61.460 Prec@5 90.640             Loss 1.31848
Epoch [52] Testing Class Recall: [0.814,0.925,0.820,0.739,0.727,0.376,0.507,0.536,0.404,0.298]
Epoch [53] Training Results: Prec@1 76.740 Prec@5 90.438             Loss 1.01347
Epoch [53] Training Class Recall: [0.720,0.792,0.753,0.733,0.771,0.755,0.766,0.802,0.792,0.784]
Epoch [53] Testing Results: Prec@1 62.310 Prec@5 89.550             Loss 1.33811
Epoch [53] Testing Class Recall: [0.880,0.958,0.734,0.573,0.608,0.573,0.714,0.688,0.266,0.237]
Epoch [54] Training Results: Prec@1 76.631 Prec@5 90.476             Loss 1.01525
Epoch [54] Training Class Recall: [0.722,0.791,0.751,0.726,0.771,0.752,0.763,0.799,0.794,0.787]
Epoch [54] Testing Results: Prec@1 62.820 Prec@5 89.560             Loss 1.34508
Epoch [54] Testing Class Recall: [0.861,0.924,0.735,0.695,0.659,0.594,0.410,0.447,0.281,0.676]
Epoch [55] Training Results: Prec@1 76.618 Prec@5 90.516             Loss 1.01699
Epoch [55] Training Class Recall: [0.719,0.788,0.751,0.730,0.769,0.749,0.768,0.801,0.794,0.788]
Epoch [55] Testing Results: Prec@1 62.420 Prec@5 90.910             Loss 1.28429
Epoch [55] Testing Class Recall: [0.769,0.953,0.687,0.617,0.912,0.475,0.395,0.416,0.630,0.388]
Epoch [56] Training Results: Prec@1 76.833 Prec@5 90.476             Loss 1.01215
Epoch [56] Training Class Recall: [0.725,0.792,0.750,0.730,0.772,0.756,0.769,0.800,0.797,0.788]
Epoch [56] Testing Results: Prec@1 63.530 Prec@5 91.300             Loss 1.26883
Epoch [56] Testing Class Recall: [0.717,0.951,0.772,0.750,0.686,0.487,0.282,0.481,0.672,0.555]
Epoch [57] Training Results: Prec@1 76.593 Prec@5 90.369             Loss 1.01822
Epoch [57] Training Class Recall: [0.718,0.788,0.753,0.727,0.769,0.753,0.765,0.800,0.793,0.786]
Epoch [57] Testing Results: Prec@1 59.530 Prec@5 90.450             Loss 1.40039
Epoch [57] Testing Class Recall: [0.690,0.946,0.869,0.615,0.412,0.362,0.750,0.630,0.423,0.256]
Epoch [58] Training Results: Prec@1 76.842 Prec@5 90.458             Loss 1.01246
Epoch [58] Training Class Recall: [0.726,0.794,0.754,0.735,0.773,0.745,0.769,0.802,0.794,0.787]
Epoch [58] Testing Results: Prec@1 63.340 Prec@5 91.920             Loss 1.22518
Epoch [58] Testing Class Recall: [0.730,0.944,0.710,0.413,0.738,0.798,0.437,0.643,0.385,0.536]
Epoch [59] Training Results: Prec@1 76.722 Prec@5 90.580             Loss 1.01369
Epoch [59] Training Class Recall: [0.719,0.790,0.755,0.733,0.768,0.754,0.767,0.801,0.795,0.784]
Epoch [59] Testing Results: Prec@1 60.100 Prec@5 90.180             Loss 1.38013
Epoch [59] Testing Class Recall: [0.749,0.971,0.547,0.811,0.637,0.520,0.301,0.513,0.385,0.576]
Epoch [60] Training Results: Prec@1 76.662 Prec@5 90.536             Loss 1.01164
Epoch [60] Training Class Recall: [0.720,0.791,0.750,0.730,0.768,0.749,0.771,0.799,0.795,0.789]
Epoch [60] Testing Results: Prec@1 59.660 Prec@5 87.670             Loss 1.48896
Epoch [60] Testing Class Recall: [0.759,0.963,0.673,0.890,0.664,0.392,0.499,0.362,0.495,0.269]
Epoch [61] Training Results: Prec@1 76.687 Prec@5 90.431             Loss 1.01171
Epoch [61] Training Class Recall: [0.724,0.792,0.747,0.731,0.771,0.752,0.767,0.799,0.793,0.788]
Epoch [61] Testing Results: Prec@1 62.390 Prec@5 90.810             Loss 1.25551
Epoch [61] Testing Class Recall: [0.856,0.866,0.549,0.481,0.615,0.663,0.315,0.617,0.482,0.795]
Epoch [62] Training Results: Prec@1 76.667 Prec@5 90.569             Loss 1.01054
Epoch [62] Training Class Recall: [0.723,0.787,0.754,0.724,0.774,0.751,0.766,0.801,0.793,0.788]
Epoch [62] Testing Results: Prec@1 65.770 Prec@5 91.150             Loss 1.20104
Epoch [62] Testing Class Recall: [0.839,0.964,0.760,0.589,0.647,0.682,0.638,0.680,0.501,0.277]
Epoch [63] Training Results: Prec@1 76.718 Prec@5 90.556             Loss 1.01323
Epoch [63] Training Class Recall: [0.727,0.791,0.750,0.730,0.773,0.750,0.766,0.797,0.795,0.788]
Epoch [63] Testing Results: Prec@1 66.200 Prec@5 93.540             Loss 1.15217
Epoch [63] Testing Class Recall: [0.814,0.986,0.694,0.546,0.772,0.647,0.553,0.657,0.600,0.351]
Epoch [64] Training Results: Prec@1 77.044 Prec@5 90.567             Loss 1.00585
Epoch [64] Training Class Recall: [0.724,0.792,0.762,0.735,0.779,0.758,0.767,0.802,0.794,0.785]
Epoch [64] Testing Results: Prec@1 65.660 Prec@5 93.320             Loss 1.16867
Epoch [64] Testing Class Recall: [0.894,0.908,0.751,0.563,0.771,0.552,0.626,0.588,0.497,0.416]
Epoch [65] Training Results: Prec@1 76.798 Prec@5 90.604             Loss 1.01307
Epoch [65] Training Class Recall: [0.728,0.789,0.755,0.729,0.770,0.756,0.768,0.801,0.791,0.788]
Epoch [65] Testing Results: Prec@1 59.110 Prec@5 88.700             Loss 1.48614
Epoch [65] Testing Class Recall: [0.875,0.953,0.558,0.747,0.898,0.466,0.388,0.287,0.435,0.304]
Epoch [66] Training Results: Prec@1 76.747 Prec@5 90.573             Loss 1.00969
Epoch [66] Training Class Recall: [0.727,0.786,0.756,0.733,0.768,0.752,0.768,0.799,0.794,0.787]
Epoch [66] Testing Results: Prec@1 63.920 Prec@5 92.780             Loss 1.22115
Epoch [66] Testing Class Recall: [0.777,0.952,0.730,0.797,0.686,0.391,0.772,0.514,0.447,0.326]
Epoch [67] Training Results: Prec@1 76.913 Prec@5 90.664             Loss 1.00530
Epoch [67] Training Class Recall: [0.727,0.791,0.754,0.737,0.773,0.754,0.767,0.801,0.795,0.788]
Epoch [67] Testing Results: Prec@1 66.070 Prec@5 93.560             Loss 1.13112
Epoch [67] Testing Class Recall: [0.808,0.908,0.794,0.694,0.444,0.690,0.541,0.536,0.595,0.597]
Epoch [68] Training Results: Prec@1 76.889 Prec@5 90.589             Loss 1.00676
Epoch [68] Training Class Recall: [0.721,0.791,0.750,0.742,0.778,0.752,0.767,0.798,0.794,0.789]
Epoch [68] Testing Results: Prec@1 65.590 Prec@5 92.150             Loss 1.21313
Epoch [68] Testing Class Recall: [0.744,0.856,0.854,0.601,0.704,0.616,0.681,0.480,0.593,0.430]
Epoch [69] Training Results: Prec@1 76.718 Prec@5 90.484             Loss 1.00924
Epoch [69] Training Class Recall: [0.724,0.789,0.752,0.727,0.772,0.754,0.766,0.802,0.792,0.787]
Epoch [69] Testing Results: Prec@1 66.110 Prec@5 92.970             Loss 1.14325
Epoch [69] Testing Class Recall: [0.705,0.936,0.864,0.504,0.734,0.609,0.655,0.404,0.626,0.574]
Epoch [70] Training Results: Prec@1 76.836 Prec@5 90.636             Loss 1.00557
Epoch [70] Training Class Recall: [0.721,0.793,0.751,0.734,0.772,0.754,0.768,0.801,0.796,0.787]
Epoch [70] Testing Results: Prec@1 60.500 Prec@5 90.710             Loss 1.35208
Epoch [70] Testing Class Recall: [0.831,0.879,0.796,0.738,0.539,0.507,0.758,0.386,0.267,0.349]
Epoch [71] Training Results: Prec@1 76.904 Prec@5 90.540             Loss 1.00574
Epoch [71] Training Class Recall: [0.721,0.789,0.761,0.735,0.774,0.752,0.768,0.803,0.793,0.788]
Epoch [71] Testing Results: Prec@1 63.890 Prec@5 94.060             Loss 1.19183
Epoch [71] Testing Class Recall: [0.864,0.794,0.538,0.759,0.787,0.574,0.530,0.552,0.461,0.530]
Epoch [72] Training Results: Prec@1 76.969 Prec@5 90.720             Loss 1.00297
Epoch [72] Training Class Recall: [0.724,0.793,0.752,0.736,0.775,0.759,0.766,0.803,0.793,0.789]
Epoch [72] Testing Results: Prec@1 60.120 Prec@5 89.520             Loss 1.36648
Epoch [72] Testing Class Recall: [0.848,0.929,0.712,0.571,0.642,0.781,0.664,0.520,0.145,0.200]
Epoch [73] Training Results: Prec@1 76.922 Prec@5 90.593             Loss 1.00439
Epoch [73] Training Class Recall: [0.724,0.790,0.754,0.737,0.779,0.758,0.766,0.799,0.792,0.787]
Epoch [73] Testing Results: Prec@1 59.970 Prec@5 91.370             Loss 1.40899
Epoch [73] Testing Class Recall: [0.939,0.884,0.691,0.447,0.660,0.682,0.402,0.507,0.428,0.357]
Epoch [74] Training Results: Prec@1 76.851 Prec@5 90.480             Loss 1.00694
Epoch [74] Training Class Recall: [0.725,0.790,0.750,0.730,0.777,0.758,0.766,0.800,0.795,0.789]
Epoch [74] Testing Results: Prec@1 64.800 Prec@5 91.530             Loss 1.22533
Epoch [74] Testing Class Recall: [0.750,0.916,0.806,0.437,0.848,0.514,0.597,0.556,0.712,0.344]
Epoch [75] Training Results: Prec@1 76.796 Prec@5 90.680             Loss 1.00669
Epoch [75] Training Class Recall: [0.722,0.789,0.759,0.728,0.773,0.756,0.766,0.801,0.791,0.789]
Epoch [75] Testing Results: Prec@1 65.850 Prec@5 92.740             Loss 1.14645
Epoch [75] Testing Class Recall: [0.795,0.916,0.827,0.535,0.809,0.613,0.475,0.600,0.618,0.397]
Epoch [76] Training Results: Prec@1 77.004 Prec@5 90.687             Loss 1.00253
Epoch [76] Training Class Recall: [0.727,0.793,0.756,0.737,0.775,0.756,0.767,0.800,0.793,0.790]
Epoch [76] Testing Results: Prec@1 63.180 Prec@5 91.490             Loss 1.30939
Epoch [76] Testing Class Recall: [0.876,0.842,0.626,0.664,0.800,0.510,0.266,0.731,0.599,0.404]
Epoch [77] Training Results: Prec@1 77.067 Prec@5 90.587             Loss 1.00180
Epoch [77] Training Class Recall: [0.724,0.793,0.759,0.736,0.780,0.756,0.767,0.800,0.797,0.788]
Epoch [77] Testing Results: Prec@1 63.010 Prec@5 92.390             Loss 1.27719
Epoch [77] Testing Class Recall: [0.788,0.900,0.773,0.823,0.461,0.447,0.392,0.625,0.601,0.491]
Epoch [78] Training Results: Prec@1 76.778 Prec@5 90.662             Loss 1.00746
Epoch [78] Training Class Recall: [0.718,0.792,0.754,0.734,0.772,0.755,0.767,0.798,0.794,0.786]
Epoch [78] Testing Results: Prec@1 69.380 Prec@5 93.720             Loss 1.06490
Epoch [78] Testing Class Recall: [0.849,0.849,0.721,0.504,0.814,0.564,0.772,0.640,0.707,0.518]
Epoch [79] Training Results: Prec@1 76.918 Prec@5 90.791             Loss 1.00451
Epoch [79] Training Class Recall: [0.720,0.791,0.759,0.739,0.772,0.753,0.771,0.801,0.793,0.787]
Epoch [79] Testing Results: Prec@1 63.250 Prec@5 91.150             Loss 1.26991
Epoch [79] Testing Class Recall: [0.791,0.960,0.705,0.734,0.763,0.565,0.373,0.651,0.351,0.432]
Epoch [80] Training Results: Prec@1 77.118 Prec@5 90.753             Loss 1.00120
Epoch [80] Training Class Recall: [0.726,0.791,0.761,0.741,0.776,0.755,0.771,0.801,0.795,0.789]
Epoch [80] Testing Results: Prec@1 63.800 Prec@5 91.040             Loss 1.25548
Epoch [80] Testing Class Recall: [0.834,0.984,0.692,0.630,0.715,0.624,0.545,0.698,0.466,0.192]
Epoch [81] Training Results: Prec@1 77.213 Prec@5 90.744             Loss 1.00151
Epoch [81] Training Class Recall: [0.728,0.796,0.763,0.747,0.773,0.755,0.768,0.802,0.795,0.789]
Epoch [81] Testing Results: Prec@1 62.460 Prec@5 90.230             Loss 1.29196
Epoch [81] Testing Class Recall: [0.890,0.937,0.807,0.525,0.702,0.627,0.466,0.711,0.223,0.358]
Epoch [82] Training Results: Prec@1 76.993 Prec@5 90.682             Loss 1.00206
Epoch [82] Training Class Recall: [0.721,0.793,0.761,0.734,0.772,0.756,0.770,0.804,0.794,0.788]
Epoch [82] Testing Results: Prec@1 60.720 Prec@5 89.770             Loss 1.37769
Epoch [82] Testing Class Recall: [0.802,0.979,0.803,0.451,0.831,0.461,0.466,0.320,0.619,0.340]
Epoch [83] Training Results: Prec@1 76.931 Prec@5 90.751             Loss 1.00517
Epoch [83] Training Class Recall: [0.724,0.793,0.761,0.734,0.776,0.752,0.767,0.798,0.795,0.787]
Epoch [83] Testing Results: Prec@1 59.600 Prec@5 89.350             Loss 1.38081
Epoch [83] Testing Class Recall: [0.836,0.953,0.704,0.628,0.666,0.800,0.432,0.390,0.305,0.246]
Epoch [84] Training Results: Prec@1 76.971 Prec@5 90.636             Loss 1.00225
Epoch [84] Training Class Recall: [0.721,0.791,0.757,0.738,0.775,0.758,0.768,0.801,0.794,0.788]
Epoch [84] Testing Results: Prec@1 63.830 Prec@5 90.840             Loss 1.24616
Epoch [84] Testing Class Recall: [0.636,0.981,0.804,0.696,0.742,0.561,0.644,0.509,0.464,0.346]
Epoch [85] Training Results: Prec@1 77.076 Prec@5 90.542             Loss 1.00230
Epoch [85] Training Class Recall: [0.725,0.794,0.765,0.739,0.772,0.756,0.770,0.801,0.794,0.786]
Epoch [85] Testing Results: Prec@1 60.060 Prec@5 90.220             Loss 1.37405
Epoch [85] Testing Class Recall: [0.644,0.842,0.717,0.867,0.572,0.479,0.733,0.393,0.527,0.232]
Epoch [86] Training Results: Prec@1 77.069 Prec@5 90.753             Loss 1.00155
Epoch [86] Training Class Recall: [0.726,0.793,0.761,0.736,0.773,0.758,0.770,0.802,0.794,0.789]
Epoch [86] Testing Results: Prec@1 60.710 Prec@5 90.590             Loss 1.34678
Epoch [86] Testing Class Recall: [0.672,0.990,0.841,0.484,0.700,0.392,0.640,0.340,0.777,0.235]
Epoch [87] Training Results: Prec@1 77.024 Prec@5 90.564             Loss 1.00226
Epoch [87] Training Class Recall: [0.728,0.791,0.756,0.741,0.777,0.755,0.768,0.799,0.795,0.786]
Epoch [87] Testing Results: Prec@1 68.010 Prec@5 92.950             Loss 1.11201
Epoch [87] Testing Class Recall: [0.716,0.939,0.815,0.650,0.657,0.592,0.706,0.623,0.642,0.461]
Epoch [88] Training Results: Prec@1 77.098 Prec@5 90.922             Loss 1.00176
Epoch [88] Training Class Recall: [0.727,0.793,0.754,0.743,0.777,0.759,0.768,0.804,0.792,0.787]
Epoch [88] Testing Results: Prec@1 66.780 Prec@5 93.050             Loss 1.15427
Epoch [88] Testing Class Recall: [0.813,0.943,0.795,0.711,0.672,0.476,0.653,0.666,0.504,0.445]
Epoch [89] Training Results: Prec@1 77.102 Prec@5 90.778             Loss 1.00136
Epoch [89] Training Class Recall: [0.726,0.786,0.761,0.748,0.775,0.756,0.768,0.801,0.795,0.788]
Epoch [89] Testing Results: Prec@1 63.740 Prec@5 90.700             Loss 1.27635
Epoch [89] Testing Class Recall: [0.693,0.917,0.685,0.587,0.865,0.754,0.355,0.394,0.498,0.626]
Epoch [90] Training Results: Prec@1 77.038 Prec@5 90.613             Loss 1.00331
Epoch [90] Training Class Recall: [0.724,0.794,0.762,0.738,0.774,0.755,0.768,0.801,0.793,0.788]
Epoch [90] Testing Results: Prec@1 68.440 Prec@5 94.260             Loss 1.07519
Epoch [90] Testing Class Recall: [0.881,0.951,0.633,0.594,0.784,0.743,0.565,0.579,0.529,0.585]
Epoch [91] Training Results: Prec@1 77.058 Prec@5 90.818             Loss 0.99961
Epoch [91] Training Class Recall: [0.729,0.791,0.756,0.742,0.779,0.752,0.769,0.803,0.793,0.785]
Epoch [91] Testing Results: Prec@1 63.710 Prec@5 88.560             Loss 1.30094
Epoch [91] Testing Class Recall: [0.838,0.957,0.706,0.601,0.633,0.779,0.693,0.312,0.670,0.182]
Epoch [92] Training Results: Prec@1 77.307 Prec@5 90.669             Loss 0.99775
Epoch [92] Training Class Recall: [0.730,0.793,0.766,0.741,0.777,0.761,0.771,0.804,0.796,0.787]
Epoch [92] Testing Results: Prec@1 58.610 Prec@5 87.070             Loss 1.51600
Epoch [92] Testing Class Recall: [0.918,0.890,0.449,0.809,0.682,0.401,0.662,0.337,0.560,0.153]
Epoch [93] Training Results: Prec@1 77.224 Prec@5 90.573             Loss 1.00132
Epoch [93] Training Class Recall: [0.729,0.792,0.762,0.742,0.779,0.757,0.771,0.801,0.795,0.789]
Epoch [93] Testing Results: Prec@1 64.140 Prec@5 92.350             Loss 1.26035
Epoch [93] Testing Class Recall: [0.860,0.840,0.832,0.571,0.607,0.644,0.562,0.529,0.486,0.483]
Epoch [94] Training Results: Prec@1 76.938 Prec@5 90.822             Loss 1.00124
Epoch [94] Training Class Recall: [0.728,0.787,0.763,0.735,0.774,0.754,0.772,0.798,0.792,0.784]
Epoch [94] Testing Results: Prec@1 65.690 Prec@5 91.550             Loss 1.19137
Epoch [94] Testing Class Recall: [0.811,0.967,0.670,0.735,0.573,0.682,0.682,0.507,0.552,0.390]
Epoch [95] Training Results: Prec@1 77.378 Prec@5 90.776             Loss 0.99490
Epoch [95] Training Class Recall: [0.731,0.794,0.761,0.747,0.780,0.762,0.769,0.803,0.795,0.788]
Epoch [95] Testing Results: Prec@1 62.890 Prec@5 91.540             Loss 1.27661
Epoch [95] Testing Class Recall: [0.816,0.835,0.756,0.807,0.776,0.416,0.542,0.398,0.506,0.437]
Epoch [96] Training Results: Prec@1 77.209 Prec@5 90.693             Loss 0.99899
Epoch [96] Training Class Recall: [0.725,0.794,0.763,0.743,0.780,0.761,0.764,0.803,0.793,0.787]
Epoch [96] Testing Results: Prec@1 62.770 Prec@5 90.240             Loss 1.29151
Epoch [96] Testing Class Recall: [0.645,0.927,0.521,0.730,0.538,0.732,0.451,0.594,0.421,0.718]
Epoch [97] Training Results: Prec@1 77.222 Prec@5 90.827             Loss 0.99760
Epoch [97] Training Class Recall: [0.729,0.791,0.769,0.743,0.774,0.757,0.768,0.801,0.795,0.788]
Epoch [97] Testing Results: Prec@1 58.120 Prec@5 90.100             Loss 1.45574
Epoch [97] Testing Class Recall: [0.901,0.950,0.843,0.447,0.610,0.401,0.533,0.374,0.409,0.344]
Epoch [98] Training Results: Prec@1 77.153 Prec@5 90.833             Loss 0.99502
Epoch [98] Training Class Recall: [0.730,0.790,0.762,0.738,0.780,0.758,0.769,0.803,0.792,0.788]
Epoch [98] Testing Results: Prec@1 67.080 Prec@5 92.500             Loss 1.15709
Epoch [98] Testing Class Recall: [0.812,0.921,0.738,0.754,0.678,0.504,0.749,0.582,0.733,0.237]
Epoch [99] Training Results: Prec@1 77.029 Prec@5 90.798             Loss 0.99940
Epoch [99] Training Class Recall: [0.729,0.792,0.757,0.740,0.775,0.755,0.769,0.799,0.794,0.789]
Epoch [99] Testing Results: Prec@1 60.710 Prec@5 88.620             Loss 1.40150
Epoch [99] Testing Class Recall: [0.791,0.950,0.822,0.767,0.778,0.401,0.490,0.284,0.566,0.222]
Epoch [100] Training Results: Prec@1 76.889 Prec@5 90.804             Loss 1.00173
Epoch [100] Training Class Recall: [0.720,0.789,0.756,0.731,0.775,0.760,0.770,0.802,0.793,0.787]
Epoch [100] Testing Results: Prec@1 63.710 Prec@5 91.690             Loss 1.23391
Epoch [100] Testing Class Recall: [0.664,0.938,0.879,0.372,0.846,0.544,0.465,0.654,0.407,0.602]
Epoch [101] Training Results: Prec@1 77.060 Prec@5 90.784             Loss 0.99795
Epoch [101] Training Class Recall: [0.727,0.789,0.760,0.744,0.775,0.754,0.768,0.802,0.793,0.787]
Epoch [101] Testing Results: Prec@1 65.630 Prec@5 90.710             Loss 1.21392
Epoch [101] Testing Class Recall: [0.821,0.869,0.695,0.548,0.810,0.534,0.793,0.529,0.692,0.272]
Epoch [102] Training Results: Prec@1 77.320 Prec@5 90.836             Loss 0.99444
Epoch [102] Training Class Recall: [0.728,0.793,0.769,0.742,0.781,0.759,0.769,0.801,0.795,0.789]
Epoch [102] Testing Results: Prec@1 61.330 Prec@5 90.520             Loss 1.38304
Epoch [102] Testing Class Recall: [0.813,0.974,0.872,0.466,0.582,0.636,0.572,0.562,0.355,0.301]
Epoch [103] Training Results: Prec@1 76.913 Prec@5 90.849             Loss 1.00149
Epoch [103] Training Class Recall: [0.727,0.790,0.758,0.737,0.771,0.757,0.764,0.801,0.793,0.788]
Epoch [103] Testing Results: Prec@1 67.280 Prec@5 92.940             Loss 1.14011
Epoch [103] Testing Class Recall: [0.785,0.936,0.650,0.828,0.679,0.603,0.570,0.560,0.620,0.497]
Epoch [104] Training Results: Prec@1 77.404 Prec@5 90.791             Loss 0.99303
Epoch [104] Training Class Recall: [0.732,0.790,0.770,0.747,0.782,0.760,0.775,0.796,0.795,0.788]
Epoch [104] Testing Results: Prec@1 66.300 Prec@5 92.650             Loss 1.17865
Epoch [104] Testing Class Recall: [0.757,0.976,0.617,0.778,0.811,0.498,0.388,0.679,0.664,0.462]
Epoch [105] Training Results: Prec@1 77.327 Prec@5 90.896             Loss 0.99252
Epoch [105] Training Class Recall: [0.728,0.794,0.766,0.746,0.778,0.759,0.770,0.803,0.794,0.787]
Epoch [105] Testing Results: Prec@1 46.190 Prec@5 86.000             Loss 1.91282
Epoch [105] Testing Class Recall: [0.650,0.622,0.298,0.892,0.574,0.462,0.266,0.721,0.079,0.055]
Epoch [106] Training Results: Prec@1 77.009 Prec@5 90.887             Loss 0.99917
Epoch [106] Training Class Recall: [0.729,0.789,0.758,0.741,0.775,0.754,0.769,0.804,0.792,0.786]
Epoch [106] Testing Results: Prec@1 67.130 Prec@5 92.850             Loss 1.13446
Epoch [106] Testing Class Recall: [0.780,0.982,0.744,0.624,0.854,0.466,0.604,0.689,0.536,0.434]
Epoch [107] Training Results: Prec@1 77.209 Prec@5 90.878             Loss 0.99712
Epoch [107] Training Class Recall: [0.729,0.791,0.765,0.744,0.778,0.754,0.772,0.800,0.794,0.789]
Epoch [107] Testing Results: Prec@1 67.480 Prec@5 92.830             Loss 1.11089
Epoch [107] Testing Class Recall: [0.850,0.951,0.689,0.633,0.829,0.618,0.726,0.577,0.541,0.334]
Epoch [108] Training Results: Prec@1 77.260 Prec@5 90.936             Loss 0.99341
Epoch [108] Training Class Recall: [0.732,0.792,0.762,0.746,0.775,0.760,0.769,0.803,0.794,0.788]
Epoch [108] Testing Results: Prec@1 66.310 Prec@5 92.980             Loss 1.17593
Epoch [108] Testing Class Recall: [0.688,0.885,0.832,0.791,0.769,0.353,0.583,0.528,0.723,0.479]
Epoch [109] Training Results: Prec@1 77.144 Prec@5 90.782             Loss 0.99902
Epoch [109] Training Class Recall: [0.727,0.792,0.755,0.746,0.777,0.756,0.772,0.802,0.793,0.788]
Epoch [109] Testing Results: Prec@1 62.980 Prec@5 91.320             Loss 1.26431
Epoch [109] Testing Class Recall: [0.834,0.952,0.831,0.629,0.841,0.524,0.438,0.460,0.393,0.396]
Epoch [110] Training Results: Prec@1 77.267 Prec@5 90.882             Loss 0.99399
Epoch [110] Training Class Recall: [0.726,0.794,0.758,0.743,0.782,0.762,0.774,0.800,0.793,0.790]
Epoch [110] Testing Results: Prec@1 63.600 Prec@5 92.520             Loss 1.23440
Epoch [110] Testing Class Recall: [0.619,0.959,0.825,0.618,0.708,0.549,0.755,0.653,0.474,0.200]
Epoch [111] Training Results: Prec@1 77.416 Prec@5 90.984             Loss 0.99026
Epoch [111] Training Class Recall: [0.728,0.792,0.770,0.748,0.780,0.761,0.768,0.804,0.795,0.788]
Epoch [111] Testing Results: Prec@1 62.730 Prec@5 91.460             Loss 1.27627
Epoch [111] Testing Class Recall: [0.896,0.889,0.621,0.760,0.574,0.475,0.394,0.774,0.386,0.504]
Epoch [112] Training Results: Prec@1 77.276 Prec@5 90.862             Loss 0.99565
Epoch [112] Training Class Recall: [0.731,0.794,0.764,0.745,0.777,0.755,0.770,0.803,0.796,0.787]
Epoch [112] Testing Results: Prec@1 63.520 Prec@5 91.850             Loss 1.26156
Epoch [112] Testing Class Recall: [0.783,0.977,0.660,0.813,0.707,0.475,0.641,0.447,0.479,0.370]
Epoch [113] Training Results: Prec@1 77.171 Prec@5 90.851             Loss 0.99551
Epoch [113] Training Class Recall: [0.726,0.791,0.758,0.744,0.781,0.757,0.771,0.801,0.794,0.788]
Epoch [113] Testing Results: Prec@1 65.460 Prec@5 91.270             Loss 1.20926
Epoch [113] Testing Class Recall: [0.922,0.965,0.732,0.615,0.692,0.598,0.712,0.468,0.461,0.381]
Epoch [114] Training Results: Prec@1 77.324 Prec@5 91.000             Loss 0.99161
Epoch [114] Training Class Recall: [0.730,0.794,0.764,0.747,0.776,0.758,0.773,0.804,0.794,0.788]
Epoch [114] Testing Results: Prec@1 65.500 Prec@5 90.570             Loss 1.21348
Epoch [114] Testing Class Recall: [0.866,0.956,0.736,0.683,0.794,0.405,0.681,0.407,0.589,0.433]
Epoch [115] Training Results: Prec@1 77.380 Prec@5 91.051             Loss 0.99293
Epoch [115] Training Class Recall: [0.727,0.794,0.765,0.746,0.777,0.764,0.772,0.803,0.795,0.789]
Epoch [115] Testing Results: Prec@1 62.830 Prec@5 89.230             Loss 1.40793
Epoch [115] Testing Class Recall: [0.856,0.835,0.781,0.622,0.791,0.532,0.707,0.368,0.517,0.274]
Epoch [116] Training Results: Prec@1 77.353 Prec@5 90.698             Loss 0.99309
Epoch [116] Training Class Recall: [0.729,0.794,0.764,0.740,0.785,0.762,0.768,0.801,0.797,0.788]
Epoch [116] Testing Results: Prec@1 65.450 Prec@5 91.210             Loss 1.21054
Epoch [116] Testing Class Recall: [0.925,0.946,0.687,0.708,0.469,0.486,0.611,0.594,0.453,0.666]
Epoch [117] Training Results: Prec@1 77.293 Prec@5 90.851             Loss 0.99113
Epoch [117] Training Class Recall: [0.729,0.792,0.760,0.744,0.784,0.756,0.771,0.804,0.796,0.788]
Epoch [117] Testing Results: Prec@1 65.280 Prec@5 92.650             Loss 1.19055
Epoch [117] Testing Class Recall: [0.841,0.853,0.645,0.781,0.679,0.398,0.711,0.541,0.572,0.507]
Epoch [118] Training Results: Prec@1 77.156 Prec@5 90.887             Loss 0.99594
Epoch [118] Training Class Recall: [0.729,0.789,0.764,0.746,0.773,0.760,0.768,0.797,0.795,0.789]
Epoch [118] Testing Results: Prec@1 58.500 Prec@5 90.220             Loss 1.44492
Epoch [118] Testing Class Recall: [0.947,0.846,0.755,0.477,0.604,0.483,0.650,0.187,0.385,0.516]
Epoch [119] Training Results: Prec@1 77.240 Prec@5 90.867             Loss 0.99563
Epoch [119] Training Class Recall: [0.728,0.792,0.763,0.746,0.780,0.754,0.772,0.801,0.794,0.789]
Epoch [119] Testing Results: Prec@1 66.730 Prec@5 91.340             Loss 1.19471
Epoch [119] Testing Class Recall: [0.828,0.953,0.780,0.603,0.764,0.691,0.350,0.580,0.466,0.658]
Epoch [120] Training Results: Prec@1 77.451 Prec@5 91.109             Loss 0.98845
Epoch [120] Training Class Recall: [0.731,0.795,0.772,0.745,0.784,0.755,0.773,0.802,0.793,0.788]
Epoch [120] Testing Results: Prec@1 66.630 Prec@5 91.110             Loss 1.17665
Epoch [120] Testing Class Recall: [0.667,0.953,0.823,0.549,0.706,0.727,0.667,0.471,0.728,0.372]
Epoch [121] Training Results: Prec@1 77.451 Prec@5 91.080             Loss 0.98929
Epoch [121] Training Class Recall: [0.733,0.793,0.766,0.745,0.782,0.759,0.772,0.805,0.794,0.790]
Epoch [121] Testing Results: Prec@1 65.390 Prec@5 90.720             Loss 1.25973
Epoch [121] Testing Class Recall: [0.860,0.950,0.832,0.539,0.831,0.422,0.550,0.644,0.597,0.314]
Epoch [122] Training Results: Prec@1 77.233 Prec@5 90.956             Loss 0.99151
Epoch [122] Training Class Recall: [0.728,0.792,0.761,0.745,0.774,0.761,0.771,0.803,0.795,0.788]
Epoch [122] Testing Results: Prec@1 62.940 Prec@5 88.900             Loss 1.30852
Epoch [122] Testing Class Recall: [0.874,0.916,0.669,0.734,0.545,0.667,0.659,0.477,0.544,0.209]
Epoch [123] Training Results: Prec@1 77.300 Prec@5 90.916             Loss 0.99240
Epoch [123] Training Class Recall: [0.729,0.797,0.764,0.741,0.779,0.762,0.769,0.801,0.795,0.787]
Epoch [123] Testing Results: Prec@1 62.510 Prec@5 89.690             Loss 1.29892
Epoch [123] Testing Class Recall: [0.788,0.818,0.750,0.741,0.524,0.585,0.825,0.552,0.285,0.383]
Epoch [124] Training Results: Prec@1 77.264 Prec@5 91.058             Loss 0.99238
Epoch [124] Training Class Recall: [0.729,0.797,0.766,0.738,0.772,0.762,0.770,0.804,0.794,0.787]
Epoch [124] Testing Results: Prec@1 65.480 Prec@5 92.370             Loss 1.20310
Epoch [124] Testing Class Recall: [0.741,0.972,0.648,0.637,0.671,0.782,0.513,0.604,0.632,0.348]
Epoch [125] Training Results: Prec@1 77.329 Prec@5 91.036             Loss 0.99212
Epoch [125] Training Class Recall: [0.731,0.793,0.768,0.747,0.778,0.759,0.767,0.800,0.795,0.788]
Epoch [125] Testing Results: Prec@1 59.910 Prec@5 91.350             Loss 1.39748
Epoch [125] Testing Class Recall: [0.940,0.674,0.669,0.556,0.657,0.474,0.360,0.543,0.298,0.820]
Epoch [126] Training Results: Prec@1 77.358 Prec@5 91.122             Loss 0.99052
Epoch [126] Training Class Recall: [0.736,0.792,0.765,0.744,0.777,0.763,0.770,0.801,0.795,0.788]
Epoch [126] Testing Results: Prec@1 69.460 Prec@5 93.390             Loss 1.06270
Epoch [126] Testing Class Recall: [0.847,0.916,0.754,0.680,0.732,0.599,0.622,0.567,0.616,0.613]
Epoch [127] Training Results: Prec@1 77.304 Prec@5 91.111             Loss 0.98935
Epoch [127] Training Class Recall: [0.732,0.790,0.762,0.744,0.784,0.760,0.767,0.803,0.793,0.789]
Epoch [127] Testing Results: Prec@1 64.040 Prec@5 91.260             Loss 1.25932
Epoch [127] Testing Class Recall: [0.851,0.958,0.763,0.709,0.634,0.478,0.815,0.515,0.441,0.240]
Epoch [128] Training Results: Prec@1 77.402 Prec@5 91.096             Loss 0.99082
Epoch [128] Training Class Recall: [0.731,0.792,0.770,0.744,0.780,0.763,0.770,0.803,0.793,0.787]
Epoch [128] Testing Results: Prec@1 63.130 Prec@5 90.860             Loss 1.27174
Epoch [128] Testing Class Recall: [0.736,0.945,0.538,0.761,0.799,0.670,0.213,0.471,0.678,0.502]
Epoch [129] Training Results: Prec@1 77.269 Prec@5 90.878             Loss 0.99459
Epoch [129] Training Class Recall: [0.734,0.793,0.763,0.741,0.777,0.760,0.769,0.802,0.798,0.785]
Epoch [129] Testing Results: Prec@1 64.970 Prec@5 90.970             Loss 1.23769
Epoch [129] Testing Class Recall: [0.867,0.866,0.650,0.736,0.540,0.721,0.531,0.577,0.415,0.594]
Epoch [130] Training Results: Prec@1 77.333 Prec@5 90.942             Loss 0.99088
Epoch [130] Training Class Recall: [0.733,0.792,0.765,0.744,0.782,0.758,0.767,0.803,0.794,0.788]
Epoch [130] Testing Results: Prec@1 63.080 Prec@5 92.310             Loss 1.27796
Epoch [130] Testing Class Recall: [0.886,0.901,0.815,0.721,0.697,0.413,0.461,0.399,0.555,0.460]
Epoch [131] Training Results: Prec@1 77.498 Prec@5 91.036             Loss 0.98586
Epoch [131] Training Class Recall: [0.730,0.796,0.769,0.748,0.781,0.764,0.771,0.804,0.794,0.787]
Epoch [131] Testing Results: Prec@1 65.290 Prec@5 91.810             Loss 1.22100
Epoch [131] Testing Class Recall: [0.852,0.813,0.833,0.707,0.794,0.471,0.602,0.596,0.353,0.508]
Epoch [132] Training Results: Prec@1 77.464 Prec@5 91.042             Loss 0.98993
Epoch [132] Training Class Recall: [0.737,0.794,0.766,0.750,0.783,0.760,0.768,0.800,0.795,0.788]
Epoch [132] Testing Results: Prec@1 66.980 Prec@5 93.920             Loss 1.12760
Epoch [132] Testing Class Recall: [0.837,0.923,0.858,0.590,0.629,0.411,0.539,0.678,0.754,0.479]
Epoch [133] Training Results: Prec@1 77.440 Prec@5 91.024             Loss 0.98901
Epoch [133] Training Class Recall: [0.732,0.793,0.767,0.746,0.780,0.760,0.771,0.804,0.795,0.789]
Epoch [133] Testing Results: Prec@1 66.700 Prec@5 93.230             Loss 1.14720
Epoch [133] Testing Class Recall: [0.880,0.880,0.739,0.780,0.755,0.566,0.606,0.590,0.381,0.493]
Epoch [134] Training Results: Prec@1 77.251 Prec@5 91.042             Loss 0.99184
Epoch [134] Training Class Recall: [0.729,0.793,0.762,0.741,0.780,0.755,0.771,0.803,0.795,0.790]
Epoch [134] Testing Results: Prec@1 59.820 Prec@5 91.020             Loss 1.38479
Epoch [134] Testing Class Recall: [0.958,0.851,0.348,0.526,0.842,0.631,0.534,0.431,0.353,0.508]
Epoch [135] Training Results: Prec@1 77.440 Prec@5 90.933             Loss 0.98987
Epoch [135] Training Class Recall: [0.736,0.792,0.771,0.743,0.779,0.761,0.774,0.802,0.795,0.788]
Epoch [135] Testing Results: Prec@1 62.160 Prec@5 89.780             Loss 1.32917
Epoch [135] Testing Class Recall: [0.782,0.920,0.881,0.475,0.651,0.537,0.797,0.599,0.201,0.373]
Epoch [136] Training Results: Prec@1 77.264 Prec@5 91.002             Loss 0.99069
Epoch [136] Training Class Recall: [0.732,0.791,0.767,0.743,0.781,0.756,0.769,0.799,0.795,0.787]
Epoch [136] Testing Results: Prec@1 61.320 Prec@5 89.990             Loss 1.33908
Epoch [136] Testing Class Recall: [0.775,0.945,0.711,0.603,0.923,0.556,0.273,0.378,0.446,0.522]
Epoch [137] Training Results: Prec@1 77.271 Prec@5 90.916             Loss 0.99139
Epoch [137] Training Class Recall: [0.730,0.794,0.765,0.746,0.778,0.758,0.767,0.798,0.794,0.789]
Epoch [137] Testing Results: Prec@1 67.990 Prec@5 93.030             Loss 1.10630
Epoch [137] Testing Class Recall: [0.846,0.941,0.722,0.695,0.763,0.556,0.661,0.521,0.665,0.429]
Epoch [138] Training Results: Prec@1 77.460 Prec@5 90.978             Loss 0.98909
Epoch [138] Training Class Recall: [0.732,0.792,0.768,0.747,0.782,0.762,0.770,0.803,0.796,0.787]
Epoch [138] Testing Results: Prec@1 67.320 Prec@5 93.060             Loss 1.11530
Epoch [138] Testing Class Recall: [0.794,0.973,0.717,0.639,0.704,0.688,0.660,0.449,0.603,0.505]
Epoch [139] Training Results: Prec@1 77.396 Prec@5 91.104             Loss 0.98834
Epoch [139] Training Class Recall: [0.730,0.795,0.765,0.749,0.776,0.760,0.771,0.801,0.796,0.790]
Epoch [139] Testing Results: Prec@1 67.960 Prec@5 92.500             Loss 1.12884
Epoch [139] Testing Class Recall: [0.618,0.874,0.870,0.628,0.753,0.630,0.611,0.610,0.683,0.519]
Epoch [140] Training Results: Prec@1 77.251 Prec@5 91.093             Loss 0.99150
Epoch [140] Training Class Recall: [0.732,0.792,0.765,0.740,0.777,0.758,0.771,0.801,0.796,0.788]
Epoch [140] Testing Results: Prec@1 60.050 Prec@5 90.000             Loss 1.40179
Epoch [140] Testing Class Recall: [0.892,0.899,0.642,0.887,0.657,0.409,0.363,0.548,0.407,0.301]
Epoch [141] Training Results: Prec@1 77.338 Prec@5 91.018             Loss 0.99181
Epoch [141] Training Class Recall: [0.730,0.791,0.767,0.747,0.776,0.759,0.773,0.804,0.792,0.788]
Epoch [141] Testing Results: Prec@1 66.980 Prec@5 92.740             Loss 1.13264
Epoch [141] Testing Class Recall: [0.700,0.942,0.782,0.694,0.762,0.524,0.689,0.509,0.607,0.489]
Epoch [142] Training Results: Prec@1 77.442 Prec@5 91.173             Loss 0.98673
Epoch [142] Training Class Recall: [0.738,0.796,0.764,0.747,0.781,0.758,0.772,0.802,0.795,0.788]
Epoch [142] Testing Results: Prec@1 62.130 Prec@5 90.900             Loss 1.30468
Epoch [142] Testing Class Recall: [0.730,0.984,0.867,0.568,0.569,0.490,0.536,0.664,0.407,0.398]
Epoch [143] Training Results: Prec@1 77.304 Prec@5 91.076             Loss 0.98872
Epoch [143] Training Class Recall: [0.729,0.792,0.764,0.748,0.774,0.764,0.770,0.801,0.794,0.788]
Epoch [143] Testing Results: Prec@1 61.710 Prec@5 87.920             Loss 1.37010
Epoch [143] Testing Class Recall: [0.742,0.986,0.700,0.823,0.483,0.363,0.511,0.640,0.687,0.236]
Epoch [144] Training Results: Prec@1 77.433 Prec@5 91.056             Loss 0.98804
Epoch [144] Training Class Recall: [0.732,0.795,0.770,0.749,0.777,0.762,0.769,0.803,0.794,0.788]
Epoch [144] Testing Results: Prec@1 67.440 Prec@5 92.980             Loss 1.13862
Epoch [144] Testing Class Recall: [0.869,0.966,0.789,0.612,0.834,0.594,0.649,0.468,0.500,0.463]
Epoch [145] Training Results: Prec@1 77.493 Prec@5 91.267             Loss 0.98507
Epoch [145] Training Class Recall: [0.730,0.793,0.768,0.750,0.785,0.759,0.771,0.804,0.796,0.787]
Epoch [145] Testing Results: Prec@1 65.620 Prec@5 90.130             Loss 1.21474
Epoch [145] Testing Class Recall: [0.841,0.949,0.639,0.659,0.834,0.463,0.704,0.463,0.705,0.305]
Epoch [146] Training Results: Prec@1 77.413 Prec@5 91.249             Loss 0.99178
Epoch [146] Training Class Recall: [0.730,0.793,0.767,0.750,0.781,0.758,0.771,0.800,0.796,0.787]
Epoch [146] Testing Results: Prec@1 63.550 Prec@5 89.740             Loss 1.31463
Epoch [146] Testing Class Recall: [0.841,0.865,0.851,0.417,0.830,0.569,0.533,0.451,0.638,0.360]
Epoch [147] Training Results: Prec@1 77.484 Prec@5 91.051             Loss 0.98303
Epoch [147] Training Class Recall: [0.738,0.792,0.769,0.744,0.779,0.763,0.775,0.803,0.795,0.787]
Epoch [147] Testing Results: Prec@1 64.820 Prec@5 92.120             Loss 1.23880
Epoch [147] Testing Class Recall: [0.881,0.854,0.619,0.785,0.675,0.592,0.518,0.592,0.563,0.403]
Epoch [148] Training Results: Prec@1 77.476 Prec@5 91.258             Loss 0.98677
Epoch [148] Training Class Recall: [0.733,0.794,0.764,0.745,0.786,0.764,0.768,0.803,0.795,0.790]
Epoch [148] Testing Results: Prec@1 66.570 Prec@5 93.490             Loss 1.13540
Epoch [148] Testing Class Recall: [0.761,0.957,0.864,0.658,0.727,0.523,0.627,0.416,0.777,0.347]
Epoch [149] Training Results: Prec@1 77.476 Prec@5 91.124             Loss 0.98361
Epoch [149] Training Class Recall: [0.738,0.792,0.769,0.743,0.777,0.764,0.771,0.804,0.795,0.789]
Epoch [149] Testing Results: Prec@1 58.700 Prec@5 86.310             Loss 1.53319
Epoch [149] Testing Class Recall: [0.853,0.975,0.727,0.650,0.720,0.347,0.817,0.425,0.277,0.079]
Epoch [150] Training Results: Prec@1 77.524 Prec@5 91.316             Loss 0.98590
Epoch [150] Training Class Recall: [0.733,0.794,0.767,0.747,0.785,0.764,0.772,0.802,0.795,0.789]
Epoch [150] Testing Results: Prec@1 63.330 Prec@5 90.700             Loss 1.28337
Epoch [150] Testing Class Recall: [0.837,0.931,0.874,0.493,0.692,0.474,0.799,0.474,0.491,0.268]
Epoch [151] Training Results: Prec@1 77.538 Prec@5 91.207             Loss 0.98404
Epoch [151] Training Class Recall: [0.731,0.793,0.766,0.753,0.782,0.762,0.771,0.806,0.794,0.789]
Epoch [151] Testing Results: Prec@1 69.380 Prec@5 94.240             Loss 1.05008
Epoch [151] Testing Class Recall: [0.702,0.903,0.786,0.760,0.720,0.618,0.633,0.530,0.661,0.625]
Epoch [152] Training Results: Prec@1 77.433 Prec@5 91.164             Loss 0.98561
Epoch [152] Training Class Recall: [0.737,0.794,0.770,0.742,0.775,0.761,0.772,0.802,0.795,0.788]
Epoch [152] Testing Results: Prec@1 66.070 Prec@5 91.790             Loss 1.18746
Epoch [152] Testing Class Recall: [0.822,0.937,0.625,0.600,0.737,0.832,0.590,0.489,0.589,0.386]
Epoch [153] Training Results: Prec@1 77.611 Prec@5 91.276             Loss 0.98342
Epoch [153] Training Class Recall: [0.733,0.797,0.769,0.749,0.783,0.762,0.776,0.804,0.794,0.788]
Epoch [153] Testing Results: Prec@1 67.840 Prec@5 92.920             Loss 1.13140
Epoch [153] Testing Class Recall: [0.811,0.950,0.657,0.753,0.821,0.637,0.510,0.639,0.560,0.446]
Epoch [154] Training Results: Prec@1 77.542 Prec@5 91.118             Loss 0.98447
Epoch [154] Training Class Recall: [0.740,0.798,0.767,0.750,0.779,0.756,0.771,0.803,0.795,0.789]
Epoch [154] Testing Results: Prec@1 67.500 Prec@5 91.330             Loss 1.16795
Epoch [154] Testing Class Recall: [0.786,0.958,0.752,0.695,0.786,0.664,0.513,0.562,0.505,0.529]
Epoch [155] Training Results: Prec@1 77.478 Prec@5 91.084             Loss 0.98610
Epoch [155] Training Class Recall: [0.728,0.793,0.768,0.751,0.780,0.764,0.772,0.803,0.795,0.787]
Epoch [155] Testing Results: Prec@1 62.290 Prec@5 90.900             Loss 1.30771
Epoch [155] Testing Class Recall: [0.785,0.985,0.810,0.557,0.544,0.578,0.733,0.544,0.438,0.255]
Epoch [156] Training Results: Prec@1 77.382 Prec@5 91.198             Loss 0.98589
Epoch [156] Training Class Recall: [0.729,0.792,0.767,0.748,0.780,0.763,0.768,0.801,0.796,0.788]
Epoch [156] Testing Results: Prec@1 67.760 Prec@5 92.680             Loss 1.12010
Epoch [156] Testing Class Recall: [0.741,0.890,0.643,0.702,0.819,0.710,0.684,0.522,0.452,0.613]
Epoch [157] Training Results: Prec@1 77.422 Prec@5 91.144             Loss 0.98604
Epoch [157] Training Class Recall: [0.731,0.793,0.765,0.751,0.779,0.765,0.765,0.803,0.795,0.789]
Epoch [157] Testing Results: Prec@1 67.220 Prec@5 92.370             Loss 1.14552
Epoch [157] Testing Class Recall: [0.800,0.936,0.784,0.590,0.806,0.618,0.511,0.600,0.578,0.499]
Epoch [158] Training Results: Prec@1 77.442 Prec@5 91.102             Loss 0.98698
Epoch [158] Training Class Recall: [0.734,0.794,0.767,0.748,0.780,0.761,0.770,0.801,0.797,0.787]
Epoch [158] Testing Results: Prec@1 68.840 Prec@5 93.200             Loss 1.11006
Epoch [158] Testing Class Recall: [0.859,0.849,0.644,0.611,0.859,0.755,0.518,0.502,0.737,0.550]
Epoch [159] Training Results: Prec@1 77.662 Prec@5 91.158             Loss 0.98325
Epoch [159] Training Class Recall: [0.732,0.791,0.774,0.756,0.782,0.758,0.773,0.805,0.797,0.790]
Epoch [159] Testing Results: Prec@1 64.650 Prec@5 91.670             Loss 1.24630
Epoch [159] Testing Class Recall: [0.904,0.941,0.770,0.732,0.575,0.611,0.516,0.572,0.345,0.499]
Epoch [160] Training Results: Prec@1 78.596 Prec@5 91.976             Loss 0.94121
Epoch [160] Training Class Recall: [0.757,0.795,0.782,0.770,0.794,0.779,0.777,0.808,0.799,0.793]
Epoch [160] Testing Results: Prec@1 69.280 Prec@5 93.280             Loss 1.07114
Epoch [160] Testing Class Recall: [0.842,0.957,0.805,0.726,0.774,0.614,0.640,0.599,0.507,0.464]
Epoch [161] Training Results: Prec@1 79.256 Prec@5 92.118             Loss 0.92134
Epoch [161] Training Class Recall: [0.761,0.806,0.800,0.781,0.802,0.783,0.783,0.811,0.800,0.793]
Epoch [161] Testing Results: Prec@1 69.680 Prec@5 93.330             Loss 1.06651
Epoch [161] Testing Class Recall: [0.845,0.958,0.824,0.720,0.789,0.632,0.638,0.596,0.539,0.427]
Epoch [162] Training Results: Prec@1 79.362 Prec@5 92.282             Loss 0.91488
Epoch [162] Training Class Recall: [0.761,0.805,0.803,0.781,0.808,0.785,0.784,0.810,0.799,0.793]
Epoch [162] Testing Results: Prec@1 69.370 Prec@5 93.120             Loss 1.07590
Epoch [162] Testing Class Recall: [0.837,0.964,0.839,0.741,0.767,0.607,0.630,0.585,0.553,0.414]
Epoch [163] Training Results: Prec@1 79.522 Prec@5 92.627             Loss 0.90938
Epoch [163] Training Class Recall: [0.761,0.807,0.805,0.791,0.807,0.787,0.784,0.811,0.799,0.792]
Epoch [163] Testing Results: Prec@1 69.360 Prec@5 93.130             Loss 1.08212
Epoch [163] Testing Class Recall: [0.848,0.966,0.829,0.745,0.783,0.618,0.629,0.597,0.501,0.420]
Epoch [164] Training Results: Prec@1 79.624 Prec@5 92.509             Loss 0.90514
Epoch [164] Training Class Recall: [0.764,0.809,0.808,0.789,0.808,0.788,0.785,0.811,0.799,0.792]
Epoch [164] Testing Results: Prec@1 69.190 Prec@5 93.010             Loss 1.09445
Epoch [164] Testing Class Recall: [0.848,0.967,0.848,0.760,0.766,0.588,0.629,0.579,0.528,0.406]
Epoch [165] Training Results: Prec@1 79.629 Prec@5 92.587             Loss 0.90222
Epoch [165] Training Class Recall: [0.762,0.808,0.810,0.792,0.806,0.787,0.786,0.811,0.800,0.793]
Epoch [165] Testing Results: Prec@1 69.890 Prec@5 93.240             Loss 1.06650
Epoch [165] Testing Class Recall: [0.857,0.967,0.837,0.760,0.777,0.600,0.632,0.594,0.542,0.423]
Epoch [166] Training Results: Prec@1 79.720 Prec@5 92.660             Loss 0.89979
Epoch [166] Training Class Recall: [0.764,0.810,0.813,0.790,0.809,0.789,0.785,0.811,0.800,0.793]
Epoch [166] Testing Results: Prec@1 69.450 Prec@5 93.090             Loss 1.08301
Epoch [166] Testing Class Recall: [0.867,0.966,0.836,0.766,0.775,0.580,0.598,0.599,0.541,0.417]
Epoch [167] Training Results: Prec@1 79.711 Prec@5 92.704             Loss 0.89878
Epoch [167] Training Class Recall: [0.766,0.808,0.810,0.792,0.808,0.789,0.786,0.812,0.799,0.792]
Epoch [167] Testing Results: Prec@1 69.350 Prec@5 93.280             Loss 1.08009
Epoch [167] Testing Class Recall: [0.857,0.969,0.850,0.733,0.788,0.612,0.621,0.576,0.505,0.424]
Epoch [168] Training Results: Prec@1 79.764 Prec@5 92.962             Loss 0.89505
Epoch [168] Training Class Recall: [0.766,0.809,0.812,0.793,0.811,0.789,0.786,0.811,0.800,0.792]
Epoch [168] Testing Results: Prec@1 69.550 Prec@5 93.120             Loss 1.08372
Epoch [168] Testing Class Recall: [0.854,0.969,0.847,0.755,0.790,0.604,0.620,0.571,0.529,0.416]
Epoch [169] Training Results: Prec@1 79.804 Prec@5 92.840             Loss 0.89482
Epoch [169] Training Class Recall: [0.765,0.809,0.813,0.795,0.810,0.790,0.786,0.812,0.800,0.792]
Epoch [169] Testing Results: Prec@1 69.270 Prec@5 92.770             Loss 1.09870
Epoch [169] Testing Class Recall: [0.856,0.968,0.839,0.768,0.772,0.623,0.604,0.573,0.525,0.399]
Epoch [170] Training Results: Prec@1 79.818 Prec@5 93.171             Loss 0.89309
Epoch [170] Training Class Recall: [0.766,0.811,0.817,0.792,0.808,0.788,0.786,0.812,0.800,0.793]
Epoch [170] Testing Results: Prec@1 69.590 Prec@5 93.000             Loss 1.08717
Epoch [170] Testing Class Recall: [0.872,0.968,0.830,0.744,0.800,0.615,0.629,0.568,0.531,0.402]
Epoch [171] Training Results: Prec@1 79.791 Prec@5 92.982             Loss 0.89130
Epoch [171] Training Class Recall: [0.767,0.810,0.814,0.792,0.809,0.790,0.785,0.811,0.801,0.792]
Epoch [171] Testing Results: Prec@1 70.040 Prec@5 93.030             Loss 1.07351
Epoch [171] Testing Class Recall: [0.858,0.967,0.848,0.747,0.803,0.609,0.620,0.589,0.556,0.407]
Epoch [172] Training Results: Prec@1 79.796 Prec@5 92.933             Loss 0.89143
Epoch [172] Training Class Recall: [0.766,0.811,0.814,0.792,0.810,0.789,0.785,0.811,0.800,0.793]
Epoch [172] Testing Results: Prec@1 69.980 Prec@5 93.140             Loss 1.07241
Epoch [172] Testing Class Recall: [0.855,0.965,0.842,0.759,0.801,0.611,0.612,0.595,0.515,0.443]
Epoch [173] Training Results: Prec@1 79.920 Prec@5 93.153             Loss 0.88741
Epoch [173] Training Class Recall: [0.772,0.810,0.817,0.796,0.811,0.788,0.785,0.812,0.800,0.793]
Epoch [173] Testing Results: Prec@1 69.080 Prec@5 92.750             Loss 1.11198
Epoch [173] Testing Class Recall: [0.863,0.968,0.854,0.748,0.785,0.596,0.615,0.570,0.513,0.396]
Epoch [174] Training Results: Prec@1 79.887 Prec@5 93.111             Loss 0.88830
Epoch [174] Training Class Recall: [0.769,0.810,0.816,0.795,0.812,0.789,0.786,0.812,0.799,0.792]
Epoch [174] Testing Results: Prec@1 69.780 Prec@5 93.230             Loss 1.07901
Epoch [174] Testing Class Recall: [0.860,0.965,0.854,0.755,0.787,0.592,0.600,0.588,0.522,0.455]
Epoch [175] Training Results: Prec@1 79.902 Prec@5 93.136             Loss 0.88517
Epoch [175] Training Class Recall: [0.770,0.811,0.817,0.793,0.811,0.790,0.786,0.812,0.800,0.792]
Epoch [175] Testing Results: Prec@1 69.530 Prec@5 93.150             Loss 1.08777
Epoch [175] Testing Class Recall: [0.858,0.964,0.856,0.753,0.790,0.603,0.603,0.562,0.529,0.435]
Epoch [176] Training Results: Prec@1 79.876 Prec@5 93.187             Loss 0.88568
Epoch [176] Training Class Recall: [0.769,0.810,0.815,0.795,0.810,0.790,0.786,0.812,0.799,0.792]
Epoch [176] Testing Results: Prec@1 69.470 Prec@5 92.870             Loss 1.09156
Epoch [176] Testing Class Recall: [0.843,0.965,0.868,0.761,0.778,0.590,0.621,0.562,0.546,0.413]
Epoch [177] Training Results: Prec@1 79.913 Prec@5 93.356             Loss 0.88289
Epoch [177] Training Class Recall: [0.770,0.811,0.817,0.794,0.811,0.790,0.786,0.812,0.800,0.792]
Epoch [177] Testing Results: Prec@1 69.350 Prec@5 92.720             Loss 1.10197
Epoch [177] Testing Class Recall: [0.855,0.965,0.854,0.766,0.773,0.600,0.604,0.591,0.513,0.414]
Epoch [178] Training Results: Prec@1 79.964 Prec@5 93.218             Loss 0.88388
Epoch [178] Training Class Recall: [0.767,0.812,0.817,0.799,0.812,0.791,0.787,0.812,0.800,0.792]
Epoch [178] Testing Results: Prec@1 69.280 Prec@5 92.790             Loss 1.10168
Epoch [178] Testing Class Recall: [0.858,0.965,0.839,0.775,0.800,0.586,0.615,0.562,0.525,0.403]
Epoch [179] Training Results: Prec@1 79.951 Prec@5 93.302             Loss 0.88235
Epoch [179] Training Class Recall: [0.771,0.810,0.817,0.797,0.810,0.791,0.787,0.811,0.800,0.793]
Epoch [179] Testing Results: Prec@1 69.620 Prec@5 92.870             Loss 1.09511
Epoch [179] Testing Class Recall: [0.858,0.963,0.842,0.764,0.783,0.610,0.621,0.559,0.540,0.422]
Epoch [180] Training Results: Prec@1 79.944 Prec@5 93.387             Loss 0.88124
Epoch [180] Training Class Recall: [0.767,0.811,0.819,0.795,0.811,0.791,0.787,0.812,0.801,0.792]
Epoch [180] Testing Results: Prec@1 69.530 Prec@5 92.950             Loss 1.09046
Epoch [180] Testing Class Recall: [0.863,0.964,0.839,0.758,0.790,0.606,0.604,0.584,0.537,0.408]
Epoch [181] Training Results: Prec@1 79.993 Prec@5 93.313             Loss 0.87983
Epoch [181] Training Class Recall: [0.772,0.811,0.818,0.795,0.812,0.791,0.787,0.811,0.801,0.793]
Epoch [181] Testing Results: Prec@1 69.290 Prec@5 92.570             Loss 1.10529
Epoch [181] Testing Class Recall: [0.862,0.966,0.846,0.749,0.789,0.614,0.612,0.560,0.539,0.392]
Epoch [182] Training Results: Prec@1 79.947 Prec@5 93.471             Loss 0.88115
Epoch [182] Training Class Recall: [0.771,0.811,0.821,0.794,0.811,0.789,0.786,0.812,0.800,0.792]
Epoch [182] Testing Results: Prec@1 69.340 Prec@5 92.830             Loss 1.10524
Epoch [182] Testing Class Recall: [0.862,0.964,0.842,0.770,0.781,0.596,0.596,0.570,0.536,0.417]
Epoch [183] Training Results: Prec@1 79.942 Prec@5 93.322             Loss 0.88110
Epoch [183] Training Class Recall: [0.771,0.811,0.817,0.795,0.811,0.790,0.787,0.812,0.800,0.792]
Epoch [183] Testing Results: Prec@1 69.110 Prec@5 92.710             Loss 1.11753
Epoch [183] Testing Class Recall: [0.869,0.965,0.850,0.766,0.766,0.587,0.604,0.565,0.530,0.409]
Epoch [184] Training Results: Prec@1 80.000 Prec@5 93.431             Loss 0.88024
Epoch [184] Training Class Recall: [0.772,0.811,0.818,0.797,0.811,0.791,0.788,0.812,0.800,0.792]
Epoch [184] Testing Results: Prec@1 69.520 Prec@5 92.920             Loss 1.09351
Epoch [184] Testing Class Recall: [0.859,0.963,0.836,0.767,0.788,0.611,0.613,0.567,0.537,0.411]
Epoch [185] Training Results: Prec@1 79.907 Prec@5 93.380             Loss 0.88050
Epoch [185] Training Class Recall: [0.771,0.808,0.817,0.794,0.810,0.790,0.788,0.811,0.801,0.793]
Epoch [185] Testing Results: Prec@1 69.600 Prec@5 92.950             Loss 1.09427
Epoch [185] Testing Class Recall: [0.862,0.966,0.839,0.767,0.792,0.585,0.619,0.579,0.537,0.414]
Epoch [186] Training Results: Prec@1 79.989 Prec@5 93.393             Loss 0.87910
Epoch [186] Training Class Recall: [0.769,0.812,0.818,0.798,0.810,0.792,0.787,0.811,0.800,0.793]
Epoch [186] Testing Results: Prec@1 69.480 Prec@5 92.810             Loss 1.09807
Epoch [186] Testing Class Recall: [0.858,0.966,0.839,0.769,0.782,0.607,0.599,0.578,0.541,0.409]
Epoch [187] Training Results: Prec@1 80.029 Prec@5 93.327             Loss 0.87926
Epoch [187] Training Class Recall: [0.771,0.812,0.819,0.797,0.813,0.792,0.787,0.812,0.800,0.792]
Epoch [187] Testing Results: Prec@1 69.620 Prec@5 92.790             Loss 1.09462
Epoch [187] Testing Class Recall: [0.862,0.964,0.839,0.768,0.792,0.605,0.621,0.576,0.541,0.394]
Epoch [188] Training Results: Prec@1 79.976 Prec@5 93.318             Loss 0.88068
Epoch [188] Training Class Recall: [0.771,0.811,0.817,0.796,0.812,0.792,0.788,0.811,0.800,0.792]
Epoch [188] Testing Results: Prec@1 69.240 Prec@5 92.840             Loss 1.10294
Epoch [188] Testing Class Recall: [0.865,0.966,0.834,0.761,0.783,0.614,0.599,0.580,0.527,0.395]
Epoch [189] Training Results: Prec@1 79.904 Prec@5 93.371             Loss 0.88083
Epoch [189] Training Class Recall: [0.769,0.810,0.818,0.793,0.812,0.790,0.786,0.812,0.800,0.792]
Epoch [189] Testing Results: Prec@1 69.230 Prec@5 92.840             Loss 1.10174
Epoch [189] Testing Class Recall: [0.863,0.966,0.848,0.751,0.779,0.608,0.601,0.587,0.519,0.401]
Epoch [190] Training Results: Prec@1 79.929 Prec@5 93.387             Loss 0.88001
Epoch [190] Training Class Recall: [0.769,0.811,0.818,0.795,0.810,0.789,0.787,0.812,0.801,0.793]
Epoch [190] Testing Results: Prec@1 69.520 Prec@5 92.940             Loss 1.09421
Epoch [190] Testing Class Recall: [0.860,0.964,0.842,0.757,0.786,0.610,0.615,0.578,0.524,0.416]
Epoch [191] Training Results: Prec@1 79.942 Prec@5 93.380             Loss 0.88105
Epoch [191] Training Class Recall: [0.770,0.811,0.820,0.796,0.811,0.790,0.785,0.812,0.800,0.792]
Epoch [191] Testing Results: Prec@1 68.900 Prec@5 92.500             Loss 1.11962
Epoch [191] Testing Class Recall: [0.872,0.964,0.843,0.759,0.752,0.615,0.615,0.562,0.529,0.379]
Epoch [192] Training Results: Prec@1 79.924 Prec@5 93.400             Loss 0.87884
Epoch [192] Training Class Recall: [0.770,0.809,0.818,0.796,0.811,0.790,0.786,0.812,0.800,0.793]
Epoch [192] Testing Results: Prec@1 69.400 Prec@5 93.050             Loss 1.09713
Epoch [192] Testing Class Recall: [0.866,0.964,0.851,0.735,0.783,0.615,0.613,0.573,0.503,0.437]
Epoch [193] Training Results: Prec@1 79.991 Prec@5 93.320             Loss 0.87947
Epoch [193] Training Class Recall: [0.771,0.811,0.819,0.793,0.814,0.791,0.787,0.812,0.801,0.792]
Epoch [193] Testing Results: Prec@1 69.470 Prec@5 92.820             Loss 1.09741
Epoch [193] Testing Class Recall: [0.858,0.965,0.839,0.760,0.793,0.611,0.629,0.576,0.526,0.390]
Epoch [194] Training Results: Prec@1 79.947 Prec@5 93.276             Loss 0.88099
Epoch [194] Training Class Recall: [0.771,0.812,0.818,0.794,0.810,0.791,0.788,0.812,0.800,0.793]
Epoch [194] Testing Results: Prec@1 69.340 Prec@5 92.910             Loss 1.10047
Epoch [194] Testing Class Recall: [0.864,0.963,0.855,0.762,0.768,0.592,0.601,0.574,0.535,0.420]
Epoch [195] Training Results: Prec@1 80.009 Prec@5 93.451             Loss 0.87909
Epoch [195] Training Class Recall: [0.771,0.810,0.820,0.798,0.812,0.791,0.786,0.812,0.799,0.793]
Epoch [195] Testing Results: Prec@1 69.450 Prec@5 93.120             Loss 1.09356
Epoch [195] Testing Class Recall: [0.856,0.965,0.847,0.755,0.786,0.610,0.599,0.569,0.527,0.431]
Epoch [196] Training Results: Prec@1 79.909 Prec@5 93.387             Loss 0.88218
Epoch [196] Training Class Recall: [0.772,0.811,0.816,0.795,0.810,0.788,0.786,0.811,0.800,0.793]
Epoch [196] Testing Results: Prec@1 69.480 Prec@5 92.990             Loss 1.09354
Epoch [196] Testing Class Recall: [0.863,0.963,0.846,0.760,0.781,0.606,0.603,0.575,0.518,0.433]
Epoch [197] Training Results: Prec@1 79.973 Prec@5 93.360             Loss 0.87964
Epoch [197] Training Class Recall: [0.770,0.813,0.819,0.795,0.812,0.790,0.787,0.811,0.800,0.793]
Epoch [197] Testing Results: Prec@1 68.880 Prec@5 92.470             Loss 1.12413
Epoch [197] Testing Class Recall: [0.856,0.966,0.855,0.763,0.783,0.604,0.590,0.564,0.518,0.389]
Epoch [198] Training Results: Prec@1 79.947 Prec@5 93.384             Loss 0.88069
Epoch [198] Training Class Recall: [0.768,0.811,0.818,0.794,0.812,0.793,0.786,0.811,0.800,0.792]
Epoch [198] Testing Results: Prec@1 69.160 Prec@5 92.780             Loss 1.10844
Epoch [198] Testing Class Recall: [0.863,0.963,0.850,0.771,0.780,0.590,0.602,0.567,0.514,0.416]
Epoch [199] Training Results: Prec@1 79.976 Prec@5 93.396             Loss 0.87872
Epoch [199] Training Class Recall: [0.767,0.812,0.821,0.795,0.811,0.792,0.786,0.812,0.800,0.793]
Epoch [199] Testing Results: Prec@1 69.700 Prec@5 92.970             Loss 1.08768
Epoch [199] Testing Class Recall: [0.858,0.963,0.834,0.766,0.799,0.613,0.596,0.588,0.541,0.412]
