Log file: cifar10_lava0.3_mixup_drw_exp0.01_seed42_20260502_161751.log
Run started: 2026-05-02 16:17:51.774589
Dataset: cifar10
Imbalance type: exp, factor: 0.01
Selection method: lava, ratio: 0.3
Strategy: Mixup_DRW, epochs: 200
Seed: 42, rand_number: 0
Augmentation: weak
mixup_alpha: 1.0
============================================================

=> Preparing logger and tensorboard writer !
----------------------------------------------------
Class ID   | Original   | Selected   | Keep %  
----------------------------------------------------
0          | 5000       | 15         |     0.3%
1          | 2997       | 4          |     0.1%
2          | 1796       | 1100       |    61.2%
3          | 1077       | 1072       |    99.5%
4          | 645        | 639        |    99.1%
5          | 387        | 387        |   100.0%
6          | 232        | 232        |   100.0%
7          | 139        | 139        |   100.0%
8          | 83         | 83         |   100.0%
9          | 50         | 50         |   100.0%
----------------------------------------------------
TOTAL      | 12406      | 3721       |    30.0%
----------------------------------------------------
Epoch [0] Training Results: Prec@1 25.746 Prec@5 88.525             Loss 1.96712
Epoch [0] Training Class Recall: [0.000,0.000,0.382,0.339,0.263,0.013,0.009,0.000,0.000,0.000]
Epoch [0] Testing Results: Prec@1 10.370 Prec@5 50.870             Loss 3.67881
Epoch [0] Testing Class Recall: [0.000,0.000,0.000,0.044,0.993,0.000,0.000,0.000,0.000,0.000]
Epoch [1] Training Results: Prec@1 29.589 Prec@5 90.218             Loss 1.88322
Epoch [1] Training Class Recall: [0.000,0.000,0.443,0.424,0.235,0.021,0.004,0.000,0.000,0.000]
Epoch [1] Testing Results: Prec@1 11.850 Prec@5 57.590             Loss 3.78275
Epoch [1] Testing Class Recall: [0.000,0.000,0.688,0.482,0.015,0.000,0.000,0.000,0.000,0.000]
Epoch [2] Training Results: Prec@1 33.432 Prec@5 93.147             Loss 1.74603
Epoch [2] Training Class Recall: [0.000,0.000,0.486,0.553,0.167,0.003,0.017,0.022,0.012,0.000]
Epoch [2] Testing Results: Prec@1 12.470 Prec@5 56.640             Loss 4.01610
Epoch [2] Testing Class Recall: [0.000,0.000,0.802,0.286,0.000,0.158,0.001,0.000,0.000,0.000]
Epoch [3] Training Results: Prec@1 37.571 Prec@5 93.120             Loss 1.72317
Epoch [3] Training Class Recall: [0.000,0.000,0.583,0.614,0.144,0.013,0.009,0.000,0.000,0.000]
Epoch [3] Testing Results: Prec@1 10.010 Prec@5 53.170             Loss 4.08043
Epoch [3] Testing Class Recall: [0.000,0.000,1.000,0.001,0.000,0.000,0.000,0.000,0.000,0.000]
Epoch [4] Training Results: Prec@1 35.582 Prec@5 92.180             Loss 1.75545
Epoch [4] Training Class Recall: [0.000,0.000,0.620,0.559,0.064,0.005,0.000,0.000,0.000,0.000]
Epoch [4] Testing Results: Prec@1 15.240 Prec@5 55.340             Loss 3.18788
Epoch [4] Testing Class Recall: [0.000,0.000,0.254,0.766,0.504,0.000,0.000,0.000,0.000,0.000]
Epoch [5] Training Results: Prec@1 37.221 Prec@5 93.846             Loss 1.67318
Epoch [5] Training Class Recall: [0.000,0.000,0.565,0.644,0.116,0.000,0.000,0.000,0.000,0.000]
Epoch [5] Testing Results: Prec@1 14.010 Prec@5 59.360             Loss 3.05929
Epoch [5] Testing Class Recall: [0.000,0.000,0.776,0.625,0.000,0.000,0.000,0.000,0.000,0.000]
Epoch [6] Training Results: Prec@1 40.070 Prec@5 94.007             Loss 1.65125
Epoch [6] Training Class Recall: [0.000,0.000,0.662,0.704,0.006,0.000,0.017,0.000,0.000,0.000]
Epoch [6] Testing Results: Prec@1 12.730 Prec@5 63.990             Loss 2.89676
Epoch [6] Testing Class Recall: [0.000,0.000,0.860,0.413,0.000,0.000,0.000,0.000,0.000,0.000]
Epoch [7] Training Results: Prec@1 41.897 Prec@5 94.061             Loss 1.62735
Epoch [7] Training Class Recall: [0.000,0.000,0.698,0.726,0.016,0.000,0.000,0.000,0.036,0.000]
Epoch [7] Testing Results: Prec@1 15.550 Prec@5 60.600             Loss 2.88371
Epoch [7] Testing Class Recall: [0.000,0.000,0.179,0.871,0.505,0.000,0.000,0.000,0.000,0.000]
Epoch [8] Training Results: Prec@1 39.989 Prec@5 94.303             Loss 1.63965
Epoch [8] Training Class Recall: [0.000,0.000,0.589,0.724,0.100,0.000,0.000,0.000,0.000,0.000]
Epoch [8] Testing Results: Prec@1 14.430 Prec@5 63.570             Loss 3.08328
Epoch [8] Testing Class Recall: [0.000,0.000,0.770,0.673,0.000,0.000,0.000,0.000,0.000,0.000]
Epoch [9] Training Results: Prec@1 40.876 Prec@5 94.652             Loss 1.61097
Epoch [9] Training Class Recall: [0.000,0.000,0.660,0.679,0.105,0.000,0.000,0.000,0.000,0.000]
Epoch [9] Testing Results: Prec@1 17.820 Prec@5 64.880             Loss 2.74197
Epoch [9] Testing Class Recall: [0.000,0.000,0.360,0.761,0.471,0.000,0.003,0.005,0.182,0.000]
Epoch [10] Training Results: Prec@1 39.506 Prec@5 94.706             Loss 1.61548
Epoch [10] Training Class Recall: [0.000,0.000,0.539,0.753,0.105,0.000,0.009,0.007,0.000,0.000]
Epoch [10] Testing Results: Prec@1 15.990 Prec@5 66.120             Loss 2.94264
Epoch [10] Testing Class Recall: [0.000,0.000,0.231,0.886,0.391,0.000,0.000,0.000,0.091,0.000]
Epoch [11] Training Results: Prec@1 41.548 Prec@5 95.216             Loss 1.59510
Epoch [11] Training Class Recall: [0.000,0.000,0.576,0.708,0.211,0.010,0.000,0.036,0.108,0.000]
Epoch [11] Testing Results: Prec@1 15.880 Prec@5 68.720             Loss 2.91759
Epoch [11] Testing Class Recall: [0.000,0.000,0.608,0.670,0.300,0.000,0.000,0.000,0.010,0.000]
Epoch [12] Training Results: Prec@1 43.429 Prec@5 94.759             Loss 1.59749
Epoch [12] Training Class Recall: [0.000,0.000,0.640,0.732,0.192,0.003,0.000,0.000,0.036,0.000]
Epoch [12] Testing Results: Prec@1 14.830 Prec@5 66.510             Loss 2.97212
Epoch [12] Testing Class Recall: [0.000,0.000,0.520,0.896,0.002,0.000,0.000,0.000,0.065,0.000]
Epoch [13] Training Results: Prec@1 44.209 Prec@5 95.593             Loss 1.58203
Epoch [13] Training Class Recall: [0.000,0.000,0.671,0.776,0.097,0.005,0.004,0.000,0.120,0.000]
Epoch [13] Testing Results: Prec@1 16.220 Prec@5 61.530             Loss 3.46827
Epoch [13] Testing Class Recall: [0.000,0.000,0.463,0.730,0.426,0.000,0.000,0.001,0.002,0.000]
Epoch [14] Training Results: Prec@1 40.177 Prec@5 94.249             Loss 1.64576
Epoch [14] Training Class Recall: [0.000,0.000,0.571,0.643,0.263,0.026,0.000,0.000,0.000,0.000]
Epoch [14] Testing Results: Prec@1 15.530 Prec@5 67.230             Loss 2.76566
Epoch [14] Testing Class Recall: [0.000,0.000,0.724,0.631,0.049,0.000,0.001,0.000,0.148,0.000]
Epoch [15] Training Results: Prec@1 43.617 Prec@5 94.948             Loss 1.59024
Epoch [15] Training Class Recall: [0.000,0.000,0.661,0.733,0.166,0.000,0.004,0.000,0.036,0.000]
Epoch [15] Testing Results: Prec@1 16.300 Prec@5 66.390             Loss 3.13821
Epoch [15] Testing Class Recall: [0.000,0.000,0.554,0.837,0.105,0.076,0.044,0.000,0.006,0.008]
Epoch [16] Training Results: Prec@1 42.865 Prec@5 95.673             Loss 1.59301
Epoch [16] Training Class Recall: [0.000,0.000,0.630,0.714,0.155,0.028,0.086,0.000,0.084,0.000]
Epoch [16] Testing Results: Prec@1 14.360 Prec@5 69.280             Loss 2.75247
Epoch [16] Testing Class Recall: [0.000,0.000,0.900,0.447,0.030,0.000,0.004,0.000,0.011,0.044]
Epoch [17] Training Results: Prec@1 46.332 Prec@5 95.700             Loss 1.56890
Epoch [17] Training Class Recall: [0.000,0.000,0.685,0.738,0.211,0.003,0.069,0.007,0.277,0.080]
Epoch [17] Testing Results: Prec@1 22.580 Prec@5 73.920             Loss 2.48120
Epoch [17] Testing Class Recall: [0.000,0.000,0.719,0.703,0.227,0.010,0.015,0.129,0.262,0.193]
Epoch [18] Training Results: Prec@1 48.267 Prec@5 95.754             Loss 1.51576
Epoch [18] Training Class Recall: [0.000,0.000,0.691,0.744,0.280,0.016,0.082,0.086,0.229,0.060]
Epoch [18] Testing Results: Prec@1 20.940 Prec@5 75.150             Loss 2.80773
Epoch [18] Testing Class Recall: [0.000,0.000,0.678,0.801,0.038,0.000,0.015,0.048,0.434,0.080]
Epoch [19] Training Results: Prec@1 46.493 Prec@5 96.291             Loss 1.54874
Epoch [19] Training Class Recall: [0.000,0.000,0.702,0.661,0.255,0.067,0.125,0.065,0.205,0.100]
Epoch [19] Testing Results: Prec@1 25.140 Prec@5 76.080             Loss 2.47070
Epoch [19] Testing Class Recall: [0.000,0.000,0.611,0.734,0.387,0.000,0.143,0.036,0.479,0.124]
Epoch [20] Training Results: Prec@1 49.342 Prec@5 96.694             Loss 1.51732
Epoch [20] Training Class Recall: [0.000,0.000,0.681,0.740,0.324,0.003,0.177,0.115,0.289,0.100]
Epoch [20] Testing Results: Prec@1 21.880 Prec@5 73.950             Loss 2.62158
Epoch [20] Testing Class Recall: [0.000,0.000,0.778,0.643,0.241,0.003,0.030,0.084,0.317,0.092]
Epoch [21] Training Results: Prec@1 51.384 Prec@5 96.829             Loss 1.51987
Epoch [21] Training Class Recall: [0.000,0.000,0.681,0.747,0.399,0.028,0.207,0.108,0.313,0.140]
Epoch [21] Testing Results: Prec@1 28.020 Prec@5 76.860             Loss 2.43085
Epoch [21] Testing Class Recall: [0.000,0.000,0.759,0.653,0.084,0.001,0.216,0.196,0.614,0.279]
Epoch [22] Training Results: Prec@1 47.541 Prec@5 96.748             Loss 1.52001
Epoch [22] Training Class Recall: [0.000,0.000,0.667,0.701,0.307,0.018,0.108,0.165,0.337,0.100]
Epoch [22] Testing Results: Prec@1 27.170 Prec@5 75.230             Loss 2.46873
Epoch [22] Testing Class Recall: [0.000,0.000,0.614,0.594,0.567,0.111,0.115,0.074,0.402,0.240]
Epoch [23] Training Results: Prec@1 49.503 Prec@5 97.044             Loss 1.50315
Epoch [23] Training Class Recall: [0.000,0.000,0.689,0.722,0.329,0.026,0.155,0.129,0.325,0.180]
Epoch [23] Testing Results: Prec@1 20.620 Prec@5 63.640             Loss 3.38916
Epoch [23] Testing Class Recall: [0.000,0.000,0.696,0.694,0.281,0.233,0.074,0.052,0.030,0.002]
Epoch [24] Training Results: Prec@1 50.148 Prec@5 96.856             Loss 1.48073
Epoch [24] Training Class Recall: [0.000,0.000,0.672,0.730,0.330,0.103,0.185,0.072,0.398,0.140]
Epoch [24] Testing Results: Prec@1 24.560 Prec@5 72.250             Loss 2.96129
Epoch [24] Testing Class Recall: [0.000,0.000,0.670,0.769,0.285,0.043,0.002,0.100,0.381,0.206]
Epoch [25] Training Results: Prec@1 50.363 Prec@5 96.936             Loss 1.46202
Epoch [25] Training Class Recall: [0.000,0.000,0.671,0.719,0.383,0.072,0.121,0.151,0.422,0.160]
Epoch [25] Testing Results: Prec@1 25.400 Prec@5 72.430             Loss 2.72091
Epoch [25] Testing Class Recall: [0.000,0.000,0.695,0.702,0.391,0.033,0.182,0.288,0.223,0.026]
Epoch [26] Training Results: Prec@1 51.760 Prec@5 96.883             Loss 1.49088
Epoch [26] Training Class Recall: [0.000,0.000,0.707,0.712,0.429,0.070,0.168,0.072,0.301,0.200]
Epoch [26] Testing Results: Prec@1 32.200 Prec@5 77.370             Loss 2.33881
Epoch [26] Testing Class Recall: [0.000,0.000,0.665,0.755,0.160,0.065,0.199,0.442,0.452,0.482]
Epoch [27] Training Results: Prec@1 49.879 Prec@5 97.259             Loss 1.49860
Epoch [27] Training Class Recall: [0.000,0.000,0.679,0.717,0.310,0.096,0.194,0.108,0.398,0.240]
Epoch [27] Testing Results: Prec@1 29.400 Prec@5 74.440             Loss 2.60545
Epoch [27] Testing Class Recall: [0.000,0.000,0.551,0.850,0.410,0.012,0.371,0.158,0.395,0.193]
Epoch [28] Training Results: Prec@1 52.701 Prec@5 97.554             Loss 1.45569
Epoch [28] Training Class Recall: [0.000,0.000,0.703,0.722,0.404,0.028,0.276,0.230,0.398,0.320]
Epoch [28] Testing Results: Prec@1 30.330 Prec@5 74.760             Loss 2.40046
Epoch [28] Testing Class Recall: [0.000,0.000,0.533,0.874,0.495,0.026,0.316,0.168,0.344,0.277]
Epoch [29] Training Results: Prec@1 53.668 Prec@5 97.554             Loss 1.47341
Epoch [29] Training Class Recall: [0.000,0.000,0.711,0.737,0.432,0.065,0.211,0.122,0.398,0.500]
Epoch [29] Testing Results: Prec@1 25.970 Prec@5 73.070             Loss 2.71595
Epoch [29] Testing Class Recall: [0.000,0.000,0.616,0.812,0.435,0.097,0.038,0.139,0.326,0.134]
Epoch [30] Training Results: Prec@1 53.400 Prec@5 97.071             Loss 1.47095
Epoch [30] Training Class Recall: [0.000,0.000,0.690,0.714,0.476,0.078,0.250,0.151,0.482,0.200]
Epoch [30] Testing Results: Prec@1 27.430 Prec@5 76.300             Loss 2.45651
Epoch [30] Testing Class Recall: [0.000,0.000,0.735,0.813,0.172,0.011,0.063,0.330,0.348,0.271]
Epoch [31] Training Results: Prec@1 54.098 Prec@5 97.662             Loss 1.41935
Epoch [31] Training Class Recall: [0.000,0.000,0.694,0.729,0.479,0.070,0.224,0.151,0.530,0.380]
Epoch [31] Testing Results: Prec@1 33.110 Prec@5 75.650             Loss 2.54610
Epoch [31] Testing Class Recall: [0.000,0.000,0.376,0.581,0.775,0.173,0.393,0.322,0.447,0.244]
Epoch [32] Training Results: Prec@1 51.626 Prec@5 97.232             Loss 1.49157
Epoch [32] Training Class Recall: [0.000,0.000,0.695,0.718,0.438,0.054,0.151,0.137,0.325,0.100]
Epoch [32] Testing Results: Prec@1 32.460 Prec@5 78.130             Loss 2.20887
Epoch [32] Testing Class Recall: [0.000,0.000,0.613,0.735,0.508,0.083,0.044,0.458,0.312,0.493]
Epoch [33] Training Results: Prec@1 55.442 Prec@5 97.743             Loss 1.44829
Epoch [33] Training Class Recall: [0.000,0.000,0.711,0.750,0.482,0.072,0.250,0.180,0.506,0.320]
Epoch [33] Testing Results: Prec@1 30.540 Prec@5 77.420             Loss 2.47464
Epoch [33] Testing Class Recall: [0.000,0.000,0.842,0.516,0.407,0.146,0.295,0.085,0.461,0.302]
Epoch [34] Training Results: Prec@1 57.108 Prec@5 97.501             Loss 1.39792
Epoch [34] Training Class Recall: [0.000,0.000,0.703,0.754,0.526,0.106,0.272,0.252,0.542,0.480]
Epoch [34] Testing Results: Prec@1 28.100 Prec@5 75.190             Loss 2.70481
Epoch [34] Testing Class Recall: [0.000,0.000,0.544,0.864,0.546,0.092,0.070,0.230,0.273,0.191]
Epoch [35] Training Results: Prec@1 57.565 Prec@5 98.092             Loss 1.40181
Epoch [35] Training Class Recall: [0.000,0.000,0.710,0.730,0.537,0.147,0.371,0.230,0.506,0.360]
Epoch [35] Testing Results: Prec@1 32.430 Prec@5 77.140             Loss 2.46083
Epoch [35] Testing Class Recall: [0.000,0.000,0.807,0.671,0.388,0.145,0.144,0.194,0.488,0.406]
Epoch [36] Training Results: Prec@1 56.840 Prec@5 98.173             Loss 1.38199
Epoch [36] Training Class Recall: [0.000,0.000,0.699,0.755,0.507,0.116,0.302,0.237,0.506,0.460]
Epoch [36] Testing Results: Prec@1 26.630 Prec@5 71.520             Loss 3.02084
Epoch [36] Testing Class Recall: [0.000,0.000,0.630,0.840,0.384,0.031,0.248,0.138,0.385,0.007]
Epoch [37] Training Results: Prec@1 53.615 Prec@5 96.883             Loss 1.47926
Epoch [37] Training Class Recall: [0.000,0.000,0.739,0.707,0.440,0.075,0.332,0.158,0.181,0.000]
Epoch [37] Testing Results: Prec@1 31.550 Prec@5 76.300             Loss 2.22565
Epoch [37] Testing Class Recall: [0.000,0.000,0.525,0.832,0.560,0.064,0.420,0.131,0.431,0.192]
Epoch [38] Training Results: Prec@1 56.463 Prec@5 97.716             Loss 1.37562
Epoch [38] Training Class Recall: [0.000,0.000,0.688,0.723,0.537,0.127,0.353,0.209,0.566,0.380]
Epoch [38] Testing Results: Prec@1 34.520 Prec@5 77.860             Loss 2.31439
Epoch [38] Testing Class Recall: [0.000,0.000,0.618,0.808,0.592,0.025,0.328,0.342,0.406,0.333]
Epoch [39] Training Results: Prec@1 57.995 Prec@5 98.011             Loss 1.38551
Epoch [39] Training Class Recall: [0.000,0.000,0.696,0.760,0.571,0.090,0.319,0.259,0.578,0.380]
Epoch [39] Testing Results: Prec@1 33.230 Prec@5 77.180             Loss 2.30308
Epoch [39] Testing Class Recall: [0.000,0.000,0.872,0.603,0.369,0.115,0.427,0.112,0.362,0.463]
Epoch [40] Training Results: Prec@1 58.291 Prec@5 98.226             Loss 1.42174
Epoch [40] Training Class Recall: [0.000,0.000,0.741,0.722,0.563,0.137,0.310,0.201,0.518,0.480]
Epoch [40] Testing Results: Prec@1 38.220 Prec@5 78.370             Loss 2.16198
Epoch [40] Testing Class Recall: [0.000,0.000,0.680,0.669,0.523,0.057,0.627,0.269,0.533,0.464]
Epoch [41] Training Results: Prec@1 59.205 Prec@5 98.280             Loss 1.41860
Epoch [41] Training Class Recall: [0.000,0.000,0.719,0.729,0.576,0.165,0.345,0.237,0.651,0.640]
Epoch [41] Testing Results: Prec@1 38.190 Prec@5 78.340             Loss 2.24195
Epoch [41] Testing Class Recall: [0.000,0.000,0.701,0.620,0.600,0.264,0.489,0.285,0.462,0.398]
Epoch [42] Training Results: Prec@1 61.516 Prec@5 98.361             Loss 1.33108
Epoch [42] Training Class Recall: [0.000,0.000,0.754,0.740,0.618,0.178,0.405,0.223,0.651,0.480]
Epoch [42] Testing Results: Prec@1 34.790 Prec@5 80.120             Loss 2.35886
Epoch [42] Testing Class Recall: [0.000,0.000,0.733,0.753,0.568,0.167,0.152,0.223,0.613,0.270]
Epoch [43] Training Results: Prec@1 60.226 Prec@5 98.388             Loss 1.34849
Epoch [43] Training Class Recall: [0.000,0.000,0.747,0.741,0.560,0.163,0.401,0.252,0.663,0.420]
Epoch [43] Testing Results: Prec@1 39.050 Prec@5 80.730             Loss 2.21165
Epoch [43] Testing Class Recall: [0.000,0.000,0.752,0.737,0.560,0.041,0.318,0.389,0.619,0.489]
Epoch [44] Training Results: Prec@1 59.608 Prec@5 97.850             Loss 1.40427
Epoch [44] Training Class Recall: [0.000,0.000,0.714,0.759,0.592,0.127,0.384,0.273,0.578,0.340]
Epoch [44] Testing Results: Prec@1 39.480 Prec@5 79.220             Loss 2.12473
Epoch [44] Testing Class Recall: [0.000,0.000,0.685,0.621,0.484,0.457,0.218,0.425,0.539,0.519]
Epoch [45] Training Results: Prec@1 60.468 Prec@5 98.011             Loss 1.37230
Epoch [45] Training Class Recall: [0.000,0.000,0.705,0.757,0.603,0.204,0.414,0.237,0.578,0.420]
Epoch [45] Testing Results: Prec@1 42.960 Prec@5 80.810             Loss 2.11937
Epoch [45] Testing Class Recall: [0.000,0.000,0.691,0.658,0.660,0.149,0.451,0.396,0.536,0.755]
Epoch [46] Training Results: Prec@1 62.886 Prec@5 98.226             Loss 1.31539
Epoch [46] Training Class Recall: [0.000,0.000,0.750,0.771,0.664,0.163,0.332,0.245,0.651,0.720]
Epoch [46] Testing Results: Prec@1 38.750 Prec@5 78.590             Loss 2.26835
Epoch [46] Testing Class Recall: [0.003,0.000,0.760,0.726,0.583,0.119,0.418,0.390,0.510,0.366]
Epoch [47] Training Results: Prec@1 62.644 Prec@5 98.522             Loss 1.31678
Epoch [47] Training Class Recall: [0.000,0.000,0.745,0.762,0.618,0.196,0.440,0.309,0.639,0.520]
Epoch [47] Testing Results: Prec@1 34.650 Prec@5 77.010             Loss 2.66020
Epoch [47] Testing Class Recall: [0.000,0.000,0.846,0.537,0.559,0.406,0.179,0.113,0.601,0.224]
Epoch [48] Training Results: Prec@1 61.758 Prec@5 98.038             Loss 1.31657
Epoch [48] Training Class Recall: [0.000,0.000,0.754,0.726,0.615,0.222,0.397,0.295,0.639,0.520]
Epoch [48] Testing Results: Prec@1 44.570 Prec@5 80.440             Loss 2.07531
Epoch [48] Testing Class Recall: [0.001,0.000,0.642,0.694,0.719,0.280,0.459,0.334,0.708,0.620]
Epoch [49] Training Results: Prec@1 61.677 Prec@5 98.334             Loss 1.31149
Epoch [49] Training Class Recall: [0.000,0.000,0.737,0.745,0.617,0.225,0.362,0.317,0.627,0.480]
Epoch [49] Testing Results: Prec@1 45.270 Prec@5 80.380             Loss 2.09448
Epoch [49] Testing Class Recall: [0.017,0.000,0.671,0.547,0.642,0.411,0.621,0.503,0.636,0.479]
Epoch [50] Training Results: Prec@1 62.349 Prec@5 98.253             Loss 1.32672
Epoch [50] Training Class Recall: [0.000,0.000,0.758,0.755,0.603,0.253,0.297,0.317,0.663,0.520]
Epoch [50] Testing Results: Prec@1 40.240 Prec@5 76.530             Loss 2.30512
Epoch [50] Testing Class Recall: [0.000,0.000,0.609,0.792,0.595,0.269,0.541,0.334,0.555,0.329]
Epoch [51] Training Results: Prec@1 63.854 Prec@5 98.522             Loss 1.30789
Epoch [51] Training Class Recall: [0.000,0.000,0.779,0.753,0.596,0.271,0.375,0.381,0.627,0.680]
Epoch [51] Testing Results: Prec@1 39.250 Prec@5 81.410             Loss 2.13178
Epoch [51] Testing Class Recall: [0.003,0.000,0.769,0.674,0.656,0.069,0.548,0.159,0.734,0.313]
Epoch [52] Training Results: Prec@1 63.961 Prec@5 98.764             Loss 1.32400
Epoch [52] Training Class Recall: [0.000,0.000,0.767,0.767,0.635,0.233,0.401,0.273,0.711,0.560]
Epoch [52] Testing Results: Prec@1 42.750 Prec@5 79.670             Loss 2.08275
Epoch [52] Testing Class Recall: [0.008,0.000,0.761,0.799,0.530,0.196,0.521,0.329,0.644,0.487]
Epoch [53] Training Results: Prec@1 64.633 Prec@5 98.441             Loss 1.28877
Epoch [53] Training Class Recall: [0.000,0.000,0.768,0.759,0.648,0.251,0.444,0.345,0.675,0.560]
Epoch [53] Testing Results: Prec@1 38.840 Prec@5 77.990             Loss 2.23299
Epoch [53] Testing Class Recall: [0.001,0.000,0.637,0.641,0.722,0.435,0.621,0.218,0.378,0.231]
Epoch [54] Training Results: Prec@1 65.869 Prec@5 98.549             Loss 1.30704
Epoch [54] Training Class Recall: [0.000,0.000,0.770,0.770,0.667,0.271,0.453,0.403,0.747,0.500]
Epoch [54] Testing Results: Prec@1 43.890 Prec@5 78.980             Loss 2.25788
Epoch [54] Testing Class Recall: [0.000,0.000,0.715,0.506,0.583,0.670,0.490,0.406,0.577,0.442]
Epoch [55] Training Results: Prec@1 64.311 Prec@5 98.791             Loss 1.30053
Epoch [55] Training Class Recall: [0.000,0.000,0.769,0.776,0.624,0.251,0.375,0.338,0.711,0.520]
Epoch [55] Testing Results: Prec@1 42.170 Prec@5 82.500             Loss 1.99757
Epoch [55] Testing Class Recall: [0.017,0.000,0.708,0.777,0.686,0.147,0.372,0.360,0.673,0.477]
Epoch [56] Training Results: Prec@1 67.321 Prec@5 98.737             Loss 1.28270
Epoch [56] Training Class Recall: [0.000,0.000,0.795,0.776,0.701,0.253,0.466,0.417,0.675,0.620]
Epoch [56] Testing Results: Prec@1 33.200 Prec@5 78.750             Loss 2.43368
Epoch [56] Testing Class Recall: [0.029,0.000,0.769,0.757,0.343,0.063,0.589,0.140,0.455,0.175]
Epoch [57] Training Results: Prec@1 65.198 Prec@5 98.710             Loss 1.29504
Epoch [57] Training Class Recall: [0.000,0.000,0.774,0.774,0.637,0.282,0.444,0.353,0.639,0.480]
Epoch [57] Testing Results: Prec@1 41.820 Prec@5 81.480             Loss 2.09863
Epoch [57] Testing Class Recall: [0.009,0.000,0.764,0.805,0.509,0.148,0.384,0.379,0.686,0.498]
Epoch [58] Training Results: Prec@1 67.697 Prec@5 98.898             Loss 1.28839
Epoch [58] Training Class Recall: [0.000,0.000,0.800,0.789,0.689,0.251,0.422,0.424,0.783,0.680]
Epoch [58] Testing Results: Prec@1 40.640 Prec@5 82.190             Loss 2.08080
Epoch [58] Testing Class Recall: [0.014,0.000,0.860,0.412,0.669,0.068,0.329,0.466,0.658,0.588]
Epoch [59] Training Results: Prec@1 66.514 Prec@5 98.898             Loss 1.28026
Epoch [59] Training Class Recall: [0.067,0.000,0.808,0.749,0.670,0.292,0.435,0.367,0.663,0.680]
Epoch [59] Testing Results: Prec@1 37.130 Prec@5 78.970             Loss 2.40631
Epoch [59] Testing Class Recall: [0.000,0.000,0.817,0.694,0.373,0.391,0.524,0.208,0.365,0.341]
Epoch [60] Training Results: Prec@1 66.380 Prec@5 98.844             Loss 1.32236
Epoch [60] Training Class Recall: [0.000,0.000,0.791,0.759,0.678,0.297,0.466,0.309,0.711,0.560]
Epoch [60] Testing Results: Prec@1 38.420 Prec@5 79.690             Loss 2.25375
Epoch [60] Testing Class Recall: [0.000,0.000,0.859,0.628,0.552,0.171,0.550,0.253,0.572,0.257]
Epoch [61] Training Results: Prec@1 67.777 Prec@5 98.898             Loss 1.20841
Epoch [61] Training Class Recall: [0.000,0.000,0.789,0.787,0.700,0.282,0.444,0.432,0.723,0.620]
Epoch [61] Testing Results: Prec@1 39.650 Prec@5 80.610             Loss 2.33923
Epoch [61] Testing Class Recall: [0.000,0.000,0.917,0.604,0.397,0.151,0.456,0.483,0.436,0.521]
Epoch [62] Training Results: Prec@1 66.729 Prec@5 98.818             Loss 1.32223
Epoch [62] Training Class Recall: [0.000,0.000,0.785,0.793,0.676,0.274,0.401,0.360,0.651,0.700]
Epoch [62] Testing Results: Prec@1 40.020 Prec@5 79.500             Loss 2.27847
Epoch [62] Testing Class Recall: [0.000,0.000,0.872,0.641,0.565,0.243,0.432,0.341,0.495,0.413]
Epoch [63] Training Results: Prec@1 70.035 Prec@5 98.871             Loss 1.22598
Epoch [63] Training Class Recall: [0.000,0.000,0.803,0.793,0.751,0.300,0.491,0.432,0.819,0.700]
Epoch [63] Testing Results: Prec@1 41.240 Prec@5 83.160             Loss 2.01289
Epoch [63] Testing Class Recall: [0.000,0.000,0.904,0.589,0.367,0.346,0.322,0.455,0.542,0.599]
Epoch [64] Training Results: Prec@1 68.745 Prec@5 99.033             Loss 1.28443
Epoch [64] Training Class Recall: [0.000,0.000,0.803,0.772,0.687,0.364,0.453,0.468,0.747,0.700]
Epoch [64] Testing Results: Prec@1 46.400 Prec@5 81.360             Loss 1.90518
Epoch [64] Testing Class Recall: [0.013,0.000,0.719,0.703,0.618,0.375,0.270,0.452,0.682,0.808]
Epoch [65] Training Results: Prec@1 69.686 Prec@5 98.925             Loss 1.23222
Epoch [65] Training Class Recall: [0.067,0.000,0.810,0.797,0.687,0.377,0.435,0.496,0.747,0.600]
Epoch [65] Testing Results: Prec@1 34.790 Prec@5 74.570             Loss 2.56948
Epoch [65] Testing Class Recall: [0.001,0.000,0.838,0.503,0.610,0.030,0.704,0.033,0.461,0.299]
Epoch [66] Training Results: Prec@1 68.772 Prec@5 98.925             Loss 1.26736
Epoch [66] Training Class Recall: [0.000,0.000,0.807,0.795,0.717,0.284,0.466,0.381,0.627,0.760]
Epoch [66] Testing Results: Prec@1 42.520 Prec@5 81.030             Loss 2.05512
Epoch [66] Testing Class Recall: [0.001,0.000,0.862,0.612,0.559,0.498,0.345,0.349,0.536,0.490]
Epoch [67] Training Results: Prec@1 68.503 Prec@5 98.818             Loss 1.27965
Epoch [67] Training Class Recall: [0.000,0.000,0.796,0.747,0.715,0.411,0.397,0.504,0.675,0.760]
Epoch [67] Testing Results: Prec@1 42.280 Prec@5 78.930             Loss 2.21217
Epoch [67] Testing Class Recall: [0.000,0.000,0.871,0.674,0.348,0.430,0.655,0.237,0.578,0.435]
Epoch [68] Training Results: Prec@1 71.943 Prec@5 99.006             Loss 1.14169
Epoch [68] Training Class Recall: [0.000,0.000,0.835,0.788,0.729,0.424,0.543,0.446,0.711,0.720]
Epoch [68] Testing Results: Prec@1 45.530 Prec@5 82.010             Loss 2.04471
Epoch [68] Testing Class Recall: [0.000,0.000,0.501,0.872,0.722,0.286,0.280,0.499,0.726,0.667]
Epoch [69] Training Results: Prec@1 71.674 Prec@5 99.194             Loss 1.17563
Epoch [69] Training Class Recall: [0.000,0.000,0.822,0.804,0.753,0.375,0.487,0.468,0.711,0.760]
Epoch [69] Testing Results: Prec@1 49.460 Prec@5 80.710             Loss 2.04007
Epoch [69] Testing Class Recall: [0.002,0.000,0.735,0.756,0.656,0.385,0.487,0.542,0.592,0.791]
Epoch [70] Training Results: Prec@1 70.841 Prec@5 99.140             Loss 1.18735
Epoch [70] Training Class Recall: [0.000,0.000,0.806,0.788,0.718,0.450,0.457,0.460,0.735,0.800]
Epoch [70] Testing Results: Prec@1 42.750 Prec@5 79.200             Loss 2.09556
Epoch [70] Testing Class Recall: [0.000,0.000,0.776,0.754,0.627,0.105,0.501,0.501,0.495,0.516]
Epoch [71] Training Results: Prec@1 72.722 Prec@5 99.274             Loss 1.18398
Epoch [71] Training Class Recall: [0.000,0.000,0.812,0.813,0.746,0.463,0.483,0.525,0.783,0.700]
Epoch [71] Testing Results: Prec@1 45.020 Prec@5 80.670             Loss 2.02212
Epoch [71] Testing Class Recall: [0.005,0.000,0.677,0.566,0.834,0.606,0.288,0.371,0.531,0.624]
Epoch [72] Training Results: Prec@1 70.572 Prec@5 99.113             Loss 1.24776
Epoch [72] Training Class Recall: [0.000,0.000,0.788,0.790,0.746,0.457,0.444,0.475,0.687,0.640]
Epoch [72] Testing Results: Prec@1 46.070 Prec@5 81.470             Loss 1.96605
Epoch [72] Testing Class Recall: [0.007,0.000,0.748,0.754,0.602,0.356,0.622,0.360,0.648,0.510]
Epoch [73] Training Results: Prec@1 73.932 Prec@5 99.355             Loss 1.13244
Epoch [73] Training Class Recall: [0.000,0.000,0.818,0.830,0.746,0.463,0.565,0.547,0.771,0.680]
Epoch [73] Testing Results: Prec@1 46.340 Prec@5 82.100             Loss 2.01058
Epoch [73] Testing Class Recall: [0.003,0.000,0.875,0.582,0.638,0.520,0.438,0.496,0.559,0.523]
Epoch [74] Training Results: Prec@1 74.012 Prec@5 99.274             Loss 1.19283
Epoch [74] Training Class Recall: [0.067,0.000,0.847,0.782,0.756,0.496,0.543,0.568,0.771,0.780]
Epoch [74] Testing Results: Prec@1 45.180 Prec@5 84.220             Loss 1.79404
Epoch [74] Testing Class Recall: [0.015,0.000,0.886,0.549,0.600,0.268,0.589,0.410,0.601,0.600]
Epoch [75] Training Results: Prec@1 73.502 Prec@5 99.194             Loss 1.18498
Epoch [75] Training Class Recall: [0.000,0.000,0.834,0.802,0.748,0.452,0.565,0.532,0.747,0.760]
Epoch [75] Testing Results: Prec@1 50.120 Prec@5 83.300             Loss 1.83952
Epoch [75] Testing Class Recall: [0.013,0.000,0.775,0.713,0.723,0.476,0.506,0.261,0.648,0.897]
Epoch [76] Training Results: Prec@1 72.642 Prec@5 99.274             Loss 1.23225
Epoch [76] Training Class Recall: [0.000,0.000,0.821,0.806,0.751,0.442,0.513,0.496,0.699,0.780]
Epoch [76] Testing Results: Prec@1 45.010 Prec@5 84.200             Loss 1.87629
Epoch [76] Testing Class Recall: [0.033,0.000,0.798,0.662,0.750,0.193,0.438,0.505,0.862,0.260]
Epoch [77] Training Results: Prec@1 74.711 Prec@5 99.543             Loss 1.12428
Epoch [77] Training Class Recall: [0.067,0.000,0.844,0.810,0.772,0.465,0.573,0.561,0.783,0.680]
Epoch [77] Testing Results: Prec@1 45.280 Prec@5 80.100             Loss 2.16729
Epoch [77] Testing Class Recall: [0.002,0.000,0.855,0.609,0.607,0.631,0.266,0.517,0.411,0.630]
Epoch [78] Training Results: Prec@1 73.770 Prec@5 99.382             Loss 1.20008
Epoch [78] Training Class Recall: [0.000,0.000,0.838,0.773,0.786,0.509,0.547,0.489,0.771,0.720]
Epoch [78] Testing Results: Prec@1 47.470 Prec@5 83.060             Loss 1.87685
Epoch [78] Testing Class Recall: [0.017,0.000,0.813,0.746,0.697,0.241,0.530,0.572,0.624,0.507]
Epoch [79] Training Results: Prec@1 73.555 Prec@5 99.516             Loss 1.10187
Epoch [79] Training Class Recall: [0.067,0.000,0.813,0.785,0.768,0.491,0.556,0.576,0.819,0.860]
Epoch [79] Testing Results: Prec@1 48.760 Prec@5 81.410             Loss 2.01124
Epoch [79] Testing Class Recall: [0.005,0.000,0.760,0.708,0.569,0.606,0.461,0.535,0.605,0.627]
Epoch [80] Training Results: Prec@1 76.162 Prec@5 99.463             Loss 1.16231
Epoch [80] Training Class Recall: [0.133,0.000,0.839,0.825,0.781,0.496,0.634,0.583,0.795,0.800]
Epoch [80] Testing Results: Prec@1 39.450 Prec@5 81.160             Loss 2.11653
Epoch [80] Testing Class Recall: [0.003,0.000,0.873,0.705,0.506,0.199,0.641,0.240,0.434,0.344]
Epoch [81] Training Results: Prec@1 75.114 Prec@5 99.409             Loss 1.12528
Epoch [81] Training Class Recall: [0.133,0.000,0.826,0.831,0.757,0.483,0.586,0.576,0.747,0.880]
Epoch [81] Testing Results: Prec@1 49.330 Prec@5 84.530             Loss 1.76933
Epoch [81] Testing Class Recall: [0.025,0.000,0.823,0.725,0.660,0.299,0.689,0.430,0.705,0.577]
Epoch [82] Training Results: Prec@1 75.249 Prec@5 99.409             Loss 1.20547
Epoch [82] Training Class Recall: [0.067,0.000,0.854,0.818,0.761,0.509,0.522,0.532,0.795,0.780]
Epoch [82] Testing Results: Prec@1 47.040 Prec@5 80.300             Loss 1.98138
Epoch [82] Testing Class Recall: [0.002,0.000,0.731,0.699,0.607,0.661,0.610,0.532,0.406,0.456]
Epoch [83] Training Results: Prec@1 76.377 Prec@5 99.543             Loss 1.19222
Epoch [83] Training Class Recall: [0.067,0.000,0.839,0.831,0.767,0.527,0.638,0.612,0.735,0.780]
Epoch [83] Testing Results: Prec@1 39.430 Prec@5 78.030             Loss 2.26536
Epoch [83] Testing Class Recall: [0.000,0.000,0.891,0.717,0.619,0.204,0.411,0.349,0.282,0.470]
Epoch [84] Training Results: Prec@1 76.619 Prec@5 99.489             Loss 1.10046
Epoch [84] Training Class Recall: [0.000,0.000,0.849,0.837,0.806,0.522,0.543,0.568,0.699,0.800]
Epoch [84] Testing Results: Prec@1 46.860 Prec@5 78.360             Loss 2.14487
Epoch [84] Testing Class Recall: [0.001,0.000,0.863,0.649,0.739,0.588,0.407,0.470,0.387,0.582]
Epoch [85] Training Results: Prec@1 75.974 Prec@5 99.355             Loss 1.17261
Epoch [85] Training Class Recall: [0.067,0.000,0.863,0.797,0.790,0.527,0.565,0.576,0.771,0.780]
Epoch [85] Testing Results: Prec@1 50.440 Prec@5 82.600             Loss 1.77648
Epoch [85] Testing Class Recall: [0.003,0.000,0.739,0.852,0.585,0.361,0.589,0.574,0.727,0.614]
Epoch [86] Training Results: Prec@1 76.001 Prec@5 99.516             Loss 1.19078
Epoch [86] Training Class Recall: [0.133,0.000,0.848,0.838,0.761,0.491,0.599,0.547,0.819,0.720]
Epoch [86] Testing Results: Prec@1 46.250 Prec@5 81.160             Loss 2.03511
Epoch [86] Testing Class Recall: [0.000,0.000,0.678,0.832,0.669,0.458,0.167,0.676,0.468,0.677]
Epoch [87] Training Results: Prec@1 77.399 Prec@5 99.328             Loss 1.17341
Epoch [87] Training Class Recall: [0.133,0.000,0.849,0.842,0.798,0.550,0.578,0.583,0.771,0.780]
Epoch [87] Testing Results: Prec@1 52.390 Prec@5 83.890             Loss 1.64760
Epoch [87] Testing Class Recall: [0.019,0.000,0.813,0.677,0.668,0.645,0.436,0.647,0.758,0.576]
Epoch [88] Training Results: Prec@1 77.963 Prec@5 99.678             Loss 1.16877
Epoch [88] Training Class Recall: [0.067,0.000,0.876,0.817,0.812,0.543,0.599,0.612,0.819,0.780]
Epoch [88] Testing Results: Prec@1 50.450 Prec@5 82.030             Loss 1.80695
Epoch [88] Testing Class Recall: [0.021,0.000,0.855,0.711,0.745,0.376,0.559,0.604,0.571,0.603]
Epoch [89] Training Results: Prec@1 79.844 Prec@5 99.436             Loss 1.04926
Epoch [89] Training Class Recall: [0.067,0.000,0.883,0.855,0.800,0.566,0.616,0.655,0.928,0.820]
Epoch [89] Testing Results: Prec@1 40.230 Prec@5 82.460             Loss 2.36030
Epoch [89] Testing Class Recall: [0.015,0.000,0.909,0.750,0.466,0.371,0.377,0.137,0.525,0.473]
Epoch [90] Training Results: Prec@1 78.205 Prec@5 99.489             Loss 1.15449
Epoch [90] Training Class Recall: [0.200,0.000,0.867,0.836,0.820,0.548,0.586,0.561,0.771,0.860]
Epoch [90] Testing Results: Prec@1 50.390 Prec@5 83.280             Loss 1.95733
Epoch [90] Testing Class Recall: [0.002,0.000,0.893,0.617,0.583,0.433,0.652,0.581,0.702,0.576]
Epoch [91] Training Results: Prec@1 79.764 Prec@5 99.570             Loss 1.13112
Epoch [91] Training Class Recall: [0.000,0.000,0.865,0.855,0.817,0.576,0.629,0.676,0.880,0.820]
Epoch [91] Testing Results: Prec@1 51.790 Prec@5 83.650             Loss 1.64432
Epoch [91] Testing Class Recall: [0.050,0.000,0.806,0.769,0.684,0.510,0.528,0.429,0.632,0.771]
Epoch [92] Training Results: Prec@1 78.312 Prec@5 99.597             Loss 1.12024
Epoch [92] Training Class Recall: [0.133,0.000,0.846,0.835,0.825,0.568,0.642,0.626,0.723,0.860]
Epoch [92] Testing Results: Prec@1 45.730 Prec@5 81.210             Loss 1.95899
Epoch [92] Testing Class Recall: [0.014,0.000,0.697,0.866,0.721,0.293,0.464,0.437,0.653,0.428]
Epoch [93] Training Results: Prec@1 77.802 Prec@5 99.651             Loss 1.14737
Epoch [93] Training Class Recall: [0.267,0.000,0.855,0.830,0.798,0.592,0.578,0.590,0.843,0.720]
Epoch [93] Testing Results: Prec@1 49.550 Prec@5 83.820             Loss 1.80466
Epoch [93] Testing Class Recall: [0.006,0.000,0.870,0.740,0.664,0.284,0.601,0.506,0.613,0.671]
Epoch [94] Training Results: Prec@1 80.140 Prec@5 99.570             Loss 1.09930
Epoch [94] Training Class Recall: [0.000,0.000,0.869,0.866,0.814,0.576,0.668,0.633,0.916,0.720]
Epoch [94] Testing Results: Prec@1 52.800 Prec@5 84.210             Loss 1.61464
Epoch [94] Testing Class Recall: [0.035,0.000,0.843,0.677,0.606,0.477,0.699,0.688,0.603,0.652]
Epoch [95] Training Results: Prec@1 77.855 Prec@5 99.678             Loss 1.18788
Epoch [95] Training Class Recall: [0.133,0.000,0.853,0.840,0.787,0.579,0.634,0.561,0.771,0.800]
Epoch [95] Testing Results: Prec@1 48.460 Prec@5 82.400             Loss 1.87652
Epoch [95] Testing Class Recall: [0.015,0.000,0.866,0.642,0.701,0.590,0.541,0.396,0.658,0.437]
Epoch [96] Training Results: Prec@1 78.662 Prec@5 99.570             Loss 1.12124
Epoch [96] Training Class Recall: [0.200,0.000,0.870,0.833,0.831,0.537,0.638,0.576,0.795,0.820]
Epoch [96] Testing Results: Prec@1 41.180 Prec@5 82.600             Loss 2.13397
Epoch [96] Testing Class Recall: [0.008,0.000,0.956,0.450,0.496,0.485,0.541,0.157,0.700,0.325]
Epoch [97] Training Results: Prec@1 79.280 Prec@5 99.624             Loss 1.13764
Epoch [97] Training Class Recall: [0.000,0.000,0.867,0.847,0.811,0.589,0.677,0.547,0.831,0.800]
Epoch [97] Testing Results: Prec@1 50.920 Prec@5 83.680             Loss 1.69185
Epoch [97] Testing Class Recall: [0.021,0.000,0.881,0.410,0.768,0.662,0.368,0.628,0.709,0.645]
Epoch [98] Training Results: Prec@1 81.161 Prec@5 99.624             Loss 1.12397
Epoch [98] Training Class Recall: [0.133,0.000,0.902,0.838,0.823,0.620,0.672,0.662,0.880,0.820]
Epoch [98] Testing Results: Prec@1 50.610 Prec@5 82.420             Loss 1.85180
Epoch [98] Testing Class Recall: [0.037,0.000,0.710,0.780,0.608,0.566,0.810,0.457,0.501,0.592]
Epoch [99] Training Results: Prec@1 81.000 Prec@5 99.704             Loss 1.08616
Epoch [99] Training Class Recall: [0.133,0.000,0.857,0.868,0.836,0.605,0.703,0.691,0.807,0.900]
Epoch [99] Testing Results: Prec@1 43.540 Prec@5 80.260             Loss 2.12357
Epoch [99] Testing Class Recall: [0.007,0.000,0.839,0.723,0.570,0.670,0.420,0.279,0.371,0.475]
Epoch [100] Training Results: Prec@1 81.134 Prec@5 99.624             Loss 1.24989
Epoch [100] Training Class Recall: [0.133,0.000,0.901,0.859,0.853,0.576,0.612,0.619,0.843,0.780]
Epoch [100] Testing Results: Prec@1 46.720 Prec@5 82.390             Loss 1.91400
Epoch [100] Testing Class Recall: [0.022,0.000,0.823,0.812,0.645,0.325,0.518,0.423,0.674,0.430]
Epoch [101] Training Results: Prec@1 80.597 Prec@5 99.624             Loss 1.12027
Epoch [101] Training Class Recall: [0.333,0.000,0.904,0.855,0.840,0.496,0.651,0.691,0.819,0.780]
Epoch [101] Testing Results: Prec@1 52.030 Prec@5 85.500             Loss 1.63556
Epoch [101] Testing Class Recall: [0.080,0.000,0.758,0.768,0.808,0.428,0.427,0.506,0.668,0.760]
Epoch [102] Training Results: Prec@1 81.134 Prec@5 99.731             Loss 1.15885
Epoch [102] Training Class Recall: [0.067,0.000,0.878,0.854,0.854,0.587,0.677,0.691,0.783,0.900]
Epoch [102] Testing Results: Prec@1 52.920 Prec@5 86.030             Loss 1.57926
Epoch [102] Testing Class Recall: [0.089,0.000,0.831,0.741,0.706,0.364,0.604,0.475,0.755,0.727]
Epoch [103] Training Results: Prec@1 81.779 Prec@5 99.516             Loss 1.02503
Epoch [103] Training Class Recall: [0.200,0.000,0.882,0.859,0.840,0.610,0.668,0.741,0.867,0.920]
Epoch [103] Testing Results: Prec@1 47.960 Prec@5 79.530             Loss 2.10385
Epoch [103] Testing Class Recall: [0.000,0.000,0.734,0.693,0.445,0.699,0.762,0.531,0.489,0.443]
Epoch [104] Training Results: Prec@1 80.812 Prec@5 99.597             Loss 1.12009
Epoch [104] Training Class Recall: [0.067,0.000,0.884,0.841,0.825,0.636,0.664,0.662,0.831,0.880]
Epoch [104] Testing Results: Prec@1 52.210 Prec@5 83.900             Loss 1.73238
Epoch [104] Testing Class Recall: [0.029,0.000,0.868,0.745,0.676,0.505,0.620,0.496,0.531,0.751]
Epoch [105] Training Results: Prec@1 83.123 Prec@5 99.624             Loss 1.04763
Epoch [105] Training Class Recall: [0.067,0.000,0.893,0.875,0.858,0.618,0.741,0.676,0.892,0.900]
Epoch [105] Testing Results: Prec@1 48.730 Prec@5 82.570             Loss 1.92580
Epoch [105] Testing Class Recall: [0.000,0.000,0.898,0.572,0.715,0.552,0.638,0.433,0.403,0.662]
Epoch [106] Training Results: Prec@1 82.693 Prec@5 99.678             Loss 1.12153
Epoch [106] Training Class Recall: [0.133,0.000,0.893,0.862,0.842,0.659,0.685,0.719,0.867,0.900]
Epoch [106] Testing Results: Prec@1 53.530 Prec@5 83.980             Loss 1.68661
Epoch [106] Testing Class Recall: [0.036,0.000,0.733,0.855,0.728,0.355,0.739,0.552,0.523,0.832]
Epoch [107] Training Results: Prec@1 81.833 Prec@5 99.731             Loss 1.13718
Epoch [107] Training Class Recall: [0.133,0.000,0.882,0.873,0.853,0.589,0.698,0.612,0.843,0.940]
Epoch [107] Testing Results: Prec@1 49.440 Prec@5 83.610             Loss 1.85221
Epoch [107] Testing Class Recall: [0.005,0.000,0.882,0.515,0.841,0.498,0.631,0.385,0.638,0.549]
Epoch [108] Training Results: Prec@1 83.848 Prec@5 99.570             Loss 1.05037
Epoch [108] Training Class Recall: [0.067,0.000,0.909,0.860,0.839,0.690,0.707,0.770,0.928,0.920]
Epoch [108] Testing Results: Prec@1 44.890 Prec@5 81.530             Loss 1.97799
Epoch [108] Testing Class Recall: [0.022,0.000,0.907,0.524,0.665,0.437,0.756,0.262,0.515,0.401]
Epoch [109] Training Results: Prec@1 81.618 Prec@5 99.704             Loss 1.10079
Epoch [109] Training Class Recall: [0.133,0.000,0.901,0.840,0.844,0.587,0.690,0.712,0.892,0.900]
Epoch [109] Testing Results: Prec@1 46.700 Prec@5 83.490             Loss 1.96003
Epoch [109] Testing Class Recall: [0.066,0.000,0.567,0.911,0.520,0.238,0.555,0.362,0.618,0.833]
Epoch [110] Training Results: Prec@1 80.758 Prec@5 99.758             Loss 1.12327
Epoch [110] Training Class Recall: [0.333,0.000,0.876,0.837,0.836,0.607,0.707,0.669,0.855,0.840]
Epoch [110] Testing Results: Prec@1 51.180 Prec@5 85.080             Loss 1.76372
Epoch [110] Testing Class Recall: [0.025,0.000,0.741,0.842,0.774,0.186,0.533,0.518,0.799,0.700]
Epoch [111] Training Results: Prec@1 81.053 Prec@5 99.704             Loss 1.04583
Epoch [111] Training Class Recall: [0.067,0.000,0.876,0.847,0.804,0.612,0.750,0.712,0.880,0.920]
Epoch [111] Testing Results: Prec@1 49.570 Prec@5 80.750             Loss 1.97915
Epoch [111] Testing Class Recall: [0.000,0.000,0.855,0.782,0.561,0.479,0.535,0.637,0.484,0.624]
Epoch [112] Training Results: Prec@1 81.725 Prec@5 99.624             Loss 1.05938
Epoch [112] Training Class Recall: [0.333,0.000,0.896,0.865,0.814,0.628,0.694,0.647,0.807,0.840]
Epoch [112] Testing Results: Prec@1 51.160 Prec@5 82.340             Loss 1.80605
Epoch [112] Testing Class Recall: [0.022,0.000,0.699,0.759,0.725,0.706,0.568,0.451,0.480,0.706]
Epoch [113] Training Results: Prec@1 80.597 Prec@5 99.678             Loss 1.08776
Epoch [113] Training Class Recall: [0.200,0.000,0.836,0.885,0.854,0.587,0.655,0.683,0.807,0.800]
Epoch [113] Testing Results: Prec@1 47.150 Prec@5 79.560             Loss 2.02468
Epoch [113] Testing Class Recall: [0.007,0.000,0.770,0.831,0.415,0.481,0.569,0.577,0.561,0.504]
Epoch [114] Training Results: Prec@1 82.478 Prec@5 99.704             Loss 1.09080
Epoch [114] Training Class Recall: [0.200,0.000,0.895,0.860,0.856,0.633,0.694,0.669,0.880,0.820]
Epoch [114] Testing Results: Prec@1 48.020 Prec@5 84.180             Loss 1.90113
Epoch [114] Testing Class Recall: [0.104,0.000,0.945,0.619,0.619,0.264,0.542,0.527,0.432,0.750]
Epoch [115] Training Results: Prec@1 82.881 Prec@5 99.785             Loss 1.05674
Epoch [115] Training Class Recall: [0.267,0.000,0.895,0.886,0.840,0.576,0.707,0.741,0.867,0.920]
Epoch [115] Testing Results: Prec@1 54.450 Prec@5 83.760             Loss 1.66578
Epoch [115] Testing Class Recall: [0.049,0.000,0.785,0.658,0.618,0.733,0.509,0.682,0.591,0.820]
Epoch [116] Training Results: Prec@1 82.182 Prec@5 99.758             Loss 1.07074
Epoch [116] Training Class Recall: [0.467,0.000,0.878,0.869,0.848,0.623,0.642,0.770,0.831,0.900]
Epoch [116] Testing Results: Prec@1 49.470 Prec@5 82.010             Loss 1.95650
Epoch [116] Testing Class Recall: [0.009,0.000,0.821,0.702,0.671,0.679,0.546,0.342,0.736,0.441]
Epoch [117] Training Results: Prec@1 83.875 Prec@5 99.704             Loss 1.06531
Epoch [117] Training Class Recall: [0.267,0.000,0.906,0.867,0.869,0.636,0.733,0.719,0.916,0.880]
Epoch [117] Testing Results: Prec@1 45.020 Prec@5 82.840             Loss 1.97539
Epoch [117] Testing Class Recall: [0.017,0.000,0.872,0.842,0.339,0.190,0.544,0.530,0.614,0.554]
Epoch [118] Training Results: Prec@1 83.392 Prec@5 99.678             Loss 1.01513
Epoch [118] Training Class Recall: [0.400,0.000,0.904,0.879,0.828,0.630,0.724,0.734,0.880,0.900]
Epoch [118] Testing Results: Prec@1 49.570 Prec@5 84.360             Loss 1.79267
Epoch [118] Testing Class Recall: [0.233,0.000,0.811,0.859,0.606,0.193,0.611,0.501,0.473,0.670]
Epoch [119] Training Results: Prec@1 80.005 Prec@5 99.678             Loss 1.17244
Epoch [119] Training Class Recall: [0.133,0.000,0.883,0.846,0.839,0.556,0.595,0.712,0.771,0.900]
Epoch [119] Testing Results: Prec@1 48.270 Prec@5 82.970             Loss 2.02286
Epoch [119] Testing Class Recall: [0.019,0.000,0.746,0.876,0.691,0.406,0.435,0.492,0.399,0.763]
Epoch [120] Training Results: Prec@1 84.789 Prec@5 99.758             Loss 0.96209
Epoch [120] Training Class Recall: [0.200,0.000,0.913,0.886,0.872,0.659,0.746,0.698,0.843,0.920]
Epoch [120] Testing Results: Prec@1 53.210 Prec@5 83.900             Loss 1.74225
Epoch [120] Testing Class Recall: [0.085,0.000,0.871,0.728,0.755,0.632,0.588,0.340,0.752,0.570]
Epoch [121] Training Results: Prec@1 83.553 Prec@5 99.758             Loss 1.06940
Epoch [121] Training Class Recall: [0.200,0.000,0.902,0.848,0.859,0.690,0.711,0.727,0.940,0.900]
Epoch [121] Testing Results: Prec@1 51.760 Prec@5 86.010             Loss 1.65147
Epoch [121] Testing Class Recall: [0.132,0.000,0.832,0.852,0.658,0.314,0.574,0.573,0.610,0.631]
Epoch [122] Training Results: Prec@1 85.945 Prec@5 99.839             Loss 1.07094
Epoch [122] Training Class Recall: [0.267,0.000,0.917,0.889,0.883,0.659,0.776,0.835,0.880,0.880]
Epoch [122] Testing Results: Prec@1 49.300 Prec@5 82.930             Loss 1.83838
Epoch [122] Testing Class Recall: [0.057,0.000,0.843,0.771,0.761,0.456,0.458,0.453,0.660,0.471]
Epoch [123] Training Results: Prec@1 84.762 Prec@5 99.785             Loss 1.04363
Epoch [123] Training Class Recall: [0.133,0.000,0.915,0.891,0.889,0.597,0.750,0.763,0.867,0.800]
Epoch [123] Testing Results: Prec@1 48.790 Prec@5 82.150             Loss 1.92168
Epoch [123] Testing Class Recall: [0.048,0.000,0.884,0.766,0.651,0.435,0.616,0.504,0.533,0.442]
Epoch [124] Training Results: Prec@1 85.783 Prec@5 99.812             Loss 1.02452
Epoch [124] Training Class Recall: [0.267,0.000,0.920,0.892,0.861,0.680,0.772,0.784,0.892,0.900]
Epoch [124] Testing Results: Prec@1 55.850 Prec@5 82.500             Loss 1.68653
Epoch [124] Testing Class Recall: [0.043,0.000,0.748,0.631,0.664,0.587,0.847,0.786,0.601,0.678]
Epoch [125] Training Results: Prec@1 84.762 Prec@5 99.785             Loss 0.96163
Epoch [125] Training Class Recall: [0.200,0.000,0.916,0.881,0.869,0.656,0.733,0.719,0.916,0.880]
Epoch [125] Testing Results: Prec@1 47.890 Prec@5 82.700             Loss 1.93751
Epoch [125] Testing Class Recall: [0.148,0.000,0.842,0.704,0.774,0.575,0.698,0.432,0.201,0.415]
Epoch [126] Training Results: Prec@1 86.106 Prec@5 99.704             Loss 0.96260
Epoch [126] Training Class Recall: [0.533,0.000,0.914,0.892,0.890,0.713,0.716,0.741,0.904,0.920]
Epoch [126] Testing Results: Prec@1 55.510 Prec@5 83.500             Loss 1.63912
Epoch [126] Testing Class Recall: [0.064,0.000,0.848,0.488,0.799,0.549,0.711,0.685,0.618,0.789]
Epoch [127] Training Results: Prec@1 86.912 Prec@5 99.866             Loss 0.88832
Epoch [127] Training Class Recall: [0.333,0.000,0.926,0.891,0.894,0.693,0.754,0.835,0.916,0.980]
Epoch [127] Testing Results: Prec@1 52.920 Prec@5 84.610             Loss 1.71008
Epoch [127] Testing Class Recall: [0.131,0.000,0.915,0.480,0.655,0.404,0.785,0.667,0.669,0.586]
Epoch [128] Training Results: Prec@1 82.666 Prec@5 99.785             Loss 1.06167
Epoch [128] Training Class Recall: [0.400,0.000,0.895,0.861,0.851,0.674,0.647,0.669,0.880,0.840]
Epoch [128] Testing Results: Prec@1 48.860 Prec@5 84.020             Loss 1.76549
Epoch [128] Testing Class Recall: [0.085,0.000,0.927,0.693,0.509,0.424,0.598,0.580,0.369,0.701]
Epoch [129] Training Results: Prec@1 84.950 Prec@5 99.839             Loss 1.10368
Epoch [129] Training Class Recall: [0.467,0.000,0.909,0.878,0.873,0.677,0.746,0.741,0.880,0.880]
Epoch [129] Testing Results: Prec@1 44.010 Prec@5 82.010             Loss 2.13575
Epoch [129] Testing Class Recall: [0.030,0.000,0.771,0.878,0.722,0.297,0.418,0.423,0.399,0.463]
Epoch [130] Training Results: Prec@1 84.198 Prec@5 99.704             Loss 0.91441
Epoch [130] Training Class Recall: [0.067,0.000,0.903,0.882,0.845,0.656,0.750,0.770,0.867,0.920]
Epoch [130] Testing Results: Prec@1 56.040 Prec@5 83.290             Loss 1.61994
Epoch [130] Testing Class Recall: [0.044,0.000,0.623,0.743,0.811,0.686,0.649,0.652,0.841,0.555]
Epoch [131] Training Results: Prec@1 85.353 Prec@5 99.785             Loss 1.13032
Epoch [131] Training Class Recall: [0.133,0.000,0.902,0.854,0.903,0.736,0.784,0.705,0.952,0.920]
Epoch [131] Testing Results: Prec@1 50.860 Prec@5 80.840             Loss 1.93451
Epoch [131] Testing Class Recall: [0.012,0.000,0.798,0.847,0.647,0.449,0.689,0.461,0.467,0.716]
Epoch [132] Training Results: Prec@1 87.100 Prec@5 99.785             Loss 1.06841
Epoch [132] Training Class Recall: [0.267,0.000,0.919,0.882,0.895,0.736,0.819,0.799,0.904,0.960]
Epoch [132] Testing Results: Prec@1 50.190 Prec@5 83.410             Loss 1.84395
Epoch [132] Testing Class Recall: [0.047,0.000,0.826,0.832,0.730,0.481,0.369,0.479,0.578,0.677]
Epoch [133] Training Results: Prec@1 84.601 Prec@5 99.758             Loss 1.06411
Epoch [133] Training Class Recall: [0.333,0.000,0.894,0.877,0.892,0.695,0.668,0.748,0.940,0.880]
Epoch [133] Testing Results: Prec@1 49.620 Prec@5 84.410             Loss 1.80835
Epoch [133] Testing Class Recall: [0.084,0.000,0.852,0.618,0.887,0.415,0.538,0.326,0.688,0.554]
Epoch [134] Training Results: Prec@1 86.106 Prec@5 99.866             Loss 0.99685
Epoch [134] Training Class Recall: [0.267,0.000,0.897,0.895,0.901,0.711,0.741,0.763,0.952,0.920]
Epoch [134] Testing Results: Prec@1 49.840 Prec@5 77.350             Loss 2.22073
Epoch [134] Testing Class Recall: [0.000,0.000,0.740,0.736,0.780,0.673,0.617,0.493,0.546,0.399]
Epoch [135] Training Results: Prec@1 86.885 Prec@5 99.866             Loss 0.99254
Epoch [135] Training Class Recall: [0.267,0.000,0.914,0.895,0.873,0.731,0.802,0.799,0.952,0.960]
Epoch [135] Testing Results: Prec@1 49.000 Prec@5 80.110             Loss 1.94500
Epoch [135] Testing Class Recall: [0.028,0.000,0.585,0.757,0.742,0.779,0.563,0.462,0.574,0.410]
Epoch [136] Training Results: Prec@1 87.450 Prec@5 99.758             Loss 1.11413
Epoch [136] Training Class Recall: [0.467,0.000,0.912,0.903,0.914,0.711,0.784,0.791,0.928,0.960]
Epoch [136] Testing Results: Prec@1 50.860 Prec@5 83.010             Loss 1.79412
Epoch [136] Testing Class Recall: [0.075,0.000,0.895,0.780,0.689,0.370,0.592,0.497,0.647,0.541]
Epoch [137] Training Results: Prec@1 88.095 Prec@5 99.866             Loss 1.10531
Epoch [137] Training Class Recall: [0.533,0.000,0.925,0.910,0.897,0.716,0.806,0.849,0.880,0.980]
Epoch [137] Testing Results: Prec@1 55.170 Prec@5 82.400             Loss 1.64861
Epoch [137] Testing Class Recall: [0.070,0.000,0.797,0.781,0.695,0.593,0.787,0.501,0.496,0.797]
Epoch [138] Training Results: Prec@1 87.315 Prec@5 99.812             Loss 1.03843
Epoch [138] Training Class Recall: [0.267,0.000,0.943,0.880,0.869,0.742,0.802,0.813,0.904,0.980]
Epoch [138] Testing Results: Prec@1 51.950 Prec@5 81.880             Loss 1.84201
Epoch [138] Testing Class Recall: [0.042,0.000,0.776,0.748,0.845,0.663,0.447,0.486,0.760,0.428]
Epoch [139] Training Results: Prec@1 87.450 Prec@5 99.839             Loss 0.96083
Epoch [139] Training Class Recall: [0.467,0.000,0.916,0.896,0.884,0.762,0.772,0.849,0.928,0.900]
Epoch [139] Testing Results: Prec@1 43.770 Prec@5 82.790             Loss 2.36598
Epoch [139] Testing Class Recall: [0.059,0.000,0.862,0.769,0.836,0.116,0.273,0.130,0.791,0.541]
Epoch [140] Training Results: Prec@1 83.687 Prec@5 99.866             Loss 1.05455
Epoch [140] Training Class Recall: [0.333,0.000,0.895,0.875,0.858,0.654,0.733,0.698,0.904,0.860]
Epoch [140] Testing Results: Prec@1 51.450 Prec@5 78.500             Loss 2.02081
Epoch [140] Testing Class Recall: [0.001,0.000,0.787,0.618,0.746,0.686,0.766,0.493,0.590,0.458]
Epoch [141] Training Results: Prec@1 85.595 Prec@5 99.785             Loss 0.95649
Epoch [141] Training Class Recall: [0.200,0.000,0.914,0.876,0.875,0.680,0.797,0.777,0.916,0.940]
Epoch [141] Testing Results: Prec@1 48.620 Prec@5 84.210             Loss 1.85632
Epoch [141] Testing Class Recall: [0.083,0.000,0.936,0.734,0.678,0.379,0.541,0.176,0.646,0.689]
Epoch [142] Training Results: Prec@1 86.912 Prec@5 99.839             Loss 1.01651
Epoch [142] Training Class Recall: [0.600,0.000,0.919,0.893,0.892,0.742,0.754,0.770,0.928,0.820]
Epoch [142] Testing Results: Prec@1 56.220 Prec@5 83.400             Loss 1.62972
Epoch [142] Testing Class Recall: [0.028,0.000,0.870,0.650,0.658,0.630,0.747,0.563,0.770,0.706]
Epoch [143] Training Results: Prec@1 88.444 Prec@5 99.812             Loss 1.06204
Epoch [143] Training Class Recall: [0.467,0.000,0.935,0.902,0.869,0.791,0.819,0.820,0.916,0.960]
Epoch [143] Testing Results: Prec@1 45.540 Prec@5 80.160             Loss 2.18737
Epoch [143] Testing Class Recall: [0.055,0.000,0.749,0.864,0.755,0.175,0.731,0.516,0.514,0.195]
Epoch [144] Training Results: Prec@1 87.557 Prec@5 99.839             Loss 1.10848
Epoch [144] Training Class Recall: [0.400,0.000,0.916,0.913,0.883,0.726,0.815,0.806,0.928,0.840]
Epoch [144] Testing Results: Prec@1 52.350 Prec@5 80.970             Loss 1.88174
Epoch [144] Testing Class Recall: [0.012,0.000,0.835,0.648,0.743,0.684,0.622,0.487,0.546,0.658]
Epoch [145] Training Results: Prec@1 85.595 Prec@5 99.731             Loss 1.12683
Epoch [145] Training Class Recall: [0.400,0.000,0.904,0.884,0.867,0.703,0.759,0.842,0.867,0.920]
Epoch [145] Testing Results: Prec@1 54.810 Prec@5 83.300             Loss 1.72133
Epoch [145] Testing Class Recall: [0.066,0.000,0.869,0.686,0.791,0.609,0.623,0.641,0.601,0.595]
Epoch [146] Training Results: Prec@1 88.686 Prec@5 99.866             Loss 0.93235
Epoch [146] Training Class Recall: [0.133,0.000,0.925,0.897,0.906,0.775,0.862,0.835,0.928,0.920]
Epoch [146] Testing Results: Prec@1 55.930 Prec@5 83.710             Loss 1.58029
Epoch [146] Testing Class Recall: [0.069,0.000,0.818,0.691,0.733,0.633,0.753,0.475,0.706,0.715]
Epoch [147] Training Results: Prec@1 87.745 Prec@5 99.785             Loss 1.10813
Epoch [147] Training Class Recall: [0.533,0.000,0.927,0.888,0.889,0.757,0.780,0.856,0.940,0.920]
Epoch [147] Testing Results: Prec@1 50.750 Prec@5 83.420             Loss 1.81230
Epoch [147] Testing Class Recall: [0.022,0.000,0.888,0.742,0.778,0.402,0.650,0.508,0.552,0.533]
Epoch [148] Training Results: Prec@1 89.170 Prec@5 99.839             Loss 0.90894
Epoch [148] Training Class Recall: [0.133,0.000,0.939,0.910,0.920,0.765,0.836,0.827,0.892,0.820]
Epoch [148] Testing Results: Prec@1 51.760 Prec@5 84.690             Loss 1.73094
Epoch [148] Testing Class Recall: [0.117,0.000,0.859,0.829,0.550,0.453,0.685,0.495,0.647,0.541]
Epoch [149] Training Results: Prec@1 88.793 Prec@5 99.893             Loss 1.03373
Epoch [149] Training Class Recall: [0.533,0.000,0.945,0.908,0.865,0.778,0.832,0.820,0.904,0.940]
Epoch [149] Testing Results: Prec@1 57.540 Prec@5 84.470             Loss 1.54519
Epoch [149] Testing Class Recall: [0.052,0.000,0.836,0.684,0.834,0.686,0.614,0.588,0.762,0.698]
Epoch [150] Training Results: Prec@1 78.070 Prec@5 99.463             Loss 0.41609
Epoch [150] Training Class Recall: [0.200,0.000,0.655,0.801,0.858,0.793,0.940,0.906,0.928,0.920]
Epoch [150] Testing Results: Prec@1 51.630 Prec@5 78.840             Loss 1.12152
Epoch [150] Testing Class Recall: [0.000,0.000,0.587,0.699,0.652,0.586,0.881,0.400,0.668,0.690]
Epoch [151] Training Results: Prec@1 78.608 Prec@5 99.758             Loss 0.44010
Epoch [151] Training Class Recall: [0.000,0.000,0.707,0.757,0.856,0.837,0.888,0.906,1.000,0.980]
Epoch [151] Testing Results: Prec@1 56.590 Prec@5 80.410             Loss 0.69769
Epoch [151] Testing Class Recall: [0.000,0.000,0.654,0.564,0.581,0.688,0.641,0.886,0.872,0.773]
Epoch [152] Training Results: Prec@1 81.994 Prec@5 99.409             Loss 0.42422
Epoch [152] Training Class Recall: [0.000,0.000,0.755,0.792,0.878,0.858,0.935,0.964,0.940,0.980]
Epoch [152] Testing Results: Prec@1 56.270 Prec@5 80.530             Loss 0.67020
Epoch [152] Testing Class Recall: [0.001,0.000,0.572,0.501,0.674,0.699,0.823,0.643,0.857,0.857]
Epoch [153] Training Results: Prec@1 80.570 Prec@5 99.409             Loss 0.48194
Epoch [153] Training Class Recall: [0.000,0.000,0.729,0.764,0.879,0.850,0.970,0.942,0.964,1.000]
Epoch [153] Testing Results: Prec@1 56.530 Prec@5 80.480             Loss 0.79112
Epoch [153] Testing Class Recall: [0.000,0.000,0.719,0.620,0.674,0.605,0.753,0.640,0.950,0.692]
Epoch [154] Training Results: Prec@1 84.010 Prec@5 99.409             Loss 0.39379
Epoch [154] Training Class Recall: [0.000,0.000,0.752,0.828,0.908,0.881,0.966,0.971,0.976,1.000]
Epoch [154] Testing Results: Prec@1 58.210 Prec@5 79.900             Loss 0.79772
Epoch [154] Testing Class Recall: [0.000,0.000,0.631,0.673,0.740,0.781,0.759,0.569,0.912,0.756]
Epoch [155] Training Results: Prec@1 84.171 Prec@5 99.516             Loss 0.43112
Epoch [155] Training Class Recall: [0.000,0.000,0.783,0.812,0.901,0.858,0.978,0.964,0.976,1.000]
Epoch [155] Testing Results: Prec@1 58.020 Prec@5 80.240             Loss 0.96829
Epoch [155] Testing Class Recall: [0.000,0.000,0.704,0.586,0.830,0.675,0.852,0.724,0.897,0.534]
Epoch [156] Training Results: Prec@1 84.063 Prec@5 99.543             Loss 0.44726
Epoch [156] Training Class Recall: [0.000,0.000,0.767,0.802,0.925,0.891,0.978,0.971,0.952,0.940]
Epoch [156] Testing Results: Prec@1 58.680 Prec@5 80.910             Loss 0.65947
Epoch [156] Testing Class Recall: [0.001,0.000,0.647,0.690,0.673,0.719,0.747,0.701,0.751,0.939]
Epoch [157] Training Results: Prec@1 83.983 Prec@5 99.516             Loss 0.43257
Epoch [157] Training Class Recall: [0.000,0.000,0.773,0.803,0.906,0.902,0.957,0.964,0.964,1.000]
Epoch [157] Testing Results: Prec@1 56.010 Prec@5 80.650             Loss 0.80038
Epoch [157] Testing Class Recall: [0.001,0.000,0.596,0.742,0.688,0.583,0.775,0.729,0.530,0.957]
Epoch [158] Training Results: Prec@1 87.100 Prec@5 99.516             Loss 0.34964
Epoch [158] Training Class Recall: [0.000,0.000,0.815,0.850,0.930,0.899,0.978,0.971,0.964,1.000]
Epoch [158] Testing Results: Prec@1 55.800 Prec@5 80.020             Loss 0.71822
Epoch [158] Testing Class Recall: [0.000,0.000,0.603,0.572,0.658,0.551,0.757,0.661,0.969,0.809]
Epoch [159] Training Results: Prec@1 83.284 Prec@5 99.409             Loss 0.45895
Epoch [159] Training Class Recall: [0.000,0.000,0.734,0.824,0.895,0.891,0.970,0.964,1.000,1.000]
Epoch [159] Testing Results: Prec@1 59.350 Prec@5 79.880             Loss 0.60162
Epoch [159] Testing Class Recall: [0.000,0.000,0.642,0.626,0.570,0.748,0.794,0.811,0.873,0.871]
Epoch [160] Training Results: Prec@1 85.273 Prec@5 99.436             Loss 0.35137
Epoch [160] Training Class Recall: [0.000,0.000,0.780,0.840,0.876,0.920,0.978,1.000,1.000,1.000]
Epoch [160] Testing Results: Prec@1 59.930 Prec@5 79.950             Loss 0.59185
Epoch [160] Testing Class Recall: [0.000,0.000,0.627,0.610,0.652,0.710,0.844,0.779,0.904,0.867]
Epoch [161] Training Results: Prec@1 85.327 Prec@5 99.409             Loss 0.41465
Epoch [161] Training Class Recall: [0.000,0.000,0.781,0.836,0.889,0.922,0.974,0.978,1.000,1.000]
Epoch [161] Testing Results: Prec@1 60.410 Prec@5 79.990             Loss 0.59170
Epoch [161] Testing Class Recall: [0.000,0.000,0.616,0.627,0.698,0.716,0.836,0.781,0.899,0.868]
Epoch [162] Training Results: Prec@1 86.375 Prec@5 99.597             Loss 0.39199
Epoch [162] Training Class Recall: [0.000,0.000,0.793,0.853,0.901,0.910,0.983,1.000,1.000,1.000]
Epoch [162] Testing Results: Prec@1 60.930 Prec@5 80.030             Loss 0.60168
Epoch [162] Testing Class Recall: [0.000,0.000,0.680,0.643,0.710,0.701,0.833,0.774,0.898,0.854]
Epoch [163] Training Results: Prec@1 86.133 Prec@5 99.463             Loss 0.36932
Epoch [163] Training Class Recall: [0.000,0.000,0.801,0.855,0.881,0.899,0.970,0.993,1.000,1.000]
Epoch [163] Testing Results: Prec@1 60.330 Prec@5 79.860             Loss 0.66582
Epoch [163] Testing Class Recall: [0.000,0.000,0.637,0.671,0.752,0.682,0.829,0.756,0.911,0.795]
Epoch [164] Training Results: Prec@1 86.321 Prec@5 99.543             Loss 0.39215
Epoch [164] Training Class Recall: [0.000,0.000,0.786,0.859,0.901,0.925,0.970,0.964,1.000,1.000]
Epoch [164] Testing Results: Prec@1 60.490 Prec@5 80.150             Loss 0.57072
Epoch [164] Testing Class Recall: [0.000,0.000,0.653,0.651,0.694,0.632,0.855,0.779,0.911,0.874]
Epoch [165] Training Results: Prec@1 87.020 Prec@5 99.516             Loss 0.39409
Epoch [165] Training Class Recall: [0.000,0.000,0.798,0.850,0.931,0.915,0.987,0.993,1.000,1.000]
Epoch [165] Testing Results: Prec@1 60.470 Prec@5 79.960             Loss 0.58485
Epoch [165] Testing Class Recall: [0.000,0.000,0.686,0.664,0.706,0.604,0.856,0.758,0.889,0.884]
Epoch [166] Training Results: Prec@1 86.805 Prec@5 99.516             Loss 0.43675
Epoch [166] Training Class Recall: [0.000,0.000,0.804,0.858,0.900,0.912,0.983,0.986,1.000,1.000]
Epoch [166] Testing Results: Prec@1 60.950 Prec@5 79.730             Loss 0.59498
Epoch [166] Testing Class Recall: [0.000,0.000,0.649,0.601,0.711,0.752,0.835,0.801,0.896,0.850]
Epoch [167] Training Results: Prec@1 87.073 Prec@5 99.382             Loss 0.38450
Epoch [167] Training Class Recall: [0.000,0.000,0.792,0.857,0.925,0.928,0.991,0.986,1.000,1.000]
Epoch [167] Testing Results: Prec@1 60.840 Prec@5 79.900             Loss 0.57926
Epoch [167] Testing Class Recall: [0.000,0.000,0.675,0.665,0.788,0.585,0.822,0.769,0.896,0.884]
Epoch [168] Training Results: Prec@1 87.906 Prec@5 99.463             Loss 0.38855
Epoch [168] Training Class Recall: [0.000,0.000,0.798,0.874,0.942,0.917,0.987,0.986,1.000,1.000]
Epoch [168] Testing Results: Prec@1 60.710 Prec@5 79.970             Loss 0.58059
Epoch [168] Testing Class Recall: [0.000,0.000,0.658,0.663,0.681,0.702,0.829,0.775,0.889,0.874]
Epoch [169] Training Results: Prec@1 87.450 Prec@5 99.463             Loss 0.37175
Epoch [169] Training Class Recall: [0.000,0.000,0.809,0.864,0.915,0.920,0.978,0.986,1.000,1.000]
Epoch [169] Testing Results: Prec@1 60.910 Prec@5 79.850             Loss 0.58179
Epoch [169] Testing Class Recall: [0.000,0.000,0.632,0.654,0.712,0.729,0.826,0.779,0.887,0.872]
Epoch [170] Training Results: Prec@1 87.960 Prec@5 99.489             Loss 0.37776
Epoch [170] Training Class Recall: [0.000,0.000,0.804,0.881,0.923,0.928,0.974,0.986,1.000,1.000]
Epoch [170] Testing Results: Prec@1 60.840 Prec@5 79.870             Loss 0.57422
Epoch [170] Testing Class Recall: [0.000,0.000,0.653,0.633,0.708,0.723,0.834,0.760,0.881,0.892]
Epoch [171] Training Results: Prec@1 87.718 Prec@5 99.570             Loss 0.42020
Epoch [171] Training Class Recall: [0.000,0.000,0.806,0.863,0.931,0.917,0.991,1.000,1.000,1.000]
Epoch [171] Testing Results: Prec@1 60.600 Prec@5 79.760             Loss 0.60312
Epoch [171] Testing Class Recall: [0.000,0.000,0.662,0.667,0.687,0.709,0.835,0.742,0.878,0.880]
Epoch [172] Training Results: Prec@1 87.772 Prec@5 99.543             Loss 0.38736
Epoch [172] Training Class Recall: [0.000,0.000,0.804,0.873,0.915,0.928,0.991,1.000,1.000,1.000]
Epoch [172] Testing Results: Prec@1 61.100 Prec@5 79.890             Loss 0.58180
Epoch [172] Testing Class Recall: [0.000,0.000,0.677,0.697,0.735,0.640,0.831,0.765,0.865,0.900]
Epoch [173] Training Results: Prec@1 88.417 Prec@5 99.543             Loss 0.41082
Epoch [173] Training Class Recall: [0.000,0.000,0.817,0.865,0.948,0.928,0.987,0.986,1.000,1.000]
Epoch [173] Testing Results: Prec@1 60.890 Prec@5 79.800             Loss 0.57442
Epoch [173] Testing Class Recall: [0.000,0.000,0.620,0.653,0.764,0.653,0.850,0.778,0.898,0.873]
Epoch [174] Training Results: Prec@1 88.525 Prec@5 99.489             Loss 0.38272
Epoch [174] Training Class Recall: [0.000,0.000,0.811,0.879,0.944,0.920,0.987,1.000,1.000,1.000]
Epoch [174] Testing Results: Prec@1 61.320 Prec@5 79.720             Loss 0.58667
Epoch [174] Testing Class Recall: [0.000,0.000,0.641,0.631,0.771,0.724,0.831,0.769,0.890,0.875]
Epoch [175] Training Results: Prec@1 88.310 Prec@5 99.597             Loss 0.35390
Epoch [175] Training Class Recall: [0.000,0.000,0.811,0.879,0.941,0.920,0.961,1.000,1.000,1.000]
Epoch [175] Testing Results: Prec@1 61.010 Prec@5 79.770             Loss 0.56345
Epoch [175] Testing Class Recall: [0.000,0.000,0.642,0.626,0.734,0.714,0.828,0.781,0.875,0.901]
Epoch [176] Training Results: Prec@1 89.223 Prec@5 99.570             Loss 0.36952
Epoch [176] Training Class Recall: [0.000,0.000,0.819,0.885,0.951,0.933,0.991,0.993,1.000,1.000]
Epoch [176] Testing Results: Prec@1 60.790 Prec@5 79.940             Loss 0.62639
Epoch [176] Testing Class Recall: [0.000,0.000,0.702,0.678,0.692,0.679,0.848,0.734,0.898,0.848]
Epoch [177] Training Results: Prec@1 88.740 Prec@5 99.597             Loss 0.40055
Epoch [177] Training Class Recall: [0.000,0.000,0.820,0.881,0.941,0.915,0.987,1.000,1.000,1.000]
Epoch [177] Testing Results: Prec@1 61.260 Prec@5 79.900             Loss 0.58008
Epoch [177] Testing Class Recall: [0.000,0.000,0.657,0.679,0.753,0.685,0.839,0.721,0.904,0.888]
Epoch [178] Training Results: Prec@1 88.095 Prec@5 99.516             Loss 0.38617
Epoch [178] Training Class Recall: [0.000,0.000,0.810,0.862,0.937,0.935,0.991,1.000,1.000,1.000]
Epoch [178] Testing Results: Prec@1 60.970 Prec@5 79.680             Loss 0.56734
Epoch [178] Testing Class Recall: [0.000,0.000,0.609,0.664,0.737,0.706,0.834,0.767,0.888,0.892]
Epoch [179] Training Results: Prec@1 89.143 Prec@5 99.597             Loss 0.38091
Epoch [179] Training Class Recall: [0.000,0.000,0.827,0.889,0.934,0.922,0.987,0.993,1.000,1.000]
Epoch [179] Testing Results: Prec@1 61.400 Prec@5 79.940             Loss 0.57811
Epoch [179] Testing Class Recall: [0.000,0.000,0.659,0.707,0.792,0.684,0.771,0.739,0.891,0.897]
Epoch [180] Training Results: Prec@1 88.793 Prec@5 99.409             Loss 0.37007
Epoch [180] Training Class Recall: [0.000,0.000,0.832,0.861,0.947,0.933,0.987,0.993,1.000,1.000]
Epoch [180] Testing Results: Prec@1 61.940 Prec@5 79.990             Loss 0.56394
Epoch [180] Testing Class Recall: [0.000,0.000,0.698,0.691,0.743,0.679,0.828,0.781,0.873,0.901]
Epoch [181] Training Results: Prec@1 89.035 Prec@5 99.597             Loss 0.35473
Epoch [181] Training Class Recall: [0.000,0.000,0.825,0.881,0.939,0.928,0.996,1.000,1.000,1.000]
Epoch [181] Testing Results: Prec@1 61.230 Prec@5 79.920             Loss 0.58222
Epoch [181] Testing Class Recall: [0.000,0.000,0.675,0.662,0.741,0.682,0.853,0.731,0.888,0.891]
Epoch [182] Training Results: Prec@1 89.008 Prec@5 99.489             Loss 0.33396
Epoch [182] Training Class Recall: [0.000,0.000,0.823,0.881,0.945,0.933,0.987,0.978,1.000,1.000]
Epoch [182] Testing Results: Prec@1 61.640 Prec@5 79.980             Loss 0.58590
Epoch [182] Testing Class Recall: [0.000,0.000,0.699,0.706,0.787,0.665,0.801,0.728,0.898,0.880]
Epoch [183] Training Results: Prec@1 89.411 Prec@5 99.516             Loss 0.38789
Epoch [183] Training Class Recall: [0.000,0.000,0.809,0.900,0.955,0.935,0.991,0.986,1.000,1.000]
Epoch [183] Testing Results: Prec@1 61.550 Prec@5 79.800             Loss 0.57050
Epoch [183] Testing Class Recall: [0.000,0.000,0.676,0.672,0.731,0.730,0.811,0.759,0.876,0.900]
Epoch [184] Training Results: Prec@1 88.793 Prec@5 99.570             Loss 0.32098
Epoch [184] Training Class Recall: [0.000,0.000,0.812,0.879,0.951,0.933,0.983,1.000,1.000,1.000]
Epoch [184] Testing Results: Prec@1 61.810 Prec@5 79.720             Loss 0.57445
Epoch [184] Testing Class Recall: [0.000,0.000,0.648,0.692,0.771,0.718,0.792,0.804,0.848,0.908]
Epoch [185] Training Results: Prec@1 88.498 Prec@5 99.570             Loss 0.37879
Epoch [185] Training Class Recall: [0.000,0.000,0.825,0.874,0.934,0.915,0.987,0.971,1.000,1.000]
Epoch [185] Testing Results: Prec@1 61.930 Prec@5 80.030             Loss 0.57723
Epoch [185] Testing Class Recall: [0.000,0.000,0.716,0.625,0.752,0.742,0.824,0.789,0.849,0.896]
Epoch [186] Training Results: Prec@1 88.310 Prec@5 99.436             Loss 0.38877
Epoch [186] Training Class Recall: [0.000,0.000,0.822,0.873,0.928,0.915,0.983,0.993,1.000,1.000]
Epoch [186] Testing Results: Prec@1 61.390 Prec@5 79.990             Loss 0.59443
Epoch [186] Testing Class Recall: [0.000,0.000,0.691,0.671,0.708,0.714,0.830,0.775,0.881,0.869]
Epoch [187] Training Results: Prec@1 89.385 Prec@5 99.543             Loss 0.41809
Epoch [187] Training Class Recall: [0.000,0.000,0.828,0.889,0.941,0.933,0.996,0.978,1.000,1.000]
Epoch [187] Testing Results: Prec@1 61.580 Prec@5 79.780             Loss 0.55414
Epoch [187] Testing Class Recall: [0.000,0.000,0.654,0.687,0.760,0.657,0.817,0.798,0.891,0.894]
Epoch [188] Training Results: Prec@1 88.041 Prec@5 99.436             Loss 0.37682
Epoch [188] Training Class Recall: [0.000,0.000,0.803,0.874,0.939,0.920,0.991,0.986,1.000,1.000]
Epoch [188] Testing Results: Prec@1 61.370 Prec@5 79.820             Loss 0.57628
Epoch [188] Testing Class Recall: [0.000,0.000,0.663,0.689,0.723,0.750,0.765,0.784,0.874,0.889]
Epoch [189] Training Results: Prec@1 89.250 Prec@5 99.489             Loss 0.35404
Epoch [189] Training Class Recall: [0.000,0.000,0.825,0.890,0.945,0.912,0.996,1.000,1.000,1.000]
Epoch [189] Testing Results: Prec@1 61.670 Prec@5 79.880             Loss 0.57656
Epoch [189] Testing Class Recall: [0.000,0.000,0.688,0.684,0.740,0.712,0.767,0.812,0.882,0.882]
Epoch [190] Training Results: Prec@1 89.358 Prec@5 99.489             Loss 0.40721
Epoch [190] Training Class Recall: [0.000,0.000,0.825,0.887,0.947,0.930,0.991,0.993,1.000,1.000]
Epoch [190] Testing Results: Prec@1 61.630 Prec@5 80.030             Loss 0.57568
Epoch [190] Testing Class Recall: [0.000,0.000,0.706,0.662,0.785,0.673,0.811,0.773,0.845,0.908]
Epoch [191] Training Results: Prec@1 88.578 Prec@5 99.516             Loss 0.40335
Epoch [191] Training Class Recall: [0.000,0.000,0.812,0.875,0.945,0.935,0.978,1.000,1.000,1.000]
Epoch [191] Testing Results: Prec@1 61.740 Prec@5 80.000             Loss 0.60259
Epoch [191] Testing Class Recall: [0.000,0.000,0.698,0.692,0.728,0.745,0.779,0.788,0.886,0.858]
Epoch [192] Training Results: Prec@1 88.686 Prec@5 99.436             Loss 0.40932
Epoch [192] Training Class Recall: [0.000,0.000,0.830,0.864,0.948,0.922,0.978,0.993,1.000,1.000]
Epoch [192] Testing Results: Prec@1 61.340 Prec@5 79.860             Loss 0.57848
Epoch [192] Testing Class Recall: [0.000,0.000,0.680,0.648,0.709,0.713,0.857,0.787,0.841,0.899]
Epoch [193] Training Results: Prec@1 88.981 Prec@5 99.489             Loss 0.34198
Epoch [193] Training Class Recall: [0.000,0.000,0.817,0.885,0.934,0.941,0.996,0.993,1.000,1.000]
Epoch [193] Testing Results: Prec@1 61.430 Prec@5 80.100             Loss 0.56834
Epoch [193] Testing Class Recall: [0.000,0.000,0.657,0.677,0.746,0.712,0.828,0.753,0.855,0.915]
Epoch [194] Training Results: Prec@1 88.820 Prec@5 99.382             Loss 0.40888
Epoch [194] Training Class Recall: [0.000,0.000,0.825,0.876,0.933,0.933,0.991,1.000,1.000,1.000]
Epoch [194] Testing Results: Prec@1 61.400 Prec@5 79.930             Loss 0.59526
Epoch [194] Testing Class Recall: [0.000,0.000,0.721,0.697,0.779,0.648,0.778,0.766,0.851,0.900]
Epoch [195] Training Results: Prec@1 88.793 Prec@5 99.436             Loss 0.39547
Epoch [195] Training Class Recall: [0.000,0.000,0.824,0.872,0.947,0.930,0.987,0.978,1.000,1.000]
Epoch [195] Testing Results: Prec@1 61.950 Prec@5 80.100             Loss 0.55403
Epoch [195] Testing Class Recall: [0.000,0.000,0.696,0.686,0.767,0.672,0.787,0.801,0.883,0.903]
Epoch [196] Training Results: Prec@1 88.713 Prec@5 99.543             Loss 0.36137
Epoch [196] Training Class Recall: [0.000,0.000,0.815,0.872,0.950,0.930,0.991,1.000,1.000,1.000]
Epoch [196] Testing Results: Prec@1 61.460 Prec@5 79.880             Loss 0.59722
Epoch [196] Testing Class Recall: [0.000,0.000,0.703,0.681,0.691,0.714,0.828,0.791,0.857,0.881]
Epoch [197] Training Results: Prec@1 88.659 Prec@5 99.570             Loss 0.37404
Epoch [197] Training Class Recall: [0.000,0.000,0.831,0.870,0.934,0.922,0.978,0.993,1.000,1.000]
Epoch [197] Testing Results: Prec@1 61.820 Prec@5 80.150             Loss 0.57862
Epoch [197] Testing Class Recall: [0.000,0.000,0.699,0.666,0.769,0.689,0.847,0.757,0.863,0.892]
Epoch [198] Training Results: Prec@1 88.793 Prec@5 99.463             Loss 0.40804
Epoch [198] Training Class Recall: [0.000,0.000,0.816,0.881,0.945,0.933,0.974,0.993,1.000,1.000]
Epoch [198] Testing Results: Prec@1 61.640 Prec@5 79.920             Loss 0.57329
Epoch [198] Testing Class Recall: [0.000,0.000,0.709,0.680,0.742,0.655,0.830,0.776,0.886,0.886]
Epoch [199] Training Results: Prec@1 89.277 Prec@5 99.543             Loss 0.35955
Epoch [199] Training Class Recall: [0.000,0.000,0.817,0.883,0.956,0.943,0.991,0.986,1.000,1.000]
Epoch [199] Testing Results: Prec@1 61.160 Prec@5 79.960             Loss 0.57257
Epoch [199] Testing Class Recall: [0.000,0.000,0.628,0.712,0.775,0.665,0.797,0.779,0.866,0.894]
