Log file: cifar10_none1.0_drw_exp0.01_seed3407_20260625_162728.log
Run started: 2026-06-25 16:27:28.101763
Dataset: cifar10
Imbalance type: exp, factor: 0.01
Selection method: none, ratio: 1.0
Strategy: DRW, epochs: 200
Seed: 3407, rand_number: 3407
Augmentation: weak
mamix_ratio: 1.0
============================================================

=> No CSV or TensorBoard logging – only console and debug log.
-----------------------------------------------
Class ID   | Original   | Selected   | Keep %  
-----------------------------------------------
0          | 5000       | 5000       |  100.0%
1          | 2997       | 2997       |  100.0%
2          | 1796       | 1796       |  100.0%
3          | 1077       | 1077       |  100.0%
4          | 645        | 645        |  100.0%
5          | 387        | 387        |  100.0%
6          | 232        | 232        |  100.0%
7          | 139        | 139        |  100.0%
8          | 83         | 83         |  100.0%
9          | 50         | 50         |  100.0%
-----------------------------------------------
TOTAL      | 12406      | 12406      |  100.0%
-----------------------------------------------
Epoch [0] Training Results: Prec@1 54.651 Prec@5 93.632 Loss 1.30891
Epoch [0] Training Class Recall: [0.765,0.648,0.442,0.163,0.053,0.026,0.000,0.000,0.000,0.000]
Epoch [0] Testing Results: Prec@1 23.450 Prec@5 78.120 Loss 2.93333
Epoch [0] Testing Class Recall: [0.925,0.548,0.026,0.190,0.645,0.011,0.000,0.000,0.000,0.000]
Epoch [1] Training Results: Prec@1 59.173 Prec@5 95.180 Loss 1.18727
Epoch [1] Training Class Recall: [0.789,0.734,0.464,0.305,0.045,0.013,0.004,0.000,0.000,0.000]
Epoch [1] Testing Results: Prec@1 23.070 Prec@5 71.820 Loss 2.75826
Epoch [1] Testing Class Recall: [0.845,0.457,0.729,0.276,0.000,0.000,0.000,0.000,0.000,0.000]
Epoch [2] Training Results: Prec@1 64.420 Prec@5 95.817 Loss 1.02618
Epoch [2] Training Class Recall: [0.833,0.810,0.508,0.417,0.039,0.023,0.004,0.000,0.000,0.000]
Epoch [2] Testing Results: Prec@1 28.880 Prec@5 78.460 Loss 2.52311
Epoch [2] Testing Class Recall: [0.823,0.929,0.534,0.602,0.000,0.000,0.000,0.000,0.000,0.000]
Epoch [3] Training Results: Prec@1 65.750 Prec@5 96.453 Loss 0.97930
Epoch [3] Training Class Recall: [0.842,0.828,0.528,0.452,0.037,0.003,0.017,0.000,0.000,0.000]
Epoch [3] Testing Results: Prec@1 29.180 Prec@5 82.490 Loss 2.42479
Epoch [3] Testing Class Recall: [0.887,0.762,0.673,0.519,0.063,0.000,0.014,0.000,0.000,0.000]
Epoch [4] Training Results: Prec@1 69.337 Prec@5 97.026 Loss 0.89196
Epoch [4] Training Class Recall: [0.881,0.875,0.536,0.491,0.099,0.010,0.060,0.000,0.000,0.000]
Epoch [4] Testing Results: Prec@1 32.280 Prec@5 82.250 Loss 2.23948
Epoch [4] Testing Class Recall: [0.906,0.790,0.717,0.292,0.174,0.056,0.293,0.000,0.000,0.000]
Epoch [5] Training Results: Prec@1 71.917 Prec@5 97.396 Loss 0.81092
Epoch [5] Training Class Recall: [0.890,0.902,0.575,0.565,0.149,0.018,0.095,0.007,0.000,0.000]
Epoch [5] Testing Results: Prec@1 34.640 Prec@5 82.240 Loss 2.25042
Epoch [5] Testing Class Recall: [0.835,0.776,0.608,0.336,0.296,0.051,0.562,0.000,0.000,0.000]
Epoch [6] Training Results: Prec@1 74.013 Prec@5 97.824 Loss 0.75007
Epoch [6] Training Class Recall: [0.907,0.914,0.590,0.557,0.305,0.008,0.190,0.022,0.000,0.020]
Epoch [6] Testing Results: Prec@1 35.690 Prec@5 88.240 Loss 1.96350
Epoch [6] Testing Class Recall: [0.919,0.898,0.628,0.265,0.635,0.082,0.114,0.014,0.000,0.014]
Epoch [7] Training Results: Prec@1 76.382 Prec@5 98.001 Loss 0.69542
Epoch [7] Training Class Recall: [0.917,0.937,0.623,0.600,0.367,0.028,0.280,0.036,0.000,0.000]
Epoch [7] Testing Results: Prec@1 38.860 Prec@5 86.380 Loss 2.12494
Epoch [7] Testing Class Recall: [0.798,0.910,0.677,0.531,0.509,0.001,0.455,0.005,0.000,0.000]
Epoch [8] Training Results: Prec@1 77.043 Prec@5 98.259 Loss 0.66565
Epoch [8] Training Class Recall: [0.917,0.938,0.631,0.586,0.443,0.062,0.341,0.036,0.000,0.000]
Epoch [8] Testing Results: Prec@1 37.510 Prec@5 88.130 Loss 2.30742
Epoch [8] Testing Class Recall: [0.772,0.911,0.767,0.568,0.407,0.204,0.081,0.041,0.000,0.000]
Epoch [9] Training Results: Prec@1 79.204 Prec@5 98.557 Loss 0.61474
Epoch [9] Training Class Recall: [0.935,0.945,0.664,0.630,0.464,0.119,0.375,0.122,0.012,0.000]
Epoch [9] Testing Results: Prec@1 41.830 Prec@5 89.460 Loss 2.11738
Epoch [9] Testing Class Recall: [0.955,0.838,0.697,0.526,0.304,0.088,0.422,0.345,0.008,0.000]
Epoch [10] Training Results: Prec@1 80.163 Prec@5 98.751 Loss 0.59140
Epoch [10] Training Class Recall: [0.937,0.943,0.698,0.627,0.481,0.207,0.341,0.230,0.060,0.000]
Epoch [10] Testing Results: Prec@1 40.890 Prec@5 91.190 Loss 2.08189
Epoch [10] Testing Class Recall: [0.978,0.917,0.544,0.558,0.521,0.013,0.358,0.171,0.029,0.000]
Epoch [11] Training Results: Prec@1 81.565 Prec@5 98.904 Loss 0.54872
Epoch [11] Training Class Recall: [0.939,0.956,0.694,0.663,0.544,0.248,0.453,0.266,0.096,0.040]
Epoch [11] Testing Results: Prec@1 42.220 Prec@5 92.890 Loss 2.18434
Epoch [11] Testing Class Recall: [0.867,0.962,0.625,0.841,0.390,0.089,0.202,0.203,0.019,0.024]
Epoch [12] Training Results: Prec@1 81.944 Prec@5 98.912 Loss 0.53027
Epoch [12] Training Class Recall: [0.940,0.954,0.719,0.666,0.546,0.271,0.418,0.223,0.108,0.060]
Epoch [12] Testing Results: Prec@1 46.250 Prec@5 93.490 Loss 1.88184
Epoch [12] Testing Class Recall: [0.814,0.972,0.799,0.471,0.702,0.102,0.281,0.149,0.333,0.002]
Epoch [13] Training Results: Prec@1 82.702 Prec@5 99.033 Loss 0.51341
Epoch [13] Training Class Recall: [0.941,0.956,0.711,0.691,0.589,0.328,0.453,0.288,0.181,0.020]
Epoch [13] Testing Results: Prec@1 45.360 Prec@5 91.140 Loss 2.18868
Epoch [13] Testing Class Recall: [0.970,0.775,0.614,0.698,0.432,0.440,0.393,0.187,0.010,0.017]
Epoch [14] Training Results: Prec@1 83.661 Prec@5 99.194 Loss 0.48276
Epoch [14] Training Class Recall: [0.944,0.960,0.742,0.693,0.580,0.388,0.470,0.317,0.289,0.080]
Epoch [14] Testing Results: Prec@1 49.690 Prec@5 92.470 Loss 1.70341
Epoch [14] Testing Class Recall: [0.911,0.928,0.667,0.825,0.537,0.025,0.651,0.138,0.235,0.052]
Epoch [15] Training Results: Prec@1 84.435 Prec@5 99.250 Loss 0.46588
Epoch [15] Training Class Recall: [0.947,0.958,0.748,0.719,0.631,0.411,0.470,0.353,0.241,0.140]
Epoch [15] Testing Results: Prec@1 50.420 Prec@5 94.430 Loss 1.76803
Epoch [15] Testing Class Recall: [0.869,0.952,0.688,0.610,0.833,0.278,0.241,0.445,0.025,0.101]
Epoch [16] Training Results: Prec@1 84.927 Prec@5 99.234 Loss 0.44680
Epoch [16] Training Class Recall: [0.948,0.962,0.756,0.715,0.633,0.419,0.578,0.367,0.289,0.100]
Epoch [16] Testing Results: Prec@1 58.500 Prec@5 95.550 Loss 1.38316
Epoch [16] Testing Class Recall: [0.805,0.995,0.543,0.529,0.749,0.576,0.445,0.601,0.384,0.223]
Epoch [17] Training Results: Prec@1 85.056 Prec@5 99.436 Loss 0.43419
Epoch [17] Training Class Recall: [0.948,0.959,0.780,0.714,0.633,0.380,0.534,0.388,0.349,0.140]
Epoch [17] Testing Results: Prec@1 53.140 Prec@5 94.270 Loss 1.72117
Epoch [17] Testing Class Recall: [0.945,0.984,0.726,0.445,0.585,0.444,0.517,0.305,0.335,0.028]
Epoch [18] Training Results: Prec@1 86.434 Prec@5 99.412 Loss 0.40387
Epoch [18] Training Class Recall: [0.954,0.965,0.798,0.736,0.682,0.434,0.539,0.468,0.361,0.160]
Epoch [18] Testing Results: Prec@1 44.710 Prec@5 91.950 Loss 2.14244
Epoch [18] Testing Class Recall: [0.934,0.711,0.881,0.336,0.517,0.184,0.506,0.207,0.177,0.018]
Epoch [19] Training Results: Prec@1 86.482 Prec@5 99.484 Loss 0.40325
Epoch [19] Training Class Recall: [0.956,0.958,0.798,0.741,0.681,0.455,0.595,0.374,0.410,0.200]
Epoch [19] Testing Results: Prec@1 55.000 Prec@5 94.950 Loss 1.53533
Epoch [19] Testing Class Recall: [0.948,0.979,0.597,0.653,0.685,0.370,0.231,0.594,0.392,0.051]
Epoch [20] Training Results: Prec@1 86.281 Prec@5 99.484 Loss 0.39961
Epoch [20] Training Class Recall: [0.955,0.967,0.787,0.704,0.687,0.475,0.573,0.403,0.410,0.220]
Epoch [20] Testing Results: Prec@1 56.450 Prec@5 94.660 Loss 1.44210
Epoch [20] Testing Class Recall: [0.843,0.953,0.801,0.728,0.689,0.415,0.361,0.386,0.146,0.323]
Epoch [21] Training Results: Prec@1 86.926 Prec@5 99.500 Loss 0.38727
Epoch [21] Training Class Recall: [0.956,0.965,0.799,0.739,0.713,0.452,0.629,0.453,0.373,0.140]
Epoch [21] Testing Results: Prec@1 52.310 Prec@5 94.440 Loss 1.72512
Epoch [21] Testing Class Recall: [0.895,0.916,0.804,0.755,0.636,0.204,0.171,0.406,0.270,0.174]
Epoch [22] Training Results: Prec@1 87.635 Prec@5 99.629 Loss 0.36396
Epoch [22] Training Class Recall: [0.958,0.973,0.805,0.748,0.741,0.475,0.599,0.453,0.458,0.280]
Epoch [22] Testing Results: Prec@1 54.070 Prec@5 95.820 Loss 1.66363
Epoch [22] Testing Class Recall: [0.991,0.845,0.507,0.502,0.551,0.472,0.527,0.361,0.283,0.368]
Epoch [23] Training Results: Prec@1 87.345 Prec@5 99.581 Loss 0.36923
Epoch [23] Training Class Recall: [0.956,0.970,0.796,0.751,0.718,0.483,0.591,0.475,0.506,0.300]
Epoch [23] Testing Results: Prec@1 55.360 Prec@5 94.990 Loss 1.69768
Epoch [23] Testing Class Recall: [0.960,0.975,0.676,0.598,0.791,0.306,0.404,0.372,0.279,0.175]
Epoch [24] Training Results: Prec@1 87.530 Prec@5 99.661 Loss 0.36058
Epoch [24] Training Class Recall: [0.958,0.965,0.805,0.742,0.716,0.519,0.629,0.482,0.494,0.280]
Epoch [24] Testing Results: Prec@1 50.630 Prec@5 91.160 Loss 1.98634
Epoch [24] Testing Class Recall: [0.910,0.836,0.883,0.511,0.592,0.329,0.553,0.196,0.082,0.171]
Epoch [25] Training Results: Prec@1 88.320 Prec@5 99.629 Loss 0.33973
Epoch [25] Training Class Recall: [0.960,0.969,0.824,0.761,0.730,0.522,0.638,0.489,0.542,0.380]
Epoch [25] Testing Results: Prec@1 55.950 Prec@5 94.410 Loss 1.65026
Epoch [25] Testing Class Recall: [0.861,0.962,0.848,0.689,0.557,0.403,0.643,0.237,0.266,0.129]
Epoch [26] Training Results: Prec@1 88.892 Prec@5 99.734 Loss 0.32499
Epoch [26] Training Class Recall: [0.960,0.971,0.825,0.768,0.753,0.576,0.677,0.525,0.554,0.480]
Epoch [26] Testing Results: Prec@1 54.690 Prec@5 95.230 Loss 1.71199
Epoch [26] Testing Class Recall: [0.918,0.986,0.831,0.764,0.481,0.184,0.242,0.446,0.282,0.335]
Epoch [27] Training Results: Prec@1 89.497 Prec@5 99.661 Loss 0.31034
Epoch [27] Training Class Recall: [0.966,0.976,0.835,0.787,0.741,0.519,0.716,0.568,0.639,0.480]
Epoch [27] Testing Results: Prec@1 63.410 Prec@5 95.340 Loss 1.30717
Epoch [27] Testing Class Recall: [0.918,0.847,0.730,0.576,0.579,0.440,0.303,0.639,0.461,0.848]
Epoch [28] Training Results: Prec@1 89.876 Prec@5 99.726 Loss 0.29855
Epoch [28] Training Class Recall: [0.965,0.976,0.844,0.788,0.772,0.579,0.677,0.576,0.590,0.540]
Epoch [28] Testing Results: Prec@1 66.390 Prec@5 96.940 Loss 1.17646
Epoch [28] Testing Class Recall: [0.858,0.982,0.675,0.765,0.801,0.492,0.418,0.671,0.542,0.435]
Epoch [29] Training Results: Prec@1 89.699 Prec@5 99.710 Loss 0.29898
Epoch [29] Training Class Recall: [0.967,0.977,0.843,0.786,0.747,0.568,0.642,0.590,0.602,0.440]
Epoch [29] Testing Results: Prec@1 59.190 Prec@5 95.630 Loss 1.46613
Epoch [29] Testing Class Recall: [0.936,0.984,0.804,0.596,0.677,0.611,0.680,0.154,0.393,0.084]
Epoch [30] Training Results: Prec@1 89.674 Prec@5 99.766 Loss 0.30340
Epoch [30] Training Class Recall: [0.965,0.976,0.841,0.803,0.769,0.550,0.694,0.460,0.530,0.440]
Epoch [30] Testing Results: Prec@1 53.900 Prec@5 95.810 Loss 1.99592
Epoch [30] Testing Class Recall: [0.981,0.945,0.729,0.731,0.531,0.281,0.483,0.502,0.130,0.077]
Epoch [31] Training Results: Prec@1 89.626 Prec@5 99.742 Loss 0.30418
Epoch [31] Training Class Recall: [0.961,0.972,0.843,0.796,0.766,0.563,0.685,0.597,0.578,0.600]
Epoch [31] Testing Results: Prec@1 62.840 Prec@5 95.770 Loss 1.28923
Epoch [31] Testing Class Recall: [0.920,0.933,0.604,0.733,0.818,0.576,0.665,0.453,0.390,0.192]
Epoch [32] Training Results: Prec@1 90.287 Prec@5 99.758 Loss 0.28403
Epoch [32] Training Class Recall: [0.970,0.975,0.850,0.783,0.791,0.597,0.694,0.590,0.602,0.540]
Epoch [32] Testing Results: Prec@1 56.060 Prec@5 95.530 Loss 1.85962
Epoch [32] Testing Class Recall: [0.939,0.972,0.792,0.713,0.759,0.278,0.448,0.298,0.348,0.059]
Epoch [33] Training Results: Prec@1 89.763 Prec@5 99.782 Loss 0.29944
Epoch [33] Training Class Recall: [0.965,0.971,0.842,0.797,0.769,0.589,0.655,0.597,0.590,0.460]
Epoch [33] Testing Results: Prec@1 61.660 Prec@5 95.960 Loss 1.52824
Epoch [33] Testing Class Recall: [0.907,0.990,0.647,0.593,0.742,0.658,0.607,0.494,0.123,0.405]
Epoch [34] Training Results: Prec@1 90.561 Prec@5 99.758 Loss 0.27041
Epoch [34] Training Class Recall: [0.968,0.978,0.851,0.802,0.775,0.620,0.698,0.590,0.699,0.620]
Epoch [34] Testing Results: Prec@1 58.800 Prec@5 94.000 Loss 1.65214
Epoch [34] Testing Class Recall: [0.906,0.871,0.837,0.695,0.698,0.227,0.700,0.285,0.410,0.251]
Epoch [35] Training Results: Prec@1 90.746 Prec@5 99.815 Loss 0.26938
Epoch [35] Training Class Recall: [0.969,0.974,0.858,0.812,0.784,0.612,0.741,0.597,0.651,0.540]
Epoch [35] Testing Results: Prec@1 55.110 Prec@5 93.670 Loss 1.94427
Epoch [35] Testing Class Recall: [0.985,0.981,0.755,0.504,0.620,0.208,0.610,0.223,0.221,0.404]
Epoch [36] Training Results: Prec@1 90.480 Prec@5 99.807 Loss 0.26910
Epoch [36] Training Class Recall: [0.968,0.976,0.852,0.788,0.794,0.587,0.733,0.640,0.663,0.580]
Epoch [36] Testing Results: Prec@1 61.400 Prec@5 95.880 Loss 1.49186
Epoch [36] Testing Class Recall: [0.905,0.985,0.535,0.787,0.742,0.403,0.313,0.415,0.707,0.348]
Epoch [37] Training Results: Prec@1 91.214 Prec@5 99.823 Loss 0.25308
Epoch [37] Training Class Recall: [0.970,0.982,0.866,0.812,0.802,0.625,0.728,0.640,0.602,0.500]
Epoch [37] Testing Results: Prec@1 64.440 Prec@5 96.640 Loss 1.29895
Epoch [37] Testing Class Recall: [0.922,0.968,0.828,0.737,0.520,0.494,0.592,0.400,0.520,0.463]
Epoch [38] Training Results: Prec@1 91.109 Prec@5 99.790 Loss 0.25516
Epoch [38] Training Class Recall: [0.969,0.976,0.859,0.824,0.788,0.630,0.741,0.655,0.747,0.580]
Epoch [38] Testing Results: Prec@1 62.150 Prec@5 96.330 Loss 1.57102
Epoch [38] Testing Class Recall: [0.888,0.994,0.700,0.610,0.640,0.717,0.489,0.475,0.340,0.362]
Epoch [39] Training Results: Prec@1 90.972 Prec@5 99.790 Loss 0.26032
Epoch [39] Training Class Recall: [0.969,0.978,0.870,0.810,0.806,0.589,0.690,0.576,0.699,0.580]
Epoch [39] Testing Results: Prec@1 57.220 Prec@5 95.960 Loss 1.85603
Epoch [39] Testing Class Recall: [0.936,0.991,0.870,0.606,0.409,0.483,0.342,0.448,0.486,0.151]
Epoch [40] Training Results: Prec@1 91.359 Prec@5 99.887 Loss 0.24509
Epoch [40] Training Class Recall: [0.967,0.980,0.872,0.821,0.805,0.641,0.720,0.669,0.675,0.520]
Epoch [40] Testing Results: Prec@1 61.460 Prec@5 95.430 Loss 1.65501
Epoch [40] Testing Class Recall: [0.949,0.945,0.765,0.755,0.775,0.522,0.660,0.444,0.207,0.124]
Epoch [41] Training Results: Prec@1 91.956 Prec@5 99.847 Loss 0.23201
Epoch [41] Training Class Recall: [0.973,0.981,0.870,0.816,0.795,0.708,0.832,0.705,0.747,0.440]
Epoch [41] Testing Results: Prec@1 52.650 Prec@5 94.370 Loss 2.18927
Epoch [41] Testing Class Recall: [0.924,0.966,0.897,0.565,0.587,0.300,0.281,0.300,0.305,0.140]
Epoch [42] Training Results: Prec@1 91.883 Prec@5 99.863 Loss 0.23326
Epoch [42] Training Class Recall: [0.971,0.981,0.871,0.824,0.829,0.664,0.754,0.691,0.723,0.560]
Epoch [42] Testing Results: Prec@1 60.560 Prec@5 96.550 Loss 1.68085
Epoch [42] Testing Class Recall: [0.945,0.946,0.791,0.865,0.502,0.402,0.519,0.405,0.269,0.412]
Epoch [43] Training Results: Prec@1 92.028 Prec@5 99.831 Loss 0.23010
Epoch [43] Training Class Recall: [0.973,0.984,0.879,0.816,0.819,0.636,0.784,0.705,0.723,0.620]
Epoch [43] Testing Results: Prec@1 64.230 Prec@5 96.630 Loss 1.45761
Epoch [43] Testing Class Recall: [0.831,0.962,0.664,0.927,0.632,0.386,0.477,0.538,0.376,0.630]
Epoch [44] Training Results: Prec@1 91.552 Prec@5 99.887 Loss 0.23859
Epoch [44] Training Class Recall: [0.970,0.979,0.867,0.820,0.816,0.633,0.754,0.741,0.639,0.620]
Epoch [44] Testing Results: Prec@1 61.800 Prec@5 95.720 Loss 1.46360
Epoch [44] Testing Class Recall: [0.977,0.935,0.545,0.435,0.657,0.762,0.459,0.745,0.312,0.353]
Epoch [45] Training Results: Prec@1 92.189 Prec@5 99.895 Loss 0.22469
Epoch [45] Training Class Recall: [0.972,0.981,0.883,0.826,0.817,0.680,0.793,0.669,0.711,0.700]
Epoch [45] Testing Results: Prec@1 65.970 Prec@5 96.990 Loss 1.28414
Epoch [45] Testing Class Recall: [0.948,0.966,0.671,0.804,0.618,0.372,0.564,0.672,0.456,0.526]
Epoch [46] Training Results: Prec@1 92.689 Prec@5 99.919 Loss 0.21349
Epoch [46] Training Class Recall: [0.976,0.983,0.885,0.832,0.851,0.680,0.806,0.719,0.651,0.680]
Epoch [46] Testing Results: Prec@1 60.040 Prec@5 94.480 Loss 1.68341
Epoch [46] Testing Class Recall: [0.947,0.934,0.807,0.772,0.529,0.372,0.685,0.436,0.277,0.245]
Epoch [47] Training Results: Prec@1 92.528 Prec@5 99.887 Loss 0.21482
Epoch [47] Training Class Recall: [0.975,0.982,0.886,0.827,0.833,0.651,0.815,0.741,0.735,0.700]
Epoch [47] Testing Results: Prec@1 56.240 Prec@5 95.920 Loss 2.10394
Epoch [47] Testing Class Recall: [0.979,0.963,0.885,0.350,0.580,0.235,0.445,0.625,0.150,0.412]
Epoch [48] Training Results: Prec@1 92.802 Prec@5 99.863 Loss 0.21301
Epoch [48] Training Class Recall: [0.975,0.986,0.891,0.843,0.829,0.685,0.767,0.698,0.807,0.620]
Epoch [48] Testing Results: Prec@1 46.290 Prec@5 91.120 Loss 3.10766
Epoch [48] Testing Class Recall: [0.808,0.933,0.932,0.286,0.330,0.165,0.746,0.127,0.173,0.129]
Epoch [49] Training Results: Prec@1 92.616 Prec@5 99.879 Loss 0.21330
Epoch [49] Training Class Recall: [0.973,0.984,0.884,0.841,0.836,0.690,0.819,0.691,0.747,0.640]
Epoch [49] Testing Results: Prec@1 67.090 Prec@5 96.960 Loss 1.25233
Epoch [49] Testing Class Recall: [0.920,0.966,0.654,0.776,0.857,0.495,0.445,0.520,0.603,0.473]
Epoch [50] Training Results: Prec@1 92.246 Prec@5 99.887 Loss 0.21346
Epoch [50] Training Class Recall: [0.972,0.980,0.885,0.840,0.817,0.661,0.793,0.712,0.663,0.680]
Epoch [50] Testing Results: Prec@1 55.650 Prec@5 95.580 Loss 2.18702
Epoch [50] Testing Class Recall: [0.983,0.981,0.548,0.636,0.672,0.281,0.528,0.414,0.226,0.296]
Epoch [51] Training Results: Prec@1 93.060 Prec@5 99.887 Loss 0.20753
Epoch [51] Training Class Recall: [0.975,0.980,0.899,0.851,0.843,0.700,0.815,0.741,0.711,0.660]
Epoch [51] Testing Results: Prec@1 61.290 Prec@5 96.670 Loss 1.81464
Epoch [51] Testing Class Recall: [0.909,0.989,0.828,0.611,0.579,0.558,0.470,0.550,0.508,0.127]
Epoch [52] Training Results: Prec@1 93.511 Prec@5 99.960 Loss 0.19245
Epoch [52] Training Class Recall: [0.978,0.984,0.901,0.851,0.850,0.755,0.776,0.755,0.723,0.780]
Epoch [52] Testing Results: Prec@1 63.590 Prec@5 96.810 Loss 1.50935
Epoch [52] Testing Class Recall: [0.959,0.825,0.674,0.716,0.822,0.450,0.646,0.571,0.531,0.165]
Epoch [53] Training Results: Prec@1 93.060 Prec@5 99.936 Loss 0.19955
Epoch [53] Training Class Recall: [0.976,0.979,0.888,0.864,0.833,0.760,0.793,0.734,0.675,0.680]
Epoch [53] Testing Results: Prec@1 56.860 Prec@5 94.800 Loss 2.29139
Epoch [53] Testing Class Recall: [0.970,0.979,0.812,0.583,0.558,0.380,0.661,0.555,0.094,0.094]
Epoch [54] Training Results: Prec@1 93.092 Prec@5 99.903 Loss 0.20028
Epoch [54] Training Class Recall: [0.974,0.983,0.893,0.863,0.853,0.700,0.772,0.755,0.747,0.680]
Epoch [54] Testing Results: Prec@1 59.690 Prec@5 95.520 Loss 1.78926
Epoch [54] Testing Class Recall: [0.977,0.913,0.747,0.654,0.729,0.474,0.566,0.343,0.395,0.171]
Epoch [55] Training Results: Prec@1 92.697 Prec@5 99.911 Loss 0.20802
Epoch [55] Training Class Recall: [0.972,0.982,0.881,0.858,0.836,0.721,0.815,0.662,0.747,0.600]
Epoch [55] Testing Results: Prec@1 62.400 Prec@5 96.800 Loss 1.75797
Epoch [55] Testing Class Recall: [0.968,0.954,0.818,0.446,0.619,0.534,0.794,0.600,0.216,0.291]
Epoch [56] Training Results: Prec@1 93.495 Prec@5 99.944 Loss 0.19002
Epoch [56] Training Class Recall: [0.976,0.985,0.902,0.852,0.862,0.705,0.836,0.741,0.807,0.720]
Epoch [56] Testing Results: Prec@1 62.280 Prec@5 95.100 Loss 1.71308
Epoch [56] Testing Class Recall: [0.833,0.964,0.669,0.512,0.869,0.735,0.776,0.292,0.369,0.209]
Epoch [57] Training Results: Prec@1 93.866 Prec@5 99.936 Loss 0.17471
Epoch [57] Training Class Recall: [0.978,0.986,0.910,0.864,0.853,0.747,0.802,0.777,0.795,0.720]
Epoch [57] Testing Results: Prec@1 63.160 Prec@5 96.340 Loss 1.75743
Epoch [57] Testing Class Recall: [0.951,0.927,0.681,0.629,0.770,0.765,0.737,0.358,0.117,0.381]
Epoch [58] Training Results: Prec@1 92.842 Prec@5 99.911 Loss 0.20160
Epoch [58] Training Class Recall: [0.970,0.979,0.890,0.851,0.867,0.742,0.793,0.734,0.711,0.500]
Epoch [58] Testing Results: Prec@1 55.030 Prec@5 95.290 Loss 2.16807
Epoch [58] Testing Class Recall: [0.914,0.980,0.886,0.661,0.526,0.413,0.117,0.610,0.354,0.042]
Epoch [59] Training Results: Prec@1 93.366 Prec@5 99.944 Loss 0.18848
Epoch [59] Training Class Recall: [0.977,0.984,0.896,0.850,0.851,0.729,0.793,0.770,0.795,0.740]
Epoch [59] Testing Results: Prec@1 55.810 Prec@5 95.480 Loss 2.24444
Epoch [59] Testing Class Recall: [0.876,0.948,0.927,0.552,0.682,0.314,0.301,0.492,0.209,0.280]
Epoch [60] Training Results: Prec@1 93.366 Prec@5 99.911 Loss 0.19007
Epoch [60] Training Class Recall: [0.976,0.986,0.900,0.842,0.842,0.721,0.789,0.835,0.807,0.760]
Epoch [60] Testing Results: Prec@1 56.220 Prec@5 94.330 Loss 2.22170
Epoch [60] Testing Class Recall: [0.872,0.932,0.924,0.670,0.698,0.384,0.515,0.428,0.159,0.040]
Epoch [61] Training Results: Prec@1 93.938 Prec@5 99.968 Loss 0.17789
Epoch [61] Training Class Recall: [0.980,0.986,0.900,0.876,0.860,0.747,0.802,0.755,0.819,0.700]
Epoch [61] Testing Results: Prec@1 62.910 Prec@5 95.900 Loss 1.72224
Epoch [61] Testing Class Recall: [0.954,0.963,0.877,0.469,0.715,0.612,0.500,0.697,0.199,0.305]
Epoch [62] Training Results: Prec@1 93.979 Prec@5 99.944 Loss 0.17400
Epoch [62] Training Class Recall: [0.978,0.984,0.907,0.873,0.867,0.742,0.828,0.827,0.747,0.740]
Epoch [62] Testing Results: Prec@1 60.910 Prec@5 96.540 Loss 1.74631
Epoch [62] Testing Class Recall: [0.963,0.972,0.747,0.421,0.858,0.379,0.671,0.549,0.417,0.114]
Epoch [63] Training Results: Prec@1 93.995 Prec@5 99.927 Loss 0.17265
Epoch [63] Training Class Recall: [0.979,0.986,0.894,0.870,0.882,0.783,0.819,0.777,0.795,0.680]
Epoch [63] Testing Results: Prec@1 65.190 Prec@5 96.820 Loss 1.45624
Epoch [63] Testing Class Recall: [0.931,0.987,0.798,0.701,0.851,0.424,0.623,0.440,0.467,0.297]
Epoch [64] Training Results: Prec@1 93.963 Prec@5 99.960 Loss 0.17161
Epoch [64] Training Class Recall: [0.977,0.989,0.904,0.869,0.865,0.739,0.832,0.806,0.783,0.700]
Epoch [64] Testing Results: Prec@1 62.630 Prec@5 96.280 Loss 1.60719
Epoch [64] Testing Class Recall: [0.910,0.926,0.821,0.454,0.921,0.323,0.673,0.493,0.304,0.438]
Epoch [65] Training Results: Prec@1 93.922 Prec@5 99.911 Loss 0.18089
Epoch [65] Training Class Recall: [0.977,0.978,0.904,0.868,0.885,0.752,0.888,0.770,0.843,0.680]
Epoch [65] Testing Results: Prec@1 61.940 Prec@5 96.230 Loss 1.57961
Epoch [65] Testing Class Recall: [0.954,0.927,0.893,0.570,0.601,0.427,0.420,0.557,0.391,0.454]
Epoch [66] Training Results: Prec@1 94.277 Prec@5 99.976 Loss 0.15871
Epoch [66] Training Class Recall: [0.980,0.984,0.916,0.862,0.878,0.767,0.841,0.806,0.819,0.740]
Epoch [66] Testing Results: Prec@1 60.420 Prec@5 95.750 Loss 2.02934
Epoch [66] Testing Class Recall: [0.916,0.991,0.808,0.646,0.554,0.528,0.621,0.437,0.437,0.104]
Epoch [67] Training Results: Prec@1 94.108 Prec@5 99.960 Loss 0.16899
Epoch [67] Training Class Recall: [0.978,0.987,0.909,0.852,0.887,0.770,0.828,0.820,0.771,0.740]
Epoch [67] Testing Results: Prec@1 65.310 Prec@5 96.280 Loss 1.59211
Epoch [67] Testing Class Recall: [0.983,0.953,0.760,0.496,0.758,0.555,0.581,0.643,0.200,0.602]
Epoch [68] Training Results: Prec@1 94.212 Prec@5 99.936 Loss 0.16930
Epoch [68] Training Class Recall: [0.982,0.985,0.903,0.876,0.868,0.778,0.853,0.799,0.711,0.700]
Epoch [68] Testing Results: Prec@1 62.740 Prec@5 95.420 Loss 1.65947
Epoch [68] Testing Class Recall: [0.874,0.940,0.865,0.792,0.548,0.504,0.240,0.599,0.438,0.474]
Epoch [69] Training Results: Prec@1 94.350 Prec@5 99.936 Loss 0.16138
Epoch [69] Training Class Recall: [0.980,0.989,0.917,0.863,0.860,0.775,0.797,0.835,0.831,0.780]
Epoch [69] Testing Results: Prec@1 61.990 Prec@5 95.960 Loss 1.73970
Epoch [69] Testing Class Recall: [0.908,0.978,0.630,0.477,0.939,0.462,0.673,0.542,0.227,0.363]
Epoch [70] Training Results: Prec@1 94.277 Prec@5 99.960 Loss 0.16612
Epoch [70] Training Class Recall: [0.979,0.983,0.920,0.860,0.882,0.770,0.845,0.820,0.759,0.720]
Epoch [70] Testing Results: Prec@1 63.300 Prec@5 96.000 Loss 1.67265
Epoch [70] Testing Class Recall: [0.963,0.973,0.750,0.467,0.487,0.598,0.567,0.601,0.418,0.506]
Epoch [71] Training Results: Prec@1 94.124 Prec@5 99.952 Loss 0.16545
Epoch [71] Training Class Recall: [0.977,0.985,0.905,0.855,0.891,0.767,0.836,0.806,0.892,0.780]
Epoch [71] Testing Results: Prec@1 57.030 Prec@5 95.100 Loss 2.09505
Epoch [71] Testing Class Recall: [0.987,0.963,0.713,0.573,0.689,0.554,0.368,0.396,0.196,0.264]
Epoch [72] Training Results: Prec@1 93.979 Prec@5 99.976 Loss 0.17030
Epoch [72] Training Class Recall: [0.977,0.983,0.914,0.858,0.873,0.765,0.841,0.770,0.795,0.720]
Epoch [72] Testing Results: Prec@1 59.210 Prec@5 94.800 Loss 1.89674
Epoch [72] Testing Class Recall: [0.880,0.957,0.796,0.817,0.792,0.505,0.128,0.389,0.397,0.260]
Epoch [73] Training Results: Prec@1 94.051 Prec@5 99.936 Loss 0.16861
Epoch [73] Training Class Recall: [0.980,0.983,0.905,0.878,0.843,0.755,0.858,0.849,0.783,0.680]
Epoch [73] Testing Results: Prec@1 57.180 Prec@5 94.360 Loss 2.11455
Epoch [73] Testing Class Recall: [0.977,0.962,0.756,0.418,0.745,0.348,0.595,0.260,0.438,0.219]
Epoch [74] Training Results: Prec@1 94.503 Prec@5 99.911 Loss 0.15784
Epoch [74] Training Class Recall: [0.982,0.989,0.911,0.872,0.881,0.770,0.853,0.784,0.783,0.760]
Epoch [74] Testing Results: Prec@1 58.280 Prec@5 93.010 Loss 1.98933
Epoch [74] Testing Class Recall: [0.953,0.991,0.734,0.400,0.734,0.474,0.626,0.173,0.383,0.360]
Epoch [75] Training Results: Prec@1 94.495 Prec@5 99.927 Loss 0.15575
Epoch [75] Training Class Recall: [0.979,0.989,0.910,0.879,0.882,0.780,0.832,0.806,0.807,0.820]
Epoch [75] Testing Results: Prec@1 60.260 Prec@5 96.350 Loss 2.00731
Epoch [75] Testing Class Recall: [0.863,0.970,0.897,0.771,0.674,0.216,0.444,0.481,0.570,0.140]
Epoch [76] Training Results: Prec@1 94.769 Prec@5 99.992 Loss 0.14626
Epoch [76] Training Class Recall: [0.980,0.989,0.921,0.876,0.901,0.778,0.819,0.827,0.807,0.820]
Epoch [76] Testing Results: Prec@1 63.730 Prec@5 96.870 Loss 1.74767
Epoch [76] Testing Class Recall: [0.964,0.957,0.745,0.789,0.660,0.424,0.537,0.462,0.362,0.473]
Epoch [77] Training Results: Prec@1 95.148 Prec@5 99.952 Loss 0.14436
Epoch [77] Training Class Recall: [0.981,0.986,0.925,0.903,0.896,0.806,0.832,0.820,0.855,0.820]
Epoch [77] Testing Results: Prec@1 63.140 Prec@5 95.340 Loss 1.90467
Epoch [77] Testing Class Recall: [0.987,0.868,0.750,0.426,0.721,0.437,0.755,0.510,0.137,0.723]
Epoch [78] Training Results: Prec@1 94.994 Prec@5 99.960 Loss 0.14605
Epoch [78] Training Class Recall: [0.980,0.988,0.919,0.890,0.885,0.827,0.875,0.820,0.831,0.800]
Epoch [78] Testing Results: Prec@1 62.230 Prec@5 95.720 Loss 1.91563
Epoch [78] Testing Class Recall: [0.923,0.974,0.855,0.529,0.699,0.699,0.403,0.605,0.087,0.449]
Epoch [79] Training Results: Prec@1 95.123 Prec@5 99.960 Loss 0.14429
Epoch [79] Training Class Recall: [0.980,0.987,0.930,0.889,0.895,0.814,0.875,0.842,0.759,0.860]
Epoch [79] Testing Results: Prec@1 56.250 Prec@5 94.960 Loss 2.21430
Epoch [79] Testing Class Recall: [0.976,0.973,0.685,0.496,0.413,0.641,0.259,0.503,0.350,0.329]
Epoch [80] Training Results: Prec@1 94.954 Prec@5 99.992 Loss 0.14520
Epoch [80] Training Class Recall: [0.980,0.990,0.913,0.905,0.885,0.796,0.841,0.856,0.807,0.780]
Epoch [80] Testing Results: Prec@1 63.880 Prec@5 96.930 Loss 1.67618
Epoch [80] Testing Class Recall: [0.961,0.990,0.743,0.776,0.656,0.366,0.645,0.604,0.357,0.290]
Epoch [81] Training Results: Prec@1 95.083 Prec@5 99.976 Loss 0.13782
Epoch [81] Training Class Recall: [0.980,0.984,0.924,0.890,0.891,0.837,0.875,0.856,0.819,0.760]
Epoch [81] Testing Results: Prec@1 62.720 Prec@5 95.870 Loss 1.83245
Epoch [81] Testing Class Recall: [0.940,0.968,0.838,0.633,0.786,0.642,0.491,0.261,0.487,0.226]
Epoch [82] Training Results: Prec@1 94.656 Prec@5 99.960 Loss 0.15412
Epoch [82] Training Class Recall: [0.981,0.986,0.913,0.878,0.868,0.829,0.853,0.849,0.807,0.720]
Epoch [82] Testing Results: Prec@1 65.960 Prec@5 96.320 Loss 1.65601
Epoch [82] Testing Class Recall: [0.857,0.919,0.854,0.769,0.707,0.474,0.305,0.536,0.483,0.692]
Epoch [83] Training Results: Prec@1 94.970 Prec@5 99.976 Loss 0.14412
Epoch [83] Training Class Recall: [0.981,0.987,0.923,0.886,0.890,0.809,0.866,0.849,0.783,0.760]
Epoch [83] Testing Results: Prec@1 63.720 Prec@5 96.350 Loss 1.84010
Epoch [83] Testing Class Recall: [0.972,0.947,0.705,0.688,0.698,0.339,0.672,0.404,0.663,0.284]
Epoch [84] Training Results: Prec@1 95.115 Prec@5 99.968 Loss 0.13876
Epoch [84] Training Class Recall: [0.981,0.987,0.927,0.890,0.902,0.804,0.836,0.856,0.880,0.760]
Epoch [84] Testing Results: Prec@1 61.360 Prec@5 96.140 Loss 2.00538
Epoch [84] Testing Class Recall: [0.958,0.982,0.701,0.770,0.679,0.440,0.620,0.453,0.261,0.272]
Epoch [85] Training Results: Prec@1 95.075 Prec@5 99.960 Loss 0.14318
Epoch [85] Training Class Recall: [0.981,0.989,0.924,0.888,0.899,0.796,0.884,0.835,0.807,0.760]
Epoch [85] Testing Results: Prec@1 55.120 Prec@5 95.090 Loss 2.52552
Epoch [85] Testing Class Recall: [0.950,0.982,0.880,0.472,0.783,0.290,0.435,0.328,0.291,0.101]
Epoch [86] Training Results: Prec@1 95.180 Prec@5 99.952 Loss 0.14209
Epoch [86] Training Class Recall: [0.977,0.986,0.939,0.889,0.909,0.829,0.853,0.820,0.819,0.740]
Epoch [86] Testing Results: Prec@1 53.450 Prec@5 93.690 Loss 2.86555
Epoch [86] Testing Class Recall: [0.941,0.995,0.794,0.347,0.570,0.309,0.539,0.336,0.429,0.085]
Epoch [87] Training Results: Prec@1 94.793 Prec@5 99.944 Loss 0.14929
Epoch [87] Training Class Recall: [0.984,0.983,0.927,0.864,0.896,0.778,0.858,0.820,0.807,0.780]
Epoch [87] Testing Results: Prec@1 63.820 Prec@5 94.270 Loss 1.62503
Epoch [87] Testing Class Recall: [0.926,0.707,0.607,0.720,0.589,0.316,0.508,0.496,0.674,0.839]
Epoch [88] Training Results: Prec@1 95.252 Prec@5 99.976 Loss 0.13604
Epoch [88] Training Class Recall: [0.982,0.987,0.929,0.903,0.888,0.791,0.879,0.842,0.783,0.840]
Epoch [88] Testing Results: Prec@1 65.290 Prec@5 96.320 Loss 1.75990
Epoch [88] Testing Class Recall: [0.969,0.925,0.551,0.630,0.685,0.812,0.446,0.376,0.603,0.532]
Epoch [89] Training Results: Prec@1 95.752 Prec@5 99.976 Loss 0.12624
Epoch [89] Training Class Recall: [0.984,0.989,0.928,0.905,0.916,0.837,0.888,0.906,0.831,0.780]
Epoch [89] Testing Results: Prec@1 66.530 Prec@5 96.230 Loss 1.54028
Epoch [89] Testing Class Recall: [0.901,0.976,0.844,0.568,0.657,0.530,0.416,0.681,0.464,0.616]
Epoch [90] Training Results: Prec@1 95.172 Prec@5 99.952 Loss 0.13819
Epoch [90] Training Class Recall: [0.980,0.985,0.924,0.890,0.910,0.824,0.849,0.892,0.855,0.760]
Epoch [90] Testing Results: Prec@1 62.010 Prec@5 95.020 Loss 2.13408
Epoch [90] Testing Class Recall: [0.944,0.870,0.672,0.555,0.449,0.702,0.908,0.439,0.280,0.382]
Epoch [91] Training Results: Prec@1 95.196 Prec@5 99.968 Loss 0.13596
Epoch [91] Training Class Recall: [0.981,0.989,0.925,0.892,0.879,0.837,0.866,0.849,0.867,0.760]
Epoch [91] Testing Results: Prec@1 59.750 Prec@5 93.040 Loss 2.23403
Epoch [91] Testing Class Recall: [0.865,0.984,0.770,0.635,0.622,0.510,0.891,0.323,0.270,0.105]
Epoch [92] Training Results: Prec@1 95.301 Prec@5 99.992 Loss 0.13697
Epoch [92] Training Class Recall: [0.981,0.986,0.925,0.902,0.899,0.822,0.866,0.863,0.819,0.840]
Epoch [92] Testing Results: Prec@1 59.200 Prec@5 95.780 Loss 2.03720
Epoch [92] Testing Class Recall: [0.981,0.975,0.738,0.574,0.765,0.185,0.455,0.420,0.437,0.390]
Epoch [93] Training Results: Prec@1 95.180 Prec@5 99.976 Loss 0.13918
Epoch [93] Training Class Recall: [0.984,0.987,0.929,0.878,0.901,0.806,0.866,0.827,0.819,0.760]
Epoch [93] Testing Results: Prec@1 64.370 Prec@5 95.510 Loss 1.81040
Epoch [93] Testing Class Recall: [0.961,0.969,0.634,0.797,0.650,0.422,0.616,0.316,0.534,0.538]
Epoch [94] Training Results: Prec@1 95.567 Prec@5 99.976 Loss 0.12720
Epoch [94] Training Class Recall: [0.985,0.990,0.931,0.903,0.879,0.845,0.845,0.863,0.867,0.780]
Epoch [94] Testing Results: Prec@1 62.150 Prec@5 95.310 Loss 1.90243
Epoch [94] Testing Class Recall: [0.968,0.949,0.576,0.754,0.629,0.516,0.312,0.753,0.276,0.482]
Epoch [95] Training Results: Prec@1 95.542 Prec@5 99.976 Loss 0.12677
Epoch [95] Training Class Recall: [0.984,0.987,0.936,0.908,0.909,0.783,0.914,0.827,0.807,0.660]
Epoch [95] Testing Results: Prec@1 60.890 Prec@5 96.350 Loss 1.95019
Epoch [95] Testing Class Recall: [0.966,0.959,0.872,0.716,0.652,0.308,0.264,0.531,0.338,0.483]
Epoch [96] Training Results: Prec@1 95.115 Prec@5 99.984 Loss 0.14105
Epoch [96] Training Class Recall: [0.981,0.987,0.924,0.894,0.895,0.814,0.897,0.806,0.771,0.740]
Epoch [96] Testing Results: Prec@1 55.840 Prec@5 94.990 Loss 2.26356
Epoch [96] Testing Class Recall: [0.952,0.971,0.855,0.449,0.383,0.371,0.548,0.434,0.392,0.229]
Epoch [97] Training Results: Prec@1 95.696 Prec@5 99.992 Loss 0.12633
Epoch [97] Training Class Recall: [0.982,0.988,0.937,0.890,0.909,0.840,0.901,0.885,0.867,0.880]
Epoch [97] Testing Results: Prec@1 63.710 Prec@5 96.380 Loss 1.80920
Epoch [97] Testing Class Recall: [0.926,0.979,0.725,0.725,0.823,0.337,0.668,0.346,0.619,0.223]
Epoch [98] Training Results: Prec@1 94.817 Prec@5 99.944 Loss 0.14755
Epoch [98] Training Class Recall: [0.978,0.986,0.919,0.885,0.890,0.788,0.884,0.885,0.807,0.780]
Epoch [98] Testing Results: Prec@1 60.580 Prec@5 96.380 Loss 2.20717
Epoch [98] Testing Class Recall: [0.982,0.919,0.721,0.464,0.885,0.597,0.704,0.376,0.110,0.300]
Epoch [99] Training Results: Prec@1 96.066 Prec@5 99.992 Loss 0.11768
Epoch [99] Training Class Recall: [0.987,0.988,0.940,0.904,0.913,0.824,0.909,0.899,0.916,0.820]
Epoch [99] Testing Results: Prec@1 61.880 Prec@5 95.880 Loss 2.08942
Epoch [99] Testing Class Recall: [0.968,0.953,0.768,0.759,0.710,0.455,0.633,0.342,0.338,0.262]
Epoch [100] Training Results: Prec@1 95.929 Prec@5 100.000 Loss 0.11349
Epoch [100] Training Class Recall: [0.985,0.992,0.932,0.917,0.901,0.835,0.871,0.885,0.867,0.820]
Epoch [100] Testing Results: Prec@1 68.440 Prec@5 96.630 Loss 1.50091
Epoch [100] Testing Class Recall: [0.952,0.968,0.762,0.669,0.538,0.498,0.836,0.493,0.603,0.525]
Epoch [101] Training Results: Prec@1 95.526 Prec@5 99.984 Loss 0.12625
Epoch [101] Training Class Recall: [0.981,0.987,0.935,0.904,0.905,0.829,0.871,0.842,0.807,0.840]
Epoch [101] Testing Results: Prec@1 64.250 Prec@5 96.030 Loss 1.74885
Epoch [101] Testing Class Recall: [0.975,0.962,0.628,0.584,0.578,0.706,0.469,0.713,0.401,0.409]
Epoch [102] Training Results: Prec@1 95.293 Prec@5 99.968 Loss 0.13321
Epoch [102] Training Class Recall: [0.980,0.986,0.925,0.903,0.918,0.827,0.853,0.842,0.867,0.740]
Epoch [102] Testing Results: Prec@1 56.380 Prec@5 94.490 Loss 2.31110
Epoch [102] Testing Class Recall: [0.992,0.978,0.615,0.468,0.651,0.360,0.754,0.293,0.282,0.245]
Epoch [103] Training Results: Prec@1 95.647 Prec@5 99.968 Loss 0.12639
Epoch [103] Training Class Recall: [0.982,0.988,0.930,0.898,0.918,0.827,0.914,0.849,0.867,0.840]
Epoch [103] Testing Results: Prec@1 59.180 Prec@5 95.420 Loss 2.09490
Epoch [103] Testing Class Recall: [0.960,0.953,0.826,0.606,0.784,0.295,0.628,0.342,0.305,0.219]
Epoch [104] Training Results: Prec@1 95.873 Prec@5 99.976 Loss 0.12188
Epoch [104] Training Class Recall: [0.985,0.991,0.937,0.892,0.912,0.845,0.888,0.856,0.880,0.860]
Epoch [104] Testing Results: Prec@1 64.070 Prec@5 96.410 Loss 1.86980
Epoch [104] Testing Class Recall: [0.852,0.961,0.811,0.892,0.731,0.361,0.399,0.509,0.398,0.493]
Epoch [105] Training Results: Prec@1 96.042 Prec@5 99.992 Loss 0.11366
Epoch [105] Training Class Recall: [0.985,0.990,0.938,0.910,0.912,0.848,0.918,0.885,0.783,0.860]
Epoch [105] Testing Results: Prec@1 68.580 Prec@5 96.760 Loss 1.38874
Epoch [105] Testing Class Recall: [0.909,0.899,0.856,0.561,0.749,0.617,0.738,0.647,0.367,0.515]
Epoch [106] Training Results: Prec@1 95.784 Prec@5 99.984 Loss 0.11427
Epoch [106] Training Class Recall: [0.984,0.987,0.927,0.907,0.926,0.855,0.888,0.871,0.855,0.800]
Epoch [106] Testing Results: Prec@1 64.760 Prec@5 96.650 Loss 1.78938
Epoch [106] Testing Class Recall: [0.972,0.973,0.824,0.765,0.508,0.452,0.625,0.536,0.360,0.461]
Epoch [107] Training Results: Prec@1 95.607 Prec@5 99.984 Loss 0.12702
Epoch [107] Training Class Recall: [0.981,0.988,0.938,0.903,0.902,0.829,0.875,0.863,0.940,0.720]
Epoch [107] Testing Results: Prec@1 66.610 Prec@5 96.240 Loss 1.45023
Epoch [107] Testing Class Recall: [0.943,0.947,0.846,0.621,0.623,0.425,0.814,0.396,0.344,0.702]
Epoch [108] Training Results: Prec@1 95.083 Prec@5 99.936 Loss 0.13915
Epoch [108] Training Class Recall: [0.979,0.986,0.922,0.890,0.896,0.829,0.914,0.791,0.855,0.800]
Epoch [108] Testing Results: Prec@1 63.120 Prec@5 96.060 Loss 1.89680
Epoch [108] Testing Class Recall: [0.923,0.976,0.592,0.719,0.876,0.548,0.553,0.534,0.416,0.175]
Epoch [109] Training Results: Prec@1 95.414 Prec@5 99.976 Loss 0.12874
Epoch [109] Training Class Recall: [0.982,0.989,0.929,0.888,0.910,0.819,0.836,0.914,0.855,0.860]
Epoch [109] Testing Results: Prec@1 62.270 Prec@5 96.290 Loss 2.13641
Epoch [109] Testing Class Recall: [0.874,0.934,0.837,0.904,0.637,0.106,0.591,0.366,0.341,0.637]
Epoch [110] Training Results: Prec@1 95.929 Prec@5 99.968 Loss 0.12016
Epoch [110] Training Class Recall: [0.987,0.990,0.940,0.904,0.901,0.845,0.853,0.885,0.880,0.720]
Epoch [110] Testing Results: Prec@1 67.650 Prec@5 95.800 Loss 1.60880
Epoch [110] Testing Class Recall: [0.918,0.929,0.729,0.672,0.712,0.417,0.905,0.435,0.500,0.548]
Epoch [111] Training Results: Prec@1 95.970 Prec@5 99.992 Loss 0.11877
Epoch [111] Training Class Recall: [0.985,0.988,0.942,0.908,0.901,0.868,0.871,0.878,0.831,0.840]
Epoch [111] Testing Results: Prec@1 60.430 Prec@5 95.540 Loss 2.13732
Epoch [111] Testing Class Recall: [0.983,0.983,0.708,0.655,0.714,0.345,0.530,0.522,0.240,0.363]
Epoch [112] Training Results: Prec@1 96.131 Prec@5 99.976 Loss 0.10978
Epoch [112] Training Class Recall: [0.985,0.986,0.937,0.914,0.929,0.879,0.892,0.885,0.855,0.840]
Epoch [112] Testing Results: Prec@1 66.040 Prec@5 96.330 Loss 1.75554
Epoch [112] Testing Class Recall: [0.973,0.961,0.784,0.402,0.849,0.458,0.707,0.506,0.444,0.520]
Epoch [113] Training Results: Prec@1 95.260 Prec@5 99.968 Loss 0.13836
Epoch [113] Training Class Recall: [0.978,0.985,0.926,0.903,0.891,0.837,0.901,0.871,0.819,0.820]
Epoch [113] Testing Results: Prec@1 64.940 Prec@5 95.610 Loss 1.74110
Epoch [113] Testing Class Recall: [0.964,0.955,0.803,0.745,0.725,0.496,0.660,0.503,0.403,0.240]
Epoch [114] Training Results: Prec@1 95.462 Prec@5 99.984 Loss 0.12541
Epoch [114] Training Class Recall: [0.982,0.986,0.934,0.896,0.899,0.853,0.879,0.856,0.783,0.820]
Epoch [114] Testing Results: Prec@1 62.150 Prec@5 96.420 Loss 2.02439
Epoch [114] Testing Class Recall: [0.980,0.939,0.802,0.664,0.693,0.525,0.659,0.549,0.229,0.175]
Epoch [115] Training Results: Prec@1 96.026 Prec@5 99.992 Loss 0.11073
Epoch [115] Training Class Recall: [0.985,0.988,0.937,0.916,0.919,0.845,0.892,0.871,0.819,0.800]
Epoch [115] Testing Results: Prec@1 66.700 Prec@5 95.630 Loss 1.56489
Epoch [115] Testing Class Recall: [0.919,0.813,0.779,0.762,0.746,0.451,0.398,0.695,0.255,0.852]
Epoch [116] Training Results: Prec@1 96.228 Prec@5 99.992 Loss 0.11234
Epoch [116] Training Class Recall: [0.983,0.991,0.947,0.916,0.912,0.863,0.897,0.863,0.867,0.820]
Epoch [116] Testing Results: Prec@1 63.110 Prec@5 96.490 Loss 1.98224
Epoch [116] Testing Class Recall: [0.965,0.965,0.749,0.709,0.824,0.392,0.622,0.403,0.494,0.188]
Epoch [117] Training Results: Prec@1 95.381 Prec@5 99.992 Loss 0.12889
Epoch [117] Training Class Recall: [0.981,0.985,0.924,0.910,0.905,0.832,0.884,0.871,0.807,0.800]
Epoch [117] Testing Results: Prec@1 64.080 Prec@5 96.070 Loss 1.88922
Epoch [117] Testing Class Recall: [0.885,0.990,0.855,0.698,0.709,0.298,0.660,0.592,0.435,0.286]
Epoch [118] Training Results: Prec@1 96.195 Prec@5 99.960 Loss 0.11042
Epoch [118] Training Class Recall: [0.987,0.987,0.947,0.904,0.919,0.863,0.888,0.871,0.831,0.820]
Epoch [118] Testing Results: Prec@1 63.650 Prec@5 95.900 Loss 1.95315
Epoch [118] Testing Class Recall: [0.953,0.979,0.832,0.614,0.618,0.730,0.567,0.420,0.269,0.383]
Epoch [119] Training Results: Prec@1 95.575 Prec@5 99.984 Loss 0.12868
Epoch [119] Training Class Recall: [0.982,0.989,0.930,0.910,0.899,0.832,0.836,0.885,0.916,0.800]
Epoch [119] Testing Results: Prec@1 65.080 Prec@5 97.030 Loss 1.75678
Epoch [119] Testing Class Recall: [0.963,0.955,0.670,0.775,0.750,0.527,0.691,0.597,0.263,0.317]
Epoch [120] Training Results: Prec@1 96.308 Prec@5 100.000 Loss 0.11014
Epoch [120] Training Class Recall: [0.985,0.991,0.946,0.926,0.916,0.860,0.897,0.820,0.855,0.760]
Epoch [120] Testing Results: Prec@1 68.560 Prec@5 96.990 Loss 1.48737
Epoch [120] Testing Class Recall: [0.975,0.954,0.591,0.676,0.718,0.553,0.566,0.719,0.369,0.735]
Epoch [121] Training Results: Prec@1 96.340 Prec@5 99.984 Loss 0.10489
Epoch [121] Training Class Recall: [0.985,0.991,0.947,0.894,0.918,0.891,0.931,0.885,0.880,0.900]
Epoch [121] Testing Results: Prec@1 70.670 Prec@5 97.580 Loss 1.33820
Epoch [121] Testing Class Recall: [0.972,0.937,0.718,0.728,0.724,0.590,0.795,0.623,0.425,0.555]
Epoch [122] Training Results: Prec@1 96.494 Prec@5 100.000 Loss 0.10052
Epoch [122] Training Class Recall: [0.986,0.990,0.948,0.916,0.922,0.886,0.901,0.892,0.867,0.880]
Epoch [122] Testing Results: Prec@1 60.320 Prec@5 94.710 Loss 2.20188
Epoch [122] Testing Class Recall: [0.872,0.961,0.824,0.873,0.661,0.278,0.698,0.252,0.410,0.203]
Epoch [123] Training Results: Prec@1 96.026 Prec@5 99.976 Loss 0.11202
Epoch [123] Training Class Recall: [0.983,0.989,0.944,0.905,0.922,0.855,0.875,0.885,0.867,0.800]
Epoch [123] Testing Results: Prec@1 66.170 Prec@5 95.260 Loss 1.56957
Epoch [123] Testing Class Recall: [0.945,0.884,0.642,0.730,0.818,0.392,0.253,0.434,0.665,0.854]
Epoch [124] Training Results: Prec@1 96.228 Prec@5 99.984 Loss 0.11152
Epoch [124] Training Class Recall: [0.981,0.990,0.941,0.923,0.921,0.866,0.897,0.892,0.916,0.900]
Epoch [124] Testing Results: Prec@1 60.290 Prec@5 95.820 Loss 2.25584
Epoch [124] Testing Class Recall: [0.977,0.972,0.763,0.540,0.504,0.771,0.698,0.316,0.282,0.206]
Epoch [125] Training Results: Prec@1 96.115 Prec@5 99.984 Loss 0.11272
Epoch [125] Training Class Recall: [0.983,0.990,0.935,0.912,0.907,0.889,0.918,0.871,0.892,0.900]
Epoch [125] Testing Results: Prec@1 60.880 Prec@5 96.290 Loss 2.16293
Epoch [125] Testing Class Recall: [0.943,0.965,0.897,0.593,0.743,0.511,0.370,0.536,0.225,0.305]
Epoch [126] Training Results: Prec@1 96.018 Prec@5 99.968 Loss 0.11064
Epoch [126] Training Class Recall: [0.984,0.987,0.942,0.913,0.924,0.860,0.871,0.835,0.904,0.780]
Epoch [126] Testing Results: Prec@1 64.270 Prec@5 95.310 Loss 1.80776
Epoch [126] Testing Class Recall: [0.891,0.960,0.844,0.755,0.778,0.546,0.638,0.423,0.412,0.180]
Epoch [127] Training Results: Prec@1 96.139 Prec@5 99.992 Loss 0.11406
Epoch [127] Training Class Recall: [0.985,0.991,0.937,0.913,0.921,0.858,0.892,0.899,0.855,0.820]
Epoch [127] Testing Results: Prec@1 59.350 Prec@5 95.220 Loss 2.22701
Epoch [127] Testing Class Recall: [0.944,0.985,0.865,0.677,0.613,0.541,0.452,0.234,0.497,0.127]
Epoch [128] Training Results: Prec@1 96.413 Prec@5 99.984 Loss 0.09901
Epoch [128] Training Class Recall: [0.987,0.988,0.945,0.920,0.930,0.858,0.888,0.892,0.892,0.800]
Epoch [128] Testing Results: Prec@1 64.920 Prec@5 96.400 Loss 1.83319
Epoch [128] Testing Class Recall: [0.942,0.989,0.730,0.489,0.830,0.693,0.628,0.581,0.356,0.254]
Epoch [129] Training Results: Prec@1 95.808 Prec@5 99.968 Loss 0.11691
Epoch [129] Training Class Recall: [0.984,0.989,0.943,0.902,0.913,0.809,0.892,0.849,0.855,0.820]
Epoch [129] Testing Results: Prec@1 65.820 Prec@5 95.860 Loss 1.74747
Epoch [129] Testing Class Recall: [0.886,0.996,0.784,0.719,0.718,0.657,0.750,0.332,0.523,0.217]
Epoch [130] Training Results: Prec@1 95.913 Prec@5 99.968 Loss 0.11884
Epoch [130] Training Class Recall: [0.985,0.989,0.934,0.898,0.913,0.850,0.905,0.906,0.916,0.720]
Epoch [130] Testing Results: Prec@1 63.760 Prec@5 94.460 Loss 1.98529
Epoch [130] Testing Class Recall: [0.885,0.919,0.775,0.737,0.852,0.622,0.175,0.674,0.165,0.572]
Epoch [131] Training Results: Prec@1 95.946 Prec@5 99.984 Loss 0.12024
Epoch [131] Training Class Recall: [0.982,0.990,0.935,0.921,0.918,0.873,0.884,0.871,0.759,0.760]
Epoch [131] Testing Results: Prec@1 68.350 Prec@5 97.090 Loss 1.31139
Epoch [131] Testing Class Recall: [0.963,0.955,0.799,0.500,0.664,0.736,0.574,0.497,0.594,0.553]
Epoch [132] Training Results: Prec@1 96.526 Prec@5 100.000 Loss 0.10388
Epoch [132] Training Class Recall: [0.985,0.990,0.949,0.925,0.938,0.860,0.909,0.871,0.880,0.840]
Epoch [132] Testing Results: Prec@1 65.310 Prec@5 97.350 Loss 1.74182
Epoch [132] Testing Class Recall: [0.964,0.933,0.817,0.665,0.565,0.558,0.572,0.669,0.509,0.279]
Epoch [133] Training Results: Prec@1 95.760 Prec@5 99.992 Loss 0.11846
Epoch [133] Training Class Recall: [0.984,0.989,0.933,0.910,0.896,0.868,0.862,0.863,0.843,0.780]
Epoch [133] Testing Results: Prec@1 60.880 Prec@5 95.340 Loss 2.09644
Epoch [133] Testing Class Recall: [0.977,0.927,0.773,0.752,0.674,0.297,0.513,0.356,0.339,0.480]
Epoch [134] Training Results: Prec@1 96.598 Prec@5 100.000 Loss 0.10070
Epoch [134] Training Class Recall: [0.988,0.993,0.940,0.928,0.933,0.866,0.892,0.871,0.916,0.780]
Epoch [134] Testing Results: Prec@1 68.380 Prec@5 97.140 Loss 1.54241
Epoch [134] Testing Class Recall: [0.948,0.950,0.858,0.681,0.752,0.461,0.718,0.624,0.366,0.480]
Epoch [135] Training Results: Prec@1 95.954 Prec@5 99.984 Loss 0.11429
Epoch [135] Training Class Recall: [0.983,0.987,0.937,0.909,0.909,0.873,0.892,0.942,0.843,0.780]
Epoch [135] Testing Results: Prec@1 62.030 Prec@5 95.840 Loss 2.03556
Epoch [135] Testing Class Recall: [0.970,0.963,0.822,0.784,0.667,0.591,0.355,0.415,0.261,0.375]
Epoch [136] Training Results: Prec@1 96.123 Prec@5 99.968 Loss 0.11273
Epoch [136] Training Class Recall: [0.985,0.990,0.938,0.915,0.924,0.842,0.905,0.863,0.867,0.860]
Epoch [136] Testing Results: Prec@1 62.090 Prec@5 95.620 Loss 2.19130
Epoch [136] Testing Class Recall: [0.962,0.963,0.784,0.698,0.702,0.438,0.620,0.367,0.516,0.159]
Epoch [137] Training Results: Prec@1 96.598 Prec@5 99.992 Loss 0.10366
Epoch [137] Training Class Recall: [0.985,0.991,0.943,0.929,0.933,0.884,0.892,0.906,0.928,0.820]
Epoch [137] Testing Results: Prec@1 59.520 Prec@5 95.870 Loss 2.34398
Epoch [137] Testing Class Recall: [0.986,0.944,0.800,0.642,0.611,0.586,0.276,0.634,0.384,0.089]
Epoch [138] Training Results: Prec@1 96.550 Prec@5 99.992 Loss 0.10287
Epoch [138] Training Class Recall: [0.990,0.992,0.943,0.923,0.924,0.868,0.901,0.885,0.783,0.820]
Epoch [138] Testing Results: Prec@1 67.590 Prec@5 95.940 Loss 1.59850
Epoch [138] Testing Class Recall: [0.895,0.986,0.792,0.609,0.637,0.313,0.640,0.622,0.656,0.609]
Epoch [139] Training Results: Prec@1 95.817 Prec@5 100.000 Loss 0.11817
Epoch [139] Training Class Recall: [0.983,0.989,0.942,0.882,0.918,0.855,0.909,0.885,0.795,0.860]
Epoch [139] Testing Results: Prec@1 61.680 Prec@5 95.050 Loss 2.26838
Epoch [139] Testing Class Recall: [0.963,0.991,0.832,0.688,0.672,0.499,0.577,0.651,0.097,0.198]
Epoch [140] Training Results: Prec@1 95.784 Prec@5 100.000 Loss 0.12235
Epoch [140] Training Class Recall: [0.982,0.989,0.930,0.915,0.912,0.871,0.879,0.856,0.807,0.740]
Epoch [140] Testing Results: Prec@1 61.960 Prec@5 96.550 Loss 2.01204
Epoch [140] Testing Class Recall: [0.979,0.879,0.765,0.388,0.584,0.800,0.652,0.471,0.441,0.237]
Epoch [141] Training Results: Prec@1 96.203 Prec@5 99.976 Loss 0.10872
Epoch [141] Training Class Recall: [0.985,0.990,0.940,0.908,0.927,0.858,0.888,0.892,0.916,0.800]
Epoch [141] Testing Results: Prec@1 61.360 Prec@5 96.380 Loss 2.13969
Epoch [141] Testing Class Recall: [0.977,0.923,0.818,0.674,0.716,0.426,0.334,0.727,0.294,0.247]
Epoch [142] Training Results: Prec@1 95.583 Prec@5 99.976 Loss 0.12412
Epoch [142] Training Class Recall: [0.983,0.987,0.931,0.900,0.909,0.848,0.875,0.842,0.855,0.800]
Epoch [142] Testing Results: Prec@1 70.060 Prec@5 97.220 Loss 1.37814
Epoch [142] Testing Class Recall: [0.930,0.980,0.871,0.646,0.602,0.603,0.658,0.516,0.595,0.605]
Epoch [143] Training Results: Prec@1 96.389 Prec@5 99.976 Loss 0.10262
Epoch [143] Training Class Recall: [0.986,0.989,0.941,0.915,0.919,0.886,0.909,0.935,0.892,0.760]
Epoch [143] Testing Results: Prec@1 68.430 Prec@5 96.680 Loss 1.50976
Epoch [143] Testing Class Recall: [0.937,0.984,0.856,0.736,0.825,0.468,0.554,0.418,0.623,0.442]
Epoch [144] Training Results: Prec@1 97.042 Prec@5 99.992 Loss 0.08640
Epoch [144] Training Class Recall: [0.986,0.992,0.953,0.942,0.932,0.917,0.922,0.906,0.855,0.900]
Epoch [144] Testing Results: Prec@1 63.690 Prec@5 96.470 Loss 1.98773
Epoch [144] Testing Class Recall: [0.969,0.957,0.788,0.739,0.780,0.450,0.385,0.430,0.317,0.554]
Epoch [145] Training Results: Prec@1 96.260 Prec@5 99.992 Loss 0.10927
Epoch [145] Training Class Recall: [0.983,0.989,0.937,0.925,0.943,0.860,0.901,0.921,0.855,0.720]
Epoch [145] Testing Results: Prec@1 67.990 Prec@5 96.860 Loss 1.53124
Epoch [145] Testing Class Recall: [0.967,0.899,0.633,0.573,0.801,0.750,0.439,0.490,0.431,0.816]
Epoch [146] Training Results: Prec@1 95.929 Prec@5 100.000 Loss 0.11657
Epoch [146] Training Class Recall: [0.983,0.986,0.934,0.916,0.913,0.866,0.875,0.892,0.843,0.900]
Epoch [146] Testing Results: Prec@1 67.990 Prec@5 96.240 Loss 1.55310
Epoch [146] Testing Class Recall: [0.944,0.914,0.784,0.723,0.419,0.697,0.770,0.269,0.536,0.743]
Epoch [147] Training Results: Prec@1 96.284 Prec@5 99.976 Loss 0.10352
Epoch [147] Training Class Recall: [0.987,0.990,0.938,0.918,0.922,0.871,0.892,0.885,0.880,0.760]
Epoch [147] Testing Results: Prec@1 68.200 Prec@5 97.150 Loss 1.50606
Epoch [147] Testing Class Recall: [0.906,0.954,0.850,0.770,0.705,0.504,0.537,0.570,0.555,0.469]
Epoch [148] Training Results: Prec@1 96.526 Prec@5 99.976 Loss 0.09835
Epoch [148] Training Class Recall: [0.987,0.990,0.945,0.914,0.944,0.855,0.914,0.878,0.819,0.960]
Epoch [148] Testing Results: Prec@1 58.540 Prec@5 95.400 Loss 2.23042
Epoch [148] Testing Class Recall: [0.938,0.987,0.642,0.795,0.460,0.560,0.368,0.357,0.588,0.159]
Epoch [149] Training Results: Prec@1 96.478 Prec@5 100.000 Loss 0.10187
Epoch [149] Training Class Recall: [0.985,0.987,0.947,0.916,0.930,0.891,0.905,0.928,0.867,0.840]
Epoch [149] Testing Results: Prec@1 60.220 Prec@5 96.020 Loss 2.25516
Epoch [149] Testing Class Recall: [0.925,0.955,0.908,0.688,0.691,0.426,0.330,0.525,0.444,0.130]
Epoch [150] Training Results: Prec@1 96.510 Prec@5 100.000 Loss 0.10035
Epoch [150] Training Class Recall: [0.985,0.992,0.943,0.919,0.927,0.889,0.909,0.878,0.867,0.840]
Epoch [150] Testing Results: Prec@1 60.440 Prec@5 95.410 Loss 2.22445
Epoch [150] Testing Class Recall: [0.974,0.963,0.800,0.732,0.746,0.381,0.399,0.452,0.249,0.348]
Epoch [151] Training Results: Prec@1 96.139 Prec@5 99.984 Loss 0.10809
Epoch [151] Training Class Recall: [0.984,0.990,0.939,0.915,0.916,0.855,0.909,0.892,0.843,0.840]
Epoch [151] Testing Results: Prec@1 66.460 Prec@5 96.740 Loss 1.71700
Epoch [151] Testing Class Recall: [0.942,0.963,0.804,0.759,0.778,0.469,0.799,0.475,0.298,0.359]
Epoch [152] Training Results: Prec@1 96.655 Prec@5 99.984 Loss 0.09591
Epoch [152] Training Class Recall: [0.987,0.993,0.952,0.925,0.909,0.902,0.897,0.871,0.819,0.900]
Epoch [152] Testing Results: Prec@1 70.120 Prec@5 97.570 Loss 1.49684
Epoch [152] Testing Class Recall: [0.956,0.990,0.777,0.736,0.589,0.645,0.711,0.663,0.560,0.385]
Epoch [153] Training Results: Prec@1 96.478 Prec@5 99.992 Loss 0.10120
Epoch [153] Training Class Recall: [0.986,0.992,0.945,0.915,0.918,0.879,0.909,0.871,0.928,0.820]
Epoch [153] Testing Results: Prec@1 65.890 Prec@5 96.400 Loss 1.64038
Epoch [153] Testing Class Recall: [0.976,0.957,0.545,0.742,0.751,0.573,0.643,0.462,0.446,0.494]
Epoch [154] Training Results: Prec@1 95.946 Prec@5 100.000 Loss 0.10779
Epoch [154] Training Class Recall: [0.983,0.985,0.937,0.911,0.929,0.863,0.897,0.906,0.831,0.740]
Epoch [154] Testing Results: Prec@1 65.130 Prec@5 96.920 Loss 1.96876
Epoch [154] Testing Class Recall: [0.964,0.950,0.754,0.731,0.702,0.506,0.694,0.419,0.429,0.364]
Epoch [155] Training Results: Prec@1 96.671 Prec@5 99.992 Loss 0.09566
Epoch [155] Training Class Recall: [0.985,0.989,0.949,0.925,0.940,0.897,0.914,0.878,0.892,0.840]
Epoch [155] Testing Results: Prec@1 68.980 Prec@5 96.350 Loss 1.63871
Epoch [155] Testing Class Recall: [0.967,0.964,0.764,0.769,0.656,0.446,0.444,0.654,0.576,0.658]
Epoch [156] Training Results: Prec@1 96.437 Prec@5 99.992 Loss 0.09877
Epoch [156] Training Class Recall: [0.983,0.990,0.949,0.916,0.935,0.891,0.909,0.885,0.831,0.800]
Epoch [156] Testing Results: Prec@1 64.860 Prec@5 96.330 Loss 1.68655
Epoch [156] Testing Class Recall: [0.964,0.915,0.813,0.632,0.710,0.644,0.331,0.666,0.365,0.446]
Epoch [157] Training Results: Prec@1 96.276 Prec@5 99.992 Loss 0.10613
Epoch [157] Training Class Recall: [0.984,0.987,0.948,0.918,0.916,0.879,0.897,0.906,0.843,0.760]
Epoch [157] Testing Results: Prec@1 69.370 Prec@5 97.290 Loss 1.47210
Epoch [157] Testing Class Recall: [0.955,0.961,0.722,0.570,0.904,0.598,0.636,0.526,0.427,0.638]
Epoch [158] Training Results: Prec@1 96.421 Prec@5 100.000 Loss 0.10615
Epoch [158] Training Class Recall: [0.986,0.990,0.946,0.923,0.918,0.871,0.853,0.906,0.928,0.780]
Epoch [158] Testing Results: Prec@1 56.500 Prec@5 93.420 Loss 2.44626
Epoch [158] Testing Class Recall: [0.883,0.996,0.727,0.398,0.764,0.256,0.323,0.449,0.393,0.461]
Epoch [159] Training Results: Prec@1 96.469 Prec@5 99.984 Loss 0.10044
Epoch [159] Training Class Recall: [0.984,0.992,0.940,0.919,0.936,0.889,0.892,0.892,0.855,0.940]
Epoch [159] Testing Results: Prec@1 66.680 Prec@5 96.780 Loss 1.63057
Epoch [159] Testing Class Recall: [0.959,0.964,0.811,0.610,0.701,0.686,0.611,0.479,0.577,0.270]
Epoch [160] Training Results: Prec@1 96.864 Prec@5 99.992 Loss 0.02682
Epoch [160] Training Class Recall: [0.989,0.991,0.951,0.864,0.944,0.953,0.983,0.986,0.892,0.900]
Epoch [160] Testing Results: Prec@1 69.870 Prec@5 97.550 Loss 2.60877
Epoch [160] Testing Class Recall: [0.956,0.963,0.833,0.627,0.758,0.623,0.682,0.626,0.522,0.397]
Epoch [161] Training Results: Prec@1 97.332 Prec@5 99.968 Loss 0.01977
Epoch [161] Training Class Recall: [0.986,0.993,0.957,0.898,0.967,0.951,0.974,0.964,0.964,0.960]
Epoch [161] Testing Results: Prec@1 71.210 Prec@5 97.660 Loss 2.34687
Epoch [161] Testing Class Recall: [0.954,0.964,0.814,0.654,0.781,0.609,0.696,0.644,0.538,0.467]
Epoch [162] Training Results: Prec@1 97.453 Prec@5 99.992 Loss 0.01782
Epoch [162] Training Class Recall: [0.989,0.991,0.959,0.900,0.960,0.969,0.974,0.964,0.976,0.920]
Epoch [162] Testing Results: Prec@1 71.560 Prec@5 97.650 Loss 2.27574
Epoch [162] Testing Class Recall: [0.951,0.966,0.830,0.656,0.759,0.621,0.689,0.639,0.554,0.491]
Epoch [163] Training Results: Prec@1 97.267 Prec@5 100.000 Loss 0.01660
Epoch [163] Training Class Recall: [0.987,0.993,0.957,0.893,0.950,0.956,0.978,0.971,0.988,1.000]
Epoch [163] Testing Results: Prec@1 71.680 Prec@5 97.690 Loss 2.25807
Epoch [163] Testing Class Recall: [0.952,0.960,0.823,0.673,0.766,0.602,0.699,0.643,0.568,0.482]
Epoch [164] Training Results: Prec@1 97.783 Prec@5 100.000 Loss 0.01462
Epoch [164] Training Class Recall: [0.988,0.994,0.961,0.922,0.963,0.974,0.987,0.971,1.000,0.960]
Epoch [164] Testing Results: Prec@1 71.770 Prec@5 97.680 Loss 2.22804
Epoch [164] Testing Class Recall: [0.947,0.960,0.834,0.685,0.767,0.587,0.706,0.641,0.558,0.492]
Epoch [165] Training Results: Prec@1 97.775 Prec@5 99.992 Loss 0.01544
Epoch [165] Training Class Recall: [0.988,0.992,0.959,0.927,0.971,0.964,0.991,0.978,0.976,0.940]
Epoch [165] Testing Results: Prec@1 72.090 Prec@5 97.660 Loss 2.19400
Epoch [165] Testing Class Recall: [0.947,0.968,0.828,0.698,0.777,0.588,0.692,0.636,0.562,0.513]
Epoch [166] Training Results: Prec@1 97.751 Prec@5 99.992 Loss 0.01348
Epoch [166] Training Class Recall: [0.986,0.993,0.962,0.934,0.967,0.953,0.974,0.978,1.000,0.980]
Epoch [166] Testing Results: Prec@1 72.210 Prec@5 97.710 Loss 2.13163
Epoch [166] Testing Class Recall: [0.946,0.962,0.832,0.685,0.767,0.607,0.696,0.633,0.585,0.508]
Epoch [167] Training Results: Prec@1 97.920 Prec@5 100.000 Loss 0.01307
Epoch [167] Training Class Recall: [0.986,0.994,0.964,0.942,0.960,0.969,0.991,0.986,0.988,0.980]
Epoch [167] Testing Results: Prec@1 72.640 Prec@5 97.720 Loss 2.04199
Epoch [167] Testing Class Recall: [0.948,0.961,0.828,0.681,0.778,0.598,0.698,0.644,0.575,0.553]
Epoch [168] Training Results: Prec@1 97.880 Prec@5 100.000 Loss 0.01240
Epoch [168] Training Class Recall: [0.988,0.995,0.957,0.943,0.964,0.956,0.987,0.971,0.988,1.000]
Epoch [168] Testing Results: Prec@1 72.010 Prec@5 97.650 Loss 2.19835
Epoch [168] Testing Class Recall: [0.950,0.970,0.840,0.684,0.752,0.593,0.707,0.642,0.554,0.509]
Epoch [169] Training Results: Prec@1 98.259 Prec@5 99.992 Loss 0.01174
Epoch [169] Training Class Recall: [0.990,0.993,0.965,0.950,0.975,0.987,0.987,0.993,0.976,0.960]
Epoch [169] Testing Results: Prec@1 72.260 Prec@5 97.750 Loss 2.16594
Epoch [169] Testing Class Recall: [0.952,0.963,0.824,0.697,0.769,0.610,0.687,0.657,0.558,0.509]
Epoch [170] Training Results: Prec@1 98.082 Prec@5 99.984 Loss 0.01126
Epoch [170] Training Class Recall: [0.989,0.994,0.967,0.936,0.977,0.969,0.987,0.986,0.976,1.000]
Epoch [170] Testing Results: Prec@1 73.170 Prec@5 97.820 Loss 2.03460
Epoch [170] Testing Class Recall: [0.951,0.967,0.820,0.713,0.772,0.615,0.700,0.653,0.585,0.541]
Epoch [171] Training Results: Prec@1 98.202 Prec@5 99.992 Loss 0.01093
Epoch [171] Training Class Recall: [0.988,0.994,0.965,0.955,0.969,0.974,1.000,0.993,0.988,1.000]
Epoch [171] Testing Results: Prec@1 72.960 Prec@5 97.720 Loss 2.08188
Epoch [171] Testing Class Recall: [0.952,0.969,0.823,0.719,0.760,0.592,0.709,0.654,0.585,0.533]
Epoch [172] Training Results: Prec@1 98.452 Prec@5 100.000 Loss 0.00993
Epoch [172] Training Class Recall: [0.989,0.994,0.977,0.950,0.978,0.984,0.996,0.978,1.000,1.000]
Epoch [172] Testing Results: Prec@1 73.140 Prec@5 97.770 Loss 2.07201
Epoch [172] Testing Class Recall: [0.952,0.968,0.825,0.712,0.774,0.614,0.700,0.649,0.591,0.529]
Epoch [173] Training Results: Prec@1 98.283 Prec@5 99.992 Loss 0.01117
Epoch [173] Training Class Recall: [0.989,0.996,0.967,0.956,0.971,0.964,0.983,0.986,1.000,1.000]
Epoch [173] Testing Results: Prec@1 73.470 Prec@5 97.800 Loss 2.00564
Epoch [173] Testing Class Recall: [0.948,0.968,0.825,0.715,0.775,0.623,0.685,0.666,0.581,0.561]
Epoch [174] Training Results: Prec@1 98.202 Prec@5 100.000 Loss 0.01122
Epoch [174] Training Class Recall: [0.988,0.995,0.970,0.951,0.969,0.969,0.991,0.978,1.000,0.980]
Epoch [174] Testing Results: Prec@1 73.420 Prec@5 97.800 Loss 2.01896
Epoch [174] Testing Class Recall: [0.951,0.968,0.826,0.730,0.775,0.600,0.703,0.650,0.564,0.575]
Epoch [175] Training Results: Prec@1 98.493 Prec@5 99.992 Loss 0.00939
Epoch [175] Training Class Recall: [0.988,0.995,0.973,0.962,0.980,0.984,1.000,0.971,1.000,0.980]
Epoch [175] Testing Results: Prec@1 73.670 Prec@5 97.730 Loss 1.91817
Epoch [175] Testing Class Recall: [0.949,0.965,0.828,0.728,0.770,0.594,0.684,0.657,0.591,0.601]
Epoch [176] Training Results: Prec@1 98.211 Prec@5 100.000 Loss 0.01001
Epoch [176] Training Class Recall: [0.989,0.992,0.964,0.955,0.981,0.964,0.987,0.986,1.000,1.000]
Epoch [176] Testing Results: Prec@1 74.050 Prec@5 97.880 Loss 1.89712
Epoch [176] Testing Class Recall: [0.932,0.969,0.834,0.735,0.762,0.626,0.705,0.647,0.592,0.603]
Epoch [177] Training Results: Prec@1 98.468 Prec@5 100.000 Loss 0.00965
Epoch [177] Training Class Recall: [0.990,0.993,0.967,0.968,0.986,0.961,0.996,1.000,0.988,1.000]
Epoch [177] Testing Results: Prec@1 74.340 Prec@5 97.810 Loss 1.87376
Epoch [177] Testing Class Recall: [0.946,0.970,0.829,0.718,0.792,0.616,0.689,0.665,0.611,0.598]
Epoch [178] Training Results: Prec@1 98.267 Prec@5 100.000 Loss 0.00999
Epoch [178] Training Class Recall: [0.986,0.996,0.973,0.945,0.978,0.977,1.000,0.986,0.976,1.000]
Epoch [178] Testing Results: Prec@1 74.360 Prec@5 97.850 Loss 1.87091
Epoch [178] Testing Class Recall: [0.947,0.967,0.824,0.729,0.777,0.616,0.710,0.655,0.616,0.595]
Epoch [179] Training Results: Prec@1 98.517 Prec@5 99.992 Loss 0.00847
Epoch [179] Training Class Recall: [0.990,0.993,0.970,0.964,0.977,0.982,0.996,1.000,1.000,1.000]
Epoch [179] Testing Results: Prec@1 73.480 Prec@5 97.770 Loss 2.03741
Epoch [179] Testing Class Recall: [0.949,0.970,0.825,0.733,0.771,0.621,0.695,0.653,0.593,0.538]
Epoch [180] Training Results: Prec@1 98.388 Prec@5 99.992 Loss 0.00923
Epoch [180] Training Class Recall: [0.986,0.996,0.970,0.963,0.981,0.982,0.991,0.986,1.000,0.980]
Epoch [180] Testing Results: Prec@1 74.140 Prec@5 97.820 Loss 1.88276
Epoch [180] Testing Class Recall: [0.947,0.966,0.822,0.741,0.766,0.619,0.695,0.645,0.605,0.608]
Epoch [181] Training Results: Prec@1 98.186 Prec@5 99.992 Loss 0.01013
Epoch [181] Training Class Recall: [0.986,0.994,0.967,0.956,0.974,0.984,0.970,1.000,1.000,1.000]
Epoch [181] Testing Results: Prec@1 74.560 Prec@5 97.840 Loss 1.82373
Epoch [181] Testing Class Recall: [0.946,0.964,0.825,0.735,0.784,0.609,0.711,0.638,0.618,0.626]
Epoch [182] Training Results: Prec@1 98.485 Prec@5 100.000 Loss 0.00867
Epoch [182] Training Class Recall: [0.989,0.993,0.972,0.962,0.980,0.984,0.991,1.000,1.000,1.000]
Epoch [182] Testing Results: Prec@1 74.200 Prec@5 97.820 Loss 1.87958
Epoch [182] Testing Class Recall: [0.940,0.963,0.831,0.747,0.791,0.598,0.690,0.633,0.621,0.606]
Epoch [183] Training Results: Prec@1 98.364 Prec@5 100.000 Loss 0.00903
Epoch [183] Training Class Recall: [0.989,0.995,0.965,0.957,0.978,0.982,1.000,0.986,0.976,1.000]
Epoch [183] Testing Results: Prec@1 73.370 Prec@5 97.750 Loss 2.02606
Epoch [183] Testing Class Recall: [0.948,0.969,0.828,0.733,0.763,0.620,0.693,0.626,0.605,0.552]
Epoch [184] Training Results: Prec@1 98.452 Prec@5 100.000 Loss 0.00870
Epoch [184] Training Class Recall: [0.987,0.995,0.972,0.961,0.984,0.977,0.996,1.000,1.000,1.000]
Epoch [184] Testing Results: Prec@1 74.120 Prec@5 97.820 Loss 1.88626
Epoch [184] Testing Class Recall: [0.948,0.967,0.824,0.734,0.771,0.627,0.702,0.646,0.586,0.607]
Epoch [185] Training Results: Prec@1 98.428 Prec@5 100.000 Loss 0.00921
Epoch [185] Training Class Recall: [0.990,0.995,0.974,0.954,0.969,0.974,0.996,1.000,0.988,1.000]
Epoch [185] Testing Results: Prec@1 73.870 Prec@5 97.830 Loss 1.97543
Epoch [185] Testing Class Recall: [0.949,0.969,0.825,0.740,0.774,0.610,0.705,0.644,0.601,0.570]
Epoch [186] Training Results: Prec@1 98.364 Prec@5 99.984 Loss 0.01026
Epoch [186] Training Class Recall: [0.988,0.995,0.973,0.958,0.978,0.964,0.978,0.993,0.988,1.000]
Epoch [186] Testing Results: Prec@1 73.900 Prec@5 97.770 Loss 1.92266
Epoch [186] Testing Class Recall: [0.951,0.968,0.828,0.735,0.774,0.599,0.714,0.632,0.595,0.594]
Epoch [187] Training Results: Prec@1 98.396 Prec@5 100.000 Loss 0.00933
Epoch [187] Training Class Recall: [0.986,0.996,0.974,0.958,0.978,0.972,0.996,0.986,1.000,1.000]
Epoch [187] Testing Results: Prec@1 73.820 Prec@5 97.810 Loss 1.98582
Epoch [187] Testing Class Recall: [0.946,0.968,0.827,0.737,0.778,0.613,0.700,0.650,0.603,0.560]
Epoch [188] Training Results: Prec@1 98.420 Prec@5 99.992 Loss 0.00889
Epoch [188] Training Class Recall: [0.987,0.996,0.973,0.958,0.983,0.966,0.996,0.993,1.000,1.000]
Epoch [188] Testing Results: Prec@1 74.160 Prec@5 97.820 Loss 1.92150
Epoch [188] Testing Class Recall: [0.948,0.967,0.827,0.722,0.793,0.618,0.705,0.634,0.601,0.601]
Epoch [189] Training Results: Prec@1 98.581 Prec@5 100.000 Loss 0.00938
Epoch [189] Training Class Recall: [0.989,0.994,0.978,0.968,0.978,0.977,0.987,0.978,1.000,1.000]
Epoch [189] Testing Results: Prec@1 73.940 Prec@5 97.850 Loss 1.89612
Epoch [189] Testing Class Recall: [0.946,0.963,0.831,0.728,0.788,0.586,0.690,0.655,0.615,0.592]
Epoch [190] Training Results: Prec@1 98.356 Prec@5 100.000 Loss 0.00888
Epoch [190] Training Class Recall: [0.989,0.993,0.970,0.956,0.977,0.974,1.000,0.993,0.988,1.000]
Epoch [190] Testing Results: Prec@1 74.110 Prec@5 97.800 Loss 1.92608
Epoch [190] Testing Class Recall: [0.947,0.969,0.838,0.702,0.773,0.615,0.717,0.656,0.589,0.605]
Epoch [191] Training Results: Prec@1 98.315 Prec@5 99.984 Loss 0.01031
Epoch [191] Training Class Recall: [0.990,0.995,0.967,0.949,0.974,0.969,0.987,0.993,1.000,1.000]
Epoch [191] Testing Results: Prec@1 74.110 Prec@5 97.850 Loss 1.92462
Epoch [191] Testing Class Recall: [0.942,0.967,0.824,0.738,0.785,0.615,0.694,0.664,0.603,0.579]
Epoch [192] Training Results: Prec@1 98.396 Prec@5 100.000 Loss 0.00933
Epoch [192] Training Class Recall: [0.990,0.995,0.970,0.955,0.975,0.969,0.996,0.978,1.000,1.000]
Epoch [192] Testing Results: Prec@1 73.990 Prec@5 97.800 Loss 1.94202
Epoch [192] Testing Class Recall: [0.948,0.968,0.829,0.725,0.776,0.615,0.713,0.648,0.593,0.584]
Epoch [193] Training Results: Prec@1 98.444 Prec@5 100.000 Loss 0.00871
Epoch [193] Training Class Recall: [0.989,0.996,0.969,0.960,0.972,0.982,0.996,0.986,1.000,1.000]
Epoch [193] Testing Results: Prec@1 73.900 Prec@5 97.840 Loss 1.95293
Epoch [193] Testing Class Recall: [0.949,0.969,0.824,0.746,0.777,0.589,0.699,0.657,0.614,0.566]
Epoch [194] Training Results: Prec@1 98.396 Prec@5 100.000 Loss 0.00884
Epoch [194] Training Class Recall: [0.987,0.996,0.968,0.964,0.975,0.987,0.991,0.978,0.988,1.000]
Epoch [194] Testing Results: Prec@1 73.940 Prec@5 97.750 Loss 1.98903
Epoch [194] Testing Class Recall: [0.942,0.974,0.820,0.744,0.780,0.607,0.724,0.631,0.619,0.553]
Epoch [195] Training Results: Prec@1 98.444 Prec@5 99.992 Loss 0.00968
Epoch [195] Training Class Recall: [0.988,0.996,0.970,0.964,0.981,0.966,0.991,0.978,1.000,1.000]
Epoch [195] Testing Results: Prec@1 74.560 Prec@5 97.860 Loss 1.83232
Epoch [195] Testing Class Recall: [0.949,0.964,0.821,0.735,0.787,0.614,0.708,0.651,0.607,0.620]
Epoch [196] Training Results: Prec@1 98.525 Prec@5 100.000 Loss 0.00951
Epoch [196] Training Class Recall: [0.990,0.994,0.974,0.965,0.978,0.964,0.991,0.986,1.000,1.000]
Epoch [196] Testing Results: Prec@1 74.240 Prec@5 97.790 Loss 1.90823
Epoch [196] Testing Class Recall: [0.947,0.968,0.821,0.737,0.790,0.629,0.691,0.644,0.606,0.591]
Epoch [197] Training Results: Prec@1 98.259 Prec@5 100.000 Loss 0.00950
Epoch [197] Training Class Recall: [0.987,0.996,0.967,0.960,0.967,0.977,0.991,0.978,1.000,1.000]
Epoch [197] Testing Results: Prec@1 74.440 Prec@5 97.810 Loss 1.84236
Epoch [197] Testing Class Recall: [0.945,0.967,0.831,0.719,0.779,0.628,0.690,0.665,0.609,0.611]
Epoch [198] Training Results: Prec@1 98.436 Prec@5 99.984 Loss 0.00915
Epoch [198] Training Class Recall: [0.988,0.995,0.971,0.968,0.969,0.974,1.000,0.986,1.000,0.980]
Epoch [198] Testing Results: Prec@1 74.220 Prec@5 97.870 Loss 1.90239
Epoch [198] Testing Class Recall: [0.945,0.967,0.824,0.743,0.774,0.616,0.698,0.661,0.604,0.590]
Epoch [199] Training Results: Prec@1 98.364 Prec@5 100.000 Loss 0.00940
Epoch [199] Training Class Recall: [0.988,0.992,0.971,0.957,0.986,0.969,0.996,0.993,1.000,1.000]
Epoch [199] Testing Results: Prec@1 74.100 Prec@5 97.880 Loss 1.91580
Epoch [199] Testing Class Recall: [0.949,0.967,0.829,0.729,0.774,0.614,0.716,0.629,0.600,0.603]
