Log file: cifar10_sava0.5_deepsmote_sava_exp0.01_seed42_20260609_135911.log
Run started: 2026-06-09 13:59:11.552084
Dataset: cifar10
Imbalance type: exp, factor: 0.01
Selection method: sava, ratio: 0.5
Strategy: DeepSMOTE_Sava, epochs: 200
Seed: 42, rand_number: 0
Augmentation: weak
Noise ratio: 0.25
mamix_ratio: 1.0
============================================================

=> Preparing logger and tensorboard writer !
----------------------------------------------------
Class ID   | Original   | Selected   | Keep %  
----------------------------------------------------
0          | 4999       | 2408       |    48.2%
1          | 5041       | 2963       |    58.8%
2          | 4922       | 1225       |    24.9%
3          | 4994       | 2863       |    57.3%
4          | 5001       | 2227       |    44.5%
5          | 5033       | 2969       |    59.0%
6          | 5000       | 2797       |    55.9%
7          | 5010       | 2404       |    48.0%
8          | 4984       | 2446       |    49.1%
9          | 5016       | 2698       |    53.8%
----------------------------------------------------
TOTAL      | 50000      | 25000      |    50.0%
----------------------------------------------------
Epoch [0] Training Results: Prec@1 32.244 Prec@5 77.952             Loss 1.98271
Epoch [0] Training Class Recall: [0.371,0.442,0.002,0.171,0.147,0.349,0.443,0.248,0.387,0.453]
Epoch [0] Testing Results: Prec@1 33.000 Prec@5 76.460             Loss 1.97853
Epoch [0] Testing Class Recall: [0.193,0.872,0.000,0.027,0.074,0.575,0.363,0.552,0.516,0.128]
Epoch [1] Training Results: Prec@1 40.604 Prec@5 81.048             Loss 1.83343
Epoch [1] Training Class Recall: [0.453,0.556,0.016,0.215,0.270,0.392,0.487,0.379,0.473,0.587]
Epoch [1] Testing Results: Prec@1 36.390 Prec@5 79.780             Loss 1.92735
Epoch [1] Testing Class Recall: [0.388,0.835,0.018,0.000,0.473,0.407,0.203,0.480,0.473,0.362]
Epoch [2] Training Results: Prec@1 45.604 Prec@5 82.360             Loss 1.73385
Epoch [2] Training Class Recall: [0.519,0.587,0.020,0.225,0.355,0.441,0.527,0.451,0.561,0.636]
Epoch [2] Testing Results: Prec@1 39.050 Prec@5 81.310             Loss 1.81198
Epoch [2] Testing Class Recall: [0.324,0.767,0.009,0.157,0.225,0.555,0.452,0.458,0.540,0.418]
Epoch [3] Training Results: Prec@1 48.336 Prec@5 83.488             Loss 1.67022
Epoch [3] Training Class Recall: [0.530,0.597,0.029,0.286,0.396,0.435,0.570,0.493,0.590,0.664]
Epoch [3] Testing Results: Prec@1 35.910 Prec@5 84.680             Loss 1.92396
Epoch [3] Testing Class Recall: [0.735,0.770,0.199,0.111,0.098,0.515,0.473,0.290,0.185,0.215]
Epoch [4] Training Results: Prec@1 51.248 Prec@5 84.104             Loss 1.61618
Epoch [4] Training Class Recall: [0.555,0.635,0.042,0.291,0.414,0.502,0.589,0.516,0.622,0.699]
Epoch [4] Testing Results: Prec@1 39.270 Prec@5 83.820             Loss 1.80925
Epoch [4] Testing Class Recall: [0.603,0.902,0.093,0.402,0.197,0.247,0.514,0.510,0.307,0.152]
Epoch [5] Training Results: Prec@1 53.984 Prec@5 84.756             Loss 1.56347
Epoch [5] Training Class Recall: [0.588,0.647,0.079,0.346,0.440,0.514,0.634,0.554,0.645,0.701]
Epoch [5] Testing Results: Prec@1 41.180 Prec@5 83.690             Loss 1.78725
Epoch [5] Testing Class Recall: [0.591,0.669,0.021,0.467,0.077,0.074,0.681,0.556,0.341,0.641]
Epoch [6] Training Results: Prec@1 56.408 Prec@5 84.852             Loss 1.51397
Epoch [6] Training Class Recall: [0.590,0.661,0.096,0.385,0.471,0.535,0.655,0.591,0.673,0.729]
Epoch [6] Testing Results: Prec@1 41.300 Prec@5 85.070             Loss 1.75955
Epoch [6] Testing Class Recall: [0.731,0.665,0.160,0.311,0.203,0.556,0.432,0.610,0.269,0.193]
Epoch [7] Training Results: Prec@1 57.900 Prec@5 85.148             Loss 1.48649
Epoch [7] Training Class Recall: [0.622,0.673,0.121,0.421,0.476,0.572,0.649,0.590,0.675,0.738]
Epoch [7] Testing Results: Prec@1 44.930 Prec@5 83.710             Loss 1.74628
Epoch [7] Testing Class Recall: [0.608,0.733,0.078,0.529,0.211,0.328,0.829,0.501,0.581,0.095]
Epoch [8] Training Results: Prec@1 59.484 Prec@5 85.540             Loss 1.45446
Epoch [8] Training Class Recall: [0.629,0.685,0.140,0.437,0.487,0.599,0.676,0.611,0.691,0.738]
Epoch [8] Testing Results: Prec@1 42.880 Prec@5 83.200             Loss 1.77489
Epoch [8] Testing Class Recall: [0.513,0.837,0.203,0.626,0.226,0.253,0.694,0.398,0.368,0.170]
Epoch [9] Training Results: Prec@1 60.376 Prec@5 85.472             Loss 1.43730
Epoch [9] Training Class Recall: [0.625,0.693,0.166,0.447,0.502,0.611,0.680,0.630,0.691,0.746]
Epoch [9] Testing Results: Prec@1 42.540 Prec@5 82.350             Loss 1.81795
Epoch [9] Testing Class Recall: [0.643,0.845,0.052,0.432,0.589,0.613,0.268,0.200,0.383,0.229]
Epoch [10] Training Results: Prec@1 61.148 Prec@5 85.736             Loss 1.41353
Epoch [10] Training Class Recall: [0.630,0.695,0.170,0.481,0.507,0.623,0.690,0.618,0.707,0.742]
Epoch [10] Testing Results: Prec@1 44.660 Prec@5 84.790             Loss 1.77253
Epoch [10] Testing Class Recall: [0.629,0.935,0.146,0.417,0.305,0.638,0.259,0.640,0.330,0.167]
Epoch [11] Training Results: Prec@1 62.220 Prec@5 86.288             Loss 1.39364
Epoch [11] Training Class Recall: [0.641,0.701,0.183,0.512,0.529,0.642,0.685,0.641,0.699,0.739]
Epoch [11] Testing Results: Prec@1 42.830 Prec@5 83.470             Loss 1.75758
Epoch [11] Testing Class Recall: [0.776,0.845,0.205,0.429,0.564,0.403,0.440,0.254,0.326,0.041]
Epoch [12] Training Results: Prec@1 63.112 Prec@5 86.160             Loss 1.37411
Epoch [12] Training Class Recall: [0.639,0.709,0.210,0.516,0.531,0.650,0.709,0.654,0.702,0.747]
Epoch [12] Testing Results: Prec@1 48.590 Prec@5 87.490             Loss 1.58784
Epoch [12] Testing Class Recall: [0.703,0.742,0.265,0.576,0.258,0.453,0.683,0.408,0.512,0.259]
Epoch [13] Training Results: Prec@1 63.676 Prec@5 86.232             Loss 1.36590
Epoch [13] Training Class Recall: [0.652,0.705,0.237,0.527,0.551,0.649,0.706,0.653,0.712,0.749]
Epoch [13] Testing Results: Prec@1 45.910 Prec@5 87.060             Loss 1.70540
Epoch [13] Testing Class Recall: [0.769,0.939,0.170,0.304,0.162,0.657,0.465,0.615,0.271,0.239]
Epoch [14] Training Results: Prec@1 64.200 Prec@5 86.636             Loss 1.35255
Epoch [14] Training Class Recall: [0.658,0.711,0.226,0.544,0.542,0.658,0.710,0.661,0.715,0.755]
Epoch [14] Testing Results: Prec@1 44.190 Prec@5 84.820             Loss 1.76580
Epoch [14] Testing Class Recall: [0.827,0.698,0.358,0.442,0.383,0.382,0.417,0.539,0.195,0.178]
Epoch [15] Training Results: Prec@1 64.532 Prec@5 86.352             Loss 1.34369
Epoch [15] Training Class Recall: [0.657,0.717,0.236,0.554,0.549,0.671,0.712,0.655,0.712,0.752]
Epoch [15] Testing Results: Prec@1 50.490 Prec@5 89.230             Loss 1.55723
Epoch [15] Testing Class Recall: [0.630,0.858,0.199,0.629,0.320,0.514,0.593,0.579,0.560,0.167]
Epoch [16] Training Results: Prec@1 65.056 Prec@5 86.572             Loss 1.32870
Epoch [16] Training Class Recall: [0.661,0.717,0.247,0.556,0.572,0.677,0.712,0.671,0.717,0.745]
Epoch [16] Testing Results: Prec@1 46.900 Prec@5 86.540             Loss 1.64015
Epoch [16] Testing Class Recall: [0.753,0.742,0.293,0.590,0.280,0.292,0.674,0.483,0.266,0.317]
Epoch [17] Training Results: Prec@1 65.608 Prec@5 87.032             Loss 1.31721
Epoch [17] Training Class Recall: [0.662,0.717,0.271,0.578,0.566,0.677,0.726,0.674,0.713,0.753]
Epoch [17] Testing Results: Prec@1 43.280 Prec@5 82.680             Loss 1.90363
Epoch [17] Testing Class Recall: [0.782,0.867,0.122,0.259,0.262,0.236,0.467,0.891,0.328,0.114]
Epoch [18] Training Results: Prec@1 66.028 Prec@5 86.828             Loss 1.31267
Epoch [18] Training Class Recall: [0.668,0.725,0.263,0.568,0.588,0.687,0.723,0.682,0.720,0.754]
Epoch [18] Testing Results: Prec@1 51.100 Prec@5 87.710             Loss 1.55787
Epoch [18] Testing Class Recall: [0.606,0.814,0.104,0.598,0.281,0.422,0.588,0.667,0.718,0.312]
Epoch [19] Training Results: Prec@1 66.056 Prec@5 86.880             Loss 1.30750
Epoch [19] Training Class Recall: [0.670,0.722,0.263,0.586,0.571,0.688,0.731,0.674,0.721,0.748]
Epoch [19] Testing Results: Prec@1 47.970 Prec@5 85.100             Loss 1.68061
Epoch [19] Testing Class Recall: [0.722,0.960,0.296,0.342,0.612,0.479,0.562,0.480,0.301,0.043]
Epoch [20] Training Results: Prec@1 66.640 Prec@5 87.024             Loss 1.29700
Epoch [20] Training Class Recall: [0.677,0.725,0.290,0.596,0.591,0.687,0.728,0.676,0.723,0.753]
Epoch [20] Testing Results: Prec@1 52.150 Prec@5 87.280             Loss 1.51880
Epoch [20] Testing Class Recall: [0.647,0.843,0.120,0.341,0.628,0.381,0.723,0.535,0.521,0.476]
Epoch [21] Training Results: Prec@1 66.656 Prec@5 87.092             Loss 1.29018
Epoch [21] Training Class Recall: [0.674,0.723,0.292,0.597,0.581,0.689,0.730,0.680,0.726,0.755]
Epoch [21] Testing Results: Prec@1 50.090 Prec@5 86.390             Loss 1.61891
Epoch [21] Testing Class Recall: [0.637,0.920,0.188,0.255,0.491,0.750,0.583,0.584,0.385,0.216]
Epoch [22] Training Results: Prec@1 67.160 Prec@5 87.212             Loss 1.28015
Epoch [22] Training Class Recall: [0.674,0.729,0.302,0.610,0.591,0.701,0.733,0.682,0.721,0.758]
Epoch [22] Testing Results: Prec@1 49.450 Prec@5 82.220             Loss 1.69243
Epoch [22] Testing Class Recall: [0.804,0.919,0.245,0.259,0.572,0.413,0.575,0.676,0.470,0.012]
Epoch [23] Training Results: Prec@1 67.220 Prec@5 87.392             Loss 1.27942
Epoch [23] Training Class Recall: [0.681,0.728,0.291,0.619,0.587,0.695,0.737,0.685,0.723,0.755]
Epoch [23] Testing Results: Prec@1 44.730 Prec@5 85.260             Loss 1.77779
Epoch [23] Testing Class Recall: [0.849,0.893,0.298,0.231,0.121,0.405,0.824,0.508,0.186,0.158]
Epoch [24] Training Results: Prec@1 67.288 Prec@5 87.396             Loss 1.27287
Epoch [24] Training Class Recall: [0.686,0.728,0.301,0.620,0.596,0.697,0.735,0.676,0.718,0.754]
Epoch [24] Testing Results: Prec@1 50.220 Prec@5 84.890             Loss 1.62305
Epoch [24] Testing Class Recall: [0.686,0.949,0.501,0.333,0.324,0.649,0.643,0.442,0.344,0.151]
Epoch [25] Training Results: Prec@1 67.580 Prec@5 87.312             Loss 1.26874
Epoch [25] Training Class Recall: [0.681,0.739,0.310,0.603,0.605,0.707,0.737,0.686,0.721,0.755]
Epoch [25] Testing Results: Prec@1 47.120 Prec@5 83.620             Loss 1.75169
Epoch [25] Testing Class Recall: [0.748,0.900,0.206,0.518,0.370,0.028,0.493,0.551,0.443,0.455]
Epoch [26] Training Results: Prec@1 67.976 Prec@5 87.376             Loss 1.25737
Epoch [26] Training Class Recall: [0.684,0.732,0.324,0.617,0.616,0.712,0.741,0.683,0.727,0.754]
Epoch [26] Testing Results: Prec@1 48.610 Prec@5 86.340             Loss 1.70326
Epoch [26] Testing Class Recall: [0.656,0.850,0.271,0.496,0.162,0.748,0.539,0.423,0.328,0.388]
Epoch [27] Training Results: Prec@1 68.068 Prec@5 87.648             Loss 1.25587
Epoch [27] Training Class Recall: [0.686,0.730,0.302,0.637,0.613,0.711,0.735,0.693,0.725,0.756]
Epoch [27] Testing Results: Prec@1 48.490 Prec@5 81.640             Loss 1.75348
Epoch [27] Testing Class Recall: [0.767,0.961,0.224,0.415,0.415,0.243,0.669,0.638,0.386,0.131]
Epoch [28] Training Results: Prec@1 68.208 Prec@5 87.804             Loss 1.25191
Epoch [28] Training Class Recall: [0.688,0.728,0.340,0.627,0.616,0.714,0.742,0.687,0.725,0.754]
Epoch [28] Testing Results: Prec@1 50.640 Prec@5 84.900             Loss 1.65159
Epoch [28] Testing Class Recall: [0.730,0.986,0.129,0.648,0.519,0.307,0.531,0.602,0.442,0.170]
Epoch [29] Training Results: Prec@1 68.176 Prec@5 87.548             Loss 1.25436
Epoch [29] Training Class Recall: [0.683,0.737,0.340,0.630,0.622,0.708,0.733,0.689,0.723,0.754]
Epoch [29] Testing Results: Prec@1 47.370 Prec@5 85.590             Loss 1.70616
Epoch [29] Testing Class Recall: [0.864,0.851,0.331,0.348,0.324,0.399,0.761,0.353,0.311,0.195]
Epoch [30] Training Results: Prec@1 68.560 Prec@5 87.796             Loss 1.24427
Epoch [30] Training Class Recall: [0.689,0.734,0.341,0.633,0.618,0.716,0.748,0.692,0.728,0.755]
Epoch [30] Testing Results: Prec@1 52.130 Prec@5 85.890             Loss 1.59849
Epoch [30] Testing Class Recall: [0.562,0.915,0.095,0.622,0.339,0.622,0.675,0.623,0.368,0.392]
Epoch [31] Training Results: Prec@1 68.540 Prec@5 87.748             Loss 1.24697
Epoch [31] Training Class Recall: [0.687,0.741,0.348,0.643,0.617,0.714,0.748,0.681,0.718,0.756]
Epoch [31] Testing Results: Prec@1 49.390 Prec@5 85.010             Loss 1.66948
Epoch [31] Testing Class Recall: [0.524,0.946,0.230,0.581,0.275,0.643,0.324,0.700,0.508,0.208]
Epoch [32] Training Results: Prec@1 68.504 Prec@5 87.956             Loss 1.24239
Epoch [32] Training Class Recall: [0.684,0.741,0.344,0.637,0.621,0.715,0.742,0.683,0.729,0.752]
Epoch [32] Testing Results: Prec@1 51.210 Prec@5 86.440             Loss 1.61836
Epoch [32] Testing Class Recall: [0.718,0.926,0.237,0.611,0.435,0.276,0.482,0.641,0.303,0.492]
Epoch [33] Training Results: Prec@1 68.516 Prec@5 87.904             Loss 1.23863
Epoch [33] Training Class Recall: [0.694,0.732,0.343,0.627,0.629,0.718,0.744,0.688,0.727,0.752]
Epoch [33] Testing Results: Prec@1 52.250 Prec@5 86.380             Loss 1.57671
Epoch [33] Testing Class Recall: [0.670,0.859,0.186,0.569,0.712,0.356,0.651,0.474,0.531,0.217]
Epoch [34] Training Results: Prec@1 68.956 Prec@5 88.180             Loss 1.23020
Epoch [34] Training Class Recall: [0.696,0.741,0.350,0.649,0.620,0.717,0.744,0.697,0.725,0.757]
Epoch [34] Testing Results: Prec@1 48.900 Prec@5 85.740             Loss 1.67255
Epoch [34] Testing Class Recall: [0.766,0.954,0.384,0.501,0.511,0.352,0.451,0.633,0.182,0.156]
Epoch [35] Training Results: Prec@1 69.256 Prec@5 88.112             Loss 1.22475
Epoch [35] Training Class Recall: [0.697,0.744,0.356,0.655,0.638,0.714,0.745,0.699,0.727,0.755]
Epoch [35] Testing Results: Prec@1 49.620 Prec@5 83.890             Loss 1.71583
Epoch [35] Testing Class Recall: [0.806,0.952,0.226,0.408,0.391,0.676,0.531,0.486,0.376,0.110]
Epoch [36] Training Results: Prec@1 68.788 Prec@5 88.084             Loss 1.23510
Epoch [36] Training Class Recall: [0.684,0.738,0.348,0.641,0.627,0.722,0.745,0.694,0.724,0.756]
Epoch [36] Testing Results: Prec@1 53.650 Prec@5 87.760             Loss 1.50961
Epoch [36] Testing Class Recall: [0.756,0.875,0.334,0.539,0.443,0.510,0.530,0.503,0.306,0.569]
Epoch [37] Training Results: Prec@1 69.344 Prec@5 88.404             Loss 1.22034
Epoch [37] Training Class Recall: [0.700,0.738,0.373,0.649,0.642,0.714,0.751,0.698,0.725,0.760]
Epoch [37] Testing Results: Prec@1 48.790 Prec@5 83.680             Loss 1.71413
Epoch [37] Testing Class Recall: [0.747,0.968,0.158,0.453,0.330,0.516,0.585,0.475,0.581,0.066]
Epoch [38] Training Results: Prec@1 69.372 Prec@5 88.320             Loss 1.21828
Epoch [38] Training Class Recall: [0.695,0.748,0.362,0.651,0.634,0.722,0.749,0.697,0.727,0.756]
Epoch [38] Testing Results: Prec@1 50.420 Prec@5 85.960             Loss 1.66801
Epoch [38] Testing Class Recall: [0.771,0.854,0.257,0.671,0.440,0.448,0.374,0.675,0.287,0.265]
Epoch [39] Training Results: Prec@1 69.540 Prec@5 88.276             Loss 1.21339
Epoch [39] Training Class Recall: [0.696,0.743,0.371,0.663,0.631,0.726,0.746,0.697,0.729,0.759]
Epoch [39] Testing Results: Prec@1 47.230 Prec@5 85.050             Loss 1.70530
Epoch [39] Testing Class Recall: [0.640,0.992,0.093,0.479,0.451,0.435,0.355,0.511,0.474,0.293]
Epoch [40] Training Results: Prec@1 69.368 Prec@5 88.304             Loss 1.21724
Epoch [40] Training Class Recall: [0.692,0.744,0.358,0.647,0.634,0.730,0.752,0.698,0.729,0.756]
Epoch [40] Testing Results: Prec@1 49.400 Prec@5 84.630             Loss 1.64647
Epoch [40] Testing Class Recall: [0.804,0.911,0.239,0.563,0.293,0.453,0.571,0.631,0.227,0.248]
Epoch [41] Training Results: Prec@1 69.368 Prec@5 88.196             Loss 1.21769
Epoch [41] Training Class Recall: [0.692,0.743,0.361,0.660,0.640,0.719,0.747,0.693,0.727,0.759]
Epoch [41] Testing Results: Prec@1 51.630 Prec@5 86.850             Loss 1.68792
Epoch [41] Testing Class Recall: [0.678,0.777,0.119,0.740,0.304,0.541,0.336,0.623,0.521,0.524]
Epoch [42] Training Results: Prec@1 69.720 Prec@5 88.608             Loss 1.21303
Epoch [42] Training Class Recall: [0.699,0.738,0.370,0.667,0.644,0.730,0.746,0.699,0.728,0.759]
Epoch [42] Testing Results: Prec@1 53.560 Prec@5 89.050             Loss 1.48678
Epoch [42] Testing Class Recall: [0.731,0.929,0.211,0.590,0.430,0.500,0.479,0.749,0.407,0.330]
Epoch [43] Training Results: Prec@1 69.816 Prec@5 88.704             Loss 1.20421
Epoch [43] Training Class Recall: [0.699,0.750,0.384,0.657,0.643,0.725,0.752,0.703,0.726,0.756]
Epoch [43] Testing Results: Prec@1 45.440 Prec@5 84.280             Loss 1.87732
Epoch [43] Testing Class Recall: [0.836,0.838,0.634,0.551,0.232,0.255,0.580,0.094,0.295,0.229]
Epoch [44] Training Results: Prec@1 69.648 Prec@5 88.400             Loss 1.20979
Epoch [44] Training Class Recall: [0.696,0.746,0.367,0.669,0.643,0.723,0.749,0.696,0.726,0.757]
Epoch [44] Testing Results: Prec@1 51.360 Prec@5 86.790             Loss 1.62638
Epoch [44] Testing Class Recall: [0.785,0.965,0.362,0.557,0.439,0.380,0.506,0.520,0.398,0.224]
Epoch [45] Training Results: Prec@1 69.840 Prec@5 88.616             Loss 1.20287
Epoch [45] Training Class Recall: [0.697,0.748,0.380,0.666,0.644,0.732,0.747,0.699,0.725,0.757]
Epoch [45] Testing Results: Prec@1 49.660 Prec@5 83.350             Loss 1.67975
Epoch [45] Testing Class Recall: [0.829,0.920,0.269,0.507,0.276,0.298,0.705,0.772,0.298,0.092]
Epoch [46] Training Results: Prec@1 69.708 Prec@5 88.664             Loss 1.20422
Epoch [46] Training Class Recall: [0.697,0.746,0.383,0.659,0.634,0.718,0.752,0.705,0.733,0.758]
Epoch [46] Testing Results: Prec@1 52.120 Prec@5 86.690             Loss 1.62836
Epoch [46] Testing Class Recall: [0.831,0.895,0.212,0.264,0.575,0.411,0.746,0.601,0.297,0.380]
Epoch [47] Training Results: Prec@1 69.936 Prec@5 88.400             Loss 1.20270
Epoch [47] Training Class Recall: [0.695,0.745,0.387,0.668,0.638,0.738,0.748,0.696,0.731,0.760]
Epoch [47] Testing Results: Prec@1 51.040 Prec@5 85.550             Loss 1.62308
Epoch [47] Testing Class Recall: [0.750,0.915,0.186,0.752,0.594,0.308,0.586,0.290,0.341,0.382]
Epoch [48] Training Results: Prec@1 70.236 Prec@5 88.636             Loss 1.19516
Epoch [48] Training Class Recall: [0.702,0.754,0.392,0.676,0.643,0.728,0.754,0.700,0.730,0.760]
Epoch [48] Testing Results: Prec@1 53.580 Prec@5 86.290             Loss 1.58823
Epoch [48] Testing Class Recall: [0.820,0.789,0.366,0.479,0.553,0.597,0.590,0.555,0.505,0.104]
Epoch [49] Training Results: Prec@1 69.840 Prec@5 88.872             Loss 1.19523
Epoch [49] Training Class Recall: [0.702,0.746,0.383,0.663,0.644,0.726,0.749,0.705,0.726,0.755]
Epoch [49] Testing Results: Prec@1 47.670 Prec@5 83.120             Loss 1.77063
Epoch [49] Testing Class Recall: [0.750,0.979,0.287,0.594,0.377,0.394,0.518,0.284,0.439,0.145]
Epoch [50] Training Results: Prec@1 70.020 Prec@5 89.168             Loss 1.19133
Epoch [50] Training Class Recall: [0.697,0.745,0.394,0.662,0.649,0.730,0.758,0.701,0.729,0.756]
Epoch [50] Testing Results: Prec@1 49.230 Prec@5 82.390             Loss 1.71971
Epoch [50] Testing Class Recall: [0.883,0.885,0.151,0.270,0.508,0.809,0.645,0.420,0.140,0.212]
Epoch [51] Training Results: Prec@1 70.288 Prec@5 88.552             Loss 1.19200
Epoch [51] Training Class Recall: [0.706,0.752,0.391,0.660,0.652,0.742,0.756,0.699,0.727,0.758]
Epoch [51] Testing Results: Prec@1 48.620 Prec@5 81.320             Loss 1.83241
Epoch [51] Testing Class Recall: [0.871,0.824,0.172,0.677,0.301,0.209,0.694,0.634,0.252,0.228]
Epoch [52] Training Results: Prec@1 70.164 Prec@5 88.860             Loss 1.18757
Epoch [52] Training Class Recall: [0.706,0.747,0.398,0.665,0.640,0.733,0.755,0.706,0.729,0.758]
Epoch [52] Testing Results: Prec@1 50.420 Prec@5 85.590             Loss 1.62714
Epoch [52] Testing Class Recall: [0.765,0.953,0.251,0.377,0.333,0.310,0.617,0.781,0.357,0.298]
Epoch [53] Training Results: Prec@1 70.180 Prec@5 89.080             Loss 1.18598
Epoch [53] Training Class Recall: [0.696,0.745,0.402,0.676,0.652,0.736,0.748,0.700,0.727,0.759]
Epoch [53] Testing Results: Prec@1 54.270 Prec@5 85.210             Loss 1.53930
Epoch [53] Testing Class Recall: [0.600,0.853,0.126,0.529,0.600,0.468,0.695,0.555,0.477,0.524]
Epoch [54] Training Results: Prec@1 70.248 Prec@5 89.080             Loss 1.18623
Epoch [54] Training Class Recall: [0.700,0.745,0.402,0.667,0.645,0.738,0.760,0.702,0.729,0.758]
Epoch [54] Testing Results: Prec@1 50.140 Prec@5 84.980             Loss 1.64223
Epoch [54] Testing Class Recall: [0.757,0.981,0.261,0.349,0.360,0.432,0.712,0.544,0.498,0.120]
Epoch [55] Training Results: Prec@1 70.736 Prec@5 88.976             Loss 1.17713
Epoch [55] Training Class Recall: [0.700,0.753,0.413,0.683,0.655,0.740,0.759,0.705,0.730,0.761]
Epoch [55] Testing Results: Prec@1 52.720 Prec@5 86.400             Loss 1.56631
Epoch [55] Testing Class Recall: [0.661,0.961,0.319,0.580,0.543,0.444,0.633,0.483,0.435,0.213]
Epoch [56] Training Results: Prec@1 70.468 Prec@5 89.060             Loss 1.18045
Epoch [56] Training Class Recall: [0.703,0.752,0.420,0.681,0.649,0.726,0.755,0.700,0.728,0.761]
Epoch [56] Testing Results: Prec@1 48.320 Prec@5 82.630             Loss 1.69645
Epoch [56] Testing Class Recall: [0.757,0.868,0.192,0.334,0.416,0.758,0.365,0.561,0.413,0.168]
Epoch [57] Training Results: Prec@1 70.468 Prec@5 89.408             Loss 1.17853
Epoch [57] Training Class Recall: [0.696,0.744,0.407,0.684,0.654,0.733,0.758,0.703,0.735,0.758]
Epoch [57] Testing Results: Prec@1 44.010 Prec@5 81.650             Loss 2.03393
Epoch [57] Testing Class Recall: [0.703,0.965,0.646,0.103,0.450,0.298,0.266,0.421,0.296,0.253]
Epoch [58] Training Results: Prec@1 70.608 Prec@5 89.516             Loss 1.17065
Epoch [58] Training Class Recall: [0.701,0.745,0.404,0.676,0.655,0.747,0.750,0.707,0.731,0.764]
Epoch [58] Testing Results: Prec@1 51.920 Prec@5 84.000             Loss 1.63103
Epoch [58] Testing Class Recall: [0.783,0.880,0.299,0.458,0.526,0.502,0.457,0.661,0.546,0.080]
Epoch [59] Training Results: Prec@1 70.556 Prec@5 89.180             Loss 1.17559
Epoch [59] Training Class Recall: [0.706,0.746,0.421,0.678,0.656,0.738,0.756,0.691,0.733,0.759]
Epoch [59] Testing Results: Prec@1 48.020 Prec@5 83.110             Loss 1.73070
Epoch [59] Testing Class Recall: [0.788,0.960,0.213,0.479,0.525,0.269,0.460,0.476,0.328,0.304]
Epoch [60] Training Results: Prec@1 70.536 Prec@5 89.380             Loss 1.17891
Epoch [60] Training Class Recall: [0.701,0.746,0.413,0.684,0.655,0.731,0.752,0.706,0.731,0.763]
Epoch [60] Testing Results: Prec@1 51.230 Prec@5 85.520             Loss 1.64611
Epoch [60] Testing Class Recall: [0.505,0.821,0.615,0.321,0.466,0.551,0.688,0.426,0.554,0.176]
Epoch [61] Training Results: Prec@1 70.468 Prec@5 89.428             Loss 1.17810
Epoch [61] Training Class Recall: [0.704,0.750,0.407,0.680,0.656,0.734,0.751,0.701,0.729,0.758]
Epoch [61] Testing Results: Prec@1 49.380 Prec@5 83.920             Loss 1.73929
Epoch [61] Testing Class Recall: [0.849,0.788,0.309,0.489,0.338,0.666,0.518,0.424,0.431,0.126]
Epoch [62] Training Results: Prec@1 70.904 Prec@5 89.636             Loss 1.16958
Epoch [62] Training Class Recall: [0.705,0.750,0.407,0.685,0.652,0.749,0.758,0.707,0.734,0.762]
Epoch [62] Testing Results: Prec@1 47.820 Prec@5 84.780             Loss 1.78997
Epoch [62] Testing Class Recall: [0.894,0.891,0.333,0.360,0.341,0.552,0.464,0.537,0.224,0.186]
Epoch [63] Training Results: Prec@1 71.140 Prec@5 89.352             Loss 1.16810
Epoch [63] Training Class Recall: [0.713,0.758,0.431,0.690,0.657,0.737,0.764,0.704,0.731,0.759]
Epoch [63] Testing Results: Prec@1 51.210 Prec@5 84.900             Loss 1.69068
Epoch [63] Testing Class Recall: [0.737,0.872,0.098,0.528,0.455,0.676,0.518,0.479,0.426,0.332]
Epoch [64] Training Results: Prec@1 70.808 Prec@5 89.480             Loss 1.16891
Epoch [64] Training Class Recall: [0.704,0.753,0.420,0.684,0.657,0.739,0.755,0.703,0.730,0.764]
Epoch [64] Testing Results: Prec@1 50.860 Prec@5 83.660             Loss 1.69666
Epoch [64] Testing Class Recall: [0.697,0.917,0.090,0.577,0.370,0.331,0.794,0.334,0.606,0.370]
Epoch [65] Training Results: Prec@1 70.904 Prec@5 89.712             Loss 1.16662
Epoch [65] Training Class Recall: [0.710,0.752,0.418,0.696,0.655,0.742,0.753,0.697,0.731,0.761]
Epoch [65] Testing Results: Prec@1 52.690 Prec@5 85.700             Loss 1.56209
Epoch [65] Testing Class Recall: [0.687,0.840,0.264,0.587,0.332,0.544,0.464,0.782,0.578,0.191]
Epoch [66] Training Results: Prec@1 70.624 Prec@5 89.264             Loss 1.17433
Epoch [66] Training Class Recall: [0.695,0.750,0.420,0.680,0.658,0.737,0.757,0.700,0.733,0.761]
Epoch [66] Testing Results: Prec@1 50.220 Prec@5 85.800             Loss 1.68393
Epoch [66] Testing Class Recall: [0.721,0.881,0.569,0.526,0.291,0.549,0.430,0.544,0.203,0.308]
Epoch [67] Training Results: Prec@1 71.004 Prec@5 89.536             Loss 1.16635
Epoch [67] Training Class Recall: [0.709,0.748,0.438,0.686,0.656,0.745,0.760,0.704,0.729,0.761]
Epoch [67] Testing Results: Prec@1 52.020 Prec@5 83.420             Loss 1.63419
Epoch [67] Testing Class Recall: [0.778,0.949,0.313,0.445,0.620,0.423,0.337,0.664,0.503,0.170]
Epoch [68] Training Results: Prec@1 70.932 Prec@5 89.684             Loss 1.15952
Epoch [68] Training Class Recall: [0.712,0.755,0.424,0.685,0.658,0.735,0.756,0.704,0.734,0.761]
Epoch [68] Testing Results: Prec@1 52.890 Prec@5 86.270             Loss 1.56727
Epoch [68] Testing Class Recall: [0.772,0.688,0.219,0.482,0.547,0.405,0.588,0.747,0.529,0.312]
Epoch [69] Training Results: Prec@1 70.920 Prec@5 89.696             Loss 1.16168
Epoch [69] Training Class Recall: [0.715,0.746,0.427,0.684,0.661,0.738,0.759,0.702,0.733,0.760]
Epoch [69] Testing Results: Prec@1 48.020 Prec@5 83.020             Loss 1.77714
Epoch [69] Testing Class Recall: [0.751,0.893,0.035,0.239,0.285,0.820,0.432,0.711,0.349,0.287]
Epoch [70] Training Results: Prec@1 70.692 Prec@5 89.856             Loss 1.16216
Epoch [70] Training Class Recall: [0.705,0.748,0.415,0.682,0.661,0.738,0.752,0.702,0.732,0.760]
Epoch [70] Testing Results: Prec@1 54.770 Prec@5 85.870             Loss 1.56172
Epoch [70] Testing Class Recall: [0.759,0.928,0.228,0.518,0.457,0.517,0.588,0.666,0.471,0.345]
Epoch [71] Training Results: Prec@1 70.900 Prec@5 89.392             Loss 1.16043
Epoch [71] Training Class Recall: [0.701,0.757,0.430,0.685,0.657,0.739,0.757,0.704,0.731,0.760]
Epoch [71] Testing Results: Prec@1 52.540 Prec@5 83.290             Loss 1.62161
Epoch [71] Testing Class Recall: [0.798,0.830,0.347,0.236,0.574,0.672,0.618,0.564,0.537,0.078]
Epoch [72] Training Results: Prec@1 71.012 Prec@5 89.864             Loss 1.15759
Epoch [72] Training Class Recall: [0.704,0.757,0.446,0.680,0.670,0.736,0.757,0.700,0.732,0.762]
Epoch [72] Testing Results: Prec@1 51.310 Prec@5 84.470             Loss 1.65114
Epoch [72] Testing Class Recall: [0.537,0.872,0.186,0.534,0.322,0.688,0.385,0.730,0.421,0.456]
Epoch [73] Training Results: Prec@1 71.208 Prec@5 89.672             Loss 1.15536
Epoch [73] Training Class Recall: [0.708,0.751,0.438,0.687,0.668,0.745,0.760,0.700,0.734,0.765]
Epoch [73] Testing Results: Prec@1 55.220 Prec@5 86.240             Loss 1.54380
Epoch [73] Testing Class Recall: [0.753,0.878,0.279,0.671,0.397,0.451,0.701,0.564,0.581,0.247]
Epoch [74] Training Results: Prec@1 70.900 Prec@5 89.816             Loss 1.15922
Epoch [74] Training Class Recall: [0.704,0.752,0.438,0.689,0.648,0.739,0.757,0.706,0.733,0.759]
Epoch [74] Testing Results: Prec@1 51.500 Prec@5 84.560             Loss 1.62354
Epoch [74] Testing Class Recall: [0.667,0.945,0.232,0.453,0.349,0.643,0.381,0.732,0.455,0.293]
Epoch [75] Training Results: Prec@1 71.056 Prec@5 89.824             Loss 1.15690
Epoch [75] Training Class Recall: [0.706,0.747,0.431,0.697,0.656,0.740,0.759,0.706,0.734,0.761]
Epoch [75] Testing Results: Prec@1 47.130 Prec@5 80.500             Loss 1.90184
Epoch [75] Testing Class Recall: [0.814,0.961,0.285,0.230,0.571,0.794,0.241,0.267,0.295,0.255]
Epoch [76] Training Results: Prec@1 71.304 Prec@5 89.844             Loss 1.15246
Epoch [76] Training Class Recall: [0.708,0.754,0.442,0.688,0.660,0.749,0.761,0.711,0.732,0.762]
Epoch [76] Testing Results: Prec@1 54.260 Prec@5 85.060             Loss 1.60127
Epoch [76] Testing Class Recall: [0.574,0.946,0.090,0.601,0.487,0.498,0.686,0.747,0.518,0.279]
Epoch [77] Training Results: Prec@1 70.940 Prec@5 90.056             Loss 1.15089
Epoch [77] Training Class Recall: [0.705,0.752,0.439,0.683,0.652,0.744,0.762,0.702,0.732,0.760]
Epoch [77] Testing Results: Prec@1 54.830 Prec@5 86.020             Loss 1.59611
Epoch [77] Testing Class Recall: [0.747,0.884,0.157,0.671,0.542,0.474,0.710,0.514,0.539,0.245]
Epoch [78] Training Results: Prec@1 71.368 Prec@5 90.000             Loss 1.14972
Epoch [78] Training Class Recall: [0.715,0.756,0.445,0.689,0.658,0.746,0.759,0.712,0.731,0.762]
Epoch [78] Testing Results: Prec@1 51.260 Prec@5 85.420             Loss 1.63781
Epoch [78] Testing Class Recall: [0.784,0.913,0.360,0.476,0.257,0.377,0.597,0.675,0.369,0.318]
Epoch [79] Training Results: Prec@1 71.164 Prec@5 90.088             Loss 1.14893
Epoch [79] Training Class Recall: [0.707,0.758,0.432,0.692,0.659,0.742,0.759,0.704,0.735,0.760]
Epoch [79] Testing Results: Prec@1 50.720 Prec@5 84.260             Loss 1.72690
Epoch [79] Testing Class Recall: [0.659,0.968,0.353,0.568,0.148,0.549,0.452,0.623,0.430,0.322]
Epoch [80] Training Results: Prec@1 71.068 Prec@5 90.116             Loss 1.14950
Epoch [80] Training Class Recall: [0.702,0.748,0.447,0.694,0.657,0.740,0.758,0.704,0.732,0.764]
Epoch [80] Testing Results: Prec@1 52.600 Prec@5 83.110             Loss 1.66371
Epoch [80] Testing Class Recall: [0.793,0.900,0.167,0.493,0.309,0.645,0.794,0.439,0.436,0.284]
Epoch [81] Training Results: Prec@1 71.120 Prec@5 89.944             Loss 1.15082
Epoch [81] Training Class Recall: [0.699,0.759,0.425,0.687,0.662,0.742,0.759,0.704,0.737,0.764]
Epoch [81] Testing Results: Prec@1 53.850 Prec@5 85.690             Loss 1.62257
Epoch [81] Testing Class Recall: [0.689,0.903,0.324,0.716,0.360,0.267,0.715,0.556,0.476,0.379]
Epoch [82] Training Results: Prec@1 71.328 Prec@5 90.044             Loss 1.14426
Epoch [82] Training Class Recall: [0.706,0.754,0.433,0.699,0.667,0.746,0.753,0.708,0.734,0.764]
Epoch [82] Testing Results: Prec@1 51.270 Prec@5 84.650             Loss 1.62516
Epoch [82] Testing Class Recall: [0.778,0.948,0.270,0.464,0.512,0.592,0.568,0.525,0.288,0.182]
Epoch [83] Training Results: Prec@1 71.252 Prec@5 90.256             Loss 1.14116
Epoch [83] Training Class Recall: [0.704,0.752,0.443,0.687,0.666,0.744,0.761,0.710,0.736,0.761]
Epoch [83] Testing Results: Prec@1 49.220 Prec@5 83.490             Loss 1.71827
Epoch [83] Testing Class Recall: [0.668,0.973,0.296,0.550,0.334,0.565,0.461,0.549,0.397,0.129]
Epoch [84] Training Results: Prec@1 71.352 Prec@5 90.180             Loss 1.13895
Epoch [84] Training Class Recall: [0.711,0.756,0.443,0.692,0.665,0.743,0.759,0.709,0.734,0.761]
Epoch [84] Testing Results: Prec@1 51.240 Prec@5 83.990             Loss 1.66531
Epoch [84] Testing Class Recall: [0.739,0.806,0.360,0.597,0.309,0.371,0.635,0.777,0.247,0.283]
Epoch [85] Training Results: Prec@1 71.224 Prec@5 90.364             Loss 1.14086
Epoch [85] Training Class Recall: [0.712,0.753,0.426,0.685,0.669,0.747,0.754,0.708,0.732,0.767]
Epoch [85] Testing Results: Prec@1 52.960 Prec@5 85.400             Loss 1.64147
Epoch [85] Testing Class Recall: [0.681,0.937,0.207,0.748,0.329,0.359,0.643,0.490,0.462,0.440]
Epoch [86] Training Results: Prec@1 71.676 Prec@5 90.248             Loss 1.13658
Epoch [86] Training Class Recall: [0.716,0.763,0.445,0.695,0.667,0.754,0.760,0.707,0.734,0.762]
Epoch [86] Testing Results: Prec@1 49.480 Prec@5 82.460             Loss 1.73264
Epoch [86] Testing Class Recall: [0.382,0.724,0.150,0.639,0.470,0.579,0.283,0.388,0.710,0.623]
Epoch [87] Training Results: Prec@1 71.136 Prec@5 90.212             Loss 1.14361
Epoch [87] Training Class Recall: [0.708,0.752,0.444,0.687,0.667,0.742,0.757,0.705,0.732,0.760]
Epoch [87] Testing Results: Prec@1 53.300 Prec@5 86.450             Loss 1.59481
Epoch [87] Testing Class Recall: [0.706,0.875,0.495,0.418,0.442,0.446,0.359,0.774,0.560,0.255]
Epoch [88] Training Results: Prec@1 71.316 Prec@5 90.272             Loss 1.14338
Epoch [88] Training Class Recall: [0.711,0.758,0.434,0.692,0.668,0.742,0.760,0.705,0.734,0.760]
Epoch [88] Testing Results: Prec@1 52.380 Prec@5 86.690             Loss 1.60511
Epoch [88] Testing Class Recall: [0.830,0.821,0.495,0.540,0.408,0.533,0.484,0.516,0.282,0.329]
Epoch [89] Training Results: Prec@1 71.372 Prec@5 90.436             Loss 1.13772
Epoch [89] Training Class Recall: [0.714,0.755,0.460,0.693,0.657,0.743,0.759,0.703,0.734,0.763]
Epoch [89] Testing Results: Prec@1 43.650 Prec@5 79.060             Loss 2.12287
Epoch [89] Testing Class Recall: [0.954,0.841,0.129,0.363,0.375,0.480,0.310,0.671,0.131,0.111]
Epoch [90] Training Results: Prec@1 71.364 Prec@5 90.300             Loss 1.14147
Epoch [90] Training Class Recall: [0.709,0.758,0.438,0.698,0.662,0.743,0.758,0.705,0.735,0.764]
Epoch [90] Testing Results: Prec@1 50.180 Prec@5 83.380             Loss 1.74295
Epoch [90] Testing Class Recall: [0.706,0.971,0.160,0.494,0.383,0.662,0.564,0.686,0.272,0.120]
Epoch [91] Training Results: Prec@1 71.328 Prec@5 90.436             Loss 1.13721
Epoch [91] Training Class Recall: [0.708,0.760,0.438,0.685,0.674,0.742,0.758,0.710,0.732,0.763]
Epoch [91] Testing Results: Prec@1 52.120 Prec@5 85.020             Loss 1.71890
Epoch [91] Testing Class Recall: [0.834,0.741,0.152,0.593,0.476,0.372,0.558,0.714,0.378,0.394]
Epoch [92] Training Results: Prec@1 71.716 Prec@5 90.548             Loss 1.13158
Epoch [92] Training Class Recall: [0.711,0.758,0.462,0.693,0.666,0.755,0.759,0.711,0.736,0.765]
Epoch [92] Testing Results: Prec@1 52.710 Prec@5 86.360             Loss 1.68539
Epoch [92] Testing Class Recall: [0.746,0.909,0.559,0.523,0.396,0.317,0.624,0.627,0.407,0.163]
Epoch [93] Training Results: Prec@1 71.600 Prec@5 90.548             Loss 1.13363
Epoch [93] Training Class Recall: [0.708,0.761,0.445,0.700,0.668,0.751,0.759,0.707,0.733,0.762]
Epoch [93] Testing Results: Prec@1 50.460 Prec@5 85.450             Loss 1.67962
Epoch [93] Testing Class Recall: [0.542,0.979,0.118,0.530,0.553,0.572,0.578,0.620,0.304,0.250]
Epoch [94] Training Results: Prec@1 71.400 Prec@5 90.484             Loss 1.13229
Epoch [94] Training Class Recall: [0.708,0.763,0.453,0.693,0.663,0.749,0.758,0.702,0.730,0.759]
Epoch [94] Testing Results: Prec@1 47.050 Prec@5 80.760             Loss 1.82283
Epoch [94] Testing Class Recall: [0.800,0.734,0.168,0.339,0.408,0.526,0.602,0.645,0.381,0.102]
Epoch [95] Training Results: Prec@1 71.308 Prec@5 90.836             Loss 1.13293
Epoch [95] Training Class Recall: [0.712,0.755,0.447,0.692,0.659,0.746,0.757,0.708,0.735,0.759]
Epoch [95] Testing Results: Prec@1 52.050 Prec@5 86.260             Loss 1.62893
Epoch [95] Testing Class Recall: [0.598,0.927,0.539,0.483,0.402,0.399,0.406,0.579,0.332,0.540]
Epoch [96] Training Results: Prec@1 71.580 Prec@5 90.384             Loss 1.13073
Epoch [96] Training Class Recall: [0.715,0.752,0.447,0.694,0.667,0.749,0.765,0.712,0.733,0.763]
Epoch [96] Testing Results: Prec@1 47.480 Prec@5 80.560             Loss 1.82463
Epoch [96] Testing Class Recall: [0.825,0.964,0.032,0.234,0.414,0.555,0.469,0.754,0.235,0.266]
Epoch [97] Training Results: Prec@1 71.448 Prec@5 90.892             Loss 1.12833
Epoch [97] Training Class Recall: [0.706,0.759,0.442,0.702,0.664,0.743,0.755,0.707,0.740,0.761]
Epoch [97] Testing Results: Prec@1 53.060 Prec@5 84.210             Loss 1.60497
Epoch [97] Testing Class Recall: [0.751,0.844,0.288,0.424,0.407,0.552,0.793,0.639,0.466,0.142]
Epoch [98] Training Results: Prec@1 71.304 Prec@5 90.452             Loss 1.13482
Epoch [98] Training Class Recall: [0.706,0.759,0.447,0.689,0.671,0.739,0.759,0.708,0.733,0.761]
Epoch [98] Testing Results: Prec@1 48.910 Prec@5 84.310             Loss 1.78732
Epoch [98] Testing Class Recall: [0.738,0.776,0.309,0.695,0.283,0.299,0.569,0.798,0.211,0.213]
Epoch [99] Training Results: Prec@1 71.816 Prec@5 90.752             Loss 1.12286
Epoch [99] Training Class Recall: [0.718,0.758,0.450,0.699,0.671,0.748,0.764,0.714,0.734,0.764]
Epoch [99] Testing Results: Prec@1 51.030 Prec@5 86.080             Loss 1.75703
Epoch [99] Testing Class Recall: [0.623,0.756,0.393,0.684,0.384,0.286,0.378,0.729,0.406,0.464]
Epoch [100] Training Results: Prec@1 71.384 Prec@5 90.840             Loss 1.12678
Epoch [100] Training Class Recall: [0.716,0.751,0.442,0.688,0.665,0.744,0.758,0.710,0.736,0.766]
Epoch [100] Testing Results: Prec@1 48.360 Prec@5 84.890             Loss 1.80159
Epoch [100] Testing Class Recall: [0.915,0.639,0.460,0.296,0.226,0.479,0.397,0.694,0.309,0.421]
Epoch [101] Training Results: Prec@1 71.688 Prec@5 90.860             Loss 1.12211
Epoch [101] Training Class Recall: [0.712,0.754,0.464,0.695,0.667,0.758,0.759,0.708,0.734,0.763]
Epoch [101] Testing Results: Prec@1 51.760 Prec@5 85.770             Loss 1.65080
Epoch [101] Testing Class Recall: [0.537,0.967,0.329,0.723,0.377,0.292,0.620,0.633,0.430,0.268]
Epoch [102] Training Results: Prec@1 71.824 Prec@5 90.716             Loss 1.12424
Epoch [102] Training Class Recall: [0.715,0.759,0.460,0.706,0.666,0.751,0.763,0.706,0.736,0.762]
Epoch [102] Testing Results: Prec@1 52.300 Prec@5 84.420             Loss 1.75539
Epoch [102] Testing Class Recall: [0.768,0.950,0.465,0.591,0.490,0.225,0.589,0.610,0.294,0.248]
Epoch [103] Training Results: Prec@1 71.668 Prec@5 90.716             Loss 1.12174
Epoch [103] Training Class Recall: [0.714,0.757,0.463,0.702,0.660,0.745,0.764,0.704,0.738,0.764]
Epoch [103] Testing Results: Prec@1 51.670 Prec@5 84.180             Loss 1.67060
Epoch [103] Testing Class Recall: [0.786,0.938,0.112,0.503,0.368,0.534,0.677,0.562,0.427,0.260]
Epoch [104] Training Results: Prec@1 71.724 Prec@5 90.760             Loss 1.12296
Epoch [104] Training Class Recall: [0.708,0.759,0.460,0.691,0.665,0.751,0.770,0.712,0.736,0.763]
Epoch [104] Testing Results: Prec@1 53.850 Prec@5 86.500             Loss 1.65044
Epoch [104] Testing Class Recall: [0.656,0.853,0.218,0.786,0.385,0.296,0.631,0.551,0.604,0.405]
Epoch [105] Training Results: Prec@1 71.608 Prec@5 91.124             Loss 1.12040
Epoch [105] Training Class Recall: [0.708,0.757,0.449,0.702,0.656,0.763,0.763,0.705,0.731,0.759]
Epoch [105] Testing Results: Prec@1 51.720 Prec@5 82.590             Loss 1.69760
Epoch [105] Testing Class Recall: [0.601,0.903,0.230,0.521,0.464,0.422,0.136,0.732,0.561,0.602]
Epoch [106] Training Results: Prec@1 71.704 Prec@5 91.084             Loss 1.12057
Epoch [106] Training Class Recall: [0.714,0.762,0.452,0.697,0.669,0.745,0.764,0.708,0.737,0.762]
Epoch [106] Testing Results: Prec@1 50.330 Prec@5 84.080             Loss 1.73479
Epoch [106] Testing Class Recall: [0.614,0.967,0.361,0.251,0.452,0.729,0.486,0.339,0.466,0.368]
Epoch [107] Training Results: Prec@1 71.460 Prec@5 90.872             Loss 1.12057
Epoch [107] Training Class Recall: [0.707,0.759,0.451,0.694,0.665,0.744,0.758,0.710,0.736,0.762]
Epoch [107] Testing Results: Prec@1 51.110 Prec@5 83.290             Loss 1.70047
Epoch [107] Testing Class Recall: [0.698,0.895,0.290,0.378,0.351,0.252,0.691,0.813,0.447,0.296]
Epoch [108] Training Results: Prec@1 71.532 Prec@5 90.852             Loss 1.12153
Epoch [108] Training Class Recall: [0.703,0.754,0.447,0.699,0.665,0.749,0.760,0.711,0.738,0.765]
Epoch [108] Testing Results: Prec@1 50.140 Prec@5 81.160             Loss 1.85813
Epoch [108] Testing Class Recall: [0.761,0.950,0.205,0.571,0.598,0.521,0.514,0.444,0.324,0.126]
Epoch [109] Training Results: Prec@1 71.736 Prec@5 90.980             Loss 1.11406
Epoch [109] Training Class Recall: [0.704,0.750,0.457,0.709,0.670,0.750,0.763,0.711,0.736,0.765]
Epoch [109] Testing Results: Prec@1 51.510 Prec@5 83.530             Loss 1.66140
Epoch [109] Testing Class Recall: [0.768,0.946,0.326,0.328,0.388,0.573,0.419,0.697,0.475,0.231]
Epoch [110] Training Results: Prec@1 71.632 Prec@5 91.056             Loss 1.12002
Epoch [110] Training Class Recall: [0.708,0.761,0.461,0.695,0.667,0.747,0.763,0.712,0.731,0.761]
Epoch [110] Testing Results: Prec@1 48.450 Prec@5 82.350             Loss 1.96840
Epoch [110] Testing Class Recall: [0.878,0.783,0.580,0.377,0.471,0.362,0.504,0.570,0.196,0.124]
Epoch [111] Training Results: Prec@1 71.700 Prec@5 90.900             Loss 1.11593
Epoch [111] Training Class Recall: [0.714,0.756,0.449,0.699,0.672,0.752,0.761,0.709,0.735,0.761]
Epoch [111] Testing Results: Prec@1 49.080 Prec@5 83.200             Loss 1.75257
Epoch [111] Testing Class Recall: [0.682,0.989,0.317,0.360,0.287,0.508,0.432,0.777,0.357,0.199]
Epoch [112] Training Results: Prec@1 71.740 Prec@5 91.144             Loss 1.11637
Epoch [112] Training Class Recall: [0.713,0.754,0.465,0.701,0.676,0.743,0.764,0.711,0.734,0.762]
Epoch [112] Testing Results: Prec@1 53.660 Prec@5 84.240             Loss 1.64752
Epoch [112] Testing Class Recall: [0.747,0.930,0.203,0.569,0.323,0.542,0.484,0.698,0.526,0.344]
Epoch [113] Training Results: Prec@1 71.476 Prec@5 91.348             Loss 1.11961
Epoch [113] Training Class Recall: [0.713,0.754,0.455,0.693,0.664,0.746,0.764,0.708,0.732,0.763]
Epoch [113] Testing Results: Prec@1 51.710 Prec@5 82.650             Loss 1.73904
Epoch [113] Testing Class Recall: [0.745,0.964,0.309,0.373,0.415,0.525,0.529,0.539,0.555,0.217]
Epoch [114] Training Results: Prec@1 71.660 Prec@5 91.116             Loss 1.11323
Epoch [114] Training Class Recall: [0.708,0.758,0.466,0.695,0.662,0.751,0.763,0.715,0.735,0.759]
Epoch [114] Testing Results: Prec@1 51.280 Prec@5 86.490             Loss 1.69669
Epoch [114] Testing Class Recall: [0.755,0.791,0.472,0.437,0.322,0.539,0.699,0.589,0.284,0.240]
Epoch [115] Training Results: Prec@1 71.664 Prec@5 91.224             Loss 1.11146
Epoch [115] Training Class Recall: [0.709,0.759,0.460,0.696,0.668,0.754,0.761,0.708,0.732,0.762]
Epoch [115] Testing Results: Prec@1 52.730 Prec@5 86.930             Loss 1.61601
Epoch [115] Testing Class Recall: [0.821,0.692,0.385,0.518,0.320,0.438,0.555,0.484,0.527,0.533]
Epoch [116] Training Results: Prec@1 71.820 Prec@5 91.316             Loss 1.10909
Epoch [116] Training Class Recall: [0.710,0.759,0.474,0.696,0.678,0.752,0.758,0.705,0.738,0.764]
Epoch [116] Testing Results: Prec@1 51.810 Prec@5 84.570             Loss 1.75682
Epoch [116] Testing Class Recall: [0.496,0.941,0.197,0.570,0.605,0.484,0.628,0.559,0.283,0.418]
Epoch [117] Training Results: Prec@1 71.720 Prec@5 91.188             Loss 1.11179
Epoch [117] Training Class Recall: [0.712,0.758,0.465,0.693,0.675,0.747,0.759,0.708,0.740,0.762]
Epoch [117] Testing Results: Prec@1 55.210 Prec@5 86.590             Loss 1.50779
Epoch [117] Testing Class Recall: [0.719,0.919,0.447,0.464,0.547,0.332,0.601,0.610,0.363,0.519]
Epoch [118] Training Results: Prec@1 72.132 Prec@5 91.420             Loss 1.10289
Epoch [118] Training Class Recall: [0.711,0.754,0.471,0.711,0.676,0.751,0.768,0.712,0.740,0.766]
Epoch [118] Testing Results: Prec@1 47.710 Prec@5 80.740             Loss 1.83815
Epoch [118] Testing Class Recall: [0.768,0.960,0.142,0.545,0.282,0.485,0.425,0.389,0.541,0.234]
Epoch [119] Training Results: Prec@1 71.912 Prec@5 91.364             Loss 1.11122
Epoch [119] Training Class Recall: [0.710,0.762,0.466,0.703,0.671,0.755,0.758,0.708,0.742,0.762]
Epoch [119] Testing Results: Prec@1 53.210 Prec@5 86.270             Loss 1.65932
Epoch [119] Testing Class Recall: [0.831,0.913,0.302,0.530,0.504,0.480,0.450,0.610,0.410,0.291]
Epoch [120] Training Results: Prec@1 71.716 Prec@5 91.236             Loss 1.11110
Epoch [120] Training Class Recall: [0.711,0.756,0.453,0.706,0.669,0.752,0.755,0.705,0.739,0.764]
Epoch [120] Testing Results: Prec@1 52.050 Prec@5 82.860             Loss 1.74093
Epoch [120] Testing Class Recall: [0.806,0.892,0.194,0.466,0.600,0.345,0.655,0.658,0.424,0.165]
Epoch [121] Training Results: Prec@1 71.616 Prec@5 91.368             Loss 1.10689
Epoch [121] Training Class Recall: [0.707,0.754,0.469,0.698,0.676,0.748,0.760,0.703,0.734,0.762]
Epoch [121] Testing Results: Prec@1 49.820 Prec@5 83.700             Loss 1.71915
Epoch [121] Testing Class Recall: [0.856,0.946,0.208,0.630,0.514,0.442,0.518,0.399,0.299,0.170]
Epoch [122] Training Results: Prec@1 71.940 Prec@5 91.552             Loss 1.09705
Epoch [122] Training Class Recall: [0.703,0.757,0.453,0.713,0.668,0.754,0.768,0.715,0.736,0.763]
Epoch [122] Testing Results: Prec@1 46.910 Prec@5 82.810             Loss 1.96388
Epoch [122] Testing Class Recall: [0.892,0.726,0.190,0.464,0.552,0.577,0.281,0.443,0.279,0.287]
Epoch [123] Training Results: Prec@1 71.532 Prec@5 91.368             Loss 1.11161
Epoch [123] Training Class Recall: [0.703,0.751,0.457,0.700,0.673,0.746,0.764,0.708,0.731,0.764]
Epoch [123] Testing Results: Prec@1 55.000 Prec@5 85.990             Loss 1.54274
Epoch [123] Testing Class Recall: [0.768,0.922,0.306,0.382,0.516,0.531,0.702,0.685,0.456,0.232]
Epoch [124] Training Results: Prec@1 72.004 Prec@5 91.400             Loss 1.10304
Epoch [124] Training Class Recall: [0.707,0.760,0.483,0.707,0.673,0.749,0.763,0.713,0.736,0.764]
Epoch [124] Testing Results: Prec@1 54.250 Prec@5 85.650             Loss 1.59596
Epoch [124] Testing Class Recall: [0.678,0.928,0.477,0.464,0.457,0.439,0.686,0.610,0.354,0.332]
Epoch [125] Training Results: Prec@1 72.068 Prec@5 91.624             Loss 1.10258
Epoch [125] Training Class Recall: [0.714,0.763,0.465,0.705,0.670,0.755,0.763,0.708,0.742,0.764]
Epoch [125] Testing Results: Prec@1 51.210 Prec@5 83.270             Loss 1.69050
Epoch [125] Testing Class Recall: [0.569,0.959,0.188,0.515,0.281,0.439,0.711,0.472,0.647,0.340]
Epoch [126] Training Results: Prec@1 71.892 Prec@5 91.640             Loss 1.10232
Epoch [126] Training Class Recall: [0.713,0.760,0.475,0.704,0.665,0.751,0.759,0.715,0.734,0.763]
Epoch [126] Testing Results: Prec@1 53.260 Prec@5 86.920             Loss 1.56521
Epoch [126] Testing Class Recall: [0.773,0.808,0.380,0.608,0.504,0.423,0.419,0.532,0.424,0.455]
Epoch [127] Training Results: Prec@1 72.024 Prec@5 91.640             Loss 1.10109
Epoch [127] Training Class Recall: [0.710,0.757,0.465,0.702,0.676,0.755,0.765,0.715,0.740,0.763]
Epoch [127] Testing Results: Prec@1 53.740 Prec@5 87.010             Loss 1.55998
Epoch [127] Testing Class Recall: [0.783,0.859,0.492,0.432,0.429,0.408,0.478,0.682,0.475,0.336]
Epoch [128] Training Results: Prec@1 72.040 Prec@5 91.640             Loss 1.09736
Epoch [128] Training Class Recall: [0.710,0.756,0.472,0.701,0.682,0.755,0.760,0.710,0.742,0.766]
Epoch [128] Testing Results: Prec@1 50.980 Prec@5 81.920             Loss 1.82383
Epoch [128] Testing Class Recall: [0.850,0.861,0.209,0.651,0.654,0.175,0.688,0.426,0.226,0.358]
Epoch [129] Training Results: Prec@1 72.212 Prec@5 91.536             Loss 1.09562
Epoch [129] Training Class Recall: [0.717,0.754,0.473,0.710,0.675,0.757,0.764,0.714,0.737,0.768]
Epoch [129] Testing Results: Prec@1 47.570 Prec@5 80.080             Loss 2.04443
Epoch [129] Testing Class Recall: [0.849,0.950,0.331,0.511,0.412,0.257,0.438,0.509,0.368,0.132]
Epoch [130] Training Results: Prec@1 72.096 Prec@5 91.660             Loss 1.09478
Epoch [130] Training Class Recall: [0.714,0.758,0.479,0.710,0.669,0.749,0.763,0.713,0.738,0.768]
Epoch [130] Testing Results: Prec@1 48.860 Prec@5 83.230             Loss 1.73879
Epoch [130] Testing Class Recall: [0.847,0.946,0.253,0.398,0.449,0.470,0.394,0.462,0.287,0.380]
Epoch [131] Training Results: Prec@1 72.228 Prec@5 91.756             Loss 1.09188
Epoch [131] Training Class Recall: [0.711,0.762,0.463,0.705,0.681,0.758,0.761,0.716,0.739,0.769]
Epoch [131] Testing Results: Prec@1 48.300 Prec@5 80.690             Loss 1.96551
Epoch [131] Testing Class Recall: [0.896,0.864,0.370,0.287,0.253,0.734,0.449,0.631,0.197,0.149]
Epoch [132] Training Results: Prec@1 72.116 Prec@5 91.728             Loss 1.09816
Epoch [132] Training Class Recall: [0.715,0.760,0.485,0.702,0.677,0.755,0.762,0.716,0.732,0.764]
Epoch [132] Testing Results: Prec@1 51.890 Prec@5 84.460             Loss 1.64830
Epoch [132] Testing Class Recall: [0.726,0.901,0.298,0.463,0.511,0.527,0.477,0.429,0.374,0.483]
Epoch [133] Training Results: Prec@1 71.824 Prec@5 91.736             Loss 1.09786
Epoch [133] Training Class Recall: [0.712,0.757,0.461,0.703,0.676,0.742,0.765,0.710,0.737,0.764]
Epoch [133] Testing Results: Prec@1 50.470 Prec@5 83.280             Loss 1.84400
Epoch [133] Testing Class Recall: [0.690,0.947,0.443,0.379,0.605,0.272,0.653,0.337,0.362,0.359]
Epoch [134] Training Results: Prec@1 71.800 Prec@5 91.732             Loss 1.09536
Epoch [134] Training Class Recall: [0.716,0.755,0.476,0.694,0.665,0.752,0.763,0.707,0.738,0.766]
Epoch [134] Testing Results: Prec@1 51.310 Prec@5 82.470             Loss 1.82268
Epoch [134] Testing Class Recall: [0.846,0.789,0.122,0.574,0.509,0.205,0.702,0.675,0.401,0.308]
Epoch [135] Training Results: Prec@1 72.084 Prec@5 91.696             Loss 1.09726
Epoch [135] Training Class Recall: [0.715,0.760,0.464,0.706,0.677,0.751,0.767,0.715,0.737,0.762]
Epoch [135] Testing Results: Prec@1 49.780 Prec@5 82.890             Loss 1.77549
Epoch [135] Testing Class Recall: [0.758,0.944,0.380,0.376,0.399,0.555,0.671,0.415,0.287,0.193]
Epoch [136] Training Results: Prec@1 71.724 Prec@5 91.812             Loss 1.09850
Epoch [136] Training Class Recall: [0.705,0.764,0.460,0.699,0.669,0.747,0.760,0.710,0.741,0.762]
Epoch [136] Testing Results: Prec@1 51.200 Prec@5 83.680             Loss 1.75884
Epoch [136] Testing Class Recall: [0.757,0.903,0.329,0.534,0.690,0.304,0.495,0.584,0.362,0.162]
Epoch [137] Training Results: Prec@1 72.132 Prec@5 91.904             Loss 1.08906
Epoch [137] Training Class Recall: [0.711,0.762,0.469,0.708,0.675,0.757,0.763,0.707,0.740,0.766]
Epoch [137] Testing Results: Prec@1 51.160 Prec@5 84.340             Loss 1.73415
Epoch [137] Testing Class Recall: [0.801,0.938,0.360,0.462,0.502,0.443,0.654,0.394,0.345,0.217]
Epoch [138] Training Results: Prec@1 72.128 Prec@5 91.952             Loss 1.09212
Epoch [138] Training Class Recall: [0.704,0.763,0.462,0.713,0.682,0.751,0.768,0.710,0.735,0.765]
Epoch [138] Testing Results: Prec@1 52.560 Prec@5 85.230             Loss 1.66124
Epoch [138] Testing Class Recall: [0.699,0.871,0.421,0.599,0.309,0.639,0.520,0.355,0.566,0.277]
Epoch [139] Training Results: Prec@1 72.012 Prec@5 91.832             Loss 1.09165
Epoch [139] Training Class Recall: [0.718,0.759,0.472,0.702,0.668,0.750,0.764,0.716,0.738,0.765]
Epoch [139] Testing Results: Prec@1 51.270 Prec@5 82.720             Loss 1.83601
Epoch [139] Testing Class Recall: [0.626,0.963,0.363,0.535,0.393,0.328,0.676,0.576,0.511,0.156]
Epoch [140] Training Results: Prec@1 72.212 Prec@5 91.932             Loss 1.08804
Epoch [140] Training Class Recall: [0.716,0.761,0.492,0.700,0.678,0.750,0.763,0.713,0.741,0.766]
Epoch [140] Testing Results: Prec@1 50.730 Prec@5 85.220             Loss 1.78236
Epoch [140] Testing Class Recall: [0.833,0.907,0.402,0.560,0.492,0.288,0.556,0.355,0.306,0.374]
Epoch [141] Training Results: Prec@1 71.960 Prec@5 92.192             Loss 1.08951
Epoch [141] Training Class Recall: [0.710,0.761,0.479,0.697,0.681,0.749,0.762,0.703,0.742,0.765]
Epoch [141] Testing Results: Prec@1 51.570 Prec@5 83.530             Loss 1.72067
Epoch [141] Testing Class Recall: [0.655,0.945,0.316,0.552,0.298,0.323,0.501,0.698,0.393,0.476]
Epoch [142] Training Results: Prec@1 71.840 Prec@5 91.976             Loss 1.09336
Epoch [142] Training Class Recall: [0.713,0.765,0.468,0.696,0.674,0.752,0.759,0.705,0.734,0.763]
Epoch [142] Testing Results: Prec@1 49.800 Prec@5 83.880             Loss 1.74268
Epoch [142] Testing Class Recall: [0.838,0.915,0.297,0.506,0.389,0.468,0.409,0.492,0.515,0.151]
Epoch [143] Training Results: Prec@1 72.316 Prec@5 92.120             Loss 1.08399
Epoch [143] Training Class Recall: [0.718,0.764,0.465,0.714,0.681,0.755,0.765,0.708,0.736,0.768]
Epoch [143] Testing Results: Prec@1 52.810 Prec@5 84.950             Loss 1.70484
Epoch [143] Testing Class Recall: [0.894,0.932,0.413,0.318,0.488,0.520,0.653,0.538,0.410,0.115]
Epoch [144] Training Results: Prec@1 71.756 Prec@5 92.128             Loss 1.09570
Epoch [144] Training Class Recall: [0.713,0.762,0.472,0.694,0.674,0.742,0.760,0.708,0.738,0.764]
Epoch [144] Testing Results: Prec@1 50.740 Prec@5 83.650             Loss 1.77204
Epoch [144] Testing Class Recall: [0.917,0.774,0.278,0.532,0.447,0.394,0.638,0.492,0.431,0.171]
Epoch [145] Training Results: Prec@1 72.136 Prec@5 92.000             Loss 1.08682
Epoch [145] Training Class Recall: [0.712,0.765,0.479,0.699,0.682,0.750,0.763,0.715,0.738,0.764]
Epoch [145] Testing Results: Prec@1 49.230 Prec@5 83.300             Loss 2.02202
Epoch [145] Testing Class Recall: [0.894,0.845,0.320,0.176,0.551,0.480,0.564,0.458,0.518,0.117]
Epoch [146] Training Results: Prec@1 71.972 Prec@5 91.880             Loss 1.09106
Epoch [146] Training Class Recall: [0.718,0.757,0.456,0.701,0.677,0.753,0.760,0.713,0.739,0.765]
Epoch [146] Testing Results: Prec@1 53.000 Prec@5 85.310             Loss 1.63472
Epoch [146] Testing Class Recall: [0.686,0.954,0.398,0.654,0.341,0.348,0.670,0.463,0.491,0.295]
Epoch [147] Training Results: Prec@1 72.316 Prec@5 92.140             Loss 1.08077
Epoch [147] Training Class Recall: [0.721,0.764,0.471,0.707,0.673,0.756,0.764,0.715,0.740,0.768]
Epoch [147] Testing Results: Prec@1 46.720 Prec@5 79.800             Loss 2.22203
Epoch [147] Testing Class Recall: [0.827,0.918,0.391,0.627,0.274,0.191,0.537,0.568,0.247,0.092]
Epoch [148] Training Results: Prec@1 71.980 Prec@5 92.104             Loss 1.08836
Epoch [148] Training Class Recall: [0.712,0.758,0.478,0.698,0.674,0.752,0.760,0.713,0.738,0.767]
Epoch [148] Testing Results: Prec@1 50.590 Prec@5 83.170             Loss 1.83322
Epoch [148] Testing Class Recall: [0.836,0.937,0.193,0.558,0.480,0.392,0.740,0.358,0.284,0.281]
Epoch [149] Training Results: Prec@1 72.280 Prec@5 91.960             Loss 1.08185
Epoch [149] Training Class Recall: [0.719,0.763,0.476,0.703,0.668,0.756,0.770,0.713,0.739,0.767]
Epoch [149] Testing Results: Prec@1 47.750 Prec@5 80.370             Loss 2.04748
Epoch [149] Testing Class Recall: [0.823,0.942,0.469,0.328,0.298,0.218,0.426,0.622,0.347,0.302]
Epoch [150] Training Results: Prec@1 72.124 Prec@5 92.204             Loss 1.08492
Epoch [150] Training Class Recall: [0.706,0.757,0.481,0.707,0.684,0.745,0.765,0.717,0.740,0.766]
Epoch [150] Testing Results: Prec@1 48.950 Prec@5 81.450             Loss 1.87116
Epoch [150] Testing Class Recall: [0.808,0.838,0.473,0.413,0.334,0.519,0.401,0.373,0.669,0.067]
Epoch [151] Training Results: Prec@1 72.008 Prec@5 92.272             Loss 1.08493
Epoch [151] Training Class Recall: [0.709,0.763,0.483,0.694,0.678,0.756,0.758,0.709,0.738,0.766]
Epoch [151] Testing Results: Prec@1 52.360 Prec@5 83.080             Loss 1.68037
Epoch [151] Testing Class Recall: [0.627,0.787,0.263,0.503,0.214,0.319,0.685,0.825,0.749,0.264]
Epoch [152] Training Results: Prec@1 72.120 Prec@5 92.096             Loss 1.08322
Epoch [152] Training Class Recall: [0.709,0.764,0.468,0.708,0.671,0.753,0.761,0.712,0.740,0.770]
Epoch [152] Testing Results: Prec@1 51.740 Prec@5 82.150             Loss 1.79471
Epoch [152] Testing Class Recall: [0.754,0.965,0.284,0.428,0.519,0.629,0.714,0.443,0.345,0.093]
Epoch [153] Training Results: Prec@1 72.144 Prec@5 92.140             Loss 1.07955
Epoch [153] Training Class Recall: [0.709,0.765,0.469,0.703,0.681,0.756,0.766,0.713,0.733,0.766]
Epoch [153] Testing Results: Prec@1 53.440 Prec@5 85.620             Loss 1.63130
Epoch [153] Testing Class Recall: [0.770,0.861,0.203,0.601,0.527,0.367,0.641,0.622,0.538,0.214]
Epoch [154] Training Results: Prec@1 72.368 Prec@5 92.296             Loss 1.07678
Epoch [154] Training Class Recall: [0.717,0.760,0.478,0.704,0.685,0.755,0.764,0.714,0.743,0.768]
Epoch [154] Testing Results: Prec@1 48.930 Prec@5 82.480             Loss 1.85011
Epoch [154] Testing Class Recall: [0.693,0.950,0.125,0.558,0.346,0.571,0.470,0.453,0.408,0.319]
Epoch [155] Training Results: Prec@1 72.092 Prec@5 92.140             Loss 1.08282
Epoch [155] Training Class Recall: [0.710,0.759,0.473,0.700,0.680,0.754,0.769,0.705,0.742,0.767]
Epoch [155] Testing Results: Prec@1 51.830 Prec@5 85.580             Loss 1.62961
Epoch [155] Testing Class Recall: [0.747,0.901,0.384,0.349,0.338,0.393,0.612,0.772,0.402,0.285]
Epoch [156] Training Results: Prec@1 72.464 Prec@5 92.232             Loss 1.07890
Epoch [156] Training Class Recall: [0.719,0.769,0.473,0.715,0.672,0.757,0.767,0.715,0.737,0.768]
Epoch [156] Testing Results: Prec@1 46.860 Prec@5 81.290             Loss 1.96608
Epoch [156] Testing Class Recall: [0.427,0.939,0.482,0.409,0.360,0.377,0.762,0.518,0.351,0.061]
Epoch [157] Training Results: Prec@1 72.176 Prec@5 92.220             Loss 1.07705
Epoch [157] Training Class Recall: [0.710,0.759,0.462,0.711,0.678,0.756,0.766,0.708,0.744,0.765]
Epoch [157] Testing Results: Prec@1 52.320 Prec@5 84.560             Loss 1.65978
Epoch [157] Testing Class Recall: [0.569,0.881,0.204,0.530,0.642,0.448,0.546,0.559,0.393,0.460]
Epoch [158] Training Results: Prec@1 72.276 Prec@5 92.372             Loss 1.07421
Epoch [158] Training Class Recall: [0.717,0.763,0.469,0.706,0.676,0.754,0.765,0.716,0.738,0.769]
Epoch [158] Testing Results: Prec@1 54.810 Prec@5 85.200             Loss 1.62467
Epoch [158] Testing Class Recall: [0.773,0.913,0.210,0.492,0.533,0.476,0.640,0.666,0.491,0.287]
Epoch [159] Training Results: Prec@1 72.120 Prec@5 92.456             Loss 1.07527
Epoch [159] Training Class Recall: [0.719,0.760,0.466,0.698,0.675,0.757,0.760,0.715,0.740,0.768]
Epoch [159] Testing Results: Prec@1 47.250 Prec@5 83.150             Loss 2.07788
Epoch [159] Testing Class Recall: [0.914,0.807,0.101,0.440,0.348,0.338,0.615,0.449,0.445,0.268]
Epoch [160] Training Results: Prec@1 73.620 Prec@5 93.320             Loss 1.02063
Epoch [160] Training Class Recall: [0.749,0.764,0.456,0.729,0.687,0.774,0.783,0.729,0.747,0.777]
Epoch [160] Testing Results: Prec@1 56.560 Prec@5 86.490             Loss 1.55687
Epoch [160] Testing Class Recall: [0.804,0.926,0.329,0.571,0.547,0.461,0.636,0.587,0.515,0.280]
Epoch [161] Training Results: Prec@1 74.692 Prec@5 93.880             Loss 0.97859
Epoch [161] Training Class Recall: [0.744,0.784,0.534,0.743,0.706,0.782,0.780,0.737,0.748,0.778]
Epoch [161] Testing Results: Prec@1 56.380 Prec@5 86.300             Loss 1.56048
Epoch [161] Testing Class Recall: [0.807,0.937,0.355,0.584,0.541,0.465,0.623,0.581,0.497,0.248]
Epoch [162] Training Results: Prec@1 75.012 Prec@5 94.184             Loss 0.96020
Epoch [162] Training Class Recall: [0.747,0.788,0.546,0.751,0.716,0.787,0.781,0.735,0.748,0.774]
Epoch [162] Testing Results: Prec@1 57.240 Prec@5 86.520             Loss 1.52719
Epoch [162] Testing Class Recall: [0.783,0.936,0.361,0.579,0.561,0.489,0.623,0.607,0.516,0.269]
Epoch [163] Training Results: Prec@1 75.216 Prec@5 94.396             Loss 0.94746
Epoch [163] Training Class Recall: [0.747,0.788,0.555,0.748,0.722,0.788,0.786,0.735,0.752,0.778]
Epoch [163] Testing Results: Prec@1 56.890 Prec@5 86.240             Loss 1.55847
Epoch [163] Testing Class Recall: [0.804,0.939,0.378,0.545,0.550,0.497,0.601,0.627,0.501,0.247]
Epoch [164] Training Results: Prec@1 75.340 Prec@5 94.308             Loss 0.94049
Epoch [164] Training Class Recall: [0.750,0.785,0.562,0.751,0.722,0.796,0.782,0.738,0.751,0.777]
Epoch [164] Testing Results: Prec@1 57.260 Prec@5 86.600             Loss 1.54585
Epoch [164] Testing Class Recall: [0.767,0.934,0.370,0.588,0.575,0.477,0.624,0.599,0.512,0.280]
Epoch [165] Training Results: Prec@1 75.532 Prec@5 94.776             Loss 0.92989
Epoch [165] Training Class Recall: [0.750,0.790,0.567,0.754,0.722,0.794,0.790,0.735,0.751,0.779]
Epoch [165] Testing Results: Prec@1 56.520 Prec@5 85.940             Loss 1.59103
Epoch [165] Testing Class Recall: [0.791,0.929,0.377,0.607,0.567,0.484,0.586,0.571,0.506,0.234]
Epoch [166] Training Results: Prec@1 75.652 Prec@5 94.692             Loss 0.92790
Epoch [166] Training Class Recall: [0.753,0.795,0.567,0.752,0.723,0.795,0.789,0.736,0.755,0.778]
Epoch [166] Testing Results: Prec@1 56.200 Prec@5 85.890             Loss 1.60849
Epoch [166] Testing Class Recall: [0.800,0.927,0.387,0.571,0.568,0.497,0.595,0.570,0.471,0.234]
Epoch [167] Training Results: Prec@1 75.692 Prec@5 94.936             Loss 0.91933
Epoch [167] Training Class Recall: [0.755,0.794,0.576,0.757,0.727,0.796,0.789,0.732,0.750,0.778]
Epoch [167] Testing Results: Prec@1 56.420 Prec@5 85.860             Loss 1.60934
Epoch [167] Testing Class Recall: [0.786,0.929,0.369,0.594,0.575,0.484,0.589,0.584,0.490,0.242]
Epoch [168] Training Results: Prec@1 75.780 Prec@5 94.876             Loss 0.91337
Epoch [168] Training Class Recall: [0.755,0.791,0.568,0.758,0.727,0.798,0.789,0.738,0.758,0.777]
Epoch [168] Testing Results: Prec@1 56.050 Prec@5 85.640             Loss 1.63879
Epoch [168] Testing Class Recall: [0.801,0.931,0.372,0.588,0.568,0.464,0.579,0.573,0.489,0.240]
Epoch [169] Training Results: Prec@1 75.928 Prec@5 95.228             Loss 0.90910
Epoch [169] Training Class Recall: [0.757,0.796,0.577,0.759,0.731,0.798,0.793,0.736,0.749,0.780]
Epoch [169] Testing Results: Prec@1 55.540 Prec@5 85.360             Loss 1.65842
Epoch [169] Testing Class Recall: [0.809,0.923,0.356,0.590,0.567,0.477,0.552,0.589,0.457,0.234]
Epoch [170] Training Results: Prec@1 76.024 Prec@5 95.116             Loss 0.90579
Epoch [170] Training Class Recall: [0.757,0.796,0.571,0.762,0.732,0.801,0.789,0.737,0.757,0.780]
Epoch [170] Testing Results: Prec@1 55.580 Prec@5 85.290             Loss 1.66467
Epoch [170] Testing Class Recall: [0.764,0.936,0.362,0.612,0.560,0.464,0.606,0.584,0.442,0.228]
Epoch [171] Training Results: Prec@1 76.092 Prec@5 95.212             Loss 0.89974
Epoch [171] Training Class Recall: [0.763,0.793,0.590,0.759,0.731,0.799,0.791,0.741,0.755,0.777]
Epoch [171] Testing Results: Prec@1 55.220 Prec@5 85.120             Loss 1.67872
Epoch [171] Testing Class Recall: [0.806,0.927,0.360,0.572,0.570,0.463,0.562,0.561,0.456,0.245]
Epoch [172] Training Results: Prec@1 76.316 Prec@5 95.192             Loss 0.89485
Epoch [172] Training Class Recall: [0.759,0.798,0.584,0.768,0.731,0.804,0.793,0.743,0.753,0.781]
Epoch [172] Testing Results: Prec@1 55.300 Prec@5 84.890             Loss 1.68644
Epoch [172] Testing Class Recall: [0.783,0.930,0.345,0.621,0.581,0.465,0.556,0.549,0.456,0.244]
Epoch [173] Training Results: Prec@1 76.236 Prec@5 95.088             Loss 0.89338
Epoch [173] Training Class Recall: [0.758,0.801,0.582,0.763,0.733,0.801,0.788,0.741,0.760,0.781]
Epoch [173] Testing Results: Prec@1 55.310 Prec@5 85.030             Loss 1.69535
Epoch [173] Testing Class Recall: [0.787,0.935,0.343,0.608,0.554,0.464,0.558,0.585,0.445,0.252]
Epoch [174] Training Results: Prec@1 76.300 Prec@5 95.344             Loss 0.88976
Epoch [174] Training Class Recall: [0.756,0.799,0.580,0.766,0.741,0.800,0.791,0.743,0.761,0.779]
Epoch [174] Testing Results: Prec@1 55.150 Prec@5 84.960             Loss 1.68042
Epoch [174] Testing Class Recall: [0.789,0.918,0.344,0.603,0.556,0.460,0.570,0.570,0.459,0.246]
Epoch [175] Training Results: Prec@1 76.356 Prec@5 95.420             Loss 0.88591
Epoch [175] Training Class Recall: [0.762,0.796,0.592,0.771,0.732,0.797,0.791,0.744,0.758,0.782]
Epoch [175] Testing Results: Prec@1 54.990 Prec@5 84.680             Loss 1.70860
Epoch [175] Testing Class Recall: [0.787,0.918,0.357,0.599,0.561,0.478,0.602,0.547,0.417,0.233]
Epoch [176] Training Results: Prec@1 76.316 Prec@5 95.344             Loss 0.88454
Epoch [176] Training Class Recall: [0.760,0.798,0.589,0.762,0.735,0.803,0.787,0.744,0.762,0.781]
Epoch [176] Testing Results: Prec@1 54.760 Prec@5 84.510             Loss 1.73432
Epoch [176] Testing Class Recall: [0.795,0.926,0.347,0.583,0.560,0.486,0.574,0.553,0.415,0.237]
Epoch [177] Training Results: Prec@1 76.380 Prec@5 95.360             Loss 0.88073
Epoch [177] Training Class Recall: [0.762,0.801,0.590,0.768,0.732,0.795,0.787,0.747,0.765,0.780]
Epoch [177] Testing Results: Prec@1 54.630 Prec@5 84.590             Loss 1.72868
Epoch [177] Testing Class Recall: [0.792,0.922,0.349,0.597,0.525,0.458,0.588,0.561,0.429,0.242]
Epoch [178] Training Results: Prec@1 76.552 Prec@5 95.388             Loss 0.88002
Epoch [178] Training Class Recall: [0.762,0.806,0.596,0.766,0.729,0.801,0.796,0.743,0.766,0.780]
Epoch [178] Testing Results: Prec@1 55.270 Prec@5 85.060             Loss 1.67779
Epoch [178] Testing Class Recall: [0.773,0.916,0.347,0.591,0.541,0.482,0.598,0.561,0.459,0.259]
Epoch [179] Training Results: Prec@1 76.512 Prec@5 95.408             Loss 0.87725
Epoch [179] Training Class Recall: [0.762,0.797,0.594,0.774,0.731,0.803,0.796,0.743,0.762,0.779]
Epoch [179] Testing Results: Prec@1 54.650 Prec@5 84.500             Loss 1.73701
Epoch [179] Testing Class Recall: [0.788,0.926,0.341,0.594,0.568,0.473,0.567,0.535,0.426,0.247]
Epoch [180] Training Results: Prec@1 76.648 Prec@5 95.512             Loss 0.87082
Epoch [180] Training Class Recall: [0.764,0.806,0.578,0.772,0.742,0.800,0.792,0.745,0.766,0.782]
Epoch [180] Testing Results: Prec@1 54.850 Prec@5 84.320             Loss 1.72814
Epoch [180] Testing Class Recall: [0.780,0.924,0.343,0.594,0.558,0.448,0.592,0.560,0.448,0.238]
Epoch [181] Training Results: Prec@1 76.560 Prec@5 95.564             Loss 0.87500
Epoch [181] Training Class Recall: [0.763,0.805,0.582,0.772,0.736,0.802,0.795,0.743,0.759,0.782]
Epoch [181] Testing Results: Prec@1 54.570 Prec@5 84.280             Loss 1.73573
Epoch [181] Testing Class Recall: [0.786,0.922,0.323,0.604,0.553,0.441,0.588,0.566,0.431,0.243]
Epoch [182] Training Results: Prec@1 76.500 Prec@5 95.644             Loss 0.86976
Epoch [182] Training Class Recall: [0.764,0.801,0.590,0.768,0.735,0.799,0.793,0.742,0.761,0.786]
Epoch [182] Testing Results: Prec@1 54.680 Prec@5 84.300             Loss 1.74342
Epoch [182] Testing Class Recall: [0.774,0.928,0.352,0.599,0.562,0.461,0.571,0.555,0.427,0.239]
Epoch [183] Training Results: Prec@1 76.652 Prec@5 95.560             Loss 0.86956
Epoch [183] Training Class Recall: [0.762,0.806,0.591,0.771,0.737,0.802,0.794,0.745,0.764,0.781]
Epoch [183] Testing Results: Prec@1 54.750 Prec@5 84.410             Loss 1.74315
Epoch [183] Testing Class Recall: [0.784,0.929,0.376,0.581,0.533,0.470,0.589,0.548,0.431,0.234]
Epoch [184] Training Results: Prec@1 76.564 Prec@5 95.588             Loss 0.87145
Epoch [184] Training Class Recall: [0.763,0.802,0.590,0.770,0.737,0.803,0.792,0.740,0.763,0.783]
Epoch [184] Testing Results: Prec@1 54.940 Prec@5 84.510             Loss 1.70873
Epoch [184] Testing Class Recall: [0.776,0.928,0.329,0.580,0.558,0.472,0.592,0.577,0.437,0.245]
Epoch [185] Training Results: Prec@1 76.568 Prec@5 95.468             Loss 0.87231
Epoch [185] Training Class Recall: [0.765,0.802,0.592,0.769,0.734,0.800,0.793,0.746,0.761,0.784]
Epoch [185] Testing Results: Prec@1 54.390 Prec@5 84.150             Loss 1.76142
Epoch [185] Testing Class Recall: [0.780,0.931,0.364,0.591,0.549,0.443,0.564,0.551,0.425,0.241]
Epoch [186] Training Results: Prec@1 76.628 Prec@5 95.668             Loss 0.87361
Epoch [186] Training Class Recall: [0.762,0.804,0.594,0.766,0.738,0.805,0.795,0.741,0.763,0.784]
Epoch [186] Testing Results: Prec@1 54.420 Prec@5 84.230             Loss 1.75646
Epoch [186] Testing Class Recall: [0.792,0.928,0.355,0.584,0.554,0.434,0.565,0.549,0.433,0.248]
Epoch [187] Training Results: Prec@1 76.604 Prec@5 95.560             Loss 0.87247
Epoch [187] Training Class Recall: [0.763,0.804,0.587,0.765,0.741,0.801,0.793,0.744,0.764,0.784]
Epoch [187] Testing Results: Prec@1 54.870 Prec@5 84.420             Loss 1.72461
Epoch [187] Testing Class Recall: [0.787,0.924,0.343,0.581,0.560,0.461,0.602,0.539,0.444,0.246]
Epoch [188] Training Results: Prec@1 76.412 Prec@5 95.452             Loss 0.87287
Epoch [188] Training Class Recall: [0.758,0.801,0.596,0.764,0.734,0.799,0.793,0.742,0.763,0.782]
Epoch [188] Testing Results: Prec@1 54.630 Prec@5 84.730             Loss 1.72556
Epoch [188] Testing Class Recall: [0.788,0.917,0.362,0.582,0.546,0.447,0.591,0.551,0.421,0.258]
Epoch [189] Training Results: Prec@1 76.532 Prec@5 95.520             Loss 0.87272
Epoch [189] Training Class Recall: [0.767,0.798,0.593,0.766,0.736,0.804,0.791,0.744,0.763,0.781]
Epoch [189] Testing Results: Prec@1 54.940 Prec@5 84.540             Loss 1.72166
Epoch [189] Testing Class Recall: [0.778,0.922,0.342,0.590,0.559,0.472,0.588,0.565,0.425,0.253]
Epoch [190] Training Results: Prec@1 76.440 Prec@5 95.584             Loss 0.87137
Epoch [190] Training Class Recall: [0.762,0.805,0.576,0.764,0.729,0.803,0.795,0.746,0.761,0.782]
Epoch [190] Testing Results: Prec@1 54.910 Prec@5 84.570             Loss 1.71759
Epoch [190] Testing Class Recall: [0.788,0.930,0.346,0.585,0.544,0.466,0.574,0.562,0.431,0.265]
Epoch [191] Training Results: Prec@1 76.544 Prec@5 95.356             Loss 0.87528
Epoch [191] Training Class Recall: [0.765,0.802,0.580,0.765,0.738,0.799,0.794,0.750,0.763,0.783]
Epoch [191] Testing Results: Prec@1 54.550 Prec@5 84.160             Loss 1.74404
Epoch [191] Testing Class Recall: [0.780,0.931,0.353,0.584,0.538,0.469,0.579,0.554,0.424,0.243]
Epoch [192] Training Results: Prec@1 76.660 Prec@5 95.640             Loss 0.87250
Epoch [192] Training Class Recall: [0.760,0.802,0.592,0.771,0.740,0.804,0.798,0.745,0.760,0.784]
Epoch [192] Testing Results: Prec@1 54.800 Prec@5 84.500             Loss 1.73551
Epoch [192] Testing Class Recall: [0.769,0.932,0.361,0.591,0.545,0.460,0.592,0.555,0.422,0.253]
Epoch [193] Training Results: Prec@1 76.688 Prec@5 95.580             Loss 0.87384
Epoch [193] Training Class Recall: [0.765,0.801,0.594,0.773,0.734,0.807,0.796,0.743,0.762,0.782]
Epoch [193] Testing Results: Prec@1 54.340 Prec@5 84.000             Loss 1.77186
Epoch [193] Testing Class Recall: [0.790,0.929,0.350,0.596,0.536,0.448,0.559,0.562,0.434,0.230]
Epoch [194] Training Results: Prec@1 76.592 Prec@5 95.572             Loss 0.87331
Epoch [194] Training Class Recall: [0.764,0.803,0.588,0.774,0.738,0.799,0.793,0.743,0.762,0.782]
Epoch [194] Testing Results: Prec@1 54.580 Prec@5 84.340             Loss 1.74313
Epoch [194] Testing Class Recall: [0.779,0.928,0.372,0.587,0.544,0.439,0.558,0.570,0.440,0.241]
Epoch [195] Training Results: Prec@1 76.448 Prec@5 95.508             Loss 0.87240
Epoch [195] Training Class Recall: [0.765,0.795,0.590,0.768,0.735,0.802,0.793,0.745,0.756,0.785]
Epoch [195] Testing Results: Prec@1 54.740 Prec@5 84.690             Loss 1.72134
Epoch [195] Testing Class Recall: [0.778,0.918,0.363,0.588,0.558,0.451,0.567,0.567,0.431,0.253]
Epoch [196] Training Results: Prec@1 76.636 Prec@5 95.556             Loss 0.86914
Epoch [196] Training Class Recall: [0.767,0.802,0.583,0.772,0.736,0.798,0.796,0.746,0.762,0.785]
Epoch [196] Testing Results: Prec@1 54.750 Prec@5 84.450             Loss 1.73136
Epoch [196] Testing Class Recall: [0.789,0.926,0.347,0.585,0.551,0.467,0.568,0.566,0.431,0.245]
Epoch [197] Training Results: Prec@1 76.428 Prec@5 95.660             Loss 0.87071
Epoch [197] Training Class Recall: [0.767,0.803,0.581,0.764,0.734,0.799,0.792,0.743,0.762,0.783]
Epoch [197] Testing Results: Prec@1 54.760 Prec@5 84.640             Loss 1.72948
Epoch [197] Testing Class Recall: [0.782,0.920,0.371,0.589,0.541,0.463,0.572,0.561,0.431,0.246]
Epoch [198] Training Results: Prec@1 76.532 Prec@5 95.552             Loss 0.87032
Epoch [198] Training Class Recall: [0.764,0.801,0.593,0.769,0.730,0.803,0.792,0.745,0.762,0.782]
Epoch [198] Testing Results: Prec@1 54.600 Prec@5 84.390             Loss 1.75294
Epoch [198] Testing Class Recall: [0.784,0.924,0.372,0.592,0.550,0.469,0.564,0.542,0.421,0.242]
Epoch [199] Training Results: Prec@1 76.624 Prec@5 95.560             Loss 0.87342
Epoch [199] Training Class Recall: [0.761,0.798,0.593,0.774,0.737,0.801,0.794,0.745,0.764,0.784]
Epoch [199] Testing Results: Prec@1 54.840 Prec@5 84.480             Loss 1.74027
Epoch [199] Testing Class Recall: [0.796,0.913,0.344,0.585,0.562,0.453,0.592,0.546,0.453,0.240]
