Log file: cifar10_sava0.1_deepsmote_sava_exp0.01_seed42_20260609_145751.log
Run started: 2026-06-09 14:57:51.051472
Dataset: cifar10
Imbalance type: exp, factor: 0.01
Selection method: sava, ratio: 0.1
Strategy: DeepSMOTE_Sava, epochs: 200
Seed: 42, rand_number: 0
Augmentation: weak
Noise ratio: 0.25
mamix_ratio: 1.0
============================================================

=> Preparing logger and tensorboard writer !
----------------------------------------------------
Class ID   | Original   | Selected   | Keep %  
----------------------------------------------------
0          | 4999       | 749        |    15.0%
1          | 5041       | 592        |    11.7%
2          | 4922       | 200        |     4.1%
3          | 4994       | 511        |    10.2%
4          | 5001       | 262        |     5.2%
5          | 5033       | 669        |    13.3%
6          | 5000       | 323        |     6.5%
7          | 5010       | 330        |     6.6%
8          | 4984       | 406        |     8.1%
9          | 5016       | 958        |    19.1%
----------------------------------------------------
TOTAL      | 50000      | 5000       |    10.0%
----------------------------------------------------
Epoch [0] Training Results: Prec@1 29.320 Prec@5 72.920             Loss 2.16383
Epoch [0] Training Class Recall: [0.465,0.196,0.000,0.078,0.057,0.417,0.059,0.018,0.071,0.641]
Epoch [0] Testing Results: Prec@1 17.780 Prec@5 69.650             Loss 2.36472
Epoch [0] Testing Class Recall: [0.423,0.023,0.000,0.000,0.000,0.775,0.000,0.000,0.059,0.498]
Epoch [1] Training Results: Prec@1 39.400 Prec@5 78.680             Loss 1.92480
Epoch [1] Training Class Recall: [0.561,0.439,0.000,0.123,0.095,0.493,0.099,0.036,0.212,0.775]
Epoch [1] Testing Results: Prec@1 22.910 Prec@5 71.050             Loss 2.31199
Epoch [1] Testing Class Recall: [0.554,0.354,0.003,0.043,0.720,0.175,0.017,0.000,0.000,0.425]
Epoch [2] Training Results: Prec@1 40.440 Prec@5 79.080             Loss 1.91195
Epoch [2] Training Class Recall: [0.553,0.456,0.000,0.086,0.145,0.510,0.235,0.033,0.249,0.759]
Epoch [2] Testing Results: Prec@1 19.560 Prec@5 69.910             Loss 2.79633
Epoch [2] Testing Class Recall: [0.465,0.277,0.000,0.000,0.000,0.220,0.299,0.000,0.032,0.663]
Epoch [3] Training Results: Prec@1 42.620 Prec@5 81.280             Loss 1.79229
Epoch [3] Training Class Recall: [0.650,0.424,0.000,0.162,0.073,0.480,0.223,0.015,0.305,0.803]
Epoch [3] Testing Results: Prec@1 24.160 Prec@5 69.720             Loss 2.33706
Epoch [3] Testing Class Recall: [0.088,0.874,0.000,0.666,0.027,0.081,0.163,0.008,0.264,0.245]
Epoch [4] Training Results: Prec@1 44.520 Prec@5 80.520             Loss 1.77761
Epoch [4] Training Class Recall: [0.597,0.498,0.000,0.166,0.160,0.565,0.232,0.048,0.328,0.788]
Epoch [4] Testing Results: Prec@1 26.140 Prec@5 74.490             Loss 2.26035
Epoch [4] Testing Class Recall: [0.332,0.486,0.000,0.619,0.001,0.000,0.333,0.001,0.245,0.597]
Epoch [5] Training Results: Prec@1 43.080 Prec@5 81.880             Loss 1.77326
Epoch [5] Training Class Recall: [0.578,0.438,0.000,0.233,0.092,0.456,0.310,0.015,0.303,0.820]
Epoch [5] Testing Results: Prec@1 22.250 Prec@5 70.530             Loss 2.44757
Epoch [5] Testing Class Recall: [0.537,0.251,0.000,0.008,0.054,0.773,0.188,0.003,0.032,0.379]
Epoch [6] Training Results: Prec@1 47.640 Prec@5 82.940             Loss 1.67171
Epoch [6] Training Class Recall: [0.676,0.529,0.000,0.198,0.118,0.537,0.303,0.033,0.399,0.836]
Epoch [6] Testing Results: Prec@1 26.990 Prec@5 72.980             Loss 2.30593
Epoch [6] Testing Class Recall: [0.292,0.498,0.000,0.080,0.054,0.808,0.224,0.016,0.304,0.423]
Epoch [7] Training Results: Prec@1 48.540 Prec@5 83.420             Loss 1.65768
Epoch [7] Training Class Recall: [0.666,0.537,0.000,0.135,0.179,0.601,0.260,0.067,0.475,0.828]
Epoch [7] Testing Results: Prec@1 26.300 Prec@5 75.440             Loss 2.37463
Epoch [7] Testing Class Recall: [0.378,0.739,0.000,0.048,0.172,0.606,0.088,0.003,0.193,0.403]
Epoch [8] Training Results: Prec@1 51.700 Prec@5 84.280             Loss 1.61621
Epoch [8] Training Class Recall: [0.705,0.569,0.000,0.172,0.172,0.626,0.341,0.091,0.542,0.843]
Epoch [8] Testing Results: Prec@1 27.630 Prec@5 72.530             Loss 2.25942
Epoch [8] Testing Class Recall: [0.516,0.711,0.000,0.196,0.011,0.383,0.288,0.003,0.272,0.383]
Epoch [9] Training Results: Prec@1 51.500 Prec@5 84.520             Loss 1.60700
Epoch [9] Training Class Recall: [0.704,0.591,0.000,0.157,0.187,0.604,0.353,0.106,0.485,0.855]
Epoch [9] Testing Results: Prec@1 29.420 Prec@5 75.560             Loss 2.17145
Epoch [9] Testing Class Recall: [0.114,0.500,0.000,0.048,0.076,0.573,0.404,0.196,0.772,0.259]
Epoch [10] Training Results: Prec@1 52.320 Prec@5 84.340             Loss 1.60017
Epoch [10] Training Class Recall: [0.669,0.605,0.000,0.178,0.206,0.634,0.350,0.176,0.532,0.836]
Epoch [10] Testing Results: Prec@1 29.760 Prec@5 74.980             Loss 2.24733
Epoch [10] Testing Class Recall: [0.515,0.604,0.000,0.359,0.019,0.425,0.446,0.109,0.076,0.423]
Epoch [11] Training Results: Prec@1 53.860 Prec@5 85.000             Loss 1.55101
Epoch [11] Training Class Recall: [0.721,0.601,0.005,0.209,0.210,0.620,0.325,0.206,0.569,0.851]
Epoch [11] Testing Results: Prec@1 31.100 Prec@5 75.780             Loss 2.12351
Epoch [11] Testing Class Recall: [0.382,0.477,0.001,0.373,0.036,0.409,0.404,0.415,0.347,0.266]
Epoch [12] Training Results: Prec@1 54.440 Prec@5 85.400             Loss 1.53783
Epoch [12] Training Class Recall: [0.724,0.608,0.000,0.215,0.202,0.598,0.387,0.245,0.606,0.840]
Epoch [12] Testing Results: Prec@1 29.480 Prec@5 74.490             Loss 2.21872
Epoch [12] Testing Class Recall: [0.392,0.723,0.000,0.452,0.013,0.456,0.140,0.190,0.297,0.285]
Epoch [13] Training Results: Prec@1 55.500 Prec@5 85.360             Loss 1.51853
Epoch [13] Training Class Recall: [0.733,0.639,0.010,0.229,0.267,0.602,0.368,0.261,0.567,0.857]
Epoch [13] Testing Results: Prec@1 33.070 Prec@5 75.370             Loss 2.19551
Epoch [13] Testing Class Recall: [0.537,0.621,0.000,0.150,0.015,0.522,0.622,0.189,0.391,0.260]
Epoch [14] Training Results: Prec@1 55.420 Prec@5 85.480             Loss 1.53457
Epoch [14] Training Class Recall: [0.736,0.608,0.005,0.207,0.290,0.661,0.406,0.218,0.564,0.838]
Epoch [14] Testing Results: Prec@1 31.100 Prec@5 75.070             Loss 2.14922
Epoch [14] Testing Class Recall: [0.435,0.750,0.006,0.210,0.082,0.575,0.459,0.194,0.128,0.271]
Epoch [15] Training Results: Prec@1 57.240 Prec@5 86.120             Loss 1.48161
Epoch [15] Training Class Recall: [0.752,0.647,0.045,0.247,0.294,0.616,0.406,0.264,0.628,0.855]
Epoch [15] Testing Results: Prec@1 31.720 Prec@5 76.650             Loss 2.12652
Epoch [15] Testing Class Recall: [0.308,0.750,0.005,0.218,0.130,0.482,0.469,0.280,0.284,0.246]
Epoch [16] Training Results: Prec@1 57.500 Prec@5 86.460             Loss 1.46959
Epoch [16] Training Class Recall: [0.749,0.627,0.035,0.294,0.271,0.571,0.424,0.333,0.633,0.865]
Epoch [16] Testing Results: Prec@1 32.870 Prec@5 75.020             Loss 2.13100
Epoch [16] Testing Class Recall: [0.301,0.686,0.004,0.148,0.059,0.648,0.322,0.328,0.576,0.215]
Epoch [17] Training Results: Prec@1 57.880 Prec@5 86.780             Loss 1.45188
Epoch [17] Training Class Recall: [0.749,0.664,0.045,0.274,0.275,0.589,0.387,0.355,0.628,0.864]
Epoch [17] Testing Results: Prec@1 33.250 Prec@5 75.770             Loss 2.07813
Epoch [17] Testing Class Recall: [0.446,0.612,0.006,0.332,0.204,0.378,0.427,0.135,0.383,0.402]
Epoch [18] Training Results: Prec@1 59.000 Prec@5 86.100             Loss 1.44847
Epoch [18] Training Class Recall: [0.742,0.659,0.030,0.337,0.321,0.602,0.421,0.348,0.650,0.860]
Epoch [18] Testing Results: Prec@1 32.700 Prec@5 76.810             Loss 2.14277
Epoch [18] Testing Class Recall: [0.449,0.404,0.008,0.444,0.104,0.260,0.338,0.225,0.393,0.645]
Epoch [19] Training Results: Prec@1 59.160 Prec@5 86.880             Loss 1.44121
Epoch [19] Training Class Recall: [0.772,0.669,0.035,0.339,0.279,0.602,0.359,0.397,0.638,0.858]
Epoch [19] Testing Results: Prec@1 33.030 Prec@5 75.070             Loss 2.12541
Epoch [19] Testing Class Recall: [0.478,0.479,0.028,0.123,0.048,0.548,0.452,0.473,0.224,0.450]
Epoch [20] Training Results: Prec@1 60.060 Prec@5 86.980             Loss 1.41524
Epoch [20] Training Class Recall: [0.761,0.647,0.060,0.354,0.324,0.614,0.418,0.376,0.667,0.867]
Epoch [20] Testing Results: Prec@1 32.470 Prec@5 75.270             Loss 2.20102
Epoch [20] Testing Class Recall: [0.429,0.496,0.009,0.253,0.274,0.584,0.161,0.384,0.242,0.415]
Epoch [21] Training Results: Prec@1 58.840 Prec@5 87.160             Loss 1.43340
Epoch [21] Training Class Recall: [0.756,0.625,0.060,0.317,0.313,0.611,0.430,0.355,0.640,0.861]
Epoch [21] Testing Results: Prec@1 32.450 Prec@5 74.250             Loss 2.16522
Epoch [21] Testing Class Recall: [0.340,0.537,0.001,0.249,0.123,0.541,0.430,0.312,0.180,0.532]
Epoch [22] Training Results: Prec@1 60.040 Prec@5 87.040             Loss 1.41377
Epoch [22] Training Class Recall: [0.724,0.662,0.050,0.319,0.340,0.649,0.443,0.391,0.665,0.866]
Epoch [22] Testing Results: Prec@1 32.660 Prec@5 75.130             Loss 2.16016
Epoch [22] Testing Class Recall: [0.450,0.449,0.025,0.239,0.115,0.451,0.206,0.498,0.546,0.287]
Epoch [23] Training Results: Prec@1 60.520 Prec@5 87.140             Loss 1.40612
Epoch [23] Training Class Recall: [0.742,0.650,0.080,0.354,0.355,0.653,0.424,0.394,0.638,0.868]
Epoch [23] Testing Results: Prec@1 34.280 Prec@5 77.370             Loss 2.08451
Epoch [23] Testing Class Recall: [0.609,0.567,0.001,0.207,0.247,0.319,0.514,0.310,0.272,0.382]
Epoch [24] Training Results: Prec@1 60.700 Prec@5 88.300             Loss 1.37942
Epoch [24] Training Class Recall: [0.766,0.654,0.070,0.360,0.324,0.614,0.449,0.421,0.675,0.858]
Epoch [24] Testing Results: Prec@1 33.390 Prec@5 76.420             Loss 2.14706
Epoch [24] Testing Class Recall: [0.419,0.650,0.026,0.311,0.078,0.496,0.391,0.135,0.352,0.481]
Epoch [25] Training Results: Prec@1 61.280 Prec@5 88.020             Loss 1.38674
Epoch [25] Training Class Recall: [0.745,0.664,0.120,0.366,0.351,0.631,0.437,0.448,0.648,0.873]
Epoch [25] Testing Results: Prec@1 34.140 Prec@5 74.420             Loss 2.08590
Epoch [25] Testing Class Recall: [0.370,0.760,0.023,0.348,0.180,0.483,0.350,0.218,0.492,0.190]
Epoch [26] Training Results: Prec@1 61.660 Prec@5 88.100             Loss 1.37310
Epoch [26] Training Class Recall: [0.746,0.674,0.135,0.391,0.313,0.667,0.430,0.427,0.648,0.863]
Epoch [26] Testing Results: Prec@1 32.680 Prec@5 74.360             Loss 2.24909
Epoch [26] Testing Class Recall: [0.730,0.539,0.007,0.242,0.118,0.567,0.429,0.245,0.248,0.143]
Epoch [27] Training Results: Prec@1 62.140 Prec@5 87.900             Loss 1.35722
Epoch [27] Training Class Recall: [0.782,0.654,0.125,0.397,0.321,0.658,0.433,0.412,0.685,0.864]
Epoch [27] Testing Results: Prec@1 33.280 Prec@5 77.520             Loss 2.15247
Epoch [27] Testing Class Recall: [0.711,0.580,0.019,0.225,0.237,0.431,0.432,0.227,0.335,0.131]
Epoch [28] Training Results: Prec@1 63.140 Prec@5 88.720             Loss 1.33195
Epoch [28] Training Class Recall: [0.749,0.696,0.160,0.427,0.347,0.671,0.427,0.452,0.672,0.871]
Epoch [28] Testing Results: Prec@1 32.920 Prec@5 74.870             Loss 2.16969
Epoch [28] Testing Class Recall: [0.548,0.733,0.015,0.480,0.121,0.284,0.315,0.186,0.247,0.363]
Epoch [29] Training Results: Prec@1 63.580 Prec@5 88.800             Loss 1.32316
Epoch [29] Training Class Recall: [0.773,0.684,0.095,0.409,0.378,0.659,0.446,0.491,0.697,0.875]
Epoch [29] Testing Results: Prec@1 34.180 Prec@5 78.860             Loss 2.08824
Epoch [29] Testing Class Recall: [0.563,0.412,0.092,0.464,0.198,0.248,0.382,0.288,0.293,0.478]
Epoch [30] Training Results: Prec@1 62.700 Prec@5 88.540             Loss 1.36023
Epoch [30] Training Class Recall: [0.773,0.671,0.150,0.405,0.366,0.674,0.461,0.427,0.672,0.848]
Epoch [30] Testing Results: Prec@1 34.320 Prec@5 78.000             Loss 2.03175
Epoch [30] Testing Class Recall: [0.573,0.575,0.028,0.296,0.221,0.517,0.460,0.245,0.230,0.287]
Epoch [31] Training Results: Prec@1 64.520 Prec@5 88.940             Loss 1.29582
Epoch [31] Training Class Recall: [0.797,0.701,0.135,0.444,0.351,0.664,0.455,0.491,0.685,0.874]
Epoch [31] Testing Results: Prec@1 33.730 Prec@5 72.890             Loss 2.32367
Epoch [31] Testing Class Recall: [0.439,0.731,0.013,0.434,0.086,0.217,0.510,0.234,0.318,0.391]
Epoch [32] Training Results: Prec@1 63.860 Prec@5 88.680             Loss 1.30573
Epoch [32] Training Class Recall: [0.773,0.704,0.120,0.407,0.351,0.680,0.464,0.479,0.692,0.865]
Epoch [32] Testing Results: Prec@1 32.000 Prec@5 75.290             Loss 2.27967
Epoch [32] Testing Class Recall: [0.626,0.721,0.021,0.200,0.049,0.659,0.207,0.166,0.285,0.266]
Epoch [33] Training Results: Prec@1 64.620 Prec@5 88.720             Loss 1.30591
Epoch [33] Training Class Recall: [0.788,0.682,0.160,0.470,0.374,0.662,0.461,0.491,0.672,0.877]
Epoch [33] Testing Results: Prec@1 33.400 Prec@5 77.350             Loss 2.15559
Epoch [33] Testing Class Recall: [0.624,0.625,0.026,0.366,0.332,0.207,0.296,0.232,0.393,0.239]
Epoch [34] Training Results: Prec@1 65.360 Prec@5 89.160             Loss 1.28169
Epoch [34] Training Class Recall: [0.797,0.716,0.145,0.505,0.389,0.668,0.443,0.503,0.682,0.861]
Epoch [34] Testing Results: Prec@1 33.890 Prec@5 75.930             Loss 2.11683
Epoch [34] Testing Class Recall: [0.580,0.655,0.028,0.349,0.184,0.397,0.320,0.439,0.167,0.270]
Epoch [35] Training Results: Prec@1 63.660 Prec@5 89.020             Loss 1.31531
Epoch [35] Training Class Recall: [0.777,0.669,0.145,0.454,0.336,0.655,0.430,0.509,0.677,0.873]
Epoch [35] Testing Results: Prec@1 33.860 Prec@5 74.210             Loss 2.16803
Epoch [35] Testing Class Recall: [0.486,0.723,0.041,0.259,0.114,0.482,0.409,0.123,0.520,0.229]
Epoch [36] Training Results: Prec@1 64.600 Prec@5 89.420             Loss 1.28097
Epoch [36] Training Class Recall: [0.753,0.701,0.165,0.464,0.412,0.683,0.433,0.485,0.682,0.876]
Epoch [36] Testing Results: Prec@1 30.230 Prec@5 70.960             Loss 2.44771
Epoch [36] Testing Class Recall: [0.325,0.822,0.009,0.178,0.176,0.677,0.187,0.229,0.200,0.220]
Epoch [37] Training Results: Prec@1 65.380 Prec@5 89.180             Loss 1.27651
Epoch [37] Training Class Recall: [0.772,0.688,0.140,0.493,0.435,0.683,0.458,0.539,0.663,0.875]
Epoch [37] Testing Results: Prec@1 34.930 Prec@5 77.300             Loss 2.09411
Epoch [37] Testing Class Recall: [0.407,0.708,0.011,0.289,0.314,0.413,0.284,0.460,0.347,0.260]
Epoch [38] Training Results: Prec@1 65.980 Prec@5 89.880             Loss 1.24446
Epoch [38] Training Class Recall: [0.801,0.725,0.155,0.509,0.412,0.670,0.433,0.491,0.687,0.879]
Epoch [38] Testing Results: Prec@1 32.560 Prec@5 73.050             Loss 2.22691
Epoch [38] Testing Class Recall: [0.678,0.449,0.020,0.200,0.154,0.566,0.404,0.226,0.343,0.216]
Epoch [39] Training Results: Prec@1 67.380 Prec@5 90.340             Loss 1.22390
Epoch [39] Training Class Recall: [0.790,0.713,0.190,0.562,0.435,0.707,0.474,0.527,0.697,0.870]
Epoch [39] Testing Results: Prec@1 30.050 Prec@5 75.460             Loss 2.34622
Epoch [39] Testing Class Recall: [0.488,0.408,0.052,0.208,0.123,0.401,0.167,0.368,0.541,0.249]
Epoch [40] Training Results: Prec@1 66.040 Prec@5 90.540             Loss 1.25666
Epoch [40] Training Class Recall: [0.776,0.701,0.195,0.538,0.389,0.683,0.489,0.518,0.672,0.867]
Epoch [40] Testing Results: Prec@1 31.700 Prec@5 74.990             Loss 2.44629
Epoch [40] Testing Class Recall: [0.493,0.549,0.013,0.671,0.164,0.160,0.207,0.439,0.198,0.276]
Epoch [41] Training Results: Prec@1 66.520 Prec@5 89.780             Loss 1.23985
Epoch [41] Training Class Recall: [0.796,0.725,0.195,0.519,0.389,0.695,0.446,0.512,0.692,0.873]
Epoch [41] Testing Results: Prec@1 33.230 Prec@5 75.970             Loss 2.25695
Epoch [41] Testing Class Recall: [0.559,0.843,0.078,0.191,0.421,0.382,0.188,0.277,0.175,0.209]
Epoch [42] Training Results: Prec@1 67.820 Prec@5 90.960             Loss 1.19702
Epoch [42] Training Class Recall: [0.790,0.728,0.250,0.544,0.431,0.706,0.461,0.542,0.709,0.876]
Epoch [42] Testing Results: Prec@1 34.860 Prec@5 74.090             Loss 2.30536
Epoch [42] Testing Class Recall: [0.544,0.698,0.054,0.505,0.094,0.313,0.442,0.218,0.404,0.214]
Epoch [43] Training Results: Prec@1 66.440 Prec@5 90.880             Loss 1.22858
Epoch [43] Training Class Recall: [0.798,0.715,0.210,0.528,0.374,0.682,0.461,0.506,0.687,0.877]
Epoch [43] Testing Results: Prec@1 34.480 Prec@5 78.600             Loss 2.12475
Epoch [43] Testing Class Recall: [0.596,0.783,0.055,0.237,0.147,0.521,0.287,0.315,0.271,0.236]
Epoch [44] Training Results: Prec@1 67.820 Prec@5 90.220             Loss 1.19792
Epoch [44] Training Class Recall: [0.800,0.728,0.250,0.548,0.420,0.703,0.464,0.548,0.697,0.874]
Epoch [44] Testing Results: Prec@1 32.700 Prec@5 72.830             Loss 2.38036
Epoch [44] Testing Class Recall: [0.386,0.729,0.026,0.231,0.198,0.596,0.268,0.274,0.254,0.308]
Epoch [45] Training Results: Prec@1 68.540 Prec@5 91.140             Loss 1.17856
Epoch [45] Training Class Recall: [0.789,0.740,0.245,0.566,0.443,0.726,0.455,0.576,0.700,0.874]
Epoch [45] Testing Results: Prec@1 34.210 Prec@5 75.160             Loss 2.25330
Epoch [45] Testing Class Recall: [0.610,0.650,0.025,0.320,0.166,0.474,0.434,0.232,0.154,0.356]
Epoch [46] Training Results: Prec@1 68.120 Prec@5 91.120             Loss 1.17935
Epoch [46] Training Class Recall: [0.785,0.730,0.265,0.585,0.431,0.707,0.461,0.536,0.690,0.879]
Epoch [46] Testing Results: Prec@1 33.510 Prec@5 73.900             Loss 2.27555
Epoch [46] Testing Class Recall: [0.636,0.562,0.034,0.260,0.143,0.634,0.388,0.268,0.211,0.215]
Epoch [47] Training Results: Prec@1 67.840 Prec@5 91.680             Loss 1.19121
Epoch [47] Training Class Recall: [0.808,0.742,0.235,0.497,0.420,0.731,0.464,0.545,0.692,0.874]
Epoch [47] Testing Results: Prec@1 31.150 Prec@5 74.290             Loss 2.44544
Epoch [47] Testing Class Recall: [0.546,0.663,0.042,0.485,0.108,0.411,0.141,0.207,0.217,0.295]
Epoch [48] Training Results: Prec@1 68.800 Prec@5 91.480             Loss 1.15292
Epoch [48] Training Class Recall: [0.810,0.713,0.315,0.571,0.424,0.726,0.480,0.564,0.702,0.870]
Epoch [48] Testing Results: Prec@1 31.800 Prec@5 72.440             Loss 2.37503
Epoch [48] Testing Class Recall: [0.384,0.820,0.034,0.484,0.221,0.254,0.188,0.176,0.478,0.141]
Epoch [49] Training Results: Prec@1 68.760 Prec@5 91.340             Loss 1.15832
Epoch [49] Training Class Recall: [0.801,0.720,0.335,0.585,0.462,0.716,0.480,0.545,0.697,0.864]
Epoch [49] Testing Results: Prec@1 31.740 Prec@5 76.290             Loss 2.35380
Epoch [49] Testing Class Recall: [0.645,0.475,0.077,0.464,0.262,0.403,0.256,0.274,0.113,0.205]
Epoch [50] Training Results: Prec@1 68.540 Prec@5 91.560             Loss 1.17043
Epoch [50] Training Class Recall: [0.789,0.730,0.260,0.605,0.443,0.734,0.455,0.539,0.675,0.874]
Epoch [50] Testing Results: Prec@1 30.630 Prec@5 73.190             Loss 2.46788
Epoch [50] Testing Class Recall: [0.532,0.491,0.007,0.564,0.138,0.463,0.214,0.145,0.222,0.287]
Epoch [51] Training Results: Prec@1 69.760 Prec@5 92.140             Loss 1.14115
Epoch [51] Training Class Recall: [0.820,0.740,0.315,0.593,0.458,0.726,0.458,0.570,0.695,0.883]
Epoch [51] Testing Results: Prec@1 33.660 Prec@5 74.120             Loss 2.32440
Epoch [51] Testing Class Recall: [0.395,0.742,0.047,0.404,0.185,0.281,0.437,0.201,0.354,0.320]
Epoch [52] Training Results: Prec@1 68.220 Prec@5 91.560             Loss 1.19232
Epoch [52] Training Class Recall: [0.788,0.736,0.310,0.554,0.447,0.716,0.486,0.482,0.719,0.873]
Epoch [52] Testing Results: Prec@1 33.370 Prec@5 71.300             Loss 2.47250
Epoch [52] Testing Class Recall: [0.657,0.747,0.028,0.348,0.085,0.336,0.511,0.378,0.039,0.208]
Epoch [53] Training Results: Prec@1 69.020 Prec@5 91.560             Loss 1.14473
Epoch [53] Training Class Recall: [0.804,0.738,0.325,0.571,0.454,0.728,0.464,0.552,0.685,0.876]
Epoch [53] Testing Results: Prec@1 31.520 Prec@5 72.000             Loss 2.42727
Epoch [53] Testing Class Recall: [0.504,0.523,0.004,0.250,0.220,0.569,0.424,0.312,0.178,0.168]
Epoch [54] Training Results: Prec@1 70.640 Prec@5 92.500             Loss 1.10245
Epoch [54] Training Class Recall: [0.825,0.748,0.310,0.609,0.466,0.729,0.495,0.576,0.722,0.882]
Epoch [54] Testing Results: Prec@1 33.130 Prec@5 73.380             Loss 2.54055
Epoch [54] Testing Class Recall: [0.545,0.685,0.018,0.262,0.259,0.549,0.233,0.402,0.146,0.214]
Epoch [55] Training Results: Prec@1 70.240 Prec@5 92.580             Loss 1.09512
Epoch [55] Training Class Recall: [0.812,0.740,0.335,0.603,0.466,0.743,0.489,0.573,0.709,0.874]
Epoch [55] Testing Results: Prec@1 32.200 Prec@5 72.980             Loss 2.52316
Epoch [55] Testing Class Recall: [0.458,0.445,0.011,0.428,0.260,0.457,0.317,0.171,0.286,0.387]
Epoch [56] Training Results: Prec@1 68.240 Prec@5 91.660             Loss 1.16541
Epoch [56] Training Class Recall: [0.778,0.703,0.260,0.564,0.466,0.735,0.498,0.530,0.702,0.875]
Epoch [56] Testing Results: Prec@1 33.780 Prec@5 73.660             Loss 2.26052
Epoch [56] Testing Class Recall: [0.474,0.604,0.025,0.293,0.163,0.547,0.374,0.158,0.324,0.416]
Epoch [57] Training Results: Prec@1 70.380 Prec@5 92.760             Loss 1.07988
Epoch [57] Training Class Recall: [0.813,0.743,0.325,0.591,0.462,0.747,0.492,0.573,0.717,0.880]
Epoch [57] Testing Results: Prec@1 32.680 Prec@5 73.460             Loss 2.52704
Epoch [57] Testing Class Recall: [0.588,0.470,0.027,0.484,0.138,0.310,0.544,0.158,0.237,0.312]
Epoch [58] Training Results: Prec@1 69.220 Prec@5 92.620             Loss 1.13745
Epoch [58] Training Class Recall: [0.788,0.731,0.340,0.573,0.477,0.744,0.474,0.561,0.685,0.875]
Epoch [58] Testing Results: Prec@1 30.880 Prec@5 71.090             Loss 2.62990
Epoch [58] Testing Class Recall: [0.517,0.661,0.045,0.572,0.064,0.150,0.320,0.162,0.439,0.158]
Epoch [59] Training Results: Prec@1 69.060 Prec@5 92.380             Loss 1.13788
Epoch [59] Training Class Recall: [0.794,0.715,0.325,0.607,0.443,0.720,0.495,0.548,0.709,0.870]
Epoch [59] Testing Results: Prec@1 32.150 Prec@5 73.860             Loss 2.51119
Epoch [59] Testing Class Recall: [0.663,0.755,0.023,0.413,0.146,0.292,0.102,0.438,0.217,0.166]
Epoch [60] Training Results: Prec@1 70.520 Prec@5 93.280             Loss 1.08506
Epoch [60] Training Class Recall: [0.796,0.742,0.340,0.628,0.477,0.738,0.505,0.588,0.697,0.880]
Epoch [60] Testing Results: Prec@1 31.020 Prec@5 72.230             Loss 2.62049
Epoch [60] Testing Class Recall: [0.528,0.683,0.031,0.554,0.202,0.228,0.209,0.071,0.104,0.492]
Epoch [61] Training Results: Prec@1 69.680 Prec@5 93.100             Loss 1.09488
Epoch [61] Training Class Recall: [0.793,0.738,0.360,0.611,0.473,0.707,0.492,0.570,0.690,0.882]
Epoch [61] Testing Results: Prec@1 31.240 Prec@5 72.430             Loss 2.52796
Epoch [61] Testing Class Recall: [0.666,0.459,0.019,0.325,0.250,0.391,0.380,0.245,0.216,0.173]
Epoch [62] Training Results: Prec@1 69.880 Prec@5 92.840             Loss 1.09205
Epoch [62] Training Class Recall: [0.800,0.730,0.360,0.599,0.477,0.731,0.498,0.555,0.709,0.876]
Epoch [62] Testing Results: Prec@1 30.500 Prec@5 73.640             Loss 2.62820
Epoch [62] Testing Class Recall: [0.641,0.326,0.025,0.492,0.264,0.368,0.282,0.164,0.140,0.348]
Epoch [63] Training Results: Prec@1 70.940 Prec@5 93.140             Loss 1.05134
Epoch [63] Training Class Recall: [0.821,0.721,0.370,0.628,0.496,0.743,0.492,0.594,0.700,0.881]
Epoch [63] Testing Results: Prec@1 29.450 Prec@5 68.710             Loss 2.81718
Epoch [63] Testing Class Recall: [0.679,0.772,0.011,0.196,0.161,0.450,0.267,0.156,0.036,0.217]
Epoch [64] Training Results: Prec@1 68.460 Prec@5 92.300             Loss 1.13004
Epoch [64] Training Class Recall: [0.796,0.726,0.345,0.571,0.469,0.713,0.452,0.533,0.687,0.872]
Epoch [64] Testing Results: Prec@1 32.490 Prec@5 72.670             Loss 2.51276
Epoch [64] Testing Class Recall: [0.644,0.736,0.016,0.466,0.105,0.328,0.330,0.167,0.235,0.222]
Epoch [65] Training Results: Prec@1 70.040 Prec@5 93.240             Loss 1.07801
Epoch [65] Training Class Recall: [0.812,0.735,0.295,0.620,0.450,0.725,0.511,0.573,0.702,0.878]
Epoch [65] Testing Results: Prec@1 34.000 Prec@5 71.730             Loss 2.51815
Epoch [65] Testing Class Recall: [0.509,0.716,0.030,0.304,0.122,0.266,0.625,0.272,0.329,0.227]
Epoch [66] Training Results: Prec@1 71.880 Prec@5 93.860             Loss 1.04186
Epoch [66] Training Class Recall: [0.821,0.752,0.370,0.630,0.504,0.747,0.539,0.591,0.717,0.883]
Epoch [66] Testing Results: Prec@1 33.110 Prec@5 71.550             Loss 2.61577
Epoch [66] Testing Class Recall: [0.439,0.633,0.040,0.244,0.019,0.611,0.415,0.358,0.354,0.198]
Epoch [67] Training Results: Prec@1 71.140 Prec@5 93.580             Loss 1.05480
Epoch [67] Training Class Recall: [0.816,0.750,0.410,0.622,0.462,0.747,0.502,0.576,0.704,0.880]
Epoch [67] Testing Results: Prec@1 32.300 Prec@5 72.420             Loss 2.62836
Epoch [67] Testing Class Recall: [0.315,0.787,0.053,0.348,0.245,0.388,0.387,0.185,0.134,0.388]
Epoch [68] Training Results: Prec@1 70.400 Prec@5 93.460             Loss 1.07635
Epoch [68] Training Class Recall: [0.812,0.740,0.310,0.589,0.542,0.747,0.511,0.524,0.707,0.881]
Epoch [68] Testing Results: Prec@1 32.080 Prec@5 71.630             Loss 2.59216
Epoch [68] Testing Class Recall: [0.532,0.641,0.069,0.257,0.206,0.492,0.264,0.323,0.214,0.210]
Epoch [69] Training Results: Prec@1 71.100 Prec@5 93.440             Loss 1.04565
Epoch [69] Training Class Recall: [0.804,0.731,0.340,0.644,0.515,0.735,0.523,0.579,0.712,0.884]
Epoch [69] Testing Results: Prec@1 28.910 Prec@5 71.370             Loss 2.83694
Epoch [69] Testing Class Recall: [0.358,0.792,0.023,0.255,0.376,0.210,0.204,0.374,0.051,0.248]
Epoch [70] Training Results: Prec@1 72.140 Prec@5 93.580             Loss 1.03038
Epoch [70] Training Class Recall: [0.809,0.758,0.425,0.654,0.546,0.753,0.483,0.588,0.712,0.884]
Epoch [70] Testing Results: Prec@1 33.420 Prec@5 70.980             Loss 2.82329
Epoch [70] Testing Class Recall: [0.595,0.761,0.025,0.054,0.250,0.606,0.491,0.191,0.129,0.240]
Epoch [71] Training Results: Prec@1 71.540 Prec@5 94.580             Loss 1.02635
Epoch [71] Training Class Recall: [0.834,0.730,0.410,0.640,0.519,0.729,0.505,0.561,0.707,0.889]
Epoch [71] Testing Results: Prec@1 30.730 Prec@5 72.350             Loss 2.61959
Epoch [71] Testing Class Recall: [0.556,0.427,0.034,0.345,0.300,0.465,0.113,0.367,0.098,0.368]
Epoch [72] Training Results: Prec@1 71.760 Prec@5 94.560             Loss 1.00532
Epoch [72] Training Class Recall: [0.816,0.723,0.375,0.624,0.550,0.743,0.539,0.627,0.702,0.885]
Epoch [72] Testing Results: Prec@1 29.540 Prec@5 68.580             Loss 3.00043
Epoch [72] Testing Class Recall: [0.302,0.810,0.011,0.424,0.076,0.312,0.190,0.372,0.229,0.228]
Epoch [73] Training Results: Prec@1 68.960 Prec@5 93.000             Loss 1.14134
Epoch [73] Training Class Recall: [0.774,0.730,0.340,0.573,0.443,0.738,0.498,0.579,0.697,0.866]
Epoch [73] Testing Results: Prec@1 32.570 Prec@5 72.980             Loss 2.49315
Epoch [73] Testing Class Recall: [0.472,0.814,0.020,0.311,0.213,0.594,0.302,0.189,0.103,0.239]
Epoch [74] Training Results: Prec@1 71.720 Prec@5 94.000             Loss 1.02946
Epoch [74] Training Class Recall: [0.821,0.720,0.375,0.634,0.511,0.786,0.511,0.567,0.714,0.881]
Epoch [74] Testing Results: Prec@1 28.470 Prec@5 72.320             Loss 2.60136
Epoch [74] Testing Class Recall: [0.562,0.327,0.067,0.274,0.275,0.526,0.280,0.243,0.127,0.166]
Epoch [75] Training Results: Prec@1 73.680 Prec@5 94.660             Loss 0.95731
Epoch [75] Training Class Recall: [0.834,0.760,0.410,0.673,0.546,0.773,0.551,0.621,0.712,0.888]
Epoch [75] Testing Results: Prec@1 29.900 Prec@5 68.500             Loss 2.81372
Epoch [75] Testing Class Recall: [0.563,0.578,0.018,0.348,0.073,0.517,0.313,0.101,0.086,0.393]
Epoch [76] Training Results: Prec@1 72.300 Prec@5 94.500             Loss 0.99934
Epoch [76] Training Class Recall: [0.826,0.745,0.370,0.642,0.496,0.755,0.551,0.612,0.709,0.887]
Epoch [76] Testing Results: Prec@1 30.350 Prec@5 70.900             Loss 2.95388
Epoch [76] Testing Class Recall: [0.663,0.478,0.021,0.436,0.079,0.178,0.412,0.307,0.057,0.404]
Epoch [77] Training Results: Prec@1 71.940 Prec@5 94.480             Loss 1.00635
Epoch [77] Training Class Recall: [0.825,0.760,0.420,0.634,0.519,0.735,0.548,0.558,0.717,0.878]
Epoch [77] Testing Results: Prec@1 29.310 Prec@5 71.250             Loss 2.69835
Epoch [77] Testing Class Recall: [0.552,0.412,0.063,0.259,0.070,0.275,0.607,0.089,0.210,0.394]
Epoch [78] Training Results: Prec@1 73.080 Prec@5 95.020             Loss 0.96425
Epoch [78] Training Class Recall: [0.826,0.758,0.505,0.661,0.519,0.734,0.548,0.624,0.712,0.885]
Epoch [78] Testing Results: Prec@1 32.540 Prec@5 71.490             Loss 2.75451
Epoch [78] Testing Class Recall: [0.503,0.773,0.070,0.432,0.198,0.329,0.454,0.134,0.199,0.162]
Epoch [79] Training Results: Prec@1 72.640 Prec@5 95.300             Loss 0.97546
Epoch [79] Training Class Recall: [0.826,0.747,0.430,0.644,0.553,0.741,0.557,0.612,0.709,0.882]
Epoch [79] Testing Results: Prec@1 31.710 Prec@5 70.710             Loss 2.66096
Epoch [79] Testing Class Recall: [0.451,0.768,0.042,0.131,0.121,0.586,0.303,0.269,0.194,0.306]
Epoch [80] Training Results: Prec@1 73.240 Prec@5 95.020             Loss 0.95949
Epoch [80] Training Class Recall: [0.826,0.765,0.435,0.636,0.542,0.762,0.567,0.618,0.714,0.886]
Epoch [80] Testing Results: Prec@1 27.590 Prec@5 70.030             Loss 2.76821
Epoch [80] Testing Class Recall: [0.243,0.702,0.021,0.385,0.107,0.464,0.055,0.262,0.142,0.378]
Epoch [81] Training Results: Prec@1 71.700 Prec@5 94.900             Loss 1.00635
Epoch [81] Training Class Recall: [0.793,0.747,0.390,0.628,0.531,0.746,0.526,0.600,0.722,0.888]
Epoch [81] Testing Results: Prec@1 31.050 Prec@5 72.920             Loss 2.68556
Epoch [81] Testing Class Recall: [0.657,0.605,0.052,0.378,0.184,0.255,0.412,0.113,0.277,0.172]
Epoch [82] Training Results: Prec@1 71.440 Prec@5 94.480             Loss 1.02817
Epoch [82] Training Class Recall: [0.808,0.721,0.425,0.630,0.538,0.755,0.526,0.588,0.690,0.880]
Epoch [82] Testing Results: Prec@1 30.100 Prec@5 71.440             Loss 2.75320
Epoch [82] Testing Class Recall: [0.629,0.726,0.062,0.241,0.266,0.459,0.147,0.138,0.116,0.226]
Epoch [83] Training Results: Prec@1 71.820 Prec@5 94.560             Loss 1.02725
Epoch [83] Training Class Recall: [0.801,0.720,0.395,0.638,0.569,0.758,0.523,0.603,0.722,0.880]
Epoch [83] Testing Results: Prec@1 28.970 Prec@5 68.630             Loss 3.29965
Epoch [83] Testing Class Recall: [0.624,0.614,0.008,0.492,0.067,0.406,0.149,0.154,0.139,0.244]
Epoch [84] Training Results: Prec@1 72.920 Prec@5 94.920             Loss 0.97949
Epoch [84] Training Class Recall: [0.816,0.775,0.410,0.654,0.511,0.761,0.567,0.588,0.717,0.886]
Epoch [84] Testing Results: Prec@1 29.950 Prec@5 70.080             Loss 3.02161
Epoch [84] Testing Class Recall: [0.556,0.460,0.077,0.524,0.073,0.355,0.170,0.352,0.192,0.236]
Epoch [85] Training Results: Prec@1 73.080 Prec@5 95.180             Loss 0.96745
Epoch [85] Training Class Recall: [0.844,0.757,0.410,0.665,0.496,0.782,0.508,0.588,0.724,0.884]
Epoch [85] Testing Results: Prec@1 31.020 Prec@5 70.340             Loss 2.80534
Epoch [85] Testing Class Recall: [0.462,0.733,0.025,0.194,0.231,0.442,0.207,0.256,0.229,0.323]
Epoch [86] Training Results: Prec@1 71.380 Prec@5 94.400             Loss 1.03536
Epoch [86] Training Class Recall: [0.804,0.758,0.385,0.560,0.546,0.750,0.523,0.618,0.702,0.889]
Epoch [86] Testing Results: Prec@1 33.220 Prec@5 73.540             Loss 2.58245
Epoch [86] Testing Class Recall: [0.639,0.437,0.041,0.399,0.179,0.287,0.470,0.247,0.398,0.225]
Epoch [87] Training Results: Prec@1 74.320 Prec@5 95.320             Loss 0.93311
Epoch [87] Training Class Recall: [0.842,0.764,0.445,0.659,0.573,0.773,0.576,0.603,0.736,0.894]
Epoch [87] Testing Results: Prec@1 27.530 Prec@5 67.540             Loss 3.45973
Epoch [87] Testing Class Recall: [0.647,0.347,0.020,0.470,0.128,0.535,0.218,0.072,0.099,0.217]
Epoch [88] Training Results: Prec@1 72.000 Prec@5 95.120             Loss 0.99220
Epoch [88] Training Class Recall: [0.821,0.716,0.405,0.642,0.553,0.752,0.539,0.603,0.709,0.880]
Epoch [88] Testing Results: Prec@1 29.520 Prec@5 69.540             Loss 3.26736
Epoch [88] Testing Class Recall: [0.665,0.812,0.066,0.387,0.188,0.196,0.176,0.127,0.130,0.205]
Epoch [89] Training Results: Prec@1 74.220 Prec@5 95.960             Loss 0.92398
Epoch [89] Training Class Recall: [0.836,0.780,0.485,0.697,0.553,0.752,0.557,0.591,0.727,0.889]
Epoch [89] Testing Results: Prec@1 29.980 Prec@5 70.340             Loss 3.16742
Epoch [89] Testing Class Recall: [0.334,0.782,0.032,0.390,0.130,0.298,0.277,0.142,0.257,0.356]
Epoch [90] Training Results: Prec@1 74.460 Prec@5 95.660             Loss 0.91155
Epoch [90] Training Class Recall: [0.830,0.760,0.470,0.685,0.580,0.765,0.573,0.627,0.739,0.888]
Epoch [90] Testing Results: Prec@1 29.240 Prec@5 68.450             Loss 3.26306
Epoch [90] Testing Class Recall: [0.544,0.511,0.075,0.538,0.104,0.356,0.147,0.249,0.044,0.356]
Epoch [91] Training Results: Prec@1 72.760 Prec@5 95.020             Loss 0.97221
Epoch [91] Training Class Recall: [0.806,0.764,0.465,0.663,0.542,0.755,0.563,0.585,0.682,0.888]
Epoch [91] Testing Results: Prec@1 31.890 Prec@5 72.290             Loss 2.84195
Epoch [91] Testing Class Recall: [0.607,0.542,0.013,0.173,0.243,0.542,0.432,0.290,0.172,0.175]
Epoch [92] Training Results: Prec@1 72.540 Prec@5 95.040             Loss 0.96914
Epoch [92] Training Class Recall: [0.809,0.755,0.415,0.658,0.538,0.752,0.551,0.582,0.717,0.887]
Epoch [92] Testing Results: Prec@1 32.320 Prec@5 71.980             Loss 2.64775
Epoch [92] Testing Class Recall: [0.374,0.552,0.027,0.313,0.108,0.519,0.319,0.357,0.291,0.372]
Epoch [93] Training Results: Prec@1 72.880 Prec@5 95.440             Loss 0.93583
Epoch [93] Training Class Recall: [0.818,0.764,0.415,0.642,0.527,0.756,0.554,0.618,0.729,0.882]
Epoch [93] Testing Results: Prec@1 32.020 Prec@5 71.560             Loss 2.89949
Epoch [93] Testing Class Recall: [0.537,0.609,0.062,0.362,0.118,0.416,0.541,0.170,0.070,0.317]
Epoch [94] Training Results: Prec@1 74.840 Prec@5 96.300             Loss 0.88795
Epoch [94] Training Class Recall: [0.826,0.780,0.485,0.673,0.599,0.767,0.601,0.603,0.732,0.898]
Epoch [94] Testing Results: Prec@1 29.020 Prec@5 68.480             Loss 3.32668
Epoch [94] Testing Class Recall: [0.683,0.504,0.019,0.433,0.273,0.481,0.060,0.123,0.044,0.282]
Epoch [95] Training Results: Prec@1 72.180 Prec@5 95.280             Loss 0.99570
Epoch [95] Training Class Recall: [0.794,0.716,0.435,0.665,0.550,0.753,0.560,0.591,0.722,0.883]
Epoch [95] Testing Results: Prec@1 32.970 Prec@5 73.540             Loss 2.70555
Epoch [95] Testing Class Recall: [0.534,0.547,0.037,0.360,0.119,0.428,0.410,0.275,0.270,0.317]
Epoch [96] Training Results: Prec@1 73.680 Prec@5 95.760             Loss 0.93278
Epoch [96] Training Class Recall: [0.825,0.721,0.440,0.673,0.599,0.797,0.582,0.606,0.682,0.889]
Epoch [96] Testing Results: Prec@1 30.410 Prec@5 72.640             Loss 2.96908
Epoch [96] Testing Class Recall: [0.406,0.573,0.017,0.419,0.349,0.356,0.314,0.115,0.204,0.288]
Epoch [97] Training Results: Prec@1 73.900 Prec@5 95.640             Loss 0.92472
Epoch [97] Training Class Recall: [0.808,0.764,0.460,0.683,0.561,0.764,0.601,0.603,0.732,0.886]
Epoch [97] Testing Results: Prec@1 32.280 Prec@5 71.930             Loss 2.71088
Epoch [97] Testing Class Recall: [0.448,0.513,0.057,0.381,0.100,0.469,0.248,0.314,0.386,0.312]
Epoch [98] Training Results: Prec@1 73.960 Prec@5 96.060             Loss 0.90353
Epoch [98] Training Class Recall: [0.820,0.755,0.510,0.669,0.576,0.746,0.582,0.618,0.727,0.894]
Epoch [98] Testing Results: Prec@1 32.050 Prec@5 72.750             Loss 2.88442
Epoch [98] Testing Class Recall: [0.528,0.605,0.031,0.276,0.282,0.414,0.231,0.262,0.208,0.368]
Epoch [99] Training Results: Prec@1 73.520 Prec@5 96.060             Loss 0.92140
Epoch [99] Training Class Recall: [0.820,0.760,0.485,0.634,0.546,0.774,0.570,0.597,0.727,0.891]
Epoch [99] Testing Results: Prec@1 29.660 Prec@5 70.910             Loss 3.05842
Epoch [99] Testing Class Recall: [0.646,0.566,0.057,0.459,0.095,0.205,0.392,0.153,0.114,0.279]
Epoch [100] Training Results: Prec@1 75.460 Prec@5 96.380             Loss 0.85587
Epoch [100] Training Class Recall: [0.848,0.770,0.525,0.699,0.611,0.777,0.579,0.618,0.736,0.887]
Epoch [100] Testing Results: Prec@1 29.880 Prec@5 70.910             Loss 3.20459
Epoch [100] Testing Class Recall: [0.544,0.748,0.020,0.383,0.149,0.443,0.138,0.095,0.242,0.226]
Epoch [101] Training Results: Prec@1 74.320 Prec@5 95.940             Loss 0.90275
Epoch [101] Training Class Recall: [0.825,0.748,0.475,0.679,0.580,0.788,0.548,0.615,0.736,0.892]
Epoch [101] Testing Results: Prec@1 28.050 Prec@5 70.800             Loss 3.07748
Epoch [101] Testing Class Recall: [0.520,0.220,0.013,0.459,0.099,0.313,0.074,0.214,0.441,0.452]
Epoch [102] Training Results: Prec@1 69.540 Prec@5 94.540             Loss 1.06743
Epoch [102] Training Class Recall: [0.804,0.630,0.425,0.609,0.496,0.729,0.554,0.558,0.685,0.884]
Epoch [102] Testing Results: Prec@1 32.680 Prec@5 73.680             Loss 2.82402
Epoch [102] Testing Class Recall: [0.522,0.703,0.018,0.241,0.352,0.334,0.321,0.230,0.223,0.324]
Epoch [103] Training Results: Prec@1 74.560 Prec@5 96.040             Loss 0.90334
Epoch [103] Training Class Recall: [0.845,0.765,0.505,0.671,0.584,0.771,0.573,0.609,0.717,0.889]
Epoch [103] Testing Results: Prec@1 30.730 Prec@5 71.400             Loss 3.23816
Epoch [103] Testing Class Recall: [0.448,0.506,0.024,0.662,0.330,0.189,0.189,0.187,0.266,0.272]
Epoch [104] Training Results: Prec@1 75.260 Prec@5 96.580             Loss 0.86364
Epoch [104] Training Class Recall: [0.821,0.780,0.510,0.665,0.607,0.770,0.598,0.612,0.749,0.909]
Epoch [104] Testing Results: Prec@1 32.430 Prec@5 69.290             Loss 3.05097
Epoch [104] Testing Class Recall: [0.524,0.716,0.048,0.132,0.090,0.379,0.597,0.407,0.177,0.173]
Epoch [105] Training Results: Prec@1 71.000 Prec@5 94.980             Loss 1.02062
Epoch [105] Training Class Recall: [0.805,0.743,0.350,0.632,0.534,0.719,0.514,0.573,0.707,0.888]
Epoch [105] Testing Results: Prec@1 31.230 Prec@5 72.860             Loss 3.01941
Epoch [105] Testing Class Recall: [0.612,0.528,0.006,0.510,0.286,0.211,0.268,0.206,0.143,0.353]
Epoch [106] Training Results: Prec@1 73.560 Prec@5 95.420             Loss 0.93057
Epoch [106] Training Class Recall: [0.818,0.760,0.430,0.673,0.550,0.759,0.570,0.609,0.732,0.888]
Epoch [106] Testing Results: Prec@1 31.490 Prec@5 73.570             Loss 2.85917
Epoch [106] Testing Class Recall: [0.515,0.516,0.049,0.364,0.260,0.373,0.274,0.301,0.379,0.118]
Epoch [107] Training Results: Prec@1 75.340 Prec@5 96.620             Loss 0.86332
Epoch [107] Training Class Recall: [0.826,0.782,0.490,0.665,0.580,0.794,0.616,0.606,0.756,0.896]
Epoch [107] Testing Results: Prec@1 31.020 Prec@5 71.430             Loss 3.02896
Epoch [107] Testing Class Recall: [0.453,0.678,0.045,0.577,0.297,0.269,0.151,0.351,0.147,0.134]
Epoch [108] Training Results: Prec@1 72.960 Prec@5 95.900             Loss 0.94542
Epoch [108] Training Class Recall: [0.821,0.762,0.450,0.652,0.500,0.731,0.576,0.633,0.736,0.882]
Epoch [108] Testing Results: Prec@1 31.870 Prec@5 72.500             Loss 3.29862
Epoch [108] Testing Class Recall: [0.389,0.641,0.027,0.336,0.242,0.670,0.319,0.154,0.261,0.148]
Epoch [109] Training Results: Prec@1 75.580 Prec@5 96.560             Loss 0.86544
Epoch [109] Training Class Recall: [0.829,0.777,0.515,0.706,0.595,0.795,0.622,0.579,0.746,0.888]
Epoch [109] Testing Results: Prec@1 31.370 Prec@5 71.670             Loss 3.09592
Epoch [109] Testing Class Recall: [0.616,0.658,0.025,0.317,0.110,0.474,0.306,0.281,0.157,0.193]
Epoch [110] Training Results: Prec@1 69.980 Prec@5 94.800             Loss 1.03790
Epoch [110] Training Class Recall: [0.769,0.698,0.395,0.656,0.435,0.728,0.560,0.570,0.712,0.874]
Epoch [110] Testing Results: Prec@1 29.890 Prec@5 73.880             Loss 2.95856
Epoch [110] Testing Class Recall: [0.518,0.282,0.043,0.467,0.172,0.372,0.418,0.189,0.190,0.338]
Epoch [111] Training Results: Prec@1 74.420 Prec@5 96.780             Loss 0.86759
Epoch [111] Training Class Recall: [0.830,0.758,0.490,0.673,0.595,0.747,0.628,0.606,0.727,0.891]
Epoch [111] Testing Results: Prec@1 28.940 Prec@5 70.580             Loss 2.88128
Epoch [111] Testing Class Recall: [0.527,0.335,0.013,0.301,0.158,0.388,0.439,0.109,0.081,0.543]
Epoch [112] Training Results: Prec@1 73.640 Prec@5 96.380             Loss 0.90177
Epoch [112] Training Class Recall: [0.800,0.752,0.465,0.683,0.553,0.770,0.591,0.582,0.727,0.896]
Epoch [112] Testing Results: Prec@1 27.850 Prec@5 70.330             Loss 3.13269
Epoch [112] Testing Class Recall: [0.698,0.499,0.037,0.194,0.144,0.457,0.233,0.252,0.165,0.106]
Epoch [113] Training Results: Prec@1 72.300 Prec@5 95.580             Loss 0.95289
Epoch [113] Training Class Recall: [0.820,0.723,0.420,0.656,0.542,0.744,0.563,0.588,0.707,0.888]
Epoch [113] Testing Results: Prec@1 30.270 Prec@5 70.770             Loss 3.11505
Epoch [113] Testing Class Recall: [0.507,0.702,0.020,0.281,0.066,0.433,0.221,0.246,0.305,0.246]
Epoch [114] Training Results: Prec@1 74.260 Prec@5 96.620             Loss 0.88103
Epoch [114] Training Class Recall: [0.830,0.758,0.480,0.695,0.576,0.735,0.594,0.633,0.714,0.895]
Epoch [114] Testing Results: Prec@1 30.440 Prec@5 70.270             Loss 3.53932
Epoch [114] Testing Class Recall: [0.436,0.779,0.036,0.403,0.169,0.566,0.178,0.186,0.201,0.090]
Epoch [115] Training Results: Prec@1 76.120 Prec@5 97.160             Loss 0.82452
Epoch [115] Training Class Recall: [0.842,0.782,0.545,0.693,0.592,0.794,0.622,0.645,0.719,0.895]
Epoch [115] Testing Results: Prec@1 32.120 Prec@5 73.450             Loss 2.88173
Epoch [115] Testing Class Recall: [0.372,0.653,0.055,0.173,0.187,0.369,0.493,0.317,0.293,0.300]
Epoch [116] Training Results: Prec@1 73.240 Prec@5 96.140             Loss 0.92799
Epoch [116] Training Class Recall: [0.797,0.748,0.455,0.652,0.550,0.782,0.591,0.606,0.707,0.890]
Epoch [116] Testing Results: Prec@1 30.350 Prec@5 68.050             Loss 3.81143
Epoch [116] Testing Class Recall: [0.379,0.904,0.063,0.390,0.164,0.408,0.333,0.113,0.223,0.058]
Epoch [117] Training Results: Prec@1 75.900 Prec@5 97.220             Loss 0.82338
Epoch [117] Training Class Recall: [0.821,0.782,0.550,0.685,0.611,0.797,0.604,0.633,0.736,0.899]
Epoch [117] Testing Results: Prec@1 29.720 Prec@5 70.590             Loss 3.36451
Epoch [117] Testing Class Recall: [0.481,0.643,0.047,0.532,0.238,0.314,0.184,0.085,0.193,0.255]
Epoch [118] Training Results: Prec@1 75.620 Prec@5 97.220             Loss 0.83183
Epoch [118] Training Class Recall: [0.825,0.780,0.540,0.689,0.607,0.776,0.576,0.648,0.749,0.897]
Epoch [118] Testing Results: Prec@1 31.720 Prec@5 71.620             Loss 3.36206
Epoch [118] Testing Class Recall: [0.567,0.749,0.036,0.324,0.097,0.334,0.348,0.451,0.132,0.134]
Epoch [119] Training Results: Prec@1 77.040 Prec@5 96.580             Loss 0.83270
Epoch [119] Training Class Recall: [0.856,0.767,0.550,0.720,0.618,0.810,0.601,0.652,0.749,0.900]
Epoch [119] Testing Results: Prec@1 30.310 Prec@5 69.260             Loss 3.47738
Epoch [119] Testing Class Recall: [0.579,0.765,0.023,0.231,0.153,0.571,0.278,0.154,0.039,0.238]
Epoch [120] Training Results: Prec@1 75.260 Prec@5 96.960             Loss 0.84842
Epoch [120] Training Class Recall: [0.833,0.758,0.545,0.675,0.580,0.785,0.613,0.624,0.732,0.896]
Epoch [120] Testing Results: Prec@1 31.880 Prec@5 73.590             Loss 3.08445
Epoch [120] Testing Class Recall: [0.549,0.599,0.027,0.340,0.189,0.314,0.277,0.359,0.175,0.359]
Epoch [121] Training Results: Prec@1 77.620 Prec@5 97.340             Loss 0.77112
Epoch [121] Training Class Recall: [0.838,0.811,0.565,0.716,0.618,0.800,0.638,0.676,0.749,0.902]
Epoch [121] Testing Results: Prec@1 27.130 Prec@5 67.790             Loss 3.76411
Epoch [121] Testing Class Recall: [0.272,0.632,0.030,0.285,0.115,0.483,0.116,0.073,0.172,0.535]
Epoch [122] Training Results: Prec@1 73.120 Prec@5 96.020             Loss 0.93826
Epoch [122] Training Class Recall: [0.810,0.736,0.450,0.675,0.584,0.773,0.545,0.567,0.714,0.892]
Epoch [122] Testing Results: Prec@1 31.900 Prec@5 70.960             Loss 2.92288
Epoch [122] Testing Class Recall: [0.520,0.641,0.039,0.264,0.202,0.341,0.431,0.273,0.135,0.344]
Epoch [123] Training Results: Prec@1 75.880 Prec@5 96.700             Loss 0.83589
Epoch [123] Training Class Recall: [0.841,0.796,0.505,0.679,0.592,0.791,0.622,0.627,0.734,0.892]
Epoch [123] Testing Results: Prec@1 30.500 Prec@5 73.200             Loss 3.21333
Epoch [123] Testing Class Recall: [0.661,0.436,0.112,0.442,0.025,0.233,0.283,0.318,0.200,0.340]
Epoch [124] Training Results: Prec@1 71.540 Prec@5 95.680             Loss 0.99345
Epoch [124] Training Class Recall: [0.790,0.716,0.360,0.636,0.519,0.752,0.539,0.597,0.739,0.891]
Epoch [124] Testing Results: Prec@1 29.850 Prec@5 70.550             Loss 3.17385
Epoch [124] Testing Class Recall: [0.570,0.615,0.017,0.501,0.265,0.257,0.161,0.255,0.209,0.135]
Epoch [125] Training Results: Prec@1 76.500 Prec@5 97.280             Loss 0.80065
Epoch [125] Training Class Recall: [0.853,0.775,0.535,0.705,0.622,0.792,0.591,0.630,0.756,0.899]
Epoch [125] Testing Results: Prec@1 30.760 Prec@5 72.500             Loss 2.96442
Epoch [125] Testing Class Recall: [0.601,0.553,0.059,0.292,0.222,0.282,0.501,0.186,0.246,0.134]
Epoch [126] Training Results: Prec@1 76.520 Prec@5 97.280             Loss 0.80725
Epoch [126] Training Class Recall: [0.840,0.730,0.545,0.710,0.634,0.804,0.622,0.642,0.764,0.904]
Epoch [126] Testing Results: Prec@1 27.700 Prec@5 70.370             Loss 3.33611
Epoch [126] Testing Class Recall: [0.506,0.457,0.072,0.543,0.116,0.192,0.254,0.089,0.094,0.447]
Epoch [127] Training Results: Prec@1 77.500 Prec@5 97.680             Loss 0.75604
Epoch [127] Training Class Recall: [0.840,0.785,0.595,0.734,0.607,0.794,0.625,0.664,0.749,0.910]
Epoch [127] Testing Results: Prec@1 31.280 Prec@5 71.750             Loss 3.38107
Epoch [127] Testing Class Recall: [0.582,0.647,0.010,0.237,0.409,0.463,0.252,0.118,0.112,0.298]
Epoch [128] Training Results: Prec@1 75.460 Prec@5 96.860             Loss 0.84318
Epoch [128] Training Class Recall: [0.830,0.769,0.545,0.687,0.611,0.798,0.582,0.621,0.712,0.898]
Epoch [128] Testing Results: Prec@1 30.360 Prec@5 70.150             Loss 3.48816
Epoch [128] Testing Class Recall: [0.428,0.788,0.060,0.399,0.152,0.212,0.382,0.205,0.166,0.244]
Epoch [129] Training Results: Prec@1 74.420 Prec@5 96.840             Loss 0.87748
Epoch [129] Training Class Recall: [0.828,0.752,0.465,0.681,0.588,0.777,0.598,0.594,0.724,0.896]
Epoch [129] Testing Results: Prec@1 30.110 Prec@5 71.450             Loss 3.31824
Epoch [129] Testing Class Recall: [0.633,0.645,0.033,0.450,0.194,0.175,0.263,0.253,0.135,0.230]
Epoch [130] Training Results: Prec@1 77.080 Prec@5 97.660             Loss 0.77918
Epoch [130] Training Class Recall: [0.832,0.787,0.575,0.726,0.584,0.810,0.632,0.664,0.744,0.897]
Epoch [130] Testing Results: Prec@1 29.430 Prec@5 71.880             Loss 3.68327
Epoch [130] Testing Class Recall: [0.454,0.375,0.017,0.605,0.159,0.304,0.176,0.245,0.398,0.210]
Epoch [131] Training Results: Prec@1 73.940 Prec@5 96.740             Loss 0.88881
Epoch [131] Training Class Recall: [0.805,0.725,0.505,0.679,0.588,0.782,0.588,0.603,0.739,0.888]
Epoch [131] Testing Results: Prec@1 29.350 Prec@5 70.100             Loss 3.28230
Epoch [131] Testing Class Recall: [0.505,0.674,0.024,0.298,0.158,0.504,0.218,0.230,0.119,0.205]
Epoch [132] Training Results: Prec@1 76.020 Prec@5 97.380             Loss 0.81479
Epoch [132] Training Class Recall: [0.825,0.772,0.550,0.677,0.645,0.779,0.607,0.655,0.754,0.900]
Epoch [132] Testing Results: Prec@1 26.770 Prec@5 66.750             Loss 4.06781
Epoch [132] Testing Class Recall: [0.484,0.511,0.019,0.501,0.087,0.473,0.159,0.110,0.030,0.303]
Epoch [133] Training Results: Prec@1 76.980 Prec@5 97.620             Loss 0.77271
Epoch [133] Training Class Recall: [0.833,0.796,0.575,0.730,0.603,0.786,0.619,0.627,0.749,0.909]
Epoch [133] Testing Results: Prec@1 27.670 Prec@5 67.810             Loss 3.81817
Epoch [133] Testing Class Recall: [0.662,0.619,0.068,0.217,0.105,0.482,0.180,0.126,0.146,0.162]
Epoch [134] Training Results: Prec@1 74.580 Prec@5 96.600             Loss 0.90636
Epoch [134] Training Class Recall: [0.813,0.772,0.555,0.687,0.576,0.770,0.560,0.609,0.714,0.901]
Epoch [134] Testing Results: Prec@1 30.940 Prec@5 71.820             Loss 3.32446
Epoch [134] Testing Class Recall: [0.463,0.768,0.116,0.360,0.148,0.414,0.250,0.271,0.140,0.164]
Epoch [135] Training Results: Prec@1 76.300 Prec@5 97.280             Loss 0.81059
Epoch [135] Training Class Recall: [0.832,0.755,0.535,0.693,0.637,0.785,0.622,0.676,0.739,0.906]
Epoch [135] Testing Results: Prec@1 30.120 Prec@5 69.320             Loss 3.47157
Epoch [135] Testing Class Recall: [0.398,0.711,0.043,0.466,0.114,0.130,0.405,0.276,0.155,0.314]
Epoch [136] Training Results: Prec@1 74.960 Prec@5 97.080             Loss 0.85584
Epoch [136] Training Class Recall: [0.800,0.770,0.575,0.669,0.607,0.752,0.619,0.636,0.751,0.897]
Epoch [136] Testing Results: Prec@1 29.950 Prec@5 70.560             Loss 3.55355
Epoch [136] Testing Class Recall: [0.722,0.518,0.017,0.433,0.267,0.267,0.359,0.195,0.057,0.160]
Epoch [137] Training Results: Prec@1 75.100 Prec@5 96.800             Loss 0.85507
Epoch [137] Training Class Recall: [0.829,0.764,0.575,0.669,0.603,0.755,0.632,0.579,0.746,0.902]
Epoch [137] Testing Results: Prec@1 31.970 Prec@5 71.030             Loss 3.40931
Epoch [137] Testing Class Recall: [0.488,0.653,0.021,0.540,0.132,0.222,0.411,0.337,0.248,0.145]
Epoch [138] Training Results: Prec@1 76.780 Prec@5 97.360             Loss 0.78760
Epoch [138] Training Class Recall: [0.845,0.772,0.615,0.665,0.649,0.792,0.613,0.661,0.736,0.909]
Epoch [138] Testing Results: Prec@1 31.770 Prec@5 70.520             Loss 3.54772
Epoch [138] Testing Class Recall: [0.395,0.783,0.011,0.356,0.140,0.488,0.427,0.104,0.290,0.183]
Epoch [139] Training Results: Prec@1 76.480 Prec@5 96.980             Loss 0.82237
Epoch [139] Training Class Recall: [0.810,0.770,0.550,0.720,0.637,0.798,0.598,0.667,0.761,0.898]
Epoch [139] Testing Results: Prec@1 29.190 Prec@5 68.270             Loss 3.54878
Epoch [139] Testing Class Recall: [0.464,0.793,0.045,0.572,0.047,0.185,0.152,0.228,0.184,0.249]
Epoch [140] Training Results: Prec@1 77.760 Prec@5 97.600             Loss 0.75969
Epoch [140] Training Class Recall: [0.849,0.787,0.575,0.714,0.641,0.800,0.666,0.639,0.749,0.911]
Epoch [140] Testing Results: Prec@1 29.350 Prec@5 70.870             Loss 3.65531
Epoch [140] Testing Class Recall: [0.569,0.394,0.056,0.468,0.142,0.443,0.124,0.308,0.201,0.230]
Epoch [141] Training Results: Prec@1 78.140 Prec@5 97.280             Loss 0.75536
Epoch [141] Training Class Recall: [0.858,0.789,0.585,0.718,0.649,0.794,0.656,0.694,0.746,0.906]
Epoch [141] Testing Results: Prec@1 28.860 Prec@5 69.270             Loss 3.66366
Epoch [141] Testing Class Recall: [0.498,0.669,0.052,0.127,0.252,0.538,0.262,0.178,0.165,0.145]
Epoch [142] Training Results: Prec@1 75.080 Prec@5 97.020             Loss 0.85727
Epoch [142] Training Class Recall: [0.805,0.736,0.570,0.675,0.576,0.785,0.616,0.652,0.744,0.902]
Epoch [142] Testing Results: Prec@1 29.450 Prec@5 70.740             Loss 3.45531
Epoch [142] Testing Class Recall: [0.476,0.419,0.016,0.575,0.195,0.254,0.309,0.179,0.190,0.332]
Epoch [143] Training Results: Prec@1 75.260 Prec@5 97.180             Loss 0.82722
Epoch [143] Training Class Recall: [0.810,0.762,0.500,0.693,0.618,0.770,0.628,0.609,0.759,0.900]
Epoch [143] Testing Results: Prec@1 29.170 Prec@5 70.380             Loss 3.59670
Epoch [143] Testing Class Recall: [0.362,0.693,0.041,0.592,0.194,0.186,0.314,0.128,0.274,0.133]
Epoch [144] Training Results: Prec@1 76.920 Prec@5 97.760             Loss 0.76481
Epoch [144] Training Class Recall: [0.836,0.782,0.535,0.710,0.656,0.804,0.588,0.645,0.773,0.898]
Epoch [144] Testing Results: Prec@1 29.520 Prec@5 70.820             Loss 3.38392
Epoch [144] Testing Class Recall: [0.437,0.575,0.039,0.430,0.157,0.418,0.319,0.115,0.146,0.316]
Epoch [145] Training Results: Prec@1 77.820 Prec@5 97.700             Loss 0.76262
Epoch [145] Training Class Recall: [0.849,0.812,0.565,0.685,0.656,0.804,0.659,0.633,0.749,0.913]
Epoch [145] Testing Results: Prec@1 29.790 Prec@5 71.200             Loss 3.65419
Epoch [145] Testing Class Recall: [0.431,0.467,0.031,0.530,0.188,0.343,0.195,0.101,0.453,0.240]
Epoch [146] Training Results: Prec@1 77.940 Prec@5 97.640             Loss 0.73919
Epoch [146] Training Class Recall: [0.845,0.792,0.610,0.728,0.630,0.800,0.669,0.658,0.778,0.889]
Epoch [146] Testing Results: Prec@1 30.360 Prec@5 70.900             Loss 3.57203
Epoch [146] Testing Class Recall: [0.510,0.656,0.027,0.346,0.140,0.423,0.338,0.110,0.138,0.348]
Epoch [147] Training Results: Prec@1 78.860 Prec@5 98.120             Loss 0.72161
Epoch [147] Training Class Recall: [0.846,0.796,0.605,0.726,0.641,0.809,0.684,0.685,0.788,0.908]
Epoch [147] Testing Results: Prec@1 30.890 Prec@5 70.460             Loss 3.79843
Epoch [147] Testing Class Recall: [0.706,0.589,0.020,0.345,0.216,0.425,0.292,0.110,0.133,0.253]
Epoch [148] Training Results: Prec@1 78.360 Prec@5 97.820             Loss 0.72307
Epoch [148] Training Class Recall: [0.844,0.794,0.605,0.742,0.622,0.804,0.647,0.664,0.788,0.905]
Epoch [148] Testing Results: Prec@1 27.480 Prec@5 69.490             Loss 3.98483
Epoch [148] Testing Class Recall: [0.600,0.281,0.034,0.436,0.067,0.437,0.233,0.225,0.180,0.255]
Epoch [149] Training Results: Prec@1 73.820 Prec@5 97.040             Loss 0.88468
Epoch [149] Training Class Recall: [0.790,0.742,0.500,0.661,0.592,0.755,0.582,0.658,0.736,0.896]
Epoch [149] Testing Results: Prec@1 28.930 Prec@5 67.820             Loss 3.71311
Epoch [149] Testing Class Recall: [0.572,0.670,0.074,0.412,0.029,0.352,0.398,0.110,0.086,0.190]
Epoch [150] Training Results: Prec@1 76.020 Prec@5 97.460             Loss 0.79292
Epoch [150] Training Class Recall: [0.828,0.777,0.550,0.685,0.561,0.789,0.591,0.664,0.759,0.906]
Epoch [150] Testing Results: Prec@1 31.300 Prec@5 71.130             Loss 3.61998
Epoch [150] Testing Class Recall: [0.343,0.786,0.075,0.178,0.080,0.541,0.580,0.078,0.274,0.195]
Epoch [151] Training Results: Prec@1 76.600 Prec@5 97.280             Loss 0.80244
Epoch [151] Training Class Recall: [0.812,0.775,0.530,0.699,0.630,0.788,0.628,0.667,0.771,0.910]
Epoch [151] Testing Results: Prec@1 24.940 Prec@5 63.340             Loss 4.63359
Epoch [151] Testing Class Recall: [0.327,0.606,0.016,0.647,0.044,0.366,0.217,0.045,0.157,0.069]
Epoch [152] Training Results: Prec@1 73.900 Prec@5 96.940             Loss 0.86848
Epoch [152] Training Class Recall: [0.782,0.760,0.530,0.650,0.592,0.765,0.560,0.624,0.744,0.903]
Epoch [152] Testing Results: Prec@1 29.670 Prec@5 70.170             Loss 3.22225
Epoch [152] Testing Class Recall: [0.529,0.608,0.032,0.309,0.275,0.311,0.267,0.388,0.101,0.147]
Epoch [153] Training Results: Prec@1 77.400 Prec@5 97.680             Loss 0.77063
Epoch [153] Training Class Recall: [0.814,0.801,0.540,0.705,0.645,0.801,0.641,0.679,0.773,0.906]
Epoch [153] Testing Results: Prec@1 27.530 Prec@5 68.460             Loss 3.65525
Epoch [153] Testing Class Recall: [0.306,0.570,0.028,0.593,0.138,0.383,0.122,0.223,0.154,0.236]
Epoch [154] Training Results: Prec@1 71.680 Prec@5 95.880             Loss 0.96026
Epoch [154] Training Class Recall: [0.766,0.701,0.515,0.630,0.588,0.761,0.514,0.612,0.702,0.891]
Epoch [154] Testing Results: Prec@1 29.900 Prec@5 71.690             Loss 3.21247
Epoch [154] Testing Class Recall: [0.355,0.463,0.026,0.288,0.298,0.455,0.326,0.155,0.420,0.204]
Epoch [155] Training Results: Prec@1 75.280 Prec@5 97.300             Loss 0.84869
Epoch [155] Training Class Recall: [0.818,0.745,0.545,0.652,0.584,0.798,0.635,0.652,0.739,0.899]
Epoch [155] Testing Results: Prec@1 29.150 Prec@5 70.820             Loss 3.49349
Epoch [155] Testing Class Recall: [0.707,0.348,0.036,0.316,0.149,0.384,0.357,0.251,0.185,0.182]
Epoch [156] Training Results: Prec@1 73.480 Prec@5 96.600             Loss 0.90324
Epoch [156] Training Class Recall: [0.788,0.723,0.505,0.640,0.618,0.758,0.619,0.612,0.732,0.898]
Epoch [156] Testing Results: Prec@1 28.340 Prec@5 69.110             Loss 3.39133
Epoch [156] Testing Class Recall: [0.495,0.531,0.029,0.521,0.135,0.348,0.145,0.190,0.234,0.206]
Epoch [157] Training Results: Prec@1 75.300 Prec@5 97.060             Loss 0.81756
Epoch [157] Training Class Recall: [0.822,0.757,0.585,0.716,0.561,0.786,0.585,0.582,0.736,0.903]
Epoch [157] Testing Results: Prec@1 30.830 Prec@5 70.820             Loss 3.28785
Epoch [157] Testing Class Recall: [0.591,0.585,0.038,0.363,0.085,0.348,0.523,0.078,0.184,0.288]
Epoch [158] Training Results: Prec@1 76.060 Prec@5 97.700             Loss 0.79353
Epoch [158] Training Class Recall: [0.830,0.787,0.565,0.683,0.607,0.762,0.616,0.633,0.764,0.904]
Epoch [158] Testing Results: Prec@1 27.430 Prec@5 68.050             Loss 3.85620
Epoch [158] Testing Class Recall: [0.457,0.532,0.031,0.717,0.077,0.170,0.069,0.210,0.275,0.205]
Epoch [159] Training Results: Prec@1 76.240 Prec@5 97.320             Loss 0.79826
Epoch [159] Training Class Recall: [0.842,0.782,0.520,0.687,0.607,0.788,0.601,0.633,0.759,0.904]
Epoch [159] Testing Results: Prec@1 32.330 Prec@5 72.470             Loss 3.42979
Epoch [159] Testing Class Recall: [0.636,0.648,0.027,0.481,0.123,0.321,0.362,0.221,0.242,0.172]
Epoch [160] Training Results: Prec@1 80.820 Prec@5 98.200             Loss 0.66567
Epoch [160] Training Class Recall: [0.856,0.796,0.625,0.791,0.679,0.819,0.724,0.670,0.835,0.919]
Epoch [160] Testing Results: Prec@1 31.960 Prec@5 72.250             Loss 3.51218
Epoch [160] Testing Class Recall: [0.621,0.662,0.031,0.501,0.129,0.363,0.327,0.178,0.213,0.171]
Epoch [161] Training Results: Prec@1 80.480 Prec@5 98.000             Loss 0.66316
Epoch [161] Training Class Recall: [0.861,0.804,0.590,0.781,0.691,0.810,0.728,0.667,0.818,0.914]
Epoch [161] Testing Results: Prec@1 32.020 Prec@5 72.160             Loss 3.56032
Epoch [161] Testing Class Recall: [0.623,0.662,0.033,0.476,0.135,0.430,0.302,0.190,0.178,0.173]
Epoch [162] Training Results: Prec@1 81.280 Prec@5 98.420             Loss 0.64250
Epoch [162] Training Class Recall: [0.877,0.812,0.590,0.777,0.706,0.836,0.703,0.682,0.815,0.923]
Epoch [162] Testing Results: Prec@1 32.240 Prec@5 72.420             Loss 3.46228
Epoch [162] Testing Class Recall: [0.635,0.695,0.032,0.459,0.140,0.379,0.299,0.196,0.189,0.200]
Epoch [163] Training Results: Prec@1 81.340 Prec@5 98.220             Loss 0.62858
Epoch [163] Training Class Recall: [0.869,0.823,0.630,0.781,0.660,0.846,0.718,0.685,0.813,0.915]
Epoch [163] Testing Results: Prec@1 32.020 Prec@5 72.610             Loss 3.41950
Epoch [163] Testing Class Recall: [0.614,0.665,0.035,0.486,0.159,0.377,0.274,0.200,0.178,0.214]
Epoch [164] Training Results: Prec@1 82.040 Prec@5 98.440             Loss 0.61853
Epoch [164] Training Class Recall: [0.865,0.819,0.660,0.781,0.695,0.846,0.740,0.694,0.825,0.926]
Epoch [164] Testing Results: Prec@1 32.350 Prec@5 72.390             Loss 3.45122
Epoch [164] Testing Class Recall: [0.641,0.664,0.037,0.449,0.147,0.435,0.276,0.213,0.179,0.194]
Epoch [165] Training Results: Prec@1 81.240 Prec@5 98.540             Loss 0.62130
Epoch [165] Training Class Recall: [0.872,0.818,0.670,0.765,0.695,0.836,0.706,0.673,0.803,0.922]
Epoch [165] Testing Results: Prec@1 31.860 Prec@5 72.110             Loss 3.46627
Epoch [165] Testing Class Recall: [0.591,0.683,0.036,0.464,0.153,0.414,0.271,0.199,0.179,0.196]
Epoch [166] Training Results: Prec@1 81.860 Prec@5 98.500             Loss 0.61622
Epoch [166] Training Class Recall: [0.881,0.826,0.630,0.793,0.695,0.834,0.724,0.682,0.800,0.928]
Epoch [166] Testing Results: Prec@1 32.130 Prec@5 71.960             Loss 3.48724
Epoch [166] Testing Class Recall: [0.605,0.674,0.037,0.465,0.144,0.453,0.266,0.203,0.160,0.206]
Epoch [167] Training Results: Prec@1 81.940 Prec@5 98.300             Loss 0.61374
Epoch [167] Training Class Recall: [0.881,0.833,0.640,0.775,0.687,0.845,0.728,0.691,0.793,0.929]
Epoch [167] Testing Results: Prec@1 31.990 Prec@5 71.860             Loss 3.51353
Epoch [167] Testing Class Recall: [0.596,0.708,0.038,0.466,0.146,0.439,0.251,0.204,0.166,0.185]
Epoch [168] Training Results: Prec@1 82.000 Prec@5 98.480             Loss 0.60321
Epoch [168] Training Class Recall: [0.877,0.819,0.665,0.767,0.718,0.855,0.700,0.706,0.805,0.926]
Epoch [168] Testing Results: Prec@1 31.890 Prec@5 71.320             Loss 3.53134
Epoch [168] Testing Class Recall: [0.592,0.713,0.034,0.449,0.138,0.461,0.249,0.203,0.144,0.206]
Epoch [169] Training Results: Prec@1 82.080 Prec@5 98.520             Loss 0.60196
Epoch [169] Training Class Recall: [0.877,0.838,0.675,0.785,0.710,0.843,0.697,0.688,0.796,0.929]
Epoch [169] Testing Results: Prec@1 31.940 Prec@5 71.520             Loss 3.59995
Epoch [169] Testing Class Recall: [0.618,0.700,0.038,0.437,0.156,0.472,0.247,0.204,0.124,0.198]
Epoch [170] Training Results: Prec@1 82.280 Prec@5 98.700             Loss 0.59372
Epoch [170] Training Class Recall: [0.879,0.829,0.670,0.796,0.695,0.839,0.709,0.697,0.820,0.928]
Epoch [170] Testing Results: Prec@1 32.070 Prec@5 72.200             Loss 3.38233
Epoch [170] Testing Class Recall: [0.591,0.716,0.039,0.394,0.173,0.425,0.278,0.202,0.173,0.216]
Epoch [171] Training Results: Prec@1 82.100 Prec@5 98.400             Loss 0.58871
Epoch [171] Training Class Recall: [0.873,0.831,0.670,0.771,0.718,0.857,0.715,0.679,0.815,0.923]
Epoch [171] Testing Results: Prec@1 32.200 Prec@5 71.940             Loss 3.44138
Epoch [171] Testing Class Recall: [0.619,0.719,0.040,0.376,0.155,0.478,0.257,0.220,0.140,0.216]
Epoch [172] Training Results: Prec@1 82.280 Prec@5 98.740             Loss 0.58826
Epoch [172] Training Class Recall: [0.881,0.831,0.680,0.767,0.702,0.851,0.724,0.697,0.798,0.932]
Epoch [172] Testing Results: Prec@1 32.210 Prec@5 71.720             Loss 3.44752
Epoch [172] Testing Class Recall: [0.594,0.711,0.043,0.416,0.149,0.467,0.246,0.221,0.161,0.213]
Epoch [173] Training Results: Prec@1 82.420 Prec@5 98.560             Loss 0.58978
Epoch [173] Training Class Recall: [0.879,0.824,0.695,0.783,0.718,0.858,0.706,0.706,0.805,0.925]
Epoch [173] Testing Results: Prec@1 32.390 Prec@5 72.110             Loss 3.38164
Epoch [173] Testing Class Recall: [0.637,0.697,0.041,0.395,0.170,0.462,0.248,0.204,0.159,0.226]
Epoch [174] Training Results: Prec@1 82.160 Prec@5 98.600             Loss 0.58916
Epoch [174] Training Class Recall: [0.880,0.843,0.665,0.779,0.702,0.855,0.706,0.685,0.798,0.924]
Epoch [174] Testing Results: Prec@1 31.780 Prec@5 71.740             Loss 3.45607
Epoch [174] Testing Class Recall: [0.601,0.687,0.040,0.413,0.176,0.433,0.265,0.204,0.139,0.220]
Epoch [175] Training Results: Prec@1 82.280 Prec@5 98.580             Loss 0.58452
Epoch [175] Training Class Recall: [0.880,0.834,0.685,0.775,0.729,0.843,0.715,0.700,0.805,0.923]
Epoch [175] Testing Results: Prec@1 32.080 Prec@5 71.420             Loss 3.50033
Epoch [175] Testing Class Recall: [0.608,0.713,0.043,0.412,0.167,0.465,0.237,0.213,0.135,0.215]
Epoch [176] Training Results: Prec@1 82.660 Prec@5 98.580             Loss 0.58017
Epoch [176] Training Class Recall: [0.876,0.848,0.690,0.783,0.714,0.845,0.715,0.709,0.820,0.926]
Epoch [176] Testing Results: Prec@1 32.230 Prec@5 71.800             Loss 3.49123
Epoch [176] Testing Class Recall: [0.632,0.691,0.038,0.433,0.165,0.452,0.231,0.200,0.153,0.228]
Epoch [177] Training Results: Prec@1 82.880 Prec@5 98.780             Loss 0.57388
Epoch [177] Training Class Recall: [0.883,0.848,0.675,0.775,0.714,0.861,0.718,0.700,0.808,0.935]
Epoch [177] Testing Results: Prec@1 32.020 Prec@5 71.720             Loss 3.54765
Epoch [177] Testing Class Recall: [0.656,0.708,0.035,0.404,0.160,0.442,0.258,0.196,0.142,0.201]
Epoch [178] Training Results: Prec@1 83.160 Prec@5 98.600             Loss 0.57358
Epoch [178] Training Class Recall: [0.880,0.853,0.680,0.793,0.710,0.852,0.737,0.715,0.808,0.934]
Epoch [178] Testing Results: Prec@1 31.450 Prec@5 71.220             Loss 3.64672
Epoch [178] Testing Class Recall: [0.608,0.696,0.037,0.470,0.147,0.421,0.246,0.185,0.140,0.195]
Epoch [179] Training Results: Prec@1 82.500 Prec@5 98.580             Loss 0.57902
Epoch [179] Training Class Recall: [0.887,0.834,0.680,0.777,0.706,0.845,0.731,0.706,0.815,0.923]
Epoch [179] Testing Results: Prec@1 31.920 Prec@5 71.450             Loss 3.56406
Epoch [179] Testing Class Recall: [0.609,0.721,0.037,0.426,0.155,0.431,0.239,0.218,0.153,0.203]
Epoch [180] Training Results: Prec@1 82.620 Prec@5 98.640             Loss 0.57979
Epoch [180] Training Class Recall: [0.885,0.851,0.675,0.798,0.695,0.846,0.724,0.679,0.800,0.929]
Epoch [180] Testing Results: Prec@1 32.120 Prec@5 71.720             Loss 3.49666
Epoch [180] Testing Class Recall: [0.618,0.725,0.037,0.404,0.161,0.450,0.244,0.210,0.151,0.212]
Epoch [181] Training Results: Prec@1 82.560 Prec@5 98.720             Loss 0.57813
Epoch [181] Training Class Recall: [0.880,0.833,0.680,0.793,0.714,0.862,0.712,0.697,0.810,0.921]
Epoch [181] Testing Results: Prec@1 32.050 Prec@5 71.300             Loss 3.47694
Epoch [181] Testing Class Recall: [0.621,0.691,0.041,0.415,0.151,0.467,0.261,0.180,0.149,0.229]
Epoch [182] Training Results: Prec@1 82.440 Prec@5 98.680             Loss 0.58147
Epoch [182] Training Class Recall: [0.874,0.836,0.655,0.785,0.721,0.848,0.737,0.691,0.813,0.927]
Epoch [182] Testing Results: Prec@1 32.120 Prec@5 71.580             Loss 3.50689
Epoch [182] Testing Class Recall: [0.612,0.723,0.036,0.426,0.153,0.423,0.239,0.216,0.149,0.235]
Epoch [183] Training Results: Prec@1 82.740 Prec@5 98.780             Loss 0.57930
Epoch [183] Training Class Recall: [0.876,0.848,0.700,0.783,0.725,0.848,0.728,0.706,0.803,0.927]
Epoch [183] Testing Results: Prec@1 32.080 Prec@5 71.620             Loss 3.47158
Epoch [183] Testing Class Recall: [0.621,0.682,0.040,0.405,0.156,0.484,0.244,0.206,0.144,0.226]
Epoch [184] Training Results: Prec@1 82.560 Prec@5 98.660             Loss 0.57947
Epoch [184] Training Class Recall: [0.880,0.841,0.685,0.800,0.683,0.851,0.703,0.706,0.800,0.931]
Epoch [184] Testing Results: Prec@1 32.060 Prec@5 71.440             Loss 3.60393
Epoch [184] Testing Class Recall: [0.617,0.737,0.037,0.453,0.157,0.423,0.257,0.195,0.141,0.189]
Epoch [185] Training Results: Prec@1 82.640 Prec@5 98.660             Loss 0.57130
Epoch [185] Training Class Recall: [0.880,0.838,0.690,0.787,0.710,0.851,0.709,0.712,0.800,0.932]
Epoch [185] Testing Results: Prec@1 31.940 Prec@5 71.420             Loss 3.52602
Epoch [185] Testing Class Recall: [0.608,0.731,0.033,0.415,0.156,0.436,0.260,0.207,0.140,0.208]
Epoch [186] Training Results: Prec@1 83.100 Prec@5 98.400             Loss 0.57246
Epoch [186] Training Class Recall: [0.883,0.843,0.725,0.795,0.718,0.855,0.712,0.691,0.815,0.934]
Epoch [186] Testing Results: Prec@1 32.190 Prec@5 71.470             Loss 3.49467
Epoch [186] Testing Class Recall: [0.630,0.689,0.042,0.431,0.135,0.434,0.249,0.215,0.161,0.233]
Epoch [187] Training Results: Prec@1 82.640 Prec@5 98.780             Loss 0.57849
Epoch [187] Training Class Recall: [0.889,0.848,0.685,0.789,0.698,0.855,0.703,0.691,0.808,0.925]
Epoch [187] Testing Results: Prec@1 31.980 Prec@5 71.460             Loss 3.54331
Epoch [187] Testing Class Recall: [0.607,0.722,0.037,0.427,0.155,0.455,0.240,0.192,0.155,0.208]
Epoch [188] Training Results: Prec@1 83.240 Prec@5 98.700             Loss 0.56794
Epoch [188] Training Class Recall: [0.880,0.850,0.655,0.779,0.737,0.864,0.740,0.712,0.830,0.928]
Epoch [188] Testing Results: Prec@1 31.930 Prec@5 71.760             Loss 3.42662
Epoch [188] Testing Class Recall: [0.603,0.695,0.041,0.399,0.159,0.441,0.253,0.223,0.147,0.232]
Epoch [189] Training Results: Prec@1 82.740 Prec@5 98.640             Loss 0.57893
Epoch [189] Training Class Recall: [0.880,0.848,0.670,0.783,0.698,0.859,0.724,0.700,0.818,0.926]
Epoch [189] Testing Results: Prec@1 32.080 Prec@5 71.710             Loss 3.46506
Epoch [189] Testing Class Recall: [0.590,0.722,0.038,0.381,0.157,0.459,0.270,0.204,0.158,0.229]
Epoch [190] Training Results: Prec@1 82.280 Prec@5 98.600             Loss 0.57747
Epoch [190] Training Class Recall: [0.880,0.836,0.675,0.781,0.702,0.840,0.715,0.700,0.810,0.928]
Epoch [190] Testing Results: Prec@1 32.030 Prec@5 71.560             Loss 3.55158
Epoch [190] Testing Class Recall: [0.637,0.681,0.039,0.444,0.168,0.433,0.227,0.209,0.154,0.211]
Epoch [191] Training Results: Prec@1 82.840 Prec@5 98.620             Loss 0.57524
Epoch [191] Training Class Recall: [0.887,0.838,0.665,0.789,0.710,0.858,0.731,0.700,0.818,0.926]
Epoch [191] Testing Results: Prec@1 32.000 Prec@5 71.470             Loss 3.52293
Epoch [191] Testing Class Recall: [0.621,0.698,0.035,0.448,0.165,0.401,0.239,0.235,0.139,0.219]
Epoch [192] Training Results: Prec@1 83.000 Prec@5 98.860             Loss 0.57135
Epoch [192] Training Class Recall: [0.877,0.846,0.695,0.796,0.691,0.854,0.718,0.709,0.820,0.934]
Epoch [192] Testing Results: Prec@1 31.910 Prec@5 71.320             Loss 3.59470
Epoch [192] Testing Class Recall: [0.605,0.702,0.035,0.421,0.141,0.469,0.251,0.207,0.141,0.219]
Epoch [193] Training Results: Prec@1 82.560 Prec@5 98.700             Loss 0.57712
Epoch [193] Training Class Recall: [0.880,0.836,0.695,0.781,0.714,0.849,0.734,0.688,0.808,0.928]
Epoch [193] Testing Results: Prec@1 31.850 Prec@5 71.280             Loss 3.58396
Epoch [193] Testing Class Recall: [0.596,0.695,0.037,0.443,0.149,0.443,0.254,0.209,0.147,0.212]
Epoch [194] Training Results: Prec@1 82.740 Prec@5 98.440             Loss 0.57433
Epoch [194] Training Class Recall: [0.880,0.831,0.695,0.796,0.721,0.865,0.709,0.679,0.808,0.930]
Epoch [194] Testing Results: Prec@1 32.110 Prec@5 71.750             Loss 3.52399
Epoch [194] Testing Class Recall: [0.616,0.731,0.036,0.421,0.160,0.402,0.253,0.227,0.143,0.222]
Epoch [195] Training Results: Prec@1 83.180 Prec@5 98.740             Loss 0.57237
Epoch [195] Training Class Recall: [0.884,0.850,0.695,0.796,0.710,0.864,0.721,0.682,0.815,0.934]
Epoch [195] Testing Results: Prec@1 31.680 Prec@5 71.230             Loss 3.61202
Epoch [195] Testing Class Recall: [0.609,0.730,0.037,0.426,0.145,0.443,0.248,0.207,0.120,0.203]
Epoch [196] Training Results: Prec@1 82.820 Prec@5 98.500             Loss 0.57901
Epoch [196] Training Class Recall: [0.876,0.838,0.690,0.791,0.721,0.848,0.740,0.703,0.818,0.927]
Epoch [196] Testing Results: Prec@1 31.940 Prec@5 71.320             Loss 3.57673
Epoch [196] Testing Class Recall: [0.607,0.720,0.036,0.423,0.140,0.460,0.248,0.213,0.135,0.212]
Epoch [197] Training Results: Prec@1 83.100 Prec@5 98.700             Loss 0.57590
Epoch [197] Training Class Recall: [0.885,0.828,0.675,0.789,0.733,0.870,0.721,0.715,0.808,0.932]
Epoch [197] Testing Results: Prec@1 31.880 Prec@5 71.480             Loss 3.54091
Epoch [197] Testing Class Recall: [0.600,0.719,0.040,0.424,0.145,0.449,0.256,0.175,0.157,0.223]
Epoch [198] Training Results: Prec@1 82.580 Prec@5 98.860             Loss 0.57139
Epoch [198] Training Class Recall: [0.877,0.840,0.695,0.781,0.729,0.851,0.734,0.673,0.815,0.926]
Epoch [198] Testing Results: Prec@1 31.710 Prec@5 71.360             Loss 3.51488
Epoch [198] Testing Class Recall: [0.563,0.684,0.037,0.427,0.164,0.474,0.245,0.212,0.143,0.222]
Epoch [199] Training Results: Prec@1 82.760 Prec@5 98.600             Loss 0.57623
Epoch [199] Training Class Recall: [0.883,0.846,0.700,0.777,0.718,0.849,0.709,0.712,0.818,0.926]
Epoch [199] Testing Results: Prec@1 31.780 Prec@5 71.440             Loss 3.55013
Epoch [199] Testing Class Recall: [0.606,0.726,0.037,0.436,0.150,0.420,0.261,0.189,0.148,0.205]
