Log file: cifar10_sava1.0_deepsmote_sava_exp0.01_seed42_20260609_110607.log
Run started: 2026-06-09 11:06:07.644885
Dataset: cifar10
Imbalance type: exp, factor: 0.01
Selection method: sava, ratio: 1.0
Strategy: DeepSMOTE_Sava, epochs: 200
Seed: 42, rand_number: 0
Augmentation: weak
Noise ratio: 0.25
mamix_ratio: 1.0
============================================================

=> Preparing logger and tensorboard writer !
----------------------------------------------------
Class ID   | Original   | Selected   | Keep %  
----------------------------------------------------
0          | 4999       | 4999       |   100.0%
1          | 5041       | 5041       |   100.0%
2          | 4922       | 4922       |   100.0%
3          | 4994       | 4994       |   100.0%
4          | 5001       | 5001       |   100.0%
5          | 5033       | 5033       |   100.0%
6          | 5000       | 5000       |   100.0%
7          | 5010       | 5010       |   100.0%
8          | 4984       | 4984       |   100.0%
9          | 5016       | 5016       |   100.0%
----------------------------------------------------
TOTAL      | 50000      | 50000      |   100.0%
----------------------------------------------------
Epoch [0] Training Results: Prec@1 30.696 Prec@5 76.462             Loss 2.01045
Epoch [0] Training Class Recall: [0.316,0.419,0.111,0.197,0.224,0.261,0.327,0.347,0.448,0.415]
Epoch [0] Testing Results: Prec@1 36.340 Prec@5 83.800             Loss 1.83389
Epoch [0] Testing Class Recall: [0.794,0.764,0.228,0.472,0.038,0.148,0.418,0.402,0.192,0.178]
Epoch [1] Training Results: Prec@1 41.082 Prec@5 81.310             Loss 1.81810
Epoch [1] Training Class Recall: [0.435,0.493,0.205,0.201,0.304,0.351,0.465,0.491,0.573,0.587]
Epoch [1] Testing Results: Prec@1 44.660 Prec@5 89.320             Loss 1.60467
Epoch [1] Testing Class Recall: [0.763,0.702,0.135,0.008,0.421,0.669,0.493,0.581,0.406,0.288]
Epoch [2] Training Results: Prec@1 46.828 Prec@5 82.974             Loss 1.70420
Epoch [2] Training Class Recall: [0.504,0.539,0.286,0.223,0.367,0.394,0.536,0.565,0.629,0.636]
Epoch [2] Testing Results: Prec@1 46.590 Prec@5 90.320             Loss 1.54965
Epoch [2] Testing Class Recall: [0.786,0.670,0.332,0.280,0.307,0.333,0.673,0.352,0.390,0.536]
Epoch [3] Training Results: Prec@1 51.074 Prec@5 84.026             Loss 1.62555
Epoch [3] Training Class Recall: [0.530,0.584,0.341,0.294,0.404,0.425,0.579,0.604,0.664,0.679]
Epoch [3] Testing Results: Prec@1 45.920 Prec@5 88.110             Loss 1.67068
Epoch [3] Testing Class Recall: [0.818,0.904,0.155,0.065,0.098,0.490,0.895,0.542,0.331,0.294]
Epoch [4] Training Results: Prec@1 53.258 Prec@5 84.528             Loss 1.57806
Epoch [4] Training Class Recall: [0.551,0.607,0.358,0.335,0.442,0.446,0.585,0.621,0.681,0.695]
Epoch [4] Testing Results: Prec@1 50.440 Prec@5 90.900             Loss 1.50671
Epoch [4] Testing Class Recall: [0.793,0.885,0.368,0.266,0.364,0.556,0.518,0.638,0.505,0.151]
Epoch [5] Training Results: Prec@1 56.702 Prec@5 85.078             Loss 1.51354
Epoch [5] Training Class Recall: [0.587,0.630,0.400,0.385,0.490,0.503,0.617,0.648,0.694,0.712]
Epoch [5] Testing Results: Prec@1 50.180 Prec@5 89.340             Loss 1.49440
Epoch [5] Testing Class Recall: [0.774,0.954,0.366,0.331,0.259,0.262,0.799,0.483,0.417,0.373]
Epoch [6] Training Results: Prec@1 58.540 Prec@5 85.366             Loss 1.47647
Epoch [6] Training Class Recall: [0.600,0.644,0.419,0.412,0.522,0.529,0.639,0.663,0.706,0.717]
Epoch [6] Testing Results: Prec@1 54.960 Prec@5 93.460             Loss 1.36028
Epoch [6] Testing Class Recall: [0.605,0.932,0.369,0.352,0.323,0.462,0.706,0.888,0.513,0.346]
Epoch [7] Training Results: Prec@1 60.368 Prec@5 85.602             Loss 1.44039
Epoch [7] Training Class Recall: [0.617,0.660,0.454,0.444,0.545,0.548,0.648,0.674,0.715,0.728]
Epoch [7] Testing Results: Prec@1 59.120 Prec@5 92.590             Loss 1.27254
Epoch [7] Testing Class Recall: [0.753,0.903,0.610,0.215,0.577,0.345,0.782,0.477,0.633,0.617]
Epoch [8] Training Results: Prec@1 61.662 Prec@5 85.760             Loss 1.41220
Epoch [8] Training Class Recall: [0.629,0.672,0.469,0.459,0.564,0.562,0.662,0.694,0.722,0.730]
Epoch [8] Testing Results: Prec@1 48.800 Prec@5 87.900             Loss 1.58840
Epoch [8] Testing Class Recall: [0.864,0.958,0.362,0.290,0.175,0.387,0.827,0.354,0.192,0.471]
Epoch [9] Training Results: Prec@1 62.560 Prec@5 85.892             Loss 1.39079
Epoch [9] Training Class Recall: [0.635,0.674,0.489,0.472,0.574,0.583,0.673,0.695,0.724,0.734]
Epoch [9] Testing Results: Prec@1 53.140 Prec@5 89.820             Loss 1.46013
Epoch [9] Testing Class Recall: [0.908,0.876,0.677,0.453,0.362,0.477,0.630,0.312,0.323,0.296]
Epoch [10] Training Results: Prec@1 63.470 Prec@5 86.354             Loss 1.37263
Epoch [10] Training Class Recall: [0.644,0.678,0.501,0.499,0.584,0.600,0.676,0.703,0.723,0.735]
Epoch [10] Testing Results: Prec@1 57.760 Prec@5 92.390             Loss 1.34240
Epoch [10] Testing Class Recall: [0.922,0.776,0.542,0.599,0.424,0.510,0.640,0.463,0.543,0.357]
Epoch [11] Training Results: Prec@1 64.066 Prec@5 86.006             Loss 1.35975
Epoch [11] Training Class Recall: [0.655,0.674,0.511,0.516,0.591,0.611,0.680,0.702,0.728,0.736]
Epoch [11] Testing Results: Prec@1 59.860 Prec@5 92.710             Loss 1.29023
Epoch [11] Testing Class Recall: [0.745,0.974,0.563,0.566,0.556,0.456,0.731,0.532,0.434,0.429]
Epoch [12] Training Results: Prec@1 64.932 Prec@5 86.094             Loss 1.34379
Epoch [12] Training Class Recall: [0.656,0.688,0.532,0.536,0.605,0.617,0.684,0.708,0.728,0.737]
Epoch [12] Testing Results: Prec@1 58.390 Prec@5 92.700             Loss 1.33220
Epoch [12] Testing Class Recall: [0.926,0.865,0.350,0.688,0.502,0.505,0.587,0.745,0.367,0.304]
Epoch [13] Training Results: Prec@1 64.930 Prec@5 86.224             Loss 1.33708
Epoch [13] Training Class Recall: [0.654,0.686,0.531,0.537,0.605,0.622,0.686,0.707,0.727,0.734]
Epoch [13] Testing Results: Prec@1 60.240 Prec@5 91.340             Loss 1.28884
Epoch [13] Testing Class Recall: [0.859,0.819,0.422,0.633,0.591,0.461,0.809,0.673,0.488,0.269]
Epoch [14] Training Results: Prec@1 65.330 Prec@5 86.284             Loss 1.32967
Epoch [14] Training Class Recall: [0.660,0.690,0.542,0.540,0.609,0.623,0.688,0.710,0.732,0.737]
Epoch [14] Testing Results: Prec@1 57.420 Prec@5 90.940             Loss 1.37410
Epoch [14] Testing Class Recall: [0.913,0.926,0.516,0.664,0.522,0.102,0.808,0.503,0.327,0.461]
Epoch [15] Training Results: Prec@1 65.892 Prec@5 86.502             Loss 1.31935
Epoch [15] Training Class Recall: [0.664,0.691,0.547,0.554,0.619,0.629,0.700,0.709,0.737,0.737]
Epoch [15] Testing Results: Prec@1 59.520 Prec@5 91.550             Loss 1.30495
Epoch [15] Testing Class Recall: [0.835,0.850,0.517,0.180,0.285,0.618,0.791,0.561,0.473,0.842]
Epoch [16] Training Results: Prec@1 66.088 Prec@5 86.624             Loss 1.31338
Epoch [16] Training Class Recall: [0.670,0.693,0.554,0.563,0.620,0.633,0.691,0.711,0.733,0.737]
Epoch [16] Testing Results: Prec@1 49.210 Prec@5 87.540             Loss 1.63432
Epoch [16] Testing Class Recall: [0.962,0.876,0.532,0.278,0.273,0.261,0.717,0.475,0.408,0.139]
Epoch [17] Training Results: Prec@1 66.052 Prec@5 86.674             Loss 1.31079
Epoch [17] Training Class Recall: [0.663,0.692,0.556,0.555,0.622,0.638,0.696,0.710,0.732,0.739]
Epoch [17] Testing Results: Prec@1 48.020 Prec@5 87.120             Loss 1.66357
Epoch [17] Testing Class Recall: [0.978,0.910,0.514,0.501,0.341,0.384,0.527,0.271,0.185,0.191]
Epoch [18] Training Results: Prec@1 66.496 Prec@5 86.654             Loss 1.30196
Epoch [18] Training Class Recall: [0.676,0.698,0.561,0.561,0.619,0.641,0.700,0.714,0.735,0.743]
Epoch [18] Testing Results: Prec@1 57.450 Prec@5 92.180             Loss 1.35714
Epoch [18] Testing Class Recall: [0.903,0.981,0.652,0.484,0.460,0.508,0.493,0.628,0.319,0.317]
Epoch [19] Training Results: Prec@1 66.716 Prec@5 86.506             Loss 1.29632
Epoch [19] Training Class Recall: [0.673,0.693,0.569,0.572,0.628,0.649,0.701,0.717,0.731,0.738]
Epoch [19] Testing Results: Prec@1 52.160 Prec@5 87.810             Loss 1.57949
Epoch [19] Testing Class Recall: [0.431,0.985,0.740,0.313,0.446,0.440,0.897,0.307,0.412,0.245]
Epoch [20] Training Results: Prec@1 66.940 Prec@5 86.532             Loss 1.29464
Epoch [20] Training Class Recall: [0.678,0.693,0.574,0.574,0.634,0.651,0.705,0.711,0.734,0.737]
Epoch [20] Testing Results: Prec@1 57.260 Prec@5 90.520             Loss 1.42834
Epoch [20] Testing Class Recall: [0.691,0.876,0.423,0.463,0.401,0.868,0.474,0.615,0.766,0.149]
Epoch [21] Training Results: Prec@1 67.400 Prec@5 86.744             Loss 1.28782
Epoch [21] Training Class Recall: [0.674,0.696,0.588,0.581,0.638,0.659,0.702,0.719,0.739,0.743]
Epoch [21] Testing Results: Prec@1 62.180 Prec@5 92.120             Loss 1.26320
Epoch [21] Testing Class Recall: [0.843,0.964,0.690,0.510,0.606,0.312,0.760,0.552,0.658,0.323]
Epoch [22] Training Results: Prec@1 67.262 Prec@5 86.776             Loss 1.28345
Epoch [22] Training Class Recall: [0.678,0.694,0.576,0.581,0.643,0.659,0.701,0.719,0.733,0.739]
Epoch [22] Testing Results: Prec@1 61.900 Prec@5 92.540             Loss 1.25585
Epoch [22] Testing Class Recall: [0.881,0.915,0.557,0.427,0.383,0.794,0.591,0.731,0.465,0.446]
Epoch [23] Training Results: Prec@1 67.410 Prec@5 86.622             Loss 1.28045
Epoch [23] Training Class Recall: [0.680,0.703,0.578,0.585,0.638,0.658,0.700,0.722,0.734,0.742]
Epoch [23] Testing Results: Prec@1 56.860 Prec@5 91.600             Loss 1.38864
Epoch [23] Testing Class Recall: [0.941,0.784,0.657,0.314,0.575,0.810,0.677,0.417,0.195,0.316]
Epoch [24] Training Results: Prec@1 67.442 Prec@5 86.766             Loss 1.27783
Epoch [24] Training Class Recall: [0.680,0.698,0.578,0.585,0.640,0.659,0.710,0.718,0.733,0.741]
Epoch [24] Testing Results: Prec@1 56.780 Prec@5 91.170             Loss 1.38849
Epoch [24] Testing Class Recall: [0.781,0.985,0.823,0.593,0.371,0.371,0.576,0.449,0.461,0.268]
Epoch [25] Training Results: Prec@1 67.536 Prec@5 86.792             Loss 1.27533
Epoch [25] Training Class Recall: [0.677,0.699,0.583,0.585,0.642,0.655,0.715,0.720,0.735,0.740]
Epoch [25] Testing Results: Prec@1 61.940 Prec@5 94.120             Loss 1.25337
Epoch [25] Testing Class Recall: [0.917,0.967,0.434,0.607,0.780,0.509,0.492,0.684,0.559,0.245]
Epoch [26] Training Results: Prec@1 67.856 Prec@5 86.850             Loss 1.26803
Epoch [26] Training Class Recall: [0.679,0.702,0.588,0.591,0.644,0.670,0.711,0.718,0.738,0.742]
Epoch [26] Testing Results: Prec@1 53.760 Prec@5 90.610             Loss 1.47129
Epoch [26] Testing Class Recall: [0.919,0.849,0.808,0.364,0.479,0.216,0.611,0.403,0.514,0.213]
Epoch [27] Training Results: Prec@1 67.854 Prec@5 86.930             Loss 1.27349
Epoch [27] Training Class Recall: [0.678,0.695,0.594,0.603,0.639,0.666,0.708,0.723,0.738,0.741]
Epoch [27] Testing Results: Prec@1 60.970 Prec@5 91.720             Loss 1.29122
Epoch [27] Testing Class Recall: [0.942,0.892,0.648,0.405,0.522,0.532,0.767,0.698,0.377,0.314]
Epoch [28] Training Results: Prec@1 68.034 Prec@5 86.874             Loss 1.26543
Epoch [28] Training Class Recall: [0.682,0.700,0.585,0.604,0.656,0.664,0.708,0.724,0.736,0.744]
Epoch [28] Testing Results: Prec@1 56.290 Prec@5 91.010             Loss 1.42579
Epoch [28] Testing Class Recall: [0.990,0.763,0.491,0.655,0.479,0.464,0.663,0.505,0.205,0.414]
Epoch [29] Training Results: Prec@1 68.150 Prec@5 86.820             Loss 1.26523
Epoch [29] Training Class Recall: [0.691,0.701,0.593,0.600,0.651,0.667,0.710,0.725,0.736,0.741]
Epoch [29] Testing Results: Prec@1 63.900 Prec@5 91.780             Loss 1.20386
Epoch [29] Testing Class Recall: [0.844,0.953,0.527,0.427,0.665,0.692,0.816,0.593,0.558,0.315]
Epoch [30] Training Results: Prec@1 68.360 Prec@5 86.992             Loss 1.25963
Epoch [30] Training Class Recall: [0.686,0.704,0.597,0.609,0.655,0.672,0.710,0.722,0.739,0.741]
Epoch [30] Testing Results: Prec@1 53.240 Prec@5 88.820             Loss 1.52186
Epoch [30] Testing Class Recall: [0.954,0.950,0.342,0.392,0.383,0.544,0.395,0.762,0.315,0.287]
Epoch [31] Training Results: Prec@1 67.884 Prec@5 87.052             Loss 1.26672
Epoch [31] Training Class Recall: [0.682,0.698,0.588,0.594,0.650,0.662,0.709,0.721,0.738,0.744]
Epoch [31] Testing Results: Prec@1 56.920 Prec@5 89.910             Loss 1.40157
Epoch [31] Testing Class Recall: [0.890,0.734,0.494,0.572,0.351,0.568,0.911,0.485,0.309,0.378]
Epoch [32] Training Results: Prec@1 68.588 Prec@5 86.962             Loss 1.25721
Epoch [32] Training Class Recall: [0.688,0.705,0.611,0.602,0.650,0.671,0.719,0.728,0.739,0.745]
Epoch [32] Testing Results: Prec@1 50.830 Prec@5 87.150             Loss 1.64964
Epoch [32] Testing Class Recall: [0.957,0.973,0.688,0.377,0.209,0.537,0.512,0.435,0.157,0.238]
Epoch [33] Training Results: Prec@1 68.260 Prec@5 87.200             Loss 1.25540
Epoch [33] Training Class Recall: [0.689,0.700,0.601,0.605,0.650,0.666,0.714,0.723,0.733,0.744]
Epoch [33] Testing Results: Prec@1 62.260 Prec@5 92.860             Loss 1.25276
Epoch [33] Testing Class Recall: [0.741,0.982,0.493,0.687,0.677,0.383,0.564,0.655,0.569,0.475]
Epoch [34] Training Results: Prec@1 68.314 Prec@5 87.210             Loss 1.25684
Epoch [34] Training Class Recall: [0.680,0.705,0.603,0.605,0.652,0.672,0.714,0.721,0.739,0.740]
Epoch [34] Testing Results: Prec@1 62.700 Prec@5 92.570             Loss 1.24406
Epoch [34] Testing Class Recall: [0.657,0.913,0.678,0.328,0.480,0.756,0.856,0.510,0.454,0.638]
Epoch [35] Training Results: Prec@1 68.424 Prec@5 86.906             Loss 1.25718
Epoch [35] Training Class Recall: [0.686,0.700,0.599,0.615,0.656,0.670,0.710,0.723,0.739,0.742]
Epoch [35] Testing Results: Prec@1 63.800 Prec@5 93.650             Loss 1.19102
Epoch [35] Testing Class Recall: [0.741,0.943,0.755,0.601,0.560,0.664,0.618,0.506,0.540,0.452]
Epoch [36] Training Results: Prec@1 68.906 Prec@5 87.034             Loss 1.24618
Epoch [36] Training Class Recall: [0.694,0.705,0.599,0.624,0.661,0.683,0.713,0.725,0.741,0.744]
Epoch [36] Testing Results: Prec@1 58.610 Prec@5 89.700             Loss 1.37594
Epoch [36] Testing Class Recall: [0.932,0.970,0.688,0.523,0.637,0.337,0.641,0.509,0.275,0.349]
Epoch [37] Training Results: Prec@1 68.516 Prec@5 87.374             Loss 1.24734
Epoch [37] Training Class Recall: [0.686,0.700,0.598,0.607,0.662,0.677,0.719,0.725,0.735,0.742]
Epoch [37] Testing Results: Prec@1 54.880 Prec@5 91.470             Loss 1.43588
Epoch [37] Testing Class Recall: [0.918,0.938,0.555,0.515,0.633,0.581,0.242,0.722,0.066,0.318]
Epoch [38] Training Results: Prec@1 68.750 Prec@5 87.292             Loss 1.24727
Epoch [38] Training Class Recall: [0.688,0.704,0.605,0.623,0.662,0.670,0.714,0.727,0.737,0.743]
Epoch [38] Testing Results: Prec@1 57.100 Prec@5 89.980             Loss 1.42141
Epoch [38] Testing Class Recall: [0.887,0.944,0.729,0.530,0.729,0.626,0.207,0.319,0.307,0.432]
Epoch [39] Training Results: Prec@1 68.626 Prec@5 87.078             Loss 1.24810
Epoch [39] Training Class Recall: [0.690,0.703,0.604,0.609,0.658,0.679,0.713,0.724,0.739,0.743]
Epoch [39] Testing Results: Prec@1 62.310 Prec@5 92.010             Loss 1.26085
Epoch [39] Testing Class Recall: [0.897,0.917,0.686,0.653,0.440,0.552,0.679,0.519,0.407,0.481]
Epoch [40] Training Results: Prec@1 68.974 Prec@5 87.208             Loss 1.24271
Epoch [40] Training Class Recall: [0.691,0.705,0.613,0.624,0.664,0.679,0.713,0.727,0.738,0.743]
Epoch [40] Testing Results: Prec@1 60.250 Prec@5 90.740             Loss 1.32402
Epoch [40] Testing Class Recall: [0.890,0.914,0.387,0.582,0.676,0.301,0.783,0.686,0.431,0.375]
Epoch [41] Training Results: Prec@1 68.816 Prec@5 87.316             Loss 1.24351
Epoch [41] Training Class Recall: [0.690,0.703,0.609,0.617,0.663,0.673,0.718,0.723,0.739,0.743]
Epoch [41] Testing Results: Prec@1 63.940 Prec@5 92.480             Loss 1.20004
Epoch [41] Testing Class Recall: [0.763,0.983,0.516,0.583,0.709,0.684,0.645,0.565,0.586,0.360]
Epoch [42] Training Results: Prec@1 69.076 Prec@5 87.148             Loss 1.24034
Epoch [42] Training Class Recall: [0.691,0.708,0.612,0.624,0.666,0.677,0.715,0.730,0.739,0.745]
Epoch [42] Testing Results: Prec@1 58.660 Prec@5 89.370             Loss 1.41753
Epoch [42] Testing Class Recall: [0.876,0.962,0.636,0.777,0.398,0.551,0.491,0.505,0.422,0.248]
Epoch [43] Training Results: Prec@1 68.922 Prec@5 87.228             Loss 1.24276
Epoch [43] Training Class Recall: [0.685,0.708,0.608,0.616,0.663,0.674,0.725,0.728,0.740,0.744]
Epoch [43] Testing Results: Prec@1 59.840 Prec@5 89.890             Loss 1.33189
Epoch [43] Testing Class Recall: [0.914,0.954,0.543,0.562,0.639,0.259,0.663,0.703,0.282,0.465]
Epoch [44] Training Results: Prec@1 69.228 Prec@5 87.216             Loss 1.23624
Epoch [44] Training Class Recall: [0.698,0.708,0.616,0.629,0.658,0.677,0.719,0.729,0.741,0.745]
Epoch [44] Testing Results: Prec@1 58.020 Prec@5 89.770             Loss 1.40335
Epoch [44] Testing Class Recall: [0.869,0.947,0.751,0.486,0.599,0.517,0.415,0.766,0.289,0.163]
Epoch [45] Training Results: Prec@1 69.094 Prec@5 87.150             Loss 1.23431
Epoch [45] Training Class Recall: [0.688,0.707,0.617,0.623,0.664,0.685,0.715,0.728,0.739,0.742]
Epoch [45] Testing Results: Prec@1 60.280 Prec@5 90.990             Loss 1.29788
Epoch [45] Testing Class Recall: [0.921,0.968,0.465,0.515,0.440,0.662,0.417,0.627,0.561,0.452]
Epoch [46] Training Results: Prec@1 69.332 Prec@5 87.118             Loss 1.23543
Epoch [46] Training Class Recall: [0.697,0.711,0.617,0.628,0.667,0.684,0.721,0.727,0.737,0.744]
Epoch [46] Testing Results: Prec@1 57.580 Prec@5 88.800             Loss 1.42574
Epoch [46] Testing Class Recall: [0.911,0.981,0.722,0.472,0.345,0.485,0.794,0.705,0.220,0.123]
Epoch [47] Training Results: Prec@1 69.240 Prec@5 87.380             Loss 1.23381
Epoch [47] Training Class Recall: [0.693,0.711,0.616,0.631,0.662,0.681,0.718,0.729,0.739,0.743]
Epoch [47] Testing Results: Prec@1 60.120 Prec@5 91.370             Loss 1.33922
Epoch [47] Testing Class Recall: [0.951,0.874,0.680,0.544,0.706,0.539,0.555,0.556,0.137,0.470]
Epoch [48] Training Results: Prec@1 69.256 Prec@5 87.282             Loss 1.23318
Epoch [48] Training Class Recall: [0.692,0.704,0.622,0.625,0.661,0.682,0.725,0.726,0.743,0.745]
Epoch [48] Testing Results: Prec@1 65.690 Prec@5 92.650             Loss 1.18777
Epoch [48] Testing Class Recall: [0.924,0.883,0.620,0.540,0.547,0.690,0.586,0.655,0.492,0.632]
Epoch [49] Training Results: Prec@1 69.206 Prec@5 87.366             Loss 1.23355
Epoch [49] Training Class Recall: [0.696,0.705,0.611,0.626,0.667,0.683,0.718,0.729,0.740,0.744]
Epoch [49] Testing Results: Prec@1 57.740 Prec@5 89.970             Loss 1.40121
Epoch [49] Testing Class Recall: [0.961,0.793,0.722,0.512,0.569,0.344,0.673,0.599,0.444,0.157]
Epoch [50] Training Results: Prec@1 69.246 Prec@5 87.282             Loss 1.23427
Epoch [50] Training Class Recall: [0.694,0.709,0.628,0.625,0.662,0.678,0.718,0.725,0.738,0.745]
Epoch [50] Testing Results: Prec@1 62.450 Prec@5 91.770             Loss 1.25092
Epoch [50] Testing Class Recall: [0.942,0.921,0.590,0.518,0.777,0.464,0.630,0.487,0.341,0.575]
Epoch [51] Training Results: Prec@1 69.326 Prec@5 87.426             Loss 1.23009
Epoch [51] Training Class Recall: [0.698,0.705,0.620,0.630,0.666,0.681,0.720,0.725,0.741,0.745]
Epoch [51] Testing Results: Prec@1 55.550 Prec@5 87.170             Loss 1.53884
Epoch [51] Testing Class Recall: [0.946,0.941,0.566,0.751,0.454,0.249,0.407,0.599,0.473,0.169]
Epoch [52] Training Results: Prec@1 69.392 Prec@5 87.322             Loss 1.22788
Epoch [52] Training Class Recall: [0.695,0.707,0.625,0.629,0.673,0.681,0.717,0.730,0.739,0.744]
Epoch [52] Testing Results: Prec@1 64.950 Prec@5 92.610             Loss 1.17311
Epoch [52] Testing Class Recall: [0.898,0.906,0.405,0.634,0.609,0.593,0.684,0.803,0.468,0.495]
Epoch [53] Training Results: Prec@1 69.342 Prec@5 87.434             Loss 1.22953
Epoch [53] Training Class Recall: [0.694,0.705,0.624,0.623,0.672,0.680,0.724,0.730,0.736,0.745]
Epoch [53] Testing Results: Prec@1 59.290 Prec@5 89.210             Loss 1.34635
Epoch [53] Testing Class Recall: [0.914,0.943,0.669,0.616,0.598,0.512,0.631,0.506,0.173,0.367]
Epoch [54] Training Results: Prec@1 69.482 Prec@5 87.290             Loss 1.22838
Epoch [54] Training Class Recall: [0.697,0.707,0.624,0.633,0.669,0.685,0.725,0.722,0.741,0.744]
Epoch [54] Testing Results: Prec@1 63.870 Prec@5 92.360             Loss 1.20576
Epoch [54] Testing Class Recall: [0.836,0.897,0.758,0.642,0.621,0.486,0.706,0.579,0.544,0.318]
Epoch [55] Training Results: Prec@1 69.504 Prec@5 87.144             Loss 1.22624
Epoch [55] Training Class Recall: [0.697,0.709,0.623,0.633,0.669,0.687,0.723,0.728,0.740,0.741]
Epoch [55] Testing Results: Prec@1 56.760 Prec@5 89.140             Loss 1.44307
Epoch [55] Testing Class Recall: [0.955,0.967,0.550,0.526,0.646,0.527,0.501,0.638,0.124,0.242]
Epoch [56] Training Results: Prec@1 69.526 Prec@5 87.402             Loss 1.22621
Epoch [56] Training Class Recall: [0.696,0.705,0.631,0.630,0.666,0.688,0.722,0.729,0.739,0.746]
Epoch [56] Testing Results: Prec@1 41.970 Prec@5 83.590             Loss 1.88500
Epoch [56] Testing Class Recall: [0.967,0.945,0.754,0.477,0.326,0.174,0.129,0.287,0.111,0.027]
Epoch [57] Training Results: Prec@1 69.496 Prec@5 87.498             Loss 1.22419
Epoch [57] Training Class Recall: [0.698,0.708,0.627,0.631,0.667,0.684,0.722,0.729,0.737,0.745]
Epoch [57] Testing Results: Prec@1 61.310 Prec@5 90.670             Loss 1.28617
Epoch [57] Testing Class Recall: [0.874,0.908,0.558,0.686,0.777,0.364,0.585,0.574,0.589,0.216]
Epoch [58] Training Results: Prec@1 69.596 Prec@5 87.490             Loss 1.22511
Epoch [58] Training Class Recall: [0.700,0.709,0.625,0.636,0.671,0.682,0.724,0.726,0.739,0.745]
Epoch [58] Testing Results: Prec@1 60.710 Prec@5 91.160             Loss 1.29409
Epoch [58] Testing Class Recall: [0.839,0.977,0.591,0.510,0.568,0.698,0.618,0.500,0.323,0.447]
Epoch [59] Training Results: Prec@1 69.774 Prec@5 87.428             Loss 1.22161
Epoch [59] Training Class Recall: [0.699,0.710,0.635,0.634,0.672,0.689,0.723,0.730,0.741,0.745]
Epoch [59] Testing Results: Prec@1 60.860 Prec@5 89.800             Loss 1.31025
Epoch [59] Testing Class Recall: [0.894,0.952,0.530,0.217,0.498,0.775,0.612,0.555,0.367,0.686]
Epoch [60] Training Results: Prec@1 69.578 Prec@5 87.474             Loss 1.22398
Epoch [60] Training Class Recall: [0.697,0.711,0.626,0.636,0.668,0.683,0.722,0.726,0.742,0.745]
Epoch [60] Testing Results: Prec@1 58.850 Prec@5 89.510             Loss 1.37346
Epoch [60] Testing Class Recall: [0.953,0.944,0.566,0.640,0.473,0.198,0.757,0.624,0.361,0.369]
Epoch [61] Training Results: Prec@1 69.678 Prec@5 87.662             Loss 1.21920
Epoch [61] Training Class Recall: [0.699,0.706,0.632,0.635,0.670,0.683,0.725,0.731,0.741,0.744]
Epoch [61] Testing Results: Prec@1 56.600 Prec@5 90.960             Loss 1.42655
Epoch [61] Testing Class Recall: [0.906,0.980,0.664,0.431,0.372,0.602,0.725,0.646,0.133,0.201]
Epoch [62] Training Results: Prec@1 69.774 Prec@5 87.516             Loss 1.21987
Epoch [62] Training Class Recall: [0.700,0.708,0.632,0.630,0.675,0.688,0.727,0.729,0.741,0.746]
Epoch [62] Testing Results: Prec@1 61.360 Prec@5 92.410             Loss 1.28848
Epoch [62] Testing Class Recall: [0.890,0.964,0.595,0.773,0.581,0.284,0.525,0.583,0.513,0.428]
Epoch [63] Training Results: Prec@1 69.608 Prec@5 87.510             Loss 1.22323
Epoch [63] Training Class Recall: [0.697,0.707,0.630,0.634,0.672,0.683,0.722,0.731,0.737,0.746]
Epoch [63] Testing Results: Prec@1 65.750 Prec@5 93.610             Loss 1.14568
Epoch [63] Testing Class Recall: [0.898,0.925,0.511,0.497,0.519,0.762,0.799,0.697,0.480,0.487]
Epoch [64] Training Results: Prec@1 69.566 Prec@5 87.546             Loss 1.22430
Epoch [64] Training Class Recall: [0.705,0.707,0.620,0.638,0.672,0.684,0.718,0.728,0.740,0.743]
Epoch [64] Testing Results: Prec@1 63.590 Prec@5 90.460             Loss 1.25690
Epoch [64] Testing Class Recall: [0.934,0.941,0.492,0.635,0.692,0.467,0.744,0.683,0.475,0.296]
Epoch [65] Training Results: Prec@1 69.760 Prec@5 87.770             Loss 1.21662
Epoch [65] Training Class Recall: [0.693,0.710,0.630,0.643,0.670,0.691,0.725,0.732,0.737,0.745]
Epoch [65] Testing Results: Prec@1 55.120 Prec@5 88.960             Loss 1.53945
Epoch [65] Testing Class Recall: [0.961,0.895,0.664,0.700,0.412,0.082,0.450,0.721,0.195,0.432]
Epoch [66] Training Results: Prec@1 69.740 Prec@5 87.538             Loss 1.21920
Epoch [66] Training Class Recall: [0.701,0.710,0.628,0.635,0.675,0.686,0.725,0.731,0.739,0.743]
Epoch [66] Testing Results: Prec@1 58.070 Prec@5 89.630             Loss 1.38836
Epoch [66] Testing Class Recall: [0.901,0.918,0.665,0.680,0.692,0.524,0.677,0.376,0.180,0.194]
Epoch [67] Training Results: Prec@1 69.830 Prec@5 87.578             Loss 1.21805
Epoch [67] Training Class Recall: [0.698,0.711,0.631,0.639,0.671,0.689,0.724,0.730,0.742,0.745]
Epoch [67] Testing Results: Prec@1 64.420 Prec@5 91.990             Loss 1.19575
Epoch [67] Testing Class Recall: [0.823,0.979,0.586,0.566,0.739,0.576,0.627,0.716,0.499,0.331]
Epoch [68] Training Results: Prec@1 69.810 Prec@5 87.510             Loss 1.21918
Epoch [68] Training Class Recall: [0.699,0.715,0.630,0.636,0.675,0.685,0.727,0.727,0.739,0.747]
Epoch [68] Testing Results: Prec@1 58.230 Prec@5 90.420             Loss 1.37857
Epoch [68] Testing Class Recall: [0.908,0.916,0.621,0.636,0.624,0.662,0.679,0.371,0.230,0.176]
Epoch [69] Training Results: Prec@1 69.860 Prec@5 87.626             Loss 1.21662
Epoch [69] Training Class Recall: [0.698,0.716,0.632,0.647,0.669,0.689,0.723,0.727,0.738,0.745]
Epoch [69] Testing Results: Prec@1 63.680 Prec@5 92.630             Loss 1.22608
Epoch [69] Testing Class Recall: [0.898,0.973,0.656,0.622,0.618,0.438,0.520,0.712,0.457,0.474]
Epoch [70] Training Results: Prec@1 69.780 Prec@5 87.770             Loss 1.21659
Epoch [70] Training Class Recall: [0.697,0.712,0.631,0.642,0.673,0.684,0.722,0.729,0.741,0.745]
Epoch [70] Testing Results: Prec@1 59.210 Prec@5 92.780             Loss 1.34608
Epoch [70] Testing Class Recall: [0.969,0.919,0.557,0.484,0.426,0.659,0.707,0.537,0.241,0.422]
Epoch [71] Training Results: Prec@1 69.792 Prec@5 87.520             Loss 1.21664
Epoch [71] Training Class Recall: [0.701,0.712,0.635,0.635,0.672,0.685,0.724,0.728,0.742,0.744]
Epoch [71] Testing Results: Prec@1 54.170 Prec@5 91.070             Loss 1.51845
Epoch [71] Testing Class Recall: [0.968,0.939,0.551,0.441,0.579,0.568,0.597,0.316,0.143,0.315]
Epoch [72] Training Results: Prec@1 70.098 Prec@5 87.622             Loss 1.21291
Epoch [72] Training Class Recall: [0.698,0.712,0.639,0.648,0.677,0.695,0.721,0.733,0.739,0.747]
Epoch [72] Testing Results: Prec@1 56.160 Prec@5 91.080             Loss 1.46080
Epoch [72] Testing Class Recall: [0.964,0.951,0.575,0.567,0.299,0.455,0.789,0.386,0.286,0.344]
Epoch [73] Training Results: Prec@1 69.856 Prec@5 87.754             Loss 1.21657
Epoch [73] Training Class Recall: [0.701,0.713,0.633,0.646,0.674,0.682,0.721,0.728,0.742,0.745]
Epoch [73] Testing Results: Prec@1 62.130 Prec@5 92.720             Loss 1.25888
Epoch [73] Testing Class Recall: [0.871,0.929,0.442,0.781,0.400,0.545,0.667,0.692,0.401,0.485]
Epoch [74] Training Results: Prec@1 70.008 Prec@5 87.652             Loss 1.21167
Epoch [74] Training Class Recall: [0.699,0.714,0.637,0.642,0.680,0.686,0.727,0.732,0.739,0.745]
Epoch [74] Testing Results: Prec@1 57.340 Prec@5 88.580             Loss 1.47228
Epoch [74] Testing Class Recall: [0.975,0.912,0.583,0.345,0.546,0.550,0.776,0.673,0.149,0.225]
Epoch [75] Training Results: Prec@1 69.880 Prec@5 87.670             Loss 1.21569
Epoch [75] Training Class Recall: [0.696,0.709,0.634,0.637,0.677,0.691,0.729,0.729,0.740,0.744]
Epoch [75] Testing Results: Prec@1 53.450 Prec@5 87.560             Loss 1.65834
Epoch [75] Testing Class Recall: [0.956,0.914,0.667,0.708,0.575,0.333,0.351,0.496,0.160,0.185]
Epoch [76] Training Results: Prec@1 70.058 Prec@5 87.830             Loss 1.21257
Epoch [76] Training Class Recall: [0.702,0.711,0.641,0.642,0.676,0.688,0.728,0.732,0.739,0.746]
Epoch [76] Testing Results: Prec@1 56.830 Prec@5 90.390             Loss 1.42200
Epoch [76] Testing Class Recall: [0.946,0.975,0.574,0.446,0.408,0.580,0.574,0.727,0.227,0.226]
Epoch [77] Training Results: Prec@1 69.972 Prec@5 87.606             Loss 1.21480
Epoch [77] Training Class Recall: [0.696,0.716,0.637,0.636,0.682,0.692,0.723,0.730,0.740,0.745]
Epoch [77] Testing Results: Prec@1 54.570 Prec@5 87.020             Loss 1.55090
Epoch [77] Testing Class Recall: [0.954,0.858,0.650,0.490,0.786,0.344,0.658,0.267,0.186,0.264]
Epoch [78] Training Results: Prec@1 69.996 Prec@5 87.718             Loss 1.21040
Epoch [78] Training Class Recall: [0.702,0.713,0.629,0.647,0.679,0.689,0.726,0.731,0.738,0.744]
Epoch [78] Testing Results: Prec@1 61.540 Prec@5 91.910             Loss 1.28814
Epoch [78] Testing Class Recall: [0.885,0.885,0.554,0.680,0.524,0.724,0.655,0.441,0.325,0.481]
Epoch [79] Training Results: Prec@1 70.004 Prec@5 87.714             Loss 1.21166
Epoch [79] Training Class Recall: [0.700,0.709,0.638,0.640,0.679,0.691,0.724,0.731,0.739,0.746]
Epoch [79] Testing Results: Prec@1 58.610 Prec@5 89.560             Loss 1.39251
Epoch [79] Testing Class Recall: [0.915,0.978,0.728,0.507,0.575,0.582,0.616,0.530,0.111,0.319]
Epoch [80] Training Results: Prec@1 70.040 Prec@5 87.730             Loss 1.21118
Epoch [80] Training Class Recall: [0.698,0.714,0.642,0.642,0.679,0.692,0.722,0.728,0.740,0.745]
Epoch [80] Testing Results: Prec@1 61.150 Prec@5 91.250             Loss 1.28171
Epoch [80] Testing Class Recall: [0.866,0.941,0.679,0.466,0.672,0.463,0.671,0.639,0.450,0.268]
Epoch [81] Training Results: Prec@1 70.242 Prec@5 87.656             Loss 1.20953
Epoch [81] Training Class Recall: [0.706,0.715,0.638,0.649,0.682,0.689,0.724,0.730,0.742,0.747]
Epoch [81] Testing Results: Prec@1 56.330 Prec@5 87.860             Loss 1.46647
Epoch [81] Testing Class Recall: [0.950,0.977,0.612,0.580,0.449,0.561,0.569,0.561,0.097,0.277]
Epoch [82] Training Results: Prec@1 70.128 Prec@5 87.654             Loss 1.20981
Epoch [82] Training Class Recall: [0.700,0.710,0.636,0.647,0.681,0.693,0.728,0.731,0.740,0.747]
Epoch [82] Testing Results: Prec@1 55.750 Prec@5 87.760             Loss 1.49467
Epoch [82] Testing Class Recall: [0.954,0.922,0.600,0.544,0.493,0.246,0.475,0.453,0.263,0.625]
Epoch [83] Training Results: Prec@1 70.044 Prec@5 87.768             Loss 1.21276
Epoch [83] Training Class Recall: [0.703,0.712,0.632,0.648,0.679,0.689,0.723,0.731,0.741,0.744]
Epoch [83] Testing Results: Prec@1 58.510 Prec@5 87.780             Loss 1.38195
Epoch [83] Testing Class Recall: [0.924,0.940,0.682,0.377,0.518,0.433,0.837,0.422,0.357,0.361]
Epoch [84] Training Results: Prec@1 70.142 Prec@5 87.878             Loss 1.20812
Epoch [84] Training Class Recall: [0.700,0.712,0.644,0.644,0.679,0.692,0.726,0.731,0.739,0.746]
Epoch [84] Testing Results: Prec@1 62.420 Prec@5 93.420             Loss 1.23192
Epoch [84] Testing Class Recall: [0.923,0.971,0.389,0.661,0.526,0.546,0.764,0.719,0.476,0.267]
Epoch [85] Training Results: Prec@1 70.200 Prec@5 87.538             Loss 1.20723
Epoch [85] Training Class Recall: [0.705,0.715,0.633,0.648,0.679,0.695,0.727,0.732,0.741,0.745]
Epoch [85] Testing Results: Prec@1 58.710 Prec@5 90.560             Loss 1.38865
Epoch [85] Testing Class Recall: [0.957,0.928,0.593,0.508,0.773,0.295,0.780,0.508,0.152,0.377]
Epoch [86] Training Results: Prec@1 70.220 Prec@5 87.648             Loss 1.20681
Epoch [86] Training Class Recall: [0.703,0.715,0.632,0.653,0.681,0.691,0.723,0.733,0.743,0.745]
Epoch [86] Testing Results: Prec@1 53.340 Prec@5 88.950             Loss 1.49538
Epoch [86] Testing Class Recall: [0.946,0.973,0.329,0.531,0.696,0.594,0.348,0.486,0.199,0.232]
Epoch [87] Training Results: Prec@1 70.102 Prec@5 87.640             Loss 1.21048
Epoch [87] Training Class Recall: [0.701,0.717,0.636,0.641,0.686,0.694,0.721,0.729,0.737,0.745]
Epoch [87] Testing Results: Prec@1 64.880 Prec@5 92.830             Loss 1.19211
Epoch [87] Testing Class Recall: [0.834,0.827,0.741,0.687,0.624,0.551,0.454,0.686,0.785,0.299]
Epoch [88] Training Results: Prec@1 70.000 Prec@5 87.762             Loss 1.20909
Epoch [88] Training Class Recall: [0.695,0.713,0.632,0.654,0.675,0.690,0.726,0.728,0.741,0.746]
Epoch [88] Testing Results: Prec@1 53.200 Prec@5 87.360             Loss 1.56880
Epoch [88] Testing Class Recall: [0.894,0.978,0.813,0.411,0.480,0.536,0.502,0.369,0.102,0.235]
Epoch [89] Training Results: Prec@1 70.228 Prec@5 87.758             Loss 1.20431
Epoch [89] Training Class Recall: [0.708,0.713,0.637,0.648,0.682,0.693,0.721,0.733,0.740,0.746]
Epoch [89] Testing Results: Prec@1 58.120 Prec@5 89.730             Loss 1.40353
Epoch [89] Testing Class Recall: [0.874,0.979,0.623,0.620,0.500,0.353,0.837,0.388,0.331,0.307]
Epoch [90] Training Results: Prec@1 70.290 Prec@5 88.010             Loss 1.20470
Epoch [90] Training Class Recall: [0.704,0.712,0.645,0.649,0.682,0.694,0.729,0.729,0.739,0.745]
Epoch [90] Testing Results: Prec@1 57.320 Prec@5 88.590             Loss 1.44593
Epoch [90] Testing Class Recall: [0.883,0.985,0.756,0.540,0.342,0.483,0.619,0.510,0.357,0.257]
Epoch [91] Training Results: Prec@1 70.238 Prec@5 87.776             Loss 1.20576
Epoch [91] Training Class Recall: [0.704,0.712,0.638,0.651,0.674,0.697,0.731,0.726,0.741,0.748]
Epoch [91] Testing Results: Prec@1 64.470 Prec@5 92.900             Loss 1.20858
Epoch [91] Testing Class Recall: [0.910,0.883,0.554,0.588,0.686,0.526,0.864,0.451,0.419,0.566]
Epoch [92] Training Results: Prec@1 70.244 Prec@5 87.802             Loss 1.20640
Epoch [92] Training Class Recall: [0.701,0.716,0.641,0.649,0.681,0.695,0.722,0.733,0.740,0.746]
Epoch [92] Testing Results: Prec@1 65.140 Prec@5 91.900             Loss 1.19105
Epoch [92] Testing Class Recall: [0.816,0.952,0.670,0.601,0.509,0.631,0.735,0.566,0.681,0.353]
Epoch [93] Training Results: Prec@1 70.242 Prec@5 87.930             Loss 1.20482
Epoch [93] Training Class Recall: [0.705,0.711,0.649,0.641,0.678,0.694,0.724,0.736,0.742,0.743]
Epoch [93] Testing Results: Prec@1 62.080 Prec@5 91.420             Loss 1.27677
Epoch [93] Testing Class Recall: [0.950,0.910,0.719,0.578,0.507,0.396,0.646,0.736,0.443,0.323]
Epoch [94] Training Results: Prec@1 70.084 Prec@5 87.912             Loss 1.20582
Epoch [94] Training Class Recall: [0.700,0.710,0.644,0.650,0.675,0.688,0.722,0.731,0.741,0.747]
Epoch [94] Testing Results: Prec@1 63.960 Prec@5 92.090             Loss 1.20335
Epoch [94] Testing Class Recall: [0.767,0.936,0.538,0.636,0.844,0.409,0.595,0.551,0.674,0.446]
Epoch [95] Training Results: Prec@1 70.254 Prec@5 87.848             Loss 1.20498
Epoch [95] Training Class Recall: [0.703,0.712,0.640,0.652,0.682,0.692,0.727,0.731,0.740,0.746]
Epoch [95] Testing Results: Prec@1 58.120 Prec@5 88.760             Loss 1.43601
Epoch [95] Testing Class Recall: [0.785,0.969,0.806,0.683,0.498,0.332,0.755,0.452,0.387,0.145]
Epoch [96] Training Results: Prec@1 70.198 Prec@5 87.892             Loss 1.20749
Epoch [96] Training Class Recall: [0.703,0.712,0.646,0.650,0.684,0.686,0.723,0.730,0.741,0.745]
Epoch [96] Testing Results: Prec@1 50.800 Prec@5 89.770             Loss 1.62806
Epoch [96] Testing Class Recall: [0.981,0.916,0.532,0.562,0.309,0.435,0.350,0.641,0.187,0.167]
Epoch [97] Training Results: Prec@1 70.422 Prec@5 87.714             Loss 1.20380
Epoch [97] Training Class Recall: [0.706,0.715,0.648,0.654,0.680,0.697,0.728,0.728,0.741,0.746]
Epoch [97] Testing Results: Prec@1 56.950 Prec@5 88.360             Loss 1.44433
Epoch [97] Testing Class Recall: [0.950,0.950,0.654,0.625,0.475,0.527,0.398,0.670,0.189,0.257]
Epoch [98] Training Results: Prec@1 70.286 Prec@5 88.010             Loss 1.20169
Epoch [98] Training Class Recall: [0.702,0.710,0.638,0.659,0.683,0.696,0.726,0.732,0.738,0.745]
Epoch [98] Testing Results: Prec@1 56.760 Prec@5 91.140             Loss 1.49085
Epoch [98] Testing Class Recall: [0.952,0.853,0.651,0.734,0.708,0.271,0.672,0.458,0.173,0.204]
Epoch [99] Training Results: Prec@1 70.384 Prec@5 87.892             Loss 1.20215
Epoch [99] Training Class Recall: [0.700,0.714,0.646,0.652,0.680,0.694,0.729,0.734,0.742,0.747]
Epoch [99] Testing Results: Prec@1 56.730 Prec@5 89.300             Loss 1.44635
Epoch [99] Testing Class Recall: [0.941,0.972,0.538,0.439,0.508,0.513,0.794,0.641,0.094,0.233]
Epoch [100] Training Results: Prec@1 70.466 Prec@5 87.856             Loss 1.20393
Epoch [100] Training Class Recall: [0.704,0.714,0.643,0.659,0.684,0.696,0.726,0.733,0.740,0.748]
Epoch [100] Testing Results: Prec@1 63.290 Prec@5 90.750             Loss 1.27360
Epoch [100] Testing Class Recall: [0.888,0.943,0.682,0.517,0.716,0.438,0.819,0.455,0.559,0.312]
Epoch [101] Training Results: Prec@1 70.334 Prec@5 87.818             Loss 1.20472
Epoch [101] Training Class Recall: [0.706,0.710,0.646,0.646,0.684,0.694,0.727,0.732,0.740,0.747]
Epoch [101] Testing Results: Prec@1 53.070 Prec@5 85.520             Loss 1.54501
Epoch [101] Testing Class Recall: [0.950,0.874,0.712,0.380,0.294,0.537,0.884,0.394,0.121,0.161]
Epoch [102] Training Results: Prec@1 70.398 Prec@5 87.904             Loss 1.20073
Epoch [102] Training Class Recall: [0.706,0.711,0.651,0.655,0.677,0.688,0.726,0.736,0.743,0.746]
Epoch [102] Testing Results: Prec@1 65.020 Prec@5 91.950             Loss 1.18999
Epoch [102] Testing Class Recall: [0.915,0.930,0.650,0.451,0.661,0.641,0.706,0.635,0.401,0.512]
Epoch [103] Training Results: Prec@1 70.568 Prec@5 87.944             Loss 1.20014
Epoch [103] Training Class Recall: [0.702,0.715,0.651,0.656,0.684,0.697,0.728,0.735,0.739,0.748]
Epoch [103] Testing Results: Prec@1 61.230 Prec@5 90.320             Loss 1.32589
Epoch [103] Testing Class Recall: [0.948,0.941,0.524,0.402,0.697,0.819,0.352,0.529,0.478,0.433]
Epoch [104] Training Results: Prec@1 70.400 Prec@5 87.920             Loss 1.20371
Epoch [104] Training Class Recall: [0.708,0.711,0.645,0.651,0.677,0.699,0.727,0.732,0.742,0.746]
Epoch [104] Testing Results: Prec@1 56.830 Prec@5 86.770             Loss 1.47917
Epoch [104] Testing Class Recall: [0.922,0.977,0.758,0.467,0.538,0.528,0.708,0.470,0.066,0.249]
Epoch [105] Training Results: Prec@1 70.382 Prec@5 88.046             Loss 1.20018
Epoch [105] Training Class Recall: [0.706,0.713,0.645,0.651,0.679,0.695,0.729,0.730,0.741,0.746]
Epoch [105] Testing Results: Prec@1 60.750 Prec@5 90.190             Loss 1.33098
Epoch [105] Testing Class Recall: [0.879,0.981,0.673,0.495,0.522,0.688,0.759,0.607,0.277,0.194]
Epoch [106] Training Results: Prec@1 70.346 Prec@5 87.896             Loss 1.20083
Epoch [106] Training Class Recall: [0.701,0.712,0.648,0.653,0.680,0.694,0.728,0.728,0.743,0.746]
Epoch [106] Testing Results: Prec@1 64.600 Prec@5 92.790             Loss 1.20686
Epoch [106] Testing Class Recall: [0.620,0.874,0.652,0.669,0.521,0.343,0.561,0.842,0.646,0.732]
Epoch [107] Training Results: Prec@1 70.566 Prec@5 88.042             Loss 1.19874
Epoch [107] Training Class Recall: [0.700,0.714,0.647,0.658,0.689,0.695,0.728,0.731,0.743,0.749]
Epoch [107] Testing Results: Prec@1 63.560 Prec@5 91.760             Loss 1.27295
Epoch [107] Testing Class Recall: [0.920,0.897,0.644,0.538,0.709,0.678,0.641,0.468,0.421,0.440]
Epoch [108] Training Results: Prec@1 70.136 Prec@5 87.920             Loss 1.20629
Epoch [108] Training Class Recall: [0.701,0.712,0.644,0.649,0.679,0.693,0.723,0.730,0.739,0.743]
Epoch [108] Testing Results: Prec@1 60.340 Prec@5 89.430             Loss 1.33971
Epoch [108] Testing Class Recall: [0.900,0.960,0.677,0.697,0.408,0.385,0.824,0.511,0.384,0.288]
Epoch [109] Training Results: Prec@1 70.574 Prec@5 88.042             Loss 1.19917
Epoch [109] Training Class Recall: [0.705,0.718,0.647,0.654,0.685,0.695,0.730,0.734,0.741,0.747]
Epoch [109] Testing Results: Prec@1 64.430 Prec@5 90.850             Loss 1.22594
Epoch [109] Testing Class Recall: [0.877,0.967,0.694,0.521,0.591,0.617,0.762,0.553,0.662,0.199]
Epoch [110] Training Results: Prec@1 70.266 Prec@5 88.058             Loss 1.20095
Epoch [110] Training Class Recall: [0.695,0.710,0.650,0.651,0.686,0.694,0.724,0.730,0.741,0.744]
Epoch [110] Testing Results: Prec@1 58.500 Prec@5 89.140             Loss 1.39669
Epoch [110] Testing Class Recall: [0.870,0.974,0.713,0.597,0.684,0.540,0.494,0.509,0.191,0.278]
Epoch [111] Training Results: Prec@1 70.286 Prec@5 87.924             Loss 1.20153
Epoch [111] Training Class Recall: [0.702,0.715,0.644,0.647,0.682,0.693,0.726,0.732,0.743,0.744]
Epoch [111] Testing Results: Prec@1 66.360 Prec@5 93.580             Loss 1.11956
Epoch [111] Testing Class Recall: [0.744,0.983,0.678,0.572,0.603,0.505,0.762,0.585,0.640,0.564]
Epoch [112] Training Results: Prec@1 70.476 Prec@5 87.898             Loss 1.20001
Epoch [112] Training Class Recall: [0.707,0.714,0.644,0.655,0.684,0.698,0.728,0.734,0.738,0.745]
Epoch [112] Testing Results: Prec@1 53.720 Prec@5 83.910             Loss 1.61339
Epoch [112] Testing Class Recall: [0.923,0.918,0.807,0.469,0.493,0.295,0.782,0.349,0.058,0.278]
Epoch [113] Training Results: Prec@1 70.720 Prec@5 88.006             Loss 1.19412
Epoch [113] Training Class Recall: [0.705,0.719,0.650,0.661,0.683,0.700,0.730,0.735,0.742,0.747]
Epoch [113] Testing Results: Prec@1 60.950 Prec@5 89.220             Loss 1.34134
Epoch [113] Testing Class Recall: [0.797,0.967,0.758,0.526,0.792,0.517,0.424,0.435,0.460,0.419]
Epoch [114] Training Results: Prec@1 70.390 Prec@5 87.990             Loss 1.19783
Epoch [114] Training Class Recall: [0.707,0.714,0.646,0.653,0.679,0.695,0.727,0.732,0.741,0.745]
Epoch [114] Testing Results: Prec@1 58.340 Prec@5 90.580             Loss 1.40920
Epoch [114] Testing Class Recall: [0.955,0.846,0.671,0.621,0.545,0.667,0.472,0.500,0.137,0.420]
Epoch [115] Training Results: Prec@1 70.312 Prec@5 87.874             Loss 1.20270
Epoch [115] Training Class Recall: [0.708,0.712,0.644,0.652,0.678,0.694,0.723,0.736,0.739,0.745]
Epoch [115] Testing Results: Prec@1 63.040 Prec@5 91.590             Loss 1.24894
Epoch [115] Testing Class Recall: [0.920,0.948,0.657,0.434,0.677,0.533,0.677,0.709,0.311,0.438]
Epoch [116] Training Results: Prec@1 70.552 Prec@5 88.106             Loss 1.19645
Epoch [116] Training Class Recall: [0.705,0.716,0.645,0.663,0.684,0.699,0.725,0.732,0.740,0.746]
Epoch [116] Testing Results: Prec@1 59.300 Prec@5 93.000             Loss 1.35667
Epoch [116] Testing Class Recall: [0.921,0.804,0.762,0.588,0.629,0.369,0.696,0.439,0.245,0.477]
Epoch [117] Training Results: Prec@1 70.488 Prec@5 87.986             Loss 1.19969
Epoch [117] Training Class Recall: [0.708,0.712,0.645,0.654,0.682,0.694,0.732,0.731,0.743,0.746]
Epoch [117] Testing Results: Prec@1 55.990 Prec@5 88.970             Loss 1.53474
Epoch [117] Testing Class Recall: [0.983,0.909,0.548,0.557,0.475,0.340,0.775,0.409,0.173,0.430]
Epoch [118] Training Results: Prec@1 70.656 Prec@5 87.852             Loss 1.19810
Epoch [118] Training Class Recall: [0.706,0.713,0.657,0.658,0.687,0.698,0.727,0.733,0.741,0.746]
Epoch [118] Testing Results: Prec@1 62.580 Prec@5 90.680             Loss 1.25901
Epoch [118] Testing Class Recall: [0.820,0.922,0.778,0.389,0.706,0.578,0.723,0.629,0.334,0.379]
Epoch [119] Training Results: Prec@1 70.426 Prec@5 87.862             Loss 1.19983
Epoch [119] Training Class Recall: [0.706,0.713,0.645,0.655,0.683,0.696,0.726,0.732,0.741,0.747]
Epoch [119] Testing Results: Prec@1 57.920 Prec@5 87.270             Loss 1.44570
Epoch [119] Testing Class Recall: [0.947,0.945,0.711,0.416,0.592,0.601,0.443,0.754,0.239,0.144]
Epoch [120] Training Results: Prec@1 70.492 Prec@5 87.940             Loss 1.19820
Epoch [120] Training Class Recall: [0.709,0.717,0.647,0.648,0.683,0.696,0.730,0.734,0.739,0.746]
Epoch [120] Testing Results: Prec@1 63.620 Prec@5 90.420             Loss 1.23896
Epoch [120] Testing Class Recall: [0.916,0.931,0.599,0.534,0.661,0.246,0.762,0.551,0.442,0.720]
Epoch [121] Training Results: Prec@1 70.392 Prec@5 88.196             Loss 1.19723
Epoch [121] Training Class Recall: [0.700,0.717,0.649,0.651,0.684,0.695,0.727,0.731,0.739,0.745]
Epoch [121] Testing Results: Prec@1 62.380 Prec@5 91.440             Loss 1.26343
Epoch [121] Testing Class Recall: [0.804,0.893,0.724,0.556,0.807,0.452,0.557,0.638,0.352,0.455]
Epoch [122] Training Results: Prec@1 70.658 Prec@5 88.078             Loss 1.19425
Epoch [122] Training Class Recall: [0.705,0.716,0.655,0.661,0.681,0.697,0.726,0.732,0.742,0.749]
Epoch [122] Testing Results: Prec@1 59.380 Prec@5 89.540             Loss 1.38381
Epoch [122] Testing Class Recall: [0.895,0.977,0.631,0.369,0.756,0.573,0.629,0.571,0.255,0.282]
Epoch [123] Training Results: Prec@1 70.558 Prec@5 88.048             Loss 1.19571
Epoch [123] Training Class Recall: [0.710,0.713,0.650,0.654,0.688,0.699,0.722,0.733,0.741,0.745]
Epoch [123] Testing Results: Prec@1 63.920 Prec@5 91.370             Loss 1.26248
Epoch [123] Testing Class Recall: [0.822,0.967,0.725,0.715,0.721,0.273,0.626,0.580,0.404,0.559]
Epoch [124] Training Results: Prec@1 70.532 Prec@5 88.108             Loss 1.19592
Epoch [124] Training Class Recall: [0.705,0.715,0.653,0.652,0.681,0.700,0.729,0.729,0.740,0.746]
Epoch [124] Testing Results: Prec@1 58.970 Prec@5 91.000             Loss 1.40974
Epoch [124] Testing Class Recall: [0.844,0.966,0.537,0.814,0.359,0.367,0.695,0.533,0.535,0.247]
Epoch [125] Training Results: Prec@1 70.656 Prec@5 88.190             Loss 1.19328
Epoch [125] Training Class Recall: [0.710,0.714,0.656,0.651,0.687,0.697,0.731,0.731,0.742,0.747]
Epoch [125] Testing Results: Prec@1 62.050 Prec@5 90.930             Loss 1.29215
Epoch [125] Testing Class Recall: [0.895,0.951,0.794,0.354,0.657,0.616,0.482,0.578,0.386,0.492]
Epoch [126] Training Results: Prec@1 70.588 Prec@5 88.204             Loss 1.19495
Epoch [126] Training Class Recall: [0.705,0.714,0.650,0.650,0.686,0.700,0.729,0.736,0.742,0.746]
Epoch [126] Testing Results: Prec@1 54.380 Prec@5 88.590             Loss 1.55577
Epoch [126] Testing Class Recall: [0.762,0.956,0.581,0.865,0.479,0.269,0.720,0.318,0.257,0.231]
Epoch [127] Training Results: Prec@1 70.332 Prec@5 88.176             Loss 1.19813
Epoch [127] Training Class Recall: [0.705,0.718,0.645,0.650,0.675,0.697,0.728,0.731,0.739,0.745]
Epoch [127] Testing Results: Prec@1 62.840 Prec@5 89.630             Loss 1.27550
Epoch [127] Testing Class Recall: [0.883,0.952,0.736,0.531,0.611,0.337,0.665,0.423,0.645,0.501]
Epoch [128] Training Results: Prec@1 70.482 Prec@5 88.194             Loss 1.19666
Epoch [128] Training Class Recall: [0.701,0.714,0.642,0.657,0.686,0.700,0.725,0.734,0.739,0.748]
Epoch [128] Testing Results: Prec@1 63.690 Prec@5 90.790             Loss 1.25667
Epoch [128] Testing Class Recall: [0.917,0.961,0.718,0.584,0.625,0.435,0.726,0.585,0.312,0.506]
Epoch [129] Training Results: Prec@1 70.528 Prec@5 88.018             Loss 1.19454
Epoch [129] Training Class Recall: [0.709,0.715,0.634,0.658,0.684,0.701,0.731,0.732,0.741,0.746]
Epoch [129] Testing Results: Prec@1 62.760 Prec@5 92.000             Loss 1.23787
Epoch [129] Testing Class Recall: [0.870,0.889,0.529,0.731,0.768,0.506,0.661,0.609,0.511,0.202]
Epoch [130] Training Results: Prec@1 70.652 Prec@5 88.182             Loss 1.19437
Epoch [130] Training Class Recall: [0.707,0.717,0.651,0.656,0.686,0.696,0.726,0.735,0.744,0.746]
Epoch [130] Testing Results: Prec@1 62.650 Prec@5 91.820             Loss 1.25671
Epoch [130] Testing Class Recall: [0.857,0.950,0.774,0.613,0.565,0.568,0.527,0.650,0.433,0.328]
Epoch [131] Training Results: Prec@1 70.524 Prec@5 88.206             Loss 1.19509
Epoch [131] Training Class Recall: [0.705,0.717,0.649,0.653,0.687,0.694,0.728,0.734,0.739,0.745]
Epoch [131] Testing Results: Prec@1 63.690 Prec@5 92.910             Loss 1.21042
Epoch [131] Testing Class Recall: [0.832,0.948,0.689,0.502,0.404,0.662,0.648,0.678,0.439,0.567]
Epoch [132] Training Results: Prec@1 70.412 Prec@5 88.416             Loss 1.19748
Epoch [132] Training Class Recall: [0.704,0.714,0.644,0.651,0.684,0.699,0.725,0.728,0.744,0.747]
Epoch [132] Testing Results: Prec@1 64.510 Prec@5 92.360             Loss 1.19148
Epoch [132] Testing Class Recall: [0.809,0.965,0.696,0.500,0.510,0.668,0.606,0.624,0.682,0.391]
Epoch [133] Training Results: Prec@1 70.794 Prec@5 88.334             Loss 1.18824
Epoch [133] Training Class Recall: [0.707,0.716,0.655,0.662,0.689,0.696,0.727,0.737,0.742,0.748]
Epoch [133] Testing Results: Prec@1 66.500 Prec@5 92.060             Loss 1.19301
Epoch [133] Testing Class Recall: [0.732,0.970,0.742,0.551,0.717,0.581,0.683,0.510,0.712,0.452]
Epoch [134] Training Results: Prec@1 70.552 Prec@5 88.170             Loss 1.19401
Epoch [134] Training Class Recall: [0.704,0.717,0.648,0.658,0.680,0.706,0.723,0.736,0.741,0.743]
Epoch [134] Testing Results: Prec@1 61.930 Prec@5 90.120             Loss 1.30252
Epoch [134] Testing Class Recall: [0.754,0.846,0.782,0.585,0.805,0.222,0.658,0.563,0.672,0.306]
Epoch [135] Training Results: Prec@1 70.694 Prec@5 88.300             Loss 1.19112
Epoch [135] Training Class Recall: [0.706,0.716,0.646,0.657,0.692,0.698,0.731,0.733,0.744,0.746]
Epoch [135] Testing Results: Prec@1 56.480 Prec@5 87.320             Loss 1.47254
Epoch [135] Testing Class Recall: [0.857,0.962,0.861,0.466,0.562,0.376,0.683,0.392,0.276,0.213]
Epoch [136] Training Results: Prec@1 70.642 Prec@5 88.150             Loss 1.19500
Epoch [136] Training Class Recall: [0.713,0.719,0.645,0.653,0.684,0.698,0.728,0.734,0.741,0.748]
Epoch [136] Testing Results: Prec@1 61.160 Prec@5 89.900             Loss 1.32605
Epoch [136] Testing Class Recall: [0.853,0.936,0.704,0.701,0.724,0.403,0.764,0.452,0.321,0.258]
Epoch [137] Training Results: Prec@1 70.680 Prec@5 88.178             Loss 1.19090
Epoch [137] Training Class Recall: [0.708,0.716,0.651,0.653,0.684,0.702,0.730,0.734,0.743,0.746]
Epoch [137] Testing Results: Prec@1 59.760 Prec@5 88.030             Loss 1.38283
Epoch [137] Testing Class Recall: [0.856,0.988,0.697,0.682,0.595,0.357,0.573,0.565,0.310,0.353]
Epoch [138] Training Results: Prec@1 70.832 Prec@5 88.214             Loss 1.18808
Epoch [138] Training Class Recall: [0.711,0.718,0.653,0.655,0.689,0.705,0.727,0.734,0.743,0.748]
Epoch [138] Testing Results: Prec@1 61.070 Prec@5 89.530             Loss 1.37547
Epoch [138] Testing Class Recall: [0.935,0.944,0.679,0.738,0.348,0.402,0.655,0.588,0.365,0.453]
Epoch [139] Training Results: Prec@1 70.592 Prec@5 88.122             Loss 1.19368
Epoch [139] Training Class Recall: [0.708,0.712,0.651,0.653,0.686,0.700,0.732,0.731,0.739,0.747]
Epoch [139] Testing Results: Prec@1 59.120 Prec@5 90.670             Loss 1.33913
Epoch [139] Testing Class Recall: [0.954,0.963,0.666,0.534,0.463,0.545,0.606,0.553,0.293,0.335]
Epoch [140] Training Results: Prec@1 70.858 Prec@5 88.200             Loss 1.18720
Epoch [140] Training Class Recall: [0.706,0.715,0.652,0.661,0.695,0.704,0.733,0.731,0.742,0.745]
Epoch [140] Testing Results: Prec@1 52.480 Prec@5 85.960             Loss 1.61892
Epoch [140] Testing Class Recall: [0.979,0.914,0.413,0.342,0.574,0.423,0.868,0.574,0.104,0.057]
Epoch [141] Training Results: Prec@1 70.660 Prec@5 88.132             Loss 1.19396
Epoch [141] Training Class Recall: [0.704,0.718,0.645,0.660,0.690,0.694,0.731,0.738,0.740,0.743]
Epoch [141] Testing Results: Prec@1 52.230 Prec@5 82.440             Loss 1.74261
Epoch [141] Testing Class Recall: [0.941,0.909,0.803,0.374,0.446,0.283,0.799,0.484,0.147,0.037]
Epoch [142] Training Results: Prec@1 70.732 Prec@5 88.292             Loss 1.19115
Epoch [142] Training Class Recall: [0.710,0.717,0.653,0.655,0.685,0.701,0.730,0.733,0.743,0.745]
Epoch [142] Testing Results: Prec@1 61.600 Prec@5 90.400             Loss 1.31381
Epoch [142] Testing Class Recall: [0.857,0.955,0.696,0.658,0.434,0.580,0.718,0.636,0.196,0.430]
Epoch [143] Training Results: Prec@1 70.632 Prec@5 88.214             Loss 1.19297
Epoch [143] Training Class Recall: [0.707,0.711,0.646,0.661,0.684,0.703,0.728,0.732,0.743,0.746]
Epoch [143] Testing Results: Prec@1 59.580 Prec@5 87.200             Loss 1.44074
Epoch [143] Testing Class Recall: [0.933,0.930,0.642,0.543,0.711,0.494,0.618,0.641,0.237,0.209]
Epoch [144] Training Results: Prec@1 70.720 Prec@5 88.268             Loss 1.19146
Epoch [144] Training Class Recall: [0.707,0.715,0.651,0.658,0.691,0.695,0.728,0.735,0.743,0.748]
Epoch [144] Testing Results: Prec@1 55.540 Prec@5 87.120             Loss 1.51451
Epoch [144] Testing Class Recall: [0.921,0.980,0.754,0.547,0.433,0.470,0.465,0.498,0.207,0.279]
Epoch [145] Training Results: Prec@1 70.582 Prec@5 88.368             Loss 1.19295
Epoch [145] Training Class Recall: [0.708,0.714,0.645,0.658,0.685,0.700,0.729,0.732,0.739,0.747]
Epoch [145] Testing Results: Prec@1 54.050 Prec@5 89.620             Loss 1.54699
Epoch [145] Testing Class Recall: [0.821,0.992,0.694,0.376,0.368,0.744,0.671,0.431,0.175,0.133]
Epoch [146] Training Results: Prec@1 70.646 Prec@5 88.222             Loss 1.18939
Epoch [146] Training Class Recall: [0.707,0.718,0.647,0.660,0.685,0.698,0.728,0.733,0.744,0.745]
Epoch [146] Testing Results: Prec@1 61.550 Prec@5 89.920             Loss 1.31869
Epoch [146] Testing Class Recall: [0.907,0.900,0.629,0.405,0.657,0.676,0.451,0.419,0.329,0.782]
Epoch [147] Training Results: Prec@1 70.712 Prec@5 88.306             Loss 1.19236
Epoch [147] Training Class Recall: [0.707,0.718,0.657,0.653,0.686,0.697,0.731,0.734,0.741,0.746]
Epoch [147] Testing Results: Prec@1 55.630 Prec@5 90.650             Loss 1.45362
Epoch [147] Testing Class Recall: [0.982,0.948,0.528,0.376,0.514,0.558,0.639,0.374,0.253,0.391]
Epoch [148] Training Results: Prec@1 70.554 Prec@5 88.170             Loss 1.19532
Epoch [148] Training Class Recall: [0.704,0.712,0.645,0.659,0.683,0.701,0.729,0.732,0.743,0.746]
Epoch [148] Testing Results: Prec@1 55.440 Prec@5 88.220             Loss 1.49211
Epoch [148] Testing Class Recall: [0.968,0.838,0.698,0.340,0.395,0.532,0.811,0.442,0.245,0.275]
Epoch [149] Training Results: Prec@1 70.870 Prec@5 88.262             Loss 1.18831
Epoch [149] Training Class Recall: [0.706,0.718,0.652,0.666,0.689,0.703,0.729,0.736,0.742,0.746]
Epoch [149] Testing Results: Prec@1 56.320 Prec@5 86.290             Loss 1.50155
Epoch [149] Testing Class Recall: [0.921,0.972,0.509,0.795,0.605,0.342,0.463,0.489,0.064,0.472]
Epoch [150] Training Results: Prec@1 70.920 Prec@5 88.256             Loss 1.18686
Epoch [150] Training Class Recall: [0.705,0.715,0.657,0.665,0.690,0.704,0.732,0.735,0.742,0.747]
Epoch [150] Testing Results: Prec@1 64.190 Prec@5 93.330             Loss 1.17380
Epoch [150] Testing Class Recall: [0.873,0.820,0.585,0.618,0.663,0.555,0.609,0.718,0.307,0.671]
Epoch [151] Training Results: Prec@1 70.702 Prec@5 88.354             Loss 1.19028
Epoch [151] Training Class Recall: [0.713,0.716,0.655,0.659,0.685,0.699,0.727,0.731,0.740,0.746]
Epoch [151] Testing Results: Prec@1 59.230 Prec@5 89.180             Loss 1.40390
Epoch [151] Testing Class Recall: [0.913,0.985,0.588,0.485,0.463,0.677,0.667,0.455,0.374,0.316]
Epoch [152] Training Results: Prec@1 70.788 Prec@5 88.340             Loss 1.18667
Epoch [152] Training Class Recall: [0.706,0.719,0.653,0.662,0.690,0.695,0.730,0.735,0.743,0.747]
Epoch [152] Testing Results: Prec@1 57.850 Prec@5 87.110             Loss 1.42884
Epoch [152] Testing Class Recall: [0.920,0.974,0.566,0.669,0.537,0.523,0.710,0.568,0.103,0.215]
Epoch [153] Training Results: Prec@1 70.746 Prec@5 88.250             Loss 1.18821
Epoch [153] Training Class Recall: [0.704,0.719,0.653,0.663,0.684,0.698,0.734,0.733,0.740,0.745]
Epoch [153] Testing Results: Prec@1 62.170 Prec@5 89.220             Loss 1.33009
Epoch [153] Testing Class Recall: [0.866,0.947,0.810,0.294,0.613,0.674,0.634,0.489,0.309,0.581]
Epoch [154] Training Results: Prec@1 70.670 Prec@5 88.392             Loss 1.18892
Epoch [154] Training Class Recall: [0.707,0.712,0.654,0.655,0.684,0.699,0.731,0.734,0.744,0.747]
Epoch [154] Testing Results: Prec@1 56.550 Prec@5 88.540             Loss 1.48209
Epoch [154] Testing Class Recall: [0.962,0.913,0.634,0.561,0.375,0.424,0.731,0.418,0.245,0.392]
Epoch [155] Training Results: Prec@1 70.884 Prec@5 88.334             Loss 1.18683
Epoch [155] Training Class Recall: [0.708,0.715,0.651,0.665,0.693,0.702,0.725,0.737,0.742,0.748]
Epoch [155] Testing Results: Prec@1 60.280 Prec@5 86.300             Loss 1.42273
Epoch [155] Testing Class Recall: [0.909,0.966,0.576,0.605,0.672,0.607,0.735,0.397,0.387,0.174]
Epoch [156] Training Results: Prec@1 70.662 Prec@5 88.334             Loss 1.19067
Epoch [156] Training Class Recall: [0.704,0.714,0.648,0.661,0.685,0.700,0.730,0.734,0.742,0.746]
Epoch [156] Testing Results: Prec@1 62.190 Prec@5 91.620             Loss 1.27770
Epoch [156] Testing Class Recall: [0.908,0.950,0.754,0.557,0.524,0.658,0.628,0.634,0.292,0.314]
Epoch [157] Training Results: Prec@1 70.748 Prec@5 88.218             Loss 1.18684
Epoch [157] Training Class Recall: [0.704,0.717,0.650,0.658,0.687,0.707,0.731,0.731,0.742,0.747]
Epoch [157] Testing Results: Prec@1 60.310 Prec@5 91.630             Loss 1.35489
Epoch [157] Testing Class Recall: [0.938,0.963,0.466,0.738,0.655,0.450,0.537,0.689,0.147,0.448]
Epoch [158] Training Results: Prec@1 70.976 Prec@5 88.220             Loss 1.18593
Epoch [158] Training Class Recall: [0.710,0.720,0.653,0.660,0.691,0.703,0.733,0.736,0.744,0.746]
Epoch [158] Testing Results: Prec@1 62.870 Prec@5 91.130             Loss 1.25347
Epoch [158] Testing Class Recall: [0.902,0.940,0.751,0.599,0.611,0.445,0.644,0.485,0.473,0.437]
Epoch [159] Training Results: Prec@1 70.790 Prec@5 88.250             Loss 1.18759
Epoch [159] Training Class Recall: [0.713,0.718,0.657,0.658,0.684,0.698,0.730,0.732,0.740,0.747]
Epoch [159] Testing Results: Prec@1 57.780 Prec@5 86.340             Loss 1.49695
Epoch [159] Testing Class Recall: [0.820,0.968,0.838,0.621,0.377,0.348,0.713,0.467,0.499,0.127]
Epoch [160] Training Results: Prec@1 72.286 Prec@5 89.084             Loss 1.13749
Epoch [160] Training Class Recall: [0.694,0.737,0.693,0.695,0.705,0.725,0.736,0.740,0.751,0.752]
Epoch [160] Testing Results: Prec@1 64.660 Prec@5 91.970             Loss 1.21325
Epoch [160] Testing Class Recall: [0.907,0.968,0.766,0.644,0.681,0.516,0.657,0.568,0.418,0.341]
Epoch [161] Training Results: Prec@1 73.178 Prec@5 89.558             Loss 1.11075
Epoch [161] Training Class Recall: [0.725,0.735,0.700,0.705,0.725,0.731,0.745,0.747,0.750,0.754]
Epoch [161] Testing Results: Prec@1 64.970 Prec@5 92.480             Loss 1.20476
Epoch [161] Testing Class Recall: [0.932,0.968,0.758,0.627,0.673,0.525,0.660,0.575,0.385,0.394]
Epoch [162] Training Results: Prec@1 73.574 Prec@5 89.718             Loss 1.10029
Epoch [162] Training Class Recall: [0.730,0.738,0.707,0.715,0.729,0.738,0.747,0.749,0.750,0.755]
Epoch [162] Testing Results: Prec@1 65.230 Prec@5 92.200             Loss 1.19727
Epoch [162] Testing Class Recall: [0.920,0.971,0.769,0.627,0.686,0.538,0.665,0.562,0.427,0.358]
Epoch [163] Training Results: Prec@1 73.808 Prec@5 89.828             Loss 1.09378
Epoch [163] Training Class Recall: [0.732,0.737,0.717,0.718,0.733,0.737,0.750,0.750,0.751,0.755]
Epoch [163] Testing Results: Prec@1 64.400 Prec@5 91.870             Loss 1.23443
Epoch [163] Testing Class Recall: [0.941,0.975,0.763,0.648,0.676,0.517,0.631,0.567,0.386,0.336]
Epoch [164] Training Results: Prec@1 73.860 Prec@5 89.944             Loss 1.08885
Epoch [164] Training Class Recall: [0.732,0.740,0.714,0.720,0.735,0.741,0.751,0.750,0.749,0.755]
Epoch [164] Testing Results: Prec@1 65.280 Prec@5 92.330             Loss 1.20305
Epoch [164] Testing Class Recall: [0.947,0.967,0.764,0.634,0.689,0.529,0.634,0.579,0.389,0.396]
Epoch [165] Training Results: Prec@1 73.962 Prec@5 89.964             Loss 1.08474
Epoch [165] Training Class Recall: [0.733,0.739,0.719,0.724,0.733,0.740,0.752,0.750,0.751,0.754]
Epoch [165] Testing Results: Prec@1 64.740 Prec@5 91.860             Loss 1.22443
Epoch [165] Testing Class Recall: [0.945,0.969,0.762,0.651,0.687,0.521,0.637,0.563,0.390,0.349]
Epoch [166] Training Results: Prec@1 74.136 Prec@5 90.144             Loss 1.07851
Epoch [166] Training Class Recall: [0.736,0.741,0.724,0.727,0.733,0.742,0.751,0.752,0.751,0.756]
Epoch [166] Testing Results: Prec@1 64.380 Prec@5 91.760             Loss 1.24349
Epoch [166] Testing Class Recall: [0.945,0.967,0.764,0.661,0.690,0.515,0.624,0.557,0.365,0.350]
Epoch [167] Training Results: Prec@1 74.156 Prec@5 90.178             Loss 1.07765
Epoch [167] Training Class Recall: [0.738,0.740,0.719,0.727,0.736,0.743,0.754,0.751,0.752,0.756]
Epoch [167] Testing Results: Prec@1 64.410 Prec@5 91.790             Loss 1.23926
Epoch [167] Testing Class Recall: [0.941,0.969,0.765,0.663,0.659,0.526,0.618,0.566,0.374,0.360]
Epoch [168] Training Results: Prec@1 74.236 Prec@5 90.200             Loss 1.07376
Epoch [168] Training Class Recall: [0.738,0.741,0.725,0.730,0.735,0.744,0.751,0.753,0.750,0.755]
Epoch [168] Testing Results: Prec@1 64.830 Prec@5 91.700             Loss 1.23303
Epoch [168] Testing Class Recall: [0.933,0.968,0.780,0.649,0.682,0.543,0.632,0.555,0.370,0.371]
Epoch [169] Training Results: Prec@1 74.290 Prec@5 90.422             Loss 1.07258
Epoch [169] Training Class Recall: [0.736,0.740,0.729,0.727,0.738,0.744,0.756,0.752,0.751,0.756]
Epoch [169] Testing Results: Prec@1 64.780 Prec@5 91.550             Loss 1.23571
Epoch [169] Testing Class Recall: [0.938,0.974,0.771,0.652,0.680,0.526,0.631,0.578,0.380,0.348]
Epoch [170] Training Results: Prec@1 74.312 Prec@5 90.442             Loss 1.07014
Epoch [170] Training Class Recall: [0.736,0.742,0.729,0.731,0.738,0.744,0.754,0.751,0.752,0.755]
Epoch [170] Testing Results: Prec@1 65.230 Prec@5 91.910             Loss 1.21624
Epoch [170] Testing Class Recall: [0.933,0.970,0.778,0.650,0.683,0.540,0.625,0.586,0.389,0.369]
Epoch [171] Training Results: Prec@1 74.372 Prec@5 90.268             Loss 1.06996
Epoch [171] Training Class Recall: [0.736,0.742,0.729,0.733,0.739,0.745,0.754,0.751,0.751,0.755]
Epoch [171] Testing Results: Prec@1 64.640 Prec@5 91.480             Loss 1.24010
Epoch [171] Testing Class Recall: [0.934,0.973,0.772,0.656,0.687,0.519,0.644,0.556,0.374,0.349]
Epoch [172] Training Results: Prec@1 74.390 Prec@5 90.470             Loss 1.06674
Epoch [172] Training Class Recall: [0.738,0.743,0.731,0.731,0.738,0.744,0.755,0.753,0.750,0.755]
Epoch [172] Testing Results: Prec@1 64.480 Prec@5 91.310             Loss 1.24814
Epoch [172] Testing Class Recall: [0.930,0.974,0.779,0.656,0.691,0.526,0.625,0.554,0.382,0.331]
Epoch [173] Training Results: Prec@1 74.442 Prec@5 90.626             Loss 1.06334
Epoch [173] Training Class Recall: [0.739,0.742,0.735,0.732,0.737,0.745,0.754,0.753,0.751,0.755]
Epoch [173] Testing Results: Prec@1 65.270 Prec@5 91.910             Loss 1.22200
Epoch [173] Testing Class Recall: [0.934,0.972,0.769,0.661,0.679,0.529,0.634,0.561,0.380,0.408]
Epoch [174] Training Results: Prec@1 74.544 Prec@5 90.460             Loss 1.06155
Epoch [174] Training Class Recall: [0.740,0.742,0.738,0.734,0.740,0.747,0.754,0.753,0.752,0.755]
Epoch [174] Testing Results: Prec@1 65.220 Prec@5 91.810             Loss 1.21833
Epoch [174] Testing Class Recall: [0.937,0.968,0.756,0.652,0.682,0.526,0.645,0.578,0.403,0.375]
Epoch [175] Training Results: Prec@1 74.518 Prec@5 90.588             Loss 1.06159
Epoch [175] Training Class Recall: [0.739,0.742,0.738,0.733,0.740,0.746,0.755,0.752,0.751,0.756]
Epoch [175] Testing Results: Prec@1 65.140 Prec@5 91.460             Loss 1.22886
Epoch [175] Testing Class Recall: [0.932,0.970,0.770,0.643,0.683,0.542,0.639,0.567,0.407,0.361]
Epoch [176] Training Results: Prec@1 74.588 Prec@5 90.726             Loss 1.05886
Epoch [176] Training Class Recall: [0.738,0.745,0.735,0.734,0.740,0.750,0.756,0.753,0.753,0.756]
Epoch [176] Testing Results: Prec@1 64.970 Prec@5 91.510             Loss 1.23592
Epoch [176] Testing Class Recall: [0.930,0.972,0.769,0.655,0.673,0.546,0.652,0.562,0.395,0.343]
Epoch [177] Training Results: Prec@1 74.602 Prec@5 90.660             Loss 1.05806
Epoch [177] Training Class Recall: [0.739,0.741,0.738,0.737,0.742,0.745,0.758,0.752,0.752,0.756]
Epoch [177] Testing Results: Prec@1 64.850 Prec@5 91.320             Loss 1.23747
Epoch [177] Testing Class Recall: [0.933,0.971,0.764,0.644,0.678,0.529,0.637,0.567,0.383,0.379]
Epoch [178] Training Results: Prec@1 74.646 Prec@5 90.726             Loss 1.05573
Epoch [178] Training Class Recall: [0.741,0.745,0.735,0.736,0.743,0.747,0.754,0.755,0.751,0.756]
Epoch [178] Testing Results: Prec@1 64.840 Prec@5 91.610             Loss 1.23962
Epoch [178] Testing Class Recall: [0.933,0.971,0.770,0.630,0.670,0.524,0.649,0.569,0.388,0.380]
Epoch [179] Training Results: Prec@1 74.638 Prec@5 90.746             Loss 1.05376
Epoch [179] Training Class Recall: [0.739,0.744,0.740,0.735,0.741,0.749,0.756,0.752,0.753,0.755]
Epoch [179] Testing Results: Prec@1 65.490 Prec@5 91.560             Loss 1.21905
Epoch [179] Testing Class Recall: [0.923,0.975,0.768,0.669,0.692,0.526,0.642,0.572,0.387,0.395]
Epoch [180] Training Results: Prec@1 74.606 Prec@5 90.782             Loss 1.05455
Epoch [180] Training Class Recall: [0.743,0.747,0.737,0.730,0.740,0.747,0.754,0.754,0.752,0.756]
Epoch [180] Testing Results: Prec@1 64.610 Prec@5 91.200             Loss 1.24817
Epoch [180] Testing Class Recall: [0.928,0.976,0.765,0.660,0.672,0.512,0.625,0.569,0.376,0.378]
Epoch [181] Training Results: Prec@1 74.630 Prec@5 90.826             Loss 1.05290
Epoch [181] Training Class Recall: [0.743,0.745,0.735,0.735,0.743,0.747,0.755,0.753,0.751,0.756]
Epoch [181] Testing Results: Prec@1 64.310 Prec@5 91.020             Loss 1.26643
Epoch [181] Testing Class Recall: [0.939,0.971,0.766,0.657,0.688,0.514,0.619,0.557,0.363,0.357]
Epoch [182] Training Results: Prec@1 74.672 Prec@5 90.766             Loss 1.05179
Epoch [182] Training Class Recall: [0.742,0.744,0.739,0.736,0.741,0.748,0.756,0.753,0.751,0.756]
Epoch [182] Testing Results: Prec@1 64.450 Prec@5 90.970             Loss 1.25778
Epoch [182] Testing Class Recall: [0.928,0.978,0.768,0.646,0.681,0.513,0.631,0.567,0.375,0.358]
Epoch [183] Training Results: Prec@1 74.720 Prec@5 90.866             Loss 1.05057
Epoch [183] Training Class Recall: [0.742,0.743,0.738,0.734,0.746,0.750,0.757,0.753,0.752,0.756]
Epoch [183] Testing Results: Prec@1 65.120 Prec@5 91.420             Loss 1.22892
Epoch [183] Testing Class Recall: [0.932,0.976,0.748,0.659,0.684,0.523,0.630,0.597,0.389,0.374]
Epoch [184] Training Results: Prec@1 74.678 Prec@5 90.786             Loss 1.05259
Epoch [184] Training Class Recall: [0.742,0.745,0.739,0.738,0.739,0.748,0.757,0.753,0.752,0.756]
Epoch [184] Testing Results: Prec@1 65.190 Prec@5 91.170             Loss 1.23449
Epoch [184] Testing Class Recall: [0.926,0.976,0.772,0.655,0.680,0.516,0.637,0.572,0.407,0.378]
Epoch [185] Training Results: Prec@1 74.620 Prec@5 90.766             Loss 1.05253
Epoch [185] Training Class Recall: [0.740,0.744,0.734,0.732,0.740,0.749,0.758,0.755,0.752,0.757]
Epoch [185] Testing Results: Prec@1 64.580 Prec@5 91.050             Loss 1.26002
Epoch [185] Testing Class Recall: [0.935,0.978,0.758,0.656,0.661,0.501,0.617,0.585,0.393,0.374]
Epoch [186] Training Results: Prec@1 74.694 Prec@5 90.794             Loss 1.05274
Epoch [186] Training Class Recall: [0.741,0.745,0.739,0.735,0.743,0.747,0.757,0.753,0.753,0.756]
Epoch [186] Testing Results: Prec@1 64.350 Prec@5 91.000             Loss 1.25801
Epoch [186] Testing Class Recall: [0.929,0.976,0.766,0.643,0.674,0.527,0.627,0.583,0.356,0.354]
Epoch [187] Training Results: Prec@1 74.670 Prec@5 90.782             Loss 1.05302
Epoch [187] Training Class Recall: [0.738,0.744,0.738,0.740,0.743,0.745,0.756,0.754,0.752,0.756]
Epoch [187] Testing Results: Prec@1 65.170 Prec@5 91.510             Loss 1.23033
Epoch [187] Testing Class Recall: [0.933,0.970,0.763,0.662,0.678,0.524,0.638,0.579,0.395,0.375]
Epoch [188] Training Results: Prec@1 74.716 Prec@5 90.778             Loss 1.05278
Epoch [188] Training Class Recall: [0.742,0.744,0.741,0.738,0.742,0.746,0.757,0.754,0.752,0.755]
Epoch [188] Testing Results: Prec@1 64.340 Prec@5 91.140             Loss 1.26203
Epoch [188] Testing Class Recall: [0.937,0.973,0.757,0.665,0.672,0.508,0.620,0.578,0.360,0.364]
Epoch [189] Training Results: Prec@1 74.638 Prec@5 90.812             Loss 1.05268
Epoch [189] Training Class Recall: [0.739,0.745,0.738,0.734,0.745,0.745,0.756,0.754,0.752,0.756]
Epoch [189] Testing Results: Prec@1 65.210 Prec@5 91.400             Loss 1.22865
Epoch [189] Testing Class Recall: [0.927,0.976,0.767,0.659,0.687,0.524,0.637,0.574,0.380,0.390]
Epoch [190] Training Results: Prec@1 74.654 Prec@5 90.840             Loss 1.05222
Epoch [190] Training Class Recall: [0.740,0.744,0.736,0.739,0.739,0.747,0.757,0.754,0.752,0.756]
Epoch [190] Testing Results: Prec@1 64.520 Prec@5 90.980             Loss 1.25288
Epoch [190] Testing Class Recall: [0.932,0.975,0.766,0.640,0.680,0.514,0.631,0.577,0.381,0.356]
Epoch [191] Training Results: Prec@1 74.684 Prec@5 90.840             Loss 1.05201
Epoch [191] Training Class Recall: [0.739,0.746,0.736,0.738,0.742,0.749,0.756,0.753,0.752,0.756]
Epoch [191] Testing Results: Prec@1 64.270 Prec@5 90.970             Loss 1.26020
Epoch [191] Testing Class Recall: [0.936,0.975,0.758,0.640,0.679,0.507,0.631,0.576,0.368,0.357]
Epoch [192] Training Results: Prec@1 74.728 Prec@5 90.952             Loss 1.05075
Epoch [192] Training Class Recall: [0.742,0.745,0.738,0.737,0.745,0.747,0.758,0.753,0.752,0.756]
Epoch [192] Testing Results: Prec@1 64.070 Prec@5 91.030             Loss 1.26715
Epoch [192] Testing Class Recall: [0.939,0.974,0.765,0.640,0.668,0.519,0.628,0.562,0.359,0.353]
Epoch [193] Training Results: Prec@1 74.640 Prec@5 90.956             Loss 1.05347
Epoch [193] Training Class Recall: [0.740,0.745,0.737,0.734,0.742,0.748,0.756,0.754,0.751,0.756]
Epoch [193] Testing Results: Prec@1 64.810 Prec@5 91.260             Loss 1.23973
Epoch [193] Testing Class Recall: [0.937,0.974,0.754,0.649,0.675,0.511,0.652,0.576,0.377,0.376]
Epoch [194] Training Results: Prec@1 74.646 Prec@5 90.760             Loss 1.05319
Epoch [194] Training Class Recall: [0.743,0.743,0.736,0.735,0.744,0.745,0.756,0.753,0.752,0.757]
Epoch [194] Testing Results: Prec@1 64.640 Prec@5 91.140             Loss 1.25026
Epoch [194] Testing Class Recall: [0.931,0.973,0.766,0.665,0.677,0.512,0.635,0.548,0.371,0.386]
Epoch [195] Training Results: Prec@1 74.694 Prec@5 90.792             Loss 1.05262
Epoch [195] Training Class Recall: [0.743,0.744,0.739,0.736,0.742,0.747,0.756,0.753,0.753,0.756]
Epoch [195] Testing Results: Prec@1 63.810 Prec@5 90.920             Loss 1.27638
Epoch [195] Testing Class Recall: [0.944,0.973,0.759,0.649,0.667,0.488,0.625,0.571,0.348,0.357]
Epoch [196] Training Results: Prec@1 74.688 Prec@5 90.792             Loss 1.05183
Epoch [196] Training Class Recall: [0.742,0.744,0.740,0.737,0.745,0.746,0.755,0.753,0.753,0.755]
Epoch [196] Testing Results: Prec@1 65.210 Prec@5 91.380             Loss 1.23416
Epoch [196] Testing Class Recall: [0.933,0.973,0.766,0.653,0.688,0.513,0.640,0.586,0.380,0.389]
Epoch [197] Training Results: Prec@1 74.664 Prec@5 90.818             Loss 1.05131
Epoch [197] Training Class Recall: [0.741,0.746,0.740,0.737,0.741,0.746,0.756,0.752,0.752,0.755]
Epoch [197] Testing Results: Prec@1 63.910 Prec@5 90.710             Loss 1.27498
Epoch [197] Testing Class Recall: [0.935,0.977,0.757,0.657,0.682,0.509,0.620,0.577,0.352,0.325]
Epoch [198] Training Results: Prec@1 74.686 Prec@5 90.780             Loss 1.05132
Epoch [198] Training Class Recall: [0.742,0.746,0.741,0.736,0.741,0.746,0.756,0.752,0.752,0.756]
Epoch [198] Testing Results: Prec@1 65.240 Prec@5 91.440             Loss 1.22709
Epoch [198] Testing Class Recall: [0.931,0.973,0.767,0.641,0.686,0.529,0.635,0.584,0.395,0.383]
Epoch [199] Training Results: Prec@1 74.682 Prec@5 90.850             Loss 1.05077
Epoch [199] Training Class Recall: [0.743,0.744,0.737,0.733,0.743,0.748,0.756,0.755,0.753,0.756]
Epoch [199] Testing Results: Prec@1 64.850 Prec@5 91.300             Loss 1.24295
Epoch [199] Testing Class Recall: [0.930,0.973,0.767,0.657,0.677,0.514,0.638,0.585,0.362,0.382]
