Log file: cifar10_sava0.9_deepsmote_sava_exp0.01_seed42_20260614_075652.log
Run started: 2026-06-14 07:56:52.568528
Dataset: cifar10
Imbalance type: exp, factor: 0.01
Selection method: sava, ratio: 0.9
Strategy: DeepSMOTE_Sava, epochs: 200
Seed: 42, rand_number: 0
Augmentation: weak
Noise ratio: 0.25
mamix_ratio: 1.0
============================================================

=> No CSV or TensorBoard logging – only console and debug log.
-----------------------------------------------
Class ID   | Original   | Selected   | Keep %  
-----------------------------------------------
0          | 4999       | 4250       |   85.0%
1          | 5041       | 4449       |   88.3%
2          | 4922       | 4722       |   95.9%
3          | 4994       | 4483       |   89.8%
4          | 5001       | 4739       |   94.8%
5          | 5033       | 4364       |   86.7%
6          | 5000       | 4677       |   93.5%
7          | 5010       | 4680       |   93.4%
8          | 4984       | 4578       |   91.9%
9          | 5016       | 4058       |   80.9%
-----------------------------------------------
TOTAL      | 50000      | 45000      |   90.0%
-----------------------------------------------
Epoch [0] Training Results: Prec@1 30.756 Prec@5 76.131 Loss 2.01089
Epoch [0] Training Class Recall: [0.287,0.410,0.140,0.186,0.268,0.232,0.342,0.382,0.480,0.355]
Epoch [0] Testing Results: Prec@1 38.050 Prec@5 85.390 Loss 1.79204
Epoch [0] Testing Class Recall: [0.434,0.584,0.309,0.052,0.054,0.537,0.619,0.485,0.400,0.331]
Epoch [1] Training Results: Prec@1 41.949 Prec@5 81.436 Loss 1.80653
Epoch [1] Training Class Recall: [0.427,0.502,0.235,0.216,0.333,0.333,0.502,0.533,0.590,0.537]
Epoch [1] Testing Results: Prec@1 38.030 Prec@5 80.430 Loss 1.84137
Epoch [1] Testing Class Recall: [0.706,0.789,0.572,0.269,0.095,0.174,0.473,0.228,0.488,0.009]
Epoch [2] Training Results: Prec@1 48.120 Prec@5 83.373 Loss 1.68897
Epoch [2] Training Class Recall: [0.474,0.552,0.322,0.263,0.404,0.379,0.575,0.598,0.649,0.605]
Epoch [2] Testing Results: Prec@1 44.990 Prec@5 89.850 Loss 1.62422
Epoch [2] Testing Class Recall: [0.726,0.565,0.378,0.121,0.195,0.067,0.601,0.800,0.469,0.577]
Epoch [3] Training Results: Prec@1 51.322 Prec@5 84.184 Loss 1.61850
Epoch [3] Training Class Recall: [0.520,0.577,0.363,0.297,0.442,0.423,0.601,0.616,0.668,0.636]
Epoch [3] Testing Results: Prec@1 45.920 Prec@5 88.440 Loss 1.59303
Epoch [3] Testing Class Recall: [0.705,0.706,0.703,0.136,0.172,0.607,0.633,0.366,0.274,0.290]
Epoch [4] Training Results: Prec@1 53.902 Prec@5 84.680 Loss 1.56810
Epoch [4] Training Class Recall: [0.535,0.598,0.403,0.330,0.479,0.458,0.623,0.637,0.682,0.652]
Epoch [4] Testing Results: Prec@1 49.730 Prec@5 88.400 Loss 1.53711
Epoch [4] Testing Class Recall: [0.607,0.854,0.579,0.323,0.096,0.577,0.704,0.475,0.583,0.175]
Epoch [5] Training Results: Prec@1 56.773 Prec@5 85.169 Loss 1.51165
Epoch [5] Training Class Recall: [0.573,0.629,0.428,0.377,0.517,0.493,0.636,0.656,0.704,0.675]
Epoch [5] Testing Results: Prec@1 49.420 Prec@5 86.940 Loss 1.58198
Epoch [5] Testing Class Recall: [0.774,0.903,0.602,0.361,0.372,0.502,0.656,0.474,0.227,0.071]
Epoch [6] Training Results: Prec@1 58.820 Prec@5 85.578 Loss 1.46466
Epoch [6] Training Class Recall: [0.594,0.644,0.443,0.411,0.549,0.521,0.660,0.672,0.709,0.687]
Epoch [6] Testing Results: Prec@1 55.370 Prec@5 91.490 Loss 1.41273
Epoch [6] Testing Class Recall: [0.556,0.843,0.236,0.554,0.598,0.258,0.808,0.652,0.411,0.621]
Epoch [7] Training Results: Prec@1 60.364 Prec@5 85.744 Loss 1.43641
Epoch [7] Training Class Recall: [0.601,0.653,0.478,0.439,0.569,0.532,0.674,0.689,0.718,0.690]
Epoch [7] Testing Results: Prec@1 59.260 Prec@5 93.470 Loss 1.28942
Epoch [7] Testing Class Recall: [0.798,0.830,0.395,0.322,0.305,0.610,0.646,0.724,0.670,0.626]
Epoch [8] Training Results: Prec@1 61.493 Prec@5 85.878 Loss 1.40977
Epoch [8] Training Class Recall: [0.604,0.671,0.485,0.459,0.579,0.556,0.688,0.697,0.725,0.692]
Epoch [8] Testing Results: Prec@1 51.050 Prec@5 87.220 Loss 1.57811
Epoch [8] Testing Class Recall: [0.840,0.764,0.581,0.323,0.572,0.580,0.568,0.430,0.329,0.118]
Epoch [9] Training Results: Prec@1 62.467 Prec@5 86.171 Loss 1.39225
Epoch [9] Training Class Recall: [0.619,0.666,0.512,0.491,0.587,0.575,0.679,0.708,0.723,0.692]
Epoch [9] Testing Results: Prec@1 58.120 Prec@5 91.370 Loss 1.40272
Epoch [9] Testing Class Recall: [0.865,0.874,0.275,0.185,0.679,0.585,0.469,0.677,0.465,0.738]
Epoch [10] Training Results: Prec@1 62.982 Prec@5 86.242 Loss 1.37614
Epoch [10] Training Class Recall: [0.618,0.670,0.520,0.489,0.597,0.580,0.697,0.710,0.724,0.699]
Epoch [10] Testing Results: Prec@1 48.350 Prec@5 88.350 Loss 1.68022
Epoch [10] Testing Class Recall: [0.856,0.982,0.719,0.295,0.232,0.347,0.672,0.370,0.082,0.280]
Epoch [11] Training Results: Prec@1 63.740 Prec@5 86.476 Loss 1.36126
Epoch [11] Training Class Recall: [0.624,0.678,0.529,0.510,0.612,0.590,0.694,0.714,0.731,0.698]
Epoch [11] Testing Results: Prec@1 61.740 Prec@5 92.630 Loss 1.24267
Epoch [11] Testing Class Recall: [0.802,0.899,0.587,0.617,0.526,0.446,0.747,0.639,0.313,0.598]
Epoch [12] Training Results: Prec@1 64.169 Prec@5 86.249 Loss 1.35265
Epoch [12] Training Class Recall: [0.634,0.675,0.545,0.518,0.617,0.591,0.694,0.714,0.731,0.700]
Epoch [12] Testing Results: Prec@1 54.210 Prec@5 89.940 Loss 1.45323
Epoch [12] Testing Class Recall: [0.827,0.974,0.664,0.523,0.307,0.594,0.580,0.485,0.317,0.150]
Epoch [13] Training Results: Prec@1 64.600 Prec@5 86.478 Loss 1.34375
Epoch [13] Training Class Recall: [0.629,0.677,0.552,0.530,0.611,0.604,0.705,0.718,0.736,0.702]
Epoch [13] Testing Results: Prec@1 55.980 Prec@5 91.390 Loss 1.41635
Epoch [13] Testing Class Recall: [0.819,0.912,0.445,0.797,0.332,0.493,0.481,0.434,0.539,0.346]
Epoch [14] Training Results: Prec@1 64.864 Prec@5 86.324 Loss 1.33522
Epoch [14] Training Class Recall: [0.635,0.681,0.546,0.536,0.620,0.615,0.706,0.719,0.731,0.702]
Epoch [14] Testing Results: Prec@1 57.760 Prec@5 92.380 Loss 1.32335
Epoch [14] Testing Class Recall: [0.903,0.926,0.744,0.505,0.426,0.444,0.498,0.555,0.472,0.303]
Epoch [15] Training Results: Prec@1 65.602 Prec@5 86.698 Loss 1.32248
Epoch [15] Training Class Recall: [0.639,0.684,0.568,0.550,0.629,0.623,0.714,0.718,0.733,0.704]
Epoch [15] Testing Results: Prec@1 56.080 Prec@5 92.350 Loss 1.39196
Epoch [15] Testing Class Recall: [0.788,0.926,0.740,0.293,0.329,0.832,0.480,0.567,0.379,0.274]
Epoch [16] Training Results: Prec@1 65.724 Prec@5 86.580 Loss 1.32115
Epoch [16] Training Class Recall: [0.647,0.690,0.562,0.543,0.635,0.624,0.713,0.722,0.734,0.707]
Epoch [16] Testing Results: Prec@1 58.430 Prec@5 92.080 Loss 1.34612
Epoch [16] Testing Class Recall: [0.814,0.915,0.573,0.519,0.738,0.428,0.725,0.460,0.293,0.378]
Epoch [17] Training Results: Prec@1 65.720 Prec@5 86.580 Loss 1.31527
Epoch [17] Training Class Recall: [0.638,0.684,0.571,0.553,0.639,0.625,0.703,0.725,0.731,0.705]
Epoch [17] Testing Results: Prec@1 56.850 Prec@5 89.820 Loss 1.40777
Epoch [17] Testing Class Recall: [0.902,0.928,0.665,0.597,0.650,0.308,0.605,0.272,0.533,0.225]
Epoch [18] Training Results: Prec@1 65.953 Prec@5 86.749 Loss 1.31049
Epoch [18] Training Class Recall: [0.643,0.688,0.571,0.560,0.640,0.631,0.711,0.719,0.732,0.703]
Epoch [18] Testing Results: Prec@1 50.280 Prec@5 86.080 Loss 1.71613
Epoch [18] Testing Class Recall: [0.963,0.884,0.468,0.571,0.528,0.431,0.591,0.380,0.136,0.076]
Epoch [19] Training Results: Prec@1 66.556 Prec@5 86.660 Loss 1.29926
Epoch [19] Training Class Recall: [0.646,0.695,0.585,0.561,0.647,0.634,0.716,0.724,0.737,0.711]
Epoch [19] Testing Results: Prec@1 47.950 Prec@5 88.670 Loss 1.63570
Epoch [19] Testing Class Recall: [0.875,0.987,0.603,0.214,0.354,0.277,0.296,0.545,0.340,0.304]
Epoch [20] Training Results: Prec@1 66.558 Prec@5 86.662 Loss 1.29725
Epoch [20] Training Class Recall: [0.651,0.689,0.580,0.569,0.648,0.634,0.712,0.728,0.739,0.706]
Epoch [20] Testing Results: Prec@1 52.500 Prec@5 88.650 Loss 1.56412
Epoch [20] Testing Class Recall: [0.838,0.965,0.858,0.251,0.499,0.342,0.555,0.601,0.111,0.230]
Epoch [21] Training Results: Prec@1 66.727 Prec@5 86.980 Loss 1.29494
Epoch [21] Training Class Recall: [0.652,0.691,0.593,0.566,0.646,0.638,0.719,0.729,0.735,0.706]
Epoch [21] Testing Results: Prec@1 50.240 Prec@5 90.830 Loss 1.65558
Epoch [21] Testing Class Recall: [0.977,0.821,0.302,0.631,0.456,0.351,0.656,0.415,0.346,0.069]
Epoch [22] Training Results: Prec@1 66.964 Prec@5 86.680 Loss 1.28929
Epoch [22] Training Class Recall: [0.656,0.698,0.589,0.570,0.648,0.645,0.718,0.729,0.738,0.708]
Epoch [22] Testing Results: Prec@1 51.550 Prec@5 85.600 Loss 1.68450
Epoch [22] Testing Class Recall: [0.910,0.957,0.618,0.173,0.245,0.823,0.691,0.397,0.175,0.166]
Epoch [23] Training Results: Prec@1 67.127 Prec@5 86.756 Loss 1.28670
Epoch [23] Training Class Recall: [0.649,0.695,0.597,0.575,0.654,0.646,0.720,0.731,0.737,0.711]
Epoch [23] Testing Results: Prec@1 61.570 Prec@5 90.860 Loss 1.27217
Epoch [23] Testing Class Recall: [0.805,0.963,0.598,0.413,0.618,0.489,0.856,0.690,0.519,0.206]
Epoch [24] Training Results: Prec@1 67.133 Prec@5 86.744 Loss 1.28177
Epoch [24] Training Class Recall: [0.655,0.692,0.602,0.586,0.647,0.645,0.715,0.730,0.737,0.707]
Epoch [24] Testing Results: Prec@1 50.780 Prec@5 82.360 Loss 1.70201
Epoch [24] Testing Class Recall: [0.812,0.915,0.813,0.283,0.605,0.057,0.594,0.636,0.232,0.131]
Epoch [25] Training Results: Prec@1 67.527 Prec@5 87.024 Loss 1.27788
Epoch [25] Training Class Recall: [0.661,0.696,0.605,0.585,0.650,0.661,0.725,0.729,0.735,0.708]
Epoch [25] Testing Results: Prec@1 59.070 Prec@5 89.790 Loss 1.35734
Epoch [25] Testing Class Recall: [0.777,0.969,0.687,0.551,0.670,0.222,0.454,0.493,0.657,0.427]
Epoch [26] Training Results: Prec@1 67.558 Prec@5 86.996 Loss 1.27366
Epoch [26] Training Class Recall: [0.653,0.693,0.606,0.594,0.658,0.649,0.728,0.732,0.737,0.706]
Epoch [26] Testing Results: Prec@1 58.410 Prec@5 91.720 Loss 1.33912
Epoch [26] Testing Class Recall: [0.932,0.725,0.588,0.520,0.703,0.466,0.556,0.552,0.354,0.445]
Epoch [27] Training Results: Prec@1 67.827 Prec@5 87.220 Loss 1.27017
Epoch [27] Training Class Recall: [0.660,0.699,0.606,0.590,0.655,0.655,0.731,0.738,0.741,0.709]
Epoch [27] Testing Results: Prec@1 65.060 Prec@5 92.450 Loss 1.17420
Epoch [27] Testing Class Recall: [0.833,0.872,0.544,0.534,0.629,0.641,0.669,0.843,0.353,0.588]
Epoch [28] Training Results: Prec@1 67.804 Prec@5 87.173 Loss 1.27112
Epoch [28] Training Class Recall: [0.667,0.699,0.601,0.601,0.650,0.656,0.719,0.739,0.741,0.708]
Epoch [28] Testing Results: Prec@1 59.790 Prec@5 92.240 Loss 1.29503
Epoch [28] Testing Class Recall: [0.824,0.952,0.454,0.671,0.706,0.420,0.720,0.745,0.266,0.221]
Epoch [29] Training Results: Prec@1 67.989 Prec@5 87.058 Loss 1.26625
Epoch [29] Training Class Recall: [0.666,0.696,0.618,0.611,0.658,0.651,0.723,0.730,0.740,0.708]
Epoch [29] Testing Results: Prec@1 60.050 Prec@5 90.950 Loss 1.34483
Epoch [29] Testing Class Recall: [0.644,0.970,0.674,0.610,0.689,0.609,0.543,0.543,0.500,0.223]
Epoch [30] Training Results: Prec@1 67.844 Prec@5 87.171 Loss 1.26519
Epoch [30] Training Class Recall: [0.657,0.697,0.610,0.604,0.662,0.657,0.722,0.730,0.737,0.710]
Epoch [30] Testing Results: Prec@1 55.620 Prec@5 88.750 Loss 1.48027
Epoch [30] Testing Class Recall: [0.932,0.925,0.558,0.687,0.325,0.577,0.333,0.615,0.350,0.260]
Epoch [31] Training Results: Prec@1 68.267 Prec@5 87.271 Loss 1.25751
Epoch [31] Training Class Recall: [0.661,0.698,0.618,0.615,0.671,0.659,0.722,0.734,0.740,0.707]
Epoch [31] Testing Results: Prec@1 60.200 Prec@5 90.530 Loss 1.34068
Epoch [31] Testing Class Recall: [0.870,0.963,0.577,0.678,0.711,0.391,0.665,0.429,0.219,0.517]
Epoch [32] Training Results: Prec@1 68.167 Prec@5 87.109 Loss 1.26008
Epoch [32] Training Class Recall: [0.663,0.693,0.621,0.608,0.666,0.658,0.725,0.733,0.741,0.710]
Epoch [32] Testing Results: Prec@1 51.020 Prec@5 84.130 Loss 1.72962
Epoch [32] Testing Class Recall: [0.879,0.905,0.786,0.671,0.608,0.276,0.578,0.289,0.102,0.008]
Epoch [33] Training Results: Prec@1 68.322 Prec@5 87.076 Loss 1.25519
Epoch [33] Training Class Recall: [0.666,0.699,0.620,0.613,0.663,0.661,0.727,0.736,0.740,0.708]
Epoch [33] Testing Results: Prec@1 54.890 Prec@5 89.350 Loss 1.47106
Epoch [33] Testing Class Recall: [0.931,0.920,0.647,0.631,0.473,0.258,0.341,0.594,0.259,0.435]
Epoch [34] Training Results: Prec@1 68.307 Prec@5 87.009 Loss 1.25719
Epoch [34] Training Class Recall: [0.672,0.699,0.617,0.603,0.667,0.660,0.731,0.731,0.739,0.711]
Epoch [34] Testing Results: Prec@1 61.580 Prec@5 92.550 Loss 1.29492
Epoch [34] Testing Class Recall: [0.905,0.891,0.672,0.497,0.655,0.524,0.613,0.732,0.237,0.432]
Epoch [35] Training Results: Prec@1 68.456 Prec@5 87.229 Loss 1.25262
Epoch [35] Training Class Recall: [0.663,0.698,0.623,0.615,0.667,0.663,0.729,0.735,0.740,0.712]
Epoch [35] Testing Results: Prec@1 60.640 Prec@5 91.580 Loss 1.30720
Epoch [35] Testing Class Recall: [0.862,0.974,0.692,0.571,0.606,0.580,0.674,0.590,0.362,0.153]
Epoch [36] Training Results: Prec@1 68.342 Prec@5 87.320 Loss 1.25100
Epoch [36] Training Class Recall: [0.667,0.702,0.623,0.596,0.667,0.666,0.730,0.733,0.740,0.710]
Epoch [36] Testing Results: Prec@1 63.160 Prec@5 91.530 Loss 1.24051
Epoch [36] Testing Class Recall: [0.767,0.887,0.741,0.651,0.576,0.383,0.639,0.372,0.558,0.742]
Epoch [37] Training Results: Prec@1 68.442 Prec@5 87.222 Loss 1.25203
Epoch [37] Training Class Recall: [0.659,0.695,0.623,0.612,0.673,0.666,0.731,0.735,0.742,0.708]
Epoch [37] Testing Results: Prec@1 62.290 Prec@5 91.550 Loss 1.26278
Epoch [37] Testing Class Recall: [0.883,0.931,0.562,0.551,0.603,0.740,0.428,0.714,0.307,0.510]
Epoch [38] Training Results: Prec@1 68.638 Prec@5 87.342 Loss 1.24879
Epoch [38] Training Class Recall: [0.666,0.697,0.632,0.617,0.667,0.670,0.727,0.736,0.739,0.712]
Epoch [38] Testing Results: Prec@1 55.280 Prec@5 91.790 Loss 1.43432
Epoch [38] Testing Class Recall: [0.779,0.949,0.680,0.809,0.369,0.456,0.515,0.390,0.185,0.396]
Epoch [39] Training Results: Prec@1 68.682 Prec@5 87.378 Loss 1.24373
Epoch [39] Training Class Recall: [0.664,0.700,0.629,0.613,0.674,0.667,0.734,0.737,0.739,0.709]
Epoch [39] Testing Results: Prec@1 63.340 Prec@5 92.060 Loss 1.22499
Epoch [39] Testing Class Recall: [0.794,0.937,0.750,0.294,0.660,0.692,0.715,0.506,0.613,0.373]
Epoch [40] Training Results: Prec@1 68.867 Prec@5 87.289 Loss 1.24608
Epoch [40] Training Class Recall: [0.667,0.701,0.629,0.620,0.677,0.673,0.731,0.735,0.743,0.710]
Epoch [40] Testing Results: Prec@1 54.870 Prec@5 86.700 Loss 1.51026
Epoch [40] Testing Class Recall: [0.791,0.918,0.771,0.380,0.615,0.029,0.853,0.589,0.327,0.214]
Epoch [41] Training Results: Prec@1 69.031 Prec@5 87.278 Loss 1.24092
Epoch [41] Training Class Recall: [0.665,0.704,0.638,0.624,0.677,0.672,0.733,0.734,0.743,0.711]
Epoch [41] Testing Results: Prec@1 62.010 Prec@5 91.570 Loss 1.26661
Epoch [41] Testing Class Recall: [0.815,0.937,0.645,0.674,0.722,0.513,0.668,0.498,0.391,0.338]
Epoch [42] Training Results: Prec@1 68.891 Prec@5 87.362 Loss 1.24190
Epoch [42] Training Class Recall: [0.666,0.703,0.637,0.618,0.674,0.679,0.725,0.736,0.742,0.709]
Epoch [42] Testing Results: Prec@1 61.490 Prec@5 90.800 Loss 1.29921
Epoch [42] Testing Class Recall: [0.868,0.956,0.564,0.619,0.691,0.599,0.497,0.567,0.308,0.480]
Epoch [43] Training Results: Prec@1 68.844 Prec@5 87.327 Loss 1.24035
Epoch [43] Training Class Recall: [0.669,0.702,0.624,0.630,0.674,0.669,0.731,0.734,0.738,0.714]
Epoch [43] Testing Results: Prec@1 52.720 Prec@5 85.520 Loss 1.63645
Epoch [43] Testing Class Recall: [0.977,0.795,0.625,0.546,0.630,0.371,0.605,0.566,0.038,0.119]
Epoch [44] Training Results: Prec@1 68.736 Prec@5 87.478 Loss 1.24271
Epoch [44] Training Class Recall: [0.661,0.702,0.627,0.624,0.670,0.670,0.732,0.739,0.741,0.706]
Epoch [44] Testing Results: Prec@1 62.390 Prec@5 91.560 Loss 1.26874
Epoch [44] Testing Class Recall: [0.846,0.863,0.602,0.594,0.769,0.630,0.730,0.656,0.267,0.282]
Epoch [45] Training Results: Prec@1 69.060 Prec@5 87.431 Loss 1.23964
Epoch [45] Training Class Recall: [0.671,0.703,0.630,0.627,0.678,0.673,0.731,0.739,0.742,0.711]
Epoch [45] Testing Results: Prec@1 56.990 Prec@5 87.810 Loss 1.45562
Epoch [45] Testing Class Recall: [0.847,0.976,0.515,0.459,0.493,0.806,0.665,0.433,0.278,0.227]
Epoch [46] Training Results: Prec@1 69.009 Prec@5 87.187 Loss 1.23948
Epoch [46] Training Class Recall: [0.671,0.702,0.630,0.629,0.675,0.669,0.734,0.738,0.742,0.710]
Epoch [46] Testing Results: Prec@1 54.500 Prec@5 88.280 Loss 1.53990
Epoch [46] Testing Class Recall: [0.867,0.976,0.644,0.641,0.425,0.225,0.754,0.526,0.075,0.317]
Epoch [47] Training Results: Prec@1 69.060 Prec@5 87.367 Loss 1.23829
Epoch [47] Training Class Recall: [0.675,0.704,0.631,0.629,0.676,0.672,0.732,0.737,0.740,0.710]
Epoch [47] Testing Results: Prec@1 56.890 Prec@5 87.590 Loss 1.47659
Epoch [47] Testing Class Recall: [0.862,0.751,0.711,0.765,0.415,0.432,0.674,0.433,0.520,0.126]
Epoch [48] Training Results: Prec@1 68.907 Prec@5 87.544 Loss 1.23470
Epoch [48] Training Class Recall: [0.671,0.704,0.635,0.623,0.669,0.668,0.731,0.738,0.740,0.709]
Epoch [48] Testing Results: Prec@1 60.150 Prec@5 90.810 Loss 1.34276
Epoch [48] Testing Class Recall: [0.931,0.897,0.448,0.517,0.719,0.641,0.587,0.578,0.328,0.369]
Epoch [49] Training Results: Prec@1 69.142 Prec@5 87.500 Loss 1.23577
Epoch [49] Training Class Recall: [0.674,0.701,0.634,0.629,0.678,0.674,0.732,0.739,0.742,0.711]
Epoch [49] Testing Results: Prec@1 52.870 Prec@5 89.410 Loss 1.51102
Epoch [49] Testing Class Recall: [0.949,0.817,0.610,0.186,0.340,0.732,0.663,0.544,0.279,0.167]
Epoch [50] Training Results: Prec@1 69.302 Prec@5 87.493 Loss 1.22997
Epoch [50] Training Class Recall: [0.673,0.702,0.643,0.630,0.682,0.675,0.735,0.738,0.742,0.710]
Epoch [50] Testing Results: Prec@1 57.040 Prec@5 89.490 Loss 1.41015
Epoch [50] Testing Class Recall: [0.863,0.973,0.698,0.360,0.496,0.391,0.904,0.617,0.160,0.242]
Epoch [51] Training Results: Prec@1 69.269 Prec@5 87.556 Loss 1.23102
Epoch [51] Training Class Recall: [0.674,0.705,0.640,0.627,0.678,0.677,0.734,0.736,0.741,0.714]
Epoch [51] Testing Results: Prec@1 64.960 Prec@5 93.030 Loss 1.17716
Epoch [51] Testing Class Recall: [0.863,0.939,0.704,0.564,0.509,0.621,0.573,0.658,0.617,0.448]
Epoch [52] Training Results: Prec@1 69.240 Prec@5 87.413 Loss 1.23207
Epoch [52] Training Class Recall: [0.674,0.706,0.636,0.632,0.677,0.672,0.730,0.739,0.743,0.714]
Epoch [52] Testing Results: Prec@1 63.110 Prec@5 91.470 Loss 1.24848
Epoch [52] Testing Class Recall: [0.854,0.928,0.750,0.489,0.564,0.616,0.616,0.638,0.672,0.184]
Epoch [53] Training Results: Prec@1 69.267 Prec@5 87.593 Loss 1.22820
Epoch [53] Training Class Recall: [0.674,0.703,0.641,0.627,0.673,0.676,0.735,0.743,0.743,0.711]
Epoch [53] Testing Results: Prec@1 61.400 Prec@5 90.750 Loss 1.27196
Epoch [53] Testing Class Recall: [0.718,0.946,0.702,0.342,0.646,0.828,0.746,0.463,0.534,0.215]
Epoch [54] Training Results: Prec@1 69.480 Prec@5 87.400 Loss 1.22658
Epoch [54] Training Class Recall: [0.672,0.705,0.645,0.635,0.683,0.678,0.734,0.742,0.741,0.712]
Epoch [54] Testing Results: Prec@1 60.350 Prec@5 92.010 Loss 1.33342
Epoch [54] Testing Class Recall: [0.833,0.959,0.831,0.412,0.452,0.419,0.641,0.597,0.541,0.350]
Epoch [55] Training Results: Prec@1 69.616 Prec@5 87.656 Loss 1.22408
Epoch [55] Training Class Recall: [0.674,0.702,0.652,0.639,0.684,0.680,0.735,0.737,0.743,0.715]
Epoch [55] Testing Results: Prec@1 60.990 Prec@5 90.240 Loss 1.31524
Epoch [55] Testing Class Recall: [0.840,0.937,0.547,0.725,0.626,0.433,0.622,0.732,0.516,0.121]
Epoch [56] Training Results: Prec@1 69.542 Prec@5 87.513 Loss 1.22560
Epoch [56] Training Class Recall: [0.668,0.701,0.654,0.635,0.683,0.679,0.737,0.741,0.741,0.715]
Epoch [56] Testing Results: Prec@1 63.060 Prec@5 90.800 Loss 1.26652
Epoch [56] Testing Class Recall: [0.787,0.964,0.684,0.543,0.567,0.410,0.659,0.610,0.577,0.505]
Epoch [57] Training Results: Prec@1 69.422 Prec@5 87.529 Loss 1.22604
Epoch [57] Training Class Recall: [0.671,0.706,0.640,0.634,0.686,0.676,0.736,0.739,0.743,0.710]
Epoch [57] Testing Results: Prec@1 55.290 Prec@5 89.090 Loss 1.52289
Epoch [57] Testing Class Recall: [0.906,0.962,0.820,0.465,0.544,0.212,0.565,0.405,0.453,0.197]
Epoch [58] Training Results: Prec@1 69.644 Prec@5 87.576 Loss 1.21990
Epoch [58] Training Class Recall: [0.678,0.702,0.644,0.637,0.684,0.682,0.735,0.744,0.748,0.710]
Epoch [58] Testing Results: Prec@1 55.990 Prec@5 87.950 Loss 1.46408
Epoch [58] Testing Class Recall: [0.885,0.992,0.634,0.453,0.348,0.551,0.643,0.645,0.292,0.156]
Epoch [59] Training Results: Prec@1 69.480 Prec@5 87.682 Loss 1.22353
Epoch [59] Training Class Recall: [0.674,0.705,0.649,0.637,0.679,0.674,0.737,0.737,0.742,0.710]
Epoch [59] Testing Results: Prec@1 59.100 Prec@5 89.480 Loss 1.37125
Epoch [59] Testing Class Recall: [0.805,0.858,0.773,0.515,0.754,0.436,0.496,0.435,0.766,0.072]
Epoch [60] Training Results: Prec@1 69.436 Prec@5 87.600 Loss 1.22633
Epoch [60] Training Class Recall: [0.674,0.698,0.650,0.632,0.684,0.679,0.734,0.736,0.741,0.713]
Epoch [60] Testing Results: Prec@1 48.050 Prec@5 84.610 Loss 1.83885
Epoch [60] Testing Class Recall: [0.983,0.893,0.588,0.453,0.483,0.206,0.611,0.198,0.282,0.108]
Epoch [61] Training Results: Prec@1 69.571 Prec@5 87.509 Loss 1.22228
Epoch [61] Training Class Recall: [0.679,0.703,0.648,0.634,0.684,0.678,0.733,0.741,0.746,0.711]
Epoch [61] Testing Results: Prec@1 61.200 Prec@5 89.590 Loss 1.32571
Epoch [61] Testing Class Recall: [0.703,0.927,0.733,0.651,0.723,0.455,0.683,0.385,0.409,0.451]
Epoch [62] Training Results: Prec@1 69.656 Prec@5 87.576 Loss 1.22123
Epoch [62] Training Class Recall: [0.673,0.704,0.647,0.646,0.683,0.684,0.734,0.739,0.742,0.711]
Epoch [62] Testing Results: Prec@1 55.240 Prec@5 87.520 Loss 1.55006
Epoch [62] Testing Class Recall: [0.943,0.813,0.702,0.475,0.740,0.217,0.302,0.538,0.260,0.534]
Epoch [63] Training Results: Prec@1 69.636 Prec@5 87.713 Loss 1.22007
Epoch [63] Training Class Recall: [0.680,0.704,0.650,0.634,0.683,0.678,0.736,0.742,0.744,0.712]
Epoch [63] Testing Results: Prec@1 57.730 Prec@5 88.840 Loss 1.42081
Epoch [63] Testing Class Recall: [0.758,0.849,0.716,0.800,0.703,0.311,0.618,0.544,0.226,0.248]
Epoch [64] Training Results: Prec@1 69.689 Prec@5 87.873 Loss 1.21814
Epoch [64] Training Class Recall: [0.680,0.701,0.649,0.643,0.689,0.677,0.734,0.740,0.743,0.711]
Epoch [64] Testing Results: Prec@1 52.680 Prec@5 86.190 Loss 1.65811
Epoch [64] Testing Class Recall: [0.923,0.972,0.727,0.349,0.295,0.402,0.768,0.435,0.202,0.195]
Epoch [65] Training Results: Prec@1 69.620 Prec@5 87.896 Loss 1.21844
Epoch [65] Training Class Recall: [0.679,0.705,0.644,0.641,0.686,0.675,0.736,0.736,0.745,0.715]
Epoch [65] Testing Results: Prec@1 56.560 Prec@5 89.930 Loss 1.43399
Epoch [65] Testing Class Recall: [0.901,0.962,0.654,0.464,0.633,0.573,0.341,0.474,0.382,0.272]
Epoch [66] Training Results: Prec@1 69.780 Prec@5 87.696 Loss 1.21946
Epoch [66] Training Class Recall: [0.680,0.707,0.654,0.643,0.683,0.678,0.737,0.740,0.743,0.712]
Epoch [66] Testing Results: Prec@1 63.090 Prec@5 91.250 Loss 1.24670
Epoch [66] Testing Class Recall: [0.873,0.924,0.600,0.622,0.635,0.581,0.539,0.756,0.501,0.278]
Epoch [67] Training Results: Prec@1 69.562 Prec@5 87.649 Loss 1.22015
Epoch [67] Training Class Recall: [0.673,0.705,0.652,0.634,0.693,0.679,0.731,0.737,0.742,0.709]
Epoch [67] Testing Results: Prec@1 60.920 Prec@5 89.880 Loss 1.34565
Epoch [67] Testing Class Recall: [0.788,0.885,0.845,0.479,0.647,0.400,0.743,0.500,0.445,0.360]
Epoch [68] Training Results: Prec@1 69.813 Prec@5 87.531 Loss 1.21716
Epoch [68] Training Class Recall: [0.679,0.705,0.652,0.643,0.689,0.677,0.737,0.742,0.745,0.712]
Epoch [68] Testing Results: Prec@1 57.370 Prec@5 88.740 Loss 1.46372
Epoch [68] Testing Class Recall: [0.897,0.826,0.747,0.563,0.681,0.585,0.609,0.465,0.141,0.223]
Epoch [69] Training Results: Prec@1 69.762 Prec@5 87.762 Loss 1.21606
Epoch [69] Training Class Recall: [0.679,0.706,0.654,0.642,0.686,0.675,0.734,0.740,0.745,0.714]
Epoch [69] Testing Results: Prec@1 53.020 Prec@5 87.830 Loss 1.62688
Epoch [69] Testing Class Recall: [0.977,0.882,0.605,0.555,0.602,0.277,0.480,0.463,0.222,0.239]
Epoch [70] Training Results: Prec@1 69.629 Prec@5 87.984 Loss 1.21453
Epoch [70] Training Class Recall: [0.680,0.700,0.647,0.640,0.680,0.683,0.737,0.739,0.741,0.716]
Epoch [70] Testing Results: Prec@1 55.680 Prec@5 88.560 Loss 1.50372
Epoch [70] Testing Class Recall: [0.802,0.869,0.725,0.761,0.480,0.452,0.269,0.573,0.164,0.473]
Epoch [71] Training Results: Prec@1 69.958 Prec@5 87.907 Loss 1.21305
Epoch [71] Training Class Recall: [0.680,0.707,0.657,0.648,0.687,0.677,0.743,0.739,0.741,0.714]
Epoch [71] Testing Results: Prec@1 61.220 Prec@5 90.990 Loss 1.32360
Epoch [71] Testing Class Recall: [0.854,0.933,0.695,0.516,0.387,0.742,0.599,0.735,0.202,0.459]
Epoch [72] Training Results: Prec@1 69.896 Prec@5 87.791 Loss 1.21432
Epoch [72] Training Class Recall: [0.683,0.706,0.653,0.651,0.680,0.683,0.742,0.740,0.740,0.709]
Epoch [72] Testing Results: Prec@1 60.940 Prec@5 93.140 Loss 1.27586
Epoch [72] Testing Class Recall: [0.904,0.867,0.682,0.612,0.568,0.477,0.443,0.724,0.355,0.462]
Epoch [73] Training Results: Prec@1 69.844 Prec@5 87.698 Loss 1.21453
Epoch [73] Training Class Recall: [0.684,0.706,0.653,0.642,0.689,0.681,0.736,0.742,0.742,0.709]
Epoch [73] Testing Results: Prec@1 57.840 Prec@5 88.020 Loss 1.40778
Epoch [73] Testing Class Recall: [0.722,0.791,0.804,0.397,0.674,0.560,0.829,0.427,0.230,0.350]
Epoch [74] Training Results: Prec@1 69.991 Prec@5 87.876 Loss 1.21082
Epoch [74] Training Class Recall: [0.676,0.702,0.661,0.638,0.691,0.687,0.739,0.744,0.743,0.716]
Epoch [74] Testing Results: Prec@1 59.440 Prec@5 91.800 Loss 1.35578
Epoch [74] Testing Class Recall: [0.832,0.871,0.682,0.788,0.508,0.399,0.696,0.450,0.355,0.363]
Epoch [75] Training Results: Prec@1 70.009 Prec@5 87.933 Loss 1.21066
Epoch [75] Training Class Recall: [0.684,0.704,0.655,0.646,0.683,0.688,0.737,0.742,0.746,0.715]
Epoch [75] Testing Results: Prec@1 54.330 Prec@5 86.070 Loss 1.63566
Epoch [75] Testing Class Recall: [0.959,0.931,0.699,0.383,0.690,0.384,0.547,0.462,0.229,0.149]
Epoch [76] Training Results: Prec@1 69.880 Prec@5 87.829 Loss 1.21108
Epoch [76] Training Class Recall: [0.679,0.710,0.650,0.644,0.685,0.681,0.741,0.743,0.742,0.712]
Epoch [76] Testing Results: Prec@1 61.630 Prec@5 92.260 Loss 1.29969
Epoch [76] Testing Class Recall: [0.927,0.954,0.634,0.462,0.597,0.629,0.693,0.580,0.237,0.450]
Epoch [77] Training Results: Prec@1 70.102 Prec@5 88.047 Loss 1.20981
Epoch [77] Training Class Recall: [0.680,0.708,0.662,0.648,0.692,0.683,0.737,0.743,0.745,0.711]
Epoch [77] Testing Results: Prec@1 63.720 Prec@5 91.950 Loss 1.21985
Epoch [77] Testing Class Recall: [0.852,0.937,0.671,0.466,0.494,0.713,0.805,0.574,0.429,0.431]
Epoch [78] Training Results: Prec@1 69.769 Prec@5 87.996 Loss 1.21423
Epoch [78] Training Class Recall: [0.681,0.703,0.660,0.645,0.686,0.677,0.738,0.737,0.738,0.711]
Epoch [78] Testing Results: Prec@1 58.210 Prec@5 88.740 Loss 1.41096
Epoch [78] Testing Class Recall: [0.950,0.942,0.672,0.711,0.642,0.359,0.585,0.410,0.281,0.269]
Epoch [79] Training Results: Prec@1 69.978 Prec@5 87.716 Loss 1.20814
Epoch [79] Training Class Recall: [0.678,0.705,0.659,0.646,0.689,0.687,0.738,0.738,0.744,0.713]
Epoch [79] Testing Results: Prec@1 59.510 Prec@5 89.900 Loss 1.36358
Epoch [79] Testing Class Recall: [0.930,0.914,0.656,0.671,0.540,0.541,0.554,0.449,0.373,0.323]
Epoch [80] Training Results: Prec@1 69.858 Prec@5 88.002 Loss 1.21251
Epoch [80] Training Class Recall: [0.675,0.710,0.660,0.641,0.686,0.681,0.735,0.743,0.743,0.709]
Epoch [80] Testing Results: Prec@1 59.040 Prec@5 89.560 Loss 1.40755
Epoch [80] Testing Class Recall: [0.956,0.917,0.502,0.606,0.569,0.591,0.750,0.540,0.391,0.082]
Epoch [81] Training Results: Prec@1 70.024 Prec@5 87.816 Loss 1.20898
Epoch [81] Training Class Recall: [0.677,0.705,0.655,0.647,0.694,0.686,0.737,0.741,0.744,0.714]
Epoch [81] Testing Results: Prec@1 55.340 Prec@5 85.670 Loss 1.53414
Epoch [81] Testing Class Recall: [0.911,0.934,0.655,0.579,0.616,0.488,0.793,0.391,0.133,0.034]
Epoch [82] Training Results: Prec@1 70.022 Prec@5 87.744 Loss 1.21213
Epoch [82] Training Class Recall: [0.679,0.704,0.661,0.650,0.687,0.682,0.737,0.742,0.742,0.717]
Epoch [82] Testing Results: Prec@1 54.540 Prec@5 87.720 Loss 1.51674
Epoch [82] Testing Class Recall: [0.938,0.961,0.725,0.384,0.635,0.255,0.700,0.563,0.225,0.068]
Epoch [83] Training Results: Prec@1 69.993 Prec@5 88.036 Loss 1.21168
Epoch [83] Training Class Recall: [0.679,0.708,0.653,0.647,0.695,0.679,0.737,0.744,0.742,0.711]
Epoch [83] Testing Results: Prec@1 61.260 Prec@5 90.630 Loss 1.28996
Epoch [83] Testing Class Recall: [0.640,0.980,0.674,0.551,0.676,0.503,0.772,0.568,0.484,0.278]
Epoch [84] Training Results: Prec@1 70.127 Prec@5 87.844 Loss 1.20725
Epoch [84] Training Class Recall: [0.679,0.706,0.664,0.648,0.695,0.687,0.741,0.736,0.744,0.710]
Epoch [84] Testing Results: Prec@1 62.520 Prec@5 92.360 Loss 1.25020
Epoch [84] Testing Class Recall: [0.815,0.958,0.517,0.571,0.640,0.787,0.769,0.631,0.313,0.251]
Epoch [85] Training Results: Prec@1 70.216 Prec@5 88.224 Loss 1.20090
Epoch [85] Training Class Recall: [0.678,0.709,0.658,0.653,0.691,0.686,0.743,0.744,0.743,0.714]
Epoch [85] Testing Results: Prec@1 56.710 Prec@5 87.300 Loss 1.45925
Epoch [85] Testing Class Recall: [0.837,0.886,0.802,0.681,0.518,0.376,0.668,0.559,0.228,0.116]
Epoch [86] Training Results: Prec@1 70.069 Prec@5 87.884 Loss 1.20777
Epoch [86] Training Class Recall: [0.681,0.713,0.659,0.648,0.685,0.685,0.737,0.741,0.742,0.715]
Epoch [86] Testing Results: Prec@1 51.140 Prec@5 87.850 Loss 1.63920
Epoch [86] Testing Class Recall: [0.940,0.968,0.639,0.608,0.381,0.286,0.576,0.350,0.179,0.187]
Epoch [87] Training Results: Prec@1 70.153 Prec@5 87.878 Loss 1.20687
Epoch [87] Training Class Recall: [0.680,0.707,0.662,0.650,0.684,0.686,0.739,0.743,0.746,0.717]
Epoch [87] Testing Results: Prec@1 63.900 Prec@5 94.020 Loss 1.21642
Epoch [87] Testing Class Recall: [0.940,0.847,0.577,0.649,0.540,0.583,0.601,0.704,0.415,0.534]
Epoch [88] Training Results: Prec@1 70.053 Prec@5 87.911 Loss 1.20728
Epoch [88] Training Class Recall: [0.679,0.710,0.661,0.649,0.690,0.681,0.740,0.736,0.743,0.715]
Epoch [88] Testing Results: Prec@1 57.140 Prec@5 86.340 Loss 1.50045
Epoch [88] Testing Class Recall: [0.839,0.981,0.769,0.482,0.573,0.529,0.712,0.505,0.133,0.191]
Epoch [89] Training Results: Prec@1 70.207 Prec@5 87.902 Loss 1.20635
Epoch [89] Training Class Recall: [0.683,0.708,0.662,0.652,0.690,0.685,0.738,0.741,0.746,0.715]
Epoch [89] Testing Results: Prec@1 60.940 Prec@5 89.640 Loss 1.30972
Epoch [89] Testing Class Recall: [0.909,0.960,0.515,0.572,0.665,0.430,0.797,0.547,0.282,0.417]
Epoch [90] Training Results: Prec@1 70.071 Prec@5 87.860 Loss 1.20901
Epoch [90] Training Class Recall: [0.681,0.706,0.659,0.653,0.690,0.690,0.736,0.737,0.742,0.713]
Epoch [90] Testing Results: Prec@1 58.500 Prec@5 88.740 Loss 1.45241
Epoch [90] Testing Class Recall: [0.947,0.939,0.693,0.494,0.663,0.360,0.458,0.631,0.430,0.235]
Epoch [91] Training Results: Prec@1 70.387 Prec@5 88.102 Loss 1.20093
Epoch [91] Training Class Recall: [0.683,0.711,0.668,0.657,0.689,0.685,0.743,0.743,0.744,0.715]
Epoch [91] Testing Results: Prec@1 62.530 Prec@5 91.350 Loss 1.26010
Epoch [91] Testing Class Recall: [0.874,0.951,0.591,0.541,0.503,0.442,0.892,0.677,0.375,0.407]
Epoch [92] Training Results: Prec@1 70.140 Prec@5 88.238 Loss 1.20294
Epoch [92] Training Class Recall: [0.682,0.708,0.661,0.653,0.684,0.687,0.740,0.740,0.743,0.715]
Epoch [92] Testing Results: Prec@1 59.890 Prec@5 88.250 Loss 1.40896
Epoch [92] Testing Class Recall: [0.874,0.981,0.667,0.666,0.630,0.604,0.631,0.540,0.305,0.091]
Epoch [93] Training Results: Prec@1 70.096 Prec@5 88.084 Loss 1.20538
Epoch [93] Training Class Recall: [0.681,0.712,0.661,0.644,0.688,0.684,0.738,0.742,0.743,0.715]
Epoch [93] Testing Results: Prec@1 54.710 Prec@5 86.100 Loss 1.56084
Epoch [93] Testing Class Recall: [0.767,0.857,0.697,0.662,0.437,0.694,0.591,0.478,0.051,0.237]
Epoch [94] Training Results: Prec@1 70.169 Prec@5 88.187 Loss 1.20437
Epoch [94] Training Class Recall: [0.679,0.707,0.662,0.648,0.695,0.685,0.743,0.742,0.741,0.711]
Epoch [94] Testing Results: Prec@1 57.140 Prec@5 89.540 Loss 1.46209
Epoch [94] Testing Class Recall: [0.925,0.923,0.614,0.604,0.519,0.392,0.735,0.604,0.191,0.207]
Epoch [95] Training Results: Prec@1 70.422 Prec@5 88.189 Loss 1.19914
Epoch [95] Training Class Recall: [0.685,0.712,0.662,0.655,0.696,0.686,0.742,0.742,0.745,0.715]
Epoch [95] Testing Results: Prec@1 59.750 Prec@5 89.080 Loss 1.42211
Epoch [95] Testing Class Recall: [0.813,0.975,0.449,0.656,0.474,0.378,0.810,0.565,0.691,0.164]
Epoch [96] Training Results: Prec@1 70.127 Prec@5 88.102 Loss 1.20702
Epoch [96] Training Class Recall: [0.677,0.713,0.657,0.648,0.693,0.677,0.742,0.743,0.745,0.715]
Epoch [96] Testing Results: Prec@1 62.690 Prec@5 90.640 Loss 1.25003
Epoch [96] Testing Class Recall: [0.722,0.948,0.721,0.454,0.642,0.750,0.365,0.462,0.768,0.437]
Epoch [97] Training Results: Prec@1 70.367 Prec@5 88.011 Loss 1.20057
Epoch [97] Training Class Recall: [0.685,0.702,0.670,0.651,0.696,0.688,0.742,0.745,0.742,0.713]
Epoch [97] Testing Results: Prec@1 52.980 Prec@5 85.600 Loss 1.59844
Epoch [97] Testing Class Recall: [0.661,0.924,0.686,0.823,0.426,0.476,0.537,0.206,0.389,0.170]
Epoch [98] Training Results: Prec@1 70.100 Prec@5 88.064 Loss 1.20229
Epoch [98] Training Class Recall: [0.675,0.709,0.663,0.651,0.687,0.685,0.741,0.741,0.743,0.714]
Epoch [98] Testing Results: Prec@1 61.160 Prec@5 89.400 Loss 1.36099
Epoch [98] Testing Class Recall: [0.811,0.963,0.836,0.542,0.612,0.491,0.680,0.560,0.172,0.449]
Epoch [99] Training Results: Prec@1 70.380 Prec@5 88.144 Loss 1.19863
Epoch [99] Training Class Recall: [0.687,0.711,0.657,0.653,0.693,0.686,0.744,0.744,0.745,0.716]
Epoch [99] Testing Results: Prec@1 60.880 Prec@5 89.620 Loss 1.34073
Epoch [99] Testing Class Recall: [0.894,0.938,0.799,0.382,0.494,0.470,0.768,0.739,0.240,0.364]
Epoch [100] Training Results: Prec@1 70.251 Prec@5 88.162 Loss 1.19935
Epoch [100] Training Class Recall: [0.682,0.710,0.666,0.654,0.693,0.683,0.740,0.739,0.743,0.714]
Epoch [100] Testing Results: Prec@1 63.330 Prec@5 90.870 Loss 1.25195
Epoch [100] Testing Class Recall: [0.805,0.860,0.535,0.622,0.700,0.543,0.646,0.749,0.488,0.385]
Epoch [101] Training Results: Prec@1 70.082 Prec@5 88.233 Loss 1.20658
Epoch [101] Training Class Recall: [0.675,0.710,0.661,0.651,0.686,0.684,0.741,0.740,0.742,0.715]
Epoch [101] Testing Results: Prec@1 60.300 Prec@5 89.040 Loss 1.35042
Epoch [101] Testing Class Recall: [0.833,0.902,0.772,0.471,0.740,0.467,0.567,0.587,0.492,0.199]
Epoch [102] Training Results: Prec@1 70.380 Prec@5 88.293 Loss 1.19824
Epoch [102] Training Class Recall: [0.681,0.704,0.669,0.655,0.687,0.692,0.744,0.743,0.746,0.714]
Epoch [102] Testing Results: Prec@1 61.390 Prec@5 92.270 Loss 1.29313
Epoch [102] Testing Class Recall: [0.845,0.955,0.701,0.603,0.608,0.588,0.733,0.527,0.208,0.371]
Epoch [103] Training Results: Prec@1 70.562 Prec@5 88.067 Loss 1.19647
Epoch [103] Training Class Recall: [0.689,0.715,0.664,0.654,0.696,0.689,0.746,0.745,0.743,0.713]
Epoch [103] Testing Results: Prec@1 60.460 Prec@5 92.180 Loss 1.32763
Epoch [103] Testing Class Recall: [0.945,0.860,0.600,0.639,0.453,0.403,0.570,0.740,0.370,0.466]
Epoch [104] Training Results: Prec@1 70.367 Prec@5 87.976 Loss 1.19891
Epoch [104] Training Class Recall: [0.679,0.713,0.668,0.651,0.689,0.687,0.743,0.744,0.743,0.717]
Epoch [104] Testing Results: Prec@1 61.380 Prec@5 90.720 Loss 1.30186
Epoch [104] Testing Class Recall: [0.923,0.971,0.665,0.463,0.640,0.496,0.799,0.416,0.390,0.375]
Epoch [105] Training Results: Prec@1 70.296 Prec@5 88.127 Loss 1.20254
Epoch [105] Training Class Recall: [0.683,0.708,0.659,0.655,0.692,0.681,0.746,0.743,0.746,0.715]
Epoch [105] Testing Results: Prec@1 46.680 Prec@5 83.100 Loss 1.88828
Epoch [105] Testing Class Recall: [0.970,0.929,0.592,0.275,0.209,0.469,0.434,0.375,0.141,0.274]
Epoch [106] Training Results: Prec@1 70.536 Prec@5 88.300 Loss 1.19596
Epoch [106] Training Class Recall: [0.681,0.708,0.668,0.659,0.698,0.693,0.742,0.744,0.743,0.714]
Epoch [106] Testing Results: Prec@1 61.640 Prec@5 90.400 Loss 1.30956
Epoch [106] Testing Class Recall: [0.820,0.871,0.725,0.606,0.466,0.462,0.709,0.807,0.195,0.503]
Epoch [107] Training Results: Prec@1 70.524 Prec@5 88.369 Loss 1.19493
Epoch [107] Training Class Recall: [0.680,0.705,0.671,0.656,0.695,0.693,0.745,0.746,0.745,0.715]
Epoch [107] Testing Results: Prec@1 57.340 Prec@5 86.430 Loss 1.48510
Epoch [107] Testing Class Recall: [0.902,0.829,0.741,0.425,0.696,0.551,0.715,0.574,0.037,0.264]
Epoch [108] Training Results: Prec@1 70.300 Prec@5 88.187 Loss 1.19955
Epoch [108] Training Class Recall: [0.683,0.706,0.669,0.656,0.692,0.682,0.743,0.742,0.741,0.713]
Epoch [108] Testing Results: Prec@1 59.750 Prec@5 90.590 Loss 1.36146
Epoch [108] Testing Class Recall: [0.843,0.901,0.720,0.590,0.538,0.392,0.301,0.808,0.466,0.416]
Epoch [109] Training Results: Prec@1 70.451 Prec@5 88.176 Loss 1.19866
Epoch [109] Training Class Recall: [0.686,0.710,0.663,0.649,0.695,0.691,0.745,0.749,0.742,0.715]
Epoch [109] Testing Results: Prec@1 56.300 Prec@5 90.310 Loss 1.46294
Epoch [109] Testing Class Recall: [0.851,0.944,0.678,0.238,0.375,0.381,0.893,0.476,0.184,0.610]
Epoch [110] Training Results: Prec@1 70.407 Prec@5 88.251 Loss 1.19481
Epoch [110] Training Class Recall: [0.683,0.710,0.670,0.655,0.687,0.689,0.743,0.743,0.743,0.715]
Epoch [110] Testing Results: Prec@1 62.150 Prec@5 91.970 Loss 1.25168
Epoch [110] Testing Class Recall: [0.776,0.954,0.803,0.447,0.476,0.510,0.755,0.562,0.549,0.383]
Epoch [111] Training Results: Prec@1 70.147 Prec@5 88.264 Loss 1.20105
Epoch [111] Training Class Recall: [0.676,0.705,0.659,0.654,0.689,0.687,0.744,0.741,0.744,0.713]
Epoch [111] Testing Results: Prec@1 60.800 Prec@5 90.680 Loss 1.32181
Epoch [111] Testing Class Recall: [0.922,0.942,0.635,0.478,0.696,0.551,0.641,0.657,0.324,0.234]
Epoch [112] Training Results: Prec@1 70.367 Prec@5 88.311 Loss 1.19541
Epoch [112] Training Class Recall: [0.686,0.706,0.673,0.654,0.691,0.686,0.740,0.741,0.743,0.713]
Epoch [112] Testing Results: Prec@1 63.040 Prec@5 92.010 Loss 1.23022
Epoch [112] Testing Class Recall: [0.887,0.942,0.511,0.524,0.639,0.489,0.531,0.629,0.488,0.664]
Epoch [113] Training Results: Prec@1 70.431 Prec@5 88.122 Loss 1.19441
Epoch [113] Training Class Recall: [0.683,0.715,0.659,0.656,0.694,0.690,0.745,0.743,0.744,0.712]
Epoch [113] Testing Results: Prec@1 57.700 Prec@5 88.770 Loss 1.47638
Epoch [113] Testing Class Recall: [0.818,0.859,0.818,0.728,0.555,0.323,0.656,0.334,0.297,0.382]
Epoch [114] Training Results: Prec@1 70.398 Prec@5 88.184 Loss 1.19795
Epoch [114] Training Class Recall: [0.687,0.708,0.662,0.650,0.697,0.686,0.744,0.743,0.746,0.714]
Epoch [114] Testing Results: Prec@1 61.090 Prec@5 91.560 Loss 1.32207
Epoch [114] Testing Class Recall: [0.893,0.919,0.791,0.320,0.461,0.427,0.473,0.566,0.602,0.657]
Epoch [115] Training Results: Prec@1 70.449 Prec@5 88.433 Loss 1.19245
Epoch [115] Training Class Recall: [0.685,0.710,0.666,0.653,0.693,0.690,0.746,0.745,0.742,0.711]
Epoch [115] Testing Results: Prec@1 61.770 Prec@5 91.080 Loss 1.31698
Epoch [115] Testing Class Recall: [0.811,0.990,0.726,0.587,0.430,0.449,0.739,0.633,0.348,0.464]
Epoch [116] Training Results: Prec@1 70.347 Prec@5 88.236 Loss 1.19635
Epoch [116] Training Class Recall: [0.685,0.709,0.666,0.648,0.693,0.685,0.743,0.743,0.745,0.715]
Epoch [116] Testing Results: Prec@1 58.450 Prec@5 88.950 Loss 1.42297
Epoch [116] Testing Class Recall: [0.870,0.908,0.752,0.614,0.477,0.392,0.675,0.640,0.158,0.359]
Epoch [117] Training Results: Prec@1 70.362 Prec@5 88.227 Loss 1.19792
Epoch [117] Training Class Recall: [0.685,0.707,0.665,0.656,0.691,0.680,0.743,0.746,0.745,0.715]
Epoch [117] Testing Results: Prec@1 59.130 Prec@5 91.550 Loss 1.34354
Epoch [117] Testing Class Recall: [0.864,0.944,0.428,0.806,0.510,0.325,0.772,0.598,0.416,0.250]
Epoch [118] Training Results: Prec@1 70.516 Prec@5 88.482 Loss 1.19403
Epoch [118] Training Class Recall: [0.688,0.709,0.669,0.660,0.695,0.690,0.738,0.744,0.742,0.716]
Epoch [118] Testing Results: Prec@1 60.470 Prec@5 86.820 Loss 1.37140
Epoch [118] Testing Class Recall: [0.882,0.942,0.660,0.661,0.636,0.264,0.691,0.558,0.637,0.116]
Epoch [119] Training Results: Prec@1 70.367 Prec@5 88.233 Loss 1.19514
Epoch [119] Training Class Recall: [0.676,0.708,0.668,0.653,0.694,0.687,0.743,0.744,0.745,0.716]
Epoch [119] Testing Results: Prec@1 55.850 Prec@5 88.940 Loss 1.49956
Epoch [119] Testing Class Recall: [0.903,0.977,0.717,0.373,0.538,0.581,0.426,0.517,0.090,0.463]
Epoch [120] Training Results: Prec@1 70.620 Prec@5 88.444 Loss 1.19009
Epoch [120] Training Class Recall: [0.683,0.708,0.673,0.655,0.697,0.690,0.749,0.745,0.744,0.716]
Epoch [120] Testing Results: Prec@1 58.000 Prec@5 86.660 Loss 1.45313
Epoch [120] Testing Class Recall: [0.795,0.976,0.805,0.495,0.517,0.229,0.712,0.581,0.497,0.193]
Epoch [121] Training Results: Prec@1 70.447 Prec@5 88.262 Loss 1.19444
Epoch [121] Training Class Recall: [0.678,0.709,0.665,0.660,0.698,0.688,0.743,0.745,0.744,0.714]
Epoch [121] Testing Results: Prec@1 59.610 Prec@5 88.410 Loss 1.42394
Epoch [121] Testing Class Recall: [0.923,0.877,0.754,0.628,0.654,0.371,0.636,0.625,0.184,0.309]
Epoch [122] Training Results: Prec@1 70.620 Prec@5 88.273 Loss 1.19211
Epoch [122] Training Class Recall: [0.686,0.717,0.666,0.663,0.699,0.687,0.741,0.743,0.744,0.714]
Epoch [122] Testing Results: Prec@1 55.640 Prec@5 88.850 Loss 1.53673
Epoch [122] Testing Class Recall: [0.971,0.784,0.563,0.600,0.501,0.508,0.634,0.538,0.179,0.286]
Epoch [123] Training Results: Prec@1 70.504 Prec@5 88.507 Loss 1.19385
Epoch [123] Training Class Recall: [0.686,0.710,0.671,0.655,0.698,0.683,0.743,0.744,0.744,0.713]
Epoch [123] Testing Results: Prec@1 50.180 Prec@5 84.890 Loss 1.69479
Epoch [123] Testing Class Recall: [0.882,0.746,0.814,0.559,0.324,0.196,0.696,0.422,0.300,0.079]
Epoch [124] Training Results: Prec@1 70.513 Prec@5 88.244 Loss 1.19454
Epoch [124] Training Class Recall: [0.682,0.716,0.662,0.660,0.696,0.687,0.743,0.745,0.743,0.715]
Epoch [124] Testing Results: Prec@1 59.880 Prec@5 88.020 Loss 1.39130
Epoch [124] Testing Class Recall: [0.901,0.890,0.600,0.647,0.676,0.414,0.706,0.635,0.275,0.244]
Epoch [125] Training Results: Prec@1 70.420 Prec@5 88.264 Loss 1.19104
Epoch [125] Training Class Recall: [0.680,0.712,0.668,0.660,0.693,0.686,0.743,0.744,0.743,0.711]
Epoch [125] Testing Results: Prec@1 61.450 Prec@5 88.320 Loss 1.34215
Epoch [125] Testing Class Recall: [0.877,0.906,0.665,0.463,0.814,0.537,0.725,0.430,0.147,0.581]
Epoch [126] Training Results: Prec@1 70.609 Prec@5 88.222 Loss 1.19028
Epoch [126] Training Class Recall: [0.686,0.709,0.677,0.658,0.698,0.690,0.743,0.744,0.742,0.711]
Epoch [126] Testing Results: Prec@1 58.430 Prec@5 86.750 Loss 1.44684
Epoch [126] Testing Class Recall: [0.825,0.953,0.762,0.572,0.599,0.563,0.574,0.714,0.139,0.142]
Epoch [127] Training Results: Prec@1 70.582 Prec@5 88.353 Loss 1.19187
Epoch [127] Training Class Recall: [0.687,0.710,0.673,0.656,0.699,0.692,0.742,0.742,0.743,0.712]
Epoch [127] Testing Results: Prec@1 53.610 Prec@5 84.440 Loss 1.59101
Epoch [127] Testing Class Recall: [0.896,0.962,0.706,0.692,0.666,0.224,0.437,0.381,0.335,0.062]
Epoch [128] Training Results: Prec@1 70.493 Prec@5 88.424 Loss 1.19023
Epoch [128] Training Class Recall: [0.681,0.706,0.674,0.662,0.696,0.681,0.743,0.743,0.747,0.713]
Epoch [128] Testing Results: Prec@1 55.270 Prec@5 87.080 Loss 1.49792
Epoch [128] Testing Class Recall: [0.937,0.940,0.728,0.488,0.596,0.259,0.680,0.460,0.262,0.177]
Epoch [129] Training Results: Prec@1 70.647 Prec@5 88.429 Loss 1.18943
Epoch [129] Training Class Recall: [0.683,0.715,0.672,0.658,0.693,0.695,0.745,0.744,0.744,0.713]
Epoch [129] Testing Results: Prec@1 58.980 Prec@5 89.200 Loss 1.42420
Epoch [129] Testing Class Recall: [0.829,0.859,0.639,0.803,0.511,0.307,0.749,0.595,0.183,0.423]
Epoch [130] Training Results: Prec@1 70.531 Prec@5 88.293 Loss 1.19100
Epoch [130] Training Class Recall: [0.687,0.706,0.666,0.661,0.700,0.690,0.744,0.740,0.744,0.712]
Epoch [130] Testing Results: Prec@1 58.700 Prec@5 88.710 Loss 1.38497
Epoch [130] Testing Class Recall: [0.889,0.954,0.609,0.689,0.555,0.612,0.550,0.524,0.091,0.397]
Epoch [131] Training Results: Prec@1 70.707 Prec@5 88.516 Loss 1.18746
Epoch [131] Training Class Recall: [0.682,0.713,0.677,0.659,0.696,0.693,0.743,0.743,0.746,0.716]
Epoch [131] Testing Results: Prec@1 56.780 Prec@5 87.760 Loss 1.53846
Epoch [131] Testing Class Recall: [0.943,0.966,0.609,0.548,0.588,0.441,0.435,0.658,0.343,0.147]
Epoch [132] Training Results: Prec@1 70.558 Prec@5 88.396 Loss 1.19120
Epoch [132] Training Class Recall: [0.679,0.712,0.668,0.656,0.694,0.695,0.745,0.743,0.746,0.716]
Epoch [132] Testing Results: Prec@1 57.760 Prec@5 92.650 Loss 1.37072
Epoch [132] Testing Class Recall: [0.965,0.898,0.509,0.388,0.518,0.439,0.801,0.618,0.427,0.213]
Epoch [133] Training Results: Prec@1 70.664 Prec@5 88.296 Loss 1.18744
Epoch [133] Training Class Recall: [0.680,0.710,0.677,0.663,0.691,0.696,0.742,0.742,0.746,0.717]
Epoch [133] Testing Results: Prec@1 59.240 Prec@5 88.330 Loss 1.39879
Epoch [133] Testing Class Recall: [0.854,0.980,0.788,0.676,0.544,0.392,0.681,0.545,0.205,0.259]
Epoch [134] Training Results: Prec@1 70.576 Prec@5 88.529 Loss 1.19025
Epoch [134] Training Class Recall: [0.685,0.712,0.664,0.663,0.691,0.687,0.750,0.745,0.745,0.714]
Epoch [134] Testing Results: Prec@1 60.020 Prec@5 90.990 Loss 1.34202
Epoch [134] Testing Class Recall: [0.884,0.966,0.636,0.611,0.583,0.348,0.770,0.644,0.306,0.254]
Epoch [135] Training Results: Prec@1 70.531 Prec@5 88.416 Loss 1.18901
Epoch [135] Training Class Recall: [0.683,0.707,0.667,0.657,0.699,0.695,0.742,0.742,0.744,0.713]
Epoch [135] Testing Results: Prec@1 48.490 Prec@5 85.670 Loss 1.80652
Epoch [135] Testing Class Recall: [0.974,0.910,0.715,0.445,0.279,0.350,0.416,0.439,0.075,0.246]
Epoch [136] Training Results: Prec@1 70.424 Prec@5 88.389 Loss 1.19151
Epoch [136] Training Class Recall: [0.679,0.709,0.669,0.656,0.692,0.688,0.746,0.741,0.745,0.714]
Epoch [136] Testing Results: Prec@1 52.890 Prec@5 86.600 Loss 1.80308
Epoch [136] Testing Class Recall: [0.956,0.970,0.692,0.244,0.529,0.602,0.701,0.388,0.112,0.095]
Epoch [137] Training Results: Prec@1 70.678 Prec@5 88.509 Loss 1.18925
Epoch [137] Training Class Recall: [0.685,0.711,0.671,0.657,0.704,0.690,0.744,0.746,0.744,0.714]
Epoch [137] Testing Results: Prec@1 62.050 Prec@5 91.320 Loss 1.29423
Epoch [137] Testing Class Recall: [0.941,0.902,0.608,0.638,0.567,0.543,0.721,0.434,0.417,0.434]
Epoch [138] Training Results: Prec@1 70.724 Prec@5 88.558 Loss 1.18629
Epoch [138] Training Class Recall: [0.685,0.715,0.672,0.667,0.697,0.690,0.743,0.743,0.744,0.714]
Epoch [138] Testing Results: Prec@1 61.630 Prec@5 90.760 Loss 1.29407
Epoch [138] Testing Class Recall: [0.910,0.953,0.550,0.506,0.629,0.488,0.627,0.506,0.440,0.554]
Epoch [139] Training Results: Prec@1 70.636 Prec@5 88.273 Loss 1.18908
Epoch [139] Training Class Recall: [0.683,0.710,0.675,0.660,0.697,0.690,0.742,0.744,0.744,0.715]
Epoch [139] Testing Results: Prec@1 57.550 Prec@5 90.470 Loss 1.38650
Epoch [139] Testing Class Recall: [0.915,0.896,0.752,0.558,0.512,0.510,0.710,0.491,0.257,0.154]
Epoch [140] Training Results: Prec@1 70.673 Prec@5 88.702 Loss 1.18587
Epoch [140] Training Class Recall: [0.680,0.712,0.668,0.660,0.698,0.696,0.747,0.744,0.744,0.715]
Epoch [140] Testing Results: Prec@1 53.460 Prec@5 87.510 Loss 1.58998
Epoch [140] Testing Class Recall: [0.924,0.884,0.809,0.296,0.636,0.346,0.777,0.334,0.180,0.160]
Epoch [141] Training Results: Prec@1 70.662 Prec@5 88.616 Loss 1.18761
Epoch [141] Training Class Recall: [0.683,0.710,0.669,0.666,0.699,0.688,0.745,0.744,0.745,0.715]
Epoch [141] Testing Results: Prec@1 58.650 Prec@5 89.680 Loss 1.40779
Epoch [141] Testing Class Recall: [0.916,0.907,0.787,0.572,0.568,0.215,0.514,0.659,0.502,0.225]
Epoch [142] Training Results: Prec@1 70.647 Prec@5 88.758 Loss 1.18888
Epoch [142] Training Class Recall: [0.689,0.710,0.674,0.659,0.695,0.688,0.746,0.741,0.747,0.713]
Epoch [142] Testing Results: Prec@1 58.460 Prec@5 89.240 Loss 1.42951
Epoch [142] Testing Class Recall: [0.791,0.961,0.833,0.615,0.407,0.460,0.521,0.549,0.278,0.431]
Epoch [143] Training Results: Prec@1 70.827 Prec@5 88.604 Loss 1.18737
Epoch [143] Training Class Recall: [0.687,0.710,0.671,0.668,0.702,0.691,0.747,0.744,0.745,0.714]
Epoch [143] Testing Results: Prec@1 57.190 Prec@5 88.820 Loss 1.44803
Epoch [143] Testing Class Recall: [0.883,0.979,0.619,0.723,0.524,0.429,0.721,0.441,0.257,0.143]
Epoch [144] Training Results: Prec@1 70.660 Prec@5 88.487 Loss 1.18580
Epoch [144] Training Class Recall: [0.689,0.710,0.672,0.658,0.699,0.689,0.742,0.744,0.747,0.713]
Epoch [144] Testing Results: Prec@1 64.860 Prec@5 90.590 Loss 1.23014
Epoch [144] Testing Class Recall: [0.806,0.950,0.743,0.603,0.443,0.415,0.646,0.770,0.655,0.455]
Epoch [145] Training Results: Prec@1 70.818 Prec@5 88.731 Loss 1.18195
Epoch [145] Training Class Recall: [0.687,0.717,0.677,0.663,0.693,0.692,0.743,0.747,0.746,0.716]
Epoch [145] Testing Results: Prec@1 50.880 Prec@5 80.880 Loss 1.76557
Epoch [145] Testing Class Recall: [0.920,0.928,0.739,0.512,0.690,0.433,0.392,0.239,0.153,0.082]
Epoch [146] Training Results: Prec@1 70.624 Prec@5 88.738 Loss 1.18472
Epoch [146] Training Class Recall: [0.690,0.711,0.674,0.660,0.693,0.687,0.744,0.742,0.743,0.715]
Epoch [146] Testing Results: Prec@1 56.300 Prec@5 84.680 Loss 1.53469
Epoch [146] Testing Class Recall: [0.846,0.873,0.830,0.561,0.630,0.415,0.556,0.497,0.109,0.313]
Epoch [147] Training Results: Prec@1 70.722 Prec@5 88.511 Loss 1.18549
Epoch [147] Training Class Recall: [0.691,0.709,0.679,0.659,0.697,0.694,0.740,0.741,0.745,0.714]
Epoch [147] Testing Results: Prec@1 63.060 Prec@5 92.720 Loss 1.22384
Epoch [147] Testing Class Recall: [0.854,0.949,0.520,0.702,0.556,0.453,0.828,0.648,0.475,0.321]
Epoch [148] Training Results: Prec@1 70.584 Prec@5 88.584 Loss 1.18654
Epoch [148] Training Class Recall: [0.681,0.707,0.667,0.667,0.695,0.688,0.744,0.744,0.746,0.717]
Epoch [148] Testing Results: Prec@1 49.260 Prec@5 82.670 Loss 1.82200
Epoch [148] Testing Class Recall: [0.897,0.921,0.835,0.274,0.752,0.202,0.549,0.198,0.193,0.105]
Epoch [149] Training Results: Prec@1 70.696 Prec@5 88.664 Loss 1.18693
Epoch [149] Training Class Recall: [0.688,0.711,0.679,0.656,0.700,0.687,0.743,0.746,0.743,0.715]
Epoch [149] Testing Results: Prec@1 63.070 Prec@5 92.920 Loss 1.21395
Epoch [149] Testing Class Recall: [0.779,0.969,0.499,0.355,0.806,0.639,0.589,0.615,0.518,0.538]
Epoch [150] Training Results: Prec@1 70.942 Prec@5 88.582 Loss 1.18240
Epoch [150] Training Class Recall: [0.684,0.714,0.678,0.669,0.702,0.694,0.743,0.747,0.747,0.715]
Epoch [150] Testing Results: Prec@1 56.320 Prec@5 88.710 Loss 1.45779
Epoch [150] Testing Class Recall: [0.891,0.962,0.699,0.385,0.611,0.552,0.582,0.289,0.208,0.453]
Epoch [151] Training Results: Prec@1 70.591 Prec@5 88.647 Loss 1.18637
Epoch [151] Training Class Recall: [0.683,0.710,0.677,0.656,0.693,0.688,0.745,0.740,0.748,0.716]
Epoch [151] Testing Results: Prec@1 60.070 Prec@5 91.050 Loss 1.33251
Epoch [151] Testing Class Recall: [0.922,0.900,0.712,0.640,0.723,0.336,0.722,0.530,0.280,0.242]
Epoch [152] Training Results: Prec@1 70.784 Prec@5 88.573 Loss 1.18311
Epoch [152] Training Class Recall: [0.687,0.709,0.680,0.665,0.695,0.690,0.745,0.746,0.744,0.714]
Epoch [152] Testing Results: Prec@1 60.670 Prec@5 86.560 Loss 1.40334
Epoch [152] Testing Class Recall: [0.875,0.927,0.775,0.519,0.475,0.548,0.572,0.624,0.670,0.082]
Epoch [153] Training Results: Prec@1 70.800 Prec@5 88.704 Loss 1.18419
Epoch [153] Training Class Recall: [0.684,0.711,0.677,0.659,0.701,0.693,0.744,0.744,0.746,0.717]
Epoch [153] Testing Results: Prec@1 56.040 Prec@5 87.070 Loss 1.50153
Epoch [153] Testing Class Recall: [0.941,0.967,0.622,0.380,0.555,0.403,0.725,0.447,0.356,0.208]
Epoch [154] Training Results: Prec@1 70.653 Prec@5 88.749 Loss 1.18527
Epoch [154] Training Class Recall: [0.684,0.714,0.669,0.657,0.700,0.691,0.747,0.745,0.743,0.713]
Epoch [154] Testing Results: Prec@1 63.010 Prec@5 90.690 Loss 1.27083
Epoch [154] Testing Class Recall: [0.854,0.941,0.700,0.477,0.583,0.573,0.805,0.593,0.457,0.318]
Epoch [155] Training Results: Prec@1 70.731 Prec@5 88.720 Loss 1.18357
Epoch [155] Training Class Recall: [0.690,0.709,0.677,0.661,0.695,0.694,0.744,0.744,0.742,0.716]
Epoch [155] Testing Results: Prec@1 64.810 Prec@5 92.140 Loss 1.18978
Epoch [155] Testing Class Recall: [0.820,0.924,0.649,0.491,0.732,0.434,0.838,0.569,0.659,0.365]
Epoch [156] Training Results: Prec@1 70.736 Prec@5 88.707 Loss 1.18052
Epoch [156] Training Class Recall: [0.684,0.713,0.673,0.662,0.698,0.690,0.748,0.745,0.745,0.712]
Epoch [156] Testing Results: Prec@1 64.320 Prec@5 93.910 Loss 1.20305
Epoch [156] Testing Class Recall: [0.761,0.908,0.744,0.711,0.542,0.480,0.528,0.628,0.610,0.520]
Epoch [157] Training Results: Prec@1 70.667 Prec@5 88.591 Loss 1.18283
Epoch [157] Training Class Recall: [0.687,0.709,0.668,0.665,0.702,0.691,0.741,0.743,0.745,0.714]
Epoch [157] Testing Results: Prec@1 56.490 Prec@5 88.100 Loss 1.51505
Epoch [157] Testing Class Recall: [0.890,0.867,0.512,0.754,0.473,0.586,0.604,0.529,0.157,0.277]
Epoch [158] Training Results: Prec@1 70.578 Prec@5 88.807 Loss 1.18458
Epoch [158] Training Class Recall: [0.688,0.708,0.673,0.657,0.694,0.690,0.743,0.742,0.745,0.717]
Epoch [158] Testing Results: Prec@1 62.570 Prec@5 90.880 Loss 1.24436
Epoch [158] Testing Class Recall: [0.874,0.931,0.543,0.503,0.563,0.682,0.627,0.541,0.684,0.309]
Epoch [159] Training Results: Prec@1 70.653 Prec@5 88.602 Loss 1.18660
Epoch [159] Training Class Recall: [0.680,0.708,0.673,0.662,0.692,0.695,0.747,0.743,0.746,0.718]
Epoch [159] Testing Results: Prec@1 60.980 Prec@5 90.880 Loss 1.31818
Epoch [159] Testing Class Recall: [0.941,0.934,0.616,0.347,0.460,0.519,0.805,0.595,0.472,0.409]
Epoch [160] Training Results: Prec@1 72.398 Prec@5 89.611 Loss 1.13050
Epoch [160] Training Class Recall: [0.705,0.720,0.702,0.670,0.718,0.721,0.765,0.759,0.752,0.724]
Epoch [160] Testing Results: Prec@1 63.980 Prec@5 91.610 Loss 1.24273
Epoch [160] Testing Class Recall: [0.922,0.952,0.743,0.615,0.648,0.501,0.679,0.568,0.438,0.332]
Epoch [161] Training Results: Prec@1 73.242 Prec@5 89.962 Loss 1.10424
Epoch [161] Training Class Recall: [0.710,0.728,0.719,0.706,0.732,0.728,0.761,0.757,0.753,0.725]
Epoch [161] Testing Results: Prec@1 63.250 Prec@5 91.420 Loss 1.26463
Epoch [161] Testing Class Recall: [0.937,0.956,0.741,0.635,0.650,0.504,0.660,0.544,0.392,0.306]
Epoch [162] Training Results: Prec@1 73.602 Prec@5 90.142 Loss 1.09319
Epoch [162] Training Class Recall: [0.716,0.733,0.725,0.711,0.740,0.729,0.768,0.757,0.753,0.724]
Epoch [162] Testing Results: Prec@1 63.210 Prec@5 91.430 Loss 1.26787
Epoch [162] Testing Class Recall: [0.944,0.959,0.736,0.616,0.661,0.510,0.686,0.557,0.353,0.299]
Epoch [163] Training Results: Prec@1 73.778 Prec@5 90.289 Loss 1.08535
Epoch [163] Training Class Recall: [0.714,0.734,0.732,0.717,0.742,0.730,0.765,0.760,0.754,0.724]
Epoch [163] Testing Results: Prec@1 63.420 Prec@5 91.310 Loss 1.26323
Epoch [163] Testing Class Recall: [0.937,0.956,0.757,0.630,0.661,0.517,0.653,0.562,0.379,0.290]
Epoch [164] Training Results: Prec@1 73.887 Prec@5 90.251 Loss 1.07833
Epoch [164] Training Class Recall: [0.714,0.733,0.735,0.720,0.741,0.734,0.767,0.761,0.754,0.724]
Epoch [164] Testing Results: Prec@1 63.680 Prec@5 91.480 Loss 1.25435
Epoch [164] Testing Class Recall: [0.940,0.958,0.744,0.626,0.662,0.522,0.690,0.569,0.356,0.301]
Epoch [165] Training Results: Prec@1 74.113 Prec@5 90.391 Loss 1.07432
Epoch [165] Training Class Recall: [0.718,0.736,0.740,0.726,0.744,0.735,0.766,0.761,0.754,0.726]
Epoch [165] Testing Results: Prec@1 63.560 Prec@5 91.260 Loss 1.26050
Epoch [165] Testing Class Recall: [0.937,0.962,0.749,0.631,0.669,0.496,0.658,0.569,0.389,0.296]
Epoch [166] Training Results: Prec@1 74.076 Prec@5 90.627 Loss 1.07239
Epoch [166] Training Class Recall: [0.715,0.733,0.737,0.728,0.750,0.734,0.769,0.759,0.752,0.723]
Epoch [166] Testing Results: Prec@1 63.480 Prec@5 91.210 Loss 1.26247
Epoch [166] Testing Class Recall: [0.932,0.960,0.759,0.640,0.663,0.502,0.684,0.556,0.366,0.286]
Epoch [167] Training Results: Prec@1 74.127 Prec@5 90.651 Loss 1.06995
Epoch [167] Training Class Recall: [0.717,0.735,0.736,0.728,0.748,0.734,0.769,0.762,0.754,0.724]
Epoch [167] Testing Results: Prec@1 63.520 Prec@5 91.230 Loss 1.25610
Epoch [167] Testing Class Recall: [0.931,0.961,0.759,0.636,0.678,0.509,0.662,0.542,0.385,0.289]
Epoch [168] Training Results: Prec@1 74.171 Prec@5 90.798 Loss 1.06717
Epoch [168] Training Class Recall: [0.714,0.737,0.743,0.727,0.748,0.736,0.767,0.761,0.754,0.724]
Epoch [168] Testing Results: Prec@1 63.570 Prec@5 91.330 Loss 1.25045
Epoch [168] Testing Class Recall: [0.936,0.962,0.746,0.640,0.670,0.502,0.641,0.574,0.386,0.300]
Epoch [169] Training Results: Prec@1 74.371 Prec@5 90.882 Loss 1.06220
Epoch [169] Training Class Recall: [0.722,0.740,0.742,0.732,0.747,0.735,0.770,0.763,0.755,0.726]
Epoch [169] Testing Results: Prec@1 63.380 Prec@5 91.360 Loss 1.25658
Epoch [169] Testing Class Recall: [0.935,0.963,0.752,0.631,0.676,0.511,0.661,0.550,0.352,0.307]
Epoch [170] Training Results: Prec@1 74.316 Prec@5 90.811 Loss 1.06297
Epoch [170] Training Class Recall: [0.723,0.736,0.745,0.729,0.748,0.736,0.769,0.761,0.754,0.725]
Epoch [170] Testing Results: Prec@1 62.650 Prec@5 91.050 Loss 1.29255
Epoch [170] Testing Class Recall: [0.942,0.957,0.752,0.646,0.657,0.480,0.640,0.545,0.359,0.287]
Epoch [171] Training Results: Prec@1 74.287 Prec@5 91.020 Loss 1.06088
Epoch [171] Training Class Recall: [0.718,0.733,0.744,0.734,0.748,0.736,0.769,0.761,0.754,0.725]
Epoch [171] Testing Results: Prec@1 64.320 Prec@5 91.470 Loss 1.23588
Epoch [171] Testing Class Recall: [0.928,0.961,0.759,0.645,0.698,0.496,0.671,0.536,0.430,0.308]
Epoch [172] Training Results: Prec@1 74.407 Prec@5 91.040 Loss 1.05635
Epoch [172] Training Class Recall: [0.719,0.737,0.745,0.733,0.750,0.738,0.770,0.762,0.755,0.727]
Epoch [172] Testing Results: Prec@1 62.560 Prec@5 90.870 Loss 1.30187
Epoch [172] Testing Class Recall: [0.934,0.967,0.762,0.632,0.672,0.494,0.651,0.516,0.339,0.289]
Epoch [173] Training Results: Prec@1 74.491 Prec@5 91.027 Loss 1.05481
Epoch [173] Training Class Recall: [0.722,0.738,0.749,0.736,0.748,0.736,0.772,0.762,0.755,0.725]
Epoch [173] Testing Results: Prec@1 62.470 Prec@5 90.640 Loss 1.30889
Epoch [173] Testing Class Recall: [0.946,0.959,0.757,0.620,0.661,0.493,0.643,0.550,0.330,0.288]
Epoch [174] Training Results: Prec@1 74.460 Prec@5 91.156 Loss 1.05388
Epoch [174] Training Class Recall: [0.723,0.736,0.747,0.734,0.748,0.740,0.771,0.762,0.754,0.725]
Epoch [174] Testing Results: Prec@1 63.160 Prec@5 90.920 Loss 1.27811
Epoch [174] Testing Class Recall: [0.942,0.956,0.748,0.617,0.678,0.509,0.665,0.555,0.356,0.290]
Epoch [175] Training Results: Prec@1 74.547 Prec@5 91.220 Loss 1.05071
Epoch [175] Training Class Recall: [0.724,0.739,0.750,0.736,0.751,0.737,0.770,0.762,0.754,0.725]
Epoch [175] Testing Results: Prec@1 63.460 Prec@5 91.170 Loss 1.26346
Epoch [175] Testing Class Recall: [0.935,0.957,0.748,0.645,0.669,0.496,0.671,0.538,0.382,0.305]
Epoch [176] Training Results: Prec@1 74.538 Prec@5 91.049 Loss 1.05149
Epoch [176] Training Class Recall: [0.724,0.737,0.747,0.736,0.752,0.739,0.770,0.761,0.755,0.726]
Epoch [176] Testing Results: Prec@1 63.140 Prec@5 90.830 Loss 1.29000
Epoch [176] Testing Class Recall: [0.929,0.966,0.758,0.629,0.668,0.498,0.674,0.542,0.354,0.296]
Epoch [177] Training Results: Prec@1 74.567 Prec@5 91.151 Loss 1.04834
Epoch [177] Training Class Recall: [0.724,0.741,0.747,0.738,0.751,0.739,0.771,0.762,0.754,0.724]
Epoch [177] Testing Results: Prec@1 63.390 Prec@5 91.060 Loss 1.27521
Epoch [177] Testing Class Recall: [0.931,0.963,0.762,0.637,0.671,0.498,0.645,0.563,0.352,0.317]
Epoch [178] Training Results: Prec@1 74.629 Prec@5 91.304 Loss 1.04512
Epoch [178] Training Class Recall: [0.722,0.737,0.751,0.741,0.751,0.741,0.771,0.763,0.755,0.725]
Epoch [178] Testing Results: Prec@1 63.530 Prec@5 90.680 Loss 1.26979
Epoch [178] Testing Class Recall: [0.923,0.965,0.765,0.634,0.663,0.502,0.649,0.565,0.383,0.304]
Epoch [179] Training Results: Prec@1 74.684 Prec@5 91.327 Loss 1.04203
Epoch [179] Training Class Recall: [0.723,0.740,0.751,0.738,0.753,0.741,0.772,0.764,0.755,0.726]
Epoch [179] Testing Results: Prec@1 63.280 Prec@5 90.810 Loss 1.27442
Epoch [179] Testing Class Recall: [0.930,0.963,0.768,0.613,0.638,0.490,0.656,0.564,0.376,0.330]
Epoch [180] Training Results: Prec@1 74.558 Prec@5 91.353 Loss 1.04202
Epoch [180] Training Class Recall: [0.720,0.739,0.750,0.737,0.750,0.740,0.772,0.762,0.756,0.725]
Epoch [180] Testing Results: Prec@1 62.850 Prec@5 90.740 Loss 1.29580
Epoch [180] Testing Class Recall: [0.934,0.960,0.764,0.635,0.651,0.497,0.628,0.545,0.368,0.303]
Epoch [181] Training Results: Prec@1 74.667 Prec@5 91.196 Loss 1.04295
Epoch [181] Training Class Recall: [0.723,0.738,0.753,0.738,0.751,0.740,0.772,0.762,0.756,0.726]
Epoch [181] Testing Results: Prec@1 63.400 Prec@5 90.870 Loss 1.26751
Epoch [181] Testing Class Recall: [0.925,0.962,0.754,0.643,0.658,0.513,0.652,0.559,0.364,0.310]
Epoch [182] Training Results: Prec@1 74.680 Prec@5 91.260 Loss 1.04119
Epoch [182] Training Class Recall: [0.723,0.739,0.753,0.735,0.751,0.743,0.775,0.762,0.755,0.727]
Epoch [182] Testing Results: Prec@1 63.020 Prec@5 90.790 Loss 1.28865
Epoch [182] Testing Class Recall: [0.931,0.957,0.757,0.641,0.665,0.499,0.648,0.554,0.355,0.295]
Epoch [183] Training Results: Prec@1 74.742 Prec@5 91.338 Loss 1.04063
Epoch [183] Training Class Recall: [0.724,0.738,0.756,0.741,0.752,0.742,0.772,0.762,0.755,0.727]
Epoch [183] Testing Results: Prec@1 62.870 Prec@5 90.700 Loss 1.29381
Epoch [183] Testing Class Recall: [0.926,0.962,0.773,0.643,0.649,0.483,0.644,0.553,0.339,0.315]
Epoch [184] Training Results: Prec@1 74.627 Prec@5 91.329 Loss 1.04276
Epoch [184] Training Class Recall: [0.722,0.737,0.750,0.737,0.752,0.742,0.772,0.762,0.755,0.726]
Epoch [184] Testing Results: Prec@1 63.350 Prec@5 91.040 Loss 1.26677
Epoch [184] Testing Class Recall: [0.922,0.965,0.762,0.633,0.646,0.510,0.655,0.557,0.359,0.326]
Epoch [185] Training Results: Prec@1 74.736 Prec@5 91.209 Loss 1.04294
Epoch [185] Training Class Recall: [0.726,0.742,0.749,0.740,0.754,0.741,0.772,0.764,0.755,0.726]
Epoch [185] Testing Results: Prec@1 62.910 Prec@5 90.600 Loss 1.29266
Epoch [185] Testing Class Recall: [0.923,0.965,0.775,0.640,0.666,0.471,0.664,0.534,0.344,0.309]
Epoch [186] Training Results: Prec@1 74.616 Prec@5 91.364 Loss 1.04271
Epoch [186] Training Class Recall: [0.724,0.739,0.750,0.736,0.749,0.742,0.771,0.763,0.756,0.725]
Epoch [186] Testing Results: Prec@1 63.150 Prec@5 90.670 Loss 1.28760
Epoch [186] Testing Class Recall: [0.927,0.962,0.765,0.637,0.678,0.503,0.659,0.527,0.358,0.299]
Epoch [187] Training Results: Prec@1 74.673 Prec@5 91.320 Loss 1.04379
Epoch [187] Training Class Recall: [0.724,0.740,0.753,0.736,0.755,0.740,0.771,0.762,0.756,0.724]
Epoch [187] Testing Results: Prec@1 63.540 Prec@5 90.960 Loss 1.25806
Epoch [187] Testing Class Recall: [0.918,0.968,0.757,0.652,0.665,0.505,0.644,0.564,0.357,0.324]
Epoch [188] Training Results: Prec@1 74.660 Prec@5 91.293 Loss 1.04232
Epoch [188] Training Class Recall: [0.723,0.741,0.748,0.737,0.753,0.742,0.772,0.762,0.756,0.726]
Epoch [188] Testing Results: Prec@1 63.720 Prec@5 91.040 Loss 1.26619
Epoch [188] Testing Class Recall: [0.925,0.965,0.767,0.634,0.677,0.498,0.654,0.540,0.384,0.328]
Epoch [189] Training Results: Prec@1 74.691 Prec@5 91.407 Loss 1.04317
Epoch [189] Training Class Recall: [0.728,0.740,0.751,0.735,0.755,0.738,0.772,0.762,0.756,0.725]
Epoch [189] Testing Results: Prec@1 63.240 Prec@5 90.740 Loss 1.28633
Epoch [189] Testing Class Recall: [0.930,0.961,0.763,0.642,0.667,0.491,0.651,0.555,0.359,0.305]
Epoch [190] Training Results: Prec@1 74.644 Prec@5 91.342 Loss 1.04322
Epoch [190] Training Class Recall: [0.722,0.739,0.750,0.740,0.754,0.741,0.771,0.762,0.754,0.727]
Epoch [190] Testing Results: Prec@1 62.730 Prec@5 90.550 Loss 1.30000
Epoch [190] Testing Class Recall: [0.930,0.963,0.771,0.634,0.656,0.494,0.635,0.535,0.369,0.286]
Epoch [191] Training Results: Prec@1 74.762 Prec@5 91.249 Loss 1.04233
Epoch [191] Training Class Recall: [0.724,0.739,0.756,0.740,0.754,0.742,0.771,0.763,0.755,0.727]
Epoch [191] Testing Results: Prec@1 63.180 Prec@5 90.780 Loss 1.28664
Epoch [191] Testing Class Recall: [0.928,0.961,0.767,0.631,0.671,0.501,0.640,0.551,0.351,0.317]
Epoch [192] Training Results: Prec@1 74.689 Prec@5 91.380 Loss 1.04090
Epoch [192] Training Class Recall: [0.724,0.740,0.754,0.738,0.752,0.742,0.770,0.763,0.754,0.725]
Epoch [192] Testing Results: Prec@1 62.360 Prec@5 90.450 Loss 1.31870
Epoch [192] Testing Class Recall: [0.929,0.960,0.773,0.638,0.655,0.485,0.631,0.542,0.331,0.292]
Epoch [193] Training Results: Prec@1 74.782 Prec@5 91.236 Loss 1.04226
Epoch [193] Training Class Recall: [0.725,0.741,0.754,0.740,0.752,0.741,0.772,0.762,0.755,0.729]
Epoch [193] Testing Results: Prec@1 62.700 Prec@5 90.380 Loss 1.30359
Epoch [193] Testing Class Recall: [0.929,0.961,0.775,0.630,0.664,0.484,0.645,0.536,0.361,0.285]
Epoch [194] Training Results: Prec@1 74.727 Prec@5 91.304 Loss 1.04127
Epoch [194] Training Class Recall: [0.727,0.738,0.754,0.739,0.752,0.742,0.772,0.763,0.755,0.726]
Epoch [194] Testing Results: Prec@1 63.230 Prec@5 90.840 Loss 1.27801
Epoch [194] Testing Class Recall: [0.925,0.967,0.761,0.626,0.661,0.497,0.648,0.559,0.351,0.328]
Epoch [195] Training Results: Prec@1 74.676 Prec@5 91.318 Loss 1.04358
Epoch [195] Training Class Recall: [0.724,0.739,0.750,0.737,0.750,0.744,0.774,0.763,0.756,0.726]
Epoch [195] Testing Results: Prec@1 62.680 Prec@5 90.460 Loss 1.29914
Epoch [195] Testing Class Recall: [0.919,0.968,0.765,0.627,0.668,0.488,0.640,0.552,0.359,0.282]
Epoch [196] Training Results: Prec@1 74.691 Prec@5 91.353 Loss 1.04121
Epoch [196] Training Class Recall: [0.725,0.739,0.749,0.739,0.754,0.741,0.773,0.763,0.755,0.725]
Epoch [196] Testing Results: Prec@1 63.040 Prec@5 90.880 Loss 1.28063
Epoch [196] Testing Class Recall: [0.924,0.965,0.758,0.651,0.652,0.494,0.654,0.560,0.337,0.309]
Epoch [197] Training Results: Prec@1 74.729 Prec@5 91.351 Loss 1.04320
Epoch [197] Training Class Recall: [0.726,0.739,0.751,0.741,0.752,0.743,0.771,0.762,0.755,0.726]
Epoch [197] Testing Results: Prec@1 62.740 Prec@5 90.700 Loss 1.30463
Epoch [197] Testing Class Recall: [0.933,0.965,0.762,0.641,0.654,0.493,0.614,0.543,0.348,0.321]
Epoch [198] Training Results: Prec@1 74.676 Prec@5 91.420 Loss 1.04242
Epoch [198] Training Class Recall: [0.724,0.741,0.752,0.739,0.751,0.740,0.771,0.763,0.755,0.725]
Epoch [198] Testing Results: Prec@1 63.330 Prec@5 90.920 Loss 1.27747
Epoch [198] Testing Class Recall: [0.930,0.960,0.766,0.620,0.688,0.497,0.649,0.560,0.342,0.321]
Epoch [199] Training Results: Prec@1 74.671 Prec@5 91.393 Loss 1.04101
Epoch [199] Training Class Recall: [0.721,0.738,0.749,0.739,0.752,0.744,0.772,0.764,0.755,0.726]
Epoch [199] Testing Results: Prec@1 62.940 Prec@5 90.860 Loss 1.28968
Epoch [199] Testing Class Recall: [0.931,0.963,0.764,0.636,0.667,0.492,0.636,0.535,0.357,0.313]
