Log file: cifar10_sava0.3_deepsmote_sava_exp0.01_seed42_20260614_122925.log
Run started: 2026-06-14 12:29:25.757131
Dataset: cifar10
Imbalance type: exp, factor: 0.01
Selection method: sava, ratio: 0.3
Strategy: DeepSMOTE_Sava, epochs: 200
Seed: 42, rand_number: 0
Augmentation: weak
Noise ratio: 0.25
mamix_ratio: 1.0
============================================================

=> No CSV or TensorBoard logging – only console and debug log.
-----------------------------------------------
Class ID   | Original   | Selected   | Keep %  
-----------------------------------------------
0          | 4999       | 1731       |   34.6%
1          | 5041       | 968        |   19.2%
2          | 4922       | 2490       |   50.6%
3          | 4994       | 1144       |   22.9%
4          | 5001       | 1590       |   31.8%
5          | 5033       | 1221       |   24.3%
6          | 5000       | 1273       |   25.5%
7          | 5010       | 1591       |   31.8%
8          | 4984       | 1317       |   26.4%
9          | 5016       | 1675       |   33.4%
-----------------------------------------------
TOTAL      | 50000      | 15000      |   30.0%
-----------------------------------------------
Epoch [0] Training Results: Prec@1 25.827 Prec@5 74.040 Loss 2.10738
Epoch [0] Training Class Recall: [0.315,0.131,0.445,0.133,0.118,0.097,0.108,0.268,0.205,0.479]
Epoch [0] Testing Results: Prec@1 19.600 Prec@5 67.430 Loss 2.32705
Epoch [0] Testing Class Recall: [0.129,0.170,0.187,0.044,0.002,0.142,0.016,0.406,0.695,0.169]
Epoch [1] Training Results: Prec@1 36.073 Prec@5 80.440 Loss 1.90808
Epoch [1] Training Class Recall: [0.385,0.230,0.476,0.113,0.164,0.170,0.316,0.485,0.374,0.641]
Epoch [1] Testing Results: Prec@1 20.230 Prec@5 69.190 Loss 2.39792
Epoch [1] Testing Class Recall: [0.248,0.209,0.087,0.002,0.137,0.208,0.093,0.118,0.435,0.486]
Epoch [2] Training Results: Prec@1 39.520 Prec@5 81.053 Loss 1.85934
Epoch [2] Training Class Recall: [0.447,0.252,0.492,0.161,0.167,0.174,0.361,0.530,0.441,0.681]
Epoch [2] Testing Results: Prec@1 23.540 Prec@5 69.000 Loss 2.45703
Epoch [2] Testing Class Recall: [0.205,0.924,0.275,0.006,0.022,0.081,0.125,0.569,0.018,0.129]
Epoch [3] Training Results: Prec@1 45.980 Prec@5 84.033 Loss 1.71413
Epoch [3] Training Class Recall: [0.505,0.286,0.564,0.155,0.258,0.240,0.480,0.595,0.544,0.707]
Epoch [3] Testing Results: Prec@1 20.870 Prec@5 62.490 Loss 2.60809
Epoch [3] Testing Class Recall: [0.335,0.933,0.337,0.000,0.202,0.000,0.068,0.131,0.040,0.041]
Epoch [4] Training Results: Prec@1 49.067 Prec@5 84.347 Loss 1.65607
Epoch [4] Training Class Recall: [0.550,0.362,0.570,0.194,0.284,0.292,0.538,0.614,0.565,0.718]
Epoch [4] Testing Results: Prec@1 23.470 Prec@5 68.930 Loss 2.32983
Epoch [4] Testing Class Recall: [0.666,0.309,0.436,0.010,0.016,0.092,0.207,0.342,0.198,0.071]
Epoch [5] Training Results: Prec@1 52.473 Prec@5 85.240 Loss 1.58521
Epoch [5] Training Class Recall: [0.562,0.373,0.586,0.280,0.325,0.361,0.551,0.656,0.619,0.741]
Epoch [5] Testing Results: Prec@1 30.290 Prec@5 77.700 Loss 2.11257
Epoch [5] Testing Class Recall: [0.507,0.867,0.389,0.037,0.029,0.467,0.306,0.245,0.082,0.100]
Epoch [6] Training Results: Prec@1 54.740 Prec@5 85.887 Loss 1.53082
Epoch [6] Training Class Recall: [0.602,0.415,0.596,0.260,0.367,0.393,0.592,0.673,0.636,0.753]
Epoch [6] Testing Results: Prec@1 30.530 Prec@5 75.980 Loss 2.25418
Epoch [6] Testing Class Recall: [0.472,0.932,0.525,0.028,0.035,0.284,0.326,0.315,0.072,0.064]
Epoch [7] Training Results: Prec@1 57.193 Prec@5 86.373 Loss 1.48620
Epoch [7] Training Class Recall: [0.605,0.429,0.618,0.314,0.420,0.432,0.611,0.707,0.638,0.764]
Epoch [7] Testing Results: Prec@1 24.990 Prec@5 74.200 Loss 2.26135
Epoch [7] Testing Class Recall: [0.506,0.056,0.597,0.144,0.088,0.193,0.205,0.485,0.214,0.011]
Epoch [8] Training Results: Prec@1 57.960 Prec@5 86.540 Loss 1.46278
Epoch [8] Training Class Recall: [0.611,0.427,0.620,0.357,0.436,0.437,0.616,0.703,0.645,0.772]
Epoch [8] Testing Results: Prec@1 31.250 Prec@5 77.210 Loss 2.12734
Epoch [8] Testing Class Recall: [0.288,0.795,0.524,0.003,0.178,0.196,0.255,0.218,0.633,0.035]
Epoch [9] Training Results: Prec@1 59.760 Prec@5 86.660 Loss 1.43094
Epoch [9] Training Class Recall: [0.630,0.470,0.631,0.372,0.481,0.479,0.621,0.705,0.665,0.767]
Epoch [9] Testing Results: Prec@1 34.480 Prec@5 78.020 Loss 1.99509
Epoch [9] Testing Class Recall: [0.516,0.734,0.590,0.126,0.175,0.401,0.387,0.326,0.157,0.036]
Epoch [10] Training Results: Prec@1 60.993 Prec@5 86.893 Loss 1.40369
Epoch [10] Training Class Recall: [0.625,0.455,0.649,0.404,0.494,0.499,0.641,0.722,0.670,0.781]
Epoch [10] Testing Results: Prec@1 34.280 Prec@5 77.590 Loss 2.06693
Epoch [10] Testing Class Recall: [0.557,0.903,0.430,0.112,0.055,0.362,0.343,0.288,0.286,0.092]
Epoch [11] Training Results: Prec@1 62.107 Prec@5 87.333 Loss 1.37466
Epoch [11] Training Class Recall: [0.644,0.493,0.658,0.403,0.513,0.505,0.639,0.730,0.682,0.788]
Epoch [11] Testing Results: Prec@1 28.610 Prec@5 65.510 Loss 2.69435
Epoch [11] Testing Class Recall: [0.867,0.824,0.539,0.060,0.052,0.115,0.207,0.176,0.015,0.006]
Epoch [12] Training Results: Prec@1 62.607 Prec@5 87.473 Loss 1.36323
Epoch [12] Training Class Recall: [0.643,0.497,0.659,0.430,0.545,0.512,0.647,0.715,0.685,0.781]
Epoch [12] Testing Results: Prec@1 23.600 Prec@5 74.090 Loss 2.74783
Epoch [12] Testing Class Recall: [0.704,0.305,0.762,0.016,0.022,0.165,0.202,0.062,0.114,0.008]
Epoch [13] Training Results: Prec@1 63.360 Prec@5 87.653 Loss 1.35151
Epoch [13] Training Class Recall: [0.657,0.502,0.661,0.444,0.546,0.534,0.650,0.740,0.678,0.781]
Epoch [13] Testing Results: Prec@1 35.400 Prec@5 78.130 Loss 1.96676
Epoch [13] Testing Class Recall: [0.528,0.788,0.565,0.106,0.149,0.273,0.491,0.244,0.256,0.140]
Epoch [14] Training Results: Prec@1 63.793 Prec@5 87.793 Loss 1.33727
Epoch [14] Training Class Recall: [0.645,0.501,0.675,0.464,0.548,0.548,0.662,0.734,0.683,0.780]
Epoch [14] Testing Results: Prec@1 31.250 Prec@5 73.480 Loss 2.20091
Epoch [14] Testing Class Recall: [0.464,0.922,0.451,0.040,0.408,0.266,0.033,0.309,0.164,0.068]
Epoch [15] Training Results: Prec@1 64.933 Prec@5 88.200 Loss 1.31024
Epoch [15] Training Class Recall: [0.659,0.507,0.681,0.479,0.570,0.567,0.663,0.749,0.696,0.784]
Epoch [15] Testing Results: Prec@1 29.480 Prec@5 76.610 Loss 2.18296
Epoch [15] Testing Class Recall: [0.703,0.431,0.598,0.178,0.515,0.116,0.163,0.163,0.050,0.031]
Epoch [16] Training Results: Prec@1 65.280 Prec@5 88.160 Loss 1.29453
Epoch [16] Training Class Recall: [0.657,0.515,0.690,0.462,0.588,0.584,0.660,0.744,0.696,0.787]
Epoch [16] Testing Results: Prec@1 37.430 Prec@5 80.790 Loss 1.99277
Epoch [16] Testing Class Recall: [0.399,0.911,0.519,0.128,0.205,0.222,0.274,0.748,0.233,0.104]
Epoch [17] Training Results: Prec@1 66.020 Prec@5 88.020 Loss 1.28670
Epoch [17] Training Class Recall: [0.660,0.533,0.692,0.503,0.595,0.586,0.673,0.749,0.697,0.786]
Epoch [17] Testing Results: Prec@1 33.150 Prec@5 75.750 Loss 2.12397
Epoch [17] Testing Class Recall: [0.671,0.858,0.630,0.134,0.133,0.045,0.219,0.393,0.206,0.026]
Epoch [18] Training Results: Prec@1 66.273 Prec@5 88.560 Loss 1.27146
Epoch [18] Training Class Recall: [0.670,0.502,0.710,0.497,0.610,0.588,0.675,0.741,0.698,0.786]
Epoch [18] Testing Results: Prec@1 38.210 Prec@5 78.770 Loss 1.96923
Epoch [18] Testing Class Recall: [0.408,0.771,0.518,0.113,0.323,0.222,0.236,0.583,0.571,0.076]
Epoch [19] Training Results: Prec@1 66.120 Prec@5 88.693 Loss 1.26876
Epoch [19] Training Class Recall: [0.646,0.528,0.698,0.506,0.601,0.594,0.663,0.757,0.697,0.790]
Epoch [19] Testing Results: Prec@1 40.260 Prec@5 80.840 Loss 1.91252
Epoch [19] Testing Class Recall: [0.684,0.866,0.414,0.158,0.280,0.419,0.344,0.594,0.184,0.083]
Epoch [20] Training Results: Prec@1 67.273 Prec@5 88.513 Loss 1.25768
Epoch [20] Training Class Recall: [0.667,0.533,0.698,0.528,0.631,0.610,0.683,0.755,0.706,0.793]
Epoch [20] Testing Results: Prec@1 34.940 Prec@5 79.480 Loss 2.04456
Epoch [20] Testing Class Recall: [0.639,0.410,0.499,0.148,0.357,0.252,0.301,0.468,0.386,0.034]
Epoch [21] Training Results: Prec@1 67.520 Prec@5 89.067 Loss 1.24546
Epoch [21] Training Class Recall: [0.681,0.542,0.700,0.538,0.629,0.612,0.674,0.759,0.712,0.786]
Epoch [21] Testing Results: Prec@1 38.550 Prec@5 77.530 Loss 1.99315
Epoch [21] Testing Class Recall: [0.637,0.922,0.578,0.080,0.301,0.065,0.462,0.546,0.205,0.059]
Epoch [22] Training Results: Prec@1 67.633 Prec@5 89.007 Loss 1.23648
Epoch [22] Training Class Recall: [0.686,0.540,0.716,0.518,0.635,0.597,0.682,0.758,0.702,0.789]
Epoch [22] Testing Results: Prec@1 33.590 Prec@5 78.810 Loss 2.18974
Epoch [22] Testing Class Recall: [0.702,0.929,0.495,0.066,0.213,0.304,0.363,0.154,0.086,0.047]
Epoch [23] Training Results: Prec@1 68.160 Prec@5 89.320 Loss 1.22264
Epoch [23] Training Class Recall: [0.684,0.546,0.710,0.545,0.645,0.607,0.690,0.756,0.712,0.795]
Epoch [23] Testing Results: Prec@1 40.410 Prec@5 82.710 Loss 1.88336
Epoch [23] Testing Class Recall: [0.603,0.840,0.578,0.082,0.545,0.247,0.521,0.160,0.397,0.068]
Epoch [24] Training Results: Prec@1 68.393 Prec@5 89.153 Loss 1.21819
Epoch [24] Training Class Recall: [0.687,0.533,0.725,0.543,0.644,0.625,0.683,0.767,0.711,0.785]
Epoch [24] Testing Results: Prec@1 35.850 Prec@5 74.880 Loss 2.19868
Epoch [24] Testing Class Recall: [0.366,0.938,0.656,0.019,0.328,0.265,0.440,0.310,0.260,0.003]
Epoch [25] Training Results: Prec@1 68.453 Prec@5 89.193 Loss 1.21319
Epoch [25] Training Class Recall: [0.679,0.558,0.716,0.543,0.653,0.616,0.687,0.762,0.717,0.793]
Epoch [25] Testing Results: Prec@1 30.440 Prec@5 72.730 Loss 2.35960
Epoch [25] Testing Class Recall: [0.630,0.947,0.628,0.174,0.124,0.050,0.164,0.225,0.039,0.063]
Epoch [26] Training Results: Prec@1 68.827 Prec@5 89.573 Loss 1.20516
Epoch [26] Training Class Recall: [0.690,0.549,0.733,0.555,0.652,0.624,0.685,0.761,0.706,0.792]
Epoch [26] Testing Results: Prec@1 38.190 Prec@5 79.980 Loss 1.95179
Epoch [26] Testing Class Recall: [0.594,0.690,0.607,0.124,0.329,0.131,0.349,0.494,0.416,0.085]
Epoch [27] Training Results: Prec@1 69.060 Prec@5 89.633 Loss 1.19658
Epoch [27] Training Class Recall: [0.699,0.552,0.717,0.555,0.665,0.633,0.694,0.767,0.711,0.790]
Epoch [27] Testing Results: Prec@1 39.720 Prec@5 80.520 Loss 1.88891
Epoch [27] Testing Class Recall: [0.390,0.683,0.488,0.266,0.520,0.504,0.281,0.428,0.354,0.058]
Epoch [28] Training Results: Prec@1 69.033 Prec@5 89.467 Loss 1.19542
Epoch [28] Training Class Recall: [0.675,0.557,0.728,0.569,0.658,0.634,0.690,0.765,0.711,0.795]
Epoch [28] Testing Results: Prec@1 33.810 Prec@5 76.900 Loss 2.09982
Epoch [28] Testing Class Recall: [0.692,0.517,0.584,0.038,0.144,0.102,0.078,0.612,0.093,0.521]
Epoch [29] Training Results: Prec@1 69.087 Prec@5 89.887 Loss 1.18797
Epoch [29] Training Class Recall: [0.685,0.541,0.721,0.567,0.666,0.631,0.699,0.772,0.707,0.794]
Epoch [29] Testing Results: Prec@1 35.620 Prec@5 78.270 Loss 2.08423
Epoch [29] Testing Class Recall: [0.571,0.830,0.518,0.072,0.122,0.358,0.270,0.247,0.379,0.195]
Epoch [30] Training Results: Prec@1 69.873 Prec@5 89.873 Loss 1.17364
Epoch [30] Training Class Recall: [0.702,0.555,0.741,0.564,0.683,0.638,0.687,0.771,0.717,0.794]
Epoch [30] Testing Results: Prec@1 35.630 Prec@5 76.390 Loss 2.16356
Epoch [30] Testing Class Recall: [0.539,0.758,0.723,0.110,0.261,0.039,0.463,0.315,0.302,0.053]
Epoch [31] Training Results: Prec@1 70.087 Prec@5 89.907 Loss 1.17429
Epoch [31] Training Class Recall: [0.702,0.573,0.733,0.584,0.678,0.630,0.695,0.769,0.724,0.800]
Epoch [31] Testing Results: Prec@1 31.430 Prec@5 76.120 Loss 2.56825
Epoch [31] Testing Class Recall: [0.433,0.960,0.537,0.124,0.256,0.115,0.421,0.209,0.084,0.004]
Epoch [32] Training Results: Prec@1 69.753 Prec@5 90.040 Loss 1.17812
Epoch [32] Training Class Recall: [0.696,0.568,0.744,0.573,0.662,0.636,0.695,0.767,0.711,0.794]
Epoch [32] Testing Results: Prec@1 35.980 Prec@5 73.510 Loss 2.25627
Epoch [32] Testing Class Recall: [0.559,0.969,0.407,0.057,0.419,0.360,0.389,0.279,0.046,0.113]
Epoch [33] Training Results: Prec@1 69.987 Prec@5 89.887 Loss 1.16642
Epoch [33] Training Class Recall: [0.706,0.562,0.743,0.579,0.672,0.630,0.693,0.769,0.719,0.795]
Epoch [33] Testing Results: Prec@1 35.690 Prec@5 79.390 Loss 2.08010
Epoch [33] Testing Class Recall: [0.554,0.874,0.705,0.115,0.154,0.348,0.246,0.254,0.181,0.138]
Epoch [34] Training Results: Prec@1 70.747 Prec@5 90.293 Loss 1.15026
Epoch [34] Training Class Recall: [0.711,0.569,0.753,0.592,0.686,0.640,0.698,0.775,0.723,0.796]
Epoch [34] Testing Results: Prec@1 34.840 Prec@5 74.680 Loss 2.40747
Epoch [34] Testing Class Recall: [0.642,0.977,0.481,0.103,0.254,0.195,0.510,0.199,0.103,0.020]
Epoch [35] Training Results: Prec@1 70.240 Prec@5 89.947 Loss 1.16135
Epoch [35] Training Class Recall: [0.695,0.568,0.743,0.579,0.682,0.638,0.698,0.772,0.715,0.804]
Epoch [35] Testing Results: Prec@1 35.770 Prec@5 76.820 Loss 2.15240
Epoch [35] Testing Class Recall: [0.713,0.741,0.640,0.156,0.074,0.440,0.233,0.352,0.132,0.096]
Epoch [36] Training Results: Prec@1 70.833 Prec@5 90.120 Loss 1.14839
Epoch [36] Training Class Recall: [0.703,0.584,0.744,0.594,0.690,0.659,0.709,0.767,0.724,0.795]
Epoch [36] Testing Results: Prec@1 34.710 Prec@5 78.030 Loss 2.24884
Epoch [36] Testing Class Recall: [0.673,0.500,0.354,0.123,0.345,0.418,0.319,0.485,0.217,0.037]
Epoch [37] Training Results: Prec@1 70.600 Prec@5 90.360 Loss 1.14625
Epoch [37] Training Class Recall: [0.712,0.584,0.749,0.583,0.681,0.636,0.701,0.772,0.722,0.792]
Epoch [37] Testing Results: Prec@1 41.280 Prec@5 81.060 Loss 1.96724
Epoch [37] Testing Class Recall: [0.432,0.892,0.474,0.177,0.212,0.430,0.669,0.382,0.390,0.070]
Epoch [38] Training Results: Prec@1 70.787 Prec@5 90.793 Loss 1.13502
Epoch [38] Training Class Recall: [0.704,0.575,0.749,0.594,0.694,0.643,0.706,0.767,0.727,0.794]
Epoch [38] Testing Results: Prec@1 26.490 Prec@5 68.080 Loss 2.81390
Epoch [38] Testing Class Recall: [0.852,0.700,0.504,0.221,0.080,0.087,0.075,0.073,0.053,0.004]
Epoch [39] Training Results: Prec@1 70.580 Prec@5 90.353 Loss 1.14102
Epoch [39] Training Class Recall: [0.713,0.569,0.747,0.610,0.678,0.643,0.695,0.761,0.719,0.799]
Epoch [39] Testing Results: Prec@1 43.400 Prec@5 82.440 Loss 1.86401
Epoch [39] Testing Class Recall: [0.515,0.628,0.518,0.251,0.261,0.402,0.416,0.520,0.554,0.275]
Epoch [40] Training Results: Prec@1 71.220 Prec@5 90.633 Loss 1.12988
Epoch [40] Training Class Recall: [0.707,0.592,0.754,0.605,0.695,0.649,0.713,0.777,0.718,0.795]
Epoch [40] Testing Results: Prec@1 35.150 Prec@5 76.890 Loss 2.20494
Epoch [40] Testing Class Recall: [0.508,0.881,0.604,0.154,0.461,0.142,0.217,0.149,0.373,0.026]
Epoch [41] Training Results: Prec@1 70.907 Prec@5 90.653 Loss 1.13029
Epoch [41] Training Class Recall: [0.705,0.586,0.756,0.596,0.691,0.645,0.700,0.771,0.715,0.799]
Epoch [41] Testing Results: Prec@1 37.770 Prec@5 76.000 Loss 2.24460
Epoch [41] Testing Class Recall: [0.464,0.970,0.534,0.092,0.308,0.546,0.285,0.367,0.018,0.193]
Epoch [42] Training Results: Prec@1 71.320 Prec@5 90.667 Loss 1.11816
Epoch [42] Training Class Recall: [0.716,0.571,0.756,0.609,0.699,0.645,0.703,0.779,0.727,0.798]
Epoch [42] Testing Results: Prec@1 38.300 Prec@5 78.030 Loss 2.07987
Epoch [42] Testing Class Recall: [0.215,0.807,0.683,0.150,0.398,0.149,0.400,0.558,0.329,0.141]
Epoch [43] Training Results: Prec@1 71.507 Prec@5 90.907 Loss 1.11387
Epoch [43] Training Class Recall: [0.717,0.587,0.759,0.606,0.708,0.654,0.703,0.769,0.724,0.799]
Epoch [43] Testing Results: Prec@1 38.690 Prec@5 77.810 Loss 2.12350
Epoch [43] Testing Class Recall: [0.648,0.926,0.453,0.080,0.192,0.482,0.375,0.350,0.253,0.110]
Epoch [44] Training Results: Prec@1 71.733 Prec@5 91.233 Loss 1.10620
Epoch [44] Training Class Recall: [0.728,0.595,0.758,0.608,0.686,0.653,0.719,0.775,0.730,0.802]
Epoch [44] Testing Results: Prec@1 40.660 Prec@5 81.120 Loss 2.00580
Epoch [44] Testing Class Recall: [0.295,0.842,0.683,0.115,0.331,0.200,0.515,0.376,0.419,0.290]
Epoch [45] Training Results: Prec@1 70.733 Prec@5 91.073 Loss 1.12777
Epoch [45] Training Class Recall: [0.715,0.566,0.738,0.603,0.691,0.639,0.712,0.772,0.715,0.802]
Epoch [45] Testing Results: Prec@1 40.400 Prec@5 78.880 Loss 1.97467
Epoch [45] Testing Class Recall: [0.755,0.675,0.457,0.232,0.458,0.475,0.415,0.380,0.121,0.072]
Epoch [46] Training Results: Prec@1 71.767 Prec@5 91.387 Loss 1.10212
Epoch [46] Training Class Recall: [0.706,0.589,0.764,0.620,0.708,0.652,0.720,0.773,0.722,0.802]
Epoch [46] Testing Results: Prec@1 41.800 Prec@5 81.910 Loss 1.91243
Epoch [46] Testing Class Recall: [0.412,0.816,0.452,0.502,0.456,0.243,0.310,0.327,0.477,0.185]
Epoch [47] Training Results: Prec@1 71.207 Prec@5 91.100 Loss 1.11089
Epoch [47] Training Class Recall: [0.705,0.577,0.760,0.600,0.689,0.649,0.711,0.777,0.727,0.799]
Epoch [47] Testing Results: Prec@1 40.400 Prec@5 77.190 Loss 2.12470
Epoch [47] Testing Class Recall: [0.534,0.857,0.488,0.076,0.289,0.444,0.274,0.632,0.354,0.092]
Epoch [48] Training Results: Prec@1 71.660 Prec@5 91.653 Loss 1.09779
Epoch [48] Training Class Recall: [0.726,0.584,0.759,0.622,0.703,0.656,0.711,0.762,0.727,0.796]
Epoch [48] Testing Results: Prec@1 41.500 Prec@5 81.650 Loss 1.94388
Epoch [48] Testing Class Recall: [0.339,0.668,0.712,0.203,0.310,0.545,0.184,0.436,0.576,0.177]
Epoch [49] Training Results: Prec@1 71.940 Prec@5 91.507 Loss 1.09614
Epoch [49] Training Class Recall: [0.718,0.574,0.770,0.623,0.704,0.665,0.708,0.779,0.727,0.796]
Epoch [49] Testing Results: Prec@1 39.990 Prec@5 79.730 Loss 1.92376
Epoch [49] Testing Class Recall: [0.379,0.392,0.537,0.136,0.538,0.293,0.588,0.189,0.597,0.350]
Epoch [50] Training Results: Prec@1 71.933 Prec@5 91.393 Loss 1.08772
Epoch [50] Training Class Recall: [0.727,0.575,0.771,0.613,0.701,0.659,0.716,0.769,0.728,0.799]
Epoch [50] Testing Results: Prec@1 38.540 Prec@5 76.110 Loss 2.15299
Epoch [50] Testing Class Recall: [0.419,0.922,0.662,0.059,0.366,0.491,0.180,0.459,0.253,0.043]
Epoch [51] Training Results: Prec@1 71.613 Prec@5 91.500 Loss 1.09885
Epoch [51] Training Class Recall: [0.729,0.577,0.769,0.597,0.695,0.650,0.716,0.771,0.718,0.801]
Epoch [51] Testing Results: Prec@1 38.090 Prec@5 77.700 Loss 2.25545
Epoch [51] Testing Class Recall: [0.675,0.827,0.458,0.435,0.346,0.209,0.113,0.559,0.147,0.040]
Epoch [52] Training Results: Prec@1 71.947 Prec@5 91.653 Loss 1.07988
Epoch [52] Training Class Recall: [0.726,0.595,0.757,0.617,0.709,0.648,0.713,0.783,0.723,0.803]
Epoch [52] Testing Results: Prec@1 30.270 Prec@5 73.530 Loss 2.65023
Epoch [52] Testing Class Recall: [0.668,0.803,0.572,0.037,0.130,0.265,0.068,0.210,0.242,0.032]
Epoch [53] Training Results: Prec@1 72.160 Prec@5 91.720 Loss 1.07540
Epoch [53] Training Class Recall: [0.713,0.589,0.765,0.632,0.703,0.671,0.711,0.786,0.723,0.804]
Epoch [53] Testing Results: Prec@1 39.290 Prec@5 75.510 Loss 2.13519
Epoch [53] Testing Class Recall: [0.666,0.808,0.522,0.136,0.363,0.133,0.325,0.562,0.375,0.039]
Epoch [54] Training Results: Prec@1 71.773 Prec@5 91.607 Loss 1.09219
Epoch [54] Training Class Recall: [0.720,0.588,0.762,0.628,0.702,0.658,0.704,0.772,0.730,0.793]
Epoch [54] Testing Results: Prec@1 35.680 Prec@5 78.820 Loss 2.17931
Epoch [54] Testing Class Recall: [0.751,0.576,0.731,0.126,0.132,0.151,0.421,0.289,0.114,0.277]
Epoch [55] Training Results: Prec@1 72.073 Prec@5 91.960 Loss 1.08216
Epoch [55] Training Class Recall: [0.725,0.607,0.765,0.615,0.702,0.665,0.712,0.764,0.728,0.807]
Epoch [55] Testing Results: Prec@1 38.860 Prec@5 79.020 Loss 2.12079
Epoch [55] Testing Class Recall: [0.629,0.729,0.460,0.169,0.310,0.185,0.489,0.689,0.087,0.139]
Epoch [56] Training Results: Prec@1 72.073 Prec@5 92.087 Loss 1.07422
Epoch [56] Training Class Recall: [0.718,0.581,0.769,0.625,0.703,0.663,0.716,0.780,0.725,0.801]
Epoch [56] Testing Results: Prec@1 33.260 Prec@5 68.060 Loss 2.81569
Epoch [56] Testing Class Recall: [0.705,0.784,0.528,0.100,0.292,0.060,0.203,0.524,0.119,0.011]
Epoch [57] Training Results: Prec@1 72.887 Prec@5 92.033 Loss 1.05348
Epoch [57] Training Class Recall: [0.734,0.597,0.778,0.643,0.713,0.663,0.720,0.780,0.733,0.804]
Epoch [57] Testing Results: Prec@1 39.940 Prec@5 79.660 Loss 2.07808
Epoch [57] Testing Class Recall: [0.395,0.729,0.511,0.196,0.567,0.534,0.300,0.292,0.351,0.119]
Epoch [58] Training Results: Prec@1 72.273 Prec@5 92.107 Loss 1.07085
Epoch [58] Training Class Recall: [0.720,0.598,0.767,0.632,0.704,0.667,0.709,0.783,0.726,0.803]
Epoch [58] Testing Results: Prec@1 39.770 Prec@5 79.930 Loss 2.06150
Epoch [58] Testing Class Recall: [0.605,0.799,0.458,0.195,0.489,0.282,0.362,0.409,0.242,0.136]
Epoch [59] Training Results: Prec@1 72.680 Prec@5 92.493 Loss 1.05321
Epoch [59] Training Class Recall: [0.723,0.591,0.774,0.639,0.718,0.657,0.721,0.783,0.731,0.805]
Epoch [59] Testing Results: Prec@1 39.760 Prec@5 78.080 Loss 2.11828
Epoch [59] Testing Class Recall: [0.330,0.701,0.757,0.126,0.157,0.477,0.425,0.493,0.481,0.029]
Epoch [60] Training Results: Prec@1 72.713 Prec@5 92.280 Loss 1.05347
Epoch [60] Training Class Recall: [0.732,0.593,0.781,0.632,0.704,0.673,0.720,0.773,0.731,0.805]
Epoch [60] Testing Results: Prec@1 41.870 Prec@5 81.860 Loss 2.01941
Epoch [60] Testing Class Recall: [0.741,0.837,0.645,0.129,0.410,0.229,0.375,0.281,0.336,0.204]
Epoch [61] Training Results: Prec@1 72.940 Prec@5 92.467 Loss 1.05185
Epoch [61] Training Class Recall: [0.726,0.604,0.786,0.627,0.707,0.672,0.718,0.786,0.731,0.807]
Epoch [61] Testing Results: Prec@1 42.760 Prec@5 81.430 Loss 1.96360
Epoch [61] Testing Class Recall: [0.248,0.729,0.550,0.145,0.365,0.618,0.393,0.540,0.574,0.114]
Epoch [62] Training Results: Prec@1 72.687 Prec@5 92.720 Loss 1.04854
Epoch [62] Training Class Recall: [0.732,0.590,0.779,0.632,0.715,0.664,0.712,0.774,0.740,0.802]
Epoch [62] Testing Results: Prec@1 42.890 Prec@5 82.220 Loss 1.93455
Epoch [62] Testing Class Recall: [0.533,0.865,0.562,0.260,0.165,0.391,0.616,0.582,0.168,0.147]
Epoch [63] Training Results: Prec@1 72.720 Prec@5 92.660 Loss 1.04904
Epoch [63] Training Class Recall: [0.726,0.591,0.772,0.634,0.716,0.674,0.720,0.779,0.732,0.805]
Epoch [63] Testing Results: Prec@1 36.490 Prec@5 76.470 Loss 2.38101
Epoch [63] Testing Class Recall: [0.628,0.915,0.588,0.092,0.336,0.279,0.300,0.311,0.108,0.092]
Epoch [64] Training Results: Prec@1 72.833 Prec@5 92.827 Loss 1.04639
Epoch [64] Training Class Recall: [0.733,0.604,0.776,0.624,0.719,0.672,0.723,0.777,0.731,0.801]
Epoch [64] Testing Results: Prec@1 35.050 Prec@5 74.870 Loss 2.61677
Epoch [64] Testing Class Recall: [0.613,0.835,0.714,0.067,0.351,0.316,0.108,0.323,0.138,0.040]
Epoch [65] Training Results: Prec@1 72.833 Prec@5 92.807 Loss 1.03717
Epoch [65] Training Class Recall: [0.731,0.593,0.781,0.626,0.719,0.673,0.713,0.782,0.731,0.802]
Epoch [65] Testing Results: Prec@1 39.920 Prec@5 79.120 Loss 2.21777
Epoch [65] Testing Class Recall: [0.487,0.920,0.390,0.232,0.491,0.219,0.401,0.331,0.463,0.058]
Epoch [66] Training Results: Prec@1 72.993 Prec@5 92.807 Loss 1.04076
Epoch [66] Training Class Recall: [0.739,0.620,0.778,0.624,0.719,0.662,0.713,0.781,0.740,0.802]
Epoch [66] Testing Results: Prec@1 34.480 Prec@5 78.440 Loss 2.28717
Epoch [66] Testing Class Recall: [0.701,0.686,0.606,0.139,0.181,0.253,0.155,0.202,0.298,0.227]
Epoch [67] Training Results: Prec@1 73.020 Prec@5 92.993 Loss 1.02828
Epoch [67] Training Class Recall: [0.727,0.594,0.774,0.649,0.722,0.664,0.718,0.784,0.738,0.810]
Epoch [67] Testing Results: Prec@1 40.270 Prec@5 77.800 Loss 2.29142
Epoch [67] Testing Class Recall: [0.498,0.871,0.589,0.145,0.236,0.215,0.442,0.581,0.399,0.051]
Epoch [68] Training Results: Prec@1 72.840 Prec@5 93.013 Loss 1.03429
Epoch [68] Training Class Recall: [0.734,0.574,0.776,0.624,0.735,0.663,0.717,0.787,0.734,0.803]
Epoch [68] Testing Results: Prec@1 37.330 Prec@5 75.200 Loss 2.33153
Epoch [68] Testing Class Recall: [0.389,0.786,0.749,0.093,0.210,0.396,0.138,0.304,0.572,0.096]
Epoch [69] Training Results: Prec@1 73.407 Prec@5 93.053 Loss 1.01952
Epoch [69] Training Class Recall: [0.731,0.601,0.787,0.640,0.721,0.681,0.733,0.786,0.724,0.809]
Epoch [69] Testing Results: Prec@1 34.720 Prec@5 74.840 Loss 2.74617
Epoch [69] Testing Class Recall: [0.528,0.965,0.414,0.072,0.440,0.145,0.438,0.146,0.299,0.025]
Epoch [70] Training Results: Prec@1 73.067 Prec@5 93.153 Loss 1.02544
Epoch [70] Training Class Recall: [0.731,0.597,0.780,0.628,0.717,0.679,0.715,0.791,0.740,0.803]
Epoch [70] Testing Results: Prec@1 36.770 Prec@5 76.340 Loss 2.35604
Epoch [70] Testing Class Recall: [0.580,0.547,0.408,0.169,0.506,0.397,0.082,0.229,0.601,0.158]
Epoch [71] Training Results: Prec@1 73.533 Prec@5 93.147 Loss 1.01261
Epoch [71] Training Class Recall: [0.745,0.605,0.782,0.642,0.723,0.680,0.727,0.781,0.740,0.807]
Epoch [71] Testing Results: Prec@1 41.110 Prec@5 78.200 Loss 2.30895
Epoch [71] Testing Class Recall: [0.533,0.835,0.564,0.059,0.214,0.391,0.499,0.632,0.274,0.110]
Epoch [72] Training Results: Prec@1 73.100 Prec@5 93.253 Loss 1.02104
Epoch [72] Training Class Recall: [0.732,0.597,0.782,0.635,0.725,0.660,0.719,0.783,0.737,0.810]
Epoch [72] Testing Results: Prec@1 38.920 Prec@5 79.550 Loss 2.25864
Epoch [72] Testing Class Recall: [0.506,0.707,0.605,0.246,0.436,0.357,0.143,0.331,0.291,0.270]
Epoch [73] Training Results: Prec@1 73.387 Prec@5 93.400 Loss 1.01304
Epoch [73] Training Class Recall: [0.739,0.601,0.786,0.649,0.725,0.676,0.719,0.789,0.727,0.801]
Epoch [73] Testing Results: Prec@1 34.890 Prec@5 73.190 Loss 2.59381
Epoch [73] Testing Class Recall: [0.394,0.914,0.534,0.196,0.330,0.402,0.164,0.381,0.120,0.054]
Epoch [74] Training Results: Prec@1 73.487 Prec@5 93.280 Loss 1.01042
Epoch [74] Training Class Recall: [0.738,0.596,0.787,0.654,0.724,0.677,0.727,0.783,0.728,0.808]
Epoch [74] Testing Results: Prec@1 38.310 Prec@5 77.590 Loss 2.15849
Epoch [74] Testing Class Recall: [0.646,0.794,0.521,0.061,0.288,0.223,0.307,0.459,0.220,0.312]
Epoch [75] Training Results: Prec@1 73.560 Prec@5 93.833 Loss 1.00393
Epoch [75] Training Class Recall: [0.737,0.590,0.793,0.636,0.727,0.671,0.727,0.788,0.739,0.811]
Epoch [75] Testing Results: Prec@1 37.880 Prec@5 76.530 Loss 2.51664
Epoch [75] Testing Class Recall: [0.759,0.811,0.409,0.078,0.548,0.305,0.262,0.339,0.202,0.075]
Epoch [76] Training Results: Prec@1 73.567 Prec@5 93.500 Loss 1.00697
Epoch [76] Training Class Recall: [0.733,0.606,0.785,0.653,0.723,0.676,0.720,0.786,0.742,0.811]
Epoch [76] Testing Results: Prec@1 37.770 Prec@5 74.650 Loss 2.49490
Epoch [76] Testing Class Recall: [0.698,0.797,0.679,0.086,0.402,0.228,0.330,0.402,0.138,0.017]
Epoch [77] Training Results: Prec@1 73.567 Prec@5 93.607 Loss 0.99598
Epoch [77] Training Class Recall: [0.733,0.600,0.788,0.638,0.724,0.690,0.728,0.788,0.738,0.806]
Epoch [77] Testing Results: Prec@1 36.570 Prec@5 77.290 Loss 2.30864
Epoch [77] Testing Class Recall: [0.619,0.702,0.643,0.143,0.198,0.190,0.125,0.338,0.420,0.279]
Epoch [78] Training Results: Prec@1 73.440 Prec@5 93.767 Loss 0.99851
Epoch [78] Training Class Recall: [0.728,0.598,0.792,0.652,0.721,0.676,0.718,0.784,0.732,0.811]
Epoch [78] Testing Results: Prec@1 40.830 Prec@5 80.950 Loss 2.16431
Epoch [78] Testing Class Recall: [0.654,0.558,0.500,0.282,0.348,0.446,0.333,0.544,0.329,0.089]
Epoch [79] Training Results: Prec@1 73.693 Prec@5 93.600 Loss 0.99650
Epoch [79] Training Class Recall: [0.742,0.593,0.791,0.656,0.717,0.671,0.732,0.796,0.732,0.808]
Epoch [79] Testing Results: Prec@1 39.300 Prec@5 75.290 Loss 2.31769
Epoch [79] Testing Class Recall: [0.314,0.767,0.565,0.070,0.293,0.665,0.225,0.210,0.651,0.170]
Epoch [80] Training Results: Prec@1 73.627 Prec@5 93.660 Loss 0.99403
Epoch [80] Training Class Recall: [0.734,0.611,0.781,0.657,0.726,0.670,0.721,0.786,0.744,0.814]
Epoch [80] Testing Results: Prec@1 38.170 Prec@5 77.330 Loss 2.29217
Epoch [80] Testing Class Recall: [0.534,0.669,0.672,0.094,0.186,0.384,0.485,0.392,0.278,0.123]
Epoch [81] Training Results: Prec@1 73.720 Prec@5 94.027 Loss 0.98797
Epoch [81] Training Class Recall: [0.728,0.604,0.799,0.654,0.723,0.667,0.727,0.792,0.742,0.805]
Epoch [81] Testing Results: Prec@1 36.870 Prec@5 73.910 Loss 2.51627
Epoch [81] Testing Class Recall: [0.659,0.668,0.716,0.066,0.076,0.183,0.263,0.544,0.406,0.106]
Epoch [82] Training Results: Prec@1 73.900 Prec@5 94.067 Loss 0.98429
Epoch [82] Training Class Recall: [0.738,0.599,0.799,0.646,0.727,0.690,0.726,0.784,0.739,0.811]
Epoch [82] Testing Results: Prec@1 36.880 Prec@5 75.570 Loss 2.40190
Epoch [82] Testing Class Recall: [0.632,0.848,0.552,0.198,0.173,0.291,0.413,0.376,0.093,0.112]
Epoch [83] Training Results: Prec@1 73.993 Prec@5 93.867 Loss 0.98604
Epoch [83] Training Class Recall: [0.744,0.610,0.796,0.652,0.728,0.676,0.730,0.784,0.740,0.811]
Epoch [83] Testing Results: Prec@1 29.290 Prec@5 74.770 Loss 2.64220
Epoch [83] Testing Class Recall: [0.741,0.541,0.212,0.316,0.375,0.033,0.193,0.231,0.169,0.118]
Epoch [84] Training Results: Prec@1 74.113 Prec@5 94.013 Loss 0.97481
Epoch [84] Training Class Recall: [0.745,0.592,0.792,0.658,0.735,0.677,0.741,0.781,0.744,0.817]
Epoch [84] Testing Results: Prec@1 38.890 Prec@5 79.170 Loss 2.40020
Epoch [84] Testing Class Recall: [0.408,0.836,0.742,0.155,0.377,0.218,0.184,0.470,0.347,0.152]
Epoch [85] Training Results: Prec@1 73.953 Prec@5 94.100 Loss 0.97806
Epoch [85] Training Class Recall: [0.741,0.605,0.796,0.648,0.733,0.679,0.731,0.788,0.737,0.808]
Epoch [85] Testing Results: Prec@1 38.880 Prec@5 75.580 Loss 2.41999
Epoch [85] Testing Class Recall: [0.504,0.912,0.473,0.041,0.378,0.461,0.545,0.395,0.159,0.020]
Epoch [86] Training Results: Prec@1 73.600 Prec@5 94.107 Loss 0.98000
Epoch [86] Training Class Recall: [0.733,0.601,0.787,0.653,0.719,0.685,0.732,0.789,0.734,0.805]
Epoch [86] Testing Results: Prec@1 31.770 Prec@5 74.280 Loss 2.84790
Epoch [86] Testing Class Recall: [0.733,0.786,0.476,0.115,0.292,0.083,0.274,0.110,0.243,0.065]
Epoch [87] Training Results: Prec@1 73.800 Prec@5 94.320 Loss 0.98033
Epoch [87] Training Class Recall: [0.728,0.612,0.791,0.668,0.729,0.668,0.724,0.786,0.744,0.810]
Epoch [87] Testing Results: Prec@1 29.070 Prec@5 70.040 Loss 2.63671
Epoch [87] Testing Class Recall: [0.523,0.899,0.285,0.035,0.224,0.045,0.354,0.200,0.162,0.180]
Epoch [88] Training Results: Prec@1 73.587 Prec@5 94.193 Loss 0.98609
Epoch [88] Training Class Recall: [0.734,0.603,0.790,0.662,0.716,0.677,0.720,0.781,0.737,0.813]
Epoch [88] Testing Results: Prec@1 38.430 Prec@5 81.460 Loss 2.17269
Epoch [88] Testing Class Recall: [0.443,0.627,0.779,0.162,0.265,0.338,0.280,0.400,0.414,0.135]
Epoch [89] Training Results: Prec@1 73.907 Prec@5 93.927 Loss 0.98098
Epoch [89] Training Class Recall: [0.738,0.600,0.793,0.650,0.721,0.672,0.734,0.790,0.746,0.817]
Epoch [89] Testing Results: Prec@1 34.110 Prec@5 76.170 Loss 2.45086
Epoch [89] Testing Class Recall: [0.749,0.717,0.649,0.203,0.263,0.153,0.068,0.165,0.302,0.142]
Epoch [90] Training Results: Prec@1 74.487 Prec@5 94.547 Loss 0.95630
Epoch [90] Training Class Recall: [0.750,0.617,0.800,0.664,0.737,0.686,0.727,0.789,0.738,0.813]
Epoch [90] Testing Results: Prec@1 38.450 Prec@5 75.550 Loss 2.26968
Epoch [90] Testing Class Recall: [0.612,0.716,0.476,0.148,0.369,0.264,0.445,0.471,0.234,0.110]
Epoch [91] Training Results: Prec@1 73.927 Prec@5 94.253 Loss 0.97179
Epoch [91] Training Class Recall: [0.727,0.605,0.791,0.662,0.738,0.677,0.730,0.791,0.737,0.813]
Epoch [91] Testing Results: Prec@1 33.040 Prec@5 76.290 Loss 2.64868
Epoch [91] Testing Class Recall: [0.602,0.630,0.664,0.099,0.261,0.137,0.277,0.221,0.379,0.034]
Epoch [92] Training Results: Prec@1 74.167 Prec@5 94.480 Loss 0.96614
Epoch [92] Training Class Recall: [0.737,0.613,0.786,0.658,0.736,0.703,0.730,0.786,0.746,0.809]
Epoch [92] Testing Results: Prec@1 36.850 Prec@5 76.760 Loss 2.47150
Epoch [92] Testing Class Recall: [0.581,0.741,0.599,0.260,0.428,0.179,0.281,0.306,0.230,0.080]
Epoch [93] Training Results: Prec@1 73.980 Prec@5 94.473 Loss 0.95581
Epoch [93] Training Class Recall: [0.728,0.602,0.798,0.658,0.729,0.686,0.729,0.796,0.739,0.805]
Epoch [93] Testing Results: Prec@1 36.080 Prec@5 76.810 Loss 2.27708
Epoch [93] Testing Class Recall: [0.523,0.583,0.475,0.188,0.281,0.446,0.562,0.122,0.374,0.054]
Epoch [94] Training Results: Prec@1 74.047 Prec@5 94.313 Loss 0.96943
Epoch [94] Training Class Recall: [0.735,0.613,0.790,0.661,0.727,0.689,0.737,0.791,0.735,0.811]
Epoch [94] Testing Results: Prec@1 39.750 Prec@5 79.890 Loss 2.26691
Epoch [94] Testing Class Recall: [0.714,0.700,0.616,0.207,0.182,0.117,0.406,0.475,0.283,0.275]
Epoch [95] Training Results: Prec@1 74.060 Prec@5 94.327 Loss 0.96432
Epoch [95] Training Class Recall: [0.735,0.591,0.801,0.658,0.729,0.679,0.731,0.789,0.747,0.812]
Epoch [95] Testing Results: Prec@1 33.380 Prec@5 73.930 Loss 2.89422
Epoch [95] Testing Class Recall: [0.685,0.741,0.628,0.150,0.264,0.139,0.263,0.248,0.197,0.023]
Epoch [96] Training Results: Prec@1 74.173 Prec@5 94.527 Loss 0.94963
Epoch [96] Training Class Recall: [0.733,0.618,0.788,0.664,0.733,0.690,0.738,0.780,0.748,0.813]
Epoch [96] Testing Results: Prec@1 38.160 Prec@5 78.250 Loss 2.25144
Epoch [96] Testing Class Recall: [0.440,0.592,0.685,0.185,0.188,0.153,0.369,0.465,0.520,0.219]
Epoch [97] Training Results: Prec@1 74.580 Prec@5 94.873 Loss 0.94338
Epoch [97] Training Class Recall: [0.747,0.616,0.807,0.671,0.725,0.681,0.731,0.784,0.751,0.817]
Epoch [97] Testing Results: Prec@1 34.800 Prec@5 77.210 Loss 2.68027
Epoch [97] Testing Class Recall: [0.683,0.593,0.543,0.234,0.212,0.257,0.162,0.533,0.201,0.062]
Epoch [98] Training Results: Prec@1 74.553 Prec@5 94.760 Loss 0.94466
Epoch [98] Training Class Recall: [0.748,0.608,0.799,0.678,0.739,0.681,0.731,0.790,0.744,0.812]
Epoch [98] Testing Results: Prec@1 37.380 Prec@5 76.220 Loss 2.70862
Epoch [98] Testing Class Recall: [0.658,0.664,0.508,0.054,0.223,0.618,0.449,0.326,0.171,0.067]
Epoch [99] Training Results: Prec@1 74.060 Prec@5 94.827 Loss 0.95428
Epoch [99] Training Class Recall: [0.739,0.605,0.792,0.654,0.726,0.681,0.736,0.788,0.743,0.816]
Epoch [99] Testing Results: Prec@1 33.380 Prec@5 72.850 Loss 2.40110
Epoch [99] Testing Class Recall: [0.604,0.653,0.548,0.148,0.280,0.118,0.255,0.187,0.352,0.193]
Epoch [100] Training Results: Prec@1 74.400 Prec@5 94.960 Loss 0.94506
Epoch [100] Training Class Recall: [0.731,0.613,0.803,0.678,0.732,0.678,0.731,0.792,0.747,0.811]
Epoch [100] Testing Results: Prec@1 39.310 Prec@5 78.480 Loss 2.50451
Epoch [100] Testing Class Recall: [0.591,0.835,0.407,0.267,0.197,0.309,0.532,0.476,0.176,0.141]
Epoch [101] Training Results: Prec@1 74.673 Prec@5 94.653 Loss 0.94126
Epoch [101] Training Class Recall: [0.749,0.617,0.807,0.659,0.742,0.683,0.742,0.789,0.741,0.808]
Epoch [101] Testing Results: Prec@1 37.530 Prec@5 76.810 Loss 2.40484
Epoch [101] Testing Class Recall: [0.542,0.774,0.547,0.298,0.236,0.117,0.599,0.282,0.283,0.075]
Epoch [102] Training Results: Prec@1 74.113 Prec@5 94.733 Loss 0.95073
Epoch [102] Training Class Recall: [0.750,0.605,0.793,0.658,0.744,0.669,0.727,0.784,0.737,0.812]
Epoch [102] Testing Results: Prec@1 39.490 Prec@5 76.340 Loss 2.61588
Epoch [102] Testing Class Recall: [0.679,0.824,0.534,0.195,0.365,0.263,0.635,0.356,0.080,0.018]
Epoch [103] Training Results: Prec@1 74.047 Prec@5 94.813 Loss 0.94078
Epoch [103] Training Class Recall: [0.736,0.599,0.795,0.662,0.734,0.671,0.728,0.783,0.749,0.819]
Epoch [103] Testing Results: Prec@1 38.720 Prec@5 78.590 Loss 2.34557
Epoch [103] Testing Class Recall: [0.386,0.713,0.616,0.068,0.292,0.157,0.758,0.195,0.378,0.309]
Epoch [104] Training Results: Prec@1 74.673 Prec@5 94.920 Loss 0.93270
Epoch [104] Training Class Recall: [0.745,0.604,0.805,0.659,0.742,0.692,0.734,0.793,0.743,0.817]
Epoch [104] Testing Results: Prec@1 33.600 Prec@5 75.960 Loss 2.83976
Epoch [104] Testing Class Recall: [0.505,0.902,0.538,0.362,0.178,0.132,0.405,0.214,0.098,0.026]
Epoch [105] Training Results: Prec@1 74.487 Prec@5 95.220 Loss 0.93343
Epoch [105] Training Class Recall: [0.735,0.615,0.802,0.667,0.731,0.689,0.735,0.788,0.738,0.824]
Epoch [105] Testing Results: Prec@1 37.090 Prec@5 75.710 Loss 2.58072
Epoch [105] Testing Class Recall: [0.658,0.489,0.580,0.162,0.244,0.412,0.276,0.575,0.211,0.102]
Epoch [106] Training Results: Prec@1 74.807 Prec@5 95.200 Loss 0.92782
Epoch [106] Training Class Recall: [0.740,0.605,0.806,0.673,0.731,0.695,0.735,0.801,0.752,0.816]
Epoch [106] Testing Results: Prec@1 37.990 Prec@5 80.150 Loss 2.26746
Epoch [106] Testing Class Recall: [0.518,0.457,0.594,0.309,0.318,0.338,0.342,0.313,0.377,0.233]
Epoch [107] Training Results: Prec@1 74.453 Prec@5 95.307 Loss 0.94083
Epoch [107] Training Class Recall: [0.746,0.619,0.808,0.652,0.728,0.674,0.741,0.783,0.742,0.819]
Epoch [107] Testing Results: Prec@1 35.830 Prec@5 77.050 Loss 2.23196
Epoch [107] Testing Class Recall: [0.461,0.555,0.575,0.249,0.234,0.367,0.188,0.384,0.521,0.049]
Epoch [108] Training Results: Prec@1 74.733 Prec@5 95.287 Loss 0.93019
Epoch [108] Training Class Recall: [0.746,0.613,0.808,0.667,0.739,0.690,0.737,0.788,0.742,0.814]
Epoch [108] Testing Results: Prec@1 32.810 Prec@5 72.770 Loss 2.84157
Epoch [108] Testing Class Recall: [0.656,0.691,0.639,0.081,0.200,0.089,0.294,0.454,0.074,0.103]
Epoch [109] Training Results: Prec@1 74.867 Prec@5 95.187 Loss 0.92189
Epoch [109] Training Class Recall: [0.751,0.607,0.810,0.664,0.734,0.686,0.739,0.797,0.750,0.813]
Epoch [109] Testing Results: Prec@1 39.810 Prec@5 77.030 Loss 2.36874
Epoch [109] Testing Class Recall: [0.313,0.894,0.573,0.083,0.552,0.480,0.236,0.382,0.368,0.100]
Epoch [110] Training Results: Prec@1 75.287 Prec@5 95.147 Loss 0.91587
Epoch [110] Training Class Recall: [0.745,0.617,0.808,0.679,0.743,0.692,0.745,0.804,0.756,0.818]
Epoch [110] Testing Results: Prec@1 36.830 Prec@5 75.940 Loss 2.81098
Epoch [110] Testing Class Recall: [0.737,0.826,0.545,0.072,0.134,0.143,0.545,0.365,0.264,0.052]
Epoch [111] Training Results: Prec@1 74.900 Prec@5 95.100 Loss 0.92038
Epoch [111] Training Class Recall: [0.733,0.612,0.805,0.665,0.757,0.695,0.743,0.793,0.743,0.818]
Epoch [111] Testing Results: Prec@1 37.420 Prec@5 79.010 Loss 2.65208
Epoch [111] Testing Class Recall: [0.715,0.871,0.319,0.396,0.259,0.308,0.314,0.222,0.265,0.073]
Epoch [112] Training Results: Prec@1 75.360 Prec@5 95.400 Loss 0.90525
Epoch [112] Training Class Recall: [0.738,0.630,0.812,0.663,0.756,0.695,0.735,0.800,0.761,0.821]
Epoch [112] Testing Results: Prec@1 35.720 Prec@5 74.770 Loss 2.80578
Epoch [112] Testing Class Recall: [0.669,0.652,0.517,0.172,0.313,0.089,0.349,0.525,0.256,0.030]
Epoch [113] Training Results: Prec@1 75.153 Prec@5 95.260 Loss 0.90457
Epoch [113] Training Class Recall: [0.750,0.628,0.799,0.661,0.748,0.690,0.745,0.797,0.753,0.824]
Epoch [113] Testing Results: Prec@1 38.850 Prec@5 78.190 Loss 2.21518
Epoch [113] Testing Class Recall: [0.335,0.578,0.627,0.131,0.416,0.243,0.290,0.509,0.418,0.338]
Epoch [114] Training Results: Prec@1 75.180 Prec@5 95.353 Loss 0.90570
Epoch [114] Training Class Recall: [0.752,0.611,0.810,0.666,0.745,0.695,0.743,0.803,0.748,0.814]
Epoch [114] Testing Results: Prec@1 35.080 Prec@5 75.740 Loss 2.52197
Epoch [114] Testing Class Recall: [0.510,0.671,0.526,0.108,0.248,0.177,0.337,0.327,0.257,0.347]
Epoch [115] Training Results: Prec@1 75.033 Prec@5 95.507 Loss 0.91460
Epoch [115] Training Class Recall: [0.738,0.631,0.809,0.681,0.744,0.689,0.731,0.794,0.751,0.816]
Epoch [115] Testing Results: Prec@1 34.380 Prec@5 74.680 Loss 2.66162
Epoch [115] Testing Class Recall: [0.509,0.712,0.683,0.136,0.334,0.114,0.485,0.287,0.121,0.057]
Epoch [116] Training Results: Prec@1 75.073 Prec@5 95.287 Loss 0.91052
Epoch [116] Training Class Recall: [0.738,0.608,0.805,0.670,0.747,0.688,0.749,0.801,0.753,0.820]
Epoch [116] Testing Results: Prec@1 38.050 Prec@5 77.400 Loss 2.51212
Epoch [116] Testing Class Recall: [0.512,0.826,0.485,0.245,0.414,0.314,0.060,0.494,0.219,0.236]
Epoch [117] Training Results: Prec@1 75.320 Prec@5 95.440 Loss 0.89935
Epoch [117] Training Class Recall: [0.744,0.623,0.806,0.674,0.746,0.708,0.746,0.793,0.751,0.824]
Epoch [117] Testing Results: Prec@1 35.930 Prec@5 76.390 Loss 2.69353
Epoch [117] Testing Class Recall: [0.669,0.762,0.510,0.216,0.221,0.309,0.242,0.349,0.163,0.152]
Epoch [118] Training Results: Prec@1 75.493 Prec@5 95.813 Loss 0.89054
Epoch [118] Training Class Recall: [0.753,0.629,0.807,0.677,0.738,0.685,0.753,0.806,0.753,0.827]
Epoch [118] Testing Results: Prec@1 35.310 Prec@5 74.030 Loss 2.68663
Epoch [118] Testing Class Recall: [0.551,0.743,0.549,0.095,0.388,0.328,0.300,0.225,0.332,0.020]
Epoch [119] Training Results: Prec@1 74.787 Prec@5 95.373 Loss 0.90438
Epoch [119] Training Class Recall: [0.744,0.621,0.802,0.671,0.736,0.696,0.734,0.793,0.743,0.817]
Epoch [119] Testing Results: Prec@1 38.830 Prec@5 79.310 Loss 2.30859
Epoch [119] Testing Class Recall: [0.658,0.606,0.422,0.122,0.293,0.505,0.384,0.520,0.157,0.216]
Epoch [120] Training Results: Prec@1 75.033 Prec@5 95.507 Loss 0.90453
Epoch [120] Training Class Recall: [0.759,0.622,0.803,0.674,0.740,0.683,0.737,0.793,0.752,0.818]
Epoch [120] Testing Results: Prec@1 35.390 Prec@5 76.310 Loss 2.68365
Epoch [120] Testing Class Recall: [0.601,0.460,0.342,0.208,0.468,0.139,0.419,0.485,0.341,0.076]
Epoch [121] Training Results: Prec@1 75.000 Prec@5 95.387 Loss 0.90478
Epoch [121] Training Class Recall: [0.737,0.616,0.803,0.673,0.739,0.695,0.737,0.803,0.753,0.823]
Epoch [121] Testing Results: Prec@1 35.140 Prec@5 74.800 Loss 2.70179
Epoch [121] Testing Class Recall: [0.387,0.918,0.503,0.154,0.415,0.241,0.299,0.345,0.240,0.012]
Epoch [122] Training Results: Prec@1 74.980 Prec@5 95.433 Loss 0.89903
Epoch [122] Training Class Recall: [0.741,0.611,0.798,0.671,0.735,0.704,0.749,0.796,0.747,0.826]
Epoch [122] Testing Results: Prec@1 35.670 Prec@5 74.020 Loss 2.78370
Epoch [122] Testing Class Recall: [0.651,0.594,0.590,0.204,0.117,0.254,0.421,0.357,0.353,0.026]
Epoch [123] Training Results: Prec@1 74.827 Prec@5 95.367 Loss 0.91114
Epoch [123] Training Class Recall: [0.744,0.620,0.812,0.671,0.738,0.682,0.722,0.794,0.752,0.817]
Epoch [123] Testing Results: Prec@1 40.000 Prec@5 78.040 Loss 2.50527
Epoch [123] Testing Class Recall: [0.666,0.712,0.489,0.095,0.274,0.329,0.657,0.437,0.324,0.017]
Epoch [124] Training Results: Prec@1 75.007 Prec@5 95.227 Loss 0.91029
Epoch [124] Training Class Recall: [0.752,0.613,0.803,0.687,0.735,0.690,0.739,0.797,0.739,0.823]
Epoch [124] Testing Results: Prec@1 36.400 Prec@5 77.590 Loss 2.48559
Epoch [124] Testing Class Recall: [0.636,0.585,0.663,0.109,0.421,0.170,0.240,0.296,0.283,0.237]
Epoch [125] Training Results: Prec@1 75.740 Prec@5 95.920 Loss 0.88204
Epoch [125] Training Class Recall: [0.744,0.629,0.809,0.674,0.752,0.711,0.740,0.812,0.755,0.828]
Epoch [125] Testing Results: Prec@1 34.260 Prec@5 74.740 Loss 2.68478
Epoch [125] Testing Class Recall: [0.637,0.473,0.436,0.240,0.279,0.310,0.332,0.396,0.282,0.041]
Epoch [126] Training Results: Prec@1 75.387 Prec@5 95.600 Loss 0.89422
Epoch [126] Training Class Recall: [0.751,0.626,0.806,0.684,0.735,0.694,0.733,0.796,0.776,0.820]
Epoch [126] Testing Results: Prec@1 37.220 Prec@5 76.850 Loss 2.57734
Epoch [126] Testing Class Recall: [0.666,0.785,0.488,0.103,0.277,0.530,0.238,0.270,0.323,0.042]
Epoch [127] Training Results: Prec@1 75.527 Prec@5 95.820 Loss 0.88322
Epoch [127] Training Class Recall: [0.753,0.628,0.806,0.686,0.748,0.701,0.742,0.799,0.759,0.816]
Epoch [127] Testing Results: Prec@1 37.830 Prec@5 76.980 Loss 2.68513
Epoch [127] Testing Class Recall: [0.327,0.823,0.717,0.157,0.429,0.206,0.494,0.224,0.283,0.123]
Epoch [128] Training Results: Prec@1 75.527 Prec@5 95.780 Loss 0.88162
Epoch [128] Training Class Recall: [0.754,0.631,0.804,0.688,0.746,0.695,0.753,0.798,0.750,0.820]
Epoch [128] Testing Results: Prec@1 33.460 Prec@5 75.930 Loss 3.11616
Epoch [128] Testing Class Recall: [0.514,0.789,0.582,0.132,0.152,0.368,0.140,0.343,0.175,0.151]
Epoch [129] Training Results: Prec@1 75.293 Prec@5 95.747 Loss 0.87988
Epoch [129] Training Class Recall: [0.747,0.633,0.800,0.675,0.752,0.690,0.749,0.797,0.749,0.822]
Epoch [129] Testing Results: Prec@1 32.950 Prec@5 73.590 Loss 3.20781
Epoch [129] Testing Class Recall: [0.489,0.888,0.553,0.187,0.342,0.024,0.275,0.169,0.268,0.100]
Epoch [130] Training Results: Prec@1 75.780 Prec@5 95.920 Loss 0.87526
Epoch [130] Training Class Recall: [0.760,0.623,0.815,0.685,0.741,0.706,0.749,0.798,0.756,0.822]
Epoch [130] Testing Results: Prec@1 33.390 Prec@5 75.970 Loss 2.91857
Epoch [130] Testing Class Recall: [0.561,0.820,0.638,0.170,0.272,0.153,0.269,0.156,0.220,0.080]
Epoch [131] Training Results: Prec@1 75.287 Prec@5 95.960 Loss 0.87950
Epoch [131] Training Class Recall: [0.756,0.624,0.805,0.669,0.748,0.689,0.743,0.793,0.749,0.827]
Epoch [131] Testing Results: Prec@1 31.360 Prec@5 76.550 Loss 2.99076
Epoch [131] Testing Class Recall: [0.635,0.595,0.495,0.128,0.383,0.239,0.249,0.159,0.178,0.075]
Epoch [132] Training Results: Prec@1 75.080 Prec@5 95.940 Loss 0.88518
Epoch [132] Training Class Recall: [0.750,0.629,0.802,0.674,0.733,0.690,0.738,0.793,0.762,0.821]
Epoch [132] Testing Results: Prec@1 34.030 Prec@5 73.630 Loss 2.91090
Epoch [132] Testing Class Recall: [0.565,0.790,0.618,0.102,0.214,0.113,0.315,0.368,0.215,0.103]
Epoch [133] Training Results: Prec@1 76.073 Prec@5 95.987 Loss 0.86671
Epoch [133] Training Class Recall: [0.757,0.629,0.812,0.688,0.744,0.708,0.754,0.805,0.764,0.829]
Epoch [133] Testing Results: Prec@1 34.710 Prec@5 75.080 Loss 2.66361
Epoch [133] Testing Class Recall: [0.493,0.485,0.438,0.180,0.246,0.397,0.435,0.331,0.388,0.078]
Epoch [134] Training Results: Prec@1 75.260 Prec@5 95.727 Loss 0.89277
Epoch [134] Training Class Recall: [0.736,0.633,0.802,0.684,0.741,0.690,0.745,0.794,0.761,0.828]
Epoch [134] Testing Results: Prec@1 36.580 Prec@5 78.720 Loss 2.63636
Epoch [134] Testing Class Recall: [0.579,0.494,0.685,0.055,0.372,0.351,0.507,0.257,0.183,0.175]
Epoch [135] Training Results: Prec@1 76.153 Prec@5 96.053 Loss 0.85754
Epoch [135] Training Class Recall: [0.770,0.632,0.820,0.671,0.756,0.701,0.758,0.799,0.761,0.819]
Epoch [135] Testing Results: Prec@1 36.270 Prec@5 77.400 Loss 2.49333
Epoch [135] Testing Class Recall: [0.385,0.466,0.529,0.281,0.315,0.297,0.499,0.439,0.340,0.076]
Epoch [136] Training Results: Prec@1 75.667 Prec@5 95.720 Loss 0.88220
Epoch [136] Training Class Recall: [0.746,0.611,0.811,0.689,0.745,0.692,0.749,0.815,0.767,0.819]
Epoch [136] Testing Results: Prec@1 34.340 Prec@5 76.260 Loss 2.88292
Epoch [136] Testing Class Recall: [0.351,0.843,0.691,0.161,0.343,0.224,0.221,0.231,0.239,0.130]
Epoch [137] Training Results: Prec@1 75.500 Prec@5 96.073 Loss 0.87567
Epoch [137] Training Class Recall: [0.758,0.623,0.810,0.677,0.747,0.690,0.738,0.798,0.752,0.829]
Epoch [137] Testing Results: Prec@1 38.530 Prec@5 81.320 Loss 2.18010
Epoch [137] Testing Class Recall: [0.574,0.480,0.472,0.166,0.284,0.282,0.292,0.646,0.338,0.319]
Epoch [138] Training Results: Prec@1 75.360 Prec@5 95.940 Loss 0.88177
Epoch [138] Training Class Recall: [0.745,0.617,0.806,0.681,0.747,0.686,0.736,0.813,0.754,0.826]
Epoch [138] Testing Results: Prec@1 38.850 Prec@5 78.050 Loss 2.40506
Epoch [138] Testing Class Recall: [0.534,0.823,0.479,0.165,0.179,0.399,0.315,0.494,0.298,0.199]
Epoch [139] Training Results: Prec@1 76.247 Prec@5 96.127 Loss 0.85658
Epoch [139] Training Class Recall: [0.760,0.630,0.813,0.682,0.757,0.713,0.753,0.801,0.764,0.832]
Epoch [139] Testing Results: Prec@1 36.950 Prec@5 77.580 Loss 2.65594
Epoch [139] Testing Class Recall: [0.463,0.869,0.451,0.190,0.267,0.342,0.225,0.333,0.415,0.140]
Epoch [140] Training Results: Prec@1 75.240 Prec@5 95.887 Loss 0.88872
Epoch [140] Training Class Recall: [0.744,0.637,0.799,0.675,0.749,0.687,0.741,0.803,0.757,0.820]
Epoch [140] Testing Results: Prec@1 31.260 Prec@5 75.440 Loss 3.01198
Epoch [140] Testing Class Recall: [0.609,0.519,0.710,0.061,0.173,0.227,0.333,0.275,0.174,0.045]
Epoch [141] Training Results: Prec@1 75.833 Prec@5 96.200 Loss 0.86173
Epoch [141] Training Class Recall: [0.754,0.640,0.811,0.690,0.750,0.698,0.740,0.797,0.753,0.832]
Epoch [141] Testing Results: Prec@1 32.250 Prec@5 72.630 Loss 3.39653
Epoch [141] Testing Class Recall: [0.612,0.703,0.529,0.166,0.263,0.449,0.246,0.055,0.194,0.008]
Epoch [142] Training Results: Prec@1 76.093 Prec@5 96.080 Loss 0.86087
Epoch [142] Training Class Recall: [0.761,0.632,0.814,0.671,0.750,0.704,0.760,0.799,0.761,0.833]
Epoch [142] Testing Results: Prec@1 40.780 Prec@5 79.600 Loss 2.21058
Epoch [142] Testing Class Recall: [0.437,0.705,0.485,0.171,0.293,0.444,0.319,0.581,0.346,0.297]
Epoch [143] Training Results: Prec@1 75.640 Prec@5 96.087 Loss 0.86782
Epoch [143] Training Class Recall: [0.755,0.625,0.805,0.665,0.747,0.711,0.747,0.810,0.757,0.822]
Epoch [143] Testing Results: Prec@1 35.390 Prec@5 77.340 Loss 2.56608
Epoch [143] Testing Class Recall: [0.563,0.650,0.575,0.083,0.131,0.292,0.224,0.390,0.394,0.237]
Epoch [144] Training Results: Prec@1 75.893 Prec@5 95.927 Loss 0.86598
Epoch [144] Training Class Recall: [0.766,0.623,0.811,0.678,0.741,0.697,0.749,0.806,0.768,0.826]
Epoch [144] Testing Results: Prec@1 39.150 Prec@5 77.370 Loss 2.42762
Epoch [144] Testing Class Recall: [0.579,0.577,0.431,0.035,0.419,0.332,0.502,0.443,0.468,0.129]
Epoch [145] Training Results: Prec@1 74.947 Prec@5 96.000 Loss 0.89298
Epoch [145] Training Class Recall: [0.742,0.636,0.797,0.669,0.740,0.683,0.742,0.801,0.756,0.817]
Epoch [145] Testing Results: Prec@1 38.850 Prec@5 77.270 Loss 2.30655
Epoch [145] Testing Class Recall: [0.451,0.719,0.379,0.133,0.230,0.315,0.404,0.653,0.465,0.136]
Epoch [146] Training Results: Prec@1 76.327 Prec@5 95.827 Loss 0.85494
Epoch [146] Training Class Recall: [0.759,0.634,0.817,0.703,0.760,0.704,0.749,0.805,0.759,0.824]
Epoch [146] Testing Results: Prec@1 32.260 Prec@5 72.990 Loss 2.95471
Epoch [146] Testing Class Recall: [0.682,0.705,0.435,0.080,0.210,0.268,0.270,0.277,0.108,0.191]
Epoch [147] Training Results: Prec@1 76.027 Prec@5 96.313 Loss 0.84484
Epoch [147] Training Class Recall: [0.761,0.638,0.807,0.692,0.749,0.700,0.743,0.806,0.765,0.827]
Epoch [147] Testing Results: Prec@1 35.830 Prec@5 76.560 Loss 2.86387
Epoch [147] Testing Class Recall: [0.380,0.892,0.455,0.078,0.225,0.363,0.325,0.354,0.388,0.123]
Epoch [148] Training Results: Prec@1 75.920 Prec@5 96.360 Loss 0.85334
Epoch [148] Training Class Recall: [0.758,0.636,0.816,0.678,0.747,0.700,0.748,0.799,0.757,0.829]
Epoch [148] Testing Results: Prec@1 36.890 Prec@5 77.670 Loss 2.66441
Epoch [148] Testing Class Recall: [0.683,0.745,0.362,0.176,0.232,0.442,0.377,0.250,0.280,0.142]
Epoch [149] Training Results: Prec@1 75.640 Prec@5 96.160 Loss 0.85977
Epoch [149] Training Class Recall: [0.752,0.632,0.804,0.682,0.748,0.694,0.744,0.808,0.756,0.827]
Epoch [149] Testing Results: Prec@1 37.530 Prec@5 77.140 Loss 2.61346
Epoch [149] Testing Class Recall: [0.253,0.764,0.538,0.114,0.364,0.550,0.310,0.488,0.330,0.042]
Epoch [150] Training Results: Prec@1 76.113 Prec@5 96.247 Loss 0.85169
Epoch [150] Training Class Recall: [0.749,0.637,0.815,0.693,0.753,0.709,0.748,0.801,0.760,0.830]
Epoch [150] Testing Results: Prec@1 37.430 Prec@5 76.950 Loss 3.00913
Epoch [150] Testing Class Recall: [0.642,0.869,0.383,0.215,0.462,0.103,0.479,0.356,0.221,0.013]
Epoch [151] Training Results: Prec@1 76.247 Prec@5 96.440 Loss 0.84451
Epoch [151] Training Class Recall: [0.748,0.648,0.815,0.701,0.747,0.710,0.759,0.803,0.759,0.827]
Epoch [151] Testing Results: Prec@1 28.580 Prec@5 69.680 Loss 3.43362
Epoch [151] Testing Class Recall: [0.437,0.612,0.682,0.062,0.160,0.350,0.070,0.205,0.234,0.046]
Epoch [152] Training Results: Prec@1 76.340 Prec@5 96.153 Loss 0.85211
Epoch [152] Training Class Recall: [0.758,0.647,0.814,0.682,0.753,0.712,0.747,0.805,0.768,0.833]
Epoch [152] Testing Results: Prec@1 30.860 Prec@5 74.090 Loss 3.22776
Epoch [152] Testing Class Recall: [0.519,0.682,0.715,0.315,0.193,0.092,0.079,0.153,0.235,0.103]
Epoch [153] Training Results: Prec@1 76.153 Prec@5 96.300 Loss 0.84725
Epoch [153] Training Class Recall: [0.763,0.639,0.813,0.684,0.752,0.705,0.749,0.796,0.767,0.830]
Epoch [153] Testing Results: Prec@1 36.090 Prec@5 74.850 Loss 2.80511
Epoch [153] Testing Class Recall: [0.551,0.786,0.581,0.157,0.354,0.146,0.244,0.387,0.326,0.077]
Epoch [154] Training Results: Prec@1 75.933 Prec@5 96.300 Loss 0.85416
Epoch [154] Training Class Recall: [0.762,0.635,0.810,0.698,0.742,0.696,0.751,0.801,0.761,0.823]
Epoch [154] Testing Results: Prec@1 37.530 Prec@5 78.220 Loss 2.57166
Epoch [154] Testing Class Recall: [0.574,0.612,0.585,0.111,0.366,0.534,0.426,0.184,0.272,0.089]
Epoch [155] Training Results: Prec@1 76.400 Prec@5 96.500 Loss 0.83751
Epoch [155] Training Class Recall: [0.754,0.645,0.817,0.684,0.756,0.705,0.745,0.813,0.768,0.833]
Epoch [155] Testing Results: Prec@1 32.280 Prec@5 75.330 Loss 3.04978
Epoch [155] Testing Class Recall: [0.488,0.585,0.774,0.263,0.223,0.168,0.157,0.185,0.331,0.054]
Epoch [156] Training Results: Prec@1 76.120 Prec@5 96.427 Loss 0.84864
Epoch [156] Training Class Recall: [0.762,0.635,0.812,0.684,0.750,0.708,0.752,0.798,0.762,0.832]
Epoch [156] Testing Results: Prec@1 37.070 Prec@5 77.560 Loss 2.50028
Epoch [156] Testing Class Recall: [0.356,0.761,0.600,0.234,0.338,0.197,0.215,0.421,0.486,0.099]
Epoch [157] Training Results: Prec@1 76.253 Prec@5 96.387 Loss 0.84258
Epoch [157] Training Class Recall: [0.760,0.650,0.813,0.691,0.752,0.704,0.746,0.799,0.763,0.833]
Epoch [157] Testing Results: Prec@1 37.830 Prec@5 80.660 Loss 2.93480
Epoch [157] Testing Class Recall: [0.734,0.505,0.506,0.210,0.263,0.508,0.363,0.392,0.138,0.164]
Epoch [158] Training Results: Prec@1 76.307 Prec@5 96.293 Loss 0.83748
Epoch [158] Training Class Recall: [0.755,0.644,0.817,0.691,0.742,0.707,0.747,0.813,0.768,0.832]
Epoch [158] Testing Results: Prec@1 37.120 Prec@5 77.670 Loss 2.66286
Epoch [158] Testing Class Recall: [0.622,0.610,0.575,0.211,0.158,0.446,0.347,0.332,0.351,0.060]
Epoch [159] Training Results: Prec@1 75.973 Prec@5 96.453 Loss 0.83586
Epoch [159] Training Class Recall: [0.752,0.644,0.809,0.692,0.746,0.704,0.748,0.796,0.760,0.836]
Epoch [159] Testing Results: Prec@1 34.580 Prec@5 75.720 Loss 2.79449
Epoch [159] Testing Class Recall: [0.702,0.696,0.539,0.103,0.161,0.229,0.379,0.349,0.241,0.059]
Epoch [160] Training Results: Prec@1 78.467 Prec@5 97.360 Loss 0.74786
Epoch [160] Training Class Recall: [0.792,0.630,0.856,0.709,0.764,0.743,0.786,0.820,0.764,0.844]
Epoch [160] Testing Results: Prec@1 37.820 Prec@5 78.430 Loss 2.58732
Epoch [160] Testing Class Recall: [0.618,0.772,0.587,0.164,0.300,0.271,0.287,0.423,0.269,0.091]
Epoch [161] Training Results: Prec@1 79.700 Prec@5 97.607 Loss 0.70540
Epoch [161] Training Class Recall: [0.796,0.683,0.863,0.727,0.792,0.757,0.782,0.818,0.786,0.847]
Epoch [161] Testing Results: Prec@1 38.160 Prec@5 78.580 Loss 2.59138
Epoch [161] Testing Class Recall: [0.617,0.807,0.561,0.173,0.325,0.262,0.267,0.406,0.281,0.117]
Epoch [162] Training Results: Prec@1 80.487 Prec@5 97.740 Loss 0.67978
Epoch [162] Training Class Recall: [0.809,0.692,0.862,0.746,0.801,0.754,0.789,0.838,0.787,0.856]
Epoch [162] Testing Results: Prec@1 38.300 Prec@5 78.310 Loss 2.57854
Epoch [162] Testing Class Recall: [0.611,0.817,0.562,0.186,0.309,0.259,0.257,0.427,0.294,0.108]
Epoch [163] Training Results: Prec@1 80.780 Prec@5 97.947 Loss 0.66296
Epoch [163] Training Class Recall: [0.808,0.697,0.867,0.748,0.809,0.760,0.787,0.842,0.788,0.857]
Epoch [163] Testing Results: Prec@1 38.220 Prec@5 78.460 Loss 2.69465
Epoch [163] Testing Class Recall: [0.597,0.824,0.580,0.204,0.347,0.223,0.245,0.411,0.290,0.101]
Epoch [164] Training Results: Prec@1 81.193 Prec@5 98.073 Loss 0.65530
Epoch [164] Training Class Recall: [0.811,0.705,0.863,0.760,0.819,0.769,0.786,0.851,0.787,0.861]
Epoch [164] Testing Results: Prec@1 38.230 Prec@5 78.450 Loss 2.71297
Epoch [164] Testing Class Recall: [0.616,0.822,0.566,0.197,0.349,0.253,0.266,0.396,0.271,0.087]
Epoch [165] Training Results: Prec@1 81.433 Prec@5 98.093 Loss 0.64596
Epoch [165] Training Class Recall: [0.811,0.712,0.870,0.752,0.811,0.774,0.793,0.850,0.799,0.864]
Epoch [165] Testing Results: Prec@1 38.970 Prec@5 78.970 Loss 2.61547
Epoch [165] Testing Class Recall: [0.583,0.819,0.575,0.186,0.371,0.263,0.271,0.396,0.312,0.121]
Epoch [166] Training Results: Prec@1 81.467 Prec@5 98.033 Loss 0.63855
Epoch [166] Training Class Recall: [0.812,0.701,0.872,0.765,0.813,0.765,0.793,0.849,0.802,0.863]
Epoch [166] Testing Results: Prec@1 38.350 Prec@5 78.830 Loss 2.66455
Epoch [166] Testing Class Recall: [0.597,0.799,0.585,0.205,0.331,0.265,0.250,0.402,0.306,0.095]
Epoch [167] Training Results: Prec@1 81.553 Prec@5 98.040 Loss 0.63512
Epoch [167] Training Class Recall: [0.812,0.711,0.864,0.762,0.817,0.769,0.798,0.853,0.803,0.864]
Epoch [167] Testing Results: Prec@1 38.240 Prec@5 78.380 Loss 2.72577
Epoch [167] Testing Class Recall: [0.598,0.829,0.565,0.208,0.350,0.259,0.262,0.378,0.289,0.086]
Epoch [168] Training Results: Prec@1 81.680 Prec@5 98.313 Loss 0.62677
Epoch [168] Training Class Recall: [0.813,0.705,0.876,0.767,0.807,0.770,0.800,0.854,0.798,0.867]
Epoch [168] Testing Results: Prec@1 38.320 Prec@5 78.570 Loss 2.69522
Epoch [168] Testing Class Recall: [0.571,0.810,0.583,0.216,0.361,0.268,0.262,0.380,0.292,0.089]
Epoch [169] Training Results: Prec@1 82.033 Prec@5 98.300 Loss 0.61803
Epoch [169] Training Class Recall: [0.821,0.723,0.875,0.770,0.813,0.774,0.807,0.854,0.806,0.859]
Epoch [169] Testing Results: Prec@1 38.090 Prec@5 78.460 Loss 2.71311
Epoch [169] Testing Class Recall: [0.580,0.822,0.597,0.194,0.335,0.253,0.270,0.377,0.276,0.105]
Epoch [170] Training Results: Prec@1 82.013 Prec@5 98.227 Loss 0.61751
Epoch [170] Training Class Recall: [0.816,0.727,0.875,0.776,0.815,0.773,0.804,0.851,0.799,0.865]
Epoch [170] Testing Results: Prec@1 37.870 Prec@5 78.090 Loss 2.79104
Epoch [170] Testing Class Recall: [0.611,0.817,0.581,0.199,0.362,0.253,0.236,0.374,0.253,0.101]
Epoch [171] Training Results: Prec@1 82.067 Prec@5 98.293 Loss 0.61449
Epoch [171] Training Class Recall: [0.815,0.715,0.880,0.764,0.818,0.782,0.798,0.854,0.804,0.867]
Epoch [171] Testing Results: Prec@1 38.790 Prec@5 78.720 Loss 2.69575
Epoch [171] Testing Class Recall: [0.575,0.826,0.570,0.230,0.370,0.265,0.246,0.386,0.309,0.102]
Epoch [172] Training Results: Prec@1 82.293 Prec@5 98.333 Loss 0.60112
Epoch [172] Training Class Recall: [0.823,0.724,0.871,0.781,0.819,0.772,0.801,0.860,0.815,0.866]
Epoch [172] Testing Results: Prec@1 37.730 Prec@5 78.020 Loss 2.80831
Epoch [172] Testing Class Recall: [0.616,0.806,0.562,0.196,0.350,0.263,0.241,0.376,0.256,0.107]
Epoch [173] Training Results: Prec@1 82.453 Prec@5 98.373 Loss 0.60412
Epoch [173] Training Class Recall: [0.821,0.725,0.877,0.778,0.818,0.780,0.799,0.863,0.812,0.870]
Epoch [173] Testing Results: Prec@1 37.280 Prec@5 78.000 Loss 2.76398
Epoch [173] Testing Class Recall: [0.599,0.781,0.585,0.212,0.318,0.238,0.242,0.354,0.278,0.121]
Epoch [174] Training Results: Prec@1 82.513 Prec@5 98.387 Loss 0.59860
Epoch [174] Training Class Recall: [0.830,0.729,0.876,0.776,0.819,0.780,0.807,0.851,0.810,0.873]
Epoch [174] Testing Results: Prec@1 37.960 Prec@5 78.660 Loss 2.75170
Epoch [174] Testing Class Recall: [0.616,0.780,0.565,0.203,0.354,0.256,0.261,0.379,0.273,0.109]
Epoch [175] Training Results: Prec@1 82.640 Prec@5 98.427 Loss 0.59442
Epoch [175] Training Class Recall: [0.824,0.726,0.878,0.789,0.828,0.782,0.810,0.852,0.811,0.867]
Epoch [175] Testing Results: Prec@1 37.900 Prec@5 78.510 Loss 2.74141
Epoch [175] Testing Class Recall: [0.579,0.789,0.574,0.209,0.380,0.261,0.244,0.353,0.287,0.114]
Epoch [176] Training Results: Prec@1 82.573 Prec@5 98.300 Loss 0.59347
Epoch [176] Training Class Recall: [0.825,0.728,0.877,0.779,0.822,0.769,0.808,0.860,0.814,0.873]
Epoch [176] Testing Results: Prec@1 38.220 Prec@5 78.560 Loss 2.72491
Epoch [176] Testing Class Recall: [0.607,0.783,0.562,0.212,0.355,0.255,0.273,0.384,0.278,0.113]
Epoch [177] Training Results: Prec@1 83.033 Prec@5 98.333 Loss 0.58673
Epoch [177] Training Class Recall: [0.827,0.741,0.883,0.785,0.826,0.789,0.802,0.867,0.812,0.874]
Epoch [177] Testing Results: Prec@1 37.790 Prec@5 78.260 Loss 2.80516
Epoch [177] Testing Class Recall: [0.576,0.800,0.584,0.217,0.368,0.251,0.249,0.356,0.280,0.098]
Epoch [178] Training Results: Prec@1 82.807 Prec@5 98.300 Loss 0.59262
Epoch [178] Training Class Recall: [0.832,0.745,0.878,0.785,0.822,0.778,0.805,0.857,0.811,0.873]
Epoch [178] Testing Results: Prec@1 38.100 Prec@5 78.490 Loss 2.78711
Epoch [178] Testing Class Recall: [0.584,0.791,0.573,0.220,0.373,0.246,0.270,0.360,0.281,0.112]
Epoch [179] Training Results: Prec@1 82.853 Prec@5 98.433 Loss 0.58884
Epoch [179] Training Class Recall: [0.824,0.738,0.876,0.786,0.825,0.788,0.806,0.861,0.813,0.875]
Epoch [179] Testing Results: Prec@1 37.570 Prec@5 78.240 Loss 2.87133
Epoch [179] Testing Class Recall: [0.584,0.818,0.588,0.204,0.325,0.274,0.263,0.346,0.269,0.086]
Epoch [180] Training Results: Prec@1 82.980 Prec@5 98.340 Loss 0.58105
Epoch [180] Training Class Recall: [0.831,0.736,0.884,0.786,0.821,0.790,0.808,0.860,0.812,0.872]
Epoch [180] Testing Results: Prec@1 37.570 Prec@5 78.500 Loss 2.80515
Epoch [180] Testing Class Recall: [0.608,0.799,0.571,0.203,0.322,0.265,0.256,0.349,0.272,0.112]
Epoch [181] Training Results: Prec@1 83.007 Prec@5 98.420 Loss 0.58180
Epoch [181] Training Class Recall: [0.828,0.742,0.877,0.795,0.823,0.781,0.814,0.858,0.817,0.875]
Epoch [181] Testing Results: Prec@1 37.460 Prec@5 77.950 Loss 2.92666
Epoch [181] Testing Class Recall: [0.636,0.817,0.571,0.195,0.335,0.253,0.236,0.353,0.254,0.096]
Epoch [182] Training Results: Prec@1 82.713 Prec@5 98.453 Loss 0.58356
Epoch [182] Training Class Recall: [0.820,0.740,0.881,0.774,0.827,0.788,0.803,0.855,0.812,0.873]
Epoch [182] Testing Results: Prec@1 37.930 Prec@5 78.510 Loss 2.81362
Epoch [182] Testing Class Recall: [0.595,0.800,0.580,0.204,0.348,0.271,0.263,0.356,0.288,0.088]
Epoch [183] Training Results: Prec@1 83.153 Prec@5 98.487 Loss 0.57994
Epoch [183] Training Class Recall: [0.830,0.740,0.885,0.795,0.825,0.794,0.808,0.859,0.813,0.872]
Epoch [183] Testing Results: Prec@1 36.970 Prec@5 77.810 Loss 2.92404
Epoch [183] Testing Class Recall: [0.630,0.797,0.578,0.202,0.311,0.261,0.219,0.338,0.254,0.107]
Epoch [184] Training Results: Prec@1 83.167 Prec@5 98.347 Loss 0.57994
Epoch [184] Training Class Recall: [0.826,0.745,0.883,0.791,0.828,0.794,0.808,0.862,0.817,0.870]
Epoch [184] Testing Results: Prec@1 37.940 Prec@5 78.710 Loss 2.79262
Epoch [184] Testing Class Recall: [0.606,0.802,0.586,0.204,0.321,0.272,0.251,0.361,0.278,0.113]
Epoch [185] Training Results: Prec@1 82.907 Prec@5 98.413 Loss 0.58035
Epoch [185] Training Class Recall: [0.829,0.742,0.880,0.787,0.824,0.780,0.809,0.860,0.805,0.879]
Epoch [185] Testing Results: Prec@1 37.310 Prec@5 78.020 Loss 2.88914
Epoch [185] Testing Class Recall: [0.613,0.797,0.576,0.200,0.356,0.245,0.259,0.327,0.262,0.096]
Epoch [186] Training Results: Prec@1 82.873 Prec@5 98.493 Loss 0.58213
Epoch [186] Training Class Recall: [0.824,0.729,0.881,0.787,0.825,0.794,0.804,0.861,0.809,0.875]
Epoch [186] Testing Results: Prec@1 37.900 Prec@5 78.420 Loss 2.78974
Epoch [186] Testing Class Recall: [0.573,0.816,0.574,0.202,0.354,0.279,0.244,0.360,0.265,0.123]
Epoch [187] Training Results: Prec@1 82.700 Prec@5 98.540 Loss 0.58413
Epoch [187] Training Class Recall: [0.822,0.741,0.877,0.785,0.820,0.788,0.806,0.862,0.812,0.866]
Epoch [187] Testing Results: Prec@1 38.210 Prec@5 78.880 Loss 2.73166
Epoch [187] Testing Class Recall: [0.597,0.791,0.566,0.203,0.343,0.269,0.267,0.371,0.292,0.122]
Epoch [188] Training Results: Prec@1 82.953 Prec@5 98.540 Loss 0.58259
Epoch [188] Training Class Recall: [0.826,0.738,0.878,0.792,0.822,0.792,0.817,0.854,0.815,0.872]
Epoch [188] Testing Results: Prec@1 37.300 Prec@5 78.220 Loss 2.88259
Epoch [188] Testing Class Recall: [0.601,0.800,0.583,0.211,0.330,0.257,0.231,0.348,0.251,0.118]
Epoch [189] Training Results: Prec@1 82.920 Prec@5 98.380 Loss 0.58324
Epoch [189] Training Class Recall: [0.828,0.733,0.877,0.783,0.826,0.794,0.808,0.867,0.811,0.869]
Epoch [189] Testing Results: Prec@1 37.160 Prec@5 77.870 Loss 2.90349
Epoch [189] Testing Class Recall: [0.600,0.799,0.576,0.193,0.340,0.261,0.244,0.355,0.245,0.103]
Epoch [190] Training Results: Prec@1 82.907 Prec@5 98.440 Loss 0.58306
Epoch [190] Training Class Recall: [0.823,0.733,0.882,0.784,0.825,0.793,0.811,0.863,0.810,0.869]
Epoch [190] Testing Results: Prec@1 36.830 Prec@5 77.670 Loss 2.92674
Epoch [190] Testing Class Recall: [0.597,0.807,0.584,0.197,0.313,0.258,0.233,0.339,0.252,0.103]
Epoch [191] Training Results: Prec@1 82.793 Prec@5 98.373 Loss 0.58564
Epoch [191] Training Class Recall: [0.824,0.745,0.880,0.786,0.820,0.782,0.809,0.859,0.809,0.872]
Epoch [191] Testing Results: Prec@1 37.230 Prec@5 77.990 Loss 2.93305
Epoch [191] Testing Class Recall: [0.600,0.819,0.579,0.204,0.336,0.263,0.235,0.338,0.256,0.093]
Epoch [192] Training Results: Prec@1 82.833 Prec@5 98.360 Loss 0.58090
Epoch [192] Training Class Recall: [0.827,0.732,0.883,0.793,0.824,0.778,0.797,0.859,0.819,0.871]
Epoch [192] Testing Results: Prec@1 37.690 Prec@5 78.180 Loss 2.83837
Epoch [192] Testing Class Recall: [0.607,0.815,0.560,0.208,0.337,0.268,0.254,0.357,0.264,0.099]
Epoch [193] Training Results: Prec@1 83.073 Prec@5 98.547 Loss 0.57666
Epoch [193] Training Class Recall: [0.827,0.731,0.881,0.790,0.831,0.787,0.810,0.862,0.818,0.872]
Epoch [193] Testing Results: Prec@1 37.580 Prec@5 78.060 Loss 2.84964
Epoch [193] Testing Class Recall: [0.594,0.793,0.584,0.205,0.333,0.260,0.253,0.354,0.278,0.104]
Epoch [194] Training Results: Prec@1 83.033 Prec@5 98.407 Loss 0.58565
Epoch [194] Training Class Recall: [0.832,0.733,0.881,0.784,0.826,0.776,0.811,0.867,0.821,0.872]
Epoch [194] Testing Results: Prec@1 37.630 Prec@5 78.180 Loss 2.81134
Epoch [194] Testing Class Recall: [0.595,0.808,0.573,0.212,0.340,0.268,0.234,0.353,0.276,0.104]
Epoch [195] Training Results: Prec@1 82.880 Prec@5 98.387 Loss 0.58143
Epoch [195] Training Class Recall: [0.823,0.747,0.877,0.782,0.825,0.780,0.812,0.862,0.816,0.873]
Epoch [195] Testing Results: Prec@1 37.820 Prec@5 78.220 Loss 2.81931
Epoch [195] Testing Class Recall: [0.587,0.818,0.560,0.205,0.357,0.283,0.239,0.359,0.273,0.101]
Epoch [196] Training Results: Prec@1 83.067 Prec@5 98.347 Loss 0.58089
Epoch [196] Training Class Recall: [0.831,0.732,0.882,0.795,0.823,0.794,0.809,0.862,0.812,0.870]
Epoch [196] Testing Results: Prec@1 37.390 Prec@5 77.960 Loss 2.85963
Epoch [196] Testing Class Recall: [0.600,0.815,0.554,0.199,0.348,0.264,0.253,0.334,0.273,0.099]
Epoch [197] Training Results: Prec@1 82.807 Prec@5 98.480 Loss 0.58265
Epoch [197] Training Class Recall: [0.824,0.739,0.882,0.785,0.819,0.789,0.801,0.859,0.808,0.877]
Epoch [197] Testing Results: Prec@1 37.550 Prec@5 78.210 Loss 2.83022
Epoch [197] Testing Class Recall: [0.591,0.799,0.573,0.202,0.346,0.257,0.262,0.346,0.288,0.091]
Epoch [198] Training Results: Prec@1 82.847 Prec@5 98.487 Loss 0.58750
Epoch [198] Training Class Recall: [0.824,0.731,0.884,0.781,0.824,0.790,0.801,0.859,0.810,0.877]
Epoch [198] Testing Results: Prec@1 37.600 Prec@5 78.200 Loss 2.86820
Epoch [198] Testing Class Recall: [0.603,0.801,0.572,0.208,0.350,0.266,0.240,0.344,0.265,0.111]
Epoch [199] Training Results: Prec@1 83.033 Prec@5 98.447 Loss 0.58161
Epoch [199] Training Class Recall: [0.827,0.735,0.881,0.783,0.826,0.790,0.808,0.862,0.817,0.877]
Epoch [199] Testing Results: Prec@1 38.030 Prec@5 78.690 Loss 2.75311
Epoch [199] Testing Class Recall: [0.574,0.795,0.575,0.205,0.338,0.272,0.254,0.379,0.290,0.121]
