Log file: cifar10_sava0.3_randomoversampling_selection_exp0.01_seed42_20260604_101428.log
Run started: 2026-06-04 10:14:28.606798
Dataset: cifar10
Imbalance type: exp, factor: 0.01
Selection method: sava, ratio: 0.3
Strategy: RandomOversampling_Selection, epochs: 200
Seed: 42, rand_number: 0
Augmentation: weak
mamix_ratio: 1.0
============================================================

=> Preparing logger and tensorboard writer !
----------------------------------------------------
Class ID   | Original   | Selected   | Keep %  
----------------------------------------------------
0          | 5000       | 1814       |    36.3%
1          | 5000       | 1151       |    23.0%
2          | 5000       | 1040       |    20.8%
3          | 5000       | 1367       |    27.3%
4          | 5000       | 1274       |    25.5%
5          | 5000       | 1685       |    33.7%
6          | 5000       | 1910       |    38.2%
7          | 5000       | 1426       |    28.5%
8          | 5000       | 1469       |    29.4%
9          | 5000       | 1864       |    37.3%
----------------------------------------------------
TOTAL      | 50000      | 15000      |    30.0%
----------------------------------------------------
Epoch [0] Training Results: Prec@1 43.033 Prec@5 87.460             Loss 1.60080
Epoch [0] Training Class Recall: [0.639,0.335,0.037,0.126,0.204,0.478,0.683,0.415,0.434,0.591]
Epoch [0] Testing Results: Prec@1 26.260 Prec@5 71.820             Loss 2.81077
Epoch [0] Testing Class Recall: [0.671,0.155,0.025,0.068,0.573,0.322,0.435,0.112,0.245,0.020]
Epoch [1] Training Results: Prec@1 60.787 Prec@5 96.727             Loss 1.10979
Epoch [1] Training Class Recall: [0.750,0.612,0.128,0.241,0.343,0.592,0.733,0.706,0.781,0.859]
Epoch [1] Testing Results: Prec@1 31.650 Prec@5 77.410             Loss 2.98150
Epoch [1] Testing Class Recall: [0.425,0.588,0.205,0.142,0.470,0.429,0.441,0.039,0.204,0.222]
Epoch [2] Training Results: Prec@1 69.947 Prec@5 98.473             Loss 0.85714
Epoch [2] Training Class Recall: [0.830,0.706,0.163,0.349,0.462,0.682,0.796,0.847,0.905,0.928]
Epoch [2] Testing Results: Prec@1 30.240 Prec@5 78.550             Loss 4.47791
Epoch [2] Testing Class Recall: [0.383,0.245,0.226,0.022,0.660,0.315,0.116,0.154,0.718,0.185]
Epoch [3] Training Results: Prec@1 75.267 Prec@5 99.147             Loss 0.69953
Epoch [3] Training Class Recall: [0.836,0.769,0.220,0.437,0.553,0.757,0.848,0.903,0.946,0.958]
Epoch [3] Testing Results: Prec@1 35.050 Prec@5 79.770             Loss 4.42437
Epoch [3] Testing Class Recall: [0.477,0.258,0.081,0.220,0.535,0.450,0.083,0.381,0.727,0.293]
Epoch [4] Training Results: Prec@1 79.393 Prec@5 99.520             Loss 0.58157
Epoch [4] Training Class Recall: [0.864,0.821,0.316,0.505,0.610,0.787,0.895,0.943,0.956,0.973]
Epoch [4] Testing Results: Prec@1 32.750 Prec@5 76.920             Loss 4.43890
Epoch [4] Testing Class Recall: [0.716,0.614,0.276,0.156,0.089,0.423,0.680,0.201,0.117,0.003]
Epoch [5] Training Results: Prec@1 84.373 Prec@5 99.747             Loss 0.43643
Epoch [5] Training Class Recall: [0.889,0.889,0.433,0.592,0.690,0.846,0.940,0.962,0.986,0.988]
Epoch [5] Testing Results: Prec@1 36.290 Prec@5 80.980             Loss 4.46436
Epoch [5] Testing Class Recall: [0.714,0.788,0.170,0.109,0.444,0.347,0.572,0.221,0.193,0.071]
Epoch [6] Training Results: Prec@1 86.667 Prec@5 99.853             Loss 0.37714
Epoch [6] Training Class Recall: [0.895,0.878,0.483,0.676,0.761,0.883,0.949,0.967,0.982,0.992]
Epoch [6] Testing Results: Prec@1 35.760 Prec@5 82.200             Loss 4.53747
Epoch [6] Testing Class Recall: [0.731,0.643,0.290,0.062,0.549,0.272,0.488,0.216,0.196,0.129]
Epoch [7] Training Results: Prec@1 89.067 Prec@5 99.913             Loss 0.30751
Epoch [7] Training Class Recall: [0.915,0.903,0.545,0.720,0.809,0.912,0.965,0.980,0.986,0.995]
Epoch [7] Testing Results: Prec@1 33.500 Prec@5 78.300             Loss 4.56851
Epoch [7] Testing Class Recall: [0.620,0.512,0.528,0.053,0.405,0.289,0.532,0.146,0.200,0.065]
Epoch [8] Training Results: Prec@1 91.287 Prec@5 99.920             Loss 0.25231
Epoch [8] Training Class Recall: [0.917,0.924,0.648,0.781,0.845,0.943,0.974,0.980,0.985,0.995]
Epoch [8] Testing Results: Prec@1 35.300 Prec@5 79.560             Loss 4.75672
Epoch [8] Testing Class Recall: [0.728,0.503,0.547,0.199,0.533,0.462,0.225,0.121,0.096,0.116]
Epoch [9] Training Results: Prec@1 92.287 Prec@5 99.927             Loss 0.22395
Epoch [9] Training Class Recall: [0.929,0.932,0.674,0.794,0.870,0.955,0.971,0.990,0.990,0.996]
Epoch [9] Testing Results: Prec@1 35.160 Prec@5 81.690             Loss 5.32595
Epoch [9] Testing Class Recall: [0.629,0.528,0.312,0.222,0.738,0.404,0.327,0.075,0.179,0.102]
Epoch [10] Training Results: Prec@1 92.773 Prec@5 99.980             Loss 0.21107
Epoch [10] Training Class Recall: [0.929,0.920,0.714,0.824,0.886,0.945,0.979,0.982,0.991,0.995]
Epoch [10] Testing Results: Prec@1 34.560 Prec@5 79.860             Loss 5.71462
Epoch [10] Testing Class Recall: [0.607,0.611,0.356,0.197,0.758,0.195,0.312,0.130,0.232,0.058]
Epoch [11] Training Results: Prec@1 93.520 Prec@5 99.947             Loss 0.19237
Epoch [11] Training Class Recall: [0.938,0.931,0.751,0.843,0.894,0.946,0.972,0.990,0.994,0.997]
Epoch [11] Testing Results: Prec@1 36.200 Prec@5 80.580             Loss 5.09894
Epoch [11] Testing Class Recall: [0.725,0.528,0.532,0.218,0.663,0.232,0.249,0.159,0.204,0.110]
Epoch [12] Training Results: Prec@1 95.093 Prec@5 99.967             Loss 0.14635
Epoch [12] Training Class Recall: [0.948,0.954,0.786,0.895,0.922,0.963,0.982,0.992,0.996,0.996]
Epoch [12] Testing Results: Prec@1 34.910 Prec@5 83.520             Loss 6.02312
Epoch [12] Testing Class Recall: [0.684,0.583,0.324,0.038,0.816,0.363,0.131,0.112,0.126,0.314]
Epoch [13] Training Results: Prec@1 95.453 Prec@5 99.980             Loss 0.13125
Epoch [13] Training Class Recall: [0.939,0.957,0.811,0.892,0.938,0.975,0.986,0.992,0.990,0.998]
Epoch [13] Testing Results: Prec@1 37.810 Prec@5 83.180             Loss 4.79224
Epoch [13] Testing Class Recall: [0.461,0.570,0.369,0.287,0.684,0.283,0.437,0.188,0.328,0.174]
Epoch [14] Training Results: Prec@1 95.080 Prec@5 99.980             Loss 0.14141
Epoch [14] Training Class Recall: [0.949,0.945,0.815,0.873,0.943,0.946,0.985,0.994,0.996,0.994]
Epoch [14] Testing Results: Prec@1 34.900 Prec@5 81.440             Loss 5.30281
Epoch [14] Testing Class Recall: [0.792,0.408,0.320,0.424,0.487,0.400,0.184,0.194,0.113,0.168]
Epoch [15] Training Results: Prec@1 96.933 Prec@5 99.980             Loss 0.08951
Epoch [15] Training Class Recall: [0.958,0.957,0.859,0.933,0.962,0.986,0.993,0.997,0.997,0.998]
Epoch [15] Testing Results: Prec@1 40.210 Prec@5 82.140             Loss 5.12320
Epoch [15] Testing Class Recall: [0.645,0.794,0.322,0.506,0.549,0.244,0.464,0.199,0.169,0.129]
Epoch [16] Training Results: Prec@1 96.680 Prec@5 100.000             Loss 0.09544
Epoch [16] Training Class Recall: [0.961,0.964,0.854,0.930,0.953,0.979,0.986,0.994,0.997,0.998]
Epoch [16] Testing Results: Prec@1 36.030 Prec@5 82.690             Loss 5.29319
Epoch [16] Testing Class Recall: [0.616,0.653,0.567,0.170,0.556,0.191,0.380,0.055,0.295,0.120]
Epoch [17] Training Results: Prec@1 95.547 Prec@5 99.960             Loss 0.12611
Epoch [17] Training Class Recall: [0.943,0.952,0.830,0.905,0.947,0.968,0.979,0.989,0.990,0.995]
Epoch [17] Testing Results: Prec@1 36.400 Prec@5 82.990             Loss 5.54194
Epoch [17] Testing Class Recall: [0.732,0.585,0.526,0.231,0.594,0.132,0.340,0.122,0.124,0.254]
Epoch [18] Training Results: Prec@1 96.953 Prec@5 100.000             Loss 0.09222
Epoch [18] Training Class Recall: [0.958,0.964,0.885,0.932,0.950,0.984,0.989,0.994,0.996,0.999]
Epoch [18] Testing Results: Prec@1 36.550 Prec@5 83.690             Loss 5.17225
Epoch [18] Testing Class Recall: [0.658,0.483,0.611,0.190,0.542,0.143,0.226,0.312,0.299,0.191]
Epoch [19] Training Results: Prec@1 97.507 Prec@5 99.993             Loss 0.07667
Epoch [19] Training Class Recall: [0.963,0.976,0.903,0.949,0.969,0.978,0.991,0.996,0.997,0.998]
Epoch [19] Testing Results: Prec@1 30.060 Prec@5 80.860             Loss 6.69514
Epoch [19] Testing Class Recall: [0.575,0.545,0.841,0.079,0.338,0.201,0.260,0.074,0.049,0.044]
Epoch [20] Training Results: Prec@1 97.680 Prec@5 100.000             Loss 0.07022
Epoch [20] Training Class Recall: [0.964,0.970,0.905,0.950,0.980,0.985,0.995,0.994,0.994,0.998]
Epoch [20] Testing Results: Prec@1 39.860 Prec@5 84.570             Loss 5.16854
Epoch [20] Testing Class Recall: [0.651,0.551,0.515,0.416,0.576,0.183,0.194,0.165,0.438,0.297]
Epoch [21] Training Results: Prec@1 97.707 Prec@5 99.993             Loss 0.06976
Epoch [21] Training Class Recall: [0.965,0.972,0.901,0.955,0.974,0.985,0.995,0.994,0.998,0.999]
Epoch [21] Testing Results: Prec@1 36.090 Prec@5 83.240             Loss 5.87240
Epoch [21] Testing Class Recall: [0.789,0.483,0.483,0.468,0.482,0.248,0.223,0.127,0.071,0.235]
Epoch [22] Training Results: Prec@1 96.287 Prec@5 100.000             Loss 0.12016
Epoch [22] Training Class Recall: [0.955,0.965,0.863,0.926,0.941,0.976,0.981,0.987,0.993,0.996]
Epoch [22] Testing Results: Prec@1 40.200 Prec@5 86.370             Loss 4.56211
Epoch [22] Testing Class Recall: [0.728,0.608,0.667,0.466,0.373,0.203,0.347,0.210,0.224,0.194]
Epoch [23] Training Results: Prec@1 97.987 Prec@5 99.993             Loss 0.06140
Epoch [23] Training Class Recall: [0.970,0.974,0.915,0.957,0.980,0.988,0.994,0.996,0.998,0.997]
Epoch [23] Testing Results: Prec@1 36.250 Prec@5 84.440             Loss 5.76077
Epoch [23] Testing Class Recall: [0.685,0.640,0.773,0.378,0.100,0.371,0.214,0.121,0.156,0.187]
Epoch [24] Training Results: Prec@1 95.893 Prec@5 99.987             Loss 0.12341
Epoch [24] Training Class Recall: [0.958,0.958,0.866,0.906,0.933,0.968,0.977,0.988,0.988,0.996]
Epoch [24] Testing Results: Prec@1 36.600 Prec@5 84.440             Loss 4.51753
Epoch [24] Testing Class Recall: [0.745,0.440,0.557,0.362,0.445,0.525,0.151,0.127,0.082,0.226]
Epoch [25] Training Results: Prec@1 96.440 Prec@5 99.993             Loss 0.10759
Epoch [25] Training Class Recall: [0.957,0.961,0.886,0.920,0.969,0.964,0.976,0.987,0.992,0.997]
Epoch [25] Testing Results: Prec@1 39.600 Prec@5 86.330             Loss 4.43025
Epoch [25] Testing Class Recall: [0.729,0.732,0.277,0.481,0.651,0.351,0.238,0.204,0.129,0.168]
Epoch [26] Training Results: Prec@1 98.093 Prec@5 100.000             Loss 0.05952
Epoch [26] Training Class Recall: [0.971,0.979,0.916,0.962,0.980,0.992,0.989,0.998,0.997,0.999]
Epoch [26] Testing Results: Prec@1 37.840 Prec@5 83.200             Loss 5.61541
Epoch [26] Testing Class Recall: [0.584,0.802,0.485,0.293,0.748,0.204,0.388,0.142,0.095,0.043]
Epoch [27] Training Results: Prec@1 97.660 Prec@5 99.993             Loss 0.07224
Epoch [27] Training Class Recall: [0.971,0.977,0.893,0.956,0.964,0.984,0.993,0.996,0.996,0.997]
Epoch [27] Testing Results: Prec@1 34.440 Prec@5 83.910             Loss 5.86888
Epoch [27] Testing Class Recall: [0.703,0.424,0.309,0.284,0.803,0.204,0.326,0.102,0.119,0.170]
Epoch [28] Training Results: Prec@1 98.460 Prec@5 100.000             Loss 0.04880
Epoch [28] Training Class Recall: [0.971,0.971,0.937,0.974,0.984,0.991,0.999,0.997,1.000,0.998]
Epoch [28] Testing Results: Prec@1 39.380 Prec@5 83.650             Loss 5.33488
Epoch [28] Testing Class Recall: [0.670,0.831,0.426,0.224,0.702,0.209,0.296,0.117,0.292,0.171]
Epoch [29] Training Results: Prec@1 98.380 Prec@5 100.000             Loss 0.04815
Epoch [29] Training Class Recall: [0.977,0.983,0.935,0.955,0.985,0.991,0.992,0.996,1.000,1.000]
Epoch [29] Testing Results: Prec@1 41.300 Prec@5 85.180             Loss 4.47436
Epoch [29] Testing Class Recall: [0.702,0.777,0.541,0.456,0.344,0.372,0.544,0.135,0.142,0.117]
Epoch [30] Training Results: Prec@1 98.487 Prec@5 100.000             Loss 0.04259
Epoch [30] Training Class Recall: [0.973,0.982,0.940,0.969,0.980,0.993,0.994,0.998,0.999,0.999]
Epoch [30] Testing Results: Prec@1 39.570 Prec@5 84.380             Loss 5.05161
Epoch [30] Testing Class Recall: [0.721,0.818,0.505,0.422,0.495,0.244,0.377,0.121,0.146,0.108]
Epoch [31] Training Results: Prec@1 98.233 Prec@5 99.993             Loss 0.05302
Epoch [31] Training Class Recall: [0.975,0.979,0.929,0.962,0.980,0.988,0.992,0.999,0.998,0.999]
Epoch [31] Testing Results: Prec@1 37.520 Prec@5 83.910             Loss 5.18910
Epoch [31] Testing Class Recall: [0.777,0.624,0.617,0.345,0.358,0.318,0.221,0.169,0.112,0.211]
Epoch [32] Training Results: Prec@1 97.153 Prec@5 99.980             Loss 0.08248
Epoch [32] Training Class Recall: [0.962,0.966,0.910,0.941,0.966,0.973,0.987,0.995,0.989,0.995]
Epoch [32] Testing Results: Prec@1 39.800 Prec@5 85.270             Loss 4.82454
Epoch [32] Testing Class Recall: [0.653,0.744,0.592,0.318,0.406,0.412,0.235,0.097,0.400,0.123]
Epoch [33] Training Results: Prec@1 98.253 Prec@5 100.000             Loss 0.05343
Epoch [33] Training Class Recall: [0.977,0.979,0.936,0.963,0.977,0.989,0.994,0.994,0.995,0.997]
Epoch [33] Testing Results: Prec@1 40.750 Prec@5 84.860             Loss 4.92891
Epoch [33] Testing Class Recall: [0.584,0.814,0.246,0.510,0.679,0.184,0.517,0.144,0.162,0.235]
Epoch [34] Training Results: Prec@1 96.167 Prec@5 99.940             Loss 0.12080
Epoch [34] Training Class Recall: [0.951,0.945,0.857,0.924,0.950,0.977,0.987,0.992,0.988,0.991]
Epoch [34] Testing Results: Prec@1 38.730 Prec@5 85.080             Loss 5.21327
Epoch [34] Testing Class Recall: [0.672,0.797,0.278,0.306,0.820,0.190,0.249,0.123,0.261,0.177]
Epoch [35] Training Results: Prec@1 98.713 Prec@5 100.000             Loss 0.04269
Epoch [35] Training Class Recall: [0.985,0.981,0.946,0.970,0.987,0.991,0.996,0.996,1.000,0.999]
Epoch [35] Testing Results: Prec@1 38.060 Prec@5 84.240             Loss 5.24564
Epoch [35] Testing Class Recall: [0.684,0.593,0.640,0.385,0.551,0.239,0.237,0.142,0.157,0.178]
Epoch [36] Training Results: Prec@1 98.933 Prec@5 99.993             Loss 0.03196
Epoch [36] Training Class Recall: [0.987,0.991,0.938,0.971,0.994,0.994,0.998,1.000,0.999,1.000]
Epoch [36] Testing Results: Prec@1 37.140 Prec@5 84.050             Loss 5.73350
Epoch [36] Testing Class Recall: [0.754,0.747,0.639,0.263,0.527,0.197,0.228,0.138,0.106,0.115]
Epoch [37] Training Results: Prec@1 97.393 Prec@5 99.993             Loss 0.07842
Epoch [37] Training Class Recall: [0.967,0.971,0.912,0.951,0.956,0.982,0.984,0.992,0.996,0.997]
Epoch [37] Testing Results: Prec@1 39.880 Prec@5 85.370             Loss 4.47927
Epoch [37] Testing Class Recall: [0.788,0.744,0.552,0.250,0.505,0.260,0.444,0.284,0.070,0.091]
Epoch [38] Training Results: Prec@1 98.733 Prec@5 100.000             Loss 0.03852
Epoch [38] Training Class Recall: [0.979,0.981,0.945,0.979,0.983,0.995,0.996,0.997,0.999,0.999]
Epoch [38] Testing Results: Prec@1 39.370 Prec@5 85.900             Loss 4.92041
Epoch [38] Testing Class Recall: [0.628,0.647,0.544,0.287,0.641,0.297,0.404,0.142,0.191,0.156]
Epoch [39] Training Results: Prec@1 98.393 Prec@5 99.993             Loss 0.04885
Epoch [39] Training Class Recall: [0.979,0.980,0.936,0.966,0.977,0.989,0.996,0.996,0.998,0.998]
Epoch [39] Testing Results: Prec@1 35.180 Prec@5 84.970             Loss 6.27758
Epoch [39] Testing Class Recall: [0.720,0.584,0.267,0.306,0.793,0.061,0.286,0.115,0.175,0.211]
Epoch [40] Training Results: Prec@1 97.553 Prec@5 99.973             Loss 0.07189
Epoch [40] Training Class Recall: [0.965,0.971,0.925,0.950,0.964,0.977,0.988,0.993,0.999,0.998]
Epoch [40] Testing Results: Prec@1 37.170 Prec@5 84.270             Loss 5.62447
Epoch [40] Testing Class Recall: [0.673,0.636,0.544,0.469,0.669,0.115,0.196,0.081,0.267,0.067]
Epoch [41] Training Results: Prec@1 97.293 Prec@5 99.987             Loss 0.08664
Epoch [41] Training Class Recall: [0.962,0.977,0.913,0.950,0.968,0.976,0.990,0.986,0.993,0.989]
Epoch [41] Testing Results: Prec@1 38.420 Prec@5 85.400             Loss 4.45383
Epoch [41] Testing Class Recall: [0.746,0.536,0.365,0.549,0.428,0.364,0.263,0.125,0.358,0.108]
Epoch [42] Training Results: Prec@1 97.980 Prec@5 100.000             Loss 0.06219
Epoch [42] Training Class Recall: [0.975,0.978,0.912,0.961,0.973,0.982,0.997,0.996,0.997,0.997]
Epoch [42] Testing Results: Prec@1 38.620 Prec@5 84.470             Loss 4.85695
Epoch [42] Testing Class Recall: [0.695,0.570,0.353,0.368,0.741,0.266,0.309,0.087,0.234,0.239]
Epoch [43] Training Results: Prec@1 97.913 Prec@5 99.993             Loss 0.06284
Epoch [43] Training Class Recall: [0.974,0.977,0.912,0.962,0.967,0.983,0.994,0.994,0.999,0.997]
Epoch [43] Testing Results: Prec@1 34.780 Prec@5 84.140             Loss 5.01930
Epoch [43] Testing Class Recall: [0.775,0.490,0.677,0.245,0.280,0.355,0.264,0.168,0.135,0.089]
Epoch [44] Training Results: Prec@1 97.447 Prec@5 99.987             Loss 0.07910
Epoch [44] Training Class Recall: [0.977,0.967,0.922,0.942,0.952,0.975,0.989,0.991,0.999,0.997]
Epoch [44] Testing Results: Prec@1 40.950 Prec@5 85.730             Loss 4.49661
Epoch [44] Testing Class Recall: [0.670,0.777,0.439,0.493,0.719,0.198,0.280,0.211,0.167,0.141]
Epoch [45] Training Results: Prec@1 98.980 Prec@5 100.000             Loss 0.03135
Epoch [45] Training Class Recall: [0.986,0.983,0.965,0.973,0.991,0.993,0.997,0.998,1.000,0.998]
Epoch [45] Testing Results: Prec@1 39.370 Prec@5 83.940             Loss 4.76741
Epoch [45] Testing Class Recall: [0.614,0.737,0.575,0.424,0.489,0.183,0.427,0.190,0.249,0.049]
Epoch [46] Training Results: Prec@1 98.360 Prec@5 99.993             Loss 0.05183
Epoch [46] Training Class Recall: [0.981,0.983,0.932,0.969,0.982,0.985,0.993,0.994,0.997,0.998]
Epoch [46] Testing Results: Prec@1 37.700 Prec@5 85.150             Loss 5.00576
Epoch [46] Testing Class Recall: [0.788,0.492,0.235,0.232,0.548,0.605,0.232,0.188,0.056,0.394]
Epoch [47] Training Results: Prec@1 99.007 Prec@5 100.000             Loss 0.03089
Epoch [47] Training Class Recall: [0.987,0.982,0.963,0.982,0.989,0.993,0.997,0.997,0.997,0.999]
Epoch [47] Testing Results: Prec@1 41.760 Prec@5 86.350             Loss 4.45557
Epoch [47] Testing Class Recall: [0.659,0.863,0.478,0.282,0.617,0.309,0.531,0.090,0.247,0.100]
Epoch [48] Training Results: Prec@1 97.933 Prec@5 99.987             Loss 0.06177
Epoch [48] Training Class Recall: [0.972,0.979,0.935,0.967,0.967,0.988,0.991,0.987,0.993,0.992]
Epoch [48] Testing Results: Prec@1 39.670 Prec@5 86.880             Loss 4.56443
Epoch [48] Testing Class Recall: [0.721,0.614,0.446,0.426,0.729,0.285,0.244,0.182,0.169,0.151]
Epoch [49] Training Results: Prec@1 98.340 Prec@5 100.000             Loss 0.05151
Epoch [49] Training Class Recall: [0.975,0.970,0.940,0.975,0.977,0.988,0.994,0.996,0.997,0.998]
Epoch [49] Testing Results: Prec@1 39.310 Prec@5 85.800             Loss 4.80730
Epoch [49] Testing Class Recall: [0.676,0.714,0.440,0.378,0.460,0.257,0.619,0.206,0.120,0.061]
Epoch [50] Training Results: Prec@1 98.567 Prec@5 100.000             Loss 0.04198
Epoch [50] Training Class Recall: [0.985,0.986,0.938,0.963,0.985,0.989,0.995,0.999,0.997,0.998]
Epoch [50] Testing Results: Prec@1 35.560 Prec@5 85.410             Loss 4.98362
Epoch [50] Testing Class Recall: [0.805,0.172,0.351,0.241,0.458,0.454,0.583,0.226,0.162,0.104]
Epoch [51] Training Results: Prec@1 98.873 Prec@5 99.987             Loss 0.03756
Epoch [51] Training Class Recall: [0.987,0.977,0.958,0.981,0.984,0.995,0.995,0.997,0.999,0.998]
Epoch [51] Testing Results: Prec@1 40.320 Prec@5 86.780             Loss 4.74873
Epoch [51] Testing Class Recall: [0.747,0.685,0.401,0.297,0.736,0.351,0.466,0.124,0.104,0.121]
Epoch [52] Training Results: Prec@1 98.647 Prec@5 100.000             Loss 0.04144
Epoch [52] Training Class Recall: [0.974,0.985,0.950,0.973,0.986,0.993,0.993,0.999,0.998,0.999]
Epoch [52] Testing Results: Prec@1 39.500 Prec@5 85.110             Loss 5.09526
Epoch [52] Testing Class Recall: [0.677,0.782,0.387,0.470,0.684,0.285,0.135,0.171,0.214,0.145]
Epoch [53] Training Results: Prec@1 98.840 Prec@5 100.000             Loss 0.03536
Epoch [53] Training Class Recall: [0.981,0.989,0.953,0.979,0.984,0.989,0.996,0.998,0.999,1.000]
Epoch [53] Testing Results: Prec@1 38.070 Prec@5 85.230             Loss 4.90403
Epoch [53] Testing Class Recall: [0.803,0.726,0.332,0.452,0.649,0.186,0.268,0.142,0.205,0.044]
Epoch [54] Training Results: Prec@1 99.180 Prec@5 100.000             Loss 0.02762
Epoch [54] Training Class Recall: [0.988,0.991,0.968,0.980,0.991,0.993,0.998,0.999,0.999,0.999]
Epoch [54] Testing Results: Prec@1 38.590 Prec@5 87.590             Loss 5.51687
Epoch [54] Testing Class Recall: [0.798,0.706,0.197,0.221,0.786,0.391,0.350,0.197,0.080,0.133]
Epoch [55] Training Results: Prec@1 98.900 Prec@5 100.000             Loss 0.03364
Epoch [55] Training Class Recall: [0.988,0.987,0.958,0.974,0.982,0.991,0.997,0.998,0.999,1.000]
Epoch [55] Testing Results: Prec@1 37.890 Prec@5 86.760             Loss 5.73082
Epoch [55] Testing Class Recall: [0.752,0.726,0.307,0.321,0.836,0.205,0.193,0.105,0.216,0.128]
Epoch [56] Training Results: Prec@1 98.627 Prec@5 99.993             Loss 0.04336
Epoch [56] Training Class Recall: [0.977,0.987,0.947,0.972,0.981,0.993,0.995,0.995,0.997,0.999]
Epoch [56] Testing Results: Prec@1 42.080 Prec@5 87.760             Loss 4.44146
Epoch [56] Testing Class Recall: [0.768,0.785,0.416,0.329,0.603,0.325,0.485,0.169,0.159,0.169]
Epoch [57] Training Results: Prec@1 98.473 Prec@5 100.000             Loss 0.04500
Epoch [57] Training Class Recall: [0.978,0.977,0.942,0.971,0.983,0.989,0.993,0.999,0.997,0.999]
Epoch [57] Testing Results: Prec@1 38.850 Prec@5 85.660             Loss 4.92397
Epoch [57] Testing Class Recall: [0.772,0.524,0.289,0.670,0.587,0.202,0.270,0.073,0.314,0.184]
Epoch [58] Training Results: Prec@1 97.520 Prec@5 99.993             Loss 0.07348
Epoch [58] Training Class Recall: [0.975,0.970,0.919,0.952,0.966,0.973,0.985,0.992,0.993,0.997]
Epoch [58] Testing Results: Prec@1 43.090 Prec@5 87.290             Loss 4.08517
Epoch [58] Testing Class Recall: [0.677,0.728,0.502,0.384,0.497,0.373,0.539,0.182,0.310,0.117]
Epoch [59] Training Results: Prec@1 98.227 Prec@5 99.980             Loss 0.05886
Epoch [59] Training Class Recall: [0.977,0.981,0.951,0.955,0.978,0.988,0.993,0.985,0.997,0.997]
Epoch [59] Testing Results: Prec@1 43.300 Prec@5 88.010             Loss 4.09381
Epoch [59] Testing Class Recall: [0.724,0.784,0.411,0.411,0.681,0.333,0.349,0.159,0.278,0.200]
Epoch [60] Training Results: Prec@1 98.920 Prec@5 100.000             Loss 0.03295
Epoch [60] Training Class Recall: [0.988,0.984,0.963,0.973,0.986,0.992,0.994,0.999,1.000,0.998]
Epoch [60] Testing Results: Prec@1 39.840 Prec@5 86.320             Loss 4.71809
Epoch [60] Testing Class Recall: [0.720,0.717,0.651,0.309,0.504,0.299,0.299,0.127,0.214,0.144]
Epoch [61] Training Results: Prec@1 98.360 Prec@5 100.000             Loss 0.05034
Epoch [61] Training Class Recall: [0.977,0.978,0.945,0.963,0.984,0.982,0.994,0.996,0.999,0.998]
Epoch [61] Testing Results: Prec@1 39.860 Prec@5 84.730             Loss 4.82319
Epoch [61] Testing Class Recall: [0.661,0.858,0.567,0.267,0.480,0.200,0.337,0.145,0.403,0.068]
Epoch [62] Training Results: Prec@1 98.833 Prec@5 100.000             Loss 0.03660
Epoch [62] Training Class Recall: [0.982,0.984,0.964,0.970,0.981,0.997,0.994,0.999,0.999,0.999]
Epoch [62] Testing Results: Prec@1 40.090 Prec@5 84.750             Loss 4.50207
Epoch [62] Testing Class Recall: [0.683,0.546,0.427,0.355,0.561,0.241,0.492,0.351,0.349,0.004]
Epoch [63] Training Results: Prec@1 96.800 Prec@5 99.987             Loss 0.10002
Epoch [63] Training Class Recall: [0.969,0.973,0.875,0.924,0.962,0.975,0.979,0.991,0.995,0.996]
Epoch [63] Testing Results: Prec@1 39.680 Prec@5 84.060             Loss 5.00004
Epoch [63] Testing Class Recall: [0.573,0.759,0.484,0.423,0.686,0.200,0.227,0.068,0.444,0.104]
Epoch [64] Training Results: Prec@1 97.987 Prec@5 99.993             Loss 0.06267
Epoch [64] Training Class Recall: [0.974,0.973,0.940,0.955,0.983,0.980,0.986,0.996,0.996,0.997]
Epoch [64] Testing Results: Prec@1 36.650 Prec@5 83.720             Loss 4.68786
Epoch [64] Testing Class Recall: [0.742,0.593,0.697,0.358,0.273,0.183,0.349,0.137,0.297,0.036]
Epoch [65] Training Results: Prec@1 99.360 Prec@5 100.000             Loss 0.01962
Epoch [65] Training Class Recall: [0.992,0.990,0.973,0.985,0.995,0.995,0.999,0.999,0.997,1.000]
Epoch [65] Testing Results: Prec@1 44.070 Prec@5 88.130             Loss 3.73080
Epoch [65] Testing Class Recall: [0.668,0.735,0.438,0.550,0.577,0.352,0.365,0.245,0.326,0.151]
Epoch [66] Training Results: Prec@1 97.953 Prec@5 100.000             Loss 0.06391
Epoch [66] Training Class Recall: [0.980,0.977,0.942,0.951,0.967,0.984,0.983,0.994,0.998,0.998]
Epoch [66] Testing Results: Prec@1 40.750 Prec@5 85.480             Loss 4.04062
Epoch [66] Testing Class Recall: [0.749,0.621,0.363,0.595,0.508,0.347,0.282,0.139,0.123,0.348]
Epoch [67] Training Results: Prec@1 98.547 Prec@5 100.000             Loss 0.04216
Epoch [67] Training Class Recall: [0.982,0.984,0.953,0.963,0.977,0.986,0.997,0.996,0.998,0.999]
Epoch [67] Testing Results: Prec@1 37.820 Prec@5 85.510             Loss 4.91011
Epoch [67] Testing Class Recall: [0.841,0.497,0.257,0.473,0.555,0.346,0.422,0.162,0.084,0.145]
Epoch [68] Training Results: Prec@1 98.860 Prec@5 100.000             Loss 0.03357
Epoch [68] Training Class Recall: [0.987,0.983,0.955,0.977,0.986,0.992,0.997,0.999,0.998,0.996]
Epoch [68] Testing Results: Prec@1 40.430 Prec@5 86.180             Loss 4.82966
Epoch [68] Testing Class Recall: [0.650,0.548,0.370,0.363,0.766,0.220,0.343,0.083,0.376,0.324]
Epoch [69] Training Results: Prec@1 99.160 Prec@5 100.000             Loss 0.02734
Epoch [69] Training Class Recall: [0.986,0.986,0.966,0.981,0.996,0.995,0.996,0.999,0.999,1.000]
Epoch [69] Testing Results: Prec@1 37.870 Prec@5 84.870             Loss 5.20521
Epoch [69] Testing Class Recall: [0.850,0.596,0.588,0.368,0.462,0.272,0.342,0.213,0.090,0.006]
Epoch [70] Training Results: Prec@1 99.440 Prec@5 100.000             Loss 0.01683
Epoch [70] Training Class Recall: [0.991,0.996,0.973,0.989,0.995,0.996,0.997,0.999,1.000,1.000]
Epoch [70] Testing Results: Prec@1 40.680 Prec@5 86.120             Loss 4.86081
Epoch [70] Testing Class Recall: [0.743,0.752,0.377,0.446,0.634,0.136,0.308,0.355,0.218,0.099]
Epoch [71] Training Results: Prec@1 98.093 Prec@5 100.000             Loss 0.05843
Epoch [71] Training Class Recall: [0.981,0.982,0.938,0.956,0.968,0.981,0.989,0.996,0.997,0.999]
Epoch [71] Testing Results: Prec@1 44.630 Prec@5 85.250             Loss 4.57994
Epoch [71] Testing Class Recall: [0.596,0.720,0.502,0.454,0.606,0.132,0.145,0.274,0.563,0.471]
Epoch [72] Training Results: Prec@1 96.407 Prec@5 99.980             Loss 0.11164
Epoch [72] Training Class Recall: [0.967,0.951,0.879,0.938,0.961,0.959,0.980,0.988,0.986,0.991]
Epoch [72] Testing Results: Prec@1 40.380 Prec@5 85.420             Loss 3.97666
Epoch [72] Testing Class Recall: [0.728,0.672,0.341,0.275,0.707,0.328,0.496,0.065,0.328,0.098]
Epoch [73] Training Results: Prec@1 98.767 Prec@5 100.000             Loss 0.03734
Epoch [73] Training Class Recall: [0.981,0.985,0.945,0.974,0.983,0.996,0.998,0.997,0.999,0.998]
Epoch [73] Testing Results: Prec@1 37.650 Prec@5 85.500             Loss 4.95782
Epoch [73] Testing Class Recall: [0.792,0.665,0.470,0.287,0.600,0.285,0.323,0.118,0.191,0.034]
Epoch [74] Training Results: Prec@1 99.093 Prec@5 100.000             Loss 0.03189
Epoch [74] Training Class Recall: [0.990,0.987,0.955,0.980,0.992,0.995,0.997,0.999,0.998,1.000]
Epoch [74] Testing Results: Prec@1 40.910 Prec@5 86.630             Loss 4.55230
Epoch [74] Testing Class Recall: [0.767,0.781,0.281,0.191,0.674,0.347,0.572,0.196,0.090,0.192]
Epoch [75] Training Results: Prec@1 98.833 Prec@5 100.000             Loss 0.03497
Epoch [75] Training Class Recall: [0.980,0.987,0.951,0.975,0.986,0.995,0.997,0.999,0.997,1.000]
Epoch [75] Testing Results: Prec@1 40.390 Prec@5 86.700             Loss 4.36906
Epoch [75] Testing Class Recall: [0.727,0.774,0.550,0.474,0.407,0.271,0.440,0.183,0.082,0.131]
Epoch [76] Training Results: Prec@1 99.333 Prec@5 100.000             Loss 0.02211
Epoch [76] Training Class Recall: [0.988,0.991,0.976,0.988,0.986,0.996,0.998,1.000,1.000,1.000]
Epoch [76] Testing Results: Prec@1 38.930 Prec@5 85.940             Loss 4.77976
Epoch [76] Testing Class Recall: [0.766,0.624,0.468,0.352,0.659,0.330,0.353,0.039,0.152,0.150]
Epoch [77] Training Results: Prec@1 99.427 Prec@5 100.000             Loss 0.01951
Epoch [77] Training Class Recall: [0.993,0.990,0.980,0.988,0.991,0.998,0.998,0.998,1.000,0.999]
Epoch [77] Testing Results: Prec@1 39.700 Prec@5 85.820             Loss 5.36858
Epoch [77] Testing Class Recall: [0.681,0.726,0.442,0.325,0.737,0.144,0.516,0.088,0.114,0.197]
Epoch [78] Training Results: Prec@1 97.127 Prec@5 99.993             Loss 0.08744
Epoch [78] Training Class Recall: [0.976,0.977,0.924,0.941,0.944,0.955,0.986,0.992,0.993,0.996]
Epoch [78] Testing Results: Prec@1 40.700 Prec@5 86.910             Loss 4.30989
Epoch [78] Testing Class Recall: [0.795,0.797,0.340,0.565,0.501,0.394,0.162,0.157,0.224,0.135]
Epoch [79] Training Results: Prec@1 97.967 Prec@5 99.993             Loss 0.06577
Epoch [79] Training Class Recall: [0.978,0.974,0.921,0.960,0.980,0.984,0.987,0.993,0.997,0.996]
Epoch [79] Testing Results: Prec@1 39.500 Prec@5 85.880             Loss 4.65112
Epoch [79] Testing Class Recall: [0.712,0.836,0.559,0.195,0.653,0.197,0.448,0.182,0.076,0.092]
Epoch [80] Training Results: Prec@1 98.533 Prec@5 100.000             Loss 0.05120
Epoch [80] Training Class Recall: [0.983,0.984,0.938,0.971,0.979,0.986,0.995,1.000,0.996,0.999]
Epoch [80] Testing Results: Prec@1 38.660 Prec@5 86.640             Loss 4.57923
Epoch [80] Testing Class Recall: [0.755,0.566,0.381,0.351,0.763,0.241,0.314,0.109,0.130,0.256]
Epoch [81] Training Results: Prec@1 99.040 Prec@5 100.000             Loss 0.03059
Epoch [81] Training Class Recall: [0.982,0.985,0.962,0.980,0.991,0.997,0.997,0.998,0.998,1.000]
Epoch [81] Testing Results: Prec@1 43.590 Prec@5 87.750             Loss 3.84968
Epoch [81] Testing Class Recall: [0.628,0.812,0.457,0.518,0.648,0.181,0.458,0.230,0.338,0.089]
Epoch [82] Training Results: Prec@1 99.413 Prec@5 100.000             Loss 0.01866
Epoch [82] Training Class Recall: [0.992,0.995,0.974,0.987,0.996,0.993,0.999,0.998,0.999,1.000]
Epoch [82] Testing Results: Prec@1 40.330 Prec@5 86.040             Loss 4.49737
Epoch [82] Testing Class Recall: [0.694,0.757,0.726,0.331,0.465,0.299,0.184,0.219,0.275,0.083]
Epoch [83] Training Results: Prec@1 99.473 Prec@5 100.000             Loss 0.01697
Epoch [83] Training Class Recall: [0.991,0.990,0.978,0.990,0.998,0.997,0.998,0.999,0.999,1.000]
Epoch [83] Testing Results: Prec@1 42.060 Prec@5 87.300             Loss 4.51558
Epoch [83] Testing Class Recall: [0.773,0.790,0.383,0.526,0.625,0.316,0.297,0.138,0.267,0.091]
Epoch [84] Training Results: Prec@1 97.980 Prec@5 100.000             Loss 0.06114
Epoch [84] Training Class Recall: [0.975,0.973,0.929,0.963,0.969,0.987,0.986,0.994,0.999,0.999]
Epoch [84] Testing Results: Prec@1 41.160 Prec@5 86.310             Loss 4.00429
Epoch [84] Testing Class Recall: [0.755,0.712,0.572,0.268,0.531,0.449,0.192,0.173,0.325,0.139]
Epoch [85] Training Results: Prec@1 99.187 Prec@5 100.000             Loss 0.02502
Epoch [85] Training Class Recall: [0.987,0.992,0.963,0.983,0.991,0.996,0.996,0.999,0.999,0.999]
Epoch [85] Testing Results: Prec@1 41.410 Prec@5 86.150             Loss 4.33024
Epoch [85] Testing Class Recall: [0.699,0.753,0.390,0.406,0.698,0.252,0.398,0.102,0.241,0.202]
Epoch [86] Training Results: Prec@1 98.847 Prec@5 100.000             Loss 0.03464
Epoch [86] Training Class Recall: [0.982,0.987,0.956,0.978,0.989,0.992,0.997,0.997,0.994,0.998]
Epoch [86] Testing Results: Prec@1 42.090 Prec@5 88.080             Loss 4.24862
Epoch [86] Testing Class Recall: [0.738,0.680,0.448,0.323,0.629,0.364,0.402,0.211,0.265,0.149]
Epoch [87] Training Results: Prec@1 98.053 Prec@5 100.000             Loss 0.05735
Epoch [87] Training Class Recall: [0.976,0.970,0.937,0.963,0.976,0.988,0.992,0.995,0.990,0.995]
Epoch [87] Testing Results: Prec@1 37.230 Prec@5 84.120             Loss 5.18975
Epoch [87] Testing Class Recall: [0.586,0.755,0.613,0.173,0.663,0.156,0.338,0.167,0.182,0.090]
Epoch [88] Training Results: Prec@1 98.753 Prec@5 100.000             Loss 0.04210
Epoch [88] Training Class Recall: [0.990,0.983,0.961,0.969,0.986,0.986,0.994,0.994,0.998,0.999]
Epoch [88] Testing Results: Prec@1 40.120 Prec@5 86.460             Loss 4.40887
Epoch [88] Testing Class Recall: [0.754,0.721,0.669,0.355,0.492,0.255,0.283,0.307,0.103,0.073]
Epoch [89] Training Results: Prec@1 98.707 Prec@5 100.000             Loss 0.03966
Epoch [89] Training Class Recall: [0.986,0.988,0.953,0.978,0.974,0.992,0.991,0.995,0.998,0.999]
Epoch [89] Testing Results: Prec@1 37.180 Prec@5 85.760             Loss 5.00481
Epoch [89] Testing Class Recall: [0.774,0.620,0.526,0.273,0.692,0.134,0.302,0.044,0.229,0.124]
Epoch [90] Training Results: Prec@1 99.007 Prec@5 99.993             Loss 0.02948
Epoch [90] Training Class Recall: [0.986,0.985,0.963,0.982,0.989,0.991,0.996,0.999,0.998,0.998]
Epoch [90] Testing Results: Prec@1 43.270 Prec@5 87.660             Loss 4.01886
Epoch [90] Testing Class Recall: [0.585,0.776,0.608,0.192,0.432,0.392,0.433,0.209,0.548,0.152]
Epoch [91] Training Results: Prec@1 99.147 Prec@5 100.000             Loss 0.02815
Epoch [91] Training Class Recall: [0.983,0.984,0.963,0.989,0.990,0.997,0.999,0.999,0.997,0.999]
Epoch [91] Testing Results: Prec@1 41.220 Prec@5 87.440             Loss 4.54626
Epoch [91] Testing Class Recall: [0.697,0.801,0.405,0.407,0.794,0.196,0.321,0.152,0.256,0.093]
Epoch [92] Training Results: Prec@1 98.540 Prec@5 99.993             Loss 0.04605
Epoch [92] Training Class Recall: [0.982,0.977,0.952,0.970,0.976,0.989,0.994,0.995,1.000,1.000]
Epoch [92] Testing Results: Prec@1 37.740 Prec@5 85.490             Loss 5.04260
Epoch [92] Testing Class Recall: [0.754,0.723,0.502,0.250,0.692,0.219,0.318,0.095,0.104,0.117]
Epoch [93] Training Results: Prec@1 98.800 Prec@5 100.000             Loss 0.03642
Epoch [93] Training Class Recall: [0.985,0.982,0.952,0.972,0.991,0.991,0.997,0.995,0.998,0.999]
Epoch [93] Testing Results: Prec@1 43.890 Prec@5 87.710             Loss 3.85788
Epoch [93] Testing Class Recall: [0.691,0.754,0.417,0.400,0.581,0.381,0.416,0.281,0.111,0.357]
Epoch [94] Training Results: Prec@1 98.393 Prec@5 99.993             Loss 0.05068
Epoch [94] Training Class Recall: [0.986,0.985,0.946,0.963,0.983,0.983,0.996,0.996,0.988,0.995]
Epoch [94] Testing Results: Prec@1 41.810 Prec@5 86.700             Loss 4.67941
Epoch [94] Testing Class Recall: [0.656,0.591,0.301,0.623,0.701,0.294,0.360,0.080,0.316,0.259]
Epoch [95] Training Results: Prec@1 98.747 Prec@5 100.000             Loss 0.03734
Epoch [95] Training Class Recall: [0.983,0.984,0.956,0.976,0.983,0.991,0.994,0.996,0.999,0.999]
Epoch [95] Testing Results: Prec@1 41.460 Prec@5 87.280             Loss 4.71125
Epoch [95] Testing Class Recall: [0.696,0.883,0.376,0.221,0.726,0.422,0.248,0.270,0.235,0.069]
Epoch [96] Training Results: Prec@1 99.140 Prec@5 100.000             Loss 0.02657
Epoch [96] Training Class Recall: [0.987,0.990,0.966,0.989,0.991,0.991,0.995,0.999,0.999,0.998]
Epoch [96] Testing Results: Prec@1 41.280 Prec@5 87.790             Loss 4.35308
Epoch [96] Testing Class Recall: [0.763,0.781,0.616,0.561,0.282,0.287,0.232,0.235,0.199,0.172]
Epoch [97] Training Results: Prec@1 98.140 Prec@5 99.980             Loss 0.05715
Epoch [97] Training Class Recall: [0.981,0.970,0.929,0.963,0.975,0.991,0.988,0.995,0.995,0.999]
Epoch [97] Testing Results: Prec@1 42.280 Prec@5 87.040             Loss 4.10744
Epoch [97] Testing Class Recall: [0.768,0.795,0.530,0.244,0.637,0.323,0.241,0.296,0.206,0.188]
Epoch [98] Training Results: Prec@1 99.160 Prec@5 100.000             Loss 0.02914
Epoch [98] Training Class Recall: [0.991,0.988,0.966,0.985,0.988,0.993,0.999,0.995,0.998,0.998]
Epoch [98] Testing Results: Prec@1 43.630 Prec@5 88.780             Loss 4.03911
Epoch [98] Testing Class Recall: [0.771,0.781,0.492,0.394,0.587,0.315,0.409,0.308,0.195,0.111]
Epoch [99] Training Results: Prec@1 98.693 Prec@5 99.980             Loss 0.03785
Epoch [99] Training Class Recall: [0.982,0.992,0.942,0.970,0.986,0.991,0.994,0.998,0.997,0.999]
Epoch [99] Testing Results: Prec@1 42.100 Prec@5 86.810             Loss 4.34890
Epoch [99] Testing Class Recall: [0.735,0.760,0.556,0.557,0.458,0.167,0.391,0.245,0.184,0.157]
Epoch [100] Training Results: Prec@1 98.860 Prec@5 100.000             Loss 0.03306
Epoch [100] Training Class Recall: [0.985,0.979,0.963,0.980,0.988,0.991,0.994,0.997,0.997,0.999]
Epoch [100] Testing Results: Prec@1 42.860 Prec@5 87.320             Loss 4.21416
Epoch [100] Testing Class Recall: [0.687,0.717,0.390,0.281,0.717,0.417,0.507,0.188,0.221,0.161]
Epoch [101] Training Results: Prec@1 96.847 Prec@5 99.953             Loss 0.09902
Epoch [101] Training Class Recall: [0.966,0.964,0.908,0.932,0.959,0.969,0.981,0.987,0.993,0.994]
Epoch [101] Testing Results: Prec@1 43.410 Prec@5 88.060             Loss 3.89805
Epoch [101] Testing Class Recall: [0.582,0.908,0.462,0.505,0.624,0.211,0.482,0.192,0.143,0.232]
Epoch [102] Training Results: Prec@1 99.427 Prec@5 100.000             Loss 0.01878
Epoch [102] Training Class Recall: [0.990,0.991,0.971,0.989,0.996,0.998,0.998,0.999,1.000,1.000]
Epoch [102] Testing Results: Prec@1 41.770 Prec@5 88.150             Loss 4.14717
Epoch [102] Testing Class Recall: [0.791,0.700,0.576,0.398,0.638,0.207,0.334,0.148,0.268,0.117]
Epoch [103] Training Results: Prec@1 99.467 Prec@5 100.000             Loss 0.01784
Epoch [103] Training Class Recall: [0.993,0.992,0.982,0.984,0.995,0.996,0.998,1.000,1.000,1.000]
Epoch [103] Testing Results: Prec@1 38.490 Prec@5 86.320             Loss 5.04452
Epoch [103] Testing Class Recall: [0.767,0.595,0.372,0.416,0.791,0.188,0.354,0.150,0.158,0.058]
Epoch [104] Training Results: Prec@1 99.613 Prec@5 100.000             Loss 0.01474
Epoch [104] Training Class Recall: [0.996,0.994,0.979,0.993,0.995,0.999,0.999,0.999,1.000,1.000]
Epoch [104] Testing Results: Prec@1 42.290 Prec@5 87.020             Loss 4.16986
Epoch [104] Testing Class Recall: [0.690,0.804,0.473,0.393,0.651,0.212,0.338,0.199,0.353,0.116]
Epoch [105] Training Results: Prec@1 99.793 Prec@5 100.000             Loss 0.00810
Epoch [105] Training Class Recall: [0.993,0.997,0.990,0.998,0.999,0.999,1.000,1.000,1.000,1.000]
Epoch [105] Testing Results: Prec@1 42.840 Prec@5 88.890             Loss 4.03591
Epoch [105] Testing Class Recall: [0.734,0.709,0.585,0.307,0.615,0.294,0.470,0.162,0.309,0.099]
Epoch [106] Training Results: Prec@1 99.447 Prec@5 100.000             Loss 0.01753
Epoch [106] Training Class Recall: [0.990,0.994,0.980,0.992,0.991,0.998,0.998,0.999,0.998,0.998]
Epoch [106] Testing Results: Prec@1 42.240 Prec@5 86.460             Loss 4.39448
Epoch [106] Testing Class Recall: [0.714,0.783,0.535,0.463,0.675,0.171,0.275,0.097,0.307,0.204]
Epoch [107] Training Results: Prec@1 98.473 Prec@5 100.000             Loss 0.04595
Epoch [107] Training Class Recall: [0.990,0.984,0.948,0.964,0.969,0.989,0.989,0.995,1.000,0.998]
Epoch [107] Testing Results: Prec@1 38.530 Prec@5 88.050             Loss 4.63180
Epoch [107] Testing Class Recall: [0.659,0.727,0.460,0.137,0.805,0.346,0.108,0.072,0.325,0.214]
Epoch [108] Training Results: Prec@1 98.093 Prec@5 100.000             Loss 0.05801
Epoch [108] Training Class Recall: [0.976,0.971,0.925,0.963,0.977,0.986,0.994,0.996,0.994,0.998]
Epoch [108] Testing Results: Prec@1 42.300 Prec@5 84.780             Loss 4.50726
Epoch [108] Testing Class Recall: [0.610,0.771,0.390,0.659,0.445,0.227,0.465,0.065,0.561,0.037]
Epoch [109] Training Results: Prec@1 98.500 Prec@5 100.000             Loss 0.04623
Epoch [109] Training Class Recall: [0.985,0.979,0.952,0.974,0.982,0.986,0.992,0.992,0.992,0.998]
Epoch [109] Testing Results: Prec@1 40.710 Prec@5 87.280             Loss 4.56017
Epoch [109] Testing Class Recall: [0.744,0.743,0.549,0.571,0.465,0.309,0.272,0.158,0.176,0.084]
Epoch [110] Training Results: Prec@1 98.833 Prec@5 100.000             Loss 0.03488
Epoch [110] Training Class Recall: [0.981,0.984,0.953,0.982,0.980,0.993,0.996,0.999,1.000,0.998]
Epoch [110] Testing Results: Prec@1 42.450 Prec@5 87.900             Loss 4.31225
Epoch [110] Testing Class Recall: [0.779,0.731,0.406,0.481,0.660,0.278,0.303,0.266,0.231,0.110]
Epoch [111] Training Results: Prec@1 98.720 Prec@5 99.993             Loss 0.04069
Epoch [111] Training Class Recall: [0.987,0.987,0.951,0.975,0.975,0.991,0.994,0.996,0.999,0.999]
Epoch [111] Testing Results: Prec@1 41.400 Prec@5 87.600             Loss 4.05408
Epoch [111] Testing Class Recall: [0.799,0.713,0.597,0.325,0.507,0.280,0.410,0.144,0.110,0.255]
Epoch [112] Training Results: Prec@1 98.847 Prec@5 100.000             Loss 0.03519
Epoch [112] Training Class Recall: [0.981,0.975,0.967,0.977,0.992,0.992,0.997,0.996,0.995,0.999]
Epoch [112] Testing Results: Prec@1 40.780 Prec@5 85.600             Loss 4.90049
Epoch [112] Testing Class Recall: [0.767,0.785,0.210,0.647,0.688,0.219,0.126,0.177,0.306,0.153]
Epoch [113] Training Results: Prec@1 98.393 Prec@5 99.993             Loss 0.04954
Epoch [113] Training Class Recall: [0.982,0.984,0.945,0.974,0.978,0.987,0.987,0.995,0.994,0.997]
Epoch [113] Testing Results: Prec@1 39.890 Prec@5 87.030             Loss 4.54606
Epoch [113] Testing Class Recall: [0.746,0.750,0.302,0.396,0.794,0.288,0.231,0.143,0.260,0.079]
Epoch [114] Training Results: Prec@1 98.360 Prec@5 100.000             Loss 0.05235
Epoch [114] Training Class Recall: [0.975,0.977,0.950,0.963,0.987,0.986,0.993,0.994,0.995,0.998]
Epoch [114] Testing Results: Prec@1 39.890 Prec@5 86.700             Loss 4.05062
Epoch [114] Testing Class Recall: [0.753,0.649,0.428,0.470,0.542,0.488,0.245,0.129,0.166,0.119]
Epoch [115] Training Results: Prec@1 98.393 Prec@5 99.987             Loss 0.04777
Epoch [115] Training Class Recall: [0.984,0.980,0.956,0.965,0.970,0.984,0.995,0.987,0.999,0.999]
Epoch [115] Testing Results: Prec@1 40.560 Prec@5 87.520             Loss 4.50884
Epoch [115] Testing Class Recall: [0.716,0.677,0.287,0.222,0.680,0.448,0.399,0.306,0.188,0.133]
Epoch [116] Training Results: Prec@1 98.353 Prec@5 100.000             Loss 0.05305
Epoch [116] Training Class Recall: [0.982,0.982,0.935,0.971,0.973,0.986,0.996,0.990,0.996,0.999]
Epoch [116] Testing Results: Prec@1 41.070 Prec@5 87.010             Loss 4.33072
Epoch [116] Testing Class Recall: [0.743,0.846,0.506,0.137,0.604,0.392,0.473,0.197,0.127,0.082]
Epoch [117] Training Results: Prec@1 99.440 Prec@5 100.000             Loss 0.01992
Epoch [117] Training Class Recall: [0.992,0.995,0.974,0.988,0.995,0.996,0.997,0.999,1.000,1.000]
Epoch [117] Testing Results: Prec@1 41.330 Prec@5 88.640             Loss 4.93396
Epoch [117] Testing Class Recall: [0.723,0.782,0.337,0.333,0.827,0.316,0.368,0.172,0.128,0.147]
Epoch [118] Training Results: Prec@1 99.327 Prec@5 100.000             Loss 0.02455
Epoch [118] Training Class Recall: [0.990,0.990,0.973,0.990,0.992,0.996,0.994,1.000,0.999,1.000]
Epoch [118] Testing Results: Prec@1 44.450 Prec@5 87.940             Loss 3.76952
Epoch [118] Testing Class Recall: [0.741,0.843,0.517,0.535,0.500,0.346,0.587,0.121,0.065,0.190]
Epoch [119] Training Results: Prec@1 98.567 Prec@5 100.000             Loss 0.04416
Epoch [119] Training Class Recall: [0.985,0.988,0.945,0.966,0.977,0.985,0.996,0.996,0.999,1.000]
Epoch [119] Testing Results: Prec@1 41.460 Prec@5 87.320             Loss 4.45593
Epoch [119] Testing Class Recall: [0.690,0.751,0.588,0.319,0.674,0.275,0.444,0.205,0.112,0.088]
Epoch [120] Training Results: Prec@1 99.707 Prec@5 100.000             Loss 0.01066
Epoch [120] Training Class Recall: [0.993,0.998,0.987,0.995,0.997,0.999,0.999,1.000,0.999,1.000]
Epoch [120] Testing Results: Prec@1 40.630 Prec@5 87.780             Loss 4.45112
Epoch [120] Testing Class Recall: [0.633,0.777,0.752,0.215,0.614,0.189,0.356,0.233,0.215,0.079]
Epoch [121] Training Results: Prec@1 99.280 Prec@5 100.000             Loss 0.02316
Epoch [121] Training Class Recall: [0.992,0.987,0.980,0.980,0.994,0.993,0.997,0.999,0.999,1.000]
Epoch [121] Testing Results: Prec@1 36.950 Prec@5 85.830             Loss 5.03727
Epoch [121] Testing Class Recall: [0.607,0.561,0.622,0.295,0.643,0.250,0.413,0.117,0.138,0.049]
Epoch [122] Training Results: Prec@1 98.540 Prec@5 99.993             Loss 0.04323
Epoch [122] Training Class Recall: [0.982,0.983,0.948,0.963,0.990,0.982,0.993,0.999,0.999,0.998]
Epoch [122] Testing Results: Prec@1 35.770 Prec@5 85.110             Loss 4.99749
Epoch [122] Testing Class Recall: [0.723,0.594,0.707,0.302,0.424,0.166,0.361,0.216,0.056,0.028]
Epoch [123] Training Results: Prec@1 98.833 Prec@5 100.000             Loss 0.03575
Epoch [123] Training Class Recall: [0.985,0.990,0.958,0.972,0.977,0.992,0.996,0.999,0.999,0.998]
Epoch [123] Testing Results: Prec@1 40.680 Prec@5 88.070             Loss 4.74923
Epoch [123] Testing Class Recall: [0.678,0.768,0.491,0.485,0.723,0.166,0.308,0.213,0.112,0.124]
Epoch [124] Training Results: Prec@1 97.140 Prec@5 99.967             Loss 0.09256
Epoch [124] Training Class Recall: [0.976,0.969,0.902,0.950,0.952,0.969,0.987,0.981,0.995,0.997]
Epoch [124] Testing Results: Prec@1 40.360 Prec@5 87.250             Loss 4.46496
Epoch [124] Testing Class Recall: [0.746,0.853,0.320,0.575,0.723,0.285,0.200,0.174,0.105,0.055]
Epoch [125] Training Results: Prec@1 99.053 Prec@5 99.993             Loss 0.03229
Epoch [125] Training Class Recall: [0.988,0.988,0.959,0.985,0.989,0.995,0.992,0.999,0.999,0.999]
Epoch [125] Testing Results: Prec@1 42.110 Prec@5 87.620             Loss 4.02344
Epoch [125] Testing Class Recall: [0.722,0.670,0.543,0.409,0.593,0.311,0.383,0.185,0.304,0.091]
Epoch [126] Training Results: Prec@1 99.593 Prec@5 100.000             Loss 0.01417
Epoch [126] Training Class Recall: [0.991,0.993,0.986,0.994,0.998,0.996,0.999,0.999,0.999,1.000]
Epoch [126] Testing Results: Prec@1 42.600 Prec@5 88.040             Loss 4.49061
Epoch [126] Testing Class Recall: [0.768,0.841,0.553,0.469,0.596,0.229,0.394,0.147,0.161,0.102]
Epoch [127] Training Results: Prec@1 99.047 Prec@5 99.993             Loss 0.03115
Epoch [127] Training Class Recall: [0.988,0.993,0.956,0.981,0.981,0.995,0.998,0.999,0.998,1.000]
Epoch [127] Testing Results: Prec@1 38.520 Prec@5 84.150             Loss 5.02754
Epoch [127] Testing Class Recall: [0.640,0.580,0.459,0.112,0.551,0.391,0.705,0.322,0.022,0.070]
Epoch [128] Training Results: Prec@1 97.913 Prec@5 100.000             Loss 0.06282
Epoch [128] Training Class Recall: [0.974,0.976,0.931,0.960,0.975,0.981,0.991,0.996,0.986,0.998]
Epoch [128] Testing Results: Prec@1 37.970 Prec@5 85.810             Loss 5.13087
Epoch [128] Testing Class Recall: [0.841,0.813,0.485,0.355,0.513,0.146,0.354,0.195,0.081,0.014]
Epoch [129] Training Results: Prec@1 99.520 Prec@5 100.000             Loss 0.01587
Epoch [129] Training Class Recall: [0.991,0.998,0.975,0.988,0.998,0.998,0.998,1.000,0.999,1.000]
Epoch [129] Testing Results: Prec@1 43.040 Prec@5 87.720             Loss 4.41898
Epoch [129] Testing Class Recall: [0.724,0.792,0.395,0.652,0.675,0.263,0.273,0.147,0.177,0.206]
Epoch [130] Training Results: Prec@1 99.533 Prec@5 100.000             Loss 0.01477
Epoch [130] Training Class Recall: [0.992,0.994,0.983,0.988,0.997,0.998,0.999,1.000,0.999,0.999]
Epoch [130] Testing Results: Prec@1 41.410 Prec@5 87.750             Loss 4.70586
Epoch [130] Testing Class Recall: [0.733,0.901,0.640,0.413,0.395,0.261,0.431,0.246,0.113,0.008]
Epoch [131] Training Results: Prec@1 99.327 Prec@5 100.000             Loss 0.02276
Epoch [131] Training Class Recall: [0.992,0.987,0.973,0.989,0.991,0.999,0.995,0.999,0.999,0.998]
Epoch [131] Testing Results: Prec@1 41.990 Prec@5 86.790             Loss 4.26550
Epoch [131] Testing Class Recall: [0.730,0.848,0.387,0.530,0.640,0.226,0.195,0.221,0.307,0.115]
Epoch [132] Training Results: Prec@1 99.513 Prec@5 100.000             Loss 0.01646
Epoch [132] Training Class Recall: [0.992,0.995,0.979,0.988,0.997,0.996,0.999,0.999,1.000,1.000]
Epoch [132] Testing Results: Prec@1 44.120 Prec@5 89.100             Loss 3.94908
Epoch [132] Testing Class Recall: [0.789,0.779,0.252,0.475,0.591,0.499,0.437,0.150,0.205,0.235]
Epoch [133] Training Results: Prec@1 98.933 Prec@5 100.000             Loss 0.03274
Epoch [133] Training Class Recall: [0.985,0.984,0.963,0.982,0.984,0.993,0.995,0.997,0.999,0.998]
Epoch [133] Testing Results: Prec@1 38.520 Prec@5 87.100             Loss 5.26237
Epoch [133] Testing Class Recall: [0.766,0.576,0.374,0.558,0.632,0.301,0.296,0.115,0.087,0.147]
Epoch [134] Training Results: Prec@1 97.700 Prec@5 99.987             Loss 0.07019
Epoch [134] Training Class Recall: [0.975,0.968,0.929,0.956,0.973,0.976,0.993,0.992,0.989,0.994]
Epoch [134] Testing Results: Prec@1 42.130 Prec@5 88.410             Loss 4.07109
Epoch [134] Testing Class Recall: [0.666,0.765,0.596,0.337,0.651,0.251,0.434,0.161,0.210,0.142]
Epoch [135] Training Results: Prec@1 98.933 Prec@5 100.000             Loss 0.03182
Epoch [135] Training Class Recall: [0.981,0.985,0.947,0.990,0.988,0.991,0.996,0.999,0.999,1.000]
Epoch [135] Testing Results: Prec@1 42.880 Prec@5 87.610             Loss 4.17969
Epoch [135] Testing Class Recall: [0.802,0.804,0.299,0.474,0.588,0.365,0.374,0.236,0.228,0.118]
Epoch [136] Training Results: Prec@1 99.380 Prec@5 100.000             Loss 0.01968
Epoch [136] Training Class Recall: [0.994,0.988,0.981,0.988,0.993,0.997,0.993,0.999,0.999,0.999]
Epoch [136] Testing Results: Prec@1 40.360 Prec@5 86.970             Loss 4.38914
Epoch [136] Testing Class Recall: [0.730,0.730,0.661,0.464,0.515,0.227,0.366,0.095,0.147,0.101]
Epoch [137] Training Results: Prec@1 99.093 Prec@5 99.993             Loss 0.03117
Epoch [137] Training Class Recall: [0.988,0.989,0.967,0.979,0.989,0.993,0.998,0.994,1.000,0.999]
Epoch [137] Testing Results: Prec@1 41.490 Prec@5 87.940             Loss 4.71649
Epoch [137] Testing Class Recall: [0.731,0.773,0.387,0.369,0.819,0.267,0.261,0.185,0.288,0.069]
Epoch [138] Training Results: Prec@1 99.467 Prec@5 100.000             Loss 0.01738
Epoch [138] Training Class Recall: [0.991,0.992,0.974,0.992,0.996,0.997,0.998,1.000,0.998,1.000]
Epoch [138] Testing Results: Prec@1 40.760 Prec@5 86.120             Loss 4.36842
Epoch [138] Testing Class Recall: [0.721,0.765,0.255,0.199,0.799,0.230,0.358,0.306,0.281,0.162]
Epoch [139] Training Results: Prec@1 99.067 Prec@5 100.000             Loss 0.02853
Epoch [139] Training Class Recall: [0.987,0.985,0.971,0.983,0.991,0.991,0.995,0.997,1.000,0.997]
Epoch [139] Testing Results: Prec@1 45.240 Prec@5 88.440             Loss 3.72724
Epoch [139] Testing Class Recall: [0.675,0.651,0.446,0.180,0.652,0.535,0.453,0.258,0.319,0.355]
Epoch [140] Training Results: Prec@1 98.807 Prec@5 100.000             Loss 0.03627
Epoch [140] Training Class Recall: [0.983,0.979,0.958,0.977,0.987,0.992,0.994,0.998,0.997,0.999]
Epoch [140] Testing Results: Prec@1 41.470 Prec@5 88.390             Loss 4.13493
Epoch [140] Testing Class Recall: [0.681,0.761,0.689,0.287,0.516,0.182,0.378,0.233,0.285,0.135]
Epoch [141] Training Results: Prec@1 98.733 Prec@5 100.000             Loss 0.04211
Epoch [141] Training Class Recall: [0.983,0.986,0.957,0.977,0.982,0.988,0.993,0.998,0.997,0.998]
Epoch [141] Testing Results: Prec@1 40.240 Prec@5 85.870             Loss 4.71793
Epoch [141] Testing Class Recall: [0.780,0.730,0.465,0.606,0.633,0.234,0.086,0.196,0.166,0.128]
Epoch [142] Training Results: Prec@1 97.607 Prec@5 99.987             Loss 0.07453
Epoch [142] Training Class Recall: [0.975,0.977,0.933,0.950,0.958,0.981,0.982,0.994,0.990,0.997]
Epoch [142] Testing Results: Prec@1 42.560 Prec@5 86.590             Loss 4.01976
Epoch [142] Testing Class Recall: [0.758,0.803,0.435,0.411,0.665,0.239,0.530,0.106,0.147,0.162]
Epoch [143] Training Results: Prec@1 99.007 Prec@5 100.000             Loss 0.03116
Epoch [143] Training Class Recall: [0.990,0.990,0.963,0.977,0.988,0.988,0.996,0.996,1.000,1.000]
Epoch [143] Testing Results: Prec@1 37.400 Prec@5 85.950             Loss 4.95480
Epoch [143] Testing Class Recall: [0.807,0.687,0.382,0.294,0.660,0.259,0.350,0.149,0.064,0.088]
Epoch [144] Training Results: Prec@1 99.387 Prec@5 100.000             Loss 0.02138
Epoch [144] Training Class Recall: [0.992,0.992,0.976,0.982,0.994,0.997,0.999,0.999,1.000,0.999]
Epoch [144] Testing Results: Prec@1 41.100 Prec@5 86.850             Loss 4.75474
Epoch [144] Testing Class Recall: [0.709,0.759,0.337,0.640,0.775,0.193,0.347,0.135,0.138,0.077]
Epoch [145] Training Results: Prec@1 99.680 Prec@5 100.000             Loss 0.01171
Epoch [145] Training Class Recall: [0.996,0.995,0.985,0.995,0.995,0.998,0.999,0.999,1.000,1.000]
Epoch [145] Testing Results: Prec@1 41.270 Prec@5 88.500             Loss 4.45797
Epoch [145] Testing Class Recall: [0.747,0.773,0.367,0.376,0.743,0.393,0.321,0.141,0.099,0.167]
Epoch [146] Training Results: Prec@1 98.440 Prec@5 99.973             Loss 0.04909
Epoch [146] Training Class Recall: [0.980,0.974,0.950,0.968,0.984,0.987,0.995,0.996,0.996,0.996]
Epoch [146] Testing Results: Prec@1 38.860 Prec@5 82.200             Loss 5.56148
Epoch [146] Testing Class Recall: [0.597,0.803,0.225,0.251,0.794,0.119,0.501,0.091,0.480,0.025]
Epoch [147] Training Results: Prec@1 97.107 Prec@5 99.987             Loss 0.09266
Epoch [147] Training Class Recall: [0.976,0.955,0.912,0.946,0.943,0.979,0.984,0.992,0.990,0.995]
Epoch [147] Testing Results: Prec@1 42.150 Prec@5 86.560             Loss 3.78964
Epoch [147] Testing Class Recall: [0.778,0.810,0.420,0.380,0.625,0.258,0.269,0.278,0.267,0.130]
Epoch [148] Training Results: Prec@1 99.200 Prec@5 100.000             Loss 0.02684
Epoch [148] Training Class Recall: [0.990,0.990,0.968,0.985,0.990,0.996,0.992,0.999,0.999,0.999]
Epoch [148] Testing Results: Prec@1 42.090 Prec@5 87.930             Loss 3.96662
Epoch [148] Testing Class Recall: [0.814,0.752,0.634,0.243,0.429,0.445,0.330,0.231,0.196,0.135]
Epoch [149] Training Results: Prec@1 99.307 Prec@5 100.000             Loss 0.02229
Epoch [149] Training Class Recall: [0.992,0.992,0.961,0.987,0.993,0.994,0.999,0.999,1.000,1.000]
Epoch [149] Testing Results: Prec@1 41.500 Prec@5 87.320             Loss 4.67627
Epoch [149] Testing Class Recall: [0.715,0.783,0.525,0.482,0.730,0.176,0.326,0.164,0.204,0.045]
Epoch [150] Training Results: Prec@1 98.933 Prec@5 99.987             Loss 0.03190
Epoch [150] Training Class Recall: [0.984,0.990,0.956,0.978,0.993,0.990,0.996,0.999,0.997,0.998]
Epoch [150] Testing Results: Prec@1 43.530 Prec@5 87.480             Loss 4.50268
Epoch [150] Testing Class Recall: [0.634,0.739,0.352,0.253,0.720,0.377,0.483,0.167,0.569,0.059]
Epoch [151] Training Results: Prec@1 98.720 Prec@5 100.000             Loss 0.04096
Epoch [151] Training Class Recall: [0.975,0.982,0.957,0.971,0.990,0.992,0.999,0.996,0.997,0.999]
Epoch [151] Testing Results: Prec@1 38.810 Prec@5 85.630             Loss 4.91439
Epoch [151] Testing Class Recall: [0.700,0.591,0.508,0.405,0.766,0.261,0.279,0.115,0.167,0.089]
Epoch [152] Training Results: Prec@1 99.293 Prec@5 100.000             Loss 0.02310
Epoch [152] Training Class Recall: [0.988,0.990,0.973,0.986,0.993,0.994,0.998,0.999,0.999,1.000]
Epoch [152] Testing Results: Prec@1 40.090 Prec@5 87.370             Loss 5.32272
Epoch [152] Testing Class Recall: [0.691,0.719,0.249,0.423,0.889,0.251,0.365,0.089,0.176,0.157]
Epoch [153] Training Results: Prec@1 98.713 Prec@5 99.980             Loss 0.04172
Epoch [153] Training Class Recall: [0.988,0.981,0.966,0.971,0.973,0.989,0.995,0.998,0.996,0.998]
Epoch [153] Testing Results: Prec@1 43.270 Prec@5 87.790             Loss 4.19151
Epoch [153] Testing Class Recall: [0.706,0.850,0.567,0.473,0.656,0.399,0.374,0.112,0.096,0.094]
Epoch [154] Training Results: Prec@1 98.207 Prec@5 99.993             Loss 0.05559
Epoch [154] Training Class Recall: [0.980,0.978,0.940,0.969,0.974,0.986,0.989,0.995,0.992,0.996]
Epoch [154] Testing Results: Prec@1 43.880 Prec@5 87.550             Loss 3.89413
Epoch [154] Testing Class Recall: [0.670,0.812,0.455,0.398,0.618,0.346,0.175,0.283,0.439,0.192]
Epoch [155] Training Results: Prec@1 98.433 Prec@5 99.987             Loss 0.05350
Epoch [155] Training Class Recall: [0.983,0.983,0.961,0.967,0.982,0.983,0.992,0.994,0.996,0.991]
Epoch [155] Testing Results: Prec@1 43.650 Prec@5 87.130             Loss 3.95464
Epoch [155] Testing Class Recall: [0.674,0.638,0.453,0.485,0.785,0.266,0.256,0.288,0.434,0.086]
Epoch [156] Training Results: Prec@1 99.647 Prec@5 100.000             Loss 0.01464
Epoch [156] Training Class Recall: [0.994,0.997,0.990,0.993,0.997,0.996,0.997,0.999,1.000,0.999]
Epoch [156] Testing Results: Prec@1 42.990 Prec@5 88.080             Loss 4.18588
Epoch [156] Testing Class Recall: [0.787,0.707,0.457,0.443,0.721,0.220,0.336,0.199,0.218,0.211]
Epoch [157] Training Results: Prec@1 99.540 Prec@5 99.993             Loss 0.01485
Epoch [157] Training Class Recall: [0.991,0.995,0.984,0.991,0.991,1.000,0.998,1.000,0.998,1.000]
Epoch [157] Testing Results: Prec@1 40.000 Prec@5 87.090             Loss 4.92905
Epoch [157] Testing Class Recall: [0.641,0.603,0.320,0.281,0.878,0.300,0.286,0.211,0.358,0.122]
Epoch [158] Training Results: Prec@1 98.773 Prec@5 100.000             Loss 0.03841
Epoch [158] Training Class Recall: [0.984,0.982,0.966,0.972,0.975,0.993,0.995,0.999,0.997,0.999]
Epoch [158] Testing Results: Prec@1 42.520 Prec@5 87.790             Loss 4.14310
Epoch [158] Testing Class Recall: [0.754,0.739,0.528,0.276,0.555,0.320,0.427,0.245,0.257,0.151]
Epoch [159] Training Results: Prec@1 99.493 Prec@5 100.000             Loss 0.01676
Epoch [159] Training Class Recall: [0.993,0.990,0.976,0.995,0.991,0.999,0.999,0.996,1.000,1.000]
Epoch [159] Testing Results: Prec@1 44.850 Prec@5 88.400             Loss 3.83675
Epoch [159] Testing Class Recall: [0.745,0.818,0.539,0.364,0.642,0.380,0.403,0.352,0.147,0.095]
Epoch [160] Training Results: Prec@1 99.733 Prec@5 100.000             Loss 0.00946
Epoch [160] Training Class Recall: [0.997,0.992,0.988,0.996,0.997,0.998,0.999,1.000,1.000,1.000]
Epoch [160] Testing Results: Prec@1 45.200 Prec@5 88.870             Loss 3.73300
Epoch [160] Testing Class Recall: [0.744,0.804,0.516,0.410,0.678,0.348,0.389,0.283,0.212,0.136]
Epoch [161] Training Results: Prec@1 99.853 Prec@5 100.000             Loss 0.00705
Epoch [161] Training Class Recall: [0.997,0.991,0.998,0.999,0.998,1.000,1.000,1.000,1.000,1.000]
Epoch [161] Testing Results: Prec@1 44.560 Prec@5 88.870             Loss 3.86085
Epoch [161] Testing Class Recall: [0.747,0.810,0.535,0.405,0.679,0.341,0.362,0.276,0.156,0.145]
Epoch [162] Training Results: Prec@1 99.847 Prec@5 100.000             Loss 0.00686
Epoch [162] Training Class Recall: [0.998,0.997,0.993,0.999,1.000,0.998,0.998,1.000,1.000,1.000]
Epoch [162] Testing Results: Prec@1 44.860 Prec@5 88.910             Loss 3.80149
Epoch [162] Testing Class Recall: [0.749,0.806,0.527,0.409,0.686,0.331,0.371,0.268,0.201,0.138]
Epoch [163] Training Results: Prec@1 99.887 Prec@5 100.000             Loss 0.00546
Epoch [163] Training Class Recall: [0.998,0.995,0.996,1.000,0.999,0.999,1.000,1.000,1.000,1.000]
Epoch [163] Testing Results: Prec@1 44.860 Prec@5 88.810             Loss 3.79117
Epoch [163] Testing Class Recall: [0.753,0.828,0.529,0.429,0.659,0.341,0.384,0.262,0.181,0.120]
Epoch [164] Training Results: Prec@1 99.880 Prec@5 100.000             Loss 0.00521
Epoch [164] Training Class Recall: [0.997,0.996,0.996,0.999,1.000,0.999,0.999,1.000,1.000,1.000]
Epoch [164] Testing Results: Prec@1 44.940 Prec@5 88.800             Loss 3.77756
Epoch [164] Testing Class Recall: [0.765,0.813,0.526,0.379,0.671,0.333,0.355,0.299,0.224,0.129]
Epoch [165] Training Results: Prec@1 99.927 Prec@5 100.000             Loss 0.00442
Epoch [165] Training Class Recall: [0.998,1.000,0.995,0.999,1.000,0.999,1.000,1.000,1.000,1.000]
Epoch [165] Testing Results: Prec@1 44.560 Prec@5 88.900             Loss 3.85858
Epoch [165] Testing Class Recall: [0.763,0.800,0.510,0.415,0.688,0.320,0.342,0.272,0.221,0.125]
Epoch [166] Training Results: Prec@1 99.913 Prec@5 100.000             Loss 0.00485
Epoch [166] Training Class Recall: [0.998,0.996,0.997,0.999,1.000,0.999,1.000,1.000,1.000,1.000]
Epoch [166] Testing Results: Prec@1 44.870 Prec@5 88.850             Loss 3.78534
Epoch [166] Testing Class Recall: [0.757,0.817,0.521,0.421,0.675,0.321,0.370,0.270,0.208,0.127]
Epoch [167] Training Results: Prec@1 99.893 Prec@5 100.000             Loss 0.00485
Epoch [167] Training Class Recall: [0.998,0.994,0.996,0.999,1.000,0.999,1.000,1.000,1.000,1.000]
Epoch [167] Testing Results: Prec@1 45.030 Prec@5 88.850             Loss 3.79414
Epoch [167] Testing Class Recall: [0.764,0.837,0.533,0.401,0.659,0.308,0.365,0.278,0.223,0.135]
Epoch [168] Training Results: Prec@1 99.940 Prec@5 100.000             Loss 0.00338
Epoch [168] Training Class Recall: [0.998,0.998,0.998,0.999,0.999,1.000,1.000,1.000,1.000,1.000]
Epoch [168] Testing Results: Prec@1 45.180 Prec@5 88.960             Loss 3.77994
Epoch [168] Testing Class Recall: [0.751,0.837,0.537,0.413,0.661,0.341,0.368,0.275,0.183,0.152]
Epoch [169] Training Results: Prec@1 99.980 Prec@5 100.000             Loss 0.00331
Epoch [169] Training Class Recall: [1.000,0.999,0.999,1.000,1.000,0.999,1.000,1.000,1.000,1.000]
Epoch [169] Testing Results: Prec@1 44.730 Prec@5 88.880             Loss 3.86180
Epoch [169] Testing Class Recall: [0.767,0.805,0.541,0.409,0.670,0.321,0.358,0.252,0.218,0.132]
Epoch [170] Training Results: Prec@1 99.933 Prec@5 100.000             Loss 0.00400
Epoch [170] Training Class Recall: [0.997,0.997,0.998,1.000,1.000,1.000,1.000,1.000,1.000,1.000]
Epoch [170] Testing Results: Prec@1 45.370 Prec@5 88.920             Loss 3.76208
Epoch [170] Testing Class Recall: [0.764,0.823,0.517,0.435,0.677,0.319,0.352,0.293,0.237,0.120]
Epoch [171] Training Results: Prec@1 99.920 Prec@5 100.000             Loss 0.00353
Epoch [171] Training Class Recall: [0.996,0.999,0.998,1.000,0.999,0.999,1.000,1.000,1.000,1.000]
Epoch [171] Testing Results: Prec@1 45.210 Prec@5 89.000             Loss 3.79751
Epoch [171] Testing Class Recall: [0.741,0.836,0.534,0.404,0.698,0.331,0.369,0.253,0.220,0.135]
Epoch [172] Training Results: Prec@1 99.940 Prec@5 100.000             Loss 0.00340
Epoch [172] Training Class Recall: [0.999,0.997,0.998,0.999,1.000,0.999,1.000,1.000,1.000,1.000]
Epoch [172] Testing Results: Prec@1 45.310 Prec@5 88.860             Loss 3.77973
Epoch [172] Testing Class Recall: [0.749,0.835,0.519,0.419,0.690,0.327,0.384,0.272,0.235,0.101]
Epoch [173] Training Results: Prec@1 99.933 Prec@5 100.000             Loss 0.00333
Epoch [173] Training Class Recall: [0.998,0.998,0.998,0.999,1.000,1.000,1.000,1.000,1.000,1.000]
Epoch [173] Testing Results: Prec@1 45.040 Prec@5 88.950             Loss 3.81669
Epoch [173] Testing Class Recall: [0.770,0.825,0.519,0.434,0.677,0.318,0.363,0.267,0.206,0.125]
Epoch [174] Training Results: Prec@1 99.967 Prec@5 100.000             Loss 0.00258
Epoch [174] Training Class Recall: [0.999,0.999,0.997,1.000,1.000,1.000,1.000,1.000,1.000,1.000]
Epoch [174] Testing Results: Prec@1 44.520 Prec@5 88.790             Loss 3.89579
Epoch [174] Testing Class Recall: [0.763,0.823,0.526,0.423,0.681,0.324,0.348,0.258,0.201,0.105]
Epoch [175] Training Results: Prec@1 99.967 Prec@5 100.000             Loss 0.00249
Epoch [175] Training Class Recall: [0.999,1.000,0.999,0.999,0.999,1.000,1.000,1.000,1.000,1.000]
Epoch [175] Testing Results: Prec@1 45.010 Prec@5 88.630             Loss 3.82726
Epoch [175] Testing Class Recall: [0.768,0.830,0.535,0.435,0.655,0.320,0.350,0.281,0.212,0.115]
Epoch [176] Training Results: Prec@1 99.960 Prec@5 100.000             Loss 0.00269
Epoch [176] Training Class Recall: [0.999,1.000,0.997,0.999,1.000,1.000,1.000,1.000,1.000,1.000]
Epoch [176] Testing Results: Prec@1 45.080 Prec@5 88.830             Loss 3.82395
Epoch [176] Testing Class Recall: [0.764,0.848,0.523,0.436,0.658,0.324,0.355,0.256,0.235,0.109]
Epoch [177] Training Results: Prec@1 99.967 Prec@5 100.000             Loss 0.00265
Epoch [177] Training Class Recall: [0.999,1.000,0.997,1.000,1.000,1.000,1.000,1.000,1.000,1.000]
Epoch [177] Testing Results: Prec@1 45.250 Prec@5 88.990             Loss 3.78551
Epoch [177] Testing Class Recall: [0.766,0.835,0.517,0.429,0.687,0.318,0.357,0.240,0.227,0.149]
Epoch [178] Training Results: Prec@1 99.940 Prec@5 100.000             Loss 0.00289
Epoch [178] Training Class Recall: [0.998,0.997,0.998,0.999,1.000,1.000,1.000,1.000,1.000,1.000]
Epoch [178] Testing Results: Prec@1 44.800 Prec@5 88.680             Loss 3.85897
Epoch [178] Testing Class Recall: [0.758,0.832,0.531,0.414,0.692,0.327,0.364,0.224,0.218,0.120]
Epoch [179] Training Results: Prec@1 99.980 Prec@5 100.000             Loss 0.00222
Epoch [179] Training Class Recall: [0.999,1.000,0.999,0.999,1.000,1.000,1.000,1.000,1.000,1.000]
Epoch [179] Testing Results: Prec@1 44.840 Prec@5 88.880             Loss 3.82805
Epoch [179] Testing Class Recall: [0.757,0.818,0.528,0.439,0.685,0.296,0.357,0.265,0.213,0.126]
Epoch [180] Training Results: Prec@1 99.980 Prec@5 100.000             Loss 0.00219
Epoch [180] Training Class Recall: [0.999,1.000,0.999,0.999,1.000,1.000,1.000,1.000,1.000,1.000]
Epoch [180] Testing Results: Prec@1 44.850 Prec@5 88.820             Loss 3.87552
Epoch [180] Testing Class Recall: [0.756,0.826,0.527,0.426,0.695,0.321,0.355,0.251,0.224,0.104]
Epoch [181] Training Results: Prec@1 99.967 Prec@5 100.000             Loss 0.00215
Epoch [181] Training Class Recall: [0.999,0.999,0.999,1.000,1.000,1.000,0.999,1.000,1.000,1.000]
Epoch [181] Testing Results: Prec@1 44.420 Prec@5 88.630             Loss 3.93688
Epoch [181] Testing Class Recall: [0.754,0.831,0.510,0.434,0.697,0.318,0.375,0.235,0.200,0.088]
Epoch [182] Training Results: Prec@1 99.953 Prec@5 100.000             Loss 0.00293
Epoch [182] Training Class Recall: [0.998,0.999,0.998,1.000,1.000,1.000,1.000,1.000,1.000,1.000]
Epoch [182] Testing Results: Prec@1 44.500 Prec@5 88.720             Loss 3.94237
Epoch [182] Testing Class Recall: [0.757,0.826,0.509,0.438,0.713,0.322,0.337,0.255,0.185,0.108]
Epoch [183] Training Results: Prec@1 99.980 Prec@5 100.000             Loss 0.00230
Epoch [183] Training Class Recall: [0.999,1.000,1.000,0.999,1.000,0.999,1.000,1.000,1.000,1.000]
Epoch [183] Testing Results: Prec@1 44.390 Prec@5 88.710             Loss 3.96206
Epoch [183] Testing Class Recall: [0.766,0.828,0.510,0.438,0.700,0.311,0.349,0.236,0.184,0.117]
Epoch [184] Training Results: Prec@1 99.980 Prec@5 100.000             Loss 0.00301
Epoch [184] Training Class Recall: [0.999,0.999,1.000,1.000,1.000,1.000,1.000,1.000,1.000,1.000]
Epoch [184] Testing Results: Prec@1 44.960 Prec@5 88.870             Loss 3.83381
Epoch [184] Testing Class Recall: [0.744,0.839,0.527,0.421,0.691,0.338,0.365,0.254,0.207,0.110]
Epoch [185] Training Results: Prec@1 99.953 Prec@5 100.000             Loss 0.00261
Epoch [185] Training Class Recall: [0.999,0.999,0.995,1.000,1.000,1.000,1.000,1.000,1.000,1.000]
Epoch [185] Testing Results: Prec@1 44.570 Prec@5 88.610             Loss 3.93280
Epoch [185] Testing Class Recall: [0.757,0.835,0.537,0.428,0.689,0.298,0.342,0.256,0.199,0.116]
Epoch [186] Training Results: Prec@1 99.973 Prec@5 100.000             Loss 0.00241
Epoch [186] Training Class Recall: [1.000,0.999,0.999,0.999,1.000,0.999,1.000,1.000,1.000,1.000]
Epoch [186] Testing Results: Prec@1 44.650 Prec@5 88.670             Loss 3.89267
Epoch [186] Testing Class Recall: [0.759,0.823,0.539,0.427,0.676,0.317,0.323,0.293,0.208,0.100]
Epoch [187] Training Results: Prec@1 99.953 Prec@5 100.000             Loss 0.00285
Epoch [187] Training Class Recall: [1.000,0.998,0.998,0.999,1.000,0.999,1.000,1.000,1.000,1.000]
Epoch [187] Testing Results: Prec@1 44.820 Prec@5 88.750             Loss 3.89476
Epoch [187] Testing Class Recall: [0.763,0.832,0.519,0.440,0.688,0.301,0.356,0.246,0.226,0.111]
Epoch [188] Training Results: Prec@1 100.000 Prec@5 100.000             Loss 0.00196
Epoch [188] Training Class Recall: [1.000,1.000,1.000,1.000,1.000,1.000,1.000,1.000,1.000,1.000]
Epoch [188] Testing Results: Prec@1 44.290 Prec@5 88.720             Loss 3.96204
Epoch [188] Testing Class Recall: [0.757,0.819,0.531,0.407,0.701,0.317,0.366,0.247,0.181,0.103]
Epoch [189] Training Results: Prec@1 99.980 Prec@5 100.000             Loss 0.00226
Epoch [189] Training Class Recall: [0.999,1.000,0.998,1.000,1.000,1.000,1.000,1.000,1.000,1.000]
Epoch [189] Testing Results: Prec@1 45.110 Prec@5 88.660             Loss 3.81148
Epoch [189] Testing Class Recall: [0.753,0.835,0.519,0.432,0.699,0.332,0.337,0.267,0.205,0.132]
Epoch [190] Training Results: Prec@1 99.967 Prec@5 100.000             Loss 0.00254
Epoch [190] Training Class Recall: [0.999,1.000,0.998,0.999,1.000,1.000,1.000,1.000,1.000,1.000]
Epoch [190] Testing Results: Prec@1 44.950 Prec@5 88.740             Loss 3.89732
Epoch [190] Testing Class Recall: [0.750,0.837,0.516,0.453,0.693,0.302,0.369,0.250,0.213,0.112]
Epoch [191] Training Results: Prec@1 99.973 Prec@5 100.000             Loss 0.00250
Epoch [191] Training Class Recall: [0.999,0.999,0.999,1.000,1.000,0.999,1.000,1.000,1.000,1.000]
Epoch [191] Testing Results: Prec@1 45.040 Prec@5 88.950             Loss 3.83094
Epoch [191] Testing Class Recall: [0.756,0.830,0.509,0.434,0.700,0.318,0.366,0.259,0.202,0.130]
Epoch [192] Training Results: Prec@1 99.973 Prec@5 100.000             Loss 0.00224
Epoch [192] Training Class Recall: [0.999,0.999,0.999,1.000,1.000,1.000,0.999,1.000,1.000,1.000]
Epoch [192] Testing Results: Prec@1 44.290 Prec@5 88.870             Loss 3.90078
Epoch [192] Testing Class Recall: [0.773,0.799,0.509,0.413,0.697,0.317,0.352,0.258,0.198,0.113]
Epoch [193] Training Results: Prec@1 99.960 Prec@5 100.000             Loss 0.00291
Epoch [193] Training Class Recall: [0.999,1.000,0.999,0.999,1.000,0.999,1.000,1.000,1.000,1.000]
Epoch [193] Testing Results: Prec@1 45.180 Prec@5 88.930             Loss 3.81758
Epoch [193] Testing Class Recall: [0.737,0.835,0.549,0.411,0.691,0.339,0.370,0.256,0.190,0.140]
Epoch [194] Training Results: Prec@1 99.947 Prec@5 100.000             Loss 0.00264
Epoch [194] Training Class Recall: [0.998,0.999,0.999,0.999,1.000,0.999,0.999,1.000,1.000,1.000]
Epoch [194] Testing Results: Prec@1 45.170 Prec@5 88.920             Loss 3.80974
Epoch [194] Testing Class Recall: [0.759,0.843,0.531,0.435,0.677,0.309,0.361,0.258,0.209,0.135]
Epoch [195] Training Results: Prec@1 99.973 Prec@5 100.000             Loss 0.00245
Epoch [195] Training Class Recall: [0.999,0.999,0.999,1.000,1.000,1.000,0.999,1.000,1.000,1.000]
Epoch [195] Testing Results: Prec@1 44.730 Prec@5 88.770             Loss 3.87550
Epoch [195] Testing Class Recall: [0.758,0.844,0.524,0.416,0.689,0.317,0.366,0.236,0.217,0.106]
Epoch [196] Training Results: Prec@1 99.927 Prec@5 100.000             Loss 0.00307
Epoch [196] Training Class Recall: [0.998,0.998,0.996,0.999,1.000,0.999,1.000,1.000,1.000,1.000]
Epoch [196] Testing Results: Prec@1 45.000 Prec@5 88.640             Loss 3.83612
Epoch [196] Testing Class Recall: [0.759,0.843,0.522,0.452,0.674,0.326,0.347,0.246,0.216,0.115]
Epoch [197] Training Results: Prec@1 99.960 Prec@5 100.000             Loss 0.00254
Epoch [197] Training Class Recall: [0.999,1.000,0.996,1.000,1.000,1.000,1.000,1.000,1.000,1.000]
Epoch [197] Testing Results: Prec@1 44.820 Prec@5 88.730             Loss 3.87464
Epoch [197] Testing Class Recall: [0.759,0.844,0.525,0.410,0.690,0.307,0.360,0.278,0.208,0.101]
Epoch [198] Training Results: Prec@1 99.960 Prec@5 100.000             Loss 0.00255
Epoch [198] Training Class Recall: [0.999,0.999,0.998,1.000,1.000,1.000,1.000,0.999,1.000,1.000]
Epoch [198] Testing Results: Prec@1 45.070 Prec@5 88.960             Loss 3.82090
Epoch [198] Testing Class Recall: [0.752,0.841,0.510,0.430,0.695,0.313,0.361,0.256,0.230,0.119]
Epoch [199] Training Results: Prec@1 99.953 Prec@5 100.000             Loss 0.00251
Epoch [199] Training Class Recall: [0.999,0.997,0.999,1.000,0.999,1.000,1.000,1.000,1.000,1.000]
Epoch [199] Testing Results: Prec@1 45.000 Prec@5 88.680             Loss 3.84813
Epoch [199] Testing Class Recall: [0.760,0.830,0.526,0.435,0.680,0.343,0.358,0.251,0.211,0.106]
