Log file: cifar10_sava0.5_randomoversampling_selection_exp0.01_seed42_20260524_120449.log
Run started: 2026-05-24 12:04:49.348417
Dataset: cifar10
Imbalance type: exp, factor: 0.01
Selection method: sava, ratio: 0.5
Strategy: RandomOversampling_Selection, epochs: 200
Seed: 42, rand_number: 0
Augmentation: weak
============================================================

=> Preparing logger and tensorboard writer !
----------------------------------------------------
Class ID   | Original   | Selected   | Keep %  
----------------------------------------------------
0          | 5000       | 2418       |    48.4%
1          | 5000       | 2477       |    49.5%
2          | 5000       | 2267       |    45.3%
3          | 5000       | 2448       |    49.0%
4          | 5000       | 2591       |    51.8%
5          | 5000       | 2444       |    48.9%
6          | 5000       | 2652       |    53.0%
7          | 5000       | 2396       |    47.9%
8          | 5000       | 2489       |    49.8%
9          | 5000       | 2818       |    56.4%
----------------------------------------------------
TOTAL      | 50000      | 25000      |    50.0%
----------------------------------------------------
Epoch [0] Training Results: Prec@1 43.376 Prec@5 90.276             Loss 1.52571
Epoch [0] Training Class Recall: [0.592,0.491,0.156,0.164,0.393,0.374,0.508,0.482,0.519,0.608]
Epoch [0] Testing Results: Prec@1 31.180 Prec@5 80.540             Loss 2.71209
Epoch [0] Testing Class Recall: [0.349,0.332,0.406,0.071,0.521,0.175,0.056,0.455,0.720,0.033]
Epoch [1] Training Results: Prec@1 61.080 Prec@5 96.544             Loss 1.08098
Epoch [1] Training Class Recall: [0.701,0.721,0.297,0.304,0.466,0.514,0.641,0.702,0.810,0.890]
Epoch [1] Testing Results: Prec@1 31.790 Prec@5 83.170             Loss 3.17466
Epoch [1] Testing Class Recall: [0.449,0.329,0.007,0.017,0.767,0.260,0.387,0.115,0.432,0.416]
Epoch [2] Training Results: Prec@1 69.372 Prec@5 98.500             Loss 0.84646
Epoch [2] Training Class Recall: [0.768,0.799,0.362,0.400,0.514,0.622,0.738,0.835,0.902,0.941]
Epoch [2] Testing Results: Prec@1 31.930 Prec@5 78.490             Loss 3.66891
Epoch [2] Testing Class Recall: [0.440,0.120,0.664,0.106,0.345,0.550,0.331,0.235,0.322,0.080]
Epoch [3] Training Results: Prec@1 76.660 Prec@5 99.160             Loss 0.64978
Epoch [3] Training Class Recall: [0.825,0.848,0.486,0.494,0.621,0.686,0.818,0.915,0.957,0.969]
Epoch [3] Testing Results: Prec@1 39.950 Prec@5 82.140             Loss 3.38492
Epoch [3] Testing Class Recall: [0.572,0.606,0.358,0.142,0.549,0.652,0.382,0.439,0.152,0.143]
Epoch [4] Training Results: Prec@1 80.236 Prec@5 99.424             Loss 0.56301
Epoch [4] Training Class Recall: [0.840,0.876,0.530,0.566,0.691,0.747,0.859,0.935,0.963,0.972]
Epoch [4] Testing Results: Prec@1 36.640 Prec@5 83.220             Loss 3.42590
Epoch [4] Testing Class Recall: [0.583,0.528,0.374,0.317,0.788,0.304,0.231,0.151,0.225,0.163]
Epoch [5] Training Results: Prec@1 85.056 Prec@5 99.752             Loss 0.41979
Epoch [5] Training Class Recall: [0.859,0.898,0.617,0.654,0.761,0.821,0.929,0.965,0.979,0.983]
Epoch [5] Testing Results: Prec@1 39.000 Prec@5 84.460             Loss 3.39079
Epoch [5] Testing Class Recall: [0.727,0.569,0.613,0.244,0.393,0.452,0.172,0.387,0.081,0.262]
Epoch [6] Training Results: Prec@1 88.180 Prec@5 99.856             Loss 0.33650
Epoch [6] Training Class Recall: [0.878,0.912,0.675,0.743,0.817,0.869,0.943,0.971,0.986,0.990]
Epoch [6] Testing Results: Prec@1 45.580 Prec@5 86.480             Loss 3.06898
Epoch [6] Testing Class Recall: [0.719,0.784,0.539,0.259,0.434,0.552,0.174,0.515,0.469,0.113]
Epoch [7] Training Results: Prec@1 90.668 Prec@5 99.932             Loss 0.27106
Epoch [7] Training Class Recall: [0.900,0.929,0.726,0.787,0.866,0.908,0.954,0.984,0.989,0.994]
Epoch [7] Testing Results: Prec@1 40.230 Prec@5 85.940             Loss 3.85307
Epoch [7] Testing Class Recall: [0.769,0.595,0.644,0.456,0.577,0.194,0.140,0.298,0.210,0.140]
Epoch [8] Training Results: Prec@1 92.280 Prec@5 99.948             Loss 0.22378
Epoch [8] Training Class Recall: [0.910,0.941,0.779,0.822,0.897,0.923,0.960,0.982,0.993,0.995]
Epoch [8] Testing Results: Prec@1 49.390 Prec@5 89.920             Loss 2.97638
Epoch [8] Testing Class Recall: [0.639,0.622,0.328,0.566,0.631,0.385,0.294,0.373,0.402,0.699]
Epoch [9] Training Results: Prec@1 92.652 Prec@5 99.956             Loss 0.21002
Epoch [9] Training Class Recall: [0.912,0.941,0.790,0.824,0.895,0.935,0.973,0.985,0.993,0.994]
Epoch [9] Testing Results: Prec@1 43.680 Prec@5 85.650             Loss 3.76285
Epoch [9] Testing Class Recall: [0.687,0.716,0.624,0.298,0.579,0.463,0.379,0.356,0.198,0.068]
Epoch [10] Training Results: Prec@1 93.564 Prec@5 99.976             Loss 0.18188
Epoch [10] Training Class Recall: [0.917,0.949,0.809,0.866,0.915,0.937,0.972,0.985,0.992,0.993]
Epoch [10] Testing Results: Prec@1 43.820 Prec@5 86.850             Loss 3.74041
Epoch [10] Testing Class Recall: [0.722,0.807,0.801,0.243,0.473,0.363,0.316,0.147,0.290,0.220]
Epoch [11] Training Results: Prec@1 94.000 Prec@5 99.984             Loss 0.17244
Epoch [11] Training Class Recall: [0.917,0.953,0.820,0.866,0.931,0.955,0.971,0.981,0.992,0.995]
Epoch [11] Testing Results: Prec@1 46.630 Prec@5 88.470             Loss 3.80580
Epoch [11] Testing Class Recall: [0.731,0.790,0.487,0.775,0.508,0.229,0.307,0.211,0.344,0.281]
Epoch [12] Training Results: Prec@1 94.700 Prec@5 99.968             Loss 0.15473
Epoch [12] Training Class Recall: [0.926,0.955,0.846,0.891,0.931,0.949,0.978,0.990,0.995,0.991]
Epoch [12] Testing Results: Prec@1 38.880 Prec@5 88.310             Loss 4.64234
Epoch [12] Testing Class Recall: [0.816,0.629,0.788,0.350,0.248,0.232,0.198,0.327,0.153,0.147]
Epoch [13] Training Results: Prec@1 94.888 Prec@5 99.952             Loss 0.14786
Epoch [13] Training Class Recall: [0.933,0.958,0.850,0.883,0.941,0.954,0.977,0.986,0.996,0.996]
Epoch [13] Testing Results: Prec@1 49.720 Prec@5 90.630             Loss 2.85640
Epoch [13] Testing Class Recall: [0.795,0.822,0.312,0.626,0.638,0.411,0.355,0.296,0.425,0.292]
Epoch [14] Training Results: Prec@1 95.260 Prec@5 99.972             Loss 0.13604
Epoch [14] Training Class Recall: [0.933,0.960,0.861,0.902,0.936,0.959,0.977,0.989,0.996,0.997]
Epoch [14] Testing Results: Prec@1 47.010 Prec@5 88.860             Loss 3.60737
Epoch [14] Testing Class Recall: [0.766,0.838,0.479,0.515,0.733,0.324,0.309,0.272,0.218,0.247]
Epoch [15] Training Results: Prec@1 95.912 Prec@5 99.988             Loss 0.12052
Epoch [15] Training Class Recall: [0.936,0.963,0.882,0.909,0.960,0.962,0.983,0.993,0.994,0.995]
Epoch [15] Testing Results: Prec@1 43.800 Prec@5 86.980             Loss 4.14188
Epoch [15] Testing Class Recall: [0.800,0.752,0.732,0.537,0.455,0.261,0.324,0.276,0.205,0.038]
Epoch [16] Training Results: Prec@1 95.920 Prec@5 99.996             Loss 0.11442
Epoch [16] Training Class Recall: [0.940,0.964,0.878,0.913,0.949,0.971,0.982,0.987,0.997,0.998]
Epoch [16] Testing Results: Prec@1 48.440 Prec@5 88.840             Loss 3.37274
Epoch [16] Testing Class Recall: [0.682,0.808,0.679,0.447,0.566,0.451,0.329,0.362,0.381,0.139]
Epoch [17] Training Results: Prec@1 96.488 Prec@5 99.992             Loss 0.10495
Epoch [17] Training Class Recall: [0.946,0.974,0.895,0.927,0.958,0.968,0.989,0.990,0.995,0.995]
Epoch [17] Testing Results: Prec@1 46.490 Prec@5 89.490             Loss 3.89611
Epoch [17] Testing Class Recall: [0.784,0.801,0.625,0.333,0.672,0.434,0.334,0.237,0.234,0.195]
Epoch [18] Training Results: Prec@1 96.552 Prec@5 99.984             Loss 0.10014
Epoch [18] Training Class Recall: [0.948,0.971,0.895,0.929,0.964,0.975,0.984,0.990,0.992,0.996]
Epoch [18] Testing Results: Prec@1 45.060 Prec@5 88.290             Loss 4.04518
Epoch [18] Testing Class Recall: [0.810,0.793,0.428,0.212,0.664,0.604,0.219,0.261,0.202,0.313]
Epoch [19] Training Results: Prec@1 96.880 Prec@5 100.000             Loss 0.09071
Epoch [19] Training Class Recall: [0.950,0.972,0.905,0.938,0.964,0.975,0.985,0.995,0.998,0.996]
Epoch [19] Testing Results: Prec@1 46.240 Prec@5 89.790             Loss 3.76092
Epoch [19] Testing Class Recall: [0.829,0.841,0.528,0.417,0.695,0.395,0.425,0.272,0.116,0.106]
Epoch [20] Training Results: Prec@1 96.992 Prec@5 99.996             Loss 0.08650
Epoch [20] Training Class Recall: [0.957,0.977,0.904,0.935,0.968,0.968,0.989,0.996,0.997,0.998]
Epoch [20] Testing Results: Prec@1 49.290 Prec@5 89.410             Loss 3.73700
Epoch [20] Testing Class Recall: [0.767,0.848,0.747,0.412,0.573,0.534,0.116,0.313,0.305,0.314]
Epoch [21] Training Results: Prec@1 96.740 Prec@5 99.992             Loss 0.09773
Epoch [21] Training Class Recall: [0.951,0.973,0.917,0.926,0.963,0.973,0.985,0.988,0.991,0.997]
Epoch [21] Testing Results: Prec@1 44.270 Prec@5 90.230             Loss 4.09209
Epoch [21] Testing Class Recall: [0.753,0.615,0.274,0.818,0.617,0.136,0.221,0.350,0.537,0.106]
Epoch [22] Training Results: Prec@1 96.968 Prec@5 99.992             Loss 0.08859
Epoch [22] Training Class Recall: [0.951,0.970,0.911,0.941,0.966,0.980,0.984,0.991,0.996,0.998]
Epoch [22] Testing Results: Prec@1 48.120 Prec@5 89.330             Loss 3.44385
Epoch [22] Testing Class Recall: [0.674,0.739,0.741,0.453,0.626,0.398,0.355,0.325,0.341,0.160]
Epoch [23] Training Results: Prec@1 96.352 Prec@5 99.988             Loss 0.10316
Epoch [23] Training Class Recall: [0.947,0.964,0.900,0.921,0.959,0.970,0.983,0.990,0.991,0.997]
Epoch [23] Testing Results: Prec@1 45.660 Prec@5 86.130             Loss 4.34510
Epoch [23] Testing Class Recall: [0.616,0.881,0.556,0.572,0.712,0.182,0.601,0.113,0.196,0.137]
Epoch [24] Training Results: Prec@1 96.864 Prec@5 99.996             Loss 0.09377
Epoch [24] Training Class Recall: [0.953,0.966,0.908,0.934,0.968,0.976,0.989,0.990,0.995,0.997]
Epoch [24] Testing Results: Prec@1 48.290 Prec@5 87.290             Loss 3.51445
Epoch [24] Testing Class Recall: [0.757,0.868,0.680,0.460,0.634,0.139,0.548,0.160,0.481,0.102]
Epoch [25] Training Results: Prec@1 97.892 Prec@5 100.000             Loss 0.06706
Epoch [25] Training Class Recall: [0.965,0.981,0.929,0.957,0.977,0.987,0.992,0.995,0.998,0.999]
Epoch [25] Testing Results: Prec@1 47.410 Prec@5 88.010             Loss 3.69203
Epoch [25] Testing Class Recall: [0.704,0.830,0.716,0.521,0.605,0.275,0.349,0.143,0.493,0.105]
Epoch [26] Training Results: Prec@1 97.380 Prec@5 100.000             Loss 0.07892
Epoch [26] Training Class Recall: [0.954,0.977,0.924,0.956,0.970,0.980,0.989,0.992,0.992,0.996]
Epoch [26] Testing Results: Prec@1 46.450 Prec@5 89.140             Loss 3.93583
Epoch [26] Testing Class Recall: [0.827,0.803,0.642,0.356,0.609,0.458,0.247,0.417,0.179,0.107]
Epoch [27] Training Results: Prec@1 97.124 Prec@5 99.992             Loss 0.08672
Epoch [27] Training Class Recall: [0.955,0.976,0.925,0.935,0.964,0.975,0.987,0.992,0.996,0.998]
Epoch [27] Testing Results: Prec@1 47.260 Prec@5 90.160             Loss 3.64405
Epoch [27] Testing Class Recall: [0.686,0.882,0.815,0.215,0.606,0.315,0.447,0.298,0.344,0.118]
Epoch [28] Training Results: Prec@1 97.364 Prec@5 99.996             Loss 0.07993
Epoch [28] Training Class Recall: [0.959,0.976,0.923,0.948,0.971,0.975,0.989,0.995,0.996,0.997]
Epoch [28] Testing Results: Prec@1 48.000 Prec@5 88.520             Loss 3.58687
Epoch [28] Testing Class Recall: [0.772,0.799,0.679,0.560,0.563,0.267,0.417,0.287,0.262,0.194]
Epoch [29] Training Results: Prec@1 97.784 Prec@5 99.996             Loss 0.06618
Epoch [29] Training Class Recall: [0.967,0.975,0.931,0.960,0.975,0.987,0.988,0.994,0.997,0.998]
Epoch [29] Testing Results: Prec@1 51.790 Prec@5 90.500             Loss 3.29928
Epoch [29] Testing Class Recall: [0.772,0.901,0.555,0.438,0.600,0.236,0.675,0.282,0.425,0.295]
Epoch [30] Training Results: Prec@1 97.260 Prec@5 99.988             Loss 0.08212
Epoch [30] Training Class Recall: [0.961,0.972,0.917,0.949,0.968,0.983,0.984,0.993,0.995,0.996]
Epoch [30] Testing Results: Prec@1 48.950 Prec@5 88.670             Loss 3.88360
Epoch [30] Testing Class Recall: [0.672,0.868,0.658,0.398,0.736,0.261,0.360,0.321,0.569,0.052]
Epoch [31] Training Results: Prec@1 97.880 Prec@5 99.992             Loss 0.06188
Epoch [31] Training Class Recall: [0.968,0.982,0.940,0.961,0.975,0.978,0.988,0.995,0.995,0.999]
Epoch [31] Testing Results: Prec@1 47.080 Prec@5 89.440             Loss 4.09300
Epoch [31] Testing Class Recall: [0.787,0.843,0.771,0.271,0.595,0.237,0.559,0.384,0.197,0.064]
Epoch [32] Training Results: Prec@1 97.212 Prec@5 99.992             Loss 0.07974
Epoch [32] Training Class Recall: [0.959,0.975,0.924,0.946,0.969,0.977,0.986,0.989,0.994,0.995]
Epoch [32] Testing Results: Prec@1 43.340 Prec@5 84.560             Loss 4.34712
Epoch [32] Testing Class Recall: [0.693,0.423,0.655,0.236,0.686,0.053,0.645,0.278,0.638,0.027]
Epoch [33] Training Results: Prec@1 97.192 Prec@5 99.996             Loss 0.08495
Epoch [33] Training Class Recall: [0.965,0.978,0.927,0.941,0.965,0.966,0.988,0.987,0.997,0.997]
Epoch [33] Testing Results: Prec@1 46.070 Prec@5 89.270             Loss 3.59820
Epoch [33] Testing Class Recall: [0.862,0.840,0.639,0.414,0.678,0.287,0.190,0.279,0.282,0.136]
Epoch [34] Training Results: Prec@1 97.848 Prec@5 99.996             Loss 0.06328
Epoch [34] Training Class Recall: [0.970,0.981,0.932,0.955,0.976,0.985,0.992,0.990,0.998,0.998]
Epoch [34] Testing Results: Prec@1 45.830 Prec@5 88.910             Loss 3.84794
Epoch [34] Testing Class Recall: [0.700,0.767,0.842,0.253,0.357,0.141,0.585,0.192,0.529,0.217]
Epoch [35] Training Results: Prec@1 97.160 Prec@5 99.988             Loss 0.08658
Epoch [35] Training Class Recall: [0.958,0.974,0.924,0.946,0.969,0.966,0.986,0.992,0.997,0.996]
Epoch [35] Testing Results: Prec@1 45.480 Prec@5 89.170             Loss 3.96710
Epoch [35] Testing Class Recall: [0.802,0.775,0.668,0.614,0.656,0.265,0.230,0.158,0.246,0.134]
Epoch [36] Training Results: Prec@1 97.988 Prec@5 99.996             Loss 0.06056
Epoch [36] Training Class Recall: [0.968,0.979,0.943,0.957,0.979,0.986,0.991,0.998,0.996,0.998]
Epoch [36] Testing Results: Prec@1 48.130 Prec@5 89.560             Loss 3.75240
Epoch [36] Testing Class Recall: [0.599,0.894,0.472,0.750,0.701,0.313,0.298,0.287,0.386,0.113]
Epoch [37] Training Results: Prec@1 97.800 Prec@5 100.000             Loss 0.06533
Epoch [37] Training Class Recall: [0.964,0.981,0.933,0.960,0.976,0.982,0.989,0.995,0.996,0.997]
Epoch [37] Testing Results: Prec@1 51.390 Prec@5 90.370             Loss 3.11959
Epoch [37] Testing Class Recall: [0.776,0.860,0.690,0.531,0.542,0.348,0.504,0.536,0.250,0.102]
Epoch [38] Training Results: Prec@1 97.180 Prec@5 99.988             Loss 0.08363
Epoch [38] Training Class Recall: [0.959,0.980,0.919,0.940,0.968,0.977,0.982,0.992,0.993,0.999]
Epoch [38] Testing Results: Prec@1 45.250 Prec@5 86.800             Loss 4.33575
Epoch [38] Testing Class Recall: [0.726,0.953,0.847,0.391,0.373,0.111,0.138,0.383,0.530,0.073]
Epoch [39] Training Results: Prec@1 98.052 Prec@5 100.000             Loss 0.05816
Epoch [39] Training Class Recall: [0.971,0.983,0.944,0.961,0.974,0.984,0.989,0.997,0.998,0.999]
Epoch [39] Testing Results: Prec@1 45.880 Prec@5 90.640             Loss 4.13287
Epoch [39] Testing Class Recall: [0.857,0.742,0.522,0.579,0.610,0.287,0.318,0.331,0.118,0.224]
Epoch [40] Training Results: Prec@1 97.452 Prec@5 99.996             Loss 0.07640
Epoch [40] Training Class Recall: [0.964,0.978,0.929,0.954,0.966,0.980,0.985,0.988,0.996,0.997]
Epoch [40] Testing Results: Prec@1 49.860 Prec@5 90.410             Loss 3.54407
Epoch [40] Testing Class Recall: [0.702,0.920,0.588,0.504,0.842,0.231,0.359,0.297,0.306,0.237]
Epoch [41] Training Results: Prec@1 98.296 Prec@5 100.000             Loss 0.04911
Epoch [41] Training Class Recall: [0.969,0.982,0.950,0.964,0.986,0.984,0.996,0.997,0.999,0.998]
Epoch [41] Testing Results: Prec@1 53.160 Prec@5 91.330             Loss 3.01995
Epoch [41] Testing Class Recall: [0.796,0.848,0.563,0.638,0.554,0.421,0.550,0.191,0.548,0.207]
Epoch [42] Training Results: Prec@1 97.996 Prec@5 100.000             Loss 0.06371
Epoch [42] Training Class Recall: [0.969,0.980,0.944,0.961,0.973,0.986,0.992,0.994,0.996,0.998]
Epoch [42] Testing Results: Prec@1 50.050 Prec@5 91.540             Loss 3.32036
Epoch [42] Testing Class Recall: [0.771,0.818,0.712,0.443,0.673,0.405,0.343,0.395,0.266,0.179]
Epoch [43] Training Results: Prec@1 97.920 Prec@5 99.992             Loss 0.06245
Epoch [43] Training Class Recall: [0.971,0.977,0.940,0.958,0.979,0.982,0.990,0.996,0.996,0.996]
Epoch [43] Testing Results: Prec@1 50.820 Prec@5 90.030             Loss 3.35883
Epoch [43] Testing Class Recall: [0.718,0.910,0.614,0.187,0.771,0.277,0.450,0.394,0.479,0.282]
Epoch [44] Training Results: Prec@1 97.148 Prec@5 99.996             Loss 0.08832
Epoch [44] Training Class Recall: [0.960,0.978,0.930,0.936,0.966,0.978,0.978,0.990,0.994,0.996]
Epoch [44] Testing Results: Prec@1 50.720 Prec@5 90.200             Loss 3.25090
Epoch [44] Testing Class Recall: [0.798,0.924,0.597,0.643,0.625,0.313,0.402,0.378,0.215,0.177]
Epoch [45] Training Results: Prec@1 98.180 Prec@5 100.000             Loss 0.05429
Epoch [45] Training Class Recall: [0.971,0.988,0.948,0.965,0.978,0.984,0.994,0.992,0.996,0.998]
Epoch [45] Testing Results: Prec@1 50.090 Prec@5 90.630             Loss 3.52181
Epoch [45] Testing Class Recall: [0.768,0.887,0.646,0.518,0.783,0.305,0.409,0.338,0.161,0.194]
Epoch [46] Training Results: Prec@1 98.180 Prec@5 100.000             Loss 0.05426
Epoch [46] Training Class Recall: [0.973,0.980,0.950,0.958,0.986,0.980,0.993,0.997,0.999,0.997]
Epoch [46] Testing Results: Prec@1 46.040 Prec@5 88.480             Loss 4.25562
Epoch [46] Testing Class Recall: [0.831,0.878,0.651,0.360,0.713,0.335,0.183,0.450,0.117,0.086]
Epoch [47] Training Results: Prec@1 98.028 Prec@5 100.000             Loss 0.05778
Epoch [47] Training Class Recall: [0.973,0.983,0.936,0.964,0.977,0.984,0.989,0.997,0.995,0.999]
Epoch [47] Testing Results: Prec@1 53.000 Prec@5 91.350             Loss 3.11825
Epoch [47] Testing Class Recall: [0.796,0.774,0.698,0.560,0.538,0.296,0.509,0.338,0.543,0.248]
Epoch [48] Training Results: Prec@1 98.260 Prec@5 99.992             Loss 0.05122
Epoch [48] Training Class Recall: [0.972,0.978,0.951,0.968,0.980,0.985,0.991,0.996,0.999,1.000]
Epoch [48] Testing Results: Prec@1 44.440 Prec@5 89.360             Loss 4.21804
Epoch [48] Testing Class Recall: [0.873,0.671,0.589,0.356,0.750,0.237,0.329,0.174,0.187,0.278]
Epoch [49] Training Results: Prec@1 97.348 Prec@5 99.996             Loss 0.07837
Epoch [49] Training Class Recall: [0.964,0.975,0.932,0.949,0.969,0.975,0.984,0.989,0.996,0.995]
Epoch [49] Testing Results: Prec@1 48.520 Prec@5 89.270             Loss 3.42811
Epoch [49] Testing Class Recall: [0.770,0.820,0.676,0.733,0.466,0.293,0.382,0.208,0.266,0.238]
Epoch [50] Training Results: Prec@1 98.532 Prec@5 100.000             Loss 0.04650
Epoch [50] Training Class Recall: [0.979,0.984,0.951,0.973,0.984,0.988,0.996,0.996,0.998,0.998]
Epoch [50] Testing Results: Prec@1 45.950 Prec@5 90.530             Loss 4.29062
Epoch [50] Testing Class Recall: [0.732,0.786,0.870,0.456,0.525,0.235,0.327,0.144,0.273,0.247]
Epoch [51] Training Results: Prec@1 98.344 Prec@5 100.000             Loss 0.04883
Epoch [51] Training Class Recall: [0.977,0.983,0.951,0.970,0.985,0.986,0.988,0.995,0.996,0.998]
Epoch [51] Testing Results: Prec@1 49.420 Prec@5 90.870             Loss 3.48578
Epoch [51] Testing Class Recall: [0.823,0.722,0.692,0.372,0.615,0.240,0.504,0.239,0.318,0.417]
Epoch [52] Training Results: Prec@1 97.992 Prec@5 100.000             Loss 0.06076
Epoch [52] Training Class Recall: [0.970,0.981,0.944,0.956,0.978,0.982,0.989,0.997,0.998,0.997]
Epoch [52] Testing Results: Prec@1 49.720 Prec@5 90.470             Loss 3.53904
Epoch [52] Testing Class Recall: [0.822,0.728,0.697,0.432,0.590,0.357,0.232,0.451,0.358,0.305]
Epoch [53] Training Results: Prec@1 98.084 Prec@5 100.000             Loss 0.05949
Epoch [53] Training Class Recall: [0.969,0.979,0.946,0.964,0.978,0.985,0.992,0.997,0.994,0.999]
Epoch [53] Testing Results: Prec@1 51.120 Prec@5 91.400             Loss 3.19190
Epoch [53] Testing Class Recall: [0.759,0.892,0.743,0.556,0.421,0.466,0.468,0.292,0.196,0.319]
Epoch [54] Training Results: Prec@1 97.844 Prec@5 100.000             Loss 0.06582
Epoch [54] Training Class Recall: [0.973,0.981,0.946,0.955,0.973,0.977,0.985,0.995,0.997,0.996]
Epoch [54] Testing Results: Prec@1 49.300 Prec@5 91.100             Loss 3.41326
Epoch [54] Testing Class Recall: [0.822,0.781,0.693,0.627,0.437,0.197,0.558,0.191,0.347,0.277]
Epoch [55] Training Results: Prec@1 98.072 Prec@5 99.992             Loss 0.05816
Epoch [55] Training Class Recall: [0.973,0.984,0.947,0.960,0.978,0.983,0.989,0.991,0.998,0.997]
Epoch [55] Testing Results: Prec@1 49.740 Prec@5 92.310             Loss 3.43248
Epoch [55] Testing Class Recall: [0.667,0.749,0.724,0.682,0.518,0.327,0.221,0.357,0.421,0.308]
Epoch [56] Training Results: Prec@1 98.108 Prec@5 99.996             Loss 0.05709
Epoch [56] Training Class Recall: [0.975,0.979,0.945,0.964,0.978,0.986,0.989,0.994,0.997,0.998]
Epoch [56] Testing Results: Prec@1 46.240 Prec@5 88.000             Loss 3.73050
Epoch [56] Testing Class Recall: [0.725,0.927,0.741,0.262,0.644,0.228,0.314,0.277,0.208,0.298]
Epoch [57] Training Results: Prec@1 97.584 Prec@5 100.000             Loss 0.07375
Epoch [57] Training Class Recall: [0.968,0.976,0.937,0.949,0.976,0.979,0.985,0.992,0.994,0.996]
Epoch [57] Testing Results: Prec@1 53.050 Prec@5 90.720             Loss 2.66513
Epoch [57] Testing Class Recall: [0.758,0.804,0.540,0.430,0.632,0.313,0.444,0.490,0.647,0.247]
Epoch [58] Training Results: Prec@1 97.908 Prec@5 99.996             Loss 0.06125
Epoch [58] Training Class Recall: [0.968,0.983,0.943,0.960,0.970,0.980,0.992,0.993,0.997,0.999]
Epoch [58] Testing Results: Prec@1 52.310 Prec@5 91.630             Loss 3.24052
Epoch [58] Testing Class Recall: [0.728,0.884,0.716,0.626,0.660,0.306,0.360,0.446,0.358,0.147]
Epoch [59] Training Results: Prec@1 98.768 Prec@5 100.000             Loss 0.03783
Epoch [59] Training Class Recall: [0.978,0.987,0.959,0.980,0.986,0.991,0.996,0.997,0.999,0.999]
Epoch [59] Testing Results: Prec@1 49.970 Prec@5 91.590             Loss 3.52191
Epoch [59] Testing Class Recall: [0.796,0.909,0.792,0.392,0.584,0.258,0.478,0.428,0.217,0.143]
Epoch [60] Training Results: Prec@1 98.100 Prec@5 100.000             Loss 0.05504
Epoch [60] Training Class Recall: [0.976,0.983,0.947,0.962,0.980,0.983,0.986,0.995,0.996,0.997]
Epoch [60] Testing Results: Prec@1 51.710 Prec@5 91.790             Loss 3.04137
Epoch [60] Testing Class Recall: [0.802,0.853,0.574,0.566,0.596,0.333,0.461,0.598,0.217,0.171]
Epoch [61] Training Results: Prec@1 98.472 Prec@5 100.000             Loss 0.04848
Epoch [61] Training Class Recall: [0.975,0.983,0.960,0.969,0.983,0.989,0.992,0.997,0.997,0.998]
Epoch [61] Testing Results: Prec@1 47.690 Prec@5 90.560             Loss 3.86785
Epoch [61] Testing Class Recall: [0.825,0.826,0.791,0.361,0.672,0.408,0.486,0.274,0.100,0.026]
Epoch [62] Training Results: Prec@1 97.860 Prec@5 99.992             Loss 0.06605
Epoch [62] Training Class Recall: [0.972,0.980,0.945,0.955,0.979,0.983,0.988,0.990,0.996,0.992]
Epoch [62] Testing Results: Prec@1 52.140 Prec@5 90.960             Loss 3.02731
Epoch [62] Testing Class Recall: [0.679,0.934,0.447,0.634,0.747,0.273,0.293,0.287,0.602,0.318]
Epoch [63] Training Results: Prec@1 98.340 Prec@5 99.996             Loss 0.05088
Epoch [63] Training Class Recall: [0.975,0.988,0.950,0.965,0.981,0.984,0.994,0.995,0.998,0.999]
Epoch [63] Testing Results: Prec@1 51.300 Prec@5 91.490             Loss 3.12647
Epoch [63] Testing Class Recall: [0.822,0.915,0.422,0.548,0.788,0.397,0.281,0.385,0.225,0.347]
Epoch [64] Training Results: Prec@1 98.236 Prec@5 100.000             Loss 0.05492
Epoch [64] Training Class Recall: [0.976,0.986,0.953,0.962,0.976,0.983,0.991,0.995,0.998,0.998]
Epoch [64] Testing Results: Prec@1 46.630 Prec@5 90.650             Loss 3.62000
Epoch [64] Testing Class Recall: [0.815,0.808,0.636,0.229,0.746,0.493,0.248,0.331,0.149,0.208]
Epoch [65] Training Results: Prec@1 97.968 Prec@5 100.000             Loss 0.06187
Epoch [65] Training Class Recall: [0.971,0.980,0.947,0.953,0.979,0.983,0.986,0.998,0.998,0.996]
Epoch [65] Testing Results: Prec@1 46.960 Prec@5 90.810             Loss 3.83968
Epoch [65] Testing Class Recall: [0.803,0.770,0.765,0.373,0.779,0.287,0.239,0.205,0.184,0.291]
Epoch [66] Training Results: Prec@1 98.112 Prec@5 100.000             Loss 0.05716
Epoch [66] Training Class Recall: [0.974,0.981,0.949,0.964,0.978,0.984,0.986,0.995,0.998,0.998]
Epoch [66] Testing Results: Prec@1 53.040 Prec@5 91.070             Loss 3.07584
Epoch [66] Testing Class Recall: [0.789,0.935,0.609,0.591,0.720,0.494,0.429,0.288,0.368,0.081]
Epoch [67] Training Results: Prec@1 98.536 Prec@5 99.996             Loss 0.04584
Epoch [67] Training Class Recall: [0.978,0.983,0.958,0.970,0.988,0.989,0.994,0.995,0.996,0.997]
Epoch [67] Testing Results: Prec@1 52.170 Prec@5 90.730             Loss 3.19418
Epoch [67] Testing Class Recall: [0.694,0.937,0.688,0.598,0.761,0.301,0.301,0.285,0.383,0.269]
Epoch [68] Training Results: Prec@1 98.160 Prec@5 100.000             Loss 0.05483
Epoch [68] Training Class Recall: [0.970,0.981,0.948,0.967,0.978,0.984,0.992,0.992,0.999,0.999]
Epoch [68] Testing Results: Prec@1 50.460 Prec@5 89.880             Loss 3.50214
Epoch [68] Testing Class Recall: [0.815,0.847,0.713,0.490,0.609,0.339,0.471,0.501,0.198,0.063]
Epoch [69] Training Results: Prec@1 98.724 Prec@5 100.000             Loss 0.03889
Epoch [69] Training Class Recall: [0.979,0.989,0.963,0.974,0.987,0.989,0.993,0.997,0.998,0.999]
Epoch [69] Testing Results: Prec@1 53.990 Prec@5 91.640             Loss 3.04734
Epoch [69] Testing Class Recall: [0.625,0.832,0.725,0.461,0.712,0.532,0.413,0.277,0.453,0.369]
Epoch [70] Training Results: Prec@1 98.312 Prec@5 99.992             Loss 0.05254
Epoch [70] Training Class Recall: [0.974,0.981,0.954,0.968,0.983,0.984,0.994,0.995,0.999,0.994]
Epoch [70] Testing Results: Prec@1 51.190 Prec@5 90.550             Loss 3.09385
Epoch [70] Testing Class Recall: [0.762,0.824,0.784,0.456,0.440,0.289,0.626,0.419,0.328,0.191]
Epoch [71] Training Results: Prec@1 98.464 Prec@5 100.000             Loss 0.04664
Epoch [71] Training Class Recall: [0.978,0.983,0.953,0.973,0.983,0.989,0.992,0.995,0.997,0.999]
Epoch [71] Testing Results: Prec@1 47.260 Prec@5 89.700             Loss 4.16389
Epoch [71] Testing Class Recall: [0.717,0.827,0.635,0.558,0.849,0.295,0.220,0.203,0.191,0.231]
Epoch [72] Training Results: Prec@1 98.120 Prec@5 99.988             Loss 0.05695
Epoch [72] Training Class Recall: [0.976,0.985,0.955,0.962,0.978,0.973,0.988,0.995,0.998,0.998]
Epoch [72] Testing Results: Prec@1 49.620 Prec@5 91.640             Loss 3.32908
Epoch [72] Testing Class Recall: [0.848,0.819,0.536,0.631,0.522,0.491,0.318,0.498,0.150,0.149]
Epoch [73] Training Results: Prec@1 98.088 Prec@5 100.000             Loss 0.05629
Epoch [73] Training Class Recall: [0.977,0.986,0.948,0.957,0.978,0.983,0.989,0.990,0.996,1.000]
Epoch [73] Testing Results: Prec@1 48.910 Prec@5 90.590             Loss 3.39978
Epoch [73] Testing Class Recall: [0.823,0.898,0.626,0.382,0.583,0.564,0.157,0.300,0.356,0.202]
Epoch [74] Training Results: Prec@1 97.988 Prec@5 100.000             Loss 0.06244
Epoch [74] Training Class Recall: [0.971,0.981,0.950,0.959,0.981,0.982,0.988,0.996,0.991,0.996]
Epoch [74] Testing Results: Prec@1 53.980 Prec@5 92.420             Loss 3.04259
Epoch [74] Testing Class Recall: [0.787,0.824,0.532,0.691,0.726,0.351,0.382,0.240,0.523,0.342]
Epoch [75] Training Results: Prec@1 98.940 Prec@5 100.000             Loss 0.03349
Epoch [75] Training Class Recall: [0.983,0.992,0.967,0.978,0.990,0.990,0.997,0.996,0.998,1.000]
Epoch [75] Testing Results: Prec@1 52.300 Prec@5 91.380             Loss 3.33452
Epoch [75] Testing Class Recall: [0.799,0.934,0.782,0.601,0.478,0.259,0.308,0.363,0.502,0.204]
Epoch [76] Training Results: Prec@1 98.624 Prec@5 99.996             Loss 0.04079
Epoch [76] Training Class Recall: [0.981,0.987,0.959,0.967,0.986,0.988,0.995,0.998,0.999,0.999]
Epoch [76] Testing Results: Prec@1 51.230 Prec@5 91.040             Loss 3.29464
Epoch [76] Testing Class Recall: [0.796,0.862,0.568,0.677,0.721,0.242,0.474,0.384,0.254,0.145]
Epoch [77] Training Results: Prec@1 98.740 Prec@5 100.000             Loss 0.03974
Epoch [77] Training Class Recall: [0.980,0.990,0.965,0.975,0.986,0.991,0.991,0.994,0.998,0.999]
Epoch [77] Testing Results: Prec@1 53.080 Prec@5 91.360             Loss 2.91205
Epoch [77] Testing Class Recall: [0.817,0.929,0.694,0.574,0.567,0.428,0.284,0.393,0.455,0.167]
Epoch [78] Training Results: Prec@1 97.992 Prec@5 100.000             Loss 0.05914
Epoch [78] Training Class Recall: [0.974,0.982,0.943,0.957,0.975,0.983,0.991,0.995,0.996,0.997]
Epoch [78] Testing Results: Prec@1 50.980 Prec@5 90.550             Loss 3.29101
Epoch [78] Testing Class Recall: [0.815,0.926,0.506,0.314,0.754,0.600,0.111,0.378,0.235,0.459]
Epoch [79] Training Results: Prec@1 98.180 Prec@5 99.992             Loss 0.05478
Epoch [79] Training Class Recall: [0.974,0.986,0.954,0.962,0.974,0.984,0.993,0.990,0.998,0.998]
Epoch [79] Testing Results: Prec@1 47.310 Prec@5 89.260             Loss 3.97615
Epoch [79] Testing Class Recall: [0.710,0.877,0.730,0.639,0.595,0.390,0.187,0.237,0.310,0.056]
Epoch [80] Training Results: Prec@1 98.408 Prec@5 99.996             Loss 0.04679
Epoch [80] Training Class Recall: [0.974,0.985,0.951,0.968,0.988,0.986,0.991,0.995,0.999,0.998]
Epoch [80] Testing Results: Prec@1 48.580 Prec@5 90.590             Loss 3.57283
Epoch [80] Testing Class Recall: [0.834,0.910,0.759,0.453,0.681,0.270,0.386,0.362,0.103,0.100]
Epoch [81] Training Results: Prec@1 98.292 Prec@5 99.992             Loss 0.05043
Epoch [81] Training Class Recall: [0.981,0.979,0.959,0.960,0.978,0.988,0.989,0.995,0.998,0.999]
Epoch [81] Testing Results: Prec@1 50.080 Prec@5 91.780             Loss 3.44929
Epoch [81] Testing Class Recall: [0.778,0.950,0.762,0.561,0.721,0.351,0.221,0.232,0.328,0.104]
Epoch [82] Training Results: Prec@1 98.408 Prec@5 99.996             Loss 0.04805
Epoch [82] Training Class Recall: [0.974,0.983,0.956,0.967,0.984,0.985,0.993,0.996,0.998,0.999]
Epoch [82] Testing Results: Prec@1 48.520 Prec@5 90.460             Loss 3.72181
Epoch [82] Testing Class Recall: [0.847,0.956,0.779,0.433,0.378,0.319,0.281,0.470,0.238,0.151]
Epoch [83] Training Results: Prec@1 98.124 Prec@5 99.996             Loss 0.05686
Epoch [83] Training Class Recall: [0.972,0.985,0.951,0.962,0.977,0.982,0.991,0.996,0.997,0.995]
Epoch [83] Testing Results: Prec@1 55.080 Prec@5 92.310             Loss 2.63737
Epoch [83] Testing Class Recall: [0.794,0.828,0.736,0.420,0.557,0.584,0.511,0.401,0.227,0.450]
Epoch [84] Training Results: Prec@1 98.348 Prec@5 100.000             Loss 0.05305
Epoch [84] Training Class Recall: [0.975,0.983,0.958,0.968,0.985,0.986,0.992,0.992,0.996,0.995]
Epoch [84] Testing Results: Prec@1 45.470 Prec@5 88.150             Loss 4.01736
Epoch [84] Testing Class Recall: [0.890,0.878,0.728,0.183,0.685,0.251,0.346,0.131,0.234,0.221]
Epoch [85] Training Results: Prec@1 97.940 Prec@5 99.988             Loss 0.06415
Epoch [85] Training Class Recall: [0.973,0.983,0.945,0.957,0.972,0.980,0.988,0.994,0.997,0.998]
Epoch [85] Testing Results: Prec@1 47.800 Prec@5 90.140             Loss 3.57652
Epoch [85] Testing Class Recall: [0.714,0.761,0.849,0.608,0.494,0.283,0.347,0.249,0.240,0.235]
Epoch [86] Training Results: Prec@1 98.540 Prec@5 100.000             Loss 0.04295
Epoch [86] Training Class Recall: [0.979,0.985,0.962,0.970,0.983,0.986,0.993,0.995,0.998,0.998]
Epoch [86] Testing Results: Prec@1 52.150 Prec@5 91.740             Loss 3.26882
Epoch [86] Testing Class Recall: [0.789,0.918,0.735,0.432,0.627,0.388,0.435,0.358,0.367,0.166]
Epoch [87] Training Results: Prec@1 98.712 Prec@5 99.996             Loss 0.03955
Epoch [87] Training Class Recall: [0.980,0.989,0.966,0.975,0.987,0.985,0.993,0.996,0.997,0.999]
Epoch [87] Testing Results: Prec@1 49.710 Prec@5 90.440             Loss 3.46245
Epoch [87] Testing Class Recall: [0.795,0.752,0.628,0.418,0.779,0.548,0.327,0.302,0.123,0.299]
Epoch [88] Training Results: Prec@1 98.688 Prec@5 99.996             Loss 0.04292
Epoch [88] Training Class Recall: [0.979,0.985,0.963,0.974,0.986,0.991,0.995,0.995,0.998,0.998]
Epoch [88] Testing Results: Prec@1 56.250 Prec@5 93.410             Loss 2.58069
Epoch [88] Testing Class Recall: [0.718,0.955,0.557,0.531,0.734,0.527,0.416,0.350,0.528,0.309]
Epoch [89] Training Results: Prec@1 98.484 Prec@5 99.996             Loss 0.04711
Epoch [89] Training Class Recall: [0.976,0.985,0.954,0.972,0.984,0.985,0.993,0.996,0.999,0.999]
Epoch [89] Testing Results: Prec@1 47.380 Prec@5 90.280             Loss 3.62712
Epoch [89] Testing Class Recall: [0.689,0.829,0.859,0.376,0.517,0.320,0.513,0.251,0.253,0.131]
Epoch [90] Training Results: Prec@1 98.620 Prec@5 100.000             Loss 0.04227
Epoch [90] Training Class Recall: [0.979,0.987,0.957,0.973,0.988,0.987,0.993,0.995,0.999,0.999]
Epoch [90] Testing Results: Prec@1 54.190 Prec@5 92.490             Loss 3.07780
Epoch [90] Testing Class Recall: [0.818,0.852,0.687,0.787,0.562,0.325,0.258,0.473,0.281,0.376]
Epoch [91] Training Results: Prec@1 98.708 Prec@5 100.000             Loss 0.03955
Epoch [91] Training Class Recall: [0.981,0.989,0.963,0.974,0.986,0.989,0.993,0.995,0.997,0.999]
Epoch [91] Testing Results: Prec@1 48.730 Prec@5 90.810             Loss 3.58919
Epoch [91] Testing Class Recall: [0.672,0.974,0.798,0.472,0.488,0.236,0.295,0.274,0.505,0.159]
Epoch [92] Training Results: Prec@1 98.656 Prec@5 100.000             Loss 0.04237
Epoch [92] Training Class Recall: [0.978,0.983,0.964,0.972,0.985,0.991,0.995,0.996,0.999,0.998]
Epoch [92] Testing Results: Prec@1 51.860 Prec@5 91.030             Loss 3.26757
Epoch [92] Testing Class Recall: [0.798,0.808,0.741,0.473,0.724,0.384,0.522,0.334,0.277,0.125]
Epoch [93] Training Results: Prec@1 98.316 Prec@5 99.996             Loss 0.05128
Epoch [93] Training Class Recall: [0.977,0.985,0.955,0.966,0.980,0.984,0.991,0.995,0.996,0.998]
Epoch [93] Testing Results: Prec@1 52.570 Prec@5 91.590             Loss 2.97107
Epoch [93] Testing Class Recall: [0.834,0.884,0.674,0.535,0.616,0.458,0.604,0.298,0.217,0.137]
Epoch [94] Training Results: Prec@1 98.844 Prec@5 100.000             Loss 0.03763
Epoch [94] Training Class Recall: [0.982,0.990,0.967,0.977,0.988,0.985,0.996,0.998,0.999,0.999]
Epoch [94] Testing Results: Prec@1 53.030 Prec@5 92.050             Loss 3.21616
Epoch [94] Testing Class Recall: [0.768,0.974,0.699,0.400,0.715,0.447,0.449,0.334,0.412,0.105]
Epoch [95] Training Results: Prec@1 98.632 Prec@5 100.000             Loss 0.04202
Epoch [95] Training Class Recall: [0.979,0.990,0.969,0.964,0.981,0.991,0.992,0.996,0.998,0.998]
Epoch [95] Testing Results: Prec@1 55.090 Prec@5 91.840             Loss 2.94042
Epoch [95] Testing Class Recall: [0.846,0.927,0.660,0.358,0.696,0.441,0.620,0.296,0.585,0.080]
Epoch [96] Training Results: Prec@1 98.296 Prec@5 99.980             Loss 0.05199
Epoch [96] Training Class Recall: [0.978,0.986,0.947,0.967,0.979,0.992,0.987,0.995,0.995,0.998]
Epoch [96] Testing Results: Prec@1 49.490 Prec@5 91.960             Loss 3.35504
Epoch [96] Testing Class Recall: [0.727,0.949,0.634,0.446,0.847,0.397,0.241,0.269,0.251,0.188]
Epoch [97] Training Results: Prec@1 98.304 Prec@5 99.996             Loss 0.05140
Epoch [97] Training Class Recall: [0.980,0.987,0.951,0.965,0.978,0.983,0.991,0.993,0.998,0.998]
Epoch [97] Testing Results: Prec@1 53.200 Prec@5 91.630             Loss 2.50381
Epoch [97] Testing Class Recall: [0.757,0.820,0.714,0.302,0.724,0.332,0.432,0.556,0.293,0.390]
Epoch [98] Training Results: Prec@1 98.160 Prec@5 99.992             Loss 0.05747
Epoch [98] Training Class Recall: [0.975,0.984,0.955,0.960,0.984,0.983,0.988,0.993,0.996,0.995]
Epoch [98] Testing Results: Prec@1 52.390 Prec@5 92.150             Loss 3.03486
Epoch [98] Testing Class Recall: [0.783,0.768,0.650,0.437,0.820,0.395,0.460,0.388,0.344,0.194]
Epoch [99] Training Results: Prec@1 98.196 Prec@5 99.996             Loss 0.05506
Epoch [99] Training Class Recall: [0.978,0.982,0.947,0.960,0.986,0.980,0.991,0.994,0.998,0.998]
Epoch [99] Testing Results: Prec@1 45.010 Prec@5 90.900             Loss 4.34429
Epoch [99] Testing Class Recall: [0.661,0.873,0.921,0.367,0.417,0.351,0.264,0.194,0.249,0.204]
Epoch [100] Training Results: Prec@1 98.868 Prec@5 100.000             Loss 0.03623
Epoch [100] Training Class Recall: [0.985,0.987,0.970,0.972,0.984,0.992,0.995,0.999,0.999,1.000]
Epoch [100] Testing Results: Prec@1 53.330 Prec@5 91.740             Loss 2.95976
Epoch [100] Testing Class Recall: [0.866,0.833,0.641,0.530,0.723,0.271,0.576,0.348,0.347,0.198]
Epoch [101] Training Results: Prec@1 98.828 Prec@5 100.000             Loss 0.03769
Epoch [101] Training Class Recall: [0.981,0.990,0.964,0.980,0.984,0.991,0.996,0.994,0.999,0.999]
Epoch [101] Testing Results: Prec@1 51.140 Prec@5 90.860             Loss 3.58544
Epoch [101] Testing Class Recall: [0.835,0.940,0.637,0.499,0.794,0.343,0.538,0.175,0.187,0.166]
Epoch [102] Training Results: Prec@1 98.728 Prec@5 100.000             Loss 0.03975
Epoch [102] Training Class Recall: [0.978,0.989,0.969,0.973,0.984,0.991,0.993,0.997,0.998,0.998]
Epoch [102] Testing Results: Prec@1 55.580 Prec@5 92.580             Loss 2.75537
Epoch [102] Testing Class Recall: [0.728,0.864,0.768,0.477,0.578,0.408,0.596,0.441,0.232,0.466]
Epoch [103] Training Results: Prec@1 98.240 Prec@5 100.000             Loss 0.05440
Epoch [103] Training Class Recall: [0.975,0.983,0.955,0.960,0.980,0.984,0.990,0.996,0.997,0.999]
Epoch [103] Testing Results: Prec@1 53.710 Prec@5 91.860             Loss 3.13048
Epoch [103] Testing Class Recall: [0.702,0.900,0.701,0.771,0.694,0.290,0.433,0.408,0.409,0.063]
Epoch [104] Training Results: Prec@1 99.036 Prec@5 100.000             Loss 0.03086
Epoch [104] Training Class Recall: [0.983,0.988,0.970,0.984,0.992,0.992,0.997,0.997,0.998,0.999]
Epoch [104] Testing Results: Prec@1 52.700 Prec@5 91.730             Loss 3.05586
Epoch [104] Testing Class Recall: [0.869,0.834,0.669,0.564,0.788,0.281,0.326,0.336,0.394,0.209]
Epoch [105] Training Results: Prec@1 98.472 Prec@5 99.996             Loss 0.04651
Epoch [105] Training Class Recall: [0.979,0.991,0.962,0.968,0.982,0.981,0.993,0.994,0.995,0.998]
Epoch [105] Testing Results: Prec@1 54.780 Prec@5 91.610             Loss 2.67679
Epoch [105] Testing Class Recall: [0.754,0.951,0.758,0.498,0.653,0.256,0.368,0.445,0.564,0.231]
Epoch [106] Training Results: Prec@1 98.344 Prec@5 99.992             Loss 0.05148
Epoch [106] Training Class Recall: [0.980,0.981,0.957,0.965,0.979,0.984,0.994,0.994,0.998,0.997]
Epoch [106] Testing Results: Prec@1 54.660 Prec@5 92.670             Loss 2.76597
Epoch [106] Testing Class Recall: [0.628,0.848,0.640,0.512,0.835,0.403,0.375,0.387,0.574,0.264]
Epoch [107] Training Results: Prec@1 98.928 Prec@5 100.000             Loss 0.03460
Epoch [107] Training Class Recall: [0.980,0.990,0.968,0.979,0.985,0.992,0.997,0.999,0.999,1.000]
Epoch [107] Testing Results: Prec@1 56.540 Prec@5 93.440             Loss 2.54100
Epoch [107] Testing Class Recall: [0.790,0.846,0.622,0.620,0.653,0.574,0.360,0.391,0.419,0.379]
Epoch [108] Training Results: Prec@1 98.796 Prec@5 100.000             Loss 0.03745
Epoch [108] Training Class Recall: [0.985,0.991,0.964,0.974,0.983,0.989,0.995,0.997,0.998,0.999]
Epoch [108] Testing Results: Prec@1 55.310 Prec@5 92.370             Loss 2.88677
Epoch [108] Testing Class Recall: [0.765,0.948,0.660,0.468,0.732,0.386,0.332,0.565,0.456,0.219]
Epoch [109] Training Results: Prec@1 98.732 Prec@5 100.000             Loss 0.03846
Epoch [109] Training Class Recall: [0.979,0.989,0.969,0.972,0.986,0.991,0.994,0.994,0.997,0.999]
Epoch [109] Testing Results: Prec@1 52.020 Prec@5 91.090             Loss 3.39989
Epoch [109] Testing Class Recall: [0.776,0.846,0.671,0.579,0.700,0.266,0.519,0.437,0.092,0.316]
Epoch [110] Training Results: Prec@1 98.000 Prec@5 99.992             Loss 0.05971
Epoch [110] Training Class Recall: [0.970,0.983,0.946,0.962,0.979,0.982,0.991,0.990,0.993,0.998]
Epoch [110] Testing Results: Prec@1 55.050 Prec@5 92.620             Loss 2.79109
Epoch [110] Testing Class Recall: [0.804,0.945,0.680,0.421,0.749,0.424,0.582,0.330,0.397,0.173]
Epoch [111] Training Results: Prec@1 98.132 Prec@5 100.000             Loss 0.05452
Epoch [111] Training Class Recall: [0.974,0.985,0.953,0.957,0.979,0.982,0.987,0.995,0.998,0.998]
Epoch [111] Testing Results: Prec@1 50.380 Prec@5 89.590             Loss 3.42878
Epoch [111] Testing Class Recall: [0.800,0.924,0.725,0.548,0.737,0.199,0.295,0.293,0.401,0.116]
Epoch [112] Training Results: Prec@1 98.584 Prec@5 100.000             Loss 0.04293
Epoch [112] Training Class Recall: [0.980,0.988,0.957,0.972,0.981,0.989,0.993,0.997,0.999,0.998]
Epoch [112] Testing Results: Prec@1 49.500 Prec@5 89.790             Loss 3.53520
Epoch [112] Testing Class Recall: [0.746,0.838,0.797,0.590,0.693,0.229,0.379,0.347,0.212,0.119]
Epoch [113] Training Results: Prec@1 98.760 Prec@5 99.996             Loss 0.03893
Epoch [113] Training Class Recall: [0.982,0.985,0.970,0.977,0.988,0.987,0.994,0.997,0.996,0.998]
Epoch [113] Testing Results: Prec@1 48.710 Prec@5 91.720             Loss 3.41556
Epoch [113] Testing Class Recall: [0.890,0.824,0.742,0.373,0.531,0.328,0.347,0.390,0.219,0.227]
Epoch [114] Training Results: Prec@1 98.612 Prec@5 99.992             Loss 0.04081
Epoch [114] Training Class Recall: [0.983,0.983,0.961,0.972,0.982,0.990,0.995,0.995,0.998,0.999]
Epoch [114] Testing Results: Prec@1 54.490 Prec@5 92.720             Loss 2.97843
Epoch [114] Testing Class Recall: [0.714,0.771,0.730,0.392,0.648,0.605,0.705,0.220,0.253,0.411]
Epoch [115] Training Results: Prec@1 98.772 Prec@5 100.000             Loss 0.03866
Epoch [115] Training Class Recall: [0.981,0.987,0.966,0.972,0.990,0.990,0.993,0.998,0.997,1.000]
Epoch [115] Testing Results: Prec@1 56.360 Prec@5 93.590             Loss 2.46194
Epoch [115] Testing Class Recall: [0.775,0.880,0.565,0.512,0.787,0.539,0.369,0.552,0.337,0.320]
Epoch [116] Training Results: Prec@1 98.344 Prec@5 100.000             Loss 0.05331
Epoch [116] Training Class Recall: [0.978,0.987,0.955,0.966,0.987,0.981,0.987,0.995,0.995,0.999]
Epoch [116] Testing Results: Prec@1 51.200 Prec@5 89.760             Loss 3.32525
Epoch [116] Testing Class Recall: [0.860,0.861,0.719,0.723,0.358,0.182,0.180,0.377,0.313,0.547]
Epoch [117] Training Results: Prec@1 98.820 Prec@5 99.996             Loss 0.03685
Epoch [117] Training Class Recall: [0.981,0.989,0.966,0.979,0.988,0.991,0.991,0.996,0.998,1.000]
Epoch [117] Testing Results: Prec@1 52.670 Prec@5 91.050             Loss 2.93475
Epoch [117] Testing Class Recall: [0.847,0.871,0.537,0.578,0.759,0.359,0.376,0.367,0.310,0.263]
Epoch [118] Training Results: Prec@1 98.268 Prec@5 99.996             Loss 0.05325
Epoch [118] Training Class Recall: [0.978,0.982,0.955,0.963,0.977,0.982,0.994,0.993,0.999,0.999]
Epoch [118] Testing Results: Prec@1 54.680 Prec@5 92.770             Loss 2.90277
Epoch [118] Testing Class Recall: [0.836,0.894,0.717,0.571,0.699,0.309,0.551,0.297,0.333,0.261]
Epoch [119] Training Results: Prec@1 98.856 Prec@5 99.996             Loss 0.03541
Epoch [119] Training Class Recall: [0.981,0.991,0.967,0.979,0.988,0.991,0.992,0.995,0.998,1.000]
Epoch [119] Testing Results: Prec@1 55.110 Prec@5 92.900             Loss 2.90260
Epoch [119] Testing Class Recall: [0.742,0.952,0.719,0.686,0.588,0.472,0.426,0.279,0.474,0.173]
Epoch [120] Training Results: Prec@1 98.156 Prec@5 99.996             Loss 0.05604
Epoch [120] Training Class Recall: [0.975,0.983,0.955,0.960,0.979,0.981,0.991,0.992,0.997,0.997]
Epoch [120] Testing Results: Prec@1 53.970 Prec@5 91.670             Loss 3.03793
Epoch [120] Testing Class Recall: [0.885,0.914,0.662,0.550,0.704,0.389,0.527,0.188,0.228,0.350]
Epoch [121] Training Results: Prec@1 98.788 Prec@5 99.992             Loss 0.03869
Epoch [121] Training Class Recall: [0.982,0.989,0.966,0.973,0.985,0.989,0.995,0.998,0.999,0.999]
Epoch [121] Testing Results: Prec@1 53.850 Prec@5 91.770             Loss 2.71781
Epoch [121] Testing Class Recall: [0.782,0.851,0.549,0.656,0.738,0.389,0.564,0.380,0.177,0.299]
Epoch [122] Training Results: Prec@1 98.852 Prec@5 99.992             Loss 0.03741
Epoch [122] Training Class Recall: [0.983,0.993,0.971,0.973,0.984,0.993,0.994,0.995,0.998,0.998]
Epoch [122] Testing Results: Prec@1 54.050 Prec@5 92.380             Loss 2.95503
Epoch [122] Testing Class Recall: [0.794,0.908,0.785,0.595,0.608,0.382,0.487,0.325,0.195,0.326]
Epoch [123] Training Results: Prec@1 98.884 Prec@5 99.996             Loss 0.03385
Epoch [123] Training Class Recall: [0.986,0.989,0.965,0.977,0.989,0.989,0.995,0.997,0.999,0.998]
Epoch [123] Testing Results: Prec@1 57.400 Prec@5 91.950             Loss 2.74012
Epoch [123] Testing Class Recall: [0.781,0.857,0.723,0.583,0.742,0.229,0.480,0.232,0.550,0.563]
Epoch [124] Training Results: Prec@1 98.340 Prec@5 99.992             Loss 0.04915
Epoch [124] Training Class Recall: [0.980,0.990,0.957,0.967,0.978,0.984,0.989,0.990,0.996,0.998]
Epoch [124] Testing Results: Prec@1 45.720 Prec@5 92.050             Loss 4.49874
Epoch [124] Testing Class Recall: [0.795,0.707,0.914,0.257,0.408,0.120,0.308,0.317,0.268,0.478]
Epoch [125] Training Results: Prec@1 98.044 Prec@5 99.996             Loss 0.05904
Epoch [125] Training Class Recall: [0.972,0.983,0.949,0.962,0.980,0.979,0.989,0.993,0.995,0.997]
Epoch [125] Testing Results: Prec@1 51.150 Prec@5 91.620             Loss 3.46657
Epoch [125] Testing Class Recall: [0.806,0.824,0.714,0.556,0.797,0.360,0.408,0.261,0.273,0.116]
Epoch [126] Training Results: Prec@1 99.084 Prec@5 100.000             Loss 0.02981
Epoch [126] Training Class Recall: [0.984,0.988,0.978,0.980,0.992,0.993,0.995,0.999,0.998,0.999]
Epoch [126] Testing Results: Prec@1 54.780 Prec@5 93.290             Loss 2.91702
Epoch [126] Testing Class Recall: [0.780,0.928,0.727,0.705,0.482,0.255,0.563,0.377,0.552,0.109]
Epoch [127] Training Results: Prec@1 98.900 Prec@5 99.988             Loss 0.03478
Epoch [127] Training Class Recall: [0.981,0.993,0.966,0.978,0.987,0.989,0.997,0.997,0.998,0.999]
Epoch [127] Testing Results: Prec@1 54.350 Prec@5 92.360             Loss 2.83351
Epoch [127] Testing Class Recall: [0.795,0.920,0.653,0.415,0.779,0.351,0.559,0.512,0.268,0.183]
Epoch [128] Training Results: Prec@1 98.532 Prec@5 99.996             Loss 0.04583
Epoch [128] Training Class Recall: [0.979,0.988,0.959,0.970,0.983,0.987,0.992,0.993,0.998,0.998]
Epoch [128] Testing Results: Prec@1 55.310 Prec@5 92.270             Loss 2.77633
Epoch [128] Testing Class Recall: [0.771,0.904,0.605,0.601,0.705,0.229,0.305,0.459,0.546,0.406]
Epoch [129] Training Results: Prec@1 98.352 Prec@5 99.996             Loss 0.05008
Epoch [129] Training Class Recall: [0.976,0.988,0.963,0.962,0.980,0.984,0.990,0.993,0.996,0.999]
Epoch [129] Testing Results: Prec@1 54.060 Prec@5 91.800             Loss 2.87838
Epoch [129] Testing Class Recall: [0.784,0.930,0.640,0.532,0.804,0.427,0.506,0.395,0.329,0.059]
Epoch [130] Training Results: Prec@1 99.276 Prec@5 100.000             Loss 0.02481
Epoch [130] Training Class Recall: [0.988,0.992,0.977,0.987,0.991,0.994,0.998,0.999,0.999,0.999]
Epoch [130] Testing Results: Prec@1 57.490 Prec@5 93.730             Loss 2.55707
Epoch [130] Testing Class Recall: [0.753,0.844,0.643,0.569,0.821,0.412,0.517,0.366,0.479,0.345]
Epoch [131] Training Results: Prec@1 98.704 Prec@5 100.000             Loss 0.03972
Epoch [131] Training Class Recall: [0.978,0.987,0.960,0.975,0.990,0.984,0.994,0.997,1.000,1.000]
Epoch [131] Testing Results: Prec@1 51.440 Prec@5 92.000             Loss 3.33631
Epoch [131] Testing Class Recall: [0.768,0.905,0.781,0.466,0.740,0.409,0.436,0.252,0.247,0.140]
Epoch [132] Training Results: Prec@1 98.888 Prec@5 100.000             Loss 0.03662
Epoch [132] Training Class Recall: [0.983,0.992,0.966,0.981,0.985,0.990,0.993,0.997,0.999,0.999]
Epoch [132] Testing Results: Prec@1 49.730 Prec@5 89.920             Loss 3.40650
Epoch [132] Testing Class Recall: [0.824,0.795,0.742,0.466,0.566,0.188,0.634,0.339,0.241,0.178]
Epoch [133] Training Results: Prec@1 98.084 Prec@5 100.000             Loss 0.05950
Epoch [133] Training Class Recall: [0.975,0.985,0.952,0.957,0.980,0.981,0.991,0.993,0.992,0.996]
Epoch [133] Testing Results: Prec@1 52.220 Prec@5 90.710             Loss 3.07555
Epoch [133] Testing Class Recall: [0.777,0.889,0.633,0.505,0.778,0.355,0.389,0.135,0.595,0.166]
Epoch [134] Training Results: Prec@1 98.736 Prec@5 99.996             Loss 0.03861
Epoch [134] Training Class Recall: [0.981,0.986,0.966,0.975,0.986,0.986,0.992,0.998,0.999,0.999]
Epoch [134] Testing Results: Prec@1 51.690 Prec@5 93.020             Loss 3.40562
Epoch [134] Testing Class Recall: [0.772,0.828,0.624,0.724,0.818,0.143,0.380,0.265,0.285,0.330]
Epoch [135] Training Results: Prec@1 98.612 Prec@5 99.996             Loss 0.04314
Epoch [135] Training Class Recall: [0.983,0.987,0.965,0.971,0.986,0.980,0.994,0.995,0.997,0.999]
Epoch [135] Testing Results: Prec@1 54.730 Prec@5 93.510             Loss 2.72517
Epoch [135] Testing Class Recall: [0.830,0.922,0.703,0.533,0.700,0.389,0.466,0.395,0.282,0.253]
Epoch [136] Training Results: Prec@1 98.752 Prec@5 100.000             Loss 0.03947
Epoch [136] Training Class Recall: [0.983,0.985,0.966,0.973,0.989,0.989,0.994,0.998,0.996,0.998]
Epoch [136] Testing Results: Prec@1 53.530 Prec@5 91.550             Loss 3.38391
Epoch [136] Testing Class Recall: [0.724,0.874,0.762,0.616,0.802,0.350,0.398,0.313,0.342,0.172]
Epoch [137] Training Results: Prec@1 98.748 Prec@5 99.996             Loss 0.03793
Epoch [137] Training Class Recall: [0.982,0.989,0.963,0.976,0.983,0.990,0.995,0.995,0.999,0.999]
Epoch [137] Testing Results: Prec@1 50.940 Prec@5 92.140             Loss 3.41761
Epoch [137] Testing Class Recall: [0.810,0.878,0.436,0.773,0.859,0.321,0.342,0.280,0.212,0.183]
Epoch [138] Training Results: Prec@1 98.988 Prec@5 100.000             Loss 0.03117
Epoch [138] Training Class Recall: [0.986,0.988,0.972,0.979,0.988,0.990,0.998,0.998,0.999,0.998]
Epoch [138] Testing Results: Prec@1 57.600 Prec@5 94.340             Loss 2.42083
Epoch [138] Testing Class Recall: [0.717,0.898,0.670,0.368,0.805,0.619,0.319,0.520,0.574,0.270]
Epoch [139] Training Results: Prec@1 98.376 Prec@5 99.992             Loss 0.04727
Epoch [139] Training Class Recall: [0.976,0.984,0.955,0.969,0.984,0.983,0.992,0.994,0.997,0.999]
Epoch [139] Testing Results: Prec@1 54.210 Prec@5 92.820             Loss 2.88219
Epoch [139] Testing Class Recall: [0.798,0.750,0.803,0.578,0.623,0.350,0.322,0.455,0.432,0.310]
Epoch [140] Training Results: Prec@1 98.380 Prec@5 99.996             Loss 0.04982
Epoch [140] Training Class Recall: [0.977,0.979,0.957,0.969,0.982,0.990,0.990,0.994,0.998,0.998]
Epoch [140] Testing Results: Prec@1 52.030 Prec@5 90.390             Loss 3.23644
Epoch [140] Testing Class Recall: [0.794,0.837,0.724,0.451,0.843,0.370,0.475,0.233,0.382,0.094]
Epoch [141] Training Results: Prec@1 98.528 Prec@5 99.992             Loss 0.04451
Epoch [141] Training Class Recall: [0.978,0.986,0.952,0.975,0.986,0.987,0.989,0.997,0.998,0.999]
Epoch [141] Testing Results: Prec@1 52.700 Prec@5 92.470             Loss 3.11885
Epoch [141] Testing Class Recall: [0.855,0.780,0.486,0.652,0.568,0.558,0.600,0.448,0.073,0.250]
Epoch [142] Training Results: Prec@1 99.224 Prec@5 100.000             Loss 0.02586
Epoch [142] Training Class Recall: [0.987,0.996,0.975,0.983,0.993,0.989,0.998,0.998,1.000,1.000]
Epoch [142] Testing Results: Prec@1 52.400 Prec@5 91.610             Loss 3.21122
Epoch [142] Testing Class Recall: [0.879,0.909,0.680,0.552,0.656,0.318,0.489,0.303,0.343,0.111]
Epoch [143] Training Results: Prec@1 99.532 Prec@5 100.000             Loss 0.01645
Epoch [143] Training Class Recall: [0.992,0.993,0.986,0.991,0.997,0.998,0.998,1.000,0.999,0.999]
Epoch [143] Testing Results: Prec@1 55.060 Prec@5 93.640             Loss 2.88598
Epoch [143] Testing Class Recall: [0.861,0.909,0.630,0.517,0.774,0.453,0.549,0.332,0.335,0.146]
Epoch [144] Training Results: Prec@1 98.792 Prec@5 100.000             Loss 0.03836
Epoch [144] Training Class Recall: [0.982,0.991,0.968,0.973,0.986,0.989,0.995,0.994,0.998,0.999]
Epoch [144] Testing Results: Prec@1 53.760 Prec@5 92.650             Loss 2.79607
Epoch [144] Testing Class Recall: [0.843,0.804,0.460,0.619,0.723,0.362,0.597,0.285,0.346,0.337]
Epoch [145] Training Results: Prec@1 98.412 Prec@5 99.996             Loss 0.04745
Epoch [145] Training Class Recall: [0.979,0.982,0.963,0.965,0.985,0.984,0.991,0.993,0.998,0.996]
Epoch [145] Testing Results: Prec@1 46.910 Prec@5 91.350             Loss 3.81063
Epoch [145] Testing Class Recall: [0.859,0.922,0.735,0.360,0.395,0.447,0.399,0.374,0.161,0.039]
Epoch [146] Training Results: Prec@1 97.772 Prec@5 99.996             Loss 0.06956
Epoch [146] Training Class Recall: [0.973,0.976,0.946,0.958,0.972,0.980,0.988,0.992,0.996,0.993]
Epoch [146] Testing Results: Prec@1 50.670 Prec@5 90.630             Loss 3.20059
Epoch [146] Testing Class Recall: [0.845,0.882,0.734,0.508,0.615,0.452,0.423,0.234,0.298,0.076]
Epoch [147] Training Results: Prec@1 99.036 Prec@5 99.996             Loss 0.03106
Epoch [147] Training Class Recall: [0.986,0.995,0.973,0.978,0.990,0.991,0.993,0.997,0.999,1.000]
Epoch [147] Testing Results: Prec@1 56.880 Prec@5 92.450             Loss 2.71981
Epoch [147] Testing Class Recall: [0.747,0.889,0.801,0.576,0.632,0.403,0.610,0.291,0.506,0.233]
Epoch [148] Training Results: Prec@1 98.976 Prec@5 100.000             Loss 0.03397
Epoch [148] Training Class Recall: [0.984,0.988,0.969,0.978,0.991,0.992,0.997,0.997,0.999,0.999]
Epoch [148] Testing Results: Prec@1 54.440 Prec@5 92.420             Loss 3.04312
Epoch [148] Testing Class Recall: [0.776,0.972,0.655,0.766,0.558,0.306,0.501,0.329,0.445,0.136]
Epoch [149] Training Results: Prec@1 98.568 Prec@5 99.996             Loss 0.04398
Epoch [149] Training Class Recall: [0.979,0.984,0.962,0.972,0.985,0.990,0.990,0.994,0.998,0.999]
Epoch [149] Testing Results: Prec@1 55.650 Prec@5 92.570             Loss 2.57403
Epoch [149] Testing Class Recall: [0.718,0.898,0.721,0.668,0.695,0.348,0.518,0.456,0.368,0.175]
Epoch [150] Training Results: Prec@1 98.840 Prec@5 100.000             Loss 0.03443
Epoch [150] Training Class Recall: [0.985,0.992,0.969,0.975,0.986,0.988,0.994,0.995,0.999,0.999]
Epoch [150] Testing Results: Prec@1 53.590 Prec@5 92.140             Loss 3.18149
Epoch [150] Testing Class Recall: [0.814,0.880,0.822,0.559,0.570,0.396,0.472,0.242,0.205,0.399]
Epoch [151] Training Results: Prec@1 98.300 Prec@5 100.000             Loss 0.05337
Epoch [151] Training Class Recall: [0.979,0.986,0.954,0.966,0.982,0.984,0.984,0.994,0.996,1.000]
Epoch [151] Testing Results: Prec@1 54.200 Prec@5 92.580             Loss 3.18113
Epoch [151] Testing Class Recall: [0.728,0.876,0.809,0.454,0.771,0.366,0.420,0.327,0.189,0.480]
Epoch [152] Training Results: Prec@1 98.768 Prec@5 99.992             Loss 0.03852
Epoch [152] Training Class Recall: [0.978,0.990,0.964,0.973,0.988,0.991,0.995,0.995,0.998,0.999]
Epoch [152] Testing Results: Prec@1 47.100 Prec@5 91.280             Loss 3.63039
Epoch [152] Testing Class Recall: [0.842,0.787,0.737,0.274,0.711,0.390,0.502,0.202,0.191,0.074]
Epoch [153] Training Results: Prec@1 99.004 Prec@5 100.000             Loss 0.03246
Epoch [153] Training Class Recall: [0.986,0.987,0.973,0.982,0.990,0.993,0.993,0.998,0.998,0.998]
Epoch [153] Testing Results: Prec@1 55.260 Prec@5 92.880             Loss 2.84602
Epoch [153] Testing Class Recall: [0.860,0.959,0.745,0.584,0.608,0.345,0.376,0.532,0.350,0.167]
Epoch [154] Training Results: Prec@1 98.564 Prec@5 99.996             Loss 0.04442
Epoch [154] Training Class Recall: [0.983,0.989,0.962,0.968,0.980,0.984,0.993,0.997,0.999,0.999]
Epoch [154] Testing Results: Prec@1 57.100 Prec@5 93.710             Loss 2.50659
Epoch [154] Testing Class Recall: [0.797,0.895,0.569,0.554,0.731,0.534,0.454,0.446,0.281,0.449]
Epoch [155] Training Results: Prec@1 99.280 Prec@5 100.000             Loss 0.02485
Epoch [155] Training Class Recall: [0.986,0.997,0.979,0.982,0.992,0.996,0.998,0.997,0.997,1.000]
Epoch [155] Testing Results: Prec@1 55.850 Prec@5 91.990             Loss 2.82386
Epoch [155] Testing Class Recall: [0.636,0.946,0.697,0.605,0.738,0.372,0.261,0.379,0.548,0.403]
Epoch [156] Training Results: Prec@1 98.368 Prec@5 100.000             Loss 0.04899
Epoch [156] Training Class Recall: [0.973,0.985,0.955,0.967,0.985,0.983,0.995,0.995,0.994,0.999]
Epoch [156] Testing Results: Prec@1 51.630 Prec@5 90.790             Loss 3.27785
Epoch [156] Testing Class Recall: [0.827,0.823,0.657,0.578,0.773,0.390,0.387,0.275,0.369,0.084]
Epoch [157] Training Results: Prec@1 98.656 Prec@5 100.000             Loss 0.04140
Epoch [157] Training Class Recall: [0.981,0.988,0.963,0.970,0.983,0.988,0.994,0.996,1.000,0.998]
Epoch [157] Testing Results: Prec@1 56.490 Prec@5 92.980             Loss 2.67708
Epoch [157] Testing Class Recall: [0.821,0.940,0.661,0.568,0.791,0.522,0.476,0.366,0.322,0.182]
Epoch [158] Training Results: Prec@1 98.788 Prec@5 99.996             Loss 0.03723
Epoch [158] Training Class Recall: [0.984,0.988,0.968,0.975,0.987,0.989,0.991,0.996,0.999,0.999]
Epoch [158] Testing Results: Prec@1 44.140 Prec@5 91.320             Loss 4.35706
Epoch [158] Testing Class Recall: [0.760,0.891,0.894,0.279,0.552,0.152,0.272,0.211,0.255,0.148]
Epoch [159] Training Results: Prec@1 98.592 Prec@5 100.000             Loss 0.04408
Epoch [159] Training Class Recall: [0.982,0.987,0.962,0.969,0.985,0.989,0.990,0.991,1.000,0.999]
Epoch [159] Testing Results: Prec@1 53.670 Prec@5 92.630             Loss 2.96913
Epoch [159] Testing Class Recall: [0.761,0.931,0.664,0.595,0.799,0.461,0.327,0.256,0.331,0.242]
Epoch [160] Training Results: Prec@1 99.208 Prec@5 100.000             Loss 0.02506
Epoch [160] Training Class Recall: [0.983,0.997,0.979,0.978,0.995,0.996,0.992,1.000,1.000,1.000]
Epoch [160] Testing Results: Prec@1 55.160 Prec@5 93.040             Loss 2.78695
Epoch [160] Testing Class Recall: [0.800,0.924,0.769,0.594,0.712,0.397,0.374,0.348,0.320,0.278]
Epoch [161] Training Results: Prec@1 99.592 Prec@5 100.000             Loss 0.01594
Epoch [161] Training Class Recall: [0.990,0.997,0.988,0.992,0.995,0.997,0.999,1.000,1.000,1.000]
Epoch [161] Testing Results: Prec@1 55.270 Prec@5 93.190             Loss 2.86076
Epoch [161] Testing Class Recall: [0.816,0.909,0.775,0.629,0.706,0.394,0.332,0.356,0.326,0.284]
Epoch [162] Training Results: Prec@1 99.700 Prec@5 100.000             Loss 0.01187
Epoch [162] Training Class Recall: [0.995,0.997,0.989,0.992,0.998,0.998,1.000,1.000,1.000,1.000]
Epoch [162] Testing Results: Prec@1 55.570 Prec@5 93.410             Loss 2.84898
Epoch [162] Testing Class Recall: [0.819,0.921,0.759,0.608,0.752,0.396,0.385,0.341,0.307,0.269]
Epoch [163] Training Results: Prec@1 99.728 Prec@5 100.000             Loss 0.01086
Epoch [163] Training Class Recall: [0.994,0.998,0.989,0.994,0.999,0.999,1.000,0.999,1.000,1.000]
Epoch [163] Testing Results: Prec@1 55.840 Prec@5 93.480             Loss 2.83872
Epoch [163] Testing Class Recall: [0.821,0.913,0.759,0.647,0.746,0.395,0.355,0.373,0.301,0.274]
Epoch [164] Training Results: Prec@1 99.876 Prec@5 100.000             Loss 0.00757
Epoch [164] Training Class Recall: [0.998,0.999,0.993,0.998,1.000,1.000,1.000,1.000,1.000,1.000]
Epoch [164] Testing Results: Prec@1 56.080 Prec@5 93.570             Loss 2.80874
Epoch [164] Testing Class Recall: [0.812,0.924,0.778,0.600,0.746,0.404,0.409,0.353,0.340,0.242]
Epoch [165] Training Results: Prec@1 99.812 Prec@5 100.000             Loss 0.00873
Epoch [165] Training Class Recall: [0.995,0.998,0.990,0.999,0.999,0.999,1.000,1.000,1.000,1.000]
Epoch [165] Testing Results: Prec@1 55.980 Prec@5 93.630             Loss 2.84306
Epoch [165] Testing Class Recall: [0.825,0.931,0.763,0.638,0.739,0.408,0.376,0.349,0.298,0.271]
Epoch [166] Training Results: Prec@1 99.824 Prec@5 100.000             Loss 0.00760
Epoch [166] Training Class Recall: [0.995,0.999,0.993,0.998,0.999,0.998,1.000,1.000,1.000,1.000]
Epoch [166] Testing Results: Prec@1 55.350 Prec@5 93.280             Loss 2.93682
Epoch [166] Testing Class Recall: [0.834,0.925,0.768,0.633,0.737,0.377,0.379,0.347,0.279,0.256]
Epoch [167] Training Results: Prec@1 99.876 Prec@5 100.000             Loss 0.00687
Epoch [167] Training Class Recall: [0.998,0.998,0.994,0.997,1.000,1.000,1.000,1.000,1.000,1.000]
Epoch [167] Testing Results: Prec@1 56.680 Prec@5 93.960             Loss 2.75532
Epoch [167] Testing Class Recall: [0.829,0.927,0.764,0.633,0.721,0.431,0.382,0.356,0.326,0.299]
Epoch [168] Training Results: Prec@1 99.872 Prec@5 100.000             Loss 0.00604
Epoch [168] Training Class Recall: [0.997,0.999,0.994,0.998,1.000,1.000,0.999,1.000,1.000,1.000]
Epoch [168] Testing Results: Prec@1 56.080 Prec@5 93.710             Loss 2.84475
Epoch [168] Testing Class Recall: [0.833,0.925,0.757,0.646,0.736,0.384,0.390,0.359,0.306,0.272]
Epoch [169] Training Results: Prec@1 99.896 Prec@5 100.000             Loss 0.00610
Epoch [169] Training Class Recall: [0.997,0.998,0.996,0.998,1.000,1.000,1.000,1.000,1.000,1.000]
Epoch [169] Testing Results: Prec@1 56.310 Prec@5 93.770             Loss 2.83182
Epoch [169] Testing Class Recall: [0.818,0.926,0.777,0.633,0.742,0.384,0.411,0.363,0.309,0.268]
Epoch [170] Training Results: Prec@1 99.904 Prec@5 100.000             Loss 0.00549
Epoch [170] Training Class Recall: [0.998,0.998,0.997,0.999,0.999,1.000,1.000,1.000,1.000,1.000]
Epoch [170] Testing Results: Prec@1 56.200 Prec@5 93.760             Loss 2.77833
Epoch [170] Testing Class Recall: [0.834,0.929,0.763,0.633,0.724,0.398,0.404,0.372,0.284,0.279]
Epoch [171] Training Results: Prec@1 99.900 Prec@5 100.000             Loss 0.00564
Epoch [171] Training Class Recall: [0.996,0.999,0.999,0.998,1.000,1.000,0.999,0.999,1.000,1.000]
Epoch [171] Testing Results: Prec@1 56.290 Prec@5 93.770             Loss 2.84723
Epoch [171] Testing Class Recall: [0.818,0.922,0.767,0.664,0.746,0.393,0.403,0.355,0.306,0.255]
Epoch [172] Training Results: Prec@1 99.924 Prec@5 100.000             Loss 0.00492
Epoch [172] Training Class Recall: [0.998,1.000,0.995,1.000,1.000,1.000,1.000,1.000,1.000,1.000]
Epoch [172] Testing Results: Prec@1 55.840 Prec@5 93.550             Loss 2.90059
Epoch [172] Testing Class Recall: [0.826,0.931,0.769,0.655,0.719,0.383,0.397,0.361,0.273,0.270]
Epoch [173] Training Results: Prec@1 99.932 Prec@5 100.000             Loss 0.00475
Epoch [173] Training Class Recall: [0.999,0.999,0.996,1.000,0.999,1.000,1.000,1.000,1.000,1.000]
Epoch [173] Testing Results: Prec@1 56.280 Prec@5 93.760             Loss 2.82703
Epoch [173] Testing Class Recall: [0.838,0.923,0.770,0.663,0.691,0.361,0.381,0.393,0.347,0.261]
Epoch [174] Training Results: Prec@1 99.916 Prec@5 100.000             Loss 0.00472
Epoch [174] Training Class Recall: [0.998,0.998,0.996,0.999,1.000,1.000,1.000,1.000,1.000,1.000]
Epoch [174] Testing Results: Prec@1 56.000 Prec@5 93.700             Loss 2.84445
Epoch [174] Testing Class Recall: [0.828,0.930,0.749,0.646,0.756,0.395,0.398,0.348,0.292,0.258]
Epoch [175] Training Results: Prec@1 99.904 Prec@5 100.000             Loss 0.00473
Epoch [175] Training Class Recall: [0.998,0.998,0.997,0.998,0.999,1.000,1.000,1.000,1.000,1.000]
Epoch [175] Testing Results: Prec@1 55.670 Prec@5 93.570             Loss 2.91851
Epoch [175] Testing Class Recall: [0.825,0.929,0.770,0.643,0.751,0.391,0.376,0.369,0.262,0.251]
Epoch [176] Training Results: Prec@1 99.964 Prec@5 100.000             Loss 0.00400
Epoch [176] Training Class Recall: [0.999,0.999,1.000,0.999,0.999,1.000,1.000,1.000,1.000,1.000]
Epoch [176] Testing Results: Prec@1 55.960 Prec@5 93.740             Loss 2.87627
Epoch [176] Testing Class Recall: [0.826,0.934,0.769,0.644,0.740,0.388,0.400,0.366,0.298,0.231]
Epoch [177] Training Results: Prec@1 99.940 Prec@5 100.000             Loss 0.00423
Epoch [177] Training Class Recall: [0.999,1.000,0.996,1.000,1.000,1.000,1.000,1.000,1.000,1.000]
Epoch [177] Testing Results: Prec@1 56.120 Prec@5 93.580             Loss 2.88247
Epoch [177] Testing Class Recall: [0.834,0.928,0.773,0.649,0.728,0.383,0.404,0.349,0.291,0.273]
Epoch [178] Training Results: Prec@1 99.936 Prec@5 100.000             Loss 0.00397
Epoch [178] Training Class Recall: [0.997,0.999,0.998,1.000,1.000,1.000,1.000,1.000,1.000,1.000]
Epoch [178] Testing Results: Prec@1 56.330 Prec@5 93.810             Loss 2.84079
Epoch [178] Testing Class Recall: [0.826,0.927,0.763,0.650,0.745,0.389,0.382,0.366,0.325,0.260]
Epoch [179] Training Results: Prec@1 99.928 Prec@5 100.000             Loss 0.00431
Epoch [179] Training Class Recall: [0.998,0.998,0.997,1.000,1.000,0.999,1.000,1.000,1.000,1.000]
Epoch [179] Testing Results: Prec@1 55.530 Prec@5 93.440             Loss 2.97073
Epoch [179] Testing Class Recall: [0.826,0.929,0.783,0.653,0.733,0.373,0.387,0.361,0.258,0.250]
Epoch [180] Training Results: Prec@1 99.944 Prec@5 100.000             Loss 0.00399
Epoch [180] Training Class Recall: [0.998,0.999,0.998,1.000,1.000,1.000,1.000,1.000,1.000,1.000]
Epoch [180] Testing Results: Prec@1 56.740 Prec@5 93.870             Loss 2.82268
Epoch [180] Testing Class Recall: [0.827,0.928,0.779,0.648,0.729,0.383,0.404,0.365,0.318,0.293]
Epoch [181] Training Results: Prec@1 99.928 Prec@5 100.000             Loss 0.00426
Epoch [181] Training Class Recall: [0.998,1.000,0.997,0.999,1.000,1.000,1.000,1.000,1.000,1.000]
Epoch [181] Testing Results: Prec@1 55.560 Prec@5 93.680             Loss 2.91727
Epoch [181] Testing Class Recall: [0.834,0.932,0.761,0.637,0.744,0.379,0.382,0.372,0.278,0.237]
Epoch [182] Training Results: Prec@1 99.948 Prec@5 100.000             Loss 0.00416
Epoch [182] Training Class Recall: [0.999,0.999,0.998,0.999,1.000,1.000,1.000,1.000,1.000,1.000]
Epoch [182] Testing Results: Prec@1 55.650 Prec@5 93.410             Loss 2.95171
Epoch [182] Testing Class Recall: [0.828,0.935,0.786,0.630,0.732,0.376,0.409,0.365,0.264,0.240]
Epoch [183] Training Results: Prec@1 99.940 Prec@5 100.000             Loss 0.00424
Epoch [183] Training Class Recall: [0.998,0.999,0.997,1.000,1.000,1.000,1.000,1.000,1.000,1.000]
Epoch [183] Testing Results: Prec@1 55.530 Prec@5 93.610             Loss 2.96157
Epoch [183] Testing Class Recall: [0.835,0.927,0.768,0.674,0.731,0.369,0.356,0.368,0.256,0.269]
Epoch [184] Training Results: Prec@1 99.944 Prec@5 100.000             Loss 0.00376
Epoch [184] Training Class Recall: [0.998,0.999,0.999,1.000,0.999,1.000,1.000,1.000,1.000,1.000]
Epoch [184] Testing Results: Prec@1 55.800 Prec@5 93.630             Loss 2.92114
Epoch [184] Testing Class Recall: [0.838,0.932,0.754,0.644,0.760,0.368,0.385,0.363,0.291,0.245]
Epoch [185] Training Results: Prec@1 99.932 Prec@5 100.000             Loss 0.00412
Epoch [185] Training Class Recall: [0.997,0.999,0.997,1.000,1.000,1.000,1.000,1.000,1.000,1.000]
Epoch [185] Testing Results: Prec@1 56.370 Prec@5 93.760             Loss 2.83379
Epoch [185] Testing Class Recall: [0.831,0.930,0.771,0.649,0.714,0.409,0.408,0.364,0.257,0.304]
Epoch [186] Training Results: Prec@1 99.928 Prec@5 100.000             Loss 0.00435
Epoch [186] Training Class Recall: [0.998,0.998,0.999,0.998,1.000,1.000,1.000,1.000,1.000,1.000]
Epoch [186] Testing Results: Prec@1 55.620 Prec@5 93.500             Loss 2.91762
Epoch [186] Testing Class Recall: [0.834,0.928,0.771,0.651,0.727,0.376,0.398,0.377,0.254,0.246]
Epoch [187] Training Results: Prec@1 99.944 Prec@5 100.000             Loss 0.00402
Epoch [187] Training Class Recall: [0.999,0.999,0.997,0.999,1.000,1.000,1.000,1.000,1.000,1.000]
Epoch [187] Testing Results: Prec@1 55.980 Prec@5 93.630             Loss 2.92423
Epoch [187] Testing Class Recall: [0.827,0.934,0.751,0.644,0.764,0.387,0.433,0.343,0.290,0.225]
Epoch [188] Training Results: Prec@1 99.940 Prec@5 100.000             Loss 0.00412
Epoch [188] Training Class Recall: [0.999,0.998,0.997,1.000,1.000,1.000,1.000,1.000,1.000,1.000]
Epoch [188] Testing Results: Prec@1 56.160 Prec@5 93.660             Loss 2.88820
Epoch [188] Testing Class Recall: [0.827,0.942,0.764,0.644,0.749,0.378,0.390,0.355,0.317,0.250]
Epoch [189] Training Results: Prec@1 99.952 Prec@5 100.000             Loss 0.00381
Epoch [189] Training Class Recall: [1.000,1.000,0.998,0.999,0.999,1.000,1.000,1.000,1.000,1.000]
Epoch [189] Testing Results: Prec@1 55.950 Prec@5 93.600             Loss 2.91679
Epoch [189] Testing Class Recall: [0.844,0.936,0.760,0.617,0.741,0.375,0.418,0.367,0.295,0.242]
Epoch [190] Training Results: Prec@1 99.960 Prec@5 100.000             Loss 0.00374
Epoch [190] Training Class Recall: [0.999,0.999,0.998,0.999,1.000,1.000,1.000,1.000,1.000,1.000]
Epoch [190] Testing Results: Prec@1 55.720 Prec@5 93.610             Loss 2.92001
Epoch [190] Testing Class Recall: [0.838,0.931,0.749,0.670,0.731,0.386,0.404,0.365,0.260,0.238]
Epoch [191] Training Results: Prec@1 99.948 Prec@5 100.000             Loss 0.00384
Epoch [191] Training Class Recall: [0.999,1.000,0.998,0.998,0.999,1.000,1.000,1.000,1.000,1.000]
Epoch [191] Testing Results: Prec@1 56.200 Prec@5 93.810             Loss 2.84479
Epoch [191] Testing Class Recall: [0.828,0.931,0.775,0.640,0.726,0.382,0.381,0.373,0.314,0.270]
Epoch [192] Training Results: Prec@1 99.944 Prec@5 100.000             Loss 0.00424
Epoch [192] Training Class Recall: [0.999,0.999,0.998,1.000,1.000,0.999,1.000,1.000,1.000,1.000]
Epoch [192] Testing Results: Prec@1 55.590 Prec@5 93.570             Loss 2.94312
Epoch [192] Testing Class Recall: [0.830,0.933,0.759,0.639,0.753,0.389,0.395,0.363,0.268,0.230]
Epoch [193] Training Results: Prec@1 99.944 Prec@5 100.000             Loss 0.00394
Epoch [193] Training Class Recall: [0.999,1.000,0.997,0.998,1.000,1.000,1.000,1.000,1.000,1.000]
Epoch [193] Testing Results: Prec@1 55.400 Prec@5 93.560             Loss 2.98075
Epoch [193] Testing Class Recall: [0.827,0.930,0.777,0.632,0.753,0.374,0.379,0.353,0.285,0.230]
Epoch [194] Training Results: Prec@1 99.980 Prec@5 100.000             Loss 0.00359
Epoch [194] Training Class Recall: [0.999,0.999,1.000,1.000,1.000,1.000,1.000,1.000,1.000,1.000]
Epoch [194] Testing Results: Prec@1 56.020 Prec@5 93.750             Loss 2.92895
Epoch [194] Testing Class Recall: [0.824,0.934,0.775,0.658,0.739,0.374,0.401,0.380,0.292,0.225]
Epoch [195] Training Results: Prec@1 99.908 Prec@5 100.000             Loss 0.00459
Epoch [195] Training Class Recall: [0.998,0.997,0.996,1.000,0.999,1.000,1.000,1.000,1.000,1.000]
Epoch [195] Testing Results: Prec@1 55.560 Prec@5 93.650             Loss 2.91859
Epoch [195] Testing Class Recall: [0.834,0.931,0.759,0.661,0.739,0.364,0.375,0.366,0.281,0.246]
Epoch [196] Training Results: Prec@1 99.952 Prec@5 100.000             Loss 0.00374
Epoch [196] Training Class Recall: [0.999,0.999,0.999,0.999,1.000,1.000,1.000,1.000,1.000,1.000]
Epoch [196] Testing Results: Prec@1 55.830 Prec@5 93.650             Loss 2.90839
Epoch [196] Testing Class Recall: [0.835,0.930,0.764,0.642,0.731,0.393,0.430,0.354,0.276,0.228]
Epoch [197] Training Results: Prec@1 99.920 Prec@5 100.000             Loss 0.00438
Epoch [197] Training Class Recall: [0.998,0.999,0.997,0.999,1.000,0.999,1.000,1.000,1.000,1.000]
Epoch [197] Testing Results: Prec@1 56.080 Prec@5 93.560             Loss 2.92128
Epoch [197] Testing Class Recall: [0.826,0.936,0.783,0.629,0.736,0.369,0.404,0.364,0.302,0.259]
Epoch [198] Training Results: Prec@1 99.928 Prec@5 100.000             Loss 0.00431
Epoch [198] Training Class Recall: [0.998,0.999,0.997,0.999,1.000,1.000,1.000,1.000,1.000,1.000]
Epoch [198] Testing Results: Prec@1 55.820 Prec@5 93.650             Loss 2.89793
Epoch [198] Testing Class Recall: [0.830,0.918,0.763,0.645,0.735,0.393,0.426,0.365,0.275,0.232]
Epoch [199] Training Results: Prec@1 99.964 Prec@5 100.000             Loss 0.00340
Epoch [199] Training Class Recall: [1.000,1.000,0.997,1.000,1.000,1.000,1.000,1.000,1.000,1.000]
Epoch [199] Testing Results: Prec@1 55.950 Prec@5 93.700             Loss 2.89096
Epoch [199] Testing Class Recall: [0.828,0.932,0.769,0.662,0.725,0.389,0.386,0.391,0.280,0.233]
