Log file: cifar10_lava0.7_mixup_drw_exp0.01_seed42_20260502_184628.log
Run started: 2026-05-02 18:46:28.082647
Dataset: cifar10
Imbalance type: exp, factor: 0.01
Selection method: lava, ratio: 0.7
Strategy: Mixup_DRW, epochs: 200
Seed: 42, rand_number: 0
Augmentation: weak
mixup_alpha: 1.0
============================================================

=> Preparing logger and tensorboard writer !
----------------------------------------------------
Class ID   | Original   | Selected   | Keep %  
----------------------------------------------------
0          | 5000       | 3379       |    67.6%
1          | 2997       | 904        |    30.2%
2          | 1796       | 1788       |    99.6%
3          | 1077       | 1077       |   100.0%
4          | 645        | 645        |   100.0%
5          | 387        | 387        |   100.0%
6          | 232        | 232        |   100.0%
7          | 139        | 139        |   100.0%
8          | 83         | 83         |   100.0%
9          | 50         | 50         |   100.0%
----------------------------------------------------
TOTAL      | 12406      | 8684       |    70.0%
----------------------------------------------------
Epoch [0] Training Results: Prec@1 43.287 Prec@5 87.828             Loss 1.77034
Epoch [0] Training Class Recall: [0.808,0.050,0.498,0.048,0.065,0.000,0.000,0.000,0.000,0.000]
Epoch [0] Testing Results: Prec@1 15.580 Prec@5 60.840             Loss 3.43798
Epoch [0] Testing Class Recall: [0.958,0.000,0.419,0.181,0.000,0.000,0.000,0.000,0.000,0.000]
Epoch [1] Training Results: Prec@1 50.714 Prec@5 92.492             Loss 1.57347
Epoch [1] Training Class Recall: [0.838,0.351,0.536,0.253,0.037,0.005,0.000,0.000,0.000,0.000]
Epoch [1] Testing Results: Prec@1 22.540 Prec@5 62.020             Loss 2.74587
Epoch [1] Testing Class Recall: [0.877,0.425,0.418,0.534,0.000,0.000,0.000,0.000,0.000,0.000]
Epoch [2] Training Results: Prec@1 52.165 Prec@5 92.918             Loss 1.53904
Epoch [2] Training Class Recall: [0.843,0.390,0.531,0.347,0.009,0.000,0.000,0.000,0.000,0.000]
Epoch [2] Testing Results: Prec@1 19.780 Prec@5 67.530             Loss 2.72035
Epoch [2] Testing Class Recall: [0.923,0.058,0.313,0.335,0.349,0.000,0.000,0.000,0.000,0.000]
Epoch [3] Training Results: Prec@1 54.215 Prec@5 93.943             Loss 1.51220
Epoch [3] Training Class Recall: [0.857,0.413,0.544,0.415,0.012,0.026,0.000,0.000,0.000,0.000]
Epoch [3] Testing Results: Prec@1 23.430 Prec@5 68.850             Loss 2.40624
Epoch [3] Testing Class Recall: [0.850,0.444,0.722,0.326,0.001,0.000,0.000,0.000,0.000,0.000]
Epoch [4] Training Results: Prec@1 54.906 Prec@5 94.070             Loss 1.46678
Epoch [4] Training Class Recall: [0.868,0.413,0.542,0.441,0.026,0.003,0.000,0.000,0.000,0.000]
Epoch [4] Testing Results: Prec@1 26.230 Prec@5 70.870             Loss 2.40157
Epoch [4] Testing Class Recall: [0.896,0.458,0.328,0.705,0.236,0.000,0.000,0.000,0.000,0.000]
Epoch [5] Training Results: Prec@1 57.416 Prec@5 94.530             Loss 1.45329
Epoch [5] Training Class Recall: [0.881,0.511,0.574,0.480,0.005,0.000,0.004,0.000,0.000,0.000]
Epoch [5] Testing Results: Prec@1 24.690 Prec@5 74.020             Loss 2.39786
Epoch [5] Testing Class Recall: [0.853,0.581,0.767,0.268,0.000,0.000,0.000,0.000,0.000,0.000]
Epoch [6] Training Results: Prec@1 59.005 Prec@5 94.749             Loss 1.45232
Epoch [6] Training Class Recall: [0.890,0.521,0.610,0.495,0.036,0.000,0.000,0.000,0.000,0.000]
Epoch [6] Testing Results: Prec@1 24.570 Prec@5 72.370             Loss 2.42827
Epoch [6] Testing Class Recall: [0.950,0.556,0.462,0.481,0.000,0.000,0.008,0.000,0.000,0.000]
Epoch [7] Training Results: Prec@1 59.926 Prec@5 95.187             Loss 1.41032
Epoch [7] Training Class Recall: [0.886,0.610,0.609,0.508,0.029,0.003,0.009,0.000,0.000,0.000]
Epoch [7] Testing Results: Prec@1 30.180 Prec@5 74.070             Loss 2.42665
Epoch [7] Testing Class Recall: [0.846,0.699,0.648,0.673,0.007,0.000,0.145,0.000,0.000,0.000]
Epoch [8] Training Results: Prec@1 59.339 Prec@5 95.152             Loss 1.43465
Epoch [8] Training Class Recall: [0.880,0.590,0.587,0.500,0.073,0.005,0.034,0.007,0.000,0.000]
Epoch [8] Testing Results: Prec@1 29.670 Prec@5 73.280             Loss 2.27131
Epoch [8] Testing Class Recall: [0.755,0.884,0.731,0.558,0.000,0.022,0.017,0.000,0.000,0.000]
Epoch [9] Training Results: Prec@1 61.354 Prec@5 95.382             Loss 1.41904
Epoch [9] Training Class Recall: [0.894,0.658,0.597,0.537,0.079,0.013,0.047,0.000,0.000,0.000]
Epoch [9] Testing Results: Prec@1 30.480 Prec@5 74.830             Loss 2.29302
Epoch [9] Testing Class Recall: [0.880,0.697,0.606,0.599,0.257,0.000,0.000,0.009,0.000,0.000]
Epoch [10] Training Results: Prec@1 62.506 Prec@5 95.785             Loss 1.36273
Epoch [10] Training Class Recall: [0.890,0.665,0.624,0.534,0.164,0.021,0.056,0.022,0.000,0.000]
Epoch [10] Testing Results: Prec@1 29.150 Prec@5 81.280             Loss 2.31403
Epoch [10] Testing Class Recall: [0.954,0.505,0.314,0.259,0.573,0.036,0.033,0.241,0.000,0.000]
Epoch [11] Training Results: Prec@1 64.026 Prec@5 96.234             Loss 1.36371
Epoch [11] Training Class Recall: [0.896,0.702,0.628,0.555,0.188,0.041,0.112,0.094,0.000,0.000]
Epoch [11] Testing Results: Prec@1 37.920 Prec@5 82.310             Loss 1.98791
Epoch [11] Testing Class Recall: [0.884,0.873,0.575,0.561,0.298,0.134,0.018,0.449,0.000,0.000]
Epoch [12] Training Results: Prec@1 64.152 Prec@5 96.407             Loss 1.34411
Epoch [12] Training Class Recall: [0.902,0.689,0.610,0.546,0.226,0.052,0.164,0.115,0.000,0.000]
Epoch [12] Testing Results: Prec@1 32.520 Prec@5 78.570             Loss 2.09343
Epoch [12] Testing Class Recall: [0.911,0.722,0.681,0.624,0.168,0.023,0.047,0.076,0.000,0.000]
Epoch [13] Training Results: Prec@1 66.663 Prec@5 96.315             Loss 1.34928
Epoch [13] Training Class Recall: [0.917,0.704,0.655,0.587,0.278,0.062,0.103,0.165,0.000,0.000]
Epoch [13] Testing Results: Prec@1 33.480 Prec@5 81.980             Loss 2.31754
Epoch [13] Testing Class Recall: [0.897,0.924,0.550,0.438,0.243,0.109,0.081,0.106,0.000,0.000]
Epoch [14] Training Results: Prec@1 67.054 Prec@5 96.603             Loss 1.33052
Epoch [14] Training Class Recall: [0.910,0.757,0.681,0.530,0.302,0.070,0.129,0.158,0.000,0.000]
Epoch [14] Testing Results: Prec@1 34.430 Prec@5 84.500             Loss 2.08657
Epoch [14] Testing Class Recall: [0.925,0.849,0.656,0.522,0.140,0.001,0.227,0.123,0.000,0.000]
Epoch [15] Training Results: Prec@1 67.319 Prec@5 96.937             Loss 1.28390
Epoch [15] Training Class Recall: [0.912,0.743,0.654,0.572,0.347,0.065,0.151,0.165,0.000,0.000]
Epoch [15] Testing Results: Prec@1 32.920 Prec@5 85.370             Loss 2.15543
Epoch [15] Testing Class Recall: [0.939,0.814,0.524,0.382,0.313,0.122,0.026,0.172,0.000,0.000]
Epoch [16] Training Results: Prec@1 69.219 Prec@5 97.029             Loss 1.23233
Epoch [16] Training Class Recall: [0.912,0.779,0.664,0.597,0.414,0.132,0.198,0.223,0.000,0.000]
Epoch [16] Testing Results: Prec@1 36.890 Prec@5 88.020             Loss 1.94874
Epoch [16] Testing Class Recall: [0.961,0.815,0.560,0.544,0.280,0.172,0.250,0.103,0.000,0.004]
Epoch [17] Training Results: Prec@1 70.348 Prec@5 97.398             Loss 1.26842
Epoch [17] Training Class Recall: [0.919,0.774,0.668,0.604,0.465,0.165,0.280,0.230,0.000,0.000]
Epoch [17] Testing Results: Prec@1 36.100 Prec@5 81.590             Loss 2.25453
Epoch [17] Testing Class Recall: [0.899,0.925,0.799,0.139,0.237,0.311,0.156,0.144,0.000,0.000]
Epoch [18] Training Results: Prec@1 71.108 Prec@5 97.328             Loss 1.27431
Epoch [18] Training Class Recall: [0.920,0.798,0.683,0.608,0.462,0.171,0.345,0.187,0.000,0.000]
Epoch [18] Testing Results: Prec@1 37.380 Prec@5 84.640             Loss 2.20755
Epoch [18] Testing Class Recall: [0.927,0.942,0.533,0.204,0.551,0.060,0.061,0.460,0.000,0.000]
Epoch [19] Training Results: Prec@1 70.970 Prec@5 97.444             Loss 1.28279
Epoch [19] Training Class Recall: [0.912,0.804,0.715,0.588,0.454,0.199,0.224,0.165,0.000,0.000]
Epoch [19] Testing Results: Prec@1 40.300 Prec@5 84.890             Loss 1.88513
Epoch [19] Testing Class Recall: [0.928,0.921,0.647,0.474,0.370,0.252,0.391,0.026,0.000,0.021]
Epoch [20] Training Results: Prec@1 71.753 Prec@5 97.812             Loss 1.20924
Epoch [20] Training Class Recall: [0.915,0.801,0.693,0.610,0.524,0.183,0.349,0.201,0.000,0.000]
Epoch [20] Testing Results: Prec@1 45.560 Prec@5 86.500             Loss 1.73097
Epoch [20] Testing Class Recall: [0.914,0.860,0.640,0.548,0.412,0.572,0.141,0.387,0.001,0.081]
Epoch [21] Training Results: Prec@1 73.595 Prec@5 97.950             Loss 1.16984
Epoch [21] Training Class Recall: [0.925,0.824,0.704,0.639,0.580,0.220,0.336,0.237,0.012,0.020]
Epoch [21] Testing Results: Prec@1 47.470 Prec@5 90.920             Loss 1.55388
Epoch [21] Testing Class Recall: [0.943,0.847,0.575,0.747,0.554,0.310,0.285,0.364,0.005,0.117]
Epoch [22] Training Results: Prec@1 74.033 Prec@5 97.847             Loss 1.18304
Epoch [22] Training Class Recall: [0.927,0.819,0.728,0.648,0.540,0.209,0.353,0.317,0.024,0.040]
Epoch [22] Testing Results: Prec@1 51.370 Prec@5 89.500             Loss 1.52401
Epoch [22] Testing Class Recall: [0.907,0.841,0.588,0.497,0.408,0.672,0.144,0.634,0.003,0.443]
Epoch [23] Training Results: Prec@1 75.553 Prec@5 98.077             Loss 1.19453
Epoch [23] Training Class Recall: [0.933,0.834,0.749,0.632,0.572,0.297,0.444,0.295,0.024,0.040]
Epoch [23] Testing Results: Prec@1 37.780 Prec@5 89.080             Loss 2.01138
Epoch [23] Testing Class Recall: [0.974,0.823,0.651,0.191,0.271,0.268,0.331,0.256,0.001,0.012]
Epoch [24] Training Results: Prec@1 75.380 Prec@5 98.284             Loss 1.16082
Epoch [24] Training Class Recall: [0.922,0.843,0.744,0.663,0.584,0.271,0.397,0.288,0.096,0.020]
Epoch [24] Testing Results: Prec@1 46.940 Prec@5 87.700             Loss 1.87630
Epoch [24] Testing Class Recall: [0.903,0.986,0.701,0.564,0.473,0.307,0.612,0.144,0.004,0.000]
Epoch [25] Training Results: Prec@1 75.656 Prec@5 98.273             Loss 1.19926
Epoch [25] Training Class Recall: [0.935,0.838,0.733,0.651,0.603,0.248,0.444,0.309,0.060,0.100]
Epoch [25] Testing Results: Prec@1 51.340 Prec@5 89.540             Loss 1.47369
Epoch [25] Testing Class Recall: [0.893,0.883,0.737,0.729,0.488,0.520,0.104,0.370,0.069,0.341]
Epoch [26] Training Results: Prec@1 76.992 Prec@5 98.261             Loss 1.15790
Epoch [26] Training Class Recall: [0.930,0.863,0.764,0.663,0.626,0.310,0.440,0.288,0.120,0.160]
Epoch [26] Testing Results: Prec@1 48.950 Prec@5 87.760             Loss 1.64159
Epoch [26] Testing Class Recall: [0.868,0.918,0.765,0.840,0.508,0.139,0.339,0.398,0.096,0.024]
Epoch [27] Training Results: Prec@1 76.912 Prec@5 98.261             Loss 1.14179
Epoch [27] Training Class Recall: [0.941,0.861,0.753,0.632,0.597,0.349,0.474,0.353,0.120,0.120]
Epoch [27] Testing Results: Prec@1 55.240 Prec@5 91.860             Loss 1.36143
Epoch [27] Testing Class Recall: [0.907,0.979,0.693,0.598,0.694,0.488,0.421,0.366,0.326,0.052]
Epoch [28] Training Results: Prec@1 78.121 Prec@5 98.330             Loss 1.14054
Epoch [28] Training Class Recall: [0.942,0.872,0.748,0.678,0.659,0.336,0.487,0.432,0.181,0.060]
Epoch [28] Testing Results: Prec@1 43.180 Prec@5 88.370             Loss 1.90062
Epoch [28] Testing Class Recall: [0.956,0.581,0.733,0.713,0.456,0.111,0.325,0.398,0.011,0.034]
Epoch [29] Training Results: Prec@1 78.259 Prec@5 98.595             Loss 1.14801
Epoch [29] Training Class Recall: [0.940,0.858,0.763,0.673,0.664,0.359,0.461,0.410,0.169,0.220]
Epoch [29] Testing Results: Prec@1 52.370 Prec@5 89.770             Loss 1.50117
Epoch [29] Testing Class Recall: [0.969,0.917,0.624,0.642,0.661,0.248,0.501,0.512,0.066,0.097]
Epoch [30] Training Results: Prec@1 78.869 Prec@5 98.676             Loss 1.06270
Epoch [30] Training Class Recall: [0.936,0.883,0.763,0.699,0.671,0.398,0.409,0.417,0.265,0.200]
Epoch [30] Testing Results: Prec@1 48.990 Prec@5 92.550             Loss 1.56852
Epoch [30] Testing Class Recall: [0.923,0.977,0.658,0.658,0.578,0.104,0.607,0.218,0.086,0.090]
Epoch [31] Training Results: Prec@1 80.481 Prec@5 98.825             Loss 1.09023
Epoch [31] Training Class Recall: [0.946,0.894,0.786,0.733,0.687,0.411,0.461,0.381,0.325,0.040]
Epoch [31] Testing Results: Prec@1 53.280 Prec@5 91.090             Loss 1.43653
Epoch [31] Testing Class Recall: [0.803,0.976,0.735,0.207,0.714,0.791,0.311,0.372,0.085,0.334]
Epoch [32] Training Results: Prec@1 79.721 Prec@5 98.814             Loss 1.08052
Epoch [32] Training Class Recall: [0.939,0.876,0.787,0.687,0.682,0.398,0.478,0.446,0.398,0.240]
Epoch [32] Testing Results: Prec@1 51.980 Prec@5 90.940             Loss 1.59119
Epoch [32] Testing Class Recall: [0.973,0.808,0.702,0.612,0.468,0.234,0.546,0.474,0.032,0.349]
Epoch [33] Training Results: Prec@1 80.078 Prec@5 98.710             Loss 1.11204
Epoch [33] Training Class Recall: [0.944,0.889,0.802,0.674,0.674,0.372,0.522,0.446,0.313,0.220]
Epoch [33] Testing Results: Prec@1 47.480 Prec@5 90.200             Loss 1.59533
Epoch [33] Testing Class Recall: [0.977,0.862,0.470,0.449,0.617,0.173,0.242,0.305,0.267,0.386]
Epoch [34] Training Results: Prec@1 80.527 Prec@5 98.975             Loss 1.05432
Epoch [34] Training Class Recall: [0.946,0.886,0.779,0.701,0.684,0.437,0.552,0.460,0.434,0.200]
Epoch [34] Testing Results: Prec@1 57.010 Prec@5 94.330             Loss 1.30931
Epoch [34] Testing Class Recall: [0.983,0.875,0.613,0.492,0.598,0.459,0.672,0.455,0.107,0.447]
Epoch [35] Training Results: Prec@1 80.815 Prec@5 98.756             Loss 1.06059
Epoch [35] Training Class Recall: [0.945,0.879,0.789,0.714,0.721,0.408,0.513,0.482,0.349,0.280]
Epoch [35] Testing Results: Prec@1 48.230 Prec@5 90.080             Loss 1.76293
Epoch [35] Testing Class Recall: [0.914,0.993,0.696,0.393,0.489,0.515,0.384,0.252,0.179,0.008]
Epoch [36] Training Results: Prec@1 81.287 Prec@5 99.125             Loss 1.08625
Epoch [36] Training Class Recall: [0.942,0.885,0.812,0.693,0.724,0.432,0.612,0.460,0.301,0.300]
Epoch [36] Testing Results: Prec@1 50.170 Prec@5 92.350             Loss 1.56693
Epoch [36] Testing Class Recall: [0.976,0.865,0.656,0.755,0.515,0.123,0.403,0.470,0.095,0.159]
Epoch [37] Training Results: Prec@1 82.577 Prec@5 99.136             Loss 1.06446
Epoch [37] Training Class Recall: [0.948,0.903,0.805,0.741,0.744,0.473,0.586,0.511,0.337,0.320]
Epoch [37] Testing Results: Prec@1 53.430 Prec@5 87.860             Loss 1.54246
Epoch [37] Testing Class Recall: [0.947,0.923,0.816,0.692,0.489,0.435,0.594,0.254,0.177,0.016]
Epoch [38] Training Results: Prec@1 82.450 Prec@5 99.033             Loss 1.09620
Epoch [38] Training Class Recall: [0.950,0.918,0.805,0.730,0.726,0.478,0.539,0.561,0.337,0.200]
Epoch [38] Testing Results: Prec@1 56.930 Prec@5 92.750             Loss 1.36487
Epoch [38] Testing Class Recall: [0.956,0.962,0.742,0.618,0.608,0.519,0.582,0.331,0.241,0.134]
Epoch [39] Training Results: Prec@1 82.888 Prec@5 99.079             Loss 1.07814
Epoch [39] Training Class Recall: [0.958,0.902,0.806,0.720,0.749,0.488,0.595,0.475,0.410,0.380]
Epoch [39] Testing Results: Prec@1 54.480 Prec@5 91.020             Loss 1.46853
Epoch [39] Testing Class Recall: [0.951,0.962,0.732,0.703,0.773,0.283,0.203,0.429,0.323,0.089]
Epoch [40] Training Results: Prec@1 82.727 Prec@5 99.171             Loss 1.07016
Epoch [40] Training Class Recall: [0.946,0.886,0.823,0.743,0.740,0.463,0.586,0.532,0.386,0.300]
Epoch [40] Testing Results: Prec@1 52.200 Prec@5 90.910             Loss 1.46465
Epoch [40] Testing Class Recall: [0.838,0.991,0.858,0.499,0.527,0.402,0.433,0.273,0.172,0.227]
Epoch [41] Training Results: Prec@1 82.900 Prec@5 99.194             Loss 1.05068
Epoch [41] Training Class Recall: [0.943,0.904,0.808,0.753,0.732,0.470,0.659,0.504,0.506,0.400]
Epoch [41] Testing Results: Prec@1 46.950 Prec@5 89.640             Loss 1.76358
Epoch [41] Testing Class Recall: [0.888,0.860,0.882,0.478,0.500,0.393,0.301,0.187,0.064,0.142]
Epoch [42] Training Results: Prec@1 82.980 Prec@5 99.275             Loss 1.07536
Epoch [42] Training Class Recall: [0.951,0.886,0.820,0.730,0.755,0.465,0.599,0.540,0.470,0.380]
Epoch [42] Testing Results: Prec@1 56.320 Prec@5 87.740             Loss 1.54577
Epoch [42] Testing Class Recall: [0.929,0.860,0.848,0.621,0.750,0.407,0.726,0.322,0.161,0.008]
Epoch [43] Training Results: Prec@1 84.109 Prec@5 99.240             Loss 1.06811
Epoch [43] Training Class Recall: [0.955,0.886,0.831,0.773,0.775,0.501,0.573,0.518,0.470,0.400]
Epoch [43] Testing Results: Prec@1 53.910 Prec@5 88.880             Loss 1.55190
Epoch [43] Testing Class Recall: [0.957,0.972,0.653,0.473,0.686,0.361,0.552,0.287,0.041,0.409]
Epoch [44] Training Results: Prec@1 84.397 Prec@5 99.148             Loss 1.11213
Epoch [44] Training Class Recall: [0.955,0.921,0.832,0.749,0.775,0.501,0.591,0.561,0.506,0.480]
Epoch [44] Testing Results: Prec@1 60.220 Prec@5 93.100             Loss 1.27346
Epoch [44] Testing Class Recall: [0.900,0.973,0.803,0.721,0.765,0.331,0.452,0.471,0.327,0.279]
Epoch [45] Training Results: Prec@1 84.661 Prec@5 99.309             Loss 1.04524
Epoch [45] Training Class Recall: [0.956,0.923,0.838,0.756,0.792,0.504,0.599,0.475,0.482,0.440]
Epoch [45] Testing Results: Prec@1 52.290 Prec@5 91.660             Loss 1.53564
Epoch [45] Testing Class Recall: [0.932,0.895,0.821,0.562,0.545,0.230,0.488,0.417,0.113,0.226]
Epoch [46] Training Results: Prec@1 84.339 Prec@5 99.298             Loss 1.03994
Epoch [46] Training Class Recall: [0.955,0.914,0.837,0.738,0.794,0.512,0.552,0.532,0.506,0.520]
Epoch [46] Testing Results: Prec@1 52.510 Prec@5 92.020             Loss 1.57280
Epoch [46] Testing Class Recall: [0.983,0.953,0.682,0.517,0.643,0.277,0.529,0.365,0.138,0.164]
Epoch [47] Training Results: Prec@1 85.018 Prec@5 99.424             Loss 1.06203
Epoch [47] Training Class Recall: [0.956,0.917,0.855,0.749,0.764,0.514,0.638,0.518,0.590,0.560]
Epoch [47] Testing Results: Prec@1 58.300 Prec@5 92.430             Loss 1.34054
Epoch [47] Testing Class Recall: [0.946,0.964,0.833,0.581,0.690,0.476,0.566,0.309,0.195,0.270]
Epoch [48] Training Results: Prec@1 85.099 Prec@5 99.332             Loss 1.03633
Epoch [48] Training Class Recall: [0.953,0.919,0.848,0.773,0.784,0.512,0.621,0.525,0.554,0.460]
Epoch [48] Testing Results: Prec@1 61.860 Prec@5 94.300             Loss 1.18650
Epoch [48] Testing Class Recall: [0.973,0.959,0.637,0.655,0.737,0.426,0.709,0.297,0.386,0.407]
Epoch [49] Training Results: Prec@1 85.502 Prec@5 99.344             Loss 0.99350
Epoch [49] Training Class Recall: [0.946,0.935,0.852,0.786,0.814,0.522,0.582,0.576,0.542,0.500]
Epoch [49] Testing Results: Prec@1 61.070 Prec@5 91.800             Loss 1.24327
Epoch [49] Testing Class Recall: [0.921,0.950,0.830,0.588,0.689,0.469,0.158,0.595,0.268,0.639]
Epoch [50] Training Results: Prec@1 85.030 Prec@5 99.321             Loss 1.00861
Epoch [50] Training Class Recall: [0.949,0.921,0.844,0.777,0.809,0.522,0.530,0.576,0.578,0.440]
Epoch [50] Testing Results: Prec@1 59.940 Prec@5 91.430             Loss 1.33678
Epoch [50] Testing Class Recall: [0.911,0.952,0.622,0.842,0.815,0.323,0.539,0.389,0.240,0.361]
Epoch [51] Training Results: Prec@1 85.433 Prec@5 99.459             Loss 1.02421
Epoch [51] Training Class Recall: [0.960,0.910,0.833,0.773,0.822,0.561,0.569,0.554,0.602,0.460]
Epoch [51] Testing Results: Prec@1 63.760 Prec@5 92.510             Loss 1.18163
Epoch [51] Testing Class Recall: [0.906,0.961,0.817,0.441,0.761,0.578,0.798,0.440,0.189,0.485]
Epoch [52] Training Results: Prec@1 85.398 Prec@5 99.413             Loss 1.03226
Epoch [52] Training Class Recall: [0.956,0.902,0.846,0.751,0.814,0.545,0.664,0.640,0.578,0.460]
Epoch [52] Testing Results: Prec@1 47.030 Prec@5 90.260             Loss 1.87254
Epoch [52] Testing Class Recall: [0.984,0.948,0.666,0.406,0.410,0.346,0.470,0.315,0.056,0.102]
Epoch [53] Training Results: Prec@1 86.285 Prec@5 99.355             Loss 0.98639
Epoch [53] Training Class Recall: [0.961,0.918,0.846,0.775,0.829,0.587,0.659,0.619,0.566,0.420]
Epoch [53] Testing Results: Prec@1 64.540 Prec@5 93.590             Loss 1.14309
Epoch [53] Testing Class Recall: [0.805,0.962,0.582,0.622,0.753,0.650,0.614,0.457,0.283,0.726]
Epoch [54] Training Results: Prec@1 86.504 Prec@5 99.470             Loss 1.02696
Epoch [54] Training Class Recall: [0.963,0.924,0.856,0.784,0.803,0.581,0.642,0.590,0.566,0.540]
Epoch [54] Testing Results: Prec@1 69.000 Prec@5 94.960             Loss 1.00470
Epoch [54] Testing Class Recall: [0.946,0.958,0.720,0.705,0.728,0.646,0.722,0.596,0.482,0.397]
Epoch [55] Training Results: Prec@1 86.631 Prec@5 99.390             Loss 0.95402
Epoch [55] Training Class Recall: [0.959,0.925,0.862,0.786,0.805,0.558,0.677,0.619,0.651,0.540]
Epoch [55] Testing Results: Prec@1 60.260 Prec@5 94.040             Loss 1.24485
Epoch [55] Testing Class Recall: [0.956,0.961,0.832,0.670,0.406,0.466,0.529,0.311,0.423,0.472]
Epoch [56] Training Results: Prec@1 86.930 Prec@5 99.447             Loss 0.95443
Epoch [56] Training Class Recall: [0.959,0.941,0.871,0.792,0.788,0.561,0.681,0.583,0.651,0.560]
Epoch [56] Testing Results: Prec@1 56.150 Prec@5 90.580             Loss 1.51435
Epoch [56] Testing Class Recall: [0.910,0.980,0.897,0.621,0.467,0.373,0.424,0.622,0.100,0.221]
Epoch [57] Training Results: Prec@1 86.965 Prec@5 99.493             Loss 0.95043
Epoch [57] Training Class Recall: [0.961,0.944,0.861,0.789,0.822,0.556,0.677,0.604,0.602,0.520]
Epoch [57] Testing Results: Prec@1 61.400 Prec@5 93.170             Loss 1.24440
Epoch [57] Testing Class Recall: [0.897,0.989,0.848,0.702,0.516,0.558,0.380,0.418,0.632,0.200]
Epoch [58] Training Results: Prec@1 86.976 Prec@5 99.551             Loss 1.05884
Epoch [58] Training Class Recall: [0.957,0.940,0.855,0.784,0.806,0.633,0.698,0.647,0.639,0.540]
Epoch [58] Testing Results: Prec@1 61.120 Prec@5 92.480             Loss 1.26331
Epoch [58] Testing Class Recall: [0.956,0.940,0.798,0.720,0.710,0.394,0.512,0.347,0.433,0.302]
Epoch [59] Training Results: Prec@1 87.655 Prec@5 99.678             Loss 0.95973
Epoch [59] Training Class Recall: [0.969,0.926,0.856,0.798,0.836,0.610,0.685,0.647,0.675,0.640]
Epoch [59] Testing Results: Prec@1 55.140 Prec@5 88.300             Loss 1.53881
Epoch [59] Testing Class Recall: [0.959,0.908,0.873,0.510,0.585,0.447,0.655,0.274,0.183,0.120]
Epoch [60] Training Results: Prec@1 87.368 Prec@5 99.493             Loss 1.06263
Epoch [60] Training Class Recall: [0.966,0.930,0.853,0.804,0.812,0.587,0.685,0.647,0.711,0.600]
Epoch [60] Testing Results: Prec@1 61.420 Prec@5 93.990             Loss 1.22343
Epoch [60] Testing Class Recall: [0.963,0.930,0.732,0.605,0.586,0.303,0.536,0.440,0.300,0.747]
Epoch [61] Training Results: Prec@1 87.851 Prec@5 99.528             Loss 0.97131
Epoch [61] Training Class Recall: [0.972,0.929,0.865,0.810,0.798,0.587,0.711,0.647,0.723,0.620]
Epoch [61] Testing Results: Prec@1 60.880 Prec@5 92.850             Loss 1.26631
Epoch [61] Testing Class Recall: [0.902,0.991,0.778,0.311,0.494,0.692,0.486,0.661,0.329,0.444]
Epoch [62] Training Results: Prec@1 87.575 Prec@5 99.551             Loss 0.95856
Epoch [62] Training Class Recall: [0.964,0.920,0.869,0.795,0.829,0.592,0.681,0.705,0.651,0.620]
Epoch [62] Testing Results: Prec@1 60.440 Prec@5 93.440             Loss 1.27205
Epoch [62] Testing Class Recall: [0.906,0.992,0.861,0.609,0.651,0.350,0.409,0.450,0.443,0.373]
Epoch [63] Training Results: Prec@1 88.231 Prec@5 99.597             Loss 1.05584
Epoch [63] Training Class Recall: [0.956,0.950,0.879,0.845,0.833,0.594,0.677,0.655,0.590,0.560]
Epoch [63] Testing Results: Prec@1 58.990 Prec@5 93.210             Loss 1.38005
Epoch [63] Testing Class Recall: [0.940,0.978,0.734,0.861,0.641,0.171,0.626,0.452,0.217,0.279]
Epoch [64] Training Results: Prec@1 87.874 Prec@5 99.539             Loss 1.01432
Epoch [64] Training Class Recall: [0.964,0.944,0.869,0.801,0.851,0.589,0.655,0.712,0.614,0.520]
Epoch [64] Testing Results: Prec@1 59.660 Prec@5 91.990             Loss 1.33883
Epoch [64] Testing Class Recall: [0.969,0.956,0.736,0.614,0.675,0.587,0.573,0.378,0.345,0.133]
Epoch [65] Training Results: Prec@1 87.966 Prec@5 99.551             Loss 0.99698
Epoch [65] Training Class Recall: [0.964,0.939,0.855,0.800,0.848,0.685,0.703,0.612,0.699,0.520]
Epoch [65] Testing Results: Prec@1 60.390 Prec@5 91.520             Loss 1.32627
Epoch [65] Testing Class Recall: [0.944,0.965,0.793,0.757,0.684,0.448,0.481,0.572,0.149,0.246]
Epoch [66] Training Results: Prec@1 88.323 Prec@5 99.608             Loss 0.89642
Epoch [66] Training Class Recall: [0.972,0.933,0.870,0.807,0.839,0.633,0.672,0.619,0.747,0.580]
Epoch [66] Testing Results: Prec@1 57.500 Prec@5 89.330             Loss 1.55970
Epoch [66] Testing Class Recall: [0.929,0.941,0.862,0.743,0.597,0.367,0.715,0.319,0.138,0.139]
Epoch [67] Training Results: Prec@1 88.462 Prec@5 99.689             Loss 1.01797
Epoch [67] Training Class Recall: [0.964,0.952,0.862,0.822,0.843,0.620,0.711,0.662,0.735,0.680]
Epoch [67] Testing Results: Prec@1 65.130 Prec@5 92.830             Loss 1.18435
Epoch [67] Testing Class Recall: [0.939,0.953,0.821,0.543,0.740,0.704,0.591,0.635,0.368,0.219]
Epoch [68] Training Results: Prec@1 89.049 Prec@5 99.712             Loss 0.99996
Epoch [68] Training Class Recall: [0.967,0.940,0.880,0.825,0.864,0.623,0.711,0.655,0.807,0.600]
Epoch [68] Testing Results: Prec@1 62.610 Prec@5 91.970             Loss 1.33271
Epoch [68] Testing Class Recall: [0.946,0.986,0.743,0.699,0.737,0.658,0.422,0.642,0.285,0.143]
Epoch [69] Training Results: Prec@1 88.680 Prec@5 99.632             Loss 0.92539
Epoch [69] Training Class Recall: [0.962,0.952,0.867,0.841,0.839,0.646,0.694,0.676,0.687,0.580]
Epoch [69] Testing Results: Prec@1 57.890 Prec@5 94.380             Loss 1.46999
Epoch [69] Testing Class Recall: [0.985,0.839,0.805,0.342,0.706,0.441,0.359,0.518,0.133,0.661]
Epoch [70] Training Results: Prec@1 88.945 Prec@5 99.712             Loss 0.95089
Epoch [70] Training Class Recall: [0.967,0.940,0.888,0.817,0.867,0.612,0.655,0.705,0.699,0.700]
Epoch [70] Testing Results: Prec@1 63.130 Prec@5 93.540             Loss 1.22434
Epoch [70] Testing Class Recall: [0.941,0.974,0.814,0.752,0.714,0.267,0.574,0.534,0.196,0.547]
Epoch [71] Training Results: Prec@1 89.222 Prec@5 99.643             Loss 0.99377
Epoch [71] Training Class Recall: [0.968,0.956,0.872,0.828,0.859,0.633,0.733,0.705,0.795,0.580]
Epoch [71] Testing Results: Prec@1 67.460 Prec@5 92.890             Loss 1.09951
Epoch [71] Testing Class Recall: [0.943,0.973,0.790,0.764,0.766,0.463,0.723,0.514,0.304,0.506]
Epoch [72] Training Results: Prec@1 88.588 Prec@5 99.655             Loss 0.94782
Epoch [72] Training Class Recall: [0.965,0.941,0.874,0.822,0.859,0.610,0.720,0.647,0.651,0.640]
Epoch [72] Testing Results: Prec@1 67.730 Prec@5 94.490             Loss 1.02252
Epoch [72] Testing Class Recall: [0.919,0.942,0.852,0.631,0.474,0.731,0.299,0.665,0.526,0.734]
Epoch [73] Training Results: Prec@1 89.636 Prec@5 99.758             Loss 0.97986
Epoch [73] Training Class Recall: [0.970,0.941,0.885,0.830,0.874,0.664,0.802,0.655,0.663,0.500]
Epoch [73] Testing Results: Prec@1 68.720 Prec@5 94.180             Loss 1.06777
Epoch [73] Testing Class Recall: [0.920,0.958,0.820,0.785,0.707,0.554,0.661,0.632,0.219,0.616]
Epoch [74] Training Results: Prec@1 89.440 Prec@5 99.724             Loss 0.94351
Epoch [74] Training Class Recall: [0.972,0.955,0.861,0.838,0.873,0.630,0.772,0.712,0.783,0.600]
Epoch [74] Testing Results: Prec@1 58.390 Prec@5 90.190             Loss 1.44616
Epoch [74] Testing Class Recall: [0.966,0.892,0.826,0.646,0.644,0.438,0.805,0.196,0.234,0.192]
Epoch [75] Training Results: Prec@1 90.016 Prec@5 99.735             Loss 0.98960
Epoch [75] Training Class Recall: [0.968,0.947,0.900,0.849,0.864,0.618,0.780,0.691,0.735,0.640]
Epoch [75] Testing Results: Prec@1 59.800 Prec@5 90.250             Loss 1.47530
Epoch [75] Testing Class Recall: [0.968,0.984,0.745,0.575,0.718,0.365,0.690,0.565,0.110,0.260]
Epoch [76] Training Results: Prec@1 89.129 Prec@5 99.712             Loss 0.99332
Epoch [76] Training Class Recall: [0.966,0.952,0.882,0.816,0.859,0.643,0.733,0.719,0.651,0.660]
Epoch [76] Testing Results: Prec@1 58.460 Prec@5 92.100             Loss 1.37528
Epoch [76] Testing Class Recall: [0.927,0.985,0.870,0.374,0.760,0.425,0.434,0.409,0.187,0.475]
Epoch [77] Training Results: Prec@1 89.763 Prec@5 99.747             Loss 0.91636
Epoch [77] Training Class Recall: [0.969,0.945,0.895,0.823,0.871,0.633,0.784,0.698,0.759,0.620]
Epoch [77] Testing Results: Prec@1 62.760 Prec@5 92.520             Loss 1.26019
Epoch [77] Testing Class Recall: [0.900,0.992,0.717,0.699,0.846,0.406,0.679,0.539,0.265,0.233]
Epoch [78] Training Results: Prec@1 90.500 Prec@5 99.735             Loss 0.97984
Epoch [78] Training Class Recall: [0.970,0.946,0.897,0.844,0.895,0.677,0.767,0.734,0.783,0.640]
Epoch [78] Testing Results: Prec@1 59.550 Prec@5 92.210             Loss 1.33968
Epoch [78] Testing Class Recall: [0.965,0.980,0.709,0.614,0.669,0.396,0.532,0.554,0.372,0.164]
Epoch [79] Training Results: Prec@1 89.889 Prec@5 99.678             Loss 0.93380
Epoch [79] Training Class Recall: [0.968,0.951,0.901,0.823,0.860,0.646,0.780,0.727,0.723,0.640]
Epoch [79] Testing Results: Prec@1 66.660 Prec@5 94.590             Loss 1.11450
Epoch [79] Testing Class Recall: [0.939,0.939,0.870,0.692,0.751,0.468,0.653,0.487,0.367,0.500]
Epoch [80] Training Results: Prec@1 90.062 Prec@5 99.724             Loss 0.89238
Epoch [80] Training Class Recall: [0.970,0.942,0.885,0.851,0.867,0.695,0.720,0.734,0.699,0.740]
Epoch [80] Testing Results: Prec@1 64.930 Prec@5 93.520             Loss 1.15368
Epoch [80] Testing Class Recall: [0.954,0.989,0.700,0.769,0.801,0.455,0.570,0.644,0.235,0.376]
Epoch [81] Training Results: Prec@1 89.740 Prec@5 99.827             Loss 0.90791
Epoch [81] Training Class Recall: [0.967,0.942,0.874,0.860,0.873,0.628,0.772,0.784,0.675,0.680]
Epoch [81] Testing Results: Prec@1 66.640 Prec@5 92.370             Loss 1.11482
Epoch [81] Testing Class Recall: [0.915,0.942,0.828,0.776,0.811,0.522,0.535,0.651,0.371,0.313]
Epoch [82] Training Results: Prec@1 90.143 Prec@5 99.770             Loss 0.97046
Epoch [82] Training Class Recall: [0.968,0.942,0.894,0.864,0.873,0.625,0.720,0.777,0.735,0.740]
Epoch [82] Testing Results: Prec@1 71.810 Prec@5 94.800             Loss 0.94052
Epoch [82] Testing Class Recall: [0.911,0.971,0.824,0.735,0.748,0.580,0.732,0.559,0.445,0.676]
Epoch [83] Training Results: Prec@1 90.638 Prec@5 99.747             Loss 0.96994
Epoch [83] Training Class Recall: [0.979,0.950,0.891,0.853,0.873,0.643,0.724,0.791,0.831,0.680]
Epoch [83] Testing Results: Prec@1 64.840 Prec@5 92.000             Loss 1.17908
Epoch [83] Testing Class Recall: [0.923,0.983,0.796,0.528,0.650,0.757,0.718,0.532,0.305,0.292]
Epoch [84] Training Results: Prec@1 90.822 Prec@5 99.816             Loss 0.95098
Epoch [84] Training Class Recall: [0.975,0.956,0.884,0.854,0.885,0.693,0.784,0.755,0.771,0.740]
Epoch [84] Testing Results: Prec@1 64.530 Prec@5 93.420             Loss 1.23792
Epoch [84] Testing Class Recall: [0.980,0.977,0.716,0.722,0.655,0.549,0.702,0.560,0.429,0.163]
Epoch [85] Training Results: Prec@1 91.363 Prec@5 99.747             Loss 0.91777
Epoch [85] Training Class Recall: [0.976,0.951,0.892,0.880,0.896,0.705,0.806,0.712,0.771,0.660]
Epoch [85] Testing Results: Prec@1 59.660 Prec@5 92.660             Loss 1.34350
Epoch [85] Testing Class Recall: [0.967,0.976,0.842,0.588,0.736,0.382,0.409,0.424,0.321,0.321]
Epoch [86] Training Results: Prec@1 90.765 Prec@5 99.735             Loss 0.93737
Epoch [86] Training Class Recall: [0.972,0.958,0.897,0.848,0.895,0.661,0.772,0.770,0.795,0.620]
Epoch [86] Testing Results: Prec@1 61.760 Prec@5 91.470             Loss 1.35659
Epoch [86] Testing Class Recall: [0.976,0.965,0.777,0.594,0.746,0.673,0.671,0.340,0.232,0.202]
Epoch [87] Training Results: Prec@1 90.880 Prec@5 99.701             Loss 0.92135
Epoch [87] Training Class Recall: [0.972,0.951,0.905,0.850,0.874,0.667,0.789,0.755,0.807,0.740]
Epoch [87] Testing Results: Prec@1 59.680 Prec@5 92.560             Loss 1.38275
Epoch [87] Testing Class Recall: [0.973,0.976,0.613,0.769,0.523,0.645,0.529,0.428,0.292,0.220]
Epoch [88] Training Results: Prec@1 91.099 Prec@5 99.781             Loss 0.93911
Epoch [88] Training Class Recall: [0.976,0.942,0.908,0.863,0.876,0.693,0.750,0.741,0.759,0.720]
Epoch [88] Testing Results: Prec@1 61.290 Prec@5 91.940             Loss 1.32765
Epoch [88] Testing Class Recall: [0.966,0.922,0.805,0.752,0.791,0.542,0.540,0.345,0.178,0.288]
Epoch [89] Training Results: Prec@1 91.202 Prec@5 99.804             Loss 0.95452
Epoch [89] Training Class Recall: [0.972,0.954,0.905,0.864,0.868,0.713,0.767,0.784,0.819,0.700]
Epoch [89] Testing Results: Prec@1 57.140 Prec@5 87.140             Loss 1.59702
Epoch [89] Testing Class Recall: [0.950,0.962,0.621,0.404,0.825,0.894,0.202,0.277,0.151,0.428]
Epoch [90] Training Results: Prec@1 90.903 Prec@5 99.747             Loss 0.95890
Epoch [90] Training Class Recall: [0.972,0.947,0.897,0.851,0.896,0.695,0.784,0.755,0.735,0.780]
Epoch [90] Testing Results: Prec@1 62.190 Prec@5 92.580             Loss 1.29502
Epoch [90] Testing Class Recall: [0.935,0.962,0.888,0.632,0.798,0.348,0.510,0.541,0.283,0.322]
Epoch [91] Training Results: Prec@1 90.937 Prec@5 99.827             Loss 0.96913
Epoch [91] Training Class Recall: [0.978,0.956,0.895,0.849,0.879,0.685,0.806,0.734,0.711,0.700]
Epoch [91] Testing Results: Prec@1 67.320 Prec@5 94.160             Loss 1.09927
Epoch [91] Testing Class Recall: [0.968,0.974,0.745,0.576,0.849,0.528,0.564,0.677,0.366,0.485]
Epoch [92] Training Results: Prec@1 91.352 Prec@5 99.770             Loss 0.87798
Epoch [92] Training Class Recall: [0.975,0.960,0.903,0.858,0.888,0.716,0.776,0.741,0.783,0.700]
Epoch [92] Testing Results: Prec@1 61.780 Prec@5 93.220             Loss 1.27882
Epoch [92] Testing Class Recall: [0.930,0.988,0.783,0.587,0.707,0.558,0.476,0.418,0.281,0.450]
Epoch [93] Training Results: Prec@1 91.029 Prec@5 99.770             Loss 0.98539
Epoch [93] Training Class Recall: [0.972,0.959,0.904,0.865,0.891,0.654,0.716,0.734,0.843,0.760]
Epoch [93] Testing Results: Prec@1 68.610 Prec@5 94.870             Loss 1.02837
Epoch [93] Testing Class Recall: [0.949,0.982,0.756,0.654,0.641,0.610,0.620,0.727,0.372,0.550]
Epoch [94] Training Results: Prec@1 91.444 Prec@5 99.850             Loss 0.95868
Epoch [94] Training Class Recall: [0.971,0.946,0.899,0.886,0.888,0.700,0.767,0.856,0.831,0.680]
Epoch [94] Testing Results: Prec@1 61.730 Prec@5 93.230             Loss 1.27529
Epoch [94] Testing Class Recall: [0.982,0.951,0.598,0.620,0.653,0.756,0.555,0.495,0.125,0.438]
Epoch [95] Training Results: Prec@1 91.329 Prec@5 99.862             Loss 0.88051
Epoch [95] Training Class Recall: [0.972,0.966,0.884,0.868,0.896,0.742,0.763,0.770,0.771,0.880]
Epoch [95] Testing Results: Prec@1 61.950 Prec@5 92.340             Loss 1.32903
Epoch [95] Testing Class Recall: [0.975,0.960,0.779,0.547,0.647,0.650,0.625,0.573,0.192,0.247]
Epoch [96] Training Results: Prec@1 91.663 Prec@5 99.770             Loss 0.99294
Epoch [96] Training Class Recall: [0.975,0.948,0.907,0.864,0.890,0.742,0.776,0.820,0.711,0.820]
Epoch [96] Testing Results: Prec@1 59.520 Prec@5 93.380             Loss 1.34907
Epoch [96] Testing Class Recall: [0.986,0.923,0.732,0.773,0.739,0.313,0.285,0.640,0.186,0.375]
Epoch [97] Training Results: Prec@1 91.409 Prec@5 99.873             Loss 0.93112
Epoch [97] Training Class Recall: [0.974,0.970,0.903,0.853,0.879,0.755,0.754,0.748,0.747,0.760]
Epoch [97] Testing Results: Prec@1 65.970 Prec@5 90.930             Loss 1.22256
Epoch [97] Testing Class Recall: [0.951,0.966,0.682,0.659,0.893,0.619,0.672,0.707,0.171,0.277]
Epoch [98] Training Results: Prec@1 92.077 Prec@5 99.931             Loss 0.92937
Epoch [98] Training Class Recall: [0.978,0.955,0.908,0.866,0.916,0.721,0.836,0.791,0.723,0.780]
Epoch [98] Testing Results: Prec@1 66.040 Prec@5 93.220             Loss 1.11491
Epoch [98] Testing Class Recall: [0.974,0.971,0.703,0.794,0.721,0.544,0.601,0.271,0.350,0.675]
Epoch [99] Training Results: Prec@1 91.697 Prec@5 99.839             Loss 0.94126
Epoch [99] Training Class Recall: [0.980,0.939,0.903,0.870,0.898,0.718,0.793,0.763,0.807,0.760]
Epoch [99] Testing Results: Prec@1 58.570 Prec@5 91.270             Loss 1.48874
Epoch [99] Testing Class Recall: [0.974,0.968,0.814,0.386,0.585,0.695,0.463,0.561,0.196,0.215]
Epoch [100] Training Results: Prec@1 91.363 Prec@5 99.827             Loss 1.00135
Epoch [100] Training Class Recall: [0.976,0.946,0.893,0.861,0.912,0.716,0.797,0.791,0.735,0.720]
Epoch [100] Testing Results: Prec@1 63.850 Prec@5 90.400             Loss 1.27243
Epoch [100] Testing Class Recall: [0.930,0.982,0.817,0.805,0.664,0.607,0.626,0.607,0.103,0.244]
Epoch [101] Training Results: Prec@1 92.239 Prec@5 99.781             Loss 0.98627
Epoch [101] Training Class Recall: [0.974,0.960,0.909,0.892,0.912,0.700,0.828,0.784,0.747,0.820]
Epoch [101] Testing Results: Prec@1 64.590 Prec@5 94.340             Loss 1.18971
Epoch [101] Testing Class Recall: [0.981,0.925,0.780,0.635,0.755,0.401,0.677,0.423,0.270,0.612]
Epoch [102] Training Results: Prec@1 91.536 Prec@5 99.885             Loss 0.88597
Epoch [102] Training Class Recall: [0.978,0.942,0.898,0.859,0.902,0.742,0.789,0.806,0.771,0.660]
Epoch [102] Testing Results: Prec@1 59.210 Prec@5 86.210             Loss 1.64574
Epoch [102] Testing Class Recall: [0.829,0.973,0.928,0.515,0.655,0.779,0.533,0.473,0.230,0.006]
Epoch [103] Training Results: Prec@1 91.709 Prec@5 99.816             Loss 0.90864
Epoch [103] Training Class Recall: [0.972,0.950,0.913,0.870,0.902,0.708,0.784,0.820,0.759,0.680]
Epoch [103] Testing Results: Prec@1 61.110 Prec@5 87.690             Loss 1.46322
Epoch [103] Testing Class Recall: [0.934,0.940,0.641,0.869,0.691,0.447,0.839,0.513,0.091,0.146]
Epoch [104] Training Results: Prec@1 91.962 Prec@5 99.839             Loss 0.97411
Epoch [104] Training Class Recall: [0.975,0.968,0.907,0.877,0.901,0.721,0.780,0.763,0.759,0.820]
Epoch [104] Testing Results: Prec@1 57.350 Prec@5 91.990             Loss 1.50920
Epoch [104] Testing Class Recall: [0.988,0.868,0.760,0.535,0.619,0.636,0.495,0.413,0.164,0.257]
Epoch [105] Training Results: Prec@1 91.951 Prec@5 99.873             Loss 0.87057
Epoch [105] Training Class Recall: [0.974,0.947,0.918,0.857,0.896,0.752,0.802,0.806,0.843,0.700]
Epoch [105] Testing Results: Prec@1 65.240 Prec@5 90.740             Loss 1.22167
Epoch [105] Testing Class Recall: [0.860,0.943,0.852,0.767,0.820,0.641,0.192,0.593,0.209,0.647]
Epoch [106] Training Results: Prec@1 91.870 Prec@5 99.816             Loss 0.94598
Epoch [106] Training Class Recall: [0.972,0.956,0.906,0.887,0.905,0.716,0.776,0.820,0.723,0.800]
Epoch [106] Testing Results: Prec@1 60.360 Prec@5 90.540             Loss 1.45818
Epoch [106] Testing Class Recall: [0.955,0.988,0.886,0.519,0.789,0.173,0.661,0.490,0.406,0.169]
Epoch [107] Training Results: Prec@1 92.826 Prec@5 99.919             Loss 0.92924
Epoch [107] Training Class Recall: [0.978,0.963,0.917,0.892,0.895,0.742,0.853,0.799,0.843,0.840]
Epoch [107] Testing Results: Prec@1 59.970 Prec@5 91.860             Loss 1.37083
Epoch [107] Testing Class Recall: [0.942,0.981,0.794,0.765,0.531,0.414,0.547,0.375,0.182,0.466]
Epoch [108] Training Results: Prec@1 91.916 Prec@5 99.793             Loss 0.94857
Epoch [108] Training Class Recall: [0.976,0.960,0.906,0.858,0.912,0.752,0.802,0.770,0.831,0.640]
Epoch [108] Testing Results: Prec@1 58.870 Prec@5 87.560             Loss 1.68194
Epoch [108] Testing Class Recall: [0.945,0.986,0.747,0.823,0.759,0.500,0.486,0.561,0.040,0.040]
Epoch [109] Training Results: Prec@1 91.893 Prec@5 99.862             Loss 0.90010
Epoch [109] Training Class Recall: [0.978,0.963,0.901,0.859,0.905,0.757,0.763,0.777,0.783,0.820]
Epoch [109] Testing Results: Prec@1 71.400 Prec@5 94.750             Loss 0.95218
Epoch [109] Testing Class Recall: [0.910,0.968,0.739,0.840,0.627,0.603,0.806,0.518,0.484,0.645]
Epoch [110] Training Results: Prec@1 92.596 Prec@5 99.885             Loss 0.94134
Epoch [110] Training Class Recall: [0.977,0.962,0.931,0.859,0.899,0.773,0.802,0.827,0.723,0.840]
Epoch [110] Testing Results: Prec@1 57.860 Prec@5 91.460             Loss 1.41040
Epoch [110] Testing Class Recall: [0.835,0.989,0.940,0.575,0.448,0.640,0.400,0.528,0.162,0.269]
Epoch [111] Training Results: Prec@1 91.674 Prec@5 99.885             Loss 0.88996
Epoch [111] Training Class Recall: [0.964,0.960,0.914,0.878,0.899,0.744,0.789,0.755,0.747,0.780]
Epoch [111] Testing Results: Prec@1 56.890 Prec@5 93.660             Loss 1.47841
Epoch [111] Testing Class Recall: [0.993,0.889,0.746,0.500,0.517,0.542,0.547,0.505,0.260,0.190]
Epoch [112] Training Results: Prec@1 92.411 Prec@5 99.873             Loss 0.87578
Epoch [112] Training Class Recall: [0.978,0.959,0.913,0.874,0.910,0.752,0.819,0.799,0.795,0.720]
Epoch [112] Testing Results: Prec@1 63.560 Prec@5 93.330             Loss 1.24666
Epoch [112] Testing Class Recall: [0.932,0.991,0.836,0.748,0.647,0.418,0.554,0.559,0.391,0.280]
Epoch [113] Training Results: Prec@1 92.365 Prec@5 99.896             Loss 0.89513
Epoch [113] Training Class Recall: [0.977,0.954,0.911,0.875,0.913,0.767,0.806,0.820,0.735,0.800]
Epoch [113] Testing Results: Prec@1 62.900 Prec@5 90.530             Loss 1.32066
Epoch [113] Testing Class Recall: [0.951,0.965,0.799,0.792,0.725,0.654,0.216,0.651,0.304,0.233]
Epoch [114] Training Results: Prec@1 92.757 Prec@5 99.896             Loss 0.91279
Epoch [114] Training Class Recall: [0.974,0.959,0.922,0.899,0.919,0.729,0.797,0.813,0.807,0.800]
Epoch [114] Testing Results: Prec@1 57.850 Prec@5 94.070             Loss 1.42600
Epoch [114] Testing Class Recall: [0.968,0.878,0.907,0.506,0.639,0.433,0.462,0.450,0.177,0.365]
Epoch [115] Training Results: Prec@1 92.688 Prec@5 99.919             Loss 0.86708
Epoch [115] Training Class Recall: [0.974,0.966,0.906,0.892,0.915,0.811,0.810,0.827,0.735,0.740]
Epoch [115] Testing Results: Prec@1 66.140 Prec@5 93.950             Loss 1.10930
Epoch [115] Testing Class Recall: [0.968,0.866,0.725,0.574,0.794,0.806,0.547,0.492,0.384,0.458]
Epoch [116] Training Results: Prec@1 92.492 Prec@5 99.873             Loss 0.92863
Epoch [116] Training Class Recall: [0.973,0.954,0.905,0.883,0.910,0.848,0.845,0.763,0.747,0.660]
Epoch [116] Testing Results: Prec@1 67.400 Prec@5 93.460             Loss 1.08800
Epoch [116] Testing Class Recall: [0.949,0.986,0.736,0.705,0.857,0.553,0.644,0.565,0.271,0.474]
Epoch [117] Training Results: Prec@1 92.768 Prec@5 99.908             Loss 0.90193
Epoch [117] Training Class Recall: [0.974,0.961,0.913,0.891,0.913,0.749,0.853,0.827,0.831,0.840]
Epoch [117] Testing Results: Prec@1 63.850 Prec@5 91.450             Loss 1.25948
Epoch [117] Testing Class Recall: [0.843,0.983,0.803,0.883,0.751,0.475,0.470,0.555,0.304,0.318]
Epoch [118] Training Results: Prec@1 92.699 Prec@5 99.839             Loss 0.88795
Epoch [118] Training Class Recall: [0.978,0.954,0.903,0.884,0.901,0.832,0.858,0.770,0.819,0.820]
Epoch [118] Testing Results: Prec@1 56.730 Prec@5 92.570             Loss 1.55753
Epoch [118] Testing Class Recall: [0.996,0.852,0.661,0.649,0.513,0.277,0.529,0.621,0.133,0.442]
Epoch [119] Training Results: Prec@1 92.573 Prec@5 99.885             Loss 0.89664
Epoch [119] Training Class Recall: [0.974,0.967,0.908,0.885,0.916,0.773,0.828,0.820,0.795,0.740]
Epoch [119] Testing Results: Prec@1 70.460 Prec@5 94.330             Loss 1.01283
Epoch [119] Testing Class Recall: [0.917,0.955,0.812,0.821,0.698,0.593,0.514,0.564,0.544,0.628]
Epoch [120] Training Results: Prec@1 92.550 Prec@5 99.850             Loss 0.85743
Epoch [120] Training Class Recall: [0.973,0.942,0.915,0.903,0.893,0.767,0.845,0.827,0.795,0.780]
Epoch [120] Testing Results: Prec@1 62.860 Prec@5 91.170             Loss 1.38337
Epoch [120] Testing Class Recall: [0.982,0.985,0.777,0.595,0.791,0.708,0.608,0.462,0.265,0.113]
Epoch [121] Training Results: Prec@1 93.551 Prec@5 99.942             Loss 0.87179
Epoch [121] Training Class Recall: [0.976,0.962,0.925,0.905,0.915,0.832,0.810,0.849,0.843,0.800]
Epoch [121] Testing Results: Prec@1 64.470 Prec@5 92.090             Loss 1.23524
Epoch [121] Testing Class Recall: [0.940,0.969,0.801,0.687,0.837,0.680,0.615,0.406,0.267,0.245]
Epoch [122] Training Results: Prec@1 92.607 Prec@5 99.919             Loss 0.92872
Epoch [122] Training Class Recall: [0.977,0.975,0.907,0.862,0.930,0.783,0.797,0.835,0.807,0.780]
Epoch [122] Testing Results: Prec@1 64.990 Prec@5 93.000             Loss 1.19555
Epoch [122] Testing Class Recall: [0.936,0.952,0.733,0.807,0.555,0.409,0.616,0.526,0.238,0.727]
Epoch [123] Training Results: Prec@1 93.356 Prec@5 99.873             Loss 0.88967
Epoch [123] Training Class Recall: [0.980,0.959,0.918,0.897,0.935,0.742,0.879,0.885,0.771,0.820]
Epoch [123] Testing Results: Prec@1 63.440 Prec@5 90.530             Loss 1.36426
Epoch [123] Testing Class Recall: [0.924,0.984,0.860,0.637,0.716,0.434,0.805,0.635,0.238,0.111]
Epoch [124] Training Results: Prec@1 93.436 Prec@5 99.931             Loss 0.88913
Epoch [124] Training Class Recall: [0.981,0.963,0.921,0.869,0.929,0.822,0.866,0.878,0.759,0.840]
Epoch [124] Testing Results: Prec@1 63.260 Prec@5 90.940             Loss 1.32151
Epoch [124] Testing Class Recall: [0.955,0.960,0.817,0.819,0.815,0.379,0.624,0.264,0.450,0.243]
Epoch [125] Training Results: Prec@1 93.171 Prec@5 99.954             Loss 0.88966
Epoch [125] Training Class Recall: [0.981,0.966,0.921,0.874,0.936,0.767,0.836,0.813,0.807,0.840]
Epoch [125] Testing Results: Prec@1 64.130 Prec@5 91.610             Loss 1.31531
Epoch [125] Testing Class Recall: [0.962,0.962,0.833,0.685,0.816,0.567,0.738,0.506,0.210,0.134]
Epoch [126] Training Results: Prec@1 93.448 Prec@5 99.885             Loss 0.88646
Epoch [126] Training Class Recall: [0.978,0.966,0.923,0.901,0.916,0.814,0.845,0.827,0.759,0.720]
Epoch [126] Testing Results: Prec@1 65.000 Prec@5 92.190             Loss 1.22442
Epoch [126] Testing Class Recall: [0.956,0.986,0.787,0.664,0.684,0.491,0.778,0.495,0.130,0.529]
Epoch [127] Training Results: Prec@1 92.976 Prec@5 99.896             Loss 0.95666
Epoch [127] Training Class Recall: [0.986,0.952,0.908,0.873,0.932,0.817,0.819,0.842,0.663,0.800]
Epoch [127] Testing Results: Prec@1 65.840 Prec@5 90.590             Loss 1.23501
Epoch [127] Testing Class Recall: [0.916,0.959,0.880,0.695,0.772,0.687,0.718,0.553,0.195,0.209]
Epoch [128] Training Results: Prec@1 93.747 Prec@5 99.919             Loss 0.89536
Epoch [128] Training Class Recall: [0.978,0.970,0.924,0.897,0.936,0.804,0.845,0.856,0.855,0.800]
Epoch [128] Testing Results: Prec@1 70.590 Prec@5 94.080             Loss 1.00020
Epoch [128] Testing Class Recall: [0.966,0.950,0.777,0.547,0.826,0.758,0.714,0.621,0.416,0.484]
Epoch [129] Training Results: Prec@1 93.045 Prec@5 99.919             Loss 0.86649
Epoch [129] Training Class Recall: [0.969,0.968,0.922,0.891,0.915,0.804,0.849,0.827,0.867,0.780]
Epoch [129] Testing Results: Prec@1 64.240 Prec@5 94.150             Loss 1.25607
Epoch [129] Testing Class Recall: [0.965,0.959,0.858,0.704,0.681,0.480,0.533,0.570,0.224,0.450]
Epoch [130] Training Results: Prec@1 93.217 Prec@5 99.931             Loss 0.88056
Epoch [130] Training Class Recall: [0.966,0.971,0.928,0.891,0.933,0.780,0.871,0.863,0.819,0.820]
Epoch [130] Testing Results: Prec@1 66.260 Prec@5 92.990             Loss 1.19033
Epoch [130] Testing Class Recall: [0.972,0.963,0.814,0.715,0.574,0.520,0.779,0.655,0.354,0.280]
Epoch [131] Training Results: Prec@1 92.573 Prec@5 99.896             Loss 0.94006
Epoch [131] Training Class Recall: [0.978,0.958,0.907,0.864,0.905,0.817,0.819,0.842,0.819,0.840]
Epoch [131] Testing Results: Prec@1 62.480 Prec@5 91.970             Loss 1.31399
Epoch [131] Testing Class Recall: [0.966,0.989,0.846,0.739,0.520,0.471,0.606,0.603,0.263,0.245]
Epoch [132] Training Results: Prec@1 93.379 Prec@5 99.931             Loss 0.86343
Epoch [132] Training Class Recall: [0.978,0.963,0.920,0.891,0.929,0.811,0.841,0.827,0.795,0.800]
Epoch [132] Testing Results: Prec@1 56.900 Prec@5 89.510             Loss 1.64984
Epoch [132] Testing Class Recall: [0.898,0.991,0.948,0.559,0.711,0.517,0.389,0.375,0.203,0.099]
Epoch [133] Training Results: Prec@1 93.079 Prec@5 99.896             Loss 0.90471
Epoch [133] Training Class Recall: [0.975,0.955,0.916,0.896,0.912,0.822,0.853,0.835,0.759,0.780]
Epoch [133] Testing Results: Prec@1 70.790 Prec@5 94.440             Loss 0.98863
Epoch [133] Testing Class Recall: [0.929,0.988,0.829,0.624,0.787,0.547,0.683,0.683,0.588,0.421]
Epoch [134] Training Results: Prec@1 93.620 Prec@5 99.942             Loss 0.89127
Epoch [134] Training Class Recall: [0.979,0.972,0.923,0.893,0.929,0.783,0.884,0.892,0.735,0.780]
Epoch [134] Testing Results: Prec@1 63.210 Prec@5 92.080             Loss 1.32360
Epoch [134] Testing Class Recall: [0.946,0.937,0.902,0.651,0.629,0.467,0.637,0.496,0.181,0.475]
Epoch [135] Training Results: Prec@1 93.954 Prec@5 99.919             Loss 0.90368
Epoch [135] Training Class Recall: [0.975,0.952,0.931,0.906,0.922,0.842,0.897,0.863,0.855,0.820]
Epoch [135] Testing Results: Prec@1 66.460 Prec@5 91.860             Loss 1.22739
Epoch [135] Testing Class Recall: [0.937,0.975,0.747,0.780,0.702,0.547,0.812,0.641,0.142,0.363]
Epoch [136] Training Results: Prec@1 93.885 Prec@5 99.954             Loss 0.86674
Epoch [136] Training Class Recall: [0.973,0.957,0.931,0.916,0.919,0.829,0.901,0.835,0.867,0.760]
Epoch [136] Testing Results: Prec@1 61.520 Prec@5 90.500             Loss 1.44440
Epoch [136] Testing Class Recall: [0.924,0.990,0.896,0.658,0.638,0.636,0.547,0.549,0.199,0.115]
Epoch [137] Training Results: Prec@1 93.436 Prec@5 99.931             Loss 0.87044
Epoch [137] Training Class Recall: [0.977,0.968,0.927,0.885,0.919,0.848,0.819,0.827,0.807,0.700]
Epoch [137] Testing Results: Prec@1 61.010 Prec@5 91.500             Loss 1.40970
Epoch [137] Testing Class Recall: [0.985,0.959,0.690,0.833,0.796,0.336,0.455,0.392,0.326,0.329]
Epoch [138] Training Results: Prec@1 93.897 Prec@5 99.919             Loss 0.91203
Epoch [138] Training Class Recall: [0.982,0.971,0.924,0.913,0.916,0.796,0.858,0.835,0.880,0.720]
Epoch [138] Testing Results: Prec@1 66.230 Prec@5 92.420             Loss 1.18578
Epoch [138] Testing Class Recall: [0.985,0.958,0.739,0.686,0.810,0.569,0.760,0.548,0.303,0.265]
Epoch [139] Training Results: Prec@1 94.323 Prec@5 99.954             Loss 0.88943
Epoch [139] Training Class Recall: [0.982,0.966,0.937,0.900,0.932,0.809,0.927,0.842,0.855,0.780]
Epoch [139] Testing Results: Prec@1 65.280 Prec@5 91.850             Loss 1.20464
Epoch [139] Testing Class Recall: [0.920,0.986,0.838,0.746,0.879,0.381,0.512,0.582,0.455,0.229]
Epoch [140] Training Results: Prec@1 94.162 Prec@5 99.919             Loss 0.94141
Epoch [140] Training Class Recall: [0.983,0.980,0.930,0.908,0.932,0.806,0.858,0.799,0.807,0.820]
Epoch [140] Testing Results: Prec@1 69.350 Prec@5 93.750             Loss 1.04163
Epoch [140] Testing Class Recall: [0.972,0.971,0.732,0.790,0.792,0.500,0.680,0.744,0.326,0.428]
Epoch [141] Training Results: Prec@1 94.219 Prec@5 99.942             Loss 0.85440
Epoch [141] Training Class Recall: [0.981,0.980,0.929,0.916,0.936,0.791,0.862,0.849,0.807,0.760]
Epoch [141] Testing Results: Prec@1 65.670 Prec@5 92.500             Loss 1.19869
Epoch [141] Testing Class Recall: [0.925,0.983,0.806,0.851,0.630,0.314,0.812,0.391,0.536,0.319]
Epoch [142] Training Results: Prec@1 93.770 Prec@5 99.954             Loss 0.89507
Epoch [142] Training Class Recall: [0.978,0.967,0.930,0.909,0.899,0.811,0.862,0.878,0.831,0.780]
Epoch [142] Testing Results: Prec@1 57.850 Prec@5 91.750             Loss 1.48577
Epoch [142] Testing Class Recall: [0.974,0.961,0.870,0.724,0.535,0.333,0.577,0.327,0.271,0.213]
Epoch [143] Training Results: Prec@1 93.701 Prec@5 99.942             Loss 0.87230
Epoch [143] Training Class Recall: [0.976,0.966,0.922,0.900,0.936,0.832,0.858,0.856,0.867,0.680]
Epoch [143] Testing Results: Prec@1 66.950 Prec@5 94.550             Loss 1.08368
Epoch [143] Testing Class Recall: [0.966,0.959,0.675,0.851,0.718,0.436,0.751,0.524,0.378,0.437]
Epoch [144] Training Results: Prec@1 93.954 Prec@5 99.931             Loss 0.92733
Epoch [144] Training Class Recall: [0.981,0.951,0.932,0.911,0.943,0.783,0.849,0.863,0.819,0.800]
Epoch [144] Testing Results: Prec@1 66.010 Prec@5 93.850             Loss 1.12418
Epoch [144] Testing Class Recall: [0.963,0.947,0.652,0.876,0.810,0.499,0.669,0.342,0.360,0.483]
Epoch [145] Training Results: Prec@1 94.231 Prec@5 99.942             Loss 0.89884
Epoch [145] Training Class Recall: [0.980,0.971,0.929,0.904,0.936,0.853,0.871,0.835,0.783,0.800]
Epoch [145] Testing Results: Prec@1 54.810 Prec@5 88.310             Loss 1.64144
Epoch [145] Testing Class Recall: [0.899,0.985,0.940,0.708,0.436,0.371,0.322,0.372,0.271,0.177]
Epoch [146] Training Results: Prec@1 93.897 Prec@5 99.908             Loss 0.91363
Epoch [146] Training Class Recall: [0.980,0.962,0.923,0.898,0.907,0.876,0.815,0.921,0.843,0.860]
Epoch [146] Testing Results: Prec@1 67.490 Prec@5 93.760             Loss 1.10590
Epoch [146] Testing Class Recall: [0.987,0.947,0.599,0.715,0.787,0.599,0.789,0.452,0.414,0.460]
Epoch [147] Training Results: Prec@1 93.574 Prec@5 99.931             Loss 0.90382
Epoch [147] Training Class Recall: [0.979,0.957,0.921,0.903,0.926,0.809,0.866,0.863,0.771,0.800]
Epoch [147] Testing Results: Prec@1 60.660 Prec@5 93.290             Loss 1.31457
Epoch [147] Testing Class Recall: [0.951,0.975,0.916,0.696,0.532,0.306,0.458,0.606,0.280,0.346]
Epoch [148] Training Results: Prec@1 93.609 Prec@5 99.977             Loss 0.87950
Epoch [148] Training Class Recall: [0.981,0.967,0.918,0.894,0.912,0.832,0.879,0.842,0.819,0.740]
Epoch [148] Testing Results: Prec@1 65.780 Prec@5 92.610             Loss 1.19275
Epoch [148] Testing Class Recall: [0.978,0.934,0.804,0.671,0.750,0.403,0.709,0.494,0.259,0.576]
Epoch [149] Training Results: Prec@1 93.632 Prec@5 99.942             Loss 0.85786
Epoch [149] Training Class Recall: [0.987,0.961,0.912,0.910,0.918,0.793,0.862,0.827,0.807,0.740]
Epoch [149] Testing Results: Prec@1 68.000 Prec@5 93.130             Loss 1.08945
Epoch [149] Testing Class Recall: [0.910,0.990,0.896,0.625,0.761,0.591,0.725,0.714,0.312,0.276]
Epoch [150] Training Results: Prec@1 93.724 Prec@5 99.931             Loss 0.86244
Epoch [150] Training Class Recall: [0.980,0.967,0.927,0.902,0.918,0.801,0.853,0.849,0.819,0.760]
Epoch [150] Testing Results: Prec@1 64.670 Prec@5 92.500             Loss 1.25599
Epoch [150] Testing Class Recall: [0.958,0.984,0.815,0.537,0.726,0.685,0.754,0.370,0.237,0.401]
Epoch [151] Training Results: Prec@1 94.023 Prec@5 99.965             Loss 0.86977
Epoch [151] Training Class Recall: [0.976,0.970,0.930,0.908,0.913,0.811,0.931,0.885,0.819,0.800]
Epoch [151] Testing Results: Prec@1 56.100 Prec@5 90.620             Loss 1.61159
Epoch [151] Testing Class Recall: [0.980,0.931,0.888,0.516,0.744,0.262,0.477,0.393,0.255,0.164]
Epoch [152] Training Results: Prec@1 94.035 Prec@5 99.942             Loss 0.82690
Epoch [152] Training Class Recall: [0.971,0.975,0.940,0.893,0.943,0.801,0.901,0.878,0.855,0.860]
Epoch [152] Testing Results: Prec@1 67.230 Prec@5 93.230             Loss 1.14107
Epoch [152] Testing Class Recall: [0.970,0.985,0.822,0.672,0.822,0.528,0.425,0.636,0.466,0.397]
Epoch [153] Training Results: Prec@1 94.300 Prec@5 99.977             Loss 0.90065
Epoch [153] Training Class Recall: [0.974,0.980,0.946,0.916,0.909,0.811,0.879,0.871,0.831,0.800]
Epoch [153] Testing Results: Prec@1 70.440 Prec@5 94.370             Loss 1.02782
Epoch [153] Testing Class Recall: [0.952,0.989,0.762,0.754,0.803,0.508,0.802,0.628,0.337,0.509]
Epoch [154] Training Results: Prec@1 94.346 Prec@5 99.965             Loss 0.92631
Epoch [154] Training Class Recall: [0.977,0.970,0.940,0.893,0.926,0.842,0.884,0.914,0.867,0.900]
Epoch [154] Testing Results: Prec@1 62.740 Prec@5 90.130             Loss 1.37928
Epoch [154] Testing Class Recall: [0.983,0.956,0.648,0.679,0.763,0.739,0.747,0.329,0.245,0.185]
Epoch [155] Training Results: Prec@1 93.908 Prec@5 99.954             Loss 0.95406
Epoch [155] Training Class Recall: [0.976,0.961,0.916,0.915,0.946,0.832,0.858,0.885,0.843,0.840]
Epoch [155] Testing Results: Prec@1 62.200 Prec@5 91.630             Loss 1.37193
Epoch [155] Testing Class Recall: [0.975,0.947,0.857,0.600,0.581,0.644,0.700,0.356,0.149,0.411]
Epoch [156] Training Results: Prec@1 94.254 Prec@5 99.942             Loss 0.88856
Epoch [156] Training Class Recall: [0.981,0.968,0.931,0.899,0.932,0.829,0.875,0.878,0.843,0.900]
Epoch [156] Testing Results: Prec@1 65.450 Prec@5 92.510             Loss 1.19781
Epoch [156] Testing Class Recall: [0.980,0.949,0.825,0.634,0.794,0.569,0.563,0.659,0.258,0.314]
Epoch [157] Training Results: Prec@1 93.966 Prec@5 99.942             Loss 0.88480
Epoch [157] Training Class Recall: [0.975,0.963,0.935,0.901,0.930,0.853,0.871,0.863,0.747,0.780]
Epoch [157] Testing Results: Prec@1 67.270 Prec@5 91.700             Loss 1.15100
Epoch [157] Testing Class Recall: [0.956,0.974,0.714,0.769,0.611,0.746,0.725,0.609,0.193,0.430]
Epoch [158] Training Results: Prec@1 93.114 Prec@5 99.908             Loss 0.88190
Epoch [158] Training Class Recall: [0.970,0.962,0.926,0.898,0.916,0.804,0.866,0.799,0.783,0.720]
Epoch [158] Testing Results: Prec@1 54.490 Prec@5 91.770             Loss 1.59476
Epoch [158] Testing Class Recall: [0.994,0.870,0.769,0.696,0.656,0.386,0.525,0.163,0.227,0.163]
Epoch [159] Training Results: Prec@1 93.805 Prec@5 99.873             Loss 0.87788
Epoch [159] Training Class Recall: [0.973,0.958,0.943,0.916,0.912,0.778,0.875,0.856,0.819,0.840]
Epoch [159] Testing Results: Prec@1 63.590 Prec@5 91.350             Loss 1.36674
Epoch [159] Testing Class Recall: [0.892,0.983,0.702,0.919,0.852,0.367,0.433,0.308,0.468,0.435]
Epoch [160] Training Results: Prec@1 95.647 Prec@5 99.977             Loss 0.27473
Epoch [160] Training Class Recall: [0.975,0.990,0.933,0.957,0.966,0.894,0.909,0.827,0.928,0.920]
Epoch [160] Testing Results: Prec@1 71.950 Prec@5 93.930             Loss 1.69464
Epoch [160] Testing Class Recall: [0.942,0.987,0.825,0.774,0.869,0.650,0.703,0.526,0.442,0.477]
Epoch [161] Training Results: Prec@1 96.027 Prec@5 99.954             Loss 0.26341
Epoch [161] Training Class Recall: [0.970,0.988,0.930,0.966,0.975,0.928,0.940,0.906,1.000,1.000]
Epoch [161] Testing Results: Prec@1 74.330 Prec@5 94.610             Loss 1.45816
Epoch [161] Testing Class Recall: [0.936,0.987,0.812,0.786,0.865,0.655,0.725,0.594,0.523,0.550]
Epoch [162] Training Results: Prec@1 96.108 Prec@5 99.965             Loss 0.25735
Epoch [162] Training Class Recall: [0.970,0.985,0.936,0.958,0.971,0.933,0.961,0.950,0.976,1.000]
Epoch [162] Testing Results: Prec@1 75.920 Prec@5 95.500             Loss 1.27885
Epoch [162] Testing Class Recall: [0.935,0.985,0.820,0.760,0.862,0.664,0.746,0.665,0.567,0.588]
Epoch [163] Training Results: Prec@1 95.728 Prec@5 99.977             Loss 0.21844
Epoch [163] Training Class Recall: [0.964,0.971,0.934,0.955,0.975,0.941,0.957,0.942,0.976,1.000]
Epoch [163] Testing Results: Prec@1 76.600 Prec@5 95.610             Loss 1.24130
Epoch [163] Testing Class Recall: [0.934,0.984,0.802,0.774,0.871,0.661,0.771,0.703,0.543,0.617]
Epoch [164] Training Results: Prec@1 95.751 Prec@5 99.965             Loss 0.21714
Epoch [164] Training Class Recall: [0.965,0.975,0.937,0.952,0.977,0.917,0.953,0.964,0.988,1.000]
Epoch [164] Testing Results: Prec@1 77.590 Prec@5 96.000             Loss 1.13312
Epoch [164] Testing Class Recall: [0.921,0.984,0.818,0.760,0.848,0.688,0.778,0.713,0.598,0.651]
Epoch [165] Training Results: Prec@1 95.877 Prec@5 99.977             Loss 0.25079
Epoch [165] Training Class Recall: [0.966,0.965,0.939,0.951,0.975,0.930,0.983,0.978,1.000,1.000]
Epoch [165] Testing Results: Prec@1 78.430 Prec@5 96.180             Loss 1.02842
Epoch [165] Testing Class Recall: [0.921,0.978,0.805,0.761,0.866,0.692,0.759,0.731,0.613,0.717]
Epoch [166] Training Results: Prec@1 95.555 Prec@5 99.965             Loss 0.23523
Epoch [166] Training Class Recall: [0.963,0.958,0.933,0.949,0.964,0.964,0.970,0.971,1.000,1.000]
Epoch [166] Testing Results: Prec@1 78.660 Prec@5 96.230             Loss 0.99847
Epoch [166] Testing Class Recall: [0.911,0.975,0.811,0.759,0.860,0.714,0.751,0.743,0.610,0.732]
Epoch [167] Training Results: Prec@1 95.164 Prec@5 99.965             Loss 0.21539
Epoch [167] Training Class Recall: [0.954,0.958,0.938,0.937,0.972,0.948,0.961,1.000,1.000,1.000]
Epoch [167] Testing Results: Prec@1 79.560 Prec@5 96.810             Loss 0.88902
Epoch [167] Testing Class Recall: [0.906,0.967,0.822,0.750,0.840,0.705,0.799,0.744,0.669,0.754]
Epoch [168] Training Results: Prec@1 94.991 Prec@5 99.965             Loss 0.21497
Epoch [168] Training Class Recall: [0.953,0.957,0.932,0.937,0.967,0.948,0.983,0.993,0.988,1.000]
Epoch [168] Testing Results: Prec@1 79.790 Prec@5 96.990             Loss 0.86090
Epoch [168] Testing Class Recall: [0.915,0.962,0.817,0.758,0.838,0.686,0.803,0.769,0.670,0.761]
Epoch [169] Training Results: Prec@1 94.830 Prec@5 99.954             Loss 0.23319
Epoch [169] Training Class Recall: [0.950,0.948,0.936,0.940,0.961,0.938,0.991,0.986,1.000,1.000]
Epoch [169] Testing Results: Prec@1 79.740 Prec@5 96.760             Loss 0.88261
Epoch [169] Testing Class Recall: [0.901,0.967,0.802,0.709,0.863,0.720,0.825,0.793,0.641,0.753]
Epoch [170] Training Results: Prec@1 94.795 Prec@5 99.942             Loss 0.20279
Epoch [170] Training Class Recall: [0.948,0.940,0.930,0.950,0.966,0.966,0.974,0.986,1.000,1.000]
Epoch [170] Testing Results: Prec@1 80.120 Prec@5 97.080             Loss 0.83457
Epoch [170] Testing Class Recall: [0.907,0.962,0.794,0.736,0.861,0.714,0.811,0.784,0.686,0.757]
Epoch [171] Training Results: Prec@1 94.553 Prec@5 99.988             Loss 0.20949
Epoch [171] Training Class Recall: [0.945,0.933,0.932,0.947,0.960,0.956,0.991,0.993,1.000,1.000]
Epoch [171] Testing Results: Prec@1 80.140 Prec@5 97.090             Loss 0.83026
Epoch [171] Testing Class Recall: [0.894,0.960,0.797,0.760,0.861,0.716,0.798,0.776,0.691,0.761]
Epoch [172] Training Results: Prec@1 94.645 Prec@5 99.942             Loss 0.22213
Epoch [172] Training Class Recall: [0.947,0.931,0.937,0.942,0.967,0.951,0.983,0.971,1.000,1.000]
Epoch [172] Testing Results: Prec@1 79.840 Prec@5 97.050             Loss 0.81478
Epoch [172] Testing Class Recall: [0.892,0.963,0.790,0.770,0.830,0.700,0.803,0.788,0.677,0.771]
Epoch [173] Training Results: Prec@1 94.588 Prec@5 99.977             Loss 0.19807
Epoch [173] Training Class Recall: [0.943,0.941,0.943,0.928,0.966,0.951,0.991,0.993,1.000,1.000]
Epoch [173] Testing Results: Prec@1 80.350 Prec@5 97.360             Loss 0.78847
Epoch [173] Testing Class Recall: [0.898,0.950,0.782,0.752,0.848,0.725,0.813,0.783,0.714,0.770]
Epoch [174] Training Results: Prec@1 94.392 Prec@5 99.931             Loss 0.20066
Epoch [174] Training Class Recall: [0.942,0.939,0.928,0.938,0.972,0.951,0.991,1.000,1.000,1.000]
Epoch [174] Testing Results: Prec@1 80.510 Prec@5 97.280             Loss 0.80013
Epoch [174] Testing Class Recall: [0.893,0.954,0.806,0.746,0.852,0.714,0.832,0.790,0.692,0.772]
Epoch [175] Training Results: Prec@1 94.864 Prec@5 99.942             Loss 0.20354
Epoch [175] Training Class Recall: [0.941,0.955,0.940,0.950,0.967,0.956,0.991,0.986,1.000,1.000]
Epoch [175] Testing Results: Prec@1 80.450 Prec@5 97.300             Loss 0.79529
Epoch [175] Testing Class Recall: [0.876,0.960,0.806,0.737,0.844,0.722,0.838,0.782,0.724,0.756]
Epoch [176] Training Results: Prec@1 94.795 Prec@5 99.977             Loss 0.21629
Epoch [176] Training Class Recall: [0.946,0.942,0.936,0.941,0.972,0.956,0.991,1.000,1.000,1.000]
Epoch [176] Testing Results: Prec@1 80.600 Prec@5 97.250             Loss 0.79485
Epoch [176] Testing Class Recall: [0.887,0.956,0.775,0.753,0.871,0.708,0.852,0.778,0.731,0.749]
Epoch [177] Training Results: Prec@1 94.864 Prec@5 99.988             Loss 0.20265
Epoch [177] Training Class Recall: [0.944,0.951,0.942,0.932,0.972,0.959,0.987,1.000,1.000,1.000]
Epoch [177] Testing Results: Prec@1 80.440 Prec@5 97.400             Loss 0.75352
Epoch [177] Testing Class Recall: [0.870,0.955,0.782,0.765,0.847,0.714,0.818,0.790,0.735,0.768]
Epoch [178] Training Results: Prec@1 94.956 Prec@5 99.942             Loss 0.21111
Epoch [178] Training Class Recall: [0.943,0.954,0.936,0.951,0.967,0.964,0.996,0.986,1.000,1.000]
Epoch [178] Testing Results: Prec@1 80.440 Prec@5 97.310             Loss 0.77524
Epoch [178] Testing Class Recall: [0.874,0.957,0.792,0.762,0.867,0.698,0.829,0.788,0.710,0.767]
Epoch [179] Training Results: Prec@1 94.553 Prec@5 99.965             Loss 0.21929
Epoch [179] Training Class Recall: [0.941,0.937,0.940,0.940,0.971,0.951,0.987,0.986,1.000,1.000]
Epoch [179] Testing Results: Prec@1 80.500 Prec@5 97.300             Loss 0.77325
Epoch [179] Testing Class Recall: [0.893,0.957,0.795,0.779,0.850,0.699,0.810,0.771,0.718,0.778]
Epoch [180] Training Results: Prec@1 94.496 Prec@5 99.965             Loss 0.21364
Epoch [180] Training Class Recall: [0.938,0.946,0.936,0.936,0.966,0.959,1.000,1.000,1.000,1.000]
Epoch [180] Testing Results: Prec@1 80.100 Prec@5 97.110             Loss 0.79020
Epoch [180] Testing Class Recall: [0.875,0.961,0.787,0.743,0.843,0.718,0.819,0.809,0.701,0.754]
Epoch [181] Training Results: Prec@1 94.542 Prec@5 99.988             Loss 0.23161
Epoch [181] Training Class Recall: [0.937,0.944,0.935,0.949,0.967,0.966,0.991,0.971,1.000,1.000]
Epoch [181] Testing Results: Prec@1 80.560 Prec@5 97.340             Loss 0.76834
Epoch [181] Testing Class Recall: [0.887,0.955,0.802,0.745,0.845,0.722,0.817,0.796,0.733,0.754]
Epoch [182] Training Results: Prec@1 94.691 Prec@5 100.000             Loss 0.20215
Epoch [182] Training Class Recall: [0.942,0.940,0.936,0.949,0.966,0.959,0.996,0.986,1.000,1.000]
Epoch [182] Testing Results: Prec@1 80.320 Prec@5 97.290             Loss 0.79272
Epoch [182] Testing Class Recall: [0.883,0.961,0.785,0.755,0.845,0.715,0.828,0.794,0.728,0.738]
Epoch [183] Training Results: Prec@1 94.427 Prec@5 99.977             Loss 0.21869
Epoch [183] Training Class Recall: [0.936,0.941,0.937,0.942,0.969,0.953,0.991,1.000,1.000,1.000]
Epoch [183] Testing Results: Prec@1 80.380 Prec@5 97.350             Loss 0.75462
Epoch [183] Testing Class Recall: [0.869,0.947,0.797,0.730,0.868,0.715,0.824,0.797,0.723,0.768]
Epoch [184] Training Results: Prec@1 94.887 Prec@5 99.977             Loss 0.20834
Epoch [184] Training Class Recall: [0.942,0.940,0.941,0.946,0.975,0.972,0.991,0.993,1.000,1.000]
Epoch [184] Testing Results: Prec@1 80.230 Prec@5 97.180             Loss 0.82537
Epoch [184] Testing Class Recall: [0.881,0.965,0.793,0.762,0.857,0.722,0.819,0.783,0.694,0.747]
Epoch [185] Training Results: Prec@1 94.519 Prec@5 99.965             Loss 0.22102
Epoch [185] Training Class Recall: [0.935,0.954,0.937,0.941,0.969,0.959,1.000,0.986,1.000,0.980]
Epoch [185] Testing Results: Prec@1 80.220 Prec@5 97.220             Loss 0.79029
Epoch [185] Testing Class Recall: [0.879,0.958,0.780,0.735,0.839,0.735,0.833,0.805,0.703,0.755]
Epoch [186] Training Results: Prec@1 94.876 Prec@5 99.965             Loss 0.22085
Epoch [186] Training Class Recall: [0.940,0.958,0.941,0.940,0.974,0.961,0.991,1.000,1.000,1.000]
Epoch [186] Testing Results: Prec@1 80.220 Prec@5 97.190             Loss 0.79262
Epoch [186] Testing Class Recall: [0.885,0.962,0.796,0.752,0.851,0.704,0.811,0.798,0.709,0.754]
Epoch [187] Training Results: Prec@1 94.703 Prec@5 99.965             Loss 0.20469
Epoch [187] Training Class Recall: [0.933,0.948,0.951,0.939,0.972,0.966,0.996,0.986,1.000,1.000]
Epoch [187] Testing Results: Prec@1 80.520 Prec@5 97.260             Loss 0.77321
Epoch [187] Testing Class Recall: [0.881,0.952,0.787,0.757,0.867,0.701,0.831,0.800,0.712,0.764]
Epoch [188] Training Results: Prec@1 94.933 Prec@5 99.988             Loss 0.20477
Epoch [188] Training Class Recall: [0.940,0.951,0.941,0.948,0.980,0.961,0.991,0.978,1.000,1.000]
Epoch [188] Testing Results: Prec@1 80.310 Prec@5 97.290             Loss 0.77826
Epoch [188] Testing Class Recall: [0.890,0.955,0.778,0.764,0.846,0.709,0.828,0.786,0.702,0.773]
Epoch [189] Training Results: Prec@1 94.334 Prec@5 99.988             Loss 0.21930
Epoch [189] Training Class Recall: [0.938,0.939,0.930,0.942,0.972,0.959,0.987,0.978,1.000,1.000]
Epoch [189] Testing Results: Prec@1 80.600 Prec@5 97.460             Loss 0.75449
Epoch [189] Testing Class Recall: [0.879,0.945,0.791,0.737,0.850,0.733,0.841,0.783,0.724,0.777]
Epoch [190] Training Results: Prec@1 94.795 Prec@5 99.977             Loss 0.20536
Epoch [190] Training Class Recall: [0.942,0.940,0.936,0.950,0.975,0.951,1.000,1.000,1.000,1.000]
Epoch [190] Testing Results: Prec@1 80.470 Prec@5 97.190             Loss 0.80148
Epoch [190] Testing Class Recall: [0.880,0.959,0.801,0.743,0.852,0.723,0.852,0.787,0.693,0.757]
Epoch [191] Training Results: Prec@1 94.933 Prec@5 100.000             Loss 0.20982
Epoch [191] Training Class Recall: [0.946,0.945,0.939,0.946,0.978,0.948,0.987,0.978,1.000,1.000]
Epoch [191] Testing Results: Prec@1 80.450 Prec@5 97.320             Loss 0.80517
Epoch [191] Testing Class Recall: [0.888,0.957,0.793,0.757,0.846,0.711,0.832,0.793,0.733,0.735]
Epoch [192] Training Results: Prec@1 94.553 Prec@5 99.965             Loss 0.22192
Epoch [192] Training Class Recall: [0.939,0.938,0.943,0.931,0.978,0.951,0.991,0.993,1.000,1.000]
Epoch [192] Testing Results: Prec@1 80.380 Prec@5 97.250             Loss 0.77118
Epoch [192] Testing Class Recall: [0.864,0.958,0.806,0.735,0.848,0.726,0.824,0.802,0.712,0.763]
Epoch [193] Training Results: Prec@1 94.576 Prec@5 99.942             Loss 0.22081
Epoch [193] Training Class Recall: [0.938,0.944,0.936,0.943,0.981,0.951,0.991,1.000,1.000,1.000]
Epoch [193] Testing Results: Prec@1 80.450 Prec@5 97.270             Loss 0.75416
Epoch [193] Testing Class Recall: [0.885,0.958,0.800,0.743,0.855,0.713,0.805,0.790,0.725,0.771]
Epoch [194] Training Results: Prec@1 94.219 Prec@5 99.988             Loss 0.21015
Epoch [194] Training Class Recall: [0.937,0.938,0.926,0.947,0.969,0.956,0.983,0.978,1.000,1.000]
Epoch [194] Testing Results: Prec@1 80.470 Prec@5 97.290             Loss 0.80299
Epoch [194] Testing Class Recall: [0.887,0.961,0.807,0.742,0.855,0.720,0.833,0.782,0.712,0.748]
Epoch [195] Training Results: Prec@1 94.542 Prec@5 99.988             Loss 0.22435
Epoch [195] Training Class Recall: [0.938,0.937,0.944,0.936,0.969,0.966,0.996,0.978,1.000,1.000]
Epoch [195] Testing Results: Prec@1 80.090 Prec@5 97.190             Loss 0.79039
Epoch [195] Testing Class Recall: [0.868,0.955,0.785,0.766,0.858,0.700,0.832,0.796,0.684,0.765]
Epoch [196] Training Results: Prec@1 94.749 Prec@5 99.977             Loss 0.20855
Epoch [196] Training Class Recall: [0.939,0.949,0.941,0.943,0.971,0.959,0.991,0.993,1.000,1.000]
Epoch [196] Testing Results: Prec@1 80.420 Prec@5 97.130             Loss 0.83918
Epoch [196] Testing Class Recall: [0.882,0.967,0.793,0.749,0.855,0.713,0.860,0.791,0.707,0.725]
Epoch [197] Training Results: Prec@1 94.680 Prec@5 99.977             Loss 0.22552
Epoch [197] Training Class Recall: [0.938,0.949,0.941,0.937,0.971,0.974,1.000,0.986,1.000,1.000]
Epoch [197] Testing Results: Prec@1 80.470 Prec@5 97.450             Loss 0.75454
Epoch [197] Testing Class Recall: [0.871,0.954,0.789,0.759,0.842,0.734,0.810,0.771,0.749,0.768]
Epoch [198] Training Results: Prec@1 94.438 Prec@5 99.965             Loss 0.21916
Epoch [198] Training Class Recall: [0.939,0.942,0.938,0.936,0.971,0.948,0.991,0.971,1.000,1.000]
Epoch [198] Testing Results: Prec@1 80.660 Prec@5 97.340             Loss 0.76204
Epoch [198] Testing Class Recall: [0.892,0.959,0.805,0.734,0.838,0.709,0.852,0.804,0.701,0.772]
Epoch [199] Training Results: Prec@1 94.438 Prec@5 99.988             Loss 0.20405
Epoch [199] Training Class Recall: [0.935,0.935,0.940,0.943,0.975,0.953,0.991,1.000,1.000,1.000]
Epoch [199] Testing Results: Prec@1 80.280 Prec@5 97.280             Loss 0.77129
Epoch [199] Testing Class Recall: [0.885,0.951,0.776,0.754,0.857,0.706,0.814,0.812,0.701,0.772]
