Log file: cifar10_sava1.0_sava_reweight_drw_exp0.01_seed2025_20260625_175300.log
Run started: 2026-06-25 17:53:00.255977
Dataset: cifar10
Imbalance type: exp, factor: 0.01
Selection method: sava, ratio: 1.0
Strategy: SAVA_Reweight_DRW, epochs: 200
Seed: 2025, rand_number: 2025
Augmentation: weak
mamix_ratio: 1.0
============================================================

=> No CSV or TensorBoard logging – only console and debug log.
-----------------------------------------------
Class ID   | Original   | Selected   | Keep %  
-----------------------------------------------
0          | 5000       | 5000       |  100.0%
1          | 2997       | 2997       |  100.0%
2          | 1796       | 1796       |  100.0%
3          | 1077       | 1077       |  100.0%
4          | 645        | 645        |  100.0%
5          | 387        | 387        |  100.0%
6          | 232        | 232        |  100.0%
7          | 139        | 139        |  100.0%
8          | 83         | 83         |  100.0%
9          | 50         | 50         |  100.0%
-----------------------------------------------
TOTAL      | 12406      | 12406      |  100.0%
-----------------------------------------------
Epoch [0] Training Results: Prec@1 51.781 Prec@5 92.600 Loss 1.39830
Epoch [0] Training Class Recall: [0.727,0.596,0.471,0.148,0.002,0.000,0.000,0.000,0.000,0.000]
Epoch [0] Testing Results: Prec@1 21.520 Prec@5 67.870 Loss 2.83702
Epoch [0] Testing Class Recall: [0.586,0.317,0.657,0.347,0.245,0.000,0.000,0.000,0.000,0.000]
Epoch [1] Training Results: Prec@1 61.051 Prec@5 95.357 Loss 1.10795
Epoch [1] Training Class Recall: [0.787,0.767,0.512,0.376,0.025,0.000,0.009,0.000,0.000,0.000]
Epoch [1] Testing Results: Prec@1 25.710 Prec@5 75.590 Loss 2.92588
Epoch [1] Testing Class Recall: [0.895,0.808,0.533,0.333,0.000,0.002,0.000,0.000,0.000,0.000]
Epoch [2] Training Results: Prec@1 64.557 Prec@5 95.937 Loss 1.04424
Epoch [2] Training Class Recall: [0.827,0.816,0.507,0.451,0.054,0.000,0.000,0.000,0.000,0.000]
Epoch [2] Testing Results: Prec@1 26.510 Prec@5 79.810 Loss 3.42946
Epoch [2] Testing Class Recall: [0.563,0.987,0.462,0.355,0.000,0.000,0.284,0.000,0.000,0.000]
Epoch [3] Training Results: Prec@1 67.387 Prec@5 96.397 Loss 0.96679
Epoch [3] Training Class Recall: [0.853,0.845,0.544,0.499,0.057,0.016,0.017,0.000,0.000,0.000]
Epoch [3] Testing Results: Prec@1 30.270 Prec@5 78.710 Loss 2.47567
Epoch [3] Testing Class Recall: [0.741,0.773,0.339,0.862,0.312,0.000,0.000,0.000,0.000,0.000]
Epoch [4] Training Results: Prec@1 68.161 Prec@5 96.542 Loss 0.93905
Epoch [4] Training Class Recall: [0.862,0.848,0.530,0.530,0.095,0.013,0.060,0.000,0.000,0.000]
Epoch [4] Testing Results: Prec@1 29.600 Prec@5 80.340 Loss 2.93948
Epoch [4] Testing Class Recall: [0.738,0.926,0.218,0.662,0.402,0.011,0.003,0.000,0.000,0.000]
Epoch [5] Training Results: Prec@1 70.361 Prec@5 97.106 Loss 0.86061
Epoch [5] Training Class Recall: [0.882,0.881,0.556,0.540,0.113,0.028,0.056,0.000,0.000,0.000]
Epoch [5] Testing Results: Prec@1 32.510 Prec@5 79.950 Loss 2.55683
Epoch [5] Testing Class Recall: [0.929,0.854,0.494,0.485,0.329,0.156,0.004,0.000,0.000,0.000]
Epoch [6] Training Results: Prec@1 72.529 Prec@5 97.533 Loss 0.79606
Epoch [6] Training Class Recall: [0.897,0.902,0.578,0.560,0.197,0.034,0.129,0.000,0.000,0.000]
Epoch [6] Testing Results: Prec@1 34.720 Prec@5 85.480 Loss 2.56790
Epoch [6] Testing Class Recall: [0.941,0.969,0.400,0.404,0.292,0.138,0.328,0.000,0.000,0.000]
Epoch [7] Training Results: Prec@1 74.843 Prec@5 97.824 Loss 0.74067
Epoch [7] Training Class Recall: [0.909,0.923,0.604,0.587,0.271,0.078,0.211,0.000,0.000,0.000]
Epoch [7] Testing Results: Prec@1 30.970 Prec@5 84.170 Loss 2.81781
Epoch [7] Testing Class Recall: [0.645,0.967,0.906,0.160,0.102,0.073,0.244,0.000,0.000,0.000]
Epoch [8] Training Results: Prec@1 75.455 Prec@5 98.082 Loss 0.71582
Epoch [8] Training Class Recall: [0.913,0.929,0.611,0.565,0.319,0.114,0.220,0.014,0.012,0.000]
Epoch [8] Testing Results: Prec@1 34.540 Prec@5 90.070 Loss 2.30814
Epoch [8] Testing Class Recall: [0.939,0.909,0.711,0.327,0.293,0.184,0.084,0.007,0.000,0.000]
Epoch [9] Training Results: Prec@1 77.591 Prec@5 98.331 Loss 0.66145
Epoch [9] Training Class Recall: [0.923,0.938,0.654,0.603,0.383,0.142,0.280,0.058,0.012,0.000]
Epoch [9] Testing Results: Prec@1 38.220 Prec@5 85.070 Loss 2.28117
Epoch [9] Testing Class Recall: [0.873,0.804,0.612,0.736,0.315,0.338,0.103,0.029,0.005,0.007]
Epoch [10] Training Results: Prec@1 79.397 Prec@5 98.751 Loss 0.61428
Epoch [10] Training Class Recall: [0.926,0.944,0.677,0.643,0.448,0.227,0.371,0.108,0.060,0.000]
Epoch [10] Testing Results: Prec@1 42.760 Prec@5 86.700 Loss 2.10052
Epoch [10] Testing Class Recall: [0.857,0.802,0.588,0.404,0.769,0.131,0.612,0.105,0.008,0.000]
Epoch [11] Training Results: Prec@1 79.550 Prec@5 98.751 Loss 0.59620
Epoch [11] Training Class Recall: [0.928,0.944,0.673,0.614,0.485,0.251,0.358,0.223,0.048,0.000]
Epoch [11] Testing Results: Prec@1 46.400 Prec@5 92.470 Loss 2.03683
Epoch [11] Testing Class Recall: [0.975,0.948,0.572,0.442,0.451,0.380,0.391,0.417,0.002,0.062]
Epoch [12] Training Results: Prec@1 81.315 Prec@5 98.968 Loss 0.54301
Epoch [12] Training Class Recall: [0.933,0.956,0.705,0.651,0.538,0.282,0.392,0.209,0.108,0.100]
Epoch [12] Testing Results: Prec@1 42.040 Prec@5 91.520 Loss 2.33684
Epoch [12] Testing Class Recall: [0.906,0.956,0.560,0.867,0.289,0.247,0.238,0.131,0.010,0.000]
Epoch [13] Training Results: Prec@1 81.461 Prec@5 99.049 Loss 0.53146
Epoch [13] Training Class Recall: [0.937,0.955,0.704,0.643,0.530,0.315,0.371,0.259,0.181,0.060]
Epoch [13] Testing Results: Prec@1 45.870 Prec@5 86.710 Loss 2.32294
Epoch [13] Testing Class Recall: [0.744,0.888,0.507,0.329,0.556,0.850,0.552,0.130,0.030,0.001]
Epoch [14] Training Results: Prec@1 83.121 Prec@5 99.218 Loss 0.49929
Epoch [14] Training Class Recall: [0.945,0.958,0.731,0.659,0.603,0.359,0.427,0.353,0.181,0.080]
Epoch [14] Testing Results: Prec@1 46.050 Prec@5 92.380 Loss 1.92927
Epoch [14] Testing Class Recall: [0.962,0.882,0.703,0.505,0.471,0.365,0.579,0.065,0.060,0.013]
Epoch [15] Training Results: Prec@1 83.863 Prec@5 99.226 Loss 0.47505
Epoch [15] Training Class Recall: [0.946,0.964,0.742,0.685,0.580,0.382,0.483,0.410,0.193,0.140]
Epoch [15] Testing Results: Prec@1 44.410 Prec@5 89.320 Loss 2.26390
Epoch [15] Testing Class Recall: [0.875,0.954,0.862,0.443,0.278,0.316,0.593,0.061,0.051,0.008]
Epoch [16] Training Results: Prec@1 84.580 Prec@5 99.178 Loss 0.45234
Epoch [16] Training Class Recall: [0.945,0.960,0.757,0.684,0.656,0.457,0.466,0.453,0.229,0.140]
Epoch [16] Testing Results: Prec@1 51.230 Prec@5 90.470 Loss 2.07882
Epoch [16] Testing Class Recall: [0.922,0.740,0.509,0.723,0.614,0.598,0.335,0.549,0.011,0.122]
Epoch [17] Training Results: Prec@1 85.096 Prec@5 99.299 Loss 0.43782
Epoch [17] Training Class Recall: [0.951,0.961,0.774,0.699,0.625,0.460,0.470,0.417,0.349,0.060]
Epoch [17] Testing Results: Prec@1 48.620 Prec@5 92.860 Loss 1.69061
Epoch [17] Testing Class Recall: [0.960,0.908,0.685,0.499,0.632,0.323,0.181,0.506,0.095,0.073]
Epoch [18] Training Results: Prec@1 85.539 Prec@5 99.420 Loss 0.42301
Epoch [18] Training Class Recall: [0.951,0.966,0.788,0.702,0.654,0.408,0.534,0.403,0.301,0.120]
Epoch [18] Testing Results: Prec@1 47.950 Prec@5 91.890 Loss 2.01297
Epoch [18] Testing Class Recall: [0.936,0.928,0.777,0.559,0.263,0.377,0.758,0.056,0.038,0.103]
Epoch [19] Training Results: Prec@1 86.023 Prec@5 99.460 Loss 0.41195
Epoch [19] Training Class Recall: [0.954,0.966,0.790,0.706,0.651,0.444,0.547,0.460,0.349,0.320]
Epoch [19] Testing Results: Prec@1 56.730 Prec@5 96.070 Loss 1.45943
Epoch [19] Testing Class Recall: [0.978,0.917,0.599,0.681,0.669,0.346,0.444,0.463,0.180,0.396]
Epoch [20] Training Results: Prec@1 86.208 Prec@5 99.532 Loss 0.39943
Epoch [20] Training Class Recall: [0.957,0.964,0.790,0.706,0.678,0.452,0.530,0.504,0.301,0.200]
Epoch [20] Testing Results: Prec@1 53.620 Prec@5 94.370 Loss 1.69165
Epoch [20] Testing Class Recall: [0.863,0.996,0.666,0.604,0.389,0.554,0.605,0.258,0.380,0.047]
Epoch [21] Training Results: Prec@1 86.200 Prec@5 99.557 Loss 0.39530
Epoch [21] Training Class Recall: [0.952,0.968,0.788,0.705,0.671,0.478,0.573,0.453,0.349,0.340]
Epoch [21] Testing Results: Prec@1 55.410 Prec@5 95.490 Loss 1.60567
Epoch [21] Testing Class Recall: [0.970,0.962,0.580,0.747,0.502,0.533,0.488,0.350,0.146,0.263]
Epoch [22] Training Results: Prec@1 87.184 Prec@5 99.589 Loss 0.37653
Epoch [22] Training Class Recall: [0.954,0.971,0.803,0.721,0.688,0.517,0.612,0.540,0.434,0.360]
Epoch [22] Testing Results: Prec@1 52.330 Prec@5 93.400 Loss 1.81651
Epoch [22] Testing Class Recall: [0.939,0.980,0.815,0.645,0.564,0.386,0.492,0.278,0.077,0.057]
Epoch [23] Training Results: Prec@1 87.264 Prec@5 99.645 Loss 0.37251
Epoch [23] Training Class Recall: [0.958,0.971,0.797,0.727,0.699,0.512,0.582,0.561,0.398,0.340]
Epoch [23] Testing Results: Prec@1 47.770 Prec@5 94.360 Loss 2.00349
Epoch [23] Testing Class Recall: [0.938,0.961,0.838,0.708,0.496,0.124,0.185,0.387,0.092,0.048]
Epoch [24] Training Results: Prec@1 87.812 Prec@5 99.613 Loss 0.35516
Epoch [24] Training Class Recall: [0.960,0.969,0.818,0.741,0.721,0.517,0.599,0.475,0.410,0.340]
Epoch [24] Testing Results: Prec@1 52.960 Prec@5 94.730 Loss 1.77759
Epoch [24] Testing Class Recall: [0.840,0.968,0.566,0.689,0.916,0.265,0.279,0.471,0.249,0.053]
Epoch [25] Training Results: Prec@1 87.885 Prec@5 99.621 Loss 0.35441
Epoch [25] Training Class Recall: [0.960,0.973,0.811,0.757,0.710,0.519,0.582,0.525,0.398,0.280]
Epoch [25] Testing Results: Prec@1 52.030 Prec@5 94.110 Loss 1.71694
Epoch [25] Testing Class Recall: [0.991,0.917,0.529,0.715,0.606,0.215,0.196,0.395,0.288,0.351]
Epoch [26] Training Results: Prec@1 88.223 Prec@5 99.774 Loss 0.34106
Epoch [26] Training Class Recall: [0.960,0.970,0.824,0.750,0.726,0.545,0.634,0.518,0.410,0.300]
Epoch [26] Testing Results: Prec@1 58.780 Prec@5 95.270 Loss 1.62752
Epoch [26] Testing Class Recall: [0.943,0.969,0.791,0.449,0.451,0.689,0.381,0.545,0.247,0.413]
Epoch [27] Training Results: Prec@1 88.868 Prec@5 99.645 Loss 0.33160
Epoch [27] Training Class Recall: [0.963,0.971,0.831,0.773,0.746,0.571,0.612,0.496,0.518,0.320]
Epoch [27] Testing Results: Prec@1 57.700 Prec@5 96.180 Loss 1.72924
Epoch [27] Testing Class Recall: [0.987,0.967,0.487,0.577,0.466,0.477,0.683,0.585,0.222,0.319]
Epoch [28] Training Results: Prec@1 88.489 Prec@5 99.694 Loss 0.32241
Epoch [28] Training Class Recall: [0.962,0.974,0.823,0.751,0.704,0.548,0.642,0.640,0.494,0.340]
Epoch [28] Testing Results: Prec@1 58.570 Prec@5 94.340 Loss 1.53957
Epoch [28] Testing Class Recall: [0.929,0.890,0.746,0.682,0.689,0.652,0.455,0.436,0.297,0.081]
Epoch [29] Training Results: Prec@1 88.949 Prec@5 99.790 Loss 0.31734
Epoch [29] Training Class Recall: [0.963,0.971,0.839,0.771,0.736,0.563,0.603,0.604,0.434,0.360]
Epoch [29] Testing Results: Prec@1 51.940 Prec@5 95.090 Loss 2.16480
Epoch [29] Testing Class Recall: [0.988,0.951,0.697,0.508,0.507,0.478,0.467,0.305,0.095,0.198]
Epoch [30] Training Results: Prec@1 89.392 Prec@5 99.597 Loss 0.30644
Epoch [30] Training Class Recall: [0.969,0.975,0.832,0.774,0.752,0.571,0.634,0.597,0.434,0.440]
Epoch [30] Testing Results: Prec@1 58.240 Prec@5 94.960 Loss 1.71602
Epoch [30] Testing Class Recall: [0.882,0.957,0.707,0.582,0.844,0.379,0.769,0.194,0.317,0.193]
Epoch [31] Training Results: Prec@1 89.819 Prec@5 99.734 Loss 0.29186
Epoch [31] Training Class Recall: [0.966,0.974,0.846,0.789,0.760,0.568,0.672,0.612,0.627,0.480]
Epoch [31] Testing Results: Prec@1 61.400 Prec@5 96.230 Loss 1.50784
Epoch [31] Testing Class Recall: [0.934,0.965,0.872,0.660,0.419,0.493,0.590,0.495,0.445,0.267]
Epoch [32] Training Results: Prec@1 90.231 Prec@5 99.742 Loss 0.28839
Epoch [32] Training Class Recall: [0.968,0.979,0.851,0.771,0.767,0.594,0.733,0.626,0.590,0.540]
Epoch [32] Testing Results: Prec@1 57.690 Prec@5 95.880 Loss 1.67473
Epoch [32] Testing Class Recall: [0.924,0.972,0.852,0.719,0.608,0.416,0.298,0.216,0.412,0.352]
Epoch [33] Training Results: Prec@1 90.094 Prec@5 99.790 Loss 0.28340
Epoch [33] Training Class Recall: [0.968,0.980,0.854,0.792,0.757,0.563,0.664,0.640,0.542,0.420]
Epoch [33] Testing Results: Prec@1 61.350 Prec@5 95.980 Loss 1.38286
Epoch [33] Testing Class Recall: [0.960,0.979,0.606,0.765,0.601,0.446,0.386,0.622,0.478,0.292]
Epoch [34] Training Results: Prec@1 90.343 Prec@5 99.790 Loss 0.27948
Epoch [34] Training Class Recall: [0.968,0.976,0.858,0.783,0.794,0.605,0.677,0.647,0.566,0.400]
Epoch [34] Testing Results: Prec@1 56.910 Prec@5 94.300 Loss 1.87199
Epoch [34] Testing Class Recall: [0.949,0.984,0.784,0.405,0.730,0.577,0.500,0.281,0.463,0.018]
Epoch [35] Training Results: Prec@1 90.698 Prec@5 99.782 Loss 0.26963
Epoch [35] Training Class Recall: [0.969,0.978,0.867,0.789,0.797,0.566,0.685,0.662,0.699,0.540]
Epoch [35] Testing Results: Prec@1 53.350 Prec@5 95.790 Loss 2.15160
Epoch [35] Testing Class Recall: [0.954,0.945,0.819,0.674,0.669,0.236,0.294,0.315,0.101,0.328]
Epoch [36] Training Results: Prec@1 91.093 Prec@5 99.766 Loss 0.26646
Epoch [36] Training Class Recall: [0.970,0.979,0.870,0.804,0.809,0.599,0.737,0.655,0.590,0.480]
Epoch [36] Testing Results: Prec@1 64.890 Prec@5 96.320 Loss 1.22949
Epoch [36] Testing Class Recall: [0.906,0.959,0.762,0.648,0.632,0.427,0.691,0.415,0.617,0.432]
Epoch [37] Training Results: Prec@1 90.634 Prec@5 99.807 Loss 0.26828
Epoch [37] Training Class Recall: [0.970,0.975,0.861,0.793,0.791,0.605,0.690,0.676,0.554,0.560]
Epoch [37] Testing Results: Prec@1 58.290 Prec@5 94.880 Loss 1.63199
Epoch [37] Testing Class Recall: [0.948,0.982,0.787,0.433,0.628,0.258,0.608,0.433,0.636,0.116]
Epoch [38] Training Results: Prec@1 90.763 Prec@5 99.879 Loss 0.26281
Epoch [38] Training Class Recall: [0.972,0.979,0.857,0.786,0.798,0.636,0.681,0.662,0.494,0.500]
Epoch [38] Testing Results: Prec@1 60.230 Prec@5 94.750 Loss 1.55371
Epoch [38] Testing Class Recall: [0.924,0.989,0.635,0.780,0.651,0.323,0.288,0.659,0.378,0.396]
Epoch [39] Training Results: Prec@1 91.335 Prec@5 99.831 Loss 0.24759
Epoch [39] Training Class Recall: [0.974,0.980,0.866,0.805,0.806,0.610,0.750,0.676,0.639,0.560]
Epoch [39] Testing Results: Prec@1 59.780 Prec@5 96.000 Loss 1.56799
Epoch [39] Testing Class Recall: [0.964,0.959,0.798,0.710,0.438,0.589,0.320,0.473,0.328,0.399]
Epoch [40] Training Results: Prec@1 91.182 Prec@5 99.823 Loss 0.25514
Epoch [40] Training Class Recall: [0.969,0.972,0.866,0.794,0.797,0.682,0.759,0.734,0.723,0.540]
Epoch [40] Testing Results: Prec@1 64.930 Prec@5 96.220 Loss 1.33784
Epoch [40] Testing Class Recall: [0.911,0.976,0.712,0.777,0.667,0.377,0.620,0.637,0.279,0.537]
Epoch [41] Training Results: Prec@1 91.407 Prec@5 99.847 Loss 0.24659
Epoch [41] Training Class Recall: [0.973,0.976,0.876,0.812,0.798,0.623,0.741,0.662,0.651,0.540]
Epoch [41] Testing Results: Prec@1 61.880 Prec@5 95.450 Loss 1.46370
Epoch [41] Testing Class Recall: [0.888,0.972,0.689,0.801,0.482,0.592,0.374,0.312,0.627,0.451]
Epoch [42] Training Results: Prec@1 91.432 Prec@5 99.831 Loss 0.24389
Epoch [42] Training Class Recall: [0.970,0.980,0.864,0.809,0.817,0.649,0.754,0.705,0.675,0.540]
Epoch [42] Testing Results: Prec@1 57.350 Prec@5 95.970 Loss 2.02374
Epoch [42] Testing Class Recall: [0.983,0.951,0.718,0.472,0.688,0.390,0.582,0.502,0.298,0.151]
Epoch [43] Training Results: Prec@1 91.528 Prec@5 99.831 Loss 0.24658
Epoch [43] Training Class Recall: [0.968,0.980,0.875,0.821,0.809,0.636,0.754,0.669,0.651,0.660]
Epoch [43] Testing Results: Prec@1 59.880 Prec@5 96.000 Loss 1.62430
Epoch [43] Testing Class Recall: [0.715,0.881,0.941,0.537,0.576,0.406,0.448,0.535,0.695,0.254]
Epoch [44] Training Results: Prec@1 91.552 Prec@5 99.903 Loss 0.23980
Epoch [44] Training Class Recall: [0.971,0.979,0.872,0.828,0.794,0.641,0.746,0.734,0.530,0.640]
Epoch [44] Testing Results: Prec@1 60.830 Prec@5 93.600 Loss 1.68055
Epoch [44] Testing Class Recall: [0.850,0.871,0.805,0.705,0.804,0.650,0.494,0.323,0.466,0.115]
Epoch [45] Training Results: Prec@1 91.754 Prec@5 99.863 Loss 0.22990
Epoch [45] Training Class Recall: [0.970,0.979,0.870,0.817,0.805,0.687,0.823,0.712,0.663,0.560]
Epoch [45] Testing Results: Prec@1 66.320 Prec@5 95.750 Loss 1.26354
Epoch [45] Testing Class Recall: [0.809,0.930,0.694,0.749,0.731,0.491,0.637,0.664,0.597,0.330]
Epoch [46] Training Results: Prec@1 92.584 Prec@5 99.887 Loss 0.21780
Epoch [46] Training Class Recall: [0.976,0.980,0.885,0.822,0.825,0.726,0.789,0.770,0.675,0.720]
Epoch [46] Testing Results: Prec@1 63.150 Prec@5 94.860 Loss 1.45943
Epoch [46] Testing Class Recall: [0.927,0.965,0.758,0.795,0.577,0.589,0.626,0.423,0.259,0.396]
Epoch [47] Training Results: Prec@1 92.471 Prec@5 99.863 Loss 0.21671
Epoch [47] Training Class Recall: [0.974,0.985,0.884,0.834,0.812,0.690,0.776,0.727,0.651,0.780]
Epoch [47] Testing Results: Prec@1 54.240 Prec@5 90.750 Loss 2.26227
Epoch [47] Testing Class Recall: [0.768,0.939,0.876,0.745,0.314,0.467,0.751,0.353,0.154,0.057]
Epoch [48] Training Results: Prec@1 91.915 Prec@5 99.887 Loss 0.22584
Epoch [48] Training Class Recall: [0.967,0.978,0.885,0.819,0.839,0.633,0.793,0.763,0.614,0.720]
Epoch [48] Testing Results: Prec@1 60.020 Prec@5 95.440 Loss 1.86061
Epoch [48] Testing Class Recall: [0.949,0.988,0.825,0.585,0.560,0.485,0.573,0.356,0.426,0.255]
Epoch [49] Training Results: Prec@1 92.520 Prec@5 99.823 Loss 0.21758
Epoch [49] Training Class Recall: [0.975,0.979,0.895,0.828,0.828,0.682,0.780,0.698,0.687,0.760]
Epoch [49] Testing Results: Prec@1 54.820 Prec@5 95.030 Loss 2.32417
Epoch [49] Testing Class Recall: [0.992,0.971,0.831,0.480,0.552,0.553,0.448,0.265,0.117,0.273]
Epoch [50] Training Results: Prec@1 92.729 Prec@5 99.895 Loss 0.20948
Epoch [50] Training Class Recall: [0.974,0.984,0.894,0.821,0.842,0.731,0.784,0.712,0.639,0.660]
Epoch [50] Testing Results: Prec@1 63.980 Prec@5 95.530 Loss 1.37561
Epoch [50] Testing Class Recall: [0.957,0.963,0.619,0.542,0.802,0.361,0.466,0.632,0.616,0.440]
Epoch [51] Training Results: Prec@1 92.544 Prec@5 99.903 Loss 0.20713
Epoch [51] Training Class Recall: [0.974,0.980,0.891,0.819,0.833,0.695,0.793,0.734,0.759,0.700]
Epoch [51] Testing Results: Prec@1 60.140 Prec@5 96.430 Loss 1.78388
Epoch [51] Testing Class Recall: [0.954,0.901,0.765,0.583,0.645,0.470,0.594,0.454,0.235,0.413]
Epoch [52] Training Results: Prec@1 92.786 Prec@5 99.879 Loss 0.20832
Epoch [52] Training Class Recall: [0.975,0.980,0.885,0.850,0.837,0.708,0.759,0.770,0.783,0.660]
Epoch [52] Testing Results: Prec@1 63.930 Prec@5 95.860 Loss 1.58977
Epoch [52] Testing Class Recall: [0.925,0.958,0.818,0.705,0.703,0.512,0.461,0.626,0.312,0.373]
Epoch [53] Training Results: Prec@1 92.657 Prec@5 99.927 Loss 0.20832
Epoch [53] Training Class Recall: [0.974,0.985,0.890,0.830,0.817,0.713,0.759,0.820,0.639,0.700]
Epoch [53] Testing Results: Prec@1 56.020 Prec@5 94.650 Loss 2.32972
Epoch [53] Testing Class Recall: [0.967,0.978,0.663,0.519,0.459,0.663,0.507,0.508,0.288,0.050]
Epoch [54] Training Results: Prec@1 92.576 Prec@5 99.919 Loss 0.20653
Epoch [54] Training Class Recall: [0.971,0.981,0.870,0.849,0.843,0.718,0.802,0.770,0.735,0.700]
Epoch [54] Testing Results: Prec@1 54.440 Prec@5 94.290 Loss 2.29876
Epoch [54] Testing Class Recall: [0.979,0.965,0.678,0.693,0.429,0.416,0.672,0.119,0.376,0.117]
Epoch [55] Training Results: Prec@1 93.197 Prec@5 99.960 Loss 0.19145
Epoch [55] Training Class Recall: [0.977,0.983,0.895,0.853,0.836,0.716,0.772,0.763,0.783,0.720]
Epoch [55] Testing Results: Prec@1 60.870 Prec@5 94.190 Loss 1.81619
Epoch [55] Testing Class Recall: [0.841,0.975,0.498,0.555,0.824,0.810,0.715,0.335,0.237,0.297]
Epoch [56] Training Results: Prec@1 93.261 Prec@5 99.895 Loss 0.19403
Epoch [56] Training Class Recall: [0.976,0.976,0.905,0.858,0.848,0.742,0.793,0.727,0.711,0.800]
Epoch [56] Testing Results: Prec@1 57.890 Prec@5 91.540 Loss 2.08324
Epoch [56] Testing Class Recall: [0.930,0.918,0.834,0.588,0.466,0.549,0.145,0.819,0.383,0.157]
Epoch [57] Training Results: Prec@1 93.092 Prec@5 99.871 Loss 0.19281
Epoch [57] Training Class Recall: [0.974,0.984,0.899,0.851,0.840,0.713,0.802,0.741,0.687,0.720]
Epoch [57] Testing Results: Prec@1 59.580 Prec@5 95.460 Loss 1.80074
Epoch [57] Testing Class Recall: [0.943,0.975,0.844,0.360,0.560,0.595,0.703,0.624,0.141,0.213]
Epoch [58] Training Results: Prec@1 93.680 Prec@5 99.895 Loss 0.18114
Epoch [58] Training Class Recall: [0.978,0.981,0.912,0.853,0.868,0.747,0.784,0.799,0.711,0.640]
Epoch [58] Testing Results: Prec@1 57.830 Prec@5 94.580 Loss 1.95091
Epoch [58] Testing Class Recall: [0.972,0.973,0.476,0.684,0.568,0.226,0.376,0.404,0.563,0.541]
Epoch [59] Training Results: Prec@1 93.455 Prec@5 99.936 Loss 0.18319
Epoch [59] Training Class Recall: [0.974,0.984,0.892,0.860,0.862,0.744,0.828,0.813,0.807,0.640]
Epoch [59] Testing Results: Prec@1 64.000 Prec@5 95.990 Loss 1.51159
Epoch [59] Testing Class Recall: [0.962,0.943,0.717,0.706,0.699,0.705,0.415,0.568,0.457,0.228]
Epoch [60] Training Results: Prec@1 93.987 Prec@5 99.944 Loss 0.17022
Epoch [60] Training Class Recall: [0.982,0.985,0.903,0.863,0.853,0.718,0.849,0.820,0.831,0.740]
Epoch [60] Testing Results: Prec@1 61.560 Prec@5 91.140 Loss 1.99942
Epoch [60] Testing Class Recall: [0.815,0.854,0.824,0.637,0.669,0.734,0.713,0.525,0.358,0.027]
Epoch [61] Training Results: Prec@1 94.172 Prec@5 99.944 Loss 0.17134
Epoch [61] Training Class Recall: [0.978,0.987,0.911,0.865,0.867,0.786,0.828,0.827,0.711,0.720]
Epoch [61] Testing Results: Prec@1 62.610 Prec@5 95.720 Loss 1.67154
Epoch [61] Testing Class Recall: [0.958,0.935,0.745,0.779,0.734,0.230,0.580,0.511,0.466,0.323]
Epoch [62] Training Results: Prec@1 93.302 Prec@5 99.927 Loss 0.19139
Epoch [62] Training Class Recall: [0.978,0.980,0.893,0.868,0.828,0.734,0.806,0.784,0.735,0.700]
Epoch [62] Testing Results: Prec@1 65.760 Prec@5 95.360 Loss 1.52666
Epoch [62] Testing Class Recall: [0.881,0.962,0.832,0.765,0.734,0.541,0.571,0.400,0.484,0.406]
Epoch [63] Training Results: Prec@1 93.834 Prec@5 99.944 Loss 0.17466
Epoch [63] Training Class Recall: [0.977,0.981,0.911,0.858,0.870,0.778,0.810,0.770,0.759,0.680]
Epoch [63] Testing Results: Prec@1 69.920 Prec@5 95.770 Loss 1.27129
Epoch [63] Testing Class Recall: [0.898,0.936,0.775,0.691,0.630,0.521,0.703,0.407,0.661,0.770]
Epoch [64] Training Results: Prec@1 94.035 Prec@5 99.911 Loss 0.17442
Epoch [64] Training Class Recall: [0.979,0.986,0.907,0.877,0.854,0.726,0.853,0.806,0.783,0.660]
Epoch [64] Testing Results: Prec@1 59.770 Prec@5 95.910 Loss 2.06542
Epoch [64] Testing Class Recall: [0.983,0.968,0.723,0.434,0.782,0.562,0.660,0.352,0.399,0.114]
Epoch [65] Training Results: Prec@1 94.124 Prec@5 99.960 Loss 0.16425
Epoch [65] Training Class Recall: [0.977,0.987,0.913,0.854,0.876,0.780,0.841,0.813,0.711,0.840]
Epoch [65] Testing Results: Prec@1 61.920 Prec@5 95.840 Loss 1.80781
Epoch [65] Testing Class Recall: [0.941,0.968,0.772,0.822,0.718,0.350,0.707,0.325,0.386,0.203]
Epoch [66] Training Results: Prec@1 94.156 Prec@5 99.960 Loss 0.16348
Epoch [66] Training Class Recall: [0.978,0.987,0.910,0.867,0.867,0.767,0.819,0.842,0.759,0.800]
Epoch [66] Testing Results: Prec@1 57.520 Prec@5 94.220 Loss 2.17263
Epoch [66] Testing Class Recall: [0.904,0.960,0.922,0.507,0.658,0.511,0.235,0.378,0.213,0.464]
Epoch [67] Training Results: Prec@1 93.938 Prec@5 99.936 Loss 0.17278
Epoch [67] Training Class Recall: [0.975,0.984,0.908,0.871,0.879,0.734,0.845,0.806,0.771,0.780]
Epoch [67] Testing Results: Prec@1 58.170 Prec@5 94.150 Loss 2.08478
Epoch [67] Testing Class Recall: [0.895,0.949,0.894,0.683,0.709,0.533,0.448,0.397,0.204,0.105]
Epoch [68] Training Results: Prec@1 94.769 Prec@5 99.960 Loss 0.15141
Epoch [68] Training Class Recall: [0.982,0.989,0.919,0.882,0.891,0.749,0.849,0.863,0.783,0.740]
Epoch [68] Testing Results: Prec@1 63.430 Prec@5 95.500 Loss 1.87921
Epoch [68] Testing Class Recall: [0.945,0.983,0.782,0.553,0.775,0.692,0.600,0.592,0.366,0.055]
Epoch [69] Training Results: Prec@1 94.221 Prec@5 99.952 Loss 0.16211
Epoch [69] Training Class Recall: [0.980,0.985,0.909,0.864,0.879,0.773,0.862,0.820,0.675,0.740]
Epoch [69] Testing Results: Prec@1 63.210 Prec@5 93.930 Loss 1.78870
Epoch [69] Testing Class Recall: [0.911,0.891,0.761,0.649,0.789,0.609,0.754,0.518,0.280,0.159]
Epoch [70] Training Results: Prec@1 94.011 Prec@5 99.952 Loss 0.16824
Epoch [70] Training Class Recall: [0.978,0.980,0.919,0.862,0.868,0.767,0.815,0.856,0.699,0.720]
Epoch [70] Testing Results: Prec@1 63.680 Prec@5 96.280 Loss 1.66804
Epoch [70] Testing Class Recall: [0.966,0.968,0.780,0.717,0.677,0.566,0.615,0.446,0.322,0.311]
Epoch [71] Training Results: Prec@1 94.148 Prec@5 99.968 Loss 0.16966
Epoch [71] Training Class Recall: [0.980,0.982,0.914,0.867,0.870,0.791,0.793,0.806,0.759,0.760]
Epoch [71] Testing Results: Prec@1 64.010 Prec@5 96.320 Loss 1.59554
Epoch [71] Testing Class Recall: [0.965,0.958,0.747,0.786,0.484,0.588,0.540,0.422,0.525,0.386]
Epoch [72] Training Results: Prec@1 94.067 Prec@5 99.952 Loss 0.16620
Epoch [72] Training Class Recall: [0.978,0.977,0.911,0.871,0.881,0.780,0.845,0.813,0.795,0.700]
Epoch [72] Testing Results: Prec@1 59.770 Prec@5 94.680 Loss 2.09799
Epoch [72] Testing Class Recall: [0.853,0.975,0.885,0.330,0.773,0.640,0.358,0.720,0.297,0.146]
Epoch [73] Training Results: Prec@1 94.648 Prec@5 99.936 Loss 0.14926
Epoch [73] Training Class Recall: [0.980,0.984,0.924,0.868,0.896,0.783,0.836,0.827,0.831,0.740]
Epoch [73] Testing Results: Prec@1 69.460 Prec@5 96.500 Loss 1.21899
Epoch [73] Testing Class Recall: [0.924,0.854,0.604,0.641,0.563,0.683,0.484,0.829,0.647,0.717]
Epoch [74] Training Results: Prec@1 93.624 Prec@5 99.936 Loss 0.18000
Epoch [74] Training Class Recall: [0.974,0.984,0.900,0.865,0.876,0.744,0.780,0.784,0.807,0.740]
Epoch [74] Testing Results: Prec@1 69.720 Prec@5 97.150 Loss 1.26331
Epoch [74] Testing Class Recall: [0.908,0.970,0.806,0.729,0.771,0.523,0.818,0.536,0.517,0.394]
Epoch [75] Training Results: Prec@1 94.954 Prec@5 99.968 Loss 0.14599
Epoch [75] Training Class Recall: [0.983,0.988,0.922,0.881,0.904,0.791,0.866,0.820,0.747,0.700]
Epoch [75] Testing Results: Prec@1 62.000 Prec@5 95.860 Loss 1.78630
Epoch [75] Testing Class Recall: [0.925,0.940,0.817,0.292,0.881,0.455,0.715,0.356,0.498,0.321]
Epoch [76] Training Results: Prec@1 95.107 Prec@5 99.960 Loss 0.14231
Epoch [76] Training Class Recall: [0.981,0.985,0.930,0.894,0.895,0.822,0.866,0.813,0.783,0.660]
Epoch [76] Testing Results: Prec@1 61.730 Prec@5 94.790 Loss 1.93065
Epoch [76] Testing Class Recall: [0.942,0.935,0.758,0.451,0.747,0.848,0.623,0.383,0.429,0.057]
Epoch [77] Training Results: Prec@1 94.688 Prec@5 99.960 Loss 0.15079
Epoch [77] Training Class Recall: [0.981,0.986,0.916,0.884,0.891,0.796,0.836,0.856,0.723,0.740]
Epoch [77] Testing Results: Prec@1 63.630 Prec@5 94.700 Loss 1.68123
Epoch [77] Testing Class Recall: [0.900,0.870,0.641,0.583,0.792,0.768,0.453,0.705,0.252,0.399]
Epoch [78] Training Results: Prec@1 95.059 Prec@5 99.984 Loss 0.14256
Epoch [78] Training Class Recall: [0.980,0.989,0.919,0.898,0.904,0.809,0.841,0.813,0.855,0.760]
Epoch [78] Testing Results: Prec@1 69.540 Prec@5 96.960 Loss 1.42198
Epoch [78] Testing Class Recall: [0.895,0.954,0.688,0.814,0.784,0.505,0.482,0.675,0.480,0.677]
Epoch [79] Training Results: Prec@1 94.382 Prec@5 99.944 Loss 0.16464
Epoch [79] Training Class Recall: [0.978,0.982,0.916,0.882,0.873,0.822,0.806,0.777,0.795,0.700]
Epoch [79] Testing Results: Prec@1 65.690 Prec@5 96.030 Loss 1.66584
Epoch [79] Testing Class Recall: [0.930,0.908,0.814,0.675,0.767,0.604,0.679,0.569,0.371,0.252]
Epoch [80] Training Results: Prec@1 94.656 Prec@5 99.960 Loss 0.15436
Epoch [80] Training Class Recall: [0.979,0.986,0.925,0.884,0.881,0.796,0.858,0.755,0.735,0.740]
Epoch [80] Testing Results: Prec@1 68.940 Prec@5 96.060 Loss 1.33135
Epoch [80] Testing Class Recall: [0.894,0.965,0.589,0.560,0.667,0.666,0.555,0.859,0.592,0.547]
Epoch [81] Training Results: Prec@1 95.123 Prec@5 99.944 Loss 0.13679
Epoch [81] Training Class Recall: [0.979,0.986,0.925,0.903,0.901,0.809,0.884,0.827,0.783,0.820]
Epoch [81] Testing Results: Prec@1 65.340 Prec@5 96.610 Loss 1.64319
Epoch [81] Testing Class Recall: [0.919,0.978,0.855,0.729,0.627,0.532,0.377,0.718,0.568,0.231]
Epoch [82] Training Results: Prec@1 94.914 Prec@5 99.960 Loss 0.14324
Epoch [82] Training Class Recall: [0.978,0.981,0.932,0.886,0.901,0.835,0.841,0.863,0.783,0.720]
Epoch [82] Testing Results: Prec@1 60.430 Prec@5 95.230 Loss 2.11415
Epoch [82] Testing Class Recall: [0.962,0.971,0.783,0.713,0.721,0.586,0.631,0.258,0.242,0.176]
Epoch [83] Training Results: Prec@1 95.260 Prec@5 99.960 Loss 0.13780
Epoch [83] Training Class Recall: [0.982,0.989,0.931,0.885,0.905,0.806,0.841,0.906,0.783,0.760]
Epoch [83] Testing Results: Prec@1 64.960 Prec@5 96.650 Loss 1.78072
Epoch [83] Testing Class Recall: [0.962,0.981,0.812,0.606,0.617,0.543,0.699,0.601,0.420,0.255]
Epoch [84] Training Results: Prec@1 94.833 Prec@5 99.976 Loss 0.14738
Epoch [84] Training Class Recall: [0.980,0.985,0.925,0.882,0.887,0.824,0.836,0.820,0.747,0.780]
Epoch [84] Testing Results: Prec@1 63.260 Prec@5 96.330 Loss 1.73623
Epoch [84] Testing Class Recall: [0.926,0.927,0.816,0.798,0.831,0.291,0.449,0.573,0.284,0.431]
Epoch [85] Training Results: Prec@1 95.357 Prec@5 99.976 Loss 0.13483
Epoch [85] Training Class Recall: [0.983,0.987,0.930,0.885,0.907,0.817,0.879,0.906,0.795,0.720]
Epoch [85] Testing Results: Prec@1 65.300 Prec@5 96.970 Loss 1.70613
Epoch [85] Testing Class Recall: [0.851,0.931,0.813,0.859,0.434,0.442,0.553,0.545,0.545,0.557]
Epoch [86] Training Results: Prec@1 94.761 Prec@5 99.984 Loss 0.14563
Epoch [86] Training Class Recall: [0.978,0.986,0.913,0.888,0.890,0.819,0.853,0.842,0.819,0.880]
Epoch [86] Testing Results: Prec@1 69.500 Prec@5 96.680 Loss 1.38408
Epoch [86] Testing Class Recall: [0.851,0.967,0.815,0.652,0.824,0.642,0.741,0.425,0.575,0.458]
Epoch [87] Training Results: Prec@1 94.954 Prec@5 99.968 Loss 0.14703
Epoch [87] Training Class Recall: [0.979,0.985,0.927,0.891,0.909,0.767,0.888,0.856,0.771,0.720]
Epoch [87] Testing Results: Prec@1 61.770 Prec@5 95.870 Loss 1.87306
Epoch [87] Testing Class Recall: [0.885,0.980,0.728,0.803,0.472,0.594,0.264,0.655,0.413,0.383]
Epoch [88] Training Results: Prec@1 95.010 Prec@5 99.944 Loss 0.14505
Epoch [88] Training Class Recall: [0.981,0.984,0.924,0.889,0.904,0.819,0.853,0.806,0.831,0.720]
Epoch [88] Testing Results: Prec@1 66.540 Prec@5 95.760 Loss 1.43889
Epoch [88] Testing Class Recall: [0.934,0.973,0.580,0.706,0.682,0.764,0.760,0.729,0.430,0.096]
Epoch [89] Training Results: Prec@1 95.268 Prec@5 99.984 Loss 0.13533
Epoch [89] Training Class Recall: [0.983,0.990,0.932,0.886,0.895,0.798,0.849,0.827,0.807,0.840]
Epoch [89] Testing Results: Prec@1 61.370 Prec@5 95.050 Loss 1.94965
Epoch [89] Testing Class Recall: [0.906,0.967,0.852,0.767,0.733,0.362,0.657,0.542,0.254,0.097]
Epoch [90] Training Results: Prec@1 95.470 Prec@5 99.984 Loss 0.12446
Epoch [90] Training Class Recall: [0.982,0.989,0.938,0.890,0.904,0.798,0.897,0.856,0.819,0.780]
Epoch [90] Testing Results: Prec@1 61.040 Prec@5 94.610 Loss 2.28139
Epoch [90] Testing Class Recall: [0.976,0.909,0.807,0.729,0.681,0.663,0.697,0.272,0.109,0.261]
Epoch [91] Training Results: Prec@1 95.019 Prec@5 99.976 Loss 0.14458
Epoch [91] Training Class Recall: [0.980,0.982,0.928,0.900,0.907,0.827,0.858,0.820,0.699,0.680]
Epoch [91] Testing Results: Prec@1 65.990 Prec@5 96.930 Loss 1.65241
Epoch [91] Testing Class Recall: [0.969,0.912,0.704,0.628,0.729,0.603,0.745,0.626,0.342,0.341]
Epoch [92] Training Results: Prec@1 95.857 Prec@5 99.984 Loss 0.11872
Epoch [92] Training Class Recall: [0.984,0.987,0.929,0.912,0.912,0.866,0.875,0.892,0.880,0.840]
Epoch [92] Testing Results: Prec@1 61.060 Prec@5 95.060 Loss 2.10897
Epoch [92] Testing Class Recall: [0.932,0.888,0.819,0.691,0.482,0.380,0.376,0.496,0.236,0.806]
Epoch [93] Training Results: Prec@1 95.800 Prec@5 100.000 Loss 0.12467
Epoch [93] Training Class Recall: [0.982,0.987,0.931,0.908,0.927,0.850,0.884,0.906,0.807,0.820]
Epoch [93] Testing Results: Prec@1 63.250 Prec@5 95.940 Loss 1.80421
Epoch [93] Testing Class Recall: [0.972,0.926,0.686,0.647,0.822,0.489,0.446,0.463,0.252,0.622]
Epoch [94] Training Results: Prec@1 94.938 Prec@5 99.952 Loss 0.14008
Epoch [94] Training Class Recall: [0.980,0.987,0.920,0.884,0.878,0.842,0.884,0.863,0.807,0.660]
Epoch [94] Testing Results: Prec@1 63.430 Prec@5 95.120 Loss 1.77993
Epoch [94] Testing Class Recall: [0.907,0.974,0.890,0.700,0.746,0.609,0.596,0.260,0.372,0.289]
Epoch [95] Training Results: Prec@1 95.817 Prec@5 99.976 Loss 0.12367
Epoch [95] Training Class Recall: [0.984,0.989,0.939,0.903,0.913,0.842,0.858,0.892,0.855,0.760]
Epoch [95] Testing Results: Prec@1 64.870 Prec@5 97.420 Loss 1.75514
Epoch [95] Testing Class Recall: [0.909,0.989,0.767,0.751,0.679,0.477,0.632,0.625,0.385,0.273]
Epoch [96] Training Results: Prec@1 95.204 Prec@5 99.976 Loss 0.13904
Epoch [96] Training Class Recall: [0.983,0.985,0.926,0.883,0.919,0.819,0.841,0.871,0.795,0.760]
Epoch [96] Testing Results: Prec@1 61.030 Prec@5 95.560 Loss 2.15188
Epoch [96] Testing Class Recall: [0.962,0.917,0.502,0.791,0.249,0.662,0.732,0.524,0.158,0.606]
Epoch [97] Training Results: Prec@1 95.720 Prec@5 99.976 Loss 0.12209
Epoch [97] Training Class Recall: [0.983,0.989,0.940,0.892,0.924,0.845,0.892,0.813,0.783,0.740]
Epoch [97] Testing Results: Prec@1 63.660 Prec@5 95.910 Loss 1.87237
Epoch [97] Testing Class Recall: [0.922,0.950,0.823,0.824,0.558,0.586,0.542,0.441,0.547,0.173]
Epoch [98] Training Results: Prec@1 95.357 Prec@5 99.944 Loss 0.13584
Epoch [98] Training Class Recall: [0.981,0.987,0.939,0.890,0.893,0.832,0.879,0.813,0.831,0.820]
Epoch [98] Testing Results: Prec@1 63.910 Prec@5 96.470 Loss 1.75653
Epoch [98] Testing Class Recall: [0.893,0.983,0.727,0.842,0.758,0.462,0.649,0.256,0.484,0.337]
Epoch [99] Training Results: Prec@1 95.518 Prec@5 99.968 Loss 0.13210
Epoch [99] Training Class Recall: [0.984,0.987,0.938,0.903,0.888,0.850,0.845,0.784,0.795,0.780]
Epoch [99] Testing Results: Prec@1 64.160 Prec@5 96.090 Loss 1.56866
Epoch [99] Testing Class Recall: [0.796,0.984,0.878,0.745,0.753,0.357,0.504,0.495,0.701,0.203]
Epoch [100] Training Results: Prec@1 95.575 Prec@5 99.984 Loss 0.12666
Epoch [100] Training Class Recall: [0.982,0.986,0.934,0.906,0.909,0.832,0.892,0.863,0.783,0.780]
Epoch [100] Testing Results: Prec@1 60.430 Prec@5 95.290 Loss 2.01971
Epoch [100] Testing Class Recall: [0.952,0.965,0.870,0.490,0.686,0.545,0.294,0.430,0.258,0.553]
Epoch [101] Training Results: Prec@1 95.212 Prec@5 99.984 Loss 0.13690
Epoch [101] Training Class Recall: [0.983,0.982,0.934,0.903,0.878,0.829,0.884,0.791,0.783,0.740]
Epoch [101] Testing Results: Prec@1 62.860 Prec@5 95.780 Loss 1.70860
Epoch [101] Testing Class Recall: [0.778,0.959,0.880,0.708,0.729,0.345,0.535,0.331,0.844,0.177]
Epoch [102] Training Results: Prec@1 95.341 Prec@5 99.992 Loss 0.13309
Epoch [102] Training Class Recall: [0.980,0.984,0.929,0.890,0.905,0.858,0.875,0.871,0.843,0.780]
Epoch [102] Testing Results: Prec@1 70.070 Prec@5 97.080 Loss 1.24970
Epoch [102] Testing Class Recall: [0.958,0.916,0.679,0.722,0.731,0.523,0.567,0.789,0.603,0.519]
Epoch [103] Training Results: Prec@1 96.010 Prec@5 100.000 Loss 0.11219
Epoch [103] Training Class Recall: [0.986,0.991,0.938,0.910,0.912,0.837,0.884,0.899,0.747,0.840]
Epoch [103] Testing Results: Prec@1 65.630 Prec@5 96.890 Loss 1.66112
Epoch [103] Testing Class Recall: [0.944,0.963,0.814,0.431,0.444,0.807,0.752,0.644,0.256,0.508]
Epoch [104] Training Results: Prec@1 95.518 Prec@5 99.984 Loss 0.12571
Epoch [104] Training Class Recall: [0.984,0.988,0.929,0.894,0.899,0.842,0.888,0.856,0.807,0.800]
Epoch [104] Testing Results: Prec@1 62.040 Prec@5 95.760 Loss 1.77233
Epoch [104] Testing Class Recall: [0.916,0.954,0.810,0.755,0.812,0.523,0.344,0.329,0.371,0.390]
Epoch [105] Training Results: Prec@1 95.381 Prec@5 99.992 Loss 0.13036
Epoch [105] Training Class Recall: [0.980,0.986,0.928,0.909,0.910,0.858,0.879,0.799,0.711,0.820]
Epoch [105] Testing Results: Prec@1 65.290 Prec@5 96.560 Loss 1.73433
Epoch [105] Testing Class Recall: [0.956,0.958,0.578,0.806,0.769,0.520,0.547,0.627,0.548,0.220]
Epoch [106] Training Results: Prec@1 96.002 Prec@5 99.984 Loss 0.11364
Epoch [106] Training Class Recall: [0.983,0.990,0.939,0.910,0.921,0.835,0.858,0.914,0.855,0.920]
Epoch [106] Testing Results: Prec@1 66.710 Prec@5 97.390 Loss 1.90166
Epoch [106] Testing Class Recall: [0.808,0.912,0.630,0.935,0.609,0.451,0.534,0.412,0.740,0.640]
Epoch [107] Training Results: Prec@1 95.123 Prec@5 99.960 Loss 0.13741
Epoch [107] Training Class Recall: [0.984,0.979,0.930,0.887,0.918,0.835,0.845,0.827,0.819,0.620]
Epoch [107] Testing Results: Prec@1 62.950 Prec@5 96.610 Loss 1.86809
Epoch [107] Testing Class Recall: [0.972,0.983,0.816,0.574,0.790,0.446,0.498,0.545,0.397,0.274]
Epoch [108] Training Results: Prec@1 96.083 Prec@5 100.000 Loss 0.11492
Epoch [108] Training Class Recall: [0.984,0.989,0.947,0.916,0.916,0.832,0.871,0.878,0.807,0.880]
Epoch [108] Testing Results: Prec@1 65.040 Prec@5 96.440 Loss 1.70456
Epoch [108] Testing Class Recall: [0.930,0.955,0.813,0.674,0.625,0.754,0.613,0.530,0.198,0.412]
Epoch [109] Training Results: Prec@1 95.534 Prec@5 99.976 Loss 0.12678
Epoch [109] Training Class Recall: [0.982,0.984,0.931,0.905,0.902,0.860,0.888,0.849,0.843,0.780]
Epoch [109] Testing Results: Prec@1 62.570 Prec@5 95.820 Loss 2.07047
Epoch [109] Testing Class Recall: [0.930,0.892,0.636,0.760,0.495,0.715,0.341,0.538,0.721,0.229]
Epoch [110] Training Results: Prec@1 95.623 Prec@5 99.960 Loss 0.12650
Epoch [110] Training Class Recall: [0.984,0.989,0.936,0.910,0.891,0.819,0.897,0.835,0.783,0.800]
Epoch [110] Testing Results: Prec@1 66.900 Prec@5 95.810 Loss 1.51058
Epoch [110] Testing Class Recall: [0.879,0.959,0.847,0.653,0.712,0.291,0.647,0.471,0.806,0.425]
Epoch [111] Training Results: Prec@1 95.921 Prec@5 99.976 Loss 0.11560
Epoch [111] Training Class Recall: [0.984,0.987,0.946,0.901,0.915,0.845,0.871,0.885,0.831,0.860]
Epoch [111] Testing Results: Prec@1 70.910 Prec@5 97.190 Loss 1.28724
Epoch [111] Testing Class Recall: [0.914,0.969,0.619,0.774,0.861,0.641,0.529,0.690,0.693,0.401]
Epoch [112] Training Results: Prec@1 95.962 Prec@5 99.976 Loss 0.11951
Epoch [112] Training Class Recall: [0.984,0.988,0.939,0.918,0.905,0.845,0.892,0.849,0.843,0.860]
Epoch [112] Testing Results: Prec@1 63.540 Prec@5 96.540 Loss 1.77322
Epoch [112] Testing Class Recall: [0.956,0.948,0.866,0.605,0.705,0.588,0.446,0.378,0.530,0.332]
Epoch [113] Training Results: Prec@1 95.575 Prec@5 99.992 Loss 0.12580
Epoch [113] Training Class Recall: [0.980,0.986,0.930,0.904,0.919,0.866,0.853,0.899,0.783,0.840]
Epoch [113] Testing Results: Prec@1 60.500 Prec@5 95.790 Loss 2.09059
Epoch [113] Testing Class Recall: [0.984,0.960,0.679,0.556,0.783,0.605,0.637,0.466,0.162,0.218]
Epoch [114] Training Results: Prec@1 95.897 Prec@5 99.992 Loss 0.12147
Epoch [114] Training Class Recall: [0.982,0.989,0.940,0.908,0.910,0.848,0.901,0.849,0.880,0.840]
Epoch [114] Testing Results: Prec@1 65.160 Prec@5 95.650 Loss 1.78169
Epoch [114] Testing Class Recall: [0.833,0.990,0.870,0.630,0.784,0.497,0.546,0.666,0.311,0.389]
Epoch [115] Training Results: Prec@1 95.712 Prec@5 99.992 Loss 0.12154
Epoch [115] Training Class Recall: [0.980,0.986,0.937,0.912,0.922,0.840,0.871,0.885,0.807,0.860]
Epoch [115] Testing Results: Prec@1 64.550 Prec@5 96.090 Loss 1.87167
Epoch [115] Testing Class Recall: [0.950,0.928,0.866,0.731,0.720,0.573,0.573,0.368,0.162,0.584]
Epoch [116] Training Results: Prec@1 96.123 Prec@5 99.984 Loss 0.10963
Epoch [116] Training Class Recall: [0.984,0.989,0.945,0.915,0.924,0.842,0.897,0.878,0.795,0.840]
Epoch [116] Testing Results: Prec@1 61.950 Prec@5 95.230 Loss 1.91746
Epoch [116] Testing Class Recall: [0.895,0.992,0.796,0.631,0.737,0.596,0.394,0.678,0.267,0.209]
Epoch [117] Training Results: Prec@1 95.873 Prec@5 99.984 Loss 0.11892
Epoch [117] Training Class Recall: [0.984,0.987,0.946,0.909,0.907,0.822,0.879,0.878,0.831,0.780]
Epoch [117] Testing Results: Prec@1 59.470 Prec@5 93.860 Loss 2.21083
Epoch [117] Testing Class Recall: [0.856,0.880,0.822,0.825,0.780,0.302,0.625,0.475,0.174,0.208]
Epoch [118] Training Results: Prec@1 95.800 Prec@5 100.000 Loss 0.12247
Epoch [118] Training Class Recall: [0.982,0.987,0.938,0.919,0.907,0.853,0.901,0.835,0.831,0.660]
Epoch [118] Testing Results: Prec@1 61.070 Prec@5 96.240 Loss 2.03679
Epoch [118] Testing Class Recall: [0.970,0.903,0.825,0.730,0.649,0.653,0.323,0.522,0.369,0.163]
Epoch [119] Training Results: Prec@1 95.551 Prec@5 99.984 Loss 0.12830
Epoch [119] Training Class Recall: [0.980,0.985,0.933,0.905,0.907,0.866,0.888,0.885,0.819,0.720]
Epoch [119] Testing Results: Prec@1 59.170 Prec@5 95.330 Loss 2.22044
Epoch [119] Testing Class Recall: [0.967,0.925,0.823,0.773,0.649,0.427,0.593,0.342,0.192,0.226]
Epoch [120] Training Results: Prec@1 95.712 Prec@5 99.968 Loss 0.12365
Epoch [120] Training Class Recall: [0.980,0.987,0.942,0.902,0.913,0.845,0.884,0.849,0.880,0.800]
Epoch [120] Testing Results: Prec@1 61.280 Prec@5 95.280 Loss 2.06687
Epoch [120] Testing Class Recall: [0.759,0.965,0.744,0.874,0.587,0.638,0.533,0.419,0.484,0.125]
Epoch [121] Training Results: Prec@1 96.244 Prec@5 99.992 Loss 0.10424
Epoch [121] Training Class Recall: [0.987,0.989,0.938,0.917,0.926,0.873,0.888,0.871,0.795,0.820]
Epoch [121] Testing Results: Prec@1 60.080 Prec@5 94.690 Loss 2.35108
Epoch [121] Testing Class Recall: [0.948,0.952,0.829,0.531,0.822,0.657,0.308,0.255,0.122,0.584]
Epoch [122] Training Results: Prec@1 95.937 Prec@5 99.968 Loss 0.11417
Epoch [122] Training Class Recall: [0.985,0.988,0.928,0.908,0.902,0.889,0.914,0.849,0.843,0.860]
Epoch [122] Testing Results: Prec@1 61.860 Prec@5 95.140 Loss 1.98272
Epoch [122] Testing Class Recall: [0.973,0.960,0.718,0.712,0.733,0.686,0.254,0.487,0.262,0.401]
Epoch [123] Training Results: Prec@1 95.760 Prec@5 99.976 Loss 0.12184
Epoch [123] Training Class Recall: [0.983,0.989,0.932,0.912,0.915,0.850,0.853,0.899,0.807,0.760]
Epoch [123] Testing Results: Prec@1 62.260 Prec@5 96.110 Loss 1.96111
Epoch [123] Testing Class Recall: [0.953,0.980,0.739,0.639,0.604,0.735,0.555,0.422,0.376,0.223]
Epoch [124] Training Results: Prec@1 95.929 Prec@5 100.000 Loss 0.11850
Epoch [124] Training Class Recall: [0.986,0.991,0.934,0.907,0.907,0.842,0.884,0.863,0.831,0.840]
Epoch [124] Testing Results: Prec@1 62.870 Prec@5 94.720 Loss 1.72036
Epoch [124] Testing Class Recall: [0.904,0.961,0.852,0.605,0.833,0.580,0.338,0.559,0.370,0.285]
Epoch [125] Training Results: Prec@1 95.599 Prec@5 99.992 Loss 0.12483
Epoch [125] Training Class Recall: [0.985,0.989,0.932,0.892,0.891,0.858,0.888,0.849,0.771,0.860]
Epoch [125] Testing Results: Prec@1 68.880 Prec@5 97.080 Loss 1.44982
Epoch [125] Testing Class Recall: [0.935,0.978,0.720,0.660,0.712,0.524,0.780,0.591,0.714,0.274]
Epoch [126] Training Results: Prec@1 95.873 Prec@5 100.000 Loss 0.11413
Epoch [126] Training Class Recall: [0.982,0.985,0.933,0.922,0.932,0.819,0.892,0.899,0.892,0.820]
Epoch [126] Testing Results: Prec@1 66.850 Prec@5 96.110 Loss 1.58497
Epoch [126] Testing Class Recall: [0.926,0.939,0.737,0.749,0.668,0.600,0.735,0.417,0.242,0.672]
Epoch [127] Training Results: Prec@1 95.712 Prec@5 99.976 Loss 0.12299
Epoch [127] Training Class Recall: [0.984,0.985,0.937,0.904,0.898,0.866,0.901,0.878,0.735,0.760]
Epoch [127] Testing Results: Prec@1 59.570 Prec@5 95.730 Loss 2.19568
Epoch [127] Testing Class Recall: [0.936,0.992,0.842,0.498,0.735,0.597,0.346,0.634,0.229,0.148]
Epoch [128] Training Results: Prec@1 96.357 Prec@5 99.976 Loss 0.10217
Epoch [128] Training Class Recall: [0.987,0.989,0.948,0.923,0.919,0.853,0.892,0.914,0.843,0.660]
Epoch [128] Testing Results: Prec@1 68.570 Prec@5 96.540 Loss 1.48627
Epoch [128] Testing Class Recall: [0.946,0.978,0.676,0.745,0.687,0.758,0.592,0.525,0.539,0.411]
Epoch [129] Training Results: Prec@1 95.744 Prec@5 99.968 Loss 0.12121
Epoch [129] Training Class Recall: [0.982,0.988,0.940,0.906,0.922,0.806,0.866,0.863,0.819,0.880]
Epoch [129] Testing Results: Prec@1 66.360 Prec@5 96.450 Loss 1.67259
Epoch [129] Testing Class Recall: [0.959,0.953,0.805,0.777,0.426,0.570,0.693,0.401,0.666,0.386]
Epoch [130] Training Results: Prec@1 96.252 Prec@5 99.984 Loss 0.11008
Epoch [130] Training Class Recall: [0.983,0.989,0.942,0.919,0.910,0.897,0.888,0.892,0.892,0.840]
Epoch [130] Testing Results: Prec@1 68.260 Prec@5 96.590 Loss 1.64235
Epoch [130] Testing Class Recall: [0.916,0.953,0.660,0.847,0.719,0.261,0.857,0.526,0.587,0.500]
Epoch [131] Training Results: Prec@1 96.236 Prec@5 99.984 Loss 0.10633
Epoch [131] Training Class Recall: [0.987,0.987,0.946,0.911,0.924,0.873,0.879,0.878,0.795,0.840]
Epoch [131] Testing Results: Prec@1 65.710 Prec@5 96.080 Loss 1.80639
Epoch [131] Testing Class Recall: [0.957,0.915,0.796,0.558,0.675,0.528,0.681,0.645,0.678,0.138]
Epoch [132] Training Results: Prec@1 95.808 Prec@5 99.944 Loss 0.11867
Epoch [132] Training Class Recall: [0.983,0.988,0.939,0.901,0.912,0.858,0.875,0.878,0.855,0.820]
Epoch [132] Testing Results: Prec@1 59.390 Prec@5 94.620 Loss 2.63438
Epoch [132] Testing Class Recall: [0.947,0.981,0.670,0.729,0.765,0.752,0.487,0.285,0.259,0.064]
Epoch [133] Training Results: Prec@1 96.735 Prec@5 99.984 Loss 0.09598
Epoch [133] Training Class Recall: [0.987,0.992,0.942,0.935,0.924,0.902,0.884,0.942,0.831,0.860]
Epoch [133] Testing Results: Prec@1 62.140 Prec@5 95.760 Loss 2.05546
Epoch [133] Testing Class Recall: [0.979,0.839,0.787,0.739,0.604,0.542,0.650,0.381,0.521,0.172]
Epoch [134] Training Results: Prec@1 96.349 Prec@5 99.992 Loss 0.10347
Epoch [134] Training Class Recall: [0.982,0.989,0.949,0.933,0.940,0.848,0.909,0.820,0.855,0.840]
Epoch [134] Testing Results: Prec@1 67.060 Prec@5 96.450 Loss 1.52046
Epoch [134] Testing Class Recall: [0.915,0.955,0.852,0.752,0.730,0.521,0.306,0.617,0.628,0.430]
Epoch [135] Training Results: Prec@1 96.212 Prec@5 99.976 Loss 0.10967
Epoch [135] Training Class Recall: [0.987,0.990,0.944,0.914,0.930,0.848,0.871,0.871,0.783,0.800]
Epoch [135] Testing Results: Prec@1 54.160 Prec@5 95.100 Loss 2.78331
Epoch [135] Testing Class Recall: [0.952,0.963,0.860,0.667,0.410,0.455,0.279,0.431,0.153,0.246]
Epoch [136] Training Results: Prec@1 95.970 Prec@5 99.984 Loss 0.11907
Epoch [136] Training Class Recall: [0.982,0.989,0.943,0.904,0.935,0.848,0.875,0.863,0.855,0.760]
Epoch [136] Testing Results: Prec@1 69.160 Prec@5 97.510 Loss 1.42712
Epoch [136] Testing Class Recall: [0.942,0.958,0.810,0.465,0.755,0.721,0.696,0.698,0.510,0.361]
Epoch [137] Training Results: Prec@1 96.260 Prec@5 99.984 Loss 0.10764
Epoch [137] Training Class Recall: [0.984,0.989,0.942,0.919,0.921,0.886,0.922,0.856,0.795,0.880]
Epoch [137] Testing Results: Prec@1 64.230 Prec@5 96.790 Loss 1.86983
Epoch [137] Testing Class Recall: [0.979,0.973,0.725,0.596,0.782,0.682,0.627,0.468,0.298,0.293]
Epoch [138] Training Results: Prec@1 96.018 Prec@5 99.960 Loss 0.11985
Epoch [138] Training Class Recall: [0.984,0.987,0.938,0.916,0.919,0.860,0.858,0.928,0.831,0.840]
Epoch [138] Testing Results: Prec@1 69.010 Prec@5 97.470 Loss 1.46894
Epoch [138] Testing Class Recall: [0.947,0.975,0.783,0.698,0.739,0.339,0.754,0.626,0.615,0.425]
Epoch [139] Training Results: Prec@1 95.800 Prec@5 99.960 Loss 0.11583
Epoch [139] Training Class Recall: [0.986,0.985,0.939,0.905,0.898,0.829,0.879,0.892,0.843,0.820]
Epoch [139] Testing Results: Prec@1 66.380 Prec@5 96.770 Loss 1.60211
Epoch [139] Testing Class Recall: [0.957,0.951,0.769,0.699,0.532,0.674,0.525,0.591,0.401,0.539]
Epoch [140] Training Results: Prec@1 96.066 Prec@5 99.968 Loss 0.11162
Epoch [140] Training Class Recall: [0.983,0.990,0.935,0.917,0.922,0.876,0.853,0.856,0.855,0.900]
Epoch [140] Testing Results: Prec@1 66.070 Prec@5 96.670 Loss 1.67809
Epoch [140] Testing Class Recall: [0.963,0.965,0.741,0.723,0.784,0.486,0.694,0.355,0.362,0.534]
Epoch [141] Training Results: Prec@1 96.542 Prec@5 99.992 Loss 0.10239
Epoch [141] Training Class Recall: [0.987,0.989,0.942,0.932,0.930,0.891,0.918,0.856,0.807,0.760]
Epoch [141] Testing Results: Prec@1 67.540 Prec@5 96.360 Loss 1.42002
Epoch [141] Testing Class Recall: [0.701,0.982,0.798,0.528,0.848,0.659,0.794,0.460,0.728,0.256]
Epoch [142] Training Results: Prec@1 95.817 Prec@5 99.992 Loss 0.11703
Epoch [142] Training Class Recall: [0.982,0.987,0.939,0.907,0.910,0.860,0.884,0.878,0.819,0.860]
Epoch [142] Testing Results: Prec@1 62.440 Prec@5 94.780 Loss 1.95598
Epoch [142] Testing Class Recall: [0.911,0.973,0.886,0.726,0.683,0.377,0.714,0.502,0.346,0.126]
Epoch [143] Training Results: Prec@1 96.300 Prec@5 99.968 Loss 0.10923
Epoch [143] Training Class Recall: [0.984,0.986,0.944,0.923,0.926,0.891,0.901,0.842,0.831,0.840]
Epoch [143] Testing Results: Prec@1 66.410 Prec@5 96.260 Loss 1.55946
Epoch [143] Testing Class Recall: [0.951,0.946,0.835,0.621,0.733,0.304,0.757,0.521,0.572,0.401]
Epoch [144] Training Results: Prec@1 96.365 Prec@5 99.976 Loss 0.10120
Epoch [144] Training Class Recall: [0.986,0.994,0.943,0.915,0.924,0.850,0.892,0.885,0.880,0.820]
Epoch [144] Testing Results: Prec@1 68.880 Prec@5 96.520 Loss 1.51444
Epoch [144] Testing Class Recall: [0.900,0.965,0.806,0.676,0.680,0.420,0.850,0.670,0.699,0.222]
Epoch [145] Training Results: Prec@1 95.986 Prec@5 99.976 Loss 0.11110
Epoch [145] Training Class Recall: [0.983,0.988,0.946,0.902,0.926,0.863,0.875,0.849,0.855,0.760]
Epoch [145] Testing Results: Prec@1 59.460 Prec@5 94.610 Loss 2.11768
Epoch [145] Testing Class Recall: [0.947,0.687,0.664,0.507,0.636,0.427,0.362,0.416,0.422,0.878]
Epoch [146] Training Results: Prec@1 96.050 Prec@5 99.992 Loss 0.10758
Epoch [146] Training Class Recall: [0.984,0.988,0.942,0.915,0.918,0.866,0.871,0.878,0.807,0.800]
Epoch [146] Testing Results: Prec@1 60.840 Prec@5 95.990 Loss 2.42094
Epoch [146] Testing Class Recall: [0.969,0.970,0.779,0.724,0.624,0.551,0.666,0.583,0.171,0.047]
Epoch [147] Training Results: Prec@1 96.518 Prec@5 99.992 Loss 0.09951
Epoch [147] Training Class Recall: [0.984,0.990,0.950,0.927,0.929,0.881,0.897,0.892,0.807,0.820]
Epoch [147] Testing Results: Prec@1 64.110 Prec@5 96.200 Loss 1.84331
Epoch [147] Testing Class Recall: [0.971,0.960,0.822,0.605,0.665,0.741,0.630,0.438,0.186,0.393]
Epoch [148] Training Results: Prec@1 96.026 Prec@5 99.968 Loss 0.11675
Epoch [148] Training Class Recall: [0.982,0.987,0.939,0.912,0.921,0.894,0.858,0.871,0.831,0.960]
Epoch [148] Testing Results: Prec@1 61.450 Prec@5 96.270 Loss 2.03989
Epoch [148] Testing Class Recall: [0.959,0.973,0.870,0.776,0.606,0.279,0.537,0.472,0.423,0.250]
Epoch [149] Training Results: Prec@1 96.220 Prec@5 99.960 Loss 0.11157
Epoch [149] Training Class Recall: [0.984,0.986,0.937,0.926,0.915,0.889,0.901,0.885,0.855,0.880]
Epoch [149] Testing Results: Prec@1 57.860 Prec@5 94.330 Loss 2.17280
Epoch [149] Testing Class Recall: [0.917,0.976,0.862,0.628,0.822,0.644,0.462,0.230,0.176,0.069]
Epoch [150] Training Results: Prec@1 96.590 Prec@5 100.000 Loss 0.09925
Epoch [150] Training Class Recall: [0.988,0.991,0.942,0.913,0.938,0.886,0.935,0.892,0.795,0.900]
Epoch [150] Testing Results: Prec@1 61.210 Prec@5 96.060 Loss 2.20849
Epoch [150] Testing Class Recall: [0.905,0.980,0.821,0.687,0.412,0.776,0.720,0.299,0.366,0.155]
Epoch [151] Training Results: Prec@1 96.373 Prec@5 99.984 Loss 0.10579
Epoch [151] Training Class Recall: [0.983,0.990,0.945,0.924,0.916,0.863,0.888,0.928,0.916,0.900]
Epoch [151] Testing Results: Prec@1 65.640 Prec@5 96.260 Loss 1.74385
Epoch [151] Testing Class Recall: [0.954,0.980,0.726,0.694,0.677,0.647,0.628,0.594,0.543,0.121]
Epoch [152] Training Results: Prec@1 96.389 Prec@5 100.000 Loss 0.10364
Epoch [152] Training Class Recall: [0.987,0.992,0.948,0.907,0.919,0.886,0.892,0.878,0.831,0.800]
Epoch [152] Testing Results: Prec@1 66.340 Prec@5 96.350 Loss 1.72576
Epoch [152] Testing Class Recall: [0.934,0.965,0.826,0.570,0.780,0.515,0.781,0.527,0.557,0.179]
Epoch [153] Training Results: Prec@1 96.332 Prec@5 99.992 Loss 0.10345
Epoch [153] Training Class Recall: [0.985,0.987,0.947,0.916,0.915,0.881,0.909,0.871,0.880,0.880]
Epoch [153] Testing Results: Prec@1 62.170 Prec@5 94.520 Loss 2.15946
Epoch [153] Testing Class Recall: [0.896,0.977,0.905,0.751,0.674,0.323,0.722,0.510,0.346,0.113]
Epoch [154] Training Results: Prec@1 96.727 Prec@5 99.992 Loss 0.09570
Epoch [154] Training Class Recall: [0.988,0.992,0.953,0.926,0.926,0.863,0.888,0.899,0.892,0.860]
Epoch [154] Testing Results: Prec@1 59.110 Prec@5 93.800 Loss 2.40405
Epoch [154] Testing Class Recall: [0.974,0.918,0.744,0.213,0.622,0.296,0.546,0.508,0.684,0.406]
Epoch [155] Training Results: Prec@1 96.171 Prec@5 99.984 Loss 0.10891
Epoch [155] Training Class Recall: [0.984,0.989,0.943,0.930,0.926,0.848,0.875,0.842,0.807,0.840]
Epoch [155] Testing Results: Prec@1 65.950 Prec@5 96.060 Loss 1.71310
Epoch [155] Testing Class Recall: [0.901,0.945,0.852,0.700,0.832,0.583,0.595,0.360,0.281,0.546]
Epoch [156] Training Results: Prec@1 96.518 Prec@5 99.984 Loss 0.10206
Epoch [156] Training Class Recall: [0.986,0.989,0.950,0.933,0.926,0.873,0.901,0.863,0.831,0.760]
Epoch [156] Testing Results: Prec@1 57.510 Prec@5 95.240 Loss 2.31663
Epoch [156] Testing Class Recall: [0.945,0.983,0.770,0.472,0.417,0.887,0.417,0.372,0.222,0.266]
Epoch [157] Training Results: Prec@1 95.954 Prec@5 100.000 Loss 0.11327
Epoch [157] Training Class Recall: [0.984,0.985,0.940,0.913,0.921,0.871,0.862,0.842,0.880,0.760]
Epoch [157] Testing Results: Prec@1 67.400 Prec@5 97.140 Loss 1.55412
Epoch [157] Testing Class Recall: [0.952,0.981,0.707,0.709,0.814,0.500,0.666,0.663,0.447,0.301]
Epoch [158] Training Results: Prec@1 96.631 Prec@5 99.976 Loss 0.10038
Epoch [158] Training Class Recall: [0.986,0.990,0.951,0.922,0.938,0.873,0.879,0.928,0.880,0.860]
Epoch [158] Testing Results: Prec@1 65.500 Prec@5 96.620 Loss 1.70260
Epoch [158] Testing Class Recall: [0.975,0.964,0.746,0.602,0.511,0.690,0.575,0.614,0.547,0.326]
Epoch [159] Training Results: Prec@1 96.107 Prec@5 99.976 Loss 0.11130
Epoch [159] Training Class Recall: [0.986,0.989,0.937,0.917,0.898,0.879,0.914,0.835,0.855,0.820]
Epoch [159] Testing Results: Prec@1 67.060 Prec@5 96.350 Loss 1.67173
Epoch [159] Testing Class Recall: [0.889,0.910,0.796,0.768,0.672,0.696,0.567,0.487,0.243,0.678]
Epoch [160] Training Results: Prec@1 96.727 Prec@5 99.992 Loss 0.12845
Epoch [160] Training Class Recall: [0.982,0.986,0.965,0.876,0.949,0.974,0.944,0.914,0.940,0.960]
Epoch [160] Testing Results: Prec@1 72.500 Prec@5 97.620 Loss 1.24711
Epoch [160] Testing Class Recall: [0.956,0.960,0.812,0.677,0.737,0.678,0.742,0.566,0.562,0.560]
Epoch [161] Training Results: Prec@1 97.517 Prec@5 100.000 Loss 0.08128
Epoch [161] Training Class Recall: [0.986,0.989,0.960,0.928,0.964,0.961,0.966,0.964,0.964,1.000]
Epoch [161] Testing Results: Prec@1 73.670 Prec@5 97.730 Loss 1.17359
Epoch [161] Testing Class Recall: [0.951,0.959,0.813,0.733,0.751,0.664,0.742,0.601,0.586,0.567]
Epoch [162] Training Results: Prec@1 98.114 Prec@5 100.000 Loss 0.07395
Epoch [162] Training Class Recall: [0.990,0.993,0.962,0.951,0.974,0.966,0.978,0.986,0.988,0.980]
Epoch [162] Testing Results: Prec@1 73.970 Prec@5 97.890 Loss 1.17458
Epoch [162] Testing Class Recall: [0.955,0.967,0.818,0.755,0.763,0.629,0.756,0.598,0.563,0.593]
Epoch [163] Training Results: Prec@1 98.323 Prec@5 100.000 Loss 0.05362
Epoch [163] Training Class Recall: [0.989,0.989,0.973,0.955,0.980,0.982,0.987,0.993,0.976,1.000]
Epoch [163] Testing Results: Prec@1 74.590 Prec@5 97.910 Loss 1.13080
Epoch [163] Testing Class Recall: [0.954,0.965,0.804,0.768,0.773,0.673,0.729,0.608,0.596,0.589]
Epoch [164] Training Results: Prec@1 98.420 Prec@5 100.000 Loss 0.05058
Epoch [164] Training Class Recall: [0.992,0.990,0.964,0.967,0.981,0.974,0.996,0.993,0.988,1.000]
Epoch [164] Testing Results: Prec@1 74.350 Prec@5 97.880 Loss 1.15410
Epoch [164] Testing Class Recall: [0.959,0.971,0.815,0.751,0.771,0.667,0.728,0.616,0.611,0.546]
Epoch [165] Training Results: Prec@1 98.638 Prec@5 100.000 Loss 0.04446
Epoch [165] Training Class Recall: [0.992,0.993,0.974,0.967,0.981,0.974,0.996,0.986,1.000,1.000]
Epoch [165] Testing Results: Prec@1 75.070 Prec@5 97.940 Loss 1.11942
Epoch [165] Testing Class Recall: [0.959,0.967,0.819,0.754,0.776,0.672,0.748,0.607,0.627,0.578]
Epoch [166] Training Results: Prec@1 98.759 Prec@5 100.000 Loss 0.04529
Epoch [166] Training Class Recall: [0.993,0.995,0.977,0.964,0.983,0.972,0.991,1.000,1.000,1.000]
Epoch [166] Testing Results: Prec@1 74.640 Prec@5 97.910 Loss 1.13944
Epoch [166] Testing Class Recall: [0.959,0.967,0.815,0.766,0.781,0.652,0.738,0.609,0.607,0.570]
Epoch [167] Training Results: Prec@1 98.992 Prec@5 100.000 Loss 0.03884
Epoch [167] Training Class Recall: [0.994,0.994,0.978,0.975,0.991,0.992,0.996,0.993,1.000,0.980]
Epoch [167] Testing Results: Prec@1 74.970 Prec@5 97.900 Loss 1.14426
Epoch [167] Testing Class Recall: [0.959,0.970,0.813,0.779,0.787,0.657,0.746,0.630,0.613,0.543]
Epoch [168] Training Results: Prec@1 98.872 Prec@5 100.000 Loss 0.03767
Epoch [168] Training Class Recall: [0.993,0.994,0.978,0.976,0.984,0.987,0.978,0.993,1.000,1.000]
Epoch [168] Testing Results: Prec@1 74.980 Prec@5 97.960 Loss 1.13837
Epoch [168] Testing Class Recall: [0.960,0.968,0.807,0.773,0.779,0.661,0.738,0.612,0.608,0.592]
Epoch [169] Training Results: Prec@1 98.944 Prec@5 100.000 Loss 0.03684
Epoch [169] Training Class Recall: [0.995,0.995,0.977,0.976,0.980,0.987,0.991,0.993,1.000,1.000]
Epoch [169] Testing Results: Prec@1 74.930 Prec@5 97.920 Loss 1.15810
Epoch [169] Testing Class Recall: [0.962,0.968,0.836,0.769,0.788,0.647,0.748,0.611,0.588,0.576]
Epoch [170] Training Results: Prec@1 98.992 Prec@5 99.992 Loss 0.03381
Epoch [170] Training Class Recall: [0.994,0.992,0.977,0.987,0.994,0.982,0.996,0.993,1.000,1.000]
Epoch [170] Testing Results: Prec@1 75.270 Prec@5 97.970 Loss 1.12468
Epoch [170] Testing Class Recall: [0.959,0.969,0.817,0.766,0.801,0.669,0.758,0.636,0.606,0.546]
Epoch [171] Training Results: Prec@1 99.113 Prec@5 100.000 Loss 0.03357
Epoch [171] Training Class Recall: [0.996,0.994,0.978,0.981,0.992,0.982,0.996,1.000,1.000,1.000]
Epoch [171] Testing Results: Prec@1 75.380 Prec@5 98.000 Loss 1.13262
Epoch [171] Testing Class Recall: [0.959,0.968,0.824,0.764,0.794,0.668,0.757,0.633,0.595,0.576]
Epoch [172] Training Results: Prec@1 99.178 Prec@5 99.992 Loss 0.03089
Epoch [172] Training Class Recall: [0.996,0.996,0.980,0.979,0.997,0.982,1.000,0.993,1.000,1.000]
Epoch [172] Testing Results: Prec@1 75.770 Prec@5 98.030 Loss 1.11354
Epoch [172] Testing Class Recall: [0.958,0.968,0.816,0.766,0.794,0.671,0.748,0.646,0.632,0.578]
Epoch [173] Training Results: Prec@1 99.210 Prec@5 100.000 Loss 0.03020
Epoch [173] Training Class Recall: [0.997,0.995,0.980,0.985,0.991,0.982,0.996,1.000,1.000,1.000]
Epoch [173] Testing Results: Prec@1 74.950 Prec@5 98.030 Loss 1.15798
Epoch [173] Testing Class Recall: [0.964,0.971,0.810,0.780,0.788,0.658,0.760,0.638,0.596,0.530]
Epoch [174] Training Results: Prec@1 99.210 Prec@5 100.000 Loss 0.02918
Epoch [174] Training Class Recall: [0.996,0.996,0.983,0.979,0.995,0.982,0.996,1.000,1.000,1.000]
Epoch [174] Testing Results: Prec@1 74.530 Prec@5 97.930 Loss 1.17284
Epoch [174] Testing Class Recall: [0.969,0.970,0.808,0.758,0.788,0.677,0.727,0.619,0.592,0.545]
Epoch [175] Training Results: Prec@1 99.347 Prec@5 100.000 Loss 0.02986
Epoch [175] Training Class Recall: [0.996,0.996,0.988,0.982,0.995,0.984,1.000,0.993,1.000,1.000]
Epoch [175] Testing Results: Prec@1 75.300 Prec@5 97.990 Loss 1.14459
Epoch [175] Testing Class Recall: [0.963,0.968,0.822,0.757,0.793,0.696,0.749,0.616,0.598,0.568]
Epoch [176] Training Results: Prec@1 99.210 Prec@5 99.992 Loss 0.03064
Epoch [176] Training Class Recall: [0.996,0.995,0.985,0.982,0.980,0.992,0.987,1.000,1.000,1.000]
Epoch [176] Testing Results: Prec@1 75.160 Prec@5 97.980 Loss 1.14978
Epoch [176] Testing Class Recall: [0.966,0.967,0.819,0.744,0.795,0.693,0.765,0.627,0.573,0.567]
Epoch [177] Training Results: Prec@1 99.178 Prec@5 100.000 Loss 0.02951
Epoch [177] Training Class Recall: [0.996,0.993,0.987,0.982,0.991,0.982,0.991,0.993,1.000,1.000]
Epoch [177] Testing Results: Prec@1 75.260 Prec@5 97.980 Loss 1.13469
Epoch [177] Testing Class Recall: [0.959,0.970,0.817,0.761,0.791,0.678,0.744,0.621,0.621,0.564]
Epoch [178] Training Results: Prec@1 99.291 Prec@5 100.000 Loss 0.02635
Epoch [178] Training Class Recall: [0.997,0.997,0.981,0.984,0.997,0.977,0.996,1.000,1.000,1.000]
Epoch [178] Testing Results: Prec@1 75.100 Prec@5 97.920 Loss 1.15897
Epoch [178] Testing Class Recall: [0.964,0.971,0.813,0.759,0.789,0.675,0.751,0.612,0.620,0.556]
Epoch [179] Training Results: Prec@1 99.258 Prec@5 100.000 Loss 0.02690
Epoch [179] Training Class Recall: [0.995,0.995,0.984,0.984,0.997,0.997,0.987,1.000,0.988,1.000]
Epoch [179] Testing Results: Prec@1 75.290 Prec@5 98.040 Loss 1.15452
Epoch [179] Testing Class Recall: [0.964,0.971,0.814,0.769,0.799,0.666,0.765,0.619,0.606,0.556]
Epoch [180] Training Results: Prec@1 99.347 Prec@5 100.000 Loss 0.02543
Epoch [180] Training Class Recall: [0.996,0.995,0.989,0.984,0.995,0.982,0.996,1.000,1.000,1.000]
Epoch [180] Testing Results: Prec@1 74.840 Prec@5 97.880 Loss 1.18496
Epoch [180] Testing Class Recall: [0.968,0.973,0.817,0.769,0.797,0.662,0.758,0.608,0.596,0.536]
Epoch [181] Training Results: Prec@1 99.347 Prec@5 100.000 Loss 0.02492
Epoch [181] Training Class Recall: [0.996,0.997,0.984,0.986,0.995,0.997,0.996,0.986,0.988,1.000]
Epoch [181] Testing Results: Prec@1 75.000 Prec@5 98.010 Loss 1.16211
Epoch [181] Testing Class Recall: [0.964,0.974,0.812,0.767,0.788,0.678,0.745,0.623,0.613,0.536]
Epoch [182] Training Results: Prec@1 99.299 Prec@5 100.000 Loss 0.02472
Epoch [182] Training Class Recall: [0.996,0.996,0.986,0.981,0.995,0.987,0.996,1.000,1.000,1.000]
Epoch [182] Testing Results: Prec@1 75.290 Prec@5 97.990 Loss 1.15261
Epoch [182] Testing Class Recall: [0.965,0.970,0.810,0.779,0.791,0.680,0.745,0.613,0.615,0.561]
Epoch [183] Training Results: Prec@1 99.436 Prec@5 100.000 Loss 0.02324
Epoch [183] Training Class Recall: [0.996,0.997,0.986,0.990,0.997,0.997,1.000,0.993,1.000,1.000]
Epoch [183] Testing Results: Prec@1 75.600 Prec@5 97.900 Loss 1.13554
Epoch [183] Testing Class Recall: [0.960,0.967,0.817,0.783,0.799,0.670,0.741,0.610,0.621,0.592]
Epoch [184] Training Results: Prec@1 99.291 Prec@5 100.000 Loss 0.02419
Epoch [184] Training Class Recall: [0.995,0.994,0.987,0.987,0.994,0.990,1.000,1.000,1.000,1.000]
Epoch [184] Testing Results: Prec@1 74.860 Prec@5 97.980 Loss 1.18065
Epoch [184] Testing Class Recall: [0.963,0.973,0.818,0.774,0.800,0.668,0.737,0.615,0.597,0.541]
Epoch [185] Training Results: Prec@1 99.275 Prec@5 100.000 Loss 0.02439
Epoch [185] Training Class Recall: [0.996,0.996,0.981,0.984,0.989,0.992,1.000,1.000,1.000,1.000]
Epoch [185] Testing Results: Prec@1 75.370 Prec@5 98.000 Loss 1.14763
Epoch [185] Testing Class Recall: [0.964,0.969,0.813,0.769,0.776,0.682,0.750,0.630,0.624,0.560]
Epoch [186] Training Results: Prec@1 99.444 Prec@5 100.000 Loss 0.02370
Epoch [186] Training Class Recall: [0.997,0.998,0.988,0.988,0.992,0.982,1.000,1.000,1.000,1.000]
Epoch [186] Testing Results: Prec@1 75.560 Prec@5 98.010 Loss 1.13485
Epoch [186] Testing Class Recall: [0.961,0.971,0.817,0.777,0.789,0.658,0.753,0.625,0.642,0.563]
Epoch [187] Training Results: Prec@1 99.283 Prec@5 100.000 Loss 0.02534
Epoch [187] Training Class Recall: [0.995,0.996,0.983,0.991,0.991,0.984,0.996,0.993,1.000,1.000]
Epoch [187] Testing Results: Prec@1 75.340 Prec@5 97.970 Loss 1.13829
Epoch [187] Testing Class Recall: [0.963,0.969,0.817,0.752,0.799,0.678,0.756,0.623,0.615,0.562]
Epoch [188] Training Results: Prec@1 99.339 Prec@5 100.000 Loss 0.02503
Epoch [188] Training Class Recall: [0.996,0.996,0.983,0.987,0.998,0.992,1.000,1.000,1.000,1.000]
Epoch [188] Testing Results: Prec@1 75.040 Prec@5 97.960 Loss 1.17231
Epoch [188] Testing Class Recall: [0.964,0.974,0.823,0.753,0.793,0.668,0.765,0.625,0.611,0.528]
Epoch [189] Training Results: Prec@1 99.387 Prec@5 100.000 Loss 0.02502
Epoch [189] Training Class Recall: [0.996,0.996,0.988,0.984,0.992,0.995,1.000,1.000,0.988,1.000]
Epoch [189] Testing Results: Prec@1 75.510 Prec@5 97.930 Loss 1.13261
Epoch [189] Testing Class Recall: [0.965,0.973,0.813,0.768,0.780,0.661,0.757,0.627,0.618,0.589]
Epoch [190] Training Results: Prec@1 99.468 Prec@5 100.000 Loss 0.02301
Epoch [190] Training Class Recall: [0.997,0.998,0.987,0.984,0.998,0.995,1.000,1.000,1.000,1.000]
Epoch [190] Testing Results: Prec@1 75.000 Prec@5 97.990 Loss 1.16389
Epoch [190] Testing Class Recall: [0.967,0.970,0.801,0.770,0.784,0.656,0.755,0.606,0.628,0.563]
Epoch [191] Training Results: Prec@1 99.412 Prec@5 100.000 Loss 0.02541
Epoch [191] Training Class Recall: [0.996,0.997,0.987,0.987,0.995,0.995,0.996,0.993,1.000,1.000]
Epoch [191] Testing Results: Prec@1 74.970 Prec@5 98.000 Loss 1.16826
Epoch [191] Testing Class Recall: [0.967,0.972,0.819,0.762,0.773,0.675,0.754,0.635,0.596,0.544]
Epoch [192] Training Results: Prec@1 99.234 Prec@5 100.000 Loss 0.02703
Epoch [192] Training Class Recall: [0.996,0.996,0.987,0.980,0.981,0.984,1.000,1.000,1.000,1.000]
Epoch [192] Testing Results: Prec@1 75.480 Prec@5 98.000 Loss 1.15639
Epoch [192] Testing Class Recall: [0.961,0.972,0.814,0.785,0.791,0.667,0.772,0.614,0.623,0.549]
Epoch [193] Training Results: Prec@1 99.339 Prec@5 100.000 Loss 0.02416
Epoch [193] Training Class Recall: [0.997,0.996,0.982,0.987,0.992,0.990,1.000,1.000,1.000,1.000]
Epoch [193] Testing Results: Prec@1 74.970 Prec@5 97.910 Loss 1.16258
Epoch [193] Testing Class Recall: [0.964,0.972,0.828,0.749,0.780,0.673,0.741,0.626,0.606,0.558]
Epoch [194] Training Results: Prec@1 99.468 Prec@5 100.000 Loss 0.02457
Epoch [194] Training Class Recall: [0.997,0.997,0.986,0.990,0.997,0.995,0.991,1.000,1.000,1.000]
Epoch [194] Testing Results: Prec@1 75.080 Prec@5 97.960 Loss 1.16105
Epoch [194] Testing Class Recall: [0.966,0.974,0.811,0.767,0.796,0.663,0.740,0.628,0.621,0.542]
Epoch [195] Training Results: Prec@1 99.363 Prec@5 100.000 Loss 0.02477
Epoch [195] Training Class Recall: [0.997,0.996,0.988,0.982,0.994,0.987,0.991,1.000,1.000,1.000]
Epoch [195] Testing Results: Prec@1 74.870 Prec@5 97.890 Loss 1.19184
Epoch [195] Testing Class Recall: [0.964,0.970,0.820,0.780,0.788,0.650,0.750,0.598,0.627,0.540]
Epoch [196] Training Results: Prec@1 99.339 Prec@5 100.000 Loss 0.02563
Epoch [196] Training Class Recall: [0.996,0.996,0.985,0.987,0.988,0.992,1.000,1.000,1.000,1.000]
Epoch [196] Testing Results: Prec@1 74.740 Prec@5 97.940 Loss 1.18195
Epoch [196] Testing Class Recall: [0.969,0.968,0.814,0.764,0.791,0.676,0.744,0.605,0.595,0.548]
Epoch [197] Training Results: Prec@1 99.436 Prec@5 100.000 Loss 0.02369
Epoch [197] Training Class Recall: [0.997,0.997,0.987,0.985,0.998,0.990,0.996,1.000,1.000,1.000]
Epoch [197] Testing Results: Prec@1 75.160 Prec@5 97.900 Loss 1.15675
Epoch [197] Testing Class Recall: [0.964,0.970,0.811,0.776,0.798,0.661,0.761,0.605,0.624,0.546]
Epoch [198] Training Results: Prec@1 99.315 Prec@5 100.000 Loss 0.02488
Epoch [198] Training Class Recall: [0.996,0.997,0.984,0.984,0.991,0.990,1.000,1.000,1.000,1.000]
Epoch [198] Testing Results: Prec@1 74.950 Prec@5 97.950 Loss 1.16568
Epoch [198] Testing Class Recall: [0.965,0.972,0.818,0.762,0.787,0.677,0.739,0.624,0.602,0.549]
Epoch [199] Training Results: Prec@1 99.452 Prec@5 100.000 Loss 0.02239
Epoch [199] Training Class Recall: [0.995,0.997,0.991,0.987,0.994,1.000,1.000,1.000,1.000,1.000]
Epoch [199] Testing Results: Prec@1 75.310 Prec@5 97.980 Loss 1.15510
Epoch [199] Testing Class Recall: [0.963,0.971,0.815,0.775,0.790,0.665,0.765,0.621,0.625,0.541]
