Log file: cifar10_sava0.7_randomoversampling_selection_exp0.01_seed42_20260526_125144.log
Run started: 2026-05-26 12:51:44.582491
Dataset: cifar10
Imbalance type: exp, factor: 0.01
Selection method: sava, ratio: 0.7
Strategy: RandomOversampling_Selection, epochs: 200
Seed: 42, rand_number: 0
Augmentation: weak
Noise ratio: 0.15
mamix_ratio: 1.0
============================================================

=> Preparing logger and tensorboard writer !
----------------------------------------------------
Class ID   | Original   | Selected   | Keep %  
----------------------------------------------------
0          | 5025       | 3080       |    61.3%
1          | 5019       | 3882       |    77.3%
2          | 4999       | 3647       |    73.0%
3          | 5011       | 3672       |    73.3%
4          | 4980       | 3729       |    74.9%
5          | 5035       | 3447       |    68.5%
6          | 4938       | 3375       |    68.3%
7          | 5034       | 3434       |    68.2%
8          | 5018       | 3561       |    71.0%
9          | 4941       | 3173       |    64.2%
----------------------------------------------------
TOTAL      | 50000      | 35000      |    70.0%
----------------------------------------------------
Epoch [0] Training Results: Prec@1 35.563 Prec@5 82.409             Loss 1.85973
Epoch [0] Training Class Recall: [0.415,0.489,0.178,0.178,0.328,0.299,0.408,0.373,0.451,0.457]
Epoch [0] Testing Results: Prec@1 36.260 Prec@5 85.940             Loss 1.84737
Epoch [0] Testing Class Recall: [0.614,0.641,0.169,0.029,0.339,0.824,0.204,0.250,0.322,0.234]
Epoch [1] Training Results: Prec@1 49.300 Prec@5 87.697             Loss 1.58383
Epoch [1] Training Class Recall: [0.541,0.625,0.318,0.286,0.369,0.385,0.541,0.558,0.662,0.677]
Epoch [1] Testing Results: Prec@1 34.680 Prec@5 79.380             Loss 2.34338
Epoch [1] Testing Class Recall: [0.759,0.540,0.638,0.079,0.335,0.203,0.279,0.498,0.040,0.097]
Epoch [2] Training Results: Prec@1 57.597 Prec@5 89.854             Loss 1.40420
Epoch [2] Training Class Recall: [0.582,0.701,0.404,0.373,0.460,0.455,0.634,0.648,0.757,0.774]
Epoch [2] Testing Results: Prec@1 41.210 Prec@5 85.130             Loss 1.86220
Epoch [2] Testing Class Recall: [0.640,0.858,0.292,0.198,0.457,0.131,0.259,0.688,0.186,0.412]
Epoch [3] Training Results: Prec@1 62.589 Prec@5 90.703             Loss 1.29697
Epoch [3] Training Class Recall: [0.636,0.734,0.464,0.430,0.533,0.503,0.691,0.701,0.802,0.792]
Epoch [3] Testing Results: Prec@1 46.330 Prec@5 88.880             Loss 1.66263
Epoch [3] Testing Class Recall: [0.667,0.823,0.207,0.435,0.338,0.252,0.418,0.710,0.196,0.587]
Epoch [4] Training Results: Prec@1 66.229 Prec@5 91.017             Loss 1.21807
Epoch [4] Training Class Recall: [0.652,0.774,0.500,0.473,0.592,0.551,0.720,0.748,0.823,0.811]
Epoch [4] Testing Results: Prec@1 46.610 Prec@5 88.860             Loss 1.67362
Epoch [4] Testing Class Recall: [0.586,0.844,0.430,0.400,0.816,0.367,0.248,0.243,0.359,0.368]
Epoch [5] Training Results: Prec@1 69.771 Prec@5 91.531             Loss 1.13073
Epoch [5] Training Class Recall: [0.690,0.786,0.552,0.524,0.654,0.593,0.758,0.781,0.836,0.822]
Epoch [5] Testing Results: Prec@1 53.200 Prec@5 91.760             Loss 1.39070
Epoch [5] Testing Class Recall: [0.693,0.744,0.473,0.324,0.466,0.519,0.700,0.512,0.400,0.489]
Epoch [6] Training Results: Prec@1 72.271 Prec@5 91.840             Loss 1.07260
Epoch [6] Training Class Recall: [0.702,0.793,0.599,0.572,0.685,0.650,0.782,0.794,0.837,0.826]
Epoch [6] Testing Results: Prec@1 45.610 Prec@5 82.360             Loss 1.99860
Epoch [6] Testing Class Recall: [0.778,0.909,0.590,0.047,0.523,0.319,0.416,0.766,0.130,0.083]
Epoch [7] Training Results: Prec@1 73.514 Prec@5 91.777             Loss 1.04347
Epoch [7] Training Class Recall: [0.706,0.804,0.624,0.591,0.711,0.668,0.791,0.798,0.838,0.832]
Epoch [7] Testing Results: Prec@1 52.580 Prec@5 91.230             Loss 1.53367
Epoch [7] Testing Class Recall: [0.759,0.691,0.589,0.430,0.408,0.724,0.481,0.482,0.290,0.404]
Epoch [8] Training Results: Prec@1 74.869 Prec@5 91.983             Loss 1.00754
Epoch [8] Training Class Recall: [0.722,0.810,0.638,0.615,0.731,0.710,0.795,0.803,0.844,0.830]
Epoch [8] Testing Results: Prec@1 54.720 Prec@5 89.030             Loss 1.50581
Epoch [8] Testing Class Recall: [0.620,0.893,0.661,0.415,0.681,0.436,0.465,0.568,0.258,0.475]
Epoch [9] Training Results: Prec@1 76.069 Prec@5 92.009             Loss 0.97847
Epoch [9] Training Class Recall: [0.728,0.812,0.671,0.646,0.741,0.732,0.802,0.810,0.843,0.830]
Epoch [9] Testing Results: Prec@1 55.900 Prec@5 89.820             Loss 1.45163
Epoch [9] Testing Class Recall: [0.708,0.939,0.514,0.491,0.485,0.268,0.790,0.596,0.476,0.323]
Epoch [10] Training Results: Prec@1 77.054 Prec@5 92.069             Loss 0.96314
Epoch [10] Training Class Recall: [0.740,0.819,0.690,0.666,0.765,0.739,0.808,0.809,0.844,0.831]
Epoch [10] Testing Results: Prec@1 52.150 Prec@5 86.870             Loss 1.63943
Epoch [10] Testing Class Recall: [0.625,0.857,0.682,0.327,0.380,0.705,0.614,0.084,0.687,0.254]
Epoch [11] Training Results: Prec@1 77.971 Prec@5 92.166             Loss 0.93442
Epoch [11] Training Class Recall: [0.740,0.825,0.699,0.696,0.776,0.759,0.811,0.814,0.846,0.834]
Epoch [11] Testing Results: Prec@1 56.120 Prec@5 87.900             Loss 1.56266
Epoch [11] Testing Class Recall: [0.675,0.947,0.692,0.368,0.695,0.336,0.557,0.648,0.441,0.253]
Epoch [12] Training Results: Prec@1 78.274 Prec@5 92.180             Loss 0.92372
Epoch [12] Training Class Recall: [0.748,0.824,0.706,0.687,0.780,0.772,0.818,0.814,0.849,0.833]
Epoch [12] Testing Results: Prec@1 53.730 Prec@5 88.760             Loss 1.58301
Epoch [12] Testing Class Recall: [0.707,0.941,0.764,0.485,0.338,0.408,0.540,0.569,0.493,0.128]
Epoch [13] Training Results: Prec@1 78.674 Prec@5 92.343             Loss 0.91387
Epoch [13] Training Class Recall: [0.745,0.823,0.723,0.705,0.787,0.771,0.819,0.812,0.851,0.833]
Epoch [13] Testing Results: Prec@1 54.420 Prec@5 87.010             Loss 1.65669
Epoch [13] Testing Class Recall: [0.589,0.969,0.579,0.739,0.603,0.487,0.549,0.324,0.524,0.079]
Epoch [14] Training Results: Prec@1 78.960 Prec@5 92.391             Loss 0.90628
Epoch [14] Training Class Recall: [0.750,0.828,0.732,0.713,0.788,0.773,0.817,0.813,0.848,0.836]
Epoch [14] Testing Results: Prec@1 51.540 Prec@5 85.170             Loss 1.71799
Epoch [14] Testing Class Recall: [0.821,0.962,0.680,0.517,0.467,0.470,0.381,0.553,0.177,0.126]
Epoch [15] Training Results: Prec@1 79.346 Prec@5 92.226             Loss 0.89563
Epoch [15] Training Class Recall: [0.753,0.827,0.743,0.718,0.794,0.786,0.822,0.812,0.850,0.832]
Epoch [15] Testing Results: Prec@1 45.200 Prec@5 84.890             Loss 1.96216
Epoch [15] Testing Class Recall: [0.848,0.850,0.850,0.170,0.429,0.222,0.437,0.260,0.383,0.071]
Epoch [16] Training Results: Prec@1 79.669 Prec@5 92.511             Loss 0.88456
Epoch [16] Training Class Recall: [0.760,0.826,0.746,0.730,0.803,0.778,0.828,0.815,0.848,0.834]
Epoch [16] Testing Results: Prec@1 55.580 Prec@5 89.840             Loss 1.53022
Epoch [16] Testing Class Recall: [0.787,0.914,0.794,0.293,0.601,0.358,0.514,0.469,0.365,0.463]
Epoch [17] Training Results: Prec@1 79.957 Prec@5 92.471             Loss 0.88244
Epoch [17] Training Class Recall: [0.764,0.824,0.763,0.727,0.812,0.786,0.827,0.815,0.846,0.833]
Epoch [17] Testing Results: Prec@1 58.890 Prec@5 90.980             Loss 1.38209
Epoch [17] Testing Class Recall: [0.592,0.924,0.571,0.734,0.538,0.478,0.561,0.399,0.646,0.446]
Epoch [18] Training Results: Prec@1 79.983 Prec@5 92.494             Loss 0.87606
Epoch [18] Training Class Recall: [0.762,0.829,0.747,0.737,0.808,0.792,0.822,0.817,0.847,0.836]
Epoch [18] Testing Results: Prec@1 60.730 Prec@5 91.590             Loss 1.33334
Epoch [18] Testing Class Recall: [0.766,0.869,0.517,0.547,0.736,0.560,0.619,0.607,0.547,0.305]
Epoch [19] Training Results: Prec@1 80.200 Prec@5 92.546             Loss 0.87112
Epoch [19] Training Class Recall: [0.760,0.829,0.770,0.739,0.805,0.790,0.829,0.816,0.848,0.835]
Epoch [19] Testing Results: Prec@1 52.680 Prec@5 85.280             Loss 1.68579
Epoch [19] Testing Class Recall: [0.828,0.802,0.649,0.439,0.754,0.482,0.162,0.507,0.277,0.368]
Epoch [20] Training Results: Prec@1 80.437 Prec@5 92.646             Loss 0.86619
Epoch [20] Training Class Recall: [0.765,0.833,0.761,0.746,0.813,0.794,0.831,0.819,0.849,0.832]
Epoch [20] Testing Results: Prec@1 52.750 Prec@5 87.700             Loss 1.59708
Epoch [20] Testing Class Recall: [0.695,0.736,0.660,0.467,0.370,0.431,0.880,0.452,0.396,0.188]
Epoch [21] Training Results: Prec@1 80.843 Prec@5 92.703             Loss 0.85583
Epoch [21] Training Class Recall: [0.773,0.834,0.769,0.754,0.824,0.796,0.828,0.822,0.848,0.835]
Epoch [21] Testing Results: Prec@1 54.010 Prec@5 86.440             Loss 1.74311
Epoch [21] Testing Class Recall: [0.559,0.932,0.544,0.642,0.715,0.653,0.514,0.237,0.406,0.199]
Epoch [22] Training Results: Prec@1 80.840 Prec@5 92.729             Loss 0.85605
Epoch [22] Training Class Recall: [0.780,0.831,0.777,0.751,0.815,0.797,0.830,0.819,0.849,0.836]
Epoch [22] Testing Results: Prec@1 50.430 Prec@5 84.290             Loss 1.77592
Epoch [22] Testing Class Recall: [0.876,0.926,0.812,0.399,0.368,0.404,0.357,0.527,0.315,0.059]
Epoch [23] Training Results: Prec@1 80.931 Prec@5 92.597             Loss 0.84953
Epoch [23] Training Class Recall: [0.773,0.833,0.782,0.752,0.817,0.802,0.833,0.816,0.850,0.835]
Epoch [23] Testing Results: Prec@1 55.010 Prec@5 88.820             Loss 1.54152
Epoch [23] Testing Class Recall: [0.737,0.976,0.689,0.409,0.651,0.644,0.381,0.374,0.318,0.322]
Epoch [24] Training Results: Prec@1 80.997 Prec@5 92.809             Loss 0.84788
Epoch [24] Training Class Recall: [0.786,0.830,0.784,0.752,0.817,0.797,0.833,0.814,0.851,0.835]
Epoch [24] Testing Results: Prec@1 55.440 Prec@5 88.020             Loss 1.54572
Epoch [24] Testing Class Recall: [0.712,0.938,0.709,0.571,0.534,0.437,0.785,0.230,0.349,0.279]
Epoch [25] Training Results: Prec@1 80.994 Prec@5 92.737             Loss 0.84735
Epoch [25] Training Class Recall: [0.786,0.831,0.776,0.760,0.817,0.802,0.828,0.817,0.849,0.836]
Epoch [25] Testing Results: Prec@1 53.540 Prec@5 87.870             Loss 1.79818
Epoch [25] Testing Class Recall: [0.818,0.858,0.731,0.799,0.522,0.333,0.340,0.471,0.218,0.264]
Epoch [26] Training Results: Prec@1 81.186 Prec@5 92.991             Loss 0.83984
Epoch [26] Training Class Recall: [0.780,0.834,0.790,0.762,0.818,0.802,0.830,0.817,0.851,0.833]
Epoch [26] Testing Results: Prec@1 57.250 Prec@5 90.640             Loss 1.47805
Epoch [26] Testing Class Recall: [0.803,0.879,0.585,0.715,0.516,0.452,0.623,0.474,0.320,0.358]
Epoch [27] Training Results: Prec@1 81.434 Prec@5 92.857             Loss 0.83629
Epoch [27] Training Class Recall: [0.780,0.834,0.787,0.779,0.823,0.802,0.834,0.818,0.849,0.835]
Epoch [27] Testing Results: Prec@1 57.080 Prec@5 89.470             Loss 1.51295
Epoch [27] Testing Class Recall: [0.577,0.785,0.625,0.580,0.832,0.632,0.409,0.339,0.434,0.495]
Epoch [28] Training Results: Prec@1 81.323 Prec@5 93.014             Loss 0.83515
Epoch [28] Training Class Recall: [0.788,0.834,0.784,0.767,0.822,0.801,0.833,0.816,0.851,0.836]
Epoch [28] Testing Results: Prec@1 60.990 Prec@5 90.820             Loss 1.33222
Epoch [28] Testing Class Recall: [0.618,0.735,0.656,0.603,0.617,0.441,0.610,0.737,0.614,0.468]
Epoch [29] Training Results: Prec@1 81.343 Prec@5 92.917             Loss 0.83858
Epoch [29] Training Class Recall: [0.781,0.830,0.788,0.768,0.824,0.802,0.831,0.822,0.851,0.836]
Epoch [29] Testing Results: Prec@1 51.420 Prec@5 86.910             Loss 1.90198
Epoch [29] Testing Class Recall: [0.925,0.803,0.477,0.819,0.473,0.273,0.218,0.601,0.338,0.215]
Epoch [30] Training Results: Prec@1 81.734 Prec@5 93.003             Loss 0.82712
Epoch [30] Training Class Recall: [0.788,0.832,0.792,0.775,0.831,0.806,0.838,0.822,0.854,0.832]
Epoch [30] Testing Results: Prec@1 58.380 Prec@5 90.480             Loss 1.53031
Epoch [30] Testing Class Recall: [0.805,0.851,0.553,0.787,0.645,0.475,0.632,0.499,0.267,0.324]
Epoch [31] Training Results: Prec@1 81.606 Prec@5 92.983             Loss 0.82780
Epoch [31] Training Class Recall: [0.786,0.834,0.797,0.772,0.828,0.801,0.834,0.820,0.851,0.836]
Epoch [31] Testing Results: Prec@1 52.420 Prec@5 85.600             Loss 1.70219
Epoch [31] Testing Class Recall: [0.637,0.970,0.616,0.490,0.862,0.325,0.331,0.309,0.543,0.159]
Epoch [32] Training Results: Prec@1 81.606 Prec@5 92.991             Loss 0.83070
Epoch [32] Training Class Recall: [0.786,0.836,0.794,0.778,0.826,0.802,0.834,0.819,0.848,0.835]
Epoch [32] Testing Results: Prec@1 60.180 Prec@5 90.980             Loss 1.33549
Epoch [32] Testing Class Recall: [0.686,0.957,0.765,0.283,0.358,0.587,0.748,0.578,0.567,0.489]
Epoch [33] Training Results: Prec@1 81.583 Prec@5 92.986             Loss 0.83003
Epoch [33] Training Class Recall: [0.790,0.837,0.793,0.771,0.827,0.797,0.834,0.820,0.853,0.836]
Epoch [33] Testing Results: Prec@1 59.340 Prec@5 89.980             Loss 1.45432
Epoch [33] Testing Class Recall: [0.746,0.932,0.473,0.578,0.789,0.520,0.776,0.535,0.409,0.176]
Epoch [34] Training Results: Prec@1 81.720 Prec@5 92.926             Loss 0.82413
Epoch [34] Training Class Recall: [0.787,0.837,0.795,0.781,0.828,0.808,0.832,0.819,0.849,0.834]
Epoch [34] Testing Results: Prec@1 56.770 Prec@5 88.750             Loss 1.50308
Epoch [34] Testing Class Recall: [0.669,0.869,0.809,0.520,0.667,0.322,0.268,0.540,0.527,0.486]
Epoch [35] Training Results: Prec@1 81.883 Prec@5 92.991             Loss 0.82727
Epoch [35] Training Class Recall: [0.794,0.837,0.803,0.779,0.826,0.803,0.837,0.823,0.851,0.834]
Epoch [35] Testing Results: Prec@1 60.370 Prec@5 90.080             Loss 1.36770
Epoch [35] Testing Class Recall: [0.754,0.962,0.777,0.545,0.654,0.400,0.505,0.542,0.552,0.346]
Epoch [36] Training Results: Prec@1 81.920 Prec@5 93.131             Loss 0.82225
Epoch [36] Training Class Recall: [0.787,0.835,0.802,0.783,0.831,0.804,0.836,0.823,0.850,0.837]
Epoch [36] Testing Results: Prec@1 58.460 Prec@5 89.930             Loss 1.44750
Epoch [36] Testing Class Recall: [0.801,0.945,0.747,0.659,0.588,0.400,0.599,0.479,0.374,0.254]
Epoch [37] Training Results: Prec@1 82.034 Prec@5 93.063             Loss 0.82035
Epoch [37] Training Class Recall: [0.796,0.836,0.804,0.781,0.834,0.806,0.838,0.820,0.850,0.836]
Epoch [37] Testing Results: Prec@1 52.860 Prec@5 87.290             Loss 1.71986
Epoch [37] Testing Class Recall: [0.678,0.855,0.810,0.669,0.645,0.350,0.280,0.307,0.384,0.308]
Epoch [38] Training Results: Prec@1 82.217 Prec@5 93.311             Loss 0.81331
Epoch [38] Training Class Recall: [0.800,0.838,0.805,0.786,0.835,0.809,0.841,0.819,0.852,0.836]
Epoch [38] Testing Results: Prec@1 52.540 Prec@5 87.430             Loss 1.88271
Epoch [38] Testing Class Recall: [0.533,0.906,0.907,0.473,0.561,0.526,0.478,0.393,0.266,0.211]
Epoch [39] Training Results: Prec@1 81.954 Prec@5 93.046             Loss 0.82147
Epoch [39] Training Class Recall: [0.790,0.838,0.804,0.783,0.827,0.810,0.837,0.820,0.848,0.835]
Epoch [39] Testing Results: Prec@1 54.520 Prec@5 86.940             Loss 1.55282
Epoch [39] Testing Class Recall: [0.719,0.916,0.719,0.694,0.534,0.545,0.241,0.167,0.414,0.503]
Epoch [40] Training Results: Prec@1 82.054 Prec@5 93.123             Loss 0.81744
Epoch [40] Training Class Recall: [0.798,0.837,0.810,0.782,0.835,0.805,0.833,0.820,0.849,0.835]
Epoch [40] Testing Results: Prec@1 60.170 Prec@5 91.460             Loss 1.43559
Epoch [40] Testing Class Recall: [0.830,0.894,0.615,0.769,0.606,0.397,0.490,0.588,0.506,0.322]
Epoch [41] Training Results: Prec@1 82.254 Prec@5 93.171             Loss 0.81027
Epoch [41] Training Class Recall: [0.796,0.841,0.806,0.788,0.835,0.808,0.837,0.820,0.853,0.836]
Epoch [41] Testing Results: Prec@1 53.660 Prec@5 87.240             Loss 1.73316
Epoch [41] Testing Class Recall: [0.823,0.954,0.783,0.648,0.286,0.304,0.426,0.488,0.501,0.153]
Epoch [42] Training Results: Prec@1 82.100 Prec@5 93.314             Loss 0.81357
Epoch [42] Training Class Recall: [0.799,0.839,0.805,0.786,0.827,0.806,0.839,0.821,0.851,0.835]
Epoch [42] Testing Results: Prec@1 59.400 Prec@5 89.740             Loss 1.45730
Epoch [42] Testing Class Recall: [0.759,0.963,0.662,0.507,0.740,0.684,0.457,0.506,0.294,0.368]
Epoch [43] Training Results: Prec@1 82.191 Prec@5 93.209             Loss 0.81142
Epoch [43] Training Class Recall: [0.794,0.836,0.802,0.788,0.831,0.818,0.841,0.823,0.849,0.836]
Epoch [43] Testing Results: Prec@1 57.600 Prec@5 86.610             Loss 1.49957
Epoch [43] Testing Class Recall: [0.766,0.909,0.774,0.315,0.600,0.486,0.712,0.701,0.379,0.118]
Epoch [44] Training Results: Prec@1 82.429 Prec@5 93.431             Loss 0.80772
Epoch [44] Training Class Recall: [0.798,0.844,0.810,0.792,0.836,0.814,0.833,0.824,0.853,0.835]
Epoch [44] Testing Results: Prec@1 59.220 Prec@5 90.250             Loss 1.40907
Epoch [44] Testing Class Recall: [0.784,0.962,0.552,0.604,0.705,0.447,0.681,0.611,0.281,0.295]
Epoch [45] Training Results: Prec@1 82.331 Prec@5 93.234             Loss 0.80957
Epoch [45] Training Class Recall: [0.796,0.841,0.814,0.791,0.834,0.806,0.837,0.822,0.853,0.836]
Epoch [45] Testing Results: Prec@1 55.040 Prec@5 85.210             Loss 1.62659
Epoch [45] Testing Class Recall: [0.608,0.834,0.785,0.439,0.808,0.343,0.611,0.332,0.613,0.131]
Epoch [46] Training Results: Prec@1 82.054 Prec@5 93.274             Loss 0.81536
Epoch [46] Training Class Recall: [0.790,0.836,0.806,0.782,0.830,0.809,0.835,0.824,0.853,0.837]
Epoch [46] Testing Results: Prec@1 58.880 Prec@5 89.580             Loss 1.46468
Epoch [46] Testing Class Recall: [0.759,0.826,0.659,0.501,0.435,0.758,0.504,0.533,0.627,0.286]
Epoch [47] Training Results: Prec@1 82.366 Prec@5 93.269             Loss 0.80787
Epoch [47] Training Class Recall: [0.799,0.841,0.806,0.794,0.832,0.812,0.840,0.821,0.853,0.837]
Epoch [47] Testing Results: Prec@1 54.640 Prec@5 86.330             Loss 1.68981
Epoch [47] Testing Class Recall: [0.773,0.887,0.635,0.846,0.557,0.389,0.383,0.416,0.352,0.226]
Epoch [48] Training Results: Prec@1 82.229 Prec@5 93.249             Loss 0.80863
Epoch [48] Training Class Recall: [0.798,0.839,0.809,0.792,0.829,0.805,0.841,0.821,0.851,0.835]
Epoch [48] Testing Results: Prec@1 54.080 Prec@5 86.060             Loss 1.71250
Epoch [48] Testing Class Recall: [0.753,0.960,0.815,0.500,0.550,0.293,0.660,0.255,0.406,0.216]
Epoch [49] Training Results: Prec@1 82.251 Prec@5 93.300             Loss 0.80867
Epoch [49] Training Class Recall: [0.797,0.838,0.812,0.786,0.837,0.809,0.835,0.826,0.848,0.835]
Epoch [49] Testing Results: Prec@1 57.130 Prec@5 87.760             Loss 1.52242
Epoch [49] Testing Class Recall: [0.502,0.859,0.822,0.365,0.711,0.539,0.391,0.407,0.760,0.357]
Epoch [50] Training Results: Prec@1 82.109 Prec@5 93.317             Loss 0.81260
Epoch [50] Training Class Recall: [0.794,0.838,0.815,0.788,0.832,0.806,0.831,0.819,0.849,0.836]
Epoch [50] Testing Results: Prec@1 50.830 Prec@5 86.190             Loss 1.82495
Epoch [50] Testing Class Recall: [0.870,0.962,0.669,0.528,0.367,0.429,0.387,0.356,0.304,0.211]
Epoch [51] Training Results: Prec@1 82.483 Prec@5 93.237             Loss 0.80456
Epoch [51] Training Class Recall: [0.804,0.840,0.818,0.797,0.831,0.807,0.839,0.823,0.850,0.837]
Epoch [51] Testing Results: Prec@1 51.020 Prec@5 85.930             Loss 1.75404
Epoch [51] Testing Class Recall: [0.763,0.951,0.887,0.347,0.546,0.375,0.317,0.519,0.247,0.150]
Epoch [52] Training Results: Prec@1 82.480 Prec@5 93.260             Loss 0.80320
Epoch [52] Training Class Recall: [0.804,0.842,0.815,0.793,0.833,0.813,0.836,0.821,0.851,0.838]
Epoch [52] Testing Results: Prec@1 56.990 Prec@5 89.980             Loss 1.46290
Epoch [52] Testing Class Recall: [0.680,0.950,0.853,0.424,0.543,0.464,0.631,0.513,0.345,0.296]
Epoch [53] Training Results: Prec@1 82.640 Prec@5 93.511             Loss 0.79927
Epoch [53] Training Class Recall: [0.797,0.842,0.814,0.803,0.837,0.816,0.839,0.822,0.853,0.837]
Epoch [53] Testing Results: Prec@1 53.870 Prec@5 83.980             Loss 1.74458
Epoch [53] Testing Class Recall: [0.664,0.944,0.826,0.623,0.728,0.285,0.451,0.452,0.332,0.082]
Epoch [54] Training Results: Prec@1 82.517 Prec@5 93.369             Loss 0.80193
Epoch [54] Training Class Recall: [0.802,0.841,0.811,0.795,0.839,0.810,0.838,0.822,0.853,0.838]
Epoch [54] Testing Results: Prec@1 59.870 Prec@5 90.570             Loss 1.36013
Epoch [54] Testing Class Recall: [0.767,0.955,0.672,0.513,0.505,0.545,0.761,0.479,0.344,0.446]
Epoch [55] Training Results: Prec@1 82.629 Prec@5 93.457             Loss 0.79980
Epoch [55] Training Class Recall: [0.799,0.842,0.818,0.797,0.839,0.816,0.839,0.819,0.852,0.839]
Epoch [55] Testing Results: Prec@1 58.470 Prec@5 88.660             Loss 1.50955
Epoch [55] Testing Class Recall: [0.825,0.966,0.696,0.475,0.783,0.550,0.409,0.502,0.460,0.181]
Epoch [56] Training Results: Prec@1 82.463 Prec@5 93.331             Loss 0.80291
Epoch [56] Training Class Recall: [0.807,0.841,0.815,0.790,0.835,0.806,0.839,0.822,0.851,0.838]
Epoch [56] Testing Results: Prec@1 61.630 Prec@5 91.230             Loss 1.33318
Epoch [56] Testing Class Recall: [0.729,0.960,0.686,0.629,0.807,0.562,0.499,0.471,0.499,0.321]
Epoch [57] Training Results: Prec@1 82.434 Prec@5 93.374             Loss 0.80265
Epoch [57] Training Class Recall: [0.792,0.842,0.817,0.797,0.837,0.810,0.836,0.822,0.850,0.835]
Epoch [57] Testing Results: Prec@1 60.380 Prec@5 91.240             Loss 1.42785
Epoch [57] Testing Class Recall: [0.681,0.947,0.500,0.790,0.773,0.371,0.594,0.545,0.400,0.437]
Epoch [58] Training Results: Prec@1 82.483 Prec@5 93.434             Loss 0.80090
Epoch [58] Training Class Recall: [0.802,0.839,0.817,0.790,0.839,0.810,0.839,0.821,0.852,0.835]
Epoch [58] Testing Results: Prec@1 61.920 Prec@5 90.060             Loss 1.37397
Epoch [58] Testing Class Recall: [0.784,0.911,0.674,0.599,0.621,0.611,0.383,0.604,0.523,0.482]
Epoch [59] Training Results: Prec@1 82.263 Prec@5 93.360             Loss 0.80413
Epoch [59] Training Class Recall: [0.792,0.836,0.812,0.790,0.834,0.809,0.842,0.820,0.851,0.839]
Epoch [59] Testing Results: Prec@1 62.030 Prec@5 90.960             Loss 1.30368
Epoch [59] Testing Class Recall: [0.798,0.828,0.636,0.534,0.782,0.481,0.567,0.542,0.674,0.361]
Epoch [60] Training Results: Prec@1 82.509 Prec@5 93.443             Loss 0.79945
Epoch [60] Training Class Recall: [0.802,0.840,0.811,0.794,0.842,0.811,0.837,0.822,0.852,0.838]
Epoch [60] Testing Results: Prec@1 56.810 Prec@5 87.030             Loss 1.58339
Epoch [60] Testing Class Recall: [0.844,0.961,0.789,0.323,0.583,0.686,0.363,0.397,0.559,0.176]
Epoch [61] Training Results: Prec@1 82.620 Prec@5 93.520             Loss 0.79743
Epoch [61] Training Class Recall: [0.799,0.841,0.821,0.796,0.840,0.814,0.839,0.821,0.853,0.835]
Epoch [61] Testing Results: Prec@1 57.900 Prec@5 88.420             Loss 1.60712
Epoch [61] Testing Class Recall: [0.613,0.844,0.805,0.283,0.689,0.494,0.850,0.532,0.374,0.306]
Epoch [62] Training Results: Prec@1 82.583 Prec@5 93.420             Loss 0.80055
Epoch [62] Training Class Recall: [0.800,0.840,0.823,0.796,0.836,0.814,0.835,0.822,0.852,0.837]
Epoch [62] Testing Results: Prec@1 56.840 Prec@5 88.820             Loss 1.57592
Epoch [62] Testing Class Recall: [0.856,0.904,0.645,0.624,0.538,0.678,0.328,0.460,0.434,0.217]
Epoch [63] Training Results: Prec@1 82.694 Prec@5 93.449             Loss 0.79580
Epoch [63] Training Class Recall: [0.802,0.842,0.818,0.802,0.840,0.813,0.837,0.824,0.851,0.836]
Epoch [63] Testing Results: Prec@1 57.330 Prec@5 88.830             Loss 1.56384
Epoch [63] Testing Class Recall: [0.758,0.922,0.850,0.327,0.727,0.511,0.579,0.455,0.189,0.415]
Epoch [64] Training Results: Prec@1 82.891 Prec@5 93.537             Loss 0.79070
Epoch [64] Training Class Recall: [0.807,0.844,0.825,0.802,0.840,0.812,0.841,0.824,0.852,0.840]
Epoch [64] Testing Results: Prec@1 51.080 Prec@5 88.230             Loss 1.76817
Epoch [64] Testing Class Recall: [0.850,0.851,0.842,0.572,0.352,0.180,0.425,0.397,0.264,0.375]
Epoch [65] Training Results: Prec@1 82.694 Prec@5 93.606             Loss 0.79665
Epoch [65] Training Class Recall: [0.808,0.840,0.820,0.797,0.840,0.814,0.837,0.822,0.853,0.836]
Epoch [65] Testing Results: Prec@1 53.400 Prec@5 88.340             Loss 1.73007
Epoch [65] Testing Class Recall: [0.783,0.880,0.833,0.579,0.711,0.418,0.359,0.339,0.168,0.270]
Epoch [66] Training Results: Prec@1 82.631 Prec@5 93.606             Loss 0.79367
Epoch [66] Training Class Recall: [0.805,0.842,0.817,0.800,0.841,0.807,0.840,0.821,0.852,0.835]
Epoch [66] Testing Results: Prec@1 55.710 Prec@5 86.090             Loss 1.65575
Epoch [66] Testing Class Recall: [0.789,0.948,0.774,0.500,0.557,0.636,0.483,0.369,0.146,0.369]
Epoch [67] Training Results: Prec@1 82.540 Prec@5 93.577             Loss 0.79767
Epoch [67] Training Class Recall: [0.802,0.841,0.819,0.797,0.834,0.811,0.839,0.821,0.851,0.837]
Epoch [67] Testing Results: Prec@1 59.700 Prec@5 91.240             Loss 1.45506
Epoch [67] Testing Class Recall: [0.771,0.926,0.593,0.819,0.442,0.437,0.590,0.538,0.454,0.400]
Epoch [68] Training Results: Prec@1 82.803 Prec@5 93.594             Loss 0.78986
Epoch [68] Training Class Recall: [0.808,0.839,0.826,0.797,0.839,0.815,0.840,0.823,0.853,0.836]
Epoch [68] Testing Results: Prec@1 57.370 Prec@5 88.270             Loss 1.57564
Epoch [68] Testing Class Recall: [0.716,0.954,0.471,0.631,0.915,0.475,0.306,0.340,0.468,0.461]
Epoch [69] Training Results: Prec@1 82.611 Prec@5 93.457             Loss 0.79617
Epoch [69] Training Class Recall: [0.805,0.842,0.822,0.794,0.834,0.813,0.839,0.823,0.852,0.835]
Epoch [69] Testing Results: Prec@1 53.860 Prec@5 87.230             Loss 1.63077
Epoch [69] Testing Class Recall: [0.586,0.894,0.655,0.425,0.943,0.371,0.499,0.300,0.455,0.258]
Epoch [70] Training Results: Prec@1 82.871 Prec@5 93.709             Loss 0.79052
Epoch [70] Training Class Recall: [0.802,0.842,0.827,0.802,0.841,0.817,0.839,0.825,0.851,0.838]
Epoch [70] Testing Results: Prec@1 55.470 Prec@5 88.200             Loss 1.75268
Epoch [70] Testing Class Recall: [0.796,0.920,0.819,0.613,0.600,0.350,0.533,0.226,0.475,0.215]
Epoch [71] Training Results: Prec@1 82.551 Prec@5 93.691             Loss 0.79439
Epoch [71] Training Class Recall: [0.794,0.840,0.816,0.800,0.833,0.813,0.843,0.824,0.852,0.837]
Epoch [71] Testing Results: Prec@1 59.120 Prec@5 89.490             Loss 1.45525
Epoch [71] Testing Class Recall: [0.830,0.975,0.538,0.649,0.801,0.489,0.452,0.420,0.388,0.370]
Epoch [72] Training Results: Prec@1 82.840 Prec@5 93.754             Loss 0.78777
Epoch [72] Training Class Recall: [0.804,0.840,0.828,0.805,0.843,0.815,0.838,0.821,0.850,0.837]
Epoch [72] Testing Results: Prec@1 60.770 Prec@5 88.800             Loss 1.38833
Epoch [72] Testing Class Recall: [0.768,0.956,0.787,0.382,0.647,0.509,0.570,0.599,0.514,0.345]
Epoch [73] Training Results: Prec@1 82.831 Prec@5 93.583             Loss 0.78977
Epoch [73] Training Class Recall: [0.807,0.841,0.823,0.800,0.843,0.813,0.838,0.826,0.852,0.837]
Epoch [73] Testing Results: Prec@1 56.920 Prec@5 88.060             Loss 1.56826
Epoch [73] Testing Class Recall: [0.856,0.944,0.688,0.557,0.801,0.405,0.514,0.284,0.295,0.348]
Epoch [74] Training Results: Prec@1 82.783 Prec@5 93.703             Loss 0.78755
Epoch [74] Training Class Recall: [0.805,0.839,0.815,0.803,0.843,0.816,0.844,0.823,0.852,0.835]
Epoch [74] Testing Results: Prec@1 58.800 Prec@5 87.320             Loss 1.53928
Epoch [74] Testing Class Recall: [0.801,0.932,0.695,0.641,0.778,0.502,0.421,0.471,0.522,0.117]
Epoch [75] Training Results: Prec@1 82.854 Prec@5 93.831             Loss 0.78573
Epoch [75] Training Class Recall: [0.802,0.842,0.825,0.804,0.843,0.814,0.839,0.824,0.851,0.837]
Epoch [75] Testing Results: Prec@1 58.430 Prec@5 89.400             Loss 1.44315
Epoch [75] Testing Class Recall: [0.818,0.830,0.651,0.473,0.713,0.708,0.342,0.488,0.204,0.616]
Epoch [76] Training Results: Prec@1 82.726 Prec@5 93.694             Loss 0.79080
Epoch [76] Training Class Recall: [0.808,0.840,0.819,0.802,0.840,0.814,0.838,0.821,0.852,0.837]
Epoch [76] Testing Results: Prec@1 59.070 Prec@5 87.470             Loss 1.48729
Epoch [76] Testing Class Recall: [0.701,0.971,0.777,0.353,0.742,0.647,0.418,0.471,0.679,0.148]
Epoch [77] Training Results: Prec@1 82.846 Prec@5 93.777             Loss 0.78730
Epoch [77] Training Class Recall: [0.807,0.842,0.823,0.802,0.845,0.814,0.838,0.821,0.851,0.838]
Epoch [77] Testing Results: Prec@1 56.050 Prec@5 83.960             Loss 1.73588
Epoch [77] Testing Class Recall: [0.807,0.961,0.801,0.705,0.561,0.223,0.450,0.458,0.523,0.116]
Epoch [78] Training Results: Prec@1 82.749 Prec@5 93.754             Loss 0.79012
Epoch [78] Training Class Recall: [0.796,0.840,0.818,0.798,0.847,0.820,0.842,0.822,0.851,0.836]
Epoch [78] Testing Results: Prec@1 59.960 Prec@5 89.960             Loss 1.38188
Epoch [78] Testing Class Recall: [0.749,0.935,0.569,0.657,0.646,0.630,0.533,0.568,0.388,0.321]
Epoch [79] Training Results: Prec@1 82.894 Prec@5 93.837             Loss 0.78751
Epoch [79] Training Class Recall: [0.806,0.840,0.828,0.804,0.840,0.815,0.840,0.824,0.852,0.838]
Epoch [79] Testing Results: Prec@1 57.300 Prec@5 88.620             Loss 1.53194
Epoch [79] Testing Class Recall: [0.505,0.943,0.769,0.725,0.637,0.461,0.416,0.442,0.652,0.180]
Epoch [80] Training Results: Prec@1 82.737 Prec@5 93.837             Loss 0.78853
Epoch [80] Training Class Recall: [0.804,0.843,0.820,0.794,0.844,0.815,0.839,0.824,0.851,0.838]
Epoch [80] Testing Results: Prec@1 58.390 Prec@5 88.550             Loss 1.46688
Epoch [80] Testing Class Recall: [0.641,0.928,0.557,0.698,0.870,0.309,0.617,0.499,0.524,0.196]
Epoch [81] Training Results: Prec@1 82.820 Prec@5 93.726             Loss 0.78578
Epoch [81] Training Class Recall: [0.804,0.844,0.825,0.801,0.842,0.811,0.840,0.825,0.852,0.836]
Epoch [81] Testing Results: Prec@1 55.620 Prec@5 87.850             Loss 1.65953
Epoch [81] Testing Class Recall: [0.834,0.942,0.759,0.629,0.667,0.333,0.479,0.330,0.381,0.208]
Epoch [82] Training Results: Prec@1 83.174 Prec@5 93.940             Loss 0.78019
Epoch [82] Training Class Recall: [0.810,0.845,0.833,0.803,0.850,0.817,0.844,0.821,0.853,0.838]
Epoch [82] Testing Results: Prec@1 59.820 Prec@5 89.550             Loss 1.43303
Epoch [82] Testing Class Recall: [0.730,0.875,0.685,0.645,0.763,0.470,0.641,0.512,0.339,0.322]
Epoch [83] Training Results: Prec@1 82.940 Prec@5 93.851             Loss 0.78342
Epoch [83] Training Class Recall: [0.803,0.846,0.824,0.803,0.843,0.817,0.842,0.825,0.851,0.836]
Epoch [83] Testing Results: Prec@1 57.990 Prec@5 87.150             Loss 1.62143
Epoch [83] Testing Class Recall: [0.711,0.931,0.662,0.807,0.586,0.440,0.424,0.628,0.314,0.296]
Epoch [84] Training Results: Prec@1 82.906 Prec@5 93.877             Loss 0.78488
Epoch [84] Training Class Recall: [0.807,0.844,0.835,0.796,0.843,0.812,0.842,0.821,0.850,0.837]
Epoch [84] Testing Results: Prec@1 56.880 Prec@5 89.910             Loss 1.54028
Epoch [84] Testing Class Recall: [0.840,0.917,0.789,0.353,0.715,0.571,0.398,0.431,0.317,0.357]
Epoch [85] Training Results: Prec@1 83.109 Prec@5 93.931             Loss 0.77976
Epoch [85] Training Class Recall: [0.812,0.845,0.830,0.809,0.840,0.816,0.842,0.824,0.852,0.838]
Epoch [85] Testing Results: Prec@1 57.560 Prec@5 86.850             Loss 1.58162
Epoch [85] Testing Class Recall: [0.757,0.961,0.759,0.572,0.656,0.451,0.688,0.284,0.457,0.171]
Epoch [86] Training Results: Prec@1 82.726 Prec@5 93.734             Loss 0.78871
Epoch [86] Training Class Recall: [0.805,0.846,0.817,0.795,0.841,0.815,0.837,0.824,0.851,0.838]
Epoch [86] Testing Results: Prec@1 57.490 Prec@5 89.110             Loss 1.52330
Epoch [86] Testing Class Recall: [0.547,0.962,0.819,0.670,0.647,0.322,0.653,0.401,0.391,0.337]
Epoch [87] Training Results: Prec@1 82.906 Prec@5 93.826             Loss 0.78228
Epoch [87] Training Class Recall: [0.803,0.843,0.828,0.806,0.840,0.818,0.839,0.824,0.852,0.836]
Epoch [87] Testing Results: Prec@1 59.970 Prec@5 89.190             Loss 1.54235
Epoch [87] Testing Class Recall: [0.813,0.943,0.752,0.797,0.577,0.253,0.576,0.492,0.561,0.233]
Epoch [88] Training Results: Prec@1 82.929 Prec@5 93.829             Loss 0.78324
Epoch [88] Training Class Recall: [0.806,0.843,0.827,0.809,0.840,0.817,0.837,0.822,0.851,0.837]
Epoch [88] Testing Results: Prec@1 57.010 Prec@5 88.760             Loss 1.62293
Epoch [88] Testing Class Recall: [0.687,0.974,0.857,0.505,0.649,0.412,0.531,0.420,0.350,0.316]
Epoch [89] Training Results: Prec@1 82.829 Prec@5 93.863             Loss 0.78455
Epoch [89] Training Class Recall: [0.807,0.842,0.826,0.804,0.842,0.812,0.836,0.824,0.850,0.836]
Epoch [89] Testing Results: Prec@1 52.310 Prec@5 83.780             Loss 1.74781
Epoch [89] Testing Class Recall: [0.822,0.941,0.822,0.184,0.522,0.600,0.519,0.312,0.373,0.136]
Epoch [90] Training Results: Prec@1 82.929 Prec@5 93.937             Loss 0.78118
Epoch [90] Training Class Recall: [0.807,0.844,0.829,0.795,0.846,0.814,0.841,0.826,0.851,0.837]
Epoch [90] Testing Results: Prec@1 60.120 Prec@5 89.390             Loss 1.44398
Epoch [90] Testing Class Recall: [0.671,0.867,0.615,0.780,0.758,0.535,0.365,0.479,0.619,0.323]
Epoch [91] Training Results: Prec@1 82.954 Prec@5 93.954             Loss 0.78182
Epoch [91] Training Class Recall: [0.801,0.844,0.828,0.804,0.845,0.818,0.839,0.824,0.851,0.839]
Epoch [91] Testing Results: Prec@1 57.370 Prec@5 84.240             Loss 1.57770
Epoch [91] Testing Class Recall: [0.819,0.963,0.673,0.749,0.672,0.417,0.276,0.524,0.119,0.525]
Epoch [92] Training Results: Prec@1 82.940 Prec@5 94.031             Loss 0.78071
Epoch [92] Training Class Recall: [0.808,0.844,0.827,0.802,0.842,0.816,0.840,0.825,0.851,0.836]
Epoch [92] Testing Results: Prec@1 60.670 Prec@5 90.490             Loss 1.37722
Epoch [92] Testing Class Recall: [0.837,0.879,0.704,0.695,0.558,0.479,0.543,0.540,0.571,0.261]
Epoch [93] Training Results: Prec@1 82.866 Prec@5 94.091             Loss 0.78066
Epoch [93] Training Class Recall: [0.807,0.844,0.824,0.797,0.845,0.812,0.842,0.822,0.853,0.837]
Epoch [93] Testing Results: Prec@1 57.720 Prec@5 88.460             Loss 1.60572
Epoch [93] Testing Class Recall: [0.678,0.948,0.847,0.499,0.744,0.531,0.478,0.403,0.303,0.341]
Epoch [94] Training Results: Prec@1 83.149 Prec@5 93.994             Loss 0.77850
Epoch [94] Training Class Recall: [0.808,0.846,0.829,0.811,0.848,0.817,0.839,0.824,0.852,0.837]
Epoch [94] Testing Results: Prec@1 59.800 Prec@5 88.680             Loss 1.44981
Epoch [94] Testing Class Recall: [0.823,0.950,0.661,0.633,0.651,0.462,0.234,0.479,0.555,0.532]
Epoch [95] Training Results: Prec@1 83.043 Prec@5 93.980             Loss 0.77940
Epoch [95] Training Class Recall: [0.813,0.843,0.831,0.798,0.846,0.818,0.838,0.824,0.853,0.838]
Epoch [95] Testing Results: Prec@1 59.050 Prec@5 89.350             Loss 1.44546
Epoch [95] Testing Class Recall: [0.611,0.892,0.561,0.773,0.736,0.597,0.662,0.359,0.453,0.261]
Epoch [96] Training Results: Prec@1 83.234 Prec@5 93.971             Loss 0.77540
Epoch [96] Training Class Recall: [0.806,0.846,0.835,0.811,0.845,0.819,0.843,0.823,0.854,0.837]
Epoch [96] Testing Results: Prec@1 57.690 Prec@5 88.530             Loss 1.61132
Epoch [96] Testing Class Recall: [0.846,0.905,0.770,0.503,0.614,0.467,0.610,0.404,0.554,0.096]
Epoch [97] Training Results: Prec@1 83.077 Prec@5 94.009             Loss 0.77571
Epoch [97] Training Class Recall: [0.806,0.844,0.830,0.806,0.841,0.826,0.840,0.822,0.852,0.836]
Epoch [97] Testing Results: Prec@1 54.280 Prec@5 87.030             Loss 1.70752
Epoch [97] Testing Class Recall: [0.761,0.856,0.785,0.569,0.644,0.390,0.689,0.184,0.409,0.141]
Epoch [98] Training Results: Prec@1 83.097 Prec@5 93.980             Loss 0.77991
Epoch [98] Training Class Recall: [0.813,0.844,0.829,0.803,0.848,0.818,0.839,0.824,0.851,0.838]
Epoch [98] Testing Results: Prec@1 59.990 Prec@5 89.480             Loss 1.46975
Epoch [98] Testing Class Recall: [0.785,0.934,0.594,0.742,0.607,0.477,0.579,0.199,0.524,0.558]
Epoch [99] Training Results: Prec@1 82.954 Prec@5 93.986             Loss 0.78031
Epoch [99] Training Class Recall: [0.804,0.840,0.829,0.804,0.842,0.817,0.840,0.824,0.853,0.838]
Epoch [99] Testing Results: Prec@1 58.540 Prec@5 88.120             Loss 1.53500
Epoch [99] Testing Class Recall: [0.771,0.968,0.648,0.744,0.712,0.434,0.305,0.391,0.622,0.259]
Epoch [100] Training Results: Prec@1 83.146 Prec@5 94.229             Loss 0.77569
Epoch [100] Training Class Recall: [0.806,0.843,0.838,0.807,0.847,0.814,0.841,0.822,0.853,0.837]
Epoch [100] Testing Results: Prec@1 55.760 Prec@5 87.650             Loss 1.67837
Epoch [100] Testing Class Recall: [0.693,0.963,0.804,0.442,0.465,0.578,0.798,0.378,0.231,0.224]
Epoch [101] Training Results: Prec@1 82.940 Prec@5 94.094             Loss 0.77956
Epoch [101] Training Class Recall: [0.804,0.845,0.826,0.801,0.845,0.816,0.840,0.824,0.852,0.838]
Epoch [101] Testing Results: Prec@1 58.390 Prec@5 88.890             Loss 1.49046
Epoch [101] Testing Class Recall: [0.764,0.904,0.741,0.578,0.795,0.530,0.516,0.339,0.237,0.435]
Epoch [102] Training Results: Prec@1 82.837 Prec@5 94.180             Loss 0.77904
Epoch [102] Training Class Recall: [0.808,0.846,0.823,0.797,0.844,0.819,0.834,0.821,0.852,0.835]
Epoch [102] Testing Results: Prec@1 60.640 Prec@5 89.570             Loss 1.42590
Epoch [102] Testing Class Recall: [0.867,0.859,0.633,0.667,0.748,0.470,0.466,0.588,0.369,0.397]
Epoch [103] Training Results: Prec@1 82.829 Prec@5 94.103             Loss 0.77888
Epoch [103] Training Class Recall: [0.803,0.841,0.827,0.797,0.843,0.814,0.842,0.828,0.849,0.836]
Epoch [103] Testing Results: Prec@1 61.700 Prec@5 89.830             Loss 1.40674
Epoch [103] Testing Class Recall: [0.717,0.886,0.728,0.595,0.808,0.356,0.536,0.511,0.769,0.264]
Epoch [104] Training Results: Prec@1 83.163 Prec@5 94.043             Loss 0.77593
Epoch [104] Training Class Recall: [0.808,0.845,0.826,0.813,0.850,0.816,0.842,0.821,0.853,0.837]
Epoch [104] Testing Results: Prec@1 59.830 Prec@5 90.360             Loss 1.43041
Epoch [104] Testing Class Recall: [0.863,0.956,0.648,0.701,0.656,0.493,0.331,0.498,0.280,0.557]
Epoch [105] Training Results: Prec@1 82.900 Prec@5 93.843             Loss 0.77980
Epoch [105] Training Class Recall: [0.808,0.842,0.829,0.800,0.842,0.815,0.839,0.821,0.855,0.836]
Epoch [105] Testing Results: Prec@1 57.370 Prec@5 85.400             Loss 1.56157
Epoch [105] Testing Class Recall: [0.722,0.865,0.685,0.538,0.866,0.384,0.667,0.437,0.461,0.112]
Epoch [106] Training Results: Prec@1 83.071 Prec@5 94.283             Loss 0.77281
Epoch [106] Training Class Recall: [0.815,0.843,0.822,0.804,0.845,0.822,0.842,0.823,0.852,0.837]
Epoch [106] Testing Results: Prec@1 60.740 Prec@5 88.260             Loss 1.42992
Epoch [106] Testing Class Recall: [0.742,0.959,0.748,0.649,0.762,0.563,0.540,0.336,0.552,0.223]
Epoch [107] Training Results: Prec@1 83.263 Prec@5 94.194             Loss 0.76750
Epoch [107] Training Class Recall: [0.809,0.842,0.834,0.805,0.851,0.821,0.841,0.826,0.854,0.838]
Epoch [107] Testing Results: Prec@1 55.960 Prec@5 85.660             Loss 1.69738
Epoch [107] Testing Class Recall: [0.672,0.980,0.830,0.529,0.640,0.510,0.643,0.159,0.507,0.126]
Epoch [108] Training Results: Prec@1 83.014 Prec@5 94.266             Loss 0.77448
Epoch [108] Training Class Recall: [0.802,0.843,0.832,0.802,0.847,0.815,0.841,0.826,0.852,0.838]
Epoch [108] Testing Results: Prec@1 59.050 Prec@5 88.440             Loss 1.49182
Epoch [108] Testing Class Recall: [0.712,0.918,0.863,0.428,0.730,0.417,0.371,0.541,0.568,0.357]
Epoch [109] Training Results: Prec@1 82.951 Prec@5 94.209             Loss 0.77776
Epoch [109] Training Class Recall: [0.806,0.843,0.828,0.804,0.844,0.818,0.841,0.823,0.850,0.835]
Epoch [109] Testing Results: Prec@1 58.930 Prec@5 86.880             Loss 1.50684
Epoch [109] Testing Class Recall: [0.836,0.939,0.814,0.508,0.688,0.382,0.556,0.504,0.375,0.291]
Epoch [110] Training Results: Prec@1 82.991 Prec@5 94.220             Loss 0.77612
Epoch [110] Training Class Recall: [0.807,0.847,0.830,0.802,0.842,0.816,0.842,0.821,0.851,0.838]
Epoch [110] Testing Results: Prec@1 61.570 Prec@5 89.840             Loss 1.36095
Epoch [110] Testing Class Recall: [0.712,0.930,0.770,0.567,0.616,0.539,0.470,0.632,0.673,0.248]
Epoch [111] Training Results: Prec@1 83.229 Prec@5 94.246             Loss 0.76651
Epoch [111] Training Class Recall: [0.803,0.846,0.831,0.810,0.850,0.819,0.842,0.827,0.852,0.839]
Epoch [111] Testing Results: Prec@1 61.140 Prec@5 89.610             Loss 1.45071
Epoch [111] Testing Class Recall: [0.845,0.858,0.762,0.723,0.642,0.493,0.435,0.388,0.500,0.468]
Epoch [112] Training Results: Prec@1 83.223 Prec@5 94.140             Loss 0.76975
Epoch [112] Training Class Recall: [0.814,0.841,0.831,0.808,0.847,0.821,0.841,0.825,0.854,0.838]
Epoch [112] Testing Results: Prec@1 61.960 Prec@5 89.740             Loss 1.38929
Epoch [112] Testing Class Recall: [0.667,0.844,0.614,0.827,0.649,0.274,0.612,0.449,0.725,0.535]
Epoch [113] Training Results: Prec@1 82.980 Prec@5 94.340             Loss 0.77175
Epoch [113] Training Class Recall: [0.807,0.842,0.829,0.805,0.844,0.812,0.842,0.827,0.851,0.837]
Epoch [113] Testing Results: Prec@1 59.270 Prec@5 89.200             Loss 1.49256
Epoch [113] Testing Class Recall: [0.898,0.867,0.701,0.586,0.567,0.641,0.681,0.463,0.286,0.237]
Epoch [114] Training Results: Prec@1 83.086 Prec@5 94.429             Loss 0.77238
Epoch [114] Training Class Recall: [0.810,0.843,0.831,0.809,0.842,0.818,0.841,0.822,0.854,0.835]
Epoch [114] Testing Results: Prec@1 57.990 Prec@5 85.100             Loss 1.64223
Epoch [114] Testing Class Recall: [0.879,0.885,0.657,0.547,0.798,0.463,0.589,0.285,0.468,0.228]
Epoch [115] Training Results: Prec@1 83.191 Prec@5 94.123             Loss 0.77176
Epoch [115] Training Class Recall: [0.810,0.844,0.827,0.810,0.846,0.821,0.839,0.827,0.852,0.840]
Epoch [115] Testing Results: Prec@1 56.010 Prec@5 86.890             Loss 1.59622
Epoch [115] Testing Class Recall: [0.797,0.970,0.707,0.803,0.555,0.421,0.317,0.403,0.347,0.281]
Epoch [116] Training Results: Prec@1 83.251 Prec@5 94.254             Loss 0.76937
Epoch [116] Training Class Recall: [0.814,0.845,0.838,0.810,0.841,0.818,0.841,0.824,0.853,0.838]
Epoch [116] Testing Results: Prec@1 56.650 Prec@5 88.690             Loss 1.52650
Epoch [116] Testing Class Recall: [0.905,0.922,0.770,0.503,0.520,0.489,0.328,0.471,0.425,0.332]
Epoch [117] Training Results: Prec@1 83.211 Prec@5 94.377             Loss 0.76947
Epoch [117] Training Class Recall: [0.814,0.848,0.829,0.806,0.851,0.815,0.841,0.822,0.855,0.837]
Epoch [117] Testing Results: Prec@1 57.490 Prec@5 86.720             Loss 1.62678
Epoch [117] Testing Class Recall: [0.796,0.959,0.738,0.490,0.651,0.503,0.528,0.293,0.636,0.155]
Epoch [118] Training Results: Prec@1 82.820 Prec@5 94.329             Loss 0.77882
Epoch [118] Training Class Recall: [0.798,0.845,0.822,0.803,0.844,0.815,0.837,0.824,0.851,0.839]
Epoch [118] Testing Results: Prec@1 62.090 Prec@5 89.620             Loss 1.32794
Epoch [118] Testing Class Recall: [0.785,0.855,0.732,0.610,0.745,0.533,0.551,0.598,0.547,0.253]
Epoch [119] Training Results: Prec@1 83.346 Prec@5 94.191             Loss 0.76940
Epoch [119] Training Class Recall: [0.813,0.848,0.833,0.807,0.849,0.822,0.844,0.824,0.853,0.839]
Epoch [119] Testing Results: Prec@1 55.930 Prec@5 86.940             Loss 1.68876
Epoch [119] Testing Class Recall: [0.816,0.892,0.781,0.685,0.707,0.447,0.495,0.215,0.300,0.255]
Epoch [120] Training Results: Prec@1 83.277 Prec@5 94.269             Loss 0.76854
Epoch [120] Training Class Recall: [0.811,0.843,0.835,0.810,0.849,0.819,0.841,0.826,0.853,0.838]
Epoch [120] Testing Results: Prec@1 62.480 Prec@5 89.370             Loss 1.38578
Epoch [120] Testing Class Recall: [0.791,0.971,0.718,0.598,0.740,0.544,0.653,0.519,0.511,0.203]
Epoch [121] Training Results: Prec@1 83.137 Prec@5 94.320             Loss 0.77104
Epoch [121] Training Class Recall: [0.812,0.847,0.837,0.806,0.843,0.812,0.841,0.822,0.854,0.836]
Epoch [121] Testing Results: Prec@1 61.950 Prec@5 88.670             Loss 1.37196
Epoch [121] Testing Class Recall: [0.791,0.905,0.712,0.601,0.826,0.408,0.544,0.630,0.537,0.241]
Epoch [122] Training Results: Prec@1 82.940 Prec@5 94.349             Loss 0.77295
Epoch [122] Training Class Recall: [0.809,0.842,0.825,0.802,0.845,0.812,0.844,0.825,0.851,0.837]
Epoch [122] Testing Results: Prec@1 59.860 Prec@5 87.140             Loss 1.47191
Epoch [122] Testing Class Recall: [0.783,0.914,0.778,0.662,0.695,0.517,0.341,0.412,0.566,0.318]
Epoch [123] Training Results: Prec@1 83.240 Prec@5 94.297             Loss 0.76472
Epoch [123] Training Class Recall: [0.801,0.845,0.836,0.811,0.848,0.819,0.846,0.824,0.852,0.837]
Epoch [123] Testing Results: Prec@1 57.560 Prec@5 87.130             Loss 1.69751
Epoch [123] Testing Class Recall: [0.768,0.959,0.739,0.484,0.733,0.383,0.573,0.368,0.447,0.302]
Epoch [124] Training Results: Prec@1 83.094 Prec@5 94.360             Loss 0.77016
Epoch [124] Training Class Recall: [0.815,0.845,0.829,0.807,0.842,0.815,0.838,0.825,0.853,0.839]
Epoch [124] Testing Results: Prec@1 62.020 Prec@5 89.060             Loss 1.39227
Epoch [124] Testing Class Recall: [0.687,0.944,0.747,0.561,0.766,0.619,0.635,0.585,0.444,0.214]
Epoch [125] Training Results: Prec@1 83.180 Prec@5 94.417             Loss 0.76822
Epoch [125] Training Class Recall: [0.814,0.844,0.826,0.809,0.845,0.819,0.840,0.826,0.854,0.839]
Epoch [125] Testing Results: Prec@1 59.670 Prec@5 88.840             Loss 1.42188
Epoch [125] Testing Class Recall: [0.738,0.943,0.729,0.593,0.711,0.428,0.378,0.459,0.426,0.562]
Epoch [126] Training Results: Prec@1 83.023 Prec@5 94.303             Loss 0.77391
Epoch [126] Training Class Recall: [0.809,0.843,0.827,0.808,0.847,0.810,0.841,0.826,0.850,0.837]
Epoch [126] Testing Results: Prec@1 57.490 Prec@5 87.190             Loss 1.60460
Epoch [126] Testing Class Recall: [0.828,0.963,0.635,0.684,0.835,0.555,0.453,0.471,0.191,0.134]
Epoch [127] Training Results: Prec@1 83.240 Prec@5 94.334             Loss 0.76765
Epoch [127] Training Class Recall: [0.808,0.848,0.837,0.809,0.843,0.815,0.843,0.825,0.854,0.837]
Epoch [127] Testing Results: Prec@1 57.340 Prec@5 87.100             Loss 1.61252
Epoch [127] Testing Class Recall: [0.747,0.800,0.724,0.570,0.718,0.713,0.486,0.405,0.398,0.173]
Epoch [128] Training Results: Prec@1 83.194 Prec@5 94.571             Loss 0.76567
Epoch [128] Training Class Recall: [0.806,0.845,0.835,0.804,0.844,0.821,0.844,0.826,0.853,0.838]
Epoch [128] Testing Results: Prec@1 57.220 Prec@5 86.130             Loss 1.62530
Epoch [128] Testing Class Recall: [0.889,0.868,0.702,0.560,0.613,0.660,0.615,0.521,0.127,0.167]
Epoch [129] Training Results: Prec@1 83.394 Prec@5 94.483             Loss 0.76525
Epoch [129] Training Class Recall: [0.817,0.844,0.838,0.815,0.843,0.817,0.844,0.826,0.855,0.839]
Epoch [129] Testing Results: Prec@1 58.790 Prec@5 86.950             Loss 1.57287
Epoch [129] Testing Class Recall: [0.757,0.953,0.728,0.406,0.746,0.648,0.643,0.600,0.282,0.116]
Epoch [130] Training Results: Prec@1 82.969 Prec@5 94.323             Loss 0.77034
Epoch [130] Training Class Recall: [0.810,0.844,0.829,0.803,0.847,0.813,0.839,0.820,0.852,0.837]
Epoch [130] Testing Results: Prec@1 63.180 Prec@5 90.270             Loss 1.31106
Epoch [130] Testing Class Recall: [0.756,0.928,0.490,0.735,0.782,0.448,0.674,0.500,0.419,0.586]
Epoch [131] Training Results: Prec@1 83.269 Prec@5 94.374             Loss 0.76398
Epoch [131] Training Class Recall: [0.808,0.847,0.834,0.813,0.843,0.816,0.842,0.827,0.853,0.839]
Epoch [131] Testing Results: Prec@1 62.800 Prec@5 90.000             Loss 1.37779
Epoch [131] Testing Class Recall: [0.753,0.912,0.694,0.662,0.741,0.426,0.691,0.465,0.631,0.305]
Epoch [132] Training Results: Prec@1 83.066 Prec@5 94.357             Loss 0.76772
Epoch [132] Training Class Recall: [0.805,0.842,0.825,0.803,0.850,0.822,0.844,0.822,0.852,0.839]
Epoch [132] Testing Results: Prec@1 58.360 Prec@5 87.650             Loss 1.52866
Epoch [132] Testing Class Recall: [0.876,0.773,0.769,0.531,0.747,0.469,0.492,0.332,0.616,0.231]
Epoch [133] Training Results: Prec@1 83.177 Prec@5 94.437             Loss 0.76554
Epoch [133] Training Class Recall: [0.806,0.843,0.830,0.810,0.848,0.820,0.840,0.824,0.855,0.838]
Epoch [133] Testing Results: Prec@1 61.820 Prec@5 89.500             Loss 1.32330
Epoch [133] Testing Class Recall: [0.681,0.927,0.719,0.628,0.772,0.364,0.293,0.620,0.530,0.648]
Epoch [134] Training Results: Prec@1 83.146 Prec@5 94.460             Loss 0.76609
Epoch [134] Training Class Recall: [0.806,0.845,0.829,0.808,0.846,0.818,0.843,0.826,0.851,0.838]
Epoch [134] Testing Results: Prec@1 57.980 Prec@5 87.680             Loss 1.53830
Epoch [134] Testing Class Recall: [0.697,0.915,0.817,0.650,0.629,0.324,0.620,0.326,0.626,0.194]
Epoch [135] Training Results: Prec@1 83.200 Prec@5 94.274             Loss 0.76766
Epoch [135] Training Class Recall: [0.811,0.847,0.829,0.811,0.846,0.817,0.841,0.822,0.854,0.838]
Epoch [135] Testing Results: Prec@1 60.810 Prec@5 89.090             Loss 1.39761
Epoch [135] Testing Class Recall: [0.733,0.946,0.619,0.618,0.848,0.414,0.738,0.418,0.514,0.233]
Epoch [136] Training Results: Prec@1 83.120 Prec@5 94.466             Loss 0.76694
Epoch [136] Training Class Recall: [0.804,0.844,0.830,0.807,0.850,0.820,0.841,0.823,0.852,0.837]
Epoch [136] Testing Results: Prec@1 63.750 Prec@5 89.920             Loss 1.28762
Epoch [136] Testing Class Recall: [0.564,0.924,0.594,0.674,0.796,0.514,0.524,0.637,0.634,0.514]
Epoch [137] Training Results: Prec@1 83.086 Prec@5 94.403             Loss 0.76961
Epoch [137] Training Class Recall: [0.806,0.844,0.829,0.807,0.846,0.820,0.842,0.822,0.851,0.838]
Epoch [137] Testing Results: Prec@1 58.100 Prec@5 86.510             Loss 1.54450
Epoch [137] Testing Class Recall: [0.855,0.894,0.759,0.554,0.716,0.338,0.615,0.281,0.493,0.305]
Epoch [138] Training Results: Prec@1 83.289 Prec@5 94.477             Loss 0.76083
Epoch [138] Training Class Recall: [0.813,0.842,0.838,0.807,0.848,0.815,0.844,0.827,0.853,0.838]
Epoch [138] Testing Results: Prec@1 55.720 Prec@5 85.370             Loss 1.64169
Epoch [138] Testing Class Recall: [0.656,0.982,0.831,0.415,0.763,0.419,0.485,0.415,0.392,0.214]
Epoch [139] Training Results: Prec@1 83.154 Prec@5 94.500             Loss 0.76373
Epoch [139] Training Class Recall: [0.818,0.845,0.832,0.801,0.843,0.818,0.841,0.823,0.853,0.839]
Epoch [139] Testing Results: Prec@1 58.550 Prec@5 87.880             Loss 1.55074
Epoch [139] Testing Class Recall: [0.784,0.940,0.502,0.694,0.725,0.597,0.454,0.446,0.386,0.327]
Epoch [140] Training Results: Prec@1 83.360 Prec@5 94.449             Loss 0.76224
Epoch [140] Training Class Recall: [0.805,0.846,0.833,0.815,0.853,0.816,0.845,0.826,0.853,0.838]
Epoch [140] Testing Results: Prec@1 60.630 Prec@5 89.650             Loss 1.41549
Epoch [140] Testing Class Recall: [0.727,0.905,0.717,0.721,0.558,0.450,0.664,0.499,0.471,0.351]
Epoch [141] Training Results: Prec@1 83.337 Prec@5 94.497             Loss 0.76390
Epoch [141] Training Class Recall: [0.811,0.845,0.835,0.812,0.850,0.820,0.841,0.825,0.851,0.840]
Epoch [141] Testing Results: Prec@1 57.480 Prec@5 87.270             Loss 1.54741
Epoch [141] Testing Class Recall: [0.775,0.928,0.714,0.811,0.244,0.439,0.335,0.498,0.741,0.263]
Epoch [142] Training Results: Prec@1 83.189 Prec@5 94.520             Loss 0.76634
Epoch [142] Training Class Recall: [0.809,0.844,0.834,0.813,0.842,0.820,0.841,0.824,0.851,0.837]
Epoch [142] Testing Results: Prec@1 57.420 Prec@5 89.540             Loss 1.56156
Epoch [142] Testing Class Recall: [0.781,0.983,0.559,0.558,0.701,0.482,0.624,0.429,0.439,0.186]
Epoch [143] Training Results: Prec@1 83.086 Prec@5 94.477             Loss 0.76838
Epoch [143] Training Class Recall: [0.810,0.846,0.834,0.802,0.842,0.814,0.843,0.824,0.853,0.838]
Epoch [143] Testing Results: Prec@1 58.420 Prec@5 88.700             Loss 1.52877
Epoch [143] Testing Class Recall: [0.835,0.880,0.793,0.533,0.825,0.399,0.438,0.444,0.339,0.356]
Epoch [144] Training Results: Prec@1 83.431 Prec@5 94.603             Loss 0.75831
Epoch [144] Training Class Recall: [0.812,0.849,0.838,0.808,0.852,0.822,0.844,0.824,0.852,0.838]
Epoch [144] Testing Results: Prec@1 59.870 Prec@5 87.160             Loss 1.44300
Epoch [144] Testing Class Recall: [0.843,0.944,0.768,0.516,0.714,0.528,0.642,0.419,0.516,0.097]
Epoch [145] Training Results: Prec@1 83.349 Prec@5 94.651             Loss 0.76041
Epoch [145] Training Class Recall: [0.813,0.846,0.840,0.814,0.848,0.816,0.840,0.826,0.850,0.839]
Epoch [145] Testing Results: Prec@1 60.670 Prec@5 87.220             Loss 1.43181
Epoch [145] Testing Class Recall: [0.740,0.864,0.741,0.699,0.767,0.422,0.515,0.445,0.646,0.228]
Epoch [146] Training Results: Prec@1 83.303 Prec@5 94.586             Loss 0.76336
Epoch [146] Training Class Recall: [0.811,0.848,0.830,0.811,0.846,0.816,0.845,0.827,0.854,0.838]
Epoch [146] Testing Results: Prec@1 63.310 Prec@5 90.900             Loss 1.38304
Epoch [146] Testing Class Recall: [0.823,0.870,0.641,0.644,0.798,0.548,0.525,0.599,0.354,0.529]
Epoch [147] Training Results: Prec@1 83.349 Prec@5 94.529             Loss 0.76189
Epoch [147] Training Class Recall: [0.809,0.849,0.834,0.810,0.847,0.821,0.843,0.824,0.854,0.839]
Epoch [147] Testing Results: Prec@1 58.390 Prec@5 89.330             Loss 1.50172
Epoch [147] Testing Class Recall: [0.846,0.834,0.695,0.713,0.443,0.569,0.476,0.401,0.488,0.374]
Epoch [148] Training Results: Prec@1 83.391 Prec@5 94.586             Loss 0.76005
Epoch [148] Training Class Recall: [0.811,0.843,0.838,0.816,0.851,0.821,0.840,0.824,0.851,0.840]
Epoch [148] Testing Results: Prec@1 59.190 Prec@5 87.080             Loss 1.54177
Epoch [148] Testing Class Recall: [0.800,0.978,0.618,0.547,0.842,0.474,0.639,0.515,0.301,0.205]
Epoch [149] Training Results: Prec@1 82.991 Prec@5 94.749             Loss 0.76440
Epoch [149] Training Class Recall: [0.809,0.838,0.830,0.803,0.844,0.820,0.839,0.823,0.852,0.837]
Epoch [149] Testing Results: Prec@1 59.820 Prec@5 87.620             Loss 1.59129
Epoch [149] Testing Class Recall: [0.751,0.932,0.689,0.770,0.683,0.420,0.706,0.354,0.421,0.256]
Epoch [150] Training Results: Prec@1 83.220 Prec@5 94.620             Loss 0.76017
Epoch [150] Training Class Recall: [0.810,0.844,0.834,0.808,0.853,0.817,0.841,0.822,0.853,0.835]
Epoch [150] Testing Results: Prec@1 61.280 Prec@5 87.890             Loss 1.38865
Epoch [150] Testing Class Recall: [0.692,0.944,0.634,0.664,0.785,0.576,0.642,0.545,0.472,0.174]
Epoch [151] Training Results: Prec@1 83.291 Prec@5 94.669             Loss 0.76099
Epoch [151] Training Class Recall: [0.813,0.847,0.829,0.809,0.849,0.820,0.842,0.827,0.852,0.838]
Epoch [151] Testing Results: Prec@1 59.390 Prec@5 87.450             Loss 1.58001
Epoch [151] Testing Class Recall: [0.860,0.938,0.724,0.756,0.651,0.331,0.555,0.578,0.321,0.225]
Epoch [152] Training Results: Prec@1 83.314 Prec@5 94.640             Loss 0.75902
Epoch [152] Training Class Recall: [0.808,0.847,0.839,0.809,0.845,0.822,0.841,0.826,0.851,0.838]
Epoch [152] Testing Results: Prec@1 60.230 Prec@5 88.960             Loss 1.40127
Epoch [152] Testing Class Recall: [0.757,0.852,0.592,0.788,0.758,0.517,0.647,0.310,0.576,0.226]
Epoch [153] Training Results: Prec@1 83.089 Prec@5 94.623             Loss 0.76241
Epoch [153] Training Class Recall: [0.801,0.842,0.829,0.808,0.844,0.820,0.844,0.825,0.854,0.838]
Epoch [153] Testing Results: Prec@1 60.560 Prec@5 88.150             Loss 1.43767
Epoch [153] Testing Class Recall: [0.710,0.879,0.730,0.410,0.878,0.416,0.588,0.551,0.277,0.617]
Epoch [154] Training Results: Prec@1 83.323 Prec@5 94.597             Loss 0.76181
Epoch [154] Training Class Recall: [0.811,0.846,0.834,0.809,0.850,0.821,0.844,0.823,0.852,0.837]
Epoch [154] Testing Results: Prec@1 57.210 Prec@5 87.520             Loss 1.68953
Epoch [154] Testing Class Recall: [0.613,0.879,0.691,0.847,0.651,0.476,0.464,0.562,0.332,0.206]
Epoch [155] Training Results: Prec@1 83.397 Prec@5 94.760             Loss 0.75706
Epoch [155] Training Class Recall: [0.816,0.845,0.832,0.814,0.851,0.816,0.841,0.829,0.853,0.839]
Epoch [155] Testing Results: Prec@1 60.950 Prec@5 87.200             Loss 1.47963
Epoch [155] Testing Class Recall: [0.696,0.947,0.714,0.661,0.770,0.403,0.487,0.385,0.703,0.329]
Epoch [156] Training Results: Prec@1 83.317 Prec@5 94.551             Loss 0.75799
Epoch [156] Training Class Recall: [0.807,0.845,0.833,0.818,0.848,0.818,0.844,0.827,0.851,0.838]
Epoch [156] Testing Results: Prec@1 58.130 Prec@5 90.790             Loss 1.54953
Epoch [156] Testing Class Recall: [0.911,0.920,0.667,0.545,0.755,0.321,0.713,0.576,0.262,0.143]
Epoch [157] Training Results: Prec@1 83.560 Prec@5 94.671             Loss 0.75489
Epoch [157] Training Class Recall: [0.810,0.848,0.839,0.818,0.853,0.822,0.842,0.828,0.853,0.837]
Epoch [157] Testing Results: Prec@1 57.040 Prec@5 88.540             Loss 1.56996
Epoch [157] Testing Class Recall: [0.585,0.918,0.874,0.583,0.622,0.356,0.625,0.420,0.452,0.269]
Epoch [158] Training Results: Prec@1 83.094 Prec@5 94.637             Loss 0.76481
Epoch [158] Training Class Recall: [0.812,0.843,0.834,0.809,0.843,0.815,0.841,0.822,0.851,0.836]
Epoch [158] Testing Results: Prec@1 61.390 Prec@5 89.570             Loss 1.47884
Epoch [158] Testing Class Recall: [0.708,0.960,0.693,0.793,0.789,0.466,0.359,0.370,0.633,0.368]
Epoch [159] Training Results: Prec@1 83.303 Prec@5 94.783             Loss 0.75937
Epoch [159] Training Class Recall: [0.809,0.841,0.832,0.807,0.853,0.818,0.845,0.827,0.853,0.841]
Epoch [159] Testing Results: Prec@1 62.220 Prec@5 88.520             Loss 1.37988
Epoch [159] Testing Class Recall: [0.819,0.899,0.718,0.526,0.767,0.512,0.763,0.469,0.569,0.180]
Epoch [160] Training Results: Prec@1 84.311 Prec@5 95.166             Loss 0.72223
Epoch [160] Training Class Recall: [0.829,0.852,0.849,0.832,0.858,0.829,0.850,0.832,0.856,0.841]
Epoch [160] Testing Results: Prec@1 63.590 Prec@5 90.090             Loss 1.33688
Epoch [160] Testing Class Recall: [0.842,0.945,0.768,0.672,0.734,0.502,0.637,0.467,0.529,0.263]
Epoch [161] Training Results: Prec@1 84.643 Prec@5 95.503             Loss 0.70054
Epoch [161] Training Class Recall: [0.832,0.856,0.859,0.839,0.862,0.831,0.851,0.833,0.857,0.841]
Epoch [161] Testing Results: Prec@1 63.520 Prec@5 90.180             Loss 1.34658
Epoch [161] Testing Class Recall: [0.826,0.951,0.772,0.682,0.741,0.511,0.608,0.479,0.506,0.276]
Epoch [162] Training Results: Prec@1 84.760 Prec@5 95.806             Loss 0.68633
Epoch [162] Training Class Recall: [0.833,0.855,0.865,0.839,0.865,0.833,0.852,0.832,0.856,0.841]
Epoch [162] Testing Results: Prec@1 63.700 Prec@5 90.150             Loss 1.34150
Epoch [162] Testing Class Recall: [0.821,0.953,0.764,0.694,0.764,0.500,0.575,0.478,0.513,0.308]
Epoch [163] Training Results: Prec@1 85.014 Prec@5 96.000             Loss 0.68052
Epoch [163] Training Class Recall: [0.837,0.858,0.871,0.841,0.869,0.836,0.853,0.833,0.856,0.842]
Epoch [163] Testing Results: Prec@1 63.740 Prec@5 90.010             Loss 1.34213
Epoch [163] Testing Class Recall: [0.822,0.948,0.785,0.670,0.765,0.494,0.589,0.480,0.532,0.289]
Epoch [164] Training Results: Prec@1 85.106 Prec@5 95.997             Loss 0.67713
Epoch [164] Training Class Recall: [0.838,0.860,0.874,0.843,0.869,0.839,0.852,0.833,0.856,0.841]
Epoch [164] Testing Results: Prec@1 63.340 Prec@5 90.000             Loss 1.36651
Epoch [164] Testing Class Recall: [0.810,0.948,0.776,0.699,0.758,0.523,0.552,0.485,0.495,0.288]
Epoch [165] Training Results: Prec@1 85.123 Prec@5 96.069             Loss 0.67277
Epoch [165] Training Class Recall: [0.833,0.859,0.873,0.845,0.870,0.840,0.853,0.834,0.857,0.841]
Epoch [165] Testing Results: Prec@1 63.220 Prec@5 89.510             Loss 1.38193
Epoch [165] Testing Class Recall: [0.809,0.952,0.781,0.705,0.770,0.493,0.557,0.474,0.498,0.283]
Epoch [166] Training Results: Prec@1 85.131 Prec@5 96.094             Loss 0.67091
Epoch [166] Training Class Recall: [0.833,0.858,0.874,0.845,0.873,0.840,0.852,0.835,0.856,0.841]
Epoch [166] Testing Results: Prec@1 63.400 Prec@5 89.770             Loss 1.36937
Epoch [166] Testing Class Recall: [0.820,0.949,0.779,0.701,0.756,0.496,0.572,0.483,0.503,0.281]
Epoch [167] Training Results: Prec@1 85.174 Prec@5 96.157             Loss 0.66759
Epoch [167] Training Class Recall: [0.836,0.859,0.876,0.846,0.869,0.840,0.853,0.834,0.856,0.841]
Epoch [167] Testing Results: Prec@1 63.330 Prec@5 89.550             Loss 1.38546
Epoch [167] Testing Class Recall: [0.820,0.946,0.780,0.693,0.766,0.507,0.570,0.489,0.489,0.273]
Epoch [168] Training Results: Prec@1 85.189 Prec@5 96.274             Loss 0.66518
Epoch [168] Training Class Recall: [0.840,0.857,0.874,0.846,0.869,0.840,0.854,0.835,0.856,0.842]
Epoch [168] Testing Results: Prec@1 63.280 Prec@5 89.410             Loss 1.38008
Epoch [168] Testing Class Recall: [0.806,0.950,0.773,0.689,0.787,0.510,0.577,0.491,0.484,0.261]
Epoch [169] Training Results: Prec@1 85.234 Prec@5 96.423             Loss 0.66372
Epoch [169] Training Class Recall: [0.837,0.859,0.879,0.845,0.872,0.840,0.854,0.834,0.857,0.841]
Epoch [169] Testing Results: Prec@1 63.250 Prec@5 89.520             Loss 1.39606
Epoch [169] Testing Class Recall: [0.809,0.953,0.784,0.709,0.763,0.483,0.570,0.487,0.493,0.274]
Epoch [170] Training Results: Prec@1 85.240 Prec@5 96.474             Loss 0.66156
Epoch [170] Training Class Recall: [0.838,0.860,0.878,0.847,0.871,0.840,0.852,0.834,0.857,0.841]
Epoch [170] Testing Results: Prec@1 63.960 Prec@5 89.800             Loss 1.35348
Epoch [170] Testing Class Recall: [0.798,0.949,0.772,0.720,0.776,0.516,0.586,0.490,0.491,0.298]
Epoch [171] Training Results: Prec@1 85.223 Prec@5 96.391             Loss 0.66013
Epoch [171] Training Class Recall: [0.838,0.858,0.877,0.847,0.873,0.839,0.853,0.834,0.856,0.842]
Epoch [171] Testing Results: Prec@1 63.170 Prec@5 89.350             Loss 1.40036
Epoch [171] Testing Class Recall: [0.816,0.950,0.785,0.710,0.771,0.495,0.548,0.469,0.486,0.287]
Epoch [172] Training Results: Prec@1 85.309 Prec@5 96.446             Loss 0.65774
Epoch [172] Training Class Recall: [0.838,0.859,0.879,0.850,0.872,0.839,0.855,0.835,0.857,0.841]
Epoch [172] Testing Results: Prec@1 63.930 Prec@5 89.630             Loss 1.36393
Epoch [172] Testing Class Recall: [0.823,0.950,0.779,0.699,0.765,0.514,0.597,0.487,0.483,0.296]
Epoch [173] Training Results: Prec@1 85.309 Prec@5 96.614             Loss 0.65478
Epoch [173] Training Class Recall: [0.840,0.860,0.880,0.846,0.870,0.840,0.855,0.834,0.857,0.842]
Epoch [173] Testing Results: Prec@1 63.070 Prec@5 89.000             Loss 1.41740
Epoch [173] Testing Class Recall: [0.809,0.948,0.789,0.711,0.776,0.505,0.545,0.458,0.487,0.279]
Epoch [174] Training Results: Prec@1 85.300 Prec@5 96.549             Loss 0.65623
Epoch [174] Training Class Recall: [0.840,0.858,0.880,0.849,0.872,0.840,0.854,0.834,0.857,0.841]
Epoch [174] Testing Results: Prec@1 63.240 Prec@5 89.120             Loss 1.41215
Epoch [174] Testing Class Recall: [0.809,0.950,0.783,0.723,0.768,0.503,0.534,0.488,0.492,0.274]
Epoch [175] Training Results: Prec@1 85.334 Prec@5 96.629             Loss 0.65266
Epoch [175] Training Class Recall: [0.841,0.860,0.879,0.847,0.873,0.841,0.854,0.835,0.857,0.842]
Epoch [175] Testing Results: Prec@1 63.410 Prec@5 89.260             Loss 1.40009
Epoch [175] Testing Class Recall: [0.820,0.948,0.779,0.709,0.778,0.496,0.564,0.479,0.481,0.287]
Epoch [176] Training Results: Prec@1 85.280 Prec@5 96.557             Loss 0.65406
Epoch [176] Training Class Recall: [0.838,0.859,0.878,0.847,0.872,0.840,0.854,0.834,0.857,0.843]
Epoch [176] Testing Results: Prec@1 63.240 Prec@5 89.010             Loss 1.40697
Epoch [176] Testing Class Recall: [0.806,0.949,0.773,0.715,0.794,0.509,0.561,0.459,0.485,0.273]
Epoch [177] Training Results: Prec@1 85.374 Prec@5 96.674             Loss 0.64906
Epoch [177] Training Class Recall: [0.838,0.859,0.880,0.853,0.872,0.841,0.854,0.836,0.857,0.842]
Epoch [177] Testing Results: Prec@1 63.040 Prec@5 89.080             Loss 1.42079
Epoch [177] Testing Class Recall: [0.817,0.944,0.790,0.709,0.769,0.495,0.542,0.466,0.481,0.291]
Epoch [178] Training Results: Prec@1 85.294 Prec@5 96.549             Loss 0.65127
Epoch [178] Training Class Recall: [0.838,0.858,0.879,0.850,0.872,0.838,0.855,0.835,0.857,0.841]
Epoch [178] Testing Results: Prec@1 63.320 Prec@5 89.310             Loss 1.40305
Epoch [178] Testing Class Recall: [0.807,0.950,0.774,0.721,0.769,0.507,0.569,0.480,0.462,0.293]
Epoch [179] Training Results: Prec@1 85.343 Prec@5 96.706             Loss 0.64835
Epoch [179] Training Class Recall: [0.841,0.859,0.877,0.851,0.872,0.840,0.854,0.834,0.857,0.843]
Epoch [179] Testing Results: Prec@1 62.740 Prec@5 88.870             Loss 1.43247
Epoch [179] Testing Class Recall: [0.794,0.950,0.794,0.697,0.766,0.500,0.561,0.463,0.476,0.273]
Epoch [180] Training Results: Prec@1 85.411 Prec@5 96.654             Loss 0.64748
Epoch [180] Training Class Recall: [0.840,0.860,0.881,0.850,0.874,0.841,0.854,0.835,0.858,0.841]
Epoch [180] Testing Results: Prec@1 62.900 Prec@5 89.050             Loss 1.42065
Epoch [180] Testing Class Recall: [0.786,0.951,0.790,0.715,0.763,0.505,0.529,0.479,0.489,0.283]
Epoch [181] Training Results: Prec@1 85.391 Prec@5 96.726             Loss 0.64638
Epoch [181] Training Class Recall: [0.843,0.859,0.878,0.850,0.872,0.841,0.855,0.836,0.857,0.843]
Epoch [181] Testing Results: Prec@1 63.040 Prec@5 89.000             Loss 1.42433
Epoch [181] Testing Class Recall: [0.808,0.954,0.787,0.711,0.754,0.483,0.545,0.483,0.494,0.285]
Epoch [182] Training Results: Prec@1 85.303 Prec@5 96.640             Loss 0.64589
Epoch [182] Training Class Recall: [0.838,0.858,0.879,0.849,0.873,0.840,0.853,0.835,0.857,0.843]
Epoch [182] Testing Results: Prec@1 62.670 Prec@5 88.890             Loss 1.43814
Epoch [182] Testing Class Recall: [0.816,0.947,0.783,0.701,0.776,0.507,0.531,0.475,0.447,0.284]
Epoch [183] Training Results: Prec@1 85.426 Prec@5 96.646             Loss 0.64782
Epoch [183] Training Class Recall: [0.842,0.860,0.880,0.851,0.873,0.841,0.854,0.836,0.857,0.842]
Epoch [183] Testing Results: Prec@1 63.150 Prec@5 88.990             Loss 1.41509
Epoch [183] Testing Class Recall: [0.804,0.947,0.790,0.697,0.766,0.504,0.544,0.472,0.502,0.289]
Epoch [184] Training Results: Prec@1 85.366 Prec@5 96.646             Loss 0.64678
Epoch [184] Training Class Recall: [0.839,0.859,0.880,0.850,0.871,0.840,0.855,0.837,0.857,0.842]
Epoch [184] Testing Results: Prec@1 63.100 Prec@5 89.000             Loss 1.42093
Epoch [184] Testing Class Recall: [0.796,0.949,0.787,0.705,0.784,0.485,0.560,0.482,0.484,0.278]
Epoch [185] Training Results: Prec@1 85.360 Prec@5 96.671             Loss 0.64550
Epoch [185] Training Class Recall: [0.840,0.859,0.878,0.849,0.872,0.840,0.855,0.838,0.857,0.842]
Epoch [185] Testing Results: Prec@1 63.110 Prec@5 88.710             Loss 1.43550
Epoch [185] Testing Class Recall: [0.816,0.948,0.786,0.704,0.774,0.487,0.558,0.468,0.498,0.272]
Epoch [186] Training Results: Prec@1 85.371 Prec@5 96.723             Loss 0.64790
Epoch [186] Training Class Recall: [0.841,0.859,0.882,0.850,0.872,0.840,0.854,0.836,0.857,0.842]
Epoch [186] Testing Results: Prec@1 63.060 Prec@5 89.180             Loss 1.41865
Epoch [186] Testing Class Recall: [0.825,0.951,0.780,0.702,0.764,0.501,0.544,0.485,0.457,0.297]
Epoch [187] Training Results: Prec@1 85.397 Prec@5 96.620             Loss 0.64746
Epoch [187] Training Class Recall: [0.839,0.859,0.881,0.852,0.873,0.840,0.854,0.835,0.857,0.842]
Epoch [187] Testing Results: Prec@1 63.010 Prec@5 89.120             Loss 1.41853
Epoch [187] Testing Class Recall: [0.803,0.952,0.782,0.709,0.773,0.492,0.565,0.485,0.449,0.291]
Epoch [188] Training Results: Prec@1 85.360 Prec@5 96.626             Loss 0.64752
Epoch [188] Training Class Recall: [0.838,0.860,0.879,0.850,0.872,0.841,0.854,0.835,0.858,0.842]
Epoch [188] Testing Results: Prec@1 63.310 Prec@5 89.220             Loss 1.40937
Epoch [188] Testing Class Recall: [0.813,0.947,0.786,0.706,0.771,0.498,0.569,0.479,0.472,0.290]
Epoch [189] Training Results: Prec@1 85.363 Prec@5 96.603             Loss 0.64568
Epoch [189] Training Class Recall: [0.841,0.858,0.878,0.853,0.872,0.840,0.855,0.836,0.857,0.842]
Epoch [189] Testing Results: Prec@1 63.050 Prec@5 88.910             Loss 1.43018
Epoch [189] Testing Class Recall: [0.827,0.948,0.767,0.709,0.783,0.503,0.542,0.473,0.469,0.284]
Epoch [190] Training Results: Prec@1 85.397 Prec@5 96.626             Loss 0.64691
Epoch [190] Training Class Recall: [0.842,0.859,0.882,0.849,0.873,0.839,0.854,0.837,0.856,0.842]
Epoch [190] Testing Results: Prec@1 63.310 Prec@5 88.990             Loss 1.40373
Epoch [190] Testing Class Recall: [0.808,0.948,0.787,0.696,0.780,0.495,0.554,0.472,0.501,0.290]
Epoch [191] Training Results: Prec@1 85.440 Prec@5 96.689             Loss 0.64622
Epoch [191] Training Class Recall: [0.843,0.860,0.882,0.848,0.873,0.841,0.855,0.836,0.858,0.842]
Epoch [191] Testing Results: Prec@1 63.350 Prec@5 89.290             Loss 1.40040
Epoch [191] Testing Class Recall: [0.805,0.952,0.786,0.710,0.765,0.495,0.536,0.501,0.486,0.299]
Epoch [192] Training Results: Prec@1 85.366 Prec@5 96.677             Loss 0.64806
Epoch [192] Training Class Recall: [0.841,0.859,0.878,0.851,0.872,0.842,0.853,0.836,0.857,0.843]
Epoch [192] Testing Results: Prec@1 63.140 Prec@5 89.050             Loss 1.41329
Epoch [192] Testing Class Recall: [0.817,0.947,0.787,0.702,0.756,0.514,0.537,0.480,0.483,0.291]
Epoch [193] Training Results: Prec@1 85.397 Prec@5 96.686             Loss 0.64463
Epoch [193] Training Class Recall: [0.841,0.860,0.882,0.849,0.872,0.840,0.854,0.837,0.857,0.842]
Epoch [193] Testing Results: Prec@1 62.640 Prec@5 88.850             Loss 1.44465
Epoch [193] Testing Class Recall: [0.803,0.946,0.782,0.726,0.764,0.498,0.536,0.472,0.456,0.281]
Epoch [194] Training Results: Prec@1 85.380 Prec@5 96.603             Loss 0.64743
Epoch [194] Training Class Recall: [0.843,0.860,0.877,0.849,0.874,0.842,0.854,0.834,0.857,0.843]
Epoch [194] Testing Results: Prec@1 63.290 Prec@5 89.310             Loss 1.39394
Epoch [194] Testing Class Recall: [0.804,0.941,0.785,0.711,0.760,0.509,0.539,0.490,0.489,0.301]
Epoch [195] Training Results: Prec@1 85.349 Prec@5 96.689             Loss 0.64596
Epoch [195] Training Class Recall: [0.841,0.859,0.878,0.849,0.873,0.840,0.855,0.835,0.858,0.841]
Epoch [195] Testing Results: Prec@1 63.080 Prec@5 89.090             Loss 1.41731
Epoch [195] Testing Class Recall: [0.794,0.946,0.786,0.712,0.773,0.498,0.571,0.480,0.475,0.273]
Epoch [196] Training Results: Prec@1 85.351 Prec@5 96.714             Loss 0.64538
Epoch [196] Training Class Recall: [0.841,0.860,0.878,0.849,0.873,0.841,0.853,0.835,0.858,0.842]
Epoch [196] Testing Results: Prec@1 62.790 Prec@5 89.050             Loss 1.43159
Epoch [196] Testing Class Recall: [0.811,0.945,0.794,0.696,0.763,0.489,0.557,0.478,0.459,0.287]
Epoch [197] Training Results: Prec@1 85.354 Prec@5 96.743             Loss 0.64606
Epoch [197] Training Class Recall: [0.842,0.859,0.879,0.850,0.871,0.840,0.855,0.835,0.857,0.841]
Epoch [197] Testing Results: Prec@1 63.370 Prec@5 89.130             Loss 1.40275
Epoch [197] Testing Class Recall: [0.818,0.947,0.784,0.702,0.754,0.511,0.547,0.501,0.479,0.294]
Epoch [198] Training Results: Prec@1 85.374 Prec@5 96.691             Loss 0.64731
Epoch [198] Training Class Recall: [0.843,0.860,0.880,0.849,0.872,0.839,0.855,0.835,0.857,0.842]
Epoch [198] Testing Results: Prec@1 62.730 Prec@5 88.940             Loss 1.44368
Epoch [198] Testing Class Recall: [0.827,0.946,0.786,0.704,0.763,0.497,0.537,0.485,0.452,0.276]
Epoch [199] Training Results: Prec@1 85.369 Prec@5 96.694             Loss 0.64732
Epoch [199] Training Class Recall: [0.839,0.860,0.881,0.851,0.872,0.839,0.854,0.835,0.857,0.842]
Epoch [199] Testing Results: Prec@1 62.840 Prec@5 88.990             Loss 1.43718
Epoch [199] Testing Class Recall: [0.818,0.953,0.779,0.716,0.762,0.482,0.568,0.477,0.458,0.271]
