Log file: cifar10_sava0.9_randomoversampling_selection_exp0.01_seed42_20260526_111955.log
Run started: 2026-05-26 11:19:55.333512
Dataset: cifar10
Imbalance type: exp, factor: 0.01
Selection method: sava, ratio: 0.9
Strategy: RandomOversampling_Selection, epochs: 200
Seed: 42, rand_number: 0
Augmentation: weak
Noise ratio: 0.15
mamix_ratio: 1.0
============================================================

=> Preparing logger and tensorboard writer !
----------------------------------------------------
Class ID   | Original   | Selected   | Keep %  
----------------------------------------------------
0          | 5025       | 3924       |    78.1%
1          | 5019       | 4776       |    95.2%
2          | 4999       | 4853       |    97.1%
3          | 5011       | 4659       |    93.0%
4          | 4980       | 4652       |    93.4%
5          | 5035       | 4432       |    88.0%
6          | 4938       | 4085       |    82.7%
7          | 5034       | 4805       |    95.5%
8          | 5018       | 4554       |    90.8%
9          | 4941       | 4260       |    86.2%
----------------------------------------------------
TOTAL      | 50000      | 45000      |    90.0%
----------------------------------------------------
Epoch [0] Training Results: Prec@1 34.351 Prec@5 81.389             Loss 1.88777
Epoch [0] Training Class Recall: [0.376,0.461,0.213,0.187,0.255,0.274,0.401,0.372,0.471,0.446]
Epoch [0] Testing Results: Prec@1 41.280 Prec@5 88.230             Loss 1.67664
Epoch [0] Testing Class Recall: [0.585,0.696,0.194,0.196,0.525,0.336,0.395,0.501,0.591,0.109]
Epoch [1] Training Results: Prec@1 49.009 Prec@5 87.498             Loss 1.59064
Epoch [1] Training Class Recall: [0.496,0.610,0.337,0.281,0.346,0.361,0.541,0.558,0.689,0.707]
Epoch [1] Testing Results: Prec@1 47.900 Prec@5 89.160             Loss 1.53596
Epoch [1] Testing Class Recall: [0.589,0.749,0.074,0.215,0.451,0.470,0.813,0.575,0.597,0.257]
Epoch [2] Training Results: Prec@1 56.718 Prec@5 89.591             Loss 1.42386
Epoch [2] Training Class Recall: [0.568,0.693,0.425,0.356,0.421,0.421,0.600,0.662,0.771,0.774]
Epoch [2] Testing Results: Prec@1 47.490 Prec@5 86.640             Loss 1.67593
Epoch [2] Testing Class Recall: [0.619,0.834,0.294,0.055,0.304,0.549,0.767,0.766,0.509,0.052]
Epoch [3] Training Results: Prec@1 62.051 Prec@5 90.340             Loss 1.30930
Epoch [3] Training Class Recall: [0.598,0.734,0.494,0.401,0.520,0.497,0.650,0.724,0.802,0.799]
Epoch [3] Testing Results: Prec@1 49.310 Prec@5 91.390             Loss 1.51721
Epoch [3] Testing Class Recall: [0.734,0.487,0.623,0.167,0.242,0.507,0.827,0.446,0.414,0.484]
Epoch [4] Training Results: Prec@1 65.407 Prec@5 91.007             Loss 1.22851
Epoch [4] Training Class Recall: [0.620,0.757,0.536,0.465,0.579,0.522,0.683,0.759,0.814,0.812]
Epoch [4] Testing Results: Prec@1 50.660 Prec@5 88.930             Loss 1.58827
Epoch [4] Testing Class Recall: [0.763,0.817,0.362,0.056,0.743,0.562,0.807,0.309,0.471,0.176]
Epoch [5] Training Results: Prec@1 69.480 Prec@5 91.529             Loss 1.13998
Epoch [5] Training Class Recall: [0.664,0.779,0.587,0.530,0.639,0.593,0.722,0.791,0.828,0.822]
Epoch [5] Testing Results: Prec@1 51.960 Prec@5 91.500             Loss 1.49563
Epoch [5] Testing Class Recall: [0.601,0.977,0.582,0.504,0.303,0.457,0.552,0.414,0.510,0.296]
Epoch [6] Training Results: Prec@1 71.853 Prec@5 91.751             Loss 1.08078
Epoch [6] Training Class Recall: [0.669,0.791,0.625,0.579,0.675,0.628,0.743,0.810,0.834,0.833]
Epoch [6] Testing Results: Prec@1 59.050 Prec@5 92.660             Loss 1.29842
Epoch [6] Testing Class Recall: [0.763,0.932,0.402,0.228,0.715,0.555,0.798,0.577,0.540,0.395]
Epoch [7] Training Results: Prec@1 73.664 Prec@5 91.958             Loss 1.03601
Epoch [7] Training Class Recall: [0.691,0.802,0.645,0.599,0.700,0.677,0.769,0.818,0.836,0.834]
Epoch [7] Testing Results: Prec@1 55.240 Prec@5 87.360             Loss 1.53687
Epoch [7] Testing Class Recall: [0.693,0.877,0.762,0.517,0.674,0.492,0.608,0.372,0.234,0.295]
Epoch [8] Training Results: Prec@1 75.322 Prec@5 91.967             Loss 1.00227
Epoch [8] Training Class Recall: [0.705,0.806,0.676,0.629,0.729,0.703,0.788,0.825,0.837,0.838]
Epoch [8] Testing Results: Prec@1 59.000 Prec@5 92.610             Loss 1.34138
Epoch [8] Testing Class Recall: [0.700,0.928,0.633,0.700,0.669,0.500,0.534,0.293,0.561,0.382]
Epoch [9] Training Results: Prec@1 75.882 Prec@5 92.280             Loss 0.98027
Epoch [9] Training Class Recall: [0.704,0.812,0.681,0.649,0.737,0.723,0.783,0.827,0.836,0.836]
Epoch [9] Testing Results: Prec@1 58.100 Prec@5 91.440             Loss 1.34665
Epoch [9] Testing Class Recall: [0.600,0.816,0.751,0.471,0.751,0.458,0.768,0.596,0.390,0.209]
Epoch [10] Training Results: Prec@1 77.338 Prec@5 92.173             Loss 0.95068
Epoch [10] Training Class Recall: [0.727,0.819,0.710,0.673,0.760,0.733,0.802,0.831,0.841,0.839]
Epoch [10] Testing Results: Prec@1 59.090 Prec@5 92.920             Loss 1.36105
Epoch [10] Testing Class Recall: [0.584,0.962,0.827,0.490,0.604,0.501,0.532,0.665,0.202,0.542]
Epoch [11] Training Results: Prec@1 77.609 Prec@5 92.158             Loss 0.94281
Epoch [11] Training Class Recall: [0.722,0.818,0.712,0.685,0.767,0.743,0.803,0.834,0.840,0.836]
Epoch [11] Testing Results: Prec@1 60.660 Prec@5 91.090             Loss 1.29776
Epoch [11] Testing Class Recall: [0.835,0.865,0.733,0.379,0.627,0.638,0.593,0.593,0.193,0.610]
Epoch [12] Training Results: Prec@1 78.127 Prec@5 92.171             Loss 0.93090
Epoch [12] Training Class Recall: [0.736,0.820,0.732,0.683,0.769,0.756,0.804,0.835,0.841,0.836]
Epoch [12] Testing Results: Prec@1 60.520 Prec@5 91.420             Loss 1.37195
Epoch [12] Testing Class Recall: [0.666,0.920,0.603,0.800,0.775,0.415,0.605,0.278,0.579,0.411]
Epoch [13] Training Results: Prec@1 78.249 Prec@5 92.307             Loss 0.92292
Epoch [13] Training Class Recall: [0.730,0.820,0.733,0.692,0.779,0.752,0.805,0.834,0.840,0.838]
Epoch [13] Testing Results: Prec@1 53.990 Prec@5 88.090             Loss 1.63103
Epoch [13] Testing Class Recall: [0.749,0.830,0.898,0.384,0.362,0.210,0.654,0.292,0.727,0.293]
Epoch [14] Training Results: Prec@1 79.024 Prec@5 92.462             Loss 0.90761
Epoch [14] Training Class Recall: [0.737,0.821,0.744,0.716,0.787,0.769,0.810,0.836,0.841,0.840]
Epoch [14] Testing Results: Prec@1 52.730 Prec@5 89.620             Loss 1.66802
Epoch [14] Testing Class Recall: [0.712,0.761,0.490,0.718,0.280,0.422,0.183,0.863,0.359,0.485]
Epoch [15] Training Results: Prec@1 78.662 Prec@5 92.418             Loss 0.90938
Epoch [15] Training Class Recall: [0.733,0.818,0.738,0.704,0.778,0.773,0.807,0.832,0.844,0.838]
Epoch [15] Testing Results: Prec@1 62.050 Prec@5 91.670             Loss 1.26731
Epoch [15] Testing Class Recall: [0.698,0.832,0.814,0.620,0.564,0.380,0.401,0.743,0.697,0.456]
Epoch [16] Training Results: Prec@1 79.244 Prec@5 92.478             Loss 0.89892
Epoch [16] Training Class Recall: [0.742,0.822,0.749,0.719,0.792,0.767,0.812,0.840,0.842,0.839]
Epoch [16] Testing Results: Prec@1 61.400 Prec@5 91.990             Loss 1.27803
Epoch [16] Testing Class Recall: [0.815,0.953,0.662,0.419,0.815,0.496,0.375,0.581,0.630,0.394]
Epoch [17] Training Results: Prec@1 79.524 Prec@5 92.496             Loss 0.88933
Epoch [17] Training Class Recall: [0.751,0.825,0.749,0.720,0.795,0.785,0.807,0.840,0.841,0.838]
Epoch [17] Testing Results: Prec@1 60.480 Prec@5 91.090             Loss 1.31963
Epoch [17] Testing Class Recall: [0.648,0.934,0.677,0.679,0.421,0.607,0.309,0.447,0.801,0.525]
Epoch [18] Training Results: Prec@1 79.827 Prec@5 92.436             Loss 0.88509
Epoch [18] Training Class Recall: [0.747,0.826,0.761,0.730,0.802,0.780,0.814,0.841,0.840,0.838]
Epoch [18] Testing Results: Prec@1 61.440 Prec@5 91.200             Loss 1.35072
Epoch [18] Testing Class Recall: [0.751,0.884,0.456,0.823,0.649,0.430,0.696,0.373,0.697,0.385]
Epoch [19] Training Results: Prec@1 79.780 Prec@5 92.629             Loss 0.88311
Epoch [19] Training Class Recall: [0.740,0.823,0.758,0.732,0.803,0.785,0.818,0.835,0.842,0.838]
Epoch [19] Testing Results: Prec@1 63.550 Prec@5 92.210             Loss 1.25363
Epoch [19] Testing Class Recall: [0.887,0.902,0.775,0.308,0.666,0.645,0.714,0.547,0.544,0.367]
Epoch [20] Training Results: Prec@1 79.918 Prec@5 92.564             Loss 0.88011
Epoch [20] Training Class Recall: [0.749,0.824,0.765,0.736,0.800,0.780,0.815,0.841,0.842,0.836]
Epoch [20] Testing Results: Prec@1 65.480 Prec@5 93.800             Loss 1.17029
Epoch [20] Testing Class Recall: [0.706,0.933,0.813,0.661,0.749,0.415,0.487,0.688,0.593,0.503]
Epoch [21] Training Results: Prec@1 80.378 Prec@5 92.591             Loss 0.86975
Epoch [21] Training Class Recall: [0.747,0.831,0.775,0.747,0.806,0.792,0.812,0.840,0.841,0.840]
Epoch [21] Testing Results: Prec@1 63.620 Prec@5 93.490             Loss 1.25682
Epoch [21] Testing Class Recall: [0.874,0.896,0.623,0.760,0.639,0.447,0.604,0.582,0.442,0.495]
Epoch [22] Training Results: Prec@1 80.293 Prec@5 92.553             Loss 0.87488
Epoch [22] Training Class Recall: [0.747,0.832,0.770,0.740,0.805,0.791,0.821,0.838,0.843,0.840]
Epoch [22] Testing Results: Prec@1 63.330 Prec@5 93.460             Loss 1.22779
Epoch [22] Testing Class Recall: [0.776,0.830,0.771,0.678,0.549,0.670,0.477,0.524,0.598,0.460]
Epoch [23] Training Results: Prec@1 80.449 Prec@5 92.642             Loss 0.86710
Epoch [23] Training Class Recall: [0.762,0.826,0.771,0.749,0.802,0.791,0.814,0.840,0.845,0.840]
Epoch [23] Testing Results: Prec@1 58.600 Prec@5 91.010             Loss 1.42424
Epoch [23] Testing Class Recall: [0.659,0.916,0.732,0.293,0.531,0.529,0.898,0.472,0.577,0.253]
Epoch [24] Training Results: Prec@1 80.480 Prec@5 92.576             Loss 0.86516
Epoch [24] Training Class Recall: [0.752,0.829,0.775,0.749,0.806,0.793,0.818,0.839,0.843,0.840]
Epoch [24] Testing Results: Prec@1 60.830 Prec@5 92.520             Loss 1.30729
Epoch [24] Testing Class Recall: [0.831,0.896,0.726,0.530,0.590,0.634,0.716,0.477,0.360,0.323]
Epoch [25] Training Results: Prec@1 80.480 Prec@5 92.624             Loss 0.86402
Epoch [25] Training Class Recall: [0.752,0.829,0.773,0.754,0.807,0.791,0.817,0.840,0.842,0.838]
Epoch [25] Testing Results: Prec@1 61.120 Prec@5 91.820             Loss 1.30883
Epoch [25] Testing Class Recall: [0.746,0.970,0.485,0.323,0.756,0.828,0.558,0.451,0.423,0.572]
Epoch [26] Training Results: Prec@1 80.707 Prec@5 92.727             Loss 0.86003
Epoch [26] Training Class Recall: [0.756,0.828,0.780,0.757,0.814,0.793,0.817,0.842,0.840,0.840]
Epoch [26] Testing Results: Prec@1 53.750 Prec@5 87.590             Loss 1.68877
Epoch [26] Testing Class Recall: [0.827,0.969,0.823,0.559,0.344,0.595,0.311,0.382,0.410,0.155]
Epoch [27] Training Results: Prec@1 80.662 Prec@5 92.536             Loss 0.85781
Epoch [27] Training Class Recall: [0.757,0.832,0.775,0.760,0.809,0.790,0.821,0.838,0.841,0.840]
Epoch [27] Testing Results: Prec@1 55.890 Prec@5 88.170             Loss 1.66493
Epoch [27] Testing Class Recall: [0.510,0.936,0.911,0.622,0.638,0.325,0.168,0.538,0.510,0.431]
Epoch [28] Training Results: Prec@1 80.689 Prec@5 92.896             Loss 0.85696
Epoch [28] Training Class Recall: [0.758,0.832,0.782,0.752,0.807,0.795,0.816,0.841,0.843,0.840]
Epoch [28] Testing Results: Prec@1 63.390 Prec@5 92.690             Loss 1.22598
Epoch [28] Testing Class Recall: [0.812,0.964,0.787,0.442,0.547,0.513,0.783,0.630,0.387,0.474]
Epoch [29] Training Results: Prec@1 80.964 Prec@5 92.542             Loss 0.85307
Epoch [29] Training Class Recall: [0.764,0.834,0.789,0.761,0.805,0.793,0.819,0.843,0.844,0.841]
Epoch [29] Testing Results: Prec@1 62.560 Prec@5 92.370             Loss 1.27243
Epoch [29] Testing Class Recall: [0.618,0.977,0.793,0.683,0.763,0.458,0.431,0.637,0.507,0.389]
Epoch [30] Training Results: Prec@1 80.991 Prec@5 92.584             Loss 0.84833
Epoch [30] Training Class Recall: [0.760,0.833,0.787,0.761,0.811,0.802,0.818,0.841,0.843,0.838]
Epoch [30] Testing Results: Prec@1 61.060 Prec@5 91.340             Loss 1.28997
Epoch [30] Testing Class Recall: [0.717,0.953,0.523,0.506,0.711,0.786,0.516,0.568,0.192,0.634]
Epoch [31] Training Results: Prec@1 80.784 Prec@5 92.818             Loss 0.85115
Epoch [31] Training Class Recall: [0.760,0.828,0.784,0.761,0.809,0.796,0.820,0.838,0.841,0.838]
Epoch [31] Testing Results: Prec@1 58.940 Prec@5 89.680             Loss 1.42984
Epoch [31] Testing Class Recall: [0.642,0.975,0.607,0.757,0.554,0.341,0.848,0.436,0.489,0.245]
Epoch [32] Training Results: Prec@1 81.062 Prec@5 92.580             Loss 0.84861
Epoch [32] Training Class Recall: [0.763,0.831,0.785,0.761,0.819,0.799,0.820,0.841,0.844,0.839]
Epoch [32] Testing Results: Prec@1 64.800 Prec@5 92.680             Loss 1.22522
Epoch [32] Testing Class Recall: [0.865,0.947,0.658,0.457,0.709,0.664,0.676,0.396,0.749,0.359]
Epoch [33] Training Results: Prec@1 81.211 Prec@5 92.716             Loss 0.84538
Epoch [33] Training Class Recall: [0.767,0.833,0.794,0.763,0.816,0.801,0.819,0.840,0.843,0.841]
Epoch [33] Testing Results: Prec@1 63.920 Prec@5 92.820             Loss 1.26562
Epoch [33] Testing Class Recall: [0.668,0.981,0.629,0.719,0.848,0.498,0.566,0.488,0.477,0.518]
Epoch [34] Training Results: Prec@1 81.071 Prec@5 92.836             Loss 0.84727
Epoch [34] Training Class Recall: [0.767,0.829,0.793,0.762,0.814,0.800,0.817,0.841,0.841,0.837]
Epoch [34] Testing Results: Prec@1 63.410 Prec@5 92.940             Loss 1.23419
Epoch [34] Testing Class Recall: [0.556,0.892,0.865,0.634,0.435,0.475,0.526,0.626,0.823,0.509]
Epoch [35] Training Results: Prec@1 81.200 Prec@5 92.736             Loss 0.84533
Epoch [35] Training Class Recall: [0.769,0.832,0.789,0.768,0.816,0.801,0.820,0.839,0.842,0.841]
Epoch [35] Testing Results: Prec@1 66.500 Prec@5 92.860             Loss 1.16986
Epoch [35] Testing Class Recall: [0.629,0.937,0.808,0.469,0.783,0.583,0.574,0.489,0.745,0.633]
Epoch [36] Training Results: Prec@1 81.482 Prec@5 92.731             Loss 0.83618
Epoch [36] Training Class Recall: [0.768,0.837,0.797,0.773,0.817,0.802,0.824,0.840,0.843,0.842]
Epoch [36] Testing Results: Prec@1 65.720 Prec@5 93.490             Loss 1.18529
Epoch [36] Testing Class Recall: [0.770,0.956,0.617,0.812,0.630,0.378,0.633,0.713,0.553,0.510]
Epoch [37] Training Results: Prec@1 81.402 Prec@5 92.920             Loss 0.84020
Epoch [37] Training Class Recall: [0.774,0.830,0.791,0.774,0.819,0.803,0.825,0.841,0.841,0.840]
Epoch [37] Testing Results: Prec@1 65.340 Prec@5 93.150             Loss 1.21656
Epoch [37] Testing Class Recall: [0.830,0.973,0.774,0.633,0.466,0.589,0.689,0.745,0.401,0.434]
Epoch [38] Training Results: Prec@1 81.384 Prec@5 92.896             Loss 0.84246
Epoch [38] Training Class Recall: [0.766,0.836,0.792,0.769,0.822,0.799,0.821,0.843,0.845,0.839]
Epoch [38] Testing Results: Prec@1 61.490 Prec@5 91.830             Loss 1.33599
Epoch [38] Testing Class Recall: [0.893,0.954,0.726,0.730,0.579,0.529,0.383,0.537,0.480,0.338]
Epoch [39] Training Results: Prec@1 81.631 Prec@5 92.836             Loss 0.83470
Epoch [39] Training Class Recall: [0.780,0.836,0.795,0.771,0.824,0.804,0.824,0.842,0.843,0.842]
Epoch [39] Testing Results: Prec@1 64.550 Prec@5 93.430             Loss 1.19857
Epoch [39] Testing Class Recall: [0.696,0.961,0.765,0.689,0.644,0.606,0.568,0.446,0.756,0.324]
Epoch [40] Training Results: Prec@1 81.218 Prec@5 92.784             Loss 0.84117
Epoch [40] Training Class Recall: [0.764,0.832,0.788,0.771,0.817,0.801,0.822,0.839,0.844,0.839]
Epoch [40] Testing Results: Prec@1 64.140 Prec@5 93.890             Loss 1.21221
Epoch [40] Testing Class Recall: [0.782,0.886,0.742,0.377,0.808,0.569,0.723,0.772,0.442,0.313]
Epoch [41] Training Results: Prec@1 81.396 Prec@5 92.893             Loss 0.83567
Epoch [41] Training Class Recall: [0.776,0.832,0.794,0.761,0.822,0.802,0.824,0.842,0.841,0.842]
Epoch [41] Testing Results: Prec@1 63.070 Prec@5 91.000             Loss 1.29380
Epoch [41] Testing Class Recall: [0.682,0.929,0.636,0.643,0.601,0.777,0.761,0.330,0.466,0.482]
Epoch [42] Training Results: Prec@1 81.611 Prec@5 92.867             Loss 0.83624
Epoch [42] Training Class Recall: [0.771,0.834,0.795,0.777,0.821,0.808,0.825,0.842,0.843,0.840]
Epoch [42] Testing Results: Prec@1 57.550 Prec@5 90.510             Loss 1.49029
Epoch [42] Testing Class Recall: [0.777,0.906,0.795,0.450,0.342,0.824,0.394,0.481,0.463,0.323]
Epoch [43] Training Results: Prec@1 81.456 Prec@5 92.798             Loss 0.83682
Epoch [43] Training Class Recall: [0.773,0.836,0.796,0.770,0.817,0.805,0.820,0.841,0.842,0.842]
Epoch [43] Testing Results: Prec@1 65.580 Prec@5 90.760             Loss 1.28538
Epoch [43] Testing Class Recall: [0.813,0.951,0.753,0.617,0.847,0.375,0.658,0.436,0.573,0.535]
Epoch [44] Training Results: Prec@1 81.682 Prec@5 92.916             Loss 0.83169
Epoch [44] Training Class Recall: [0.773,0.833,0.795,0.783,0.828,0.804,0.825,0.841,0.843,0.840]
Epoch [44] Testing Results: Prec@1 66.030 Prec@5 92.970             Loss 1.17797
Epoch [44] Testing Class Recall: [0.820,0.953,0.677,0.736,0.707,0.498,0.501,0.591,0.477,0.643]
Epoch [45] Training Results: Prec@1 81.684 Prec@5 92.780             Loss 0.83530
Epoch [45] Training Class Recall: [0.776,0.836,0.800,0.775,0.824,0.799,0.822,0.845,0.845,0.841]
Epoch [45] Testing Results: Prec@1 63.270 Prec@5 91.140             Loss 1.28813
Epoch [45] Testing Class Recall: [0.723,0.965,0.375,0.818,0.651,0.541,0.722,0.597,0.457,0.478]
Epoch [46] Training Results: Prec@1 81.531 Prec@5 92.860             Loss 0.83219
Epoch [46] Training Class Recall: [0.769,0.837,0.795,0.776,0.820,0.805,0.822,0.839,0.844,0.841]
Epoch [46] Testing Results: Prec@1 56.650 Prec@5 90.070             Loss 1.46310
Epoch [46] Testing Class Recall: [0.885,0.810,0.825,0.345,0.692,0.381,0.321,0.434,0.582,0.390]
Epoch [47] Training Results: Prec@1 81.769 Prec@5 92.776             Loss 0.83121
Epoch [47] Training Class Recall: [0.773,0.835,0.797,0.782,0.826,0.806,0.820,0.845,0.846,0.842]
Epoch [47] Testing Results: Prec@1 66.720 Prec@5 92.460             Loss 1.16336
Epoch [47] Testing Class Recall: [0.797,0.876,0.697,0.716,0.793,0.519,0.471,0.577,0.716,0.510]
Epoch [48] Training Results: Prec@1 81.613 Prec@5 92.960             Loss 0.82860
Epoch [48] Training Class Recall: [0.768,0.838,0.792,0.779,0.822,0.805,0.822,0.845,0.844,0.842]
Epoch [48] Testing Results: Prec@1 61.460 Prec@5 89.470             Loss 1.44077
Epoch [48] Testing Class Recall: [0.897,0.905,0.606,0.804,0.702,0.474,0.266,0.494,0.362,0.636]
Epoch [49] Training Results: Prec@1 81.620 Prec@5 92.911             Loss 0.83176
Epoch [49] Training Class Recall: [0.771,0.839,0.797,0.777,0.821,0.803,0.824,0.841,0.843,0.842]
Epoch [49] Testing Results: Prec@1 65.660 Prec@5 91.010             Loss 1.22197
Epoch [49] Testing Class Recall: [0.725,0.967,0.833,0.658,0.763,0.374,0.603,0.593,0.547,0.503]
Epoch [50] Training Results: Prec@1 81.758 Prec@5 92.876             Loss 0.82819
Epoch [50] Training Class Recall: [0.771,0.838,0.805,0.778,0.824,0.808,0.824,0.841,0.843,0.840]
Epoch [50] Testing Results: Prec@1 63.410 Prec@5 89.860             Loss 1.32887
Epoch [50] Testing Class Recall: [0.792,0.954,0.867,0.715,0.672,0.255,0.566,0.556,0.611,0.353]
Epoch [51] Training Results: Prec@1 81.796 Prec@5 92.953             Loss 0.82636
Epoch [51] Training Class Recall: [0.777,0.839,0.800,0.779,0.825,0.801,0.824,0.845,0.843,0.842]
Epoch [51] Testing Results: Prec@1 62.160 Prec@5 88.670             Loss 1.46210
Epoch [51] Testing Class Recall: [0.860,0.954,0.721,0.771,0.773,0.280,0.548,0.634,0.406,0.269]
Epoch [52] Training Results: Prec@1 81.673 Prec@5 92.996             Loss 0.83021
Epoch [52] Training Class Recall: [0.780,0.836,0.793,0.779,0.821,0.808,0.824,0.840,0.845,0.838]
Epoch [52] Testing Results: Prec@1 62.670 Prec@5 91.790             Loss 1.39686
Epoch [52] Testing Class Recall: [0.854,0.936,0.558,0.891,0.645,0.335,0.427,0.628,0.406,0.587]
Epoch [53] Training Results: Prec@1 82.036 Prec@5 92.900             Loss 0.82339
Epoch [53] Training Class Recall: [0.776,0.836,0.809,0.783,0.825,0.814,0.827,0.843,0.843,0.842]
Epoch [53] Testing Results: Prec@1 65.810 Prec@5 90.970             Loss 1.24799
Epoch [53] Testing Class Recall: [0.847,0.917,0.788,0.497,0.800,0.710,0.634,0.695,0.371,0.322]
Epoch [54] Training Results: Prec@1 81.744 Prec@5 92.960             Loss 0.82821
Epoch [54] Training Class Recall: [0.775,0.833,0.805,0.783,0.826,0.803,0.822,0.839,0.844,0.840]
Epoch [54] Testing Results: Prec@1 62.810 Prec@5 91.630             Loss 1.36041
Epoch [54] Testing Class Recall: [0.645,0.935,0.690,0.827,0.470,0.627,0.402,0.326,0.745,0.614]
Epoch [55] Training Results: Prec@1 82.033 Prec@5 92.887             Loss 0.82461
Epoch [55] Training Class Recall: [0.776,0.834,0.809,0.787,0.829,0.810,0.825,0.843,0.843,0.841]
Epoch [55] Testing Results: Prec@1 57.160 Prec@5 88.470             Loss 1.55666
Epoch [55] Testing Class Recall: [0.790,0.990,0.822,0.624,0.591,0.261,0.776,0.239,0.316,0.307]
Epoch [56] Training Results: Prec@1 82.040 Prec@5 92.996             Loss 0.82042
Epoch [56] Training Class Recall: [0.778,0.836,0.811,0.784,0.825,0.807,0.828,0.842,0.845,0.843]
Epoch [56] Testing Results: Prec@1 64.450 Prec@5 90.480             Loss 1.29774
Epoch [56] Testing Class Recall: [0.704,0.927,0.861,0.674,0.665,0.411,0.723,0.410,0.508,0.562]
Epoch [57] Training Results: Prec@1 81.924 Prec@5 93.122             Loss 0.82420
Epoch [57] Training Class Recall: [0.779,0.839,0.799,0.783,0.825,0.811,0.824,0.842,0.845,0.841]
Epoch [57] Testing Results: Prec@1 61.310 Prec@5 91.830             Loss 1.40992
Epoch [57] Testing Class Recall: [0.579,0.987,0.812,0.681,0.759,0.461,0.437,0.655,0.404,0.356]
Epoch [58] Training Results: Prec@1 82.082 Prec@5 92.989             Loss 0.82110
Epoch [58] Training Class Recall: [0.786,0.838,0.810,0.785,0.822,0.808,0.826,0.843,0.845,0.840]
Epoch [58] Testing Results: Prec@1 66.700 Prec@5 92.160             Loss 1.21608
Epoch [58] Testing Class Recall: [0.890,0.954,0.737,0.741,0.627,0.634,0.574,0.622,0.364,0.527]
Epoch [59] Training Results: Prec@1 81.853 Prec@5 92.982             Loss 0.82506
Epoch [59] Training Class Recall: [0.775,0.833,0.806,0.780,0.827,0.808,0.826,0.842,0.843,0.841]
Epoch [59] Testing Results: Prec@1 60.260 Prec@5 90.780             Loss 1.41524
Epoch [59] Testing Class Recall: [0.774,0.986,0.835,0.545,0.527,0.390,0.789,0.582,0.394,0.204]
Epoch [60] Training Results: Prec@1 82.102 Prec@5 93.047             Loss 0.81933
Epoch [60] Training Class Recall: [0.774,0.839,0.806,0.790,0.829,0.816,0.822,0.844,0.843,0.841]
Epoch [60] Testing Results: Prec@1 60.840 Prec@5 88.810             Loss 1.38645
Epoch [60] Testing Class Recall: [0.770,0.899,0.806,0.581,0.856,0.329,0.636,0.177,0.649,0.381]
Epoch [61] Training Results: Prec@1 81.884 Prec@5 92.949             Loss 0.82530
Epoch [61] Training Class Recall: [0.776,0.837,0.803,0.780,0.827,0.808,0.822,0.843,0.845,0.842]
Epoch [61] Testing Results: Prec@1 59.540 Prec@5 91.630             Loss 1.45604
Epoch [61] Testing Class Recall: [0.859,0.896,0.717,0.851,0.614,0.345,0.452,0.583,0.223,0.414]
Epoch [62] Training Results: Prec@1 81.967 Prec@5 92.998             Loss 0.81956
Epoch [62] Training Class Recall: [0.781,0.836,0.805,0.783,0.823,0.811,0.825,0.842,0.844,0.841]
Epoch [62] Testing Results: Prec@1 64.350 Prec@5 92.310             Loss 1.22730
Epoch [62] Testing Class Recall: [0.763,0.951,0.892,0.549,0.564,0.550,0.529,0.696,0.461,0.480]
Epoch [63] Training Results: Prec@1 82.078 Prec@5 93.049             Loss 0.82148
Epoch [63] Training Class Recall: [0.777,0.835,0.809,0.790,0.824,0.808,0.825,0.846,0.845,0.842]
Epoch [63] Testing Results: Prec@1 65.030 Prec@5 91.640             Loss 1.18430
Epoch [63] Testing Class Recall: [0.652,0.948,0.766,0.531,0.779,0.555,0.836,0.556,0.357,0.523]
Epoch [64] Training Results: Prec@1 81.976 Prec@5 92.989             Loss 0.82078
Epoch [64] Training Class Recall: [0.776,0.839,0.807,0.782,0.827,0.811,0.824,0.843,0.842,0.842]
Epoch [64] Testing Results: Prec@1 68.490 Prec@5 93.240             Loss 1.10285
Epoch [64] Testing Class Recall: [0.788,0.911,0.766,0.742,0.722,0.568,0.703,0.495,0.528,0.626]
Epoch [65] Training Results: Prec@1 81.893 Prec@5 93.060             Loss 0.82250
Epoch [65] Training Class Recall: [0.773,0.838,0.805,0.781,0.827,0.809,0.822,0.843,0.845,0.840]
Epoch [65] Testing Results: Prec@1 67.440 Prec@5 93.080             Loss 1.15068
Epoch [65] Testing Class Recall: [0.842,0.950,0.794,0.561,0.681,0.511,0.668,0.661,0.654,0.422]
Epoch [66] Training Results: Prec@1 82.247 Prec@5 93.296             Loss 0.81342
Epoch [66] Training Class Recall: [0.782,0.838,0.816,0.787,0.829,0.813,0.825,0.843,0.846,0.841]
Epoch [66] Testing Results: Prec@1 64.030 Prec@5 92.860             Loss 1.23957
Epoch [66] Testing Class Recall: [0.697,0.927,0.848,0.730,0.405,0.561,0.533,0.572,0.568,0.562]
Epoch [67] Training Results: Prec@1 82.000 Prec@5 92.964             Loss 0.81918
Epoch [67] Training Class Recall: [0.775,0.835,0.805,0.786,0.824,0.812,0.830,0.841,0.846,0.841]
Epoch [67] Testing Results: Prec@1 62.010 Prec@5 91.050             Loss 1.38222
Epoch [67] Testing Class Recall: [0.655,0.959,0.895,0.553,0.643,0.641,0.319,0.487,0.366,0.683]
Epoch [68] Training Results: Prec@1 82.053 Prec@5 93.013             Loss 0.81953
Epoch [68] Training Class Recall: [0.774,0.837,0.808,0.789,0.831,0.809,0.827,0.842,0.843,0.842]
Epoch [68] Testing Results: Prec@1 66.170 Prec@5 93.250             Loss 1.14929
Epoch [68] Testing Class Recall: [0.775,0.905,0.789,0.720,0.365,0.538,0.586,0.714,0.553,0.672]
Epoch [69] Training Results: Prec@1 81.960 Prec@5 93.167             Loss 0.81914
Epoch [69] Training Class Recall: [0.778,0.838,0.807,0.785,0.825,0.808,0.822,0.842,0.844,0.841]
Epoch [69] Testing Results: Prec@1 69.560 Prec@5 94.390             Loss 1.03015
Epoch [69] Testing Class Recall: [0.796,0.867,0.773,0.595,0.768,0.540,0.617,0.766,0.714,0.520]
Epoch [70] Training Results: Prec@1 82.236 Prec@5 93.098             Loss 0.81635
Epoch [70] Training Class Recall: [0.783,0.837,0.813,0.790,0.827,0.810,0.829,0.842,0.844,0.843]
Epoch [70] Testing Results: Prec@1 60.640 Prec@5 91.480             Loss 1.35312
Epoch [70] Testing Class Recall: [0.623,0.941,0.749,0.435,0.395,0.823,0.765,0.680,0.350,0.303]
Epoch [71] Training Results: Prec@1 81.962 Prec@5 93.118             Loss 0.82179
Epoch [71] Training Class Recall: [0.777,0.838,0.803,0.786,0.827,0.808,0.821,0.843,0.845,0.842]
Epoch [71] Testing Results: Prec@1 68.620 Prec@5 93.720             Loss 1.07108
Epoch [71] Testing Class Recall: [0.828,0.901,0.670,0.705,0.710,0.662,0.694,0.537,0.655,0.500]
Epoch [72] Training Results: Prec@1 82.253 Prec@5 93.149             Loss 0.81609
Epoch [72] Training Class Recall: [0.782,0.839,0.813,0.790,0.829,0.810,0.826,0.845,0.845,0.842]
Epoch [72] Testing Results: Prec@1 62.360 Prec@5 91.240             Loss 1.29959
Epoch [72] Testing Class Recall: [0.827,0.986,0.666,0.481,0.662,0.749,0.560,0.516,0.604,0.185]
Epoch [73] Training Results: Prec@1 82.007 Prec@5 93.111             Loss 0.82034
Epoch [73] Training Class Recall: [0.781,0.836,0.808,0.785,0.822,0.810,0.825,0.843,0.845,0.842]
Epoch [73] Testing Results: Prec@1 65.390 Prec@5 92.720             Loss 1.20088
Epoch [73] Testing Class Recall: [0.773,0.901,0.717,0.550,0.923,0.461,0.614,0.630,0.601,0.369]
Epoch [74] Training Results: Prec@1 82.269 Prec@5 93.231             Loss 0.81091
Epoch [74] Training Class Recall: [0.783,0.838,0.810,0.792,0.828,0.812,0.826,0.847,0.843,0.842]
Epoch [74] Testing Results: Prec@1 66.390 Prec@5 91.990             Loss 1.14901
Epoch [74] Testing Class Recall: [0.901,0.943,0.648,0.663,0.731,0.583,0.318,0.673,0.566,0.613]
Epoch [75] Training Results: Prec@1 82.127 Prec@5 92.982             Loss 0.81690
Epoch [75] Training Class Recall: [0.781,0.838,0.808,0.781,0.831,0.812,0.829,0.842,0.845,0.841]
Epoch [75] Testing Results: Prec@1 58.850 Prec@5 88.840             Loss 1.51434
Epoch [75] Testing Class Recall: [0.823,0.990,0.799,0.559,0.810,0.451,0.345,0.475,0.428,0.205]
Epoch [76] Training Results: Prec@1 82.158 Prec@5 93.160             Loss 0.81701
Epoch [76] Training Class Recall: [0.783,0.839,0.811,0.791,0.825,0.809,0.825,0.842,0.843,0.843]
Epoch [76] Testing Results: Prec@1 61.480 Prec@5 89.230             Loss 1.35080
Epoch [76] Testing Class Recall: [0.829,0.956,0.742,0.564,0.811,0.762,0.499,0.418,0.370,0.197]
Epoch [77] Training Results: Prec@1 82.080 Prec@5 93.173             Loss 0.81654
Epoch [77] Training Class Recall: [0.781,0.836,0.811,0.786,0.826,0.812,0.824,0.844,0.842,0.841]
Epoch [77] Testing Results: Prec@1 61.480 Prec@5 90.770             Loss 1.36920
Epoch [77] Testing Class Recall: [0.878,0.953,0.844,0.473,0.595,0.313,0.575,0.458,0.440,0.619]
Epoch [78] Training Results: Prec@1 82.184 Prec@5 93.067             Loss 0.81521
Epoch [78] Training Class Recall: [0.782,0.837,0.811,0.786,0.830,0.811,0.826,0.845,0.844,0.843]
Epoch [78] Testing Results: Prec@1 63.900 Prec@5 91.690             Loss 1.26690
Epoch [78] Testing Class Recall: [0.842,0.967,0.740,0.635,0.396,0.407,0.441,0.688,0.682,0.592]
Epoch [79] Training Results: Prec@1 82.156 Prec@5 93.187             Loss 0.81444
Epoch [79] Training Class Recall: [0.780,0.839,0.815,0.787,0.824,0.806,0.825,0.844,0.847,0.843]
Epoch [79] Testing Results: Prec@1 66.720 Prec@5 93.900             Loss 1.12344
Epoch [79] Testing Class Recall: [0.785,0.926,0.651,0.559,0.855,0.613,0.561,0.731,0.367,0.624]
Epoch [80] Training Results: Prec@1 82.080 Prec@5 93.313             Loss 0.81584
Epoch [80] Training Class Recall: [0.777,0.837,0.807,0.788,0.829,0.810,0.824,0.845,0.845,0.841]
Epoch [80] Testing Results: Prec@1 65.540 Prec@5 92.860             Loss 1.18252
Epoch [80] Testing Class Recall: [0.820,0.915,0.754,0.652,0.875,0.464,0.630,0.406,0.614,0.424]
Epoch [81] Training Results: Prec@1 82.362 Prec@5 93.184             Loss 0.81301
Epoch [81] Training Class Recall: [0.779,0.838,0.819,0.795,0.828,0.811,0.827,0.845,0.845,0.844]
Epoch [81] Testing Results: Prec@1 65.080 Prec@5 91.870             Loss 1.27262
Epoch [81] Testing Class Recall: [0.737,0.918,0.884,0.478,0.712,0.473,0.520,0.551,0.812,0.423]
Epoch [82] Training Results: Prec@1 82.182 Prec@5 93.256             Loss 0.81341
Epoch [82] Training Class Recall: [0.780,0.837,0.813,0.786,0.827,0.815,0.825,0.843,0.846,0.842]
Epoch [82] Testing Results: Prec@1 62.450 Prec@5 92.030             Loss 1.35148
Epoch [82] Testing Class Recall: [0.766,0.979,0.677,0.742,0.722,0.677,0.751,0.384,0.320,0.227]
Epoch [83] Training Results: Prec@1 82.220 Prec@5 93.164             Loss 0.81355
Epoch [83] Training Class Recall: [0.782,0.841,0.809,0.791,0.830,0.810,0.826,0.844,0.843,0.841]
Epoch [83] Testing Results: Prec@1 62.070 Prec@5 92.190             Loss 1.35856
Epoch [83] Testing Class Recall: [0.762,0.826,0.851,0.741,0.718,0.452,0.293,0.644,0.443,0.477]
Epoch [84] Training Results: Prec@1 82.311 Prec@5 93.151             Loss 0.81211
Epoch [84] Training Class Recall: [0.779,0.841,0.813,0.788,0.836,0.810,0.825,0.844,0.846,0.842]
Epoch [84] Testing Results: Prec@1 63.430 Prec@5 92.560             Loss 1.25817
Epoch [84] Testing Class Recall: [0.830,0.931,0.722,0.589,0.454,0.446,0.499,0.848,0.457,0.567]
Epoch [85] Training Results: Prec@1 82.264 Prec@5 93.147             Loss 0.81235
Epoch [85] Training Class Recall: [0.780,0.838,0.812,0.793,0.828,0.814,0.824,0.845,0.846,0.842]
Epoch [85] Testing Results: Prec@1 60.270 Prec@5 92.610             Loss 1.38761
Epoch [85] Testing Class Recall: [0.851,0.986,0.796,0.554,0.693,0.406,0.518,0.391,0.524,0.308]
Epoch [86] Training Results: Prec@1 82.249 Prec@5 93.169             Loss 0.81200
Epoch [86] Training Class Recall: [0.784,0.836,0.808,0.790,0.834,0.813,0.827,0.845,0.844,0.841]
Epoch [86] Testing Results: Prec@1 62.040 Prec@5 90.000             Loss 1.34658
Epoch [86] Testing Class Recall: [0.792,0.930,0.855,0.404,0.620,0.598,0.486,0.581,0.789,0.149]
Epoch [87] Training Results: Prec@1 82.300 Prec@5 93.340             Loss 0.80881
Epoch [87] Training Class Recall: [0.777,0.839,0.816,0.791,0.829,0.815,0.826,0.844,0.845,0.843]
Epoch [87] Testing Results: Prec@1 67.250 Prec@5 93.860             Loss 1.10398
Epoch [87] Testing Class Recall: [0.799,0.960,0.669,0.657,0.736,0.683,0.766,0.596,0.467,0.392]
Epoch [88] Training Results: Prec@1 82.233 Prec@5 93.231             Loss 0.81132
Epoch [88] Training Class Recall: [0.780,0.838,0.815,0.793,0.831,0.809,0.825,0.840,0.845,0.842]
Epoch [88] Testing Results: Prec@1 61.410 Prec@5 90.170             Loss 1.42556
Epoch [88] Testing Class Recall: [0.895,0.853,0.795,0.764,0.728,0.452,0.317,0.442,0.481,0.414]
Epoch [89] Training Results: Prec@1 82.236 Prec@5 93.209             Loss 0.80905
Epoch [89] Training Class Recall: [0.780,0.838,0.807,0.790,0.832,0.816,0.823,0.843,0.846,0.844]
Epoch [89] Testing Results: Prec@1 64.750 Prec@5 92.580             Loss 1.21699
Epoch [89] Testing Class Recall: [0.806,0.945,0.735,0.387,0.858,0.729,0.819,0.325,0.536,0.335]
Epoch [90] Training Results: Prec@1 82.347 Prec@5 93.278             Loss 0.81165
Epoch [90] Training Class Recall: [0.780,0.840,0.812,0.792,0.827,0.814,0.830,0.846,0.845,0.843]
Epoch [90] Testing Results: Prec@1 59.220 Prec@5 89.680             Loss 1.48293
Epoch [90] Testing Class Recall: [0.732,0.958,0.880,0.654,0.571,0.574,0.520,0.460,0.310,0.263]
Epoch [91] Training Results: Prec@1 82.378 Prec@5 93.253             Loss 0.80973
Epoch [91] Training Class Recall: [0.782,0.839,0.817,0.796,0.833,0.812,0.827,0.841,0.843,0.841]
Epoch [91] Testing Results: Prec@1 62.330 Prec@5 91.780             Loss 1.33151
Epoch [91] Testing Class Recall: [0.648,0.992,0.857,0.585,0.817,0.438,0.490,0.548,0.503,0.355]
Epoch [92] Training Results: Prec@1 82.304 Prec@5 93.236             Loss 0.81043
Epoch [92] Training Class Recall: [0.782,0.839,0.815,0.791,0.832,0.811,0.825,0.843,0.844,0.842]
Epoch [92] Testing Results: Prec@1 67.630 Prec@5 93.850             Loss 1.16184
Epoch [92] Testing Class Recall: [0.923,0.875,0.510,0.333,0.740,0.697,0.838,0.653,0.447,0.747]
Epoch [93] Training Results: Prec@1 82.356 Prec@5 93.293             Loss 0.80776
Epoch [93] Training Class Recall: [0.780,0.843,0.815,0.792,0.832,0.809,0.826,0.844,0.846,0.843]
Epoch [93] Testing Results: Prec@1 68.490 Prec@5 93.640             Loss 1.09592
Epoch [93] Testing Class Recall: [0.821,0.940,0.695,0.703,0.653,0.699,0.613,0.690,0.425,0.610]
Epoch [94] Training Results: Prec@1 82.258 Prec@5 93.338             Loss 0.81022
Epoch [94] Training Class Recall: [0.784,0.839,0.812,0.788,0.829,0.813,0.825,0.845,0.845,0.843]
Epoch [94] Testing Results: Prec@1 65.360 Prec@5 92.710             Loss 1.26428
Epoch [94] Testing Class Recall: [0.846,0.921,0.791,0.676,0.758,0.593,0.790,0.524,0.199,0.438]
Epoch [95] Training Results: Prec@1 82.320 Prec@5 93.302             Loss 0.80826
Epoch [95] Training Class Recall: [0.778,0.838,0.817,0.789,0.834,0.813,0.825,0.846,0.843,0.843]
Epoch [95] Testing Results: Prec@1 62.950 Prec@5 90.720             Loss 1.34249
Epoch [95] Testing Class Recall: [0.918,0.922,0.747,0.523,0.750,0.411,0.578,0.400,0.515,0.531]
Epoch [96] Training Results: Prec@1 82.313 Prec@5 93.218             Loss 0.80817
Epoch [96] Training Class Recall: [0.780,0.840,0.818,0.790,0.828,0.812,0.825,0.844,0.846,0.843]
Epoch [96] Testing Results: Prec@1 64.900 Prec@5 92.470             Loss 1.23867
Epoch [96] Testing Class Recall: [0.887,0.927,0.812,0.666,0.645,0.513,0.677,0.402,0.514,0.447]
Epoch [97] Training Results: Prec@1 82.178 Prec@5 93.189             Loss 0.81077
Epoch [97] Training Class Recall: [0.778,0.839,0.811,0.787,0.828,0.811,0.826,0.846,0.844,0.842]
Epoch [97] Testing Results: Prec@1 69.500 Prec@5 93.750             Loss 1.04661
Epoch [97] Testing Class Recall: [0.783,0.942,0.745,0.489,0.715,0.686,0.540,0.584,0.695,0.771]
Epoch [98] Training Results: Prec@1 82.493 Prec@5 93.467             Loss 0.80509
Epoch [98] Training Class Recall: [0.786,0.839,0.818,0.796,0.830,0.815,0.828,0.847,0.843,0.842]
Epoch [98] Testing Results: Prec@1 62.650 Prec@5 89.270             Loss 1.35089
Epoch [98] Testing Class Recall: [0.758,0.942,0.665,0.649,0.848,0.733,0.504,0.425,0.425,0.316]
Epoch [99] Training Results: Prec@1 82.382 Prec@5 93.402             Loss 0.80556
Epoch [99] Training Class Recall: [0.785,0.839,0.816,0.790,0.834,0.813,0.825,0.844,0.846,0.841]
Epoch [99] Testing Results: Prec@1 64.240 Prec@5 90.660             Loss 1.31371
Epoch [99] Testing Class Recall: [0.830,0.970,0.789,0.660,0.653,0.574,0.399,0.406,0.621,0.522]
Epoch [100] Training Results: Prec@1 82.182 Prec@5 93.320             Loss 0.81154
Epoch [100] Training Class Recall: [0.786,0.833,0.816,0.786,0.828,0.812,0.824,0.842,0.844,0.842]
Epoch [100] Testing Results: Prec@1 66.250 Prec@5 92.830             Loss 1.14985
Epoch [100] Testing Class Recall: [0.690,0.946,0.872,0.599,0.765,0.352,0.779,0.488,0.630,0.504]
Epoch [101] Training Results: Prec@1 82.378 Prec@5 93.387             Loss 0.80663
Epoch [101] Training Class Recall: [0.780,0.834,0.816,0.796,0.830,0.821,0.825,0.842,0.846,0.843]
Epoch [101] Testing Results: Prec@1 60.540 Prec@5 90.950             Loss 1.37178
Epoch [101] Testing Class Recall: [0.827,0.873,0.857,0.739,0.502,0.511,0.524,0.500,0.402,0.319]
Epoch [102] Training Results: Prec@1 82.551 Prec@5 93.253             Loss 0.80126
Epoch [102] Training Class Recall: [0.783,0.840,0.823,0.795,0.832,0.816,0.827,0.845,0.847,0.843]
Epoch [102] Testing Results: Prec@1 63.670 Prec@5 90.430             Loss 1.34138
Epoch [102] Testing Class Recall: [0.875,0.956,0.757,0.672,0.837,0.494,0.497,0.558,0.423,0.298]
Epoch [103] Training Results: Prec@1 82.547 Prec@5 93.382             Loss 0.80145
Epoch [103] Training Class Recall: [0.782,0.840,0.819,0.793,0.834,0.816,0.828,0.846,0.847,0.843]
Epoch [103] Testing Results: Prec@1 66.960 Prec@5 93.620             Loss 1.14909
Epoch [103] Testing Class Recall: [0.734,0.962,0.794,0.738,0.732,0.470,0.672,0.516,0.541,0.537]
Epoch [104] Training Results: Prec@1 82.162 Prec@5 93.293             Loss 0.80928
Epoch [104] Training Class Recall: [0.779,0.836,0.810,0.791,0.831,0.812,0.827,0.841,0.845,0.841]
Epoch [104] Testing Results: Prec@1 66.710 Prec@5 92.610             Loss 1.15287
Epoch [104] Testing Class Recall: [0.770,0.912,0.744,0.507,0.703,0.697,0.453,0.644,0.466,0.775]
Epoch [105] Training Results: Prec@1 82.411 Prec@5 93.367             Loss 0.80558
Epoch [105] Training Class Recall: [0.784,0.841,0.811,0.800,0.831,0.816,0.826,0.845,0.843,0.840]
Epoch [105] Testing Results: Prec@1 62.930 Prec@5 91.280             Loss 1.31938
Epoch [105] Testing Class Recall: [0.719,0.983,0.863,0.723,0.557,0.446,0.471,0.756,0.541,0.234]
Epoch [106] Training Results: Prec@1 82.598 Prec@5 93.391             Loss 0.80294
Epoch [106] Training Class Recall: [0.785,0.841,0.815,0.801,0.831,0.819,0.828,0.845,0.846,0.846]
Epoch [106] Testing Results: Prec@1 67.840 Prec@5 94.010             Loss 1.09781
Epoch [106] Testing Class Recall: [0.659,0.921,0.780,0.603,0.710,0.657,0.701,0.452,0.799,0.502]
Epoch [107] Training Results: Prec@1 82.462 Prec@5 93.347             Loss 0.80429
Epoch [107] Training Class Recall: [0.787,0.840,0.822,0.791,0.833,0.816,0.824,0.843,0.844,0.841]
Epoch [107] Testing Results: Prec@1 69.290 Prec@5 92.720             Loss 1.08623
Epoch [107] Testing Class Recall: [0.717,0.876,0.752,0.634,0.881,0.683,0.424,0.442,0.832,0.688]
Epoch [108] Training Results: Prec@1 82.344 Prec@5 93.442             Loss 0.80615
Epoch [108] Training Class Recall: [0.779,0.839,0.811,0.795,0.835,0.814,0.824,0.846,0.844,0.843]
Epoch [108] Testing Results: Prec@1 67.410 Prec@5 92.200             Loss 1.18470
Epoch [108] Testing Class Recall: [0.799,0.928,0.688,0.811,0.731,0.557,0.627,0.640,0.509,0.451]
Epoch [109] Training Results: Prec@1 82.411 Prec@5 93.400             Loss 0.80697
Epoch [109] Training Class Recall: [0.787,0.840,0.815,0.794,0.832,0.814,0.830,0.843,0.843,0.840]
Epoch [109] Testing Results: Prec@1 68.450 Prec@5 93.560             Loss 1.08504
Epoch [109] Testing Class Recall: [0.786,0.927,0.797,0.612,0.641,0.597,0.588,0.794,0.624,0.479]
Epoch [110] Training Results: Prec@1 82.376 Prec@5 93.420             Loss 0.80518
Epoch [110] Training Class Recall: [0.778,0.840,0.812,0.792,0.834,0.815,0.829,0.845,0.847,0.841]
Epoch [110] Testing Results: Prec@1 64.190 Prec@5 91.610             Loss 1.25936
Epoch [110] Testing Class Recall: [0.672,0.917,0.690,0.810,0.821,0.363,0.410,0.635,0.361,0.740]
Epoch [111] Training Results: Prec@1 82.602 Prec@5 93.336             Loss 0.80142
Epoch [111] Training Class Recall: [0.783,0.842,0.822,0.794,0.836,0.813,0.828,0.848,0.846,0.842]
Epoch [111] Testing Results: Prec@1 62.100 Prec@5 89.650             Loss 1.35512
Epoch [111] Testing Class Recall: [0.690,0.946,0.894,0.717,0.769,0.259,0.548,0.563,0.607,0.217]
Epoch [112] Training Results: Prec@1 82.380 Prec@5 93.504             Loss 0.80542
Epoch [112] Training Class Recall: [0.786,0.839,0.816,0.793,0.830,0.813,0.827,0.843,0.846,0.841]
Epoch [112] Testing Results: Prec@1 60.920 Prec@5 92.010             Loss 1.36908
Epoch [112] Testing Class Recall: [0.596,0.901,0.929,0.434,0.465,0.671,0.432,0.420,0.762,0.482]
Epoch [113] Training Results: Prec@1 82.693 Prec@5 93.502             Loss 0.79977
Epoch [113] Training Class Recall: [0.790,0.841,0.820,0.795,0.834,0.819,0.829,0.846,0.847,0.842]
Epoch [113] Testing Results: Prec@1 60.850 Prec@5 88.430             Loss 1.48737
Epoch [113] Testing Class Recall: [0.843,0.904,0.870,0.519,0.789,0.300,0.574,0.492,0.362,0.432]
Epoch [114] Training Results: Prec@1 82.173 Prec@5 93.402             Loss 0.81046
Epoch [114] Training Class Recall: [0.784,0.837,0.812,0.789,0.827,0.809,0.828,0.841,0.845,0.842]
Epoch [114] Testing Results: Prec@1 64.720 Prec@5 90.350             Loss 1.24497
Epoch [114] Testing Class Recall: [0.803,0.857,0.671,0.749,0.638,0.578,0.784,0.605,0.573,0.214]
Epoch [115] Training Results: Prec@1 82.496 Prec@5 93.473             Loss 0.80326
Epoch [115] Training Class Recall: [0.777,0.845,0.818,0.797,0.830,0.815,0.828,0.845,0.845,0.842]
Epoch [115] Testing Results: Prec@1 65.820 Prec@5 93.130             Loss 1.14853
Epoch [115] Testing Class Recall: [0.802,0.980,0.663,0.712,0.550,0.750,0.590,0.630,0.476,0.429]
Epoch [116] Training Results: Prec@1 82.458 Prec@5 93.527             Loss 0.80506
Epoch [116] Training Class Recall: [0.783,0.842,0.817,0.796,0.830,0.808,0.830,0.847,0.846,0.842]
Epoch [116] Testing Results: Prec@1 66.440 Prec@5 91.710             Loss 1.17764
Epoch [116] Testing Class Recall: [0.723,0.961,0.822,0.524,0.760,0.752,0.615,0.619,0.481,0.387]
Epoch [117] Training Results: Prec@1 82.329 Prec@5 93.471             Loss 0.80632
Epoch [117] Training Class Recall: [0.779,0.837,0.818,0.797,0.831,0.812,0.829,0.840,0.843,0.842]
Epoch [117] Testing Results: Prec@1 61.030 Prec@5 90.350             Loss 1.38952
Epoch [117] Testing Class Recall: [0.856,0.904,0.749,0.477,0.914,0.527,0.460,0.328,0.552,0.336]
Epoch [118] Training Results: Prec@1 82.578 Prec@5 93.404             Loss 0.80257
Epoch [118] Training Class Recall: [0.786,0.839,0.821,0.791,0.837,0.817,0.828,0.846,0.847,0.840]
Epoch [118] Testing Results: Prec@1 63.980 Prec@5 91.780             Loss 1.25011
Epoch [118] Testing Class Recall: [0.770,0.949,0.667,0.568,0.764,0.599,0.358,0.830,0.586,0.307]
Epoch [119] Training Results: Prec@1 82.480 Prec@5 93.402             Loss 0.80148
Epoch [119] Training Class Recall: [0.780,0.844,0.816,0.791,0.834,0.817,0.828,0.842,0.847,0.842]
Epoch [119] Testing Results: Prec@1 63.120 Prec@5 90.780             Loss 1.33640
Epoch [119] Testing Class Recall: [0.829,0.943,0.864,0.574,0.690,0.627,0.435,0.617,0.534,0.199]
Epoch [120] Training Results: Prec@1 82.551 Prec@5 93.504             Loss 0.80244
Epoch [120] Training Class Recall: [0.781,0.838,0.823,0.802,0.831,0.819,0.822,0.845,0.845,0.843]
Epoch [120] Testing Results: Prec@1 60.460 Prec@5 89.870             Loss 1.35984
Epoch [120] Testing Class Recall: [0.902,0.880,0.772,0.703,0.608,0.426,0.452,0.337,0.443,0.523]
Epoch [121] Training Results: Prec@1 82.660 Prec@5 93.353             Loss 0.79958
Epoch [121] Training Class Recall: [0.783,0.843,0.824,0.795,0.831,0.822,0.827,0.846,0.845,0.844]
Epoch [121] Testing Results: Prec@1 61.730 Prec@5 92.260             Loss 1.45558
Epoch [121] Testing Class Recall: [0.895,0.931,0.737,0.718,0.523,0.587,0.419,0.580,0.407,0.376]
Epoch [122] Training Results: Prec@1 82.653 Prec@5 93.453             Loss 0.80045
Epoch [122] Training Class Recall: [0.789,0.839,0.820,0.800,0.833,0.817,0.829,0.846,0.845,0.842]
Epoch [122] Testing Results: Prec@1 66.180 Prec@5 91.790             Loss 1.20760
Epoch [122] Testing Class Recall: [0.785,0.911,0.856,0.617,0.519,0.457,0.718,0.813,0.467,0.475]
Epoch [123] Training Results: Prec@1 82.536 Prec@5 93.344             Loss 0.80224
Epoch [123] Training Class Recall: [0.788,0.844,0.820,0.794,0.832,0.813,0.827,0.843,0.845,0.842]
Epoch [123] Testing Results: Prec@1 64.800 Prec@5 92.520             Loss 1.22179
Epoch [123] Testing Class Recall: [0.779,0.948,0.808,0.604,0.763,0.679,0.773,0.425,0.463,0.238]
Epoch [124] Training Results: Prec@1 82.502 Prec@5 93.411             Loss 0.80204
Epoch [124] Training Class Recall: [0.784,0.842,0.817,0.790,0.835,0.818,0.825,0.846,0.843,0.844]
Epoch [124] Testing Results: Prec@1 66.560 Prec@5 92.140             Loss 1.17263
Epoch [124] Testing Class Recall: [0.791,0.957,0.725,0.455,0.724,0.794,0.493,0.651,0.779,0.287]
Epoch [125] Training Results: Prec@1 82.591 Prec@5 93.369             Loss 0.80232
Epoch [125] Training Class Recall: [0.785,0.843,0.817,0.796,0.833,0.818,0.827,0.845,0.845,0.844]
Epoch [125] Testing Results: Prec@1 65.130 Prec@5 91.510             Loss 1.29096
Epoch [125] Testing Class Recall: [0.856,0.977,0.801,0.598,0.643,0.678,0.601,0.621,0.417,0.321]
Epoch [126] Training Results: Prec@1 82.640 Prec@5 93.593             Loss 0.79838
Epoch [126] Training Class Recall: [0.788,0.838,0.820,0.800,0.836,0.817,0.826,0.843,0.848,0.842]
Epoch [126] Testing Results: Prec@1 64.340 Prec@5 91.060             Loss 1.23641
Epoch [126] Testing Class Recall: [0.670,0.963,0.743,0.524,0.882,0.521,0.699,0.485,0.603,0.344]
Epoch [127] Training Results: Prec@1 82.547 Prec@5 93.511             Loss 0.80078
Epoch [127] Training Class Recall: [0.787,0.843,0.821,0.795,0.834,0.815,0.826,0.842,0.844,0.842]
Epoch [127] Testing Results: Prec@1 60.900 Prec@5 88.080             Loss 1.39891
Epoch [127] Testing Class Recall: [0.740,0.982,0.821,0.641,0.684,0.682,0.464,0.613,0.400,0.063]
Epoch [128] Training Results: Prec@1 82.516 Prec@5 93.409             Loss 0.80410
Epoch [128] Training Class Recall: [0.781,0.843,0.818,0.796,0.832,0.815,0.829,0.846,0.846,0.841]
Epoch [128] Testing Results: Prec@1 61.990 Prec@5 88.850             Loss 1.35084
Epoch [128] Testing Class Recall: [0.809,0.946,0.743,0.725,0.801,0.322,0.744,0.465,0.473,0.171]
Epoch [129] Training Results: Prec@1 82.573 Prec@5 93.540             Loss 0.80019
Epoch [129] Training Class Recall: [0.790,0.840,0.820,0.798,0.834,0.817,0.824,0.842,0.845,0.841]
Epoch [129] Testing Results: Prec@1 60.210 Prec@5 90.120             Loss 1.35527
Epoch [129] Testing Class Recall: [0.842,0.945,0.837,0.504,0.828,0.425,0.421,0.618,0.140,0.461]
Epoch [130] Training Results: Prec@1 82.651 Prec@5 93.449             Loss 0.79942
Epoch [130] Training Class Recall: [0.784,0.842,0.823,0.800,0.836,0.817,0.823,0.844,0.846,0.843]
Epoch [130] Testing Results: Prec@1 65.590 Prec@5 92.160             Loss 1.19680
Epoch [130] Testing Class Recall: [0.835,0.964,0.727,0.608,0.689,0.656,0.773,0.353,0.620,0.334]
Epoch [131] Training Results: Prec@1 82.569 Prec@5 93.456             Loss 0.79840
Epoch [131] Training Class Recall: [0.784,0.842,0.819,0.794,0.837,0.817,0.828,0.845,0.845,0.842]
Epoch [131] Testing Results: Prec@1 59.450 Prec@5 89.480             Loss 1.49716
Epoch [131] Testing Class Recall: [0.843,0.893,0.535,0.785,0.601,0.362,0.867,0.486,0.291,0.282]
Epoch [132] Training Results: Prec@1 82.322 Prec@5 93.440             Loss 0.80398
Epoch [132] Training Class Recall: [0.784,0.838,0.815,0.795,0.828,0.814,0.824,0.842,0.845,0.843]
Epoch [132] Testing Results: Prec@1 68.040 Prec@5 93.790             Loss 1.09821
Epoch [132] Testing Class Recall: [0.811,0.931,0.625,0.581,0.846,0.681,0.836,0.559,0.528,0.406]
Epoch [133] Training Results: Prec@1 82.707 Prec@5 93.629             Loss 0.79986
Epoch [133] Training Class Recall: [0.787,0.842,0.821,0.801,0.837,0.819,0.830,0.842,0.843,0.842]
Epoch [133] Testing Results: Prec@1 63.940 Prec@5 92.800             Loss 1.26831
Epoch [133] Testing Class Recall: [0.625,0.956,0.831,0.745,0.561,0.594,0.682,0.498,0.257,0.645]
Epoch [134] Training Results: Prec@1 82.569 Prec@5 93.487             Loss 0.79753
Epoch [134] Training Class Recall: [0.780,0.843,0.824,0.797,0.831,0.815,0.825,0.846,0.845,0.843]
Epoch [134] Testing Results: Prec@1 65.390 Prec@5 92.900             Loss 1.18229
Epoch [134] Testing Class Recall: [0.931,0.786,0.678,0.472,0.712,0.779,0.560,0.521,0.466,0.634]
Epoch [135] Training Results: Prec@1 82.707 Prec@5 93.340             Loss 0.79987
Epoch [135] Training Class Recall: [0.790,0.843,0.824,0.794,0.836,0.816,0.828,0.846,0.845,0.843]
Epoch [135] Testing Results: Prec@1 68.350 Prec@5 92.180             Loss 1.12211
Epoch [135] Testing Class Recall: [0.815,0.919,0.702,0.615,0.797,0.717,0.721,0.559,0.509,0.481]
Epoch [136] Training Results: Prec@1 82.489 Prec@5 93.476             Loss 0.80350
Epoch [136] Training Class Recall: [0.790,0.839,0.816,0.792,0.833,0.817,0.825,0.844,0.846,0.843]
Epoch [136] Testing Results: Prec@1 63.800 Prec@5 89.270             Loss 1.32213
Epoch [136] Testing Class Recall: [0.760,0.912,0.615,0.693,0.731,0.617,0.909,0.489,0.503,0.151]
Epoch [137] Training Results: Prec@1 82.571 Prec@5 93.716             Loss 0.79910
Epoch [137] Training Class Recall: [0.782,0.838,0.821,0.798,0.834,0.816,0.832,0.841,0.848,0.842]
Epoch [137] Testing Results: Prec@1 67.340 Prec@5 92.880             Loss 1.18206
Epoch [137] Testing Class Recall: [0.908,0.956,0.646,0.643,0.663,0.672,0.568,0.632,0.581,0.465]
Epoch [138] Training Results: Prec@1 82.644 Prec@5 93.540             Loss 0.79936
Epoch [138] Training Class Recall: [0.788,0.840,0.823,0.793,0.835,0.818,0.828,0.846,0.845,0.843]
Epoch [138] Testing Results: Prec@1 64.530 Prec@5 90.580             Loss 1.24360
Epoch [138] Testing Class Recall: [0.778,0.940,0.660,0.714,0.895,0.453,0.240,0.585,0.699,0.489]
Epoch [139] Training Results: Prec@1 82.622 Prec@5 93.684             Loss 0.79818
Epoch [139] Training Class Recall: [0.787,0.840,0.825,0.799,0.834,0.812,0.827,0.843,0.845,0.842]
Epoch [139] Testing Results: Prec@1 61.730 Prec@5 90.890             Loss 1.37009
Epoch [139] Testing Class Recall: [0.934,0.940,0.794,0.611,0.744,0.477,0.459,0.475,0.370,0.369]
Epoch [140] Training Results: Prec@1 82.704 Prec@5 93.549             Loss 0.79709
Epoch [140] Training Class Recall: [0.787,0.841,0.821,0.802,0.831,0.818,0.827,0.848,0.847,0.842]
Epoch [140] Testing Results: Prec@1 65.270 Prec@5 93.170             Loss 1.17328
Epoch [140] Testing Class Recall: [0.709,0.896,0.759,0.551,0.747,0.777,0.560,0.569,0.302,0.657]
Epoch [141] Training Results: Prec@1 82.627 Prec@5 93.564             Loss 0.79907
Epoch [141] Training Class Recall: [0.785,0.839,0.819,0.800,0.835,0.819,0.828,0.847,0.844,0.841]
Epoch [141] Testing Results: Prec@1 68.750 Prec@5 94.850             Loss 1.05266
Epoch [141] Testing Class Recall: [0.720,0.697,0.773,0.742,0.835,0.598,0.698,0.583,0.517,0.712]
Epoch [142] Training Results: Prec@1 82.542 Prec@5 93.598             Loss 0.79992
Epoch [142] Training Class Recall: [0.788,0.838,0.824,0.793,0.839,0.813,0.827,0.842,0.844,0.840]
Epoch [142] Testing Results: Prec@1 67.640 Prec@5 93.540             Loss 1.10613
Epoch [142] Testing Class Recall: [0.744,0.969,0.686,0.764,0.766,0.586,0.383,0.607,0.601,0.658]
Epoch [143] Training Results: Prec@1 82.771 Prec@5 93.549             Loss 0.79759
Epoch [143] Training Class Recall: [0.786,0.841,0.821,0.802,0.841,0.820,0.828,0.847,0.845,0.842]
Epoch [143] Testing Results: Prec@1 68.880 Prec@5 93.500             Loss 1.07850
Epoch [143] Testing Class Recall: [0.828,0.827,0.618,0.822,0.778,0.506,0.713,0.676,0.482,0.638]
Epoch [144] Training Results: Prec@1 82.660 Prec@5 93.473             Loss 0.79887
Epoch [144] Training Class Recall: [0.786,0.841,0.819,0.797,0.834,0.819,0.833,0.843,0.847,0.843]
Epoch [144] Testing Results: Prec@1 57.720 Prec@5 88.460             Loss 1.54272
Epoch [144] Testing Class Recall: [0.765,0.883,0.905,0.619,0.616,0.518,0.352,0.641,0.193,0.280]
Epoch [145] Training Results: Prec@1 82.411 Prec@5 93.584             Loss 0.80186
Epoch [145] Training Class Recall: [0.785,0.837,0.818,0.794,0.833,0.813,0.824,0.843,0.844,0.842]
Epoch [145] Testing Results: Prec@1 62.030 Prec@5 90.300             Loss 1.33151
Epoch [145] Testing Class Recall: [0.825,0.968,0.741,0.817,0.605,0.568,0.520,0.580,0.371,0.208]
Epoch [146] Training Results: Prec@1 82.600 Prec@5 93.593             Loss 0.79624
Epoch [146] Training Class Recall: [0.790,0.840,0.819,0.800,0.831,0.817,0.825,0.843,0.846,0.842]
Epoch [146] Testing Results: Prec@1 61.860 Prec@5 91.290             Loss 1.33751
Epoch [146] Testing Class Recall: [0.692,0.949,0.711,0.828,0.536,0.627,0.522,0.563,0.480,0.278]
Epoch [147] Training Results: Prec@1 82.653 Prec@5 93.562             Loss 0.79720
Epoch [147] Training Class Recall: [0.785,0.839,0.825,0.797,0.835,0.816,0.828,0.845,0.847,0.843]
Epoch [147] Testing Results: Prec@1 66.510 Prec@5 91.630             Loss 1.16598
Epoch [147] Testing Class Recall: [0.797,0.957,0.736,0.592,0.827,0.383,0.679,0.758,0.577,0.345]
Epoch [148] Training Results: Prec@1 82.642 Prec@5 93.587             Loss 0.79698
Epoch [148] Training Class Recall: [0.786,0.840,0.824,0.797,0.833,0.822,0.828,0.844,0.844,0.842]
Epoch [148] Testing Results: Prec@1 66.170 Prec@5 91.560             Loss 1.19762
Epoch [148] Testing Class Recall: [0.855,0.958,0.685,0.482,0.843,0.675,0.610,0.488,0.680,0.341]
Epoch [149] Training Results: Prec@1 82.709 Prec@5 93.696             Loss 0.79671
Epoch [149] Training Class Recall: [0.792,0.840,0.821,0.801,0.829,0.821,0.828,0.846,0.846,0.842]
Epoch [149] Testing Results: Prec@1 67.420 Prec@5 92.360             Loss 1.15494
Epoch [149] Testing Class Recall: [0.671,0.975,0.798,0.624,0.738,0.684,0.502,0.617,0.511,0.622]
Epoch [150] Training Results: Prec@1 82.716 Prec@5 93.642             Loss 0.79446
Epoch [150] Training Class Recall: [0.794,0.842,0.825,0.794,0.831,0.818,0.829,0.846,0.846,0.842]
Epoch [150] Testing Results: Prec@1 64.720 Prec@5 89.570             Loss 1.35579
Epoch [150] Testing Class Recall: [0.838,0.980,0.682,0.843,0.794,0.386,0.469,0.526,0.553,0.401]
Epoch [151] Training Results: Prec@1 82.649 Prec@5 93.673             Loss 0.79703
Epoch [151] Training Class Recall: [0.787,0.840,0.821,0.805,0.831,0.819,0.828,0.842,0.844,0.843]
Epoch [151] Testing Results: Prec@1 64.560 Prec@5 91.930             Loss 1.23677
Epoch [151] Testing Class Recall: [0.892,0.943,0.699,0.785,0.606,0.582,0.400,0.604,0.637,0.308]
Epoch [152] Training Results: Prec@1 82.649 Prec@5 93.649             Loss 0.79580
Epoch [152] Training Class Recall: [0.789,0.837,0.824,0.794,0.837,0.815,0.831,0.844,0.845,0.844]
Epoch [152] Testing Results: Prec@1 67.670 Prec@5 92.220             Loss 1.15186
Epoch [152] Testing Class Recall: [0.852,0.980,0.626,0.602,0.752,0.686,0.636,0.672,0.504,0.457]
Epoch [153] Training Results: Prec@1 82.567 Prec@5 93.647             Loss 0.79883
Epoch [153] Training Class Recall: [0.780,0.839,0.821,0.799,0.833,0.816,0.830,0.846,0.844,0.842]
Epoch [153] Testing Results: Prec@1 63.360 Prec@5 91.400             Loss 1.28374
Epoch [153] Testing Class Recall: [0.696,0.978,0.879,0.535,0.808,0.470,0.491,0.473,0.572,0.434]
Epoch [154] Training Results: Prec@1 82.673 Prec@5 93.542             Loss 0.79520
Epoch [154] Training Class Recall: [0.786,0.840,0.824,0.797,0.835,0.818,0.827,0.847,0.847,0.842]
Epoch [154] Testing Results: Prec@1 66.120 Prec@5 90.710             Loss 1.22652
Epoch [154] Testing Class Recall: [0.814,0.923,0.751,0.766,0.666,0.652,0.708,0.477,0.664,0.191]
Epoch [155] Training Results: Prec@1 82.802 Prec@5 93.551             Loss 0.79444
Epoch [155] Training Class Recall: [0.788,0.840,0.828,0.799,0.837,0.820,0.826,0.847,0.847,0.842]
Epoch [155] Testing Results: Prec@1 62.040 Prec@5 92.130             Loss 1.35433
Epoch [155] Testing Class Recall: [0.627,0.972,0.870,0.774,0.727,0.417,0.586,0.482,0.497,0.252]
Epoch [156] Training Results: Prec@1 82.411 Prec@5 93.600             Loss 0.79972
Epoch [156] Training Class Recall: [0.791,0.839,0.822,0.794,0.826,0.812,0.824,0.842,0.845,0.840]
Epoch [156] Testing Results: Prec@1 65.340 Prec@5 92.660             Loss 1.29853
Epoch [156] Testing Class Recall: [0.684,0.958,0.900,0.637,0.602,0.544,0.665,0.557,0.635,0.352]
Epoch [157] Training Results: Prec@1 82.813 Prec@5 93.744             Loss 0.79159
Epoch [157] Training Class Recall: [0.786,0.845,0.825,0.800,0.834,0.822,0.828,0.848,0.846,0.842]
Epoch [157] Testing Results: Prec@1 64.660 Prec@5 91.830             Loss 1.25958
Epoch [157] Testing Class Recall: [0.813,0.971,0.619,0.852,0.552,0.506,0.434,0.532,0.683,0.504]
Epoch [158] Training Results: Prec@1 82.476 Prec@5 93.576             Loss 0.80010
Epoch [158] Training Class Recall: [0.786,0.836,0.821,0.795,0.831,0.815,0.828,0.843,0.845,0.842]
Epoch [158] Testing Results: Prec@1 63.770 Prec@5 91.600             Loss 1.30531
Epoch [158] Testing Class Recall: [0.905,0.924,0.846,0.555,0.599,0.516,0.600,0.527,0.501,0.404]
Epoch [159] Training Results: Prec@1 82.736 Prec@5 93.564             Loss 0.79496
Epoch [159] Training Class Recall: [0.786,0.842,0.820,0.800,0.836,0.821,0.830,0.846,0.846,0.842]
Epoch [159] Testing Results: Prec@1 61.360 Prec@5 91.770             Loss 1.38202
Epoch [159] Testing Class Recall: [0.936,0.883,0.616,0.786,0.505,0.604,0.436,0.546,0.414,0.410]
Epoch [160] Training Results: Prec@1 83.802 Prec@5 94.331             Loss 0.74963
Epoch [160] Training Class Recall: [0.818,0.845,0.836,0.824,0.845,0.830,0.839,0.851,0.844,0.845]
Epoch [160] Testing Results: Prec@1 68.790 Prec@5 93.270             Loss 1.11160
Epoch [160] Testing Class Recall: [0.861,0.954,0.790,0.718,0.763,0.625,0.648,0.564,0.574,0.382]
Epoch [161] Training Results: Prec@1 84.402 Prec@5 94.544             Loss 0.73006
Epoch [161] Training Class Recall: [0.814,0.850,0.857,0.831,0.854,0.839,0.841,0.853,0.850,0.844]
Epoch [161] Testing Results: Prec@1 69.270 Prec@5 93.580             Loss 1.10871
Epoch [161] Testing Class Recall: [0.869,0.965,0.815,0.740,0.746,0.595,0.662,0.561,0.586,0.388]
Epoch [162] Training Results: Prec@1 84.531 Prec@5 94.620             Loss 0.72193
Epoch [162] Training Class Recall: [0.819,0.854,0.857,0.832,0.854,0.840,0.841,0.853,0.850,0.846]
Epoch [162] Testing Results: Prec@1 69.640 Prec@5 93.740             Loss 1.09267
Epoch [162] Testing Class Recall: [0.862,0.964,0.802,0.764,0.774,0.583,0.657,0.564,0.594,0.400]
Epoch [163] Training Results: Prec@1 84.613 Prec@5 94.749             Loss 0.71917
Epoch [163] Training Class Recall: [0.815,0.856,0.858,0.837,0.856,0.840,0.842,0.855,0.850,0.846]
Epoch [163] Testing Results: Prec@1 69.350 Prec@5 93.420             Loss 1.10737
Epoch [163] Testing Class Recall: [0.861,0.966,0.826,0.743,0.777,0.580,0.655,0.578,0.583,0.366]
Epoch [164] Training Results: Prec@1 84.680 Prec@5 94.702             Loss 0.71786
Epoch [164] Training Class Recall: [0.820,0.854,0.862,0.839,0.856,0.839,0.841,0.854,0.850,0.846]
Epoch [164] Testing Results: Prec@1 69.580 Prec@5 93.600             Loss 1.09198
Epoch [164] Testing Class Recall: [0.859,0.967,0.817,0.759,0.774,0.589,0.627,0.570,0.582,0.414]
Epoch [165] Training Results: Prec@1 84.733 Prec@5 94.947             Loss 0.71334
Epoch [165] Training Class Recall: [0.818,0.855,0.865,0.838,0.857,0.843,0.841,0.854,0.850,0.845]
Epoch [165] Testing Results: Prec@1 69.510 Prec@5 93.370             Loss 1.10835
Epoch [165] Testing Class Recall: [0.870,0.966,0.835,0.752,0.754,0.600,0.638,0.543,0.584,0.409]
Epoch [166] Training Results: Prec@1 84.782 Prec@5 94.993             Loss 0.71130
Epoch [166] Training Class Recall: [0.821,0.855,0.864,0.839,0.860,0.841,0.841,0.855,0.851,0.846]
Epoch [166] Testing Results: Prec@1 69.220 Prec@5 93.250             Loss 1.12279
Epoch [166] Testing Class Recall: [0.863,0.970,0.819,0.764,0.787,0.586,0.623,0.556,0.570,0.384]
Epoch [167] Training Results: Prec@1 84.800 Prec@5 94.998             Loss 0.71059
Epoch [167] Training Class Recall: [0.822,0.856,0.865,0.839,0.859,0.842,0.841,0.854,0.850,0.845]
Epoch [167] Testing Results: Prec@1 69.520 Prec@5 93.330             Loss 1.10536
Epoch [167] Testing Class Recall: [0.865,0.967,0.827,0.765,0.758,0.600,0.637,0.569,0.599,0.365]
Epoch [168] Training Results: Prec@1 84.849 Prec@5 95.029             Loss 0.70863
Epoch [168] Training Class Recall: [0.822,0.857,0.867,0.839,0.858,0.843,0.842,0.854,0.850,0.846]
Epoch [168] Testing Results: Prec@1 69.840 Prec@5 93.500             Loss 1.09747
Epoch [168] Testing Class Recall: [0.868,0.965,0.824,0.765,0.762,0.619,0.623,0.555,0.576,0.427]
Epoch [169] Training Results: Prec@1 84.913 Prec@5 95.009             Loss 0.70659
Epoch [169] Training Class Recall: [0.823,0.855,0.869,0.844,0.860,0.843,0.841,0.854,0.850,0.846]
Epoch [169] Testing Results: Prec@1 69.740 Prec@5 93.440             Loss 1.09025
Epoch [169] Testing Class Recall: [0.858,0.967,0.830,0.756,0.773,0.602,0.624,0.563,0.590,0.411]
Epoch [170] Training Results: Prec@1 84.898 Prec@5 95.096             Loss 0.70567
Epoch [170] Training Class Recall: [0.822,0.855,0.870,0.843,0.859,0.843,0.841,0.853,0.851,0.846]
Epoch [170] Testing Results: Prec@1 69.410 Prec@5 93.120             Loss 1.11520
Epoch [170] Testing Class Recall: [0.865,0.968,0.833,0.757,0.760,0.606,0.642,0.542,0.590,0.378]
Epoch [171] Training Results: Prec@1 84.858 Prec@5 94.964             Loss 0.70608
Epoch [171] Training Class Recall: [0.823,0.858,0.866,0.842,0.857,0.841,0.842,0.853,0.850,0.846]
Epoch [171] Testing Results: Prec@1 69.650 Prec@5 93.300             Loss 1.10724
Epoch [171] Testing Class Recall: [0.859,0.971,0.837,0.767,0.748,0.599,0.626,0.551,0.601,0.406]
Epoch [172] Training Results: Prec@1 84.942 Prec@5 95.164             Loss 0.70370
Epoch [172] Training Class Recall: [0.823,0.856,0.868,0.844,0.860,0.844,0.842,0.854,0.851,0.845]
Epoch [172] Testing Results: Prec@1 69.290 Prec@5 93.170             Loss 1.12414
Epoch [172] Testing Class Recall: [0.868,0.965,0.830,0.767,0.769,0.585,0.618,0.553,0.561,0.413]
Epoch [173] Training Results: Prec@1 84.978 Prec@5 95.058             Loss 0.70131
Epoch [173] Training Class Recall: [0.822,0.857,0.870,0.844,0.860,0.844,0.842,0.854,0.850,0.846]
Epoch [173] Testing Results: Prec@1 69.650 Prec@5 93.390             Loss 1.10074
Epoch [173] Testing Class Recall: [0.855,0.966,0.835,0.771,0.755,0.589,0.630,0.567,0.568,0.429]
Epoch [174] Training Results: Prec@1 84.973 Prec@5 95.313             Loss 0.70159
Epoch [174] Training Class Recall: [0.824,0.857,0.869,0.845,0.861,0.842,0.842,0.854,0.851,0.846]
Epoch [174] Testing Results: Prec@1 69.400 Prec@5 93.200             Loss 1.10891
Epoch [174] Testing Class Recall: [0.860,0.964,0.833,0.760,0.760,0.594,0.641,0.546,0.560,0.422]
Epoch [175] Training Results: Prec@1 84.989 Prec@5 95.236             Loss 0.69812
Epoch [175] Training Class Recall: [0.823,0.857,0.869,0.844,0.862,0.844,0.841,0.855,0.851,0.846]
Epoch [175] Testing Results: Prec@1 69.840 Prec@5 93.160             Loss 1.10038
Epoch [175] Testing Class Recall: [0.859,0.965,0.845,0.757,0.763,0.597,0.642,0.558,0.570,0.428]
Epoch [176] Training Results: Prec@1 84.971 Prec@5 95.351             Loss 0.69870
Epoch [176] Training Class Recall: [0.823,0.856,0.870,0.845,0.861,0.842,0.842,0.854,0.850,0.846]
Epoch [176] Testing Results: Prec@1 69.570 Prec@5 92.980             Loss 1.11457
Epoch [176] Testing Class Recall: [0.858,0.975,0.813,0.778,0.765,0.585,0.646,0.534,0.583,0.420]
Epoch [177] Training Results: Prec@1 84.949 Prec@5 95.222             Loss 0.69939
Epoch [177] Training Class Recall: [0.824,0.857,0.869,0.844,0.858,0.843,0.842,0.854,0.850,0.846]
Epoch [177] Testing Results: Prec@1 69.960 Prec@5 93.380             Loss 1.09134
Epoch [177] Testing Class Recall: [0.857,0.966,0.826,0.775,0.770,0.594,0.644,0.557,0.563,0.444]
Epoch [178] Training Results: Prec@1 84.982 Prec@5 95.307             Loss 0.69664
Epoch [178] Training Class Recall: [0.823,0.856,0.870,0.844,0.862,0.843,0.841,0.855,0.851,0.847]
Epoch [178] Testing Results: Prec@1 69.790 Prec@5 93.250             Loss 1.10413
Epoch [178] Testing Class Recall: [0.857,0.964,0.821,0.787,0.766,0.589,0.641,0.541,0.594,0.419]
Epoch [179] Training Results: Prec@1 85.031 Prec@5 95.278             Loss 0.69496
Epoch [179] Training Class Recall: [0.824,0.855,0.872,0.847,0.861,0.844,0.842,0.853,0.851,0.847]
Epoch [179] Testing Results: Prec@1 69.730 Prec@5 93.110             Loss 1.11576
Epoch [179] Testing Class Recall: [0.859,0.967,0.839,0.773,0.746,0.603,0.639,0.556,0.563,0.428]
Epoch [180] Training Results: Prec@1 85.087 Prec@5 95.387             Loss 0.69497
Epoch [180] Training Class Recall: [0.822,0.859,0.876,0.847,0.860,0.844,0.842,0.854,0.850,0.846]
Epoch [180] Testing Results: Prec@1 70.070 Prec@5 93.240             Loss 1.09379
Epoch [180] Testing Class Recall: [0.856,0.967,0.827,0.776,0.766,0.599,0.654,0.546,0.587,0.429]
Epoch [181] Training Results: Prec@1 85.027 Prec@5 95.280             Loss 0.69544
Epoch [181] Training Class Recall: [0.825,0.859,0.870,0.845,0.862,0.844,0.841,0.853,0.851,0.845]
Epoch [181] Testing Results: Prec@1 69.980 Prec@5 93.360             Loss 1.09295
Epoch [181] Testing Class Recall: [0.853,0.967,0.825,0.776,0.765,0.604,0.651,0.547,0.580,0.430]
Epoch [182] Training Results: Prec@1 85.016 Prec@5 95.307             Loss 0.69466
Epoch [182] Training Class Recall: [0.823,0.857,0.872,0.846,0.860,0.843,0.842,0.854,0.851,0.847]
Epoch [182] Testing Results: Prec@1 69.330 Prec@5 92.810             Loss 1.12700
Epoch [182] Testing Class Recall: [0.856,0.967,0.842,0.768,0.756,0.587,0.617,0.545,0.567,0.428]
Epoch [183] Training Results: Prec@1 85.056 Prec@5 95.338             Loss 0.69508
Epoch [183] Training Class Recall: [0.824,0.857,0.873,0.846,0.862,0.843,0.842,0.855,0.850,0.846]
Epoch [183] Testing Results: Prec@1 69.860 Prec@5 93.020             Loss 1.10737
Epoch [183] Testing Class Recall: [0.852,0.969,0.843,0.765,0.760,0.611,0.635,0.540,0.587,0.424]
Epoch [184] Training Results: Prec@1 85.031 Prec@5 95.438             Loss 0.69313
Epoch [184] Training Class Recall: [0.823,0.857,0.871,0.846,0.862,0.844,0.842,0.853,0.850,0.846]
Epoch [184] Testing Results: Prec@1 69.680 Prec@5 93.200             Loss 1.10881
Epoch [184] Testing Class Recall: [0.854,0.967,0.840,0.766,0.755,0.602,0.631,0.576,0.564,0.413]
Epoch [185] Training Results: Prec@1 85.011 Prec@5 95.367             Loss 0.69575
Epoch [185] Training Class Recall: [0.824,0.858,0.871,0.844,0.861,0.843,0.842,0.854,0.851,0.846]
Epoch [185] Testing Results: Prec@1 69.310 Prec@5 92.830             Loss 1.13392
Epoch [185] Testing Class Recall: [0.852,0.972,0.845,0.777,0.745,0.583,0.624,0.546,0.590,0.397]
Epoch [186] Training Results: Prec@1 85.064 Prec@5 95.216             Loss 0.69477
Epoch [186] Training Class Recall: [0.826,0.859,0.873,0.846,0.859,0.843,0.842,0.855,0.850,0.846]
Epoch [186] Testing Results: Prec@1 69.230 Prec@5 92.850             Loss 1.13518
Epoch [186] Testing Class Recall: [0.858,0.967,0.839,0.775,0.757,0.589,0.615,0.543,0.573,0.407]
Epoch [187] Training Results: Prec@1 85.022 Prec@5 95.313             Loss 0.69512
Epoch [187] Training Class Recall: [0.824,0.859,0.872,0.845,0.860,0.844,0.841,0.854,0.851,0.846]
Epoch [187] Testing Results: Prec@1 69.340 Prec@5 93.000             Loss 1.12929
Epoch [187] Testing Class Recall: [0.866,0.964,0.826,0.784,0.750,0.590,0.628,0.551,0.530,0.445]
Epoch [188] Training Results: Prec@1 85.109 Prec@5 95.416             Loss 0.69513
Epoch [188] Training Class Recall: [0.827,0.858,0.873,0.846,0.862,0.844,0.842,0.854,0.851,0.846]
Epoch [188] Testing Results: Prec@1 69.670 Prec@5 93.030             Loss 1.12173
Epoch [188] Testing Class Recall: [0.867,0.971,0.821,0.771,0.755,0.603,0.631,0.564,0.566,0.418]
Epoch [189] Training Results: Prec@1 85.004 Prec@5 95.391             Loss 0.69641
Epoch [189] Training Class Recall: [0.821,0.858,0.872,0.846,0.860,0.842,0.842,0.854,0.851,0.847]
Epoch [189] Testing Results: Prec@1 69.650 Prec@5 92.980             Loss 1.11647
Epoch [189] Testing Class Recall: [0.868,0.967,0.829,0.769,0.769,0.592,0.624,0.547,0.577,0.423]
Epoch [190] Training Results: Prec@1 85.004 Prec@5 95.344             Loss 0.69523
Epoch [190] Training Class Recall: [0.823,0.857,0.871,0.846,0.860,0.843,0.841,0.854,0.851,0.846]
Epoch [190] Testing Results: Prec@1 69.470 Prec@5 92.950             Loss 1.12151
Epoch [190] Testing Class Recall: [0.853,0.967,0.837,0.770,0.760,0.599,0.644,0.540,0.582,0.395]
Epoch [191] Training Results: Prec@1 85.080 Prec@5 95.240             Loss 0.69448
Epoch [191] Training Class Recall: [0.824,0.859,0.872,0.845,0.862,0.844,0.841,0.855,0.851,0.847]
Epoch [191] Testing Results: Prec@1 70.040 Prec@5 93.210             Loss 1.09665
Epoch [191] Testing Class Recall: [0.859,0.968,0.816,0.775,0.763,0.610,0.641,0.567,0.585,0.420]
Epoch [192] Training Results: Prec@1 85.040 Prec@5 95.380             Loss 0.69403
Epoch [192] Training Class Recall: [0.822,0.858,0.874,0.845,0.859,0.844,0.842,0.854,0.851,0.846]
Epoch [192] Testing Results: Prec@1 69.670 Prec@5 92.990             Loss 1.11787
Epoch [192] Testing Class Recall: [0.867,0.971,0.836,0.747,0.762,0.609,0.623,0.564,0.568,0.420]
Epoch [193] Training Results: Prec@1 85.013 Prec@5 95.289             Loss 0.69431
Epoch [193] Training Class Recall: [0.824,0.857,0.872,0.845,0.862,0.842,0.842,0.854,0.850,0.847]
Epoch [193] Testing Results: Prec@1 69.640 Prec@5 93.020             Loss 1.11628
Epoch [193] Testing Class Recall: [0.858,0.965,0.830,0.782,0.746,0.594,0.637,0.557,0.576,0.419]
Epoch [194] Training Results: Prec@1 85.078 Prec@5 95.291             Loss 0.69528
Epoch [194] Training Class Recall: [0.828,0.858,0.870,0.847,0.861,0.844,0.842,0.854,0.851,0.846]
Epoch [194] Testing Results: Prec@1 69.600 Prec@5 92.930             Loss 1.12114
Epoch [194] Testing Class Recall: [0.859,0.970,0.835,0.773,0.751,0.599,0.629,0.537,0.573,0.434]
Epoch [195] Training Results: Prec@1 85.058 Prec@5 95.447             Loss 0.69463
Epoch [195] Training Class Recall: [0.825,0.857,0.873,0.847,0.860,0.844,0.842,0.855,0.851,0.846]
Epoch [195] Testing Results: Prec@1 69.380 Prec@5 92.970             Loss 1.13171
Epoch [195] Testing Class Recall: [0.865,0.970,0.825,0.773,0.762,0.602,0.618,0.546,0.560,0.417]
Epoch [196] Training Results: Prec@1 85.096 Prec@5 95.329             Loss 0.69344
Epoch [196] Training Class Recall: [0.824,0.858,0.873,0.848,0.860,0.845,0.843,0.854,0.851,0.847]
Epoch [196] Testing Results: Prec@1 69.760 Prec@5 93.000             Loss 1.10784
Epoch [196] Testing Class Recall: [0.858,0.967,0.836,0.769,0.773,0.591,0.617,0.558,0.572,0.435]
Epoch [197] Training Results: Prec@1 84.993 Prec@5 95.318             Loss 0.69625
Epoch [197] Training Class Recall: [0.823,0.857,0.870,0.845,0.861,0.844,0.843,0.854,0.850,0.846]
Epoch [197] Testing Results: Prec@1 69.710 Prec@5 93.150             Loss 1.11436
Epoch [197] Testing Class Recall: [0.857,0.970,0.828,0.782,0.756,0.585,0.647,0.552,0.567,0.427]
Epoch [198] Training Results: Prec@1 85.022 Prec@5 95.402             Loss 0.69566
Epoch [198] Training Class Recall: [0.825,0.860,0.870,0.843,0.860,0.845,0.841,0.853,0.851,0.847]
Epoch [198] Testing Results: Prec@1 70.340 Prec@5 93.250             Loss 1.09043
Epoch [198] Testing Class Recall: [0.856,0.969,0.845,0.760,0.776,0.588,0.654,0.571,0.572,0.443]
Epoch [199] Training Results: Prec@1 85.044 Prec@5 95.378             Loss 0.69329
Epoch [199] Training Class Recall: [0.824,0.860,0.870,0.846,0.862,0.843,0.843,0.853,0.850,0.846]
Epoch [199] Testing Results: Prec@1 69.620 Prec@5 93.150             Loss 1.11861
Epoch [199] Testing Class Recall: [0.857,0.969,0.844,0.763,0.747,0.606,0.632,0.575,0.549,0.420]
