Log file: cifar10_sava0.3_randomoversampling_selection_exp0.01_seed42_20260526_145652.log
Run started: 2026-05-26 14:56:52.716952
Dataset: cifar10
Imbalance type: exp, factor: 0.01
Selection method: sava, ratio: 0.3
Strategy: RandomOversampling_Selection, epochs: 200
Seed: 42, rand_number: 0
Augmentation: weak
Noise ratio: 0.15
mamix_ratio: 1.0
============================================================

=> Preparing logger and tensorboard writer !
----------------------------------------------------
Class ID   | Original   | Selected   | Keep %  
----------------------------------------------------
0          | 5025       | 1724       |    34.3%
1          | 5019       | 1218       |    24.3%
2          | 4999       | 978        |    19.6%
3          | 5011       | 1486       |    29.7%
4          | 4980       | 1258       |    25.3%
5          | 5035       | 1738       |    34.5%
6          | 4938       | 1722       |    34.9%
7          | 5034       | 1550       |    30.8%
8          | 5018       | 1474       |    29.4%
9          | 4941       | 1852       |    37.5%
----------------------------------------------------
TOTAL      | 50000      | 15000      |    30.0%
----------------------------------------------------
Epoch [0] Training Results: Prec@1 34.353 Prec@5 79.893             Loss 1.90973
Epoch [0] Training Class Recall: [0.564,0.232,0.014,0.104,0.170,0.409,0.541,0.297,0.319,0.510]
Epoch [0] Testing Results: Prec@1 27.900 Prec@5 76.960             Loss 2.14380
Epoch [0] Testing Class Recall: [0.184,0.159,0.000,0.026,0.647,0.405,0.382,0.238,0.547,0.202]
Epoch [1] Training Results: Prec@1 48.460 Prec@5 87.073             Loss 1.62355
Epoch [1] Training Class Recall: [0.651,0.423,0.042,0.204,0.301,0.506,0.630,0.545,0.591,0.664]
Epoch [1] Testing Results: Prec@1 30.920 Prec@5 79.080             Loss 2.18038
Epoch [1] Testing Class Recall: [0.485,0.248,0.177,0.338,0.011,0.064,0.648,0.479,0.461,0.181]
Epoch [2] Training Results: Prec@1 54.993 Prec@5 88.400             Loss 1.48853
Epoch [2] Training Class Recall: [0.712,0.504,0.087,0.236,0.353,0.540,0.655,0.633,0.713,0.772]
Epoch [2] Testing Results: Prec@1 31.080 Prec@5 78.460             Loss 2.41373
Epoch [2] Testing Class Recall: [0.110,0.276,0.179,0.008,0.229,0.589,0.536,0.542,0.196,0.443]
Epoch [3] Training Results: Prec@1 59.593 Prec@5 89.680             Loss 1.36885
Epoch [3] Training Class Recall: [0.741,0.562,0.104,0.299,0.381,0.587,0.692,0.690,0.786,0.817]
Epoch [3] Testing Results: Prec@1 32.700 Prec@5 77.750             Loss 2.12134
Epoch [3] Testing Class Recall: [0.571,0.201,0.249,0.127,0.382,0.405,0.583,0.061,0.450,0.241]
Epoch [4] Training Results: Prec@1 63.460 Prec@5 90.400             Loss 1.28330
Epoch [4] Training Class Recall: [0.762,0.596,0.142,0.356,0.467,0.601,0.754,0.732,0.807,0.842]
Epoch [4] Testing Results: Prec@1 31.210 Prec@5 77.800             Loss 2.19827
Epoch [4] Testing Class Recall: [0.776,0.318,0.128,0.222,0.282,0.520,0.315,0.179,0.217,0.164]
Epoch [5] Training Results: Prec@1 66.400 Prec@5 91.327             Loss 1.19587
Epoch [5] Training Class Recall: [0.787,0.654,0.185,0.361,0.479,0.666,0.777,0.766,0.820,0.862]
Epoch [5] Testing Results: Prec@1 37.240 Prec@5 82.560             Loss 2.06755
Epoch [5] Testing Class Recall: [0.588,0.728,0.151,0.123,0.469,0.278,0.338,0.490,0.494,0.065]
Epoch [6] Training Results: Prec@1 70.573 Prec@5 91.613             Loss 1.11795
Epoch [6] Training Class Recall: [0.807,0.695,0.237,0.484,0.553,0.710,0.803,0.802,0.837,0.868]
Epoch [6] Testing Results: Prec@1 34.560 Prec@5 78.120             Loss 2.25560
Epoch [6] Testing Class Recall: [0.689,0.726,0.317,0.245,0.474,0.239,0.071,0.344,0.301,0.050]
Epoch [7] Training Results: Prec@1 71.347 Prec@5 91.873             Loss 1.08940
Epoch [7] Training Class Recall: [0.810,0.709,0.283,0.503,0.575,0.704,0.821,0.788,0.838,0.864]
Epoch [7] Testing Results: Prec@1 34.830 Prec@5 78.750             Loss 2.35734
Epoch [7] Testing Class Recall: [0.736,0.622,0.100,0.168,0.740,0.352,0.163,0.279,0.259,0.064]
Epoch [8] Training Results: Prec@1 73.940 Prec@5 92.160             Loss 1.03329
Epoch [8] Training Class Recall: [0.819,0.718,0.336,0.567,0.614,0.745,0.844,0.813,0.836,0.874]
Epoch [8] Testing Results: Prec@1 37.140 Prec@5 80.490             Loss 2.12564
Epoch [8] Testing Class Recall: [0.694,0.392,0.366,0.292,0.451,0.497,0.364,0.129,0.239,0.290]
Epoch [9] Training Results: Prec@1 75.580 Prec@5 92.500             Loss 0.99539
Epoch [9] Training Class Recall: [0.828,0.732,0.427,0.587,0.662,0.763,0.841,0.813,0.841,0.876]
Epoch [9] Testing Results: Prec@1 33.610 Prec@5 78.270             Loss 2.42065
Epoch [9] Testing Class Recall: [0.276,0.630,0.306,0.452,0.297,0.317,0.667,0.124,0.146,0.146]
Epoch [10] Training Results: Prec@1 76.540 Prec@5 92.393             Loss 0.97134
Epoch [10] Training Class Recall: [0.825,0.740,0.474,0.617,0.672,0.766,0.861,0.809,0.841,0.876]
Epoch [10] Testing Results: Prec@1 34.930 Prec@5 79.240             Loss 2.30865
Epoch [10] Testing Class Recall: [0.674,0.418,0.072,0.505,0.364,0.304,0.537,0.113,0.471,0.035]
Epoch [11] Training Results: Prec@1 77.100 Prec@5 92.520             Loss 0.94567
Epoch [11] Training Class Recall: [0.827,0.724,0.496,0.641,0.677,0.782,0.851,0.818,0.849,0.876]
Epoch [11] Testing Results: Prec@1 37.410 Prec@5 79.600             Loss 2.19460
Epoch [11] Testing Class Recall: [0.759,0.511,0.175,0.130,0.606,0.430,0.432,0.229,0.188,0.281]
Epoch [12] Training Results: Prec@1 78.347 Prec@5 92.760             Loss 0.92098
Epoch [12] Training Class Recall: [0.836,0.742,0.527,0.661,0.719,0.791,0.864,0.821,0.845,0.878]
Epoch [12] Testing Results: Prec@1 36.140 Prec@5 78.850             Loss 2.15572
Epoch [12] Testing Class Recall: [0.733,0.619,0.329,0.159,0.694,0.385,0.257,0.135,0.169,0.134]
Epoch [13] Training Results: Prec@1 79.020 Prec@5 92.860             Loss 0.90308
Epoch [13] Training Class Recall: [0.840,0.745,0.564,0.668,0.742,0.794,0.870,0.820,0.845,0.877]
Epoch [13] Testing Results: Prec@1 37.560 Prec@5 79.020             Loss 2.04863
Epoch [13] Testing Class Recall: [0.696,0.582,0.283,0.157,0.364,0.615,0.310,0.336,0.333,0.080]
Epoch [14] Training Results: Prec@1 79.973 Prec@5 93.187             Loss 0.87170
Epoch [14] Training Class Recall: [0.846,0.764,0.579,0.688,0.759,0.813,0.868,0.827,0.843,0.881]
Epoch [14] Testing Results: Prec@1 37.890 Prec@5 81.230             Loss 2.24837
Epoch [14] Testing Class Recall: [0.774,0.665,0.207,0.575,0.413,0.207,0.262,0.220,0.240,0.226]
Epoch [15] Training Results: Prec@1 80.240 Prec@5 93.307             Loss 0.86444
Epoch [15] Training Class Recall: [0.847,0.745,0.627,0.704,0.756,0.819,0.866,0.819,0.846,0.879]
Epoch [15] Testing Results: Prec@1 36.310 Prec@5 78.020             Loss 2.26687
Epoch [15] Testing Class Recall: [0.679,0.570,0.407,0.230,0.619,0.306,0.151,0.276,0.278,0.115]
Epoch [16] Training Results: Prec@1 80.713 Prec@5 93.267             Loss 0.85533
Epoch [16] Training Class Recall: [0.843,0.764,0.619,0.714,0.781,0.823,0.869,0.823,0.844,0.879]
Epoch [16] Testing Results: Prec@1 38.760 Prec@5 79.210             Loss 2.19681
Epoch [16] Testing Class Recall: [0.686,0.797,0.300,0.284,0.408,0.453,0.386,0.301,0.186,0.075]
Epoch [17] Training Results: Prec@1 80.773 Prec@5 93.453             Loss 0.84997
Epoch [17] Training Class Recall: [0.849,0.759,0.627,0.718,0.762,0.825,0.872,0.825,0.847,0.879]
Epoch [17] Testing Results: Prec@1 37.360 Prec@5 79.830             Loss 2.27739
Epoch [17] Testing Class Recall: [0.728,0.589,0.514,0.079,0.188,0.376,0.618,0.418,0.034,0.192]
Epoch [18] Training Results: Prec@1 81.513 Prec@5 93.527             Loss 0.83339
Epoch [18] Training Class Recall: [0.857,0.768,0.670,0.723,0.787,0.831,0.870,0.825,0.845,0.879]
Epoch [18] Testing Results: Prec@1 29.200 Prec@5 71.930             Loss 3.12469
Epoch [18] Testing Class Recall: [0.679,0.409,0.110,0.142,0.760,0.436,0.081,0.036,0.244,0.023]
Epoch [19] Training Results: Prec@1 81.773 Prec@5 93.573             Loss 0.82027
Epoch [19] Training Class Recall: [0.854,0.762,0.679,0.753,0.789,0.826,0.875,0.826,0.845,0.877]
Epoch [19] Testing Results: Prec@1 40.800 Prec@5 78.560             Loss 2.05869
Epoch [19] Testing Class Recall: [0.562,0.609,0.389,0.446,0.457,0.422,0.457,0.300,0.327,0.111]
Epoch [20] Training Results: Prec@1 81.520 Prec@5 93.933             Loss 0.82485
Epoch [20] Training Class Recall: [0.848,0.767,0.670,0.731,0.786,0.829,0.877,0.825,0.845,0.877]
Epoch [20] Testing Results: Prec@1 35.710 Prec@5 77.310             Loss 2.40381
Epoch [20] Testing Class Recall: [0.818,0.678,0.354,0.225,0.502,0.273,0.413,0.133,0.088,0.087]
Epoch [21] Training Results: Prec@1 81.900 Prec@5 93.687             Loss 0.80795
Epoch [21] Training Class Recall: [0.858,0.776,0.663,0.744,0.800,0.825,0.877,0.826,0.846,0.879]
Epoch [21] Testing Results: Prec@1 36.870 Prec@5 79.440             Loss 2.54054
Epoch [21] Testing Class Recall: [0.780,0.638,0.503,0.482,0.134,0.221,0.169,0.438,0.165,0.157]
Epoch [22] Training Results: Prec@1 82.573 Prec@5 93.993             Loss 0.79263
Epoch [22] Training Class Recall: [0.860,0.780,0.722,0.752,0.812,0.823,0.876,0.828,0.851,0.881]
Epoch [22] Testing Results: Prec@1 35.930 Prec@5 75.750             Loss 2.28121
Epoch [22] Testing Class Recall: [0.705,0.535,0.289,0.152,0.645,0.456,0.097,0.219,0.384,0.111]
Epoch [23] Training Results: Prec@1 82.460 Prec@5 94.147             Loss 0.79410
Epoch [23] Training Class Recall: [0.863,0.780,0.696,0.762,0.791,0.837,0.876,0.827,0.849,0.879]
Epoch [23] Testing Results: Prec@1 38.920 Prec@5 75.810             Loss 2.53987
Epoch [23] Testing Class Recall: [0.442,0.854,0.350,0.414,0.526,0.367,0.471,0.086,0.350,0.032]
Epoch [24] Training Results: Prec@1 82.047 Prec@5 94.067             Loss 0.80266
Epoch [24] Training Class Recall: [0.860,0.759,0.682,0.752,0.796,0.830,0.880,0.828,0.847,0.877]
Epoch [24] Testing Results: Prec@1 35.120 Prec@5 76.640             Loss 2.43159
Epoch [24] Testing Class Recall: [0.601,0.438,0.598,0.167,0.498,0.486,0.339,0.141,0.099,0.145]
Epoch [25] Training Results: Prec@1 82.287 Prec@5 94.167             Loss 0.79302
Epoch [25] Training Class Recall: [0.858,0.756,0.717,0.750,0.797,0.831,0.879,0.829,0.850,0.879]
Epoch [25] Testing Results: Prec@1 37.370 Prec@5 77.980             Loss 2.35855
Epoch [25] Testing Class Recall: [0.715,0.537,0.476,0.277,0.348,0.430,0.291,0.250,0.246,0.167]
Epoch [26] Training Results: Prec@1 82.353 Prec@5 94.040             Loss 0.80201
Epoch [26] Training Class Recall: [0.861,0.779,0.716,0.746,0.804,0.827,0.872,0.827,0.847,0.881]
Epoch [26] Testing Results: Prec@1 37.690 Prec@5 75.050             Loss 2.26905
Epoch [26] Testing Class Recall: [0.644,0.832,0.446,0.404,0.416,0.198,0.351,0.271,0.198,0.009]
Epoch [27] Training Results: Prec@1 83.247 Prec@5 94.313             Loss 0.77009
Epoch [27] Training Class Recall: [0.869,0.786,0.739,0.773,0.804,0.841,0.882,0.832,0.849,0.878]
Epoch [27] Testing Results: Prec@1 37.300 Prec@5 78.950             Loss 2.08442
Epoch [27] Testing Class Recall: [0.696,0.408,0.320,0.399,0.349,0.287,0.608,0.166,0.326,0.171]
Epoch [28] Training Results: Prec@1 82.987 Prec@5 94.267             Loss 0.77574
Epoch [28] Training Class Recall: [0.865,0.784,0.729,0.771,0.807,0.835,0.879,0.827,0.849,0.880]
Epoch [28] Testing Results: Prec@1 39.890 Prec@5 79.430             Loss 2.16513
Epoch [28] Testing Class Recall: [0.454,0.550,0.309,0.529,0.375,0.390,0.448,0.301,0.175,0.458]
Epoch [29] Training Results: Prec@1 82.813 Prec@5 94.400             Loss 0.76677
Epoch [29] Training Class Recall: [0.862,0.780,0.736,0.756,0.816,0.834,0.876,0.825,0.847,0.879]
Epoch [29] Testing Results: Prec@1 40.490 Prec@5 80.260             Loss 2.17825
Epoch [29] Testing Class Recall: [0.717,0.708,0.261,0.544,0.463,0.340,0.317,0.233,0.365,0.101]
Epoch [30] Training Results: Prec@1 82.947 Prec@5 94.420             Loss 0.77419
Epoch [30] Training Class Recall: [0.869,0.779,0.721,0.775,0.805,0.834,0.875,0.828,0.849,0.882]
Epoch [30] Testing Results: Prec@1 39.510 Prec@5 78.980             Loss 2.24415
Epoch [30] Testing Class Recall: [0.656,0.723,0.403,0.516,0.178,0.248,0.482,0.434,0.192,0.119]
Epoch [31] Training Results: Prec@1 83.227 Prec@5 94.713             Loss 0.76147
Epoch [31] Training Class Recall: [0.865,0.783,0.754,0.771,0.812,0.839,0.875,0.832,0.846,0.881]
Epoch [31] Testing Results: Prec@1 35.340 Prec@5 76.310             Loss 2.59511
Epoch [31] Testing Class Recall: [0.631,0.417,0.428,0.303,0.724,0.350,0.237,0.118,0.185,0.141]
Epoch [32] Training Results: Prec@1 83.213 Prec@5 94.600             Loss 0.76038
Epoch [32] Training Class Recall: [0.864,0.790,0.741,0.774,0.818,0.840,0.874,0.826,0.847,0.881]
Epoch [32] Testing Results: Prec@1 39.200 Prec@5 77.580             Loss 2.25562
Epoch [32] Testing Class Recall: [0.611,0.707,0.528,0.381,0.497,0.293,0.426,0.246,0.143,0.088]
Epoch [33] Training Results: Prec@1 83.207 Prec@5 94.753             Loss 0.75860
Epoch [33] Training Class Recall: [0.865,0.778,0.747,0.773,0.808,0.840,0.883,0.828,0.847,0.881]
Epoch [33] Testing Results: Prec@1 39.430 Prec@5 77.840             Loss 2.16500
Epoch [33] Testing Class Recall: [0.567,0.791,0.369,0.124,0.432,0.342,0.381,0.293,0.467,0.177]
Epoch [34] Training Results: Prec@1 83.260 Prec@5 94.553             Loss 0.76276
Epoch [34] Training Class Recall: [0.864,0.787,0.747,0.770,0.808,0.845,0.882,0.829,0.848,0.880]
Epoch [34] Testing Results: Prec@1 37.550 Prec@5 75.050             Loss 2.37478
Epoch [34] Testing Class Recall: [0.695,0.896,0.210,0.411,0.256,0.510,0.488,0.125,0.069,0.095]
Epoch [35] Training Results: Prec@1 83.447 Prec@5 94.900             Loss 0.75093
Epoch [35] Training Class Recall: [0.875,0.785,0.759,0.766,0.812,0.842,0.883,0.832,0.847,0.880]
Epoch [35] Testing Results: Prec@1 36.190 Prec@5 71.910             Loss 2.53569
Epoch [35] Testing Class Recall: [0.826,0.545,0.465,0.163,0.479,0.523,0.275,0.234,0.052,0.057]
Epoch [36] Training Results: Prec@1 83.513 Prec@5 94.707             Loss 0.75512
Epoch [36] Training Class Recall: [0.872,0.784,0.739,0.779,0.818,0.845,0.885,0.828,0.849,0.880]
Epoch [36] Testing Results: Prec@1 41.820 Prec@5 78.750             Loss 2.06534
Epoch [36] Testing Class Recall: [0.589,0.821,0.353,0.488,0.468,0.352,0.512,0.205,0.177,0.217]
Epoch [37] Training Results: Prec@1 83.473 Prec@5 94.953             Loss 0.74550
Epoch [37] Training Class Recall: [0.869,0.790,0.754,0.774,0.812,0.847,0.879,0.831,0.845,0.882]
Epoch [37] Testing Results: Prec@1 41.110 Prec@5 79.790             Loss 2.27060
Epoch [37] Testing Class Recall: [0.713,0.758,0.446,0.387,0.484,0.376,0.282,0.304,0.129,0.232]
Epoch [38] Training Results: Prec@1 83.480 Prec@5 95.007             Loss 0.74093
Epoch [38] Training Class Recall: [0.871,0.781,0.766,0.773,0.813,0.838,0.883,0.831,0.848,0.882]
Epoch [38] Testing Results: Prec@1 35.920 Prec@5 76.460             Loss 2.48953
Epoch [38] Testing Class Recall: [0.596,0.643,0.388,0.654,0.271,0.252,0.145,0.274,0.249,0.120]
Epoch [39] Training Results: Prec@1 83.593 Prec@5 95.000             Loss 0.73859
Epoch [39] Training Class Recall: [0.868,0.785,0.762,0.775,0.824,0.837,0.887,0.832,0.847,0.880]
Epoch [39] Testing Results: Prec@1 36.240 Prec@5 73.780             Loss 2.50898
Epoch [39] Testing Class Recall: [0.729,0.738,0.366,0.102,0.522,0.288,0.309,0.376,0.140,0.054]
Epoch [40] Training Results: Prec@1 83.273 Prec@5 94.953             Loss 0.74816
Epoch [40] Training Class Recall: [0.871,0.782,0.752,0.762,0.809,0.845,0.875,0.834,0.848,0.881]
Epoch [40] Testing Results: Prec@1 37.490 Prec@5 74.000             Loss 2.39478
Epoch [40] Testing Class Recall: [0.530,0.630,0.358,0.345,0.546,0.508,0.141,0.339,0.258,0.094]
Epoch [41] Training Results: Prec@1 83.480 Prec@5 95.013             Loss 0.74257
Epoch [41] Training Class Recall: [0.867,0.785,0.761,0.775,0.808,0.846,0.882,0.828,0.849,0.881]
Epoch [41] Testing Results: Prec@1 36.080 Prec@5 73.960             Loss 2.40689
Epoch [41] Testing Class Recall: [0.740,0.655,0.493,0.351,0.353,0.445,0.161,0.144,0.092,0.174]
Epoch [42] Training Results: Prec@1 83.673 Prec@5 95.073             Loss 0.73977
Epoch [42] Training Class Recall: [0.876,0.789,0.767,0.766,0.824,0.841,0.886,0.834,0.844,0.881]
Epoch [42] Testing Results: Prec@1 39.830 Prec@5 76.280             Loss 2.43510
Epoch [42] Testing Class Recall: [0.431,0.567,0.244,0.498,0.660,0.218,0.407,0.083,0.671,0.204]
Epoch [43] Training Results: Prec@1 83.807 Prec@5 95.187             Loss 0.73217
Epoch [43] Training Class Recall: [0.873,0.782,0.765,0.785,0.825,0.848,0.881,0.834,0.845,0.882]
Epoch [43] Testing Results: Prec@1 40.490 Prec@5 77.530             Loss 2.44004
Epoch [43] Testing Class Recall: [0.699,0.679,0.380,0.363,0.372,0.363,0.280,0.316,0.462,0.135]
Epoch [44] Training Results: Prec@1 83.940 Prec@5 95.313             Loss 0.73026
Epoch [44] Training Class Recall: [0.874,0.794,0.765,0.784,0.824,0.847,0.882,0.832,0.851,0.882]
Epoch [44] Testing Results: Prec@1 34.430 Prec@5 75.150             Loss 2.31771
Epoch [44] Testing Class Recall: [0.716,0.474,0.452,0.142,0.366,0.249,0.311,0.172,0.343,0.218]
Epoch [45] Training Results: Prec@1 83.727 Prec@5 95.333             Loss 0.72643
Epoch [45] Training Class Recall: [0.869,0.787,0.768,0.773,0.820,0.842,0.887,0.835,0.848,0.883]
Epoch [45] Testing Results: Prec@1 39.790 Prec@5 78.370             Loss 2.37124
Epoch [45] Testing Class Recall: [0.688,0.748,0.407,0.323,0.360,0.397,0.513,0.265,0.064,0.214]
Epoch [46] Training Results: Prec@1 83.787 Prec@5 95.433             Loss 0.73112
Epoch [46] Training Class Recall: [0.878,0.785,0.758,0.785,0.819,0.842,0.885,0.831,0.850,0.882]
Epoch [46] Testing Results: Prec@1 35.900 Prec@5 75.030             Loss 2.53478
Epoch [46] Testing Class Recall: [0.717,0.629,0.274,0.449,0.491,0.176,0.260,0.237,0.280,0.077]
Epoch [47] Training Results: Prec@1 83.453 Prec@5 95.233             Loss 0.73890
Epoch [47] Training Class Recall: [0.869,0.784,0.747,0.775,0.820,0.847,0.880,0.830,0.847,0.881]
Epoch [47] Testing Results: Prec@1 41.600 Prec@5 78.930             Loss 2.17209
Epoch [47] Testing Class Recall: [0.596,0.782,0.539,0.284,0.352,0.339,0.410,0.290,0.448,0.120]
Epoch [48] Training Results: Prec@1 83.800 Prec@5 95.507             Loss 0.72541
Epoch [48] Training Class Recall: [0.874,0.787,0.765,0.782,0.827,0.839,0.883,0.831,0.850,0.882]
Epoch [48] Testing Results: Prec@1 36.930 Prec@5 72.450             Loss 2.53247
Epoch [48] Testing Class Recall: [0.613,0.827,0.395,0.061,0.371,0.621,0.219,0.080,0.401,0.105]
Epoch [49] Training Results: Prec@1 83.693 Prec@5 95.560             Loss 0.72432
Epoch [49] Training Class Recall: [0.872,0.791,0.756,0.771,0.820,0.843,0.886,0.834,0.850,0.882]
Epoch [49] Testing Results: Prec@1 36.550 Prec@5 75.880             Loss 2.44095
Epoch [49] Testing Class Recall: [0.772,0.574,0.191,0.367,0.479,0.481,0.242,0.206,0.077,0.266]
Epoch [50] Training Results: Prec@1 83.593 Prec@5 95.387             Loss 0.73355
Epoch [50] Training Class Recall: [0.878,0.778,0.767,0.777,0.812,0.844,0.883,0.831,0.847,0.880]
Epoch [50] Testing Results: Prec@1 37.590 Prec@5 74.110             Loss 2.60671
Epoch [50] Testing Class Recall: [0.645,0.619,0.452,0.456,0.634,0.270,0.091,0.280,0.140,0.172]
Epoch [51] Training Results: Prec@1 83.880 Prec@5 95.567             Loss 0.72365
Epoch [51] Training Class Recall: [0.876,0.788,0.763,0.783,0.815,0.853,0.882,0.834,0.848,0.882]
Epoch [51] Testing Results: Prec@1 37.940 Prec@5 76.880             Loss 2.75289
Epoch [51] Testing Class Recall: [0.666,0.783,0.594,0.350,0.248,0.453,0.071,0.266,0.228,0.135]
Epoch [52] Training Results: Prec@1 83.533 Prec@5 95.720             Loss 0.72513
Epoch [52] Training Class Recall: [0.874,0.785,0.752,0.773,0.818,0.845,0.884,0.831,0.843,0.881]
Epoch [52] Testing Results: Prec@1 38.170 Prec@5 76.390             Loss 2.34563
Epoch [52] Testing Class Recall: [0.630,0.577,0.412,0.405,0.447,0.286,0.397,0.232,0.328,0.103]
Epoch [53] Training Results: Prec@1 83.907 Prec@5 95.580             Loss 0.71695
Epoch [53] Training Class Recall: [0.871,0.781,0.769,0.785,0.824,0.846,0.884,0.836,0.849,0.884]
Epoch [53] Testing Results: Prec@1 39.250 Prec@5 77.230             Loss 2.52333
Epoch [53] Testing Class Recall: [0.535,0.782,0.377,0.287,0.740,0.285,0.251,0.208,0.282,0.178]
Epoch [54] Training Results: Prec@1 84.107 Prec@5 95.813             Loss 0.71182
Epoch [54] Training Class Recall: [0.870,0.793,0.779,0.791,0.820,0.847,0.882,0.837,0.851,0.883]
Epoch [54] Testing Results: Prec@1 37.520 Prec@5 75.150             Loss 2.62146
Epoch [54] Testing Class Recall: [0.630,0.595,0.489,0.505,0.482,0.316,0.186,0.316,0.082,0.151]
Epoch [55] Training Results: Prec@1 84.100 Prec@5 95.753             Loss 0.71598
Epoch [55] Training Class Recall: [0.883,0.796,0.757,0.790,0.816,0.850,0.885,0.833,0.850,0.883]
Epoch [55] Testing Results: Prec@1 35.120 Prec@5 71.350             Loss 2.67715
Epoch [55] Testing Class Recall: [0.570,0.663,0.436,0.538,0.104,0.536,0.199,0.100,0.227,0.139]
Epoch [56] Training Results: Prec@1 83.467 Prec@5 95.800             Loss 0.72258
Epoch [56] Training Class Recall: [0.866,0.789,0.759,0.786,0.803,0.838,0.876,0.834,0.852,0.881]
Epoch [56] Testing Results: Prec@1 42.770 Prec@5 78.930             Loss 2.18291
Epoch [56] Testing Class Recall: [0.723,0.711,0.456,0.460,0.317,0.535,0.422,0.303,0.136,0.214]
Epoch [57] Training Results: Prec@1 84.067 Prec@5 95.813             Loss 0.71089
Epoch [57] Training Class Recall: [0.872,0.790,0.770,0.794,0.823,0.854,0.880,0.830,0.851,0.883]
Epoch [57] Testing Results: Prec@1 35.230 Prec@5 72.620             Loss 2.80750
Epoch [57] Testing Class Recall: [0.793,0.580,0.242,0.605,0.187,0.347,0.382,0.192,0.127,0.068]
Epoch [58] Training Results: Prec@1 83.920 Prec@5 95.980             Loss 0.71082
Epoch [58] Training Class Recall: [0.872,0.783,0.770,0.786,0.827,0.843,0.886,0.834,0.852,0.880]
Epoch [58] Testing Results: Prec@1 38.990 Prec@5 74.330             Loss 2.49934
Epoch [58] Testing Class Recall: [0.643,0.710,0.097,0.412,0.519,0.380,0.486,0.299,0.081,0.272]
Epoch [59] Training Results: Prec@1 83.940 Prec@5 95.960             Loss 0.70683
Epoch [59] Training Class Recall: [0.871,0.797,0.765,0.785,0.820,0.846,0.884,0.833,0.851,0.883]
Epoch [59] Testing Results: Prec@1 39.470 Prec@5 78.420             Loss 2.24543
Epoch [59] Testing Class Recall: [0.673,0.649,0.374,0.324,0.453,0.368,0.448,0.287,0.146,0.225]
Epoch [60] Training Results: Prec@1 83.953 Prec@5 95.720             Loss 0.71357
Epoch [60] Training Class Recall: [0.874,0.785,0.766,0.781,0.825,0.850,0.883,0.835,0.849,0.884]
Epoch [60] Testing Results: Prec@1 39.210 Prec@5 77.370             Loss 2.21553
Epoch [60] Testing Class Recall: [0.652,0.647,0.260,0.289,0.453,0.537,0.534,0.205,0.268,0.076]
Epoch [61] Training Results: Prec@1 84.107 Prec@5 96.173             Loss 0.70225
Epoch [61] Training Class Recall: [0.878,0.789,0.765,0.792,0.825,0.850,0.886,0.831,0.849,0.883]
Epoch [61] Testing Results: Prec@1 40.460 Prec@5 76.570             Loss 2.28501
Epoch [61] Testing Class Recall: [0.537,0.681,0.306,0.266,0.558,0.608,0.211,0.508,0.130,0.241]
Epoch [62] Training Results: Prec@1 84.147 Prec@5 95.987             Loss 0.70618
Epoch [62] Training Class Recall: [0.880,0.791,0.777,0.795,0.815,0.848,0.884,0.832,0.851,0.883]
Epoch [62] Testing Results: Prec@1 36.040 Prec@5 73.790             Loss 2.75448
Epoch [62] Testing Class Recall: [0.654,0.634,0.388,0.575,0.298,0.487,0.237,0.109,0.095,0.127]
Epoch [63] Training Results: Prec@1 84.273 Prec@5 96.113             Loss 0.69997
Epoch [63] Training Class Recall: [0.881,0.789,0.778,0.789,0.833,0.849,0.884,0.838,0.847,0.882]
Epoch [63] Testing Results: Prec@1 38.530 Prec@5 75.440             Loss 2.29807
Epoch [63] Testing Class Recall: [0.665,0.667,0.340,0.461,0.418,0.372,0.320,0.262,0.203,0.145]
Epoch [64] Training Results: Prec@1 83.920 Prec@5 96.053             Loss 0.70372
Epoch [64] Training Class Recall: [0.876,0.785,0.779,0.784,0.820,0.846,0.882,0.832,0.850,0.881]
Epoch [64] Testing Results: Prec@1 36.440 Prec@5 72.680             Loss 2.61992
Epoch [64] Testing Class Recall: [0.510,0.745,0.372,0.523,0.564,0.304,0.234,0.149,0.091,0.152]
Epoch [65] Training Results: Prec@1 84.160 Prec@5 96.080             Loss 0.69881
Epoch [65] Training Class Recall: [0.881,0.788,0.765,0.794,0.824,0.853,0.880,0.837,0.849,0.883]
Epoch [65] Testing Results: Prec@1 37.120 Prec@5 73.390             Loss 2.50308
Epoch [65] Testing Class Recall: [0.508,0.547,0.363,0.414,0.553,0.246,0.476,0.212,0.332,0.061]
Epoch [66] Training Results: Prec@1 84.020 Prec@5 96.220             Loss 0.70396
Epoch [66] Training Class Recall: [0.868,0.777,0.769,0.801,0.823,0.851,0.885,0.835,0.851,0.880]
Epoch [66] Testing Results: Prec@1 35.460 Prec@5 71.630             Loss 2.76535
Epoch [66] Testing Class Recall: [0.624,0.668,0.262,0.280,0.726,0.306,0.322,0.054,0.211,0.093]
Epoch [67] Training Results: Prec@1 84.233 Prec@5 95.927             Loss 0.70319
Epoch [67] Training Class Recall: [0.873,0.791,0.779,0.796,0.826,0.852,0.884,0.831,0.849,0.885]
Epoch [67] Testing Results: Prec@1 36.230 Prec@5 72.530             Loss 2.64268
Epoch [67] Testing Class Recall: [0.467,0.690,0.463,0.243,0.565,0.364,0.185,0.228,0.329,0.089]
Epoch [68] Training Results: Prec@1 84.187 Prec@5 96.133             Loss 0.69812
Epoch [68] Training Class Recall: [0.878,0.787,0.786,0.783,0.828,0.850,0.884,0.834,0.849,0.884]
Epoch [68] Testing Results: Prec@1 36.260 Prec@5 73.800             Loss 2.46624
Epoch [68] Testing Class Recall: [0.734,0.590,0.328,0.213,0.206,0.612,0.278,0.342,0.210,0.113]
Epoch [69] Training Results: Prec@1 84.193 Prec@5 96.120             Loss 0.69934
Epoch [69] Training Class Recall: [0.878,0.785,0.769,0.797,0.828,0.846,0.886,0.836,0.853,0.882]
Epoch [69] Testing Results: Prec@1 36.960 Prec@5 73.280             Loss 2.40122
Epoch [69] Testing Class Recall: [0.353,0.769,0.467,0.410,0.360,0.274,0.318,0.209,0.470,0.066]
Epoch [70] Training Results: Prec@1 84.193 Prec@5 96.373             Loss 0.69015
Epoch [70] Training Class Recall: [0.874,0.787,0.780,0.795,0.819,0.851,0.887,0.836,0.851,0.882]
Epoch [70] Testing Results: Prec@1 39.740 Prec@5 75.030             Loss 2.46866
Epoch [70] Testing Class Recall: [0.696,0.763,0.447,0.575,0.413,0.214,0.221,0.240,0.199,0.206]
Epoch [71] Training Results: Prec@1 83.993 Prec@5 96.327             Loss 0.69531
Epoch [71] Training Class Recall: [0.873,0.784,0.765,0.793,0.823,0.849,0.884,0.834,0.851,0.882]
Epoch [71] Testing Results: Prec@1 38.980 Prec@5 76.840             Loss 2.43812
Epoch [71] Testing Class Recall: [0.534,0.704,0.188,0.260,0.773,0.149,0.301,0.378,0.454,0.157]
Epoch [72] Training Results: Prec@1 84.287 Prec@5 96.467             Loss 0.68731
Epoch [72] Training Class Recall: [0.879,0.788,0.786,0.795,0.815,0.857,0.882,0.835,0.853,0.882]
Epoch [72] Testing Results: Prec@1 38.890 Prec@5 75.080             Loss 2.70598
Epoch [72] Testing Class Recall: [0.653,0.696,0.353,0.583,0.392,0.348,0.235,0.256,0.274,0.099]
Epoch [73] Training Results: Prec@1 84.440 Prec@5 96.460             Loss 0.68884
Epoch [73] Training Class Recall: [0.879,0.798,0.776,0.803,0.833,0.848,0.885,0.832,0.849,0.885]
Epoch [73] Testing Results: Prec@1 40.920 Prec@5 77.410             Loss 2.39057
Epoch [73] Testing Class Recall: [0.716,0.828,0.153,0.489,0.364,0.222,0.464,0.462,0.266,0.128]
Epoch [74] Training Results: Prec@1 84.200 Prec@5 96.147             Loss 0.68948
Epoch [74] Training Class Recall: [0.874,0.791,0.767,0.790,0.824,0.853,0.887,0.835,0.851,0.884]
Epoch [74] Testing Results: Prec@1 39.010 Prec@5 75.170             Loss 2.38946
Epoch [74] Testing Class Recall: [0.691,0.501,0.442,0.538,0.280,0.319,0.363,0.183,0.346,0.238]
Epoch [75] Training Results: Prec@1 83.733 Prec@5 96.280             Loss 0.71045
Epoch [75] Training Class Recall: [0.874,0.763,0.781,0.776,0.819,0.849,0.882,0.834,0.851,0.884]
Epoch [75] Testing Results: Prec@1 39.230 Prec@5 76.610             Loss 2.59847
Epoch [75] Testing Class Recall: [0.664,0.656,0.225,0.501,0.601,0.437,0.149,0.208,0.256,0.226]
Epoch [76] Training Results: Prec@1 84.413 Prec@5 96.367             Loss 0.68457
Epoch [76] Training Class Recall: [0.886,0.788,0.782,0.797,0.831,0.852,0.886,0.834,0.845,0.883]
Epoch [76] Testing Results: Prec@1 38.980 Prec@5 75.660             Loss 2.23052
Epoch [76] Testing Class Recall: [0.611,0.713,0.460,0.407,0.376,0.115,0.430,0.328,0.422,0.036]
Epoch [77] Training Results: Prec@1 84.053 Prec@5 96.333             Loss 0.69412
Epoch [77] Training Class Recall: [0.878,0.787,0.782,0.788,0.817,0.848,0.882,0.834,0.851,0.882]
Epoch [77] Testing Results: Prec@1 40.190 Prec@5 73.920             Loss 2.31118
Epoch [77] Testing Class Recall: [0.676,0.794,0.222,0.302,0.576,0.492,0.205,0.175,0.412,0.165]
Epoch [78] Training Results: Prec@1 84.360 Prec@5 96.413             Loss 0.68758
Epoch [78] Training Class Recall: [0.882,0.794,0.780,0.787,0.826,0.853,0.886,0.840,0.851,0.880]
Epoch [78] Testing Results: Prec@1 41.210 Prec@5 77.690             Loss 2.15037
Epoch [78] Testing Class Recall: [0.676,0.771,0.361,0.345,0.434,0.445,0.405,0.285,0.233,0.166]
Epoch [79] Training Results: Prec@1 83.993 Prec@5 96.487             Loss 0.69297
Epoch [79] Training Class Recall: [0.872,0.785,0.762,0.790,0.828,0.852,0.878,0.834,0.852,0.884]
Epoch [79] Testing Results: Prec@1 37.640 Prec@5 73.510             Loss 2.57791
Epoch [79] Testing Class Recall: [0.665,0.743,0.276,0.319,0.583,0.427,0.177,0.259,0.258,0.057]
Epoch [80] Training Results: Prec@1 84.180 Prec@5 96.600             Loss 0.68540
Epoch [80] Training Class Recall: [0.869,0.798,0.784,0.791,0.820,0.849,0.883,0.838,0.851,0.882]
Epoch [80] Testing Results: Prec@1 39.750 Prec@5 75.810             Loss 2.22447
Epoch [80] Testing Class Recall: [0.686,0.714,0.426,0.342,0.386,0.356,0.524,0.251,0.164,0.126]
Epoch [81] Training Results: Prec@1 84.247 Prec@5 96.480             Loss 0.68286
Epoch [81] Training Class Recall: [0.875,0.793,0.783,0.795,0.828,0.852,0.880,0.836,0.851,0.879]
Epoch [81] Testing Results: Prec@1 37.210 Prec@5 74.080             Loss 2.58784
Epoch [81] Testing Class Recall: [0.662,0.541,0.469,0.532,0.379,0.320,0.251,0.223,0.150,0.194]
Epoch [82] Training Results: Prec@1 84.347 Prec@5 96.687             Loss 0.68544
Epoch [82] Training Class Recall: [0.877,0.792,0.768,0.796,0.827,0.849,0.887,0.843,0.853,0.883]
Epoch [82] Testing Results: Prec@1 32.330 Prec@5 73.460             Loss 3.09662
Epoch [82] Testing Class Recall: [0.705,0.604,0.073,0.193,0.831,0.273,0.088,0.157,0.123,0.186]
Epoch [83] Training Results: Prec@1 84.100 Prec@5 96.740             Loss 0.68622
Epoch [83] Training Class Recall: [0.869,0.783,0.761,0.794,0.834,0.853,0.886,0.835,0.849,0.883]
Epoch [83] Testing Results: Prec@1 39.980 Prec@5 75.190             Loss 2.44338
Epoch [83] Testing Class Recall: [0.643,0.836,0.364,0.495,0.447,0.287,0.324,0.351,0.105,0.146]
Epoch [84] Training Results: Prec@1 84.447 Prec@5 96.760             Loss 0.67581
Epoch [84] Training Class Recall: [0.881,0.791,0.798,0.794,0.823,0.856,0.884,0.833,0.851,0.882]
Epoch [84] Testing Results: Prec@1 38.500 Prec@5 74.600             Loss 2.78942
Epoch [84] Testing Class Recall: [0.589,0.783,0.247,0.593,0.445,0.375,0.296,0.255,0.189,0.078]
Epoch [85] Training Results: Prec@1 84.187 Prec@5 96.627             Loss 0.68414
Epoch [85] Training Class Recall: [0.878,0.793,0.773,0.787,0.818,0.854,0.886,0.835,0.849,0.884]
Epoch [85] Testing Results: Prec@1 36.220 Prec@5 72.220             Loss 2.66214
Epoch [85] Testing Class Recall: [0.727,0.501,0.161,0.393,0.547,0.422,0.286,0.407,0.144,0.034]
Epoch [86] Training Results: Prec@1 84.453 Prec@5 96.780             Loss 0.67978
Epoch [86] Training Class Recall: [0.878,0.792,0.774,0.797,0.831,0.851,0.892,0.834,0.854,0.883]
Epoch [86] Testing Results: Prec@1 36.170 Prec@5 73.100             Loss 2.50569
Epoch [86] Testing Class Recall: [0.595,0.585,0.336,0.409,0.215,0.595,0.383,0.073,0.297,0.129]
Epoch [87] Training Results: Prec@1 84.553 Prec@5 96.793             Loss 0.67698
Epoch [87] Training Class Recall: [0.875,0.790,0.781,0.802,0.831,0.854,0.886,0.841,0.852,0.887]
Epoch [87] Testing Results: Prec@1 38.420 Prec@5 75.150             Loss 2.36630
Epoch [87] Testing Class Recall: [0.625,0.760,0.433,0.328,0.077,0.399,0.447,0.348,0.237,0.188]
Epoch [88] Training Results: Prec@1 84.567 Prec@5 96.973             Loss 0.66389
Epoch [88] Training Class Recall: [0.883,0.793,0.790,0.801,0.821,0.852,0.889,0.838,0.853,0.881]
Epoch [88] Testing Results: Prec@1 38.320 Prec@5 75.970             Loss 2.39715
Epoch [88] Testing Class Recall: [0.695,0.555,0.152,0.606,0.346,0.418,0.258,0.299,0.289,0.214]
Epoch [89] Training Results: Prec@1 84.333 Prec@5 96.980             Loss 0.67413
Epoch [89] Training Class Recall: [0.878,0.790,0.783,0.798,0.816,0.852,0.882,0.839,0.853,0.884]
Epoch [89] Testing Results: Prec@1 38.180 Prec@5 77.290             Loss 2.43188
Epoch [89] Testing Class Recall: [0.549,0.690,0.307,0.464,0.422,0.259,0.496,0.328,0.192,0.111]
Epoch [90] Training Results: Prec@1 84.527 Prec@5 96.773             Loss 0.66452
Epoch [90] Training Class Recall: [0.875,0.789,0.787,0.805,0.820,0.857,0.886,0.836,0.858,0.883]
Epoch [90] Testing Results: Prec@1 36.800 Prec@5 74.910             Loss 2.75123
Epoch [90] Testing Class Recall: [0.660,0.642,0.211,0.688,0.335,0.366,0.309,0.049,0.278,0.142]
Epoch [91] Training Results: Prec@1 84.393 Prec@5 96.840             Loss 0.67075
Epoch [91] Training Class Recall: [0.879,0.791,0.784,0.799,0.823,0.854,0.887,0.832,0.850,0.883]
Epoch [91] Testing Results: Prec@1 35.780 Prec@5 73.730             Loss 2.68775
Epoch [91] Testing Class Recall: [0.736,0.557,0.373,0.448,0.484,0.268,0.179,0.333,0.081,0.119]
Epoch [92] Training Results: Prec@1 84.433 Prec@5 96.933             Loss 0.67457
Epoch [92] Training Class Recall: [0.879,0.790,0.783,0.797,0.823,0.853,0.889,0.836,0.854,0.883]
Epoch [92] Testing Results: Prec@1 40.660 Prec@5 76.820             Loss 2.46536
Epoch [92] Testing Class Recall: [0.714,0.776,0.239,0.437,0.587,0.429,0.299,0.269,0.199,0.117]
Epoch [93] Training Results: Prec@1 84.347 Prec@5 96.727             Loss 0.67688
Epoch [93] Training Class Recall: [0.872,0.787,0.782,0.801,0.828,0.850,0.889,0.835,0.850,0.884]
Epoch [93] Testing Results: Prec@1 36.320 Prec@5 71.120             Loss 2.76560
Epoch [93] Testing Class Recall: [0.778,0.719,0.334,0.405,0.321,0.388,0.224,0.104,0.258,0.101]
Epoch [94] Training Results: Prec@1 84.220 Prec@5 96.887             Loss 0.68000
Epoch [94] Training Class Recall: [0.875,0.782,0.771,0.801,0.828,0.852,0.882,0.837,0.851,0.883]
Epoch [94] Testing Results: Prec@1 42.780 Prec@5 79.550             Loss 2.11117
Epoch [94] Testing Class Recall: [0.487,0.780,0.237,0.482,0.611,0.272,0.420,0.277,0.558,0.154]
Epoch [95] Training Results: Prec@1 84.293 Prec@5 96.927             Loss 0.67172
Epoch [95] Training Class Recall: [0.874,0.785,0.778,0.795,0.824,0.854,0.886,0.837,0.854,0.883]
Epoch [95] Testing Results: Prec@1 41.640 Prec@5 79.080             Loss 2.31786
Epoch [95] Testing Class Recall: [0.623,0.753,0.275,0.587,0.530,0.265,0.189,0.426,0.379,0.137]
Epoch [96] Training Results: Prec@1 84.140 Prec@5 96.727             Loss 0.68368
Epoch [96] Training Class Recall: [0.874,0.791,0.764,0.795,0.823,0.853,0.882,0.836,0.850,0.883]
Epoch [96] Testing Results: Prec@1 38.880 Prec@5 75.540             Loss 2.29585
Epoch [96] Testing Class Recall: [0.645,0.574,0.418,0.264,0.410,0.395,0.477,0.127,0.460,0.118]
Epoch [97] Training Results: Prec@1 84.233 Prec@5 96.687             Loss 0.67973
Epoch [97] Training Class Recall: [0.869,0.789,0.783,0.787,0.824,0.853,0.888,0.839,0.851,0.884]
Epoch [97] Testing Results: Prec@1 39.080 Prec@5 75.050             Loss 2.48031
Epoch [97] Testing Class Recall: [0.688,0.715,0.489,0.257,0.371,0.356,0.360,0.290,0.301,0.081]
Epoch [98] Training Results: Prec@1 84.627 Prec@5 96.900             Loss 0.66300
Epoch [98] Training Class Recall: [0.878,0.796,0.792,0.798,0.828,0.853,0.885,0.840,0.854,0.885]
Epoch [98] Testing Results: Prec@1 37.720 Prec@5 78.170             Loss 2.50355
Epoch [98] Testing Class Recall: [0.491,0.636,0.435,0.563,0.257,0.382,0.505,0.189,0.227,0.087]
Epoch [99] Training Results: Prec@1 84.473 Prec@5 96.920             Loss 0.66651
Epoch [99] Training Class Recall: [0.874,0.796,0.789,0.789,0.831,0.853,0.889,0.840,0.853,0.882]
Epoch [99] Testing Results: Prec@1 38.390 Prec@5 74.950             Loss 2.63231
Epoch [99] Testing Class Recall: [0.819,0.841,0.291,0.261,0.445,0.394,0.264,0.251,0.167,0.106]
Epoch [100] Training Results: Prec@1 84.673 Prec@5 96.913             Loss 0.66018
Epoch [100] Training Class Recall: [0.883,0.797,0.789,0.801,0.829,0.854,0.883,0.838,0.856,0.884]
Epoch [100] Testing Results: Prec@1 36.500 Prec@5 73.720             Loss 2.71588
Epoch [100] Testing Class Recall: [0.505,0.798,0.499,0.455,0.542,0.225,0.207,0.213,0.071,0.135]
Epoch [101] Training Results: Prec@1 84.440 Prec@5 96.960             Loss 0.66458
Epoch [101] Training Class Recall: [0.879,0.787,0.775,0.798,0.825,0.853,0.890,0.835,0.853,0.886]
Epoch [101] Testing Results: Prec@1 41.600 Prec@5 79.010             Loss 2.07659
Epoch [101] Testing Class Recall: [0.650,0.683,0.359,0.391,0.397,0.227,0.560,0.314,0.398,0.181]
Epoch [102] Training Results: Prec@1 84.320 Prec@5 96.887             Loss 0.67302
Epoch [102] Training Class Recall: [0.881,0.792,0.779,0.795,0.826,0.845,0.883,0.840,0.851,0.884]
Epoch [102] Testing Results: Prec@1 38.370 Prec@5 75.100             Loss 2.59344
Epoch [102] Testing Class Recall: [0.693,0.521,0.282,0.335,0.637,0.477,0.224,0.339,0.198,0.131]
Epoch [103] Training Results: Prec@1 84.827 Prec@5 96.827             Loss 0.65777
Epoch [103] Training Class Recall: [0.886,0.791,0.794,0.806,0.823,0.858,0.887,0.843,0.854,0.886]
Epoch [103] Testing Results: Prec@1 38.490 Prec@5 73.750             Loss 2.58928
Epoch [103] Testing Class Recall: [0.730,0.803,0.383,0.396,0.351,0.227,0.452,0.293,0.093,0.121]
Epoch [104] Training Results: Prec@1 84.513 Prec@5 97.060             Loss 0.65684
Epoch [104] Training Class Recall: [0.874,0.795,0.797,0.797,0.824,0.858,0.884,0.838,0.852,0.882]
Epoch [104] Testing Results: Prec@1 37.650 Prec@5 76.460             Loss 2.52191
Epoch [104] Testing Class Recall: [0.757,0.592,0.338,0.168,0.578,0.401,0.254,0.277,0.273,0.127]
Epoch [105] Training Results: Prec@1 84.587 Prec@5 96.940             Loss 0.66496
Epoch [105] Training Class Recall: [0.882,0.793,0.768,0.801,0.831,0.859,0.889,0.837,0.855,0.882]
Epoch [105] Testing Results: Prec@1 39.240 Prec@5 78.880             Loss 2.40544
Epoch [105] Testing Class Recall: [0.719,0.526,0.466,0.436,0.490,0.308,0.357,0.137,0.064,0.421]
Epoch [106] Training Results: Prec@1 84.660 Prec@5 97.127             Loss 0.64991
Epoch [106] Training Class Recall: [0.881,0.796,0.801,0.797,0.834,0.852,0.886,0.840,0.849,0.883]
Epoch [106] Testing Results: Prec@1 38.330 Prec@5 72.680             Loss 2.45026
Epoch [106] Testing Class Recall: [0.579,0.790,0.316,0.432,0.213,0.318,0.496,0.236,0.443,0.010]
Epoch [107] Training Results: Prec@1 84.440 Prec@5 97.073             Loss 0.66224
Epoch [107] Training Class Recall: [0.879,0.792,0.788,0.798,0.825,0.847,0.890,0.834,0.853,0.884]
Epoch [107] Testing Results: Prec@1 35.760 Prec@5 70.860             Loss 2.79101
Epoch [107] Testing Class Recall: [0.767,0.601,0.264,0.177,0.572,0.407,0.167,0.407,0.116,0.098]
Epoch [108] Training Results: Prec@1 84.400 Prec@5 97.000             Loss 0.66184
Epoch [108] Training Class Recall: [0.873,0.793,0.780,0.797,0.824,0.856,0.886,0.838,0.850,0.884]
Epoch [108] Testing Results: Prec@1 41.910 Prec@5 79.810             Loss 2.43686
Epoch [108] Testing Class Recall: [0.787,0.685,0.217,0.474,0.437,0.397,0.388,0.253,0.243,0.310]
Epoch [109] Training Results: Prec@1 84.453 Prec@5 97.313             Loss 0.65815
Epoch [109] Training Class Recall: [0.876,0.788,0.784,0.806,0.824,0.855,0.886,0.834,0.851,0.883]
Epoch [109] Testing Results: Prec@1 40.010 Prec@5 75.900             Loss 2.53029
Epoch [109] Testing Class Recall: [0.542,0.813,0.417,0.319,0.445,0.558,0.110,0.403,0.258,0.136]
Epoch [110] Training Results: Prec@1 84.773 Prec@5 97.260             Loss 0.64485
Epoch [110] Training Class Recall: [0.879,0.794,0.785,0.816,0.830,0.856,0.889,0.839,0.851,0.883]
Epoch [110] Testing Results: Prec@1 35.320 Prec@5 73.910             Loss 2.87510
Epoch [110] Testing Class Recall: [0.692,0.591,0.495,0.200,0.490,0.385,0.268,0.175,0.192,0.044]
Epoch [111] Training Results: Prec@1 84.587 Prec@5 97.180             Loss 0.65146
Epoch [111] Training Class Recall: [0.872,0.797,0.788,0.795,0.836,0.857,0.886,0.841,0.851,0.884]
Epoch [111] Testing Results: Prec@1 39.100 Prec@5 73.580             Loss 2.59563
Epoch [111] Testing Class Recall: [0.641,0.800,0.486,0.279,0.474,0.361,0.315,0.257,0.198,0.099]
Epoch [112] Training Results: Prec@1 84.607 Prec@5 97.260             Loss 0.64964
Epoch [112] Training Class Recall: [0.876,0.787,0.796,0.799,0.823,0.855,0.892,0.837,0.853,0.888]
Epoch [112] Testing Results: Prec@1 39.510 Prec@5 76.940             Loss 2.57280
Epoch [112] Testing Class Recall: [0.521,0.726,0.529,0.557,0.382,0.230,0.383,0.222,0.307,0.094]
Epoch [113] Training Results: Prec@1 84.567 Prec@5 97.320             Loss 0.65314
Epoch [113] Training Class Recall: [0.878,0.798,0.793,0.797,0.820,0.858,0.889,0.837,0.851,0.882]
Epoch [113] Testing Results: Prec@1 34.430 Prec@5 71.170             Loss 3.12592
Epoch [113] Testing Class Recall: [0.719,0.530,0.430,0.443,0.519,0.418,0.159,0.153,0.011,0.061]
Epoch [114] Training Results: Prec@1 84.360 Prec@5 97.240             Loss 0.66008
Epoch [114] Training Class Recall: [0.867,0.791,0.773,0.802,0.827,0.856,0.885,0.844,0.854,0.881]
Epoch [114] Testing Results: Prec@1 35.450 Prec@5 72.110             Loss 2.80686
Epoch [114] Testing Class Recall: [0.779,0.548,0.343,0.128,0.386,0.589,0.311,0.214,0.220,0.027]
Epoch [115] Training Results: Prec@1 84.553 Prec@5 97.247             Loss 0.65769
Epoch [115] Training Class Recall: [0.883,0.789,0.780,0.797,0.828,0.856,0.886,0.839,0.852,0.885]
Epoch [115] Testing Results: Prec@1 35.540 Prec@5 73.970             Loss 2.79855
Epoch [115] Testing Class Recall: [0.780,0.567,0.379,0.363,0.425,0.300,0.190,0.395,0.088,0.067]
Epoch [116] Training Results: Prec@1 84.553 Prec@5 97.373             Loss 0.65268
Epoch [116] Training Class Recall: [0.871,0.787,0.798,0.801,0.829,0.853,0.886,0.845,0.851,0.883]
Epoch [116] Testing Results: Prec@1 43.620 Prec@5 81.060             Loss 2.26861
Epoch [116] Testing Class Recall: [0.630,0.833,0.274,0.457,0.511,0.444,0.409,0.304,0.277,0.223]
Epoch [117] Training Results: Prec@1 84.713 Prec@5 97.240             Loss 0.65623
Epoch [117] Training Class Recall: [0.875,0.786,0.785,0.806,0.835,0.860,0.887,0.842,0.853,0.886]
Epoch [117] Testing Results: Prec@1 35.420 Prec@5 74.870             Loss 3.12216
Epoch [117] Testing Class Recall: [0.776,0.565,0.441,0.532,0.261,0.236,0.299,0.264,0.116,0.052]
Epoch [118] Training Results: Prec@1 84.507 Prec@5 97.087             Loss 0.65728
Epoch [118] Training Class Recall: [0.878,0.778,0.782,0.800,0.833,0.856,0.888,0.837,0.853,0.887]
Epoch [118] Testing Results: Prec@1 37.270 Prec@5 75.530             Loss 2.57395
Epoch [118] Testing Class Recall: [0.586,0.719,0.200,0.420,0.404,0.585,0.303,0.204,0.248,0.058]
Epoch [119] Training Results: Prec@1 84.360 Prec@5 97.373             Loss 0.64847
Epoch [119] Training Class Recall: [0.875,0.789,0.771,0.790,0.831,0.856,0.887,0.838,0.853,0.884]
Epoch [119] Testing Results: Prec@1 36.920 Prec@5 71.300             Loss 2.80768
Epoch [119] Testing Class Recall: [0.600,0.555,0.134,0.459,0.721,0.382,0.296,0.293,0.075,0.177]
Epoch [120] Training Results: Prec@1 84.667 Prec@5 97.380             Loss 0.65359
Epoch [120] Training Class Recall: [0.876,0.790,0.782,0.810,0.831,0.860,0.886,0.835,0.853,0.887]
Epoch [120] Testing Results: Prec@1 37.130 Prec@5 73.410             Loss 2.68264
Epoch [120] Testing Class Recall: [0.739,0.584,0.304,0.298,0.544,0.499,0.163,0.327,0.111,0.144]
Epoch [121] Training Results: Prec@1 84.793 Prec@5 97.173             Loss 0.63936
Epoch [121] Training Class Recall: [0.880,0.787,0.799,0.802,0.827,0.858,0.890,0.845,0.855,0.884]
Epoch [121] Testing Results: Prec@1 36.780 Prec@5 76.270             Loss 2.95505
Epoch [121] Testing Class Recall: [0.586,0.615,0.272,0.373,0.493,0.388,0.553,0.051,0.215,0.132]
Epoch [122] Training Results: Prec@1 84.527 Prec@5 97.327             Loss 0.65087
Epoch [122] Training Class Recall: [0.880,0.795,0.777,0.800,0.824,0.854,0.884,0.841,0.855,0.885]
Epoch [122] Testing Results: Prec@1 38.480 Prec@5 76.390             Loss 2.59565
Epoch [122] Testing Class Recall: [0.651,0.833,0.190,0.252,0.612,0.394,0.327,0.221,0.260,0.108]
Epoch [123] Training Results: Prec@1 84.600 Prec@5 97.307             Loss 0.64645
Epoch [123] Training Class Recall: [0.878,0.793,0.785,0.800,0.830,0.852,0.886,0.842,0.853,0.886]
Epoch [123] Testing Results: Prec@1 37.680 Prec@5 73.020             Loss 2.94953
Epoch [123] Testing Class Recall: [0.698,0.788,0.309,0.165,0.477,0.590,0.179,0.228,0.266,0.068]
Epoch [124] Training Results: Prec@1 84.653 Prec@5 97.393             Loss 0.64387
Epoch [124] Training Class Recall: [0.877,0.796,0.782,0.806,0.824,0.860,0.890,0.836,0.851,0.886]
Epoch [124] Testing Results: Prec@1 39.160 Prec@5 76.300             Loss 2.59642
Epoch [124] Testing Class Recall: [0.694,0.694,0.244,0.502,0.362,0.390,0.300,0.218,0.352,0.160]
Epoch [125] Training Results: Prec@1 84.927 Prec@5 97.473             Loss 0.63488
Epoch [125] Training Class Recall: [0.879,0.797,0.802,0.808,0.829,0.861,0.890,0.838,0.852,0.887]
Epoch [125] Testing Results: Prec@1 39.120 Prec@5 77.030             Loss 2.44900
Epoch [125] Testing Class Recall: [0.598,0.585,0.305,0.586,0.233,0.385,0.307,0.326,0.509,0.078]
Epoch [126] Training Results: Prec@1 84.580 Prec@5 97.413             Loss 0.63983
Epoch [126] Training Class Recall: [0.879,0.787,0.789,0.795,0.824,0.862,0.889,0.837,0.853,0.886]
Epoch [126] Testing Results: Prec@1 39.200 Prec@5 76.620             Loss 2.45321
Epoch [126] Testing Class Recall: [0.610,0.695,0.221,0.283,0.120,0.507,0.537,0.477,0.227,0.243]
Epoch [127] Training Results: Prec@1 84.447 Prec@5 97.273             Loss 0.65006
Epoch [127] Training Class Recall: [0.872,0.793,0.781,0.801,0.825,0.853,0.885,0.841,0.853,0.884]
Epoch [127] Testing Results: Prec@1 40.830 Prec@5 78.260             Loss 2.32774
Epoch [127] Testing Class Recall: [0.605,0.683,0.384,0.270,0.448,0.388,0.436,0.300,0.400,0.169]
Epoch [128] Training Results: Prec@1 84.887 Prec@5 97.420             Loss 0.64363
Epoch [128] Training Class Recall: [0.879,0.795,0.798,0.800,0.831,0.859,0.888,0.843,0.858,0.886]
Epoch [128] Testing Results: Prec@1 39.220 Prec@5 76.460             Loss 2.45649
Epoch [128] Testing Class Recall: [0.524,0.736,0.298,0.301,0.545,0.493,0.355,0.299,0.226,0.145]
Epoch [129] Training Results: Prec@1 84.613 Prec@5 97.520             Loss 0.64583
Epoch [129] Training Class Recall: [0.872,0.787,0.788,0.805,0.828,0.864,0.885,0.841,0.852,0.883]
Epoch [129] Testing Results: Prec@1 38.560 Prec@5 76.010             Loss 2.78188
Epoch [129] Testing Class Recall: [0.634,0.628,0.195,0.769,0.346,0.195,0.214,0.361,0.433,0.081]
Epoch [130] Training Results: Prec@1 84.687 Prec@5 97.213             Loss 0.65097
Epoch [130] Training Class Recall: [0.875,0.796,0.789,0.793,0.830,0.861,0.887,0.840,0.855,0.888]
Epoch [130] Testing Results: Prec@1 37.900 Prec@5 76.310             Loss 2.76358
Epoch [130] Testing Class Recall: [0.773,0.726,0.187,0.584,0.458,0.313,0.265,0.171,0.238,0.075]
Epoch [131] Training Results: Prec@1 84.867 Prec@5 97.407             Loss 0.63731
Epoch [131] Training Class Recall: [0.880,0.794,0.788,0.801,0.830,0.864,0.889,0.845,0.854,0.886]
Epoch [131] Testing Results: Prec@1 36.860 Prec@5 75.120             Loss 2.81966
Epoch [131] Testing Class Recall: [0.756,0.606,0.420,0.372,0.246,0.375,0.304,0.322,0.232,0.053]
Epoch [132] Training Results: Prec@1 84.513 Prec@5 97.387             Loss 0.64656
Epoch [132] Training Class Recall: [0.878,0.788,0.782,0.798,0.826,0.851,0.889,0.843,0.855,0.884]
Epoch [132] Testing Results: Prec@1 31.130 Prec@5 69.570             Loss 3.40739
Epoch [132] Testing Class Recall: [0.768,0.522,0.698,0.215,0.184,0.152,0.245,0.146,0.155,0.028]
Epoch [133] Training Results: Prec@1 84.280 Prec@5 97.333             Loss 0.65047
Epoch [133] Training Class Recall: [0.874,0.783,0.771,0.795,0.824,0.853,0.890,0.839,0.855,0.883]
Epoch [133] Testing Results: Prec@1 35.590 Prec@5 73.390             Loss 3.17193
Epoch [133] Testing Class Recall: [0.718,0.652,0.376,0.547,0.100,0.369,0.270,0.286,0.221,0.020]
Epoch [134] Training Results: Prec@1 84.673 Prec@5 97.520             Loss 0.64029
Epoch [134] Training Class Recall: [0.879,0.794,0.775,0.800,0.829,0.856,0.889,0.843,0.858,0.886]
Epoch [134] Testing Results: Prec@1 38.070 Prec@5 72.070             Loss 2.92226
Epoch [134] Testing Class Recall: [0.719,0.745,0.531,0.239,0.317,0.233,0.363,0.470,0.178,0.012]
Epoch [135] Training Results: Prec@1 84.660 Prec@5 97.313             Loss 0.64257
Epoch [135] Training Class Recall: [0.876,0.786,0.789,0.806,0.831,0.858,0.888,0.839,0.855,0.883]
Epoch [135] Testing Results: Prec@1 38.000 Prec@5 70.650             Loss 2.99743
Epoch [135] Testing Class Recall: [0.667,0.821,0.300,0.532,0.376,0.381,0.303,0.236,0.142,0.042]
Epoch [136] Training Results: Prec@1 84.740 Prec@5 97.307             Loss 0.64623
Epoch [136] Training Class Recall: [0.881,0.799,0.793,0.796,0.824,0.859,0.887,0.837,0.856,0.887]
Epoch [136] Testing Results: Prec@1 38.120 Prec@5 75.710             Loss 2.51662
Epoch [136] Testing Class Recall: [0.611,0.635,0.388,0.386,0.178,0.276,0.588,0.189,0.423,0.138]
Epoch [137] Training Results: Prec@1 84.440 Prec@5 97.487             Loss 0.64987
Epoch [137] Training Class Recall: [0.878,0.794,0.779,0.803,0.828,0.843,0.884,0.838,0.857,0.884]
Epoch [137] Testing Results: Prec@1 34.770 Prec@5 73.260             Loss 3.36479
Epoch [137] Testing Class Recall: [0.864,0.598,0.278,0.228,0.183,0.513,0.378,0.255,0.055,0.125]
Epoch [138] Training Results: Prec@1 84.753 Prec@5 97.613             Loss 0.63695
Epoch [138] Training Class Recall: [0.881,0.788,0.794,0.801,0.829,0.855,0.891,0.839,0.854,0.888]
Epoch [138] Testing Results: Prec@1 36.570 Prec@5 73.330             Loss 3.33982
Epoch [138] Testing Class Recall: [0.798,0.631,0.400,0.573,0.361,0.193,0.306,0.242,0.100,0.053]
Epoch [139] Training Results: Prec@1 84.853 Prec@5 97.467             Loss 0.64188
Epoch [139] Training Class Recall: [0.876,0.794,0.789,0.798,0.830,0.860,0.892,0.849,0.854,0.888]
Epoch [139] Testing Results: Prec@1 35.910 Prec@5 74.770             Loss 2.77438
Epoch [139] Testing Class Recall: [0.772,0.455,0.331,0.399,0.303,0.536,0.213,0.320,0.219,0.043]
Epoch [140] Training Results: Prec@1 84.520 Prec@5 97.507             Loss 0.64276
Epoch [140] Training Class Recall: [0.878,0.793,0.779,0.805,0.816,0.852,0.887,0.845,0.853,0.884]
Epoch [140] Testing Results: Prec@1 37.280 Prec@5 75.080             Loss 2.73132
Epoch [140] Testing Class Recall: [0.497,0.654,0.342,0.324,0.510,0.418,0.496,0.181,0.197,0.109]
Epoch [141] Training Results: Prec@1 84.673 Prec@5 97.507             Loss 0.63902
Epoch [141] Training Class Recall: [0.872,0.790,0.800,0.797,0.835,0.856,0.889,0.840,0.854,0.886]
Epoch [141] Testing Results: Prec@1 37.860 Prec@5 75.430             Loss 2.71684
Epoch [141] Testing Class Recall: [0.667,0.530,0.403,0.405,0.315,0.431,0.330,0.287,0.228,0.190]
Epoch [142] Training Results: Prec@1 84.607 Prec@5 97.607             Loss 0.63374
Epoch [142] Training Class Recall: [0.876,0.787,0.789,0.797,0.828,0.853,0.891,0.845,0.852,0.886]
Epoch [142] Testing Results: Prec@1 35.820 Prec@5 72.060             Loss 2.88720
Epoch [142] Testing Class Recall: [0.725,0.721,0.348,0.327,0.240,0.303,0.271,0.280,0.356,0.011]
Epoch [143] Training Results: Prec@1 84.780 Prec@5 97.720             Loss 0.63129
Epoch [143] Training Class Recall: [0.874,0.791,0.794,0.803,0.830,0.860,0.890,0.844,0.853,0.885]
Epoch [143] Testing Results: Prec@1 32.500 Prec@5 68.940             Loss 3.21866
Epoch [143] Testing Class Recall: [0.804,0.453,0.288,0.452,0.306,0.517,0.135,0.178,0.082,0.035]
Epoch [144] Training Results: Prec@1 84.780 Prec@5 97.413             Loss 0.63919
Epoch [144] Training Class Recall: [0.879,0.791,0.784,0.807,0.828,0.860,0.888,0.845,0.854,0.886]
Epoch [144] Testing Results: Prec@1 39.030 Prec@5 77.030             Loss 2.72316
Epoch [144] Testing Class Recall: [0.758,0.607,0.411,0.508,0.463,0.290,0.263,0.341,0.200,0.062]
Epoch [145] Training Results: Prec@1 84.953 Prec@5 97.533             Loss 0.62843
Epoch [145] Training Class Recall: [0.874,0.792,0.805,0.810,0.837,0.859,0.890,0.845,0.853,0.883]
Epoch [145] Testing Results: Prec@1 35.790 Prec@5 75.760             Loss 3.10389
Epoch [145] Testing Class Recall: [0.788,0.459,0.332,0.462,0.298,0.287,0.252,0.308,0.174,0.219]
Epoch [146] Training Results: Prec@1 84.947 Prec@5 97.747             Loss 0.62376
Epoch [146] Training Class Recall: [0.881,0.790,0.786,0.803,0.835,0.862,0.893,0.844,0.856,0.887]
Epoch [146] Testing Results: Prec@1 38.050 Prec@5 73.780             Loss 2.85175
Epoch [146] Testing Class Recall: [0.718,0.693,0.325,0.500,0.272,0.309,0.207,0.341,0.367,0.073]
Epoch [147] Training Results: Prec@1 84.887 Prec@5 97.600             Loss 0.63145
Epoch [147] Training Class Recall: [0.872,0.795,0.791,0.812,0.828,0.858,0.889,0.848,0.858,0.885]
Epoch [147] Testing Results: Prec@1 39.220 Prec@5 73.980             Loss 2.80802
Epoch [147] Testing Class Recall: [0.516,0.752,0.099,0.645,0.443,0.420,0.310,0.325,0.276,0.136]
Epoch [148] Training Results: Prec@1 84.740 Prec@5 97.773             Loss 0.62578
Epoch [148] Training Class Recall: [0.874,0.788,0.791,0.805,0.831,0.856,0.887,0.845,0.856,0.887]
Epoch [148] Testing Results: Prec@1 38.970 Prec@5 75.530             Loss 2.92050
Epoch [148] Testing Class Recall: [0.688,0.846,0.434,0.545,0.291,0.381,0.234,0.149,0.099,0.230]
Epoch [149] Training Results: Prec@1 84.513 Prec@5 97.720             Loss 0.62763
Epoch [149] Training Class Recall: [0.878,0.783,0.784,0.803,0.820,0.860,0.887,0.841,0.848,0.886]
Epoch [149] Testing Results: Prec@1 35.410 Prec@5 72.870             Loss 3.59922
Epoch [149] Testing Class Recall: [0.676,0.702,0.400,0.645,0.496,0.165,0.118,0.217,0.081,0.041]
Epoch [150] Training Results: Prec@1 84.480 Prec@5 97.580             Loss 0.63534
Epoch [150] Training Class Recall: [0.872,0.781,0.786,0.795,0.831,0.855,0.890,0.843,0.852,0.885]
Epoch [150] Testing Results: Prec@1 37.380 Prec@5 73.080             Loss 3.20053
Epoch [150] Testing Class Recall: [0.758,0.746,0.546,0.484,0.329,0.162,0.369,0.212,0.051,0.081]
Epoch [151] Training Results: Prec@1 84.873 Prec@5 97.767             Loss 0.62726
Epoch [151] Training Class Recall: [0.883,0.800,0.781,0.791,0.835,0.864,0.891,0.845,0.855,0.886]
Epoch [151] Testing Results: Prec@1 37.090 Prec@5 73.720             Loss 2.95088
Epoch [151] Testing Class Recall: [0.737,0.681,0.179,0.344,0.444,0.519,0.221,0.182,0.334,0.068]
Epoch [152] Training Results: Prec@1 84.807 Prec@5 97.693             Loss 0.62521
Epoch [152] Training Class Recall: [0.878,0.787,0.791,0.808,0.829,0.860,0.888,0.843,0.857,0.884]
Epoch [152] Testing Results: Prec@1 41.600 Prec@5 79.200             Loss 2.46804
Epoch [152] Testing Class Recall: [0.679,0.639,0.311,0.532,0.462,0.445,0.292,0.242,0.370,0.188]
Epoch [153] Training Results: Prec@1 84.620 Prec@5 97.553             Loss 0.63432
Epoch [153] Training Class Recall: [0.872,0.788,0.789,0.795,0.835,0.853,0.891,0.846,0.852,0.886]
Epoch [153] Testing Results: Prec@1 36.670 Prec@5 75.720             Loss 2.82693
Epoch [153] Testing Class Recall: [0.626,0.618,0.414,0.650,0.123,0.340,0.320,0.177,0.256,0.143]
Epoch [154] Training Results: Prec@1 84.880 Prec@5 97.593             Loss 0.63295
Epoch [154] Training Class Recall: [0.883,0.796,0.800,0.806,0.828,0.853,0.888,0.841,0.857,0.886]
Epoch [154] Testing Results: Prec@1 37.800 Prec@5 73.750             Loss 2.95604
Epoch [154] Testing Class Recall: [0.710,0.720,0.292,0.599,0.434,0.296,0.340,0.240,0.095,0.054]
Epoch [155] Training Results: Prec@1 84.487 Prec@5 97.600             Loss 0.64263
Epoch [155] Training Class Recall: [0.875,0.791,0.767,0.800,0.816,0.864,0.887,0.843,0.858,0.883]
Epoch [155] Testing Results: Prec@1 36.000 Prec@5 75.500             Loss 2.77974
Epoch [155] Testing Class Recall: [0.694,0.677,0.322,0.327,0.380,0.356,0.293,0.290,0.207,0.054]
Epoch [156] Training Results: Prec@1 84.267 Prec@5 97.533             Loss 0.65087
Epoch [156] Training Class Recall: [0.874,0.787,0.775,0.794,0.824,0.851,0.885,0.843,0.854,0.881]
Epoch [156] Testing Results: Prec@1 39.120 Prec@5 74.300             Loss 2.85627
Epoch [156] Testing Class Recall: [0.646,0.794,0.473,0.434,0.223,0.555,0.341,0.195,0.212,0.039]
Epoch [157] Training Results: Prec@1 84.847 Prec@5 97.827             Loss 0.62098
Epoch [157] Training Class Recall: [0.874,0.791,0.801,0.804,0.831,0.864,0.886,0.842,0.856,0.885]
Epoch [157] Testing Results: Prec@1 38.850 Prec@5 74.470             Loss 2.83322
Epoch [157] Testing Class Recall: [0.746,0.822,0.151,0.565,0.419,0.340,0.234,0.274,0.145,0.189]
Epoch [158] Training Results: Prec@1 85.033 Prec@5 97.833             Loss 0.62071
Epoch [158] Training Class Recall: [0.879,0.800,0.780,0.805,0.835,0.866,0.890,0.847,0.856,0.887]
Epoch [158] Testing Results: Prec@1 34.480 Prec@5 72.510             Loss 3.53965
Epoch [158] Testing Class Recall: [0.876,0.579,0.116,0.280,0.495,0.211,0.325,0.338,0.105,0.123]
Epoch [159] Training Results: Prec@1 84.980 Prec@5 97.633             Loss 0.62773
Epoch [159] Training Class Recall: [0.872,0.788,0.807,0.810,0.839,0.859,0.887,0.845,0.853,0.889]
Epoch [159] Testing Results: Prec@1 36.060 Prec@5 73.760             Loss 2.99447
Epoch [159] Testing Class Recall: [0.679,0.648,0.368,0.518,0.164,0.529,0.090,0.286,0.165,0.159]
Epoch [160] Training Results: Prec@1 85.547 Prec@5 98.320             Loss 0.58202
Epoch [160] Training Class Recall: [0.882,0.778,0.820,0.822,0.833,0.877,0.898,0.843,0.855,0.892]
Epoch [160] Testing Results: Prec@1 39.730 Prec@5 76.630             Loss 2.57787
Epoch [160] Testing Class Recall: [0.712,0.716,0.393,0.531,0.420,0.385,0.226,0.245,0.203,0.142]
Epoch [161] Training Results: Prec@1 86.153 Prec@5 98.367             Loss 0.55634
Epoch [161] Training Class Recall: [0.892,0.798,0.836,0.825,0.849,0.876,0.896,0.849,0.858,0.894]
Epoch [161] Testing Results: Prec@1 40.690 Prec@5 77.050             Loss 2.52308
Epoch [161] Testing Class Recall: [0.740,0.772,0.364,0.519,0.418,0.369,0.267,0.289,0.199,0.132]
Epoch [162] Training Results: Prec@1 86.200 Prec@5 98.460             Loss 0.54576
Epoch [162] Training Class Recall: [0.890,0.804,0.838,0.836,0.851,0.872,0.893,0.848,0.858,0.891]
Epoch [162] Testing Results: Prec@1 40.810 Prec@5 76.500             Loss 2.52797
Epoch [162] Testing Class Recall: [0.726,0.781,0.397,0.492,0.435,0.385,0.273,0.277,0.197,0.118]
Epoch [163] Training Results: Prec@1 86.180 Prec@5 98.547             Loss 0.54392
Epoch [163] Training Class Recall: [0.887,0.807,0.847,0.824,0.855,0.872,0.897,0.848,0.858,0.890]
Epoch [163] Testing Results: Prec@1 40.470 Prec@5 76.320             Loss 2.61916
Epoch [163] Testing Class Recall: [0.722,0.777,0.422,0.488,0.444,0.373,0.237,0.269,0.205,0.110]
Epoch [164] Training Results: Prec@1 86.427 Prec@5 98.600             Loss 0.53278
Epoch [164] Training Class Recall: [0.893,0.807,0.848,0.829,0.858,0.879,0.895,0.850,0.859,0.891]
Epoch [164] Testing Results: Prec@1 40.910 Prec@5 76.490             Loss 2.55697
Epoch [164] Testing Class Recall: [0.727,0.793,0.419,0.475,0.446,0.352,0.250,0.318,0.195,0.116]
Epoch [165] Training Results: Prec@1 86.307 Prec@5 98.520             Loss 0.52944
Epoch [165] Training Class Recall: [0.895,0.807,0.837,0.827,0.857,0.877,0.895,0.852,0.856,0.889]
Epoch [165] Testing Results: Prec@1 40.490 Prec@5 76.200             Loss 2.62861
Epoch [165] Testing Class Recall: [0.728,0.769,0.402,0.495,0.428,0.377,0.268,0.287,0.188,0.107]
Epoch [166] Training Results: Prec@1 86.480 Prec@5 98.740             Loss 0.52452
Epoch [166] Training Class Recall: [0.892,0.811,0.843,0.833,0.856,0.879,0.897,0.851,0.860,0.891]
Epoch [166] Testing Results: Prec@1 40.740 Prec@5 76.270             Loss 2.62114
Epoch [166] Testing Class Recall: [0.715,0.789,0.426,0.478,0.433,0.372,0.269,0.283,0.197,0.112]
Epoch [167] Training Results: Prec@1 86.507 Prec@5 98.800             Loss 0.52419
Epoch [167] Training Class Recall: [0.894,0.812,0.840,0.838,0.859,0.879,0.895,0.851,0.857,0.890]
Epoch [167] Testing Results: Prec@1 40.910 Prec@5 76.600             Loss 2.57368
Epoch [167] Testing Class Recall: [0.729,0.804,0.407,0.472,0.417,0.361,0.275,0.297,0.216,0.113]
Epoch [168] Training Results: Prec@1 86.440 Prec@5 98.600             Loss 0.52580
Epoch [168] Training Class Recall: [0.894,0.811,0.838,0.832,0.855,0.877,0.895,0.852,0.857,0.892]
Epoch [168] Testing Results: Prec@1 40.610 Prec@5 76.430             Loss 2.64024
Epoch [168] Testing Class Recall: [0.728,0.790,0.411,0.453,0.466,0.365,0.251,0.295,0.196,0.106]
Epoch [169] Training Results: Prec@1 86.607 Prec@5 98.820             Loss 0.52016
Epoch [169] Training Class Recall: [0.892,0.812,0.846,0.838,0.857,0.881,0.895,0.852,0.860,0.892]
Epoch [169] Testing Results: Prec@1 40.500 Prec@5 76.230             Loss 2.65554
Epoch [169] Testing Class Recall: [0.735,0.778,0.408,0.489,0.427,0.364,0.256,0.301,0.188,0.104]
Epoch [170] Training Results: Prec@1 86.733 Prec@5 98.673             Loss 0.51725
Epoch [170] Training Class Recall: [0.893,0.809,0.856,0.834,0.860,0.884,0.897,0.853,0.862,0.894]
Epoch [170] Testing Results: Prec@1 40.400 Prec@5 76.160             Loss 2.64853
Epoch [170] Testing Class Recall: [0.717,0.778,0.408,0.509,0.408,0.354,0.277,0.299,0.191,0.099]
Epoch [171] Training Results: Prec@1 86.687 Prec@5 98.713             Loss 0.51693
Epoch [171] Training Class Recall: [0.894,0.815,0.847,0.834,0.859,0.882,0.897,0.854,0.859,0.893]
Epoch [171] Testing Results: Prec@1 40.090 Prec@5 75.650             Loss 2.70671
Epoch [171] Testing Class Recall: [0.718,0.785,0.424,0.480,0.433,0.334,0.271,0.291,0.181,0.092]
Epoch [172] Training Results: Prec@1 86.613 Prec@5 98.800             Loss 0.51472
Epoch [172] Training Class Recall: [0.893,0.812,0.844,0.837,0.857,0.881,0.897,0.853,0.860,0.891]
Epoch [172] Testing Results: Prec@1 40.400 Prec@5 75.750             Loss 2.69956
Epoch [172] Testing Class Recall: [0.715,0.785,0.412,0.495,0.459,0.347,0.270,0.292,0.163,0.102]
Epoch [173] Training Results: Prec@1 86.647 Prec@5 98.787             Loss 0.51430
Epoch [173] Training Class Recall: [0.894,0.808,0.847,0.837,0.861,0.879,0.898,0.854,0.860,0.891]
Epoch [173] Testing Results: Prec@1 40.470 Prec@5 76.300             Loss 2.66857
Epoch [173] Testing Class Recall: [0.726,0.785,0.413,0.496,0.410,0.326,0.289,0.306,0.188,0.108]
Epoch [174] Training Results: Prec@1 86.640 Prec@5 98.760             Loss 0.51212
Epoch [174] Training Class Recall: [0.897,0.810,0.837,0.837,0.859,0.884,0.897,0.852,0.859,0.893]
Epoch [174] Testing Results: Prec@1 40.500 Prec@5 75.920             Loss 2.65758
Epoch [174] Testing Class Recall: [0.714,0.782,0.409,0.491,0.430,0.350,0.313,0.285,0.168,0.108]
Epoch [175] Training Results: Prec@1 86.713 Prec@5 98.727             Loss 0.51185
Epoch [175] Training Class Recall: [0.894,0.814,0.847,0.836,0.865,0.880,0.897,0.853,0.860,0.893]
Epoch [175] Testing Results: Prec@1 40.490 Prec@5 76.050             Loss 2.69102
Epoch [175] Testing Class Recall: [0.713,0.798,0.392,0.520,0.409,0.357,0.296,0.280,0.181,0.103]
Epoch [176] Training Results: Prec@1 86.673 Prec@5 98.900             Loss 0.50924
Epoch [176] Training Class Recall: [0.893,0.819,0.842,0.832,0.860,0.881,0.898,0.855,0.858,0.894]
Epoch [176] Testing Results: Prec@1 40.440 Prec@5 76.300             Loss 2.72096
Epoch [176] Testing Class Recall: [0.715,0.801,0.412,0.499,0.419,0.340,0.281,0.276,0.194,0.107]
Epoch [177] Training Results: Prec@1 86.720 Prec@5 98.860             Loss 0.51027
Epoch [177] Training Class Recall: [0.898,0.812,0.842,0.840,0.863,0.879,0.896,0.855,0.857,0.894]
Epoch [177] Testing Results: Prec@1 40.010 Prec@5 75.590             Loss 2.73345
Epoch [177] Testing Class Recall: [0.719,0.785,0.435,0.465,0.407,0.356,0.293,0.276,0.174,0.091]
Epoch [178] Training Results: Prec@1 86.667 Prec@5 98.860             Loss 0.51182
Epoch [178] Training Class Recall: [0.892,0.810,0.847,0.833,0.861,0.880,0.899,0.857,0.858,0.894]
Epoch [178] Testing Results: Prec@1 40.210 Prec@5 75.990             Loss 2.72430
Epoch [178] Testing Class Recall: [0.720,0.786,0.427,0.454,0.427,0.348,0.269,0.300,0.179,0.111]
Epoch [179] Training Results: Prec@1 86.707 Prec@5 98.827             Loss 0.50789
Epoch [179] Training Class Recall: [0.892,0.813,0.839,0.840,0.860,0.884,0.896,0.855,0.862,0.893]
Epoch [179] Testing Results: Prec@1 40.020 Prec@5 75.760             Loss 2.74958
Epoch [179] Testing Class Recall: [0.738,0.787,0.404,0.479,0.413,0.354,0.270,0.289,0.164,0.104]
Epoch [180] Training Results: Prec@1 86.553 Prec@5 98.913             Loss 0.50564
Epoch [180] Training Class Recall: [0.893,0.810,0.843,0.834,0.860,0.880,0.897,0.849,0.859,0.894]
Epoch [180] Testing Results: Prec@1 39.960 Prec@5 75.310             Loss 2.79165
Epoch [180] Testing Class Recall: [0.729,0.784,0.378,0.498,0.420,0.359,0.294,0.285,0.172,0.077]
Epoch [181] Training Results: Prec@1 86.707 Prec@5 98.820             Loss 0.50699
Epoch [181] Training Class Recall: [0.892,0.815,0.843,0.838,0.855,0.881,0.897,0.858,0.861,0.895]
Epoch [181] Testing Results: Prec@1 40.060 Prec@5 75.860             Loss 2.72347
Epoch [181] Testing Class Recall: [0.713,0.779,0.411,0.500,0.407,0.332,0.302,0.278,0.191,0.093]
Epoch [182] Training Results: Prec@1 86.627 Prec@5 98.813             Loss 0.50811
Epoch [182] Training Class Recall: [0.889,0.814,0.843,0.830,0.861,0.881,0.898,0.854,0.861,0.895]
Epoch [182] Testing Results: Prec@1 40.330 Prec@5 75.710             Loss 2.72456
Epoch [182] Testing Class Recall: [0.716,0.799,0.395,0.490,0.421,0.368,0.289,0.281,0.175,0.099]
Epoch [183] Training Results: Prec@1 86.733 Prec@5 98.793             Loss 0.50786
Epoch [183] Training Class Recall: [0.894,0.816,0.850,0.836,0.862,0.881,0.897,0.855,0.858,0.893]
Epoch [183] Testing Results: Prec@1 39.990 Prec@5 75.660             Loss 2.74912
Epoch [183] Testing Class Recall: [0.718,0.767,0.408,0.499,0.394,0.372,0.282,0.279,0.177,0.103]
Epoch [184] Training Results: Prec@1 86.613 Prec@5 98.833             Loss 0.50673
Epoch [184] Training Class Recall: [0.892,0.817,0.847,0.827,0.858,0.880,0.897,0.855,0.857,0.897]
Epoch [184] Testing Results: Prec@1 40.240 Prec@5 75.670             Loss 2.74323
Epoch [184] Testing Class Recall: [0.722,0.802,0.400,0.475,0.424,0.340,0.299,0.293,0.167,0.102]
Epoch [185] Training Results: Prec@1 86.693 Prec@5 98.827             Loss 0.50725
Epoch [185] Training Class Recall: [0.892,0.809,0.846,0.834,0.861,0.884,0.897,0.857,0.861,0.893]
Epoch [185] Testing Results: Prec@1 40.410 Prec@5 75.440             Loss 2.74594
Epoch [185] Testing Class Recall: [0.717,0.786,0.387,0.501,0.447,0.372,0.280,0.276,0.173,0.102]
Epoch [186] Training Results: Prec@1 86.653 Prec@5 98.940             Loss 0.50605
Epoch [186] Training Class Recall: [0.894,0.805,0.850,0.835,0.859,0.881,0.898,0.854,0.858,0.894]
Epoch [186] Testing Results: Prec@1 40.080 Prec@5 75.900             Loss 2.70958
Epoch [186] Testing Class Recall: [0.724,0.783,0.390,0.484,0.426,0.347,0.284,0.286,0.177,0.107]
Epoch [187] Training Results: Prec@1 86.593 Prec@5 98.840             Loss 0.50970
Epoch [187] Training Class Recall: [0.891,0.813,0.840,0.835,0.859,0.884,0.895,0.854,0.856,0.895]
Epoch [187] Testing Results: Prec@1 40.340 Prec@5 75.820             Loss 2.72003
Epoch [187] Testing Class Recall: [0.705,0.785,0.405,0.499,0.426,0.353,0.290,0.292,0.183,0.096]
Epoch [188] Training Results: Prec@1 86.660 Prec@5 98.793             Loss 0.50869
Epoch [188] Training Class Recall: [0.894,0.814,0.844,0.841,0.857,0.880,0.895,0.855,0.856,0.894]
Epoch [188] Testing Results: Prec@1 40.230 Prec@5 75.830             Loss 2.73300
Epoch [188] Testing Class Recall: [0.716,0.794,0.403,0.494,0.434,0.345,0.267,0.284,0.185,0.101]
Epoch [189] Training Results: Prec@1 86.707 Prec@5 98.920             Loss 0.50939
Epoch [189] Training Class Recall: [0.897,0.810,0.848,0.832,0.861,0.881,0.898,0.852,0.860,0.896]
Epoch [189] Testing Results: Prec@1 40.460 Prec@5 75.610             Loss 2.69400
Epoch [189] Testing Class Recall: [0.699,0.805,0.415,0.462,0.405,0.380,0.313,0.298,0.180,0.089]
Epoch [190] Training Results: Prec@1 86.753 Prec@5 98.873             Loss 0.50625
Epoch [190] Training Class Recall: [0.897,0.812,0.846,0.841,0.859,0.881,0.898,0.857,0.856,0.893]
Epoch [190] Testing Results: Prec@1 40.130 Prec@5 75.870             Loss 2.72006
Epoch [190] Testing Class Recall: [0.733,0.795,0.408,0.478,0.398,0.330,0.291,0.301,0.179,0.100]
Epoch [191] Training Results: Prec@1 86.713 Prec@5 98.860             Loss 0.50883
Epoch [191] Training Class Recall: [0.893,0.813,0.843,0.838,0.861,0.884,0.897,0.854,0.855,0.896]
Epoch [191] Testing Results: Prec@1 40.050 Prec@5 75.520             Loss 2.78014
Epoch [191] Testing Class Recall: [0.722,0.800,0.409,0.473,0.409,0.362,0.258,0.302,0.167,0.103]
Epoch [192] Training Results: Prec@1 86.747 Prec@5 98.840             Loss 0.50549
Epoch [192] Training Class Recall: [0.896,0.814,0.845,0.841,0.856,0.880,0.899,0.854,0.861,0.893]
Epoch [192] Testing Results: Prec@1 40.340 Prec@5 75.650             Loss 2.75584
Epoch [192] Testing Class Recall: [0.711,0.803,0.411,0.496,0.422,0.362,0.283,0.283,0.169,0.094]
Epoch [193] Training Results: Prec@1 86.673 Prec@5 98.793             Loss 0.50749
Epoch [193] Training Class Recall: [0.897,0.812,0.842,0.838,0.857,0.883,0.895,0.854,0.858,0.893]
Epoch [193] Testing Results: Prec@1 39.890 Prec@5 75.500             Loss 2.77272
Epoch [193] Testing Class Recall: [0.720,0.778,0.403,0.490,0.421,0.349,0.294,0.276,0.174,0.084]
Epoch [194] Training Results: Prec@1 86.780 Prec@5 98.807             Loss 0.50858
Epoch [194] Training Class Recall: [0.897,0.817,0.849,0.837,0.859,0.881,0.897,0.857,0.859,0.891]
Epoch [194] Testing Results: Prec@1 40.150 Prec@5 75.250             Loss 2.78344
Epoch [194] Testing Class Recall: [0.724,0.795,0.413,0.486,0.439,0.323,0.292,0.278,0.180,0.085]
Epoch [195] Training Results: Prec@1 86.713 Prec@5 98.900             Loss 0.50635
Epoch [195] Training Class Recall: [0.892,0.811,0.838,0.836,0.860,0.887,0.900,0.854,0.862,0.893]
Epoch [195] Testing Results: Prec@1 39.990 Prec@5 75.420             Loss 2.76681
Epoch [195] Testing Class Recall: [0.711,0.785,0.411,0.492,0.420,0.358,0.276,0.280,0.181,0.085]
Epoch [196] Training Results: Prec@1 86.680 Prec@5 98.800             Loss 0.50480
Epoch [196] Training Class Recall: [0.894,0.814,0.835,0.834,0.858,0.882,0.898,0.855,0.862,0.895]
Epoch [196] Testing Results: Prec@1 40.390 Prec@5 76.080             Loss 2.69553
Epoch [196] Testing Class Recall: [0.720,0.788,0.385,0.512,0.414,0.353,0.288,0.287,0.177,0.115]
Epoch [197] Training Results: Prec@1 86.780 Prec@5 98.827             Loss 0.50725
Epoch [197] Training Class Recall: [0.893,0.814,0.848,0.836,0.859,0.884,0.897,0.854,0.864,0.894]
Epoch [197] Testing Results: Prec@1 39.990 Prec@5 75.990             Loss 2.75970
Epoch [197] Testing Class Recall: [0.723,0.792,0.404,0.496,0.418,0.348,0.278,0.260,0.171,0.109]
Epoch [198] Training Results: Prec@1 86.680 Prec@5 98.747             Loss 0.50853
Epoch [198] Training Class Recall: [0.892,0.815,0.843,0.835,0.859,0.881,0.899,0.854,0.860,0.894]
Epoch [198] Testing Results: Prec@1 40.370 Prec@5 76.030             Loss 2.68329
Epoch [198] Testing Class Recall: [0.713,0.787,0.381,0.482,0.441,0.361,0.297,0.279,0.190,0.106]
Epoch [199] Training Results: Prec@1 86.680 Prec@5 98.900             Loss 0.50621
Epoch [199] Training Class Recall: [0.894,0.813,0.840,0.838,0.861,0.881,0.898,0.855,0.858,0.891]
Epoch [199] Testing Results: Prec@1 39.980 Prec@5 75.890             Loss 2.75724
Epoch [199] Testing Class Recall: [0.733,0.780,0.395,0.493,0.418,0.365,0.273,0.278,0.173,0.090]
