Log file: cifar100_none1.0_experts_exp0.01_seed42_20260726_081351.log
Run started: 2026-07-26 08:13:51.848299
Dataset: cifar100
Imbalance type: exp, factor: 0.01
Selection method: none, ratio: 1.0
Strategy: Experts, epochs: 256
Seed: 42, rand_number: 42
Augmentation: weak
mamix_ratio: 1.0
============================================================

=> No CSV or TensorBoard logging – only console and debug log.
-----------------------------------------------
Class ID   | Original   | Selected   | Keep %  
-----------------------------------------------
0          | 500        | 500        |  100.0%
1          | 477        | 477        |  100.0%
2          | 455        | 455        |  100.0%
3          | 434        | 434        |  100.0%
4          | 415        | 415        |  100.0%
5          | 396        | 396        |  100.0%
6          | 378        | 378        |  100.0%
7          | 361        | 361        |  100.0%
8          | 344        | 344        |  100.0%
9          | 328        | 328        |  100.0%
10         | 314        | 314        |  100.0%
11         | 299        | 299        |  100.0%
12         | 286        | 286        |  100.0%
13         | 273        | 273        |  100.0%
14         | 260        | 260        |  100.0%
15         | 248        | 248        |  100.0%
16         | 237        | 237        |  100.0%
17         | 226        | 226        |  100.0%
18         | 216        | 216        |  100.0%
19         | 206        | 206        |  100.0%
20         | 197        | 197        |  100.0%
21         | 188        | 188        |  100.0%
22         | 179        | 179        |  100.0%
23         | 171        | 171        |  100.0%
24         | 163        | 163        |  100.0%
25         | 156        | 156        |  100.0%
26         | 149        | 149        |  100.0%
27         | 142        | 142        |  100.0%
28         | 135        | 135        |  100.0%
29         | 129        | 129        |  100.0%
30         | 123        | 123        |  100.0%
31         | 118        | 118        |  100.0%
32         | 112        | 112        |  100.0%
33         | 107        | 107        |  100.0%
34         | 102        | 102        |  100.0%
35         | 98         | 98         |  100.0%
36         | 93         | 93         |  100.0%
37         | 89         | 89         |  100.0%
38         | 85         | 85         |  100.0%
39         | 81         | 81         |  100.0%
40         | 77         | 77         |  100.0%
41         | 74         | 74         |  100.0%
42         | 70         | 70         |  100.0%
43         | 67         | 67         |  100.0%
44         | 64         | 64         |  100.0%
45         | 61         | 61         |  100.0%
46         | 58         | 58         |  100.0%
47         | 56         | 56         |  100.0%
48         | 53         | 53         |  100.0%
49         | 51         | 51         |  100.0%
50         | 48         | 48         |  100.0%
51         | 46         | 46         |  100.0%
52         | 44         | 44         |  100.0%
53         | 42         | 42         |  100.0%
54         | 40         | 40         |  100.0%
55         | 38         | 38         |  100.0%
56         | 36         | 36         |  100.0%
57         | 35         | 35         |  100.0%
58         | 33         | 33         |  100.0%
59         | 32         | 32         |  100.0%
60         | 30         | 30         |  100.0%
61         | 29         | 29         |  100.0%
62         | 27         | 27         |  100.0%
63         | 26         | 26         |  100.0%
64         | 25         | 25         |  100.0%
65         | 24         | 24         |  100.0%
66         | 23         | 23         |  100.0%
67         | 22         | 22         |  100.0%
68         | 21         | 21         |  100.0%
69         | 20         | 20         |  100.0%
70         | 19         | 19         |  100.0%
71         | 18         | 18         |  100.0%
72         | 17         | 17         |  100.0%
73         | 16         | 16         |  100.0%
74         | 15         | 15         |  100.0%
75         | 15         | 15         |  100.0%
76         | 14         | 14         |  100.0%
77         | 13         | 13         |  100.0%
78         | 13         | 13         |  100.0%
79         | 12         | 12         |  100.0%
80         | 12         | 12         |  100.0%
81         | 11         | 11         |  100.0%
82         | 11         | 11         |  100.0%
83         | 10         | 10         |  100.0%
84         | 10         | 10         |  100.0%
85         | 9          | 9          |  100.0%
86         | 9          | 9          |  100.0%
87         | 8          | 8          |  100.0%
88         | 8          | 8          |  100.0%
89         | 7          | 7          |  100.0%
90         | 7          | 7          |  100.0%
91         | 7          | 7          |  100.0%
92         | 6          | 6          |  100.0%
93         | 6          | 6          |  100.0%
94         | 6          | 6          |  100.0%
95         | 6          | 6          |  100.0%
96         | 5          | 5          |  100.0%
97         | 5          | 5          |  100.0%
98         | 5          | 5          |  100.0%
99         | 5          | 5          |  100.0%
-----------------------------------------------
TOTAL      | 10847      | 10847      |  100.0%
-----------------------------------------------
[INFO] ExpertsTrainer initialized. Expert train size: 9762, Gate size: 1085

==================================================
[INFO] Training Independent Expert: CE_biasFalse_ls0.0
==================================================
[Train] Epoch 0: loss=3.9365, acc=9.61%
[Train] Epoch 1: loss=3.6105, acc=15.01%
[Train] Epoch 2: loss=3.3912, acc=18.47%
[Train] Epoch 3: loss=3.2376, acc=22.01%
[Train] Epoch 4: loss=3.0985, acc=24.65%
[Train] Epoch 5: loss=2.9449, acc=27.49%
[Train] Epoch 6: loss=2.8776, acc=28.55%
[Train] Epoch 7: loss=2.7551, acc=29.96%
[Train] Epoch 8: loss=2.6280, acc=33.23%
[Train] Epoch 9: loss=2.5165, acc=35.29%
[Train] Epoch 10: loss=2.3919, acc=37.88%
[Train] Epoch 11: loss=2.3131, acc=39.80%
[Train] Epoch 12: loss=2.2393, acc=41.11%
[Train] Epoch 13: loss=2.1371, acc=43.72%
[Train] Epoch 14: loss=2.0729, acc=45.57%
[Train] Epoch 15: loss=1.9709, acc=47.71%
[Train] Epoch 16: loss=1.8877, acc=48.94%
[Train] Epoch 17: loss=1.8241, acc=50.79%
[Train] Epoch 18: loss=1.7580, acc=52.33%
[Train] Epoch 19: loss=1.6905, acc=54.09%
[Train] Epoch 20: loss=1.6551, acc=54.35%
[Train] Epoch 21: loss=1.5922, acc=55.85%
[Train] Epoch 22: loss=1.5798, acc=55.96%
[Train] Epoch 23: loss=1.5242, acc=57.47%
[Train] Epoch 24: loss=1.4995, acc=57.62%
[Train] Epoch 25: loss=1.4170, acc=59.95%
[Train] Epoch 26: loss=1.3857, acc=60.67%
[Train] Epoch 27: loss=1.3990, acc=60.38%
[Train] Epoch 28: loss=1.3464, acc=62.38%
[Train] Epoch 29: loss=1.2982, acc=63.08%
[Train] Epoch 30: loss=1.2747, acc=63.95%
[Train] Epoch 31: loss=1.2419, acc=64.66%
[Train] Epoch 32: loss=1.2280, acc=64.93%
[Train] Epoch 33: loss=1.2024, acc=65.28%
[Train] Epoch 34: loss=1.1608, acc=66.53%
[Train] Epoch 35: loss=1.1566, acc=67.00%
[Train] Epoch 36: loss=1.1087, acc=68.03%
[Train] Epoch 37: loss=1.1161, acc=67.56%
[Train] Epoch 38: loss=1.1125, acc=67.64%
[Train] Epoch 39: loss=1.0632, acc=68.87%
[Train] Epoch 40: loss=1.0901, acc=68.29%
[Train] Epoch 41: loss=1.0317, acc=69.36%
[Train] Epoch 42: loss=1.0328, acc=69.72%
[Train] Epoch 43: loss=1.0335, acc=69.63%
[Train] Epoch 44: loss=0.9889, acc=70.34%
[Train] Epoch 45: loss=0.9600, acc=71.29%
[Train] Epoch 46: loss=0.9613, acc=71.86%
[Train] Epoch 47: loss=0.9278, acc=72.32%
[Train] Epoch 48: loss=0.9104, acc=72.82%
[Train] Epoch 49: loss=0.9375, acc=72.13%
[Train] Epoch 50: loss=0.9151, acc=72.99%
[Train] Epoch 51: loss=0.9189, acc=72.93%
[Train] Epoch 52: loss=0.8835, acc=73.52%
[Train] Epoch 53: loss=0.8374, acc=74.92%
[Train] Epoch 54: loss=0.8798, acc=73.75%
[Train] Epoch 55: loss=0.8623, acc=74.13%
[Train] Epoch 56: loss=0.8768, acc=74.02%
[Train] Epoch 57: loss=0.8606, acc=73.92%
[Train] Epoch 58: loss=0.8241, acc=74.78%
[Train] Epoch 59: loss=0.8264, acc=74.98%
[Train] Epoch 60: loss=0.7748, acc=76.53%
[Train] Epoch 61: loss=0.8123, acc=75.16%
[Train] Epoch 62: loss=0.7645, acc=76.58%
[Train] Epoch 63: loss=0.7880, acc=76.02%
[Train] Epoch 64: loss=0.7754, acc=76.32%
[Train] Epoch 65: loss=0.7069, acc=78.26%
[Train] Epoch 66: loss=0.7624, acc=76.64%
[Train] Epoch 67: loss=0.7426, acc=77.29%
[Train] Epoch 68: loss=0.7565, acc=77.13%
[Train] Epoch 69: loss=0.7482, acc=77.28%
[Train] Epoch 70: loss=0.7493, acc=77.09%
[Train] Epoch 71: loss=0.7253, acc=77.90%
[Train] Epoch 72: loss=0.7697, acc=76.72%
[Train] Epoch 73: loss=0.6763, acc=79.63%
[Train] Epoch 74: loss=0.6855, acc=78.97%
[Train] Epoch 75: loss=0.7200, acc=77.79%
[Train] Epoch 76: loss=0.7198, acc=77.79%
[Train] Epoch 77: loss=0.6351, acc=80.22%
[Train] Epoch 78: loss=0.7005, acc=78.14%
[Train] Epoch 79: loss=0.7162, acc=78.04%
[Train] Epoch 80: loss=0.6592, acc=79.46%
[Train] Epoch 81: loss=0.6350, acc=79.92%
[Train] Epoch 82: loss=0.6596, acc=79.47%
[Train] Epoch 83: loss=0.6976, acc=78.98%
[Train] Epoch 84: loss=0.6442, acc=79.94%
[Train] Epoch 85: loss=0.6620, acc=79.66%
[Train] Epoch 86: loss=0.6695, acc=79.44%
[Train] Epoch 87: loss=0.6267, acc=80.23%
[Train] Epoch 88: loss=0.6258, acc=80.65%
[Train] Epoch 89: loss=0.6094, acc=81.15%
[Train] Epoch 90: loss=0.6509, acc=79.70%
[Train] Epoch 91: loss=0.6301, acc=80.24%
[Train] Epoch 92: loss=0.6693, acc=79.15%
[Train] Epoch 93: loss=0.6773, acc=79.61%
[Train] Epoch 94: loss=0.6790, acc=79.34%
[Train] Epoch 95: loss=0.5718, acc=81.98%
[Train] Epoch 96: loss=0.2986, acc=91.15%
[Train] Epoch 97: loss=0.1903, acc=94.79%
[Train] Epoch 98: loss=0.1533, acc=96.13%
[Train] Epoch 99: loss=0.1375, acc=96.59%
[Train] Epoch 100: loss=0.1216, acc=97.10%
[Train] Epoch 101: loss=0.1089, acc=97.38%
[Train] Epoch 102: loss=0.0989, acc=97.63%
[Train] Epoch 103: loss=0.0902, acc=98.02%
[Train] Epoch 104: loss=0.0874, acc=98.01%
[Train] Epoch 105: loss=0.0787, acc=98.46%
[Train] Epoch 106: loss=0.0758, acc=98.36%
[Train] Epoch 107: loss=0.0662, acc=98.63%
[Train] Epoch 108: loss=0.0623, acc=98.88%
[Train] Epoch 109: loss=0.0609, acc=98.72%
[Train] Epoch 110: loss=0.0618, acc=98.66%
[Train] Epoch 111: loss=0.0556, acc=99.03%
[Train] Epoch 112: loss=0.0567, acc=98.74%
[Train] Epoch 113: loss=0.0531, acc=99.14%
[Train] Epoch 114: loss=0.0495, acc=99.11%
[Train] Epoch 115: loss=0.0503, acc=99.07%
[Train] Epoch 116: loss=0.0494, acc=99.06%
[Train] Epoch 117: loss=0.0430, acc=99.21%
[Train] Epoch 118: loss=0.0457, acc=99.11%
[Train] Epoch 119: loss=0.0418, acc=99.24%
[Train] Epoch 120: loss=0.0395, acc=99.40%
[Train] Epoch 121: loss=0.0377, acc=99.47%
[Train] Epoch 122: loss=0.0365, acc=99.49%
[Train] Epoch 123: loss=0.0357, acc=99.53%
[Train] Epoch 124: loss=0.0351, acc=99.52%
[Train] Epoch 125: loss=0.0349, acc=99.51%
[Train] Epoch 126: loss=0.0330, acc=99.56%
[Train] Epoch 127: loss=0.0349, acc=99.49%
[Train] Epoch 128: loss=0.0310, acc=99.56%
[Train] Epoch 129: loss=0.0298, acc=99.67%
[Train] Epoch 130: loss=0.0305, acc=99.62%
[Train] Epoch 131: loss=0.0325, acc=99.58%
[Train] Epoch 132: loss=0.0298, acc=99.53%
[Train] Epoch 133: loss=0.0271, acc=99.65%
[Train] Epoch 134: loss=0.0280, acc=99.64%
[Train] Epoch 135: loss=0.0280, acc=99.62%
[Train] Epoch 136: loss=0.0303, acc=99.59%
[Train] Epoch 137: loss=0.0281, acc=99.65%
[Train] Epoch 138: loss=0.0260, acc=99.68%
[Train] Epoch 139: loss=0.0257, acc=99.66%
[Train] Epoch 140: loss=0.0248, acc=99.70%
[Train] Epoch 141: loss=0.0259, acc=99.67%
[Train] Epoch 142: loss=0.0271, acc=99.65%
[Train] Epoch 143: loss=0.0223, acc=99.81%
[Train] Epoch 144: loss=0.0224, acc=99.80%
[Train] Epoch 145: loss=0.0216, acc=99.76%
[Train] Epoch 146: loss=0.0224, acc=99.74%
[Train] Epoch 147: loss=0.0234, acc=99.75%
[Train] Epoch 148: loss=0.0221, acc=99.75%
[Train] Epoch 149: loss=0.0220, acc=99.74%
[Train] Epoch 150: loss=0.0215, acc=99.75%
[Train] Epoch 151: loss=0.0198, acc=99.77%
[Train] Epoch 152: loss=0.0211, acc=99.82%
[Train] Epoch 153: loss=0.0206, acc=99.81%
[Train] Epoch 154: loss=0.0198, acc=99.76%
[Train] Epoch 155: loss=0.0184, acc=99.83%
[Train] Epoch 156: loss=0.0202, acc=99.85%
[Train] Epoch 157: loss=0.0209, acc=99.75%
[Train] Epoch 158: loss=0.0219, acc=99.74%
[Train] Epoch 159: loss=0.0179, acc=99.89%
[Train] Epoch 160: loss=0.0197, acc=99.72%
[Train] Epoch 161: loss=0.0182, acc=99.86%
[Train] Epoch 162: loss=0.0172, acc=99.88%
[Train] Epoch 163: loss=0.0191, acc=99.82%
[Train] Epoch 164: loss=0.0210, acc=99.66%
[Train] Epoch 165: loss=0.0198, acc=99.73%
[Train] Epoch 166: loss=0.0167, acc=99.93%
[Train] Epoch 167: loss=0.0158, acc=99.90%
[Train] Epoch 168: loss=0.0166, acc=99.85%
[Train] Epoch 169: loss=0.0166, acc=99.88%
[Train] Epoch 170: loss=0.0182, acc=99.80%
[Train] Epoch 171: loss=0.0170, acc=99.81%
[Train] Epoch 172: loss=0.0166, acc=99.89%
[Train] Epoch 173: loss=0.0147, acc=99.96%
[Train] Epoch 174: loss=0.0141, acc=99.92%
[Train] Epoch 175: loss=0.0152, acc=99.89%
[Train] Epoch 176: loss=0.0153, acc=99.90%
[Train] Epoch 177: loss=0.0158, acc=99.91%
[Train] Epoch 178: loss=0.0151, acc=99.88%
[Train] Epoch 179: loss=0.0149, acc=99.92%
[Train] Epoch 180: loss=0.0159, acc=99.91%
[Train] Epoch 181: loss=0.0155, acc=99.87%
[Train] Epoch 182: loss=0.0159, acc=99.84%
[Train] Epoch 183: loss=0.0168, acc=99.88%
[Train] Epoch 184: loss=0.0147, acc=99.93%
[Train] Epoch 185: loss=0.0145, acc=99.89%
[Train] Epoch 186: loss=0.0157, acc=99.85%
[Train] Epoch 187: loss=0.0139, acc=99.90%
[Train] Epoch 188: loss=0.0144, acc=99.87%
[Train] Epoch 189: loss=0.0140, acc=99.89%
[Train] Epoch 190: loss=0.0156, acc=99.86%
[Train] Epoch 191: loss=0.0159, acc=99.84%
[Train] Epoch 192: loss=0.0145, acc=99.85%
[Train] Epoch 193: loss=0.0135, acc=99.90%
[Train] Epoch 194: loss=0.0128, acc=99.98%
[Train] Epoch 195: loss=0.0120, acc=99.99%
[Train] Epoch 196: loss=0.0121, acc=99.94%
[Train] Epoch 197: loss=0.0128, acc=99.93%
[Train] Epoch 198: loss=0.0122, acc=99.94%
[Train] Epoch 199: loss=0.0122, acc=99.95%
[Train] Epoch 200: loss=0.0126, acc=99.94%
[Train] Epoch 201: loss=0.0128, acc=99.90%
[Train] Epoch 202: loss=0.0115, acc=99.96%
[Train] Epoch 203: loss=0.0116, acc=99.96%
[Train] Epoch 204: loss=0.0121, acc=99.93%
[Train] Epoch 205: loss=0.0110, acc=99.95%
[Train] Epoch 206: loss=0.0126, acc=99.92%
[Train] Epoch 207: loss=0.0111, acc=99.98%
[Train] Epoch 208: loss=0.0123, acc=99.90%
[Train] Epoch 209: loss=0.0118, acc=99.93%
[Train] Epoch 210: loss=0.0111, acc=99.94%
[Train] Epoch 211: loss=0.0121, acc=99.95%
[Train] Epoch 212: loss=0.0108, acc=99.98%
[Train] Epoch 213: loss=0.0111, acc=99.96%
[Train] Epoch 214: loss=0.0120, acc=99.93%
[Train] Epoch 215: loss=0.0119, acc=99.96%
[Train] Epoch 216: loss=0.0120, acc=99.94%
[Train] Epoch 217: loss=0.0112, acc=99.94%
[Train] Epoch 218: loss=0.0124, acc=99.93%
[Train] Epoch 219: loss=0.0107, acc=99.95%
[Train] Epoch 220: loss=0.0113, acc=99.98%
[Train] Epoch 221: loss=0.0110, acc=99.94%
[Train] Epoch 222: loss=0.0113, acc=99.96%
[Train] Epoch 223: loss=0.0118, acc=99.97%
[Train] Epoch 224: loss=0.0113, acc=99.95%
[Train] Epoch 225: loss=0.0107, acc=99.95%
[Train] Epoch 226: loss=0.0112, acc=99.97%
[Train] Epoch 227: loss=0.0109, acc=99.96%
[Train] Epoch 228: loss=0.0109, acc=99.96%
[Train] Epoch 229: loss=0.0115, acc=99.93%
[Train] Epoch 230: loss=0.0113, acc=99.91%
[Train] Epoch 231: loss=0.0105, acc=99.94%
[Train] Epoch 232: loss=0.0111, acc=99.95%
[Train] Epoch 233: loss=0.0110, acc=99.93%
[Train] Epoch 234: loss=0.0111, acc=99.94%
[Train] Epoch 235: loss=0.0116, acc=99.91%
[Train] Epoch 236: loss=0.0108, acc=99.95%
[Train] Epoch 237: loss=0.0110, acc=99.97%
[Train] Epoch 238: loss=0.0112, acc=99.97%
[Train] Epoch 239: loss=0.0112, acc=99.99%
[Train] Epoch 240: loss=0.0101, acc=99.98%
[Train] Epoch 241: loss=0.0110, acc=99.95%
[Train] Epoch 242: loss=0.0118, acc=99.94%
[Train] Epoch 243: loss=0.0113, acc=99.94%
[Train] Epoch 244: loss=0.0109, acc=99.96%
[Train] Epoch 245: loss=0.0100, acc=99.99%
[Train] Epoch 246: loss=0.0107, acc=99.98%
[Train] Epoch 247: loss=0.0109, acc=99.95%
[Train] Epoch 248: loss=0.0105, acc=99.99%
[Train] Epoch 249: loss=0.0115, acc=99.93%
