Log file: cifar100_none1.0_experts_exp0.01_seed42_20260701_082728.log
Run started: 2026-07-01 08:27:28.419346
Dataset: cifar100
Imbalance type: exp, factor: 0.01
Selection method: none, ratio: 1.0
Strategy: Experts, epochs: 200
Seed: 42, rand_number: 0
Augmentation: weak
mamix_ratio: 1.0
============================================================

=> No CSV or TensorBoard logging – only console and debug log.
-----------------------------------------------
Class ID   | Original   | Selected   | Keep %  
-----------------------------------------------
0          | 500        | 500        |  100.0%
1          | 477        | 477        |  100.0%
2          | 455        | 455        |  100.0%
3          | 434        | 434        |  100.0%
4          | 415        | 415        |  100.0%
5          | 396        | 396        |  100.0%
6          | 378        | 378        |  100.0%
7          | 361        | 361        |  100.0%
8          | 344        | 344        |  100.0%
9          | 328        | 328        |  100.0%
10         | 314        | 314        |  100.0%
11         | 299        | 299        |  100.0%
12         | 286        | 286        |  100.0%
13         | 273        | 273        |  100.0%
14         | 260        | 260        |  100.0%
15         | 248        | 248        |  100.0%
16         | 237        | 237        |  100.0%
17         | 226        | 226        |  100.0%
18         | 216        | 216        |  100.0%
19         | 206        | 206        |  100.0%
20         | 197        | 197        |  100.0%
21         | 188        | 188        |  100.0%
22         | 179        | 179        |  100.0%
23         | 171        | 171        |  100.0%
24         | 163        | 163        |  100.0%
25         | 156        | 156        |  100.0%
26         | 149        | 149        |  100.0%
27         | 142        | 142        |  100.0%
28         | 135        | 135        |  100.0%
29         | 129        | 129        |  100.0%
30         | 123        | 123        |  100.0%
31         | 118        | 118        |  100.0%
32         | 112        | 112        |  100.0%
33         | 107        | 107        |  100.0%
34         | 102        | 102        |  100.0%
35         | 98         | 98         |  100.0%
36         | 93         | 93         |  100.0%
37         | 89         | 89         |  100.0%
38         | 85         | 85         |  100.0%
39         | 81         | 81         |  100.0%
40         | 77         | 77         |  100.0%
41         | 74         | 74         |  100.0%
42         | 70         | 70         |  100.0%
43         | 67         | 67         |  100.0%
44         | 64         | 64         |  100.0%
45         | 61         | 61         |  100.0%
46         | 58         | 58         |  100.0%
47         | 56         | 56         |  100.0%
48         | 53         | 53         |  100.0%
49         | 51         | 51         |  100.0%
50         | 48         | 48         |  100.0%
51         | 46         | 46         |  100.0%
52         | 44         | 44         |  100.0%
53         | 42         | 42         |  100.0%
54         | 40         | 40         |  100.0%
55         | 38         | 38         |  100.0%
56         | 36         | 36         |  100.0%
57         | 35         | 35         |  100.0%
58         | 33         | 33         |  100.0%
59         | 32         | 32         |  100.0%
60         | 30         | 30         |  100.0%
61         | 29         | 29         |  100.0%
62         | 27         | 27         |  100.0%
63         | 26         | 26         |  100.0%
64         | 25         | 25         |  100.0%
65         | 24         | 24         |  100.0%
66         | 23         | 23         |  100.0%
67         | 22         | 22         |  100.0%
68         | 21         | 21         |  100.0%
69         | 20         | 20         |  100.0%
70         | 19         | 19         |  100.0%
71         | 18         | 18         |  100.0%
72         | 17         | 17         |  100.0%
73         | 16         | 16         |  100.0%
74         | 15         | 15         |  100.0%
75         | 15         | 15         |  100.0%
76         | 14         | 14         |  100.0%
77         | 13         | 13         |  100.0%
78         | 13         | 13         |  100.0%
79         | 12         | 12         |  100.0%
80         | 12         | 12         |  100.0%
81         | 11         | 11         |  100.0%
82         | 11         | 11         |  100.0%
83         | 10         | 10         |  100.0%
84         | 10         | 10         |  100.0%
85         | 9          | 9          |  100.0%
86         | 9          | 9          |  100.0%
87         | 8          | 8          |  100.0%
88         | 8          | 8          |  100.0%
89         | 7          | 7          |  100.0%
90         | 7          | 7          |  100.0%
91         | 7          | 7          |  100.0%
92         | 6          | 6          |  100.0%
93         | 6          | 6          |  100.0%
94         | 6          | 6          |  100.0%
95         | 6          | 6          |  100.0%
96         | 5          | 5          |  100.0%
97         | 5          | 5          |  100.0%
98         | 5          | 5          |  100.0%
99         | 5          | 5          |  100.0%
-----------------------------------------------
TOTAL      | 10847      | 10847      |  100.0%
-----------------------------------------------
Epoch 0: Train Loss 4.0089 | Train Acc 6.75% | Val Acc 4.03%
Epoch 1: Train Loss 3.5990 | Train Acc 13.76% | Val Acc 5.53%
Epoch 2: Train Loss 3.4218 | Train Acc 17.60% | Val Acc 6.16%
Epoch 3: Train Loss 3.2583 | Train Acc 19.77% | Val Acc 6.41%
Epoch 4: Train Loss 3.0969 | Train Acc 23.23% | Val Acc 8.34%
Epoch 5: Train Loss 2.9908 | Train Acc 25.24% | Val Acc 11.02%
Epoch 6: Train Loss 2.8687 | Train Acc 27.34% | Val Acc 11.68%
Epoch 7: Train Loss 2.7188 | Train Acc 30.18% | Val Acc 12.57%
Epoch 8: Train Loss 2.6214 | Train Acc 31.70% | Val Acc 14.26%
Epoch 9: Train Loss 2.4763 | Train Acc 34.90% | Val Acc 16.15%
Epoch 10: Train Loss 2.3974 | Train Acc 36.66% | Val Acc 17.44%
Epoch 11: Train Loss 2.2940 | Train Acc 38.48% | Val Acc 14.88%
Epoch 12: Train Loss 2.2244 | Train Acc 39.83% | Val Acc 20.09%
Epoch 13: Train Loss 2.1272 | Train Acc 41.91% | Val Acc 17.00%
Epoch 14: Train Loss 2.0381 | Train Acc 44.12% | Val Acc 19.25%
Epoch 15: Train Loss 2.0029 | Train Acc 43.86% | Val Acc 21.42%
Epoch 16: Train Loss 1.9218 | Train Acc 46.10% | Val Acc 16.89%
Epoch 17: Train Loss 1.8698 | Train Acc 46.69% | Val Acc 18.50%
Epoch 18: Train Loss 1.8236 | Train Acc 48.39% | Val Acc 20.27%
Epoch 19: Train Loss 1.7698 | Train Acc 48.42% | Val Acc 23.28%
Epoch 20: Train Loss 1.7327 | Train Acc 49.93% | Val Acc 25.47%
Epoch 21: Train Loss 1.6576 | Train Acc 51.11% | Val Acc 22.66%
Epoch 22: Train Loss 1.6142 | Train Acc 51.84% | Val Acc 24.02%
Epoch 23: Train Loss 1.5757 | Train Acc 52.86% | Val Acc 23.82%
Epoch 24: Train Loss 1.5069 | Train Acc 54.79% | Val Acc 25.32%
Epoch 25: Train Loss 1.4842 | Train Acc 55.08% | Val Acc 27.41%
Epoch 26: Train Loss 1.4660 | Train Acc 54.92% | Val Acc 20.65%
Epoch 27: Train Loss 1.4170 | Train Acc 56.76% | Val Acc 25.49%
Epoch 28: Train Loss 1.3725 | Train Acc 57.88% | Val Acc 27.63%
Epoch 29: Train Loss 1.3622 | Train Acc 57.91% | Val Acc 29.18%
Epoch 30: Train Loss 1.3106 | Train Acc 58.74% | Val Acc 29.15%
Epoch 31: Train Loss 1.2965 | Train Acc 58.97% | Val Acc 28.40%
Epoch 32: Train Loss 1.2409 | Train Acc 60.46% | Val Acc 28.29%
Epoch 33: Train Loss 1.2066 | Train Acc 61.55% | Val Acc 29.09%
Epoch 34: Train Loss 1.1936 | Train Acc 61.39% | Val Acc 28.14%
Epoch 35: Train Loss 1.1442 | Train Acc 62.74% | Val Acc 27.91%
Epoch 36: Train Loss 1.1450 | Train Acc 61.73% | Val Acc 29.57%
Epoch 37: Train Loss 1.1112 | Train Acc 63.36% | Val Acc 29.92%
Epoch 38: Train Loss 1.0839 | Train Acc 63.72% | Val Acc 29.00%
Epoch 39: Train Loss 1.0598 | Train Acc 63.50% | Val Acc 29.12%
Epoch 40: Train Loss 1.0302 | Train Acc 65.36% | Val Acc 29.52%
Epoch 41: Train Loss 1.0076 | Train Acc 65.12% | Val Acc 31.60%
Epoch 42: Train Loss 0.9796 | Train Acc 66.92% | Val Acc 30.44%
Epoch 43: Train Loss 0.9399 | Train Acc 67.95% | Val Acc 31.26%
Epoch 44: Train Loss 0.9452 | Train Acc 66.90% | Val Acc 30.06%
Epoch 45: Train Loss 0.9445 | Train Acc 67.58% | Val Acc 30.62%
Epoch 46: Train Loss 0.9357 | Train Acc 67.52% | Val Acc 32.01%
Epoch 47: Train Loss 0.8772 | Train Acc 68.85% | Val Acc 30.40%
Epoch 48: Train Loss 0.8621 | Train Acc 69.49% | Val Acc 26.94%
Epoch 49: Train Loss 0.8492 | Train Acc 69.58% | Val Acc 32.56%
Epoch 50: Train Loss 0.8024 | Train Acc 71.83% | Val Acc 31.95%
Epoch 51: Train Loss 0.7703 | Train Acc 72.44% | Val Acc 32.29%
Epoch 52: Train Loss 0.7681 | Train Acc 72.76% | Val Acc 30.38%
Epoch 53: Train Loss 0.7529 | Train Acc 72.66% | Val Acc 32.58%
Epoch 54: Train Loss 0.7608 | Train Acc 71.88% | Val Acc 30.40%
Epoch 55: Train Loss 0.7171 | Train Acc 74.21% | Val Acc 32.93%
Epoch 56: Train Loss 0.7083 | Train Acc 73.94% | Val Acc 31.77%
Epoch 57: Train Loss 0.6747 | Train Acc 74.72% | Val Acc 34.11%
Epoch 58: Train Loss 0.6686 | Train Acc 75.30% | Val Acc 31.61%
Epoch 59: Train Loss 0.6526 | Train Acc 75.14% | Val Acc 31.13%
Epoch 60: Train Loss 0.6642 | Train Acc 75.12% | Val Acc 31.76%
Epoch 61: Train Loss 0.6210 | Train Acc 76.12% | Val Acc 33.63%
Epoch 62: Train Loss 0.6135 | Train Acc 76.50% | Val Acc 33.00%
Epoch 63: Train Loss 0.5996 | Train Acc 76.68% | Val Acc 33.54%
Epoch 64: Train Loss 0.5718 | Train Acc 77.94% | Val Acc 31.94%
Epoch 65: Train Loss 0.5642 | Train Acc 78.45% | Val Acc 33.42%
Epoch 66: Train Loss 0.5504 | Train Acc 78.87% | Val Acc 31.60%
Epoch 67: Train Loss 0.5328 | Train Acc 78.99% | Val Acc 33.11%
Epoch 68: Train Loss 0.5362 | Train Acc 79.22% | Val Acc 32.91%
Epoch 69: Train Loss 0.5158 | Train Acc 80.23% | Val Acc 34.05%
Epoch 70: Train Loss 0.4872 | Train Acc 80.81% | Val Acc 33.60%
Epoch 71: Train Loss 0.4753 | Train Acc 81.71% | Val Acc 31.83%
Epoch 72: Train Loss 0.4968 | Train Acc 80.39% | Val Acc 31.42%
Epoch 73: Train Loss 0.4574 | Train Acc 81.93% | Val Acc 34.83%
Epoch 74: Train Loss 0.4404 | Train Acc 81.72% | Val Acc 32.67%
Epoch 75: Train Loss 0.4074 | Train Acc 83.06% | Val Acc 35.58%
Epoch 76: Train Loss 0.4111 | Train Acc 83.74% | Val Acc 34.41%
Epoch 77: Train Loss 0.4105 | Train Acc 82.83% | Val Acc 31.33%
Epoch 78: Train Loss 0.4165 | Train Acc 82.84% | Val Acc 30.94%
Epoch 79: Train Loss 0.3916 | Train Acc 84.42% | Val Acc 35.01%
Epoch 80: Train Loss 0.3635 | Train Acc 85.10% | Val Acc 33.64%
Epoch 81: Train Loss 0.3669 | Train Acc 85.00% | Val Acc 33.98%
Epoch 82: Train Loss 0.3534 | Train Acc 85.50% | Val Acc 34.27%
Epoch 83: Train Loss 0.3253 | Train Acc 86.72% | Val Acc 34.31%
Epoch 84: Train Loss 0.3176 | Train Acc 86.77% | Val Acc 33.90%
Epoch 85: Train Loss 0.3059 | Train Acc 87.34% | Val Acc 35.98%
Epoch 86: Train Loss 0.3060 | Train Acc 87.07% | Val Acc 34.61%
Epoch 87: Train Loss 0.2917 | Train Acc 87.85% | Val Acc 35.93%
Epoch 88: Train Loss 0.3170 | Train Acc 86.60% | Val Acc 34.53%
Epoch 89: Train Loss 0.3106 | Train Acc 87.24% | Val Acc 33.60%
Epoch 90: Train Loss 0.2768 | Train Acc 87.97% | Val Acc 35.14%
Epoch 91: Train Loss 0.2659 | Train Acc 88.56% | Val Acc 35.17%
Epoch 92: Train Loss 0.2600 | Train Acc 88.61% | Val Acc 35.63%
Epoch 93: Train Loss 0.2585 | Train Acc 88.60% | Val Acc 35.25%
Epoch 94: Train Loss 0.2363 | Train Acc 89.81% | Val Acc 34.80%
Epoch 95: Train Loss 0.2241 | Train Acc 90.28% | Val Acc 34.74%
Epoch 96: Train Loss 0.2134 | Train Acc 90.43% | Val Acc 36.25%
Epoch 97: Train Loss 0.2000 | Train Acc 91.28% | Val Acc 36.57%
Epoch 98: Train Loss 0.1903 | Train Acc 91.61% | Val Acc 35.27%
Epoch 99: Train Loss 0.1780 | Train Acc 91.74% | Val Acc 34.67%
Epoch 100: Train Loss 0.1664 | Train Acc 92.62% | Val Acc 35.78%
Epoch 101: Train Loss 0.1648 | Train Acc 92.72% | Val Acc 35.44%
Epoch 102: Train Loss 0.1623 | Train Acc 92.87% | Val Acc 35.92%
Epoch 103: Train Loss 0.1687 | Train Acc 92.52% | Val Acc 37.46%
Epoch 104: Train Loss 0.1479 | Train Acc 93.57% | Val Acc 35.76%
Epoch 105: Train Loss 0.1227 | Train Acc 94.69% | Val Acc 34.93%
Epoch 106: Train Loss 0.1218 | Train Acc 94.73% | Val Acc 37.26%
Epoch 107: Train Loss 0.1326 | Train Acc 94.17% | Val Acc 36.97%
Epoch 108: Train Loss 0.1251 | Train Acc 94.38% | Val Acc 36.83%
Epoch 109: Train Loss 0.1108 | Train Acc 95.08% | Val Acc 36.90%
Epoch 110: Train Loss 0.1039 | Train Acc 95.20% | Val Acc 37.53%
Epoch 111: Train Loss 0.0994 | Train Acc 95.93% | Val Acc 36.45%
Epoch 112: Train Loss 0.0916 | Train Acc 95.91% | Val Acc 35.63%
Epoch 113: Train Loss 0.0904 | Train Acc 96.03% | Val Acc 36.71%
Epoch 114: Train Loss 0.0878 | Train Acc 95.94% | Val Acc 36.75%
Epoch 115: Train Loss 0.0896 | Train Acc 96.26% | Val Acc 37.72%
Epoch 116: Train Loss 0.0770 | Train Acc 96.79% | Val Acc 37.69%
Epoch 117: Train Loss 0.0721 | Train Acc 96.70% | Val Acc 37.40%
Epoch 118: Train Loss 0.0713 | Train Acc 96.87% | Val Acc 37.99%
Epoch 119: Train Loss 0.0657 | Train Acc 97.06% | Val Acc 37.45%
Epoch 120: Train Loss 0.0651 | Train Acc 97.20% | Val Acc 37.68%
Epoch 121: Train Loss 0.0626 | Train Acc 97.44% | Val Acc 38.02%
Epoch 122: Train Loss 0.0541 | Train Acc 97.79% | Val Acc 37.54%
Epoch 123: Train Loss 0.0518 | Train Acc 97.85% | Val Acc 37.47%
Epoch 124: Train Loss 0.0550 | Train Acc 97.86% | Val Acc 37.53%
Epoch 125: Train Loss 0.0489 | Train Acc 98.07% | Val Acc 38.06%
Epoch 126: Train Loss 0.0437 | Train Acc 98.21% | Val Acc 38.03%
Epoch 127: Train Loss 0.0430 | Train Acc 98.42% | Val Acc 38.53%
Epoch 128: Train Loss 0.0424 | Train Acc 98.37% | Val Acc 37.73%
Epoch 129: Train Loss 0.0430 | Train Acc 98.38% | Val Acc 38.38%
Epoch 130: Train Loss 0.0411 | Train Acc 98.31% | Val Acc 37.51%
Epoch 131: Train Loss 0.0385 | Train Acc 98.50% | Val Acc 38.19%
Epoch 132: Train Loss 0.0372 | Train Acc 98.71% | Val Acc 38.30%
Epoch 133: Train Loss 0.0364 | Train Acc 98.65% | Val Acc 38.46%
Epoch 134: Train Loss 0.0336 | Train Acc 98.70% | Val Acc 37.73%
Epoch 135: Train Loss 0.0305 | Train Acc 98.96% | Val Acc 38.37%
Epoch 136: Train Loss 0.0304 | Train Acc 99.11% | Val Acc 38.59%
Epoch 137: Train Loss 0.0272 | Train Acc 99.11% | Val Acc 38.37%
Epoch 138: Train Loss 0.0280 | Train Acc 99.18% | Val Acc 38.33%
Epoch 139: Train Loss 0.0278 | Train Acc 99.11% | Val Acc 38.46%
Epoch 140: Train Loss 0.0273 | Train Acc 99.08% | Val Acc 38.01%
Epoch 141: Train Loss 0.0242 | Train Acc 99.17% | Val Acc 38.24%
Epoch 142: Train Loss 0.0254 | Train Acc 99.27% | Val Acc 38.83%
Epoch 143: Train Loss 0.0231 | Train Acc 99.33% | Val Acc 38.56%
Epoch 144: Train Loss 0.0240 | Train Acc 99.28% | Val Acc 38.25%
Epoch 145: Train Loss 0.0248 | Train Acc 99.23% | Val Acc 38.25%
Epoch 146: Train Loss 0.0225 | Train Acc 99.42% | Val Acc 38.64%
Epoch 147: Train Loss 0.0225 | Train Acc 99.41% | Val Acc 38.83%
Epoch 148: Train Loss 0.0199 | Train Acc 99.51% | Val Acc 38.74%
Epoch 149: Train Loss 0.0226 | Train Acc 99.36% | Val Acc 38.70%
Epoch 150: Train Loss 0.0210 | Train Acc 99.48% | Val Acc 38.85%
Epoch 151: Train Loss 0.0211 | Train Acc 99.46% | Val Acc 38.78%
Epoch 152: Train Loss 0.0205 | Train Acc 99.47% | Val Acc 38.59%
Epoch 153: Train Loss 0.0194 | Train Acc 99.47% | Val Acc 38.68%
Epoch 154: Train Loss 0.0190 | Train Acc 99.52% | Val Acc 39.09%
Epoch 155: Train Loss 0.0191 | Train Acc 99.45% | Val Acc 38.56%
Epoch 156: Train Loss 0.0181 | Train Acc 99.55% | Val Acc 38.76%
Epoch 157: Train Loss 0.0186 | Train Acc 99.56% | Val Acc 38.85%
Epoch 158: Train Loss 0.0180 | Train Acc 99.43% | Val Acc 38.53%
Epoch 159: Train Loss 0.0173 | Train Acc 99.59% | Val Acc 38.73%
Epoch 160: Train Loss 0.0183 | Train Acc 99.53% | Val Acc 38.81%
Epoch 161: Train Loss 0.0181 | Train Acc 99.51% | Val Acc 38.51%
Epoch 162: Train Loss 0.0176 | Train Acc 99.74% | Val Acc 38.64%
Epoch 163: Train Loss 0.0171 | Train Acc 99.59% | Val Acc 38.60%
Epoch 164: Train Loss 0.0167 | Train Acc 99.65% | Val Acc 38.75%
Epoch 165: Train Loss 0.0170 | Train Acc 99.63% | Val Acc 38.75%
Epoch 166: Train Loss 0.0165 | Train Acc 99.73% | Val Acc 39.01%
Epoch 167: Train Loss 0.0166 | Train Acc 99.68% | Val Acc 38.77%
Epoch 168: Train Loss 0.0157 | Train Acc 99.58% | Val Acc 38.70%
Epoch 169: Train Loss 0.0160 | Train Acc 99.67% | Val Acc 38.53%
Epoch 170: Train Loss 0.0161 | Train Acc 99.51% | Val Acc 38.74%
Epoch 171: Train Loss 0.0155 | Train Acc 99.70% | Val Acc 38.67%
Epoch 172: Train Loss 0.0160 | Train Acc 99.59% | Val Acc 38.85%
Epoch 173: Train Loss 0.0161 | Train Acc 99.67% | Val Acc 38.83%
Epoch 174: Train Loss 0.0160 | Train Acc 99.72% | Val Acc 38.77%
Epoch 175: Train Loss 0.0153 | Train Acc 99.70% | Val Acc 38.75%
Epoch 176: Train Loss 0.0153 | Train Acc 99.67% | Val Acc 38.82%
Epoch 177: Train Loss 0.0148 | Train Acc 99.78% | Val Acc 38.88%
Epoch 178: Train Loss 0.0158 | Train Acc 99.67% | Val Acc 38.66%
Epoch 179: Train Loss 0.0152 | Train Acc 99.66% | Val Acc 38.73%
Epoch 180: Train Loss 0.0154 | Train Acc 99.74% | Val Acc 38.72%
Epoch 181: Train Loss 0.0146 | Train Acc 99.71% | Val Acc 38.71%
Epoch 182: Train Loss 0.0150 | Train Acc 99.70% | Val Acc 38.70%
Epoch 183: Train Loss 0.0149 | Train Acc 99.75% | Val Acc 38.68%
Epoch 184: Train Loss 0.0141 | Train Acc 99.80% | Val Acc 38.80%
Epoch 185: Train Loss 0.0144 | Train Acc 99.71% | Val Acc 38.59%
Epoch 186: Train Loss 0.0150 | Train Acc 99.69% | Val Acc 38.79%
Epoch 187: Train Loss 0.0147 | Train Acc 99.69% | Val Acc 38.74%
Epoch 188: Train Loss 0.0155 | Train Acc 99.69% | Val Acc 38.70%
Epoch 189: Train Loss 0.0148 | Train Acc 99.73% | Val Acc 38.89%
Epoch 190: Train Loss 0.0153 | Train Acc 99.63% | Val Acc 38.92%
Epoch 191: Train Loss 0.0155 | Train Acc 99.70% | Val Acc 38.70%
Epoch 192: Train Loss 0.0148 | Train Acc 99.70% | Val Acc 38.86%
Epoch 193: Train Loss 0.0145 | Train Acc 99.74% | Val Acc 38.80%
Epoch 194: Train Loss 0.0155 | Train Acc 99.79% | Val Acc 38.71%
Epoch 195: Train Loss 0.0148 | Train Acc 99.69% | Val Acc 38.70%
Epoch 196: Train Loss 0.0138 | Train Acc 99.66% | Val Acc 38.66%
Epoch 197: Train Loss 0.0144 | Train Acc 99.68% | Val Acc 38.90%
Epoch 198: Train Loss 0.0147 | Train Acc 99.71% | Val Acc 38.62%
Epoch 199: Train Loss 0.0143 | Train Acc 99.72% | Val Acc 38.65%
