Log file: cifar100_none1.0_experts_exp0.01_seed42_20260702_023925.log
Run started: 2026-07-02 02:39:25.714079
Dataset: cifar100
Imbalance type: exp, factor: 0.01
Selection method: none, ratio: 1.0
Strategy: Experts, epochs: 200
Seed: 42, rand_number: 0
Augmentation: weak
mamix_ratio: 1.0
============================================================

=> No CSV or TensorBoard logging – only console and debug log.
-----------------------------------------------
Class ID   | Original   | Selected   | Keep %  
-----------------------------------------------
0          | 500        | 500        |  100.0%
1          | 477        | 477        |  100.0%
2          | 455        | 455        |  100.0%
3          | 434        | 434        |  100.0%
4          | 415        | 415        |  100.0%
5          | 396        | 396        |  100.0%
6          | 378        | 378        |  100.0%
7          | 361        | 361        |  100.0%
8          | 344        | 344        |  100.0%
9          | 328        | 328        |  100.0%
10         | 314        | 314        |  100.0%
11         | 299        | 299        |  100.0%
12         | 286        | 286        |  100.0%
13         | 273        | 273        |  100.0%
14         | 260        | 260        |  100.0%
15         | 248        | 248        |  100.0%
16         | 237        | 237        |  100.0%
17         | 226        | 226        |  100.0%
18         | 216        | 216        |  100.0%
19         | 206        | 206        |  100.0%
20         | 197        | 197        |  100.0%
21         | 188        | 188        |  100.0%
22         | 179        | 179        |  100.0%
23         | 171        | 171        |  100.0%
24         | 163        | 163        |  100.0%
25         | 156        | 156        |  100.0%
26         | 149        | 149        |  100.0%
27         | 142        | 142        |  100.0%
28         | 135        | 135        |  100.0%
29         | 129        | 129        |  100.0%
30         | 123        | 123        |  100.0%
31         | 118        | 118        |  100.0%
32         | 112        | 112        |  100.0%
33         | 107        | 107        |  100.0%
34         | 102        | 102        |  100.0%
35         | 98         | 98         |  100.0%
36         | 93         | 93         |  100.0%
37         | 89         | 89         |  100.0%
38         | 85         | 85         |  100.0%
39         | 81         | 81         |  100.0%
40         | 77         | 77         |  100.0%
41         | 74         | 74         |  100.0%
42         | 70         | 70         |  100.0%
43         | 67         | 67         |  100.0%
44         | 64         | 64         |  100.0%
45         | 61         | 61         |  100.0%
46         | 58         | 58         |  100.0%
47         | 56         | 56         |  100.0%
48         | 53         | 53         |  100.0%
49         | 51         | 51         |  100.0%
50         | 48         | 48         |  100.0%
51         | 46         | 46         |  100.0%
52         | 44         | 44         |  100.0%
53         | 42         | 42         |  100.0%
54         | 40         | 40         |  100.0%
55         | 38         | 38         |  100.0%
56         | 36         | 36         |  100.0%
57         | 35         | 35         |  100.0%
58         | 33         | 33         |  100.0%
59         | 32         | 32         |  100.0%
60         | 30         | 30         |  100.0%
61         | 29         | 29         |  100.0%
62         | 27         | 27         |  100.0%
63         | 26         | 26         |  100.0%
64         | 25         | 25         |  100.0%
65         | 24         | 24         |  100.0%
66         | 23         | 23         |  100.0%
67         | 22         | 22         |  100.0%
68         | 21         | 21         |  100.0%
69         | 20         | 20         |  100.0%
70         | 19         | 19         |  100.0%
71         | 18         | 18         |  100.0%
72         | 17         | 17         |  100.0%
73         | 16         | 16         |  100.0%
74         | 15         | 15         |  100.0%
75         | 15         | 15         |  100.0%
76         | 14         | 14         |  100.0%
77         | 13         | 13         |  100.0%
78         | 13         | 13         |  100.0%
79         | 12         | 12         |  100.0%
80         | 12         | 12         |  100.0%
81         | 11         | 11         |  100.0%
82         | 11         | 11         |  100.0%
83         | 10         | 10         |  100.0%
84         | 10         | 10         |  100.0%
85         | 9          | 9          |  100.0%
86         | 9          | 9          |  100.0%
87         | 8          | 8          |  100.0%
88         | 8          | 8          |  100.0%
89         | 7          | 7          |  100.0%
90         | 7          | 7          |  100.0%
91         | 7          | 7          |  100.0%
92         | 6          | 6          |  100.0%
93         | 6          | 6          |  100.0%
94         | 6          | 6          |  100.0%
95         | 6          | 6          |  100.0%
96         | 5          | 5          |  100.0%
97         | 5          | 5          |  100.0%
98         | 5          | 5          |  100.0%
99         | 5          | 5          |  100.0%
-----------------------------------------------
TOTAL      | 10847      | 10847      |  100.0%
-----------------------------------------------
Epoch 0: Train Loss 3.9827 | Train Acc 8.17% | Val Acc 4.62%
Epoch 1: Train Loss 3.5831 | Train Acc 14.42% | Val Acc 4.76%
Epoch 2: Train Loss 3.3909 | Train Acc 18.57% | Val Acc 7.35%
Epoch 3: Train Loss 3.2432 | Train Acc 20.76% | Val Acc 7.53%
Epoch 4: Train Loss 3.0767 | Train Acc 24.07% | Val Acc 8.92%
Epoch 5: Train Loss 2.9600 | Train Acc 25.99% | Val Acc 10.24%
Epoch 6: Train Loss 2.8511 | Train Acc 28.24% | Val Acc 9.46%
Epoch 7: Train Loss 2.7270 | Train Acc 30.66% | Val Acc 13.48%
Epoch 8: Train Loss 2.6514 | Train Acc 31.78% | Val Acc 14.26%
Epoch 9: Train Loss 2.5414 | Train Acc 34.65% | Val Acc 13.53%
Epoch 10: Train Loss 2.4436 | Train Acc 36.53% | Val Acc 14.74%
Epoch 11: Train Loss 2.3548 | Train Acc 38.22% | Val Acc 18.07%
Epoch 12: Train Loss 2.2562 | Train Acc 39.90% | Val Acc 15.58%
Epoch 13: Train Loss 2.1782 | Train Acc 41.81% | Val Acc 18.48%
Epoch 14: Train Loss 2.1000 | Train Acc 44.04% | Val Acc 18.28%
Epoch 15: Train Loss 2.0318 | Train Acc 45.34% | Val Acc 19.09%
Epoch 16: Train Loss 1.9921 | Train Acc 46.12% | Val Acc 19.01%
Epoch 17: Train Loss 1.9212 | Train Acc 47.64% | Val Acc 21.48%
Epoch 18: Train Loss 1.8662 | Train Acc 48.88% | Val Acc 23.53%
Epoch 19: Train Loss 1.8131 | Train Acc 49.77% | Val Acc 24.72%
Epoch 20: Train Loss 1.7714 | Train Acc 50.65% | Val Acc 22.80%
Epoch 21: Train Loss 1.7183 | Train Acc 51.38% | Val Acc 24.53%
Epoch 22: Train Loss 1.6657 | Train Acc 52.81% | Val Acc 22.60%
Epoch 23: Train Loss 1.6442 | Train Acc 53.17% | Val Acc 22.46%
Epoch 24: Train Loss 1.5763 | Train Acc 55.29% | Val Acc 24.64%
Epoch 25: Train Loss 1.5331 | Train Acc 56.33% | Val Acc 26.31%
Epoch 26: Train Loss 1.5031 | Train Acc 56.42% | Val Acc 23.90%
Epoch 27: Train Loss 1.4741 | Train Acc 57.63% | Val Acc 26.44%
Epoch 28: Train Loss 1.4302 | Train Acc 57.91% | Val Acc 27.03%
Epoch 29: Train Loss 1.4026 | Train Acc 58.75% | Val Acc 28.47%
Epoch 30: Train Loss 1.3728 | Train Acc 59.33% | Val Acc 27.68%
Epoch 31: Train Loss 1.3597 | Train Acc 59.56% | Val Acc 27.67%
Epoch 32: Train Loss 1.3202 | Train Acc 60.62% | Val Acc 30.71%
Epoch 33: Train Loss 1.2539 | Train Acc 62.36% | Val Acc 27.56%
Epoch 34: Train Loss 1.2704 | Train Acc 61.94% | Val Acc 27.79%
Epoch 35: Train Loss 1.1967 | Train Acc 63.96% | Val Acc 28.31%
Epoch 36: Train Loss 1.1936 | Train Acc 63.57% | Val Acc 26.52%
Epoch 37: Train Loss 1.1790 | Train Acc 64.29% | Val Acc 29.25%
Epoch 38: Train Loss 1.1397 | Train Acc 65.01% | Val Acc 29.01%
Epoch 39: Train Loss 1.1109 | Train Acc 65.47% | Val Acc 31.63%
Epoch 40: Train Loss 1.0692 | Train Acc 66.99% | Val Acc 29.19%
Epoch 41: Train Loss 1.0443 | Train Acc 67.66% | Val Acc 26.93%
Epoch 42: Train Loss 1.0340 | Train Acc 67.65% | Val Acc 30.08%
Epoch 43: Train Loss 0.9878 | Train Acc 68.88% | Val Acc 30.97%
Epoch 44: Train Loss 0.9930 | Train Acc 68.95% | Val Acc 29.87%
Epoch 45: Train Loss 0.9471 | Train Acc 70.13% | Val Acc 30.92%
Epoch 46: Train Loss 0.9484 | Train Acc 70.21% | Val Acc 31.18%
Epoch 47: Train Loss 0.9239 | Train Acc 70.20% | Val Acc 30.58%
Epoch 48: Train Loss 0.8895 | Train Acc 71.36% | Val Acc 32.44%
Epoch 49: Train Loss 0.8641 | Train Acc 72.14% | Val Acc 27.45%
Epoch 50: Train Loss 0.8662 | Train Acc 72.76% | Val Acc 33.24%
Epoch 51: Train Loss 0.8261 | Train Acc 73.65% | Val Acc 31.13%
Epoch 52: Train Loss 0.8636 | Train Acc 72.50% | Val Acc 28.19%
Epoch 53: Train Loss 0.8049 | Train Acc 74.07% | Val Acc 29.12%
Epoch 54: Train Loss 0.8027 | Train Acc 73.89% | Val Acc 30.12%
Epoch 55: Train Loss 0.7311 | Train Acc 75.42% | Val Acc 33.09%
Epoch 56: Train Loss 0.7159 | Train Acc 76.77% | Val Acc 31.46%
Epoch 57: Train Loss 0.7007 | Train Acc 76.95% | Val Acc 30.07%
Epoch 58: Train Loss 0.6798 | Train Acc 77.26% | Val Acc 32.88%
Epoch 59: Train Loss 0.6716 | Train Acc 77.38% | Val Acc 29.42%
Epoch 60: Train Loss 0.6795 | Train Acc 77.51% | Val Acc 32.77%
Epoch 61: Train Loss 0.6537 | Train Acc 77.92% | Val Acc 31.78%
Epoch 62: Train Loss 0.6383 | Train Acc 78.74% | Val Acc 31.94%
Epoch 63: Train Loss 0.6150 | Train Acc 78.99% | Val Acc 29.78%
Epoch 64: Train Loss 0.6133 | Train Acc 79.70% | Val Acc 30.51%
Epoch 65: Train Loss 0.5561 | Train Acc 81.20% | Val Acc 31.06%
Epoch 66: Train Loss 0.5434 | Train Acc 81.54% | Val Acc 33.02%
Epoch 67: Train Loss 0.5772 | Train Acc 80.68% | Val Acc 32.76%
Epoch 68: Train Loss 0.5677 | Train Acc 80.63% | Val Acc 33.97%
Epoch 69: Train Loss 0.5225 | Train Acc 82.03% | Val Acc 32.30%
Epoch 70: Train Loss 0.4908 | Train Acc 83.16% | Val Acc 31.03%
Epoch 71: Train Loss 0.4928 | Train Acc 83.09% | Val Acc 29.74%
Epoch 72: Train Loss 0.4667 | Train Acc 83.93% | Val Acc 29.92%
Epoch 73: Train Loss 0.4853 | Train Acc 83.00% | Val Acc 32.28%
Epoch 74: Train Loss 0.4624 | Train Acc 83.98% | Val Acc 31.34%
Epoch 75: Train Loss 0.4401 | Train Acc 84.84% | Val Acc 32.13%
Epoch 76: Train Loss 0.4080 | Train Acc 85.90% | Val Acc 34.66%
Epoch 77: Train Loss 0.4023 | Train Acc 86.00% | Val Acc 33.79%
Epoch 78: Train Loss 0.3961 | Train Acc 85.82% | Val Acc 31.48%
Epoch 79: Train Loss 0.4063 | Train Acc 85.73% | Val Acc 32.92%
Epoch 80: Train Loss 0.3953 | Train Acc 85.67% | Val Acc 32.64%
Epoch 81: Train Loss 0.3600 | Train Acc 87.22% | Val Acc 33.27%
Epoch 82: Train Loss 0.3351 | Train Acc 88.10% | Val Acc 32.88%
Epoch 83: Train Loss 0.3561 | Train Acc 87.90% | Val Acc 32.39%
Epoch 84: Train Loss 0.3529 | Train Acc 87.22% | Val Acc 33.82%
Epoch 85: Train Loss 0.3335 | Train Acc 88.25% | Val Acc 33.86%
Epoch 86: Train Loss 0.3134 | Train Acc 89.31% | Val Acc 34.92%
Epoch 87: Train Loss 0.2974 | Train Acc 89.33% | Val Acc 34.71%
Epoch 88: Train Loss 0.3279 | Train Acc 88.14% | Val Acc 32.84%
Epoch 89: Train Loss 0.2890 | Train Acc 90.05% | Val Acc 31.30%
Epoch 90: Train Loss 0.2640 | Train Acc 90.74% | Val Acc 34.74%
Epoch 91: Train Loss 0.2512 | Train Acc 91.08% | Val Acc 34.84%
Epoch 92: Train Loss 0.2779 | Train Acc 89.93% | Val Acc 33.38%
Epoch 93: Train Loss 0.2567 | Train Acc 90.63% | Val Acc 34.42%
Epoch 94: Train Loss 0.2393 | Train Acc 91.77% | Val Acc 32.26%
Epoch 95: Train Loss 0.2135 | Train Acc 92.83% | Val Acc 35.97%
Epoch 96: Train Loss 0.2021 | Train Acc 93.02% | Val Acc 33.74%
Epoch 97: Train Loss 0.1926 | Train Acc 93.06% | Val Acc 34.71%
Epoch 98: Train Loss 0.1992 | Train Acc 92.92% | Val Acc 35.53%
Epoch 99: Train Loss 0.1823 | Train Acc 93.51% | Val Acc 35.56%
Epoch 100: Train Loss 0.1967 | Train Acc 93.04% | Val Acc 35.66%
Epoch 101: Train Loss 0.1959 | Train Acc 92.98% | Val Acc 34.01%
Epoch 102: Train Loss 0.1914 | Train Acc 93.25% | Val Acc 34.91%
Epoch 103: Train Loss 0.1633 | Train Acc 94.34% | Val Acc 34.81%
Epoch 104: Train Loss 0.1579 | Train Acc 94.65% | Val Acc 35.01%
Epoch 105: Train Loss 0.1509 | Train Acc 94.86% | Val Acc 34.97%
Epoch 106: Train Loss 0.1453 | Train Acc 95.07% | Val Acc 35.91%
Epoch 107: Train Loss 0.1482 | Train Acc 94.78% | Val Acc 34.82%
Epoch 108: Train Loss 0.1246 | Train Acc 95.87% | Val Acc 36.29%
Epoch 109: Train Loss 0.1023 | Train Acc 96.78% | Val Acc 36.23%
Epoch 110: Train Loss 0.0975 | Train Acc 96.82% | Val Acc 35.98%
Epoch 111: Train Loss 0.1065 | Train Acc 96.67% | Val Acc 36.51%
Epoch 112: Train Loss 0.0944 | Train Acc 97.18% | Val Acc 36.68%
Epoch 113: Train Loss 0.0866 | Train Acc 97.34% | Val Acc 36.46%
Epoch 114: Train Loss 0.0781 | Train Acc 97.79% | Val Acc 37.33%
Epoch 115: Train Loss 0.0786 | Train Acc 97.47% | Val Acc 37.08%
Epoch 116: Train Loss 0.0719 | Train Acc 98.05% | Val Acc 38.03%
Epoch 117: Train Loss 0.0706 | Train Acc 97.95% | Val Acc 36.61%
Epoch 118: Train Loss 0.0707 | Train Acc 98.05% | Val Acc 37.04%
Epoch 119: Train Loss 0.0678 | Train Acc 98.07% | Val Acc 36.77%
Epoch 120: Train Loss 0.0648 | Train Acc 98.01% | Val Acc 37.13%
Epoch 121: Train Loss 0.0608 | Train Acc 98.33% | Val Acc 37.22%
Epoch 122: Train Loss 0.0524 | Train Acc 98.83% | Val Acc 37.58%
Epoch 123: Train Loss 0.0482 | Train Acc 98.82% | Val Acc 38.13%
Epoch 124: Train Loss 0.0540 | Train Acc 98.64% | Val Acc 37.67%
Epoch 125: Train Loss 0.0470 | Train Acc 98.88% | Val Acc 38.32%
Epoch 126: Train Loss 0.0432 | Train Acc 99.08% | Val Acc 37.77%
Epoch 127: Train Loss 0.0427 | Train Acc 98.93% | Val Acc 38.18%
Epoch 128: Train Loss 0.0413 | Train Acc 99.10% | Val Acc 37.48%
Epoch 129: Train Loss 0.0387 | Train Acc 99.16% | Val Acc 38.04%
Epoch 130: Train Loss 0.0347 | Train Acc 99.29% | Val Acc 37.97%
Epoch 131: Train Loss 0.0339 | Train Acc 99.45% | Val Acc 38.55%
Epoch 132: Train Loss 0.0338 | Train Acc 99.22% | Val Acc 38.64%
Epoch 133: Train Loss 0.0366 | Train Acc 99.20% | Val Acc 38.07%
Epoch 134: Train Loss 0.0327 | Train Acc 99.36% | Val Acc 38.41%
Epoch 135: Train Loss 0.0331 | Train Acc 99.43% | Val Acc 38.10%
Epoch 136: Train Loss 0.0318 | Train Acc 99.34% | Val Acc 38.26%
Epoch 137: Train Loss 0.0291 | Train Acc 99.45% | Val Acc 38.09%
Epoch 138: Train Loss 0.0275 | Train Acc 99.48% | Val Acc 38.73%
Epoch 139: Train Loss 0.0264 | Train Acc 99.54% | Val Acc 38.20%
Epoch 140: Train Loss 0.0255 | Train Acc 99.58% | Val Acc 38.12%
Epoch 141: Train Loss 0.0248 | Train Acc 99.60% | Val Acc 38.10%
Epoch 142: Train Loss 0.0255 | Train Acc 99.56% | Val Acc 37.66%
Epoch 143: Train Loss 0.0255 | Train Acc 99.56% | Val Acc 38.45%
Epoch 144: Train Loss 0.0227 | Train Acc 99.61% | Val Acc 38.17%
Epoch 145: Train Loss 0.0220 | Train Acc 99.80% | Val Acc 38.36%
Epoch 146: Train Loss 0.0213 | Train Acc 99.72% | Val Acc 38.52%
Epoch 147: Train Loss 0.0210 | Train Acc 99.80% | Val Acc 38.39%
Epoch 148: Train Loss 0.0194 | Train Acc 99.76% | Val Acc 37.96%
Epoch 149: Train Loss 0.0199 | Train Acc 99.78% | Val Acc 38.27%
Epoch 150: Train Loss 0.0205 | Train Acc 99.79% | Val Acc 38.42%
Epoch 151: Train Loss 0.0192 | Train Acc 99.81% | Val Acc 38.10%
Epoch 152: Train Loss 0.0197 | Train Acc 99.72% | Val Acc 38.31%
Epoch 153: Train Loss 0.0179 | Train Acc 99.76% | Val Acc 38.14%
Epoch 154: Train Loss 0.0176 | Train Acc 99.83% | Val Acc 38.50%
Epoch 155: Train Loss 0.0178 | Train Acc 99.79% | Val Acc 38.26%
Epoch 156: Train Loss 0.0172 | Train Acc 99.79% | Val Acc 38.42%
Epoch 157: Train Loss 0.0168 | Train Acc 99.83% | Val Acc 38.33%
Epoch 158: Train Loss 0.0170 | Train Acc 99.82% | Val Acc 38.28%
Epoch 159: Train Loss 0.0186 | Train Acc 99.74% | Val Acc 38.19%
Epoch 160: Train Loss 0.0178 | Train Acc 99.81% | Val Acc 38.30%
Epoch 161: Train Loss 0.0182 | Train Acc 99.86% | Val Acc 38.34%
Epoch 162: Train Loss 0.0163 | Train Acc 99.85% | Val Acc 38.52%
Epoch 163: Train Loss 0.0165 | Train Acc 99.87% | Val Acc 38.23%
Epoch 164: Train Loss 0.0167 | Train Acc 99.81% | Val Acc 38.16%
Epoch 165: Train Loss 0.0171 | Train Acc 99.85% | Val Acc 38.09%
Epoch 166: Train Loss 0.0160 | Train Acc 99.89% | Val Acc 38.22%
Epoch 167: Train Loss 0.0164 | Train Acc 99.82% | Val Acc 38.44%
Epoch 168: Train Loss 0.0164 | Train Acc 99.84% | Val Acc 38.43%
Epoch 169: Train Loss 0.0155 | Train Acc 99.91% | Val Acc 38.24%
Epoch 170: Train Loss 0.0162 | Train Acc 99.89% | Val Acc 38.22%
Epoch 171: Train Loss 0.0154 | Train Acc 99.92% | Val Acc 38.23%
Epoch 172: Train Loss 0.0158 | Train Acc 99.84% | Val Acc 38.13%
Epoch 173: Train Loss 0.0154 | Train Acc 99.91% | Val Acc 38.37%
Epoch 174: Train Loss 0.0155 | Train Acc 99.84% | Val Acc 38.07%
Epoch 175: Train Loss 0.0166 | Train Acc 99.83% | Val Acc 38.43%
Epoch 176: Train Loss 0.0143 | Train Acc 99.89% | Val Acc 38.56%
Epoch 177: Train Loss 0.0149 | Train Acc 99.88% | Val Acc 38.55%
Epoch 178: Train Loss 0.0154 | Train Acc 99.84% | Val Acc 38.38%
Epoch 179: Train Loss 0.0151 | Train Acc 99.89% | Val Acc 38.35%
Epoch 180: Train Loss 0.0155 | Train Acc 99.84% | Val Acc 38.26%
Epoch 181: Train Loss 0.0147 | Train Acc 99.85% | Val Acc 38.36%
Epoch 182: Train Loss 0.0157 | Train Acc 99.93% | Val Acc 38.53%
Epoch 183: Train Loss 0.0155 | Train Acc 99.85% | Val Acc 38.28%
Epoch 184: Train Loss 0.0140 | Train Acc 99.93% | Val Acc 38.50%
Epoch 185: Train Loss 0.0142 | Train Acc 99.93% | Val Acc 38.43%
Epoch 186: Train Loss 0.0152 | Train Acc 99.87% | Val Acc 38.49%
Epoch 187: Train Loss 0.0145 | Train Acc 99.88% | Val Acc 38.56%
Epoch 188: Train Loss 0.0154 | Train Acc 99.89% | Val Acc 38.45%
Epoch 189: Train Loss 0.0146 | Train Acc 99.91% | Val Acc 38.51%
Epoch 190: Train Loss 0.0150 | Train Acc 99.87% | Val Acc 38.45%
Epoch 191: Train Loss 0.0152 | Train Acc 99.89% | Val Acc 38.37%
Epoch 192: Train Loss 0.0148 | Train Acc 99.84% | Val Acc 38.65%
Epoch 193: Train Loss 0.0149 | Train Acc 99.86% | Val Acc 38.54%
Epoch 194: Train Loss 0.0144 | Train Acc 99.94% | Val Acc 38.37%
Epoch 195: Train Loss 0.0142 | Train Acc 99.92% | Val Acc 38.52%
Epoch 196: Train Loss 0.0142 | Train Acc 99.90% | Val Acc 38.34%
Epoch 197: Train Loss 0.0150 | Train Acc 99.82% | Val Acc 38.54%
Epoch 198: Train Loss 0.0149 | Train Acc 99.91% | Val Acc 38.46%
Epoch 199: Train Loss 0.0145 | Train Acc 99.86% | Val Acc 38.38%
