Log file: cifar100_none1.0_experts_exp0.01_seed42_20260717_091331.log
Run started: 2026-07-17 09:13:31.378539
Dataset: cifar100
Imbalance type: exp, factor: 0.01
Selection method: none, ratio: 1.0
Strategy: Experts, epochs: 256
Seed: 42, rand_number: 42
Augmentation: weak
mamix_ratio: 1.0
============================================================

=> No CSV or TensorBoard logging – only console and debug log.
-----------------------------------------------
Class ID   | Original   | Selected   | Keep %  
-----------------------------------------------
0          | 500        | 500        |  100.0%
1          | 477        | 477        |  100.0%
2          | 455        | 455        |  100.0%
3          | 434        | 434        |  100.0%
4          | 415        | 415        |  100.0%
5          | 396        | 396        |  100.0%
6          | 378        | 378        |  100.0%
7          | 361        | 361        |  100.0%
8          | 344        | 344        |  100.0%
9          | 328        | 328        |  100.0%
10         | 314        | 314        |  100.0%
11         | 299        | 299        |  100.0%
12         | 286        | 286        |  100.0%
13         | 273        | 273        |  100.0%
14         | 260        | 260        |  100.0%
15         | 248        | 248        |  100.0%
16         | 237        | 237        |  100.0%
17         | 226        | 226        |  100.0%
18         | 216        | 216        |  100.0%
19         | 206        | 206        |  100.0%
20         | 197        | 197        |  100.0%
21         | 188        | 188        |  100.0%
22         | 179        | 179        |  100.0%
23         | 171        | 171        |  100.0%
24         | 163        | 163        |  100.0%
25         | 156        | 156        |  100.0%
26         | 149        | 149        |  100.0%
27         | 142        | 142        |  100.0%
28         | 135        | 135        |  100.0%
29         | 129        | 129        |  100.0%
30         | 123        | 123        |  100.0%
31         | 118        | 118        |  100.0%
32         | 112        | 112        |  100.0%
33         | 107        | 107        |  100.0%
34         | 102        | 102        |  100.0%
35         | 98         | 98         |  100.0%
36         | 93         | 93         |  100.0%
37         | 89         | 89         |  100.0%
38         | 85         | 85         |  100.0%
39         | 81         | 81         |  100.0%
40         | 77         | 77         |  100.0%
41         | 74         | 74         |  100.0%
42         | 70         | 70         |  100.0%
43         | 67         | 67         |  100.0%
44         | 64         | 64         |  100.0%
45         | 61         | 61         |  100.0%
46         | 58         | 58         |  100.0%
47         | 56         | 56         |  100.0%
48         | 53         | 53         |  100.0%
49         | 51         | 51         |  100.0%
50         | 48         | 48         |  100.0%
51         | 46         | 46         |  100.0%
52         | 44         | 44         |  100.0%
53         | 42         | 42         |  100.0%
54         | 40         | 40         |  100.0%
55         | 38         | 38         |  100.0%
56         | 36         | 36         |  100.0%
57         | 35         | 35         |  100.0%
58         | 33         | 33         |  100.0%
59         | 32         | 32         |  100.0%
60         | 30         | 30         |  100.0%
61         | 29         | 29         |  100.0%
62         | 27         | 27         |  100.0%
63         | 26         | 26         |  100.0%
64         | 25         | 25         |  100.0%
65         | 24         | 24         |  100.0%
66         | 23         | 23         |  100.0%
67         | 22         | 22         |  100.0%
68         | 21         | 21         |  100.0%
69         | 20         | 20         |  100.0%
70         | 19         | 19         |  100.0%
71         | 18         | 18         |  100.0%
72         | 17         | 17         |  100.0%
73         | 16         | 16         |  100.0%
74         | 15         | 15         |  100.0%
75         | 15         | 15         |  100.0%
76         | 14         | 14         |  100.0%
77         | 13         | 13         |  100.0%
78         | 13         | 13         |  100.0%
79         | 12         | 12         |  100.0%
80         | 12         | 12         |  100.0%
81         | 11         | 11         |  100.0%
82         | 11         | 11         |  100.0%
83         | 10         | 10         |  100.0%
84         | 10         | 10         |  100.0%
85         | 9          | 9          |  100.0%
86         | 9          | 9          |  100.0%
87         | 8          | 8          |  100.0%
88         | 8          | 8          |  100.0%
89         | 7          | 7          |  100.0%
90         | 7          | 7          |  100.0%
91         | 7          | 7          |  100.0%
92         | 6          | 6          |  100.0%
93         | 6          | 6          |  100.0%
94         | 6          | 6          |  100.0%
95         | 6          | 6          |  100.0%
96         | 5          | 5          |  100.0%
97         | 5          | 5          |  100.0%
98         | 5          | 5          |  100.0%
99         | 5          | 5          |  100.0%
-----------------------------------------------
TOTAL      | 10847      | 10847      |  100.0%
-----------------------------------------------
Epoch 0: Train Loss 4.0898 | Train Acc 8.05% | Val Acc 3.75%
Epoch 1: Train Loss 3.6543 | Train Acc 14.33% | Val Acc 5.58%
Epoch 2: Train Loss 3.4404 | Train Acc 18.52% | Val Acc 7.78%
Epoch 3: Train Loss 3.2787 | Train Acc 21.36% | Val Acc 6.68%
Epoch 4: Train Loss 3.1512 | Train Acc 23.00% | Val Acc 9.39%
Epoch 5: Train Loss 2.9660 | Train Acc 26.57% | Val Acc 9.27%
Epoch 6: Train Loss 2.8182 | Train Acc 29.21% | Val Acc 9.82%
Epoch 7: Train Loss 2.7033 | Train Acc 31.62% | Val Acc 10.50%
Epoch 8: Train Loss 2.5687 | Train Acc 34.67% | Val Acc 9.01%
Epoch 9: Train Loss 2.4785 | Train Acc 36.27% | Val Acc 11.72%
Epoch 10: Train Loss 2.3776 | Train Acc 38.76% | Val Acc 13.98%
Epoch 11: Train Loss 2.2753 | Train Acc 40.41% | Val Acc 10.42%
Epoch 12: Train Loss 2.2040 | Train Acc 41.42% | Val Acc 14.84%
Epoch 13: Train Loss 2.1384 | Train Acc 43.70% | Val Acc 12.45%
Epoch 14: Train Loss 2.1107 | Train Acc 43.93% | Val Acc 17.03%
Epoch 15: Train Loss 2.0122 | Train Acc 46.06% | Val Acc 16.44%
Epoch 16: Train Loss 1.9257 | Train Acc 48.23% | Val Acc 16.32%
Epoch 17: Train Loss 1.8400 | Train Acc 50.59% | Val Acc 19.51%
Epoch 18: Train Loss 1.7914 | Train Acc 52.20% | Val Acc 18.91%
Epoch 19: Train Loss 1.7235 | Train Acc 53.21% | Val Acc 21.72%
Epoch 20: Train Loss 1.6822 | Train Acc 54.01% | Val Acc 21.11%
Epoch 21: Train Loss 1.6471 | Train Acc 55.00% | Val Acc 20.73%
Epoch 22: Train Loss 1.5828 | Train Acc 56.57% | Val Acc 20.42%
Epoch 23: Train Loss 1.5343 | Train Acc 57.01% | Val Acc 22.96%
Epoch 24: Train Loss 1.4812 | Train Acc 59.19% | Val Acc 24.71%
Epoch 25: Train Loss 1.4888 | Train Acc 58.37% | Val Acc 22.54%
Epoch 26: Train Loss 1.4543 | Train Acc 59.36% | Val Acc 21.48%
Epoch 27: Train Loss 1.3821 | Train Acc 60.78% | Val Acc 22.64%
Epoch 28: Train Loss 1.3438 | Train Acc 61.79% | Val Acc 27.66%
Epoch 29: Train Loss 1.3317 | Train Acc 62.12% | Val Acc 21.38%
Epoch 30: Train Loss 1.3264 | Train Acc 62.29% | Val Acc 24.40%
Epoch 31: Train Loss 1.2769 | Train Acc 63.98% | Val Acc 25.04%
Epoch 32: Train Loss 1.2882 | Train Acc 63.29% | Val Acc 23.26%
Epoch 33: Train Loss 1.2357 | Train Acc 64.40% | Val Acc 25.44%
Epoch 34: Train Loss 1.1930 | Train Acc 65.94% | Val Acc 20.12%
Epoch 35: Train Loss 1.1893 | Train Acc 66.25% | Val Acc 23.17%
Epoch 36: Train Loss 1.1513 | Train Acc 66.63% | Val Acc 25.16%
Epoch 37: Train Loss 1.1287 | Train Acc 67.08% | Val Acc 22.98%
Epoch 38: Train Loss 1.1025 | Train Acc 68.21% | Val Acc 26.28%
Epoch 39: Train Loss 1.0884 | Train Acc 67.87% | Val Acc 27.88%
Epoch 40: Train Loss 1.0579 | Train Acc 69.15% | Val Acc 28.02%
Epoch 41: Train Loss 1.0460 | Train Acc 69.31% | Val Acc 25.56%
Epoch 42: Train Loss 1.0294 | Train Acc 69.73% | Val Acc 24.78%
Epoch 43: Train Loss 1.0668 | Train Acc 68.83% | Val Acc 25.29%
Epoch 44: Train Loss 1.0334 | Train Acc 69.88% | Val Acc 25.32%
Epoch 45: Train Loss 0.9578 | Train Acc 71.47% | Val Acc 25.14%
Epoch 46: Train Loss 1.0121 | Train Acc 70.35% | Val Acc 29.17%
Epoch 47: Train Loss 0.9601 | Train Acc 71.40% | Val Acc 26.33%
Epoch 48: Train Loss 0.9443 | Train Acc 71.96% | Val Acc 27.48%
Epoch 49: Train Loss 0.9658 | Train Acc 71.38% | Val Acc 27.52%
Epoch 50: Train Loss 0.9185 | Train Acc 72.56% | Val Acc 26.61%
Epoch 51: Train Loss 0.8972 | Train Acc 73.37% | Val Acc 25.70%
Epoch 52: Train Loss 0.8972 | Train Acc 73.01% | Val Acc 26.47%
Epoch 53: Train Loss 0.8821 | Train Acc 73.47% | Val Acc 28.21%
Epoch 54: Train Loss 0.8846 | Train Acc 73.36% | Val Acc 28.17%
Epoch 55: Train Loss 0.8726 | Train Acc 74.23% | Val Acc 30.29%
Epoch 56: Train Loss 0.8470 | Train Acc 74.30% | Val Acc 27.61%
Epoch 57: Train Loss 0.8562 | Train Acc 74.43% | Val Acc 28.59%
Epoch 58: Train Loss 0.8342 | Train Acc 74.79% | Val Acc 27.88%
Epoch 59: Train Loss 0.8150 | Train Acc 75.24% | Val Acc 29.02%
Epoch 60: Train Loss 0.8297 | Train Acc 75.13% | Val Acc 28.28%
Epoch 61: Train Loss 0.8271 | Train Acc 74.94% | Val Acc 28.80%
Epoch 62: Train Loss 0.8101 | Train Acc 75.64% | Val Acc 27.51%
Epoch 63: Train Loss 0.8020 | Train Acc 75.68% | Val Acc 25.08%
Epoch 64: Train Loss 0.8116 | Train Acc 75.27% | Val Acc 27.63%
Epoch 65: Train Loss 0.7436 | Train Acc 77.22% | Val Acc 26.45%
Epoch 66: Train Loss 0.7937 | Train Acc 75.67% | Val Acc 28.87%
Epoch 67: Train Loss 0.7763 | Train Acc 76.08% | Val Acc 25.56%
Epoch 68: Train Loss 0.7715 | Train Acc 76.23% | Val Acc 24.65%
Epoch 69: Train Loss 0.7831 | Train Acc 76.44% | Val Acc 30.13%
Epoch 70: Train Loss 0.7143 | Train Acc 77.70% | Val Acc 30.18%
Epoch 71: Train Loss 0.7562 | Train Acc 76.81% | Val Acc 23.29%
Epoch 72: Train Loss 0.7524 | Train Acc 77.02% | Val Acc 27.16%
Epoch 73: Train Loss 0.6723 | Train Acc 79.34% | Val Acc 30.39%
Epoch 74: Train Loss 0.7393 | Train Acc 77.45% | Val Acc 28.52%
Epoch 75: Train Loss 0.6902 | Train Acc 79.05% | Val Acc 29.03%
Epoch 76: Train Loss 0.7091 | Train Acc 78.29% | Val Acc 29.18%
Epoch 77: Train Loss 0.7177 | Train Acc 77.82% | Val Acc 27.61%
Epoch 78: Train Loss 0.6868 | Train Acc 78.82% | Val Acc 28.85%
Epoch 79: Train Loss 0.7613 | Train Acc 76.63% | Val Acc 28.84%
Epoch 80: Train Loss 0.6585 | Train Acc 80.09% | Val Acc 26.63%
Epoch 81: Train Loss 0.6848 | Train Acc 78.64% | Val Acc 26.36%
Epoch 82: Train Loss 0.6761 | Train Acc 79.40% | Val Acc 30.33%
Epoch 83: Train Loss 0.6549 | Train Acc 79.51% | Val Acc 29.38%
Epoch 84: Train Loss 0.6217 | Train Acc 80.40% | Val Acc 24.82%
Epoch 85: Train Loss 0.6670 | Train Acc 79.99% | Val Acc 27.88%
Epoch 86: Train Loss 0.6892 | Train Acc 78.88% | Val Acc 29.65%
Epoch 87: Train Loss 0.6623 | Train Acc 79.24% | Val Acc 29.69%
Epoch 88: Train Loss 0.6620 | Train Acc 79.59% | Val Acc 28.32%
Epoch 89: Train Loss 0.6603 | Train Acc 79.75% | Val Acc 29.67%
Epoch 90: Train Loss 0.6580 | Train Acc 79.69% | Val Acc 29.45%
Epoch 91: Train Loss 0.6567 | Train Acc 79.95% | Val Acc 26.82%
Epoch 92: Train Loss 0.6565 | Train Acc 79.71% | Val Acc 28.19%
Epoch 93: Train Loss 0.6166 | Train Acc 81.08% | Val Acc 29.25%
Epoch 94: Train Loss 0.6005 | Train Acc 81.21% | Val Acc 30.61%
Epoch 95: Train Loss 0.6214 | Train Acc 80.71% | Val Acc 26.19%
Epoch 96: Train Loss 0.3357 | Train Acc 89.89% | Val Acc 38.40%
Epoch 97: Train Loss 0.2117 | Train Acc 94.40% | Val Acc 38.84%
Epoch 98: Train Loss 0.1715 | Train Acc 95.85% | Val Acc 39.07%
Epoch 99: Train Loss 0.1528 | Train Acc 96.49% | Val Acc 39.17%
Epoch 100: Train Loss 0.1374 | Train Acc 96.78% | Val Acc 39.32%
Epoch 101: Train Loss 0.1274 | Train Acc 96.95% | Val Acc 38.99%
Epoch 102: Train Loss 0.1138 | Train Acc 97.34% | Val Acc 39.51%
Epoch 103: Train Loss 0.1108 | Train Acc 97.57% | Val Acc 39.30%
Epoch 104: Train Loss 0.1009 | Train Acc 97.89% | Val Acc 39.33%
Epoch 105: Train Loss 0.0931 | Train Acc 98.10% | Val Acc 39.66%
Epoch 106: Train Loss 0.0867 | Train Acc 98.26% | Val Acc 39.39%
Epoch 107: Train Loss 0.0815 | Train Acc 98.35% | Val Acc 39.42%
Epoch 108: Train Loss 0.0809 | Train Acc 98.30% | Val Acc 39.48%
Epoch 109: Train Loss 0.0767 | Train Acc 98.49% | Val Acc 39.37%
Epoch 110: Train Loss 0.0773 | Train Acc 98.34% | Val Acc 39.28%
Epoch 111: Train Loss 0.0690 | Train Acc 98.76% | Val Acc 39.05%
Epoch 112: Train Loss 0.0687 | Train Acc 98.75% | Val Acc 39.23%
Epoch 113: Train Loss 0.0653 | Train Acc 98.88% | Val Acc 39.24%
Epoch 114: Train Loss 0.0643 | Train Acc 98.84% | Val Acc 39.44%
Epoch 115: Train Loss 0.0609 | Train Acc 98.89% | Val Acc 38.87%
Epoch 116: Train Loss 0.0579 | Train Acc 98.99% | Val Acc 39.32%
Epoch 117: Train Loss 0.0535 | Train Acc 99.08% | Val Acc 39.25%
Epoch 118: Train Loss 0.0515 | Train Acc 99.26% | Val Acc 39.58%
Epoch 119: Train Loss 0.0507 | Train Acc 99.21% | Val Acc 39.72%
Epoch 120: Train Loss 0.0510 | Train Acc 99.13% | Val Acc 39.61%
Epoch 121: Train Loss 0.0516 | Train Acc 99.12% | Val Acc 39.44%
Epoch 122: Train Loss 0.0499 | Train Acc 99.15% | Val Acc 39.54%
Epoch 123: Train Loss 0.0448 | Train Acc 99.31% | Val Acc 39.28%
Epoch 124: Train Loss 0.0446 | Train Acc 99.36% | Val Acc 39.17%
Epoch 125: Train Loss 0.0431 | Train Acc 99.43% | Val Acc 39.28%
Epoch 126: Train Loss 0.0415 | Train Acc 99.42% | Val Acc 39.14%
Epoch 127: Train Loss 0.0426 | Train Acc 99.42% | Val Acc 39.25%
Epoch 128: Train Loss 0.0380 | Train Acc 99.53% | Val Acc 39.42%
Epoch 129: Train Loss 0.0421 | Train Acc 99.44% | Val Acc 39.18%
Epoch 130: Train Loss 0.0392 | Train Acc 99.46% | Val Acc 39.29%
Epoch 131: Train Loss 0.0375 | Train Acc 99.57% | Val Acc 39.24%
Epoch 132: Train Loss 0.0368 | Train Acc 99.56% | Val Acc 39.32%
Epoch 133: Train Loss 0.0360 | Train Acc 99.57% | Val Acc 39.29%
Epoch 134: Train Loss 0.0362 | Train Acc 99.63% | Val Acc 39.36%
Epoch 135: Train Loss 0.0356 | Train Acc 99.51% | Val Acc 39.50%
Epoch 136: Train Loss 0.0329 | Train Acc 99.61% | Val Acc 39.58%
Epoch 137: Train Loss 0.0324 | Train Acc 99.65% | Val Acc 39.43%
Epoch 138: Train Loss 0.0318 | Train Acc 99.63% | Val Acc 39.36%
Epoch 139: Train Loss 0.0302 | Train Acc 99.63% | Val Acc 39.18%
Epoch 140: Train Loss 0.0305 | Train Acc 99.69% | Val Acc 39.28%
Epoch 141: Train Loss 0.0295 | Train Acc 99.76% | Val Acc 39.40%
Epoch 142: Train Loss 0.0286 | Train Acc 99.74% | Val Acc 39.14%
Epoch 143: Train Loss 0.0302 | Train Acc 99.71% | Val Acc 39.45%
Epoch 144: Train Loss 0.0279 | Train Acc 99.76% | Val Acc 39.47%
Epoch 145: Train Loss 0.0283 | Train Acc 99.74% | Val Acc 39.37%
Epoch 146: Train Loss 0.0278 | Train Acc 99.76% | Val Acc 39.59%
Epoch 147: Train Loss 0.0270 | Train Acc 99.81% | Val Acc 39.16%
Epoch 148: Train Loss 0.0264 | Train Acc 99.83% | Val Acc 39.33%
Epoch 149: Train Loss 0.0266 | Train Acc 99.73% | Val Acc 39.05%
Epoch 150: Train Loss 0.0266 | Train Acc 99.73% | Val Acc 39.33%
Epoch 151: Train Loss 0.0252 | Train Acc 99.83% | Val Acc 38.92%
Epoch 152: Train Loss 0.0256 | Train Acc 99.76% | Val Acc 39.37%
Epoch 153: Train Loss 0.0264 | Train Acc 99.74% | Val Acc 39.13%
Epoch 154: Train Loss 0.0259 | Train Acc 99.75% | Val Acc 39.28%
Epoch 155: Train Loss 0.0255 | Train Acc 99.81% | Val Acc 39.13%
Epoch 156: Train Loss 0.0240 | Train Acc 99.80% | Val Acc 39.45%
Epoch 157: Train Loss 0.0239 | Train Acc 99.84% | Val Acc 39.41%
Epoch 158: Train Loss 0.0249 | Train Acc 99.76% | Val Acc 39.47%
Epoch 159: Train Loss 0.0229 | Train Acc 99.86% | Val Acc 39.23%
Epoch 160: Train Loss 0.0236 | Train Acc 99.84% | Val Acc 39.36%
Epoch 161: Train Loss 0.0250 | Train Acc 99.75% | Val Acc 39.26%
Epoch 162: Train Loss 0.0240 | Train Acc 99.77% | Val Acc 39.02%
Epoch 163: Train Loss 0.0242 | Train Acc 99.77% | Val Acc 39.26%
Epoch 164: Train Loss 0.0233 | Train Acc 99.82% | Val Acc 39.02%
Epoch 165: Train Loss 0.0226 | Train Acc 99.80% | Val Acc 39.19%
Epoch 166: Train Loss 0.0229 | Train Acc 99.81% | Val Acc 39.26%
Epoch 167: Train Loss 0.0219 | Train Acc 99.81% | Val Acc 39.22%
Epoch 168: Train Loss 0.0203 | Train Acc 99.92% | Val Acc 39.25%
Epoch 169: Train Loss 0.0213 | Train Acc 99.83% | Val Acc 39.18%
Epoch 170: Train Loss 0.0224 | Train Acc 99.78% | Val Acc 39.18%
Epoch 171: Train Loss 0.0229 | Train Acc 99.76% | Val Acc 39.30%
Epoch 172: Train Loss 0.0222 | Train Acc 99.76% | Val Acc 39.23%
Epoch 173: Train Loss 0.0194 | Train Acc 99.88% | Val Acc 39.40%
Epoch 174: Train Loss 0.0208 | Train Acc 99.83% | Val Acc 39.14%
Epoch 175: Train Loss 0.0198 | Train Acc 99.90% | Val Acc 39.01%
Epoch 176: Train Loss 0.0205 | Train Acc 99.87% | Val Acc 39.27%
Epoch 177: Train Loss 0.0200 | Train Acc 99.88% | Val Acc 39.44%
Epoch 178: Train Loss 0.0194 | Train Acc 99.84% | Val Acc 39.08%
Epoch 179: Train Loss 0.0208 | Train Acc 99.84% | Val Acc 39.14%
Epoch 180: Train Loss 0.0195 | Train Acc 99.91% | Val Acc 39.31%
Epoch 181: Train Loss 0.0213 | Train Acc 99.76% | Val Acc 39.54%
Epoch 182: Train Loss 0.0260 | Train Acc 99.71% | Val Acc 39.75%
Epoch 183: Train Loss 0.0200 | Train Acc 99.87% | Val Acc 39.62%
Epoch 184: Train Loss 0.0208 | Train Acc 99.78% | Val Acc 39.42%
Epoch 185: Train Loss 0.0201 | Train Acc 99.86% | Val Acc 39.11%
Epoch 186: Train Loss 0.0182 | Train Acc 99.88% | Val Acc 39.73%
Epoch 187: Train Loss 0.0182 | Train Acc 99.92% | Val Acc 39.13%
Epoch 188: Train Loss 0.0187 | Train Acc 99.91% | Val Acc 39.49%
Epoch 189: Train Loss 0.0183 | Train Acc 99.89% | Val Acc 39.29%
Epoch 190: Train Loss 0.0180 | Train Acc 99.87% | Val Acc 39.30%
Epoch 191: Train Loss 0.0181 | Train Acc 99.82% | Val Acc 39.30%
Epoch 192: Train Loss 0.0187 | Train Acc 99.83% | Val Acc 39.23%
Epoch 193: Train Loss 0.0169 | Train Acc 99.89% | Val Acc 39.40%
Epoch 194: Train Loss 0.0151 | Train Acc 99.92% | Val Acc 39.27%
Epoch 195: Train Loss 0.0168 | Train Acc 99.90% | Val Acc 39.68%
Epoch 196: Train Loss 0.0156 | Train Acc 99.94% | Val Acc 39.38%
Epoch 197: Train Loss 0.0157 | Train Acc 99.95% | Val Acc 39.46%
Epoch 198: Train Loss 0.0158 | Train Acc 99.92% | Val Acc 39.65%
Epoch 199: Train Loss 0.0152 | Train Acc 99.95% | Val Acc 39.45%
Epoch 200: Train Loss 0.0170 | Train Acc 99.91% | Val Acc 39.50%
Epoch 201: Train Loss 0.0149 | Train Acc 99.95% | Val Acc 39.45%
Epoch 202: Train Loss 0.0152 | Train Acc 99.95% | Val Acc 39.37%
Epoch 203: Train Loss 0.0155 | Train Acc 99.90% | Val Acc 39.54%
Epoch 204: Train Loss 0.0161 | Train Acc 99.92% | Val Acc 39.39%
Epoch 205: Train Loss 0.0158 | Train Acc 99.95% | Val Acc 39.58%
Epoch 206: Train Loss 0.0152 | Train Acc 99.95% | Val Acc 39.35%
Epoch 207: Train Loss 0.0158 | Train Acc 99.93% | Val Acc 39.52%
Epoch 208: Train Loss 0.0152 | Train Acc 99.93% | Val Acc 39.50%
Epoch 209: Train Loss 0.0146 | Train Acc 99.94% | Val Acc 39.48%
Epoch 210: Train Loss 0.0141 | Train Acc 99.98% | Val Acc 39.56%
Epoch 211: Train Loss 0.0138 | Train Acc 99.97% | Val Acc 39.58%
Epoch 212: Train Loss 0.0144 | Train Acc 99.95% | Val Acc 39.30%
Epoch 213: Train Loss 0.0146 | Train Acc 99.94% | Val Acc 39.36%
Epoch 214: Train Loss 0.0143 | Train Acc 99.96% | Val Acc 39.56%
Epoch 215: Train Loss 0.0140 | Train Acc 99.95% | Val Acc 39.52%
Epoch 216: Train Loss 0.0144 | Train Acc 99.95% | Val Acc 39.34%
Epoch 217: Train Loss 0.0145 | Train Acc 99.95% | Val Acc 39.32%
Epoch 218: Train Loss 0.0139 | Train Acc 99.98% | Val Acc 39.56%
Epoch 219: Train Loss 0.0152 | Train Acc 99.91% | Val Acc 39.46%
Epoch 220: Train Loss 0.0145 | Train Acc 99.98% | Val Acc 39.38%
Epoch 221: Train Loss 0.0148 | Train Acc 99.92% | Val Acc 39.23%
Epoch 222: Train Loss 0.0137 | Train Acc 99.98% | Val Acc 39.41%
Epoch 223: Train Loss 0.0147 | Train Acc 99.93% | Val Acc 39.56%
Epoch 224: Train Loss 0.0147 | Train Acc 99.92% | Val Acc 39.61%
Epoch 225: Train Loss 0.0142 | Train Acc 99.95% | Val Acc 39.37%
Epoch 226: Train Loss 0.0147 | Train Acc 99.94% | Val Acc 39.44%
Epoch 227: Train Loss 0.0148 | Train Acc 99.95% | Val Acc 39.26%
Epoch 228: Train Loss 0.0143 | Train Acc 99.98% | Val Acc 39.30%
Epoch 229: Train Loss 0.0145 | Train Acc 99.95% | Val Acc 39.60%
Epoch 230: Train Loss 0.0138 | Train Acc 99.96% | Val Acc 39.36%
Epoch 231: Train Loss 0.0153 | Train Acc 99.94% | Val Acc 39.51%
Epoch 232: Train Loss 0.0138 | Train Acc 99.97% | Val Acc 39.44%
Epoch 233: Train Loss 0.0145 | Train Acc 99.95% | Val Acc 39.37%
Epoch 234: Train Loss 0.0145 | Train Acc 99.96% | Val Acc 39.18%
Epoch 235: Train Loss 0.0161 | Train Acc 99.89% | Val Acc 39.48%
Epoch 236: Train Loss 0.0151 | Train Acc 99.96% | Val Acc 39.50%
Epoch 237: Train Loss 0.0143 | Train Acc 99.95% | Val Acc 39.24%
Epoch 238: Train Loss 0.0147 | Train Acc 99.96% | Val Acc 39.20%
Epoch 239: Train Loss 0.0148 | Train Acc 99.97% | Val Acc 39.61%
Epoch 240: Train Loss 0.0140 | Train Acc 99.95% | Val Acc 39.36%
Epoch 241: Train Loss 0.0152 | Train Acc 99.96% | Val Acc 39.46%
Epoch 242: Train Loss 0.0142 | Train Acc 99.96% | Val Acc 39.55%
Epoch 243: Train Loss 0.0145 | Train Acc 99.96% | Val Acc 39.51%
Epoch 244: Train Loss 0.0142 | Train Acc 99.98% | Val Acc 39.43%
Epoch 245: Train Loss 0.0156 | Train Acc 99.95% | Val Acc 39.49%
Epoch 246: Train Loss 0.0143 | Train Acc 99.93% | Val Acc 39.45%
Epoch 247: Train Loss 0.0142 | Train Acc 99.97% | Val Acc 39.41%
Epoch 248: Train Loss 0.0136 | Train Acc 99.95% | Val Acc 39.42%
Epoch 249: Train Loss 0.0144 | Train Acc 99.96% | Val Acc 39.40%
Epoch 250: Train Loss 0.0145 | Train Acc 99.93% | Val Acc 39.46%
Epoch 251: Train Loss 0.0149 | Train Acc 99.92% | Val Acc 39.35%
Epoch 252: Train Loss 0.0138 | Train Acc 99.95% | Val Acc 39.53%
Epoch 253: Train Loss 0.0145 | Train Acc 99.93% | Val Acc 39.44%
Epoch 254: Train Loss 0.0139 | Train Acc 99.96% | Val Acc 39.36%
Epoch 255: Train Loss 0.0137 | Train Acc 99.96% | Val Acc 39.39%
