Log file: cifar10_sava1.0_randomoversampling_selection_exp0.01_seed42_20260609_145627.log
Run started: 2026-06-09 14:56:27.878581
Dataset: cifar10
Imbalance type: exp, factor: 0.01
Selection method: sava, ratio: 1.0
Strategy: RandomOversampling_Selection, epochs: 200
Seed: 42, rand_number: 0
Augmentation: weak
Noise ratio: 0.15
mamix_ratio: 1.0
============================================================

=> Preparing logger and tensorboard writer !
----------------------------------------------------
Class ID   | Original   | Selected   | Keep %  
----------------------------------------------------
0          | 5000       | 5000       |   100.0%
1          | 5000       | 5000       |   100.0%
2          | 5000       | 5000       |   100.0%
3          | 5000       | 5000       |   100.0%
4          | 5000       | 5000       |   100.0%
5          | 5000       | 5000       |   100.0%
6          | 5000       | 5000       |   100.0%
7          | 5000       | 5000       |   100.0%
8          | 5000       | 5000       |   100.0%
9          | 5000       | 5000       |   100.0%
----------------------------------------------------
TOTAL      | 50000      | 50000      |   100.0%
----------------------------------------------------
Epoch [0] Training Results: Prec@1 22.614 Prec@5 70.688             Loss 2.14361
Epoch [0] Training Class Recall: [0.409,0.515,0.203,0.239,0.205,0.154,0.213,0.112,0.124,0.087]
Epoch [0] Testing Results: Prec@1 31.600 Prec@5 85.070             Loss 1.85560
Epoch [0] Testing Class Recall: [0.803,0.591,0.271,0.179,0.618,0.217,0.407,0.034,0.009,0.031]
Epoch [1] Training Results: Prec@1 29.480 Prec@5 77.694             Loss 1.99922
Epoch [1] Training Class Recall: [0.484,0.645,0.294,0.308,0.245,0.228,0.298,0.173,0.143,0.131]
Epoch [1] Testing Results: Prec@1 38.730 Prec@5 87.030             Loss 1.80421
Epoch [1] Testing Class Recall: [0.163,0.638,0.235,0.079,0.443,0.461,0.497,0.674,0.377,0.306]
Epoch [2] Training Results: Prec@1 35.832 Prec@5 81.844             Loss 1.85896
Epoch [2] Training Class Recall: [0.520,0.680,0.381,0.365,0.335,0.300,0.355,0.225,0.245,0.179]
Epoch [2] Testing Results: Prec@1 36.780 Prec@5 84.440             Loss 1.83375
Epoch [2] Testing Class Recall: [0.553,0.515,0.605,0.095,0.270,0.138,0.500,0.009,0.565,0.428]
Epoch [3] Training Results: Prec@1 41.454 Prec@5 85.626             Loss 1.71822
Epoch [3] Training Class Recall: [0.531,0.701,0.420,0.398,0.386,0.354,0.407,0.277,0.359,0.314]
Epoch [3] Testing Results: Prec@1 40.820 Prec@5 85.240             Loss 1.78020
Epoch [3] Testing Class Recall: [0.531,0.371,0.321,0.451,0.191,0.723,0.356,0.340,0.137,0.661]
Epoch [4] Training Results: Prec@1 46.404 Prec@5 88.562             Loss 1.58478
Epoch [4] Training Class Recall: [0.547,0.700,0.454,0.429,0.424,0.381,0.445,0.335,0.453,0.472]
Epoch [4] Testing Results: Prec@1 41.490 Prec@5 85.390             Loss 1.79072
Epoch [4] Testing Class Recall: [0.589,0.405,0.561,0.558,0.268,0.200,0.714,0.343,0.312,0.199]
Epoch [5] Training Results: Prec@1 52.710 Prec@5 91.788             Loss 1.39653
Epoch [5] Training Class Recall: [0.562,0.708,0.449,0.470,0.475,0.441,0.506,0.440,0.584,0.636]
Epoch [5] Testing Results: Prec@1 43.640 Prec@5 83.950             Loss 1.89103
Epoch [5] Testing Class Recall: [0.719,0.605,0.685,0.385,0.463,0.291,0.345,0.300,0.426,0.145]
Epoch [6] Training Results: Prec@1 58.770 Prec@5 93.998             Loss 1.22735
Epoch [6] Training Class Recall: [0.575,0.717,0.489,0.502,0.522,0.496,0.585,0.553,0.695,0.743]
Epoch [6] Testing Results: Prec@1 44.950 Prec@5 82.430             Loss 2.00503
Epoch [6] Testing Class Recall: [0.600,0.763,0.647,0.323,0.148,0.559,0.583,0.429,0.201,0.242]
Epoch [7] Training Results: Prec@1 63.416 Prec@5 95.530             Loss 1.09227
Epoch [7] Training Class Recall: [0.577,0.722,0.537,0.539,0.553,0.545,0.653,0.654,0.760,0.802]
Epoch [7] Testing Results: Prec@1 44.660 Prec@5 85.510             Loss 2.07103
Epoch [7] Testing Class Recall: [0.597,0.475,0.338,0.359,0.496,0.335,0.706,0.444,0.574,0.142]
Epoch [8] Training Results: Prec@1 67.388 Prec@5 96.580             Loss 0.97444
Epoch [8] Training Class Recall: [0.598,0.737,0.549,0.574,0.590,0.595,0.707,0.727,0.819,0.842]
Epoch [8] Testing Results: Prec@1 42.930 Prec@5 82.650             Loss 2.44195
Epoch [8] Testing Class Recall: [0.626,0.711,0.276,0.349,0.176,0.742,0.554,0.404,0.345,0.110]
Epoch [9] Training Results: Prec@1 70.852 Prec@5 97.464             Loss 0.87165
Epoch [9] Training Class Recall: [0.607,0.743,0.584,0.594,0.629,0.660,0.757,0.786,0.848,0.876]
Epoch [9] Testing Results: Prec@1 43.960 Prec@5 83.300             Loss 2.51893
Epoch [9] Testing Class Recall: [0.436,0.625,0.224,0.550,0.597,0.498,0.438,0.625,0.339,0.064]
Epoch [10] Training Results: Prec@1 72.630 Prec@5 97.836             Loss 0.81642
Epoch [10] Training Class Recall: [0.608,0.749,0.601,0.619,0.642,0.698,0.781,0.813,0.876,0.877]
Epoch [10] Testing Results: Prec@1 45.620 Prec@5 83.190             Loss 2.45714
Epoch [10] Testing Class Recall: [0.449,0.700,0.505,0.519,0.293,0.469,0.370,0.685,0.416,0.156]
Epoch [11] Training Results: Prec@1 74.740 Prec@5 98.282             Loss 0.75068
Epoch [11] Training Class Recall: [0.620,0.765,0.627,0.637,0.684,0.721,0.816,0.833,0.877,0.894]
Epoch [11] Testing Results: Prec@1 48.570 Prec@5 84.390             Loss 2.42705
Epoch [11] Testing Class Recall: [0.726,0.779,0.444,0.353,0.425,0.621,0.577,0.381,0.217,0.334]
Epoch [12] Training Results: Prec@1 77.106 Prec@5 98.650             Loss 0.68514
Epoch [12] Training Class Recall: [0.649,0.777,0.645,0.663,0.702,0.759,0.842,0.864,0.896,0.913]
Epoch [12] Testing Results: Prec@1 42.260 Prec@5 81.420             Loss 2.85767
Epoch [12] Testing Class Recall: [0.438,0.751,0.261,0.786,0.420,0.361,0.432,0.116,0.306,0.355]
Epoch [13] Training Results: Prec@1 77.984 Prec@5 98.758             Loss 0.65237
Epoch [13] Training Class Recall: [0.655,0.778,0.645,0.682,0.719,0.774,0.857,0.873,0.900,0.915]
Epoch [13] Testing Results: Prec@1 43.960 Prec@5 81.230             Loss 2.58576
Epoch [13] Testing Class Recall: [0.501,0.792,0.446,0.634,0.687,0.268,0.313,0.346,0.338,0.071]
Epoch [14] Training Results: Prec@1 79.572 Prec@5 98.968             Loss 0.60907
Epoch [14] Training Class Recall: [0.666,0.786,0.664,0.702,0.754,0.811,0.865,0.877,0.913,0.920]
Epoch [14] Testing Results: Prec@1 44.560 Prec@5 80.560             Loss 2.94318
Epoch [14] Testing Class Recall: [0.542,0.733,0.697,0.511,0.390,0.354,0.104,0.425,0.367,0.333]
Epoch [15] Training Results: Prec@1 80.818 Prec@5 99.090             Loss 0.57166
Epoch [15] Training Class Recall: [0.681,0.795,0.679,0.725,0.762,0.819,0.882,0.893,0.918,0.929]
Epoch [15] Testing Results: Prec@1 45.260 Prec@5 81.390             Loss 2.77560
Epoch [15] Testing Class Recall: [0.585,0.579,0.583,0.433,0.441,0.463,0.504,0.637,0.205,0.096]
Epoch [16] Training Results: Prec@1 81.710 Prec@5 99.158             Loss 0.54992
Epoch [16] Training Class Recall: [0.681,0.801,0.697,0.737,0.787,0.829,0.894,0.895,0.920,0.930]
Epoch [16] Testing Results: Prec@1 44.540 Prec@5 79.820             Loss 2.91943
Epoch [16] Testing Class Recall: [0.616,0.569,0.417,0.513,0.442,0.449,0.653,0.219,0.541,0.035]
Epoch [17] Training Results: Prec@1 82.310 Prec@5 99.276             Loss 0.52642
Epoch [17] Training Class Recall: [0.689,0.798,0.700,0.746,0.801,0.844,0.898,0.901,0.924,0.930]
Epoch [17] Testing Results: Prec@1 45.310 Prec@5 83.560             Loss 2.56503
Epoch [17] Testing Class Recall: [0.451,0.842,0.326,0.514,0.660,0.231,0.478,0.536,0.259,0.234]
Epoch [18] Training Results: Prec@1 82.914 Prec@5 99.334             Loss 0.51547
Epoch [18] Training Class Recall: [0.701,0.808,0.707,0.757,0.811,0.847,0.894,0.910,0.922,0.935]
Epoch [18] Testing Results: Prec@1 48.110 Prec@5 82.900             Loss 2.78418
Epoch [18] Testing Class Recall: [0.591,0.853,0.467,0.569,0.433,0.479,0.530,0.341,0.257,0.291]
Epoch [19] Training Results: Prec@1 84.184 Prec@5 99.430             Loss 0.48005
Epoch [19] Training Class Recall: [0.717,0.816,0.729,0.765,0.827,0.871,0.906,0.909,0.941,0.937]
Epoch [19] Testing Results: Prec@1 43.300 Prec@5 83.200             Loss 2.97618
Epoch [19] Testing Class Recall: [0.541,0.595,0.344,0.517,0.816,0.294,0.498,0.270,0.260,0.195]
Epoch [20] Training Results: Prec@1 83.692 Prec@5 99.362             Loss 0.48940
Epoch [20] Training Class Recall: [0.705,0.817,0.721,0.773,0.815,0.862,0.903,0.905,0.929,0.939]
Epoch [20] Testing Results: Prec@1 43.750 Prec@5 80.740             Loss 2.76362
Epoch [20] Testing Class Recall: [0.582,0.650,0.431,0.599,0.224,0.477,0.585,0.378,0.242,0.207]
Epoch [21] Training Results: Prec@1 85.002 Prec@5 99.430             Loss 0.45415
Epoch [21] Training Class Recall: [0.726,0.819,0.744,0.788,0.846,0.877,0.911,0.916,0.934,0.937]
Epoch [21] Testing Results: Prec@1 48.500 Prec@5 82.550             Loss 2.61376
Epoch [21] Testing Class Recall: [0.739,0.743,0.494,0.601,0.501,0.304,0.625,0.326,0.222,0.295]
Epoch [22] Training Results: Prec@1 85.058 Prec@5 99.548             Loss 0.44673
Epoch [22] Training Class Recall: [0.726,0.827,0.739,0.793,0.835,0.876,0.916,0.914,0.938,0.943]
Epoch [22] Testing Results: Prec@1 45.240 Prec@5 80.460             Loss 3.38810
Epoch [22] Testing Class Recall: [0.629,0.716,0.689,0.672,0.420,0.031,0.579,0.440,0.149,0.199]
Epoch [23] Training Results: Prec@1 85.600 Prec@5 99.528             Loss 0.43947
Epoch [23] Training Class Recall: [0.735,0.833,0.750,0.796,0.847,0.879,0.916,0.923,0.940,0.941]
Epoch [23] Testing Results: Prec@1 45.250 Prec@5 80.050             Loss 3.34598
Epoch [23] Testing Class Recall: [0.564,0.805,0.648,0.643,0.515,0.204,0.315,0.401,0.401,0.029]
Epoch [24] Training Results: Prec@1 85.720 Prec@5 99.520             Loss 0.43341
Epoch [24] Training Class Recall: [0.739,0.830,0.752,0.799,0.855,0.881,0.924,0.912,0.941,0.940]
Epoch [24] Testing Results: Prec@1 49.380 Prec@5 83.330             Loss 2.71005
Epoch [24] Testing Class Recall: [0.653,0.832,0.573,0.502,0.500,0.431,0.591,0.291,0.230,0.335]
Epoch [25] Training Results: Prec@1 86.024 Prec@5 99.554             Loss 0.41688
Epoch [25] Training Class Recall: [0.743,0.831,0.761,0.806,0.855,0.879,0.917,0.922,0.940,0.948]
Epoch [25] Testing Results: Prec@1 46.010 Prec@5 80.750             Loss 3.11313
Epoch [25] Testing Class Recall: [0.568,0.766,0.560,0.715,0.584,0.288,0.291,0.348,0.193,0.288]
Epoch [26] Training Results: Prec@1 86.170 Prec@5 99.594             Loss 0.41531
Epoch [26] Training Class Recall: [0.745,0.832,0.761,0.812,0.866,0.884,0.920,0.920,0.939,0.939]
Epoch [26] Testing Results: Prec@1 44.470 Prec@5 80.870             Loss 3.01482
Epoch [26] Testing Class Recall: [0.548,0.694,0.505,0.564,0.366,0.621,0.374,0.394,0.268,0.113]
Epoch [27] Training Results: Prec@1 86.436 Prec@5 99.634             Loss 0.40589
Epoch [27] Training Class Recall: [0.740,0.838,0.762,0.815,0.861,0.894,0.923,0.928,0.940,0.944]
Epoch [27] Testing Results: Prec@1 46.910 Prec@5 81.120             Loss 2.85493
Epoch [27] Testing Class Recall: [0.497,0.808,0.512,0.398,0.464,0.349,0.626,0.396,0.313,0.328]
Epoch [28] Training Results: Prec@1 86.394 Prec@5 99.598             Loss 0.40770
Epoch [28] Training Class Recall: [0.748,0.837,0.768,0.811,0.870,0.885,0.920,0.918,0.941,0.941]
Epoch [28] Testing Results: Prec@1 45.890 Prec@5 86.910             Loss 3.11841
Epoch [28] Testing Class Recall: [0.458,0.651,0.330,0.416,0.535,0.420,0.310,0.758,0.435,0.276]
Epoch [29] Training Results: Prec@1 86.728 Prec@5 99.572             Loss 0.39559
Epoch [29] Training Class Recall: [0.753,0.838,0.776,0.818,0.863,0.884,0.928,0.922,0.946,0.947]
Epoch [29] Testing Results: Prec@1 45.370 Prec@5 81.490             Loss 3.14271
Epoch [29] Testing Class Recall: [0.700,0.693,0.669,0.504,0.771,0.241,0.280,0.268,0.240,0.171]
Epoch [30] Training Results: Prec@1 87.248 Prec@5 99.650             Loss 0.38430
Epoch [30] Training Class Recall: [0.756,0.846,0.777,0.825,0.878,0.892,0.929,0.931,0.938,0.952]
Epoch [30] Testing Results: Prec@1 46.620 Prec@5 84.390             Loss 2.67470
Epoch [30] Testing Class Recall: [0.509,0.697,0.308,0.561,0.532,0.301,0.612,0.454,0.208,0.480]
Epoch [31] Training Results: Prec@1 87.162 Prec@5 99.616             Loss 0.38406
Epoch [31] Training Class Recall: [0.761,0.846,0.777,0.821,0.872,0.900,0.922,0.924,0.948,0.946]
Epoch [31] Testing Results: Prec@1 44.050 Prec@5 80.610             Loss 3.24364
Epoch [31] Testing Class Recall: [0.808,0.669,0.496,0.445,0.446,0.250,0.388,0.514,0.160,0.229]
Epoch [32] Training Results: Prec@1 87.092 Prec@5 99.646             Loss 0.39003
Epoch [32] Training Class Recall: [0.761,0.842,0.776,0.824,0.873,0.894,0.923,0.929,0.941,0.946]
Epoch [32] Testing Results: Prec@1 48.170 Prec@5 82.740             Loss 2.87356
Epoch [32] Testing Class Recall: [0.708,0.733,0.483,0.506,0.640,0.459,0.174,0.417,0.613,0.084]
Epoch [33] Training Results: Prec@1 87.836 Prec@5 99.704             Loss 0.36891
Epoch [33] Training Class Recall: [0.774,0.843,0.790,0.839,0.881,0.900,0.928,0.931,0.944,0.953]
Epoch [33] Testing Results: Prec@1 40.980 Prec@5 75.920             Loss 3.33405
Epoch [33] Testing Class Recall: [0.487,0.902,0.613,0.389,0.633,0.373,0.099,0.334,0.218,0.050]
Epoch [34] Training Results: Prec@1 87.560 Prec@5 99.652             Loss 0.37248
Epoch [34] Training Class Recall: [0.759,0.840,0.791,0.835,0.884,0.900,0.929,0.928,0.947,0.944]
Epoch [34] Testing Results: Prec@1 45.600 Prec@5 82.260             Loss 3.12222
Epoch [34] Testing Class Recall: [0.682,0.692,0.438,0.667,0.596,0.473,0.347,0.159,0.304,0.202]
Epoch [35] Training Results: Prec@1 87.706 Prec@5 99.672             Loss 0.36995
Epoch [35] Training Class Recall: [0.763,0.850,0.788,0.837,0.880,0.903,0.929,0.930,0.943,0.947]
Epoch [35] Testing Results: Prec@1 45.540 Prec@5 83.860             Loss 3.08528
Epoch [35] Testing Class Recall: [0.580,0.844,0.325,0.751,0.389,0.319,0.356,0.417,0.362,0.211]
Epoch [36] Training Results: Prec@1 88.348 Prec@5 99.704             Loss 0.35611
Epoch [36] Training Class Recall: [0.780,0.853,0.798,0.842,0.887,0.906,0.931,0.934,0.952,0.952]
Epoch [36] Testing Results: Prec@1 48.550 Prec@5 84.890             Loss 3.01708
Epoch [36] Testing Class Recall: [0.692,0.694,0.366,0.747,0.493,0.370,0.519,0.287,0.274,0.413]
Epoch [37] Training Results: Prec@1 87.990 Prec@5 99.706             Loss 0.35787
Epoch [37] Training Class Recall: [0.770,0.846,0.793,0.846,0.887,0.902,0.928,0.934,0.943,0.950]
Epoch [37] Testing Results: Prec@1 45.760 Prec@5 84.630             Loss 3.05660
Epoch [37] Testing Class Recall: [0.814,0.623,0.357,0.405,0.494,0.615,0.380,0.357,0.203,0.328]
Epoch [38] Training Results: Prec@1 87.850 Prec@5 99.692             Loss 0.36214
Epoch [38] Training Class Recall: [0.770,0.854,0.791,0.838,0.870,0.902,0.928,0.936,0.950,0.946]
Epoch [38] Testing Results: Prec@1 45.540 Prec@5 81.850             Loss 3.28743
Epoch [38] Testing Class Recall: [0.483,0.656,0.629,0.460,0.458,0.193,0.652,0.357,0.569,0.097]
Epoch [39] Training Results: Prec@1 88.090 Prec@5 99.710             Loss 0.35718
Epoch [39] Training Class Recall: [0.782,0.850,0.803,0.836,0.885,0.903,0.929,0.929,0.946,0.947]
Epoch [39] Testing Results: Prec@1 43.770 Prec@5 77.200             Loss 3.47666
Epoch [39] Testing Class Recall: [0.805,0.788,0.643,0.542,0.534,0.270,0.429,0.137,0.196,0.033]
Epoch [40] Training Results: Prec@1 88.224 Prec@5 99.698             Loss 0.35946
Epoch [40] Training Class Recall: [0.771,0.856,0.795,0.842,0.881,0.906,0.934,0.935,0.945,0.956]
Epoch [40] Testing Results: Prec@1 45.160 Prec@5 81.590             Loss 2.95685
Epoch [40] Testing Class Recall: [0.703,0.819,0.451,0.530,0.470,0.561,0.265,0.267,0.356,0.094]
Epoch [41] Training Results: Prec@1 88.844 Prec@5 99.734             Loss 0.33800
Epoch [41] Training Class Recall: [0.788,0.859,0.812,0.849,0.892,0.913,0.932,0.935,0.953,0.952]
Epoch [41] Testing Results: Prec@1 47.560 Prec@5 83.720             Loss 2.95018
Epoch [41] Testing Class Recall: [0.683,0.628,0.522,0.637,0.548,0.138,0.300,0.374,0.447,0.479]
Epoch [42] Training Results: Prec@1 88.758 Prec@5 99.734             Loss 0.33989
Epoch [42] Training Class Recall: [0.786,0.865,0.805,0.851,0.892,0.908,0.934,0.937,0.949,0.948]
Epoch [42] Testing Results: Prec@1 48.070 Prec@5 83.090             Loss 3.03206
Epoch [42] Testing Class Recall: [0.631,0.891,0.572,0.628,0.497,0.291,0.568,0.201,0.366,0.162]
Epoch [43] Training Results: Prec@1 88.488 Prec@5 99.740             Loss 0.34901
Epoch [43] Training Class Recall: [0.779,0.852,0.810,0.849,0.890,0.904,0.934,0.932,0.950,0.948]
Epoch [43] Testing Results: Prec@1 44.760 Prec@5 81.030             Loss 3.13386
Epoch [43] Testing Class Recall: [0.698,0.822,0.347,0.269,0.540,0.643,0.291,0.455,0.182,0.229]
Epoch [44] Training Results: Prec@1 88.296 Prec@5 99.736             Loss 0.35082
Epoch [44] Training Class Recall: [0.787,0.848,0.805,0.843,0.887,0.909,0.933,0.931,0.944,0.942]
Epoch [44] Testing Results: Prec@1 37.660 Prec@5 78.300             Loss 3.91462
Epoch [44] Testing Class Recall: [0.248,0.722,0.507,0.298,0.332,0.715,0.135,0.172,0.099,0.538]
Epoch [45] Training Results: Prec@1 89.002 Prec@5 99.770             Loss 0.32823
Epoch [45] Training Class Recall: [0.791,0.858,0.812,0.850,0.895,0.917,0.937,0.938,0.954,0.949]
Epoch [45] Testing Results: Prec@1 48.780 Prec@5 82.730             Loss 2.95730
Epoch [45] Testing Class Recall: [0.625,0.893,0.632,0.295,0.473,0.458,0.643,0.385,0.402,0.072]
Epoch [46] Training Results: Prec@1 88.850 Prec@5 99.720             Loss 0.33632
Epoch [46] Training Class Recall: [0.794,0.858,0.813,0.855,0.886,0.909,0.931,0.937,0.950,0.952]
Epoch [46] Testing Results: Prec@1 45.550 Prec@5 82.000             Loss 2.88930
Epoch [46] Testing Class Recall: [0.514,0.769,0.641,0.521,0.466,0.191,0.609,0.393,0.113,0.338]
Epoch [47] Training Results: Prec@1 89.042 Prec@5 99.758             Loss 0.33199
Epoch [47] Training Class Recall: [0.788,0.858,0.819,0.856,0.895,0.909,0.935,0.940,0.951,0.953]
Epoch [47] Testing Results: Prec@1 46.410 Prec@5 80.770             Loss 3.02782
Epoch [47] Testing Class Recall: [0.682,0.820,0.660,0.496,0.491,0.382,0.351,0.258,0.366,0.135]
Epoch [48] Training Results: Prec@1 89.028 Prec@5 99.728             Loss 0.32946
Epoch [48] Training Class Recall: [0.783,0.859,0.814,0.867,0.897,0.916,0.932,0.933,0.952,0.949]
Epoch [48] Testing Results: Prec@1 42.130 Prec@5 80.490             Loss 3.16453
Epoch [48] Testing Class Recall: [0.776,0.301,0.486,0.313,0.484,0.576,0.599,0.453,0.103,0.122]
Epoch [49] Training Results: Prec@1 89.118 Prec@5 99.794             Loss 0.32690
Epoch [49] Training Class Recall: [0.786,0.860,0.812,0.851,0.893,0.921,0.940,0.946,0.950,0.954]
Epoch [49] Testing Results: Prec@1 46.800 Prec@5 82.410             Loss 2.93133
Epoch [49] Testing Class Recall: [0.769,0.616,0.551,0.467,0.507,0.461,0.635,0.318,0.166,0.190]
Epoch [50] Training Results: Prec@1 89.236 Prec@5 99.744             Loss 0.32539
Epoch [50] Training Class Recall: [0.794,0.861,0.826,0.868,0.891,0.913,0.931,0.934,0.951,0.955]
Epoch [50] Testing Results: Prec@1 39.750 Prec@5 80.290             Loss 3.80516
Epoch [50] Testing Class Recall: [0.557,0.676,0.406,0.315,0.305,0.293,0.392,0.733,0.113,0.185]
Epoch [51] Training Results: Prec@1 88.864 Prec@5 99.762             Loss 0.33263
Epoch [51] Training Class Recall: [0.788,0.858,0.810,0.854,0.890,0.916,0.937,0.929,0.954,0.950]
Epoch [51] Testing Results: Prec@1 46.090 Prec@5 81.700             Loss 3.38360
Epoch [51] Testing Class Recall: [0.749,0.846,0.412,0.304,0.742,0.635,0.366,0.214,0.152,0.189]
Epoch [52] Training Results: Prec@1 89.716 Prec@5 99.802             Loss 0.31328
Epoch [52] Training Class Recall: [0.800,0.861,0.831,0.868,0.903,0.918,0.936,0.943,0.954,0.958]
Epoch [52] Testing Results: Prec@1 44.410 Prec@5 81.750             Loss 3.52891
Epoch [52] Testing Class Recall: [0.542,0.842,0.421,0.592,0.452,0.542,0.320,0.286,0.408,0.036]
Epoch [53] Training Results: Prec@1 89.076 Prec@5 99.758             Loss 0.32832
Epoch [53] Training Class Recall: [0.795,0.856,0.817,0.863,0.897,0.907,0.936,0.936,0.949,0.953]
Epoch [53] Testing Results: Prec@1 47.480 Prec@5 82.250             Loss 2.75146
Epoch [53] Testing Class Recall: [0.603,0.767,0.488,0.571,0.473,0.442,0.541,0.417,0.344,0.102]
Epoch [54] Training Results: Prec@1 88.994 Prec@5 99.786             Loss 0.32756
Epoch [54] Training Class Recall: [0.788,0.862,0.814,0.860,0.895,0.915,0.930,0.932,0.952,0.952]
Epoch [54] Testing Results: Prec@1 43.660 Prec@5 85.470             Loss 3.02911
Epoch [54] Testing Class Recall: [0.456,0.653,0.584,0.265,0.353,0.748,0.258,0.489,0.227,0.333]
Epoch [55] Training Results: Prec@1 89.306 Prec@5 99.772             Loss 0.32051
Epoch [55] Training Class Recall: [0.791,0.864,0.818,0.866,0.900,0.916,0.941,0.936,0.949,0.949]
Epoch [55] Testing Results: Prec@1 47.850 Prec@5 82.520             Loss 2.94494
Epoch [55] Testing Class Recall: [0.642,0.891,0.411,0.553,0.387,0.549,0.573,0.375,0.182,0.222]
Epoch [56] Training Results: Prec@1 89.906 Prec@5 99.784             Loss 0.30755
Epoch [56] Training Class Recall: [0.809,0.865,0.819,0.874,0.907,0.917,0.942,0.943,0.956,0.959]
Epoch [56] Testing Results: Prec@1 47.800 Prec@5 81.180             Loss 3.28183
Epoch [56] Testing Class Recall: [0.752,0.842,0.703,0.475,0.460,0.404,0.329,0.505,0.266,0.044]
Epoch [57] Training Results: Prec@1 89.452 Prec@5 99.786             Loss 0.31680
Epoch [57] Training Class Recall: [0.802,0.866,0.821,0.862,0.900,0.916,0.936,0.940,0.946,0.957]
Epoch [57] Testing Results: Prec@1 44.830 Prec@5 82.650             Loss 3.29615
Epoch [57] Testing Class Recall: [0.465,0.755,0.544,0.390,0.818,0.176,0.683,0.198,0.275,0.179]
Epoch [58] Training Results: Prec@1 89.938 Prec@5 99.810             Loss 0.30480
Epoch [58] Training Class Recall: [0.808,0.869,0.828,0.878,0.902,0.921,0.937,0.940,0.956,0.955]
Epoch [58] Testing Results: Prec@1 45.460 Prec@5 81.940             Loss 3.13377
Epoch [58] Testing Class Recall: [0.452,0.841,0.744,0.621,0.514,0.427,0.309,0.311,0.173,0.154]
Epoch [59] Training Results: Prec@1 89.510 Prec@5 99.758             Loss 0.31454
Epoch [59] Training Class Recall: [0.794,0.868,0.824,0.866,0.904,0.918,0.937,0.935,0.950,0.954]
Epoch [59] Testing Results: Prec@1 44.000 Prec@5 81.520             Loss 3.08411
Epoch [59] Testing Class Recall: [0.374,0.848,0.675,0.502,0.581,0.319,0.420,0.218,0.243,0.220]
Epoch [60] Training Results: Prec@1 89.990 Prec@5 99.800             Loss 0.30734
Epoch [60] Training Class Recall: [0.807,0.872,0.832,0.871,0.903,0.918,0.943,0.942,0.955,0.957]
Epoch [60] Testing Results: Prec@1 47.890 Prec@5 85.180             Loss 2.79545
Epoch [60] Testing Class Recall: [0.603,0.784,0.401,0.603,0.692,0.371,0.330,0.304,0.267,0.434]
Epoch [61] Training Results: Prec@1 89.290 Prec@5 99.768             Loss 0.31776
Epoch [61] Training Class Recall: [0.796,0.863,0.821,0.873,0.900,0.911,0.933,0.936,0.946,0.951]
Epoch [61] Testing Results: Prec@1 44.520 Prec@5 82.220             Loss 2.94650
Epoch [61] Testing Class Recall: [0.655,0.518,0.638,0.473,0.618,0.341,0.341,0.474,0.095,0.299]
Epoch [62] Training Results: Prec@1 90.024 Prec@5 99.798             Loss 0.30232
Epoch [62] Training Class Recall: [0.804,0.869,0.832,0.876,0.900,0.918,0.947,0.943,0.955,0.960]
Epoch [62] Testing Results: Prec@1 44.730 Prec@5 82.650             Loss 2.92324
Epoch [62] Testing Class Recall: [0.546,0.730,0.287,0.523,0.733,0.535,0.160,0.449,0.394,0.116]
Epoch [63] Training Results: Prec@1 89.874 Prec@5 99.804             Loss 0.30781
Epoch [63] Training Class Recall: [0.800,0.867,0.831,0.872,0.907,0.922,0.936,0.942,0.955,0.956]
Epoch [63] Testing Results: Prec@1 47.060 Prec@5 81.950             Loss 2.64308
Epoch [63] Testing Class Recall: [0.777,0.724,0.566,0.354,0.584,0.450,0.260,0.291,0.288,0.412]
Epoch [64] Training Results: Prec@1 89.702 Prec@5 99.786             Loss 0.31298
Epoch [64] Training Class Recall: [0.806,0.865,0.831,0.868,0.899,0.920,0.935,0.936,0.956,0.954]
Epoch [64] Testing Results: Prec@1 44.070 Prec@5 84.580             Loss 3.18571
Epoch [64] Testing Class Recall: [0.422,0.703,0.351,0.532,0.665,0.360,0.426,0.559,0.158,0.231]
Epoch [65] Training Results: Prec@1 90.176 Prec@5 99.788             Loss 0.29990
Epoch [65] Training Class Recall: [0.812,0.874,0.833,0.877,0.904,0.921,0.946,0.939,0.953,0.959]
Epoch [65] Testing Results: Prec@1 46.750 Prec@5 84.870             Loss 2.90329
Epoch [65] Testing Class Recall: [0.728,0.620,0.347,0.532,0.592,0.449,0.644,0.346,0.168,0.249]
Epoch [66] Training Results: Prec@1 89.882 Prec@5 99.768             Loss 0.30596
Epoch [66] Training Class Recall: [0.807,0.873,0.829,0.871,0.904,0.917,0.940,0.938,0.953,0.957]
Epoch [66] Testing Results: Prec@1 38.100 Prec@5 80.220             Loss 3.56674
Epoch [66] Testing Class Recall: [0.671,0.530,0.776,0.186,0.321,0.387,0.277,0.381,0.153,0.128]
Epoch [67] Training Results: Prec@1 90.090 Prec@5 99.824             Loss 0.29877
Epoch [67] Training Class Recall: [0.808,0.867,0.831,0.877,0.897,0.926,0.937,0.946,0.959,0.961]
Epoch [67] Testing Results: Prec@1 47.430 Prec@5 84.210             Loss 2.99739
Epoch [67] Testing Class Recall: [0.743,0.754,0.540,0.549,0.470,0.371,0.348,0.413,0.215,0.340]
Epoch [68] Training Results: Prec@1 90.078 Prec@5 99.792             Loss 0.29942
Epoch [68] Training Class Recall: [0.816,0.876,0.835,0.875,0.900,0.919,0.937,0.942,0.950,0.957]
Epoch [68] Testing Results: Prec@1 44.160 Prec@5 79.880             Loss 3.78574
Epoch [68] Testing Class Recall: [0.664,0.801,0.506,0.698,0.573,0.422,0.205,0.184,0.293,0.070]
Epoch [69] Training Results: Prec@1 89.944 Prec@5 99.826             Loss 0.29925
Epoch [69] Training Class Recall: [0.808,0.861,0.838,0.869,0.905,0.925,0.941,0.938,0.955,0.956]
Epoch [69] Testing Results: Prec@1 45.130 Prec@5 82.800             Loss 2.89057
Epoch [69] Testing Class Recall: [0.746,0.699,0.403,0.215,0.583,0.505,0.258,0.350,0.524,0.230]
Epoch [70] Training Results: Prec@1 90.372 Prec@5 99.790             Loss 0.29136
Epoch [70] Training Class Recall: [0.814,0.875,0.840,0.880,0.911,0.921,0.943,0.938,0.958,0.958]
Epoch [70] Testing Results: Prec@1 42.730 Prec@5 81.270             Loss 3.15483
Epoch [70] Testing Class Recall: [0.674,0.827,0.296,0.529,0.244,0.623,0.402,0.407,0.137,0.134]
Epoch [71] Training Results: Prec@1 90.530 Prec@5 99.806             Loss 0.28731
Epoch [71] Training Class Recall: [0.821,0.872,0.836,0.881,0.912,0.927,0.940,0.945,0.961,0.958]
Epoch [71] Testing Results: Prec@1 46.190 Prec@5 83.430             Loss 3.02614
Epoch [71] Testing Class Recall: [0.797,0.683,0.542,0.506,0.299,0.452,0.223,0.304,0.324,0.489]
Epoch [72] Training Results: Prec@1 90.264 Prec@5 99.824             Loss 0.29429
Epoch [72] Training Class Recall: [0.813,0.870,0.846,0.878,0.906,0.920,0.944,0.941,0.950,0.958]
Epoch [72] Testing Results: Prec@1 47.360 Prec@5 81.240             Loss 3.05060
Epoch [72] Testing Class Recall: [0.761,0.834,0.500,0.363,0.728,0.397,0.555,0.278,0.241,0.079]
Epoch [73] Training Results: Prec@1 89.794 Prec@5 99.784             Loss 0.30683
Epoch [73] Training Class Recall: [0.804,0.875,0.828,0.869,0.899,0.923,0.939,0.938,0.950,0.954]
Epoch [73] Testing Results: Prec@1 48.750 Prec@5 85.670             Loss 2.73180
Epoch [73] Testing Class Recall: [0.653,0.731,0.586,0.553,0.412,0.477,0.494,0.503,0.249,0.217]
Epoch [74] Training Results: Prec@1 90.398 Prec@5 99.802             Loss 0.28955
Epoch [74] Training Class Recall: [0.814,0.878,0.840,0.879,0.911,0.922,0.944,0.942,0.954,0.955]
Epoch [74] Testing Results: Prec@1 42.740 Prec@5 79.380             Loss 3.70969
Epoch [74] Testing Class Recall: [0.624,0.768,0.311,0.741,0.681,0.308,0.337,0.317,0.159,0.028]
Epoch [75] Training Results: Prec@1 90.128 Prec@5 99.780             Loss 0.29977
Epoch [75] Training Class Recall: [0.810,0.868,0.838,0.880,0.907,0.922,0.937,0.939,0.954,0.957]
Epoch [75] Testing Results: Prec@1 48.190 Prec@5 82.670             Loss 3.00368
Epoch [75] Testing Class Recall: [0.665,0.822,0.662,0.290,0.537,0.599,0.594,0.283,0.243,0.124]
Epoch [76] Training Results: Prec@1 90.082 Prec@5 99.824             Loss 0.29885
Epoch [76] Training Class Recall: [0.802,0.872,0.836,0.879,0.912,0.921,0.939,0.943,0.951,0.954]
Epoch [76] Testing Results: Prec@1 47.700 Prec@5 84.240             Loss 2.73824
Epoch [76] Testing Class Recall: [0.584,0.744,0.584,0.434,0.522,0.414,0.632,0.479,0.235,0.142]
Epoch [77] Training Results: Prec@1 90.550 Prec@5 99.824             Loss 0.28645
Epoch [77] Training Class Recall: [0.815,0.873,0.848,0.882,0.914,0.921,0.943,0.945,0.955,0.957]
Epoch [77] Testing Results: Prec@1 41.420 Prec@5 79.140             Loss 3.39218
Epoch [77] Testing Class Recall: [0.638,0.697,0.319,0.629,0.721,0.419,0.200,0.281,0.138,0.100]
Epoch [78] Training Results: Prec@1 90.134 Prec@5 99.852             Loss 0.29373
Epoch [78] Training Class Recall: [0.807,0.872,0.835,0.871,0.906,0.918,0.949,0.941,0.957,0.957]
Epoch [78] Testing Results: Prec@1 45.130 Prec@5 81.780             Loss 3.09741
Epoch [78] Testing Class Recall: [0.816,0.584,0.691,0.419,0.562,0.476,0.501,0.148,0.166,0.150]
Epoch [79] Training Results: Prec@1 90.634 Prec@5 99.846             Loss 0.28566
Epoch [79] Training Class Recall: [0.813,0.883,0.847,0.880,0.910,0.926,0.944,0.944,0.955,0.962]
Epoch [79] Testing Results: Prec@1 43.950 Prec@5 81.960             Loss 3.08508
Epoch [79] Testing Class Recall: [0.727,0.565,0.756,0.496,0.453,0.398,0.197,0.538,0.059,0.206]
Epoch [80] Training Results: Prec@1 90.014 Prec@5 99.812             Loss 0.29762
Epoch [80] Training Class Recall: [0.818,0.865,0.838,0.873,0.905,0.917,0.941,0.940,0.952,0.953]
Epoch [80] Testing Results: Prec@1 46.500 Prec@5 82.480             Loss 3.16535
Epoch [80] Testing Class Recall: [0.650,0.771,0.469,0.402,0.766,0.397,0.651,0.220,0.224,0.100]
Epoch [81] Training Results: Prec@1 90.102 Prec@5 99.816             Loss 0.29779
Epoch [81] Training Class Recall: [0.808,0.875,0.834,0.874,0.904,0.918,0.943,0.944,0.956,0.955]
Epoch [81] Testing Results: Prec@1 45.740 Prec@5 82.890             Loss 3.32171
Epoch [81] Testing Class Recall: [0.667,0.865,0.283,0.747,0.469,0.516,0.290,0.393,0.251,0.093]
Epoch [82] Training Results: Prec@1 90.822 Prec@5 99.832             Loss 0.27722
Epoch [82] Training Class Recall: [0.822,0.881,0.843,0.888,0.914,0.927,0.943,0.946,0.959,0.960]
Epoch [82] Testing Results: Prec@1 43.130 Prec@5 83.250             Loss 3.14731
Epoch [82] Testing Class Recall: [0.792,0.631,0.433,0.224,0.421,0.501,0.416,0.443,0.193,0.259]
Epoch [83] Training Results: Prec@1 90.566 Prec@5 99.822             Loss 0.28587
Epoch [83] Training Class Recall: [0.823,0.882,0.843,0.874,0.910,0.923,0.941,0.947,0.959,0.956]
Epoch [83] Testing Results: Prec@1 46.490 Prec@5 81.670             Loss 2.84684
Epoch [83] Testing Class Recall: [0.675,0.814,0.494,0.595,0.497,0.359,0.419,0.470,0.159,0.167]
Epoch [84] Training Results: Prec@1 90.170 Prec@5 99.808             Loss 0.29473
Epoch [84] Training Class Recall: [0.811,0.870,0.841,0.876,0.904,0.920,0.944,0.942,0.953,0.956]
Epoch [84] Testing Results: Prec@1 48.280 Prec@5 82.470             Loss 3.09641
Epoch [84] Testing Class Recall: [0.691,0.795,0.466,0.447,0.660,0.343,0.757,0.443,0.158,0.068]
Epoch [85] Training Results: Prec@1 90.894 Prec@5 99.864             Loss 0.27404
Epoch [85] Training Class Recall: [0.822,0.876,0.855,0.885,0.911,0.925,0.943,0.948,0.962,0.963]
Epoch [85] Testing Results: Prec@1 44.380 Prec@5 82.320             Loss 3.49198
Epoch [85] Testing Class Recall: [0.504,0.648,0.782,0.275,0.464,0.560,0.332,0.077,0.253,0.543]
Epoch [86] Training Results: Prec@1 90.408 Prec@5 99.812             Loss 0.28867
Epoch [86] Training Class Recall: [0.817,0.879,0.844,0.884,0.908,0.923,0.942,0.941,0.955,0.950]
Epoch [86] Testing Results: Prec@1 47.300 Prec@5 84.420             Loss 2.68793
Epoch [86] Testing Class Recall: [0.722,0.819,0.526,0.576,0.428,0.366,0.414,0.450,0.211,0.218]
Epoch [87] Training Results: Prec@1 90.692 Prec@5 99.858             Loss 0.28141
Epoch [87] Training Class Recall: [0.820,0.874,0.849,0.880,0.911,0.926,0.946,0.945,0.955,0.964]
Epoch [87] Testing Results: Prec@1 43.560 Prec@5 79.660             Loss 3.49035
Epoch [87] Testing Class Recall: [0.669,0.808,0.755,0.359,0.486,0.483,0.387,0.217,0.105,0.087]
Epoch [88] Training Results: Prec@1 90.916 Prec@5 99.824             Loss 0.27213
Epoch [88] Training Class Recall: [0.825,0.881,0.843,0.888,0.912,0.927,0.947,0.949,0.956,0.963]
Epoch [88] Testing Results: Prec@1 45.100 Prec@5 84.240             Loss 3.38117
Epoch [88] Testing Class Recall: [0.803,0.562,0.455,0.475,0.805,0.379,0.255,0.193,0.252,0.331]
Epoch [89] Training Results: Prec@1 91.032 Prec@5 99.832             Loss 0.27072
Epoch [89] Training Class Recall: [0.824,0.880,0.850,0.883,0.919,0.927,0.947,0.950,0.963,0.960]
Epoch [89] Testing Results: Prec@1 47.490 Prec@5 84.270             Loss 3.10564
Epoch [89] Testing Class Recall: [0.593,0.746,0.658,0.562,0.667,0.245,0.486,0.315,0.134,0.343]
Epoch [90] Training Results: Prec@1 90.198 Prec@5 99.826             Loss 0.29278
Epoch [90] Training Class Recall: [0.819,0.877,0.843,0.882,0.909,0.909,0.938,0.939,0.954,0.950]
Epoch [90] Testing Results: Prec@1 49.860 Prec@5 85.640             Loss 2.79422
Epoch [90] Testing Class Recall: [0.791,0.782,0.420,0.616,0.578,0.289,0.495,0.441,0.139,0.435]
Epoch [91] Training Results: Prec@1 90.930 Prec@5 99.842             Loss 0.27145
Epoch [91] Training Class Recall: [0.819,0.884,0.851,0.882,0.913,0.930,0.950,0.948,0.957,0.961]
Epoch [91] Testing Results: Prec@1 45.180 Prec@5 78.640             Loss 3.20038
Epoch [91] Testing Class Recall: [0.722,0.828,0.618,0.493,0.544,0.401,0.497,0.185,0.200,0.030]
Epoch [92] Training Results: Prec@1 90.702 Prec@5 99.810             Loss 0.27947
Epoch [92] Training Class Recall: [0.820,0.877,0.850,0.882,0.917,0.928,0.940,0.943,0.956,0.958]
Epoch [92] Testing Results: Prec@1 43.250 Prec@5 81.320             Loss 3.39092
Epoch [92] Testing Class Recall: [0.702,0.580,0.725,0.492,0.559,0.051,0.294,0.338,0.393,0.191]
Epoch [93] Training Results: Prec@1 90.816 Prec@5 99.836             Loss 0.27597
Epoch [93] Training Class Recall: [0.817,0.881,0.846,0.887,0.914,0.929,0.941,0.947,0.955,0.963]
Epoch [93] Testing Results: Prec@1 47.840 Prec@5 82.520             Loss 3.00090
Epoch [93] Testing Class Recall: [0.674,0.743,0.548,0.444,0.737,0.517,0.451,0.252,0.299,0.119]
Epoch [94] Training Results: Prec@1 90.742 Prec@5 99.816             Loss 0.28216
Epoch [94] Training Class Recall: [0.824,0.873,0.853,0.881,0.913,0.925,0.938,0.948,0.962,0.958]
Epoch [94] Testing Results: Prec@1 45.280 Prec@5 81.770             Loss 3.11582
Epoch [94] Testing Class Recall: [0.726,0.852,0.437,0.321,0.480,0.217,0.685,0.268,0.359,0.183]
Epoch [95] Training Results: Prec@1 90.748 Prec@5 99.840             Loss 0.27891
Epoch [95] Training Class Recall: [0.827,0.880,0.853,0.880,0.912,0.916,0.940,0.947,0.957,0.962]
Epoch [95] Testing Results: Prec@1 43.470 Prec@5 80.100             Loss 3.49529
Epoch [95] Testing Class Recall: [0.531,0.815,0.404,0.578,0.527,0.669,0.236,0.252,0.216,0.119]
Epoch [96] Training Results: Prec@1 91.064 Prec@5 99.866             Loss 0.27327
Epoch [96] Training Class Recall: [0.827,0.877,0.855,0.887,0.917,0.930,0.947,0.947,0.960,0.959]
Epoch [96] Testing Results: Prec@1 46.630 Prec@5 85.050             Loss 2.73540
Epoch [96] Testing Class Recall: [0.510,0.509,0.717,0.559,0.556,0.330,0.562,0.358,0.402,0.160]
Epoch [97] Training Results: Prec@1 90.874 Prec@5 99.848             Loss 0.27587
Epoch [97] Training Class Recall: [0.824,0.882,0.849,0.885,0.908,0.925,0.947,0.946,0.957,0.964]
Epoch [97] Testing Results: Prec@1 47.630 Prec@5 85.300             Loss 2.88852
Epoch [97] Testing Class Recall: [0.518,0.737,0.535,0.534,0.589,0.499,0.259,0.598,0.303,0.191]
Epoch [98] Training Results: Prec@1 90.982 Prec@5 99.816             Loss 0.27734
Epoch [98] Training Class Recall: [0.833,0.875,0.856,0.894,0.916,0.924,0.948,0.946,0.955,0.953]
Epoch [98] Testing Results: Prec@1 47.330 Prec@5 85.360             Loss 2.92818
Epoch [98] Testing Class Recall: [0.516,0.811,0.700,0.329,0.549,0.443,0.589,0.418,0.310,0.068]
Epoch [99] Training Results: Prec@1 90.844 Prec@5 99.822             Loss 0.27743
Epoch [99] Training Class Recall: [0.818,0.882,0.853,0.882,0.915,0.924,0.946,0.945,0.958,0.961]
Epoch [99] Testing Results: Prec@1 47.990 Prec@5 83.920             Loss 2.87091
Epoch [99] Testing Class Recall: [0.764,0.721,0.541,0.491,0.458,0.541,0.599,0.218,0.274,0.192]
Epoch [100] Training Results: Prec@1 90.860 Prec@5 99.834             Loss 0.27905
Epoch [100] Training Class Recall: [0.821,0.880,0.852,0.883,0.920,0.922,0.948,0.946,0.959,0.955]
Epoch [100] Testing Results: Prec@1 46.900 Prec@5 84.590             Loss 2.75714
Epoch [100] Testing Class Recall: [0.679,0.604,0.551,0.556,0.419,0.415,0.434,0.458,0.414,0.160]
Epoch [101] Training Results: Prec@1 91.042 Prec@5 99.852             Loss 0.26734
Epoch [101] Training Class Recall: [0.828,0.880,0.849,0.886,0.913,0.928,0.944,0.953,0.959,0.963]
Epoch [101] Testing Results: Prec@1 45.540 Prec@5 82.060             Loss 3.31741
Epoch [101] Testing Class Recall: [0.629,0.885,0.800,0.313,0.482,0.383,0.279,0.360,0.334,0.089]
Epoch [102] Training Results: Prec@1 90.820 Prec@5 99.854             Loss 0.27807
Epoch [102] Training Class Recall: [0.823,0.885,0.853,0.880,0.917,0.920,0.943,0.946,0.959,0.957]
Epoch [102] Testing Results: Prec@1 47.940 Prec@5 86.110             Loss 3.26158
Epoch [102] Testing Class Recall: [0.575,0.734,0.364,0.728,0.455,0.422,0.632,0.379,0.314,0.191]
Epoch [103] Training Results: Prec@1 90.966 Prec@5 99.856             Loss 0.27340
Epoch [103] Training Class Recall: [0.831,0.882,0.847,0.884,0.915,0.928,0.946,0.946,0.960,0.959]
Epoch [103] Testing Results: Prec@1 41.950 Prec@5 80.310             Loss 3.61677
Epoch [103] Testing Class Recall: [0.803,0.394,0.519,0.704,0.585,0.343,0.365,0.181,0.219,0.082]
Epoch [104] Training Results: Prec@1 91.312 Prec@5 99.854             Loss 0.26392
Epoch [104] Training Class Recall: [0.833,0.887,0.854,0.889,0.923,0.929,0.946,0.947,0.961,0.963]
Epoch [104] Testing Results: Prec@1 44.120 Prec@5 81.250             Loss 3.20564
Epoch [104] Testing Class Recall: [0.760,0.772,0.489,0.503,0.574,0.186,0.318,0.449,0.241,0.120]
Epoch [105] Training Results: Prec@1 90.990 Prec@5 99.838             Loss 0.27369
Epoch [105] Training Class Recall: [0.816,0.885,0.856,0.887,0.916,0.923,0.948,0.950,0.962,0.957]
Epoch [105] Testing Results: Prec@1 44.870 Prec@5 80.620             Loss 3.32970
Epoch [105] Testing Class Recall: [0.765,0.829,0.663,0.569,0.434,0.421,0.175,0.204,0.212,0.215]
Epoch [106] Training Results: Prec@1 91.190 Prec@5 99.850             Loss 0.26530
Epoch [106] Training Class Recall: [0.826,0.885,0.852,0.890,0.917,0.929,0.949,0.948,0.961,0.962]
Epoch [106] Testing Results: Prec@1 52.820 Prec@5 88.080             Loss 2.41313
Epoch [106] Testing Class Recall: [0.747,0.719,0.557,0.534,0.668,0.484,0.559,0.418,0.260,0.336]
Epoch [107] Training Results: Prec@1 91.058 Prec@5 99.850             Loss 0.27102
Epoch [107] Training Class Recall: [0.824,0.876,0.856,0.890,0.917,0.924,0.948,0.944,0.962,0.966]
Epoch [107] Testing Results: Prec@1 45.430 Prec@5 82.560             Loss 3.19696
Epoch [107] Testing Class Recall: [0.631,0.659,0.658,0.575,0.381,0.526,0.248,0.331,0.380,0.154]
Epoch [108] Training Results: Prec@1 91.174 Prec@5 99.836             Loss 0.26616
Epoch [108] Training Class Recall: [0.824,0.888,0.850,0.891,0.914,0.933,0.948,0.948,0.961,0.959]
Epoch [108] Testing Results: Prec@1 46.380 Prec@5 83.310             Loss 3.10550
Epoch [108] Testing Class Recall: [0.618,0.711,0.476,0.407,0.292,0.566,0.438,0.361,0.630,0.139]
Epoch [109] Training Results: Prec@1 91.086 Prec@5 99.844             Loss 0.26673
Epoch [109] Training Class Recall: [0.818,0.885,0.853,0.883,0.925,0.924,0.952,0.951,0.959,0.958]
Epoch [109] Testing Results: Prec@1 45.950 Prec@5 82.060             Loss 3.75872
Epoch [109] Testing Class Recall: [0.398,0.835,0.614,0.693,0.622,0.173,0.589,0.272,0.299,0.100]
Epoch [110] Training Results: Prec@1 90.966 Prec@5 99.832             Loss 0.27146
Epoch [110] Training Class Recall: [0.830,0.876,0.851,0.889,0.913,0.925,0.948,0.949,0.959,0.957]
Epoch [110] Testing Results: Prec@1 45.750 Prec@5 82.400             Loss 3.19083
Epoch [110] Testing Class Recall: [0.656,0.720,0.772,0.370,0.551,0.433,0.513,0.176,0.271,0.113]
Epoch [111] Training Results: Prec@1 91.012 Prec@5 99.858             Loss 0.26653
Epoch [111] Training Class Recall: [0.824,0.886,0.850,0.887,0.913,0.926,0.945,0.949,0.960,0.960]
Epoch [111] Testing Results: Prec@1 47.400 Prec@5 86.590             Loss 3.14268
Epoch [111] Testing Class Recall: [0.508,0.682,0.567,0.792,0.473,0.315,0.370,0.292,0.233,0.508]
Epoch [112] Training Results: Prec@1 90.666 Prec@5 99.824             Loss 0.27986
Epoch [112] Training Class Recall: [0.827,0.880,0.852,0.881,0.911,0.921,0.945,0.939,0.954,0.956]
Epoch [112] Testing Results: Prec@1 41.280 Prec@5 78.720             Loss 3.95775
Epoch [112] Testing Class Recall: [0.919,0.822,0.607,0.288,0.506,0.294,0.189,0.310,0.089,0.104]
Epoch [113] Training Results: Prec@1 91.130 Prec@5 99.838             Loss 0.26894
Epoch [113] Training Class Recall: [0.832,0.885,0.855,0.891,0.912,0.927,0.942,0.948,0.961,0.959]
Epoch [113] Testing Results: Prec@1 45.840 Prec@5 81.050             Loss 3.32576
Epoch [113] Testing Class Recall: [0.739,0.886,0.639,0.263,0.596,0.510,0.336,0.345,0.148,0.122]
Epoch [114] Training Results: Prec@1 91.260 Prec@5 99.838             Loss 0.26500
Epoch [114] Training Class Recall: [0.840,0.882,0.860,0.884,0.917,0.931,0.949,0.944,0.959,0.962]
Epoch [114] Testing Results: Prec@1 46.810 Prec@5 84.250             Loss 3.20979
Epoch [114] Testing Class Recall: [0.596,0.888,0.638,0.665,0.296,0.313,0.389,0.540,0.281,0.075]
Epoch [115] Training Results: Prec@1 91.510 Prec@5 99.862             Loss 0.25630
Epoch [115] Training Class Recall: [0.835,0.894,0.860,0.891,0.921,0.928,0.949,0.950,0.957,0.965]
Epoch [115] Testing Results: Prec@1 45.330 Prec@5 81.180             Loss 3.50950
Epoch [115] Testing Class Recall: [0.683,0.872,0.639,0.598,0.441,0.426,0.128,0.419,0.280,0.047]
Epoch [116] Training Results: Prec@1 91.256 Prec@5 99.878             Loss 0.25956
Epoch [116] Training Class Recall: [0.832,0.883,0.859,0.892,0.914,0.931,0.954,0.944,0.963,0.956]
Epoch [116] Testing Results: Prec@1 46.210 Prec@5 82.430             Loss 3.26242
Epoch [116] Testing Class Recall: [0.656,0.789,0.458,0.670,0.614,0.198,0.499,0.282,0.373,0.082]
Epoch [117] Training Results: Prec@1 91.130 Prec@5 99.816             Loss 0.27106
Epoch [117] Training Class Recall: [0.827,0.883,0.860,0.892,0.918,0.926,0.945,0.944,0.955,0.963]
Epoch [117] Testing Results: Prec@1 40.540 Prec@5 81.440             Loss 4.01423
Epoch [117] Testing Class Recall: [0.788,0.695,0.465,0.549,0.208,0.106,0.199,0.692,0.223,0.129]
Epoch [118] Training Results: Prec@1 91.180 Prec@5 99.872             Loss 0.26639
Epoch [118] Training Class Recall: [0.834,0.889,0.852,0.888,0.917,0.923,0.950,0.945,0.960,0.960]
Epoch [118] Testing Results: Prec@1 49.750 Prec@5 87.600             Loss 2.67647
Epoch [118] Testing Class Recall: [0.611,0.748,0.408,0.591,0.510,0.556,0.441,0.452,0.238,0.420]
Epoch [119] Training Results: Prec@1 91.518 Prec@5 99.876             Loss 0.25588
Epoch [119] Training Class Recall: [0.833,0.883,0.868,0.895,0.916,0.927,0.950,0.951,0.963,0.965]
Epoch [119] Testing Results: Prec@1 47.890 Prec@5 81.150             Loss 3.16190
Epoch [119] Testing Class Recall: [0.698,0.843,0.691,0.384,0.577,0.379,0.335,0.380,0.442,0.060]
Epoch [120] Training Results: Prec@1 91.168 Prec@5 99.826             Loss 0.26385
Epoch [120] Training Class Recall: [0.829,0.890,0.862,0.888,0.911,0.924,0.948,0.947,0.957,0.961]
Epoch [120] Testing Results: Prec@1 47.970 Prec@5 84.390             Loss 2.90354
Epoch [120] Testing Class Recall: [0.650,0.826,0.678,0.393,0.572,0.167,0.461,0.551,0.238,0.261]
Epoch [121] Training Results: Prec@1 91.456 Prec@5 99.862             Loss 0.25800
Epoch [121] Training Class Recall: [0.837,0.886,0.861,0.887,0.918,0.932,0.952,0.947,0.963,0.962]
Epoch [121] Testing Results: Prec@1 48.840 Prec@5 83.490             Loss 2.94663
Epoch [121] Testing Class Recall: [0.716,0.843,0.538,0.675,0.608,0.343,0.392,0.252,0.219,0.298]
Epoch [122] Training Results: Prec@1 91.310 Prec@5 99.848             Loss 0.26500
Epoch [122] Training Class Recall: [0.833,0.886,0.862,0.892,0.917,0.923,0.951,0.944,0.959,0.965]
Epoch [122] Testing Results: Prec@1 43.770 Prec@5 83.900             Loss 2.97633
Epoch [122] Testing Class Recall: [0.577,0.616,0.711,0.476,0.313,0.454,0.443,0.351,0.162,0.274]
Epoch [123] Training Results: Prec@1 91.788 Prec@5 99.860             Loss 0.24876
Epoch [123] Training Class Recall: [0.840,0.887,0.857,0.901,0.922,0.936,0.951,0.956,0.962,0.965]
Epoch [123] Testing Results: Prec@1 47.180 Prec@5 83.730             Loss 3.36433
Epoch [123] Testing Class Recall: [0.626,0.819,0.606,0.433,0.300,0.664,0.370,0.424,0.317,0.159]
Epoch [124] Training Results: Prec@1 90.806 Prec@5 99.832             Loss 0.27423
Epoch [124] Training Class Recall: [0.830,0.879,0.852,0.881,0.916,0.921,0.942,0.945,0.955,0.961]
Epoch [124] Testing Results: Prec@1 47.160 Prec@5 83.450             Loss 3.13288
Epoch [124] Testing Class Recall: [0.700,0.789,0.737,0.237,0.262,0.580,0.368,0.327,0.443,0.273]
Epoch [125] Training Results: Prec@1 91.472 Prec@5 99.862             Loss 0.25574
Epoch [125] Training Class Recall: [0.835,0.886,0.860,0.894,0.918,0.932,0.944,0.958,0.958,0.963]
Epoch [125] Testing Results: Prec@1 49.690 Prec@5 86.310             Loss 2.67897
Epoch [125] Testing Class Recall: [0.626,0.696,0.534,0.561,0.595,0.499,0.448,0.380,0.481,0.149]
Epoch [126] Training Results: Prec@1 91.496 Prec@5 99.830             Loss 0.25747
Epoch [126] Training Class Recall: [0.830,0.890,0.865,0.894,0.922,0.930,0.952,0.951,0.956,0.959]
Epoch [126] Testing Results: Prec@1 46.110 Prec@5 82.440             Loss 3.21553
Epoch [126] Testing Class Recall: [0.624,0.778,0.751,0.424,0.423,0.429,0.336,0.486,0.234,0.126]
Epoch [127] Training Results: Prec@1 91.304 Prec@5 99.826             Loss 0.26262
Epoch [127] Training Class Recall: [0.823,0.889,0.860,0.895,0.916,0.931,0.948,0.946,0.958,0.964]
Epoch [127] Testing Results: Prec@1 48.810 Prec@5 86.540             Loss 3.11644
Epoch [127] Testing Class Recall: [0.638,0.726,0.455,0.516,0.779,0.351,0.616,0.382,0.192,0.226]
Epoch [128] Training Results: Prec@1 91.198 Prec@5 99.852             Loss 0.26533
Epoch [128] Training Class Recall: [0.831,0.883,0.860,0.893,0.919,0.924,0.948,0.947,0.958,0.956]
Epoch [128] Testing Results: Prec@1 42.790 Prec@5 82.200             Loss 3.81532
Epoch [128] Testing Class Recall: [0.731,0.490,0.459,0.535,0.699,0.497,0.287,0.368,0.150,0.063]
Epoch [129] Training Results: Prec@1 91.622 Prec@5 99.838             Loss 0.25544
Epoch [129] Training Class Recall: [0.843,0.888,0.862,0.890,0.924,0.929,0.948,0.954,0.963,0.960]
Epoch [129] Testing Results: Prec@1 48.200 Prec@5 86.640             Loss 2.85341
Epoch [129] Testing Class Recall: [0.597,0.746,0.738,0.370,0.317,0.440,0.453,0.602,0.206,0.351]
Epoch [130] Training Results: Prec@1 91.424 Prec@5 99.864             Loss 0.25742
Epoch [130] Training Class Recall: [0.835,0.890,0.866,0.886,0.918,0.920,0.953,0.947,0.964,0.964]
Epoch [130] Testing Results: Prec@1 45.580 Prec@5 81.880             Loss 3.28185
Epoch [130] Testing Class Recall: [0.575,0.685,0.776,0.379,0.606,0.409,0.424,0.446,0.178,0.080]
Epoch [131] Training Results: Prec@1 91.608 Prec@5 99.854             Loss 0.25587
Epoch [131] Training Class Recall: [0.836,0.892,0.864,0.895,0.923,0.931,0.946,0.955,0.957,0.962]
Epoch [131] Testing Results: Prec@1 46.060 Prec@5 82.370             Loss 3.06648
Epoch [131] Testing Class Recall: [0.704,0.660,0.487,0.625,0.550,0.559,0.521,0.232,0.147,0.121]
Epoch [132] Training Results: Prec@1 91.358 Prec@5 99.850             Loss 0.25846
Epoch [132] Training Class Recall: [0.831,0.887,0.859,0.900,0.920,0.929,0.948,0.944,0.955,0.962]
Epoch [132] Testing Results: Prec@1 43.090 Prec@5 80.860             Loss 3.57202
Epoch [132] Testing Class Recall: [0.748,0.785,0.771,0.435,0.187,0.173,0.290,0.527,0.262,0.131]
Epoch [133] Training Results: Prec@1 91.386 Prec@5 99.852             Loss 0.25786
Epoch [133] Training Class Recall: [0.837,0.890,0.862,0.885,0.919,0.926,0.950,0.950,0.960,0.960]
Epoch [133] Testing Results: Prec@1 47.430 Prec@5 79.420             Loss 3.52928
Epoch [133] Testing Class Recall: [0.759,0.810,0.671,0.473,0.350,0.475,0.706,0.212,0.200,0.087]
Epoch [134] Training Results: Prec@1 91.154 Prec@5 99.836             Loss 0.26297
Epoch [134] Training Class Recall: [0.832,0.882,0.857,0.889,0.911,0.929,0.949,0.947,0.959,0.960]
Epoch [134] Testing Results: Prec@1 48.250 Prec@5 83.990             Loss 3.22712
Epoch [134] Testing Class Recall: [0.685,0.716,0.398,0.592,0.410,0.228,0.738,0.485,0.381,0.192]
Epoch [135] Training Results: Prec@1 91.656 Prec@5 99.876             Loss 0.25205
Epoch [135] Training Class Recall: [0.834,0.890,0.865,0.892,0.929,0.925,0.951,0.955,0.960,0.965]
Epoch [135] Testing Results: Prec@1 48.770 Prec@5 86.900             Loss 2.65521
Epoch [135] Testing Class Recall: [0.703,0.673,0.490,0.561,0.597,0.456,0.489,0.400,0.186,0.322]
Epoch [136] Training Results: Prec@1 91.560 Prec@5 99.878             Loss 0.25450
Epoch [136] Training Class Recall: [0.834,0.888,0.861,0.898,0.921,0.930,0.947,0.953,0.961,0.963]
Epoch [136] Testing Results: Prec@1 42.390 Prec@5 78.300             Loss 3.70896
Epoch [136] Testing Class Recall: [0.429,0.845,0.725,0.395,0.409,0.358,0.715,0.170,0.180,0.013]
Epoch [137] Training Results: Prec@1 91.486 Prec@5 99.860             Loss 0.25907
Epoch [137] Training Class Recall: [0.838,0.882,0.868,0.895,0.916,0.929,0.947,0.949,0.962,0.964]
Epoch [137] Testing Results: Prec@1 46.620 Prec@5 85.530             Loss 3.02082
Epoch [137] Testing Class Recall: [0.751,0.675,0.673,0.394,0.240,0.489,0.350,0.526,0.233,0.331]
Epoch [138] Training Results: Prec@1 91.552 Prec@5 99.864             Loss 0.25380
Epoch [138] Training Class Recall: [0.834,0.893,0.861,0.891,0.922,0.932,0.949,0.951,0.960,0.962]
Epoch [138] Testing Results: Prec@1 47.640 Prec@5 83.950             Loss 2.96215
Epoch [138] Testing Class Recall: [0.565,0.834,0.449,0.336,0.728,0.390,0.748,0.399,0.200,0.115]
Epoch [139] Training Results: Prec@1 91.558 Prec@5 99.856             Loss 0.25505
Epoch [139] Training Class Recall: [0.838,0.885,0.868,0.897,0.918,0.933,0.952,0.947,0.956,0.963]
Epoch [139] Testing Results: Prec@1 43.210 Prec@5 82.150             Loss 3.33243
Epoch [139] Testing Class Recall: [0.617,0.812,0.521,0.772,0.248,0.246,0.224,0.409,0.208,0.264]
Epoch [140] Training Results: Prec@1 91.328 Prec@5 99.864             Loss 0.25970
Epoch [140] Training Class Recall: [0.827,0.888,0.860,0.893,0.920,0.928,0.948,0.954,0.960,0.955]
Epoch [140] Testing Results: Prec@1 43.010 Prec@5 78.260             Loss 3.67813
Epoch [140] Testing Class Recall: [0.706,0.628,0.621,0.572,0.666,0.312,0.467,0.108,0.162,0.059]
Epoch [141] Training Results: Prec@1 91.674 Prec@5 99.840             Loss 0.25305
Epoch [141] Training Class Recall: [0.844,0.894,0.863,0.893,0.923,0.926,0.945,0.949,0.963,0.967]
Epoch [141] Testing Results: Prec@1 47.470 Prec@5 84.600             Loss 2.74722
Epoch [141] Testing Class Recall: [0.656,0.666,0.494,0.580,0.565,0.390,0.379,0.404,0.253,0.360]
Epoch [142] Training Results: Prec@1 91.336 Prec@5 99.866             Loss 0.25935
Epoch [142] Training Class Recall: [0.835,0.885,0.859,0.905,0.917,0.925,0.946,0.947,0.958,0.957]
Epoch [142] Testing Results: Prec@1 45.820 Prec@5 84.970             Loss 3.35495
Epoch [142] Testing Class Recall: [0.409,0.827,0.825,0.522,0.409,0.418,0.319,0.350,0.412,0.091]
Epoch [143] Training Results: Prec@1 91.498 Prec@5 99.846             Loss 0.25693
Epoch [143] Training Class Recall: [0.834,0.888,0.865,0.890,0.920,0.930,0.949,0.953,0.957,0.963]
Epoch [143] Testing Results: Prec@1 47.960 Prec@5 86.540             Loss 3.06199
Epoch [143] Testing Class Recall: [0.401,0.615,0.671,0.684,0.402,0.243,0.503,0.409,0.622,0.246]
Epoch [144] Training Results: Prec@1 91.538 Prec@5 99.854             Loss 0.25055
Epoch [144] Training Class Recall: [0.837,0.889,0.856,0.891,0.925,0.927,0.948,0.951,0.964,0.966]
Epoch [144] Testing Results: Prec@1 46.390 Prec@5 81.790             Loss 3.09763
Epoch [144] Testing Class Recall: [0.632,0.767,0.591,0.364,0.569,0.656,0.469,0.328,0.198,0.065]
Epoch [145] Training Results: Prec@1 91.634 Prec@5 99.888             Loss 0.24894
Epoch [145] Training Class Recall: [0.834,0.887,0.862,0.896,0.921,0.935,0.947,0.953,0.964,0.963]
Epoch [145] Testing Results: Prec@1 43.850 Prec@5 84.450             Loss 3.55863
Epoch [145] Testing Class Recall: [0.709,0.640,0.396,0.723,0.337,0.592,0.121,0.423,0.191,0.253]
Epoch [146] Training Results: Prec@1 91.392 Prec@5 99.876             Loss 0.25431
Epoch [146] Training Class Recall: [0.832,0.886,0.863,0.891,0.925,0.930,0.946,0.951,0.956,0.959]
Epoch [146] Testing Results: Prec@1 44.480 Prec@5 82.600             Loss 3.10346
Epoch [146] Testing Class Recall: [0.692,0.731,0.518,0.446,0.477,0.148,0.542,0.595,0.151,0.148]
Epoch [147] Training Results: Prec@1 91.324 Prec@5 99.824             Loss 0.26058
Epoch [147] Training Class Recall: [0.836,0.891,0.863,0.889,0.917,0.925,0.942,0.950,0.959,0.962]
Epoch [147] Testing Results: Prec@1 48.820 Prec@5 85.460             Loss 3.06521
Epoch [147] Testing Class Recall: [0.661,0.878,0.480,0.504,0.512,0.345,0.760,0.259,0.287,0.196]
Epoch [148] Training Results: Prec@1 91.264 Prec@5 99.852             Loss 0.26350
Epoch [148] Training Class Recall: [0.834,0.884,0.863,0.886,0.920,0.926,0.950,0.948,0.955,0.962]
Epoch [148] Testing Results: Prec@1 44.380 Prec@5 80.150             Loss 3.64279
Epoch [148] Testing Class Recall: [0.610,0.798,0.567,0.595,0.378,0.550,0.164,0.481,0.259,0.036]
Epoch [149] Training Results: Prec@1 91.520 Prec@5 99.882             Loss 0.25507
Epoch [149] Training Class Recall: [0.841,0.887,0.865,0.899,0.916,0.926,0.951,0.951,0.959,0.957]
Epoch [149] Testing Results: Prec@1 42.670 Prec@5 83.660             Loss 3.37949
Epoch [149] Testing Class Recall: [0.631,0.433,0.312,0.623,0.453,0.554,0.659,0.281,0.220,0.101]
Epoch [150] Training Results: Prec@1 91.968 Prec@5 99.876             Loss 0.24426
Epoch [150] Training Class Recall: [0.845,0.889,0.869,0.897,0.922,0.934,0.958,0.951,0.966,0.966]
Epoch [150] Testing Results: Prec@1 48.370 Prec@5 85.630             Loss 2.86715
Epoch [150] Testing Class Recall: [0.760,0.714,0.408,0.410,0.632,0.450,0.357,0.325,0.386,0.395]
Epoch [151] Training Results: Prec@1 91.722 Prec@5 99.868             Loss 0.25352
Epoch [151] Training Class Recall: [0.844,0.895,0.868,0.897,0.918,0.932,0.948,0.946,0.959,0.965]
Epoch [151] Testing Results: Prec@1 51.430 Prec@5 85.840             Loss 2.61282
Epoch [151] Testing Class Recall: [0.732,0.796,0.582,0.487,0.688,0.463,0.544,0.493,0.213,0.145]
Epoch [152] Training Results: Prec@1 91.534 Prec@5 99.840             Loss 0.25222
Epoch [152] Training Class Recall: [0.838,0.888,0.861,0.897,0.921,0.928,0.951,0.949,0.958,0.963]
Epoch [152] Testing Results: Prec@1 48.440 Prec@5 84.860             Loss 2.90724
Epoch [152] Testing Class Recall: [0.705,0.859,0.657,0.419,0.333,0.622,0.363,0.394,0.288,0.204]
Epoch [153] Training Results: Prec@1 91.704 Prec@5 99.868             Loss 0.25008
Epoch [153] Training Class Recall: [0.834,0.891,0.875,0.892,0.922,0.924,0.948,0.956,0.966,0.962]
Epoch [153] Testing Results: Prec@1 46.580 Prec@5 82.440             Loss 2.86635
Epoch [153] Testing Class Recall: [0.678,0.730,0.559,0.532,0.526,0.557,0.263,0.243,0.448,0.122]
Epoch [154] Training Results: Prec@1 91.788 Prec@5 99.870             Loss 0.24783
Epoch [154] Training Class Recall: [0.842,0.887,0.870,0.899,0.926,0.932,0.950,0.945,0.967,0.960]
Epoch [154] Testing Results: Prec@1 48.980 Prec@5 85.150             Loss 2.91650
Epoch [154] Testing Class Recall: [0.578,0.771,0.541,0.595,0.287,0.494,0.631,0.529,0.367,0.105]
Epoch [155] Training Results: Prec@1 92.026 Prec@5 99.858             Loss 0.24468
Epoch [155] Training Class Recall: [0.844,0.895,0.875,0.901,0.922,0.930,0.956,0.956,0.962,0.962]
Epoch [155] Testing Results: Prec@1 45.150 Prec@5 80.080             Loss 3.78537
Epoch [155] Testing Class Recall: [0.689,0.891,0.671,0.658,0.355,0.339,0.549,0.190,0.140,0.033]
Epoch [156] Training Results: Prec@1 91.290 Prec@5 99.832             Loss 0.26183
Epoch [156] Training Class Recall: [0.831,0.889,0.862,0.893,0.919,0.922,0.946,0.945,0.959,0.962]
Epoch [156] Testing Results: Prec@1 43.200 Prec@5 80.830             Loss 3.59813
Epoch [156] Testing Class Recall: [0.717,0.738,0.801,0.499,0.377,0.368,0.418,0.124,0.188,0.090]
Epoch [157] Training Results: Prec@1 91.694 Prec@5 99.854             Loss 0.24988
Epoch [157] Training Class Recall: [0.841,0.890,0.859,0.895,0.927,0.932,0.949,0.952,0.962,0.963]
Epoch [157] Testing Results: Prec@1 52.170 Prec@5 87.280             Loss 2.65728
Epoch [157] Testing Class Recall: [0.759,0.797,0.509,0.542,0.435,0.378,0.577,0.532,0.414,0.274]
Epoch [158] Training Results: Prec@1 91.560 Prec@5 99.870             Loss 0.25208
Epoch [158] Training Class Recall: [0.836,0.887,0.868,0.897,0.919,0.930,0.948,0.951,0.959,0.961]
Epoch [158] Testing Results: Prec@1 46.430 Prec@5 83.040             Loss 3.56440
Epoch [158] Testing Class Recall: [0.725,0.794,0.421,0.622,0.328,0.319,0.605,0.329,0.383,0.117]
Epoch [159] Training Results: Prec@1 91.614 Prec@5 99.878             Loss 0.25524
Epoch [159] Training Class Recall: [0.837,0.889,0.865,0.896,0.922,0.928,0.948,0.949,0.963,0.965]
Epoch [159] Testing Results: Prec@1 47.710 Prec@5 81.880             Loss 3.03436
Epoch [159] Testing Class Recall: [0.822,0.766,0.474,0.592,0.404,0.319,0.622,0.332,0.364,0.076]
Epoch [160] Training Results: Prec@1 95.210 Prec@5 99.958             Loss 0.15225
Epoch [160] Training Class Recall: [0.915,0.916,0.916,0.942,0.956,0.965,0.977,0.974,0.975,0.986]
Epoch [160] Testing Results: Prec@1 52.130 Prec@5 84.840             Loss 2.65555
Epoch [160] Testing Class Recall: [0.753,0.852,0.654,0.620,0.598,0.446,0.445,0.383,0.314,0.148]
Epoch [161] Training Results: Prec@1 96.814 Prec@5 99.974             Loss 0.10704
Epoch [161] Training Class Recall: [0.924,0.941,0.935,0.961,0.975,0.980,0.988,0.988,0.992,0.996]
Epoch [161] Testing Results: Prec@1 52.710 Prec@5 85.140             Loss 2.63911
Epoch [161] Testing Class Recall: [0.789,0.859,0.659,0.618,0.595,0.448,0.448,0.412,0.296,0.147]
Epoch [162] Training Results: Prec@1 97.438 Prec@5 99.984             Loss 0.09057
Epoch [162] Training Class Recall: [0.935,0.950,0.944,0.969,0.981,0.985,0.994,0.994,0.996,0.997]
Epoch [162] Testing Results: Prec@1 52.150 Prec@5 84.740             Loss 2.73127
Epoch [162] Testing Class Recall: [0.786,0.865,0.675,0.636,0.600,0.441,0.430,0.380,0.271,0.131]
Epoch [163] Training Results: Prec@1 97.766 Prec@5 99.978             Loss 0.08129
Epoch [163] Training Class Recall: [0.937,0.959,0.950,0.974,0.983,0.990,0.993,0.997,0.998,0.997]
Epoch [163] Testing Results: Prec@1 51.800 Prec@5 84.600             Loss 2.76610
Epoch [163] Testing Class Recall: [0.803,0.893,0.653,0.623,0.598,0.416,0.404,0.381,0.283,0.126]
Epoch [164] Training Results: Prec@1 97.950 Prec@5 99.986             Loss 0.07554
Epoch [164] Training Class Recall: [0.940,0.958,0.955,0.976,0.988,0.989,0.995,0.996,0.998,0.999]
Epoch [164] Testing Results: Prec@1 51.900 Prec@5 84.330             Loss 2.80736
Epoch [164] Testing Class Recall: [0.801,0.875,0.683,0.627,0.593,0.446,0.436,0.379,0.239,0.111]
Epoch [165] Training Results: Prec@1 98.050 Prec@5 99.984             Loss 0.07082
Epoch [165] Training Class Recall: [0.943,0.958,0.957,0.979,0.986,0.991,0.998,0.997,0.998,0.998]
Epoch [165] Testing Results: Prec@1 51.760 Prec@5 84.400             Loss 2.81693
Epoch [165] Testing Class Recall: [0.817,0.888,0.666,0.621,0.574,0.429,0.424,0.376,0.270,0.111]
Epoch [166] Training Results: Prec@1 98.174 Prec@5 99.988             Loss 0.06801
Epoch [166] Training Class Recall: [0.943,0.962,0.958,0.980,0.989,0.993,0.998,0.998,0.998,0.998]
Epoch [166] Testing Results: Prec@1 51.620 Prec@5 84.400             Loss 2.83024
Epoch [166] Testing Class Recall: [0.810,0.894,0.679,0.616,0.579,0.411,0.407,0.397,0.247,0.122]
Epoch [167] Training Results: Prec@1 98.346 Prec@5 99.978             Loss 0.06374
Epoch [167] Training Class Recall: [0.950,0.963,0.966,0.982,0.988,0.993,0.997,0.997,0.999,0.999]
Epoch [167] Testing Results: Prec@1 51.790 Prec@5 84.410             Loss 2.85831
Epoch [167] Testing Class Recall: [0.829,0.884,0.662,0.634,0.574,0.414,0.432,0.382,0.259,0.109]
Epoch [168] Training Results: Prec@1 98.470 Prec@5 99.984             Loss 0.05965
Epoch [168] Training Class Recall: [0.952,0.969,0.961,0.985,0.991,0.997,0.997,0.999,0.998,0.999]
Epoch [168] Testing Results: Prec@1 51.440 Prec@5 84.230             Loss 2.93249
Epoch [168] Testing Class Recall: [0.832,0.885,0.700,0.600,0.569,0.415,0.404,0.383,0.249,0.107]
Epoch [169] Training Results: Prec@1 98.458 Prec@5 99.982             Loss 0.05789
Epoch [169] Training Class Recall: [0.953,0.964,0.966,0.983,0.992,0.994,0.998,0.997,0.999,1.000]
Epoch [169] Testing Results: Prec@1 51.740 Prec@5 84.490             Loss 2.87477
Epoch [169] Testing Class Recall: [0.831,0.889,0.671,0.636,0.592,0.412,0.425,0.366,0.242,0.110]
Epoch [170] Training Results: Prec@1 98.584 Prec@5 99.984             Loss 0.05560
Epoch [170] Training Class Recall: [0.952,0.966,0.969,0.986,0.993,0.994,0.999,1.000,0.999,1.000]
Epoch [170] Testing Results: Prec@1 51.510 Prec@5 84.230             Loss 2.93936
Epoch [170] Testing Class Recall: [0.823,0.891,0.684,0.624,0.592,0.426,0.399,0.370,0.227,0.115]
Epoch [171] Training Results: Prec@1 98.636 Prec@5 99.984             Loss 0.05316
Epoch [171] Training Class Recall: [0.960,0.967,0.967,0.987,0.991,0.995,0.999,0.999,0.999,1.000]
Epoch [171] Testing Results: Prec@1 51.770 Prec@5 84.320             Loss 2.93872
Epoch [171] Testing Class Recall: [0.825,0.892,0.691,0.627,0.578,0.412,0.427,0.358,0.256,0.111]
Epoch [172] Training Results: Prec@1 98.618 Prec@5 99.984             Loss 0.05272
Epoch [172] Training Class Recall: [0.955,0.968,0.967,0.986,0.994,0.996,0.998,0.998,1.000,1.000]
Epoch [172] Testing Results: Prec@1 51.210 Prec@5 84.270             Loss 2.99382
Epoch [172] Testing Class Recall: [0.843,0.888,0.688,0.633,0.574,0.414,0.389,0.358,0.216,0.118]
Epoch [173] Training Results: Prec@1 98.688 Prec@5 99.992             Loss 0.04961
Epoch [173] Training Class Recall: [0.959,0.970,0.969,0.987,0.994,0.995,0.999,0.998,0.999,0.999]
Epoch [173] Testing Results: Prec@1 51.270 Prec@5 84.080             Loss 3.01200
Epoch [173] Testing Class Recall: [0.844,0.897,0.683,0.615,0.580,0.417,0.400,0.357,0.226,0.108]
Epoch [174] Training Results: Prec@1 98.722 Prec@5 99.988             Loss 0.04920
Epoch [174] Training Class Recall: [0.962,0.969,0.967,0.988,0.995,0.996,0.998,1.000,0.999,0.999]
Epoch [174] Testing Results: Prec@1 51.660 Prec@5 84.350             Loss 3.00371
Epoch [174] Testing Class Recall: [0.831,0.889,0.691,0.621,0.580,0.433,0.431,0.365,0.226,0.099]
Epoch [175] Training Results: Prec@1 98.764 Prec@5 99.992             Loss 0.04707
Epoch [175] Training Class Recall: [0.961,0.969,0.972,0.987,0.996,0.996,0.999,0.999,1.000,1.000]
Epoch [175] Testing Results: Prec@1 51.610 Prec@5 84.540             Loss 2.96437
Epoch [175] Testing Class Recall: [0.842,0.886,0.676,0.629,0.583,0.420,0.407,0.378,0.223,0.117]
Epoch [176] Training Results: Prec@1 98.764 Prec@5 99.990             Loss 0.04686
Epoch [176] Training Class Recall: [0.959,0.973,0.971,0.987,0.995,0.995,0.999,0.999,0.999,0.999]
Epoch [176] Testing Results: Prec@1 51.170 Prec@5 83.950             Loss 3.08622
Epoch [176] Testing Class Recall: [0.838,0.894,0.699,0.628,0.591,0.407,0.411,0.350,0.204,0.095]
Epoch [177] Training Results: Prec@1 98.840 Prec@5 99.988             Loss 0.04491
Epoch [177] Training Class Recall: [0.965,0.971,0.974,0.987,0.994,0.998,0.998,0.999,0.999,1.000]
Epoch [177] Testing Results: Prec@1 51.300 Prec@5 84.080             Loss 3.06808
Epoch [177] Testing Class Recall: [0.849,0.891,0.685,0.628,0.584,0.409,0.410,0.352,0.218,0.104]
Epoch [178] Training Results: Prec@1 98.878 Prec@5 99.992             Loss 0.04407
Epoch [178] Training Class Recall: [0.963,0.975,0.973,0.989,0.994,0.996,0.999,0.999,0.999,0.999]
Epoch [178] Testing Results: Prec@1 51.750 Prec@5 84.300             Loss 3.04325
Epoch [178] Testing Class Recall: [0.844,0.882,0.686,0.631,0.603,0.406,0.440,0.357,0.226,0.100]
Epoch [179] Training Results: Prec@1 98.920 Prec@5 99.990             Loss 0.04280
Epoch [179] Training Class Recall: [0.965,0.974,0.974,0.990,0.996,0.997,0.999,0.999,0.999,0.999]
Epoch [179] Testing Results: Prec@1 51.350 Prec@5 84.140             Loss 3.07170
Epoch [179] Testing Class Recall: [0.844,0.902,0.685,0.640,0.576,0.403,0.421,0.354,0.211,0.099]
Epoch [180] Training Results: Prec@1 98.874 Prec@5 99.988             Loss 0.04326
Epoch [180] Training Class Recall: [0.959,0.972,0.974,0.991,0.996,0.998,0.999,1.000,1.000,1.000]
Epoch [180] Testing Results: Prec@1 51.200 Prec@5 84.070             Loss 3.04986
Epoch [180] Testing Class Recall: [0.857,0.899,0.673,0.613,0.579,0.412,0.412,0.349,0.222,0.104]
Epoch [181] Training Results: Prec@1 98.960 Prec@5 99.992             Loss 0.04193
Epoch [181] Training Class Recall: [0.970,0.974,0.974,0.989,0.996,0.997,0.999,0.999,0.999,1.000]
Epoch [181] Testing Results: Prec@1 51.110 Prec@5 84.140             Loss 3.08340
Epoch [181] Testing Class Recall: [0.849,0.896,0.698,0.629,0.568,0.401,0.399,0.371,0.194,0.106]
Epoch [182] Training Results: Prec@1 98.968 Prec@5 99.990             Loss 0.04232
Epoch [182] Training Class Recall: [0.966,0.974,0.975,0.988,0.997,0.998,1.000,0.999,1.000,1.000]
Epoch [182] Testing Results: Prec@1 51.390 Prec@5 84.150             Loss 3.07368
Epoch [182] Testing Class Recall: [0.854,0.889,0.695,0.639,0.580,0.405,0.406,0.371,0.196,0.104]
Epoch [183] Training Results: Prec@1 98.946 Prec@5 99.994             Loss 0.04172
Epoch [183] Training Class Recall: [0.965,0.975,0.974,0.989,0.996,0.998,1.000,0.999,0.999,1.000]
Epoch [183] Testing Results: Prec@1 51.530 Prec@5 84.200             Loss 3.05473
Epoch [183] Testing Class Recall: [0.832,0.897,0.683,0.625,0.600,0.421,0.427,0.363,0.206,0.099]
Epoch [184] Training Results: Prec@1 98.870 Prec@5 99.988             Loss 0.04302
Epoch [184] Training Class Recall: [0.963,0.971,0.975,0.987,0.996,0.997,0.999,1.000,1.000,0.999]
Epoch [184] Testing Results: Prec@1 51.650 Prec@5 84.490             Loss 3.02619
Epoch [184] Testing Class Recall: [0.846,0.891,0.670,0.642,0.585,0.415,0.438,0.354,0.218,0.106]
Epoch [185] Training Results: Prec@1 98.932 Prec@5 99.988             Loss 0.04198
Epoch [185] Training Class Recall: [0.968,0.975,0.975,0.989,0.994,0.996,1.000,0.999,0.999,0.999]
Epoch [185] Testing Results: Prec@1 51.520 Prec@5 84.450             Loss 3.02252
Epoch [185] Testing Class Recall: [0.838,0.899,0.677,0.609,0.591,0.419,0.431,0.368,0.212,0.108]
Epoch [186] Training Results: Prec@1 98.952 Prec@5 99.988             Loss 0.04154
Epoch [186] Training Class Recall: [0.967,0.975,0.976,0.989,0.996,0.997,0.999,0.999,0.999,0.999]
Epoch [186] Testing Results: Prec@1 51.590 Prec@5 84.210             Loss 3.03371
Epoch [186] Testing Class Recall: [0.834,0.896,0.684,0.632,0.591,0.426,0.401,0.378,0.221,0.096]
Epoch [187] Training Results: Prec@1 98.954 Prec@5 99.994             Loss 0.04235
Epoch [187] Training Class Recall: [0.966,0.973,0.977,0.989,0.996,0.997,0.999,0.999,0.999,1.000]
Epoch [187] Testing Results: Prec@1 51.720 Prec@5 84.460             Loss 3.01933
Epoch [187] Testing Class Recall: [0.834,0.892,0.693,0.609,0.603,0.440,0.423,0.353,0.212,0.113]
Epoch [188] Training Results: Prec@1 98.888 Prec@5 99.986             Loss 0.04225
Epoch [188] Training Class Recall: [0.965,0.973,0.972,0.988,0.997,0.997,0.998,0.999,1.000,1.000]
Epoch [188] Testing Results: Prec@1 51.470 Prec@5 84.210             Loss 3.06143
Epoch [188] Testing Class Recall: [0.839,0.902,0.690,0.619,0.586,0.416,0.424,0.354,0.217,0.100]
Epoch [189] Training Results: Prec@1 98.914 Prec@5 99.996             Loss 0.04205
Epoch [189] Training Class Recall: [0.965,0.973,0.974,0.989,0.996,0.998,0.999,0.999,1.000,1.000]
Epoch [189] Testing Results: Prec@1 51.300 Prec@5 84.180             Loss 3.09560
Epoch [189] Testing Class Recall: [0.841,0.900,0.680,0.632,0.580,0.407,0.416,0.366,0.211,0.097]
Epoch [190] Training Results: Prec@1 98.926 Prec@5 99.990             Loss 0.04216
Epoch [190] Training Class Recall: [0.964,0.975,0.972,0.990,0.997,0.998,0.999,0.999,0.999,1.000]
Epoch [190] Testing Results: Prec@1 51.530 Prec@5 84.440             Loss 3.03692
Epoch [190] Testing Class Recall: [0.844,0.895,0.674,0.629,0.585,0.420,0.426,0.369,0.206,0.105]
Epoch [191] Training Results: Prec@1 98.876 Prec@5 99.988             Loss 0.04352
Epoch [191] Training Class Recall: [0.968,0.972,0.972,0.987,0.995,0.997,0.999,0.999,0.999,0.999]
Epoch [191] Testing Results: Prec@1 51.660 Prec@5 84.420             Loss 3.01359
Epoch [191] Testing Class Recall: [0.840,0.889,0.690,0.617,0.587,0.420,0.418,0.355,0.240,0.110]
Epoch [192] Training Results: Prec@1 98.964 Prec@5 99.984             Loss 0.04201
Epoch [192] Training Class Recall: [0.965,0.976,0.977,0.989,0.995,0.997,0.999,0.999,1.000,1.000]
Epoch [192] Testing Results: Prec@1 51.560 Prec@5 84.370             Loss 3.03997
Epoch [192] Testing Class Recall: [0.851,0.896,0.671,0.633,0.579,0.403,0.405,0.374,0.234,0.110]
Epoch [193] Training Results: Prec@1 98.918 Prec@5 99.992             Loss 0.04197
Epoch [193] Training Class Recall: [0.964,0.974,0.975,0.989,0.994,0.997,1.000,0.999,1.000,1.000]
Epoch [193] Testing Results: Prec@1 51.980 Prec@5 84.640             Loss 2.99454
Epoch [193] Testing Class Recall: [0.835,0.886,0.682,0.637,0.592,0.410,0.432,0.390,0.223,0.111]
Epoch [194] Training Results: Prec@1 98.944 Prec@5 99.996             Loss 0.04233
Epoch [194] Training Class Recall: [0.962,0.977,0.975,0.989,0.996,0.998,0.999,0.999,1.000,0.999]
Epoch [194] Testing Results: Prec@1 51.380 Prec@5 84.200             Loss 3.06552
Epoch [194] Testing Class Recall: [0.838,0.901,0.678,0.636,0.573,0.410,0.410,0.380,0.211,0.101]
Epoch [195] Training Results: Prec@1 98.974 Prec@5 99.996             Loss 0.04174
Epoch [195] Training Class Recall: [0.964,0.977,0.976,0.990,0.996,0.996,0.999,0.999,0.999,1.000]
Epoch [195] Testing Results: Prec@1 51.970 Prec@5 84.480             Loss 3.00855
Epoch [195] Testing Class Recall: [0.843,0.898,0.669,0.635,0.585,0.414,0.435,0.378,0.233,0.107]
Epoch [196] Training Results: Prec@1 98.858 Prec@5 99.988             Loss 0.04203
Epoch [196] Training Class Recall: [0.960,0.975,0.971,0.991,0.995,0.997,0.999,0.999,0.999,1.000]
Epoch [196] Testing Results: Prec@1 51.740 Prec@5 84.420             Loss 3.03426
Epoch [196] Testing Class Recall: [0.842,0.891,0.678,0.640,0.589,0.423,0.437,0.366,0.207,0.101]
Epoch [197] Training Results: Prec@1 98.898 Prec@5 99.994             Loss 0.04324
Epoch [197] Training Class Recall: [0.964,0.975,0.971,0.990,0.996,0.997,0.999,0.999,1.000,1.000]
Epoch [197] Testing Results: Prec@1 51.480 Prec@5 84.510             Loss 3.01068
Epoch [197] Testing Class Recall: [0.840,0.899,0.672,0.617,0.576,0.430,0.401,0.377,0.225,0.111]
Epoch [198] Training Results: Prec@1 98.964 Prec@5 99.992             Loss 0.04197
Epoch [198] Training Class Recall: [0.965,0.976,0.976,0.992,0.994,0.998,0.998,0.999,1.000,1.000]
Epoch [198] Testing Results: Prec@1 51.240 Prec@5 84.160             Loss 3.06517
Epoch [198] Testing Class Recall: [0.844,0.884,0.698,0.622,0.579,0.422,0.420,0.356,0.200,0.099]
Epoch [199] Training Results: Prec@1 98.920 Prec@5 99.990             Loss 0.04168
Epoch [199] Training Class Recall: [0.964,0.973,0.974,0.989,0.997,0.998,0.999,1.000,0.999,0.999]
Epoch [199] Testing Results: Prec@1 51.480 Prec@5 84.420             Loss 3.05409
Epoch [199] Testing Class Recall: [0.836,0.896,0.665,0.632,0.591,0.424,0.427,0.357,0.219,0.101]
