Log file: cifar10_sava1.0_randomoversampling_selection_exp0.01_seed42_20260613_054539.log
Run started: 2026-06-13 05:45:39.774076
Dataset: cifar10
Imbalance type: exp, factor: 0.01
Selection method: sava, ratio: 1.0
Strategy: RandomOversampling_Selection, epochs: 200
Seed: 42, rand_number: 0
Augmentation: weak
Noise ratio: 0.15
mamix_ratio: 1.0
============================================================

=> Preparing logger and tensorboard writer !
----------------------------------------------------
Class ID   | Original   | Selected   | Keep %  
----------------------------------------------------
0          | 5000       | 5000       |   100.0%
1          | 5000       | 5000       |   100.0%
2          | 5000       | 5000       |   100.0%
3          | 5000       | 5000       |   100.0%
4          | 5000       | 5000       |   100.0%
5          | 5000       | 5000       |   100.0%
6          | 5000       | 5000       |   100.0%
7          | 5000       | 5000       |   100.0%
8          | 5000       | 5000       |   100.0%
9          | 5000       | 5000       |   100.0%
----------------------------------------------------
TOTAL      | 50000      | 50000      |   100.0%
----------------------------------------------------
Epoch [0] Training Results: Prec@1 22.894 Prec@5 71.118             Loss 2.13735
Epoch [0] Training Class Recall: [0.425,0.523,0.204,0.246,0.199,0.169,0.213,0.113,0.112,0.086]
Epoch [0] Testing Results: Prec@1 31.220 Prec@5 82.020             Loss 1.88405
Epoch [0] Testing Class Recall: [0.756,0.603,0.306,0.149,0.449,0.595,0.099,0.019,0.030,0.116]
Epoch [1] Training Results: Prec@1 29.508 Prec@5 77.538             Loss 1.99791
Epoch [1] Training Class Recall: [0.508,0.647,0.299,0.320,0.233,0.242,0.285,0.177,0.130,0.110]
Epoch [1] Testing Results: Prec@1 35.230 Prec@5 86.720             Loss 1.95998
Epoch [1] Testing Class Recall: [0.267,0.838,0.195,0.074,0.086,0.494,0.774,0.450,0.226,0.119]
Epoch [2] Training Results: Prec@1 34.842 Prec@5 81.350             Loss 1.88164
Epoch [2] Training Class Recall: [0.519,0.672,0.373,0.360,0.315,0.282,0.336,0.229,0.226,0.171]
Epoch [2] Testing Results: Prec@1 33.770 Prec@5 84.600             Loss 1.86073
Epoch [2] Testing Class Recall: [0.125,0.624,0.758,0.065,0.154,0.156,0.474,0.001,0.843,0.177]
Epoch [3] Training Results: Prec@1 40.190 Prec@5 85.000             Loss 1.74558
Epoch [3] Training Class Recall: [0.556,0.688,0.408,0.393,0.372,0.326,0.387,0.286,0.317,0.285]
Epoch [3] Testing Results: Prec@1 39.420 Prec@5 84.780             Loss 1.94193
Epoch [3] Testing Class Recall: [0.483,0.543,0.236,0.199,0.330,0.877,0.214,0.457,0.522,0.081]
Epoch [4] Training Results: Prec@1 45.936 Prec@5 87.976             Loss 1.60068
Epoch [4] Training Class Recall: [0.560,0.700,0.459,0.438,0.414,0.375,0.439,0.343,0.414,0.452]
Epoch [4] Testing Results: Prec@1 46.440 Prec@5 88.500             Loss 1.64978
Epoch [4] Testing Class Recall: [0.561,0.476,0.335,0.512,0.349,0.480,0.448,0.520,0.615,0.348]
Epoch [5] Training Results: Prec@1 52.596 Prec@5 91.268             Loss 1.41351
Epoch [5] Training Class Recall: [0.557,0.708,0.472,0.468,0.465,0.423,0.499,0.434,0.586,0.647]
Epoch [5] Testing Results: Prec@1 45.210 Prec@5 84.920             Loss 1.83569
Epoch [5] Testing Class Recall: [0.672,0.760,0.486,0.574,0.543,0.247,0.476,0.210,0.403,0.150]
Epoch [6] Training Results: Prec@1 58.386 Prec@5 93.864             Loss 1.23363
Epoch [6] Training Class Recall: [0.559,0.719,0.506,0.503,0.503,0.480,0.572,0.572,0.684,0.741]
Epoch [6] Testing Results: Prec@1 45.310 Prec@5 84.150             Loss 2.05596
Epoch [6] Testing Class Recall: [0.611,0.726,0.353,0.626,0.220,0.561,0.549,0.355,0.188,0.342]
Epoch [7] Training Results: Prec@1 63.382 Prec@5 95.396             Loss 1.09512
Epoch [7] Training Class Recall: [0.574,0.729,0.543,0.537,0.562,0.528,0.637,0.660,0.763,0.806]
Epoch [7] Testing Results: Prec@1 39.330 Prec@5 82.040             Loss 2.53073
Epoch [7] Testing Class Recall: [0.432,0.426,0.229,0.384,0.519,0.351,0.398,0.305,0.739,0.150]
Epoch [8] Training Results: Prec@1 67.538 Prec@5 96.578             Loss 0.97015
Epoch [8] Training Class Recall: [0.596,0.745,0.556,0.559,0.594,0.595,0.706,0.736,0.818,0.848]
Epoch [8] Testing Results: Prec@1 43.060 Prec@5 81.180             Loss 2.39009
Epoch [8] Testing Class Recall: [0.565,0.766,0.568,0.220,0.529,0.271,0.596,0.307,0.322,0.162]
Epoch [9] Training Results: Prec@1 70.704 Prec@5 97.518             Loss 0.87315
Epoch [9] Training Class Recall: [0.609,0.745,0.582,0.596,0.627,0.645,0.767,0.777,0.851,0.870]
Epoch [9] Testing Results: Prec@1 42.310 Prec@5 79.500             Loss 2.34713
Epoch [9] Testing Class Recall: [0.634,0.831,0.386,0.392,0.238,0.334,0.733,0.301,0.105,0.277]
Epoch [10] Training Results: Prec@1 73.180 Prec@5 97.944             Loss 0.79953
Epoch [10] Training Class Recall: [0.617,0.752,0.615,0.623,0.661,0.683,0.789,0.819,0.871,0.888]
Epoch [10] Testing Results: Prec@1 43.490 Prec@5 83.230             Loss 2.28136
Epoch [10] Testing Class Recall: [0.529,0.576,0.519,0.252,0.328,0.574,0.354,0.407,0.590,0.220]
Epoch [11] Training Results: Prec@1 75.274 Prec@5 98.268             Loss 0.73715
Epoch [11] Training Class Recall: [0.637,0.763,0.630,0.645,0.687,0.723,0.823,0.835,0.887,0.898]
Epoch [11] Testing Results: Prec@1 42.570 Prec@5 80.630             Loss 2.74495
Epoch [11] Testing Class Recall: [0.605,0.597,0.419,0.702,0.393,0.384,0.216,0.349,0.118,0.474]
Epoch [12] Training Results: Prec@1 76.900 Prec@5 98.528             Loss 0.69173
Epoch [12] Training Class Recall: [0.641,0.775,0.647,0.662,0.712,0.755,0.845,0.854,0.893,0.906]
Epoch [12] Testing Results: Prec@1 42.560 Prec@5 80.930             Loss 2.81260
Epoch [12] Testing Class Recall: [0.284,0.721,0.438,0.648,0.558,0.530,0.433,0.155,0.283,0.206]
Epoch [13] Training Results: Prec@1 79.018 Prec@5 98.826             Loss 0.62931
Epoch [13] Training Class Recall: [0.654,0.788,0.674,0.693,0.742,0.782,0.865,0.872,0.912,0.920]
Epoch [13] Testing Results: Prec@1 41.220 Prec@5 76.080             Loss 3.16300
Epoch [13] Testing Class Recall: [0.445,0.824,0.444,0.644,0.705,0.054,0.544,0.165,0.241,0.056]
Epoch [14] Training Results: Prec@1 80.042 Prec@5 98.892             Loss 0.60110
Epoch [14] Training Class Recall: [0.673,0.789,0.679,0.717,0.754,0.800,0.880,0.882,0.914,0.917]
Epoch [14] Testing Results: Prec@1 47.760 Prec@5 86.180             Loss 2.50904
Epoch [14] Testing Class Recall: [0.673,0.691,0.336,0.367,0.484,0.607,0.462,0.411,0.225,0.520]
Epoch [15] Training Results: Prec@1 80.340 Prec@5 98.998             Loss 0.59129
Epoch [15] Training Class Recall: [0.666,0.794,0.694,0.712,0.763,0.811,0.872,0.886,0.914,0.921]
Epoch [15] Testing Results: Prec@1 41.070 Prec@5 82.350             Loss 2.75197
Epoch [15] Testing Class Recall: [0.592,0.379,0.294,0.449,0.475,0.330,0.352,0.680,0.499,0.057]
Epoch [16] Training Results: Prec@1 82.164 Prec@5 99.172             Loss 0.53593
Epoch [16] Training Class Recall: [0.694,0.805,0.702,0.741,0.795,0.827,0.892,0.902,0.924,0.934]
Epoch [16] Testing Results: Prec@1 38.860 Prec@5 75.680             Loss 3.29724
Epoch [16] Testing Class Recall: [0.766,0.485,0.432,0.423,0.501,0.094,0.653,0.309,0.208,0.015]
Epoch [17] Training Results: Prec@1 82.418 Prec@5 99.200             Loss 0.52868
Epoch [17] Training Class Recall: [0.685,0.808,0.714,0.745,0.800,0.837,0.890,0.905,0.922,0.935]
Epoch [17] Testing Results: Prec@1 41.380 Prec@5 79.530             Loss 2.73342
Epoch [17] Testing Class Recall: [0.435,0.710,0.535,0.684,0.416,0.267,0.260,0.516,0.096,0.219]
Epoch [18] Training Results: Prec@1 83.796 Prec@5 99.328             Loss 0.49230
Epoch [18] Training Class Recall: [0.710,0.810,0.733,0.770,0.817,0.852,0.910,0.909,0.931,0.938]
Epoch [18] Testing Results: Prec@1 45.680 Prec@5 81.190             Loss 2.99642
Epoch [18] Testing Class Recall: [0.757,0.654,0.451,0.269,0.559,0.612,0.362,0.612,0.214,0.078]
Epoch [19] Training Results: Prec@1 83.586 Prec@5 99.414             Loss 0.49371
Epoch [19] Training Class Recall: [0.710,0.811,0.731,0.766,0.823,0.846,0.905,0.907,0.925,0.934]
Epoch [19] Testing Results: Prec@1 47.740 Prec@5 83.380             Loss 2.67011
Epoch [19] Testing Class Recall: [0.651,0.659,0.552,0.308,0.719,0.541,0.554,0.336,0.322,0.132]
Epoch [20] Training Results: Prec@1 84.246 Prec@5 99.432             Loss 0.47126
Epoch [20] Training Class Recall: [0.718,0.823,0.738,0.771,0.827,0.852,0.907,0.919,0.931,0.939]
Epoch [20] Testing Results: Prec@1 43.440 Prec@5 80.570             Loss 3.02226
Epoch [20] Testing Class Recall: [0.527,0.657,0.561,0.503,0.247,0.298,0.719,0.493,0.206,0.133]
Epoch [21] Training Results: Prec@1 84.602 Prec@5 99.442             Loss 0.46398
Epoch [21] Training Class Recall: [0.725,0.814,0.750,0.776,0.834,0.865,0.911,0.917,0.930,0.938]
Epoch [21] Testing Results: Prec@1 45.330 Prec@5 81.590             Loss 2.85884
Epoch [21] Testing Class Recall: [0.632,0.742,0.664,0.481,0.416,0.539,0.440,0.269,0.183,0.167]
Epoch [22] Training Results: Prec@1 85.166 Prec@5 99.522             Loss 0.44526
Epoch [22] Training Class Recall: [0.725,0.817,0.762,0.793,0.845,0.869,0.915,0.916,0.935,0.939]
Epoch [22] Testing Results: Prec@1 47.230 Prec@5 83.580             Loss 2.86891
Epoch [22] Testing Class Recall: [0.681,0.764,0.479,0.510,0.637,0.353,0.377,0.532,0.197,0.193]
Epoch [23] Training Results: Prec@1 85.628 Prec@5 99.548             Loss 0.43542
Epoch [23] Training Class Recall: [0.732,0.829,0.762,0.801,0.844,0.877,0.916,0.918,0.939,0.945]
Epoch [23] Testing Results: Prec@1 44.420 Prec@5 81.890             Loss 2.96117
Epoch [23] Testing Class Recall: [0.627,0.765,0.582,0.686,0.313,0.316,0.342,0.414,0.281,0.116]
Epoch [24] Training Results: Prec@1 85.540 Prec@5 99.536             Loss 0.43266
Epoch [24] Training Class Recall: [0.734,0.823,0.757,0.803,0.850,0.869,0.920,0.919,0.938,0.940]
Epoch [24] Testing Results: Prec@1 43.000 Prec@5 80.200             Loss 3.24863
Epoch [24] Testing Class Recall: [0.628,0.930,0.440,0.307,0.501,0.542,0.320,0.152,0.322,0.158]
Epoch [25] Training Results: Prec@1 85.618 Prec@5 99.520             Loss 0.42907
Epoch [25] Training Class Recall: [0.723,0.824,0.760,0.806,0.854,0.877,0.916,0.924,0.933,0.944]
Epoch [25] Testing Results: Prec@1 40.990 Prec@5 82.590             Loss 3.16052
Epoch [25] Testing Class Recall: [0.482,0.611,0.511,0.837,0.256,0.201,0.457,0.293,0.119,0.332]
Epoch [26] Training Results: Prec@1 85.966 Prec@5 99.566             Loss 0.42354
Epoch [26] Training Class Recall: [0.737,0.828,0.769,0.806,0.854,0.880,0.921,0.922,0.936,0.944]
Epoch [26] Testing Results: Prec@1 46.140 Prec@5 82.320             Loss 2.89911
Epoch [26] Testing Class Recall: [0.636,0.698,0.617,0.611,0.336,0.366,0.443,0.509,0.162,0.236]
Epoch [27] Training Results: Prec@1 86.108 Prec@5 99.554             Loss 0.41741
Epoch [27] Training Class Recall: [0.736,0.827,0.774,0.812,0.849,0.881,0.921,0.928,0.938,0.946]
Epoch [27] Testing Results: Prec@1 45.430 Prec@5 82.450             Loss 2.82988
Epoch [27] Testing Class Recall: [0.533,0.790,0.606,0.629,0.410,0.296,0.345,0.207,0.477,0.250]
Epoch [28] Training Results: Prec@1 87.018 Prec@5 99.612             Loss 0.39206
Epoch [28] Training Class Recall: [0.764,0.840,0.774,0.816,0.870,0.887,0.930,0.929,0.943,0.948]
Epoch [28] Testing Results: Prec@1 45.120 Prec@5 82.260             Loss 3.06076
Epoch [28] Testing Class Recall: [0.533,0.749,0.565,0.578,0.440,0.502,0.191,0.440,0.339,0.175]
Epoch [29] Training Results: Prec@1 86.552 Prec@5 99.582             Loss 0.40515
Epoch [29] Training Class Recall: [0.749,0.836,0.783,0.820,0.858,0.882,0.926,0.915,0.942,0.945]
Epoch [29] Testing Results: Prec@1 46.060 Prec@5 81.750             Loss 2.88762
Epoch [29] Testing Class Recall: [0.677,0.814,0.536,0.612,0.494,0.507,0.208,0.335,0.182,0.241]
Epoch [30] Training Results: Prec@1 86.964 Prec@5 99.608             Loss 0.39271
Epoch [30] Training Class Recall: [0.753,0.844,0.790,0.824,0.871,0.882,0.925,0.923,0.937,0.948]
Epoch [30] Testing Results: Prec@1 43.400 Prec@5 80.170             Loss 3.12514
Epoch [30] Testing Class Recall: [0.590,0.813,0.184,0.472,0.732,0.433,0.484,0.337,0.208,0.087]
Epoch [31] Training Results: Prec@1 87.378 Prec@5 99.626             Loss 0.37926
Epoch [31] Training Class Recall: [0.749,0.854,0.791,0.836,0.868,0.886,0.925,0.935,0.944,0.950]
Epoch [31] Testing Results: Prec@1 39.800 Prec@5 75.830             Loss 3.98817
Epoch [31] Testing Class Recall: [0.691,0.728,0.797,0.502,0.149,0.206,0.242,0.254,0.377,0.034]
Epoch [32] Training Results: Prec@1 87.044 Prec@5 99.666             Loss 0.38529
Epoch [32] Training Class Recall: [0.753,0.830,0.785,0.832,0.873,0.892,0.928,0.924,0.943,0.945]
Epoch [32] Testing Results: Prec@1 43.200 Prec@5 81.060             Loss 3.24629
Epoch [32] Testing Class Recall: [0.677,0.721,0.507,0.694,0.321,0.194,0.139,0.514,0.301,0.252]
Epoch [33] Training Results: Prec@1 87.454 Prec@5 99.680             Loss 0.37456
Epoch [33] Training Class Recall: [0.759,0.840,0.795,0.831,0.870,0.896,0.928,0.937,0.948,0.942]
Epoch [33] Testing Results: Prec@1 43.810 Prec@5 77.600             Loss 3.40324
Epoch [33] Testing Class Recall: [0.741,0.879,0.593,0.607,0.454,0.296,0.139,0.362,0.277,0.033]
Epoch [34] Training Results: Prec@1 87.190 Prec@5 99.644             Loss 0.38510
Epoch [34] Training Class Recall: [0.754,0.839,0.795,0.830,0.877,0.884,0.930,0.924,0.939,0.947]
Epoch [34] Testing Results: Prec@1 44.540 Prec@5 81.290             Loss 3.12843
Epoch [34] Testing Class Recall: [0.539,0.660,0.690,0.471,0.613,0.199,0.603,0.416,0.178,0.085]
Epoch [35] Training Results: Prec@1 87.934 Prec@5 99.676             Loss 0.36300
Epoch [35] Training Class Recall: [0.763,0.847,0.805,0.843,0.883,0.898,0.934,0.929,0.943,0.949]
Epoch [35] Testing Results: Prec@1 38.100 Prec@5 76.580             Loss 3.85689
Epoch [35] Testing Class Recall: [0.596,0.816,0.359,0.545,0.217,0.185,0.813,0.146,0.086,0.047]
Epoch [36] Training Results: Prec@1 87.760 Prec@5 99.642             Loss 0.37028
Epoch [36] Training Class Recall: [0.768,0.844,0.802,0.830,0.880,0.902,0.927,0.934,0.940,0.949]
Epoch [36] Testing Results: Prec@1 47.980 Prec@5 83.610             Loss 2.91147
Epoch [36] Testing Class Recall: [0.635,0.640,0.601,0.453,0.727,0.503,0.559,0.217,0.207,0.256]
Epoch [37] Training Results: Prec@1 87.536 Prec@5 99.702             Loss 0.37276
Epoch [37] Training Class Recall: [0.761,0.841,0.793,0.833,0.879,0.895,0.928,0.933,0.943,0.947]
Epoch [37] Testing Results: Prec@1 43.460 Prec@5 81.860             Loss 3.44103
Epoch [37] Testing Class Recall: [0.840,0.306,0.580,0.586,0.607,0.415,0.281,0.398,0.133,0.200]
Epoch [38] Training Results: Prec@1 87.842 Prec@5 99.736             Loss 0.36180
Epoch [38] Training Class Recall: [0.763,0.837,0.810,0.837,0.886,0.892,0.931,0.931,0.946,0.952]
Epoch [38] Testing Results: Prec@1 41.710 Prec@5 78.970             Loss 3.50604
Epoch [38] Testing Class Recall: [0.763,0.467,0.415,0.600,0.498,0.326,0.432,0.209,0.446,0.015]
Epoch [39] Training Results: Prec@1 88.122 Prec@5 99.680             Loss 0.36414
Epoch [39] Training Class Recall: [0.776,0.845,0.803,0.843,0.888,0.900,0.933,0.932,0.945,0.948]
Epoch [39] Testing Results: Prec@1 42.470 Prec@5 79.260             Loss 3.29367
Epoch [39] Testing Class Recall: [0.496,0.731,0.451,0.682,0.696,0.351,0.406,0.103,0.243,0.088]
Epoch [40] Training Results: Prec@1 88.040 Prec@5 99.698             Loss 0.35665
Epoch [40] Training Class Recall: [0.771,0.844,0.798,0.844,0.886,0.898,0.932,0.934,0.946,0.952]
Epoch [40] Testing Results: Prec@1 45.520 Prec@5 82.300             Loss 2.92136
Epoch [40] Testing Class Recall: [0.678,0.737,0.671,0.533,0.433,0.290,0.466,0.386,0.135,0.223]
Epoch [41] Training Results: Prec@1 88.506 Prec@5 99.678             Loss 0.35200
Epoch [41] Training Class Recall: [0.786,0.849,0.819,0.849,0.886,0.905,0.930,0.928,0.951,0.947]
Epoch [41] Testing Results: Prec@1 47.880 Prec@5 84.630             Loss 2.83155
Epoch [41] Testing Class Recall: [0.675,0.656,0.622,0.628,0.535,0.291,0.514,0.404,0.130,0.333]
Epoch [42] Training Results: Prec@1 88.354 Prec@5 99.714             Loss 0.35240
Epoch [42] Training Class Recall: [0.778,0.852,0.806,0.848,0.885,0.898,0.935,0.933,0.947,0.952]
Epoch [42] Testing Results: Prec@1 45.370 Prec@5 77.900             Loss 3.44740
Epoch [42] Testing Class Recall: [0.768,0.894,0.659,0.599,0.510,0.452,0.279,0.208,0.132,0.036]
Epoch [43] Training Results: Prec@1 88.278 Prec@5 99.700             Loss 0.35086
Epoch [43] Training Class Recall: [0.769,0.844,0.817,0.852,0.889,0.899,0.929,0.933,0.944,0.951]
Epoch [43] Testing Results: Prec@1 43.230 Prec@5 79.780             Loss 3.34160
Epoch [43] Testing Class Recall: [0.522,0.907,0.559,0.442,0.369,0.422,0.380,0.514,0.053,0.155]
Epoch [44] Training Results: Prec@1 88.592 Prec@5 99.706             Loss 0.34488
Epoch [44] Training Class Recall: [0.784,0.847,0.816,0.851,0.889,0.902,0.936,0.934,0.948,0.952]
Epoch [44] Testing Results: Prec@1 47.960 Prec@5 83.540             Loss 2.83099
Epoch [44] Testing Class Recall: [0.646,0.685,0.573,0.495,0.695,0.477,0.281,0.447,0.191,0.306]
Epoch [45] Training Results: Prec@1 88.656 Prec@5 99.698             Loss 0.34370
Epoch [45] Training Class Recall: [0.779,0.858,0.816,0.852,0.890,0.902,0.936,0.940,0.944,0.948]
Epoch [45] Testing Results: Prec@1 44.910 Prec@5 80.910             Loss 2.98093
Epoch [45] Testing Class Recall: [0.498,0.804,0.624,0.676,0.407,0.137,0.572,0.343,0.274,0.156]
Epoch [46] Training Results: Prec@1 88.462 Prec@5 99.726             Loss 0.34712
Epoch [46] Training Class Recall: [0.775,0.853,0.823,0.842,0.889,0.907,0.932,0.927,0.948,0.950]
Epoch [46] Testing Results: Prec@1 41.410 Prec@5 78.020             Loss 3.92665
Epoch [46] Testing Class Recall: [0.652,0.825,0.416,0.212,0.814,0.421,0.207,0.319,0.169,0.106]
Epoch [47] Training Results: Prec@1 88.542 Prec@5 99.740             Loss 0.34828
Epoch [47] Training Class Recall: [0.783,0.849,0.821,0.851,0.884,0.908,0.931,0.933,0.949,0.945]
Epoch [47] Testing Results: Prec@1 41.990 Prec@5 79.910             Loss 3.30898
Epoch [47] Testing Class Recall: [0.601,0.477,0.549,0.421,0.445,0.577,0.527,0.254,0.304,0.044]
Epoch [48] Training Results: Prec@1 89.048 Prec@5 99.778             Loss 0.33364
Epoch [48] Training Class Recall: [0.793,0.854,0.825,0.858,0.892,0.908,0.938,0.937,0.950,0.950]
Epoch [48] Testing Results: Prec@1 40.590 Prec@5 78.600             Loss 3.80338
Epoch [48] Testing Class Recall: [0.443,0.462,0.600,0.633,0.612,0.380,0.566,0.204,0.113,0.046]
Epoch [49] Training Results: Prec@1 88.932 Prec@5 99.750             Loss 0.33244
Epoch [49] Training Class Recall: [0.782,0.853,0.822,0.854,0.894,0.908,0.937,0.937,0.949,0.957]
Epoch [49] Testing Results: Prec@1 46.390 Prec@5 82.900             Loss 3.11059
Epoch [49] Testing Class Recall: [0.650,0.798,0.581,0.616,0.355,0.485,0.471,0.271,0.210,0.202]
Epoch [50] Training Results: Prec@1 88.692 Prec@5 99.728             Loss 0.34256
Epoch [50] Training Class Recall: [0.784,0.853,0.816,0.852,0.893,0.908,0.928,0.934,0.948,0.953]
Epoch [50] Testing Results: Prec@1 46.230 Prec@5 80.590             Loss 2.87648
Epoch [50] Testing Class Recall: [0.680,0.818,0.559,0.549,0.591,0.443,0.335,0.249,0.260,0.139]
Epoch [51] Training Results: Prec@1 88.864 Prec@5 99.740             Loss 0.33386
Epoch [51] Training Class Recall: [0.781,0.860,0.820,0.854,0.889,0.908,0.939,0.932,0.950,0.954]
Epoch [51] Testing Results: Prec@1 41.840 Prec@5 80.400             Loss 3.54721
Epoch [51] Testing Class Recall: [0.650,0.647,0.424,0.179,0.493,0.692,0.425,0.424,0.155,0.095]
Epoch [52] Training Results: Prec@1 89.072 Prec@5 99.756             Loss 0.32999
Epoch [52] Training Class Recall: [0.788,0.855,0.816,0.862,0.896,0.910,0.931,0.944,0.950,0.956]
Epoch [52] Testing Results: Prec@1 47.750 Prec@5 81.490             Loss 3.01292
Epoch [52] Testing Class Recall: [0.795,0.819,0.541,0.538,0.622,0.478,0.446,0.256,0.153,0.127]
Epoch [53] Training Results: Prec@1 88.856 Prec@5 99.722             Loss 0.33465
Epoch [53] Training Class Recall: [0.787,0.852,0.824,0.859,0.893,0.907,0.939,0.932,0.941,0.952]
Epoch [53] Testing Results: Prec@1 45.860 Prec@5 84.380             Loss 2.64136
Epoch [53] Testing Class Recall: [0.591,0.657,0.341,0.784,0.505,0.306,0.599,0.379,0.186,0.238]
Epoch [54] Training Results: Prec@1 89.214 Prec@5 99.718             Loss 0.32704
Epoch [54] Training Class Recall: [0.791,0.863,0.821,0.854,0.896,0.911,0.939,0.944,0.952,0.950]
Epoch [54] Testing Results: Prec@1 44.510 Prec@5 84.410             Loss 2.84809
Epoch [54] Testing Class Recall: [0.670,0.588,0.481,0.535,0.327,0.477,0.315,0.406,0.170,0.482]
Epoch [55] Training Results: Prec@1 89.148 Prec@5 99.768             Loss 0.32428
Epoch [55] Training Class Recall: [0.789,0.854,0.828,0.863,0.893,0.913,0.933,0.938,0.948,0.955]
Epoch [55] Testing Results: Prec@1 49.240 Prec@5 84.200             Loss 2.78594
Epoch [55] Testing Class Recall: [0.620,0.724,0.558,0.350,0.412,0.545,0.697,0.374,0.463,0.181]
Epoch [56] Training Results: Prec@1 88.940 Prec@5 99.754             Loss 0.33130
Epoch [56] Training Class Recall: [0.786,0.858,0.819,0.855,0.893,0.910,0.938,0.934,0.950,0.952]
Epoch [56] Testing Results: Prec@1 42.940 Prec@5 81.610             Loss 3.39369
Epoch [56] Testing Class Recall: [0.811,0.517,0.430,0.439,0.476,0.521,0.696,0.212,0.069,0.123]
Epoch [57] Training Results: Prec@1 88.946 Prec@5 99.728             Loss 0.33068
Epoch [57] Training Class Recall: [0.783,0.852,0.821,0.858,0.896,0.912,0.931,0.941,0.947,0.954]
Epoch [57] Testing Results: Prec@1 45.820 Prec@5 79.590             Loss 3.20042
Epoch [57] Testing Class Recall: [0.773,0.859,0.619,0.547,0.556,0.305,0.306,0.305,0.284,0.028]
Epoch [58] Training Results: Prec@1 89.148 Prec@5 99.770             Loss 0.32673
Epoch [58] Training Class Recall: [0.787,0.866,0.821,0.859,0.890,0.911,0.940,0.942,0.949,0.950]
Epoch [58] Testing Results: Prec@1 44.420 Prec@5 81.840             Loss 3.18702
Epoch [58] Testing Class Recall: [0.449,0.804,0.774,0.415,0.376,0.365,0.679,0.327,0.217,0.036]
Epoch [59] Training Results: Prec@1 89.006 Prec@5 99.744             Loss 0.32889
Epoch [59] Training Class Recall: [0.787,0.855,0.824,0.856,0.894,0.914,0.935,0.936,0.948,0.951]
Epoch [59] Testing Results: Prec@1 46.870 Prec@5 83.310             Loss 2.87705
Epoch [59] Testing Class Recall: [0.628,0.737,0.641,0.484,0.462,0.491,0.146,0.263,0.306,0.529]
Epoch [60] Training Results: Prec@1 89.646 Prec@5 99.772             Loss 0.31268
Epoch [60] Training Class Recall: [0.795,0.873,0.830,0.866,0.898,0.915,0.940,0.942,0.952,0.953]
Epoch [60] Testing Results: Prec@1 43.750 Prec@5 76.860             Loss 3.32772
Epoch [60] Testing Class Recall: [0.723,0.799,0.587,0.704,0.475,0.221,0.177,0.298,0.376,0.015]
Epoch [61] Training Results: Prec@1 89.352 Prec@5 99.796             Loss 0.31809
Epoch [61] Training Class Recall: [0.792,0.859,0.832,0.862,0.899,0.915,0.938,0.938,0.948,0.952]
Epoch [61] Testing Results: Prec@1 47.900 Prec@5 83.810             Loss 2.87828
Epoch [61] Testing Class Recall: [0.756,0.724,0.616,0.517,0.559,0.324,0.341,0.411,0.182,0.360]
Epoch [62] Training Results: Prec@1 89.182 Prec@5 99.762             Loss 0.32304
Epoch [62] Training Class Recall: [0.791,0.854,0.836,0.859,0.893,0.914,0.932,0.939,0.946,0.955]
Epoch [62] Testing Results: Prec@1 43.910 Prec@5 84.810             Loss 3.08393
Epoch [62] Testing Class Recall: [0.621,0.639,0.361,0.590,0.365,0.302,0.519,0.496,0.219,0.279]
Epoch [63] Training Results: Prec@1 89.158 Prec@5 99.768             Loss 0.32762
Epoch [63] Training Class Recall: [0.800,0.862,0.826,0.856,0.893,0.908,0.934,0.934,0.949,0.954]
Epoch [63] Testing Results: Prec@1 47.150 Prec@5 83.720             Loss 2.75962
Epoch [63] Testing Class Recall: [0.647,0.612,0.642,0.573,0.488,0.355,0.294,0.370,0.449,0.285]
Epoch [64] Training Results: Prec@1 89.382 Prec@5 99.768             Loss 0.32091
Epoch [64] Training Class Recall: [0.790,0.862,0.832,0.865,0.897,0.913,0.934,0.938,0.951,0.957]
Epoch [64] Testing Results: Prec@1 45.810 Prec@5 81.160             Loss 3.02765
Epoch [64] Testing Class Recall: [0.815,0.842,0.566,0.470,0.396,0.365,0.495,0.245,0.273,0.114]
Epoch [65] Training Results: Prec@1 89.520 Prec@5 99.776             Loss 0.31872
Epoch [65] Training Class Recall: [0.795,0.865,0.837,0.872,0.901,0.915,0.938,0.932,0.948,0.950]
Epoch [65] Testing Results: Prec@1 46.630 Prec@5 85.410             Loss 2.73174
Epoch [65] Testing Class Recall: [0.672,0.707,0.549,0.397,0.531,0.372,0.488,0.487,0.335,0.125]
Epoch [66] Training Results: Prec@1 89.598 Prec@5 99.794             Loss 0.31081
Epoch [66] Training Class Recall: [0.797,0.865,0.835,0.867,0.902,0.911,0.934,0.941,0.951,0.957]
Epoch [66] Testing Results: Prec@1 45.430 Prec@5 81.000             Loss 3.33798
Epoch [66] Testing Class Recall: [0.810,0.671,0.624,0.388,0.653,0.490,0.257,0.327,0.250,0.073]
Epoch [67] Training Results: Prec@1 89.560 Prec@5 99.772             Loss 0.31358
Epoch [67] Training Class Recall: [0.798,0.859,0.835,0.865,0.904,0.918,0.936,0.938,0.953,0.950]
Epoch [67] Testing Results: Prec@1 45.880 Prec@5 82.980             Loss 3.14828
Epoch [67] Testing Class Recall: [0.663,0.874,0.402,0.471,0.753,0.224,0.433,0.498,0.200,0.070]
Epoch [68] Training Results: Prec@1 89.882 Prec@5 99.794             Loss 0.30378
Epoch [68] Training Class Recall: [0.801,0.862,0.840,0.877,0.903,0.910,0.942,0.940,0.955,0.958]
Epoch [68] Testing Results: Prec@1 44.590 Prec@5 79.400             Loss 3.03242
Epoch [68] Testing Class Recall: [0.688,0.811,0.543,0.496,0.474,0.445,0.478,0.323,0.132,0.069]
Epoch [69] Training Results: Prec@1 89.118 Prec@5 99.746             Loss 0.32087
Epoch [69] Training Class Recall: [0.783,0.855,0.841,0.857,0.893,0.914,0.931,0.936,0.952,0.949]
Epoch [69] Testing Results: Prec@1 47.020 Prec@5 85.220             Loss 2.71275
Epoch [69] Testing Class Recall: [0.796,0.763,0.379,0.261,0.489,0.505,0.412,0.484,0.324,0.289]
Epoch [70] Training Results: Prec@1 89.706 Prec@5 99.802             Loss 0.31035
Epoch [70] Training Class Recall: [0.797,0.863,0.836,0.867,0.907,0.905,0.942,0.942,0.954,0.957]
Epoch [70] Testing Results: Prec@1 45.790 Prec@5 83.300             Loss 3.02377
Epoch [70] Testing Class Recall: [0.719,0.791,0.409,0.563,0.468,0.359,0.385,0.461,0.212,0.212]
Epoch [71] Training Results: Prec@1 89.416 Prec@5 99.770             Loss 0.31215
Epoch [71] Training Class Recall: [0.793,0.858,0.841,0.868,0.900,0.914,0.936,0.935,0.944,0.953]
Epoch [71] Testing Results: Prec@1 44.450 Prec@5 80.670             Loss 2.95232
Epoch [71] Testing Class Recall: [0.609,0.728,0.680,0.377,0.655,0.134,0.305,0.198,0.262,0.497]
Epoch [72] Training Results: Prec@1 90.178 Prec@5 99.824             Loss 0.29546
Epoch [72] Training Class Recall: [0.797,0.869,0.845,0.872,0.909,0.919,0.941,0.948,0.958,0.960]
Epoch [72] Testing Results: Prec@1 47.630 Prec@5 83.260             Loss 3.03861
Epoch [72] Testing Class Recall: [0.752,0.601,0.600,0.587,0.487,0.155,0.540,0.491,0.092,0.458]
Epoch [73] Training Results: Prec@1 89.774 Prec@5 99.806             Loss 0.30876
Epoch [73] Training Class Recall: [0.802,0.863,0.841,0.868,0.906,0.915,0.939,0.940,0.949,0.954]
Epoch [73] Testing Results: Prec@1 47.330 Prec@5 83.950             Loss 2.93492
Epoch [73] Testing Class Recall: [0.713,0.793,0.505,0.510,0.308,0.575,0.489,0.232,0.176,0.432]
Epoch [74] Training Results: Prec@1 89.638 Prec@5 99.772             Loss 0.31356
Epoch [74] Training Class Recall: [0.806,0.866,0.836,0.867,0.902,0.912,0.935,0.937,0.949,0.955]
Epoch [74] Testing Results: Prec@1 46.190 Prec@5 81.310             Loss 3.14350
Epoch [74] Testing Class Recall: [0.636,0.620,0.642,0.552,0.663,0.442,0.464,0.339,0.194,0.067]
Epoch [75] Training Results: Prec@1 90.142 Prec@5 99.804             Loss 0.29888
Epoch [75] Training Class Recall: [0.806,0.871,0.850,0.870,0.906,0.918,0.941,0.940,0.952,0.960]
Epoch [75] Testing Results: Prec@1 47.700 Prec@5 84.100             Loss 2.89179
Epoch [75] Testing Class Recall: [0.808,0.764,0.383,0.443,0.676,0.458,0.525,0.268,0.300,0.145]
Epoch [76] Training Results: Prec@1 89.976 Prec@5 99.798             Loss 0.30348
Epoch [76] Training Class Recall: [0.805,0.868,0.839,0.879,0.904,0.922,0.932,0.943,0.951,0.956]
Epoch [76] Testing Results: Prec@1 44.920 Prec@5 81.430             Loss 3.22150
Epoch [76] Testing Class Recall: [0.709,0.724,0.397,0.586,0.739,0.283,0.620,0.236,0.105,0.093]
Epoch [77] Training Results: Prec@1 89.868 Prec@5 99.796             Loss 0.30406
Epoch [77] Training Class Recall: [0.801,0.873,0.838,0.865,0.907,0.913,0.943,0.940,0.954,0.953]
Epoch [77] Testing Results: Prec@1 47.440 Prec@5 82.800             Loss 2.98839
Epoch [77] Testing Class Recall: [0.656,0.800,0.507,0.577,0.671,0.502,0.202,0.262,0.384,0.183]
Epoch [78] Training Results: Prec@1 90.194 Prec@5 99.762             Loss 0.30017
Epoch [78] Training Class Recall: [0.810,0.867,0.840,0.876,0.909,0.920,0.941,0.941,0.958,0.958]
Epoch [78] Testing Results: Prec@1 40.830 Prec@5 81.570             Loss 3.19217
Epoch [78] Testing Class Recall: [0.532,0.336,0.764,0.601,0.375,0.269,0.365,0.340,0.131,0.370]
Epoch [79] Training Results: Prec@1 90.222 Prec@5 99.818             Loss 0.29529
Epoch [79] Training Class Recall: [0.805,0.863,0.850,0.869,0.911,0.920,0.943,0.943,0.954,0.962]
Epoch [79] Testing Results: Prec@1 46.730 Prec@5 81.160             Loss 3.56801
Epoch [79] Testing Class Recall: [0.707,0.878,0.436,0.460,0.814,0.357,0.437,0.266,0.214,0.104]
Epoch [80] Training Results: Prec@1 89.882 Prec@5 99.820             Loss 0.30163
Epoch [80] Training Class Recall: [0.806,0.865,0.843,0.869,0.908,0.910,0.941,0.943,0.950,0.954]
Epoch [80] Testing Results: Prec@1 45.330 Prec@5 79.930             Loss 3.30569
Epoch [80] Testing Class Recall: [0.768,0.722,0.627,0.313,0.402,0.633,0.512,0.144,0.270,0.142]
Epoch [81] Training Results: Prec@1 90.014 Prec@5 99.844             Loss 0.30053
Epoch [81] Training Class Recall: [0.809,0.866,0.847,0.874,0.901,0.916,0.939,0.941,0.954,0.954]
Epoch [81] Testing Results: Prec@1 47.220 Prec@5 82.750             Loss 2.86292
Epoch [81] Testing Class Recall: [0.681,0.848,0.465,0.486,0.662,0.448,0.288,0.392,0.302,0.150]
Epoch [82] Training Results: Prec@1 89.962 Prec@5 99.794             Loss 0.30425
Epoch [82] Training Class Recall: [0.805,0.864,0.847,0.874,0.903,0.916,0.939,0.938,0.955,0.957]
Epoch [82] Testing Results: Prec@1 44.300 Prec@5 80.710             Loss 3.54012
Epoch [82] Testing Class Recall: [0.839,0.683,0.657,0.230,0.413,0.234,0.679,0.442,0.164,0.089]
Epoch [83] Training Results: Prec@1 90.270 Prec@5 99.804             Loss 0.29011
Epoch [83] Training Class Recall: [0.801,0.867,0.850,0.875,0.918,0.921,0.935,0.948,0.956,0.956]
Epoch [83] Testing Results: Prec@1 48.580 Prec@5 85.230             Loss 2.63544
Epoch [83] Testing Class Recall: [0.678,0.675,0.582,0.429,0.613,0.377,0.546,0.512,0.315,0.131]
Epoch [84] Training Results: Prec@1 89.836 Prec@5 99.790             Loss 0.30447
Epoch [84] Training Class Recall: [0.808,0.856,0.846,0.870,0.908,0.915,0.938,0.938,0.955,0.951]
Epoch [84] Testing Results: Prec@1 43.110 Prec@5 84.740             Loss 3.08688
Epoch [84] Testing Class Recall: [0.426,0.556,0.302,0.545,0.655,0.642,0.323,0.280,0.219,0.363]
Epoch [85] Training Results: Prec@1 90.542 Prec@5 99.816             Loss 0.28626
Epoch [85] Training Class Recall: [0.816,0.869,0.851,0.877,0.912,0.919,0.950,0.942,0.956,0.962]
Epoch [85] Testing Results: Prec@1 47.750 Prec@5 83.570             Loss 2.75704
Epoch [85] Testing Class Recall: [0.588,0.851,0.615,0.466,0.572,0.402,0.410,0.289,0.420,0.162]
Epoch [86] Training Results: Prec@1 90.258 Prec@5 99.782             Loss 0.29488
Epoch [86] Training Class Recall: [0.816,0.870,0.843,0.877,0.908,0.919,0.940,0.946,0.954,0.953]
Epoch [86] Testing Results: Prec@1 41.550 Prec@5 79.180             Loss 3.43470
Epoch [86] Testing Class Recall: [0.617,0.525,0.672,0.339,0.649,0.308,0.341,0.567,0.063,0.074]
Epoch [87] Training Results: Prec@1 90.056 Prec@5 99.800             Loss 0.30237
Epoch [87] Training Class Recall: [0.807,0.865,0.846,0.876,0.909,0.914,0.945,0.943,0.948,0.953]
Epoch [87] Testing Results: Prec@1 46.600 Prec@5 82.750             Loss 3.22113
Epoch [87] Testing Class Recall: [0.713,0.859,0.612,0.352,0.728,0.579,0.258,0.206,0.249,0.104]
Epoch [88] Training Results: Prec@1 90.484 Prec@5 99.796             Loss 0.29165
Epoch [88] Training Class Recall: [0.808,0.870,0.851,0.877,0.917,0.921,0.948,0.942,0.957,0.957]
Epoch [88] Testing Results: Prec@1 45.360 Prec@5 82.640             Loss 3.27130
Epoch [88] Testing Class Recall: [0.780,0.555,0.461,0.566,0.792,0.383,0.429,0.181,0.108,0.281]
Epoch [89] Training Results: Prec@1 90.542 Prec@5 99.824             Loss 0.29052
Epoch [89] Training Class Recall: [0.809,0.875,0.852,0.880,0.907,0.925,0.945,0.943,0.957,0.961]
Epoch [89] Testing Results: Prec@1 44.800 Prec@5 82.110             Loss 2.92190
Epoch [89] Testing Class Recall: [0.678,0.666,0.676,0.566,0.629,0.327,0.411,0.245,0.155,0.127]
Epoch [90] Training Results: Prec@1 90.094 Prec@5 99.832             Loss 0.29532
Epoch [90] Training Class Recall: [0.805,0.866,0.846,0.875,0.907,0.918,0.942,0.941,0.954,0.954]
Epoch [90] Testing Results: Prec@1 44.400 Prec@5 81.720             Loss 2.94094
Epoch [90] Testing Class Recall: [0.647,0.666,0.651,0.540,0.314,0.494,0.284,0.334,0.161,0.349]
Epoch [91] Training Results: Prec@1 90.750 Prec@5 99.832             Loss 0.27800
Epoch [91] Training Class Recall: [0.816,0.871,0.850,0.890,0.912,0.925,0.945,0.947,0.958,0.961]
Epoch [91] Testing Results: Prec@1 47.000 Prec@5 84.170             Loss 3.07409
Epoch [91] Testing Class Recall: [0.668,0.714,0.427,0.392,0.548,0.730,0.603,0.207,0.295,0.116]
Epoch [92] Training Results: Prec@1 90.124 Prec@5 99.790             Loss 0.29868
Epoch [92] Training Class Recall: [0.808,0.869,0.849,0.877,0.910,0.915,0.941,0.936,0.953,0.955]
Epoch [92] Testing Results: Prec@1 46.040 Prec@5 82.520             Loss 2.88707
Epoch [92] Testing Class Recall: [0.592,0.784,0.525,0.548,0.672,0.215,0.192,0.266,0.410,0.400]
Epoch [93] Training Results: Prec@1 90.632 Prec@5 99.850             Loss 0.28523
Epoch [93] Training Class Recall: [0.819,0.878,0.850,0.886,0.913,0.922,0.940,0.942,0.957,0.958]
Epoch [93] Testing Results: Prec@1 45.620 Prec@5 78.540             Loss 3.50807
Epoch [93] Testing Class Recall: [0.704,0.798,0.462,0.324,0.627,0.576,0.735,0.182,0.127,0.027]
Epoch [94] Training Results: Prec@1 90.684 Prec@5 99.824             Loss 0.28210
Epoch [94] Training Class Recall: [0.812,0.872,0.853,0.887,0.915,0.926,0.942,0.944,0.956,0.961]
Epoch [94] Testing Results: Prec@1 45.710 Prec@5 82.590             Loss 3.21619
Epoch [94] Testing Class Recall: [0.641,0.829,0.434,0.621,0.517,0.277,0.473,0.240,0.420,0.119]
Epoch [95] Training Results: Prec@1 90.414 Prec@5 99.790             Loss 0.28804
Epoch [95] Training Class Recall: [0.809,0.875,0.848,0.884,0.905,0.922,0.943,0.945,0.954,0.954]
Epoch [95] Testing Results: Prec@1 47.170 Prec@5 83.570             Loss 2.70350
Epoch [95] Testing Class Recall: [0.662,0.916,0.576,0.529,0.412,0.442,0.452,0.373,0.260,0.095]
Epoch [96] Training Results: Prec@1 90.662 Prec@5 99.830             Loss 0.28177
Epoch [96] Training Class Recall: [0.816,0.874,0.857,0.876,0.915,0.918,0.950,0.947,0.957,0.957]
Epoch [96] Testing Results: Prec@1 42.250 Prec@5 81.170             Loss 3.25366
Epoch [96] Testing Class Recall: [0.566,0.536,0.788,0.464,0.557,0.250,0.287,0.450,0.257,0.070]
Epoch [97] Training Results: Prec@1 90.500 Prec@5 99.844             Loss 0.28506
Epoch [97] Training Class Recall: [0.814,0.877,0.851,0.881,0.902,0.921,0.941,0.947,0.957,0.959]
Epoch [97] Testing Results: Prec@1 41.270 Prec@5 80.650             Loss 3.18163
Epoch [97] Testing Class Recall: [0.579,0.582,0.619,0.634,0.399,0.296,0.493,0.274,0.101,0.150]
Epoch [98] Training Results: Prec@1 90.086 Prec@5 99.800             Loss 0.29740
Epoch [98] Training Class Recall: [0.813,0.874,0.846,0.870,0.903,0.916,0.942,0.936,0.954,0.954]
Epoch [98] Testing Results: Prec@1 40.400 Prec@5 82.610             Loss 3.82222
Epoch [98] Testing Class Recall: [0.568,0.735,0.465,0.182,0.369,0.883,0.234,0.254,0.257,0.093]
Epoch [99] Training Results: Prec@1 90.628 Prec@5 99.824             Loss 0.28553
Epoch [99] Training Class Recall: [0.819,0.871,0.856,0.885,0.910,0.919,0.942,0.944,0.957,0.959]
Epoch [99] Testing Results: Prec@1 46.440 Prec@5 82.300             Loss 3.00712
Epoch [99] Testing Class Recall: [0.711,0.704,0.559,0.564,0.539,0.225,0.450,0.306,0.519,0.067]
Epoch [100] Training Results: Prec@1 90.908 Prec@5 99.850             Loss 0.27692
Epoch [100] Training Class Recall: [0.820,0.877,0.855,0.885,0.916,0.929,0.946,0.944,0.958,0.961]
Epoch [100] Testing Results: Prec@1 43.480 Prec@5 82.420             Loss 3.20611
Epoch [100] Testing Class Recall: [0.555,0.606,0.777,0.315,0.427,0.259,0.598,0.485,0.252,0.074]
Epoch [101] Training Results: Prec@1 90.312 Prec@5 99.828             Loss 0.29222
Epoch [101] Training Class Recall: [0.814,0.872,0.843,0.887,0.905,0.918,0.946,0.942,0.951,0.953]
Epoch [101] Testing Results: Prec@1 48.630 Prec@5 86.100             Loss 2.66817
Epoch [101] Testing Class Recall: [0.592,0.624,0.549,0.526,0.664,0.476,0.533,0.358,0.405,0.136]
Epoch [102] Training Results: Prec@1 90.556 Prec@5 99.846             Loss 0.28442
Epoch [102] Training Class Recall: [0.812,0.873,0.855,0.882,0.910,0.921,0.947,0.942,0.956,0.957]
Epoch [102] Testing Results: Prec@1 45.140 Prec@5 79.460             Loss 3.32074
Epoch [102] Testing Class Recall: [0.666,0.874,0.761,0.513,0.525,0.238,0.405,0.138,0.318,0.076]
Epoch [103] Training Results: Prec@1 90.464 Prec@5 99.798             Loss 0.28758
Epoch [103] Training Class Recall: [0.822,0.871,0.852,0.877,0.912,0.919,0.940,0.940,0.957,0.958]
Epoch [103] Testing Results: Prec@1 46.580 Prec@5 82.710             Loss 2.84077
Epoch [103] Testing Class Recall: [0.836,0.486,0.450,0.501,0.629,0.654,0.232,0.357,0.234,0.279]
Epoch [104] Training Results: Prec@1 91.064 Prec@5 99.834             Loss 0.27340
Epoch [104] Training Class Recall: [0.827,0.877,0.853,0.887,0.922,0.927,0.943,0.948,0.960,0.963]
Epoch [104] Testing Results: Prec@1 46.050 Prec@5 84.820             Loss 2.88879
Epoch [104] Testing Class Recall: [0.537,0.505,0.458,0.510,0.577,0.561,0.350,0.442,0.559,0.106]
Epoch [105] Training Results: Prec@1 91.024 Prec@5 99.852             Loss 0.27077
Epoch [105] Training Class Recall: [0.827,0.880,0.856,0.884,0.914,0.930,0.946,0.946,0.956,0.962]
Epoch [105] Testing Results: Prec@1 46.990 Prec@5 82.460             Loss 3.22590
Epoch [105] Testing Class Recall: [0.602,0.751,0.794,0.639,0.550,0.260,0.292,0.375,0.265,0.171]
Epoch [106] Training Results: Prec@1 90.454 Prec@5 99.840             Loss 0.28521
Epoch [106] Training Class Recall: [0.816,0.871,0.852,0.880,0.907,0.922,0.945,0.942,0.957,0.954]
Epoch [106] Testing Results: Prec@1 45.560 Prec@5 84.070             Loss 3.06801
Epoch [106] Testing Class Recall: [0.764,0.641,0.621,0.665,0.422,0.262,0.312,0.457,0.108,0.304]
Epoch [107] Training Results: Prec@1 90.590 Prec@5 99.860             Loss 0.28577
Epoch [107] Training Class Recall: [0.818,0.871,0.855,0.883,0.913,0.917,0.946,0.946,0.954,0.956]
Epoch [107] Testing Results: Prec@1 43.220 Prec@5 80.040             Loss 3.48376
Epoch [107] Testing Class Recall: [0.716,0.821,0.715,0.447,0.488,0.355,0.405,0.111,0.131,0.133]
Epoch [108] Training Results: Prec@1 90.724 Prec@5 99.818             Loss 0.28091
Epoch [108] Training Class Recall: [0.819,0.874,0.860,0.881,0.918,0.924,0.946,0.938,0.957,0.957]
Epoch [108] Testing Results: Prec@1 44.540 Prec@5 84.170             Loss 3.10408
Epoch [108] Testing Class Recall: [0.361,0.676,0.579,0.385,0.562,0.643,0.666,0.260,0.172,0.150]
Epoch [109] Training Results: Prec@1 90.754 Prec@5 99.842             Loss 0.28318
Epoch [109] Training Class Recall: [0.816,0.878,0.853,0.884,0.916,0.919,0.946,0.945,0.957,0.962]
Epoch [109] Testing Results: Prec@1 45.910 Prec@5 80.190             Loss 3.12819
Epoch [109] Testing Class Recall: [0.816,0.885,0.639,0.402,0.489,0.357,0.561,0.156,0.150,0.136]
Epoch [110] Training Results: Prec@1 90.846 Prec@5 99.808             Loss 0.27512
Epoch [110] Training Class Recall: [0.824,0.881,0.850,0.884,0.920,0.918,0.943,0.944,0.962,0.959]
Epoch [110] Testing Results: Prec@1 42.300 Prec@5 82.830             Loss 3.48669
Epoch [110] Testing Class Recall: [0.801,0.664,0.813,0.126,0.329,0.432,0.383,0.366,0.175,0.141]
Epoch [111] Training Results: Prec@1 90.674 Prec@5 99.802             Loss 0.27987
Epoch [111] Training Class Recall: [0.822,0.876,0.856,0.881,0.904,0.925,0.947,0.947,0.954,0.956]
Epoch [111] Testing Results: Prec@1 43.530 Prec@5 80.660             Loss 3.40412
Epoch [111] Testing Class Recall: [0.530,0.683,0.661,0.405,0.516,0.175,0.739,0.293,0.110,0.241]
Epoch [112] Training Results: Prec@1 90.830 Prec@5 99.830             Loss 0.27920
Epoch [112] Training Class Recall: [0.819,0.875,0.861,0.883,0.917,0.926,0.941,0.950,0.955,0.958]
Epoch [112] Testing Results: Prec@1 48.150 Prec@5 85.670             Loss 2.63554
Epoch [112] Testing Class Recall: [0.660,0.741,0.626,0.384,0.785,0.346,0.391,0.405,0.207,0.270]
Epoch [113] Training Results: Prec@1 90.688 Prec@5 99.810             Loss 0.27948
Epoch [113] Training Class Recall: [0.819,0.878,0.857,0.879,0.918,0.920,0.945,0.945,0.953,0.955]
Epoch [113] Testing Results: Prec@1 47.840 Prec@5 83.230             Loss 2.96858
Epoch [113] Testing Class Recall: [0.773,0.831,0.521,0.350,0.471,0.663,0.375,0.312,0.303,0.185]
Epoch [114] Training Results: Prec@1 90.546 Prec@5 99.828             Loss 0.28343
Epoch [114] Training Class Recall: [0.823,0.873,0.854,0.883,0.911,0.919,0.941,0.944,0.951,0.957]
Epoch [114] Testing Results: Prec@1 44.630 Prec@5 79.340             Loss 3.35729
Epoch [114] Testing Class Recall: [0.772,0.821,0.442,0.346,0.452,0.225,0.653,0.495,0.236,0.021]
Epoch [115] Training Results: Prec@1 90.786 Prec@5 99.830             Loss 0.27564
Epoch [115] Training Class Recall: [0.824,0.873,0.859,0.886,0.908,0.920,0.945,0.949,0.956,0.959]
Epoch [115] Testing Results: Prec@1 45.810 Prec@5 83.050             Loss 2.77383
Epoch [115] Testing Class Recall: [0.553,0.818,0.677,0.423,0.385,0.491,0.340,0.365,0.371,0.158]
Epoch [116] Training Results: Prec@1 90.764 Prec@5 99.866             Loss 0.27718
Epoch [116] Training Class Recall: [0.821,0.876,0.863,0.879,0.910,0.924,0.945,0.942,0.959,0.958]
Epoch [116] Testing Results: Prec@1 45.000 Prec@5 84.630             Loss 3.11974
Epoch [116] Testing Class Recall: [0.529,0.667,0.455,0.710,0.494,0.138,0.330,0.338,0.475,0.364]
Epoch [117] Training Results: Prec@1 90.786 Prec@5 99.836             Loss 0.28042
Epoch [117] Training Class Recall: [0.825,0.879,0.855,0.881,0.912,0.922,0.946,0.943,0.953,0.962]
Epoch [117] Testing Results: Prec@1 44.010 Prec@5 79.700             Loss 3.77279
Epoch [117] Testing Class Recall: [0.791,0.656,0.483,0.695,0.537,0.376,0.178,0.514,0.102,0.069]
Epoch [118] Training Results: Prec@1 90.738 Prec@5 99.836             Loss 0.27865
Epoch [118] Training Class Recall: [0.816,0.876,0.852,0.892,0.920,0.917,0.943,0.943,0.956,0.958]
Epoch [118] Testing Results: Prec@1 46.770 Prec@5 81.700             Loss 3.14597
Epoch [118] Testing Class Recall: [0.624,0.883,0.559,0.367,0.644,0.407,0.524,0.200,0.224,0.245]
Epoch [119] Training Results: Prec@1 90.958 Prec@5 99.792             Loss 0.27198
Epoch [119] Training Class Recall: [0.825,0.869,0.864,0.895,0.916,0.923,0.944,0.948,0.957,0.954]
Epoch [119] Testing Results: Prec@1 42.680 Prec@5 78.430             Loss 3.25358
Epoch [119] Testing Class Recall: [0.747,0.718,0.597,0.489,0.698,0.137,0.206,0.332,0.223,0.121]
Epoch [120] Training Results: Prec@1 90.768 Prec@5 99.846             Loss 0.27689
Epoch [120] Training Class Recall: [0.822,0.881,0.854,0.886,0.915,0.921,0.943,0.942,0.959,0.954]
Epoch [120] Testing Results: Prec@1 48.970 Prec@5 84.360             Loss 2.78940
Epoch [120] Testing Class Recall: [0.701,0.735,0.484,0.620,0.678,0.512,0.194,0.394,0.310,0.269]
Epoch [121] Training Results: Prec@1 91.336 Prec@5 99.832             Loss 0.26278
Epoch [121] Training Class Recall: [0.827,0.881,0.863,0.891,0.922,0.925,0.948,0.951,0.963,0.962]
Epoch [121] Testing Results: Prec@1 40.720 Prec@5 78.460             Loss 3.42047
Epoch [121] Testing Class Recall: [0.785,0.879,0.506,0.430,0.383,0.374,0.234,0.189,0.197,0.095]
Epoch [122] Training Results: Prec@1 90.670 Prec@5 99.810             Loss 0.28110
Epoch [122] Training Class Recall: [0.819,0.878,0.851,0.882,0.915,0.918,0.946,0.945,0.956,0.959]
Epoch [122] Testing Results: Prec@1 46.260 Prec@5 83.570             Loss 3.11086
Epoch [122] Testing Class Recall: [0.666,0.750,0.738,0.404,0.540,0.352,0.287,0.555,0.167,0.167]
Epoch [123] Training Results: Prec@1 90.858 Prec@5 99.812             Loss 0.27449
Epoch [123] Training Class Recall: [0.829,0.878,0.855,0.878,0.915,0.924,0.949,0.943,0.956,0.956]
Epoch [123] Testing Results: Prec@1 46.660 Prec@5 85.020             Loss 2.83488
Epoch [123] Testing Class Recall: [0.611,0.685,0.625,0.397,0.414,0.432,0.407,0.694,0.184,0.217]
Epoch [124] Training Results: Prec@1 90.514 Prec@5 99.818             Loss 0.28250
Epoch [124] Training Class Recall: [0.815,0.871,0.861,0.883,0.909,0.919,0.938,0.944,0.952,0.960]
Epoch [124] Testing Results: Prec@1 45.630 Prec@5 84.870             Loss 2.78750
Epoch [124] Testing Class Recall: [0.822,0.632,0.513,0.484,0.382,0.540,0.222,0.387,0.302,0.279]
Epoch [125] Training Results: Prec@1 91.264 Prec@5 99.812             Loss 0.26591
Epoch [125] Training Class Recall: [0.830,0.880,0.868,0.890,0.918,0.925,0.951,0.947,0.960,0.957]
Epoch [125] Testing Results: Prec@1 42.030 Prec@5 80.490             Loss 3.21103
Epoch [125] Testing Class Recall: [0.562,0.650,0.399,0.528,0.546,0.660,0.431,0.105,0.248,0.074]
Epoch [126] Training Results: Prec@1 91.098 Prec@5 99.812             Loss 0.26934
Epoch [126] Training Class Recall: [0.826,0.882,0.859,0.892,0.913,0.928,0.947,0.947,0.954,0.961]
Epoch [126] Testing Results: Prec@1 44.200 Prec@5 83.140             Loss 3.00865
Epoch [126] Testing Class Recall: [0.613,0.623,0.649,0.699,0.496,0.201,0.309,0.343,0.133,0.354]
Epoch [127] Training Results: Prec@1 91.266 Prec@5 99.854             Loss 0.26248
Epoch [127] Training Class Recall: [0.831,0.880,0.861,0.891,0.918,0.930,0.943,0.952,0.962,0.959]
Epoch [127] Testing Results: Prec@1 47.210 Prec@5 84.130             Loss 3.23210
Epoch [127] Testing Class Recall: [0.827,0.698,0.400,0.603,0.629,0.357,0.127,0.488,0.363,0.229]
Epoch [128] Training Results: Prec@1 90.862 Prec@5 99.818             Loss 0.27932
Epoch [128] Training Class Recall: [0.820,0.878,0.860,0.892,0.912,0.926,0.943,0.945,0.952,0.959]
Epoch [128] Testing Results: Prec@1 45.900 Prec@5 83.560             Loss 3.26022
Epoch [128] Testing Class Recall: [0.710,0.634,0.736,0.358,0.370,0.449,0.420,0.431,0.088,0.394]
Epoch [129] Training Results: Prec@1 91.050 Prec@5 99.834             Loss 0.26933
Epoch [129] Training Class Recall: [0.828,0.884,0.864,0.886,0.916,0.919,0.947,0.947,0.958,0.956]
Epoch [129] Testing Results: Prec@1 45.230 Prec@5 81.870             Loss 3.06086
Epoch [129] Testing Class Recall: [0.545,0.858,0.577,0.707,0.498,0.338,0.293,0.410,0.212,0.085]
Epoch [130] Training Results: Prec@1 91.148 Prec@5 99.856             Loss 0.26826
Epoch [130] Training Class Recall: [0.830,0.880,0.865,0.893,0.914,0.925,0.945,0.944,0.961,0.958]
Epoch [130] Testing Results: Prec@1 45.500 Prec@5 84.730             Loss 3.13655
Epoch [130] Testing Class Recall: [0.618,0.687,0.522,0.492,0.297,0.441,0.353,0.664,0.152,0.324]
Epoch [131] Training Results: Prec@1 91.196 Prec@5 99.848             Loss 0.26906
Epoch [131] Training Class Recall: [0.828,0.882,0.870,0.886,0.915,0.925,0.948,0.945,0.960,0.961]
Epoch [131] Testing Results: Prec@1 46.650 Prec@5 84.110             Loss 3.08712
Epoch [131] Testing Class Recall: [0.694,0.623,0.536,0.493,0.397,0.684,0.335,0.184,0.323,0.396]
Epoch [132] Training Results: Prec@1 90.850 Prec@5 99.826             Loss 0.27433
Epoch [132] Training Class Recall: [0.819,0.882,0.862,0.888,0.908,0.924,0.946,0.941,0.955,0.961]
Epoch [132] Testing Results: Prec@1 42.550 Prec@5 80.570             Loss 3.33260
Epoch [132] Testing Class Recall: [0.693,0.583,0.802,0.464,0.395,0.265,0.537,0.210,0.217,0.089]
Epoch [133] Training Results: Prec@1 91.126 Prec@5 99.814             Loss 0.26616
Epoch [133] Training Class Recall: [0.823,0.878,0.860,0.890,0.929,0.924,0.952,0.945,0.956,0.955]
Epoch [133] Testing Results: Prec@1 46.040 Prec@5 83.820             Loss 2.92507
Epoch [133] Testing Class Recall: [0.517,0.625,0.528,0.446,0.513,0.529,0.649,0.265,0.256,0.276]
Epoch [134] Training Results: Prec@1 91.304 Prec@5 99.852             Loss 0.26428
Epoch [134] Training Class Recall: [0.829,0.886,0.867,0.889,0.925,0.923,0.951,0.945,0.959,0.957]
Epoch [134] Testing Results: Prec@1 47.580 Prec@5 83.310             Loss 3.06263
Epoch [134] Testing Class Recall: [0.759,0.823,0.621,0.511,0.471,0.619,0.140,0.329,0.287,0.198]
Epoch [135] Training Results: Prec@1 91.220 Prec@5 99.826             Loss 0.26716
Epoch [135] Training Class Recall: [0.827,0.884,0.861,0.882,0.918,0.927,0.948,0.950,0.962,0.962]
Epoch [135] Testing Results: Prec@1 45.260 Prec@5 80.850             Loss 3.16834
Epoch [135] Testing Class Recall: [0.614,0.831,0.568,0.579,0.627,0.214,0.358,0.377,0.222,0.136]
Epoch [136] Training Results: Prec@1 91.172 Prec@5 99.836             Loss 0.26654
Epoch [136] Training Class Recall: [0.828,0.880,0.865,0.891,0.916,0.924,0.946,0.952,0.957,0.959]
Epoch [136] Testing Results: Prec@1 45.800 Prec@5 83.090             Loss 3.21060
Epoch [136] Testing Class Recall: [0.644,0.788,0.744,0.256,0.543,0.521,0.388,0.277,0.121,0.298]
Epoch [137] Training Results: Prec@1 91.360 Prec@5 99.872             Loss 0.26239
Epoch [137] Training Class Recall: [0.824,0.886,0.872,0.890,0.917,0.929,0.951,0.947,0.960,0.960]
Epoch [137] Testing Results: Prec@1 45.640 Prec@5 81.970             Loss 3.26213
Epoch [137] Testing Class Recall: [0.733,0.758,0.679,0.482,0.648,0.428,0.128,0.288,0.158,0.262]
Epoch [138] Training Results: Prec@1 90.976 Prec@5 99.846             Loss 0.27155
Epoch [138] Training Class Recall: [0.827,0.878,0.861,0.892,0.912,0.923,0.946,0.942,0.958,0.960]
Epoch [138] Testing Results: Prec@1 45.430 Prec@5 79.310             Loss 3.01231
Epoch [138] Testing Class Recall: [0.696,0.899,0.463,0.306,0.560,0.674,0.616,0.150,0.133,0.046]
Epoch [139] Training Results: Prec@1 91.398 Prec@5 99.854             Loss 0.25900
Epoch [139] Training Class Recall: [0.830,0.885,0.865,0.897,0.921,0.922,0.946,0.949,0.964,0.962]
Epoch [139] Testing Results: Prec@1 44.250 Prec@5 82.070             Loss 3.12687
Epoch [139] Testing Class Recall: [0.546,0.638,0.499,0.620,0.401,0.327,0.247,0.585,0.106,0.456]
Epoch [140] Training Results: Prec@1 90.934 Prec@5 99.832             Loss 0.27309
Epoch [140] Training Class Recall: [0.827,0.879,0.861,0.883,0.915,0.925,0.946,0.946,0.954,0.957]
Epoch [140] Testing Results: Prec@1 45.810 Prec@5 82.610             Loss 2.91491
Epoch [140] Testing Class Recall: [0.586,0.642,0.565,0.552,0.471,0.497,0.582,0.299,0.327,0.060]
Epoch [141] Training Results: Prec@1 91.394 Prec@5 99.840             Loss 0.25977
Epoch [141] Training Class Recall: [0.834,0.882,0.865,0.900,0.915,0.924,0.947,0.950,0.955,0.968]
Epoch [141] Testing Results: Prec@1 44.890 Prec@5 80.740             Loss 3.18866
Epoch [141] Testing Class Recall: [0.534,0.860,0.485,0.541,0.646,0.417,0.220,0.416,0.157,0.213]
Epoch [142] Training Results: Prec@1 91.184 Prec@5 99.842             Loss 0.26133
Epoch [142] Training Class Recall: [0.824,0.884,0.866,0.891,0.920,0.928,0.946,0.940,0.963,0.959]
Epoch [142] Testing Results: Prec@1 43.570 Prec@5 79.160             Loss 4.11243
Epoch [142] Testing Class Recall: [0.609,0.825,0.567,0.197,0.845,0.619,0.113,0.236,0.269,0.077]
Epoch [143] Training Results: Prec@1 90.994 Prec@5 99.812             Loss 0.27153
Epoch [143] Training Class Recall: [0.825,0.880,0.859,0.885,0.918,0.926,0.945,0.945,0.956,0.960]
Epoch [143] Testing Results: Prec@1 46.660 Prec@5 84.800             Loss 2.67765
Epoch [143] Testing Class Recall: [0.640,0.865,0.597,0.521,0.370,0.410,0.352,0.417,0.280,0.214]
Epoch [144] Training Results: Prec@1 91.440 Prec@5 99.844             Loss 0.25955
Epoch [144] Training Class Recall: [0.831,0.893,0.863,0.892,0.921,0.927,0.948,0.946,0.962,0.961]
Epoch [144] Testing Results: Prec@1 44.150 Prec@5 78.880             Loss 3.64651
Epoch [144] Testing Class Recall: [0.649,0.619,0.657,0.373,0.596,0.569,0.442,0.279,0.156,0.075]
Epoch [145] Training Results: Prec@1 91.518 Prec@5 99.856             Loss 0.25585
Epoch [145] Training Class Recall: [0.834,0.884,0.864,0.892,0.923,0.931,0.950,0.951,0.961,0.961]
Epoch [145] Testing Results: Prec@1 48.940 Prec@5 85.210             Loss 3.04662
Epoch [145] Testing Class Recall: [0.617,0.815,0.551,0.466,0.607,0.693,0.275,0.261,0.417,0.192]
Epoch [146] Training Results: Prec@1 91.460 Prec@5 99.856             Loss 0.25836
Epoch [146] Training Class Recall: [0.839,0.881,0.865,0.894,0.912,0.930,0.953,0.946,0.962,0.964]
Epoch [146] Testing Results: Prec@1 42.880 Prec@5 81.780             Loss 3.51794
Epoch [146] Testing Class Recall: [0.864,0.758,0.452,0.345,0.310,0.446,0.317,0.605,0.116,0.075]
Epoch [147] Training Results: Prec@1 91.246 Prec@5 99.828             Loss 0.26530
Epoch [147] Training Class Recall: [0.835,0.882,0.867,0.890,0.917,0.925,0.945,0.947,0.955,0.962]
Epoch [147] Testing Results: Prec@1 47.970 Prec@5 83.070             Loss 2.90082
Epoch [147] Testing Class Recall: [0.706,0.844,0.548,0.503,0.458,0.586,0.564,0.146,0.255,0.187]
Epoch [148] Training Results: Prec@1 91.410 Prec@5 99.834             Loss 0.25720
Epoch [148] Training Class Recall: [0.833,0.892,0.855,0.892,0.920,0.934,0.950,0.948,0.957,0.960]
Epoch [148] Testing Results: Prec@1 47.890 Prec@5 84.640             Loss 2.73453
Epoch [148] Testing Class Recall: [0.658,0.685,0.679,0.450,0.632,0.403,0.405,0.516,0.170,0.191]
Epoch [149] Training Results: Prec@1 91.000 Prec@5 99.848             Loss 0.26889
Epoch [149] Training Class Recall: [0.824,0.883,0.864,0.889,0.916,0.924,0.938,0.947,0.959,0.957]
Epoch [149] Testing Results: Prec@1 49.010 Prec@5 86.610             Loss 2.70303
Epoch [149] Testing Class Recall: [0.765,0.603,0.553,0.420,0.440,0.433,0.424,0.548,0.451,0.264]
Epoch [150] Training Results: Prec@1 91.438 Prec@5 99.840             Loss 0.25793
Epoch [150] Training Class Recall: [0.831,0.886,0.867,0.891,0.915,0.930,0.949,0.953,0.958,0.964]
Epoch [150] Testing Results: Prec@1 51.550 Prec@5 86.770             Loss 2.54120
Epoch [150] Testing Class Recall: [0.694,0.629,0.555,0.473,0.640,0.403,0.510,0.390,0.275,0.586]
Epoch [151] Training Results: Prec@1 91.260 Prec@5 99.834             Loss 0.26351
Epoch [151] Training Class Recall: [0.829,0.883,0.865,0.892,0.920,0.925,0.952,0.945,0.955,0.962]
Epoch [151] Testing Results: Prec@1 48.570 Prec@5 86.510             Loss 2.74935
Epoch [151] Testing Class Recall: [0.597,0.856,0.265,0.536,0.532,0.499,0.457,0.490,0.258,0.367]
Epoch [152] Training Results: Prec@1 91.168 Prec@5 99.838             Loss 0.26839
Epoch [152] Training Class Recall: [0.830,0.877,0.865,0.891,0.918,0.924,0.949,0.943,0.959,0.961]
Epoch [152] Testing Results: Prec@1 44.880 Prec@5 81.720             Loss 3.57005
Epoch [152] Testing Class Recall: [0.894,0.825,0.459,0.228,0.335,0.670,0.438,0.335,0.118,0.186]
Epoch [153] Training Results: Prec@1 91.542 Prec@5 99.874             Loss 0.25057
Epoch [153] Training Class Recall: [0.833,0.881,0.866,0.894,0.920,0.926,0.951,0.953,0.964,0.967]
Epoch [153] Testing Results: Prec@1 43.650 Prec@5 81.450             Loss 3.51285
Epoch [153] Testing Class Recall: [0.637,0.629,0.551,0.725,0.371,0.516,0.343,0.243,0.275,0.075]
Epoch [154] Training Results: Prec@1 91.134 Prec@5 99.876             Loss 0.26645
Epoch [154] Training Class Recall: [0.826,0.887,0.858,0.889,0.913,0.923,0.945,0.952,0.959,0.962]
Epoch [154] Testing Results: Prec@1 39.930 Prec@5 80.720             Loss 4.12411
Epoch [154] Testing Class Recall: [0.489,0.744,0.284,0.391,0.447,0.828,0.189,0.185,0.371,0.065]
Epoch [155] Training Results: Prec@1 90.772 Prec@5 99.836             Loss 0.27584
Epoch [155] Training Class Recall: [0.822,0.876,0.861,0.887,0.909,0.925,0.941,0.948,0.953,0.955]
Epoch [155] Testing Results: Prec@1 47.520 Prec@5 81.980             Loss 2.80276
Epoch [155] Testing Class Recall: [0.683,0.861,0.587,0.575,0.608,0.390,0.465,0.243,0.188,0.152]
Epoch [156] Training Results: Prec@1 91.572 Prec@5 99.876             Loss 0.25091
Epoch [156] Training Class Recall: [0.836,0.887,0.868,0.895,0.918,0.922,0.952,0.953,0.963,0.963]
Epoch [156] Testing Results: Prec@1 43.410 Prec@5 80.000             Loss 4.14207
Epoch [156] Testing Class Recall: [0.919,0.737,0.548,0.414,0.615,0.275,0.318,0.279,0.219,0.017]
Epoch [157] Training Results: Prec@1 91.210 Prec@5 99.862             Loss 0.26504
Epoch [157] Training Class Recall: [0.832,0.887,0.859,0.888,0.917,0.923,0.944,0.952,0.956,0.962]
Epoch [157] Testing Results: Prec@1 48.960 Prec@5 85.290             Loss 2.66294
Epoch [157] Testing Class Recall: [0.800,0.800,0.437,0.555,0.506,0.570,0.226,0.442,0.314,0.246]
Epoch [158] Training Results: Prec@1 91.690 Prec@5 99.866             Loss 0.25105
Epoch [158] Training Class Recall: [0.839,0.891,0.869,0.894,0.921,0.927,0.950,0.952,0.964,0.963]
Epoch [158] Testing Results: Prec@1 42.110 Prec@5 83.630             Loss 3.23126
Epoch [158] Testing Class Recall: [0.561,0.680,0.474,0.292,0.231,0.351,0.472,0.605,0.316,0.229]
Epoch [159] Training Results: Prec@1 91.116 Prec@5 99.848             Loss 0.26811
Epoch [159] Training Class Recall: [0.831,0.882,0.861,0.887,0.918,0.922,0.943,0.947,0.961,0.960]
Epoch [159] Testing Results: Prec@1 41.610 Prec@5 78.480             Loss 3.64815
Epoch [159] Testing Class Recall: [0.677,0.627,0.534,0.550,0.737,0.478,0.141,0.178,0.134,0.105]
Epoch [160] Training Results: Prec@1 94.290 Prec@5 99.928             Loss 0.17974
Epoch [160] Training Class Recall: [0.884,0.905,0.898,0.938,0.945,0.964,0.957,0.981,0.974,0.983]
Epoch [160] Testing Results: Prec@1 50.810 Prec@5 84.300             Loss 2.74335
Epoch [160] Testing Class Recall: [0.774,0.852,0.649,0.609,0.589,0.448,0.421,0.346,0.231,0.162]
Epoch [161] Training Results: Prec@1 96.276 Prec@5 99.978             Loss 0.12107
Epoch [161] Training Class Recall: [0.902,0.936,0.927,0.955,0.965,0.979,0.986,0.989,0.992,0.996]
Epoch [161] Testing Results: Prec@1 51.500 Prec@5 84.490             Loss 2.73088
Epoch [161] Testing Class Recall: [0.810,0.856,0.652,0.602,0.588,0.441,0.454,0.370,0.222,0.155]
Epoch [162] Training Results: Prec@1 97.022 Prec@5 99.966             Loss 0.10311
Epoch [162] Training Class Recall: [0.920,0.943,0.939,0.963,0.979,0.984,0.992,0.993,0.994,0.997]
Epoch [162] Testing Results: Prec@1 51.700 Prec@5 84.400             Loss 2.75317
Epoch [162] Testing Class Recall: [0.811,0.868,0.678,0.616,0.593,0.438,0.440,0.346,0.220,0.160]
Epoch [163] Training Results: Prec@1 97.348 Prec@5 99.976             Loss 0.09310
Epoch [163] Training Class Recall: [0.928,0.945,0.946,0.967,0.982,0.985,0.993,0.994,0.996,0.997]
Epoch [163] Testing Results: Prec@1 51.210 Prec@5 84.050             Loss 2.80328
Epoch [163] Testing Class Recall: [0.824,0.884,0.667,0.616,0.605,0.418,0.422,0.337,0.226,0.122]
Epoch [164] Training Results: Prec@1 97.580 Prec@5 99.974             Loss 0.08573
Epoch [164] Training Class Recall: [0.932,0.950,0.952,0.973,0.983,0.987,0.991,0.995,0.996,0.998]
Epoch [164] Testing Results: Prec@1 51.340 Prec@5 83.890             Loss 2.84342
Epoch [164] Testing Class Recall: [0.820,0.874,0.680,0.632,0.598,0.428,0.448,0.342,0.206,0.106]
Epoch [165] Training Results: Prec@1 97.920 Prec@5 99.976             Loss 0.07707
Epoch [165] Training Class Recall: [0.940,0.954,0.958,0.975,0.986,0.990,0.996,0.997,0.997,0.999]
Epoch [165] Testing Results: Prec@1 51.500 Prec@5 84.120             Loss 2.82273
Epoch [165] Testing Class Recall: [0.830,0.889,0.681,0.618,0.588,0.431,0.431,0.343,0.220,0.119]
Epoch [166] Training Results: Prec@1 97.876 Prec@5 99.988             Loss 0.07552
Epoch [166] Training Class Recall: [0.937,0.953,0.955,0.976,0.986,0.991,0.996,0.997,0.998,0.999]
Epoch [166] Testing Results: Prec@1 50.960 Prec@5 83.980             Loss 2.85511
Epoch [166] Testing Class Recall: [0.831,0.889,0.694,0.597,0.580,0.416,0.411,0.360,0.204,0.114]
Epoch [167] Training Results: Prec@1 98.110 Prec@5 99.980             Loss 0.07116
Epoch [167] Training Class Recall: [0.945,0.957,0.963,0.978,0.988,0.990,0.996,0.997,0.998,0.998]
Epoch [167] Testing Results: Prec@1 51.580 Prec@5 84.270             Loss 2.84276
Epoch [167] Testing Class Recall: [0.842,0.887,0.679,0.621,0.583,0.421,0.450,0.348,0.210,0.117]
Epoch [168] Training Results: Prec@1 98.162 Prec@5 99.984             Loss 0.06827
Epoch [168] Training Class Recall: [0.942,0.960,0.964,0.980,0.989,0.989,0.998,0.997,0.999,0.999]
Epoch [168] Testing Results: Prec@1 51.050 Prec@5 84.050             Loss 2.90507
Epoch [168] Testing Class Recall: [0.843,0.885,0.702,0.594,0.589,0.406,0.431,0.344,0.202,0.109]
Epoch [169] Training Results: Prec@1 98.226 Prec@5 99.980             Loss 0.06504
Epoch [169] Training Class Recall: [0.945,0.960,0.965,0.980,0.989,0.992,0.997,0.998,0.998,0.999]
Epoch [169] Testing Results: Prec@1 51.310 Prec@5 84.210             Loss 2.88563
Epoch [169] Testing Class Recall: [0.835,0.892,0.688,0.602,0.606,0.428,0.438,0.336,0.208,0.098]
Epoch [170] Training Results: Prec@1 98.332 Prec@5 99.980             Loss 0.06321
Epoch [170] Training Class Recall: [0.947,0.963,0.966,0.980,0.991,0.994,0.997,0.998,0.999,0.999]
Epoch [170] Testing Results: Prec@1 51.000 Prec@5 84.200             Loss 2.94225
Epoch [170] Testing Class Recall: [0.828,0.883,0.702,0.621,0.595,0.413,0.408,0.333,0.208,0.109]
Epoch [171] Training Results: Prec@1 98.488 Prec@5 99.988             Loss 0.05905
Epoch [171] Training Class Recall: [0.953,0.964,0.967,0.985,0.992,0.993,0.998,0.998,0.999,0.999]
Epoch [171] Testing Results: Prec@1 51.230 Prec@5 84.180             Loss 2.94680
Epoch [171] Testing Class Recall: [0.822,0.885,0.706,0.609,0.588,0.428,0.439,0.329,0.211,0.106]
Epoch [172] Training Results: Prec@1 98.472 Prec@5 99.982             Loss 0.05870
Epoch [172] Training Class Recall: [0.951,0.963,0.971,0.984,0.992,0.992,0.998,0.998,0.999,0.999]
Epoch [172] Testing Results: Prec@1 50.860 Prec@5 84.030             Loss 2.95379
Epoch [172] Testing Class Recall: [0.841,0.889,0.696,0.616,0.579,0.412,0.421,0.328,0.194,0.110]
Epoch [173] Training Results: Prec@1 98.562 Prec@5 99.990             Loss 0.05561
Epoch [173] Training Class Recall: [0.953,0.966,0.971,0.985,0.994,0.993,0.998,0.998,0.999,0.999]
Epoch [173] Testing Results: Prec@1 50.570 Prec@5 83.680             Loss 2.98304
Epoch [173] Testing Class Recall: [0.835,0.890,0.699,0.619,0.573,0.409,0.409,0.333,0.193,0.097]
Epoch [174] Training Results: Prec@1 98.616 Prec@5 99.988             Loss 0.05439
Epoch [174] Training Class Recall: [0.956,0.965,0.969,0.985,0.995,0.995,0.999,0.999,1.000,1.000]
Epoch [174] Testing Results: Prec@1 51.300 Prec@5 84.080             Loss 2.96375
Epoch [174] Testing Class Recall: [0.835,0.889,0.696,0.609,0.591,0.438,0.438,0.330,0.199,0.105]
Epoch [175] Training Results: Prec@1 98.660 Prec@5 99.980             Loss 0.05224
Epoch [175] Training Class Recall: [0.957,0.967,0.971,0.986,0.994,0.996,0.998,0.999,0.999,0.999]
Epoch [175] Testing Results: Prec@1 51.240 Prec@5 84.290             Loss 2.95644
Epoch [175] Testing Class Recall: [0.840,0.887,0.685,0.616,0.599,0.420,0.416,0.340,0.193,0.128]
Epoch [176] Training Results: Prec@1 98.690 Prec@5 99.982             Loss 0.05173
Epoch [176] Training Class Recall: [0.957,0.969,0.972,0.986,0.994,0.994,0.998,0.999,1.000,1.000]
Epoch [176] Testing Results: Prec@1 50.920 Prec@5 83.790             Loss 3.05284
Epoch [176] Testing Class Recall: [0.837,0.889,0.701,0.616,0.607,0.395,0.422,0.326,0.195,0.104]
Epoch [177] Training Results: Prec@1 98.744 Prec@5 99.984             Loss 0.05086
Epoch [177] Training Class Recall: [0.962,0.968,0.973,0.987,0.993,0.995,0.999,0.998,1.000,0.999]
Epoch [177] Testing Results: Prec@1 50.760 Prec@5 83.840             Loss 3.05167
Epoch [177] Testing Class Recall: [0.845,0.887,0.708,0.611,0.580,0.403,0.431,0.328,0.187,0.096]
Epoch [178] Training Results: Prec@1 98.684 Prec@5 99.984             Loss 0.04979
Epoch [178] Training Class Recall: [0.956,0.968,0.974,0.986,0.994,0.996,0.998,0.998,1.000,1.000]
Epoch [178] Testing Results: Prec@1 51.370 Prec@5 84.000             Loss 3.02325
Epoch [178] Testing Class Recall: [0.835,0.882,0.698,0.600,0.621,0.411,0.461,0.331,0.196,0.102]
Epoch [179] Training Results: Prec@1 98.728 Prec@5 99.988             Loss 0.04797
Epoch [179] Training Class Recall: [0.956,0.967,0.974,0.989,0.995,0.995,0.999,0.999,0.998,1.000]
Epoch [179] Testing Results: Prec@1 50.750 Prec@5 83.900             Loss 3.06248
Epoch [179] Testing Class Recall: [0.841,0.893,0.701,0.621,0.592,0.392,0.423,0.314,0.190,0.108]
Epoch [180] Training Results: Prec@1 98.770 Prec@5 99.996             Loss 0.04744
Epoch [180] Training Class Recall: [0.960,0.970,0.973,0.989,0.993,0.996,0.998,0.999,0.999,0.999]
Epoch [180] Testing Results: Prec@1 50.830 Prec@5 83.780             Loss 3.06403
Epoch [180] Testing Class Recall: [0.855,0.886,0.694,0.615,0.590,0.412,0.421,0.322,0.192,0.096]
Epoch [181] Training Results: Prec@1 98.822 Prec@5 99.992             Loss 0.04715
Epoch [181] Training Class Recall: [0.965,0.967,0.976,0.987,0.996,0.995,0.998,0.999,1.000,1.000]
Epoch [181] Testing Results: Prec@1 50.690 Prec@5 84.060             Loss 3.04638
Epoch [181] Testing Class Recall: [0.842,0.888,0.706,0.624,0.578,0.396,0.406,0.328,0.190,0.111]
Epoch [182] Training Results: Prec@1 98.790 Prec@5 99.992             Loss 0.04825
Epoch [182] Training Class Recall: [0.957,0.967,0.978,0.987,0.996,0.996,0.998,0.999,1.000,1.000]
Epoch [182] Testing Results: Prec@1 50.760 Prec@5 84.020             Loss 3.04618
Epoch [182] Testing Class Recall: [0.849,0.886,0.710,0.627,0.585,0.393,0.391,0.331,0.189,0.115]
Epoch [183] Training Results: Prec@1 98.750 Prec@5 99.990             Loss 0.04708
Epoch [183] Training Class Recall: [0.961,0.969,0.972,0.987,0.995,0.996,0.998,0.999,0.999,0.999]
Epoch [183] Testing Results: Prec@1 51.200 Prec@5 83.950             Loss 3.04275
Epoch [183] Testing Class Recall: [0.836,0.890,0.697,0.619,0.598,0.417,0.438,0.333,0.190,0.102]
Epoch [184] Training Results: Prec@1 98.784 Prec@5 99.994             Loss 0.04740
Epoch [184] Training Class Recall: [0.960,0.967,0.975,0.988,0.995,0.996,0.997,1.000,1.000,1.000]
Epoch [184] Testing Results: Prec@1 51.270 Prec@5 84.260             Loss 2.99007
Epoch [184] Testing Class Recall: [0.851,0.888,0.683,0.622,0.593,0.408,0.441,0.324,0.199,0.118]
Epoch [185] Training Results: Prec@1 98.838 Prec@5 99.990             Loss 0.04644
Epoch [185] Training Class Recall: [0.961,0.970,0.978,0.990,0.995,0.995,0.998,0.999,0.998,0.999]
Epoch [185] Testing Results: Prec@1 51.060 Prec@5 84.070             Loss 3.01741
Epoch [185] Testing Class Recall: [0.845,0.895,0.680,0.595,0.601,0.417,0.452,0.327,0.188,0.106]
Epoch [186] Training Results: Prec@1 98.770 Prec@5 99.988             Loss 0.04667
Epoch [186] Training Class Recall: [0.963,0.966,0.972,0.990,0.995,0.995,0.999,0.998,1.000,0.999]
Epoch [186] Testing Results: Prec@1 51.020 Prec@5 84.270             Loss 3.03054
Epoch [186] Testing Class Recall: [0.843,0.895,0.697,0.621,0.590,0.430,0.381,0.339,0.199,0.107]
Epoch [187] Training Results: Prec@1 98.760 Prec@5 99.984             Loss 0.04751
Epoch [187] Training Class Recall: [0.962,0.969,0.976,0.986,0.994,0.994,0.998,0.998,0.999,0.999]
Epoch [187] Testing Results: Prec@1 51.230 Prec@5 83.930             Loss 3.01583
Epoch [187] Testing Class Recall: [0.831,0.891,0.702,0.606,0.622,0.429,0.427,0.313,0.194,0.108]
Epoch [188] Training Results: Prec@1 98.772 Prec@5 99.994             Loss 0.04720
Epoch [188] Training Class Recall: [0.963,0.968,0.971,0.985,0.997,0.997,0.998,0.998,1.000,1.000]
Epoch [188] Testing Results: Prec@1 51.130 Prec@5 84.150             Loss 3.04344
Epoch [188] Testing Class Recall: [0.848,0.890,0.701,0.607,0.595,0.409,0.435,0.332,0.192,0.104]
Epoch [189] Training Results: Prec@1 98.778 Prec@5 99.994             Loss 0.04729
Epoch [189] Training Class Recall: [0.961,0.970,0.975,0.987,0.995,0.996,0.999,0.999,0.999,0.999]
Epoch [189] Testing Results: Prec@1 50.880 Prec@5 84.050             Loss 3.05337
Epoch [189] Testing Class Recall: [0.845,0.889,0.697,0.619,0.589,0.401,0.419,0.332,0.191,0.106]
Epoch [190] Training Results: Prec@1 98.852 Prec@5 99.994             Loss 0.04601
Epoch [190] Training Class Recall: [0.963,0.967,0.976,0.989,0.996,0.996,0.999,1.000,1.000,0.999]
Epoch [190] Testing Results: Prec@1 51.190 Prec@5 84.110             Loss 3.02450
Epoch [190] Testing Class Recall: [0.841,0.891,0.692,0.621,0.593,0.418,0.431,0.330,0.193,0.109]
Epoch [191] Training Results: Prec@1 98.780 Prec@5 99.988             Loss 0.04729
Epoch [191] Training Class Recall: [0.961,0.971,0.972,0.985,0.996,0.997,0.999,0.999,0.999,0.999]
Epoch [191] Testing Results: Prec@1 51.270 Prec@5 84.410             Loss 2.96253
Epoch [191] Testing Class Recall: [0.830,0.887,0.714,0.610,0.589,0.410,0.419,0.332,0.209,0.127]
Epoch [192] Training Results: Prec@1 98.812 Prec@5 99.990             Loss 0.04622
Epoch [192] Training Class Recall: [0.962,0.970,0.974,0.987,0.995,0.997,0.997,0.999,1.000,1.000]
Epoch [192] Testing Results: Prec@1 50.830 Prec@5 84.060             Loss 3.04021
Epoch [192] Testing Class Recall: [0.851,0.891,0.694,0.617,0.591,0.396,0.408,0.330,0.198,0.107]
Epoch [193] Training Results: Prec@1 98.834 Prec@5 99.994             Loss 0.04532
Epoch [193] Training Class Recall: [0.963,0.968,0.977,0.988,0.996,0.996,0.999,0.998,1.000,0.999]
Epoch [193] Testing Results: Prec@1 51.250 Prec@5 84.370             Loss 3.00342
Epoch [193] Testing Class Recall: [0.835,0.890,0.692,0.613,0.600,0.410,0.422,0.348,0.197,0.118]
Epoch [194] Training Results: Prec@1 98.852 Prec@5 99.990             Loss 0.04716
Epoch [194] Training Class Recall: [0.964,0.968,0.978,0.989,0.994,0.996,0.998,0.999,1.000,1.000]
Epoch [194] Testing Results: Prec@1 51.030 Prec@5 84.200             Loss 3.02041
Epoch [194] Testing Class Recall: [0.841,0.890,0.688,0.633,0.588,0.397,0.409,0.352,0.183,0.122]
Epoch [195] Training Results: Prec@1 98.840 Prec@5 99.988             Loss 0.04678
Epoch [195] Training Class Recall: [0.962,0.971,0.974,0.987,0.995,0.996,0.999,1.000,1.000,0.999]
Epoch [195] Testing Results: Prec@1 51.300 Prec@5 84.310             Loss 3.00282
Epoch [195] Testing Class Recall: [0.853,0.891,0.669,0.622,0.600,0.397,0.450,0.328,0.204,0.116]
Epoch [196] Training Results: Prec@1 98.780 Prec@5 99.986             Loss 0.04745
Epoch [196] Training Class Recall: [0.961,0.971,0.972,0.988,0.995,0.996,0.998,0.999,0.999,0.999]
Epoch [196] Testing Results: Prec@1 51.500 Prec@5 84.190             Loss 3.01657
Epoch [196] Testing Class Recall: [0.843,0.888,0.691,0.631,0.598,0.420,0.439,0.343,0.186,0.111]
Epoch [197] Training Results: Prec@1 98.810 Prec@5 99.990             Loss 0.04727
Epoch [197] Training Class Recall: [0.960,0.970,0.976,0.987,0.996,0.996,0.998,0.999,1.000,1.000]
Epoch [197] Testing Results: Prec@1 50.960 Prec@5 84.360             Loss 3.00038
Epoch [197] Testing Class Recall: [0.845,0.888,0.699,0.605,0.580,0.436,0.390,0.335,0.205,0.113]
Epoch [198] Training Results: Prec@1 98.782 Prec@5 99.994             Loss 0.04692
Epoch [198] Training Class Recall: [0.961,0.971,0.975,0.983,0.998,0.996,0.998,0.997,0.999,1.000]
Epoch [198] Testing Results: Prec@1 51.120 Prec@5 83.910             Loss 3.05725
Epoch [198] Testing Class Recall: [0.848,0.884,0.702,0.624,0.596,0.402,0.437,0.328,0.189,0.102]
Epoch [199] Training Results: Prec@1 98.778 Prec@5 99.994             Loss 0.04687
Epoch [199] Training Class Recall: [0.961,0.969,0.975,0.984,0.996,0.996,0.998,0.999,1.000,0.999]
Epoch [199] Testing Results: Prec@1 51.120 Prec@5 84.110             Loss 3.02854
Epoch [199] Testing Class Recall: [0.837,0.892,0.683,0.609,0.604,0.423,0.437,0.322,0.194,0.111]
