Log file: cifar10_sava0.7_mamix_drw_exp0.01_seed42_20260614_233758.log
Run started: 2026-06-14 23:37:58.458705
Dataset: cifar10
Imbalance type: exp, factor: 0.01
Selection method: sava, ratio: 0.7
Strategy: MAMix_DRW, epochs: 200
Seed: 42, rand_number: 0
Augmentation: weak
mixup_alpha: 1.0
mamix_ratio: 1.0
============================================================

=> No CSV or TensorBoard logging – only console and debug log.
-----------------------------------------------
Class ID   | Original   | Selected   | Keep %  
-----------------------------------------------
0          | 5000       | 3151       |   63.0%
1          | 2997       | 2003       |   66.8%
2          | 1796       | 1609       |   89.6%
3          | 1077       | 759        |   70.5%
4          | 645        | 547        |   84.8%
5          | 387        | 223        |   57.6%
6          | 232        | 193        |   83.2%
7          | 139        | 88         |   63.3%
8          | 83         | 76         |   91.6%
9          | 50         | 35         |   70.0%
-----------------------------------------------
TOTAL      | 12406      | 8684       |   70.0%
-----------------------------------------------
Epoch [0] Training Results: Prec@1 41.064 Prec@5 90.638 Loss 1.62917
Epoch [0] Training Class Recall: [0.705,0.410,0.314,0.000,0.031,0.000,0.000,0.000,0.000,0.000]
Epoch [0] Testing Results: Prec@1 19.910 Prec@5 51.640 Loss 3.18424
Epoch [0] Testing Class Recall: [0.873,0.624,0.494,0.000,0.000,0.000,0.000,0.000,0.000,0.000]
Epoch [1] Training Results: Prec@1 52.165 Prec@5 93.148 Loss 1.38336
Epoch [1] Training Class Recall: [0.728,0.647,0.574,0.016,0.005,0.000,0.000,0.000,0.000,0.000]
Epoch [1] Testing Results: Prec@1 18.190 Prec@5 50.200 Loss 3.12169
Epoch [1] Testing Class Recall: [0.768,0.390,0.646,0.015,0.000,0.000,0.000,0.000,0.000,0.000]
Epoch [2] Training Results: Prec@1 54.249 Prec@5 93.321 Loss 1.35297
Epoch [2] Training Class Recall: [0.774,0.667,0.548,0.072,0.000,0.000,0.000,0.000,0.000,0.000]
Epoch [2] Testing Results: Prec@1 22.430 Prec@5 58.580 Loss 2.83100
Epoch [2] Testing Class Recall: [0.643,0.737,0.863,0.000,0.000,0.000,0.000,0.000,0.000,0.000]
Epoch [3] Training Results: Prec@1 58.648 Prec@5 93.459 Loss 1.30052
Epoch [3] Training Class Recall: [0.823,0.740,0.576,0.120,0.002,0.000,0.000,0.000,0.000,0.000]
Epoch [3] Testing Results: Prec@1 19.920 Prec@5 57.800 Loss 3.18468
Epoch [3] Testing Class Recall: [0.948,0.385,0.477,0.174,0.008,0.000,0.000,0.000,0.000,0.000]
Epoch [4] Training Results: Prec@1 59.972 Prec@5 93.643 Loss 1.25235
Epoch [4] Training Class Recall: [0.819,0.754,0.605,0.190,0.000,0.000,0.000,0.000,0.000,0.000]
Epoch [4] Testing Results: Prec@1 22.900 Prec@5 56.660 Loss 2.83517
Epoch [4] Testing Class Recall: [0.778,0.792,0.619,0.101,0.000,0.000,0.000,0.000,0.000,0.000]
Epoch [5] Training Results: Prec@1 62.275 Prec@5 94.104 Loss 1.23704
Epoch [5] Training Class Recall: [0.852,0.799,0.601,0.206,0.000,0.000,0.000,0.000,0.000,0.000]
Epoch [5] Testing Results: Prec@1 23.760 Prec@5 62.940 Loss 2.77044
Epoch [5] Testing Class Recall: [0.732,0.760,0.680,0.204,0.000,0.000,0.000,0.000,0.000,0.000]
Epoch [6] Training Results: Prec@1 63.266 Prec@5 93.851 Loss 1.25147
Epoch [6] Training Class Recall: [0.871,0.808,0.597,0.225,0.000,0.000,0.000,0.000,0.000,0.000]
Epoch [6] Testing Results: Prec@1 19.630 Prec@5 57.430 Loss 3.14092
Epoch [6] Testing Class Recall: [0.895,0.390,0.650,0.028,0.000,0.000,0.000,0.000,0.000,0.000]
Epoch [7] Training Results: Prec@1 65.269 Prec@5 94.139 Loss 1.21612
Epoch [7] Training Class Recall: [0.891,0.821,0.637,0.237,0.018,0.000,0.000,0.000,0.000,0.000]
Epoch [7] Testing Results: Prec@1 27.360 Prec@5 64.860 Loss 3.05769
Epoch [7] Testing Class Recall: [0.888,0.864,0.527,0.457,0.000,0.000,0.000,0.000,0.000,0.000]
Epoch [8] Training Results: Prec@1 65.649 Prec@5 94.427 Loss 1.21625
Epoch [8] Training Class Recall: [0.889,0.847,0.613,0.275,0.015,0.000,0.000,0.000,0.000,0.000]
Epoch [8] Testing Results: Prec@1 26.180 Prec@5 59.430 Loss 2.88053
Epoch [8] Testing Class Recall: [0.891,0.792,0.457,0.478,0.000,0.000,0.000,0.000,0.000,0.000]
Epoch [9] Training Results: Prec@1 66.882 Prec@5 94.173 Loss 1.20049
Epoch [9] Training Class Recall: [0.907,0.867,0.626,0.273,0.002,0.000,0.000,0.000,0.000,0.000]
Epoch [9] Testing Results: Prec@1 26.540 Prec@5 60.970 Loss 2.91908
Epoch [9] Testing Class Recall: [0.687,0.963,0.568,0.436,0.000,0.000,0.000,0.000,0.000,0.000]
Epoch [10] Training Results: Prec@1 68.183 Prec@5 94.726 Loss 1.16160
Epoch [10] Training Class Recall: [0.906,0.882,0.637,0.344,0.026,0.000,0.000,0.000,0.000,0.000]
Epoch [10] Testing Results: Prec@1 27.050 Prec@5 60.640 Loss 3.04733
Epoch [10] Testing Class Recall: [0.673,0.904,0.652,0.413,0.063,0.000,0.000,0.000,0.000,0.000]
Epoch [11] Training Results: Prec@1 69.427 Prec@5 94.737 Loss 1.14679
Epoch [11] Training Class Recall: [0.911,0.897,0.653,0.368,0.057,0.000,0.000,0.000,0.000,0.000]
Epoch [11] Testing Results: Prec@1 26.960 Prec@5 64.820 Loss 2.84120
Epoch [11] Testing Class Recall: [0.713,0.980,0.727,0.215,0.061,0.000,0.000,0.000,0.000,0.000]
Epoch [12] Training Results: Prec@1 70.336 Prec@5 95.060 Loss 1.14568
Epoch [12] Training Class Recall: [0.920,0.908,0.658,0.379,0.079,0.000,0.000,0.000,0.000,0.000]
Epoch [12] Testing Results: Prec@1 30.080 Prec@5 59.300 Loss 2.57295
Epoch [12] Testing Class Recall: [0.739,0.969,0.664,0.612,0.024,0.000,0.000,0.000,0.000,0.000]
Epoch [13] Training Results: Prec@1 70.187 Prec@5 94.991 Loss 1.14937
Epoch [13] Training Class Recall: [0.926,0.913,0.649,0.343,0.079,0.000,0.000,0.000,0.000,0.000]
Epoch [13] Testing Results: Prec@1 29.130 Prec@5 65.780 Loss 2.83279
Epoch [13] Testing Class Recall: [0.817,0.973,0.586,0.345,0.187,0.000,0.005,0.000,0.000,0.000]
Epoch [14] Training Results: Prec@1 71.050 Prec@5 94.922 Loss 1.13992
Epoch [14] Training Class Recall: [0.927,0.918,0.632,0.362,0.219,0.000,0.000,0.000,0.000,0.000]
Epoch [14] Testing Results: Prec@1 31.080 Prec@5 65.330 Loss 2.73304
Epoch [14] Testing Class Recall: [0.790,0.954,0.752,0.401,0.175,0.000,0.036,0.000,0.000,0.000]
Epoch [15] Training Results: Prec@1 71.937 Prec@5 95.302 Loss 1.10342
Epoch [15] Training Class Recall: [0.923,0.917,0.644,0.430,0.252,0.000,0.010,0.000,0.000,0.000]
Epoch [15] Testing Results: Prec@1 30.760 Prec@5 60.540 Loss 2.81499
Epoch [15] Testing Class Recall: [0.892,0.923,0.556,0.660,0.045,0.000,0.000,0.000,0.000,0.000]
Epoch [16] Training Results: Prec@1 73.802 Prec@5 95.693 Loss 1.05705
Epoch [16] Training Class Recall: [0.933,0.931,0.686,0.451,0.291,0.000,0.005,0.000,0.000,0.000]
Epoch [16] Testing Results: Prec@1 35.470 Prec@5 72.480 Loss 2.42994
Epoch [16] Testing Class Recall: [0.854,0.954,0.637,0.595,0.453,0.000,0.054,0.000,0.000,0.000]
Epoch [17] Training Results: Prec@1 74.816 Prec@5 95.647 Loss 1.09514
Epoch [17] Training Class Recall: [0.934,0.944,0.717,0.426,0.325,0.000,0.047,0.000,0.000,0.000]
Epoch [17] Testing Results: Prec@1 31.730 Prec@5 69.670 Loss 2.61660
Epoch [17] Testing Class Recall: [0.830,0.970,0.788,0.379,0.182,0.000,0.024,0.000,0.000,0.000]
Epoch [18] Training Results: Prec@1 75.311 Prec@5 95.935 Loss 1.08197
Epoch [18] Training Class Recall: [0.941,0.941,0.720,0.476,0.302,0.000,0.036,0.000,0.000,0.000]
Epoch [18] Testing Results: Prec@1 33.820 Prec@5 74.700 Loss 2.62982
Epoch [18] Testing Class Recall: [0.875,0.987,0.708,0.485,0.233,0.000,0.094,0.000,0.000,0.000]
Epoch [19] Training Results: Prec@1 76.082 Prec@5 96.281 Loss 1.07600
Epoch [19] Training Class Recall: [0.937,0.950,0.705,0.511,0.377,0.000,0.124,0.000,0.000,0.000]
Epoch [19] Testing Results: Prec@1 32.570 Prec@5 69.470 Loss 2.77533
Epoch [19] Testing Class Recall: [0.904,0.972,0.484,0.570,0.277,0.000,0.050,0.000,0.000,0.000]
Epoch [20] Training Results: Prec@1 76.566 Prec@5 96.856 Loss 1.03280
Epoch [20] Training Class Recall: [0.934,0.945,0.706,0.509,0.479,0.000,0.145,0.000,0.000,0.000]
Epoch [20] Testing Results: Prec@1 35.470 Prec@5 72.390 Loss 2.49943
Epoch [20] Testing Class Recall: [0.780,0.891,0.782,0.555,0.386,0.000,0.151,0.002,0.000,0.000]
Epoch [21] Training Results: Prec@1 76.405 Prec@5 96.545 Loss 1.01617
Epoch [21] Training Class Recall: [0.939,0.947,0.714,0.497,0.415,0.009,0.124,0.000,0.000,0.000]
Epoch [21] Testing Results: Prec@1 34.820 Prec@5 78.300 Loss 2.45650
Epoch [21] Testing Class Recall: [0.889,0.924,0.615,0.701,0.304,0.000,0.046,0.003,0.000,0.000]
Epoch [22] Training Results: Prec@1 77.752 Prec@5 97.190 Loss 1.01699
Epoch [22] Training Class Recall: [0.937,0.943,0.745,0.543,0.457,0.000,0.259,0.000,0.000,0.000]
Epoch [22] Testing Results: Prec@1 37.740 Prec@5 81.490 Loss 2.38474
Epoch [22] Testing Class Recall: [0.937,0.945,0.513,0.535,0.574,0.000,0.218,0.052,0.000,0.000]
Epoch [23] Training Results: Prec@1 78.570 Prec@5 97.144 Loss 1.03182
Epoch [23] Training Class Recall: [0.955,0.951,0.740,0.548,0.444,0.000,0.290,0.057,0.000,0.000]
Epoch [23] Testing Results: Prec@1 38.400 Prec@5 73.520 Loss 2.25247
Epoch [23] Testing Class Recall: [0.850,0.989,0.563,0.406,0.641,0.000,0.369,0.022,0.000,0.000]
Epoch [24] Training Results: Prec@1 78.708 Prec@5 97.133 Loss 1.00937
Epoch [24] Training Class Recall: [0.952,0.959,0.729,0.564,0.495,0.004,0.202,0.023,0.000,0.000]
Epoch [24] Testing Results: Prec@1 39.660 Prec@5 75.680 Loss 2.31871
Epoch [24] Testing Class Recall: [0.698,0.963,0.794,0.736,0.301,0.001,0.439,0.034,0.000,0.000]
Epoch [25] Training Results: Prec@1 78.950 Prec@5 97.328 Loss 1.03584
Epoch [25] Training Class Recall: [0.943,0.949,0.751,0.593,0.490,0.009,0.264,0.045,0.000,0.000]
Epoch [25] Testing Results: Prec@1 32.480 Prec@5 76.370 Loss 2.69560
Epoch [25] Testing Class Recall: [0.799,0.986,0.843,0.315,0.162,0.002,0.125,0.016,0.000,0.000]
Epoch [26] Training Results: Prec@1 79.318 Prec@5 97.248 Loss 1.02534
Epoch [26] Training Class Recall: [0.949,0.952,0.756,0.578,0.510,0.004,0.290,0.023,0.000,0.000]
Epoch [26] Testing Results: Prec@1 33.140 Prec@5 74.930 Loss 2.49204
Epoch [26] Testing Class Recall: [0.693,0.989,0.866,0.513,0.201,0.001,0.000,0.051,0.000,0.000]
Epoch [27] Training Results: Prec@1 79.790 Prec@5 97.144 Loss 0.99751
Epoch [27] Training Class Recall: [0.952,0.964,0.758,0.592,0.512,0.000,0.238,0.045,0.000,0.000]
Epoch [27] Testing Results: Prec@1 36.880 Prec@5 81.810 Loss 2.40479
Epoch [27] Testing Class Recall: [0.829,0.988,0.790,0.369,0.369,0.000,0.112,0.231,0.000,0.000]
Epoch [28] Training Results: Prec@1 79.917 Prec@5 97.524 Loss 1.00059
Epoch [28] Training Class Recall: [0.950,0.956,0.773,0.581,0.525,0.004,0.275,0.080,0.000,0.000]
Epoch [28] Testing Results: Prec@1 38.390 Prec@5 77.560 Loss 2.33203
Epoch [28] Testing Class Recall: [0.941,0.970,0.652,0.664,0.458,0.007,0.092,0.055,0.000,0.000]
Epoch [29] Training Results: Prec@1 80.919 Prec@5 97.801 Loss 0.99549
Epoch [29] Training Class Recall: [0.953,0.957,0.783,0.594,0.590,0.009,0.321,0.114,0.000,0.000]
Epoch [29] Testing Results: Prec@1 40.430 Prec@5 75.100 Loss 2.24875
Epoch [29] Testing Class Recall: [0.921,0.972,0.668,0.670,0.614,0.014,0.155,0.029,0.000,0.000]
Epoch [30] Training Results: Prec@1 81.138 Prec@5 97.662 Loss 0.94043
Epoch [30] Training Class Recall: [0.949,0.962,0.788,0.603,0.592,0.049,0.326,0.057,0.000,0.000]
Epoch [30] Testing Results: Prec@1 38.190 Prec@5 82.740 Loss 2.41640
Epoch [30] Testing Class Recall: [0.937,0.898,0.666,0.439,0.409,0.002,0.381,0.086,0.001,0.000]
Epoch [31] Training Results: Prec@1 81.495 Prec@5 97.881 Loss 0.96760
Epoch [31] Training Class Recall: [0.954,0.960,0.787,0.610,0.607,0.022,0.404,0.057,0.000,0.000]
Epoch [31] Testing Results: Prec@1 45.250 Prec@5 76.770 Loss 2.05387
Epoch [31] Testing Class Recall: [0.859,0.970,0.812,0.339,0.650,0.000,0.569,0.326,0.000,0.000]
Epoch [32] Training Results: Prec@1 82.070 Prec@5 97.628 Loss 0.95988
Epoch [32] Training Class Recall: [0.952,0.966,0.794,0.615,0.636,0.027,0.399,0.170,0.013,0.000]
Epoch [32] Testing Results: Prec@1 39.300 Prec@5 83.400 Loss 2.20879
Epoch [32] Testing Class Recall: [0.966,0.911,0.623,0.507,0.436,0.004,0.393,0.088,0.002,0.000]
Epoch [33] Training Results: Prec@1 82.094 Prec@5 97.674 Loss 0.97362
Epoch [33] Training Class Recall: [0.957,0.963,0.804,0.621,0.614,0.027,0.352,0.068,0.026,0.000]
Epoch [33] Testing Results: Prec@1 36.850 Prec@5 78.340 Loss 2.28524
Epoch [33] Testing Class Recall: [0.852,0.990,0.761,0.687,0.116,0.007,0.204,0.066,0.002,0.000]
Epoch [34] Training Results: Prec@1 82.543 Prec@5 98.042 Loss 0.93863
Epoch [34] Training Class Recall: [0.960,0.969,0.804,0.646,0.600,0.045,0.352,0.114,0.039,0.000]
Epoch [34] Testing Results: Prec@1 43.920 Prec@5 84.940 Loss 2.02638
Epoch [34] Testing Class Recall: [0.929,0.939,0.806,0.442,0.498,0.098,0.390,0.280,0.010,0.000]
Epoch [35] Training Results: Prec@1 82.980 Prec@5 98.019 Loss 0.94011
Epoch [35] Training Class Recall: [0.960,0.969,0.820,0.652,0.605,0.040,0.347,0.205,0.026,0.000]
Epoch [35] Testing Results: Prec@1 47.930 Prec@5 80.540 Loss 1.94490
Epoch [35] Testing Class Recall: [0.903,0.967,0.711,0.615,0.718,0.013,0.632,0.208,0.026,0.000]
Epoch [36] Training Results: Prec@1 83.199 Prec@5 98.042 Loss 0.96609
Epoch [36] Training Class Recall: [0.960,0.973,0.820,0.618,0.638,0.076,0.399,0.159,0.079,0.000]
Epoch [36] Testing Results: Prec@1 33.510 Prec@5 77.750 Loss 2.65018
Epoch [36] Testing Class Recall: [0.678,0.961,0.965,0.251,0.180,0.000,0.253,0.049,0.014,0.000]
Epoch [37] Training Results: Prec@1 83.521 Prec@5 98.238 Loss 0.95355
Epoch [37] Training Class Recall: [0.959,0.966,0.829,0.638,0.656,0.045,0.389,0.216,0.197,0.000]
Epoch [37] Testing Results: Prec@1 44.440 Prec@5 87.640 Loss 1.80628
Epoch [37] Testing Class Recall: [0.957,0.974,0.638,0.583,0.501,0.018,0.431,0.196,0.145,0.001]
Epoch [38] Training Results: Prec@1 83.268 Prec@5 98.273 Loss 0.96680
Epoch [38] Training Class Recall: [0.956,0.969,0.840,0.650,0.594,0.031,0.415,0.148,0.145,0.000]
Epoch [38] Testing Results: Prec@1 40.420 Prec@5 82.650 Loss 2.18270
Epoch [38] Testing Class Recall: [0.811,0.988,0.871,0.544,0.370,0.030,0.231,0.161,0.036,0.000]
Epoch [39] Training Results: Prec@1 84.304 Prec@5 98.319 Loss 0.95415
Epoch [39] Training Class Recall: [0.967,0.970,0.836,0.663,0.662,0.085,0.368,0.182,0.211,0.000]
Epoch [39] Testing Results: Prec@1 38.500 Prec@5 84.450 Loss 2.16795
Epoch [39] Testing Class Recall: [0.924,0.994,0.786,0.348,0.351,0.010,0.217,0.153,0.067,0.000]
Epoch [40] Training Results: Prec@1 84.189 Prec@5 98.549 Loss 0.93397
Epoch [40] Training Class Recall: [0.959,0.969,0.833,0.690,0.649,0.063,0.425,0.193,0.224,0.000]
Epoch [40] Testing Results: Prec@1 39.090 Prec@5 83.760 Loss 2.25866
Epoch [40] Testing Class Recall: [0.779,0.991,0.805,0.650,0.322,0.013,0.167,0.076,0.106,0.000]
Epoch [41] Training Results: Prec@1 84.650 Prec@5 98.445 Loss 0.93409
Epoch [41] Training Class Recall: [0.963,0.967,0.838,0.684,0.686,0.081,0.461,0.216,0.132,0.057]
Epoch [41] Testing Results: Prec@1 42.480 Prec@5 85.390 Loss 2.19611
Epoch [41] Testing Class Recall: [0.913,0.975,0.789,0.569,0.423,0.073,0.295,0.177,0.034,0.000]
Epoch [42] Training Results: Prec@1 84.581 Prec@5 98.595 Loss 0.94671
Epoch [42] Training Class Recall: [0.962,0.963,0.832,0.667,0.678,0.117,0.528,0.227,0.289,0.000]
Epoch [42] Testing Results: Prec@1 43.110 Prec@5 81.590 Loss 1.95928
Epoch [42] Testing Class Recall: [0.975,0.879,0.620,0.585,0.583,0.106,0.343,0.131,0.089,0.000]
Epoch [43] Training Results: Prec@1 84.627 Prec@5 98.607 Loss 0.95591
Epoch [43] Training Class Recall: [0.967,0.966,0.847,0.655,0.667,0.148,0.409,0.170,0.224,0.000]
Epoch [43] Testing Results: Prec@1 42.420 Prec@5 83.430 Loss 2.09836
Epoch [43] Testing Class Recall: [0.936,0.988,0.747,0.595,0.439,0.025,0.282,0.176,0.054,0.000]
Epoch [44] Training Results: Prec@1 84.673 Prec@5 98.561 Loss 0.98548
Epoch [44] Training Class Recall: [0.964,0.968,0.838,0.664,0.682,0.135,0.435,0.261,0.197,0.000]
Epoch [44] Testing Results: Prec@1 48.320 Prec@5 86.620 Loss 1.70161
Epoch [44] Testing Class Recall: [0.940,0.977,0.512,0.588,0.810,0.042,0.216,0.388,0.125,0.234]
Epoch [45] Training Results: Prec@1 84.224 Prec@5 98.434 Loss 0.93807
Epoch [45] Training Class Recall: [0.964,0.971,0.819,0.656,0.680,0.130,0.425,0.205,0.171,0.086]
Epoch [45] Testing Results: Prec@1 38.570 Prec@5 76.850 Loss 2.38446
Epoch [45] Testing Class Recall: [0.949,0.881,0.824,0.553,0.229,0.004,0.354,0.011,0.052,0.000]
Epoch [46] Training Results: Prec@1 84.995 Prec@5 98.457 Loss 0.93521
Epoch [46] Training Class Recall: [0.967,0.970,0.842,0.663,0.686,0.130,0.472,0.261,0.237,0.000]
Epoch [46] Testing Results: Prec@1 41.060 Prec@5 83.570 Loss 2.20655
Epoch [46] Testing Class Recall: [0.956,0.966,0.726,0.529,0.449,0.097,0.229,0.055,0.099,0.000]
Epoch [47] Training Results: Prec@1 84.903 Prec@5 98.618 Loss 0.95850
Epoch [47] Training Class Recall: [0.965,0.969,0.864,0.627,0.654,0.161,0.446,0.250,0.303,0.000]
Epoch [47] Testing Results: Prec@1 43.360 Prec@5 84.980 Loss 2.16241
Epoch [47] Testing Class Recall: [0.952,0.969,0.684,0.553,0.517,0.079,0.431,0.091,0.060,0.000]
Epoch [48] Training Results: Prec@1 85.778 Prec@5 98.491 Loss 0.92839
Epoch [48] Training Class Recall: [0.968,0.972,0.832,0.721,0.689,0.188,0.539,0.239,0.276,0.029]
Epoch [48] Testing Results: Prec@1 50.630 Prec@5 86.730 Loss 1.80648
Epoch [48] Testing Class Recall: [0.951,0.981,0.746,0.586,0.639,0.208,0.460,0.399,0.093,0.000]
Epoch [49] Training Results: Prec@1 86.193 Prec@5 98.561 Loss 0.89462
Epoch [49] Training Class Recall: [0.969,0.974,0.855,0.693,0.751,0.157,0.446,0.386,0.197,0.029]
Epoch [49] Testing Results: Prec@1 46.220 Prec@5 82.570 Loss 2.00821
Epoch [49] Testing Class Recall: [0.888,0.986,0.876,0.441,0.499,0.073,0.611,0.025,0.221,0.002]
Epoch [50] Training Results: Prec@1 86.412 Prec@5 98.779 Loss 0.89869
Epoch [50] Training Class Recall: [0.964,0.971,0.871,0.710,0.691,0.260,0.466,0.295,0.342,0.029]
Epoch [50] Testing Results: Prec@1 47.200 Prec@5 86.180 Loss 1.99575
Epoch [50] Testing Class Recall: [0.986,0.939,0.697,0.618,0.546,0.126,0.425,0.361,0.013,0.009]
Epoch [51] Training Results: Prec@1 86.953 Prec@5 98.848 Loss 0.90750
Epoch [51] Training Class Recall: [0.965,0.972,0.868,0.740,0.722,0.327,0.404,0.375,0.316,0.057]
Epoch [51] Testing Results: Prec@1 53.120 Prec@5 87.700 Loss 1.50486
Epoch [51] Testing Class Recall: [0.897,0.907,0.796,0.672,0.605,0.307,0.229,0.366,0.271,0.262]
Epoch [52] Training Results: Prec@1 86.654 Prec@5 98.837 Loss 0.92542
Epoch [52] Training Class Recall: [0.969,0.974,0.863,0.706,0.709,0.305,0.451,0.250,0.368,0.171]
Epoch [52] Testing Results: Prec@1 43.000 Prec@5 86.060 Loss 1.96638
Epoch [52] Testing Class Recall: [0.968,0.951,0.728,0.510,0.480,0.142,0.281,0.055,0.155,0.030]
Epoch [53] Training Results: Prec@1 86.769 Prec@5 98.572 Loss 0.88891
Epoch [53] Training Class Recall: [0.967,0.974,0.863,0.710,0.739,0.296,0.477,0.239,0.303,0.143]
Epoch [53] Testing Results: Prec@1 42.430 Prec@5 85.870 Loss 2.15420
Epoch [53] Testing Class Recall: [0.946,0.946,0.697,0.588,0.463,0.251,0.149,0.127,0.070,0.006]
Epoch [54] Training Results: Prec@1 86.458 Prec@5 98.952 Loss 0.92485
Epoch [54] Training Class Recall: [0.973,0.974,0.858,0.693,0.726,0.256,0.373,0.330,0.329,0.143]
Epoch [54] Testing Results: Prec@1 49.410 Prec@5 89.160 Loss 1.67447
Epoch [54] Testing Class Recall: [0.967,0.910,0.667,0.704,0.509,0.265,0.438,0.240,0.136,0.105]
Epoch [55] Training Results: Prec@1 86.838 Prec@5 98.814 Loss 0.88003
Epoch [55] Training Class Recall: [0.972,0.974,0.878,0.686,0.724,0.238,0.435,0.318,0.421,0.057]
Epoch [55] Testing Results: Prec@1 44.420 Prec@5 85.090 Loss 2.03246
Epoch [55] Testing Class Recall: [0.969,0.966,0.729,0.663,0.465,0.076,0.391,0.139,0.043,0.001]
Epoch [56] Training Results: Prec@1 86.918 Prec@5 98.722 Loss 0.87753
Epoch [56] Training Class Recall: [0.964,0.968,0.873,0.731,0.744,0.256,0.461,0.318,0.355,0.114]
Epoch [56] Testing Results: Prec@1 47.680 Prec@5 82.680 Loss 1.90635
Epoch [56] Testing Class Recall: [0.904,0.975,0.855,0.514,0.546,0.328,0.409,0.155,0.082,0.000]
Epoch [57] Training Results: Prec@1 87.678 Prec@5 98.987 Loss 0.86927
Epoch [57] Training Class Recall: [0.969,0.968,0.889,0.755,0.751,0.251,0.503,0.273,0.329,0.143]
Epoch [57] Testing Results: Prec@1 46.200 Prec@5 84.200 Loss 2.13737
Epoch [57] Testing Class Recall: [0.966,0.984,0.611,0.623,0.486,0.301,0.262,0.357,0.016,0.014]
Epoch [58] Training Results: Prec@1 86.895 Prec@5 98.779 Loss 0.94696
Epoch [58] Training Class Recall: [0.971,0.975,0.878,0.701,0.698,0.242,0.482,0.364,0.368,0.000]
Epoch [58] Testing Results: Prec@1 49.400 Prec@5 83.250 Loss 1.84093
Epoch [58] Testing Class Recall: [0.944,0.925,0.782,0.644,0.562,0.010,0.673,0.161,0.227,0.012]
Epoch [59] Training Results: Prec@1 87.886 Prec@5 98.918 Loss 0.87768
Epoch [59] Training Class Recall: [0.973,0.979,0.855,0.740,0.788,0.305,0.523,0.364,0.421,0.114]
Epoch [59] Testing Results: Prec@1 53.730 Prec@5 87.700 Loss 1.61972
Epoch [59] Testing Class Recall: [0.945,0.969,0.784,0.698,0.558,0.325,0.531,0.321,0.129,0.113]
Epoch [60] Training Results: Prec@1 88.277 Prec@5 98.825 Loss 0.95378
Epoch [60] Training Class Recall: [0.978,0.980,0.869,0.767,0.751,0.256,0.523,0.364,0.461,0.143]
Epoch [60] Testing Results: Prec@1 52.630 Prec@5 86.510 Loss 1.65148
Epoch [60] Testing Class Recall: [0.928,0.984,0.714,0.608,0.845,0.231,0.392,0.313,0.188,0.060]
Epoch [61] Training Results: Prec@1 88.151 Prec@5 99.033 Loss 0.87760
Epoch [61] Training Class Recall: [0.975,0.975,0.884,0.734,0.755,0.323,0.534,0.386,0.303,0.200]
Epoch [61] Testing Results: Prec@1 54.010 Prec@5 87.880 Loss 1.64434
Epoch [61] Testing Class Recall: [0.873,0.987,0.829,0.740,0.593,0.063,0.480,0.484,0.328,0.024]
Epoch [62] Training Results: Prec@1 88.358 Prec@5 98.975 Loss 0.86778
Epoch [62] Training Class Recall: [0.967,0.975,0.870,0.771,0.793,0.345,0.560,0.375,0.382,0.200]
Epoch [62] Testing Results: Prec@1 51.300 Prec@5 85.210 Loss 1.75506
Epoch [62] Testing Class Recall: [0.894,0.975,0.775,0.774,0.606,0.310,0.342,0.207,0.189,0.058]
Epoch [63] Training Results: Prec@1 88.012 Prec@5 99.056 Loss 0.94809
Epoch [63] Training Class Recall: [0.970,0.975,0.873,0.746,0.773,0.341,0.430,0.375,0.474,0.314]
Epoch [63] Testing Results: Prec@1 44.130 Prec@5 86.320 Loss 2.11431
Epoch [63] Testing Class Recall: [0.983,0.933,0.735,0.376,0.568,0.163,0.422,0.167,0.035,0.031]
Epoch [64] Training Results: Prec@1 88.335 Prec@5 99.033 Loss 0.90744
Epoch [64] Training Class Recall: [0.971,0.978,0.886,0.750,0.742,0.332,0.549,0.511,0.329,0.086]
Epoch [64] Testing Results: Prec@1 50.330 Prec@5 88.330 Loss 1.68073
Epoch [64] Testing Class Recall: [0.962,0.974,0.729,0.612,0.588,0.275,0.146,0.278,0.137,0.332]
Epoch [65] Training Results: Prec@1 88.243 Prec@5 99.090 Loss 0.91040
Epoch [65] Training Class Recall: [0.975,0.978,0.860,0.731,0.775,0.430,0.554,0.295,0.421,0.257]
Epoch [65] Testing Results: Prec@1 42.490 Prec@5 84.010 Loss 2.12918
Epoch [65] Testing Class Recall: [0.929,0.956,0.847,0.508,0.494,0.286,0.131,0.031,0.054,0.013]
Epoch [66] Training Results: Prec@1 88.139 Prec@5 98.975 Loss 0.83615
Epoch [66] Training Class Recall: [0.972,0.973,0.879,0.751,0.766,0.323,0.503,0.375,0.408,0.171]
Epoch [66] Testing Results: Prec@1 45.010 Prec@5 85.830 Loss 2.15340
Epoch [66] Testing Class Recall: [0.927,0.974,0.903,0.368,0.419,0.171,0.420,0.168,0.118,0.033]
Epoch [67] Training Results: Prec@1 88.991 Prec@5 99.102 Loss 0.90482
Epoch [67] Training Class Recall: [0.970,0.982,0.886,0.767,0.771,0.404,0.622,0.375,0.355,0.200]
Epoch [67] Testing Results: Prec@1 42.160 Prec@5 83.700 Loss 2.22650
Epoch [67] Testing Class Recall: [0.986,0.958,0.619,0.462,0.509,0.089,0.355,0.155,0.081,0.002]
Epoch [68] Training Results: Prec@1 89.659 Prec@5 99.079 Loss 0.89137
Epoch [68] Training Class Recall: [0.974,0.982,0.886,0.796,0.817,0.377,0.591,0.398,0.447,0.200]
Epoch [68] Testing Results: Prec@1 49.430 Prec@5 84.720 Loss 1.84404
Epoch [68] Testing Class Recall: [0.931,0.983,0.785,0.569,0.778,0.201,0.279,0.221,0.142,0.054]
Epoch [69] Training Results: Prec@1 88.772 Prec@5 99.090 Loss 0.85216
Epoch [69] Training Class Recall: [0.969,0.974,0.889,0.772,0.793,0.345,0.503,0.523,0.382,0.171]
Epoch [69] Testing Results: Prec@1 53.190 Prec@5 85.570 Loss 1.74342
Epoch [69] Testing Class Recall: [0.969,0.986,0.576,0.704,0.775,0.089,0.666,0.076,0.331,0.147]
Epoch [70] Training Results: Prec@1 88.611 Prec@5 99.275 Loss 0.87081
Epoch [70] Training Class Recall: [0.973,0.980,0.871,0.767,0.755,0.390,0.513,0.398,0.421,0.457]
Epoch [70] Testing Results: Prec@1 45.250 Prec@5 80.890 Loss 2.10637
Epoch [70] Testing Class Recall: [0.949,0.949,0.739,0.418,0.850,0.203,0.190,0.002,0.213,0.012]
Epoch [71] Training Results: Prec@1 89.279 Prec@5 98.964 Loss 0.91034
Epoch [71] Training Class Recall: [0.973,0.979,0.871,0.814,0.817,0.413,0.528,0.295,0.421,0.200]
Epoch [71] Testing Results: Prec@1 53.530 Prec@5 89.540 Loss 1.53169
Epoch [71] Testing Class Recall: [0.952,0.967,0.681,0.547,0.705,0.228,0.398,0.151,0.304,0.420]
Epoch [72] Training Results: Prec@1 89.406 Prec@5 99.056 Loss 0.86107
Epoch [72] Training Class Recall: [0.969,0.979,0.892,0.788,0.819,0.372,0.580,0.409,0.355,0.314]
Epoch [72] Testing Results: Prec@1 49.790 Prec@5 85.400 Loss 1.97826
Epoch [72] Testing Class Recall: [0.979,0.962,0.698,0.567,0.624,0.325,0.458,0.295,0.060,0.011]
Epoch [73] Training Results: Prec@1 89.590 Prec@5 99.159 Loss 0.88816
Epoch [73] Training Class Recall: [0.969,0.978,0.895,0.798,0.826,0.399,0.585,0.341,0.329,0.343]
Epoch [73] Testing Results: Prec@1 43.570 Prec@5 84.510 Loss 2.26275
Epoch [73] Testing Class Recall: [0.997,0.854,0.604,0.513,0.617,0.232,0.417,0.086,0.036,0.001]
Epoch [74] Training Results: Prec@1 89.279 Prec@5 99.286 Loss 0.86942
Epoch [74] Training Class Recall: [0.968,0.977,0.884,0.802,0.795,0.426,0.611,0.375,0.342,0.229]
Epoch [74] Testing Results: Prec@1 50.590 Prec@5 85.060 Loss 1.82611
Epoch [74] Testing Class Recall: [0.969,0.990,0.673,0.757,0.585,0.231,0.312,0.433,0.102,0.007]
Epoch [75] Training Results: Prec@1 89.567 Prec@5 99.182 Loss 0.91123
Epoch [75] Training Class Recall: [0.975,0.980,0.899,0.771,0.814,0.386,0.565,0.364,0.395,0.257]
Epoch [75] Testing Results: Prec@1 50.790 Prec@5 84.950 Loss 1.71045
Epoch [75] Testing Class Recall: [0.958,0.950,0.788,0.558,0.483,0.510,0.060,0.307,0.056,0.409]
Epoch [76] Training Results: Prec@1 89.648 Prec@5 99.205 Loss 0.89617
Epoch [76] Training Class Recall: [0.969,0.973,0.913,0.801,0.810,0.381,0.591,0.352,0.316,0.314]
Epoch [76] Testing Results: Prec@1 47.720 Prec@5 83.460 Loss 1.94521
Epoch [76] Testing Class Recall: [0.965,0.987,0.613,0.646,0.801,0.136,0.389,0.134,0.076,0.025]
Epoch [77] Training Results: Prec@1 89.947 Prec@5 99.309 Loss 0.83877
Epoch [77] Training Class Recall: [0.970,0.977,0.902,0.825,0.812,0.404,0.544,0.386,0.500,0.200]
Epoch [77] Testing Results: Prec@1 51.450 Prec@5 88.490 Loss 1.64280
Epoch [77] Testing Class Recall: [0.888,0.958,0.845,0.732,0.419,0.118,0.485,0.257,0.188,0.255]
Epoch [78] Training Results: Prec@1 89.751 Prec@5 99.148 Loss 0.88438
Epoch [78] Training Class Recall: [0.970,0.978,0.897,0.802,0.815,0.413,0.575,0.420,0.382,0.314]
Epoch [78] Testing Results: Prec@1 46.240 Prec@5 83.970 Loss 1.94847
Epoch [78] Testing Class Recall: [0.955,0.982,0.753,0.416,0.447,0.468,0.201,0.362,0.018,0.022]
Epoch [79] Training Results: Prec@1 89.256 Prec@5 99.148 Loss 0.86859
Epoch [79] Training Class Recall: [0.970,0.978,0.886,0.800,0.797,0.422,0.539,0.352,0.434,0.229]
Epoch [79] Testing Results: Prec@1 53.600 Prec@5 86.760 Loss 1.66856
Epoch [79] Testing Class Recall: [0.817,0.984,0.838,0.682,0.709,0.247,0.541,0.335,0.169,0.038]
Epoch [80] Training Results: Prec@1 90.362 Prec@5 99.344 Loss 0.81888
Epoch [80] Training Class Recall: [0.969,0.983,0.915,0.813,0.837,0.404,0.528,0.489,0.447,0.314]
Epoch [80] Testing Results: Prec@1 52.330 Prec@5 86.600 Loss 1.79343
Epoch [80] Testing Class Recall: [0.943,0.961,0.782,0.734,0.634,0.248,0.552,0.252,0.060,0.067]
Epoch [81] Training Results: Prec@1 90.028 Prec@5 99.228 Loss 0.84399
Epoch [81] Training Class Recall: [0.967,0.979,0.898,0.823,0.823,0.422,0.596,0.545,0.289,0.286]
Epoch [81] Testing Results: Prec@1 54.510 Prec@5 88.100 Loss 1.59946
Epoch [81] Testing Class Recall: [0.967,0.986,0.699,0.678,0.760,0.246,0.298,0.326,0.277,0.214]
Epoch [82] Training Results: Prec@1 90.085 Prec@5 99.228 Loss 0.88830
Epoch [82] Training Class Recall: [0.969,0.980,0.906,0.810,0.808,0.484,0.560,0.534,0.250,0.371]
Epoch [82] Testing Results: Prec@1 49.530 Prec@5 83.270 Loss 1.93153
Epoch [82] Testing Class Recall: [0.913,0.987,0.863,0.483,0.592,0.157,0.678,0.097,0.169,0.014]
Epoch [83] Training Results: Prec@1 90.062 Prec@5 99.286 Loss 0.88651
Epoch [83] Training Class Recall: [0.976,0.982,0.909,0.784,0.795,0.453,0.585,0.409,0.355,0.286]
Epoch [83] Testing Results: Prec@1 49.660 Prec@5 88.010 Loss 1.69694
Epoch [83] Testing Class Recall: [0.972,0.980,0.740,0.507,0.329,0.527,0.348,0.226,0.213,0.124]
Epoch [84] Training Results: Prec@1 90.143 Prec@5 99.240 Loss 0.87384
Epoch [84] Training Class Recall: [0.981,0.980,0.911,0.794,0.788,0.377,0.596,0.443,0.355,0.286]
Epoch [84] Testing Results: Prec@1 55.490 Prec@5 90.990 Loss 1.50867
Epoch [84] Testing Class Recall: [0.860,0.994,0.832,0.679,0.651,0.219,0.445,0.356,0.265,0.248]
Epoch [85] Training Results: Prec@1 90.292 Prec@5 99.378 Loss 0.86411
Epoch [85] Training Class Recall: [0.969,0.977,0.904,0.829,0.828,0.417,0.565,0.568,0.382,0.429]
Epoch [85] Testing Results: Prec@1 45.710 Prec@5 83.880 Loss 2.25699
Epoch [85] Testing Class Recall: [0.975,0.986,0.554,0.681,0.552,0.142,0.372,0.289,0.013,0.007]
Epoch [86] Training Results: Prec@1 90.292 Prec@5 99.263 Loss 0.86544
Epoch [86] Training Class Recall: [0.968,0.985,0.927,0.802,0.782,0.404,0.596,0.511,0.434,0.257]
Epoch [86] Testing Results: Prec@1 50.870 Prec@5 84.020 Loss 1.86875
Epoch [86] Testing Class Recall: [0.863,0.993,0.598,0.835,0.718,0.191,0.445,0.361,0.067,0.016]
Epoch [87] Training Results: Prec@1 90.742 Prec@5 99.344 Loss 0.84500
Epoch [87] Training Class Recall: [0.974,0.982,0.917,0.794,0.826,0.453,0.648,0.534,0.408,0.286]
Epoch [87] Testing Results: Prec@1 55.400 Prec@5 88.170 Loss 1.63710
Epoch [87] Testing Class Recall: [0.963,0.965,0.763,0.632,0.736,0.232,0.593,0.448,0.138,0.070]
Epoch [88] Training Results: Prec@1 90.477 Prec@5 99.482 Loss 0.86644
Epoch [88] Training Class Recall: [0.970,0.982,0.906,0.793,0.841,0.417,0.694,0.330,0.566,0.371]
Epoch [88] Testing Results: Prec@1 50.550 Prec@5 85.140 Loss 1.84050
Epoch [88] Testing Class Recall: [0.867,0.966,0.843,0.716,0.344,0.368,0.480,0.256,0.067,0.148]
Epoch [89] Training Results: Prec@1 90.684 Prec@5 99.378 Loss 0.87520
Epoch [89] Training Class Recall: [0.977,0.976,0.897,0.816,0.814,0.480,0.720,0.545,0.421,0.257]
Epoch [89] Testing Results: Prec@1 49.660 Prec@5 88.000 Loss 1.89253
Epoch [89] Testing Class Recall: [0.947,0.988,0.804,0.480,0.561,0.250,0.289,0.307,0.170,0.170]
Epoch [90] Training Results: Prec@1 90.431 Prec@5 99.275 Loss 0.86297
Epoch [90] Training Class Recall: [0.976,0.970,0.915,0.793,0.815,0.462,0.632,0.386,0.566,0.400]
Epoch [90] Testing Results: Prec@1 48.450 Prec@5 80.350 Loss 2.15625
Epoch [90] Testing Class Recall: [0.931,0.988,0.858,0.702,0.548,0.341,0.094,0.351,0.031,0.001]
Epoch [91] Training Results: Prec@1 90.765 Prec@5 99.298 Loss 0.87761
Epoch [91] Training Class Recall: [0.979,0.983,0.906,0.806,0.845,0.439,0.591,0.477,0.434,0.286]
Epoch [91] Testing Results: Prec@1 46.640 Prec@5 89.330 Loss 1.94046
Epoch [91] Testing Class Recall: [0.977,0.987,0.704,0.600,0.471,0.118,0.386,0.317,0.042,0.062]
Epoch [92] Training Results: Prec@1 90.603 Prec@5 99.367 Loss 0.81973
Epoch [92] Training Class Recall: [0.982,0.977,0.914,0.783,0.821,0.484,0.585,0.477,0.395,0.286]
Epoch [92] Testing Results: Prec@1 49.700 Prec@5 87.880 Loss 1.79181
Epoch [92] Testing Class Recall: [0.900,0.994,0.821,0.770,0.378,0.312,0.220,0.376,0.047,0.152]
Epoch [93] Training Results: Prec@1 91.064 Prec@5 99.574 Loss 0.89580
Epoch [93] Training Class Recall: [0.978,0.974,0.920,0.813,0.845,0.439,0.627,0.534,0.474,0.343]
Epoch [93] Testing Results: Prec@1 52.120 Prec@5 86.540 Loss 1.78324
Epoch [93] Testing Class Recall: [0.976,0.960,0.617,0.611,0.832,0.346,0.348,0.446,0.041,0.035]
Epoch [94] Training Results: Prec@1 91.087 Prec@5 99.378 Loss 0.86464
Epoch [94] Training Class Recall: [0.978,0.977,0.912,0.810,0.856,0.489,0.642,0.432,0.513,0.343]
Epoch [94] Testing Results: Prec@1 54.280 Prec@5 83.790 Loss 1.62838
Epoch [94] Testing Class Recall: [0.806,0.988,0.877,0.756,0.493,0.531,0.412,0.240,0.187,0.138]
Epoch [95] Training Results: Prec@1 91.029 Prec@5 99.447 Loss 0.82976
Epoch [95] Training Class Recall: [0.970,0.982,0.915,0.831,0.857,0.457,0.622,0.443,0.513,0.286]
Epoch [95] Testing Results: Prec@1 55.860 Prec@5 87.150 Loss 1.64679
Epoch [95] Testing Class Recall: [0.930,0.993,0.757,0.748,0.622,0.350,0.631,0.309,0.180,0.066]
Epoch [96] Training Results: Prec@1 91.409 Prec@5 99.401 Loss 0.89038
Epoch [96] Training Class Recall: [0.976,0.988,0.915,0.818,0.846,0.538,0.580,0.545,0.447,0.429]
Epoch [96] Testing Results: Prec@1 49.330 Prec@5 83.590 Loss 2.04865
Epoch [96] Testing Class Recall: [0.860,0.988,0.910,0.474,0.690,0.131,0.496,0.201,0.180,0.003]
Epoch [97] Training Results: Prec@1 91.386 Prec@5 99.194 Loss 0.85947
Epoch [97] Training Class Recall: [0.977,0.980,0.914,0.821,0.848,0.502,0.642,0.614,0.513,0.229]
Epoch [97] Testing Results: Prec@1 55.200 Prec@5 90.950 Loss 1.52563
Epoch [97] Testing Class Recall: [0.949,0.970,0.707,0.460,0.557,0.453,0.585,0.136,0.444,0.259]
Epoch [98] Training Results: Prec@1 90.822 Prec@5 99.286 Loss 0.86323
Epoch [98] Training Class Recall: [0.976,0.983,0.900,0.818,0.819,0.516,0.653,0.489,0.382,0.371]
Epoch [98] Testing Results: Prec@1 49.550 Prec@5 89.120 Loss 1.87127
Epoch [98] Testing Class Recall: [0.965,0.936,0.803,0.569,0.491,0.145,0.309,0.346,0.123,0.268]
Epoch [99] Training Results: Prec@1 90.891 Prec@5 99.401 Loss 0.87055
Epoch [99] Training Class Recall: [0.975,0.979,0.899,0.842,0.848,0.417,0.617,0.545,0.447,0.429]
Epoch [99] Testing Results: Prec@1 50.890 Prec@5 86.070 Loss 1.91167
Epoch [99] Testing Class Recall: [0.925,0.991,0.794,0.641,0.549,0.295,0.439,0.350,0.098,0.007]
Epoch [100] Training Results: Prec@1 90.880 Prec@5 99.424 Loss 0.90441
Epoch [100] Training Class Recall: [0.979,0.980,0.902,0.814,0.863,0.408,0.601,0.523,0.500,0.314]
Epoch [100] Testing Results: Prec@1 56.190 Prec@5 91.100 Loss 1.45291
Epoch [100] Testing Class Recall: [0.979,0.947,0.752,0.476,0.600,0.448,0.300,0.464,0.129,0.524]
Epoch [101] Training Results: Prec@1 91.260 Prec@5 99.470 Loss 0.91146
Epoch [101] Training Class Recall: [0.979,0.981,0.904,0.838,0.857,0.435,0.642,0.477,0.579,0.286]
Epoch [101] Testing Results: Prec@1 53.670 Prec@5 88.770 Loss 1.58093
Epoch [101] Testing Class Recall: [0.952,0.974,0.527,0.676,0.479,0.383,0.589,0.493,0.097,0.197]
Epoch [102] Training Results: Prec@1 91.133 Prec@5 99.424 Loss 0.81405
Epoch [102] Training Class Recall: [0.977,0.985,0.884,0.831,0.878,0.489,0.658,0.420,0.605,0.286]
Epoch [102] Testing Results: Prec@1 47.900 Prec@5 78.590 Loss 2.33598
Epoch [102] Testing Class Recall: [0.833,0.954,0.894,0.773,0.381,0.045,0.575,0.191,0.144,0.000]
Epoch [103] Training Results: Prec@1 90.396 Prec@5 99.401 Loss 0.84997
Epoch [103] Training Class Recall: [0.983,0.976,0.889,0.816,0.779,0.493,0.637,0.466,0.513,0.314]
Epoch [103] Testing Results: Prec@1 55.890 Prec@5 88.300 Loss 1.69165
Epoch [103] Testing Class Recall: [0.950,0.957,0.821,0.721,0.626,0.348,0.581,0.376,0.142,0.067]
Epoch [104] Training Results: Prec@1 90.914 Prec@5 99.355 Loss 0.88482
Epoch [104] Training Class Recall: [0.979,0.983,0.905,0.825,0.792,0.529,0.637,0.477,0.447,0.257]
Epoch [104] Testing Results: Prec@1 49.710 Prec@5 88.440 Loss 1.83646
Epoch [104] Testing Class Recall: [0.956,0.965,0.794,0.617,0.482,0.199,0.425,0.407,0.110,0.016]
Epoch [105] Training Results: Prec@1 91.260 Prec@5 99.390 Loss 0.80663
Epoch [105] Training Class Recall: [0.978,0.980,0.905,0.839,0.837,0.511,0.637,0.489,0.539,0.229]
Epoch [105] Testing Results: Prec@1 45.080 Prec@5 88.170 Loss 2.05747
Epoch [105] Testing Class Recall: [0.998,0.850,0.491,0.337,0.667,0.245,0.540,0.159,0.095,0.126]
Epoch [106] Training Results: Prec@1 90.903 Prec@5 99.401 Loss 0.86086
Epoch [106] Training Class Recall: [0.981,0.979,0.917,0.776,0.868,0.462,0.575,0.455,0.513,0.314]
Epoch [106] Testing Results: Prec@1 55.610 Prec@5 88.720 Loss 1.51841
Epoch [106] Testing Class Recall: [0.956,0.937,0.846,0.604,0.391,0.618,0.374,0.341,0.200,0.294]
Epoch [107] Training Results: Prec@1 91.663 Prec@5 99.539 Loss 0.85686
Epoch [107] Training Class Recall: [0.984,0.986,0.913,0.800,0.887,0.529,0.596,0.545,0.474,0.171]
Epoch [107] Testing Results: Prec@1 49.860 Prec@5 88.350 Loss 1.69077
Epoch [107] Testing Class Recall: [0.977,0.961,0.708,0.592,0.559,0.222,0.403,0.111,0.257,0.196]
Epoch [108] Training Results: Prec@1 91.709 Prec@5 99.413 Loss 0.86057
Epoch [108] Training Class Recall: [0.980,0.978,0.913,0.842,0.843,0.556,0.622,0.557,0.526,0.400]
Epoch [108] Testing Results: Prec@1 61.300 Prec@5 90.380 Loss 1.39807
Epoch [108] Testing Class Recall: [0.952,0.982,0.734,0.785,0.736,0.391,0.567,0.399,0.374,0.210]
Epoch [109] Training Results: Prec@1 91.409 Prec@5 99.482 Loss 0.83212
Epoch [109] Training Class Recall: [0.982,0.982,0.912,0.814,0.845,0.475,0.679,0.523,0.500,0.286]
Epoch [109] Testing Results: Prec@1 59.630 Prec@5 89.170 Loss 1.43118
Epoch [109] Testing Class Recall: [0.930,0.987,0.814,0.752,0.580,0.464,0.624,0.341,0.190,0.281]
Epoch [110] Training Results: Prec@1 92.400 Prec@5 99.574 Loss 0.84612
Epoch [110] Training Class Recall: [0.978,0.986,0.922,0.858,0.856,0.556,0.684,0.545,0.618,0.400]
Epoch [110] Testing Results: Prec@1 49.330 Prec@5 90.820 Loss 1.71386
Epoch [110] Testing Class Recall: [0.956,0.972,0.669,0.328,0.359,0.379,0.404,0.294,0.132,0.440]
Epoch [111] Training Results: Prec@1 91.617 Prec@5 99.447 Loss 0.82569
Epoch [111] Training Class Recall: [0.973,0.982,0.915,0.835,0.879,0.484,0.658,0.534,0.526,0.400]
Epoch [111] Testing Results: Prec@1 46.810 Prec@5 86.390 Loss 1.98919
Epoch [111] Testing Class Recall: [0.898,0.980,0.862,0.539,0.482,0.159,0.246,0.130,0.254,0.131]
Epoch [112] Training Results: Prec@1 91.156 Prec@5 99.585 Loss 0.82880
Epoch [112] Training Class Recall: [0.975,0.988,0.903,0.812,0.865,0.484,0.606,0.534,0.513,0.400]
Epoch [112] Testing Results: Prec@1 53.000 Prec@5 85.860 Loss 1.91311
Epoch [112] Testing Class Recall: [0.990,0.951,0.779,0.348,0.649,0.455,0.660,0.402,0.063,0.003]
Epoch [113] Training Results: Prec@1 91.928 Prec@5 99.539 Loss 0.83277
Epoch [113] Training Class Recall: [0.979,0.982,0.908,0.838,0.870,0.547,0.689,0.580,0.526,0.371]
Epoch [113] Testing Results: Prec@1 54.110 Prec@5 86.580 Loss 1.73086
Epoch [113] Testing Class Recall: [0.884,0.992,0.880,0.618,0.548,0.285,0.641,0.141,0.366,0.056]
Epoch [114] Training Results: Prec@1 92.020 Prec@5 99.505 Loss 0.84086
Epoch [114] Training Class Recall: [0.973,0.989,0.906,0.842,0.876,0.552,0.725,0.557,0.592,0.371]
Epoch [114] Testing Results: Prec@1 56.600 Prec@5 89.900 Loss 1.53092
Epoch [114] Testing Class Recall: [0.912,0.978,0.759,0.624,0.710,0.343,0.454,0.479,0.260,0.141]
Epoch [115] Training Results: Prec@1 91.778 Prec@5 99.562 Loss 0.82065
Epoch [115] Training Class Recall: [0.974,0.983,0.914,0.847,0.846,0.561,0.663,0.545,0.566,0.314]
Epoch [115] Testing Results: Prec@1 52.910 Prec@5 84.930 Loss 1.74074
Epoch [115] Testing Class Recall: [0.950,0.990,0.738,0.766,0.713,0.280,0.260,0.240,0.198,0.156]
Epoch [116] Training Results: Prec@1 92.181 Prec@5 99.516 Loss 0.86774
Epoch [116] Training Class Recall: [0.984,0.980,0.918,0.829,0.870,0.529,0.710,0.466,0.605,0.486]
Epoch [116] Testing Results: Prec@1 44.490 Prec@5 86.160 Loss 2.07246
Epoch [116] Testing Class Recall: [0.983,0.901,0.691,0.420,0.508,0.121,0.337,0.066,0.323,0.099]
Epoch [117] Training Results: Prec@1 92.250 Prec@5 99.493 Loss 0.82792
Epoch [117] Training Class Recall: [0.980,0.987,0.919,0.845,0.890,0.498,0.663,0.500,0.579,0.371]
Epoch [117] Testing Results: Prec@1 47.380 Prec@5 82.060 Loss 1.97997
Epoch [117] Testing Class Recall: [0.710,0.974,0.944,0.766,0.297,0.034,0.471,0.251,0.150,0.141]
Epoch [118] Training Results: Prec@1 91.594 Prec@5 99.470 Loss 0.83527
Epoch [118] Training Class Recall: [0.973,0.980,0.912,0.848,0.846,0.457,0.741,0.545,0.566,0.457]
Epoch [118] Testing Results: Prec@1 54.620 Prec@5 88.370 Loss 1.59135
Epoch [118] Testing Class Recall: [0.960,0.961,0.749,0.700,0.542,0.372,0.564,0.179,0.022,0.413]
Epoch [119] Training Results: Prec@1 92.100 Prec@5 99.643 Loss 0.82968
Epoch [119] Training Class Recall: [0.978,0.983,0.920,0.850,0.848,0.574,0.699,0.545,0.487,0.286]
Epoch [119] Testing Results: Prec@1 55.280 Prec@5 89.060 Loss 1.56590
Epoch [119] Testing Class Recall: [0.965,0.982,0.801,0.566,0.536,0.339,0.516,0.334,0.350,0.139]
Epoch [120] Training Results: Prec@1 92.100 Prec@5 99.608 Loss 0.79817
Epoch [120] Training Class Recall: [0.980,0.985,0.918,0.837,0.850,0.570,0.684,0.591,0.500,0.343]
Epoch [120] Testing Results: Prec@1 56.530 Prec@5 86.900 Loss 1.60675
Epoch [120] Testing Class Recall: [0.948,0.987,0.718,0.813,0.705,0.406,0.569,0.274,0.207,0.026]
Epoch [121] Training Results: Prec@1 91.697 Prec@5 99.585 Loss 0.81178
Epoch [121] Training Class Recall: [0.979,0.984,0.919,0.816,0.857,0.561,0.648,0.534,0.487,0.200]
Epoch [121] Testing Results: Prec@1 61.230 Prec@5 90.460 Loss 1.37147
Epoch [121] Testing Class Recall: [0.968,0.953,0.731,0.752,0.631,0.484,0.514,0.238,0.511,0.341]
Epoch [122] Training Results: Prec@1 92.250 Prec@5 99.551 Loss 0.84538
Epoch [122] Training Class Recall: [0.978,0.978,0.922,0.848,0.879,0.547,0.741,0.534,0.447,0.457]
Epoch [122] Testing Results: Prec@1 46.810 Prec@5 83.540 Loss 2.06997
Epoch [122] Testing Class Recall: [0.984,0.965,0.753,0.491,0.475,0.187,0.599,0.085,0.139,0.003]
Epoch [123] Training Results: Prec@1 92.688 Prec@5 99.701 Loss 0.83596
Epoch [123] Training Class Recall: [0.983,0.985,0.924,0.852,0.868,0.565,0.725,0.511,0.632,0.314]
Epoch [123] Testing Results: Prec@1 59.420 Prec@5 88.710 Loss 1.47335
Epoch [123] Testing Class Recall: [0.914,0.980,0.792,0.649,0.830,0.327,0.548,0.548,0.165,0.189]
Epoch [124] Training Results: Prec@1 91.928 Prec@5 99.516 Loss 0.83730
Epoch [124] Training Class Recall: [0.976,0.989,0.901,0.845,0.867,0.587,0.684,0.557,0.513,0.371]
Epoch [124] Testing Results: Prec@1 48.300 Prec@5 85.720 Loss 1.97842
Epoch [124] Testing Class Recall: [0.986,0.911,0.727,0.449,0.612,0.175,0.589,0.274,0.098,0.009]
Epoch [125] Training Results: Prec@1 92.561 Prec@5 99.562 Loss 0.83393
Epoch [125] Training Class Recall: [0.978,0.988,0.920,0.872,0.863,0.547,0.720,0.534,0.513,0.486]
Epoch [125] Testing Results: Prec@1 47.020 Prec@5 88.130 Loss 2.09345
Epoch [125] Testing Class Recall: [0.987,0.969,0.727,0.478,0.333,0.306,0.409,0.454,0.014,0.025]
Epoch [126] Training Results: Prec@1 92.480 Prec@5 99.608 Loss 0.82390
Epoch [126] Training Class Recall: [0.976,0.982,0.920,0.852,0.874,0.592,0.725,0.614,0.566,0.429]
Epoch [126] Testing Results: Prec@1 59.410 Prec@5 91.010 Loss 1.42018
Epoch [126] Testing Class Recall: [0.958,0.979,0.777,0.578,0.730,0.213,0.470,0.425,0.423,0.388]
Epoch [127] Training Results: Prec@1 92.354 Prec@5 99.770 Loss 0.87053
Epoch [127] Training Class Recall: [0.979,0.983,0.924,0.837,0.898,0.529,0.663,0.602,0.553,0.400]
Epoch [127] Testing Results: Prec@1 56.280 Prec@5 85.200 Loss 1.67244
Epoch [127] Testing Class Recall: [0.917,0.978,0.845,0.665,0.710,0.410,0.485,0.412,0.080,0.126]
Epoch [128] Training Results: Prec@1 92.722 Prec@5 99.620 Loss 0.83458
Epoch [128] Training Class Recall: [0.980,0.986,0.936,0.855,0.878,0.493,0.699,0.568,0.592,0.400]
Epoch [128] Testing Results: Prec@1 56.440 Prec@5 88.620 Loss 1.57496
Epoch [128] Testing Class Recall: [0.893,0.989,0.850,0.623,0.563,0.443,0.407,0.517,0.160,0.199]
Epoch [129] Training Results: Prec@1 92.665 Prec@5 99.551 Loss 0.80981
Epoch [129] Training Class Recall: [0.969,0.985,0.930,0.856,0.912,0.538,0.710,0.682,0.579,0.429]
Epoch [129] Testing Results: Prec@1 44.210 Prec@5 88.600 Loss 2.23410
Epoch [129] Testing Class Recall: [0.973,0.967,0.665,0.466,0.540,0.085,0.503,0.159,0.050,0.013]
Epoch [130] Training Results: Prec@1 92.780 Prec@5 99.574 Loss 0.82050
Epoch [130] Training Class Recall: [0.980,0.983,0.919,0.875,0.887,0.565,0.710,0.580,0.526,0.514]
Epoch [130] Testing Results: Prec@1 52.710 Prec@5 89.930 Loss 1.67531
Epoch [130] Testing Class Recall: [0.936,0.983,0.789,0.668,0.350,0.295,0.432,0.217,0.265,0.336]
Epoch [131] Training Results: Prec@1 92.457 Prec@5 99.539 Loss 0.86395
Epoch [131] Training Class Recall: [0.977,0.984,0.928,0.834,0.899,0.583,0.637,0.568,0.553,0.457]
Epoch [131] Testing Results: Prec@1 58.200 Prec@5 89.960 Loss 1.48205
Epoch [131] Testing Class Recall: [0.980,0.978,0.793,0.680,0.575,0.379,0.607,0.282,0.302,0.244]
Epoch [132] Training Results: Prec@1 92.918 Prec@5 99.632 Loss 0.81298
Epoch [132] Training Class Recall: [0.983,0.985,0.929,0.860,0.872,0.565,0.715,0.682,0.553,0.257]
Epoch [132] Testing Results: Prec@1 48.040 Prec@5 85.580 Loss 1.99016
Epoch [132] Testing Class Recall: [0.962,0.992,0.695,0.726,0.522,0.277,0.292,0.140,0.105,0.093]
Epoch [133] Training Results: Prec@1 93.310 Prec@5 99.585 Loss 0.83433
Epoch [133] Training Class Recall: [0.984,0.985,0.932,0.862,0.885,0.605,0.731,0.591,0.605,0.514]
Epoch [133] Testing Results: Prec@1 58.110 Prec@5 88.020 Loss 1.57810
Epoch [133] Testing Class Recall: [0.950,0.958,0.714,0.824,0.717,0.261,0.360,0.516,0.073,0.438]
Epoch [134] Training Results: Prec@1 92.780 Prec@5 99.436 Loss 0.83516
Epoch [134] Training Class Recall: [0.974,0.986,0.937,0.854,0.894,0.543,0.725,0.568,0.605,0.343]
Epoch [134] Testing Results: Prec@1 58.650 Prec@5 89.490 Loss 1.49718
Epoch [134] Testing Class Recall: [0.967,0.969,0.790,0.720,0.556,0.447,0.547,0.350,0.300,0.219]
Epoch [135] Training Results: Prec@1 92.860 Prec@5 99.632 Loss 0.83758
Epoch [135] Training Class Recall: [0.983,0.983,0.930,0.846,0.892,0.529,0.674,0.625,0.618,0.600]
Epoch [135] Testing Results: Prec@1 49.090 Prec@5 89.290 Loss 1.87158
Epoch [135] Testing Class Recall: [0.970,0.961,0.732,0.691,0.521,0.147,0.410,0.307,0.076,0.094]
Epoch [136] Training Results: Prec@1 92.837 Prec@5 99.597 Loss 0.80869
Epoch [136] Training Class Recall: [0.982,0.977,0.940,0.855,0.876,0.592,0.715,0.545,0.539,0.343]
Epoch [136] Testing Results: Prec@1 50.620 Prec@5 87.030 Loss 1.80475
Epoch [136] Testing Class Recall: [0.954,0.978,0.707,0.861,0.342,0.308,0.150,0.243,0.216,0.303]
Epoch [137] Training Results: Prec@1 92.745 Prec@5 99.516 Loss 0.81571
Epoch [137] Training Class Recall: [0.978,0.985,0.929,0.860,0.890,0.556,0.715,0.557,0.553,0.371]
Epoch [137] Testing Results: Prec@1 57.110 Prec@5 89.080 Loss 1.54063
Epoch [137] Testing Class Recall: [0.841,0.985,0.814,0.883,0.671,0.244,0.500,0.368,0.161,0.244]
Epoch [138] Training Results: Prec@1 92.538 Prec@5 99.493 Loss 0.85568
Epoch [138] Training Class Recall: [0.977,0.989,0.927,0.868,0.878,0.561,0.627,0.557,0.513,0.429]
Epoch [138] Testing Results: Prec@1 43.570 Prec@5 84.780 Loss 2.29644
Epoch [138] Testing Class Recall: [0.985,0.935,0.821,0.383,0.470,0.185,0.292,0.187,0.052,0.047]
Epoch [139] Training Results: Prec@1 93.194 Prec@5 99.562 Loss 0.84058
Epoch [139] Training Class Recall: [0.982,0.986,0.938,0.876,0.874,0.628,0.648,0.568,0.592,0.371]
Epoch [139] Testing Results: Prec@1 60.770 Prec@5 90.020 Loss 1.34338
Epoch [139] Testing Class Recall: [0.917,0.981,0.804,0.655,0.753,0.219,0.542,0.313,0.446,0.447]
Epoch [140] Training Results: Prec@1 92.918 Prec@5 99.551 Loss 0.86231
Epoch [140] Training Class Recall: [0.984,0.987,0.936,0.868,0.865,0.628,0.658,0.455,0.447,0.314]
Epoch [140] Testing Results: Prec@1 51.800 Prec@5 90.880 Loss 1.64003
Epoch [140] Testing Class Recall: [0.980,0.962,0.750,0.613,0.528,0.189,0.334,0.340,0.117,0.367]
Epoch [141] Training Results: Prec@1 92.745 Prec@5 99.678 Loss 0.79527
Epoch [141] Training Class Recall: [0.980,0.984,0.922,0.876,0.876,0.614,0.668,0.591,0.513,0.343]
Epoch [141] Testing Results: Prec@1 50.010 Prec@5 87.710 Loss 1.86636
Epoch [141] Testing Class Recall: [0.940,0.992,0.835,0.383,0.531,0.186,0.492,0.209,0.255,0.178]
Epoch [142] Training Results: Prec@1 92.273 Prec@5 99.551 Loss 0.82740
Epoch [142] Training Class Recall: [0.977,0.988,0.929,0.846,0.857,0.543,0.663,0.580,0.461,0.457]
Epoch [142] Testing Results: Prec@1 56.690 Prec@5 89.840 Loss 1.57014
Epoch [142] Testing Class Recall: [0.980,0.984,0.667,0.482,0.758,0.649,0.430,0.261,0.241,0.217]
Epoch [143] Training Results: Prec@1 93.217 Prec@5 99.643 Loss 0.79955
Epoch [143] Training Class Recall: [0.981,0.988,0.933,0.872,0.883,0.650,0.710,0.523,0.526,0.371]
Epoch [143] Testing Results: Prec@1 57.640 Prec@5 87.070 Loss 1.54963
Epoch [143] Testing Class Recall: [0.882,0.989,0.835,0.706,0.651,0.214,0.481,0.163,0.474,0.369]
Epoch [144] Training Results: Prec@1 92.895 Prec@5 99.655 Loss 0.86845
Epoch [144] Training Class Recall: [0.979,0.989,0.922,0.893,0.892,0.556,0.658,0.545,0.579,0.314]
Epoch [144] Testing Results: Prec@1 61.190 Prec@5 91.430 Loss 1.38094
Epoch [144] Testing Class Recall: [0.976,0.932,0.722,0.721,0.648,0.401,0.473,0.415,0.328,0.503]
Epoch [145] Training Results: Prec@1 93.782 Prec@5 99.585 Loss 0.82243
Epoch [145] Training Class Recall: [0.981,0.992,0.949,0.863,0.914,0.614,0.725,0.580,0.579,0.371]
Epoch [145] Testing Results: Prec@1 55.450 Prec@5 89.090 Loss 1.56717
Epoch [145] Testing Class Recall: [0.942,0.993,0.852,0.481,0.660,0.375,0.400,0.338,0.339,0.165]
Epoch [146] Training Results: Prec@1 92.619 Prec@5 99.632 Loss 0.85900
Epoch [146] Training Class Recall: [0.973,0.981,0.933,0.841,0.879,0.578,0.725,0.580,0.697,0.514]
Epoch [146] Testing Results: Prec@1 50.520 Prec@5 88.130 Loss 1.80034
Epoch [146] Testing Class Recall: [0.912,0.980,0.730,0.866,0.350,0.137,0.464,0.276,0.158,0.179]
Epoch [147] Training Results: Prec@1 92.918 Prec@5 99.608 Loss 0.83552
Epoch [147] Training Class Recall: [0.977,0.991,0.930,0.870,0.850,0.619,0.715,0.523,0.592,0.486]
Epoch [147] Testing Results: Prec@1 47.940 Prec@5 87.840 Loss 1.93736
Epoch [147] Testing Class Recall: [0.924,0.995,0.734,0.465,0.588,0.345,0.342,0.265,0.132,0.004]
Epoch [148] Training Results: Prec@1 93.206 Prec@5 99.666 Loss 0.81320
Epoch [148] Training Class Recall: [0.979,0.985,0.929,0.879,0.879,0.632,0.772,0.534,0.632,0.286]
Epoch [148] Testing Results: Prec@1 57.370 Prec@5 91.560 Loss 1.43190
Epoch [148] Testing Class Recall: [0.948,0.989,0.652,0.813,0.462,0.257,0.535,0.411,0.303,0.367]
Epoch [149] Training Results: Prec@1 93.148 Prec@5 99.655 Loss 0.80094
Epoch [149] Training Class Recall: [0.980,0.984,0.924,0.876,0.892,0.610,0.772,0.614,0.553,0.314]
Epoch [149] Testing Results: Prec@1 42.650 Prec@5 88.670 Loss 2.12786
Epoch [149] Testing Class Recall: [0.879,0.998,0.705,0.563,0.277,0.149,0.291,0.229,0.143,0.031]
Epoch [150] Training Results: Prec@1 93.551 Prec@5 99.608 Loss 0.79954
Epoch [150] Training Class Recall: [0.978,0.985,0.939,0.877,0.894,0.655,0.720,0.670,0.605,0.371]
Epoch [150] Testing Results: Prec@1 53.320 Prec@5 85.540 Loss 1.87318
Epoch [150] Testing Class Recall: [0.943,0.991,0.860,0.701,0.665,0.203,0.550,0.224,0.176,0.019]
Epoch [151] Training Results: Prec@1 93.609 Prec@5 99.666 Loss 0.80692
Epoch [151] Training Class Recall: [0.969,0.991,0.940,0.891,0.914,0.628,0.756,0.636,0.671,0.343]
Epoch [151] Testing Results: Prec@1 48.410 Prec@5 88.100 Loss 1.95360
Epoch [151] Testing Class Recall: [0.947,0.977,0.865,0.697,0.377,0.174,0.273,0.364,0.024,0.143]
Epoch [152] Training Results: Prec@1 93.367 Prec@5 99.701 Loss 0.77723
Epoch [152] Training Class Recall: [0.975,0.985,0.942,0.850,0.901,0.668,0.767,0.659,0.513,0.400]
Epoch [152] Testing Results: Prec@1 55.090 Prec@5 88.170 Loss 1.70558
Epoch [152] Testing Class Recall: [0.970,0.951,0.782,0.676,0.667,0.291,0.553,0.171,0.249,0.199]
Epoch [153] Training Results: Prec@1 93.643 Prec@5 99.643 Loss 0.82861
Epoch [153] Training Class Recall: [0.978,0.990,0.950,0.838,0.898,0.664,0.756,0.648,0.618,0.429]
Epoch [153] Testing Results: Prec@1 55.480 Prec@5 90.190 Loss 1.52729
Epoch [153] Testing Class Recall: [0.973,0.938,0.737,0.683,0.696,0.387,0.351,0.267,0.195,0.321]
Epoch [154] Training Results: Prec@1 93.793 Prec@5 99.701 Loss 0.84661
Epoch [154] Training Class Recall: [0.979,0.987,0.942,0.885,0.892,0.686,0.689,0.602,0.632,0.543]
Epoch [154] Testing Results: Prec@1 60.010 Prec@5 90.620 Loss 1.36573
Epoch [154] Testing Class Recall: [0.964,0.951,0.781,0.646,0.632,0.540,0.293,0.455,0.348,0.391]
Epoch [155] Training Results: Prec@1 92.757 Prec@5 99.620 Loss 0.87764
Epoch [155] Training Class Recall: [0.974,0.986,0.936,0.876,0.845,0.659,0.684,0.455,0.592,0.457]
Epoch [155] Testing Results: Prec@1 53.650 Prec@5 87.300 Loss 1.74747
Epoch [155] Testing Class Recall: [0.949,0.962,0.834,0.636,0.655,0.336,0.581,0.253,0.071,0.088]
Epoch [156] Training Results: Prec@1 93.160 Prec@5 99.655 Loss 0.83052
Epoch [156] Training Class Recall: [0.984,0.982,0.931,0.854,0.894,0.610,0.694,0.670,0.566,0.486]
Epoch [156] Testing Results: Prec@1 57.220 Prec@5 91.060 Loss 1.44412
Epoch [156] Testing Class Recall: [0.902,0.976,0.715,0.717,0.456,0.507,0.480,0.351,0.358,0.260]
Epoch [157] Training Results: Prec@1 93.862 Prec@5 99.597 Loss 0.83005
Epoch [157] Training Class Recall: [0.983,0.991,0.937,0.875,0.932,0.623,0.751,0.511,0.579,0.371]
Epoch [157] Testing Results: Prec@1 59.370 Prec@5 91.120 Loss 1.42302
Epoch [157] Testing Class Recall: [0.945,0.948,0.745,0.475,0.557,0.460,0.480,0.345,0.235,0.747]
Epoch [158] Training Results: Prec@1 93.563 Prec@5 99.666 Loss 0.80000
Epoch [158] Training Class Recall: [0.984,0.989,0.942,0.851,0.907,0.637,0.705,0.591,0.566,0.371]
Epoch [158] Testing Results: Prec@1 56.590 Prec@5 89.230 Loss 1.52919
Epoch [158] Testing Class Recall: [0.878,0.972,0.771,0.851,0.566,0.318,0.464,0.265,0.219,0.355]
Epoch [159] Training Results: Prec@1 93.874 Prec@5 99.655 Loss 0.80647
Epoch [159] Training Class Recall: [0.986,0.990,0.924,0.891,0.905,0.673,0.756,0.625,0.539,0.371]
Epoch [159] Testing Results: Prec@1 59.750 Prec@5 89.470 Loss 1.51490
Epoch [159] Testing Class Recall: [0.950,0.969,0.898,0.570,0.663,0.350,0.642,0.374,0.340,0.219]
Epoch [160] Training Results: Prec@1 95.889 Prec@5 99.701 Loss 0.74034
Epoch [160] Training Class Recall: [0.993,0.990,0.961,0.897,0.931,0.767,0.824,0.727,0.776,0.743]
Epoch [160] Testing Results: Prec@1 62.470 Prec@5 90.680 Loss 1.39102
Epoch [160] Testing Class Recall: [0.968,0.975,0.858,0.711,0.669,0.412,0.638,0.416,0.264,0.336]
Epoch [161] Training Results: Prec@1 96.016 Prec@5 99.873 Loss 0.75293
Epoch [161] Training Class Recall: [0.990,0.990,0.957,0.918,0.952,0.780,0.829,0.784,0.763,0.543]
Epoch [161] Testing Results: Prec@1 60.660 Prec@5 91.100 Loss 1.41235
Epoch [161] Testing Class Recall: [0.976,0.973,0.855,0.694,0.599,0.390,0.560,0.422,0.292,0.305]
Epoch [162] Training Results: Prec@1 96.211 Prec@5 99.839 Loss 0.76998
Epoch [162] Training Class Recall: [0.990,0.991,0.962,0.930,0.941,0.794,0.839,0.750,0.737,0.600]
Epoch [162] Testing Results: Prec@1 60.560 Prec@5 90.680 Loss 1.42840
Epoch [162] Testing Class Recall: [0.974,0.981,0.846,0.728,0.635,0.368,0.546,0.405,0.308,0.265]
Epoch [163] Training Results: Prec@1 96.568 Prec@5 99.839 Loss 0.69354
Epoch [163] Training Class Recall: [0.991,0.990,0.966,0.935,0.947,0.803,0.881,0.807,0.763,0.600]
Epoch [163] Testing Results: Prec@1 60.190 Prec@5 90.700 Loss 1.43207
Epoch [163] Testing Class Recall: [0.975,0.978,0.857,0.701,0.619,0.388,0.560,0.424,0.302,0.215]
Epoch [164] Training Results: Prec@1 96.257 Prec@5 99.827 Loss 0.71254
Epoch [164] Training Class Recall: [0.990,0.991,0.958,0.933,0.945,0.798,0.845,0.784,0.763,0.571]
Epoch [164] Testing Results: Prec@1 59.620 Prec@5 90.770 Loss 1.43686
Epoch [164] Testing Class Recall: [0.971,0.980,0.857,0.684,0.632,0.356,0.569,0.395,0.237,0.281]
Epoch [165] Training Results: Prec@1 96.684 Prec@5 99.862 Loss 0.79444
Epoch [165] Training Class Recall: [0.993,0.995,0.971,0.947,0.940,0.753,0.845,0.784,0.750,0.629]
Epoch [165] Testing Results: Prec@1 59.890 Prec@5 90.640 Loss 1.43014
Epoch [165] Testing Class Recall: [0.971,0.980,0.859,0.708,0.621,0.367,0.561,0.384,0.283,0.255]
Epoch [166] Training Results: Prec@1 96.810 Prec@5 99.781 Loss 0.77075
Epoch [166] Training Class Recall: [0.993,0.988,0.975,0.943,0.947,0.776,0.850,0.773,0.882,0.714]
Epoch [166] Testing Results: Prec@1 60.050 Prec@5 90.640 Loss 1.43254
Epoch [166] Testing Class Recall: [0.969,0.980,0.856,0.724,0.609,0.370,0.565,0.388,0.257,0.287]
Epoch [167] Training Results: Prec@1 96.776 Prec@5 99.816 Loss 0.71931
Epoch [167] Training Class Recall: [0.991,0.994,0.961,0.957,0.956,0.771,0.876,0.830,0.803,0.543]
Epoch [167] Testing Results: Prec@1 61.070 Prec@5 90.840 Loss 1.41273
Epoch [167] Testing Class Recall: [0.961,0.981,0.880,0.709,0.674,0.362,0.582,0.418,0.264,0.276]
Epoch [168] Training Results: Prec@1 97.041 Prec@5 99.873 Loss 0.73240
Epoch [168] Training Class Recall: [0.996,0.994,0.968,0.947,0.963,0.753,0.886,0.773,0.789,0.771]
Epoch [168] Testing Results: Prec@1 61.580 Prec@5 90.660 Loss 1.40880
Epoch [168] Testing Class Recall: [0.960,0.980,0.864,0.772,0.673,0.365,0.573,0.423,0.264,0.284]
Epoch [169] Training Results: Prec@1 97.041 Prec@5 99.804 Loss 0.79687
Epoch [169] Training Class Recall: [0.992,0.995,0.969,0.960,0.963,0.789,0.881,0.807,0.697,0.686]
Epoch [169] Testing Results: Prec@1 59.180 Prec@5 90.700 Loss 1.46474
Epoch [169] Testing Class Recall: [0.974,0.979,0.850,0.700,0.637,0.354,0.553,0.400,0.214,0.257]
Epoch [170] Training Results: Prec@1 96.960 Prec@5 99.873 Loss 0.70265
Epoch [170] Training Class Recall: [0.994,0.992,0.966,0.949,0.974,0.762,0.876,0.784,0.789,0.714]
Epoch [170] Testing Results: Prec@1 60.550 Prec@5 90.470 Loss 1.43772
Epoch [170] Testing Class Recall: [0.970,0.980,0.853,0.752,0.679,0.359,0.569,0.415,0.281,0.197]
Epoch [171] Training Results: Prec@1 97.259 Prec@5 99.896 Loss 0.71610
Epoch [171] Training Class Recall: [0.994,0.994,0.973,0.963,0.965,0.771,0.876,0.807,0.842,0.686]
Epoch [171] Testing Results: Prec@1 60.650 Prec@5 91.010 Loss 1.43107
Epoch [171] Testing Class Recall: [0.971,0.979,0.854,0.725,0.636,0.366,0.580,0.420,0.269,0.265]
Epoch [172] Training Results: Prec@1 97.075 Prec@5 99.873 Loss 0.76630
Epoch [172] Training Class Recall: [0.994,0.995,0.970,0.951,0.958,0.789,0.870,0.773,0.816,0.686]
Epoch [172] Testing Results: Prec@1 60.150 Prec@5 91.090 Loss 1.43196
Epoch [172] Testing Class Recall: [0.967,0.981,0.852,0.724,0.635,0.341,0.580,0.395,0.238,0.302]
Epoch [173] Training Results: Prec@1 97.006 Prec@5 99.850 Loss 0.68812
Epoch [173] Training Class Recall: [0.993,0.993,0.974,0.953,0.976,0.780,0.845,0.750,0.750,0.657]
Epoch [173] Testing Results: Prec@1 63.020 Prec@5 90.950 Loss 1.38852
Epoch [173] Testing Class Recall: [0.952,0.984,0.875,0.766,0.712,0.390,0.649,0.386,0.270,0.318]
Epoch [174] Training Results: Prec@1 97.179 Prec@5 99.862 Loss 0.70895
Epoch [174] Training Class Recall: [0.992,0.990,0.974,0.966,0.971,0.780,0.891,0.750,0.816,0.714]
Epoch [174] Testing Results: Prec@1 62.310 Prec@5 90.970 Loss 1.39596
Epoch [174] Testing Class Recall: [0.962,0.980,0.877,0.737,0.710,0.383,0.597,0.438,0.278,0.269]
Epoch [175] Training Results: Prec@1 97.501 Prec@5 99.873 Loss 0.73821
Epoch [175] Training Class Recall: [0.994,0.993,0.974,0.963,0.978,0.785,0.907,0.852,0.829,0.686]
Epoch [175] Testing Results: Prec@1 61.860 Prec@5 91.330 Loss 1.39535
Epoch [175] Testing Class Recall: [0.967,0.985,0.849,0.715,0.656,0.352,0.648,0.411,0.283,0.320]
Epoch [176] Training Results: Prec@1 97.144 Prec@5 99.850 Loss 0.74068
Epoch [176] Training Class Recall: [0.993,0.994,0.971,0.955,0.982,0.785,0.922,0.739,0.711,0.543]
Epoch [176] Testing Results: Prec@1 62.470 Prec@5 91.090 Loss 1.39368
Epoch [176] Testing Class Recall: [0.958,0.986,0.868,0.735,0.704,0.388,0.648,0.441,0.243,0.276]
Epoch [177] Training Results: Prec@1 97.409 Prec@5 99.873 Loss 0.72294
Epoch [177] Training Class Recall: [0.993,0.996,0.979,0.947,0.965,0.807,0.896,0.795,0.855,0.686]
Epoch [177] Testing Results: Prec@1 62.270 Prec@5 90.930 Loss 1.40070
Epoch [177] Testing Class Recall: [0.964,0.983,0.869,0.728,0.691,0.360,0.622,0.407,0.309,0.294]
Epoch [178] Training Results: Prec@1 97.421 Prec@5 99.896 Loss 0.73397
Epoch [178] Training Class Recall: [0.994,0.997,0.971,0.957,0.978,0.776,0.917,0.761,0.895,0.657]
Epoch [178] Testing Results: Prec@1 63.070 Prec@5 91.380 Loss 1.36656
Epoch [178] Testing Class Recall: [0.962,0.982,0.859,0.757,0.685,0.374,0.639,0.418,0.277,0.354]
Epoch [179] Training Results: Prec@1 97.156 Prec@5 99.839 Loss 0.77274
Epoch [179] Training Class Recall: [0.991,0.995,0.970,0.950,0.969,0.776,0.912,0.841,0.842,0.686]
Epoch [179] Testing Results: Prec@1 60.760 Prec@5 90.870 Loss 1.44400
Epoch [179] Testing Class Recall: [0.956,0.984,0.872,0.731,0.657,0.391,0.607,0.412,0.216,0.250]
Epoch [180] Training Results: Prec@1 97.478 Prec@5 99.873 Loss 0.19414
Epoch [180] Training Class Recall: [0.994,0.996,0.978,0.957,0.982,0.803,0.907,0.773,0.750,0.629]
Epoch [180] Testing Results: Prec@1 60.420 Prec@5 91.000 Loss 2.39431
Epoch [180] Testing Class Recall: [0.960,0.979,0.875,0.714,0.644,0.378,0.550,0.409,0.236,0.297]
Epoch [181] Training Results: Prec@1 97.593 Prec@5 99.908 Loss 0.20959
Epoch [181] Training Class Recall: [0.994,0.995,0.976,0.958,0.974,0.825,0.917,0.784,0.855,0.743]
Epoch [181] Testing Results: Prec@1 61.800 Prec@5 91.190 Loss 2.31291
Epoch [181] Testing Class Recall: [0.965,0.985,0.859,0.734,0.668,0.351,0.608,0.432,0.255,0.323]
Epoch [182] Training Results: Prec@1 97.455 Prec@5 99.885 Loss 0.18906
Epoch [182] Training Class Recall: [0.993,0.996,0.981,0.962,0.973,0.771,0.912,0.795,0.763,0.600]
Epoch [182] Testing Results: Prec@1 61.110 Prec@5 90.820 Loss 2.38560
Epoch [182] Testing Class Recall: [0.963,0.980,0.876,0.724,0.675,0.333,0.603,0.394,0.270,0.293]
Epoch [183] Training Results: Prec@1 97.478 Prec@5 99.827 Loss 0.19988
Epoch [183] Training Class Recall: [0.993,0.994,0.978,0.962,0.974,0.807,0.907,0.761,0.855,0.686]
Epoch [183] Testing Results: Prec@1 62.580 Prec@5 91.040 Loss 2.36800
Epoch [183] Testing Class Recall: [0.957,0.980,0.877,0.760,0.692,0.385,0.584,0.453,0.274,0.296]
Epoch [184] Training Results: Prec@1 97.478 Prec@5 99.873 Loss 0.19496
Epoch [184] Training Class Recall: [0.994,0.993,0.978,0.953,0.985,0.807,0.912,0.784,0.829,0.657]
Epoch [184] Testing Results: Prec@1 60.810 Prec@5 91.030 Loss 2.39686
Epoch [184] Testing Class Recall: [0.958,0.985,0.870,0.736,0.650,0.355,0.579,0.407,0.268,0.273]
Epoch [185] Training Results: Prec@1 97.478 Prec@5 99.873 Loss 0.19773
Epoch [185] Training Class Recall: [0.993,0.992,0.978,0.960,0.971,0.794,0.927,0.830,0.829,0.714]
Epoch [185] Testing Results: Prec@1 60.680 Prec@5 91.160 Loss 2.38527
Epoch [185] Testing Class Recall: [0.966,0.983,0.849,0.716,0.649,0.367,0.594,0.421,0.238,0.285]
Epoch [186] Training Results: Prec@1 97.778 Prec@5 99.896 Loss 0.20021
Epoch [186] Training Class Recall: [0.993,0.994,0.983,0.967,0.984,0.803,0.938,0.818,0.829,0.657]
Epoch [186] Testing Results: Prec@1 61.340 Prec@5 91.380 Loss 2.24852
Epoch [186] Testing Class Recall: [0.951,0.985,0.873,0.711,0.631,0.356,0.586,0.439,0.264,0.338]
Epoch [187] Training Results: Prec@1 97.294 Prec@5 99.873 Loss 0.19415
Epoch [187] Training Class Recall: [0.991,0.996,0.977,0.971,0.965,0.789,0.886,0.761,0.789,0.571]
Epoch [187] Testing Results: Prec@1 63.380 Prec@5 90.800 Loss 2.34978
Epoch [187] Testing Class Recall: [0.953,0.986,0.875,0.751,0.707,0.385,0.667,0.417,0.298,0.299]
Epoch [188] Training Results: Prec@1 97.743 Prec@5 99.839 Loss 0.18802
Epoch [188] Training Class Recall: [0.995,0.996,0.984,0.966,0.967,0.789,0.927,0.784,0.829,0.771]
Epoch [188] Testing Results: Prec@1 61.450 Prec@5 91.040 Loss 2.38046
Epoch [188] Testing Class Recall: [0.968,0.985,0.848,0.736,0.664,0.373,0.619,0.389,0.250,0.313]
Epoch [189] Training Results: Prec@1 97.731 Prec@5 99.850 Loss 0.19492
Epoch [189] Training Class Recall: [0.993,0.993,0.981,0.972,0.984,0.794,0.917,0.841,0.842,0.629]
Epoch [189] Testing Results: Prec@1 64.140 Prec@5 91.520 Loss 2.28830
Epoch [189] Testing Class Recall: [0.948,0.985,0.871,0.775,0.720,0.413,0.627,0.445,0.287,0.343]
Epoch [190] Training Results: Prec@1 97.559 Prec@5 99.873 Loss 0.18139
Epoch [190] Training Class Recall: [0.995,0.995,0.976,0.972,0.976,0.776,0.896,0.761,0.868,0.686]
Epoch [190] Testing Results: Prec@1 61.710 Prec@5 91.500 Loss 2.27540
Epoch [190] Testing Class Recall: [0.960,0.983,0.862,0.734,0.661,0.333,0.582,0.452,0.256,0.348]
Epoch [191] Training Results: Prec@1 97.432 Prec@5 99.885 Loss 0.19225
Epoch [191] Training Class Recall: [0.994,0.994,0.978,0.964,0.962,0.780,0.922,0.807,0.855,0.571]
Epoch [191] Testing Results: Prec@1 62.600 Prec@5 91.390 Loss 2.33837
Epoch [191] Testing Class Recall: [0.947,0.987,0.885,0.726,0.668,0.398,0.634,0.413,0.272,0.330]
Epoch [192] Training Results: Prec@1 97.639 Prec@5 99.839 Loss 0.19982
Epoch [192] Training Class Recall: [0.995,0.994,0.979,0.962,0.985,0.812,0.907,0.773,0.829,0.629]
Epoch [192] Testing Results: Prec@1 59.890 Prec@5 90.690 Loss 2.49239
Epoch [192] Testing Class Recall: [0.964,0.985,0.860,0.718,0.647,0.361,0.603,0.356,0.257,0.238]
Epoch [193] Training Results: Prec@1 97.547 Prec@5 99.862 Loss 0.19235
Epoch [193] Training Class Recall: [0.992,0.995,0.975,0.960,0.974,0.807,0.938,0.773,0.829,0.829]
Epoch [193] Testing Results: Prec@1 61.640 Prec@5 90.960 Loss 2.39383
Epoch [193] Testing Class Recall: [0.953,0.986,0.874,0.750,0.660,0.354,0.619,0.429,0.260,0.279]
Epoch [194] Training Results: Prec@1 97.513 Prec@5 99.850 Loss 0.20066
Epoch [194] Training Class Recall: [0.993,0.996,0.974,0.962,0.982,0.780,0.927,0.818,0.842,0.657]
Epoch [194] Testing Results: Prec@1 61.890 Prec@5 91.200 Loss 2.28005
Epoch [194] Testing Class Recall: [0.962,0.980,0.865,0.744,0.668,0.355,0.596,0.421,0.257,0.341]
Epoch [195] Training Results: Prec@1 97.421 Prec@5 99.862 Loss 0.20454
Epoch [195] Training Class Recall: [0.995,0.994,0.978,0.959,0.971,0.785,0.891,0.784,0.776,0.771]
Epoch [195] Testing Results: Prec@1 61.810 Prec@5 90.890 Loss 2.42206
Epoch [195] Testing Class Recall: [0.958,0.982,0.874,0.735,0.674,0.366,0.615,0.413,0.288,0.276]
Epoch [196] Training Results: Prec@1 97.386 Prec@5 99.919 Loss 0.18999
Epoch [196] Training Class Recall: [0.993,0.995,0.978,0.967,0.976,0.771,0.902,0.716,0.803,0.657]
Epoch [196] Testing Results: Prec@1 60.790 Prec@5 90.690 Loss 2.49498
Epoch [196] Testing Class Recall: [0.959,0.985,0.866,0.714,0.661,0.380,0.619,0.430,0.232,0.233]
Epoch [197] Training Results: Prec@1 97.421 Prec@5 99.908 Loss 0.20494
Epoch [197] Training Class Recall: [0.993,0.993,0.976,0.960,0.976,0.776,0.912,0.773,0.842,0.771]
Epoch [197] Testing Results: Prec@1 63.710 Prec@5 91.420 Loss 2.27617
Epoch [197] Testing Class Recall: [0.960,0.986,0.864,0.756,0.683,0.420,0.655,0.422,0.286,0.339]
Epoch [198] Training Results: Prec@1 97.455 Prec@5 99.919 Loss 0.19951
Epoch [198] Training Class Recall: [0.991,0.993,0.975,0.967,0.976,0.807,0.917,0.830,0.803,0.686]
Epoch [198] Testing Results: Prec@1 61.730 Prec@5 90.980 Loss 2.36774
Epoch [198] Testing Class Recall: [0.950,0.987,0.873,0.729,0.661,0.365,0.619,0.441,0.271,0.277]
Epoch [199] Training Results: Prec@1 97.536 Prec@5 99.862 Loss 0.19213
Epoch [199] Training Class Recall: [0.993,0.996,0.978,0.967,0.973,0.767,0.938,0.739,0.868,0.686]
Epoch [199] Testing Results: Prec@1 63.280 Prec@5 91.210 Loss 2.34399
Epoch [199] Testing Class Recall: [0.954,0.984,0.874,0.742,0.690,0.422,0.630,0.449,0.307,0.276]
