Log file: cifar10_sava0.3_mamix_drw_exp0.01_seed42_20260615_001354.log
Run started: 2026-06-15 00:13:54.372653
Dataset: cifar10
Imbalance type: exp, factor: 0.01
Selection method: sava, ratio: 0.3
Strategy: MAMix_DRW, epochs: 200
Seed: 42, rand_number: 0
Augmentation: weak
mixup_alpha: 1.0
mamix_ratio: 1.0
============================================================

=> No CSV or TensorBoard logging – only console and debug log.
-----------------------------------------------
Class ID   | Original   | Selected   | Keep %  
-----------------------------------------------
0          | 5000       | 1921       |   38.4%
1          | 2997       | 256        |    8.5%
2          | 1796       | 861        |   47.9%
3          | 1077       | 256        |   23.8%
4          | 645        | 192        |   29.8%
5          | 387        | 56         |   14.5%
6          | 232        | 72         |   31.0%
7          | 139        | 35         |   25.2%
8          | 83         | 59         |   71.1%
9          | 50         | 13         |   26.0%
-----------------------------------------------
TOTAL      | 12406      | 3721       |   30.0%
-----------------------------------------------
Epoch [0] Training Results: Prec@1 49.180 Prec@5 87.315 Loss 1.61775
Epoch [0] Training Class Recall: [0.880,0.012,0.156,0.004,0.010,0.000,0.000,0.000,0.000,0.000]
Epoch [0] Testing Results: Prec@1 10.000 Prec@5 50.710 Loss 3.46797
Epoch [0] Testing Class Recall: [1.000,0.000,0.000,0.000,0.000,0.000,0.000,0.000,0.000,0.000]
Epoch [1] Training Results: Prec@1 57.700 Prec@5 93.846 Loss 1.23998
Epoch [1] Training Class Recall: [0.922,0.023,0.429,0.004,0.000,0.000,0.000,0.000,0.000,0.000]
Epoch [1] Testing Results: Prec@1 10.880 Prec@5 55.130 Loss 3.76208
Epoch [1] Testing Class Recall: [0.749,0.118,0.221,0.000,0.000,0.000,0.000,0.000,0.000,0.000]
Epoch [2] Training Results: Prec@1 58.694 Prec@5 94.356 Loss 1.22677
Epoch [2] Training Class Recall: [0.903,0.039,0.509,0.004,0.000,0.000,0.000,0.000,0.000,0.000]
Epoch [2] Testing Results: Prec@1 12.240 Prec@5 60.560 Loss 3.94720
Epoch [2] Testing Class Recall: [0.691,0.101,0.420,0.012,0.000,0.000,0.000,0.000,0.000,0.000]
Epoch [3] Training Results: Prec@1 59.097 Prec@5 94.437 Loss 1.23721
Epoch [3] Training Class Recall: [0.909,0.059,0.499,0.031,0.000,0.000,0.000,0.000,0.000,0.000]
Epoch [3] Testing Results: Prec@1 10.810 Prec@5 55.300 Loss 3.81896
Epoch [3] Testing Class Recall: [0.628,0.060,0.393,0.000,0.000,0.000,0.000,0.000,0.000,0.000]
Epoch [4] Training Results: Prec@1 61.731 Prec@5 95.136 Loss 1.13998
Epoch [4] Training Class Recall: [0.951,0.035,0.530,0.000,0.026,0.000,0.000,0.000,0.000,0.000]
Epoch [4] Testing Results: Prec@1 12.060 Prec@5 57.910 Loss 4.48992
Epoch [4] Testing Class Recall: [0.770,0.050,0.383,0.003,0.000,0.000,0.000,0.000,0.000,0.000]
Epoch [5] Training Results: Prec@1 64.741 Prec@5 95.404 Loss 1.10926
Epoch [5] Training Class Recall: [0.953,0.105,0.638,0.008,0.000,0.000,0.000,0.000,0.000,0.000]
Epoch [5] Testing Results: Prec@1 13.250 Prec@5 61.240 Loss 3.48859
Epoch [5] Testing Class Recall: [0.693,0.086,0.538,0.008,0.000,0.000,0.000,0.000,0.000,0.000]
Epoch [6] Training Results: Prec@1 63.451 Prec@5 95.243 Loss 1.10747
Epoch [6] Training Class Recall: [0.945,0.137,0.589,0.016,0.000,0.000,0.000,0.000,0.000,0.000]
Epoch [6] Testing Results: Prec@1 12.530 Prec@5 58.840 Loss 3.47449
Epoch [6] Testing Class Recall: [0.525,0.189,0.539,0.000,0.000,0.000,0.000,0.000,0.000,0.000]
Epoch [7] Training Results: Prec@1 62.994 Prec@5 95.270 Loss 1.10596
Epoch [7] Training Class Recall: [0.946,0.109,0.578,0.000,0.000,0.000,0.000,0.000,0.000,0.000]
Epoch [7] Testing Results: Prec@1 10.650 Prec@5 56.170 Loss 3.83015
Epoch [7] Testing Class Recall: [0.768,0.060,0.237,0.000,0.000,0.000,0.000,0.000,0.000,0.000]
Epoch [8] Training Results: Prec@1 62.026 Prec@5 95.055 Loss 1.12145
Epoch [8] Training Class Recall: [0.950,0.082,0.532,0.016,0.000,0.000,0.000,0.000,0.000,0.000]
Epoch [8] Testing Results: Prec@1 12.570 Prec@5 59.660 Loss 4.06014
Epoch [8] Testing Class Recall: [0.754,0.075,0.422,0.006,0.000,0.000,0.000,0.000,0.000,0.000]
Epoch [9] Training Results: Prec@1 63.988 Prec@5 95.485 Loss 1.11057
Epoch [9] Training Class Recall: [0.925,0.180,0.648,0.004,0.000,0.000,0.000,0.000,0.000,0.000]
Epoch [9] Testing Results: Prec@1 12.010 Prec@5 57.990 Loss 3.86701
Epoch [9] Testing Class Recall: [0.864,0.036,0.301,0.000,0.000,0.000,0.000,0.000,0.000,0.000]
Epoch [10] Training Results: Prec@1 65.171 Prec@5 95.539 Loss 1.07378
Epoch [10] Training Class Recall: [0.960,0.102,0.642,0.004,0.000,0.000,0.000,0.000,0.000,0.000]
Epoch [10] Testing Results: Prec@1 12.860 Prec@5 60.230 Loss 3.54944
Epoch [10] Testing Class Recall: [0.706,0.111,0.429,0.040,0.000,0.000,0.000,0.000,0.000,0.000]
Epoch [11] Training Results: Prec@1 66.138 Prec@5 95.646 Loss 1.06495
Epoch [11] Training Class Recall: [0.964,0.164,0.648,0.035,0.000,0.000,0.000,0.000,0.000,0.000]
Epoch [11] Testing Results: Prec@1 12.440 Prec@5 58.310 Loss 3.48878
Epoch [11] Testing Class Recall: [0.678,0.136,0.417,0.013,0.000,0.000,0.000,0.000,0.000,0.000]
Epoch [12] Training Results: Prec@1 66.595 Prec@5 95.566 Loss 1.06050
Epoch [12] Training Class Recall: [0.966,0.188,0.663,0.016,0.000,0.000,0.000,0.000,0.000,0.000]
Epoch [12] Testing Results: Prec@1 12.760 Prec@5 59.470 Loss 3.51723
Epoch [12] Testing Class Recall: [0.699,0.120,0.440,0.017,0.000,0.000,0.000,0.000,0.000,0.000]
Epoch [13] Training Results: Prec@1 66.944 Prec@5 95.566 Loss 1.04140
Epoch [13] Training Class Recall: [0.957,0.234,0.685,0.008,0.000,0.000,0.000,0.000,0.000,0.000]
Epoch [13] Testing Results: Prec@1 12.770 Prec@5 60.060 Loss 3.43628
Epoch [13] Testing Class Recall: [0.832,0.046,0.398,0.001,0.000,0.000,0.000,0.000,0.000,0.000]
Epoch [14] Training Results: Prec@1 64.176 Prec@5 95.727 Loss 1.07399
Epoch [14] Training Class Recall: [0.970,0.168,0.560,0.000,0.000,0.000,0.000,0.000,0.000,0.000]
Epoch [14] Testing Results: Prec@1 13.280 Prec@5 58.980 Loss 3.36116
Epoch [14] Testing Class Recall: [0.723,0.201,0.393,0.011,0.000,0.000,0.000,0.000,0.000,0.000]
Epoch [15] Training Results: Prec@1 65.036 Prec@5 95.243 Loss 1.04341
Epoch [15] Training Class Recall: [0.963,0.195,0.599,0.016,0.000,0.000,0.000,0.000,0.000,0.000]
Epoch [15] Testing Results: Prec@1 13.810 Prec@5 60.390 Loss 3.22838
Epoch [15] Testing Class Recall: [0.678,0.131,0.572,0.000,0.000,0.000,0.000,0.000,0.000,0.000]
Epoch [16] Training Results: Prec@1 65.816 Prec@5 95.700 Loss 1.04710
Epoch [16] Training Class Recall: [0.964,0.227,0.624,0.008,0.000,0.000,0.000,0.000,0.000,0.000]
Epoch [16] Testing Results: Prec@1 13.990 Prec@5 62.090 Loss 3.37436
Epoch [16] Testing Class Recall: [0.566,0.228,0.605,0.000,0.000,0.000,0.000,0.000,0.000,0.000]
Epoch [17] Training Results: Prec@1 66.058 Prec@5 95.888 Loss 1.06556
Epoch [17] Training Class Recall: [0.962,0.254,0.632,0.004,0.000,0.000,0.000,0.000,0.000,0.000]
Epoch [17] Testing Results: Prec@1 13.080 Prec@5 61.980 Loss 3.41504
Epoch [17] Testing Class Recall: [0.814,0.075,0.419,0.000,0.000,0.000,0.000,0.000,0.000,0.000]
Epoch [18] Training Results: Prec@1 66.864 Prec@5 96.049 Loss 1.02315
Epoch [18] Training Class Recall: [0.957,0.215,0.679,0.039,0.000,0.000,0.000,0.000,0.000,0.000]
Epoch [18] Testing Results: Prec@1 12.750 Prec@5 60.830 Loss 3.52884
Epoch [18] Testing Class Recall: [0.736,0.164,0.339,0.036,0.000,0.000,0.000,0.000,0.000,0.000]
Epoch [19] Training Results: Prec@1 66.676 Prec@5 95.754 Loss 1.04464
Epoch [19] Training Class Recall: [0.963,0.203,0.667,0.020,0.000,0.000,0.000,0.000,0.000,0.000]
Epoch [19] Testing Results: Prec@1 12.150 Prec@5 60.290 Loss 3.36702
Epoch [19] Testing Class Recall: [0.755,0.103,0.308,0.048,0.000,0.000,0.000,0.000,0.001,0.000]
Epoch [20] Training Results: Prec@1 66.004 Prec@5 95.781 Loss 1.02988
Epoch [20] Training Class Recall: [0.973,0.199,0.613,0.031,0.000,0.000,0.000,0.000,0.000,0.000]
Epoch [20] Testing Results: Prec@1 14.190 Prec@5 60.920 Loss 3.09384
Epoch [20] Testing Class Recall: [0.583,0.265,0.532,0.038,0.000,0.000,0.000,0.000,0.001,0.000]
Epoch [21] Training Results: Prec@1 67.562 Prec@5 95.754 Loss 1.04041
Epoch [21] Training Class Recall: [0.973,0.270,0.660,0.027,0.000,0.000,0.000,0.000,0.000,0.000]
Epoch [21] Testing Results: Prec@1 14.520 Prec@5 63.260 Loss 3.23427
Epoch [21] Testing Class Recall: [0.621,0.262,0.556,0.013,0.000,0.000,0.000,0.000,0.000,0.000]
Epoch [22] Training Results: Prec@1 66.810 Prec@5 95.673 Loss 1.01784
Epoch [22] Training Class Recall: [0.964,0.242,0.653,0.043,0.000,0.000,0.000,0.000,0.000,0.000]
Epoch [22] Testing Results: Prec@1 13.580 Prec@5 62.070 Loss 3.65774
Epoch [22] Testing Class Recall: [0.766,0.088,0.504,0.000,0.000,0.000,0.000,0.000,0.000,0.000]
Epoch [23] Training Results: Prec@1 67.294 Prec@5 95.861 Loss 1.01502
Epoch [23] Training Class Recall: [0.968,0.266,0.655,0.047,0.000,0.000,0.000,0.000,0.000,0.000]
Epoch [23] Testing Results: Prec@1 14.030 Prec@5 63.460 Loss 3.18722
Epoch [23] Testing Class Recall: [0.840,0.099,0.462,0.002,0.000,0.000,0.000,0.000,0.000,0.000]
Epoch [24] Training Results: Prec@1 66.488 Prec@5 96.184 Loss 1.01051
Epoch [24] Training Class Recall: [0.962,0.254,0.642,0.031,0.000,0.000,0.000,0.000,0.000,0.000]
Epoch [24] Testing Results: Prec@1 15.210 Prec@5 64.340 Loss 3.24029
Epoch [24] Testing Class Recall: [0.512,0.287,0.719,0.001,0.000,0.000,0.000,0.000,0.002,0.000]
Epoch [25] Training Results: Prec@1 66.380 Prec@5 95.942 Loss 1.02542
Epoch [25] Training Class Recall: [0.953,0.250,0.648,0.070,0.000,0.000,0.000,0.000,0.000,0.000]
Epoch [25] Testing Results: Prec@1 13.150 Prec@5 61.700 Loss 3.29276
Epoch [25] Testing Class Recall: [0.699,0.135,0.475,0.006,0.000,0.000,0.000,0.000,0.000,0.000]
Epoch [26] Training Results: Prec@1 67.724 Prec@5 96.023 Loss 1.00193
Epoch [26] Training Class Recall: [0.969,0.289,0.662,0.055,0.000,0.000,0.000,0.000,0.000,0.000]
Epoch [26] Testing Results: Prec@1 14.080 Prec@5 62.570 Loss 3.40250
Epoch [26] Testing Class Recall: [0.754,0.135,0.519,0.000,0.000,0.000,0.000,0.000,0.000,0.000]
Epoch [27] Training Results: Prec@1 67.159 Prec@5 95.888 Loss 1.02578
Epoch [27] Training Class Recall: [0.966,0.211,0.672,0.039,0.000,0.000,0.000,0.000,0.000,0.000]
Epoch [27] Testing Results: Prec@1 14.450 Prec@5 63.300 Loss 3.41502
Epoch [27] Testing Class Recall: [0.706,0.233,0.503,0.003,0.000,0.000,0.000,0.000,0.000,0.000]
Epoch [28] Training Results: Prec@1 66.541 Prec@5 95.727 Loss 1.03059
Epoch [28] Training Class Recall: [0.964,0.242,0.649,0.012,0.000,0.000,0.000,0.000,0.000,0.000]
Epoch [28] Testing Results: Prec@1 13.200 Prec@5 62.210 Loss 3.33740
Epoch [28] Testing Class Recall: [0.730,0.189,0.396,0.005,0.000,0.000,0.000,0.000,0.000,0.000]
Epoch [29] Training Results: Prec@1 66.729 Prec@5 95.754 Loss 1.01446
Epoch [29] Training Class Recall: [0.977,0.184,0.646,0.016,0.000,0.000,0.000,0.000,0.000,0.000]
Epoch [29] Testing Results: Prec@1 14.170 Prec@5 61.480 Loss 3.46849
Epoch [29] Testing Class Recall: [0.725,0.114,0.565,0.013,0.000,0.000,0.000,0.000,0.000,0.000]
Epoch [30] Training Results: Prec@1 67.294 Prec@5 96.157 Loss 1.00946
Epoch [30] Training Class Recall: [0.978,0.230,0.650,0.023,0.000,0.000,0.000,0.000,0.000,0.000]
Epoch [30] Testing Results: Prec@1 14.830 Prec@5 61.620 Loss 3.37635
Epoch [30] Testing Class Recall: [0.726,0.156,0.569,0.032,0.000,0.000,0.000,0.000,0.000,0.000]
Epoch [31] Training Results: Prec@1 68.799 Prec@5 96.184 Loss 0.98296
Epoch [31] Training Class Recall: [0.972,0.312,0.695,0.055,0.000,0.000,0.000,0.000,0.000,0.000]
Epoch [31] Testing Results: Prec@1 15.410 Prec@5 65.970 Loss 3.23442
Epoch [31] Testing Class Recall: [0.793,0.142,0.427,0.179,0.000,0.000,0.000,0.000,0.000,0.000]
Epoch [32] Training Results: Prec@1 68.369 Prec@5 96.399 Loss 1.00872
Epoch [32] Training Class Recall: [0.968,0.277,0.695,0.062,0.000,0.000,0.000,0.000,0.000,0.000]
Epoch [32] Testing Results: Prec@1 11.070 Prec@5 62.570 Loss 3.73130
Epoch [32] Testing Class Recall: [0.605,0.256,0.233,0.013,0.000,0.000,0.000,0.000,0.000,0.000]
Epoch [33] Training Results: Prec@1 68.315 Prec@5 96.399 Loss 0.99928
Epoch [33] Training Class Recall: [0.972,0.316,0.670,0.066,0.000,0.000,0.000,0.000,0.000,0.000]
Epoch [33] Testing Results: Prec@1 14.040 Prec@5 62.660 Loss 3.38458
Epoch [33] Testing Class Recall: [0.575,0.200,0.600,0.029,0.000,0.000,0.000,0.000,0.000,0.000]
Epoch [34] Training Results: Prec@1 68.691 Prec@5 96.130 Loss 1.00495
Epoch [34] Training Class Recall: [0.967,0.297,0.708,0.047,0.000,0.000,0.000,0.000,0.000,0.000]
Epoch [34] Testing Results: Prec@1 15.000 Prec@5 65.710 Loss 3.23502
Epoch [34] Testing Class Recall: [0.653,0.165,0.655,0.027,0.000,0.000,0.000,0.000,0.000,0.000]
Epoch [35] Training Results: Prec@1 69.605 Prec@5 96.506 Loss 0.97956
Epoch [35] Training Class Recall: [0.971,0.312,0.711,0.129,0.000,0.000,0.000,0.000,0.000,0.000]
Epoch [35] Testing Results: Prec@1 14.830 Prec@5 62.180 Loss 3.60103
Epoch [35] Testing Class Recall: [0.739,0.177,0.448,0.119,0.000,0.000,0.000,0.000,0.000,0.000]
Epoch [36] Training Results: Prec@1 69.686 Prec@5 95.969 Loss 0.96320
Epoch [36] Training Class Recall: [0.971,0.340,0.717,0.094,0.000,0.000,0.000,0.000,0.000,0.000]
Epoch [36] Testing Results: Prec@1 15.640 Prec@5 68.000 Loss 3.53332
Epoch [36] Testing Class Recall: [0.680,0.342,0.492,0.049,0.001,0.000,0.000,0.000,0.000,0.000]
Epoch [37] Training Results: Prec@1 68.933 Prec@5 96.049 Loss 0.99236
Epoch [37] Training Class Recall: [0.970,0.305,0.700,0.078,0.005,0.000,0.000,0.000,0.000,0.000]
Epoch [37] Testing Results: Prec@1 14.550 Prec@5 64.960 Loss 3.48449
Epoch [37] Testing Class Recall: [0.740,0.143,0.554,0.018,0.000,0.000,0.000,0.000,0.000,0.000]
Epoch [38] Training Results: Prec@1 68.906 Prec@5 96.318 Loss 0.98025
Epoch [38] Training Class Recall: [0.963,0.344,0.698,0.102,0.000,0.000,0.000,0.000,0.000,0.000]
Epoch [38] Testing Results: Prec@1 14.730 Prec@5 65.450 Loss 3.09304
Epoch [38] Testing Class Recall: [0.608,0.174,0.637,0.049,0.005,0.000,0.000,0.000,0.000,0.000]
Epoch [39] Training Results: Prec@1 69.954 Prec@5 96.479 Loss 0.96828
Epoch [39] Training Class Recall: [0.974,0.332,0.720,0.105,0.000,0.000,0.000,0.000,0.000,0.000]
Epoch [39] Testing Results: Prec@1 14.570 Prec@5 66.610 Loss 3.52127
Epoch [39] Testing Class Recall: [0.819,0.117,0.497,0.020,0.004,0.000,0.000,0.000,0.000,0.000]
Epoch [40] Training Results: Prec@1 69.471 Prec@5 96.264 Loss 1.00716
Epoch [40] Training Class Recall: [0.963,0.305,0.742,0.066,0.005,0.000,0.000,0.000,0.000,0.000]
Epoch [40] Testing Results: Prec@1 12.540 Prec@5 62.450 Loss 3.32684
Epoch [40] Testing Class Recall: [0.804,0.194,0.253,0.003,0.000,0.000,0.000,0.000,0.000,0.000]
Epoch [41] Training Results: Prec@1 67.724 Prec@5 96.399 Loss 1.00363
Epoch [41] Training Class Recall: [0.986,0.285,0.631,0.039,0.000,0.000,0.000,0.000,0.000,0.000]
Epoch [41] Testing Results: Prec@1 16.450 Prec@5 65.150 Loss 3.23708
Epoch [41] Testing Class Recall: [0.651,0.382,0.579,0.033,0.000,0.000,0.000,0.000,0.000,0.000]
Epoch [42] Training Results: Prec@1 69.309 Prec@5 96.264 Loss 0.95787
Epoch [42] Training Class Recall: [0.975,0.324,0.704,0.066,0.000,0.000,0.000,0.000,0.000,0.000]
Epoch [42] Testing Results: Prec@1 16.160 Prec@5 64.770 Loss 3.09249
Epoch [42] Testing Class Recall: [0.541,0.273,0.606,0.188,0.008,0.000,0.000,0.000,0.000,0.000]
Epoch [43] Training Results: Prec@1 70.680 Prec@5 96.560 Loss 0.96334
Epoch [43] Training Class Recall: [0.970,0.355,0.736,0.156,0.005,0.000,0.000,0.000,0.000,0.000]
Epoch [43] Testing Results: Prec@1 16.420 Prec@5 66.500 Loss 3.21198
Epoch [43] Testing Class Recall: [0.702,0.159,0.492,0.257,0.027,0.000,0.000,0.000,0.005,0.000]
Epoch [44] Training Results: Prec@1 69.417 Prec@5 96.641 Loss 0.99557
Epoch [44] Training Class Recall: [0.982,0.336,0.649,0.191,0.016,0.000,0.000,0.000,0.000,0.000]
Epoch [44] Testing Results: Prec@1 13.560 Prec@5 65.390 Loss 3.18184
Epoch [44] Testing Class Recall: [0.734,0.209,0.385,0.028,0.000,0.000,0.000,0.000,0.000,0.000]
Epoch [45] Training Results: Prec@1 69.175 Prec@5 96.721 Loss 0.97631
Epoch [45] Training Class Recall: [0.972,0.340,0.696,0.074,0.010,0.000,0.000,0.000,0.000,0.000]
Epoch [45] Testing Results: Prec@1 15.220 Prec@5 66.850 Loss 3.32571
Epoch [45] Testing Class Recall: [0.513,0.333,0.547,0.128,0.000,0.000,0.000,0.000,0.001,0.000]
Epoch [46] Training Results: Prec@1 70.250 Prec@5 96.399 Loss 0.96533
Epoch [46] Training Class Recall: [0.967,0.355,0.729,0.145,0.000,0.000,0.000,0.000,0.000,0.000]
Epoch [46] Testing Results: Prec@1 14.980 Prec@5 66.590 Loss 3.18131
Epoch [46] Testing Class Recall: [0.657,0.210,0.573,0.057,0.001,0.000,0.000,0.000,0.000,0.000]
Epoch [47] Training Results: Prec@1 69.551 Prec@5 96.694 Loss 0.95895
Epoch [47] Training Class Recall: [0.966,0.305,0.714,0.145,0.016,0.000,0.000,0.000,0.000,0.000]
Epoch [47] Testing Results: Prec@1 16.890 Prec@5 70.040 Loss 3.10273
Epoch [47] Testing Class Recall: [0.762,0.164,0.512,0.250,0.000,0.000,0.000,0.000,0.001,0.000]
Epoch [48] Training Results: Prec@1 71.271 Prec@5 96.479 Loss 0.94953
Epoch [48] Training Class Recall: [0.965,0.379,0.753,0.207,0.005,0.000,0.000,0.000,0.000,0.000]
Epoch [48] Testing Results: Prec@1 16.110 Prec@5 68.720 Loss 2.96552
Epoch [48] Testing Class Recall: [0.619,0.281,0.595,0.088,0.013,0.000,0.000,0.000,0.015,0.000]
Epoch [49] Training Results: Prec@1 71.137 Prec@5 96.721 Loss 0.92585
Epoch [49] Training Class Recall: [0.969,0.398,0.740,0.172,0.010,0.000,0.000,0.000,0.000,0.000]
Epoch [49] Testing Results: Prec@1 16.690 Prec@5 69.730 Loss 3.40169
Epoch [49] Testing Class Recall: [0.756,0.205,0.570,0.126,0.009,0.000,0.000,0.000,0.003,0.000]
Epoch [50] Training Results: Prec@1 71.191 Prec@5 96.990 Loss 0.94123
Epoch [50] Training Class Recall: [0.974,0.379,0.725,0.188,0.042,0.000,0.000,0.000,0.000,0.000]
Epoch [50] Testing Results: Prec@1 15.980 Prec@5 71.400 Loss 3.25756
Epoch [50] Testing Class Recall: [0.766,0.214,0.422,0.184,0.007,0.000,0.000,0.000,0.005,0.000]
Epoch [51] Training Results: Prec@1 71.298 Prec@5 96.721 Loss 0.95097
Epoch [51] Training Class Recall: [0.977,0.352,0.724,0.219,0.026,0.000,0.000,0.000,0.034,0.000]
Epoch [51] Testing Results: Prec@1 18.490 Prec@5 69.570 Loss 3.12212
Epoch [51] Testing Class Recall: [0.622,0.513,0.586,0.108,0.020,0.000,0.000,0.000,0.000,0.000]
Epoch [52] Training Results: Prec@1 69.820 Prec@5 96.829 Loss 0.98404
Epoch [52] Training Class Recall: [0.967,0.297,0.726,0.125,0.042,0.000,0.000,0.000,0.000,0.000]
Epoch [52] Testing Results: Prec@1 15.940 Prec@5 66.880 Loss 3.11160
Epoch [52] Testing Class Recall: [0.805,0.151,0.440,0.195,0.003,0.000,0.000,0.000,0.000,0.000]
Epoch [53] Training Results: Prec@1 70.465 Prec@5 96.775 Loss 0.94116
Epoch [53] Training Class Recall: [0.971,0.355,0.715,0.172,0.031,0.000,0.000,0.000,0.000,0.000]
Epoch [53] Testing Results: Prec@1 16.480 Prec@5 72.860 Loss 3.02154
Epoch [53] Testing Class Recall: [0.739,0.326,0.459,0.116,0.005,0.000,0.000,0.000,0.003,0.000]
Epoch [54] Training Results: Prec@1 71.916 Prec@5 96.829 Loss 0.94727
Epoch [54] Training Class Recall: [0.979,0.379,0.735,0.195,0.083,0.000,0.000,0.000,0.000,0.000]
Epoch [54] Testing Results: Prec@1 16.690 Prec@5 68.840 Loss 3.49984
Epoch [54] Testing Class Recall: [0.693,0.361,0.527,0.083,0.004,0.000,0.000,0.000,0.001,0.000]
Epoch [55] Training Results: Prec@1 70.572 Prec@5 96.883 Loss 0.94702
Epoch [55] Training Class Recall: [0.976,0.402,0.695,0.180,0.021,0.000,0.000,0.000,0.000,0.000]
Epoch [55] Testing Results: Prec@1 15.460 Prec@5 69.050 Loss 3.52370
Epoch [55] Testing Class Recall: [0.642,0.250,0.559,0.074,0.013,0.000,0.000,0.000,0.008,0.000]
Epoch [56] Training Results: Prec@1 70.976 Prec@5 96.802 Loss 0.96205
Epoch [56] Training Class Recall: [0.979,0.363,0.698,0.180,0.099,0.000,0.014,0.000,0.000,0.000]
Epoch [56] Testing Results: Prec@1 16.220 Prec@5 69.590 Loss 3.20150
Epoch [56] Testing Class Recall: [0.657,0.241,0.658,0.064,0.001,0.000,0.000,0.000,0.001,0.000]
Epoch [57] Training Results: Prec@1 71.406 Prec@5 96.668 Loss 0.94650
Epoch [57] Training Class Recall: [0.969,0.355,0.755,0.156,0.078,0.000,0.000,0.000,0.000,0.000]
Epoch [57] Testing Results: Prec@1 15.080 Prec@5 69.510 Loss 3.72285
Epoch [57] Testing Class Recall: [0.870,0.103,0.517,0.017,0.001,0.000,0.000,0.000,0.000,0.000]
Epoch [58] Training Results: Prec@1 72.400 Prec@5 96.909 Loss 0.94514
Epoch [58] Training Class Recall: [0.982,0.379,0.749,0.188,0.094,0.000,0.000,0.000,0.000,0.000]
Epoch [58] Testing Results: Prec@1 16.970 Prec@5 68.950 Loss 3.22848
Epoch [58] Testing Class Recall: [0.828,0.120,0.484,0.115,0.125,0.000,0.001,0.000,0.024,0.000]
Epoch [59] Training Results: Prec@1 71.567 Prec@5 97.017 Loss 0.94483
Epoch [59] Training Class Recall: [0.973,0.379,0.742,0.164,0.073,0.000,0.000,0.000,0.017,0.000]
Epoch [59] Testing Results: Prec@1 16.850 Prec@5 70.980 Loss 3.00597
Epoch [59] Testing Class Recall: [0.707,0.209,0.523,0.170,0.030,0.000,0.000,0.000,0.046,0.000]
Epoch [60] Training Results: Prec@1 72.185 Prec@5 97.017 Loss 0.94395
Epoch [60] Training Class Recall: [0.980,0.387,0.744,0.184,0.089,0.000,0.000,0.000,0.000,0.000]
Epoch [60] Testing Results: Prec@1 16.940 Prec@5 68.700 Loss 3.25933
Epoch [60] Testing Class Recall: [0.669,0.228,0.610,0.135,0.047,0.000,0.000,0.000,0.005,0.000]
Epoch [61] Training Results: Prec@1 73.206 Prec@5 97.124 Loss 0.91068
Epoch [61] Training Class Recall: [0.979,0.477,0.750,0.203,0.120,0.000,0.000,0.000,0.017,0.000]
Epoch [61] Testing Results: Prec@1 17.800 Prec@5 72.480 Loss 2.99331
Epoch [61] Testing Class Recall: [0.772,0.130,0.412,0.333,0.042,0.000,0.001,0.000,0.090,0.000]
Epoch [62] Training Results: Prec@1 73.126 Prec@5 97.124 Loss 0.94611
Epoch [62] Training Class Recall: [0.978,0.449,0.738,0.273,0.115,0.000,0.000,0.000,0.000,0.000]
Epoch [62] Testing Results: Prec@1 14.650 Prec@5 69.690 Loss 3.21022
Epoch [62] Testing Class Recall: [0.658,0.223,0.487,0.072,0.020,0.000,0.000,0.000,0.005,0.000]
Epoch [63] Training Results: Prec@1 72.669 Prec@5 97.098 Loss 0.92290
Epoch [63] Training Class Recall: [0.979,0.453,0.733,0.172,0.172,0.000,0.000,0.000,0.000,0.000]
Epoch [63] Testing Results: Prec@1 18.400 Prec@5 69.290 Loss 3.06256
Epoch [63] Testing Class Recall: [0.620,0.334,0.560,0.255,0.057,0.000,0.012,0.000,0.002,0.000]
Epoch [64] Training Results: Prec@1 73.690 Prec@5 97.178 Loss 0.93092
Epoch [64] Training Class Recall: [0.972,0.504,0.736,0.297,0.182,0.000,0.000,0.000,0.000,0.000]
Epoch [64] Testing Results: Prec@1 15.960 Prec@5 69.800 Loss 3.35576
Epoch [64] Testing Class Recall: [0.789,0.082,0.595,0.088,0.012,0.000,0.000,0.000,0.030,0.000]
Epoch [65] Training Results: Prec@1 72.185 Prec@5 97.554 Loss 0.91923
Epoch [65] Training Class Recall: [0.979,0.445,0.736,0.145,0.089,0.000,0.014,0.000,0.051,0.000]
Epoch [65] Testing Results: Prec@1 17.390 Prec@5 70.140 Loss 3.19449
Epoch [65] Testing Class Recall: [0.739,0.166,0.584,0.172,0.065,0.000,0.009,0.000,0.004,0.000]
Epoch [66] Training Results: Prec@1 75.195 Prec@5 97.366 Loss 0.92873
Epoch [66] Training Class Recall: [0.971,0.516,0.782,0.316,0.234,0.000,0.014,0.000,0.017,0.000]
Epoch [66] Testing Results: Prec@1 16.540 Prec@5 72.210 Loss 3.53301
Epoch [66] Testing Class Recall: [0.840,0.128,0.487,0.083,0.008,0.000,0.002,0.000,0.106,0.000]
Epoch [67] Training Results: Prec@1 72.776 Prec@5 97.259 Loss 0.92853
Epoch [67] Training Class Recall: [0.977,0.418,0.746,0.227,0.109,0.000,0.014,0.000,0.051,0.000]
Epoch [67] Testing Results: Prec@1 22.990 Prec@5 71.630 Loss 2.77555
Epoch [67] Testing Class Recall: [0.667,0.504,0.505,0.416,0.162,0.000,0.001,0.000,0.044,0.000]
Epoch [68] Training Results: Prec@1 75.060 Prec@5 97.393 Loss 0.87934
Epoch [68] Training Class Recall: [0.974,0.590,0.754,0.250,0.281,0.000,0.000,0.000,0.068,0.000]
Epoch [68] Testing Results: Prec@1 15.140 Prec@5 73.160 Loss 3.58145
Epoch [68] Testing Class Recall: [0.750,0.087,0.521,0.095,0.055,0.000,0.003,0.000,0.003,0.000]
Epoch [69] Training Results: Prec@1 74.335 Prec@5 97.769 Loss 0.89315
Epoch [69] Training Class Recall: [0.974,0.551,0.742,0.246,0.250,0.000,0.028,0.000,0.034,0.000]
Epoch [69] Testing Results: Prec@1 19.440 Prec@5 71.540 Loss 3.04819
Epoch [69] Testing Class Recall: [0.730,0.187,0.590,0.199,0.081,0.000,0.055,0.000,0.102,0.000]
Epoch [70] Training Results: Prec@1 75.087 Prec@5 97.689 Loss 0.88240
Epoch [70] Training Class Recall: [0.971,0.523,0.770,0.242,0.307,0.000,0.097,0.000,0.051,0.000]
Epoch [70] Testing Results: Prec@1 20.080 Prec@5 73.620 Loss 3.12704
Epoch [70] Testing Class Recall: [0.643,0.346,0.478,0.278,0.100,0.000,0.057,0.000,0.106,0.000]
Epoch [71] Training Results: Prec@1 74.819 Prec@5 97.581 Loss 0.89894
Epoch [71] Training Class Recall: [0.972,0.520,0.771,0.262,0.245,0.000,0.014,0.000,0.085,0.000]
Epoch [71] Testing Results: Prec@1 18.520 Prec@5 73.640 Loss 3.17944
Epoch [71] Testing Class Recall: [0.683,0.150,0.663,0.140,0.069,0.000,0.010,0.000,0.137,0.000]
Epoch [72] Training Results: Prec@1 73.394 Prec@5 97.151 Loss 0.93190
Epoch [72] Training Class Recall: [0.974,0.379,0.775,0.195,0.234,0.000,0.000,0.000,0.000,0.000]
Epoch [72] Testing Results: Prec@1 17.890 Prec@5 72.770 Loss 3.19627
Epoch [72] Testing Class Recall: [0.726,0.231,0.665,0.118,0.041,0.000,0.007,0.000,0.001,0.000]
Epoch [73] Training Results: Prec@1 74.523 Prec@5 97.474 Loss 0.88815
Epoch [73] Training Class Recall: [0.975,0.480,0.749,0.297,0.271,0.000,0.014,0.000,0.051,0.000]
Epoch [73] Testing Results: Prec@1 20.430 Prec@5 72.260 Loss 2.76165
Epoch [73] Testing Class Recall: [0.791,0.101,0.608,0.247,0.211,0.000,0.067,0.000,0.018,0.000]
Epoch [74] Training Results: Prec@1 74.792 Prec@5 97.501 Loss 0.90484
Epoch [74] Training Class Recall: [0.976,0.410,0.807,0.227,0.250,0.000,0.000,0.000,0.034,0.000]
Epoch [74] Testing Results: Prec@1 17.830 Prec@5 74.240 Loss 3.06647
Epoch [74] Testing Class Recall: [0.800,0.159,0.386,0.152,0.112,0.000,0.062,0.000,0.112,0.000]
Epoch [75] Training Results: Prec@1 73.878 Prec@5 97.689 Loss 0.90619
Epoch [75] Training Class Recall: [0.975,0.500,0.720,0.289,0.224,0.000,0.083,0.000,0.085,0.000]
Epoch [75] Testing Results: Prec@1 19.380 Prec@5 73.880 Loss 2.88322
Epoch [75] Testing Class Recall: [0.683,0.378,0.492,0.322,0.022,0.000,0.003,0.000,0.038,0.000]
Epoch [76] Training Results: Prec@1 72.776 Prec@5 97.313 Loss 0.95185
Epoch [76] Training Class Recall: [0.972,0.406,0.764,0.207,0.120,0.000,0.014,0.000,0.017,0.000]
Epoch [76] Testing Results: Prec@1 17.500 Prec@5 72.480 Loss 3.08919
Epoch [76] Testing Class Recall: [0.751,0.121,0.610,0.069,0.089,0.000,0.073,0.000,0.037,0.000]
Epoch [77] Training Results: Prec@1 74.684 Prec@5 97.474 Loss 0.89069
Epoch [77] Training Class Recall: [0.971,0.496,0.769,0.258,0.245,0.000,0.042,0.000,0.153,0.000]
Epoch [77] Testing Results: Prec@1 19.060 Prec@5 72.750 Loss 2.98763
Epoch [77] Testing Class Recall: [0.750,0.207,0.520,0.254,0.119,0.000,0.054,0.000,0.002,0.000]
Epoch [78] Training Results: Prec@1 75.732 Prec@5 97.796 Loss 0.89020
Epoch [78] Training Class Recall: [0.983,0.523,0.771,0.332,0.224,0.000,0.056,0.000,0.000,0.000]
Epoch [78] Testing Results: Prec@1 22.630 Prec@5 74.100 Loss 2.97333
Epoch [78] Testing Class Recall: [0.806,0.307,0.537,0.370,0.130,0.000,0.112,0.000,0.001,0.000]
Epoch [79] Training Results: Prec@1 77.103 Prec@5 98.038 Loss 0.84344
Epoch [79] Training Class Recall: [0.979,0.621,0.792,0.332,0.302,0.000,0.014,0.000,0.068,0.000]
Epoch [79] Testing Results: Prec@1 18.320 Prec@5 75.750 Loss 3.44070
Epoch [79] Testing Class Recall: [0.693,0.284,0.582,0.153,0.072,0.000,0.040,0.000,0.008,0.000]
Epoch [80] Training Results: Prec@1 75.625 Prec@5 97.662 Loss 0.88912
Epoch [80] Training Class Recall: [0.969,0.531,0.803,0.238,0.318,0.000,0.014,0.000,0.034,0.000]
Epoch [80] Testing Results: Prec@1 17.300 Prec@5 73.220 Loss 2.92495
Epoch [80] Testing Class Recall: [0.723,0.234,0.466,0.202,0.052,0.000,0.028,0.000,0.025,0.000]
Epoch [81] Training Results: Prec@1 76.888 Prec@5 97.662 Loss 0.86307
Epoch [81] Training Class Recall: [0.972,0.633,0.779,0.340,0.359,0.000,0.028,0.000,0.051,0.000]
Epoch [81] Testing Results: Prec@1 17.860 Prec@5 75.610 Loss 3.30037
Epoch [81] Testing Class Recall: [0.710,0.141,0.488,0.157,0.134,0.000,0.106,0.000,0.050,0.000]
Epoch [82] Training Results: Prec@1 76.512 Prec@5 97.635 Loss 0.90028
Epoch [82] Training Class Recall: [0.981,0.543,0.789,0.246,0.365,0.000,0.097,0.000,0.085,0.000]
Epoch [82] Testing Results: Prec@1 15.550 Prec@5 75.900 Loss 3.47835
Epoch [82] Testing Class Recall: [0.774,0.230,0.447,0.037,0.040,0.000,0.008,0.000,0.019,0.000]
Epoch [83] Training Results: Prec@1 75.920 Prec@5 98.011 Loss 0.90725
Epoch [83] Training Class Recall: [0.979,0.500,0.779,0.305,0.271,0.000,0.111,0.000,0.136,0.000]
Epoch [83] Testing Results: Prec@1 18.730 Prec@5 73.100 Loss 3.02363
Epoch [83] Testing Class Recall: [0.796,0.159,0.557,0.083,0.199,0.000,0.043,0.000,0.036,0.000]
Epoch [84] Training Results: Prec@1 76.592 Prec@5 97.958 Loss 0.86161
Epoch [84] Training Class Recall: [0.976,0.602,0.791,0.266,0.323,0.000,0.097,0.000,0.068,0.000]
Epoch [84] Testing Results: Prec@1 21.660 Prec@5 75.620 Loss 3.00490
Epoch [84] Testing Class Recall: [0.781,0.140,0.439,0.427,0.279,0.000,0.025,0.000,0.075,0.000]
Epoch [85] Training Results: Prec@1 77.130 Prec@5 98.065 Loss 0.88610
Epoch [85] Training Class Recall: [0.977,0.531,0.784,0.355,0.401,0.000,0.125,0.000,0.102,0.000]
Epoch [85] Testing Results: Prec@1 20.220 Prec@5 76.330 Loss 3.20835
Epoch [85] Testing Class Recall: [0.695,0.339,0.598,0.282,0.032,0.000,0.007,0.000,0.069,0.000]
Epoch [86] Training Results: Prec@1 75.302 Prec@5 97.743 Loss 0.91966
Epoch [86] Training Class Recall: [0.978,0.578,0.761,0.258,0.260,0.000,0.000,0.000,0.068,0.000]
Epoch [86] Testing Results: Prec@1 18.560 Prec@5 74.890 Loss 3.07612
Epoch [86] Testing Class Recall: [0.725,0.210,0.506,0.172,0.072,0.000,0.060,0.000,0.111,0.000]
Epoch [87] Training Results: Prec@1 77.479 Prec@5 97.823 Loss 0.88938
Epoch [87] Training Class Recall: [0.983,0.609,0.790,0.293,0.339,0.000,0.153,0.000,0.136,0.000]
Epoch [87] Testing Results: Prec@1 20.390 Prec@5 72.300 Loss 3.15810
Epoch [87] Testing Class Recall: [0.699,0.414,0.508,0.176,0.114,0.000,0.114,0.000,0.014,0.000]
Epoch [88] Training Results: Prec@1 77.318 Prec@5 97.850 Loss 0.88848
Epoch [88] Training Class Recall: [0.976,0.555,0.803,0.316,0.380,0.000,0.111,0.000,0.119,0.000]
Epoch [88] Testing Results: Prec@1 19.040 Prec@5 76.680 Loss 2.93606
Epoch [88] Testing Class Recall: [0.806,0.303,0.506,0.136,0.063,0.000,0.063,0.000,0.027,0.000]
Epoch [89] Training Results: Prec@1 77.130 Prec@5 98.280 Loss 0.85586
Epoch [89] Training Class Recall: [0.980,0.602,0.789,0.293,0.380,0.000,0.069,0.000,0.017,0.000]
Epoch [89] Testing Results: Prec@1 23.770 Prec@5 75.730 Loss 2.91741
Epoch [89] Testing Class Recall: [0.695,0.365,0.616,0.351,0.111,0.000,0.093,0.000,0.146,0.000]
Epoch [90] Training Results: Prec@1 77.990 Prec@5 98.146 Loss 0.88197
Epoch [90] Training Class Recall: [0.980,0.582,0.799,0.328,0.417,0.000,0.139,0.000,0.136,0.000]
Epoch [90] Testing Results: Prec@1 18.970 Prec@5 76.660 Loss 3.35707
Epoch [90] Testing Class Recall: [0.779,0.289,0.675,0.066,0.043,0.000,0.020,0.000,0.025,0.000]
Epoch [91] Training Results: Prec@1 78.715 Prec@5 98.253 Loss 0.86131
Epoch [91] Training Class Recall: [0.981,0.637,0.812,0.352,0.396,0.000,0.139,0.000,0.119,0.000]
Epoch [91] Testing Results: Prec@1 21.660 Prec@5 77.680 Loss 2.94394
Epoch [91] Testing Class Recall: [0.787,0.234,0.515,0.274,0.090,0.000,0.150,0.000,0.116,0.000]
Epoch [92] Training Results: Prec@1 79.199 Prec@5 98.146 Loss 0.86247
Epoch [92] Training Class Recall: [0.977,0.586,0.811,0.480,0.417,0.000,0.125,0.000,0.169,0.000]
Epoch [92] Testing Results: Prec@1 18.210 Prec@5 75.790 Loss 3.22828
Epoch [92] Testing Class Recall: [0.787,0.266,0.523,0.058,0.041,0.000,0.073,0.000,0.073,0.000]
Epoch [93] Training Results: Prec@1 77.909 Prec@5 98.522 Loss 0.86232
Epoch [93] Training Class Recall: [0.979,0.578,0.813,0.293,0.380,0.000,0.167,0.000,0.169,0.000]
Epoch [93] Testing Results: Prec@1 27.080 Prec@5 69.390 Loss 2.99568
Epoch [93] Testing Class Recall: [0.717,0.518,0.623,0.287,0.113,0.000,0.399,0.000,0.051,0.000]
Epoch [94] Training Results: Prec@1 78.608 Prec@5 98.146 Loss 0.88108
Epoch [94] Training Class Recall: [0.974,0.656,0.799,0.359,0.474,0.000,0.083,0.000,0.153,0.000]
Epoch [94] Testing Results: Prec@1 18.720 Prec@5 74.870 Loss 2.90815
Epoch [94] Testing Class Recall: [0.708,0.197,0.604,0.129,0.031,0.000,0.018,0.000,0.185,0.000]
Epoch [95] Training Results: Prec@1 76.942 Prec@5 98.307 Loss 0.89245
Epoch [95] Training Class Recall: [0.984,0.586,0.774,0.305,0.344,0.000,0.042,0.000,0.153,0.000]
Epoch [95] Testing Results: Prec@1 18.030 Prec@5 76.060 Loss 3.31076
Epoch [95] Testing Class Recall: [0.854,0.201,0.465,0.078,0.105,0.000,0.039,0.000,0.061,0.000]
Epoch [96] Training Results: Prec@1 77.990 Prec@5 97.958 Loss 0.86376
Epoch [96] Training Class Recall: [0.978,0.527,0.803,0.340,0.464,0.000,0.153,0.000,0.186,0.000]
Epoch [96] Testing Results: Prec@1 29.570 Prec@5 74.370 Loss 2.65141
Epoch [96] Testing Class Recall: [0.690,0.677,0.569,0.490,0.200,0.000,0.266,0.000,0.065,0.000]
Epoch [97] Training Results: Prec@1 76.780 Prec@5 98.199 Loss 0.89403
Epoch [97] Training Class Recall: [0.959,0.578,0.797,0.391,0.370,0.000,0.111,0.000,0.034,0.000]
Epoch [97] Testing Results: Prec@1 17.550 Prec@5 77.430 Loss 3.11988
Epoch [97] Testing Class Recall: [0.886,0.313,0.348,0.082,0.088,0.000,0.030,0.000,0.008,0.000]
Epoch [98] Training Results: Prec@1 76.780 Prec@5 98.253 Loss 0.88512
Epoch [98] Training Class Recall: [0.980,0.562,0.742,0.363,0.469,0.000,0.056,0.000,0.085,0.000]
Epoch [98] Testing Results: Prec@1 21.970 Prec@5 78.090 Loss 3.14009
Epoch [98] Testing Class Recall: [0.801,0.215,0.487,0.313,0.109,0.000,0.135,0.000,0.137,0.000]
Epoch [99] Training Results: Prec@1 79.495 Prec@5 98.441 Loss 0.84251
Epoch [99] Training Class Recall: [0.986,0.641,0.823,0.387,0.359,0.000,0.167,0.000,0.186,0.000]
Epoch [99] Testing Results: Prec@1 22.740 Prec@5 76.970 Loss 2.98456
Epoch [99] Testing Class Recall: [0.786,0.291,0.578,0.262,0.112,0.000,0.211,0.000,0.034,0.000]
Epoch [100] Training Results: Prec@1 78.689 Prec@5 98.092 Loss 0.92009
Epoch [100] Training Class Recall: [0.984,0.613,0.799,0.371,0.443,0.000,0.083,0.000,0.119,0.000]
Epoch [100] Testing Results: Prec@1 19.030 Prec@5 78.140 Loss 3.16899
Epoch [100] Testing Class Recall: [0.918,0.183,0.391,0.257,0.021,0.000,0.125,0.000,0.008,0.000]
Epoch [101] Training Results: Prec@1 78.581 Prec@5 98.307 Loss 0.86101
Epoch [101] Training Class Recall: [0.984,0.621,0.784,0.434,0.411,0.000,0.069,0.000,0.068,0.000]
Epoch [101] Testing Results: Prec@1 22.740 Prec@5 72.650 Loss 3.06962
Epoch [101] Testing Class Recall: [0.713,0.428,0.598,0.283,0.066,0.000,0.174,0.005,0.007,0.000]
Epoch [102] Training Results: Prec@1 77.587 Prec@5 98.361 Loss 0.88940
Epoch [102] Training Class Recall: [0.983,0.566,0.774,0.320,0.443,0.000,0.167,0.000,0.136,0.000]
Epoch [102] Testing Results: Prec@1 22.700 Prec@5 80.550 Loss 2.77226
Epoch [102] Testing Class Recall: [0.816,0.262,0.459,0.456,0.091,0.000,0.025,0.006,0.155,0.000]
Epoch [103] Training Results: Prec@1 78.769 Prec@5 98.334 Loss 0.82477
Epoch [103] Training Class Recall: [0.978,0.703,0.794,0.355,0.391,0.000,0.097,0.000,0.254,0.000]
Epoch [103] Testing Results: Prec@1 22.490 Prec@5 78.640 Loss 2.93841
Epoch [103] Testing Class Recall: [0.770,0.220,0.693,0.225,0.096,0.000,0.115,0.001,0.129,0.000]
Epoch [104] Training Results: Prec@1 80.193 Prec@5 98.603 Loss 0.86197
Epoch [104] Training Class Recall: [0.980,0.676,0.825,0.391,0.438,0.000,0.292,0.000,0.237,0.000]
Epoch [104] Testing Results: Prec@1 21.850 Prec@5 79.500 Loss 3.05462
Epoch [104] Testing Class Recall: [0.808,0.309,0.620,0.151,0.128,0.000,0.083,0.000,0.086,0.000]
Epoch [105] Training Results: Prec@1 81.376 Prec@5 98.764 Loss 0.82583
Epoch [105] Training Class Recall: [0.977,0.734,0.844,0.402,0.505,0.000,0.222,0.000,0.339,0.000]
Epoch [105] Testing Results: Prec@1 22.820 Prec@5 80.640 Loss 3.01638
Epoch [105] Testing Class Recall: [0.700,0.276,0.598,0.334,0.196,0.000,0.084,0.026,0.068,0.000]
Epoch [106] Training Results: Prec@1 79.710 Prec@5 98.629 Loss 0.86409
Epoch [106] Training Class Recall: [0.983,0.602,0.843,0.402,0.406,0.000,0.125,0.000,0.119,0.000]
Epoch [106] Testing Results: Prec@1 21.770 Prec@5 78.770 Loss 2.88260
Epoch [106] Testing Class Recall: [0.723,0.330,0.526,0.264,0.178,0.000,0.123,0.000,0.033,0.000]
Epoch [107] Training Results: Prec@1 80.140 Prec@5 98.576 Loss 0.86351
Epoch [107] Training Class Recall: [0.984,0.695,0.832,0.355,0.438,0.000,0.181,0.000,0.153,0.000]
Epoch [107] Testing Results: Prec@1 19.480 Prec@5 80.060 Loss 2.98104
Epoch [107] Testing Class Recall: [0.820,0.141,0.331,0.251,0.172,0.000,0.118,0.002,0.113,0.000]
Epoch [108] Training Results: Prec@1 80.677 Prec@5 98.441 Loss 0.83582
Epoch [108] Training Class Recall: [0.983,0.645,0.823,0.430,0.453,0.000,0.278,0.000,0.373,0.000]
Epoch [108] Testing Results: Prec@1 22.690 Prec@5 79.920 Loss 2.77894
Epoch [108] Testing Class Recall: [0.742,0.220,0.500,0.233,0.313,0.000,0.110,0.016,0.135,0.000]
Epoch [109] Training Results: Prec@1 81.430 Prec@5 98.629 Loss 0.84189
Epoch [109] Training Class Recall: [0.983,0.742,0.846,0.387,0.490,0.000,0.208,0.000,0.254,0.000]
Epoch [109] Testing Results: Prec@1 18.910 Prec@5 77.950 Loss 3.41690
Epoch [109] Testing Class Recall: [0.790,0.158,0.601,0.117,0.156,0.000,0.005,0.000,0.064,0.000]
Epoch [110] Training Results: Prec@1 80.946 Prec@5 98.737 Loss 0.85150
Epoch [110] Training Class Recall: [0.984,0.613,0.830,0.469,0.536,0.000,0.208,0.000,0.203,0.000]
Epoch [110] Testing Results: Prec@1 25.430 Prec@5 79.780 Loss 2.51704
Epoch [110] Testing Class Recall: [0.754,0.242,0.443,0.422,0.329,0.000,0.153,0.005,0.195,0.000]
Epoch [111] Training Results: Prec@1 81.268 Prec@5 98.414 Loss 0.80678
Epoch [111] Training Class Recall: [0.981,0.742,0.818,0.473,0.510,0.000,0.222,0.000,0.186,0.000]
Epoch [111] Testing Results: Prec@1 20.910 Prec@5 75.160 Loss 3.19890
Epoch [111] Testing Class Recall: [0.874,0.099,0.615,0.264,0.029,0.000,0.185,0.002,0.023,0.000]
Epoch [112] Training Results: Prec@1 80.435 Prec@5 98.737 Loss 0.81774
Epoch [112] Training Class Recall: [0.982,0.688,0.827,0.402,0.464,0.000,0.153,0.000,0.271,0.000]
Epoch [112] Testing Results: Prec@1 30.150 Prec@5 79.490 Loss 2.42457
Epoch [112] Testing Class Recall: [0.748,0.392,0.519,0.586,0.136,0.000,0.407,0.024,0.203,0.000]
Epoch [113] Training Results: Prec@1 82.666 Prec@5 98.549 Loss 0.81596
Epoch [113] Training Class Recall: [0.983,0.730,0.863,0.523,0.484,0.000,0.236,0.000,0.220,0.000]
Epoch [113] Testing Results: Prec@1 21.360 Prec@5 82.190 Loss 2.67535
Epoch [113] Testing Class Recall: [0.829,0.370,0.432,0.217,0.124,0.000,0.107,0.003,0.054,0.000]
Epoch [114] Training Results: Prec@1 81.430 Prec@5 98.629 Loss 0.83866
Epoch [114] Training Class Recall: [0.980,0.754,0.822,0.457,0.562,0.018,0.083,0.000,0.237,0.000]
Epoch [114] Testing Results: Prec@1 27.080 Prec@5 78.830 Loss 2.38406
Epoch [114] Testing Class Recall: [0.688,0.532,0.568,0.361,0.182,0.000,0.192,0.019,0.166,0.000]
Epoch [115] Training Results: Prec@1 82.612 Prec@5 98.522 Loss 0.82708
Epoch [115] Training Class Recall: [0.977,0.801,0.856,0.504,0.547,0.000,0.111,0.000,0.220,0.000]
Epoch [115] Testing Results: Prec@1 21.810 Prec@5 80.410 Loss 3.00898
Epoch [115] Testing Class Recall: [0.863,0.361,0.543,0.198,0.080,0.000,0.102,0.005,0.029,0.000]
Epoch [116] Training Results: Prec@1 82.397 Prec@5 98.791 Loss 0.82030
Epoch [116] Training Class Recall: [0.984,0.730,0.842,0.531,0.495,0.000,0.236,0.000,0.254,0.000]
Epoch [116] Testing Results: Prec@1 19.420 Prec@5 80.640 Loss 3.07733
Epoch [116] Testing Class Recall: [0.771,0.266,0.515,0.029,0.082,0.000,0.128,0.006,0.145,0.000]
Epoch [117] Training Results: Prec@1 81.860 Prec@5 99.140 Loss 0.81012
Epoch [117] Training Class Recall: [0.990,0.770,0.839,0.387,0.474,0.000,0.250,0.000,0.288,0.000]
Epoch [117] Testing Results: Prec@1 24.160 Prec@5 79.230 Loss 2.77821
Epoch [117] Testing Class Recall: [0.693,0.444,0.668,0.151,0.129,0.000,0.182,0.000,0.149,0.000]
Epoch [118] Training Results: Prec@1 83.042 Prec@5 98.925 Loss 0.79871
Epoch [118] Training Class Recall: [0.969,0.773,0.848,0.531,0.630,0.000,0.264,0.029,0.407,0.000]
Epoch [118] Testing Results: Prec@1 25.720 Prec@5 80.610 Loss 2.81022
Epoch [118] Testing Class Recall: [0.922,0.138,0.547,0.283,0.250,0.000,0.362,0.023,0.047,0.000]
Epoch [119] Training Results: Prec@1 82.451 Prec@5 98.898 Loss 0.85509
Epoch [119] Training Class Recall: [0.988,0.734,0.826,0.500,0.589,0.000,0.208,0.057,0.220,0.000]
Epoch [119] Testing Results: Prec@1 20.650 Prec@5 81.430 Loss 2.92018
Epoch [119] Testing Class Recall: [0.841,0.216,0.476,0.193,0.075,0.000,0.148,0.017,0.099,0.000]
Epoch [120] Training Results: Prec@1 81.645 Prec@5 98.871 Loss 0.78754
Epoch [120] Training Class Recall: [0.985,0.699,0.855,0.426,0.484,0.000,0.250,0.000,0.169,0.000]
Epoch [120] Testing Results: Prec@1 25.650 Prec@5 81.870 Loss 2.74644
Epoch [120] Testing Class Recall: [0.752,0.218,0.549,0.384,0.296,0.000,0.134,0.123,0.109,0.000]
Epoch [121] Training Results: Prec@1 82.585 Prec@5 98.979 Loss 0.82016
Epoch [121] Training Class Recall: [0.990,0.734,0.854,0.406,0.531,0.000,0.278,0.057,0.339,0.000]
Epoch [121] Testing Results: Prec@1 30.500 Prec@5 83.720 Loss 2.41449
Epoch [121] Testing Class Recall: [0.657,0.790,0.707,0.235,0.113,0.000,0.142,0.107,0.299,0.000]
Epoch [122] Training Results: Prec@1 81.080 Prec@5 98.871 Loss 0.86205
Epoch [122] Training Class Recall: [0.974,0.754,0.829,0.422,0.479,0.000,0.306,0.029,0.271,0.000]
Epoch [122] Testing Results: Prec@1 20.200 Prec@5 79.120 Loss 3.05319
Epoch [122] Testing Class Recall: [0.955,0.218,0.362,0.076,0.137,0.000,0.185,0.006,0.081,0.000]
Epoch [123] Training Results: Prec@1 81.725 Prec@5 99.006 Loss 0.81510
Epoch [123] Training Class Recall: [0.985,0.730,0.833,0.453,0.531,0.000,0.167,0.000,0.237,0.000]
Epoch [123] Testing Results: Prec@1 27.140 Prec@5 79.440 Loss 2.54809
Epoch [123] Testing Class Recall: [0.712,0.400,0.627,0.285,0.074,0.000,0.403,0.064,0.149,0.000]
Epoch [124] Training Results: Prec@1 82.988 Prec@5 98.844 Loss 0.82762
Epoch [124] Training Class Recall: [0.981,0.742,0.852,0.496,0.542,0.000,0.306,0.057,0.424,0.000]
Epoch [124] Testing Results: Prec@1 25.220 Prec@5 79.420 Loss 2.79042
Epoch [124] Testing Class Recall: [0.864,0.343,0.483,0.361,0.182,0.000,0.212,0.034,0.043,0.000]
Epoch [125] Training Results: Prec@1 83.822 Prec@5 98.952 Loss 0.75484
Epoch [125] Training Class Recall: [0.988,0.777,0.849,0.520,0.589,0.000,0.306,0.029,0.373,0.000]
Epoch [125] Testing Results: Prec@1 28.360 Prec@5 80.500 Loss 2.61918
Epoch [125] Testing Class Recall: [0.730,0.346,0.594,0.394,0.155,0.000,0.290,0.211,0.116,0.000]
Epoch [126] Training Results: Prec@1 81.913 Prec@5 99.059 Loss 0.80579
Epoch [126] Training Class Recall: [0.979,0.758,0.814,0.520,0.516,0.000,0.278,0.029,0.339,0.000]
Epoch [126] Testing Results: Prec@1 19.440 Prec@5 81.630 Loss 3.14392
Epoch [126] Testing Class Recall: [0.885,0.145,0.610,0.075,0.092,0.000,0.090,0.031,0.016,0.000]
Epoch [127] Training Results: Prec@1 83.123 Prec@5 98.952 Loss 0.76884
Epoch [127] Training Class Recall: [0.979,0.699,0.862,0.527,0.615,0.000,0.333,0.057,0.203,0.000]
Epoch [127] Testing Results: Prec@1 22.650 Prec@5 82.660 Loss 2.93260
Epoch [127] Testing Class Recall: [0.790,0.302,0.552,0.233,0.122,0.000,0.035,0.068,0.163,0.000]
Epoch [128] Training Results: Prec@1 84.010 Prec@5 99.086 Loss 0.80483
Epoch [128] Training Class Recall: [0.983,0.758,0.884,0.559,0.531,0.000,0.306,0.029,0.254,0.000]
Epoch [128] Testing Results: Prec@1 24.170 Prec@5 81.940 Loss 2.73675
Epoch [128] Testing Class Recall: [0.897,0.229,0.369,0.280,0.157,0.000,0.250,0.088,0.147,0.000]
Epoch [129] Training Results: Prec@1 83.902 Prec@5 99.059 Loss 0.82150
Epoch [129] Training Class Recall: [0.990,0.793,0.851,0.504,0.552,0.000,0.319,0.086,0.390,0.000]
Epoch [129] Testing Results: Prec@1 23.210 Prec@5 82.540 Loss 2.80302
Epoch [129] Testing Class Recall: [0.841,0.273,0.614,0.254,0.069,0.000,0.137,0.109,0.024,0.000]
Epoch [130] Training Results: Prec@1 84.332 Prec@5 99.194 Loss 0.72958
Epoch [130] Training Class Recall: [0.982,0.773,0.883,0.562,0.531,0.000,0.319,0.229,0.288,0.000]
Epoch [130] Testing Results: Prec@1 27.190 Prec@5 83.530 Loss 2.55011
Epoch [130] Testing Class Recall: [0.748,0.383,0.616,0.211,0.311,0.000,0.092,0.199,0.159,0.000]
Epoch [131] Training Results: Prec@1 84.843 Prec@5 99.248 Loss 0.83750
Epoch [131] Training Class Recall: [0.984,0.859,0.871,0.508,0.615,0.000,0.347,0.114,0.322,0.000]
Epoch [131] Testing Results: Prec@1 27.120 Prec@5 81.490 Loss 2.61856
Epoch [131] Testing Class Recall: [0.763,0.159,0.541,0.310,0.167,0.000,0.461,0.072,0.239,0.000]
Epoch [132] Training Results: Prec@1 81.322 Prec@5 98.818 Loss 0.83969
Epoch [132] Training Class Recall: [0.983,0.684,0.833,0.516,0.443,0.000,0.181,0.086,0.220,0.000]
Epoch [132] Testing Results: Prec@1 23.550 Prec@5 83.910 Loss 3.05825
Epoch [132] Testing Class Recall: [0.828,0.310,0.631,0.196,0.077,0.000,0.040,0.031,0.242,0.000]
Epoch [133] Training Results: Prec@1 83.607 Prec@5 99.006 Loss 0.81566
Epoch [133] Training Class Recall: [0.986,0.789,0.835,0.551,0.542,0.000,0.333,0.171,0.339,0.000]
Epoch [133] Testing Results: Prec@1 22.570 Prec@5 84.060 Loss 2.97066
Epoch [133] Testing Class Recall: [0.962,0.391,0.478,0.160,0.035,0.000,0.098,0.031,0.102,0.000]
Epoch [134] Training Results: Prec@1 84.144 Prec@5 99.059 Loss 0.78126
Epoch [134] Training Class Recall: [0.989,0.793,0.857,0.492,0.594,0.000,0.278,0.114,0.458,0.000]
Epoch [134] Testing Results: Prec@1 36.430 Prec@5 79.850 Loss 2.33559
Epoch [134] Testing Class Recall: [0.556,0.649,0.757,0.466,0.196,0.000,0.527,0.114,0.378,0.000]
Epoch [135] Training Results: Prec@1 83.123 Prec@5 99.086 Loss 0.79994
Epoch [135] Training Class Recall: [0.977,0.773,0.846,0.520,0.568,0.000,0.306,0.286,0.271,0.000]
Epoch [135] Testing Results: Prec@1 21.320 Prec@5 80.920 Loss 2.91010
Epoch [135] Testing Class Recall: [0.842,0.166,0.514,0.240,0.093,0.000,0.139,0.076,0.062,0.000]
Epoch [136] Training Results: Prec@1 84.144 Prec@5 99.221 Loss 0.84235
Epoch [136] Training Class Recall: [0.985,0.762,0.876,0.559,0.526,0.000,0.222,0.257,0.339,0.000]
Epoch [136] Testing Results: Prec@1 19.170 Prec@5 84.250 Loss 3.11591
Epoch [136] Testing Class Recall: [0.933,0.290,0.349,0.103,0.040,0.000,0.065,0.043,0.094,0.000]
Epoch [137] Training Results: Prec@1 84.225 Prec@5 99.301 Loss 0.83168
Epoch [137] Training Class Recall: [0.991,0.766,0.863,0.520,0.531,0.000,0.347,0.229,0.407,0.000]
Epoch [137] Testing Results: Prec@1 27.810 Prec@5 82.060 Loss 2.63389
Epoch [137] Testing Class Recall: [0.901,0.562,0.555,0.157,0.143,0.000,0.263,0.041,0.159,0.000]
Epoch [138] Training Results: Prec@1 82.478 Prec@5 99.409 Loss 0.81782
Epoch [138] Training Class Recall: [0.984,0.578,0.863,0.523,0.490,0.000,0.333,0.229,0.458,0.000]
Epoch [138] Testing Results: Prec@1 23.980 Prec@5 80.670 Loss 2.68802
Epoch [138] Testing Class Recall: [0.513,0.281,0.726,0.124,0.134,0.001,0.213,0.093,0.313,0.000]
Epoch [139] Training Results: Prec@1 82.532 Prec@5 99.033 Loss 0.80533
Epoch [139] Training Class Recall: [0.984,0.676,0.839,0.539,0.547,0.000,0.278,0.229,0.237,0.000]
Epoch [139] Testing Results: Prec@1 27.280 Prec@5 79.030 Loss 2.66918
Epoch [139] Testing Class Recall: [0.786,0.468,0.654,0.143,0.140,0.000,0.337,0.131,0.069,0.000]
Epoch [140] Training Results: Prec@1 84.708 Prec@5 99.059 Loss 0.79182
Epoch [140] Training Class Recall: [0.988,0.809,0.871,0.500,0.635,0.000,0.347,0.171,0.288,0.000]
Epoch [140] Testing Results: Prec@1 28.940 Prec@5 82.290 Loss 2.69877
Epoch [140] Testing Class Recall: [0.853,0.285,0.562,0.333,0.185,0.000,0.365,0.080,0.231,0.000]
Epoch [141] Training Results: Prec@1 85.891 Prec@5 99.221 Loss 0.75132
Epoch [141] Training Class Recall: [0.978,0.816,0.875,0.621,0.667,0.000,0.431,0.314,0.441,0.000]
Epoch [141] Testing Results: Prec@1 28.490 Prec@5 81.390 Loss 2.52901
Epoch [141] Testing Class Recall: [0.824,0.209,0.604,0.468,0.169,0.000,0.118,0.240,0.217,0.000]
Epoch [142] Training Results: Prec@1 84.708 Prec@5 99.301 Loss 0.79528
Epoch [142] Training Class Recall: [0.989,0.809,0.852,0.562,0.589,0.000,0.306,0.229,0.424,0.000]
Epoch [142] Testing Results: Prec@1 28.200 Prec@5 81.000 Loss 2.50420
Epoch [142] Testing Class Recall: [0.766,0.275,0.622,0.368,0.360,0.000,0.112,0.148,0.169,0.000]
Epoch [143] Training Results: Prec@1 83.257 Prec@5 98.979 Loss 0.82808
Epoch [143] Training Class Recall: [0.986,0.770,0.833,0.492,0.557,0.000,0.306,0.143,0.492,0.000]
Epoch [143] Testing Results: Prec@1 30.540 Prec@5 82.130 Loss 2.32992
Epoch [143] Testing Class Recall: [0.786,0.332,0.506,0.493,0.461,0.000,0.161,0.156,0.159,0.000]
Epoch [144] Training Results: Prec@1 83.848 Prec@5 99.167 Loss 0.83438
Epoch [144] Training Class Recall: [0.991,0.770,0.837,0.547,0.578,0.000,0.264,0.343,0.288,0.000]
Epoch [144] Testing Results: Prec@1 24.360 Prec@5 82.370 Loss 2.72690
Epoch [144] Testing Class Recall: [0.856,0.304,0.540,0.139,0.090,0.000,0.282,0.107,0.118,0.000]
Epoch [145] Training Results: Prec@1 84.252 Prec@5 99.221 Loss 0.82490
Epoch [145] Training Class Recall: [0.985,0.762,0.891,0.508,0.516,0.000,0.333,0.257,0.305,0.000]
Epoch [145] Testing Results: Prec@1 31.370 Prec@5 84.830 Loss 2.39966
Epoch [145] Testing Class Recall: [0.864,0.455,0.524,0.243,0.264,0.001,0.334,0.211,0.241,0.000]
Epoch [146] Training Results: Prec@1 86.482 Prec@5 99.059 Loss 0.74318
Epoch [146] Training Class Recall: [0.987,0.879,0.880,0.570,0.682,0.000,0.375,0.229,0.458,0.000]
Epoch [146] Testing Results: Prec@1 27.410 Prec@5 82.860 Loss 2.64523
Epoch [146] Testing Class Recall: [0.901,0.333,0.498,0.300,0.140,0.001,0.348,0.120,0.100,0.000]
Epoch [147] Training Results: Prec@1 85.515 Prec@5 99.248 Loss 0.82626
Epoch [147] Training Class Recall: [0.989,0.836,0.879,0.527,0.635,0.018,0.306,0.229,0.390,0.000]
Epoch [147] Testing Results: Prec@1 25.670 Prec@5 83.620 Loss 2.60928
Epoch [147] Testing Class Recall: [0.854,0.339,0.447,0.224,0.175,0.000,0.224,0.174,0.130,0.000]
Epoch [148] Training Results: Prec@1 87.369 Prec@5 99.274 Loss 0.71593
Epoch [148] Training Class Recall: [0.991,0.840,0.899,0.645,0.693,0.000,0.347,0.371,0.390,0.000]
Epoch [148] Testing Results: Prec@1 26.470 Prec@5 80.570 Loss 2.94483
Epoch [148] Testing Class Recall: [0.903,0.405,0.475,0.241,0.106,0.000,0.317,0.021,0.179,0.000]
Epoch [149] Training Results: Prec@1 85.165 Prec@5 99.489 Loss 0.80004
Epoch [149] Training Class Recall: [0.984,0.820,0.902,0.527,0.516,0.000,0.361,0.343,0.339,0.000]
Epoch [149] Testing Results: Prec@1 21.140 Prec@5 83.770 Loss 3.08792
Epoch [149] Testing Class Recall: [0.954,0.361,0.316,0.122,0.201,0.000,0.035,0.060,0.065,0.000]
Epoch [150] Training Results: Prec@1 86.724 Prec@5 99.382 Loss 0.72569
Epoch [150] Training Class Recall: [0.988,0.867,0.869,0.613,0.672,0.000,0.333,0.457,0.559,0.000]
Epoch [150] Testing Results: Prec@1 22.980 Prec@5 82.060 Loss 3.18029
Epoch [150] Testing Class Recall: [0.881,0.164,0.558,0.127,0.276,0.000,0.106,0.070,0.116,0.000]
Epoch [151] Training Results: Prec@1 86.912 Prec@5 99.463 Loss 0.73817
Epoch [151] Training Class Recall: [0.986,0.766,0.913,0.578,0.703,0.036,0.389,0.371,0.542,0.000]
Epoch [151] Testing Results: Prec@1 34.940 Prec@5 82.120 Loss 2.28291
Epoch [151] Testing Class Recall: [0.827,0.577,0.603,0.423,0.500,0.000,0.318,0.127,0.119,0.000]
Epoch [152] Training Results: Prec@1 87.906 Prec@5 99.597 Loss 0.72997
Epoch [152] Training Class Recall: [0.991,0.848,0.895,0.633,0.740,0.000,0.458,0.371,0.508,0.000]
Epoch [152] Testing Results: Prec@1 29.920 Prec@5 82.160 Loss 2.47597
Epoch [152] Testing Class Recall: [0.641,0.437,0.595,0.466,0.240,0.004,0.226,0.131,0.252,0.000]
Epoch [153] Training Results: Prec@1 86.240 Prec@5 99.543 Loss 0.81142
Epoch [153] Training Class Recall: [0.982,0.852,0.899,0.555,0.630,0.018,0.403,0.371,0.424,0.000]
Epoch [153] Testing Results: Prec@1 23.650 Prec@5 80.620 Loss 2.79100
Epoch [153] Testing Class Recall: [0.917,0.291,0.465,0.328,0.097,0.000,0.179,0.038,0.050,0.000]
Epoch [154] Training Results: Prec@1 84.413 Prec@5 99.355 Loss 0.77934
Epoch [154] Training Class Recall: [0.983,0.789,0.878,0.461,0.641,0.000,0.375,0.257,0.288,0.000]
Epoch [154] Testing Results: Prec@1 31.550 Prec@5 80.160 Loss 2.58538
Epoch [154] Testing Class Recall: [0.738,0.342,0.547,0.509,0.340,0.000,0.525,0.080,0.074,0.000]
Epoch [155] Training Results: Prec@1 87.611 Prec@5 99.597 Loss 0.76009
Epoch [155] Training Class Recall: [0.994,0.883,0.904,0.625,0.677,0.000,0.417,0.200,0.339,0.000]
Epoch [155] Testing Results: Prec@1 27.000 Prec@5 82.990 Loss 2.61937
Epoch [155] Testing Class Recall: [0.595,0.477,0.855,0.108,0.112,0.003,0.143,0.188,0.219,0.000]
Epoch [156] Training Results: Prec@1 84.574 Prec@5 99.221 Loss 0.82850
Epoch [156] Training Class Recall: [0.978,0.805,0.865,0.598,0.578,0.000,0.306,0.114,0.475,0.000]
Epoch [156] Testing Results: Prec@1 22.210 Prec@5 86.100 Loss 2.79448
Epoch [156] Testing Class Recall: [0.813,0.251,0.595,0.131,0.065,0.010,0.025,0.136,0.195,0.000]
Epoch [157] Training Results: Prec@1 87.127 Prec@5 99.436 Loss 0.78248
Epoch [157] Training Class Recall: [0.993,0.820,0.898,0.605,0.714,0.000,0.278,0.314,0.492,0.000]
Epoch [157] Testing Results: Prec@1 28.550 Prec@5 84.720 Loss 2.60195
Epoch [157] Testing Class Recall: [0.786,0.476,0.759,0.235,0.109,0.000,0.252,0.116,0.122,0.000]
Epoch [158] Training Results: Prec@1 88.068 Prec@5 99.489 Loss 0.68836
Epoch [158] Training Class Recall: [0.982,0.871,0.911,0.695,0.688,0.000,0.444,0.429,0.441,0.000]
Epoch [158] Testing Results: Prec@1 36.690 Prec@5 82.770 Loss 2.15011
Epoch [158] Testing Class Recall: [0.513,0.589,0.736,0.398,0.244,0.000,0.538,0.206,0.445,0.000]
Epoch [159] Training Results: Prec@1 84.547 Prec@5 99.221 Loss 0.84739
Epoch [159] Training Class Recall: [0.982,0.785,0.844,0.582,0.604,0.000,0.444,0.371,0.373,0.000]
Epoch [159] Testing Results: Prec@1 22.660 Prec@5 82.300 Loss 2.68440
Epoch [159] Testing Class Recall: [0.920,0.225,0.435,0.044,0.271,0.000,0.152,0.178,0.041,0.000]
Epoch [160] Training Results: Prec@1 82.612 Prec@5 99.194 Loss 0.73358
Epoch [160] Training Class Recall: [0.999,0.797,0.792,0.254,0.786,0.000,0.361,0.486,0.169,0.000]
Epoch [160] Testing Results: Prec@1 22.730 Prec@5 83.870 Loss 2.64499
Epoch [160] Testing Class Recall: [0.931,0.206,0.434,0.077,0.234,0.000,0.203,0.132,0.056,0.000]
Epoch [161] Training Results: Prec@1 85.085 Prec@5 99.624 Loss 0.78688
Epoch [161] Training Class Recall: [0.998,0.867,0.839,0.359,0.839,0.000,0.375,0.400,0.169,0.000]
Epoch [161] Testing Results: Prec@1 23.660 Prec@5 84.260 Loss 2.60817
Epoch [161] Testing Class Recall: [0.916,0.274,0.466,0.110,0.235,0.001,0.163,0.133,0.068,0.000]
Epoch [162] Training Results: Prec@1 85.918 Prec@5 99.382 Loss 0.75920
Epoch [162] Training Class Recall: [0.997,0.867,0.864,0.422,0.812,0.000,0.361,0.514,0.136,0.000]
Epoch [162] Testing Results: Prec@1 24.860 Prec@5 84.280 Loss 2.60797
Epoch [162] Testing Class Recall: [0.910,0.282,0.549,0.149,0.228,0.000,0.184,0.120,0.064,0.000]
Epoch [163] Training Results: Prec@1 86.482 Prec@5 99.516 Loss 0.71550
Epoch [163] Training Class Recall: [0.996,0.863,0.883,0.434,0.839,0.000,0.333,0.486,0.186,0.000]
Epoch [163] Testing Results: Prec@1 24.730 Prec@5 83.970 Loss 2.59931
Epoch [163] Testing Class Recall: [0.878,0.266,0.545,0.125,0.233,0.000,0.243,0.103,0.080,0.000]
Epoch [164] Training Results: Prec@1 87.799 Prec@5 99.489 Loss 0.73709
Epoch [164] Training Class Recall: [0.998,0.926,0.898,0.520,0.812,0.000,0.306,0.429,0.237,0.000]
Epoch [164] Testing Results: Prec@1 25.630 Prec@5 84.600 Loss 2.55592
Epoch [164] Testing Class Recall: [0.895,0.341,0.509,0.189,0.250,0.000,0.205,0.111,0.063,0.000]
Epoch [165] Training Results: Prec@1 88.014 Prec@5 99.463 Loss 0.73882
Epoch [165] Training Class Recall: [0.994,0.895,0.904,0.578,0.833,0.000,0.306,0.457,0.220,0.000]
Epoch [165] Testing Results: Prec@1 25.420 Prec@5 85.010 Loss 2.57087
Epoch [165] Testing Class Recall: [0.889,0.329,0.546,0.170,0.205,0.000,0.190,0.129,0.084,0.000]
Epoch [166] Training Results: Prec@1 87.772 Prec@5 99.570 Loss 0.79250
Epoch [166] Training Class Recall: [0.996,0.871,0.911,0.570,0.781,0.000,0.319,0.400,0.220,0.000]
Epoch [166] Testing Results: Prec@1 25.440 Prec@5 84.430 Loss 2.59830
Epoch [166] Testing Class Recall: [0.878,0.367,0.585,0.173,0.216,0.000,0.161,0.086,0.078,0.000]
Epoch [167] Training Results: Prec@1 88.336 Prec@5 99.570 Loss 0.71378
Epoch [167] Training Class Recall: [0.996,0.879,0.906,0.582,0.833,0.018,0.306,0.514,0.305,0.000]
Epoch [167] Testing Results: Prec@1 28.210 Prec@5 83.990 Loss 2.44514
Epoch [167] Testing Class Recall: [0.851,0.380,0.601,0.255,0.280,0.000,0.261,0.112,0.081,0.000]
Epoch [168] Training Results: Prec@1 88.632 Prec@5 99.597 Loss 0.72006
Epoch [168] Training Class Recall: [0.996,0.871,0.905,0.617,0.859,0.000,0.417,0.486,0.203,0.000]
Epoch [168] Testing Results: Prec@1 25.570 Prec@5 85.460 Loss 2.57821
Epoch [168] Testing Class Recall: [0.901,0.318,0.540,0.229,0.217,0.000,0.179,0.102,0.071,0.000]
Epoch [169] Training Results: Prec@1 88.820 Prec@5 99.597 Loss 0.71739
Epoch [169] Training Class Recall: [0.994,0.906,0.925,0.617,0.818,0.000,0.306,0.457,0.237,0.000]
Epoch [169] Testing Results: Prec@1 27.230 Prec@5 84.920 Loss 2.53635
Epoch [169] Testing Class Recall: [0.875,0.362,0.592,0.224,0.228,0.000,0.259,0.125,0.058,0.000]
Epoch [170] Training Results: Prec@1 88.874 Prec@5 99.570 Loss 0.72625
Epoch [170] Training Class Recall: [0.993,0.910,0.920,0.656,0.786,0.000,0.375,0.400,0.237,0.000]
Epoch [170] Testing Results: Prec@1 27.530 Prec@5 85.160 Loss 2.49561
Epoch [170] Testing Class Recall: [0.860,0.368,0.578,0.257,0.229,0.000,0.261,0.093,0.107,0.000]
Epoch [171] Training Results: Prec@1 89.008 Prec@5 99.651 Loss 0.77933
Epoch [171] Training Class Recall: [0.995,0.902,0.926,0.660,0.771,0.000,0.361,0.429,0.254,0.000]
Epoch [171] Testing Results: Prec@1 25.470 Prec@5 84.950 Loss 2.63114
Epoch [171] Testing Class Recall: [0.872,0.362,0.545,0.197,0.186,0.000,0.223,0.086,0.076,0.000]
Epoch [172] Training Results: Prec@1 89.304 Prec@5 99.597 Loss 0.74807
Epoch [172] Training Class Recall: [0.996,0.910,0.926,0.637,0.818,0.000,0.389,0.371,0.305,0.000]
Epoch [172] Testing Results: Prec@1 28.410 Prec@5 85.690 Loss 2.45800
Epoch [172] Testing Class Recall: [0.864,0.430,0.582,0.245,0.255,0.000,0.213,0.147,0.105,0.000]
Epoch [173] Training Results: Prec@1 89.653 Prec@5 99.543 Loss 0.76022
Epoch [173] Training Class Recall: [0.994,0.906,0.930,0.684,0.786,0.000,0.403,0.457,0.373,0.000]
Epoch [173] Testing Results: Prec@1 28.570 Prec@5 85.170 Loss 2.48794
Epoch [173] Testing Class Recall: [0.854,0.401,0.593,0.298,0.234,0.000,0.278,0.122,0.077,0.000]
Epoch [174] Training Results: Prec@1 89.089 Prec@5 99.624 Loss 0.72936
Epoch [174] Training Class Recall: [0.996,0.898,0.920,0.652,0.786,0.000,0.417,0.429,0.271,0.000]
Epoch [174] Testing Results: Prec@1 26.610 Prec@5 85.340 Loss 2.57064
Epoch [174] Testing Class Recall: [0.874,0.366,0.555,0.249,0.188,0.000,0.252,0.091,0.086,0.000]
Epoch [175] Training Results: Prec@1 89.143 Prec@5 99.678 Loss 0.69876
Epoch [175] Training Class Recall: [0.996,0.902,0.921,0.652,0.797,0.000,0.389,0.400,0.288,0.000]
Epoch [175] Testing Results: Prec@1 26.140 Prec@5 85.270 Loss 2.60331
Epoch [175] Testing Class Recall: [0.883,0.308,0.547,0.241,0.213,0.000,0.226,0.089,0.107,0.000]
Epoch [176] Training Results: Prec@1 89.546 Prec@5 99.785 Loss 0.70684
Epoch [176] Training Class Recall: [0.995,0.902,0.927,0.668,0.797,0.000,0.444,0.371,0.373,0.000]
Epoch [176] Testing Results: Prec@1 27.760 Prec@5 85.100 Loss 2.51932
Epoch [176] Testing Class Recall: [0.872,0.399,0.583,0.221,0.227,0.000,0.277,0.097,0.100,0.000]
Epoch [177] Training Results: Prec@1 89.519 Prec@5 99.624 Loss 0.75018
Epoch [177] Training Class Recall: [0.996,0.910,0.925,0.684,0.797,0.000,0.417,0.371,0.305,0.000]
Epoch [177] Testing Results: Prec@1 29.260 Prec@5 85.210 Loss 2.46726
Epoch [177] Testing Class Recall: [0.861,0.374,0.591,0.327,0.254,0.000,0.295,0.125,0.099,0.000]
Epoch [178] Training Results: Prec@1 89.492 Prec@5 99.543 Loss 0.74495
Epoch [178] Training Class Recall: [0.994,0.926,0.930,0.664,0.786,0.000,0.361,0.486,0.322,0.000]
Epoch [178] Testing Results: Prec@1 26.940 Prec@5 85.080 Loss 2.53966
Epoch [178] Testing Class Recall: [0.854,0.382,0.561,0.239,0.217,0.000,0.235,0.092,0.114,0.000]
Epoch [179] Training Results: Prec@1 90.083 Prec@5 99.651 Loss 0.72116
Epoch [179] Training Class Recall: [0.997,0.910,0.935,0.691,0.797,0.000,0.486,0.429,0.305,0.000]
Epoch [179] Testing Results: Prec@1 26.750 Prec@5 85.430 Loss 2.55187
Epoch [179] Testing Class Recall: [0.856,0.294,0.577,0.290,0.202,0.000,0.257,0.109,0.090,0.000]
Epoch [180] Training Results: Prec@1 89.680 Prec@5 99.651 Loss 0.22597
Epoch [180] Training Class Recall: [0.996,0.902,0.926,0.684,0.828,0.000,0.417,0.371,0.305,0.000]
Epoch [180] Testing Results: Prec@1 27.290 Prec@5 85.810 Loss 3.67570
Epoch [180] Testing Class Recall: [0.860,0.349,0.573,0.295,0.161,0.000,0.259,0.125,0.107,0.000]
Epoch [181] Training Results: Prec@1 90.110 Prec@5 99.731 Loss 0.21132
Epoch [181] Training Class Recall: [0.996,0.914,0.929,0.707,0.823,0.000,0.403,0.429,0.373,0.000]
Epoch [181] Testing Results: Prec@1 28.180 Prec@5 85.410 Loss 3.66470
Epoch [181] Testing Class Recall: [0.867,0.392,0.575,0.245,0.261,0.000,0.260,0.100,0.118,0.000]
Epoch [182] Training Results: Prec@1 89.680 Prec@5 99.597 Loss 0.19789
Epoch [182] Training Class Recall: [0.995,0.910,0.921,0.684,0.802,0.018,0.361,0.457,0.458,0.000]
Epoch [182] Testing Results: Prec@1 28.800 Prec@5 85.620 Loss 3.52827
Epoch [182] Testing Class Recall: [0.826,0.429,0.631,0.257,0.236,0.000,0.208,0.140,0.153,0.000]
Epoch [183] Training Results: Prec@1 89.949 Prec@5 99.704 Loss 0.22352
Epoch [183] Training Class Recall: [0.995,0.902,0.934,0.699,0.818,0.000,0.361,0.429,0.407,0.000]
Epoch [183] Testing Results: Prec@1 26.880 Prec@5 85.350 Loss 3.67621
Epoch [183] Testing Class Recall: [0.841,0.348,0.562,0.256,0.218,0.000,0.244,0.105,0.114,0.000]
Epoch [184] Training Results: Prec@1 89.949 Prec@5 99.651 Loss 0.20661
Epoch [184] Training Class Recall: [0.996,0.902,0.935,0.676,0.807,0.018,0.431,0.429,0.373,0.000]
Epoch [184] Testing Results: Prec@1 28.950 Prec@5 85.530 Loss 3.64560
Epoch [184] Testing Class Recall: [0.867,0.376,0.584,0.321,0.233,0.000,0.292,0.132,0.090,0.000]
Epoch [185] Training Results: Prec@1 89.546 Prec@5 99.651 Loss 0.21978
Epoch [185] Training Class Recall: [0.997,0.922,0.928,0.668,0.792,0.000,0.361,0.371,0.339,0.000]
Epoch [185] Testing Results: Prec@1 27.880 Prec@5 85.340 Loss 3.63347
Epoch [185] Testing Class Recall: [0.841,0.388,0.569,0.288,0.232,0.000,0.239,0.105,0.126,0.000]
Epoch [186] Training Results: Prec@1 89.868 Prec@5 99.731 Loss 0.21887
Epoch [186] Training Class Recall: [0.997,0.926,0.923,0.684,0.818,0.000,0.375,0.514,0.339,0.000]
Epoch [186] Testing Results: Prec@1 27.820 Prec@5 85.720 Loss 3.61740
Epoch [186] Testing Class Recall: [0.862,0.384,0.577,0.286,0.206,0.000,0.254,0.118,0.095,0.000]
Epoch [187] Training Results: Prec@1 89.761 Prec@5 99.597 Loss 0.22755
Epoch [187] Training Class Recall: [0.998,0.906,0.925,0.703,0.786,0.018,0.403,0.314,0.390,0.000]
Epoch [187] Testing Results: Prec@1 27.300 Prec@5 84.880 Loss 3.69956
Epoch [187] Testing Class Recall: [0.847,0.338,0.576,0.287,0.205,0.000,0.288,0.082,0.107,0.000]
Epoch [188] Training Results: Prec@1 90.218 Prec@5 99.704 Loss 0.22383
Epoch [188] Training Class Recall: [0.996,0.922,0.936,0.672,0.807,0.000,0.444,0.486,0.424,0.000]
Epoch [188] Testing Results: Prec@1 28.280 Prec@5 85.040 Loss 3.67145
Epoch [188] Testing Class Recall: [0.854,0.403,0.605,0.278,0.196,0.000,0.291,0.114,0.087,0.000]
Epoch [189] Training Results: Prec@1 90.003 Prec@5 99.624 Loss 0.20886
Epoch [189] Training Class Recall: [0.996,0.922,0.930,0.691,0.797,0.018,0.389,0.429,0.424,0.000]
Epoch [189] Testing Results: Prec@1 26.390 Prec@5 85.530 Loss 3.75721
Epoch [189] Testing Class Recall: [0.871,0.367,0.577,0.198,0.206,0.000,0.212,0.108,0.100,0.000]
Epoch [190] Training Results: Prec@1 89.223 Prec@5 99.704 Loss 0.23307
Epoch [190] Training Class Recall: [0.995,0.910,0.930,0.660,0.771,0.000,0.333,0.400,0.322,0.000]
Epoch [190] Testing Results: Prec@1 28.670 Prec@5 86.080 Loss 3.58390
Epoch [190] Testing Class Recall: [0.884,0.381,0.571,0.296,0.285,0.000,0.208,0.140,0.102,0.000]
Epoch [191] Training Results: Prec@1 89.895 Prec@5 99.678 Loss 0.22613
Epoch [191] Training Class Recall: [0.997,0.922,0.931,0.664,0.781,0.000,0.417,0.486,0.424,0.000]
Epoch [191] Testing Results: Prec@1 26.840 Prec@5 85.080 Loss 3.70354
Epoch [191] Testing Class Recall: [0.864,0.361,0.560,0.273,0.204,0.000,0.223,0.094,0.105,0.000]
Epoch [192] Training Results: Prec@1 89.761 Prec@5 99.651 Loss 0.22411
Epoch [192] Training Class Recall: [0.995,0.902,0.925,0.680,0.823,0.000,0.417,0.543,0.356,0.000]
Epoch [192] Testing Results: Prec@1 26.890 Prec@5 85.530 Loss 3.69508
Epoch [192] Testing Class Recall: [0.872,0.367,0.549,0.260,0.205,0.000,0.237,0.087,0.112,0.000]
Epoch [193] Training Results: Prec@1 90.110 Prec@5 99.570 Loss 0.20539
Epoch [193] Training Class Recall: [0.996,0.898,0.931,0.707,0.807,0.000,0.458,0.429,0.407,0.000]
Epoch [193] Testing Results: Prec@1 28.620 Prec@5 86.140 Loss 3.53801
Epoch [193] Testing Class Recall: [0.855,0.377,0.562,0.274,0.220,0.000,0.288,0.147,0.139,0.000]
Epoch [194] Training Results: Prec@1 89.788 Prec@5 99.678 Loss 0.22626
Epoch [194] Training Class Recall: [0.996,0.906,0.934,0.660,0.797,0.000,0.444,0.571,0.288,0.000]
Epoch [194] Testing Results: Prec@1 26.550 Prec@5 85.010 Loss 3.67599
Epoch [194] Testing Class Recall: [0.857,0.365,0.571,0.197,0.211,0.000,0.222,0.109,0.123,0.000]
Epoch [195] Training Results: Prec@1 90.218 Prec@5 99.624 Loss 0.21725
Epoch [195] Training Class Recall: [0.996,0.926,0.928,0.684,0.802,0.000,0.458,0.571,0.424,0.000]
Epoch [195] Testing Results: Prec@1 28.840 Prec@5 85.430 Loss 3.62038
Epoch [195] Testing Class Recall: [0.869,0.377,0.573,0.294,0.255,0.000,0.294,0.131,0.091,0.000]
Epoch [196] Training Results: Prec@1 90.110 Prec@5 99.731 Loss 0.21211
Epoch [196] Training Class Recall: [0.996,0.906,0.941,0.664,0.828,0.000,0.431,0.371,0.407,0.000]
Epoch [196] Testing Results: Prec@1 28.180 Prec@5 85.680 Loss 3.55981
Epoch [196] Testing Class Recall: [0.839,0.367,0.593,0.279,0.213,0.001,0.264,0.128,0.134,0.000]
Epoch [197] Training Results: Prec@1 90.083 Prec@5 99.651 Loss 0.21646
Epoch [197] Training Class Recall: [0.996,0.930,0.929,0.664,0.818,0.018,0.389,0.457,0.492,0.000]
Epoch [197] Testing Results: Prec@1 28.080 Prec@5 85.660 Loss 3.59703
Epoch [197] Testing Class Recall: [0.860,0.370,0.558,0.284,0.220,0.001,0.276,0.129,0.110,0.000]
Epoch [198] Training Results: Prec@1 90.245 Prec@5 99.704 Loss 0.23137
Epoch [198] Training Class Recall: [0.994,0.891,0.928,0.715,0.849,0.018,0.444,0.486,0.424,0.000]
Epoch [198] Testing Results: Prec@1 29.940 Prec@5 85.500 Loss 3.52261
Epoch [198] Testing Class Recall: [0.849,0.422,0.598,0.321,0.247,0.000,0.309,0.115,0.133,0.000]
Epoch [199] Training Results: Prec@1 90.191 Prec@5 99.624 Loss 0.21186
Epoch [199] Training Class Recall: [0.996,0.930,0.935,0.703,0.807,0.000,0.375,0.457,0.356,0.000]
Epoch [199] Testing Results: Prec@1 29.230 Prec@5 85.480 Loss 3.62327
Epoch [199] Testing Class Recall: [0.861,0.408,0.614,0.292,0.231,0.000,0.292,0.114,0.111,0.000]
