Log file: cifar10_sava1.0_deepsmote_sava_exp0.01_seed42_20260613_160805.log
Run started: 2026-06-13 16:08:05.547015
Dataset: cifar10
Imbalance type: exp, factor: 0.01
Selection method: sava, ratio: 1.0
Strategy: DeepSMOTE_Sava, epochs: 200
Seed: 42, rand_number: 0
Augmentation: weak
mamix_ratio: 1.0
============================================================

=> No CSV or TensorBoard logging – only console and debug log.
-----------------------------------------------
Class ID   | Original   | Selected   | Keep %  
-----------------------------------------------
0          | 5000       | 5000       |  100.0%
1          | 5000       | 5000       |  100.0%
2          | 5000       | 5000       |  100.0%
3          | 5000       | 5000       |  100.0%
4          | 5000       | 5000       |  100.0%
5          | 5000       | 5000       |  100.0%
6          | 5000       | 5000       |  100.0%
7          | 5000       | 5000       |  100.0%
8          | 5000       | 5000       |  100.0%
9          | 5000       | 5000       |  100.0%
-----------------------------------------------
TOTAL      | 50000      | 50000      |  100.0%
-----------------------------------------------
Epoch [0] Training Results: Prec@1 45.288 Prec@5 90.370 Loss 1.49407
Epoch [0] Training Class Recall: [0.474,0.595,0.180,0.265,0.337,0.376,0.463,0.528,0.664,0.648]
Epoch [0] Testing Results: Prec@1 40.240 Prec@5 89.010 Loss 1.83032
Epoch [0] Testing Class Recall: [0.773,0.550,0.322,0.233,0.170,0.370,0.240,0.654,0.302,0.410]
Epoch [1] Training Results: Prec@1 62.900 Prec@5 97.040 Loss 1.02199
Epoch [1] Training Class Recall: [0.652,0.742,0.351,0.347,0.518,0.503,0.708,0.757,0.838,0.874]
Epoch [1] Testing Results: Prec@1 39.650 Prec@5 80.960 Loss 2.35518
Epoch [1] Testing Class Recall: [0.743,0.749,0.411,0.529,0.150,0.064,0.834,0.220,0.215,0.050]
Epoch [2] Training Results: Prec@1 71.398 Prec@5 98.400 Loss 0.80429
Epoch [2] Training Class Recall: [0.739,0.804,0.481,0.452,0.617,0.616,0.774,0.832,0.902,0.923]
Epoch [2] Testing Results: Prec@1 50.670 Prec@5 92.380 Loss 1.80492
Epoch [2] Testing Class Recall: [0.816,0.866,0.356,0.197,0.322,0.462,0.598,0.611,0.313,0.526]
Epoch [3] Training Results: Prec@1 76.602 Prec@5 99.048 Loss 0.65952
Epoch [3] Training Class Recall: [0.792,0.854,0.563,0.525,0.678,0.677,0.826,0.866,0.934,0.946]
Epoch [3] Testing Results: Prec@1 51.210 Prec@5 91.270 Loss 1.96544
Epoch [3] Testing Class Recall: [0.843,0.573,0.601,0.208,0.320,0.462,0.574,0.643,0.651,0.246]
Epoch [4] Training Results: Prec@1 80.112 Prec@5 99.364 Loss 0.56587
Epoch [4] Training Class Recall: [0.825,0.874,0.612,0.594,0.728,0.721,0.854,0.895,0.953,0.956]
Epoch [4] Testing Results: Prec@1 58.360 Prec@5 94.680 Loss 1.47889
Epoch [4] Testing Class Recall: [0.505,0.926,0.455,0.380,0.582,0.384,0.818,0.780,0.644,0.362]
Epoch [5] Training Results: Prec@1 83.914 Prec@5 99.618 Loss 0.45872
Epoch [5] Training Class Recall: [0.866,0.905,0.663,0.653,0.768,0.773,0.890,0.930,0.969,0.972]
Epoch [5] Testing Results: Prec@1 57.040 Prec@5 93.870 Loss 1.78479
Epoch [5] Testing Class Recall: [0.754,0.979,0.574,0.442,0.432,0.431,0.811,0.713,0.303,0.265]
Epoch [6] Training Results: Prec@1 85.816 Prec@5 99.694 Loss 0.41135
Epoch [6] Training Class Recall: [0.876,0.919,0.693,0.694,0.808,0.801,0.903,0.939,0.974,0.974]
Epoch [6] Testing Results: Prec@1 54.730 Prec@5 92.890 Loss 2.01909
Epoch [6] Testing Class Recall: [0.659,0.977,0.427,0.551,0.291,0.756,0.514,0.575,0.547,0.176]
Epoch [7] Training Results: Prec@1 87.604 Prec@5 99.766 Loss 0.35808
Epoch [7] Training Class Recall: [0.885,0.925,0.716,0.721,0.832,0.847,0.918,0.957,0.976,0.984]
Epoch [7] Testing Results: Prec@1 56.990 Prec@5 91.240 Loss 2.00952
Epoch [7] Testing Class Recall: [0.914,0.940,0.619,0.504,0.531,0.599,0.675,0.272,0.388,0.257]
Epoch [8] Training Results: Prec@1 88.318 Prec@5 99.830 Loss 0.33106
Epoch [8] Training Class Recall: [0.891,0.932,0.738,0.742,0.839,0.845,0.930,0.954,0.979,0.982]
Epoch [8] Testing Results: Prec@1 56.170 Prec@5 91.960 Loss 2.29309
Epoch [8] Testing Class Recall: [0.917,0.962,0.435,0.602,0.362,0.443,0.623,0.792,0.103,0.378]
Epoch [9] Training Results: Prec@1 89.284 Prec@5 99.836 Loss 0.30693
Epoch [9] Training Class Recall: [0.895,0.937,0.754,0.763,0.857,0.867,0.930,0.958,0.983,0.985]
Epoch [9] Testing Results: Prec@1 56.410 Prec@5 92.800 Loss 2.20332
Epoch [9] Testing Class Recall: [0.952,0.929,0.407,0.625,0.486,0.663,0.570,0.594,0.093,0.322]
Epoch [10] Training Results: Prec@1 90.142 Prec@5 99.872 Loss 0.28531
Epoch [10] Training Class Recall: [0.903,0.937,0.772,0.780,0.870,0.880,0.938,0.965,0.981,0.987]
Epoch [10] Testing Results: Prec@1 59.480 Prec@5 93.510 Loss 1.82171
Epoch [10] Testing Class Recall: [0.875,0.850,0.832,0.402,0.621,0.333,0.620,0.551,0.416,0.448]
Epoch [11] Training Results: Prec@1 90.410 Prec@5 99.876 Loss 0.27619
Epoch [11] Training Class Recall: [0.910,0.938,0.783,0.787,0.870,0.887,0.936,0.969,0.982,0.980]
Epoch [11] Testing Results: Prec@1 58.740 Prec@5 92.880 Loss 2.00302
Epoch [11] Testing Class Recall: [0.857,0.984,0.673,0.430,0.609,0.330,0.838,0.522,0.441,0.190]
Epoch [12] Training Results: Prec@1 90.974 Prec@5 99.894 Loss 0.26059
Epoch [12] Training Class Recall: [0.909,0.941,0.788,0.808,0.875,0.898,0.943,0.968,0.983,0.984]
Epoch [12] Testing Results: Prec@1 59.790 Prec@5 93.510 Loss 1.77548
Epoch [12] Testing Class Recall: [0.883,0.949,0.659,0.544,0.438,0.619,0.385,0.471,0.672,0.359]
Epoch [13] Training Results: Prec@1 91.410 Prec@5 99.928 Loss 0.24531
Epoch [13] Training Class Recall: [0.913,0.941,0.805,0.813,0.885,0.895,0.947,0.969,0.986,0.987]
Epoch [13] Testing Results: Prec@1 66.290 Prec@5 95.780 Loss 1.29330
Epoch [13] Testing Class Recall: [0.805,0.960,0.606,0.622,0.554,0.432,0.721,0.684,0.688,0.557]
Epoch [14] Training Results: Prec@1 91.960 Prec@5 99.908 Loss 0.23316
Epoch [14] Training Class Recall: [0.922,0.951,0.809,0.828,0.890,0.904,0.949,0.970,0.986,0.987]
Epoch [14] Testing Results: Prec@1 59.330 Prec@5 92.380 Loss 1.98952
Epoch [14] Testing Class Recall: [0.910,0.880,0.605,0.383,0.702,0.424,0.889,0.608,0.197,0.335]
Epoch [15] Training Results: Prec@1 92.208 Prec@5 99.922 Loss 0.22738
Epoch [15] Training Class Recall: [0.924,0.950,0.813,0.829,0.895,0.911,0.950,0.973,0.988,0.988]
Epoch [15] Testing Results: Prec@1 63.700 Prec@5 96.010 Loss 1.74051
Epoch [15] Testing Class Recall: [0.904,0.752,0.520,0.565,0.475,0.510,0.703,0.762,0.327,0.852]
Epoch [16] Training Results: Prec@1 92.330 Prec@5 99.918 Loss 0.21951
Epoch [16] Training Class Recall: [0.922,0.950,0.815,0.836,0.902,0.911,0.951,0.971,0.986,0.988]
Epoch [16] Testing Results: Prec@1 50.550 Prec@5 90.020 Loss 2.84782
Epoch [16] Testing Class Recall: [0.846,0.996,0.734,0.254,0.423,0.446,0.747,0.336,0.243,0.030]
Epoch [17] Training Results: Prec@1 92.500 Prec@5 99.922 Loss 0.21456
Epoch [17] Training Class Recall: [0.922,0.946,0.823,0.841,0.899,0.914,0.958,0.972,0.985,0.990]
Epoch [17] Testing Results: Prec@1 53.630 Prec@5 92.190 Loss 2.52193
Epoch [17] Testing Class Recall: [0.967,0.922,0.590,0.697,0.559,0.099,0.406,0.470,0.427,0.226]
Epoch [18] Training Results: Prec@1 92.714 Prec@5 99.944 Loss 0.21136
Epoch [18] Training Class Recall: [0.924,0.951,0.823,0.851,0.900,0.918,0.953,0.976,0.988,0.988]
Epoch [18] Testing Results: Prec@1 60.870 Prec@5 93.900 Loss 1.90095
Epoch [18] Testing Class Recall: [0.933,0.923,0.643,0.715,0.575,0.450,0.553,0.434,0.306,0.555]
Epoch [19] Training Results: Prec@1 92.734 Prec@5 99.944 Loss 0.21000
Epoch [19] Training Class Recall: [0.928,0.951,0.826,0.836,0.905,0.920,0.956,0.975,0.988,0.989]
Epoch [19] Testing Results: Prec@1 60.110 Prec@5 92.890 Loss 2.10002
Epoch [19] Testing Class Recall: [0.736,0.986,0.665,0.603,0.542,0.521,0.721,0.263,0.666,0.308]
Epoch [20] Training Results: Prec@1 93.328 Prec@5 99.944 Loss 0.19238
Epoch [20] Training Class Recall: [0.928,0.957,0.839,0.864,0.908,0.925,0.959,0.975,0.989,0.989]
Epoch [20] Testing Results: Prec@1 64.080 Prec@5 93.430 Loss 1.70454
Epoch [20] Testing Class Recall: [0.894,0.950,0.739,0.549,0.744,0.587,0.722,0.422,0.483,0.318]
Epoch [21] Training Results: Prec@1 93.494 Prec@5 99.936 Loss 0.19028
Epoch [21] Training Class Recall: [0.929,0.959,0.848,0.859,0.912,0.927,0.962,0.978,0.988,0.988]
Epoch [21] Testing Results: Prec@1 52.770 Prec@5 90.780 Loss 2.81940
Epoch [21] Testing Class Recall: [0.891,0.990,0.684,0.725,0.508,0.277,0.262,0.417,0.346,0.177]
Epoch [22] Training Results: Prec@1 93.414 Prec@5 99.948 Loss 0.18848
Epoch [22] Training Class Recall: [0.933,0.959,0.846,0.860,0.905,0.923,0.962,0.976,0.986,0.991]
Epoch [22] Testing Results: Prec@1 58.570 Prec@5 92.570 Loss 2.34702
Epoch [22] Testing Class Recall: [0.901,0.977,0.496,0.733,0.583,0.698,0.475,0.424,0.476,0.094]
Epoch [23] Training Results: Prec@1 93.272 Prec@5 99.944 Loss 0.19231
Epoch [23] Training Class Recall: [0.932,0.958,0.835,0.857,0.908,0.930,0.958,0.976,0.987,0.988]
Epoch [23] Testing Results: Prec@1 59.240 Prec@5 94.640 Loss 1.96428
Epoch [23] Testing Class Recall: [0.942,0.799,0.768,0.653,0.639,0.444,0.364,0.567,0.400,0.348]
Epoch [24] Training Results: Prec@1 93.236 Prec@5 99.936 Loss 0.19316
Epoch [24] Training Class Recall: [0.928,0.955,0.842,0.854,0.909,0.921,0.958,0.975,0.990,0.991]
Epoch [24] Testing Results: Prec@1 63.320 Prec@5 94.320 Loss 1.69194
Epoch [24] Testing Class Recall: [0.951,0.941,0.689,0.546,0.803,0.488,0.788,0.470,0.376,0.280]
Epoch [25] Training Results: Prec@1 93.850 Prec@5 99.970 Loss 0.17905
Epoch [25] Training Class Recall: [0.932,0.961,0.851,0.868,0.918,0.931,0.965,0.978,0.989,0.991]
Epoch [25] Testing Results: Prec@1 61.930 Prec@5 92.540 Loss 1.96122
Epoch [25] Testing Class Recall: [0.935,0.901,0.616,0.670,0.786,0.388,0.786,0.349,0.410,0.352]
Epoch [26] Training Results: Prec@1 93.846 Prec@5 99.954 Loss 0.17724
Epoch [26] Training Class Recall: [0.935,0.962,0.855,0.869,0.915,0.929,0.965,0.976,0.988,0.991]
Epoch [26] Testing Results: Prec@1 60.040 Prec@5 93.700 Loss 1.90438
Epoch [26] Testing Class Recall: [0.934,0.964,0.714,0.517,0.385,0.583,0.652,0.457,0.315,0.483]
Epoch [27] Training Results: Prec@1 94.198 Prec@5 99.964 Loss 0.17148
Epoch [27] Training Class Recall: [0.938,0.962,0.862,0.873,0.923,0.936,0.964,0.979,0.992,0.990]
Epoch [27] Testing Results: Prec@1 56.930 Prec@5 91.530 Loss 2.33493
Epoch [27] Testing Class Recall: [0.949,0.949,0.573,0.756,0.619,0.197,0.479,0.496,0.568,0.107]
Epoch [28] Training Results: Prec@1 94.208 Prec@5 99.968 Loss 0.17150
Epoch [28] Training Class Recall: [0.940,0.959,0.861,0.881,0.922,0.932,0.962,0.981,0.990,0.991]
Epoch [28] Testing Results: Prec@1 63.450 Prec@5 95.290 Loss 1.72581
Epoch [28] Testing Class Recall: [0.956,0.957,0.643,0.513,0.643,0.469,0.762,0.559,0.472,0.371]
Epoch [29] Training Results: Prec@1 93.848 Prec@5 99.948 Loss 0.17873
Epoch [29] Training Class Recall: [0.936,0.958,0.850,0.871,0.920,0.932,0.962,0.978,0.989,0.989]
Epoch [29] Testing Results: Prec@1 64.350 Prec@5 93.710 Loss 1.89458
Epoch [29] Testing Class Recall: [0.780,0.959,0.716,0.639,0.678,0.527,0.835,0.283,0.710,0.308]
Epoch [30] Training Results: Prec@1 94.210 Prec@5 99.970 Loss 0.16681
Epoch [30] Training Class Recall: [0.940,0.961,0.859,0.879,0.921,0.937,0.966,0.977,0.990,0.989]
Epoch [30] Testing Results: Prec@1 60.990 Prec@5 94.750 Loss 1.78388
Epoch [30] Testing Class Recall: [0.913,0.779,0.554,0.621,0.612,0.671,0.268,0.551,0.395,0.735]
Epoch [31] Training Results: Prec@1 94.196 Prec@5 99.956 Loss 0.17028
Epoch [31] Training Class Recall: [0.942,0.957,0.864,0.874,0.929,0.930,0.962,0.982,0.988,0.992]
Epoch [31] Testing Results: Prec@1 58.110 Prec@5 94.130 Loss 2.09771
Epoch [31] Testing Class Recall: [0.976,0.936,0.770,0.429,0.555,0.527,0.587,0.506,0.256,0.269]
Epoch [32] Training Results: Prec@1 94.294 Prec@5 99.964 Loss 0.16745
Epoch [32] Training Class Recall: [0.938,0.964,0.858,0.877,0.927,0.934,0.969,0.982,0.988,0.992]
Epoch [32] Testing Results: Prec@1 56.070 Prec@5 94.100 Loss 2.28165
Epoch [32] Testing Class Recall: [0.890,0.994,0.740,0.364,0.446,0.539,0.557,0.595,0.130,0.352]
Epoch [33] Training Results: Prec@1 94.500 Prec@5 99.964 Loss 0.16367
Epoch [33] Training Class Recall: [0.943,0.966,0.862,0.886,0.923,0.941,0.964,0.981,0.990,0.994]
Epoch [33] Testing Results: Prec@1 62.340 Prec@5 94.620 Loss 1.83994
Epoch [33] Testing Class Recall: [0.816,0.902,0.841,0.681,0.707,0.286,0.713,0.438,0.406,0.444]
Epoch [34] Training Results: Prec@1 94.454 Prec@5 99.960 Loss 0.16076
Epoch [34] Training Class Recall: [0.940,0.959,0.870,0.882,0.927,0.942,0.966,0.980,0.989,0.989]
Epoch [34] Testing Results: Prec@1 59.510 Prec@5 91.920 Loss 2.09754
Epoch [34] Testing Class Recall: [0.852,0.880,0.750,0.700,0.620,0.641,0.753,0.256,0.165,0.334]
Epoch [35] Training Results: Prec@1 94.360 Prec@5 99.972 Loss 0.16619
Epoch [35] Training Class Recall: [0.939,0.959,0.867,0.883,0.927,0.937,0.964,0.981,0.988,0.992]
Epoch [35] Testing Results: Prec@1 61.270 Prec@5 93.950 Loss 1.75056
Epoch [35] Testing Class Recall: [0.934,0.975,0.553,0.642,0.459,0.518,0.800,0.441,0.402,0.403]
Epoch [36] Training Results: Prec@1 94.508 Prec@5 99.964 Loss 0.15997
Epoch [36] Training Class Recall: [0.941,0.963,0.873,0.880,0.926,0.942,0.969,0.978,0.988,0.991]
Epoch [36] Testing Results: Prec@1 65.120 Prec@5 94.960 Loss 1.60477
Epoch [36] Testing Class Recall: [0.870,0.980,0.659,0.484,0.672,0.473,0.849,0.557,0.482,0.486]
Epoch [37] Training Results: Prec@1 94.462 Prec@5 99.964 Loss 0.16056
Epoch [37] Training Class Recall: [0.941,0.962,0.870,0.883,0.923,0.940,0.964,0.978,0.990,0.993]
Epoch [37] Testing Results: Prec@1 61.030 Prec@5 92.570 Loss 1.99664
Epoch [37] Testing Class Recall: [0.932,0.953,0.692,0.675,0.789,0.465,0.395,0.633,0.285,0.284]
Epoch [38] Training Results: Prec@1 94.504 Prec@5 99.964 Loss 0.16001
Epoch [38] Training Class Recall: [0.938,0.963,0.867,0.887,0.933,0.937,0.966,0.978,0.991,0.990]
Epoch [38] Testing Results: Prec@1 55.200 Prec@5 93.890 Loss 2.37355
Epoch [38] Testing Class Recall: [0.930,0.943,0.868,0.587,0.494,0.288,0.357,0.506,0.224,0.323]
Epoch [39] Training Results: Prec@1 94.436 Prec@5 99.952 Loss 0.16170
Epoch [39] Training Class Recall: [0.941,0.960,0.871,0.884,0.928,0.939,0.963,0.979,0.989,0.991]
Epoch [39] Testing Results: Prec@1 64.670 Prec@5 95.700 Loss 1.67472
Epoch [39] Testing Class Recall: [0.862,0.949,0.651,0.565,0.477,0.825,0.573,0.556,0.714,0.295]
Epoch [40] Training Results: Prec@1 94.734 Prec@5 99.962 Loss 0.15354
Epoch [40] Training Class Recall: [0.944,0.961,0.880,0.889,0.929,0.945,0.968,0.979,0.990,0.989]
Epoch [40] Testing Results: Prec@1 57.420 Prec@5 92.640 Loss 2.56903
Epoch [40] Testing Class Recall: [0.750,0.988,0.702,0.483,0.467,0.474,0.925,0.566,0.242,0.145]
Epoch [41] Training Results: Prec@1 94.712 Prec@5 99.952 Loss 0.14994
Epoch [41] Training Class Recall: [0.943,0.962,0.874,0.892,0.926,0.945,0.963,0.981,0.992,0.994]
Epoch [41] Testing Results: Prec@1 64.470 Prec@5 94.290 Loss 1.69427
Epoch [41] Testing Class Recall: [0.824,0.922,0.775,0.573,0.621,0.482,0.797,0.566,0.644,0.243]
Epoch [42] Training Results: Prec@1 94.536 Prec@5 99.972 Loss 0.15848
Epoch [42] Training Class Recall: [0.938,0.961,0.877,0.882,0.931,0.939,0.968,0.979,0.988,0.991]
Epoch [42] Testing Results: Prec@1 63.480 Prec@5 95.280 Loss 1.84364
Epoch [42] Testing Class Recall: [0.893,0.960,0.707,0.688,0.560,0.511,0.500,0.776,0.389,0.364]
Epoch [43] Training Results: Prec@1 94.798 Prec@5 99.970 Loss 0.14786
Epoch [43] Training Class Recall: [0.942,0.970,0.875,0.886,0.930,0.943,0.970,0.981,0.992,0.991]
Epoch [43] Testing Results: Prec@1 60.100 Prec@5 92.850 Loss 2.04181
Epoch [43] Testing Class Recall: [0.924,0.972,0.645,0.699,0.673,0.320,0.267,0.497,0.558,0.455]
Epoch [44] Training Results: Prec@1 94.988 Prec@5 99.956 Loss 0.14860
Epoch [44] Training Class Recall: [0.942,0.964,0.880,0.895,0.936,0.949,0.969,0.981,0.991,0.992]
Epoch [44] Testing Results: Prec@1 57.120 Prec@5 93.000 Loss 2.35224
Epoch [44] Testing Class Recall: [0.962,0.886,0.679,0.715,0.655,0.371,0.538,0.375,0.255,0.276]
Epoch [45] Training Results: Prec@1 94.934 Prec@5 99.960 Loss 0.14738
Epoch [45] Training Class Recall: [0.944,0.964,0.879,0.896,0.933,0.947,0.968,0.980,0.991,0.993]
Epoch [45] Testing Results: Prec@1 59.400 Prec@5 91.680 Loss 2.26566
Epoch [45] Testing Class Recall: [0.942,0.948,0.569,0.622,0.704,0.628,0.777,0.596,0.099,0.055]
Epoch [46] Training Results: Prec@1 94.672 Prec@5 99.950 Loss 0.15320
Epoch [46] Training Class Recall: [0.939,0.961,0.877,0.888,0.938,0.941,0.966,0.979,0.989,0.989]
Epoch [46] Testing Results: Prec@1 65.860 Prec@5 95.580 Loss 1.49916
Epoch [46] Testing Class Recall: [0.946,0.910,0.675,0.569,0.624,0.490,0.713,0.589,0.555,0.515]
Epoch [47] Training Results: Prec@1 94.950 Prec@5 99.964 Loss 0.14911
Epoch [47] Training Class Recall: [0.940,0.962,0.881,0.894,0.938,0.945,0.967,0.984,0.991,0.993]
Epoch [47] Testing Results: Prec@1 63.480 Prec@5 94.620 Loss 1.79019
Epoch [47] Testing Class Recall: [0.904,0.981,0.806,0.574,0.700,0.586,0.634,0.581,0.302,0.280]
Epoch [48] Training Results: Prec@1 94.948 Prec@5 99.972 Loss 0.14604
Epoch [48] Training Class Recall: [0.944,0.963,0.877,0.891,0.934,0.946,0.971,0.984,0.992,0.992]
Epoch [48] Testing Results: Prec@1 54.980 Prec@5 90.680 Loss 2.69497
Epoch [48] Testing Class Recall: [0.899,0.992,0.814,0.426,0.545,0.536,0.643,0.375,0.201,0.067]
Epoch [49] Training Results: Prec@1 95.084 Prec@5 99.968 Loss 0.14607
Epoch [49] Training Class Recall: [0.949,0.966,0.882,0.896,0.936,0.949,0.970,0.979,0.989,0.992]
Epoch [49] Testing Results: Prec@1 63.050 Prec@5 94.610 Loss 1.89219
Epoch [49] Testing Class Recall: [0.875,0.962,0.714,0.683,0.746,0.506,0.624,0.466,0.600,0.129]
Epoch [50] Training Results: Prec@1 94.944 Prec@5 99.976 Loss 0.14652
Epoch [50] Training Class Recall: [0.943,0.964,0.879,0.893,0.936,0.945,0.966,0.984,0.992,0.992]
Epoch [50] Testing Results: Prec@1 66.760 Prec@5 96.520 Loss 1.46537
Epoch [50] Testing Class Recall: [0.881,0.961,0.607,0.697,0.623,0.563,0.682,0.776,0.311,0.575]
Epoch [51] Training Results: Prec@1 95.176 Prec@5 99.972 Loss 0.14223
Epoch [51] Training Class Recall: [0.947,0.966,0.884,0.899,0.934,0.947,0.973,0.981,0.992,0.993]
Epoch [51] Testing Results: Prec@1 61.150 Prec@5 94.440 Loss 1.94722
Epoch [51] Testing Class Recall: [0.896,0.984,0.776,0.563,0.536,0.550,0.411,0.635,0.348,0.416]
Epoch [52] Training Results: Prec@1 95.054 Prec@5 99.958 Loss 0.14237
Epoch [52] Training Class Recall: [0.945,0.965,0.877,0.899,0.941,0.948,0.968,0.980,0.991,0.991]
Epoch [52] Testing Results: Prec@1 58.950 Prec@5 93.230 Loss 2.04403
Epoch [52] Testing Class Recall: [0.960,0.969,0.618,0.697,0.697,0.515,0.584,0.497,0.186,0.172]
Epoch [53] Training Results: Prec@1 94.860 Prec@5 99.960 Loss 0.14626
Epoch [53] Training Class Recall: [0.937,0.961,0.883,0.888,0.936,0.949,0.968,0.980,0.990,0.992]
Epoch [53] Testing Results: Prec@1 62.870 Prec@5 94.530 Loss 1.77995
Epoch [53] Testing Class Recall: [0.877,0.959,0.816,0.722,0.536,0.526,0.634,0.435,0.424,0.358]
Epoch [54] Training Results: Prec@1 95.030 Prec@5 99.984 Loss 0.14469
Epoch [54] Training Class Recall: [0.944,0.961,0.882,0.899,0.939,0.948,0.970,0.979,0.990,0.991]
Epoch [54] Testing Results: Prec@1 58.890 Prec@5 93.220 Loss 1.98842
Epoch [54] Testing Class Recall: [0.929,0.938,0.779,0.750,0.686,0.454,0.598,0.346,0.260,0.149]
Epoch [55] Training Results: Prec@1 95.112 Prec@5 99.974 Loss 0.14527
Epoch [55] Training Class Recall: [0.949,0.962,0.881,0.898,0.943,0.950,0.971,0.981,0.987,0.989]
Epoch [55] Testing Results: Prec@1 60.860 Prec@5 94.420 Loss 1.86338
Epoch [55] Testing Class Recall: [0.926,0.968,0.738,0.551,0.617,0.644,0.607,0.510,0.154,0.371]
Epoch [56] Training Results: Prec@1 95.342 Prec@5 99.972 Loss 0.13885
Epoch [56] Training Class Recall: [0.949,0.970,0.891,0.900,0.934,0.951,0.972,0.980,0.993,0.994]
Epoch [56] Testing Results: Prec@1 58.730 Prec@5 94.600 Loss 2.30540
Epoch [56] Testing Class Recall: [0.891,0.804,0.832,0.450,0.505,0.763,0.572,0.460,0.196,0.400]
Epoch [57] Training Results: Prec@1 95.098 Prec@5 99.958 Loss 0.14285
Epoch [57] Training Class Recall: [0.946,0.963,0.881,0.896,0.936,0.949,0.973,0.982,0.991,0.994]
Epoch [57] Testing Results: Prec@1 64.500 Prec@5 94.760 Loss 1.90815
Epoch [57] Testing Class Recall: [0.957,0.880,0.654,0.668,0.685,0.420,0.762,0.750,0.209,0.465]
Epoch [58] Training Results: Prec@1 95.216 Prec@5 99.976 Loss 0.14059
Epoch [58] Training Class Recall: [0.949,0.965,0.891,0.902,0.938,0.947,0.969,0.978,0.990,0.992]
Epoch [58] Testing Results: Prec@1 65.470 Prec@5 95.950 Loss 1.50051
Epoch [58] Testing Class Recall: [0.852,0.974,0.696,0.591,0.653,0.731,0.475,0.541,0.591,0.443]
Epoch [59] Training Results: Prec@1 95.444 Prec@5 99.968 Loss 0.13649
Epoch [59] Training Class Recall: [0.945,0.966,0.890,0.909,0.944,0.948,0.971,0.987,0.992,0.992]
Epoch [59] Testing Results: Prec@1 59.860 Prec@5 94.780 Loss 1.95288
Epoch [59] Testing Class Recall: [0.970,0.967,0.678,0.496,0.691,0.551,0.411,0.605,0.393,0.224]
Epoch [60] Training Results: Prec@1 95.224 Prec@5 99.974 Loss 0.13759
Epoch [60] Training Class Recall: [0.950,0.967,0.887,0.901,0.936,0.949,0.967,0.981,0.991,0.992]
Epoch [60] Testing Results: Prec@1 65.080 Prec@5 94.040 Loss 1.70927
Epoch [60] Testing Class Recall: [0.925,0.904,0.725,0.688,0.638,0.366,0.808,0.662,0.348,0.444]
Epoch [61] Training Results: Prec@1 95.222 Prec@5 99.970 Loss 0.13807
Epoch [61] Training Class Recall: [0.948,0.964,0.885,0.898,0.938,0.947,0.976,0.983,0.990,0.992]
Epoch [61] Testing Results: Prec@1 63.760 Prec@5 94.990 Loss 1.81183
Epoch [61] Testing Class Recall: [0.798,0.983,0.803,0.652,0.527,0.493,0.637,0.456,0.717,0.310]
Epoch [62] Training Results: Prec@1 95.166 Prec@5 99.970 Loss 0.13946
Epoch [62] Training Class Recall: [0.945,0.964,0.884,0.899,0.937,0.950,0.975,0.981,0.990,0.991]
Epoch [62] Testing Results: Prec@1 57.610 Prec@5 93.840 Loss 2.38335
Epoch [62] Testing Class Recall: [0.936,0.962,0.706,0.843,0.578,0.346,0.583,0.423,0.204,0.180]
Epoch [63] Training Results: Prec@1 95.446 Prec@5 99.980 Loss 0.13127
Epoch [63] Training Class Recall: [0.945,0.970,0.893,0.906,0.941,0.950,0.975,0.984,0.990,0.991]
Epoch [63] Testing Results: Prec@1 59.960 Prec@5 93.810 Loss 2.17788
Epoch [63] Testing Class Recall: [0.948,0.968,0.734,0.636,0.694,0.533,0.567,0.285,0.401,0.230]
Epoch [64] Training Results: Prec@1 95.038 Prec@5 99.972 Loss 0.14167
Epoch [64] Training Class Recall: [0.944,0.965,0.887,0.895,0.933,0.950,0.968,0.980,0.989,0.992]
Epoch [64] Testing Results: Prec@1 52.260 Prec@5 91.390 Loss 2.72984
Epoch [64] Testing Class Recall: [0.949,0.889,0.838,0.656,0.523,0.133,0.370,0.410,0.430,0.028]
Epoch [65] Training Results: Prec@1 95.416 Prec@5 99.972 Loss 0.13409
Epoch [65] Training Class Recall: [0.951,0.967,0.891,0.902,0.939,0.951,0.975,0.983,0.993,0.990]
Epoch [65] Testing Results: Prec@1 55.720 Prec@5 94.610 Loss 2.37266
Epoch [65] Testing Class Recall: [0.969,0.847,0.827,0.510,0.454,0.317,0.486,0.489,0.415,0.258]
Epoch [66] Training Results: Prec@1 95.236 Prec@5 99.976 Loss 0.13686
Epoch [66] Training Class Recall: [0.944,0.967,0.883,0.902,0.940,0.953,0.969,0.981,0.991,0.993]
Epoch [66] Testing Results: Prec@1 68.000 Prec@5 95.980 Loss 1.47811
Epoch [66] Testing Class Recall: [0.934,0.947,0.696,0.631,0.782,0.535,0.685,0.623,0.451,0.516]
Epoch [67] Training Results: Prec@1 95.402 Prec@5 99.976 Loss 0.13327
Epoch [67] Training Class Recall: [0.951,0.966,0.890,0.904,0.939,0.953,0.970,0.984,0.990,0.992]
Epoch [67] Testing Results: Prec@1 58.800 Prec@5 94.390 Loss 2.20522
Epoch [67] Testing Class Recall: [0.882,0.982,0.775,0.775,0.718,0.384,0.349,0.363,0.439,0.213]
Epoch [68] Training Results: Prec@1 95.462 Prec@5 99.974 Loss 0.13381
Epoch [68] Training Class Recall: [0.949,0.970,0.891,0.904,0.945,0.945,0.973,0.984,0.991,0.994]
Epoch [68] Testing Results: Prec@1 57.440 Prec@5 93.520 Loss 2.24514
Epoch [68] Testing Class Recall: [0.905,0.909,0.767,0.795,0.563,0.393,0.489,0.367,0.313,0.243]
Epoch [69] Training Results: Prec@1 95.464 Prec@5 99.972 Loss 0.13538
Epoch [69] Training Class Recall: [0.948,0.967,0.897,0.908,0.943,0.951,0.974,0.982,0.986,0.992]
Epoch [69] Testing Results: Prec@1 61.290 Prec@5 94.980 Loss 2.02969
Epoch [69] Testing Class Recall: [0.833,0.992,0.633,0.535,0.797,0.356,0.609,0.787,0.339,0.248]
Epoch [70] Training Results: Prec@1 95.612 Prec@5 99.976 Loss 0.12600
Epoch [70] Training Class Recall: [0.951,0.967,0.896,0.906,0.941,0.958,0.973,0.984,0.993,0.992]
Epoch [70] Testing Results: Prec@1 53.440 Prec@5 91.290 Loss 2.82070
Epoch [70] Testing Class Recall: [0.979,0.931,0.614,0.435,0.847,0.539,0.490,0.320,0.118,0.071]
Epoch [71] Training Results: Prec@1 95.516 Prec@5 99.982 Loss 0.13222
Epoch [71] Training Class Recall: [0.952,0.968,0.894,0.903,0.944,0.953,0.971,0.984,0.992,0.991]
Epoch [71] Testing Results: Prec@1 56.280 Prec@5 93.860 Loss 2.59247
Epoch [71] Testing Class Recall: [0.911,0.986,0.810,0.592,0.499,0.444,0.549,0.448,0.190,0.199]
Epoch [72] Training Results: Prec@1 95.428 Prec@5 99.962 Loss 0.13440
Epoch [72] Training Class Recall: [0.943,0.967,0.893,0.909,0.937,0.950,0.973,0.984,0.993,0.994]
Epoch [72] Testing Results: Prec@1 62.540 Prec@5 94.740 Loss 1.89856
Epoch [72] Testing Class Recall: [0.962,0.953,0.667,0.644,0.714,0.524,0.549,0.611,0.390,0.240]
Epoch [73] Training Results: Prec@1 95.258 Prec@5 99.982 Loss 0.13552
Epoch [73] Training Class Recall: [0.950,0.966,0.889,0.903,0.936,0.950,0.968,0.982,0.990,0.992]
Epoch [73] Testing Results: Prec@1 63.950 Prec@5 95.800 Loss 1.87993
Epoch [73] Testing Class Recall: [0.911,0.967,0.765,0.479,0.532,0.536,0.763,0.739,0.239,0.464]
Epoch [74] Training Results: Prec@1 95.716 Prec@5 99.976 Loss 0.12361
Epoch [74] Training Class Recall: [0.946,0.970,0.894,0.909,0.946,0.960,0.973,0.985,0.993,0.995]
Epoch [74] Testing Results: Prec@1 59.500 Prec@5 91.710 Loss 2.02719
Epoch [74] Testing Class Recall: [0.887,0.958,0.775,0.730,0.708,0.431,0.675,0.271,0.355,0.160]
Epoch [75] Training Results: Prec@1 95.442 Prec@5 99.980 Loss 0.13480
Epoch [75] Training Class Recall: [0.951,0.968,0.892,0.905,0.945,0.948,0.972,0.981,0.991,0.991]
Epoch [75] Testing Results: Prec@1 63.850 Prec@5 95.500 Loss 1.67689
Epoch [75] Testing Class Recall: [0.932,0.989,0.726,0.552,0.759,0.491,0.660,0.548,0.371,0.357]
Epoch [76] Training Results: Prec@1 95.776 Prec@5 99.980 Loss 0.12423
Epoch [76] Training Class Recall: [0.949,0.967,0.896,0.916,0.950,0.954,0.973,0.986,0.991,0.995]
Epoch [76] Testing Results: Prec@1 60.830 Prec@5 94.630 Loss 1.96789
Epoch [76] Testing Class Recall: [0.937,0.979,0.633,0.542,0.570,0.709,0.607,0.550,0.363,0.193]
Epoch [77] Training Results: Prec@1 95.356 Prec@5 99.960 Loss 0.13461
Epoch [77] Training Class Recall: [0.947,0.965,0.894,0.907,0.943,0.948,0.970,0.982,0.989,0.991]
Epoch [77] Testing Results: Prec@1 61.170 Prec@5 94.300 Loss 1.79811
Epoch [77] Testing Class Recall: [0.947,0.909,0.603,0.779,0.713,0.497,0.499,0.373,0.279,0.518]
Epoch [78] Training Results: Prec@1 95.598 Prec@5 99.972 Loss 0.12920
Epoch [78] Training Class Recall: [0.952,0.969,0.891,0.911,0.942,0.954,0.974,0.984,0.990,0.993]
Epoch [78] Testing Results: Prec@1 61.290 Prec@5 94.440 Loss 2.16723
Epoch [78] Testing Class Recall: [0.923,0.891,0.679,0.804,0.651,0.458,0.562,0.597,0.150,0.414]
Epoch [79] Training Results: Prec@1 95.796 Prec@5 99.984 Loss 0.12349
Epoch [79] Training Class Recall: [0.951,0.970,0.900,0.911,0.946,0.959,0.978,0.979,0.991,0.994]
Epoch [79] Testing Results: Prec@1 63.940 Prec@5 94.840 Loss 1.78358
Epoch [79] Testing Class Recall: [0.935,0.963,0.762,0.668,0.705,0.574,0.498,0.460,0.335,0.494]
Epoch [80] Training Results: Prec@1 95.524 Prec@5 99.980 Loss 0.12991
Epoch [80] Training Class Recall: [0.954,0.969,0.895,0.909,0.940,0.949,0.972,0.981,0.990,0.993]
Epoch [80] Testing Results: Prec@1 58.710 Prec@5 94.050 Loss 2.09094
Epoch [80] Testing Class Recall: [0.948,0.956,0.791,0.568,0.342,0.602,0.695,0.494,0.228,0.247]
Epoch [81] Training Results: Prec@1 95.482 Prec@5 99.968 Loss 0.13318
Epoch [81] Training Class Recall: [0.950,0.965,0.898,0.904,0.947,0.947,0.974,0.983,0.991,0.989]
Epoch [81] Testing Results: Prec@1 53.690 Prec@5 92.060 Loss 2.90416
Epoch [81] Testing Class Recall: [0.964,0.974,0.673,0.771,0.355,0.374,0.537,0.475,0.042,0.204]
Epoch [82] Training Results: Prec@1 95.876 Prec@5 99.994 Loss 0.12264
Epoch [82] Training Class Recall: [0.954,0.970,0.900,0.917,0.947,0.955,0.977,0.984,0.992,0.993]
Epoch [82] Testing Results: Prec@1 57.620 Prec@5 93.290 Loss 2.52752
Epoch [82] Testing Class Recall: [0.943,0.904,0.712,0.763,0.751,0.212,0.614,0.422,0.317,0.124]
Epoch [83] Training Results: Prec@1 95.466 Prec@5 99.982 Loss 0.12906
Epoch [83] Training Class Recall: [0.947,0.972,0.893,0.907,0.938,0.948,0.971,0.985,0.991,0.994]
Epoch [83] Testing Results: Prec@1 64.350 Prec@5 95.110 Loss 1.76178
Epoch [83] Testing Class Recall: [0.907,0.887,0.834,0.381,0.707,0.394,0.647,0.561,0.500,0.617]
Epoch [84] Training Results: Prec@1 95.352 Prec@5 99.958 Loss 0.13463
Epoch [84] Training Class Recall: [0.950,0.969,0.894,0.901,0.940,0.947,0.970,0.983,0.991,0.991]
Epoch [84] Testing Results: Prec@1 62.290 Prec@5 94.670 Loss 1.92930
Epoch [84] Testing Class Recall: [0.957,0.965,0.704,0.610,0.698,0.516,0.640,0.450,0.449,0.240]
Epoch [85] Training Results: Prec@1 95.746 Prec@5 99.984 Loss 0.12910
Epoch [85] Training Class Recall: [0.953,0.971,0.894,0.919,0.942,0.955,0.970,0.984,0.992,0.994]
Epoch [85] Testing Results: Prec@1 60.780 Prec@5 95.100 Loss 1.99961
Epoch [85] Testing Class Recall: [0.977,0.937,0.554,0.613,0.495,0.563,0.662,0.780,0.169,0.328]
Epoch [86] Training Results: Prec@1 95.764 Prec@5 99.978 Loss 0.12573
Epoch [86] Training Class Recall: [0.952,0.970,0.901,0.911,0.946,0.954,0.975,0.984,0.990,0.994]
Epoch [86] Testing Results: Prec@1 64.030 Prec@5 95.890 Loss 1.70495
Epoch [86] Testing Class Recall: [0.937,0.962,0.493,0.685,0.636,0.635,0.696,0.707,0.165,0.487]
Epoch [87] Training Results: Prec@1 95.960 Prec@5 99.990 Loss 0.11810
Epoch [87] Training Class Recall: [0.956,0.969,0.903,0.917,0.943,0.961,0.976,0.983,0.992,0.994]
Epoch [87] Testing Results: Prec@1 63.960 Prec@5 94.690 Loss 1.82661
Epoch [87] Testing Class Recall: [0.810,0.916,0.790,0.689,0.652,0.663,0.404,0.707,0.550,0.215]
Epoch [88] Training Results: Prec@1 95.460 Prec@5 99.978 Loss 0.13250
Epoch [88] Training Class Recall: [0.950,0.967,0.894,0.906,0.941,0.953,0.969,0.984,0.991,0.991]
Epoch [88] Testing Results: Prec@1 64.360 Prec@5 95.430 Loss 1.80578
Epoch [88] Testing Class Recall: [0.916,0.972,0.718,0.611,0.686,0.637,0.703,0.529,0.182,0.482]
Epoch [89] Training Results: Prec@1 95.724 Prec@5 99.982 Loss 0.12549
Epoch [89] Training Class Recall: [0.956,0.972,0.898,0.909,0.945,0.952,0.974,0.983,0.991,0.993]
Epoch [89] Testing Results: Prec@1 65.460 Prec@5 95.220 Loss 1.60960
Epoch [89] Testing Class Recall: [0.904,0.919,0.748,0.526,0.730,0.568,0.610,0.766,0.323,0.452]
Epoch [90] Training Results: Prec@1 95.768 Prec@5 99.974 Loss 0.12442
Epoch [90] Training Class Recall: [0.951,0.969,0.900,0.914,0.949,0.952,0.975,0.984,0.992,0.992]
Epoch [90] Testing Results: Prec@1 56.510 Prec@5 91.700 Loss 2.39035
Epoch [90] Testing Class Recall: [0.793,0.970,0.899,0.487,0.696,0.535,0.670,0.266,0.155,0.180]
Epoch [91] Training Results: Prec@1 95.672 Prec@5 99.984 Loss 0.12595
Epoch [91] Training Class Recall: [0.953,0.969,0.895,0.916,0.942,0.953,0.972,0.981,0.992,0.994]
Epoch [91] Testing Results: Prec@1 66.140 Prec@5 96.660 Loss 1.61926
Epoch [91] Testing Class Recall: [0.969,0.929,0.574,0.683,0.589,0.480,0.723,0.742,0.466,0.459]
Epoch [92] Training Results: Prec@1 95.756 Prec@5 99.980 Loss 0.12770
Epoch [92] Training Class Recall: [0.952,0.968,0.900,0.915,0.945,0.955,0.973,0.984,0.991,0.993]
Epoch [92] Testing Results: Prec@1 61.770 Prec@5 94.580 Loss 2.14132
Epoch [92] Testing Class Recall: [0.858,0.987,0.719,0.374,0.662,0.636,0.893,0.333,0.448,0.267]
Epoch [93] Training Results: Prec@1 95.974 Prec@5 99.984 Loss 0.11731
Epoch [93] Training Class Recall: [0.954,0.968,0.906,0.918,0.951,0.958,0.975,0.986,0.991,0.992]
Epoch [93] Testing Results: Prec@1 57.740 Prec@5 94.090 Loss 2.25473
Epoch [93] Testing Class Recall: [0.976,0.909,0.683,0.696,0.633,0.404,0.508,0.510,0.234,0.221]
Epoch [94] Training Results: Prec@1 95.456 Prec@5 99.980 Loss 0.13218
Epoch [94] Training Class Recall: [0.951,0.967,0.893,0.902,0.946,0.949,0.972,0.983,0.990,0.992]
Epoch [94] Testing Results: Prec@1 61.530 Prec@5 93.450 Loss 1.94341
Epoch [94] Testing Class Recall: [0.932,0.930,0.811,0.676,0.785,0.374,0.608,0.463,0.320,0.254]
Epoch [95] Training Results: Prec@1 95.690 Prec@5 99.970 Loss 0.12671
Epoch [95] Training Class Recall: [0.956,0.970,0.901,0.909,0.943,0.951,0.975,0.981,0.990,0.992]
Epoch [95] Testing Results: Prec@1 60.030 Prec@5 95.130 Loss 2.05479
Epoch [95] Testing Class Recall: [0.796,0.971,0.885,0.677,0.647,0.414,0.321,0.625,0.482,0.185]
Epoch [96] Training Results: Prec@1 95.770 Prec@5 99.984 Loss 0.12281
Epoch [96] Training Class Recall: [0.957,0.970,0.894,0.913,0.945,0.955,0.973,0.985,0.990,0.995]
Epoch [96] Testing Results: Prec@1 57.210 Prec@5 93.700 Loss 2.37165
Epoch [96] Testing Class Recall: [0.991,0.910,0.644,0.566,0.691,0.301,0.462,0.600,0.233,0.323]
Epoch [97] Training Results: Prec@1 95.654 Prec@5 99.978 Loss 0.12572
Epoch [97] Training Class Recall: [0.946,0.968,0.896,0.910,0.945,0.957,0.975,0.982,0.992,0.993]
Epoch [97] Testing Results: Prec@1 57.540 Prec@5 94.910 Loss 2.06354
Epoch [97] Testing Class Recall: [0.984,0.856,0.724,0.666,0.563,0.502,0.374,0.527,0.338,0.220]
Epoch [98] Training Results: Prec@1 96.052 Prec@5 99.980 Loss 0.11526
Epoch [98] Training Class Recall: [0.954,0.972,0.906,0.920,0.949,0.957,0.974,0.988,0.993,0.993]
Epoch [98] Testing Results: Prec@1 65.150 Prec@5 94.300 Loss 1.73485
Epoch [98] Testing Class Recall: [0.902,0.945,0.796,0.665,0.644,0.407,0.801,0.428,0.566,0.361]
Epoch [99] Training Results: Prec@1 95.918 Prec@5 99.978 Loss 0.12127
Epoch [99] Training Class Recall: [0.955,0.970,0.901,0.915,0.952,0.956,0.976,0.983,0.993,0.991]
Epoch [99] Testing Results: Prec@1 64.900 Prec@5 95.850 Loss 1.60219
Epoch [99] Testing Class Recall: [0.899,0.985,0.735,0.588,0.785,0.466,0.552,0.645,0.497,0.338]
Epoch [100] Training Results: Prec@1 95.504 Prec@5 99.978 Loss 0.12987
Epoch [100] Training Class Recall: [0.949,0.969,0.892,0.912,0.938,0.953,0.972,0.984,0.990,0.992]
Epoch [100] Testing Results: Prec@1 63.560 Prec@5 95.040 Loss 1.72987
Epoch [100] Testing Class Recall: [0.913,0.903,0.752,0.633,0.721,0.470,0.576,0.430,0.370,0.588]
Epoch [101] Training Results: Prec@1 95.786 Prec@5 99.982 Loss 0.12083
Epoch [101] Training Class Recall: [0.954,0.972,0.895,0.910,0.949,0.957,0.976,0.982,0.992,0.991]
Epoch [101] Testing Results: Prec@1 56.840 Prec@5 93.810 Loss 2.38504
Epoch [101] Testing Class Recall: [0.926,0.993,0.648,0.696,0.465,0.568,0.597,0.394,0.217,0.180]
Epoch [102] Training Results: Prec@1 95.848 Prec@5 99.976 Loss 0.12097
Epoch [102] Training Class Recall: [0.951,0.970,0.901,0.915,0.945,0.955,0.978,0.985,0.990,0.995]
Epoch [102] Testing Results: Prec@1 63.400 Prec@5 95.460 Loss 1.73317
Epoch [102] Testing Class Recall: [0.934,0.875,0.715,0.669,0.727,0.539,0.504,0.571,0.337,0.469]
Epoch [103] Training Results: Prec@1 95.870 Prec@5 99.974 Loss 0.12307
Epoch [103] Training Class Recall: [0.957,0.969,0.906,0.913,0.947,0.957,0.973,0.982,0.992,0.992]
Epoch [103] Testing Results: Prec@1 66.170 Prec@5 96.020 Loss 1.42864
Epoch [103] Testing Class Recall: [0.913,0.956,0.819,0.579,0.681,0.642,0.454,0.546,0.547,0.480]
Epoch [104] Training Results: Prec@1 95.834 Prec@5 99.982 Loss 0.12120
Epoch [104] Training Class Recall: [0.953,0.970,0.905,0.910,0.947,0.952,0.977,0.984,0.992,0.993]
Epoch [104] Testing Results: Prec@1 55.670 Prec@5 92.140 Loss 2.59502
Epoch [104] Testing Class Recall: [0.977,0.896,0.711,0.578,0.528,0.276,0.774,0.477,0.267,0.083]
Epoch [105] Training Results: Prec@1 96.102 Prec@5 99.982 Loss 0.11432
Epoch [105] Training Class Recall: [0.953,0.973,0.907,0.922,0.951,0.960,0.975,0.984,0.991,0.995]
Epoch [105] Testing Results: Prec@1 62.620 Prec@5 95.400 Loss 1.85870
Epoch [105] Testing Class Recall: [0.855,0.982,0.745,0.445,0.651,0.753,0.424,0.700,0.483,0.224]
Epoch [106] Training Results: Prec@1 95.688 Prec@5 99.982 Loss 0.12675
Epoch [106] Training Class Recall: [0.955,0.969,0.900,0.912,0.943,0.948,0.975,0.983,0.992,0.993]
Epoch [106] Testing Results: Prec@1 67.580 Prec@5 96.190 Loss 1.42130
Epoch [106] Testing Class Recall: [0.881,0.941,0.688,0.403,0.713,0.692,0.695,0.714,0.607,0.424]
Epoch [107] Training Results: Prec@1 95.896 Prec@5 99.976 Loss 0.12144
Epoch [107] Training Class Recall: [0.955,0.972,0.904,0.910,0.947,0.957,0.972,0.987,0.992,0.993]
Epoch [107] Testing Results: Prec@1 64.030 Prec@5 94.700 Loss 1.83719
Epoch [107] Testing Class Recall: [0.906,0.982,0.767,0.671,0.817,0.518,0.527,0.574,0.469,0.172]
Epoch [108] Training Results: Prec@1 95.970 Prec@5 99.986 Loss 0.11764
Epoch [108] Training Class Recall: [0.952,0.971,0.902,0.918,0.950,0.960,0.976,0.983,0.992,0.992]
Epoch [108] Testing Results: Prec@1 57.730 Prec@5 93.000 Loss 2.28603
Epoch [108] Testing Class Recall: [0.936,0.890,0.714,0.754,0.573,0.291,0.592,0.353,0.464,0.206]
Epoch [109] Training Results: Prec@1 95.916 Prec@5 99.984 Loss 0.11918
Epoch [109] Training Class Recall: [0.953,0.972,0.898,0.921,0.947,0.956,0.975,0.988,0.992,0.990]
Epoch [109] Testing Results: Prec@1 60.620 Prec@5 93.370 Loss 2.19717
Epoch [109] Testing Class Recall: [0.918,0.980,0.630,0.669,0.607,0.427,0.679,0.383,0.226,0.543]
Epoch [110] Training Results: Prec@1 95.734 Prec@5 99.978 Loss 0.12478
Epoch [110] Training Class Recall: [0.950,0.972,0.898,0.911,0.947,0.958,0.972,0.984,0.989,0.993]
Epoch [110] Testing Results: Prec@1 62.660 Prec@5 94.350 Loss 1.80065
Epoch [110] Testing Class Recall: [0.901,0.945,0.666,0.753,0.576,0.435,0.580,0.756,0.189,0.465]
Epoch [111] Training Results: Prec@1 95.872 Prec@5 99.982 Loss 0.12052
Epoch [111] Training Class Recall: [0.954,0.968,0.903,0.913,0.947,0.954,0.977,0.986,0.991,0.994]
Epoch [111] Testing Results: Prec@1 65.320 Prec@5 94.960 Loss 1.76154
Epoch [111] Testing Class Recall: [0.936,0.880,0.599,0.656,0.725,0.677,0.552,0.510,0.244,0.753]
Epoch [112] Training Results: Prec@1 95.826 Prec@5 99.978 Loss 0.12213
Epoch [112] Training Class Recall: [0.950,0.972,0.907,0.911,0.947,0.952,0.976,0.983,0.991,0.994]
Epoch [112] Testing Results: Prec@1 59.140 Prec@5 94.250 Loss 2.19692
Epoch [112] Testing Class Recall: [0.952,0.977,0.700,0.585,0.663,0.430,0.686,0.418,0.303,0.200]
Epoch [113] Training Results: Prec@1 95.708 Prec@5 99.984 Loss 0.12257
Epoch [113] Training Class Recall: [0.951,0.971,0.893,0.913,0.947,0.955,0.970,0.984,0.992,0.995]
Epoch [113] Testing Results: Prec@1 61.590 Prec@5 94.780 Loss 1.84809
Epoch [113] Testing Class Recall: [0.912,0.984,0.778,0.425,0.694,0.664,0.693,0.389,0.210,0.410]
Epoch [114] Training Results: Prec@1 95.960 Prec@5 99.972 Loss 0.11646
Epoch [114] Training Class Recall: [0.957,0.972,0.903,0.914,0.949,0.956,0.977,0.985,0.989,0.993]
Epoch [114] Testing Results: Prec@1 66.220 Prec@5 95.140 Loss 1.65527
Epoch [114] Testing Class Recall: [0.894,0.977,0.763,0.467,0.736,0.741,0.571,0.363,0.594,0.516]
Epoch [115] Training Results: Prec@1 95.754 Prec@5 99.978 Loss 0.12248
Epoch [115] Training Class Recall: [0.954,0.969,0.902,0.913,0.947,0.953,0.972,0.984,0.990,0.994]
Epoch [115] Testing Results: Prec@1 62.900 Prec@5 95.150 Loss 1.83936
Epoch [115] Testing Class Recall: [0.935,0.961,0.661,0.804,0.736,0.492,0.625,0.454,0.383,0.239]
Epoch [116] Training Results: Prec@1 95.856 Prec@5 99.970 Loss 0.12027
Epoch [116] Training Class Recall: [0.955,0.970,0.901,0.919,0.943,0.954,0.976,0.984,0.993,0.991]
Epoch [116] Testing Results: Prec@1 58.270 Prec@5 90.470 Loss 2.66256
Epoch [116] Testing Class Recall: [0.931,0.738,0.477,0.728,0.754,0.351,0.806,0.694,0.010,0.338]
Epoch [117] Training Results: Prec@1 95.822 Prec@5 99.986 Loss 0.12152
Epoch [117] Training Class Recall: [0.954,0.970,0.896,0.915,0.950,0.953,0.974,0.986,0.990,0.993]
Epoch [117] Testing Results: Prec@1 55.680 Prec@5 93.170 Loss 2.53511
Epoch [117] Testing Class Recall: [0.930,0.971,0.577,0.845,0.704,0.474,0.430,0.241,0.232,0.164]
Epoch [118] Training Results: Prec@1 95.768 Prec@5 99.974 Loss 0.12208
Epoch [118] Training Class Recall: [0.954,0.968,0.896,0.913,0.949,0.959,0.975,0.984,0.991,0.989]
Epoch [118] Testing Results: Prec@1 60.500 Prec@5 95.380 Loss 2.01123
Epoch [118] Testing Class Recall: [0.927,0.721,0.834,0.390,0.629,0.682,0.580,0.592,0.448,0.247]
Epoch [119] Training Results: Prec@1 96.282 Prec@5 99.982 Loss 0.11119
Epoch [119] Training Class Recall: [0.957,0.975,0.914,0.920,0.952,0.956,0.978,0.987,0.993,0.996]
Epoch [119] Testing Results: Prec@1 67.780 Prec@5 96.400 Loss 1.57758
Epoch [119] Testing Class Recall: [0.888,0.940,0.690,0.602,0.757,0.734,0.624,0.652,0.278,0.613]
Epoch [120] Training Results: Prec@1 96.176 Prec@5 99.976 Loss 0.11206
Epoch [120] Training Class Recall: [0.953,0.974,0.911,0.919,0.949,0.962,0.979,0.986,0.991,0.993]
Epoch [120] Testing Results: Prec@1 65.690 Prec@5 94.920 Loss 1.78892
Epoch [120] Testing Class Recall: [0.909,0.939,0.642,0.778,0.779,0.460,0.614,0.610,0.442,0.396]
Epoch [121] Training Results: Prec@1 95.962 Prec@5 99.976 Loss 0.11697
Epoch [121] Training Class Recall: [0.953,0.971,0.907,0.916,0.947,0.955,0.980,0.984,0.991,0.993]
Epoch [121] Testing Results: Prec@1 65.850 Prec@5 95.620 Loss 1.62474
Epoch [121] Testing Class Recall: [0.881,0.952,0.790,0.570,0.796,0.483,0.588,0.598,0.522,0.405]
Epoch [122] Training Results: Prec@1 95.874 Prec@5 99.984 Loss 0.11799
Epoch [122] Training Class Recall: [0.953,0.969,0.907,0.916,0.944,0.959,0.976,0.980,0.992,0.990]
Epoch [122] Testing Results: Prec@1 65.030 Prec@5 95.630 Loss 1.66363
Epoch [122] Testing Class Recall: [0.967,0.922,0.626,0.498,0.727,0.719,0.651,0.556,0.509,0.328]
Epoch [123] Training Results: Prec@1 95.956 Prec@5 99.982 Loss 0.11789
Epoch [123] Training Class Recall: [0.956,0.967,0.905,0.916,0.948,0.958,0.975,0.985,0.991,0.994]
Epoch [123] Testing Results: Prec@1 56.080 Prec@5 92.620 Loss 2.45192
Epoch [123] Testing Class Recall: [0.960,0.960,0.698,0.384,0.644,0.551,0.216,0.532,0.394,0.269]
Epoch [124] Training Results: Prec@1 95.744 Prec@5 99.976 Loss 0.12228
Epoch [124] Training Class Recall: [0.956,0.971,0.899,0.913,0.947,0.951,0.972,0.982,0.991,0.993]
Epoch [124] Testing Results: Prec@1 58.750 Prec@5 94.460 Loss 2.16028
Epoch [124] Testing Class Recall: [0.894,0.987,0.650,0.835,0.451,0.407,0.593,0.468,0.480,0.110]
Epoch [125] Training Results: Prec@1 96.070 Prec@5 99.990 Loss 0.11460
Epoch [125] Training Class Recall: [0.958,0.973,0.904,0.921,0.948,0.957,0.977,0.985,0.990,0.993]
Epoch [125] Testing Results: Prec@1 63.710 Prec@5 95.520 Loss 1.93773
Epoch [125] Testing Class Recall: [0.935,0.985,0.653,0.757,0.500,0.524,0.772,0.549,0.444,0.252]
Epoch [126] Training Results: Prec@1 95.998 Prec@5 99.996 Loss 0.11880
Epoch [126] Training Class Recall: [0.957,0.973,0.904,0.913,0.948,0.956,0.977,0.987,0.989,0.995]
Epoch [126] Testing Results: Prec@1 58.990 Prec@5 94.520 Loss 2.17360
Epoch [126] Testing Class Recall: [0.934,0.981,0.635,0.827,0.636,0.488,0.459,0.441,0.269,0.229]
Epoch [127] Training Results: Prec@1 95.996 Prec@5 99.978 Loss 0.11907
Epoch [127] Training Class Recall: [0.955,0.969,0.903,0.915,0.948,0.961,0.976,0.986,0.992,0.994]
Epoch [127] Testing Results: Prec@1 58.230 Prec@5 93.150 Loss 2.30058
Epoch [127] Testing Class Recall: [0.931,0.983,0.704,0.790,0.655,0.268,0.415,0.300,0.512,0.265]
Epoch [128] Training Results: Prec@1 96.000 Prec@5 99.984 Loss 0.11692
Epoch [128] Training Class Recall: [0.952,0.971,0.907,0.917,0.950,0.956,0.977,0.986,0.991,0.993]
Epoch [128] Testing Results: Prec@1 61.530 Prec@5 94.700 Loss 1.98435
Epoch [128] Testing Class Recall: [0.840,0.927,0.748,0.795,0.588,0.479,0.572,0.571,0.268,0.365]
Epoch [129] Training Results: Prec@1 95.998 Prec@5 99.982 Loss 0.11682
Epoch [129] Training Class Recall: [0.954,0.971,0.908,0.919,0.946,0.958,0.976,0.984,0.992,0.993]
Epoch [129] Testing Results: Prec@1 62.740 Prec@5 94.500 Loss 1.98501
Epoch [129] Testing Class Recall: [0.892,0.923,0.639,0.784,0.633,0.530,0.736,0.495,0.280,0.362]
Epoch [130] Training Results: Prec@1 95.836 Prec@5 99.976 Loss 0.12131
Epoch [130] Training Class Recall: [0.956,0.970,0.903,0.913,0.940,0.959,0.972,0.988,0.990,0.992]
Epoch [130] Testing Results: Prec@1 66.600 Prec@5 96.280 Loss 1.58303
Epoch [130] Testing Class Recall: [0.962,0.935,0.721,0.539,0.647,0.697,0.627,0.614,0.380,0.538]
Epoch [131] Training Results: Prec@1 96.094 Prec@5 99.968 Loss 0.11491
Epoch [131] Training Class Recall: [0.957,0.972,0.911,0.920,0.950,0.957,0.977,0.981,0.990,0.994]
Epoch [131] Testing Results: Prec@1 65.180 Prec@5 95.110 Loss 1.65183
Epoch [131] Testing Class Recall: [0.863,0.965,0.898,0.569,0.519,0.524,0.543,0.409,0.707,0.521]
Epoch [132] Training Results: Prec@1 96.156 Prec@5 99.978 Loss 0.11263
Epoch [132] Training Class Recall: [0.956,0.973,0.908,0.922,0.949,0.957,0.978,0.986,0.992,0.995]
Epoch [132] Testing Results: Prec@1 62.830 Prec@5 95.110 Loss 1.65612
Epoch [132] Testing Class Recall: [0.849,0.979,0.758,0.483,0.678,0.737,0.440,0.459,0.426,0.474]
Epoch [133] Training Results: Prec@1 96.272 Prec@5 99.990 Loss 0.11050
Epoch [133] Training Class Recall: [0.958,0.975,0.912,0.923,0.951,0.956,0.977,0.986,0.995,0.995]
Epoch [133] Testing Results: Prec@1 63.280 Prec@5 95.850 Loss 1.82058
Epoch [133] Testing Class Recall: [0.687,0.958,0.824,0.786,0.638,0.539,0.464,0.419,0.486,0.527]
Epoch [134] Training Results: Prec@1 95.690 Prec@5 99.970 Loss 0.12361
Epoch [134] Training Class Recall: [0.952,0.968,0.901,0.915,0.940,0.955,0.973,0.983,0.990,0.991]
Epoch [134] Testing Results: Prec@1 65.260 Prec@5 95.670 Loss 1.66925
Epoch [134] Testing Class Recall: [0.942,0.930,0.777,0.664,0.689,0.559,0.710,0.511,0.458,0.286]
Epoch [135] Training Results: Prec@1 96.098 Prec@5 99.978 Loss 0.11501
Epoch [135] Training Class Recall: [0.957,0.974,0.910,0.918,0.948,0.956,0.977,0.984,0.992,0.994]
Epoch [135] Testing Results: Prec@1 61.220 Prec@5 94.720 Loss 2.07981
Epoch [135] Testing Class Recall: [0.972,0.929,0.729,0.706,0.655,0.368,0.714,0.508,0.416,0.125]
Epoch [136] Training Results: Prec@1 95.908 Prec@5 99.984 Loss 0.11891
Epoch [136] Training Class Recall: [0.949,0.968,0.903,0.918,0.950,0.956,0.978,0.987,0.989,0.993]
Epoch [136] Testing Results: Prec@1 64.900 Prec@5 94.910 Loss 1.74336
Epoch [136] Testing Class Recall: [0.910,0.931,0.763,0.758,0.643,0.466,0.583,0.683,0.505,0.248]
Epoch [137] Training Results: Prec@1 96.006 Prec@5 99.972 Loss 0.11761
Epoch [137] Training Class Recall: [0.953,0.971,0.905,0.921,0.954,0.953,0.976,0.984,0.992,0.991]
Epoch [137] Testing Results: Prec@1 61.960 Prec@5 95.160 Loss 1.99543
Epoch [137] Testing Class Recall: [0.937,0.981,0.741,0.706,0.519,0.575,0.688,0.536,0.375,0.138]
Epoch [138] Training Results: Prec@1 96.038 Prec@5 99.980 Loss 0.11432
Epoch [138] Training Class Recall: [0.950,0.975,0.905,0.921,0.949,0.959,0.975,0.984,0.991,0.994]
Epoch [138] Testing Results: Prec@1 56.760 Prec@5 92.350 Loss 2.49711
Epoch [138] Testing Class Recall: [0.968,0.917,0.767,0.720,0.520,0.362,0.769,0.287,0.256,0.110]
Epoch [139] Training Results: Prec@1 95.842 Prec@5 99.988 Loss 0.12016
Epoch [139] Training Class Recall: [0.950,0.969,0.906,0.921,0.941,0.954,0.977,0.984,0.990,0.991]
Epoch [139] Testing Results: Prec@1 53.330 Prec@5 93.040 Loss 2.53465
Epoch [139] Testing Class Recall: [0.946,0.750,0.838,0.481,0.585,0.480,0.365,0.501,0.172,0.215]
Epoch [140] Training Results: Prec@1 96.188 Prec@5 99.984 Loss 0.11117
Epoch [140] Training Class Recall: [0.956,0.971,0.909,0.920,0.952,0.960,0.978,0.986,0.993,0.995]
Epoch [140] Testing Results: Prec@1 57.910 Prec@5 94.520 Loss 2.04819
Epoch [140] Testing Class Recall: [0.902,0.822,0.859,0.621,0.491,0.510,0.508,0.486,0.190,0.402]
Epoch [141] Training Results: Prec@1 95.882 Prec@5 99.980 Loss 0.12051
Epoch [141] Training Class Recall: [0.956,0.970,0.901,0.921,0.947,0.955,0.973,0.983,0.992,0.991]
Epoch [141] Testing Results: Prec@1 59.840 Prec@5 93.380 Loss 2.27732
Epoch [141] Testing Class Recall: [0.915,0.971,0.857,0.545,0.537,0.382,0.685,0.512,0.289,0.291]
Epoch [142] Training Results: Prec@1 96.154 Prec@5 99.984 Loss 0.11392
Epoch [142] Training Class Recall: [0.956,0.974,0.908,0.922,0.949,0.961,0.973,0.985,0.992,0.996]
Epoch [142] Testing Results: Prec@1 62.180 Prec@5 94.820 Loss 1.83929
Epoch [142] Testing Class Recall: [0.922,0.933,0.832,0.644,0.488,0.570,0.432,0.500,0.473,0.424]
Epoch [143] Training Results: Prec@1 95.954 Prec@5 99.978 Loss 0.11654
Epoch [143] Training Class Recall: [0.956,0.976,0.903,0.921,0.942,0.959,0.976,0.979,0.991,0.993]
Epoch [143] Testing Results: Prec@1 57.260 Prec@5 93.130 Loss 2.30578
Epoch [143] Testing Class Recall: [0.955,0.950,0.783,0.733,0.567,0.270,0.346,0.396,0.320,0.406]
Epoch [144] Training Results: Prec@1 96.176 Prec@5 99.980 Loss 0.11444
Epoch [144] Training Class Recall: [0.957,0.971,0.915,0.922,0.952,0.957,0.973,0.987,0.990,0.994]
Epoch [144] Testing Results: Prec@1 58.660 Prec@5 94.800 Loss 2.26309
Epoch [144] Testing Class Recall: [0.829,0.994,0.726,0.782,0.364,0.391,0.291,0.692,0.547,0.250]
Epoch [145] Training Results: Prec@1 95.836 Prec@5 99.980 Loss 0.11991
Epoch [145] Training Class Recall: [0.947,0.972,0.903,0.916,0.946,0.956,0.974,0.985,0.992,0.992]
Epoch [145] Testing Results: Prec@1 65.930 Prec@5 95.500 Loss 1.59519
Epoch [145] Testing Class Recall: [0.869,0.944,0.589,0.736,0.830,0.606,0.567,0.365,0.510,0.577]
Epoch [146] Training Results: Prec@1 96.272 Prec@5 99.980 Loss 0.10947
Epoch [146] Training Class Recall: [0.955,0.974,0.917,0.923,0.950,0.958,0.975,0.988,0.993,0.994]
Epoch [146] Testing Results: Prec@1 58.790 Prec@5 94.120 Loss 2.27553
Epoch [146] Testing Class Recall: [0.943,0.988,0.571,0.577,0.746,0.468,0.552,0.324,0.335,0.375]
Epoch [147] Training Results: Prec@1 96.140 Prec@5 99.988 Loss 0.11512
Epoch [147] Training Class Recall: [0.953,0.973,0.909,0.924,0.951,0.960,0.978,0.983,0.992,0.992]
Epoch [147] Testing Results: Prec@1 61.800 Prec@5 93.320 Loss 1.96867
Epoch [147] Testing Class Recall: [0.925,0.971,0.805,0.590,0.776,0.515,0.627,0.303,0.151,0.517]
Epoch [148] Training Results: Prec@1 95.928 Prec@5 99.984 Loss 0.11677
Epoch [148] Training Class Recall: [0.954,0.968,0.908,0.915,0.952,0.956,0.975,0.985,0.990,0.990]
Epoch [148] Testing Results: Prec@1 61.250 Prec@5 93.220 Loss 2.06395
Epoch [148] Testing Class Recall: [0.932,0.964,0.821,0.284,0.456,0.251,0.619,0.613,0.605,0.580]
Epoch [149] Training Results: Prec@1 95.914 Prec@5 99.982 Loss 0.12121
Epoch [149] Training Class Recall: [0.957,0.968,0.902,0.913,0.948,0.956,0.974,0.987,0.992,0.994]
Epoch [149] Testing Results: Prec@1 59.340 Prec@5 93.560 Loss 2.15338
Epoch [149] Testing Class Recall: [0.938,0.984,0.771,0.641,0.602,0.285,0.395,0.652,0.242,0.424]
Epoch [150] Training Results: Prec@1 96.278 Prec@5 99.984 Loss 0.11048
Epoch [150] Training Class Recall: [0.957,0.973,0.910,0.925,0.956,0.957,0.976,0.985,0.993,0.996]
Epoch [150] Testing Results: Prec@1 60.710 Prec@5 93.430 Loss 2.25112
Epoch [150] Testing Class Recall: [0.972,0.962,0.589,0.675,0.755,0.235,0.564,0.705,0.140,0.474]
Epoch [151] Training Results: Prec@1 96.200 Prec@5 99.992 Loss 0.11153
Epoch [151] Training Class Recall: [0.957,0.972,0.908,0.925,0.955,0.959,0.978,0.982,0.991,0.994]
Epoch [151] Testing Results: Prec@1 67.910 Prec@5 95.930 Loss 1.47393
Epoch [151] Testing Class Recall: [0.892,0.905,0.824,0.545,0.532,0.553,0.541,0.573,0.753,0.673]
Epoch [152] Training Results: Prec@1 96.204 Prec@5 99.988 Loss 0.11094
Epoch [152] Training Class Recall: [0.953,0.971,0.912,0.921,0.956,0.956,0.978,0.988,0.991,0.994]
Epoch [152] Testing Results: Prec@1 62.970 Prec@5 95.440 Loss 1.98065
Epoch [152] Testing Class Recall: [0.854,0.989,0.818,0.618,0.516,0.584,0.792,0.544,0.295,0.287]
Epoch [153] Training Results: Prec@1 96.052 Prec@5 99.982 Loss 0.11519
Epoch [153] Training Class Recall: [0.954,0.972,0.910,0.918,0.950,0.958,0.975,0.986,0.991,0.993]
Epoch [153] Testing Results: Prec@1 57.090 Prec@5 92.570 Loss 2.26399
Epoch [153] Testing Class Recall: [0.934,0.960,0.777,0.760,0.702,0.327,0.422,0.270,0.269,0.288]
Epoch [154] Training Results: Prec@1 95.902 Prec@5 99.988 Loss 0.11952
Epoch [154] Training Class Recall: [0.954,0.971,0.906,0.919,0.946,0.954,0.974,0.980,0.991,0.994]
Epoch [154] Testing Results: Prec@1 63.040 Prec@5 94.840 Loss 1.74821
Epoch [154] Testing Class Recall: [0.964,0.935,0.628,0.526,0.567,0.731,0.561,0.577,0.269,0.546]
Epoch [155] Training Results: Prec@1 96.084 Prec@5 99.984 Loss 0.11387
Epoch [155] Training Class Recall: [0.955,0.972,0.904,0.920,0.953,0.959,0.975,0.986,0.991,0.993]
Epoch [155] Testing Results: Prec@1 59.180 Prec@5 93.490 Loss 2.37480
Epoch [155] Testing Class Recall: [0.929,0.977,0.749,0.596,0.703,0.564,0.585,0.412,0.288,0.115]
Epoch [156] Training Results: Prec@1 96.274 Prec@5 99.988 Loss 0.11117
Epoch [156] Training Class Recall: [0.957,0.973,0.915,0.926,0.949,0.961,0.978,0.984,0.992,0.993]
Epoch [156] Testing Results: Prec@1 59.120 Prec@5 94.390 Loss 2.22960
Epoch [156] Testing Class Recall: [0.916,0.973,0.809,0.725,0.545,0.559,0.410,0.468,0.289,0.218]
Epoch [157] Training Results: Prec@1 96.044 Prec@5 99.988 Loss 0.11231
Epoch [157] Training Class Recall: [0.954,0.970,0.908,0.918,0.950,0.958,0.975,0.988,0.991,0.993]
Epoch [157] Testing Results: Prec@1 56.340 Prec@5 93.450 Loss 2.47191
Epoch [157] Testing Class Recall: [0.911,0.978,0.867,0.701,0.588,0.465,0.392,0.383,0.092,0.257]
Epoch [158] Training Results: Prec@1 96.236 Prec@5 99.986 Loss 0.11049
Epoch [158] Training Class Recall: [0.957,0.972,0.909,0.931,0.946,0.960,0.979,0.986,0.991,0.992]
Epoch [158] Testing Results: Prec@1 57.860 Prec@5 94.120 Loss 2.34853
Epoch [158] Testing Class Recall: [0.891,0.970,0.849,0.519,0.764,0.464,0.423,0.407,0.417,0.082]
Epoch [159] Training Results: Prec@1 96.232 Prec@5 99.986 Loss 0.10903
Epoch [159] Training Class Recall: [0.961,0.974,0.907,0.922,0.951,0.959,0.975,0.986,0.992,0.995]
Epoch [159] Testing Results: Prec@1 60.420 Prec@5 94.260 Loss 1.94263
Epoch [159] Testing Class Recall: [0.910,0.911,0.815,0.467,0.532,0.277,0.833,0.675,0.412,0.210]
Epoch [160] Training Results: Prec@1 97.572 Prec@5 99.986 Loss 0.07280
Epoch [160] Training Class Recall: [0.966,0.981,0.941,0.955,0.969,0.965,0.993,0.995,0.995,0.997]
Epoch [160] Testing Results: Prec@1 65.540 Prec@5 95.750 Loss 1.69149
Epoch [160] Testing Class Recall: [0.947,0.968,0.780,0.702,0.687,0.531,0.684,0.547,0.418,0.290]
Epoch [161] Training Results: Prec@1 98.374 Prec@5 99.998 Loss 0.05085
Epoch [161] Training Class Recall: [0.977,0.986,0.952,0.966,0.983,0.983,0.996,0.996,0.999,0.999]
Epoch [161] Testing Results: Prec@1 65.620 Prec@5 95.800 Loss 1.71555
Epoch [161] Testing Class Recall: [0.957,0.970,0.801,0.705,0.698,0.507,0.649,0.559,0.402,0.314]
Epoch [162] Training Results: Prec@1 98.678 Prec@5 99.998 Loss 0.04342
Epoch [162] Training Class Recall: [0.981,0.990,0.962,0.972,0.986,0.987,0.997,0.997,0.998,0.999]
Epoch [162] Testing Results: Prec@1 66.190 Prec@5 95.860 Loss 1.67508
Epoch [162] Testing Class Recall: [0.955,0.970,0.811,0.715,0.699,0.529,0.630,0.548,0.475,0.287]
Epoch [163] Training Results: Prec@1 98.768 Prec@5 100.000 Loss 0.03901
Epoch [163] Training Class Recall: [0.983,0.989,0.964,0.974,0.986,0.991,0.996,0.997,0.999,0.999]
Epoch [163] Testing Results: Prec@1 65.020 Prec@5 95.640 Loss 1.77547
Epoch [163] Testing Class Recall: [0.962,0.970,0.799,0.731,0.698,0.499,0.615,0.536,0.431,0.261]
Epoch [164] Training Results: Prec@1 98.894 Prec@5 99.996 Loss 0.03651
Epoch [164] Training Class Recall: [0.983,0.990,0.967,0.979,0.988,0.990,0.996,0.997,0.999,0.999]
Epoch [164] Testing Results: Prec@1 65.690 Prec@5 95.720 Loss 1.74726
Epoch [164] Testing Class Recall: [0.962,0.969,0.808,0.704,0.725,0.524,0.636,0.533,0.418,0.290]
Epoch [165] Training Results: Prec@1 99.000 Prec@5 99.998 Loss 0.03379
Epoch [165] Training Class Recall: [0.986,0.993,0.969,0.978,0.990,0.991,0.996,0.998,0.999,1.000]
Epoch [165] Testing Results: Prec@1 64.910 Prec@5 95.540 Loss 1.80366
Epoch [165] Testing Class Recall: [0.966,0.971,0.798,0.727,0.716,0.519,0.624,0.500,0.417,0.253]
Epoch [166] Training Results: Prec@1 99.048 Prec@5 99.996 Loss 0.03176
Epoch [166] Training Class Recall: [0.984,0.991,0.973,0.981,0.991,0.992,0.996,0.998,0.999,1.000]
Epoch [166] Testing Results: Prec@1 64.080 Prec@5 95.380 Loss 1.89599
Epoch [166] Testing Class Recall: [0.966,0.969,0.806,0.741,0.712,0.499,0.606,0.496,0.366,0.247]
Epoch [167] Training Results: Prec@1 99.144 Prec@5 99.998 Loss 0.02912
Epoch [167] Training Class Recall: [0.987,0.991,0.973,0.982,0.993,0.994,0.997,0.998,1.000,1.000]
Epoch [167] Testing Results: Prec@1 64.770 Prec@5 95.620 Loss 1.83870
Epoch [167] Testing Class Recall: [0.965,0.972,0.810,0.740,0.698,0.512,0.606,0.541,0.386,0.247]
Epoch [168] Training Results: Prec@1 99.228 Prec@5 99.998 Loss 0.02814
Epoch [168] Training Class Recall: [0.987,0.994,0.977,0.984,0.992,0.992,0.999,0.998,0.999,1.000]
Epoch [168] Testing Results: Prec@1 64.880 Prec@5 95.610 Loss 1.84068
Epoch [168] Testing Class Recall: [0.967,0.971,0.809,0.738,0.720,0.523,0.610,0.512,0.373,0.265]
Epoch [169] Training Results: Prec@1 99.202 Prec@5 99.998 Loss 0.02749
Epoch [169] Training Class Recall: [0.989,0.991,0.973,0.984,0.994,0.995,0.997,0.999,0.999,0.999]
Epoch [169] Testing Results: Prec@1 65.000 Prec@5 95.630 Loss 1.85482
Epoch [169] Testing Class Recall: [0.965,0.972,0.811,0.738,0.723,0.509,0.615,0.527,0.396,0.244]
Epoch [170] Training Results: Prec@1 99.300 Prec@5 100.000 Loss 0.02540
Epoch [170] Training Class Recall: [0.990,0.994,0.976,0.986,0.994,0.994,0.998,0.999,0.999,1.000]
Epoch [170] Testing Results: Prec@1 65.580 Prec@5 95.750 Loss 1.77987
Epoch [170] Testing Class Recall: [0.965,0.969,0.820,0.736,0.731,0.533,0.585,0.550,0.405,0.264]
Epoch [171] Training Results: Prec@1 99.262 Prec@5 99.998 Loss 0.02569
Epoch [171] Training Class Recall: [0.989,0.995,0.976,0.984,0.994,0.993,0.996,0.999,0.999,1.000]
Epoch [171] Testing Results: Prec@1 64.870 Prec@5 95.510 Loss 1.86529
Epoch [171] Testing Class Recall: [0.966,0.972,0.815,0.740,0.724,0.526,0.617,0.499,0.392,0.236]
Epoch [172] Training Results: Prec@1 99.304 Prec@5 99.998 Loss 0.02483
Epoch [172] Training Class Recall: [0.989,0.994,0.977,0.986,0.993,0.994,0.998,0.999,0.999,1.000]
Epoch [172] Testing Results: Prec@1 64.900 Prec@5 95.500 Loss 1.85443
Epoch [172] Testing Class Recall: [0.963,0.971,0.815,0.747,0.730,0.533,0.603,0.495,0.401,0.232]
Epoch [173] Training Results: Prec@1 99.330 Prec@5 99.998 Loss 0.02397
Epoch [173] Training Class Recall: [0.988,0.994,0.980,0.984,0.993,0.996,0.999,0.999,1.000,1.000]
Epoch [173] Testing Results: Prec@1 65.150 Prec@5 95.620 Loss 1.84064
Epoch [173] Testing Class Recall: [0.967,0.972,0.815,0.757,0.727,0.503,0.603,0.510,0.378,0.283]
Epoch [174] Training Results: Prec@1 99.242 Prec@5 100.000 Loss 0.02508
Epoch [174] Training Class Recall: [0.988,0.992,0.978,0.986,0.993,0.993,0.997,0.998,0.999,1.000]
Epoch [174] Testing Results: Prec@1 65.910 Prec@5 95.820 Loss 1.79327
Epoch [174] Testing Class Recall: [0.969,0.972,0.818,0.738,0.724,0.523,0.619,0.548,0.413,0.267]
Epoch [175] Training Results: Prec@1 99.410 Prec@5 100.000 Loss 0.02224
Epoch [175] Training Class Recall: [0.991,0.994,0.983,0.988,0.994,0.994,0.998,1.000,0.999,1.000]
Epoch [175] Testing Results: Prec@1 65.370 Prec@5 95.610 Loss 1.84523
Epoch [175] Testing Class Recall: [0.968,0.973,0.815,0.745,0.735,0.521,0.617,0.502,0.405,0.256]
Epoch [176] Training Results: Prec@1 99.378 Prec@5 100.000 Loss 0.02246
Epoch [176] Training Class Recall: [0.990,0.993,0.981,0.987,0.994,0.996,0.999,0.999,0.999,1.000]
Epoch [176] Testing Results: Prec@1 65.260 Prec@5 95.580 Loss 1.85241
Epoch [176] Testing Class Recall: [0.967,0.971,0.817,0.759,0.708,0.526,0.632,0.498,0.404,0.244]
Epoch [177] Training Results: Prec@1 99.434 Prec@5 100.000 Loss 0.02091
Epoch [177] Training Class Recall: [0.990,0.995,0.982,0.988,0.995,0.996,0.999,0.999,1.000,1.000]
Epoch [177] Testing Results: Prec@1 65.500 Prec@5 95.720 Loss 1.84142
Epoch [177] Testing Class Recall: [0.969,0.973,0.813,0.742,0.726,0.515,0.624,0.517,0.404,0.267]
Epoch [178] Training Results: Prec@1 99.414 Prec@5 100.000 Loss 0.02074
Epoch [178] Training Class Recall: [0.993,0.995,0.978,0.989,0.995,0.994,0.998,0.999,1.000,1.000]
Epoch [178] Testing Results: Prec@1 65.550 Prec@5 95.640 Loss 1.84218
Epoch [178] Testing Class Recall: [0.971,0.972,0.832,0.713,0.729,0.520,0.631,0.520,0.413,0.254]
Epoch [179] Training Results: Prec@1 99.454 Prec@5 100.000 Loss 0.02027
Epoch [179] Training Class Recall: [0.991,0.995,0.981,0.989,0.996,0.996,0.998,0.999,1.000,1.000]
Epoch [179] Testing Results: Prec@1 65.530 Prec@5 95.710 Loss 1.81643
Epoch [179] Testing Class Recall: [0.961,0.972,0.820,0.758,0.729,0.521,0.632,0.498,0.395,0.267]
Epoch [180] Training Results: Prec@1 99.450 Prec@5 100.000 Loss 0.02014
Epoch [180] Training Class Recall: [0.990,0.993,0.982,0.988,0.997,0.997,1.000,0.999,1.000,1.000]
Epoch [180] Testing Results: Prec@1 65.200 Prec@5 95.750 Loss 1.85894
Epoch [180] Testing Class Recall: [0.964,0.973,0.831,0.741,0.715,0.518,0.612,0.508,0.391,0.267]
Epoch [181] Training Results: Prec@1 99.466 Prec@5 100.000 Loss 0.02055
Epoch [181] Training Class Recall: [0.992,0.995,0.984,0.990,0.994,0.996,0.998,0.999,0.999,1.000]
Epoch [181] Testing Results: Prec@1 64.640 Prec@5 95.500 Loss 1.90773
Epoch [181] Testing Class Recall: [0.970,0.972,0.817,0.743,0.737,0.519,0.608,0.484,0.377,0.237]
Epoch [182] Training Results: Prec@1 99.460 Prec@5 100.000 Loss 0.02029
Epoch [182] Training Class Recall: [0.990,0.994,0.982,0.991,0.995,0.997,0.999,1.000,0.999,1.000]
Epoch [182] Testing Results: Prec@1 64.880 Prec@5 95.560 Loss 1.89106
Epoch [182] Testing Class Recall: [0.964,0.974,0.827,0.731,0.734,0.521,0.613,0.491,0.389,0.244]
Epoch [183] Training Results: Prec@1 99.408 Prec@5 100.000 Loss 0.02111
Epoch [183] Training Class Recall: [0.989,0.995,0.980,0.990,0.994,0.997,0.999,0.999,0.999,1.000]
Epoch [183] Testing Results: Prec@1 65.850 Prec@5 95.900 Loss 1.81125
Epoch [183] Testing Class Recall: [0.968,0.974,0.812,0.744,0.728,0.529,0.625,0.545,0.401,0.259]
Epoch [184] Training Results: Prec@1 99.490 Prec@5 99.998 Loss 0.01949
Epoch [184] Training Class Recall: [0.992,0.995,0.982,0.992,0.994,0.997,0.999,0.999,0.999,1.000]
Epoch [184] Testing Results: Prec@1 65.890 Prec@5 95.820 Loss 1.79764
Epoch [184] Testing Class Recall: [0.963,0.975,0.834,0.731,0.722,0.527,0.631,0.510,0.432,0.264]
Epoch [185] Training Results: Prec@1 99.446 Prec@5 100.000 Loss 0.02036
Epoch [185] Training Class Recall: [0.990,0.994,0.982,0.990,0.994,0.998,0.999,0.999,0.999,1.000]
Epoch [185] Testing Results: Prec@1 65.030 Prec@5 95.720 Loss 1.88463
Epoch [185] Testing Class Recall: [0.971,0.974,0.816,0.743,0.709,0.508,0.597,0.516,0.421,0.248]
Epoch [186] Training Results: Prec@1 99.452 Prec@5 100.000 Loss 0.02001
Epoch [186] Training Class Recall: [0.989,0.994,0.985,0.989,0.994,0.998,0.998,0.999,0.999,1.000]
Epoch [186] Testing Results: Prec@1 64.940 Prec@5 95.710 Loss 1.90245
Epoch [186] Testing Class Recall: [0.970,0.974,0.813,0.745,0.722,0.539,0.605,0.523,0.360,0.243]
Epoch [187] Training Results: Prec@1 99.452 Prec@5 100.000 Loss 0.02034
Epoch [187] Training Class Recall: [0.989,0.995,0.981,0.990,0.995,0.997,0.999,0.999,1.000,1.000]
Epoch [187] Testing Results: Prec@1 65.510 Prec@5 95.690 Loss 1.83303
Epoch [187] Testing Class Recall: [0.970,0.970,0.818,0.749,0.727,0.525,0.622,0.505,0.415,0.250]
Epoch [188] Training Results: Prec@1 99.386 Prec@5 100.000 Loss 0.02057
Epoch [188] Training Class Recall: [0.987,0.996,0.979,0.989,0.994,0.997,0.998,0.999,0.999,1.000]
Epoch [188] Testing Results: Prec@1 64.640 Prec@5 95.700 Loss 1.89985
Epoch [188] Testing Class Recall: [0.972,0.972,0.814,0.745,0.723,0.512,0.596,0.517,0.370,0.243]
Epoch [189] Training Results: Prec@1 99.460 Prec@5 100.000 Loss 0.02098
Epoch [189] Training Class Recall: [0.990,0.995,0.983,0.990,0.996,0.996,0.998,0.999,0.999,1.000]
Epoch [189] Testing Results: Prec@1 65.910 Prec@5 95.790 Loss 1.80006
Epoch [189] Testing Class Recall: [0.965,0.975,0.820,0.743,0.725,0.537,0.629,0.520,0.406,0.271]
Epoch [190] Training Results: Prec@1 99.446 Prec@5 99.996 Loss 0.02088
Epoch [190] Training Class Recall: [0.990,0.994,0.984,0.988,0.996,0.997,0.997,0.999,1.000,1.000]
Epoch [190] Testing Results: Prec@1 65.250 Prec@5 95.700 Loss 1.86498
Epoch [190] Testing Class Recall: [0.965,0.974,0.824,0.725,0.735,0.522,0.620,0.506,0.405,0.249]
Epoch [191] Training Results: Prec@1 99.474 Prec@5 100.000 Loss 0.01959
Epoch [191] Training Class Recall: [0.992,0.996,0.982,0.988,0.996,0.996,0.999,0.999,1.000,1.000]
Epoch [191] Testing Results: Prec@1 65.250 Prec@5 95.630 Loss 1.86123
Epoch [191] Testing Class Recall: [0.969,0.973,0.822,0.732,0.721,0.524,0.627,0.510,0.393,0.254]
Epoch [192] Training Results: Prec@1 99.478 Prec@5 100.000 Loss 0.01923
Epoch [192] Training Class Recall: [0.990,0.994,0.984,0.992,0.996,0.996,0.998,0.999,0.999,1.000]
Epoch [192] Testing Results: Prec@1 64.880 Prec@5 95.480 Loss 1.90448
Epoch [192] Testing Class Recall: [0.971,0.974,0.822,0.732,0.726,0.521,0.620,0.495,0.384,0.243]
Epoch [193] Training Results: Prec@1 99.482 Prec@5 99.998 Loss 0.01989
Epoch [193] Training Class Recall: [0.992,0.994,0.984,0.989,0.994,0.997,0.999,0.999,1.000,1.000]
Epoch [193] Testing Results: Prec@1 65.500 Prec@5 95.810 Loss 1.83543
Epoch [193] Testing Class Recall: [0.969,0.974,0.816,0.736,0.724,0.514,0.630,0.529,0.392,0.266]
Epoch [194] Training Results: Prec@1 99.468 Prec@5 100.000 Loss 0.02037
Epoch [194] Training Class Recall: [0.991,0.995,0.982,0.990,0.995,0.996,0.999,0.999,1.000,1.000]
Epoch [194] Testing Results: Prec@1 64.920 Prec@5 95.610 Loss 1.87294
Epoch [194] Testing Class Recall: [0.970,0.971,0.820,0.746,0.714,0.518,0.616,0.488,0.384,0.265]
Epoch [195] Training Results: Prec@1 99.386 Prec@5 100.000 Loss 0.02083
Epoch [195] Training Class Recall: [0.989,0.993,0.981,0.989,0.994,0.995,0.999,0.999,1.000,1.000]
Epoch [195] Testing Results: Prec@1 64.670 Prec@5 95.500 Loss 1.92612
Epoch [195] Testing Class Recall: [0.975,0.972,0.817,0.739,0.714,0.495,0.627,0.502,0.376,0.250]
Epoch [196] Training Results: Prec@1 99.380 Prec@5 99.998 Loss 0.02136
Epoch [196] Training Class Recall: [0.987,0.996,0.982,0.987,0.994,0.994,0.999,0.998,1.000,1.000]
Epoch [196] Testing Results: Prec@1 65.620 Prec@5 95.790 Loss 1.82678
Epoch [196] Testing Class Recall: [0.968,0.972,0.820,0.737,0.741,0.516,0.627,0.532,0.381,0.268]
Epoch [197] Training Results: Prec@1 99.476 Prec@5 99.998 Loss 0.02002
Epoch [197] Training Class Recall: [0.992,0.994,0.984,0.990,0.995,0.996,0.998,0.999,1.000,1.000]
Epoch [197] Testing Results: Prec@1 64.320 Prec@5 95.550 Loss 1.96465
Epoch [197] Testing Class Recall: [0.970,0.973,0.819,0.745,0.730,0.500,0.594,0.510,0.371,0.220]
Epoch [198] Training Results: Prec@1 99.468 Prec@5 100.000 Loss 0.01988
Epoch [198] Training Class Recall: [0.991,0.995,0.981,0.989,0.995,0.998,0.999,0.999,1.000,1.000]
Epoch [198] Testing Results: Prec@1 65.410 Prec@5 95.710 Loss 1.83341
Epoch [198] Testing Class Recall: [0.967,0.972,0.826,0.727,0.732,0.521,0.616,0.519,0.414,0.247]
Epoch [199] Training Results: Prec@1 99.478 Prec@5 100.000 Loss 0.01968
Epoch [199] Training Class Recall: [0.990,0.995,0.983,0.990,0.996,0.997,0.998,0.999,0.999,1.000]
Epoch [199] Testing Results: Prec@1 64.930 Prec@5 95.730 Loss 1.88536
Epoch [199] Testing Class Recall: [0.969,0.972,0.822,0.740,0.729,0.512,0.618,0.517,0.360,0.254]
