Log file: cifar10_sava0.1_deepsmote_sava_exp0.01_seed42_20260613_202352.log
Run started: 2026-06-13 20:23:52.343977
Dataset: cifar10
Imbalance type: exp, factor: 0.01
Selection method: sava, ratio: 0.1
Strategy: DeepSMOTE_Sava, epochs: 200
Seed: 42, rand_number: 0
Augmentation: weak
mamix_ratio: 1.0
============================================================

=> No CSV or TensorBoard logging – only console and debug log.
-----------------------------------------------
Class ID   | Original   | Selected   | Keep %  
-----------------------------------------------
0          | 5000       | 568        |   11.4%
1          | 5000       | 293        |    5.9%
2          | 5000       | 465        |    9.3%
3          | 5000       | 248        |    5.0%
4          | 5000       | 420        |    8.4%
5          | 5000       | 544        |   10.9%
6          | 5000       | 522        |   10.4%
7          | 5000       | 352        |    7.0%
8          | 5000       | 231        |    4.6%
9          | 5000       | 1357       |   27.1%
-----------------------------------------------
TOTAL      | 50000      | 5000       |   10.0%
-----------------------------------------------
Epoch [0] Training Results: Prec@1 35.560 Prec@5 81.420 Loss 1.90121
Epoch [0] Training Class Recall: [0.144,0.126,0.202,0.149,0.262,0.235,0.268,0.048,0.013,0.833]
Epoch [0] Testing Results: Prec@1 11.710 Prec@5 50.090 Loss 3.29815
Epoch [0] Testing Class Recall: [0.087,0.176,0.061,0.205,0.002,0.138,0.020,0.362,0.035,0.085]
Epoch [1] Training Results: Prec@1 44.980 Prec@5 91.860 Loss 1.54696
Epoch [1] Training Class Recall: [0.375,0.263,0.282,0.181,0.221,0.430,0.420,0.142,0.078,0.861]
Epoch [1] Testing Results: Prec@1 11.230 Prec@5 54.970 Loss 4.88287
Epoch [1] Testing Class Recall: [0.269,0.447,0.046,0.000,0.017,0.000,0.035,0.062,0.126,0.121]
Epoch [2] Training Results: Prec@1 53.240 Prec@5 93.580 Loss 1.36065
Epoch [2] Training Class Recall: [0.491,0.317,0.359,0.198,0.350,0.500,0.534,0.250,0.203,0.915]
Epoch [2] Testing Results: Prec@1 13.630 Prec@5 49.880 Loss 5.43091
Epoch [2] Testing Class Recall: [0.008,0.703,0.224,0.104,0.002,0.000,0.028,0.000,0.281,0.013]
Epoch [3] Training Results: Prec@1 59.000 Prec@5 95.340 Loss 1.15585
Epoch [3] Training Class Recall: [0.634,0.396,0.378,0.173,0.331,0.529,0.571,0.409,0.476,0.940]
Epoch [3] Testing Results: Prec@1 14.770 Prec@5 48.070 Loss 5.21978
Epoch [3] Testing Class Recall: [0.203,0.875,0.080,0.001,0.002,0.013,0.082,0.211,0.007,0.003]
Epoch [4] Training Results: Prec@1 54.780 Prec@5 95.420 Loss 1.28987
Epoch [4] Training Class Recall: [0.507,0.348,0.359,0.185,0.307,0.542,0.565,0.315,0.368,0.900]
Epoch [4] Testing Results: Prec@1 16.940 Prec@5 58.860 Loss 3.94994
Epoch [4] Testing Class Recall: [0.115,0.489,0.127,0.033,0.003,0.006,0.209,0.012,0.486,0.214]
Epoch [5] Training Results: Prec@1 64.560 Prec@5 97.360 Loss 1.01034
Epoch [5] Training Class Recall: [0.630,0.423,0.454,0.347,0.324,0.597,0.703,0.534,0.619,0.951]
Epoch [5] Testing Results: Prec@1 16.410 Prec@5 57.370 Loss 4.82482
Epoch [5] Testing Class Recall: [0.282,0.336,0.306,0.011,0.033,0.067,0.268,0.006,0.127,0.205]
Epoch [6] Training Results: Prec@1 68.960 Prec@5 98.660 Loss 0.89233
Epoch [6] Training Class Recall: [0.702,0.481,0.452,0.327,0.431,0.636,0.793,0.631,0.697,0.953]
Epoch [6] Testing Results: Prec@1 20.800 Prec@5 61.610 Loss 4.31211
Epoch [6] Testing Class Recall: [0.180,0.562,0.441,0.000,0.042,0.072,0.112,0.036,0.274,0.361]
Epoch [7] Training Results: Prec@1 73.200 Prec@5 98.640 Loss 0.77422
Epoch [7] Training Class Recall: [0.762,0.553,0.503,0.327,0.510,0.722,0.820,0.665,0.740,0.965]
Epoch [7] Testing Results: Prec@1 19.570 Prec@5 60.530 Loss 4.78277
Epoch [7] Testing Class Recall: [0.100,0.893,0.478,0.010,0.005,0.040,0.052,0.262,0.041,0.076]
Epoch [8] Training Results: Prec@1 73.980 Prec@5 99.040 Loss 0.74898
Epoch [8] Training Class Recall: [0.701,0.577,0.542,0.270,0.524,0.702,0.856,0.767,0.762,0.971]
Epoch [8] Testing Results: Prec@1 19.990 Prec@5 59.980 Loss 4.51399
Epoch [8] Testing Class Recall: [0.190,0.924,0.335,0.042,0.022,0.104,0.141,0.199,0.034,0.008]
Epoch [9] Training Results: Prec@1 75.600 Prec@5 99.020 Loss 0.67965
Epoch [9] Training Class Recall: [0.708,0.526,0.602,0.452,0.550,0.752,0.862,0.787,0.792,0.945]
Epoch [9] Testing Results: Prec@1 22.790 Prec@5 67.580 Loss 3.85767
Epoch [9] Testing Class Recall: [0.181,0.535,0.277,0.029,0.017,0.191,0.395,0.087,0.513,0.054]
Epoch [10] Training Results: Prec@1 74.920 Prec@5 98.840 Loss 0.72498
Epoch [10] Training Class Recall: [0.757,0.519,0.591,0.492,0.495,0.713,0.860,0.741,0.745,0.950]
Epoch [10] Testing Results: Prec@1 21.430 Prec@5 61.240 Loss 4.06966
Epoch [10] Testing Class Recall: [0.161,0.717,0.366,0.013,0.020,0.187,0.275,0.244,0.099,0.061]
Epoch [11] Training Results: Prec@1 77.180 Prec@5 99.240 Loss 0.63155
Epoch [11] Training Class Recall: [0.746,0.662,0.566,0.460,0.564,0.770,0.847,0.798,0.771,0.963]
Epoch [11] Testing Results: Prec@1 21.240 Prec@5 63.450 Loss 4.53097
Epoch [11] Testing Class Recall: [0.227,0.720,0.542,0.068,0.010,0.051,0.109,0.183,0.192,0.022]
Epoch [12] Training Results: Prec@1 80.900 Prec@5 99.560 Loss 0.53462
Epoch [12] Training Class Recall: [0.801,0.683,0.649,0.456,0.617,0.759,0.920,0.827,0.844,0.985]
Epoch [12] Testing Results: Prec@1 20.840 Prec@5 64.320 Loss 4.73312
Epoch [12] Testing Class Recall: [0.314,0.728,0.429,0.004,0.015,0.107,0.251,0.127,0.071,0.038]
Epoch [13] Training Results: Prec@1 82.600 Prec@5 99.760 Loss 0.49009
Epoch [13] Training Class Recall: [0.826,0.724,0.688,0.560,0.643,0.833,0.902,0.838,0.810,0.968]
Epoch [13] Testing Results: Prec@1 22.470 Prec@5 65.330 Loss 4.98189
Epoch [13] Testing Class Recall: [0.189,0.493,0.277,0.002,0.065,0.128,0.351,0.097,0.210,0.435]
Epoch [14] Training Results: Prec@1 85.060 Prec@5 99.700 Loss 0.43554
Epoch [14] Training Class Recall: [0.843,0.788,0.708,0.593,0.707,0.833,0.937,0.832,0.861,0.985]
Epoch [14] Testing Results: Prec@1 24.280 Prec@5 70.580 Loss 4.88654
Epoch [14] Testing Class Recall: [0.092,0.270,0.138,0.055,0.085,0.250,0.113,0.434,0.619,0.372]
Epoch [15] Training Results: Prec@1 81.680 Prec@5 99.580 Loss 0.51687
Epoch [15] Training Class Recall: [0.819,0.754,0.680,0.581,0.645,0.792,0.885,0.787,0.835,0.961]
Epoch [15] Testing Results: Prec@1 25.410 Prec@5 67.560 Loss 4.54842
Epoch [15] Testing Class Recall: [0.143,0.741,0.265,0.009,0.071,0.143,0.189,0.171,0.567,0.242]
Epoch [16] Training Results: Prec@1 86.860 Prec@5 99.640 Loss 0.38507
Epoch [16] Training Class Recall: [0.838,0.751,0.748,0.641,0.752,0.869,0.944,0.858,0.918,0.990]
Epoch [16] Testing Results: Prec@1 26.590 Prec@5 69.910 Loss 4.14863
Epoch [16] Testing Class Recall: [0.222,0.488,0.468,0.018,0.036,0.358,0.222,0.134,0.515,0.198]
Epoch [17] Training Results: Prec@1 88.440 Prec@5 99.860 Loss 0.31653
Epoch [17] Training Class Recall: [0.850,0.819,0.783,0.714,0.738,0.893,0.954,0.878,0.892,0.994]
Epoch [17] Testing Results: Prec@1 25.540 Prec@5 69.800 Loss 4.53566
Epoch [17] Testing Class Recall: [0.249,0.550,0.327,0.012,0.078,0.151,0.361,0.392,0.292,0.142]
Epoch [18] Training Results: Prec@1 86.140 Prec@5 99.760 Loss 0.39747
Epoch [18] Training Class Recall: [0.873,0.788,0.725,0.601,0.719,0.838,0.939,0.827,0.918,0.990]
Epoch [18] Testing Results: Prec@1 21.450 Prec@5 62.320 Loss 6.48654
Epoch [18] Testing Class Recall: [0.250,0.882,0.489,0.012,0.004,0.194,0.135,0.151,0.020,0.008]
Epoch [19] Training Results: Prec@1 80.820 Prec@5 99.420 Loss 0.55924
Epoch [19] Training Class Recall: [0.785,0.655,0.697,0.532,0.655,0.785,0.914,0.790,0.874,0.949]
Epoch [19] Testing Results: Prec@1 20.570 Prec@5 61.030 Loss 6.09276
Epoch [19] Testing Class Recall: [0.175,0.870,0.472,0.006,0.020,0.069,0.028,0.143,0.082,0.192]
Epoch [20] Training Results: Prec@1 84.120 Prec@5 99.620 Loss 0.47907
Epoch [20] Training Class Recall: [0.745,0.720,0.701,0.585,0.738,0.881,0.910,0.872,0.879,0.978]
Epoch [20] Testing Results: Prec@1 24.480 Prec@5 67.620 Loss 4.49363
Epoch [20] Testing Class Recall: [0.258,0.894,0.284,0.044,0.024,0.145,0.239,0.153,0.296,0.111]
Epoch [21] Training Results: Prec@1 88.160 Prec@5 99.840 Loss 0.35344
Epoch [21] Training Class Recall: [0.838,0.846,0.742,0.645,0.771,0.884,0.962,0.923,0.887,0.989]
Epoch [21] Testing Results: Prec@1 22.740 Prec@5 66.820 Loss 4.83529
Epoch [21] Testing Class Recall: [0.289,0.705,0.471,0.008,0.022,0.245,0.154,0.122,0.166,0.092]
Epoch [22] Training Results: Prec@1 87.440 Prec@5 99.720 Loss 0.36237
Epoch [22] Training Class Recall: [0.854,0.792,0.770,0.665,0.745,0.882,0.927,0.872,0.870,0.993]
Epoch [22] Testing Results: Prec@1 24.550 Prec@5 68.350 Loss 4.37783
Epoch [22] Testing Class Recall: [0.299,0.774,0.493,0.010,0.062,0.158,0.256,0.174,0.191,0.038]
Epoch [23] Training Results: Prec@1 90.720 Prec@5 99.940 Loss 0.26254
Epoch [23] Training Class Recall: [0.868,0.833,0.778,0.762,0.833,0.925,0.964,0.938,0.935,0.992]
Epoch [23] Testing Results: Prec@1 22.630 Prec@5 69.010 Loss 5.63402
Epoch [23] Testing Class Recall: [0.177,0.950,0.493,0.026,0.031,0.228,0.060,0.125,0.143,0.030]
Epoch [24] Training Results: Prec@1 91.740 Prec@5 99.880 Loss 0.22609
Epoch [24] Training Class Recall: [0.866,0.812,0.811,0.786,0.852,0.939,0.985,0.952,0.931,0.996]
Epoch [24] Testing Results: Prec@1 23.800 Prec@5 67.210 Loss 4.89565
Epoch [24] Testing Class Recall: [0.326,0.710,0.513,0.025,0.037,0.235,0.115,0.088,0.207,0.124]
Epoch [25] Training Results: Prec@1 91.380 Prec@5 99.960 Loss 0.25322
Epoch [25] Training Class Recall: [0.879,0.816,0.813,0.810,0.855,0.930,0.969,0.920,0.887,0.996]
Epoch [25] Testing Results: Prec@1 25.350 Prec@5 66.620 Loss 4.92723
Epoch [25] Testing Class Recall: [0.249,0.900,0.398,0.025,0.039,0.233,0.213,0.180,0.283,0.015]
Epoch [26] Training Results: Prec@1 93.620 Prec@5 99.960 Loss 0.19298
Epoch [26] Training Class Recall: [0.898,0.894,0.858,0.810,0.881,0.947,0.983,0.955,0.970,0.996]
Epoch [26] Testing Results: Prec@1 24.220 Prec@5 68.880 Loss 4.89848
Epoch [26] Testing Class Recall: [0.246,0.716,0.450,0.041,0.073,0.240,0.147,0.233,0.163,0.113]
Epoch [27] Training Results: Prec@1 92.640 Prec@5 99.900 Loss 0.21112
Epoch [27] Training Class Recall: [0.900,0.860,0.828,0.823,0.879,0.939,0.981,0.920,0.944,0.992]
Epoch [27] Testing Results: Prec@1 25.570 Prec@5 69.300 Loss 5.76660
Epoch [27] Testing Class Recall: [0.257,0.908,0.373,0.017,0.017,0.327,0.134,0.310,0.148,0.066]
Epoch [28] Training Results: Prec@1 91.780 Prec@5 99.920 Loss 0.24882
Epoch [28] Training Class Recall: [0.919,0.887,0.794,0.798,0.817,0.934,0.977,0.881,0.948,0.995]
Epoch [28] Testing Results: Prec@1 23.160 Prec@5 66.980 Loss 6.00076
Epoch [28] Testing Class Recall: [0.341,0.857,0.397,0.010,0.043,0.266,0.097,0.070,0.106,0.129]
Epoch [29] Training Results: Prec@1 91.900 Prec@5 99.860 Loss 0.23132
Epoch [29] Training Class Recall: [0.891,0.891,0.815,0.823,0.857,0.941,0.969,0.881,0.913,0.992]
Epoch [29] Testing Results: Prec@1 21.330 Prec@5 66.460 Loss 6.07705
Epoch [29] Testing Class Recall: [0.287,0.804,0.535,0.033,0.015,0.040,0.163,0.129,0.106,0.021]
Epoch [30] Training Results: Prec@1 91.980 Prec@5 99.960 Loss 0.22846
Epoch [30] Training Class Recall: [0.889,0.884,0.849,0.754,0.848,0.899,0.966,0.969,0.944,0.991]
Epoch [30] Testing Results: Prec@1 24.580 Prec@5 65.810 Loss 6.42879
Epoch [30] Testing Class Recall: [0.222,0.722,0.441,0.015,0.063,0.136,0.061,0.134,0.541,0.123]
Epoch [31] Training Results: Prec@1 91.080 Prec@5 99.860 Loss 0.27054
Epoch [31] Training Class Recall: [0.877,0.874,0.837,0.726,0.838,0.915,0.941,0.940,0.931,0.990]
Epoch [31] Testing Results: Prec@1 24.050 Prec@5 67.360 Loss 5.82542
Epoch [31] Testing Class Recall: [0.398,0.816,0.393,0.017,0.037,0.140,0.255,0.159,0.099,0.091]
Epoch [32] Training Results: Prec@1 94.300 Prec@5 99.940 Loss 0.16139
Epoch [32] Training Class Recall: [0.912,0.884,0.867,0.859,0.883,0.965,0.979,0.977,0.939,0.998]
Epoch [32] Testing Results: Prec@1 26.500 Prec@5 69.530 Loss 5.49241
Epoch [32] Testing Class Recall: [0.197,0.915,0.453,0.042,0.022,0.250,0.136,0.145,0.453,0.037]
Epoch [33] Training Results: Prec@1 93.960 Prec@5 99.960 Loss 0.17275
Epoch [33] Training Class Recall: [0.891,0.836,0.860,0.875,0.917,0.958,0.975,0.969,0.974,0.994]
Epoch [33] Testing Results: Prec@1 24.920 Prec@5 67.170 Loss 6.18259
Epoch [33] Testing Class Recall: [0.262,0.898,0.504,0.029,0.034,0.291,0.076,0.132,0.230,0.036]
Epoch [34] Training Results: Prec@1 93.860 Prec@5 99.980 Loss 0.16595
Epoch [34] Training Class Recall: [0.884,0.792,0.880,0.867,0.917,0.960,0.973,0.972,0.970,0.998]
Epoch [34] Testing Results: Prec@1 24.580 Prec@5 71.220 Loss 5.77676
Epoch [34] Testing Class Recall: [0.284,0.948,0.462,0.019,0.057,0.167,0.155,0.195,0.141,0.030]
Epoch [35] Training Results: Prec@1 95.720 Prec@5 99.980 Loss 0.12844
Epoch [35] Training Class Recall: [0.937,0.901,0.867,0.903,0.945,0.987,0.981,0.966,0.961,0.999]
Epoch [35] Testing Results: Prec@1 27.460 Prec@5 69.740 Loss 5.76479
Epoch [35] Testing Class Recall: [0.249,0.893,0.480,0.011,0.019,0.322,0.178,0.161,0.372,0.061]
Epoch [36] Training Results: Prec@1 93.200 Prec@5 99.980 Loss 0.19757
Epoch [36] Training Class Recall: [0.914,0.898,0.854,0.722,0.886,0.947,0.973,0.949,0.961,0.996]
Epoch [36] Testing Results: Prec@1 24.340 Prec@5 70.860 Loss 5.86093
Epoch [36] Testing Class Recall: [0.351,0.640,0.553,0.002,0.069,0.067,0.209,0.222,0.121,0.200]
Epoch [37] Training Results: Prec@1 91.260 Prec@5 99.880 Loss 0.25358
Epoch [37] Training Class Recall: [0.898,0.884,0.875,0.750,0.810,0.844,0.967,0.946,0.939,0.993]
Epoch [37] Testing Results: Prec@1 25.030 Prec@5 70.340 Loss 6.28476
Epoch [37] Testing Class Recall: [0.351,0.922,0.504,0.020,0.046,0.046,0.244,0.119,0.160,0.091]
Epoch [38] Training Results: Prec@1 91.320 Prec@5 99.960 Loss 0.24985
Epoch [38] Training Class Recall: [0.868,0.884,0.832,0.827,0.840,0.925,0.960,0.915,0.918,0.981]
Epoch [38] Testing Results: Prec@1 21.800 Prec@5 63.990 Loss 7.24216
Epoch [38] Testing Class Recall: [0.297,0.871,0.252,0.052,0.056,0.229,0.064,0.194,0.164,0.001]
Epoch [39] Training Results: Prec@1 85.920 Prec@5 99.700 Loss 0.43249
Epoch [39] Training Class Recall: [0.827,0.635,0.759,0.742,0.810,0.910,0.931,0.875,0.892,0.934]
Epoch [39] Testing Results: Prec@1 25.110 Prec@5 67.730 Loss 4.77258
Epoch [39] Testing Class Recall: [0.198,0.624,0.603,0.013,0.042,0.182,0.136,0.312,0.086,0.315]
Epoch [40] Training Results: Prec@1 93.260 Prec@5 100.000 Loss 0.20108
Epoch [40] Training Class Recall: [0.910,0.805,0.880,0.839,0.869,0.945,0.973,0.952,0.931,0.999]
Epoch [40] Testing Results: Prec@1 26.340 Prec@5 72.160 Loss 5.11355
Epoch [40] Testing Class Recall: [0.224,0.934,0.391,0.010,0.092,0.162,0.237,0.156,0.385,0.043]
Epoch [41] Training Results: Prec@1 91.880 Prec@5 99.920 Loss 0.22294
Epoch [41] Training Class Recall: [0.907,0.840,0.772,0.843,0.845,0.930,0.966,0.946,0.944,0.994]
Epoch [41] Testing Results: Prec@1 25.160 Prec@5 65.060 Loss 5.83705
Epoch [41] Testing Class Recall: [0.203,0.878,0.441,0.015,0.068,0.289,0.090,0.162,0.317,0.053]
Epoch [42] Training Results: Prec@1 86.800 Prec@5 99.640 Loss 0.39012
Epoch [42] Training Class Recall: [0.813,0.761,0.763,0.714,0.810,0.903,0.912,0.861,0.883,0.965]
Epoch [42] Testing Results: Prec@1 23.540 Prec@5 66.400 Loss 5.25100
Epoch [42] Testing Class Recall: [0.258,0.768,0.505,0.013,0.029,0.119,0.275,0.111,0.219,0.057]
Epoch [43] Training Results: Prec@1 93.940 Prec@5 99.900 Loss 0.18245
Epoch [43] Training Class Recall: [0.914,0.867,0.880,0.806,0.898,0.943,0.989,0.957,0.957,0.996]
Epoch [43] Testing Results: Prec@1 25.630 Prec@5 70.310 Loss 5.17815
Epoch [43] Testing Class Recall: [0.338,0.793,0.488,0.031,0.048,0.288,0.135,0.259,0.114,0.069]
Epoch [44] Training Results: Prec@1 94.380 Prec@5 99.960 Loss 0.15786
Epoch [44] Training Class Recall: [0.898,0.877,0.873,0.875,0.938,0.969,0.989,0.955,0.948,0.985]
Epoch [44] Testing Results: Prec@1 27.140 Prec@5 70.720 Loss 5.06917
Epoch [44] Testing Class Recall: [0.296,0.796,0.306,0.096,0.026,0.226,0.456,0.234,0.220,0.058]
Epoch [45] Training Results: Prec@1 93.120 Prec@5 99.900 Loss 0.20427
Epoch [45] Training Class Recall: [0.901,0.887,0.802,0.831,0.886,0.965,0.971,0.935,0.965,0.994]
Epoch [45] Testing Results: Prec@1 27.830 Prec@5 67.330 Loss 5.61668
Epoch [45] Testing Class Recall: [0.171,0.821,0.445,0.028,0.025,0.264,0.296,0.313,0.218,0.202]
Epoch [46] Training Results: Prec@1 92.820 Prec@5 99.920 Loss 0.21325
Epoch [46] Training Class Recall: [0.915,0.881,0.856,0.831,0.838,0.945,0.967,0.920,0.931,0.994]
Epoch [46] Testing Results: Prec@1 25.210 Prec@5 69.570 Loss 5.71191
Epoch [46] Testing Class Recall: [0.217,0.889,0.538,0.032,0.045,0.375,0.178,0.020,0.151,0.076]
Epoch [47] Training Results: Prec@1 91.000 Prec@5 99.840 Loss 0.26268
Epoch [47] Training Class Recall: [0.886,0.850,0.774,0.871,0.855,0.943,0.927,0.849,0.948,0.993]
Epoch [47] Testing Results: Prec@1 25.080 Prec@5 65.730 Loss 5.95298
Epoch [47] Testing Class Recall: [0.252,0.863,0.408,0.012,0.050,0.180,0.184,0.184,0.177,0.198]
Epoch [48] Training Results: Prec@1 93.340 Prec@5 99.880 Loss 0.19479
Epoch [48] Training Class Recall: [0.886,0.887,0.830,0.819,0.907,0.956,0.973,0.963,0.957,0.992]
Epoch [48] Testing Results: Prec@1 25.170 Prec@5 68.250 Loss 5.74854
Epoch [48] Testing Class Recall: [0.268,0.822,0.476,0.015,0.024,0.233,0.147,0.244,0.165,0.123]
Epoch [49] Training Results: Prec@1 92.140 Prec@5 99.900 Loss 0.24109
Epoch [49] Training Class Recall: [0.880,0.887,0.785,0.823,0.871,0.914,0.973,0.960,0.952,0.994]
Epoch [49] Testing Results: Prec@1 22.920 Prec@5 67.660 Loss 5.34157
Epoch [49] Testing Class Recall: [0.227,0.712,0.615,0.026,0.036,0.061,0.279,0.098,0.152,0.086]
Epoch [50] Training Results: Prec@1 95.460 Prec@5 99.960 Loss 0.13055
Epoch [50] Training Class Recall: [0.915,0.891,0.886,0.923,0.931,0.961,0.989,0.966,0.996,0.996]
Epoch [50] Testing Results: Prec@1 25.200 Prec@5 69.720 Loss 5.56093
Epoch [50] Testing Class Recall: [0.277,0.879,0.528,0.032,0.054,0.189,0.189,0.153,0.154,0.065]
Epoch [51] Training Results: Prec@1 96.700 Prec@5 99.980 Loss 0.09220
Epoch [51] Training Class Recall: [0.931,0.932,0.931,0.903,0.964,0.969,0.989,0.989,0.978,0.998]
Epoch [51] Testing Results: Prec@1 26.060 Prec@5 69.220 Loss 6.33076
Epoch [51] Testing Class Recall: [0.311,0.880,0.380,0.027,0.021,0.301,0.255,0.158,0.239,0.034]
Epoch [52] Training Results: Prec@1 93.360 Prec@5 99.980 Loss 0.18769
Epoch [52] Training Class Recall: [0.914,0.874,0.877,0.847,0.867,0.941,0.956,0.946,0.952,0.993]
Epoch [52] Testing Results: Prec@1 25.960 Prec@5 67.900 Loss 5.55933
Epoch [52] Testing Class Recall: [0.295,0.692,0.505,0.043,0.064,0.192,0.123,0.311,0.305,0.066]
Epoch [53] Training Results: Prec@1 96.760 Prec@5 99.980 Loss 0.09955
Epoch [53] Training Class Recall: [0.937,0.925,0.903,0.935,0.969,0.980,0.992,0.991,0.974,0.996]
Epoch [53] Testing Results: Prec@1 23.050 Prec@5 70.690 Loss 6.35697
Epoch [53] Testing Class Recall: [0.337,0.739,0.511,0.020,0.043,0.162,0.151,0.133,0.166,0.043]
Epoch [54] Training Results: Prec@1 94.740 Prec@5 100.000 Loss 0.15387
Epoch [54] Training Class Recall: [0.914,0.915,0.888,0.911,0.933,0.963,0.981,0.960,0.918,0.982]
Epoch [54] Testing Results: Prec@1 27.230 Prec@5 68.420 Loss 6.23718
Epoch [54] Testing Class Recall: [0.259,0.806,0.395,0.009,0.069,0.247,0.138,0.383,0.309,0.108]
Epoch [55] Training Results: Prec@1 93.900 Prec@5 99.960 Loss 0.17047
Epoch [55] Training Class Recall: [0.910,0.867,0.908,0.831,0.917,0.958,0.962,0.943,0.948,0.985]
Epoch [55] Testing Results: Prec@1 25.600 Prec@5 69.810 Loss 5.88608
Epoch [55] Testing Class Recall: [0.229,0.775,0.704,0.045,0.039,0.063,0.115,0.163,0.352,0.075]
Epoch [56] Training Results: Prec@1 95.400 Prec@5 99.980 Loss 0.13668
Epoch [56] Training Class Recall: [0.896,0.915,0.884,0.919,0.921,0.982,0.994,0.972,0.957,0.996]
Epoch [56] Testing Results: Prec@1 25.230 Prec@5 68.580 Loss 5.44643
Epoch [56] Testing Class Recall: [0.263,0.882,0.412,0.051,0.046,0.207,0.191,0.178,0.202,0.091]
Epoch [57] Training Results: Prec@1 94.400 Prec@5 99.980 Loss 0.16738
Epoch [57] Training Class Recall: [0.923,0.891,0.914,0.899,0.879,0.954,0.971,0.901,0.983,0.993]
Epoch [57] Testing Results: Prec@1 29.210 Prec@5 69.760 Loss 5.44456
Epoch [57] Testing Class Recall: [0.269,0.742,0.504,0.006,0.087,0.127,0.186,0.263,0.496,0.241]
Epoch [58] Training Results: Prec@1 92.620 Prec@5 99.900 Loss 0.22490
Epoch [58] Training Class Recall: [0.917,0.877,0.843,0.718,0.876,0.945,0.943,0.946,0.970,0.996]
Epoch [58] Testing Results: Prec@1 26.570 Prec@5 71.330 Loss 5.84055
Epoch [58] Testing Class Recall: [0.309,0.911,0.381,0.024,0.050,0.229,0.214,0.065,0.311,0.163]
Epoch [59] Training Results: Prec@1 96.600 Prec@5 99.920 Loss 0.10558
Epoch [59] Training Class Recall: [0.947,0.932,0.923,0.887,0.957,0.980,0.989,0.966,0.978,0.997]
Epoch [59] Testing Results: Prec@1 29.390 Prec@5 71.940 Loss 5.49210
Epoch [59] Testing Class Recall: [0.233,0.900,0.454,0.046,0.058,0.236,0.216,0.274,0.456,0.066]
Epoch [60] Training Results: Prec@1 96.800 Prec@5 99.960 Loss 0.09774
Epoch [60] Training Class Recall: [0.947,0.952,0.914,0.911,0.971,0.978,0.992,0.994,0.961,0.989]
Epoch [60] Testing Results: Prec@1 25.910 Prec@5 68.310 Loss 6.32662
Epoch [60] Testing Class Recall: [0.287,0.768,0.407,0.055,0.043,0.123,0.203,0.201,0.477,0.027]
Epoch [61] Training Results: Prec@1 94.180 Prec@5 99.880 Loss 0.17741
Epoch [61] Training Class Recall: [0.903,0.870,0.884,0.855,0.921,0.941,0.989,0.974,0.926,0.992]
Epoch [61] Testing Results: Prec@1 24.870 Prec@5 69.860 Loss 6.34609
Epoch [61] Testing Class Recall: [0.240,0.898,0.482,0.029,0.044,0.222,0.127,0.275,0.099,0.071]
Epoch [62] Training Results: Prec@1 96.840 Prec@5 100.000 Loss 0.09979
Epoch [62] Training Class Recall: [0.942,0.922,0.914,0.944,0.979,0.974,0.989,0.977,0.978,0.996]
Epoch [62] Testing Results: Prec@1 25.360 Prec@5 70.350 Loss 5.94383
Epoch [62] Testing Class Recall: [0.297,0.578,0.515,0.017,0.064,0.167,0.117,0.262,0.265,0.254]
Epoch [63] Training Results: Prec@1 97.540 Prec@5 100.000 Loss 0.07312
Epoch [63] Training Class Recall: [0.949,0.952,0.933,0.935,0.976,0.987,0.987,0.986,0.983,1.000]
Epoch [63] Testing Results: Prec@1 29.090 Prec@5 71.990 Loss 5.69874
Epoch [63] Testing Class Recall: [0.277,0.861,0.420,0.024,0.078,0.276,0.207,0.307,0.236,0.223]
Epoch [64] Training Results: Prec@1 98.140 Prec@5 100.000 Loss 0.05356
Epoch [64] Training Class Recall: [0.961,0.959,0.955,0.960,0.976,0.989,0.994,0.986,0.996,0.998]
Epoch [64] Testing Results: Prec@1 27.410 Prec@5 71.680 Loss 6.50397
Epoch [64] Testing Class Recall: [0.274,0.922,0.558,0.027,0.078,0.176,0.119,0.224,0.274,0.089]
Epoch [65] Training Results: Prec@1 98.060 Prec@5 100.000 Loss 0.05489
Epoch [65] Training Class Recall: [0.949,0.966,0.946,0.952,0.981,0.991,0.996,0.994,0.987,0.999]
Epoch [65] Testing Results: Prec@1 25.720 Prec@5 70.570 Loss 7.23341
Epoch [65] Testing Class Recall: [0.326,0.884,0.440,0.020,0.079,0.172,0.108,0.170,0.221,0.152]
Epoch [66] Training Results: Prec@1 98.560 Prec@5 100.000 Loss 0.04369
Epoch [66] Training Class Recall: [0.967,0.966,0.963,0.960,0.988,0.989,0.992,1.000,0.996,1.000]
Epoch [66] Testing Results: Prec@1 24.920 Prec@5 71.400 Loss 7.78549
Epoch [66] Testing Class Recall: [0.361,0.924,0.400,0.019,0.028,0.200,0.150,0.119,0.268,0.023]
Epoch [67] Training Results: Prec@1 96.640 Prec@5 100.000 Loss 0.10262
Epoch [67] Training Class Recall: [0.956,0.922,0.935,0.927,0.914,0.978,0.994,0.960,0.978,0.999]
Epoch [67] Testing Results: Prec@1 24.620 Prec@5 69.960 Loss 6.68918
Epoch [67] Testing Class Recall: [0.317,0.564,0.624,0.028,0.052,0.107,0.213,0.273,0.102,0.182]
Epoch [68] Training Results: Prec@1 96.540 Prec@5 99.940 Loss 0.11297
Epoch [68] Training Class Recall: [0.938,0.877,0.931,0.931,0.964,0.976,0.990,0.980,0.978,0.994]
Epoch [68] Testing Results: Prec@1 24.640 Prec@5 69.860 Loss 6.99046
Epoch [68] Testing Class Recall: [0.381,0.842,0.559,0.017,0.038,0.134,0.063,0.106,0.226,0.098]
Epoch [69] Training Results: Prec@1 97.620 Prec@5 100.000 Loss 0.06983
Epoch [69] Training Class Recall: [0.945,0.915,0.946,0.980,0.974,0.991,0.994,0.989,0.965,0.999]
Epoch [69] Testing Results: Prec@1 25.410 Prec@5 67.060 Loss 7.59777
Epoch [69] Testing Class Recall: [0.249,0.934,0.561,0.021,0.049,0.029,0.097,0.201,0.364,0.036]
Epoch [70] Training Results: Prec@1 85.980 Prec@5 99.600 Loss 0.46901
Epoch [70] Training Class Recall: [0.880,0.795,0.746,0.714,0.831,0.763,0.895,0.844,0.896,0.963]
Epoch [70] Testing Results: Prec@1 24.590 Prec@5 65.680 Loss 5.78214
Epoch [70] Testing Class Recall: [0.368,0.784,0.255,0.013,0.038,0.182,0.320,0.153,0.263,0.083]
Epoch [71] Training Results: Prec@1 93.660 Prec@5 99.940 Loss 0.18815
Epoch [71] Training Class Recall: [0.917,0.874,0.854,0.859,0.895,0.926,0.966,0.963,0.957,0.996]
Epoch [71] Testing Results: Prec@1 25.780 Prec@5 71.150 Loss 5.26850
Epoch [71] Testing Class Recall: [0.296,0.776,0.651,0.031,0.062,0.147,0.092,0.207,0.225,0.091]
Epoch [72] Training Results: Prec@1 94.260 Prec@5 99.940 Loss 0.16682
Epoch [72] Training Class Recall: [0.873,0.894,0.837,0.835,0.955,0.960,0.969,0.986,0.983,0.999]
Epoch [72] Testing Results: Prec@1 24.910 Prec@5 71.350 Loss 5.53175
Epoch [72] Testing Class Recall: [0.328,0.692,0.502,0.015,0.052,0.211,0.253,0.177,0.124,0.137]
Epoch [73] Training Results: Prec@1 97.260 Prec@5 100.000 Loss 0.08482
Epoch [73] Training Class Recall: [0.958,0.904,0.940,0.940,0.967,0.969,0.992,0.986,0.991,1.000]
Epoch [73] Testing Results: Prec@1 27.640 Prec@5 71.870 Loss 6.27453
Epoch [73] Testing Class Recall: [0.339,0.859,0.454,0.019,0.040,0.173,0.216,0.369,0.153,0.142]
Epoch [74] Training Results: Prec@1 96.820 Prec@5 100.000 Loss 0.10308
Epoch [74] Training Class Recall: [0.956,0.956,0.925,0.895,0.943,0.983,0.985,0.963,0.987,0.998]
Epoch [74] Testing Results: Prec@1 25.620 Prec@5 68.900 Loss 6.37878
Epoch [74] Testing Class Recall: [0.272,0.842,0.562,0.032,0.115,0.108,0.097,0.314,0.182,0.038]
Epoch [75] Training Results: Prec@1 93.860 Prec@5 99.940 Loss 0.18745
Epoch [75] Training Class Recall: [0.921,0.918,0.862,0.883,0.900,0.912,0.937,0.972,0.978,0.995]
Epoch [75] Testing Results: Prec@1 27.460 Prec@5 73.040 Loss 5.19041
Epoch [75] Testing Class Recall: [0.367,0.762,0.495,0.014,0.082,0.296,0.144,0.229,0.283,0.074]
Epoch [76] Training Results: Prec@1 97.080 Prec@5 100.000 Loss 0.08621
Epoch [76] Training Class Recall: [0.949,0.932,0.910,0.935,0.967,0.987,0.990,0.980,0.978,0.999]
Epoch [76] Testing Results: Prec@1 27.950 Prec@5 71.730 Loss 5.94254
Epoch [76] Testing Class Recall: [0.310,0.826,0.581,0.015,0.045,0.192,0.167,0.230,0.323,0.106]
Epoch [77] Training Results: Prec@1 97.700 Prec@5 100.000 Loss 0.06700
Epoch [77] Training Class Recall: [0.968,0.945,0.946,0.915,0.974,0.978,0.990,0.994,0.991,0.998]
Epoch [77] Testing Results: Prec@1 22.790 Prec@5 69.860 Loss 9.26266
Epoch [77] Testing Class Recall: [0.254,0.982,0.421,0.011,0.028,0.164,0.092,0.062,0.256,0.009]
Epoch [78] Training Results: Prec@1 93.440 Prec@5 99.840 Loss 0.19805
Epoch [78] Training Class Recall: [0.919,0.850,0.897,0.859,0.910,0.956,0.979,0.864,0.939,0.985]
Epoch [78] Testing Results: Prec@1 26.540 Prec@5 69.660 Loss 5.64876
Epoch [78] Testing Class Recall: [0.261,0.852,0.461,0.019,0.071,0.302,0.129,0.130,0.316,0.113]
Epoch [79] Training Results: Prec@1 96.760 Prec@5 100.000 Loss 0.10299
Epoch [79] Training Class Recall: [0.951,0.918,0.933,0.883,0.964,0.980,0.979,0.983,0.983,0.998]
Epoch [79] Testing Results: Prec@1 28.330 Prec@5 71.520 Loss 5.32169
Epoch [79] Testing Class Recall: [0.260,0.837,0.419,0.058,0.057,0.277,0.178,0.257,0.365,0.125]
Epoch [80] Training Results: Prec@1 96.800 Prec@5 100.000 Loss 0.09524
Epoch [80] Training Class Recall: [0.949,0.918,0.927,0.935,0.950,0.976,0.983,0.989,0.970,0.998]
Epoch [80] Testing Results: Prec@1 21.520 Prec@5 67.090 Loss 6.88577
Epoch [80] Testing Class Recall: [0.286,0.764,0.483,0.031,0.053,0.098,0.127,0.142,0.163,0.005]
Epoch [81] Training Results: Prec@1 91.760 Prec@5 99.900 Loss 0.25233
Epoch [81] Training Class Recall: [0.880,0.860,0.843,0.875,0.893,0.928,0.969,0.886,0.939,0.967]
Epoch [81] Testing Results: Prec@1 23.840 Prec@5 67.000 Loss 7.16672
Epoch [81] Testing Class Recall: [0.214,0.905,0.566,0.008,0.010,0.159,0.053,0.089,0.316,0.064]
Epoch [82] Training Results: Prec@1 95.220 Prec@5 99.940 Loss 0.14112
Epoch [82] Training Class Recall: [0.926,0.925,0.892,0.867,0.914,0.963,0.975,0.974,0.978,0.993]
Epoch [82] Testing Results: Prec@1 29.500 Prec@5 71.770 Loss 5.11777
Epoch [82] Testing Class Recall: [0.279,0.820,0.524,0.030,0.081,0.277,0.221,0.280,0.278,0.160]
Epoch [83] Training Results: Prec@1 97.180 Prec@5 100.000 Loss 0.07755
Epoch [83] Training Class Recall: [0.947,0.891,0.938,0.964,0.976,0.976,0.990,0.989,0.983,0.996]
Epoch [83] Testing Results: Prec@1 28.730 Prec@5 71.330 Loss 6.05981
Epoch [83] Testing Class Recall: [0.371,0.786,0.473,0.009,0.041,0.331,0.194,0.250,0.313,0.105]
Epoch [84] Training Results: Prec@1 96.020 Prec@5 99.980 Loss 0.11937
Epoch [84] Training Class Recall: [0.947,0.908,0.914,0.927,0.919,0.954,0.989,0.980,0.983,0.994]
Epoch [84] Testing Results: Prec@1 27.560 Prec@5 70.610 Loss 6.17393
Epoch [84] Testing Class Recall: [0.252,0.708,0.423,0.014,0.110,0.298,0.183,0.194,0.328,0.246]
Epoch [85] Training Results: Prec@1 96.480 Prec@5 100.000 Loss 0.11151
Epoch [85] Training Class Recall: [0.956,0.935,0.925,0.879,0.940,0.967,0.977,0.974,0.996,0.999]
Epoch [85] Testing Results: Prec@1 25.960 Prec@5 71.490 Loss 6.42031
Epoch [85] Testing Class Recall: [0.313,0.881,0.571,0.022,0.042,0.231,0.119,0.138,0.217,0.062]
Epoch [86] Training Results: Prec@1 98.440 Prec@5 100.000 Loss 0.04981
Epoch [86] Training Class Recall: [0.970,0.969,0.961,0.972,0.974,0.994,0.996,0.989,0.983,0.998]
Epoch [86] Testing Results: Prec@1 30.110 Prec@5 71.320 Loss 5.83597
Epoch [86] Testing Class Recall: [0.262,0.891,0.494,0.035,0.071,0.221,0.176,0.443,0.391,0.027]
Epoch [87] Training Results: Prec@1 96.820 Prec@5 99.980 Loss 0.09422
Epoch [87] Training Class Recall: [0.940,0.945,0.940,0.948,0.962,0.985,0.989,0.966,0.987,0.983]
Epoch [87] Testing Results: Prec@1 24.090 Prec@5 69.510 Loss 7.80227
Epoch [87] Testing Class Recall: [0.275,0.953,0.467,0.011,0.031,0.172,0.144,0.025,0.276,0.055]
Epoch [88] Training Results: Prec@1 95.640 Prec@5 99.960 Loss 0.13206
Epoch [88] Training Class Recall: [0.930,0.904,0.923,0.903,0.929,0.958,0.979,0.949,0.978,0.998]
Epoch [88] Testing Results: Prec@1 28.110 Prec@5 70.980 Loss 5.81373
Epoch [88] Testing Class Recall: [0.232,0.855,0.322,0.025,0.158,0.438,0.410,0.061,0.244,0.066]
Epoch [89] Training Results: Prec@1 91.460 Prec@5 99.880 Loss 0.25001
Epoch [89] Training Class Recall: [0.919,0.877,0.875,0.855,0.833,0.921,0.910,0.858,0.931,0.982]
Epoch [89] Testing Results: Prec@1 24.380 Prec@5 68.730 Loss 6.12245
Epoch [89] Testing Class Recall: [0.310,0.714,0.533,0.004,0.043,0.202,0.126,0.213,0.202,0.091]
Epoch [90] Training Results: Prec@1 95.360 Prec@5 100.000 Loss 0.13878
Epoch [90] Training Class Recall: [0.961,0.911,0.899,0.863,0.910,0.952,0.973,0.969,0.987,0.992]
Epoch [90] Testing Results: Prec@1 26.920 Prec@5 71.920 Loss 6.21770
Epoch [90] Testing Class Recall: [0.270,0.896,0.469,0.018,0.074,0.151,0.156,0.219,0.339,0.100]
Epoch [91] Training Results: Prec@1 98.080 Prec@5 100.000 Loss 0.05987
Epoch [91] Training Class Recall: [0.970,0.973,0.959,0.956,0.964,0.983,0.989,0.986,0.991,0.997]
Epoch [91] Testing Results: Prec@1 28.380 Prec@5 72.500 Loss 5.81426
Epoch [91] Testing Class Recall: [0.280,0.885,0.514,0.024,0.060,0.270,0.238,0.228,0.282,0.057]
Epoch [92] Training Results: Prec@1 96.620 Prec@5 99.980 Loss 0.09376
Epoch [92] Training Class Recall: [0.947,0.918,0.931,0.919,0.945,0.976,0.964,0.989,0.987,0.999]
Epoch [92] Testing Results: Prec@1 21.910 Prec@5 70.860 Loss 8.90156
Epoch [92] Testing Class Recall: [0.246,0.986,0.373,0.012,0.049,0.064,0.118,0.161,0.177,0.005]
Epoch [93] Training Results: Prec@1 93.880 Prec@5 99.920 Loss 0.18686
Epoch [93] Training Class Recall: [0.898,0.843,0.888,0.907,0.907,0.928,0.977,0.972,0.961,0.987]
Epoch [93] Testing Results: Prec@1 28.780 Prec@5 71.660 Loss 5.33979
Epoch [93] Testing Class Recall: [0.253,0.824,0.524,0.010,0.035,0.486,0.254,0.103,0.273,0.116]
Epoch [94] Training Results: Prec@1 96.020 Prec@5 100.000 Loss 0.11899
Epoch [94] Training Class Recall: [0.958,0.932,0.910,0.871,0.929,0.960,0.981,0.966,0.987,0.997]
Epoch [94] Testing Results: Prec@1 26.500 Prec@5 71.720 Loss 6.09237
Epoch [94] Testing Class Recall: [0.294,0.935,0.565,0.038,0.049,0.209,0.104,0.142,0.275,0.039]
Epoch [95] Training Results: Prec@1 98.600 Prec@5 100.000 Loss 0.05015
Epoch [95] Training Class Recall: [0.975,0.962,0.974,0.968,0.974,0.993,0.998,0.989,0.987,0.999]
Epoch [95] Testing Results: Prec@1 31.900 Prec@5 75.180 Loss 5.28312
Epoch [95] Testing Class Recall: [0.290,0.839,0.581,0.066,0.067,0.297,0.249,0.273,0.457,0.071]
Epoch [96] Training Results: Prec@1 96.140 Prec@5 99.980 Loss 0.12230
Epoch [96] Training Class Recall: [0.963,0.952,0.944,0.855,0.957,0.903,0.979,0.974,0.987,0.999]
Epoch [96] Testing Results: Prec@1 24.430 Prec@5 70.330 Loss 6.80078
Epoch [96] Testing Class Recall: [0.313,0.845,0.506,0.025,0.072,0.160,0.071,0.274,0.142,0.035]
Epoch [97] Training Results: Prec@1 92.400 Prec@5 99.900 Loss 0.23946
Epoch [97] Training Class Recall: [0.912,0.884,0.888,0.851,0.895,0.893,0.967,0.918,0.896,0.974]
Epoch [97] Testing Results: Prec@1 24.790 Prec@5 68.750 Loss 5.93184
Epoch [97] Testing Class Recall: [0.307,0.698,0.358,0.059,0.128,0.196,0.115,0.183,0.270,0.165]
Epoch [98] Training Results: Prec@1 94.040 Prec@5 99.820 Loss 0.17255
Epoch [98] Training Class Recall: [0.928,0.908,0.880,0.899,0.890,0.938,0.946,0.940,0.957,0.993]
Epoch [98] Testing Results: Prec@1 30.250 Prec@5 72.090 Loss 5.27389
Epoch [98] Testing Class Recall: [0.250,0.812,0.538,0.009,0.091,0.232,0.094,0.264,0.429,0.306]
Epoch [99] Training Results: Prec@1 97.240 Prec@5 99.980 Loss 0.08074
Epoch [99] Training Class Recall: [0.928,0.939,0.946,0.952,0.962,0.982,0.989,0.986,0.987,0.999]
Epoch [99] Testing Results: Prec@1 28.840 Prec@5 71.880 Loss 5.50989
Epoch [99] Testing Class Recall: [0.311,0.857,0.295,0.071,0.051,0.314,0.185,0.452,0.294,0.054]
Epoch [100] Training Results: Prec@1 92.960 Prec@5 99.840 Loss 0.21746
Epoch [100] Training Class Recall: [0.933,0.922,0.854,0.782,0.867,0.938,0.931,0.938,0.965,0.990]
Epoch [100] Testing Results: Prec@1 24.870 Prec@5 69.620 Loss 5.85775
Epoch [100] Testing Class Recall: [0.316,0.724,0.605,0.042,0.018,0.238,0.016,0.301,0.183,0.044]
Epoch [101] Training Results: Prec@1 95.420 Prec@5 99.980 Loss 0.14440
Epoch [101] Training Class Recall: [0.945,0.949,0.920,0.847,0.895,0.978,0.946,0.957,0.974,0.998]
Epoch [101] Testing Results: Prec@1 25.740 Prec@5 71.500 Loss 6.99805
Epoch [101] Testing Class Recall: [0.331,0.616,0.616,0.030,0.017,0.092,0.122,0.477,0.209,0.064]
Epoch [102] Training Results: Prec@1 88.200 Prec@5 99.660 Loss 0.37810
Epoch [102] Training Class Recall: [0.882,0.710,0.826,0.750,0.824,0.915,0.939,0.810,0.944,0.954]
Epoch [102] Testing Results: Prec@1 27.970 Prec@5 74.590 Loss 4.03131
Epoch [102] Testing Class Recall: [0.244,0.588,0.413,0.092,0.114,0.313,0.283,0.078,0.382,0.290]
Epoch [103] Training Results: Prec@1 95.340 Prec@5 99.960 Loss 0.14573
Epoch [103] Training Class Recall: [0.926,0.874,0.901,0.911,0.929,0.969,0.989,0.952,0.965,0.994]
Epoch [103] Testing Results: Prec@1 26.860 Prec@5 71.300 Loss 5.49344
Epoch [103] Testing Class Recall: [0.243,0.868,0.666,0.022,0.038,0.112,0.086,0.238,0.226,0.187]
Epoch [104] Training Results: Prec@1 95.300 Prec@5 100.000 Loss 0.14474
Epoch [104] Training Class Recall: [0.907,0.891,0.882,0.919,0.933,0.969,0.979,0.974,0.987,0.995]
Epoch [104] Testing Results: Prec@1 29.530 Prec@5 72.350 Loss 4.84837
Epoch [104] Testing Class Recall: [0.299,0.899,0.416,0.034,0.069,0.289,0.228,0.331,0.257,0.131]
Epoch [105] Training Results: Prec@1 95.680 Prec@5 100.000 Loss 0.12733
Epoch [105] Training Class Recall: [0.947,0.922,0.897,0.883,0.929,0.974,0.981,0.974,0.957,0.990]
Epoch [105] Testing Results: Prec@1 26.920 Prec@5 72.650 Loss 5.45475
Epoch [105] Testing Class Recall: [0.305,0.901,0.500,0.015,0.067,0.236,0.122,0.204,0.260,0.082]
Epoch [106] Training Results: Prec@1 94.880 Prec@5 99.960 Loss 0.15911
Epoch [106] Training Class Recall: [0.924,0.915,0.914,0.891,0.914,0.965,0.971,0.946,0.874,0.998]
Epoch [106] Testing Results: Prec@1 27.860 Prec@5 71.370 Loss 5.21550
Epoch [106] Testing Class Recall: [0.274,0.853,0.513,0.022,0.066,0.330,0.100,0.278,0.183,0.167]
Epoch [107] Training Results: Prec@1 93.380 Prec@5 99.840 Loss 0.19493
Epoch [107] Training Class Recall: [0.940,0.904,0.867,0.770,0.905,0.923,0.962,0.946,0.931,0.990]
Epoch [107] Testing Results: Prec@1 24.220 Prec@5 68.950 Loss 6.44907
Epoch [107] Testing Class Recall: [0.294,0.854,0.437,0.014,0.027,0.148,0.093,0.225,0.295,0.035]
Epoch [108] Training Results: Prec@1 95.440 Prec@5 99.880 Loss 0.14090
Epoch [108] Training Class Recall: [0.919,0.911,0.920,0.915,0.943,0.976,0.929,0.974,0.974,0.993]
Epoch [108] Testing Results: Prec@1 25.500 Prec@5 69.860 Loss 5.90015
Epoch [108] Testing Class Recall: [0.309,0.879,0.408,0.041,0.077,0.129,0.129,0.247,0.310,0.021]
Epoch [109] Training Results: Prec@1 96.280 Prec@5 99.960 Loss 0.11335
Epoch [109] Training Class Recall: [0.949,0.911,0.914,0.895,0.952,0.967,0.990,0.969,0.978,0.996]
Epoch [109] Testing Results: Prec@1 28.040 Prec@5 71.900 Loss 5.62038
Epoch [109] Testing Class Recall: [0.264,0.926,0.497,0.008,0.096,0.289,0.186,0.238,0.215,0.085]
Epoch [110] Training Results: Prec@1 96.460 Prec@5 100.000 Loss 0.10418
Epoch [110] Training Class Recall: [0.949,0.945,0.929,0.911,0.938,0.974,0.985,0.960,0.978,0.993]
Epoch [110] Testing Results: Prec@1 28.470 Prec@5 73.570 Loss 5.87155
Epoch [110] Testing Class Recall: [0.343,0.814,0.543,0.019,0.056,0.186,0.175,0.207,0.379,0.125]
Epoch [111] Training Results: Prec@1 97.360 Prec@5 100.000 Loss 0.08425
Epoch [111] Training Class Recall: [0.952,0.959,0.942,0.915,0.957,0.985,0.990,0.983,0.983,0.997]
Epoch [111] Testing Results: Prec@1 26.180 Prec@5 71.640 Loss 6.56368
Epoch [111] Testing Class Recall: [0.366,0.872,0.532,0.018,0.050,0.128,0.146,0.262,0.182,0.062]
Epoch [112] Training Results: Prec@1 95.900 Prec@5 99.980 Loss 0.12343
Epoch [112] Training Class Recall: [0.956,0.928,0.897,0.851,0.950,0.974,0.973,0.963,0.970,0.996]
Epoch [112] Testing Results: Prec@1 28.990 Prec@5 71.960 Loss 6.16215
Epoch [112] Testing Class Recall: [0.287,0.901,0.425,0.023,0.080,0.338,0.164,0.181,0.418,0.082]
Epoch [113] Training Results: Prec@1 98.320 Prec@5 100.000 Loss 0.04758
Epoch [113] Training Class Recall: [0.972,0.959,0.959,0.948,0.990,0.982,0.992,0.994,0.991,0.999]
Epoch [113] Testing Results: Prec@1 26.500 Prec@5 72.360 Loss 7.05897
Epoch [113] Testing Class Recall: [0.257,0.969,0.567,0.041,0.048,0.259,0.087,0.206,0.209,0.007]
Epoch [114] Training Results: Prec@1 93.920 Prec@5 99.960 Loss 0.19448
Epoch [114] Training Class Recall: [0.919,0.747,0.910,0.931,0.943,0.980,0.981,0.972,0.961,0.955]
Epoch [114] Testing Results: Prec@1 27.320 Prec@5 71.180 Loss 5.66900
Epoch [114] Testing Class Recall: [0.296,0.890,0.483,0.015,0.057,0.161,0.150,0.241,0.261,0.178]
Epoch [115] Training Results: Prec@1 96.240 Prec@5 99.960 Loss 0.11311
Epoch [115] Training Class Recall: [0.951,0.911,0.927,0.895,0.931,0.960,0.981,0.980,0.987,0.998]
Epoch [115] Testing Results: Prec@1 28.790 Prec@5 73.160 Loss 5.53419
Epoch [115] Testing Class Recall: [0.267,0.893,0.642,0.054,0.015,0.203,0.086,0.239,0.379,0.101]
Epoch [116] Training Results: Prec@1 98.140 Prec@5 100.000 Loss 0.05452
Epoch [116] Training Class Recall: [0.972,0.952,0.953,0.964,0.967,0.989,0.992,0.986,0.996,0.999]
Epoch [116] Testing Results: Prec@1 29.840 Prec@5 73.800 Loss 5.27194
Epoch [116] Testing Class Recall: [0.339,0.852,0.519,0.062,0.040,0.251,0.106,0.275,0.337,0.203]
Epoch [117] Training Results: Prec@1 99.160 Prec@5 100.000 Loss 0.03282
Epoch [117] Training Class Recall: [0.986,0.980,0.976,0.988,0.993,0.994,0.992,1.000,0.987,0.999]
Epoch [117] Testing Results: Prec@1 31.620 Prec@5 74.930 Loss 5.05754
Epoch [117] Testing Class Recall: [0.314,0.785,0.584,0.059,0.088,0.253,0.233,0.333,0.357,0.156]
Epoch [118] Training Results: Prec@1 99.260 Prec@5 100.000 Loss 0.02542
Epoch [118] Training Class Recall: [0.986,0.986,0.974,0.992,0.990,0.996,0.994,1.000,1.000,0.999]
Epoch [118] Testing Results: Prec@1 28.380 Prec@5 72.840 Loss 5.86096
Epoch [118] Testing Class Recall: [0.359,0.854,0.494,0.039,0.085,0.205,0.153,0.256,0.240,0.153]
Epoch [119] Training Results: Prec@1 99.540 Prec@5 100.000 Loss 0.02175
Epoch [119] Training Class Recall: [0.993,0.993,0.987,0.984,0.990,0.996,0.998,1.000,1.000,1.000]
Epoch [119] Testing Results: Prec@1 28.580 Prec@5 73.360 Loss 6.05832
Epoch [119] Testing Class Recall: [0.309,0.904,0.527,0.041,0.046,0.234,0.195,0.287,0.216,0.099]
Epoch [120] Training Results: Prec@1 99.680 Prec@5 100.000 Loss 0.01464
Epoch [120] Training Class Recall: [0.998,0.986,1.000,0.984,0.998,0.994,0.998,0.997,1.000,0.999]
Epoch [120] Testing Results: Prec@1 29.490 Prec@5 73.080 Loss 6.17013
Epoch [120] Testing Class Recall: [0.324,0.894,0.554,0.029,0.064,0.181,0.230,0.296,0.229,0.148]
Epoch [121] Training Results: Prec@1 98.920 Prec@5 100.000 Loss 0.03891
Epoch [121] Training Class Recall: [0.981,0.986,0.966,0.992,0.976,0.993,0.996,0.989,0.996,1.000]
Epoch [121] Testing Results: Prec@1 27.540 Prec@5 70.570 Loss 6.61828
Epoch [121] Testing Class Recall: [0.205,0.836,0.509,0.042,0.037,0.338,0.138,0.273,0.225,0.151]
Epoch [122] Training Results: Prec@1 97.240 Prec@5 100.000 Loss 0.08318
Epoch [122] Training Class Recall: [0.956,0.877,0.946,0.940,0.962,0.989,0.998,0.980,0.978,0.999]
Epoch [122] Testing Results: Prec@1 33.920 Prec@5 74.540 Loss 4.88638
Epoch [122] Testing Class Recall: [0.153,0.847,0.536,0.046,0.104,0.295,0.428,0.348,0.530,0.105]
Epoch [123] Training Results: Prec@1 97.980 Prec@5 100.000 Loss 0.05615
Epoch [123] Training Class Recall: [0.949,0.942,0.953,0.972,0.981,0.993,0.992,0.986,0.991,0.998]
Epoch [123] Testing Results: Prec@1 27.170 Prec@5 72.680 Loss 6.23980
Epoch [123] Testing Class Recall: [0.287,0.939,0.402,0.034,0.075,0.185,0.092,0.204,0.364,0.135]
Epoch [124] Training Results: Prec@1 96.860 Prec@5 99.960 Loss 0.09752
Epoch [124] Training Class Recall: [0.958,0.901,0.957,0.940,0.950,0.976,0.983,0.940,1.000,0.996]
Epoch [124] Testing Results: Prec@1 29.460 Prec@5 72.990 Loss 5.39300
Epoch [124] Testing Class Recall: [0.338,0.849,0.424,0.040,0.050,0.202,0.317,0.265,0.277,0.184]
Epoch [125] Training Results: Prec@1 97.400 Prec@5 100.000 Loss 0.07407
Epoch [125] Training Class Recall: [0.951,0.877,0.955,0.960,0.983,0.983,0.985,0.989,0.996,0.996]
Epoch [125] Testing Results: Prec@1 24.170 Prec@5 72.290 Loss 7.09281
Epoch [125] Testing Class Recall: [0.368,0.857,0.609,0.021,0.040,0.111,0.154,0.063,0.171,0.023]
Epoch [126] Training Results: Prec@1 98.640 Prec@5 100.000 Loss 0.04050
Epoch [126] Training Class Recall: [0.974,0.966,0.983,0.964,0.988,0.985,0.983,0.994,0.996,0.999]
Epoch [126] Testing Results: Prec@1 30.370 Prec@5 73.660 Loss 5.46717
Epoch [126] Testing Class Recall: [0.332,0.854,0.376,0.048,0.069,0.325,0.204,0.395,0.280,0.154]
Epoch [127] Training Results: Prec@1 98.600 Prec@5 100.000 Loss 0.04275
Epoch [127] Training Class Recall: [0.967,0.959,0.970,0.972,0.986,0.994,0.994,0.994,0.987,0.999]
Epoch [127] Testing Results: Prec@1 33.140 Prec@5 76.780 Loss 4.88372
Epoch [127] Testing Class Recall: [0.235,0.817,0.385,0.061,0.144,0.150,0.317,0.359,0.606,0.240]
Epoch [128] Training Results: Prec@1 89.480 Prec@5 99.700 Loss 0.35945
Epoch [128] Training Class Recall: [0.896,0.891,0.783,0.746,0.795,0.857,0.900,0.929,0.909,0.993]
Epoch [128] Testing Results: Prec@1 26.970 Prec@5 71.960 Loss 4.89690
Epoch [128] Testing Class Recall: [0.407,0.652,0.321,0.048,0.090,0.293,0.262,0.290,0.250,0.084]
Epoch [129] Training Results: Prec@1 95.440 Prec@5 99.980 Loss 0.13220
Epoch [129] Training Class Recall: [0.947,0.915,0.890,0.883,0.917,0.954,0.979,0.980,0.944,0.999]
Epoch [129] Testing Results: Prec@1 26.150 Prec@5 71.400 Loss 6.06031
Epoch [129] Testing Class Recall: [0.394,0.927,0.470,0.009,0.010,0.204,0.138,0.124,0.201,0.138]
Epoch [130] Training Results: Prec@1 94.000 Prec@5 99.840 Loss 0.18603
Epoch [130] Training Class Recall: [0.926,0.928,0.873,0.907,0.850,0.961,0.973,0.915,0.939,0.990]
Epoch [130] Testing Results: Prec@1 30.940 Prec@5 72.400 Loss 5.47329
Epoch [130] Testing Class Recall: [0.242,0.924,0.450,0.014,0.027,0.236,0.383,0.464,0.240,0.114]
Epoch [131] Training Results: Prec@1 97.480 Prec@5 100.000 Loss 0.07123
Epoch [131] Training Class Recall: [0.960,0.939,0.940,0.956,0.950,0.980,0.994,0.989,0.987,0.997]
Epoch [131] Testing Results: Prec@1 28.300 Prec@5 73.490 Loss 5.83363
Epoch [131] Testing Class Recall: [0.337,0.926,0.545,0.045,0.029,0.260,0.188,0.244,0.202,0.054]
Epoch [132] Training Results: Prec@1 98.540 Prec@5 100.000 Loss 0.04562
Epoch [132] Training Class Recall: [0.979,0.969,0.961,0.964,0.981,0.983,0.996,0.994,0.987,0.999]
Epoch [132] Testing Results: Prec@1 29.730 Prec@5 72.810 Loss 5.69271
Epoch [132] Testing Class Recall: [0.345,0.910,0.480,0.032,0.062,0.249,0.230,0.275,0.277,0.113]
Epoch [133] Training Results: Prec@1 99.320 Prec@5 100.000 Loss 0.02390
Epoch [133] Training Class Recall: [0.988,0.983,0.987,0.972,0.993,0.994,1.000,1.000,1.000,0.998]
Epoch [133] Testing Results: Prec@1 25.610 Prec@5 69.790 Loss 6.60086
Epoch [133] Testing Class Recall: [0.298,0.837,0.475,0.036,0.038,0.232,0.197,0.039,0.168,0.241]
Epoch [134] Training Results: Prec@1 90.460 Prec@5 99.780 Loss 0.31255
Epoch [134] Training Class Recall: [0.887,0.860,0.804,0.863,0.879,0.914,0.971,0.841,0.827,0.972]
Epoch [134] Testing Results: Prec@1 28.080 Prec@5 68.070 Loss 5.66603
Epoch [134] Testing Class Recall: [0.351,0.742,0.327,0.013,0.016,0.253,0.340,0.335,0.225,0.206]
Epoch [135] Training Results: Prec@1 96.060 Prec@5 99.980 Loss 0.11781
Epoch [135] Training Class Recall: [0.938,0.884,0.912,0.931,0.948,0.982,0.987,0.972,0.952,0.993]
Epoch [135] Testing Results: Prec@1 27.890 Prec@5 72.630 Loss 5.21404
Epoch [135] Testing Class Recall: [0.352,0.841,0.518,0.018,0.083,0.118,0.143,0.185,0.285,0.246]
Epoch [136] Training Results: Prec@1 96.280 Prec@5 99.980 Loss 0.11602
Epoch [136] Training Class Recall: [0.960,0.952,0.890,0.935,0.943,0.949,0.990,0.955,0.970,0.999]
Epoch [136] Testing Results: Prec@1 30.660 Prec@5 73.450 Loss 4.89160
Epoch [136] Testing Class Recall: [0.311,0.797,0.496,0.076,0.076,0.192,0.254,0.517,0.206,0.141]
Epoch [137] Training Results: Prec@1 98.900 Prec@5 100.000 Loss 0.04155
Epoch [137] Training Class Recall: [0.977,0.966,0.978,0.992,0.986,0.991,0.996,0.989,0.991,0.999]
Epoch [137] Testing Results: Prec@1 28.650 Prec@5 71.540 Loss 5.87875
Epoch [137] Testing Class Recall: [0.290,0.883,0.594,0.027,0.062,0.218,0.084,0.220,0.396,0.091]
Epoch [138] Training Results: Prec@1 99.140 Prec@5 100.000 Loss 0.02811
Epoch [138] Training Class Recall: [0.984,0.976,0.983,0.984,0.990,0.994,0.992,0.991,1.000,0.999]
Epoch [138] Testing Results: Prec@1 27.290 Prec@5 70.770 Loss 6.30265
Epoch [138] Testing Class Recall: [0.269,0.889,0.517,0.023,0.045,0.201,0.130,0.255,0.293,0.107]
Epoch [139] Training Results: Prec@1 96.280 Prec@5 99.980 Loss 0.11250
Epoch [139] Training Class Recall: [0.937,0.952,0.923,0.875,0.945,0.969,0.977,0.966,0.987,0.999]
Epoch [139] Testing Results: Prec@1 29.370 Prec@5 73.390 Loss 6.33757
Epoch [139] Testing Class Recall: [0.398,0.881,0.569,0.019,0.053,0.209,0.161,0.313,0.239,0.095]
Epoch [140] Training Results: Prec@1 97.340 Prec@5 100.000 Loss 0.08457
Epoch [140] Training Class Recall: [0.949,0.952,0.935,0.919,0.971,0.983,0.994,0.980,0.965,0.999]
Epoch [140] Testing Results: Prec@1 29.350 Prec@5 72.650 Loss 5.86532
Epoch [140] Testing Class Recall: [0.326,0.841,0.529,0.045,0.027,0.252,0.178,0.351,0.318,0.068]
Epoch [141] Training Results: Prec@1 98.800 Prec@5 100.000 Loss 0.04043
Epoch [141] Training Class Recall: [0.986,0.990,0.972,0.964,0.981,0.991,0.992,0.983,0.991,0.999]
Epoch [141] Testing Results: Prec@1 30.450 Prec@5 72.930 Loss 5.41971
Epoch [141] Testing Class Recall: [0.309,0.814,0.543,0.029,0.059,0.202,0.150,0.337,0.425,0.177]
Epoch [142] Training Results: Prec@1 98.900 Prec@5 100.000 Loss 0.03579
Epoch [142] Training Class Recall: [0.982,0.973,0.974,0.956,0.983,0.996,0.992,0.997,1.000,1.000]
Epoch [142] Testing Results: Prec@1 28.780 Prec@5 73.060 Loss 6.22916
Epoch [142] Testing Class Recall: [0.380,0.937,0.542,0.035,0.053,0.224,0.215,0.241,0.199,0.052]
Epoch [143] Training Results: Prec@1 99.440 Prec@5 100.000 Loss 0.01956
Epoch [143] Training Class Recall: [0.991,0.993,0.987,0.984,0.995,0.991,0.998,0.994,0.996,1.000]
Epoch [143] Testing Results: Prec@1 30.440 Prec@5 73.690 Loss 6.13289
Epoch [143] Testing Class Recall: [0.339,0.935,0.544,0.018,0.049,0.218,0.263,0.296,0.301,0.081]
Epoch [144] Training Results: Prec@1 98.760 Prec@5 100.000 Loss 0.03760
Epoch [144] Training Class Recall: [0.984,0.959,0.972,0.976,0.990,0.987,0.998,0.989,0.996,0.996]
Epoch [144] Testing Results: Prec@1 28.370 Prec@5 71.670 Loss 6.77686
Epoch [144] Testing Class Recall: [0.313,0.914,0.523,0.010,0.053,0.151,0.118,0.249,0.371,0.135]
Epoch [145] Training Results: Prec@1 96.320 Prec@5 99.980 Loss 0.11346
Epoch [145] Training Class Recall: [0.956,0.922,0.929,0.915,0.950,0.982,0.981,0.957,0.978,0.985]
Epoch [145] Testing Results: Prec@1 28.630 Prec@5 72.770 Loss 5.93826
Epoch [145] Testing Class Recall: [0.445,0.785,0.332,0.006,0.068,0.188,0.401,0.391,0.142,0.105]
Epoch [146] Training Results: Prec@1 96.300 Prec@5 99.880 Loss 0.11642
Epoch [146] Training Class Recall: [0.961,0.952,0.931,0.831,0.955,0.969,0.979,0.955,0.978,0.995]
Epoch [146] Testing Results: Prec@1 28.940 Prec@5 71.270 Loss 6.14336
Epoch [146] Testing Class Recall: [0.315,0.894,0.562,0.025,0.091,0.057,0.176,0.356,0.346,0.072]
Epoch [147] Training Results: Prec@1 90.440 Prec@5 99.820 Loss 0.30650
Epoch [147] Training Class Recall: [0.893,0.881,0.798,0.863,0.888,0.855,0.918,0.909,0.913,0.976]
Epoch [147] Testing Results: Prec@1 26.650 Prec@5 70.600 Loss 5.05446
Epoch [147] Testing Class Recall: [0.297,0.832,0.640,0.008,0.059,0.091,0.183,0.163,0.226,0.166]
Epoch [148] Training Results: Prec@1 97.480 Prec@5 100.000 Loss 0.08236
Epoch [148] Training Class Recall: [0.954,0.983,0.935,0.944,0.967,0.982,0.981,0.983,0.970,0.997]
Epoch [148] Testing Results: Prec@1 27.540 Prec@5 72.970 Loss 5.62645
Epoch [148] Testing Class Recall: [0.300,0.924,0.607,0.030,0.054,0.126,0.133,0.273,0.203,0.104]
Epoch [149] Training Results: Prec@1 98.540 Prec@5 100.000 Loss 0.05300
Epoch [149] Training Class Recall: [0.972,0.973,0.961,0.956,0.990,0.993,0.985,0.991,0.996,1.000]
Epoch [149] Testing Results: Prec@1 29.430 Prec@5 72.520 Loss 5.64136
Epoch [149] Testing Class Recall: [0.299,0.936,0.389,0.036,0.058,0.303,0.397,0.242,0.169,0.114]
Epoch [150] Training Results: Prec@1 97.980 Prec@5 100.000 Loss 0.06575
Epoch [150] Training Class Recall: [0.947,0.932,0.955,0.968,0.988,0.985,0.994,0.989,0.996,0.999]
Epoch [150] Testing Results: Prec@1 26.170 Prec@5 71.900 Loss 6.67266
Epoch [150] Testing Class Recall: [0.358,0.960,0.534,0.028,0.046,0.085,0.187,0.157,0.235,0.027]
Epoch [151] Training Results: Prec@1 96.740 Prec@5 99.940 Loss 0.11050
Epoch [151] Training Class Recall: [0.954,0.935,0.929,0.952,0.969,0.976,0.983,0.920,0.974,0.997]
Epoch [151] Testing Results: Prec@1 29.010 Prec@5 71.370 Loss 5.73447
Epoch [151] Testing Class Recall: [0.257,0.894,0.507,0.014,0.058,0.360,0.171,0.164,0.311,0.165]
Epoch [152] Training Results: Prec@1 97.960 Prec@5 100.000 Loss 0.06520
Epoch [152] Training Class Recall: [0.974,0.973,0.959,0.952,0.957,0.978,0.996,0.977,0.983,0.997]
Epoch [152] Testing Results: Prec@1 29.600 Prec@5 73.580 Loss 5.51849
Epoch [152] Testing Class Recall: [0.285,0.889,0.404,0.081,0.109,0.400,0.137,0.253,0.343,0.059]
Epoch [153] Training Results: Prec@1 99.140 Prec@5 100.000 Loss 0.02984
Epoch [153] Training Class Recall: [0.986,0.990,0.974,0.988,0.981,0.996,0.996,0.989,0.996,1.000]
Epoch [153] Testing Results: Prec@1 28.450 Prec@5 72.710 Loss 6.36566
Epoch [153] Testing Class Recall: [0.293,0.948,0.565,0.031,0.070,0.169,0.143,0.298,0.276,0.052]
Epoch [154] Training Results: Prec@1 98.720 Prec@5 100.000 Loss 0.04341
Epoch [154] Training Class Recall: [0.960,0.956,0.978,0.980,0.983,0.998,1.000,0.994,0.991,0.999]
Epoch [154] Testing Results: Prec@1 27.190 Prec@5 72.200 Loss 6.83875
Epoch [154] Testing Class Recall: [0.320,0.938,0.443,0.018,0.073,0.126,0.132,0.206,0.381,0.082]
Epoch [155] Training Results: Prec@1 98.780 Prec@5 100.000 Loss 0.04015
Epoch [155] Training Class Recall: [0.979,0.980,0.976,0.972,0.981,0.991,0.989,0.991,0.987,1.000]
Epoch [155] Testing Results: Prec@1 28.400 Prec@5 74.060 Loss 5.86996
Epoch [155] Testing Class Recall: [0.352,0.701,0.523,0.059,0.046,0.116,0.366,0.418,0.220,0.039]
Epoch [156] Training Results: Prec@1 96.240 Prec@5 99.980 Loss 0.11768
Epoch [156] Training Class Recall: [0.970,0.966,0.931,0.948,0.914,0.969,0.979,0.966,0.974,0.975]
Epoch [156] Testing Results: Prec@1 27.230 Prec@5 74.390 Loss 6.43739
Epoch [156] Testing Class Recall: [0.373,0.607,0.667,0.033,0.028,0.323,0.164,0.234,0.196,0.098]
Epoch [157] Training Results: Prec@1 94.280 Prec@5 99.940 Loss 0.16940
Epoch [157] Training Class Recall: [0.928,0.887,0.903,0.895,0.876,0.945,0.967,0.926,0.974,0.993]
Epoch [157] Testing Results: Prec@1 26.280 Prec@5 71.160 Loss 6.68852
Epoch [157] Testing Class Recall: [0.579,0.827,0.403,0.035,0.032,0.290,0.188,0.068,0.140,0.066]
Epoch [158] Training Results: Prec@1 96.820 Prec@5 99.940 Loss 0.09405
Epoch [158] Training Class Recall: [0.975,0.949,0.927,0.931,0.907,0.967,0.985,0.977,0.991,0.997]
Epoch [158] Testing Results: Prec@1 29.050 Prec@5 72.970 Loss 5.33752
Epoch [158] Testing Class Recall: [0.244,0.901,0.599,0.053,0.061,0.265,0.120,0.300,0.218,0.144]
Epoch [159] Training Results: Prec@1 98.800 Prec@5 100.000 Loss 0.03817
Epoch [159] Training Class Recall: [0.968,0.986,0.974,0.988,0.981,0.996,0.994,0.983,0.991,0.999]
Epoch [159] Testing Results: Prec@1 27.250 Prec@5 71.950 Loss 6.03801
Epoch [159] Testing Class Recall: [0.389,0.883,0.529,0.026,0.063,0.149,0.151,0.246,0.235,0.054]
Epoch [160] Training Results: Prec@1 99.560 Prec@5 100.000 Loss 0.01902
Epoch [160] Training Class Recall: [0.996,0.997,0.985,0.996,0.988,0.998,0.998,0.994,1.000,0.999]
Epoch [160] Testing Results: Prec@1 28.590 Prec@5 73.100 Loss 5.90923
Epoch [160] Testing Class Recall: [0.340,0.906,0.569,0.026,0.054,0.199,0.247,0.214,0.230,0.074]
Epoch [161] Training Results: Prec@1 99.580 Prec@5 100.000 Loss 0.02080
Epoch [161] Training Class Recall: [0.991,0.993,0.989,0.992,0.998,0.998,1.000,1.000,0.987,0.999]
Epoch [161] Testing Results: Prec@1 28.240 Prec@5 72.820 Loss 6.00090
Epoch [161] Testing Class Recall: [0.342,0.913,0.558,0.032,0.056,0.189,0.199,0.213,0.256,0.066]
Epoch [162] Training Results: Prec@1 99.660 Prec@5 100.000 Loss 0.02099
Epoch [162] Training Class Recall: [0.993,1.000,0.991,0.980,0.998,0.998,1.000,1.000,1.000,0.999]
Epoch [162] Testing Results: Prec@1 28.400 Prec@5 72.900 Loss 5.88653
Epoch [162] Testing Class Recall: [0.339,0.889,0.574,0.030,0.060,0.198,0.185,0.234,0.254,0.077]
Epoch [163] Training Results: Prec@1 99.480 Prec@5 100.000 Loss 0.02113
Epoch [163] Training Class Recall: [0.996,0.976,0.996,0.992,0.998,0.996,1.000,0.991,0.996,0.996]
Epoch [163] Testing Results: Prec@1 28.850 Prec@5 73.270 Loss 5.96082
Epoch [163] Testing Class Recall: [0.320,0.908,0.570,0.033,0.058,0.193,0.211,0.247,0.284,0.061]
Epoch [164] Training Results: Prec@1 99.520 Prec@5 100.000 Loss 0.02067
Epoch [164] Training Class Recall: [0.993,0.976,0.998,0.992,0.993,0.996,1.000,0.991,1.000,0.999]
Epoch [164] Testing Results: Prec@1 27.960 Prec@5 72.800 Loss 6.13504
Epoch [164] Testing Class Recall: [0.340,0.912,0.570,0.031,0.050,0.174,0.178,0.223,0.248,0.070]
Epoch [165] Training Results: Prec@1 99.560 Prec@5 100.000 Loss 0.01938
Epoch [165] Training Class Recall: [0.993,0.997,0.981,0.992,0.995,0.998,0.998,0.997,1.000,0.999]
Epoch [165] Testing Results: Prec@1 28.240 Prec@5 72.830 Loss 6.10955
Epoch [165] Testing Class Recall: [0.334,0.922,0.557,0.032,0.054,0.169,0.183,0.237,0.264,0.072]
Epoch [166] Training Results: Prec@1 99.620 Prec@5 100.000 Loss 0.01795
Epoch [166] Training Class Recall: [0.993,0.997,0.991,1.000,1.000,0.991,1.000,0.991,0.996,0.999]
Epoch [166] Testing Results: Prec@1 27.900 Prec@5 72.590 Loss 6.18624
Epoch [166] Testing Class Recall: [0.349,0.920,0.550,0.032,0.050,0.144,0.192,0.236,0.253,0.064]
Epoch [167] Training Results: Prec@1 99.560 Prec@5 100.000 Loss 0.01950
Epoch [167] Training Class Recall: [0.995,0.980,0.985,1.000,0.998,0.996,1.000,0.994,0.996,1.000]
Epoch [167] Testing Results: Prec@1 28.510 Prec@5 72.740 Loss 5.92707
Epoch [167] Testing Class Recall: [0.335,0.914,0.553,0.030,0.047,0.162,0.195,0.257,0.269,0.089]
Epoch [168] Training Results: Prec@1 99.620 Prec@5 100.000 Loss 0.01855
Epoch [168] Training Class Recall: [0.998,0.990,0.985,0.988,0.995,0.998,1.000,0.997,1.000,0.999]
Epoch [168] Testing Results: Prec@1 28.120 Prec@5 72.650 Loss 6.14308
Epoch [168] Testing Class Recall: [0.340,0.923,0.535,0.030,0.051,0.180,0.185,0.242,0.254,0.072]
Epoch [169] Training Results: Prec@1 99.660 Prec@5 100.000 Loss 0.01661
Epoch [169] Training Class Recall: [0.995,0.997,0.989,0.992,0.995,0.998,1.000,0.997,1.000,0.999]
Epoch [169] Testing Results: Prec@1 28.150 Prec@5 72.560 Loss 6.26375
Epoch [169] Testing Class Recall: [0.335,0.937,0.539,0.028,0.047,0.183,0.187,0.236,0.248,0.075]
Epoch [170] Training Results: Prec@1 99.640 Prec@5 100.000 Loss 0.01779
Epoch [170] Training Class Recall: [0.995,0.993,0.994,1.000,0.986,0.998,0.998,1.000,1.000,0.999]
Epoch [170] Testing Results: Prec@1 28.900 Prec@5 72.940 Loss 5.89423
Epoch [170] Testing Class Recall: [0.298,0.933,0.555,0.033,0.049,0.196,0.217,0.235,0.290,0.084]
Epoch [171] Training Results: Prec@1 99.780 Prec@5 100.000 Loss 0.01370
Epoch [171] Training Class Recall: [0.996,0.997,0.996,0.996,0.990,0.998,1.000,1.000,1.000,1.000]
Epoch [171] Testing Results: Prec@1 28.290 Prec@5 72.730 Loss 6.02935
Epoch [171] Testing Class Recall: [0.333,0.918,0.558,0.034,0.047,0.179,0.167,0.228,0.278,0.087]
Epoch [172] Training Results: Prec@1 99.660 Prec@5 100.000 Loss 0.01635
Epoch [172] Training Class Recall: [0.993,0.997,0.989,0.992,0.993,0.996,1.000,1.000,1.000,1.000]
Epoch [172] Testing Results: Prec@1 28.770 Prec@5 72.990 Loss 5.98217
Epoch [172] Testing Class Recall: [0.331,0.926,0.533,0.039,0.053,0.224,0.186,0.226,0.276,0.083]
Epoch [173] Training Results: Prec@1 99.560 Prec@5 100.000 Loss 0.01863
Epoch [173] Training Class Recall: [0.991,0.993,0.996,0.992,0.988,0.991,0.998,1.000,1.000,1.000]
Epoch [173] Testing Results: Prec@1 29.410 Prec@5 73.360 Loss 5.78404
Epoch [173] Testing Class Recall: [0.306,0.910,0.572,0.038,0.064,0.240,0.215,0.244,0.269,0.083]
Epoch [174] Training Results: Prec@1 99.600 Prec@5 99.980 Loss 0.01931
Epoch [174] Training Class Recall: [0.996,0.997,0.985,1.000,0.995,0.994,0.996,0.994,1.000,0.999]
Epoch [174] Testing Results: Prec@1 27.520 Prec@5 71.970 Loss 6.31099
Epoch [174] Testing Class Recall: [0.349,0.935,0.525,0.030,0.052,0.148,0.168,0.213,0.257,0.075]
Epoch [175] Training Results: Prec@1 99.600 Prec@5 100.000 Loss 0.01735
Epoch [175] Training Class Recall: [0.996,0.997,0.983,0.992,1.000,0.991,0.998,0.997,1.000,1.000]
Epoch [175] Testing Results: Prec@1 27.810 Prec@5 72.450 Loss 6.13632
Epoch [175] Testing Class Recall: [0.347,0.921,0.537,0.032,0.054,0.165,0.143,0.244,0.254,0.084]
Epoch [176] Training Results: Prec@1 99.780 Prec@5 100.000 Loss 0.01467
Epoch [176] Training Class Recall: [0.998,0.990,0.998,0.992,0.998,0.996,1.000,1.000,1.000,0.999]
Epoch [176] Testing Results: Prec@1 28.740 Prec@5 72.840 Loss 6.03610
Epoch [176] Testing Class Recall: [0.338,0.914,0.553,0.031,0.065,0.203,0.188,0.254,0.257,0.071]
Epoch [177] Training Results: Prec@1 99.740 Prec@5 100.000 Loss 0.01627
Epoch [177] Training Class Recall: [1.000,0.993,0.996,0.992,0.993,0.998,0.998,1.000,1.000,0.999]
Epoch [177] Testing Results: Prec@1 27.630 Prec@5 72.550 Loss 6.14732
Epoch [177] Testing Class Recall: [0.344,0.927,0.542,0.035,0.055,0.174,0.152,0.203,0.256,0.075]
Epoch [178] Training Results: Prec@1 99.640 Prec@5 100.000 Loss 0.01714
Epoch [178] Training Class Recall: [0.995,0.993,0.994,1.000,0.998,0.996,0.994,0.997,0.996,0.999]
Epoch [178] Testing Results: Prec@1 28.210 Prec@5 73.020 Loss 6.13696
Epoch [178] Testing Class Recall: [0.341,0.910,0.541,0.033,0.056,0.200,0.140,0.261,0.274,0.065]
Epoch [179] Training Results: Prec@1 99.600 Prec@5 100.000 Loss 0.01734
Epoch [179] Training Class Recall: [0.993,0.990,0.991,0.988,1.000,0.998,1.000,0.994,0.996,0.999]
Epoch [179] Testing Results: Prec@1 28.310 Prec@5 72.650 Loss 6.10625
Epoch [179] Testing Class Recall: [0.341,0.917,0.544,0.032,0.055,0.186,0.184,0.235,0.266,0.071]
Epoch [180] Training Results: Prec@1 99.740 Prec@5 100.000 Loss 0.01324
Epoch [180] Training Class Recall: [0.998,0.997,0.994,0.992,0.995,0.996,1.000,0.997,1.000,0.999]
Epoch [180] Testing Results: Prec@1 29.290 Prec@5 73.230 Loss 5.84675
Epoch [180] Testing Class Recall: [0.304,0.911,0.567,0.030,0.057,0.212,0.218,0.250,0.302,0.078]
Epoch [181] Training Results: Prec@1 99.800 Prec@5 100.000 Loss 0.01431
Epoch [181] Training Class Recall: [0.998,0.997,0.996,0.996,0.998,0.998,0.998,1.000,1.000,0.999]
Epoch [181] Testing Results: Prec@1 29.230 Prec@5 73.520 Loss 5.72319
Epoch [181] Testing Class Recall: [0.331,0.897,0.555,0.035,0.057,0.225,0.197,0.240,0.285,0.101]
Epoch [182] Training Results: Prec@1 99.620 Prec@5 100.000 Loss 0.01567
Epoch [182] Training Class Recall: [0.996,0.997,0.987,0.996,0.993,0.994,1.000,1.000,0.996,0.999]
Epoch [182] Testing Results: Prec@1 29.190 Prec@5 73.380 Loss 5.75056
Epoch [182] Testing Class Recall: [0.324,0.910,0.550,0.033,0.055,0.245,0.178,0.249,0.279,0.096]
Epoch [183] Training Results: Prec@1 99.660 Prec@5 100.000 Loss 0.01614
Epoch [183] Training Class Recall: [0.996,0.990,0.991,0.992,0.993,0.998,1.000,0.994,1.000,1.000]
Epoch [183] Testing Results: Prec@1 28.850 Prec@5 73.360 Loss 5.92888
Epoch [183] Testing Class Recall: [0.307,0.928,0.568,0.035,0.056,0.232,0.190,0.217,0.284,0.068]
Epoch [184] Training Results: Prec@1 99.620 Prec@5 100.000 Loss 0.01700
Epoch [184] Training Class Recall: [0.998,0.990,0.994,0.988,0.990,0.996,1.000,1.000,1.000,0.998]
Epoch [184] Testing Results: Prec@1 29.050 Prec@5 73.350 Loss 5.77698
Epoch [184] Testing Class Recall: [0.321,0.902,0.564,0.038,0.061,0.199,0.200,0.253,0.286,0.081]
Epoch [185] Training Results: Prec@1 99.760 Prec@5 100.000 Loss 0.01647
Epoch [185] Training Class Recall: [0.996,0.993,0.994,0.996,0.998,1.000,1.000,0.994,1.000,0.999]
Epoch [185] Testing Results: Prec@1 28.230 Prec@5 72.530 Loss 6.04635
Epoch [185] Testing Class Recall: [0.317,0.925,0.558,0.033,0.055,0.170,0.160,0.251,0.276,0.078]
Epoch [186] Training Results: Prec@1 99.760 Prec@5 100.000 Loss 0.01509
Epoch [186] Training Class Recall: [0.998,0.993,0.998,0.996,0.990,0.996,1.000,1.000,1.000,0.999]
Epoch [186] Testing Results: Prec@1 29.010 Prec@5 73.050 Loss 5.97224
Epoch [186] Testing Class Recall: [0.328,0.916,0.531,0.035,0.052,0.209,0.204,0.276,0.279,0.071]
Epoch [187] Training Results: Prec@1 99.720 Prec@5 100.000 Loss 0.01494
Epoch [187] Training Class Recall: [0.998,0.993,0.991,0.996,0.998,0.996,0.996,1.000,0.996,1.000]
Epoch [187] Testing Results: Prec@1 28.680 Prec@5 73.080 Loss 5.99820
Epoch [187] Testing Class Recall: [0.325,0.924,0.551,0.031,0.058,0.204,0.187,0.245,0.273,0.070]
Epoch [188] Training Results: Prec@1 99.700 Prec@5 100.000 Loss 0.01631
Epoch [188] Training Class Recall: [0.996,0.993,0.989,1.000,0.995,0.998,1.000,0.994,0.996,1.000]
Epoch [188] Testing Results: Prec@1 28.770 Prec@5 72.890 Loss 5.99626
Epoch [188] Testing Class Recall: [0.313,0.919,0.543,0.033,0.054,0.218,0.181,0.253,0.292,0.071]
Epoch [189] Training Results: Prec@1 99.620 Prec@5 100.000 Loss 0.01656
Epoch [189] Training Class Recall: [0.993,0.993,0.994,0.996,0.990,0.998,0.998,0.997,1.000,0.999]
Epoch [189] Testing Results: Prec@1 28.440 Prec@5 72.890 Loss 5.96911
Epoch [189] Testing Class Recall: [0.319,0.925,0.552,0.032,0.057,0.187,0.175,0.242,0.279,0.076]
Epoch [190] Training Results: Prec@1 99.720 Prec@5 100.000 Loss 0.01565
Epoch [190] Training Class Recall: [0.996,0.997,0.989,0.992,0.995,1.000,1.000,0.997,1.000,0.999]
Epoch [190] Testing Results: Prec@1 29.040 Prec@5 73.290 Loss 5.88886
Epoch [190] Testing Class Recall: [0.321,0.923,0.542,0.035,0.061,0.237,0.159,0.262,0.287,0.077]
Epoch [191] Training Results: Prec@1 99.620 Prec@5 100.000 Loss 0.01639
Epoch [191] Training Class Recall: [0.989,0.997,0.991,1.000,0.993,0.998,0.998,1.000,0.996,0.999]
Epoch [191] Testing Results: Prec@1 28.590 Prec@5 72.900 Loss 5.99950
Epoch [191] Testing Class Recall: [0.327,0.923,0.547,0.031,0.045,0.231,0.160,0.237,0.275,0.083]
Epoch [192] Training Results: Prec@1 99.580 Prec@5 100.000 Loss 0.01622
Epoch [192] Training Class Recall: [0.993,0.993,0.991,0.996,0.993,0.996,0.998,0.994,0.996,0.999]
Epoch [192] Testing Results: Prec@1 28.240 Prec@5 72.710 Loss 6.08020
Epoch [192] Testing Class Recall: [0.329,0.921,0.562,0.034,0.056,0.199,0.160,0.235,0.256,0.072]
Epoch [193] Training Results: Prec@1 99.760 Prec@5 100.000 Loss 0.01333
Epoch [193] Training Class Recall: [0.995,0.997,0.991,1.000,0.995,1.000,1.000,1.000,1.000,0.999]
Epoch [193] Testing Results: Prec@1 29.110 Prec@5 73.100 Loss 5.84339
Epoch [193] Testing Class Recall: [0.345,0.904,0.556,0.030,0.052,0.223,0.184,0.257,0.267,0.093]
Epoch [194] Training Results: Prec@1 99.720 Prec@5 100.000 Loss 0.01456
Epoch [194] Training Class Recall: [0.998,0.986,0.991,0.996,0.995,0.996,1.000,1.000,1.000,1.000]
Epoch [194] Testing Results: Prec@1 28.960 Prec@5 72.710 Loss 5.85517
Epoch [194] Testing Class Recall: [0.323,0.920,0.551,0.031,0.048,0.199,0.188,0.268,0.282,0.086]
Epoch [195] Training Results: Prec@1 99.700 Prec@5 100.000 Loss 0.01509
Epoch [195] Training Class Recall: [1.000,0.990,0.994,0.992,0.993,0.998,0.998,1.000,1.000,0.999]
Epoch [195] Testing Results: Prec@1 28.750 Prec@5 73.140 Loss 5.95429
Epoch [195] Testing Class Recall: [0.328,0.930,0.540,0.033,0.059,0.220,0.167,0.247,0.274,0.077]
Epoch [196] Training Results: Prec@1 99.700 Prec@5 100.000 Loss 0.01623
Epoch [196] Training Class Recall: [0.995,0.986,0.994,1.000,0.995,0.998,0.998,0.997,1.000,1.000]
Epoch [196] Testing Results: Prec@1 28.960 Prec@5 73.330 Loss 5.87100
Epoch [196] Testing Class Recall: [0.324,0.918,0.551,0.038,0.051,0.229,0.184,0.230,0.292,0.079]
Epoch [197] Training Results: Prec@1 99.780 Prec@5 100.000 Loss 0.01393
Epoch [197] Training Class Recall: [1.000,0.990,0.998,0.988,0.995,0.998,0.998,1.000,1.000,1.000]
Epoch [197] Testing Results: Prec@1 28.700 Prec@5 73.100 Loss 5.84270
Epoch [197] Testing Class Recall: [0.332,0.901,0.561,0.033,0.056,0.241,0.141,0.241,0.275,0.089]
Epoch [198] Training Results: Prec@1 99.660 Prec@5 100.000 Loss 0.01704
Epoch [198] Training Class Recall: [0.996,0.993,0.991,0.992,0.995,1.000,0.998,0.991,1.000,0.999]
Epoch [198] Testing Results: Prec@1 28.100 Prec@5 72.670 Loss 6.10092
Epoch [198] Testing Class Recall: [0.342,0.920,0.534,0.030,0.053,0.194,0.174,0.206,0.272,0.085]
Epoch [199] Training Results: Prec@1 99.780 Prec@5 100.000 Loss 0.01426
Epoch [199] Training Class Recall: [0.995,1.000,0.996,0.996,0.995,0.998,1.000,0.997,1.000,0.999]
Epoch [199] Testing Results: Prec@1 28.860 Prec@5 72.930 Loss 5.90129
Epoch [199] Testing Class Recall: [0.337,0.918,0.544,0.032,0.049,0.209,0.184,0.250,0.271,0.092]
