Log file: cifar10_sava1.0_deepsmote_sava_exp0.01_seed42_20260613_113532.log
Run started: 2026-06-13 11:35:32.522266
Dataset: cifar10
Imbalance type: exp, factor: 0.01
Selection method: sava, ratio: 1.0
Strategy: DeepSMOTE_Sava, epochs: 200
Seed: 42, rand_number: 0
Augmentation: weak
mamix_ratio: 1.0
============================================================

=> No CSV or TensorBoard logging – only console and debug log.
-----------------------------------------------
Class ID   | Original   | Selected   | Keep %  
-----------------------------------------------
0          | 5000       | 5000       |  100.0%
1          | 5000       | 5000       |  100.0%
2          | 5000       | 5000       |  100.0%
3          | 5000       | 5000       |  100.0%
4          | 5000       | 5000       |  100.0%
5          | 5000       | 5000       |  100.0%
6          | 5000       | 5000       |  100.0%
7          | 5000       | 5000       |  100.0%
8          | 5000       | 5000       |  100.0%
9          | 5000       | 5000       |  100.0%
-----------------------------------------------
TOTAL      | 50000      | 50000      |  100.0%
-----------------------------------------------
Epoch [0] Training Results: Prec@1 45.314 Prec@5 90.328 Loss 1.49221
Epoch [0] Training Class Recall: [0.475,0.573,0.168,0.272,0.328,0.386,0.480,0.540,0.671,0.637]
Epoch [0] Testing Results: Prec@1 36.400 Prec@5 87.610 Loss 2.03029
Epoch [0] Testing Class Recall: [0.827,0.676,0.355,0.318,0.047,0.348,0.234,0.460,0.172,0.203]
Epoch [1] Training Results: Prec@1 61.746 Prec@5 96.740 Loss 1.05667
Epoch [1] Training Class Recall: [0.640,0.719,0.351,0.349,0.494,0.493,0.702,0.743,0.821,0.863]
Epoch [1] Testing Results: Prec@1 48.520 Prec@5 91.920 Loss 1.72204
Epoch [1] Testing Class Recall: [0.717,0.541,0.266,0.517,0.206,0.540,0.536,0.415,0.397,0.717]
Epoch [2] Training Results: Prec@1 70.008 Prec@5 98.244 Loss 0.83324
Epoch [2] Training Class Recall: [0.729,0.790,0.476,0.437,0.579,0.585,0.774,0.826,0.887,0.918]
Epoch [2] Testing Results: Prec@1 47.650 Prec@5 92.970 Loss 2.12451
Epoch [2] Testing Class Recall: [0.602,0.914,0.261,0.073,0.135,0.424,0.518,0.907,0.596,0.335]
Epoch [3] Training Results: Prec@1 76.216 Prec@5 98.980 Loss 0.67469
Epoch [3] Training Class Recall: [0.785,0.846,0.556,0.523,0.663,0.675,0.831,0.870,0.929,0.945]
Epoch [3] Testing Results: Prec@1 56.910 Prec@5 94.540 Loss 1.50047
Epoch [3] Testing Class Recall: [0.867,0.873,0.351,0.308,0.437,0.487,0.745,0.640,0.533,0.450]
Epoch [4] Training Results: Prec@1 79.430 Prec@5 99.310 Loss 0.58284
Epoch [4] Training Class Recall: [0.821,0.871,0.596,0.592,0.719,0.699,0.854,0.896,0.942,0.954]
Epoch [4] Testing Results: Prec@1 54.480 Prec@5 92.720 Loss 1.55121
Epoch [4] Testing Class Recall: [0.849,0.826,0.311,0.531,0.604,0.266,0.380,0.699,0.533,0.449]
Epoch [5] Training Results: Prec@1 83.534 Prec@5 99.594 Loss 0.47140
Epoch [5] Training Class Recall: [0.860,0.901,0.643,0.653,0.774,0.774,0.884,0.925,0.966,0.973]
Epoch [5] Testing Results: Prec@1 59.500 Prec@5 93.550 Loss 1.55221
Epoch [5] Testing Class Recall: [0.831,0.881,0.337,0.498,0.747,0.477,0.634,0.620,0.329,0.596]
Epoch [6] Training Results: Prec@1 85.152 Prec@5 99.676 Loss 0.41966
Epoch [6] Training Class Recall: [0.866,0.911,0.671,0.683,0.799,0.803,0.902,0.936,0.969,0.975]
Epoch [6] Testing Results: Prec@1 55.960 Prec@5 91.450 Loss 1.91625
Epoch [6] Testing Class Recall: [0.766,0.937,0.376,0.540,0.231,0.664,0.737,0.308,0.775,0.262]
Epoch [7] Training Results: Prec@1 86.854 Prec@5 99.726 Loss 0.37715
Epoch [7] Training Class Recall: [0.879,0.924,0.709,0.713,0.821,0.826,0.915,0.945,0.972,0.981]
Epoch [7] Testing Results: Prec@1 53.560 Prec@5 89.930 Loss 2.21617
Epoch [7] Testing Class Recall: [0.884,0.957,0.685,0.461,0.187,0.623,0.717,0.305,0.119,0.418]
Epoch [8] Training Results: Prec@1 88.338 Prec@5 99.836 Loss 0.33838
Epoch [8] Training Class Recall: [0.894,0.929,0.734,0.745,0.841,0.843,0.929,0.956,0.980,0.982]
Epoch [8] Testing Results: Prec@1 55.760 Prec@5 91.840 Loss 2.09130
Epoch [8] Testing Class Recall: [0.893,0.948,0.573,0.839,0.411,0.270,0.611,0.564,0.178,0.289]
Epoch [9] Training Results: Prec@1 89.228 Prec@5 99.814 Loss 0.31122
Epoch [9] Training Class Recall: [0.897,0.933,0.751,0.756,0.858,0.866,0.932,0.964,0.982,0.984]
Epoch [9] Testing Results: Prec@1 56.600 Prec@5 92.700 Loss 2.09447
Epoch [9] Testing Class Recall: [0.942,0.925,0.578,0.509,0.540,0.655,0.680,0.367,0.208,0.256]
Epoch [10] Training Results: Prec@1 89.636 Prec@5 99.834 Loss 0.29688
Epoch [10] Training Class Recall: [0.901,0.936,0.757,0.768,0.861,0.874,0.932,0.968,0.980,0.986]
Epoch [10] Testing Results: Prec@1 57.910 Prec@5 92.520 Loss 1.92493
Epoch [10] Testing Class Recall: [0.789,0.950,0.815,0.700,0.444,0.276,0.557,0.605,0.297,0.358]
Epoch [11] Training Results: Prec@1 90.328 Prec@5 99.872 Loss 0.28028
Epoch [11] Training Class Recall: [0.909,0.945,0.769,0.791,0.868,0.884,0.935,0.963,0.983,0.985]
Epoch [11] Testing Results: Prec@1 52.640 Prec@5 91.630 Loss 2.62059
Epoch [11] Testing Class Recall: [0.838,0.981,0.877,0.512,0.504,0.380,0.488,0.429,0.167,0.088]
Epoch [12] Training Results: Prec@1 90.810 Prec@5 99.842 Loss 0.26801
Epoch [12] Training Class Recall: [0.913,0.944,0.782,0.799,0.871,0.892,0.943,0.967,0.983,0.986]
Epoch [12] Testing Results: Prec@1 56.900 Prec@5 91.530 Loss 2.21666
Epoch [12] Testing Class Recall: [0.969,0.933,0.730,0.485,0.662,0.379,0.537,0.429,0.335,0.231]
Epoch [13] Training Results: Prec@1 91.228 Prec@5 99.892 Loss 0.25599
Epoch [13] Training Class Recall: [0.916,0.948,0.794,0.797,0.887,0.898,0.943,0.969,0.986,0.985]
Epoch [13] Testing Results: Prec@1 64.900 Prec@5 95.350 Loss 1.42888
Epoch [13] Testing Class Recall: [0.899,0.940,0.687,0.764,0.549,0.387,0.540,0.676,0.466,0.582]
Epoch [14] Training Results: Prec@1 91.554 Prec@5 99.920 Loss 0.24392
Epoch [14] Training Class Recall: [0.910,0.948,0.796,0.820,0.886,0.900,0.951,0.972,0.986,0.987]
Epoch [14] Testing Results: Prec@1 55.210 Prec@5 88.120 Loss 2.44468
Epoch [14] Testing Class Recall: [0.842,0.861,0.751,0.490,0.539,0.270,0.873,0.667,0.041,0.187]
Epoch [15] Training Results: Prec@1 91.920 Prec@5 99.904 Loss 0.23414
Epoch [15] Training Class Recall: [0.916,0.952,0.810,0.824,0.893,0.905,0.951,0.969,0.986,0.986]
Epoch [15] Testing Results: Prec@1 63.610 Prec@5 95.570 Loss 1.67244
Epoch [15] Testing Class Recall: [0.924,0.953,0.513,0.630,0.544,0.580,0.672,0.669,0.487,0.389]
Epoch [16] Training Results: Prec@1 92.136 Prec@5 99.926 Loss 0.22858
Epoch [16] Training Class Recall: [0.926,0.954,0.813,0.827,0.894,0.908,0.950,0.971,0.984,0.988]
Epoch [16] Testing Results: Prec@1 53.910 Prec@5 92.570 Loss 2.36503
Epoch [16] Testing Class Recall: [0.871,0.986,0.809,0.411,0.260,0.264,0.712,0.484,0.437,0.157]
Epoch [17] Training Results: Prec@1 92.520 Prec@5 99.916 Loss 0.21730
Epoch [17] Training Class Recall: [0.918,0.950,0.819,0.840,0.905,0.910,0.960,0.973,0.987,0.991]
Epoch [17] Testing Results: Prec@1 54.750 Prec@5 92.750 Loss 2.28244
Epoch [17] Testing Class Recall: [0.917,0.975,0.635,0.628,0.611,0.225,0.544,0.442,0.274,0.224]
Epoch [18] Training Results: Prec@1 92.718 Prec@5 99.914 Loss 0.21414
Epoch [18] Training Class Recall: [0.926,0.951,0.828,0.843,0.902,0.918,0.955,0.974,0.987,0.987]
Epoch [18] Testing Results: Prec@1 59.640 Prec@5 92.390 Loss 2.17479
Epoch [18] Testing Class Recall: [0.927,0.931,0.785,0.677,0.541,0.371,0.689,0.374,0.521,0.148]
Epoch [19] Training Results: Prec@1 92.768 Prec@5 99.920 Loss 0.20958
Epoch [19] Training Class Recall: [0.926,0.952,0.830,0.842,0.900,0.922,0.956,0.971,0.990,0.989]
Epoch [19] Testing Results: Prec@1 59.870 Prec@5 93.260 Loss 1.86524
Epoch [19] Testing Class Recall: [0.824,0.971,0.629,0.785,0.501,0.457,0.584,0.341,0.413,0.482]
Epoch [20] Training Results: Prec@1 92.870 Prec@5 99.912 Loss 0.20579
Epoch [20] Training Class Recall: [0.931,0.957,0.832,0.848,0.903,0.913,0.955,0.974,0.985,0.988]
Epoch [20] Testing Results: Prec@1 61.750 Prec@5 94.210 Loss 1.74572
Epoch [20] Testing Class Recall: [0.912,0.961,0.745,0.283,0.611,0.667,0.529,0.609,0.459,0.399]
Epoch [21] Training Results: Prec@1 92.998 Prec@5 99.908 Loss 0.20142
Epoch [21] Training Class Recall: [0.924,0.952,0.836,0.848,0.910,0.918,0.960,0.974,0.989,0.991]
Epoch [21] Testing Results: Prec@1 61.080 Prec@5 93.660 Loss 2.16182
Epoch [21] Testing Class Recall: [0.899,0.977,0.715,0.648,0.512,0.494,0.589,0.692,0.122,0.460]
Epoch [22] Training Results: Prec@1 93.258 Prec@5 99.948 Loss 0.19384
Epoch [22] Training Class Recall: [0.928,0.957,0.839,0.856,0.909,0.919,0.960,0.978,0.989,0.991]
Epoch [22] Testing Results: Prec@1 62.050 Prec@5 95.600 Loss 1.83392
Epoch [22] Testing Class Recall: [0.905,0.971,0.388,0.626,0.529,0.726,0.512,0.683,0.582,0.283]
Epoch [23] Training Results: Prec@1 93.662 Prec@5 99.938 Loss 0.18464
Epoch [23] Training Class Recall: [0.929,0.960,0.845,0.868,0.911,0.937,0.963,0.976,0.989,0.988]
Epoch [23] Testing Results: Prec@1 60.690 Prec@5 93.940 Loss 1.91073
Epoch [23] Testing Class Recall: [0.947,0.889,0.649,0.726,0.684,0.482,0.687,0.380,0.248,0.377]
Epoch [24] Training Results: Prec@1 93.560 Prec@5 99.956 Loss 0.18869
Epoch [24] Training Class Recall: [0.928,0.959,0.846,0.859,0.918,0.929,0.959,0.978,0.988,0.990]
Epoch [24] Testing Results: Prec@1 63.630 Prec@5 94.160 Loss 1.82914
Epoch [24] Testing Class Recall: [0.831,0.964,0.785,0.661,0.629,0.359,0.761,0.629,0.492,0.252]
Epoch [25] Training Results: Prec@1 93.458 Prec@5 99.962 Loss 0.18827
Epoch [25] Training Class Recall: [0.934,0.954,0.838,0.862,0.911,0.929,0.962,0.978,0.989,0.990]
Epoch [25] Testing Results: Prec@1 59.300 Prec@5 93.460 Loss 2.18972
Epoch [25] Testing Class Recall: [0.930,0.961,0.702,0.662,0.683,0.549,0.484,0.487,0.207,0.265]
Epoch [26] Training Results: Prec@1 93.626 Prec@5 99.958 Loss 0.18222
Epoch [26] Training Class Recall: [0.933,0.955,0.852,0.858,0.913,0.931,0.966,0.977,0.988,0.989]
Epoch [26] Testing Results: Prec@1 60.800 Prec@5 94.420 Loss 1.94921
Epoch [26] Testing Class Recall: [0.955,0.918,0.730,0.564,0.464,0.571,0.639,0.531,0.403,0.305]
Epoch [27] Training Results: Prec@1 93.594 Prec@5 99.958 Loss 0.18436
Epoch [27] Training Class Recall: [0.933,0.960,0.854,0.860,0.912,0.928,0.960,0.978,0.986,0.990]
Epoch [27] Testing Results: Prec@1 62.370 Prec@5 93.160 Loss 1.81279
Epoch [27] Testing Class Recall: [0.936,0.930,0.731,0.665,0.738,0.355,0.587,0.361,0.443,0.491]
Epoch [28] Training Results: Prec@1 93.992 Prec@5 99.948 Loss 0.17600
Epoch [28] Training Class Recall: [0.936,0.960,0.849,0.872,0.922,0.936,0.965,0.981,0.988,0.990]
Epoch [28] Testing Results: Prec@1 58.660 Prec@5 92.060 Loss 2.16714
Epoch [28] Testing Class Recall: [0.959,0.954,0.698,0.531,0.585,0.640,0.678,0.334,0.371,0.116]
Epoch [29] Training Results: Prec@1 93.788 Prec@5 99.962 Loss 0.17810
Epoch [29] Training Class Recall: [0.932,0.958,0.850,0.872,0.921,0.931,0.960,0.977,0.990,0.990]
Epoch [29] Testing Results: Prec@1 61.280 Prec@5 94.750 Loss 1.96304
Epoch [29] Testing Class Recall: [0.776,0.972,0.845,0.536,0.405,0.328,0.766,0.616,0.554,0.330]
Epoch [30] Training Results: Prec@1 94.060 Prec@5 99.946 Loss 0.17412
Epoch [30] Training Class Recall: [0.930,0.961,0.861,0.875,0.921,0.936,0.965,0.980,0.985,0.991]
Epoch [30] Testing Results: Prec@1 62.340 Prec@5 95.010 Loss 1.85036
Epoch [30] Testing Class Recall: [0.890,0.949,0.861,0.472,0.472,0.491,0.675,0.632,0.529,0.263]
Epoch [31] Training Results: Prec@1 94.144 Prec@5 99.956 Loss 0.16846
Epoch [31] Training Class Recall: [0.937,0.962,0.857,0.879,0.924,0.936,0.965,0.976,0.989,0.991]
Epoch [31] Testing Results: Prec@1 64.530 Prec@5 94.490 Loss 1.68722
Epoch [31] Testing Class Recall: [0.917,0.962,0.641,0.612,0.496,0.668,0.794,0.358,0.488,0.517]
Epoch [32] Training Results: Prec@1 94.148 Prec@5 99.960 Loss 0.16843
Epoch [32] Training Class Recall: [0.939,0.966,0.860,0.868,0.921,0.936,0.963,0.982,0.989,0.990]
Epoch [32] Testing Results: Prec@1 54.780 Prec@5 92.080 Loss 2.41024
Epoch [32] Testing Class Recall: [0.953,0.973,0.793,0.310,0.615,0.543,0.658,0.183,0.228,0.222]
Epoch [33] Training Results: Prec@1 94.298 Prec@5 99.950 Loss 0.16573
Epoch [33] Training Class Recall: [0.940,0.964,0.862,0.876,0.925,0.934,0.966,0.979,0.990,0.994]
Epoch [33] Testing Results: Prec@1 57.720 Prec@5 92.970 Loss 2.35633
Epoch [33] Testing Class Recall: [0.923,0.974,0.635,0.774,0.702,0.269,0.584,0.478,0.182,0.251]
Epoch [34] Training Results: Prec@1 94.394 Prec@5 99.964 Loss 0.16402
Epoch [34] Training Class Recall: [0.939,0.963,0.866,0.880,0.928,0.936,0.967,0.979,0.988,0.993]
Epoch [34] Testing Results: Prec@1 65.680 Prec@5 94.780 Loss 1.64982
Epoch [34] Testing Class Recall: [0.869,0.959,0.732,0.554,0.452,0.713,0.838,0.418,0.593,0.440]
Epoch [35] Training Results: Prec@1 94.266 Prec@5 99.950 Loss 0.16697
Epoch [35] Training Class Recall: [0.938,0.961,0.869,0.882,0.927,0.930,0.965,0.976,0.987,0.993]
Epoch [35] Testing Results: Prec@1 62.500 Prec@5 95.470 Loss 1.93331
Epoch [35] Testing Class Recall: [0.857,0.979,0.581,0.609,0.494,0.711,0.679,0.689,0.410,0.241]
Epoch [36] Training Results: Prec@1 94.502 Prec@5 99.964 Loss 0.15726
Epoch [36] Training Class Recall: [0.936,0.964,0.864,0.890,0.929,0.940,0.967,0.980,0.989,0.991]
Epoch [36] Testing Results: Prec@1 59.430 Prec@5 92.610 Loss 2.15209
Epoch [36] Testing Class Recall: [0.940,0.967,0.524,0.683,0.538,0.480,0.659,0.398,0.692,0.062]
Epoch [37] Training Results: Prec@1 94.374 Prec@5 99.958 Loss 0.16282
Epoch [37] Training Class Recall: [0.936,0.961,0.863,0.882,0.927,0.941,0.967,0.982,0.989,0.990]
Epoch [37] Testing Results: Prec@1 61.710 Prec@5 95.110 Loss 1.84427
Epoch [37] Testing Class Recall: [0.968,0.871,0.651,0.591,0.644,0.425,0.502,0.767,0.370,0.382]
Epoch [38] Training Results: Prec@1 94.314 Prec@5 99.976 Loss 0.16352
Epoch [38] Training Class Recall: [0.935,0.962,0.869,0.882,0.926,0.935,0.965,0.976,0.991,0.991]
Epoch [38] Testing Results: Prec@1 60.680 Prec@5 93.860 Loss 2.05713
Epoch [38] Testing Class Recall: [0.941,0.952,0.791,0.421,0.814,0.479,0.342,0.680,0.190,0.458]
Epoch [39] Training Results: Prec@1 94.482 Prec@5 99.968 Loss 0.16213
Epoch [39] Training Class Recall: [0.938,0.964,0.876,0.885,0.923,0.939,0.966,0.980,0.988,0.989]
Epoch [39] Testing Results: Prec@1 63.280 Prec@5 95.250 Loss 1.81107
Epoch [39] Testing Class Recall: [0.941,0.911,0.646,0.750,0.604,0.448,0.620,0.443,0.377,0.588]
Epoch [40] Training Results: Prec@1 94.876 Prec@5 99.974 Loss 0.14756
Epoch [40] Training Class Recall: [0.940,0.963,0.879,0.893,0.933,0.945,0.970,0.983,0.990,0.990]
Epoch [40] Testing Results: Prec@1 66.500 Prec@5 95.710 Loss 1.53684
Epoch [40] Testing Class Recall: [0.881,0.935,0.656,0.752,0.464,0.544,0.779,0.607,0.373,0.659]
Epoch [41] Training Results: Prec@1 94.574 Prec@5 99.970 Loss 0.15547
Epoch [41] Training Class Recall: [0.942,0.963,0.866,0.883,0.931,0.941,0.968,0.981,0.991,0.991]
Epoch [41] Testing Results: Prec@1 63.580 Prec@5 92.500 Loss 1.86234
Epoch [41] Testing Class Recall: [0.878,0.958,0.673,0.590,0.692,0.429,0.895,0.583,0.420,0.240]
Epoch [42] Training Results: Prec@1 94.684 Prec@5 99.956 Loss 0.15395
Epoch [42] Training Class Recall: [0.943,0.963,0.875,0.893,0.928,0.938,0.970,0.980,0.988,0.989]
Epoch [42] Testing Results: Prec@1 62.200 Prec@5 95.280 Loss 1.77146
Epoch [42] Testing Class Recall: [0.882,0.975,0.733,0.654,0.523,0.664,0.566,0.598,0.363,0.262]
Epoch [43] Training Results: Prec@1 94.656 Prec@5 99.966 Loss 0.15350
Epoch [43] Training Class Recall: [0.939,0.962,0.873,0.896,0.930,0.942,0.966,0.980,0.989,0.989]
Epoch [43] Testing Results: Prec@1 57.930 Prec@5 93.370 Loss 2.14207
Epoch [43] Testing Class Recall: [0.917,0.977,0.830,0.561,0.662,0.291,0.382,0.330,0.538,0.305]
Epoch [44] Training Results: Prec@1 95.022 Prec@5 99.974 Loss 0.14740
Epoch [44] Training Class Recall: [0.946,0.966,0.880,0.897,0.936,0.943,0.969,0.982,0.991,0.993]
Epoch [44] Testing Results: Prec@1 58.010 Prec@5 93.390 Loss 2.40603
Epoch [44] Testing Class Recall: [0.896,0.924,0.680,0.685,0.523,0.652,0.697,0.504,0.135,0.105]
Epoch [45] Training Results: Prec@1 94.968 Prec@5 99.962 Loss 0.14687
Epoch [45] Training Class Recall: [0.941,0.965,0.879,0.897,0.935,0.946,0.969,0.983,0.989,0.991]
Epoch [45] Testing Results: Prec@1 59.450 Prec@5 92.770 Loss 1.97536
Epoch [45] Testing Class Recall: [0.928,0.958,0.743,0.526,0.777,0.449,0.281,0.460,0.290,0.533]
Epoch [46] Training Results: Prec@1 94.838 Prec@5 99.968 Loss 0.15102
Epoch [46] Training Class Recall: [0.940,0.966,0.875,0.895,0.931,0.944,0.968,0.981,0.993,0.990]
Epoch [46] Testing Results: Prec@1 58.810 Prec@5 95.420 Loss 2.23673
Epoch [46] Testing Class Recall: [0.956,0.983,0.559,0.542,0.616,0.575,0.655,0.571,0.247,0.177]
Epoch [47] Training Results: Prec@1 94.976 Prec@5 99.970 Loss 0.14753
Epoch [47] Training Class Recall: [0.943,0.966,0.884,0.894,0.939,0.942,0.965,0.980,0.990,0.994]
Epoch [47] Testing Results: Prec@1 60.950 Prec@5 94.070 Loss 1.91056
Epoch [47] Testing Class Recall: [0.880,0.981,0.843,0.498,0.518,0.493,0.773,0.432,0.386,0.291]
Epoch [48] Training Results: Prec@1 94.928 Prec@5 99.970 Loss 0.14649
Epoch [48] Training Class Recall: [0.945,0.963,0.875,0.896,0.934,0.947,0.973,0.981,0.990,0.989]
Epoch [48] Testing Results: Prec@1 59.560 Prec@5 94.640 Loss 2.10281
Epoch [48] Testing Class Recall: [0.957,0.938,0.768,0.548,0.505,0.497,0.545,0.499,0.410,0.289]
Epoch [49] Training Results: Prec@1 95.176 Prec@5 99.974 Loss 0.14094
Epoch [49] Training Class Recall: [0.945,0.968,0.889,0.897,0.938,0.947,0.970,0.982,0.989,0.992]
Epoch [49] Testing Results: Prec@1 60.680 Prec@5 92.630 Loss 2.13785
Epoch [49] Testing Class Recall: [0.949,0.962,0.672,0.589,0.803,0.353,0.699,0.314,0.610,0.117]
Epoch [50] Training Results: Prec@1 94.954 Prec@5 99.974 Loss 0.14595
Epoch [50] Training Class Recall: [0.944,0.964,0.879,0.895,0.934,0.949,0.967,0.981,0.990,0.992]
Epoch [50] Testing Results: Prec@1 66.760 Prec@5 95.510 Loss 1.51033
Epoch [50] Testing Class Recall: [0.926,0.934,0.661,0.646,0.700,0.583,0.705,0.632,0.381,0.508]
Epoch [51] Training Results: Prec@1 94.936 Prec@5 99.968 Loss 0.14429
Epoch [51] Training Class Recall: [0.945,0.966,0.881,0.894,0.929,0.949,0.971,0.980,0.988,0.990]
Epoch [51] Testing Results: Prec@1 57.970 Prec@5 94.300 Loss 2.21390
Epoch [51] Testing Class Recall: [0.960,0.953,0.473,0.653,0.584,0.290,0.664,0.704,0.401,0.115]
Epoch [52] Training Results: Prec@1 94.834 Prec@5 99.958 Loss 0.14828
Epoch [52] Training Class Recall: [0.946,0.966,0.874,0.891,0.929,0.947,0.969,0.979,0.992,0.992]
Epoch [52] Testing Results: Prec@1 59.430 Prec@5 95.790 Loss 2.03550
Epoch [52] Testing Class Recall: [0.972,0.966,0.574,0.563,0.533,0.601,0.541,0.703,0.126,0.364]
Epoch [53] Training Results: Prec@1 94.832 Prec@5 99.956 Loss 0.15019
Epoch [53] Training Class Recall: [0.942,0.965,0.876,0.892,0.932,0.945,0.970,0.981,0.990,0.990]
Epoch [53] Testing Results: Prec@1 59.290 Prec@5 94.430 Loss 1.95793
Epoch [53] Testing Class Recall: [0.912,0.978,0.560,0.759,0.501,0.537,0.713,0.470,0.224,0.275]
Epoch [54] Training Results: Prec@1 95.366 Prec@5 99.964 Loss 0.13525
Epoch [54] Training Class Recall: [0.947,0.966,0.888,0.908,0.936,0.950,0.973,0.982,0.994,0.992]
Epoch [54] Testing Results: Prec@1 61.720 Prec@5 94.540 Loss 1.87785
Epoch [54] Testing Class Recall: [0.915,0.907,0.814,0.594,0.632,0.665,0.485,0.419,0.351,0.390]
Epoch [55] Training Results: Prec@1 95.122 Prec@5 99.980 Loss 0.14285
Epoch [55] Training Class Recall: [0.948,0.964,0.884,0.896,0.940,0.947,0.971,0.981,0.991,0.991]
Epoch [55] Testing Results: Prec@1 55.030 Prec@5 93.720 Loss 2.42113
Epoch [55] Testing Class Recall: [0.966,0.988,0.458,0.645,0.501,0.299,0.562,0.635,0.229,0.220]
Epoch [56] Training Results: Prec@1 95.154 Prec@5 99.964 Loss 0.14062
Epoch [56] Training Class Recall: [0.952,0.967,0.880,0.906,0.935,0.941,0.969,0.981,0.992,0.993]
Epoch [56] Testing Results: Prec@1 57.700 Prec@5 93.980 Loss 2.31764
Epoch [56] Testing Class Recall: [0.943,0.960,0.861,0.557,0.556,0.326,0.514,0.652,0.255,0.146]
Epoch [57] Training Results: Prec@1 95.018 Prec@5 99.966 Loss 0.14427
Epoch [57] Training Class Recall: [0.944,0.966,0.882,0.899,0.926,0.951,0.972,0.981,0.989,0.991]
Epoch [57] Testing Results: Prec@1 55.260 Prec@5 90.560 Loss 2.65584
Epoch [57] Testing Class Recall: [0.911,0.980,0.794,0.745,0.595,0.420,0.641,0.244,0.079,0.117]
Epoch [58] Training Results: Prec@1 95.084 Prec@5 99.966 Loss 0.14452
Epoch [58] Training Class Recall: [0.948,0.964,0.882,0.903,0.937,0.946,0.969,0.981,0.989,0.989]
Epoch [58] Testing Results: Prec@1 65.330 Prec@5 95.630 Loss 1.65030
Epoch [58] Testing Class Recall: [0.811,0.960,0.739,0.531,0.712,0.677,0.679,0.510,0.325,0.589]
Epoch [59] Training Results: Prec@1 95.356 Prec@5 99.972 Loss 0.13733
Epoch [59] Training Class Recall: [0.948,0.969,0.888,0.902,0.939,0.950,0.973,0.984,0.989,0.993]
Epoch [59] Testing Results: Prec@1 55.900 Prec@5 94.460 Loss 2.24074
Epoch [59] Testing Class Recall: [0.974,0.749,0.765,0.398,0.623,0.634,0.421,0.289,0.282,0.455]
Epoch [60] Training Results: Prec@1 95.276 Prec@5 99.972 Loss 0.13848
Epoch [60] Training Class Recall: [0.948,0.967,0.883,0.903,0.938,0.952,0.973,0.984,0.990,0.991]
Epoch [60] Testing Results: Prec@1 61.070 Prec@5 94.920 Loss 2.06728
Epoch [60] Testing Class Recall: [0.941,0.900,0.795,0.691,0.473,0.221,0.613,0.762,0.284,0.427]
Epoch [61] Training Results: Prec@1 95.424 Prec@5 99.978 Loss 0.13132
Epoch [61] Training Class Recall: [0.948,0.966,0.893,0.905,0.938,0.949,0.974,0.984,0.991,0.993]
Epoch [61] Testing Results: Prec@1 60.280 Prec@5 94.130 Loss 2.04192
Epoch [61] Testing Class Recall: [0.916,0.987,0.703,0.466,0.680,0.536,0.483,0.480,0.525,0.252]
Epoch [62] Training Results: Prec@1 95.042 Prec@5 99.974 Loss 0.14458
Epoch [62] Training Class Recall: [0.948,0.963,0.876,0.899,0.938,0.946,0.971,0.982,0.990,0.992]
Epoch [62] Testing Results: Prec@1 60.470 Prec@5 92.640 Loss 2.09071
Epoch [62] Testing Class Recall: [0.841,0.927,0.620,0.641,0.691,0.740,0.767,0.442,0.191,0.187]
Epoch [63] Training Results: Prec@1 95.366 Prec@5 99.972 Loss 0.13308
Epoch [63] Training Class Recall: [0.947,0.964,0.895,0.906,0.937,0.952,0.972,0.982,0.990,0.992]
Epoch [63] Testing Results: Prec@1 59.010 Prec@5 92.990 Loss 2.38625
Epoch [63] Testing Class Recall: [0.957,0.945,0.668,0.384,0.725,0.761,0.739,0.406,0.026,0.290]
Epoch [64] Training Results: Prec@1 95.312 Prec@5 99.964 Loss 0.13752
Epoch [64] Training Class Recall: [0.949,0.967,0.892,0.905,0.936,0.947,0.972,0.982,0.991,0.991]
Epoch [64] Testing Results: Prec@1 59.100 Prec@5 92.690 Loss 1.92150
Epoch [64] Testing Class Recall: [0.931,0.951,0.718,0.687,0.786,0.446,0.449,0.251,0.432,0.259]
Epoch [65] Training Results: Prec@1 95.304 Prec@5 99.974 Loss 0.13595
Epoch [65] Training Class Recall: [0.950,0.968,0.883,0.903,0.938,0.955,0.970,0.984,0.988,0.991]
Epoch [65] Testing Results: Prec@1 62.300 Prec@5 94.630 Loss 1.91956
Epoch [65] Testing Class Recall: [0.920,0.831,0.817,0.695,0.658,0.406,0.510,0.561,0.574,0.258]
Epoch [66] Training Results: Prec@1 95.402 Prec@5 99.980 Loss 0.13331
Epoch [66] Training Class Recall: [0.953,0.968,0.885,0.906,0.942,0.951,0.973,0.980,0.991,0.991]
Epoch [66] Testing Results: Prec@1 58.410 Prec@5 93.600 Loss 2.21742
Epoch [66] Testing Class Recall: [0.908,0.977,0.764,0.787,0.704,0.337,0.549,0.443,0.153,0.219]
Epoch [67] Training Results: Prec@1 95.378 Prec@5 99.966 Loss 0.13421
Epoch [67] Training Class Recall: [0.950,0.964,0.896,0.904,0.941,0.948,0.971,0.984,0.989,0.992]
Epoch [67] Testing Results: Prec@1 67.090 Prec@5 95.840 Loss 1.45042
Epoch [67] Testing Class Recall: [0.917,0.966,0.759,0.554,0.588,0.474,0.680,0.594,0.704,0.473]
Epoch [68] Training Results: Prec@1 95.584 Prec@5 99.982 Loss 0.13183
Epoch [68] Training Class Recall: [0.955,0.969,0.894,0.911,0.940,0.951,0.971,0.986,0.990,0.991]
Epoch [68] Testing Results: Prec@1 60.070 Prec@5 93.380 Loss 2.04439
Epoch [68] Testing Class Recall: [0.934,0.969,0.803,0.572,0.655,0.558,0.596,0.314,0.121,0.485]
Epoch [69] Training Results: Prec@1 95.372 Prec@5 99.970 Loss 0.13662
Epoch [69] Training Class Recall: [0.949,0.968,0.892,0.907,0.939,0.947,0.970,0.981,0.991,0.993]
Epoch [69] Testing Results: Prec@1 61.760 Prec@5 96.000 Loss 1.91831
Epoch [69] Testing Class Recall: [0.851,0.964,0.866,0.676,0.551,0.356,0.416,0.512,0.525,0.459]
Epoch [70] Training Results: Prec@1 95.352 Prec@5 99.982 Loss 0.13523
Epoch [70] Training Class Recall: [0.951,0.966,0.889,0.901,0.938,0.954,0.973,0.980,0.991,0.992]
Epoch [70] Testing Results: Prec@1 60.110 Prec@5 95.300 Loss 1.94377
Epoch [70] Testing Class Recall: [0.987,0.932,0.612,0.495,0.567,0.658,0.660,0.503,0.315,0.282]
Epoch [71] Training Results: Prec@1 95.728 Prec@5 99.976 Loss 0.12764
Epoch [71] Training Class Recall: [0.958,0.971,0.893,0.913,0.939,0.952,0.975,0.985,0.993,0.994]
Epoch [71] Testing Results: Prec@1 63.760 Prec@5 95.580 Loss 1.68850
Epoch [71] Testing Class Recall: [0.894,0.968,0.652,0.685,0.563,0.657,0.720,0.453,0.520,0.264]
Epoch [72] Training Results: Prec@1 95.556 Prec@5 99.974 Loss 0.13219
Epoch [72] Training Class Recall: [0.953,0.967,0.885,0.914,0.945,0.951,0.974,0.982,0.992,0.993]
Epoch [72] Testing Results: Prec@1 60.740 Prec@5 92.590 Loss 2.13597
Epoch [72] Testing Class Recall: [0.904,0.941,0.668,0.731,0.450,0.580,0.801,0.410,0.248,0.341]
Epoch [73] Training Results: Prec@1 95.550 Prec@5 99.974 Loss 0.13028
Epoch [73] Training Class Recall: [0.950,0.969,0.890,0.908,0.942,0.952,0.976,0.986,0.989,0.993]
Epoch [73] Testing Results: Prec@1 63.020 Prec@5 95.530 Loss 1.83515
Epoch [73] Testing Class Recall: [0.886,0.971,0.785,0.731,0.633,0.332,0.594,0.641,0.483,0.246]
Epoch [74] Training Results: Prec@1 95.388 Prec@5 99.978 Loss 0.13421
Epoch [74] Training Class Recall: [0.947,0.967,0.887,0.909,0.944,0.949,0.970,0.984,0.990,0.992]
Epoch [74] Testing Results: Prec@1 62.780 Prec@5 94.480 Loss 1.83148
Epoch [74] Testing Class Recall: [0.908,0.936,0.735,0.450,0.603,0.826,0.751,0.401,0.317,0.351]
Epoch [75] Training Results: Prec@1 95.456 Prec@5 99.970 Loss 0.13320
Epoch [75] Training Class Recall: [0.950,0.965,0.893,0.904,0.942,0.950,0.975,0.982,0.990,0.993]
Epoch [75] Testing Results: Prec@1 62.520 Prec@5 95.150 Loss 1.71846
Epoch [75] Testing Class Recall: [0.925,0.980,0.740,0.616,0.549,0.577,0.744,0.618,0.309,0.194]
Epoch [76] Training Results: Prec@1 95.530 Prec@5 99.966 Loss 0.13097
Epoch [76] Training Class Recall: [0.952,0.969,0.892,0.910,0.940,0.950,0.973,0.983,0.992,0.991]
Epoch [76] Testing Results: Prec@1 54.790 Prec@5 93.020 Loss 2.52947
Epoch [76] Testing Class Recall: [0.982,0.953,0.617,0.444,0.503,0.560,0.563,0.690,0.063,0.104]
Epoch [77] Training Results: Prec@1 95.432 Prec@5 99.970 Loss 0.13199
Epoch [77] Training Class Recall: [0.947,0.968,0.890,0.912,0.938,0.950,0.975,0.984,0.988,0.992]
Epoch [77] Testing Results: Prec@1 53.610 Prec@5 93.340 Loss 2.38473
Epoch [77] Testing Class Recall: [0.957,0.885,0.761,0.743,0.481,0.247,0.635,0.296,0.187,0.169]
Epoch [78] Training Results: Prec@1 95.626 Prec@5 99.976 Loss 0.12719
Epoch [78] Training Class Recall: [0.952,0.968,0.893,0.911,0.939,0.952,0.973,0.989,0.992,0.993]
Epoch [78] Testing Results: Prec@1 61.000 Prec@5 94.990 Loss 1.92738
Epoch [78] Testing Class Recall: [0.907,0.936,0.636,0.572,0.774,0.720,0.527,0.487,0.308,0.233]
Epoch [79] Training Results: Prec@1 95.646 Prec@5 99.980 Loss 0.12830
Epoch [79] Training Class Recall: [0.952,0.969,0.904,0.900,0.943,0.955,0.973,0.984,0.992,0.993]
Epoch [79] Testing Results: Prec@1 62.250 Prec@5 94.380 Loss 1.74177
Epoch [79] Testing Class Recall: [0.928,0.949,0.786,0.544,0.685,0.633,0.433,0.416,0.458,0.393]
Epoch [80] Training Results: Prec@1 95.210 Prec@5 99.972 Loss 0.13981
Epoch [80] Training Class Recall: [0.947,0.965,0.890,0.904,0.936,0.949,0.967,0.981,0.989,0.993]
Epoch [80] Testing Results: Prec@1 53.160 Prec@5 93.130 Loss 2.73298
Epoch [80] Testing Class Recall: [0.962,0.804,0.848,0.385,0.531,0.432,0.476,0.616,0.111,0.151]
Epoch [81] Training Results: Prec@1 95.820 Prec@5 99.966 Loss 0.12108
Epoch [81] Training Class Recall: [0.952,0.970,0.896,0.919,0.943,0.958,0.974,0.986,0.991,0.991]
Epoch [81] Testing Results: Prec@1 57.740 Prec@5 94.450 Loss 2.15629
Epoch [81] Testing Class Recall: [0.920,0.990,0.698,0.683,0.640,0.539,0.505,0.465,0.252,0.082]
Epoch [82] Training Results: Prec@1 95.702 Prec@5 99.982 Loss 0.12442
Epoch [82] Training Class Recall: [0.958,0.969,0.897,0.909,0.943,0.951,0.976,0.983,0.992,0.993]
Epoch [82] Testing Results: Prec@1 61.550 Prec@5 94.590 Loss 1.91613
Epoch [82] Testing Class Recall: [0.907,0.979,0.783,0.575,0.614,0.530,0.547,0.427,0.650,0.143]
Epoch [83] Training Results: Prec@1 95.432 Prec@5 99.968 Loss 0.13226
Epoch [83] Training Class Recall: [0.952,0.967,0.896,0.904,0.940,0.948,0.975,0.981,0.989,0.992]
Epoch [83] Testing Results: Prec@1 64.380 Prec@5 95.640 Loss 1.72239
Epoch [83] Testing Class Recall: [0.914,0.938,0.757,0.725,0.635,0.640,0.607,0.468,0.405,0.349]
Epoch [84] Training Results: Prec@1 95.460 Prec@5 99.984 Loss 0.12967
Epoch [84] Training Class Recall: [0.951,0.969,0.892,0.911,0.935,0.951,0.969,0.984,0.992,0.993]
Epoch [84] Testing Results: Prec@1 62.290 Prec@5 94.550 Loss 1.85226
Epoch [84] Testing Class Recall: [0.960,0.941,0.698,0.731,0.673,0.408,0.404,0.519,0.519,0.376]
Epoch [85] Training Results: Prec@1 95.596 Prec@5 99.978 Loss 0.12839
Epoch [85] Training Class Recall: [0.950,0.966,0.897,0.906,0.945,0.953,0.975,0.985,0.991,0.991]
Epoch [85] Testing Results: Prec@1 59.130 Prec@5 93.390 Loss 2.41397
Epoch [85] Testing Class Recall: [0.785,0.993,0.746,0.446,0.483,0.565,0.779,0.359,0.672,0.085]
Epoch [86] Training Results: Prec@1 95.534 Prec@5 99.976 Loss 0.13200
Epoch [86] Training Class Recall: [0.954,0.973,0.891,0.909,0.940,0.946,0.974,0.981,0.993,0.992]
Epoch [86] Testing Results: Prec@1 59.070 Prec@5 94.110 Loss 2.15841
Epoch [86] Testing Class Recall: [0.926,0.982,0.525,0.607,0.700,0.671,0.595,0.600,0.142,0.159]
Epoch [87] Training Results: Prec@1 95.928 Prec@5 99.974 Loss 0.11902
Epoch [87] Training Class Recall: [0.955,0.973,0.899,0.919,0.946,0.955,0.976,0.986,0.990,0.994]
Epoch [87] Testing Results: Prec@1 62.890 Prec@5 94.690 Loss 1.85306
Epoch [87] Testing Class Recall: [0.933,0.890,0.734,0.699,0.636,0.539,0.586,0.644,0.470,0.158]
Epoch [88] Training Results: Prec@1 95.654 Prec@5 99.978 Loss 0.12710
Epoch [88] Training Class Recall: [0.949,0.968,0.893,0.914,0.941,0.955,0.976,0.986,0.990,0.992]
Epoch [88] Testing Results: Prec@1 59.790 Prec@5 94.120 Loss 2.22333
Epoch [88] Testing Class Recall: [0.966,0.962,0.642,0.535,0.562,0.602,0.835,0.454,0.140,0.281]
Epoch [89] Training Results: Prec@1 95.672 Prec@5 99.978 Loss 0.12515
Epoch [89] Training Class Recall: [0.952,0.971,0.895,0.911,0.944,0.956,0.971,0.986,0.990,0.992]
Epoch [89] Testing Results: Prec@1 60.140 Prec@5 91.840 Loss 2.24909
Epoch [89] Testing Class Recall: [0.865,0.951,0.718,0.730,0.638,0.528,0.708,0.481,0.281,0.114]
Epoch [90] Training Results: Prec@1 95.552 Prec@5 99.974 Loss 0.13047
Epoch [90] Training Class Recall: [0.953,0.966,0.891,0.912,0.943,0.950,0.972,0.983,0.993,0.992]
Epoch [90] Testing Results: Prec@1 61.740 Prec@5 94.950 Loss 1.92053
Epoch [90] Testing Class Recall: [0.889,0.976,0.668,0.518,0.497,0.711,0.581,0.539,0.309,0.486]
Epoch [91] Training Results: Prec@1 95.780 Prec@5 99.976 Loss 0.12279
Epoch [91] Training Class Recall: [0.954,0.969,0.901,0.914,0.941,0.956,0.973,0.985,0.993,0.992]
Epoch [91] Testing Results: Prec@1 63.280 Prec@5 95.410 Loss 1.83403
Epoch [91] Testing Class Recall: [0.954,0.973,0.453,0.498,0.759,0.584,0.763,0.676,0.275,0.393]
Epoch [92] Training Results: Prec@1 95.892 Prec@5 99.972 Loss 0.12089
Epoch [92] Training Class Recall: [0.954,0.974,0.901,0.914,0.945,0.958,0.978,0.982,0.990,0.994]
Epoch [92] Testing Results: Prec@1 66.780 Prec@5 95.840 Loss 1.53971
Epoch [92] Testing Class Recall: [0.904,0.936,0.731,0.394,0.521,0.624,0.854,0.770,0.407,0.537]
Epoch [93] Training Results: Prec@1 95.798 Prec@5 99.962 Loss 0.12312
Epoch [93] Training Class Recall: [0.954,0.972,0.902,0.915,0.944,0.954,0.972,0.985,0.989,0.993]
Epoch [93] Testing Results: Prec@1 66.230 Prec@5 96.220 Loss 1.55004
Epoch [93] Testing Class Recall: [0.872,0.942,0.811,0.685,0.608,0.559,0.445,0.483,0.751,0.467]
Epoch [94] Training Results: Prec@1 95.674 Prec@5 99.986 Loss 0.12372
Epoch [94] Training Class Recall: [0.952,0.971,0.895,0.913,0.943,0.952,0.974,0.983,0.991,0.993]
Epoch [94] Testing Results: Prec@1 63.660 Prec@5 94.550 Loss 1.80187
Epoch [94] Testing Class Recall: [0.924,0.973,0.779,0.644,0.690,0.445,0.674,0.423,0.513,0.301]
Epoch [95] Training Results: Prec@1 95.788 Prec@5 99.976 Loss 0.12315
Epoch [95] Training Class Recall: [0.952,0.968,0.899,0.918,0.946,0.959,0.972,0.981,0.990,0.993]
Epoch [95] Testing Results: Prec@1 64.580 Prec@5 94.650 Loss 1.71563
Epoch [95] Testing Class Recall: [0.859,0.910,0.758,0.655,0.727,0.707,0.491,0.270,0.528,0.553]
Epoch [96] Training Results: Prec@1 95.970 Prec@5 99.966 Loss 0.11949
Epoch [96] Training Class Recall: [0.954,0.972,0.900,0.916,0.944,0.958,0.979,0.987,0.992,0.995]
Epoch [96] Testing Results: Prec@1 58.740 Prec@5 93.780 Loss 2.09364
Epoch [96] Testing Class Recall: [0.948,0.925,0.722,0.746,0.543,0.360,0.290,0.555,0.469,0.316]
Epoch [97] Training Results: Prec@1 95.514 Prec@5 99.974 Loss 0.12824
Epoch [97] Training Class Recall: [0.948,0.970,0.892,0.908,0.939,0.951,0.975,0.986,0.990,0.993]
Epoch [97] Testing Results: Prec@1 49.020 Prec@5 94.020 Loss 3.16433
Epoch [97] Testing Class Recall: [0.988,0.693,0.642,0.762,0.466,0.427,0.269,0.446,0.078,0.131]
Epoch [98] Training Results: Prec@1 95.622 Prec@5 99.964 Loss 0.12727
Epoch [98] Training Class Recall: [0.952,0.967,0.896,0.913,0.943,0.951,0.974,0.983,0.990,0.993]
Epoch [98] Testing Results: Prec@1 66.340 Prec@5 95.480 Loss 1.59348
Epoch [98] Testing Class Recall: [0.915,0.916,0.721,0.659,0.665,0.598,0.732,0.360,0.538,0.530]
Epoch [99] Training Results: Prec@1 95.804 Prec@5 99.976 Loss 0.12370
Epoch [99] Training Class Recall: [0.952,0.972,0.901,0.912,0.949,0.955,0.975,0.981,0.992,0.991]
Epoch [99] Testing Results: Prec@1 61.790 Prec@5 95.440 Loss 1.79708
Epoch [99] Testing Class Recall: [0.919,0.958,0.847,0.607,0.679,0.475,0.552,0.627,0.200,0.315]
Epoch [100] Training Results: Prec@1 96.028 Prec@5 99.982 Loss 0.11816
Epoch [100] Training Class Recall: [0.952,0.970,0.903,0.924,0.949,0.958,0.975,0.987,0.991,0.994]
Epoch [100] Testing Results: Prec@1 61.130 Prec@5 94.620 Loss 1.93945
Epoch [100] Testing Class Recall: [0.928,0.927,0.828,0.609,0.754,0.393,0.544,0.382,0.346,0.402]
Epoch [101] Training Results: Prec@1 95.836 Prec@5 99.984 Loss 0.12177
Epoch [101] Training Class Recall: [0.955,0.974,0.898,0.913,0.946,0.955,0.974,0.982,0.993,0.993]
Epoch [101] Testing Results: Prec@1 66.150 Prec@5 96.190 Loss 1.64672
Epoch [101] Testing Class Recall: [0.935,0.952,0.606,0.519,0.728,0.691,0.726,0.611,0.604,0.243]
Epoch [102] Training Results: Prec@1 95.904 Prec@5 99.974 Loss 0.12148
Epoch [102] Training Class Recall: [0.954,0.971,0.901,0.917,0.947,0.955,0.976,0.986,0.991,0.992]
Epoch [102] Testing Results: Prec@1 65.660 Prec@5 95.640 Loss 1.54636
Epoch [102] Testing Class Recall: [0.878,0.976,0.823,0.435,0.786,0.557,0.669,0.526,0.397,0.519]
Epoch [103] Training Results: Prec@1 95.906 Prec@5 99.978 Loss 0.12345
Epoch [103] Training Class Recall: [0.957,0.968,0.903,0.920,0.944,0.953,0.977,0.983,0.991,0.994]
Epoch [103] Testing Results: Prec@1 59.570 Prec@5 95.050 Loss 2.10832
Epoch [103] Testing Class Recall: [0.947,0.943,0.693,0.230,0.487,0.868,0.650,0.682,0.286,0.171]
Epoch [104] Training Results: Prec@1 95.828 Prec@5 99.976 Loss 0.12285
Epoch [104] Training Class Recall: [0.956,0.972,0.900,0.913,0.949,0.954,0.972,0.982,0.992,0.994]
Epoch [104] Testing Results: Prec@1 56.960 Prec@5 93.590 Loss 2.62759
Epoch [104] Testing Class Recall: [0.962,0.982,0.657,0.529,0.534,0.565,0.698,0.582,0.039,0.148]
Epoch [105] Training Results: Prec@1 95.862 Prec@5 99.980 Loss 0.12115
Epoch [105] Training Class Recall: [0.952,0.970,0.906,0.918,0.945,0.952,0.977,0.984,0.991,0.991]
Epoch [105] Testing Results: Prec@1 55.420 Prec@5 93.470 Loss 2.50523
Epoch [105] Testing Class Recall: [0.963,0.970,0.743,0.533,0.525,0.605,0.557,0.428,0.129,0.089]
Epoch [106] Training Results: Prec@1 95.768 Prec@5 99.982 Loss 0.12389
Epoch [106] Training Class Recall: [0.956,0.970,0.896,0.916,0.942,0.953,0.974,0.985,0.993,0.992]
Epoch [106] Testing Results: Prec@1 65.400 Prec@5 95.800 Loss 1.66356
Epoch [106] Testing Class Recall: [0.889,0.947,0.677,0.719,0.780,0.587,0.575,0.568,0.440,0.358]
Epoch [107] Training Results: Prec@1 95.778 Prec@5 99.986 Loss 0.12214
Epoch [107] Training Class Recall: [0.956,0.969,0.900,0.907,0.947,0.953,0.977,0.985,0.991,0.992]
Epoch [107] Testing Results: Prec@1 63.020 Prec@5 94.410 Loss 1.83351
Epoch [107] Testing Class Recall: [0.955,0.890,0.705,0.684,0.800,0.380,0.639,0.346,0.425,0.478]
Epoch [108] Training Results: Prec@1 96.090 Prec@5 99.982 Loss 0.11539
Epoch [108] Training Class Recall: [0.956,0.970,0.908,0.926,0.947,0.958,0.974,0.984,0.991,0.995]
Epoch [108] Testing Results: Prec@1 55.710 Prec@5 92.130 Loss 2.56753
Epoch [108] Testing Class Recall: [0.967,0.947,0.749,0.600,0.640,0.321,0.736,0.298,0.281,0.032]
Epoch [109] Training Results: Prec@1 95.986 Prec@5 99.982 Loss 0.11837
Epoch [109] Training Class Recall: [0.958,0.972,0.903,0.919,0.946,0.956,0.975,0.985,0.992,0.993]
Epoch [109] Testing Results: Prec@1 62.000 Prec@5 95.170 Loss 2.01591
Epoch [109] Testing Class Recall: [0.906,0.988,0.792,0.636,0.494,0.442,0.710,0.593,0.321,0.318]
Epoch [110] Training Results: Prec@1 95.754 Prec@5 99.974 Loss 0.12187
Epoch [110] Training Class Recall: [0.950,0.969,0.896,0.917,0.947,0.956,0.974,0.984,0.989,0.994]
Epoch [110] Testing Results: Prec@1 64.100 Prec@5 95.590 Loss 1.79172
Epoch [110] Testing Class Recall: [0.892,0.977,0.629,0.533,0.425,0.541,0.853,0.762,0.394,0.404]
Epoch [111] Training Results: Prec@1 95.764 Prec@5 99.976 Loss 0.12246
Epoch [111] Training Class Recall: [0.956,0.971,0.899,0.913,0.943,0.952,0.970,0.986,0.992,0.993]
Epoch [111] Testing Results: Prec@1 64.950 Prec@5 94.620 Loss 1.78103
Epoch [111] Testing Class Recall: [0.921,0.833,0.626,0.494,0.808,0.714,0.511,0.588,0.206,0.794]
Epoch [112] Training Results: Prec@1 95.792 Prec@5 99.974 Loss 0.12108
Epoch [112] Training Class Recall: [0.954,0.968,0.897,0.918,0.948,0.949,0.975,0.986,0.990,0.994]
Epoch [112] Testing Results: Prec@1 57.420 Prec@5 92.860 Loss 2.45595
Epoch [112] Testing Class Recall: [0.964,0.949,0.751,0.612,0.781,0.404,0.571,0.362,0.198,0.150]
Epoch [113] Training Results: Prec@1 95.788 Prec@5 99.976 Loss 0.12239
Epoch [113] Training Class Recall: [0.954,0.968,0.898,0.916,0.948,0.951,0.975,0.983,0.993,0.993]
Epoch [113] Testing Results: Prec@1 64.410 Prec@5 95.210 Loss 1.71383
Epoch [113] Testing Class Recall: [0.873,0.946,0.763,0.808,0.705,0.267,0.512,0.468,0.496,0.603]
Epoch [114] Training Results: Prec@1 95.728 Prec@5 99.978 Loss 0.12631
Epoch [114] Training Class Recall: [0.950,0.968,0.896,0.917,0.947,0.954,0.975,0.983,0.991,0.992]
Epoch [114] Testing Results: Prec@1 55.850 Prec@5 92.840 Loss 2.35531
Epoch [114] Testing Class Recall: [0.946,0.976,0.785,0.567,0.742,0.311,0.428,0.346,0.363,0.121]
Epoch [115] Training Results: Prec@1 95.938 Prec@5 99.986 Loss 0.11722
Epoch [115] Training Class Recall: [0.955,0.971,0.905,0.917,0.946,0.959,0.974,0.982,0.989,0.995]
Epoch [115] Testing Results: Prec@1 55.990 Prec@5 94.530 Loss 2.47481
Epoch [115] Testing Class Recall: [0.972,0.947,0.784,0.362,0.681,0.506,0.583,0.518,0.136,0.110]
Epoch [116] Training Results: Prec@1 95.788 Prec@5 99.982 Loss 0.12248
Epoch [116] Training Class Recall: [0.953,0.968,0.904,0.914,0.947,0.947,0.976,0.984,0.990,0.994]
Epoch [116] Testing Results: Prec@1 63.880 Prec@5 95.820 Loss 1.71414
Epoch [116] Testing Class Recall: [0.906,0.980,0.753,0.621,0.658,0.471,0.637,0.611,0.372,0.379]
Epoch [117] Training Results: Prec@1 95.896 Prec@5 99.982 Loss 0.12060
Epoch [117] Training Class Recall: [0.956,0.968,0.897,0.918,0.949,0.958,0.975,0.982,0.993,0.993]
Epoch [117] Testing Results: Prec@1 66.530 Prec@5 94.650 Loss 1.56203
Epoch [117] Testing Class Recall: [0.836,0.941,0.773,0.719,0.741,0.451,0.770,0.533,0.328,0.561]
Epoch [118] Training Results: Prec@1 95.756 Prec@5 99.962 Loss 0.12577
Epoch [118] Training Class Recall: [0.953,0.969,0.896,0.919,0.944,0.952,0.975,0.982,0.994,0.991]
Epoch [118] Testing Results: Prec@1 60.940 Prec@5 94.350 Loss 2.09196
Epoch [118] Testing Class Recall: [0.803,0.955,0.817,0.481,0.543,0.820,0.489,0.625,0.357,0.204]
Epoch [119] Training Results: Prec@1 95.976 Prec@5 99.978 Loss 0.11747
Epoch [119] Training Class Recall: [0.955,0.972,0.901,0.920,0.947,0.955,0.975,0.986,0.991,0.995]
Epoch [119] Testing Results: Prec@1 57.780 Prec@5 92.780 Loss 2.22834
Epoch [119] Testing Class Recall: [0.944,0.935,0.770,0.590,0.656,0.559,0.549,0.542,0.089,0.144]
Epoch [120] Training Results: Prec@1 95.990 Prec@5 99.990 Loss 0.11573
Epoch [120] Training Class Recall: [0.957,0.971,0.902,0.923,0.945,0.957,0.974,0.987,0.992,0.991]
Epoch [120] Testing Results: Prec@1 62.930 Prec@5 94.510 Loss 1.85288
Epoch [120] Testing Class Recall: [0.907,0.980,0.679,0.727,0.717,0.606,0.570,0.404,0.386,0.317]
Epoch [121] Training Results: Prec@1 96.230 Prec@5 99.984 Loss 0.11068
Epoch [121] Training Class Recall: [0.960,0.973,0.906,0.925,0.949,0.960,0.976,0.987,0.993,0.994]
Epoch [121] Testing Results: Prec@1 65.530 Prec@5 96.240 Loss 1.66629
Epoch [121] Testing Class Recall: [0.841,0.938,0.902,0.533,0.628,0.600,0.507,0.525,0.544,0.535]
Epoch [122] Training Results: Prec@1 96.086 Prec@5 99.984 Loss 0.11467
Epoch [122] Training Class Recall: [0.956,0.971,0.908,0.922,0.949,0.960,0.975,0.983,0.991,0.992]
Epoch [122] Testing Results: Prec@1 67.290 Prec@5 96.200 Loss 1.53571
Epoch [122] Testing Class Recall: [0.869,0.943,0.668,0.599,0.668,0.698,0.658,0.649,0.409,0.568]
Epoch [123] Training Results: Prec@1 96.014 Prec@5 99.986 Loss 0.11567
Epoch [123] Training Class Recall: [0.952,0.972,0.907,0.918,0.947,0.958,0.977,0.985,0.991,0.994]
Epoch [123] Testing Results: Prec@1 64.730 Prec@5 94.940 Loss 1.83093
Epoch [123] Testing Class Recall: [0.960,0.871,0.721,0.389,0.653,0.291,0.697,0.825,0.565,0.501]
Epoch [124] Training Results: Prec@1 95.690 Prec@5 99.978 Loss 0.12516
Epoch [124] Training Class Recall: [0.952,0.969,0.897,0.916,0.943,0.952,0.975,0.983,0.990,0.993]
Epoch [124] Testing Results: Prec@1 63.130 Prec@5 95.950 Loss 1.80909
Epoch [124] Testing Class Recall: [0.740,0.979,0.724,0.810,0.359,0.581,0.504,0.555,0.682,0.379]
Epoch [125] Training Results: Prec@1 96.254 Prec@5 99.986 Loss 0.11168
Epoch [125] Training Class Recall: [0.959,0.969,0.909,0.927,0.955,0.960,0.975,0.988,0.991,0.993]
Epoch [125] Testing Results: Prec@1 58.720 Prec@5 95.060 Loss 2.20982
Epoch [125] Testing Class Recall: [0.925,0.984,0.605,0.662,0.639,0.578,0.441,0.761,0.119,0.158]
Epoch [126] Training Results: Prec@1 95.778 Prec@5 99.984 Loss 0.12209
Epoch [126] Training Class Recall: [0.957,0.972,0.897,0.912,0.941,0.952,0.976,0.984,0.992,0.993]
Epoch [126] Testing Results: Prec@1 60.160 Prec@5 93.360 Loss 2.19097
Epoch [126] Testing Class Recall: [0.878,0.968,0.607,0.680,0.709,0.423,0.894,0.325,0.306,0.226]
Epoch [127] Training Results: Prec@1 95.942 Prec@5 99.974 Loss 0.11946
Epoch [127] Training Class Recall: [0.953,0.967,0.903,0.918,0.948,0.957,0.976,0.984,0.992,0.995]
Epoch [127] Testing Results: Prec@1 55.860 Prec@5 93.200 Loss 2.49569
Epoch [127] Testing Class Recall: [0.943,0.973,0.835,0.499,0.665,0.499,0.576,0.168,0.251,0.177]
Epoch [128] Training Results: Prec@1 96.010 Prec@5 99.984 Loss 0.11691
Epoch [128] Training Class Recall: [0.952,0.974,0.902,0.920,0.950,0.956,0.975,0.986,0.991,0.995]
Epoch [128] Testing Results: Prec@1 61.050 Prec@5 94.400 Loss 1.95291
Epoch [128] Testing Class Recall: [0.961,0.935,0.725,0.467,0.665,0.568,0.652,0.411,0.177,0.544]
Epoch [129] Training Results: Prec@1 95.996 Prec@5 99.974 Loss 0.11864
Epoch [129] Training Class Recall: [0.957,0.971,0.906,0.920,0.954,0.953,0.972,0.982,0.992,0.993]
Epoch [129] Testing Results: Prec@1 58.840 Prec@5 95.420 Loss 1.95818
Epoch [129] Testing Class Recall: [0.976,0.911,0.542,0.543,0.643,0.667,0.595,0.428,0.245,0.334]
Epoch [130] Training Results: Prec@1 95.918 Prec@5 99.976 Loss 0.11849
Epoch [130] Training Class Recall: [0.952,0.970,0.904,0.918,0.946,0.956,0.976,0.986,0.993,0.991]
Epoch [130] Testing Results: Prec@1 59.860 Prec@5 94.440 Loss 2.21508
Epoch [130] Testing Class Recall: [0.932,0.917,0.766,0.689,0.595,0.601,0.600,0.493,0.141,0.252]
Epoch [131] Training Results: Prec@1 96.096 Prec@5 99.974 Loss 0.11606
Epoch [131] Training Class Recall: [0.960,0.971,0.904,0.921,0.950,0.961,0.975,0.982,0.993,0.994]
Epoch [131] Testing Results: Prec@1 60.250 Prec@5 94.350 Loss 2.21552
Epoch [131] Testing Class Recall: [0.930,0.979,0.765,0.775,0.544,0.382,0.682,0.413,0.417,0.138]
Epoch [132] Training Results: Prec@1 96.058 Prec@5 99.968 Loss 0.11851
Epoch [132] Training Class Recall: [0.955,0.972,0.909,0.922,0.947,0.956,0.976,0.984,0.994,0.993]
Epoch [132] Testing Results: Prec@1 53.670 Prec@5 93.410 Loss 2.78190
Epoch [132] Testing Class Recall: [0.909,0.988,0.855,0.501,0.487,0.444,0.443,0.395,0.276,0.069]
Epoch [133] Training Results: Prec@1 96.074 Prec@5 99.978 Loss 0.11501
Epoch [133] Training Class Recall: [0.956,0.973,0.904,0.925,0.948,0.958,0.975,0.985,0.991,0.992]
Epoch [133] Testing Results: Prec@1 61.870 Prec@5 94.360 Loss 1.83891
Epoch [133] Testing Class Recall: [0.887,0.963,0.727,0.729,0.620,0.564,0.503,0.353,0.682,0.159]
Epoch [134] Training Results: Prec@1 95.942 Prec@5 99.968 Loss 0.11865
Epoch [134] Training Class Recall: [0.953,0.971,0.909,0.915,0.948,0.957,0.973,0.983,0.991,0.994]
Epoch [134] Testing Results: Prec@1 53.700 Prec@5 92.190 Loss 2.85980
Epoch [134] Testing Class Recall: [0.916,0.905,0.878,0.496,0.685,0.456,0.461,0.299,0.166,0.108]
Epoch [135] Training Results: Prec@1 96.210 Prec@5 99.980 Loss 0.11146
Epoch [135] Training Class Recall: [0.958,0.971,0.909,0.924,0.954,0.960,0.978,0.984,0.990,0.994]
Epoch [135] Testing Results: Prec@1 59.690 Prec@5 95.250 Loss 1.95457
Epoch [135] Testing Class Recall: [0.968,0.905,0.798,0.679,0.552,0.270,0.564,0.552,0.402,0.279]
Epoch [136] Training Results: Prec@1 95.710 Prec@5 99.984 Loss 0.12135
Epoch [136] Training Class Recall: [0.955,0.967,0.899,0.917,0.938,0.955,0.974,0.985,0.990,0.990]
Epoch [136] Testing Results: Prec@1 63.020 Prec@5 94.840 Loss 1.82275
Epoch [136] Testing Class Recall: [0.884,0.974,0.845,0.512,0.617,0.522,0.710,0.594,0.431,0.213]
Epoch [137] Training Results: Prec@1 96.138 Prec@5 99.982 Loss 0.11278
Epoch [137] Training Class Recall: [0.956,0.972,0.905,0.923,0.952,0.959,0.977,0.987,0.991,0.991]
Epoch [137] Testing Results: Prec@1 54.770 Prec@5 94.320 Loss 2.21831
Epoch [137] Testing Class Recall: [0.975,0.959,0.690,0.718,0.420,0.256,0.366,0.569,0.255,0.269]
Epoch [138] Training Results: Prec@1 96.024 Prec@5 99.982 Loss 0.11685
Epoch [138] Training Class Recall: [0.955,0.971,0.904,0.920,0.950,0.958,0.975,0.985,0.991,0.992]
Epoch [138] Testing Results: Prec@1 62.520 Prec@5 95.600 Loss 1.72504
Epoch [138] Testing Class Recall: [0.960,0.918,0.761,0.666,0.636,0.389,0.673,0.508,0.502,0.239]
Epoch [139] Training Results: Prec@1 95.992 Prec@5 99.982 Loss 0.11728
Epoch [139] Training Class Recall: [0.959,0.972,0.899,0.920,0.948,0.957,0.975,0.982,0.992,0.995]
Epoch [139] Testing Results: Prec@1 60.050 Prec@5 93.230 Loss 2.13683
Epoch [139] Testing Class Recall: [0.912,0.836,0.813,0.660,0.749,0.407,0.559,0.461,0.448,0.160]
Epoch [140] Training Results: Prec@1 96.126 Prec@5 99.984 Loss 0.11492
Epoch [140] Training Class Recall: [0.956,0.971,0.907,0.930,0.948,0.958,0.975,0.985,0.992,0.992]
Epoch [140] Testing Results: Prec@1 61.630 Prec@5 95.250 Loss 1.71955
Epoch [140] Testing Class Recall: [0.971,0.879,0.697,0.609,0.647,0.562,0.541,0.633,0.387,0.237]
Epoch [141] Training Results: Prec@1 96.112 Prec@5 99.988 Loss 0.11461
Epoch [141] Training Class Recall: [0.955,0.973,0.907,0.917,0.950,0.957,0.978,0.987,0.994,0.993]
Epoch [141] Testing Results: Prec@1 69.230 Prec@5 97.020 Loss 1.39341
Epoch [141] Testing Class Recall: [0.877,0.976,0.696,0.657,0.550,0.545,0.761,0.757,0.581,0.523]
Epoch [142] Training Results: Prec@1 96.180 Prec@5 99.982 Loss 0.11276
Epoch [142] Training Class Recall: [0.958,0.971,0.910,0.922,0.954,0.956,0.975,0.986,0.993,0.994]
Epoch [142] Testing Results: Prec@1 59.470 Prec@5 94.260 Loss 2.10090
Epoch [142] Testing Class Recall: [0.937,0.955,0.824,0.637,0.624,0.559,0.569,0.406,0.198,0.238]
Epoch [143] Training Results: Prec@1 95.996 Prec@5 99.982 Loss 0.11792
Epoch [143] Training Class Recall: [0.957,0.973,0.905,0.915,0.949,0.953,0.979,0.983,0.993,0.993]
Epoch [143] Testing Results: Prec@1 57.570 Prec@5 94.190 Loss 2.18825
Epoch [143] Testing Class Recall: [0.882,0.994,0.746,0.614,0.535,0.232,0.594,0.469,0.346,0.345]
Epoch [144] Training Results: Prec@1 96.110 Prec@5 99.978 Loss 0.11419
Epoch [144] Training Class Recall: [0.958,0.972,0.904,0.923,0.948,0.961,0.975,0.986,0.990,0.995]
Epoch [144] Testing Results: Prec@1 61.250 Prec@5 95.370 Loss 1.96186
Epoch [144] Testing Class Recall: [0.924,0.966,0.742,0.605,0.495,0.723,0.530,0.530,0.246,0.364]
Epoch [145] Training Results: Prec@1 96.220 Prec@5 99.986 Loss 0.10955
Epoch [145] Training Class Recall: [0.954,0.971,0.909,0.925,0.954,0.960,0.978,0.987,0.992,0.992]
Epoch [145] Testing Results: Prec@1 61.890 Prec@5 94.860 Loss 1.97107
Epoch [145] Testing Class Recall: [0.875,0.993,0.739,0.571,0.592,0.491,0.713,0.621,0.386,0.208]
Epoch [146] Training Results: Prec@1 95.982 Prec@5 99.980 Loss 0.11830
Epoch [146] Training Class Recall: [0.959,0.973,0.908,0.917,0.946,0.951,0.973,0.985,0.994,0.991]
Epoch [146] Testing Results: Prec@1 60.780 Prec@5 94.580 Loss 1.96230
Epoch [146] Testing Class Recall: [0.950,0.959,0.797,0.512,0.527,0.584,0.421,0.468,0.319,0.541]
Epoch [147] Training Results: Prec@1 96.172 Prec@5 99.972 Loss 0.11276
Epoch [147] Training Class Recall: [0.956,0.971,0.906,0.922,0.950,0.961,0.979,0.985,0.993,0.994]
Epoch [147] Testing Results: Prec@1 62.910 Prec@5 94.060 Loss 1.76388
Epoch [147] Testing Class Recall: [0.939,0.937,0.782,0.658,0.785,0.386,0.637,0.473,0.293,0.401]
Epoch [148] Training Results: Prec@1 96.208 Prec@5 99.982 Loss 0.11175
Epoch [148] Training Class Recall: [0.958,0.969,0.914,0.925,0.952,0.959,0.979,0.983,0.990,0.992]
Epoch [148] Testing Results: Prec@1 60.140 Prec@5 93.880 Loss 2.02206
Epoch [148] Testing Class Recall: [0.969,0.878,0.690,0.642,0.707,0.502,0.547,0.471,0.088,0.520]
Epoch [149] Training Results: Prec@1 96.298 Prec@5 99.984 Loss 0.11011
Epoch [149] Training Class Recall: [0.960,0.973,0.911,0.923,0.951,0.960,0.976,0.985,0.995,0.994]
Epoch [149] Testing Results: Prec@1 59.220 Prec@5 94.600 Loss 2.19268
Epoch [149] Testing Class Recall: [0.846,0.996,0.832,0.416,0.509,0.498,0.754,0.580,0.293,0.198]
Epoch [150] Training Results: Prec@1 96.096 Prec@5 99.980 Loss 0.11423
Epoch [150] Training Class Recall: [0.954,0.972,0.906,0.921,0.952,0.957,0.978,0.984,0.991,0.993]
Epoch [150] Testing Results: Prec@1 61.420 Prec@5 94.380 Loss 1.95727
Epoch [150] Testing Class Recall: [0.932,0.980,0.814,0.526,0.801,0.370,0.655,0.450,0.372,0.242]
Epoch [151] Training Results: Prec@1 96.188 Prec@5 99.992 Loss 0.11189
Epoch [151] Training Class Recall: [0.958,0.974,0.909,0.923,0.952,0.956,0.977,0.987,0.992,0.992]
Epoch [151] Testing Results: Prec@1 64.970 Prec@5 95.670 Loss 1.63238
Epoch [151] Testing Class Recall: [0.934,0.916,0.738,0.686,0.581,0.537,0.774,0.547,0.497,0.287]
Epoch [152] Training Results: Prec@1 96.220 Prec@5 99.984 Loss 0.11205
Epoch [152] Training Class Recall: [0.955,0.971,0.910,0.927,0.948,0.961,0.976,0.987,0.993,0.994]
Epoch [152] Testing Results: Prec@1 62.180 Prec@5 94.700 Loss 1.95189
Epoch [152] Testing Class Recall: [0.886,0.984,0.887,0.452,0.585,0.484,0.716,0.525,0.522,0.177]
Epoch [153] Training Results: Prec@1 95.984 Prec@5 99.976 Loss 0.11692
Epoch [153] Training Class Recall: [0.953,0.973,0.905,0.923,0.948,0.952,0.977,0.984,0.991,0.993]
Epoch [153] Testing Results: Prec@1 55.870 Prec@5 95.110 Loss 2.59339
Epoch [153] Testing Class Recall: [0.956,0.953,0.868,0.437,0.356,0.411,0.653,0.517,0.117,0.319]
Epoch [154] Training Results: Prec@1 96.262 Prec@5 99.986 Loss 0.11043
Epoch [154] Training Class Recall: [0.957,0.974,0.911,0.923,0.946,0.960,0.980,0.986,0.994,0.994]
Epoch [154] Testing Results: Prec@1 61.770 Prec@5 95.370 Loss 1.94697
Epoch [154] Testing Class Recall: [0.974,0.960,0.659,0.671,0.499,0.619,0.652,0.518,0.203,0.422]
Epoch [155] Training Results: Prec@1 95.944 Prec@5 99.980 Loss 0.11963
Epoch [155] Training Class Recall: [0.958,0.969,0.908,0.917,0.950,0.962,0.971,0.983,0.988,0.990]
Epoch [155] Testing Results: Prec@1 65.580 Prec@5 96.030 Loss 1.62870
Epoch [155] Testing Class Recall: [0.881,0.973,0.710,0.679,0.517,0.726,0.627,0.493,0.450,0.502]
Epoch [156] Training Results: Prec@1 96.132 Prec@5 99.980 Loss 0.11151
Epoch [156] Training Class Recall: [0.956,0.974,0.908,0.922,0.947,0.958,0.975,0.986,0.992,0.994]
Epoch [156] Testing Results: Prec@1 54.930 Prec@5 92.940 Loss 2.55234
Epoch [156] Testing Class Recall: [0.961,0.977,0.730,0.715,0.443,0.485,0.314,0.512,0.269,0.087]
Epoch [157] Training Results: Prec@1 96.192 Prec@5 99.982 Loss 0.10884
Epoch [157] Training Class Recall: [0.954,0.970,0.910,0.924,0.951,0.960,0.978,0.988,0.991,0.993]
Epoch [157] Testing Results: Prec@1 51.780 Prec@5 92.320 Loss 2.86343
Epoch [157] Testing Class Recall: [0.975,0.977,0.546,0.509,0.665,0.393,0.343,0.449,0.039,0.282]
Epoch [158] Training Results: Prec@1 95.964 Prec@5 99.970 Loss 0.11744
Epoch [158] Training Class Recall: [0.955,0.972,0.900,0.921,0.950,0.954,0.976,0.983,0.993,0.992]
Epoch [158] Testing Results: Prec@1 54.690 Prec@5 93.320 Loss 2.55503
Epoch [158] Testing Class Recall: [0.912,0.972,0.907,0.459,0.613,0.322,0.596,0.293,0.299,0.096]
Epoch [159] Training Results: Prec@1 96.138 Prec@5 99.984 Loss 0.11317
Epoch [159] Training Class Recall: [0.960,0.971,0.907,0.919,0.948,0.957,0.978,0.987,0.992,0.993]
Epoch [159] Testing Results: Prec@1 61.760 Prec@5 94.260 Loss 1.91730
Epoch [159] Testing Class Recall: [0.901,0.975,0.761,0.711,0.772,0.328,0.350,0.478,0.469,0.431]
Epoch [160] Training Results: Prec@1 97.516 Prec@5 99.988 Loss 0.07454
Epoch [160] Training Class Recall: [0.960,0.984,0.941,0.959,0.970,0.962,0.991,0.989,0.997,0.999]
Epoch [160] Testing Results: Prec@1 64.680 Prec@5 95.530 Loss 1.77243
Epoch [160] Testing Class Recall: [0.950,0.981,0.799,0.681,0.683,0.530,0.655,0.525,0.364,0.300]
Epoch [161] Training Results: Prec@1 98.290 Prec@5 99.992 Loss 0.05502
Epoch [161] Training Class Recall: [0.975,0.988,0.953,0.967,0.978,0.985,0.994,0.995,0.997,0.999]
Epoch [161] Testing Results: Prec@1 64.530 Prec@5 95.600 Loss 1.77048
Epoch [161] Testing Class Recall: [0.955,0.974,0.802,0.687,0.679,0.501,0.631,0.550,0.355,0.319]
Epoch [162] Training Results: Prec@1 98.540 Prec@5 99.994 Loss 0.04751
Epoch [162] Training Class Recall: [0.979,0.988,0.954,0.974,0.982,0.987,0.993,0.998,0.999,0.999]
Epoch [162] Testing Results: Prec@1 65.580 Prec@5 95.840 Loss 1.73367
Epoch [162] Testing Class Recall: [0.951,0.980,0.811,0.688,0.685,0.544,0.656,0.550,0.421,0.272]
Epoch [163] Training Results: Prec@1 98.718 Prec@5 99.994 Loss 0.04215
Epoch [163] Training Class Recall: [0.980,0.988,0.962,0.973,0.985,0.992,0.996,0.997,0.999,1.000]
Epoch [163] Testing Results: Prec@1 64.270 Prec@5 95.610 Loss 1.84561
Epoch [163] Testing Class Recall: [0.955,0.980,0.808,0.710,0.675,0.508,0.637,0.533,0.372,0.249]
Epoch [164] Training Results: Prec@1 98.820 Prec@5 99.994 Loss 0.03868
Epoch [164] Training Class Recall: [0.982,0.992,0.963,0.977,0.984,0.991,0.995,0.998,0.999,1.000]
Epoch [164] Testing Results: Prec@1 64.940 Prec@5 95.600 Loss 1.79628
Epoch [164] Testing Class Recall: [0.969,0.975,0.808,0.697,0.694,0.526,0.646,0.547,0.354,0.278]
Epoch [165] Training Results: Prec@1 98.952 Prec@5 99.994 Loss 0.03577
Epoch [165] Training Class Recall: [0.985,0.992,0.966,0.979,0.988,0.992,0.997,0.998,0.999,1.000]
Epoch [165] Testing Results: Prec@1 64.450 Prec@5 95.540 Loss 1.85790
Epoch [165] Testing Class Recall: [0.966,0.979,0.805,0.704,0.709,0.534,0.641,0.515,0.352,0.240]
Epoch [166] Training Results: Prec@1 99.038 Prec@5 99.994 Loss 0.03373
Epoch [166] Training Class Recall: [0.986,0.991,0.971,0.983,0.989,0.993,0.996,0.997,0.998,0.999]
Epoch [166] Testing Results: Prec@1 63.680 Prec@5 95.370 Loss 1.91897
Epoch [166] Testing Class Recall: [0.966,0.978,0.809,0.716,0.706,0.504,0.610,0.533,0.301,0.245]
Epoch [167] Training Results: Prec@1 99.090 Prec@5 99.996 Loss 0.03191
Epoch [167] Training Class Recall: [0.987,0.990,0.970,0.985,0.989,0.995,0.997,0.998,0.999,0.999]
Epoch [167] Testing Results: Prec@1 64.200 Prec@5 95.530 Loss 1.87275
Epoch [167] Testing Class Recall: [0.964,0.978,0.814,0.710,0.696,0.525,0.615,0.549,0.322,0.247]
Epoch [168] Training Results: Prec@1 99.122 Prec@5 99.998 Loss 0.03058
Epoch [168] Training Class Recall: [0.986,0.991,0.971,0.985,0.991,0.992,0.998,0.999,0.999,1.000]
Epoch [168] Testing Results: Prec@1 64.020 Prec@5 95.380 Loss 1.90785
Epoch [168] Testing Class Recall: [0.965,0.978,0.818,0.705,0.713,0.536,0.611,0.522,0.302,0.252]
Epoch [169] Training Results: Prec@1 99.092 Prec@5 99.996 Loss 0.03115
Epoch [169] Training Class Recall: [0.987,0.991,0.971,0.985,0.989,0.994,0.996,0.998,0.999,1.000]
Epoch [169] Testing Results: Prec@1 64.520 Prec@5 95.490 Loss 1.89670
Epoch [169] Testing Class Recall: [0.964,0.980,0.821,0.710,0.718,0.536,0.616,0.547,0.332,0.228]
Epoch [170] Training Results: Prec@1 99.224 Prec@5 99.994 Loss 0.02783
Epoch [170] Training Class Recall: [0.987,0.994,0.975,0.986,0.991,0.995,0.998,0.998,0.999,1.000]
Epoch [170] Testing Results: Prec@1 65.100 Prec@5 95.640 Loss 1.82389
Epoch [170] Testing Class Recall: [0.965,0.975,0.826,0.708,0.716,0.541,0.596,0.577,0.342,0.264]
Epoch [171] Training Results: Prec@1 99.232 Prec@5 99.998 Loss 0.02783
Epoch [171] Training Class Recall: [0.988,0.994,0.973,0.988,0.992,0.993,0.998,0.999,0.999,1.000]
Epoch [171] Testing Results: Prec@1 64.480 Prec@5 95.510 Loss 1.90229
Epoch [171] Testing Class Recall: [0.964,0.981,0.815,0.712,0.720,0.536,0.636,0.531,0.319,0.234]
Epoch [172] Training Results: Prec@1 99.250 Prec@5 99.994 Loss 0.02600
Epoch [172] Training Class Recall: [0.988,0.993,0.974,0.988,0.991,0.994,0.998,0.999,1.000,1.000]
Epoch [172] Testing Results: Prec@1 64.610 Prec@5 95.580 Loss 1.88624
Epoch [172] Testing Class Recall: [0.962,0.978,0.828,0.714,0.722,0.550,0.603,0.534,0.340,0.230]
Epoch [173] Training Results: Prec@1 99.276 Prec@5 99.998 Loss 0.02554
Epoch [173] Training Class Recall: [0.987,0.995,0.976,0.987,0.992,0.996,0.998,0.998,1.000,0.999]
Epoch [173] Testing Results: Prec@1 64.690 Prec@5 95.620 Loss 1.85595
Epoch [173] Testing Class Recall: [0.964,0.979,0.818,0.718,0.716,0.522,0.618,0.539,0.319,0.276]
Epoch [174] Training Results: Prec@1 99.286 Prec@5 99.998 Loss 0.02588
Epoch [174] Training Class Recall: [0.987,0.992,0.976,0.990,0.992,0.996,0.998,0.999,0.999,0.999]
Epoch [174] Testing Results: Prec@1 65.140 Prec@5 95.690 Loss 1.83466
Epoch [174] Testing Class Recall: [0.965,0.978,0.820,0.711,0.719,0.533,0.620,0.559,0.353,0.256]
Epoch [175] Training Results: Prec@1 99.290 Prec@5 99.994 Loss 0.02487
Epoch [175] Training Class Recall: [0.989,0.993,0.976,0.989,0.992,0.995,0.998,0.999,0.998,1.000]
Epoch [175] Testing Results: Prec@1 64.920 Prec@5 95.610 Loss 1.88663
Epoch [175] Testing Class Recall: [0.964,0.981,0.820,0.714,0.728,0.531,0.623,0.532,0.360,0.239]
Epoch [176] Training Results: Prec@1 99.362 Prec@5 100.000 Loss 0.02407
Epoch [176] Training Class Recall: [0.990,0.994,0.981,0.990,0.993,0.994,0.998,0.999,0.999,0.999]
Epoch [176] Testing Results: Prec@1 65.300 Prec@5 95.710 Loss 1.87632
Epoch [176] Testing Class Recall: [0.962,0.980,0.820,0.717,0.713,0.552,0.659,0.535,0.355,0.237]
Epoch [177] Training Results: Prec@1 99.428 Prec@5 99.996 Loss 0.02216
Epoch [177] Training Class Recall: [0.991,0.995,0.980,0.989,0.996,0.995,0.998,1.000,0.999,1.000]
Epoch [177] Testing Results: Prec@1 65.010 Prec@5 95.680 Loss 1.88672
Epoch [177] Testing Class Recall: [0.966,0.982,0.817,0.712,0.717,0.524,0.644,0.546,0.339,0.254]
Epoch [178] Training Results: Prec@1 99.352 Prec@5 99.994 Loss 0.02313
Epoch [178] Training Class Recall: [0.988,0.993,0.981,0.988,0.994,0.995,0.999,0.998,0.999,1.000]
Epoch [178] Testing Results: Prec@1 64.710 Prec@5 95.670 Loss 1.91461
Epoch [178] Testing Class Recall: [0.964,0.979,0.833,0.688,0.712,0.525,0.648,0.550,0.325,0.247]
Epoch [179] Training Results: Prec@1 99.394 Prec@5 99.996 Loss 0.02218
Epoch [179] Training Class Recall: [0.989,0.995,0.982,0.988,0.994,0.996,0.999,0.999,0.999,1.000]
Epoch [179] Testing Results: Prec@1 65.360 Prec@5 95.710 Loss 1.84633
Epoch [179] Testing Class Recall: [0.961,0.983,0.823,0.722,0.724,0.551,0.640,0.532,0.332,0.268]
Epoch [180] Training Results: Prec@1 99.384 Prec@5 99.998 Loss 0.02212
Epoch [180] Training Class Recall: [0.991,0.995,0.979,0.989,0.993,0.995,0.997,0.999,0.999,1.000]
Epoch [180] Testing Results: Prec@1 64.620 Prec@5 95.630 Loss 1.92114
Epoch [180] Testing Class Recall: [0.963,0.981,0.835,0.713,0.704,0.535,0.618,0.538,0.319,0.256]
Epoch [181] Training Results: Prec@1 99.412 Prec@5 99.994 Loss 0.02221
Epoch [181] Training Class Recall: [0.990,0.995,0.980,0.992,0.993,0.996,0.998,0.999,0.999,1.000]
Epoch [181] Testing Results: Prec@1 64.090 Prec@5 95.540 Loss 1.96909
Epoch [181] Testing Class Recall: [0.966,0.978,0.822,0.715,0.720,0.536,0.612,0.522,0.313,0.225]
Epoch [182] Training Results: Prec@1 99.446 Prec@5 99.996 Loss 0.02122
Epoch [182] Training Class Recall: [0.991,0.993,0.979,0.992,0.995,0.996,0.999,1.000,0.999,1.000]
Epoch [182] Testing Results: Prec@1 64.560 Prec@5 95.630 Loss 1.93810
Epoch [182] Testing Class Recall: [0.964,0.983,0.833,0.713,0.724,0.527,0.627,0.527,0.318,0.240]
Epoch [183] Training Results: Prec@1 99.422 Prec@5 99.998 Loss 0.02139
Epoch [183] Training Class Recall: [0.990,0.995,0.983,0.987,0.993,0.997,0.999,0.999,0.999,1.000]
Epoch [183] Testing Results: Prec@1 65.230 Prec@5 95.850 Loss 1.85914
Epoch [183] Testing Class Recall: [0.966,0.981,0.812,0.714,0.721,0.543,0.627,0.568,0.335,0.256]
Epoch [184] Training Results: Prec@1 99.394 Prec@5 99.992 Loss 0.02196
Epoch [184] Training Class Recall: [0.989,0.995,0.979,0.990,0.994,0.996,0.999,0.999,0.999,0.999]
Epoch [184] Testing Results: Prec@1 65.340 Prec@5 95.760 Loss 1.86890
Epoch [184] Testing Class Recall: [0.961,0.983,0.834,0.711,0.712,0.546,0.627,0.538,0.366,0.256]
Epoch [185] Training Results: Prec@1 99.406 Prec@5 99.998 Loss 0.02177
Epoch [185] Training Class Recall: [0.989,0.996,0.977,0.991,0.995,0.997,0.999,0.999,1.000,1.000]
Epoch [185] Testing Results: Prec@1 64.360 Prec@5 95.730 Loss 1.92333
Epoch [185] Testing Class Recall: [0.968,0.981,0.807,0.717,0.704,0.522,0.599,0.554,0.343,0.241]
Epoch [186] Training Results: Prec@1 99.390 Prec@5 99.996 Loss 0.02234
Epoch [186] Training Class Recall: [0.989,0.994,0.979,0.990,0.993,0.997,0.999,0.999,0.999,1.000]
Epoch [186] Testing Results: Prec@1 64.170 Prec@5 95.570 Loss 1.96387
Epoch [186] Testing Class Recall: [0.967,0.981,0.817,0.717,0.712,0.548,0.607,0.548,0.296,0.224]
Epoch [187] Training Results: Prec@1 99.382 Prec@5 99.996 Loss 0.02213
Epoch [187] Training Class Recall: [0.991,0.994,0.977,0.992,0.994,0.995,0.998,0.999,0.999,1.000]
Epoch [187] Testing Results: Prec@1 64.990 Prec@5 95.800 Loss 1.87964
Epoch [187] Testing Class Recall: [0.965,0.976,0.819,0.717,0.722,0.537,0.634,0.539,0.348,0.242]
Epoch [188] Training Results: Prec@1 99.454 Prec@5 99.998 Loss 0.02108
Epoch [188] Training Class Recall: [0.989,0.996,0.983,0.990,0.995,0.995,0.998,0.999,1.000,1.000]
Epoch [188] Testing Results: Prec@1 64.150 Prec@5 95.660 Loss 1.95629
Epoch [188] Testing Class Recall: [0.966,0.979,0.819,0.719,0.714,0.523,0.599,0.542,0.312,0.242]
Epoch [189] Training Results: Prec@1 99.412 Prec@5 99.998 Loss 0.02142
Epoch [189] Training Class Recall: [0.990,0.995,0.981,0.991,0.994,0.996,0.998,0.998,0.999,1.000]
Epoch [189] Testing Results: Prec@1 65.510 Prec@5 95.710 Loss 1.85063
Epoch [189] Testing Class Recall: [0.963,0.983,0.823,0.715,0.729,0.553,0.644,0.548,0.335,0.258]
Epoch [190] Training Results: Prec@1 99.398 Prec@5 99.994 Loss 0.02211
Epoch [190] Training Class Recall: [0.990,0.995,0.977,0.990,0.994,0.996,0.998,0.999,1.000,1.000]
Epoch [190] Testing Results: Prec@1 64.510 Prec@5 95.620 Loss 1.94452
Epoch [190] Testing Class Recall: [0.963,0.981,0.830,0.703,0.718,0.539,0.614,0.531,0.332,0.240]
Epoch [191] Training Results: Prec@1 99.386 Prec@5 99.994 Loss 0.02124
Epoch [191] Training Class Recall: [0.989,0.994,0.980,0.990,0.993,0.996,0.998,0.999,0.999,1.000]
Epoch [191] Testing Results: Prec@1 64.520 Prec@5 95.630 Loss 1.92849
Epoch [191] Testing Class Recall: [0.966,0.981,0.820,0.710,0.712,0.532,0.629,0.542,0.325,0.235]
Epoch [192] Training Results: Prec@1 99.410 Prec@5 99.994 Loss 0.02098
Epoch [192] Training Class Recall: [0.990,0.995,0.981,0.988,0.995,0.997,0.998,0.998,0.999,1.000]
Epoch [192] Testing Results: Prec@1 64.250 Prec@5 95.580 Loss 1.94715
Epoch [192] Testing Class Recall: [0.965,0.981,0.820,0.715,0.714,0.531,0.617,0.533,0.311,0.238]
Epoch [193] Training Results: Prec@1 99.418 Prec@5 99.998 Loss 0.02179
Epoch [193] Training Class Recall: [0.990,0.994,0.980,0.991,0.995,0.995,0.998,1.000,1.000,1.000]
Epoch [193] Testing Results: Prec@1 64.960 Prec@5 95.700 Loss 1.89266
Epoch [193] Testing Class Recall: [0.967,0.981,0.814,0.712,0.712,0.533,0.647,0.551,0.324,0.255]
Epoch [194] Training Results: Prec@1 99.308 Prec@5 99.998 Loss 0.02332
Epoch [194] Training Class Recall: [0.989,0.993,0.977,0.989,0.993,0.995,0.997,0.999,1.000,1.000]
Epoch [194] Testing Results: Prec@1 64.520 Prec@5 95.600 Loss 1.92835
Epoch [194] Testing Class Recall: [0.965,0.977,0.822,0.717,0.710,0.534,0.631,0.522,0.320,0.254]
Epoch [195] Training Results: Prec@1 99.404 Prec@5 99.998 Loss 0.02146
Epoch [195] Training Class Recall: [0.991,0.994,0.980,0.989,0.993,0.997,0.998,0.999,0.999,1.000]
Epoch [195] Testing Results: Prec@1 64.090 Prec@5 95.540 Loss 1.97559
Epoch [195] Testing Class Recall: [0.969,0.979,0.821,0.713,0.706,0.509,0.628,0.531,0.313,0.240]
Epoch [196] Training Results: Prec@1 99.432 Prec@5 99.994 Loss 0.02154
Epoch [196] Training Class Recall: [0.990,0.993,0.981,0.991,0.996,0.996,0.999,0.998,0.999,1.000]
Epoch [196] Testing Results: Prec@1 65.210 Prec@5 95.730 Loss 1.87542
Epoch [196] Testing Class Recall: [0.963,0.980,0.824,0.715,0.728,0.526,0.637,0.557,0.329,0.262]
Epoch [197] Training Results: Prec@1 99.410 Prec@5 99.998 Loss 0.02184
Epoch [197] Training Class Recall: [0.991,0.995,0.981,0.989,0.993,0.995,0.998,0.999,0.999,1.000]
Epoch [197] Testing Results: Prec@1 63.940 Prec@5 95.570 Loss 1.99404
Epoch [197] Testing Class Recall: [0.966,0.982,0.822,0.717,0.725,0.521,0.608,0.549,0.313,0.191]
Epoch [198] Training Results: Prec@1 99.468 Prec@5 99.994 Loss 0.02134
Epoch [198] Training Class Recall: [0.992,0.995,0.983,0.991,0.993,0.996,0.999,0.999,0.999,1.000]
Epoch [198] Testing Results: Prec@1 65.190 Prec@5 95.770 Loss 1.87796
Epoch [198] Testing Class Recall: [0.962,0.979,0.834,0.704,0.724,0.542,0.634,0.547,0.350,0.243]
Epoch [199] Training Results: Prec@1 99.426 Prec@5 99.996 Loss 0.02195
Epoch [199] Training Class Recall: [0.988,0.995,0.980,0.992,0.995,0.997,0.997,1.000,0.999,1.000]
Epoch [199] Testing Results: Prec@1 64.830 Prec@5 95.730 Loss 1.90643
Epoch [199] Testing Class Recall: [0.963,0.981,0.826,0.719,0.717,0.525,0.628,0.548,0.325,0.251]
