Log file: cifar10_lava0.5_selection_randomoversampling_exp0.01_seed42_20260502_130404.log
Run started: 2026-05-02 13:04:04.747922
Dataset: cifar10
Imbalance type: exp, factor: 0.01
Selection method: lava, ratio: 0.5
Strategy: Selection_RandomOversampling, epochs: 200
Seed: 42, rand_number: 0
Augmentation: weak
Noise ratio: 0.25
============================================================

=> Preparing logger and tensorboard writer !
----------------------------------------------------
Class ID   | Original   | Selected   | Keep %  
----------------------------------------------------
0          | 3977       | 1507       |    37.9%
1          | 2507       | 347        |    13.8%
2          | 1609       | 1429       |    88.8%
3          | 1118       | 953        |    85.2%
4          | 825        | 632        |    76.6%
5          | 636        | 437        |    68.7%
6          | 509        | 300        |    58.9%
7          | 479        | 278        |    58.0%
8          | 391        | 180        |    46.0%
9          | 355        | 140        |    39.4%
----------------------------------------------------
TOTAL      | 12406      | 6203       |    50.0%
----------------------------------------------------
Epoch [0] Training Results: Prec@1 23.733 Prec@5 71.315             Loss 2.11634
Epoch [0] Training Class Recall: [0.437,0.573,0.144,0.192,0.275,0.146,0.204,0.141,0.151,0.109]
Epoch [0] Testing Results: Prec@1 35.230 Prec@5 83.750             Loss 1.78803
Epoch [0] Testing Class Recall: [0.606,0.553,0.115,0.014,0.563,0.504,0.182,0.176,0.295,0.515]
Epoch [1] Training Results: Prec@1 32.147 Prec@5 78.440             Loss 1.93883
Epoch [1] Training Class Recall: [0.486,0.677,0.237,0.270,0.292,0.271,0.329,0.212,0.233,0.207]
Epoch [1] Testing Results: Prec@1 32.510 Prec@5 86.870             Loss 1.80034
Epoch [1] Testing Class Recall: [0.467,0.488,0.112,0.225,0.275,0.113,0.455,0.287,0.152,0.677]
Epoch [2] Training Results: Prec@1 39.307 Prec@5 83.985             Loss 1.76067
Epoch [2] Training Class Recall: [0.523,0.711,0.315,0.298,0.362,0.308,0.395,0.289,0.335,0.395]
Epoch [2] Testing Results: Prec@1 37.230 Prec@5 86.110             Loss 1.91575
Epoch [2] Testing Class Recall: [0.248,0.547,0.240,0.253,0.607,0.274,0.254,0.348,0.439,0.513]
Epoch [3] Training Results: Prec@1 46.417 Prec@5 87.897             Loss 1.57590
Epoch [3] Training Class Recall: [0.561,0.755,0.365,0.301,0.391,0.366,0.441,0.370,0.466,0.625]
Epoch [3] Testing Results: Prec@1 33.990 Prec@5 84.000             Loss 2.25145
Epoch [3] Testing Class Recall: [0.635,0.130,0.295,0.098,0.344,0.389,0.273,0.315,0.090,0.830]
Epoch [4] Training Results: Prec@1 52.770 Prec@5 91.225             Loss 1.39753
Epoch [4] Training Class Recall: [0.572,0.792,0.398,0.332,0.448,0.401,0.494,0.455,0.636,0.749]
Epoch [4] Testing Results: Prec@1 38.400 Prec@5 78.420             Loss 2.79280
Epoch [4] Testing Class Recall: [0.687,0.776,0.254,0.054,0.289,0.521,0.897,0.296,0.053,0.013]
Epoch [5] Training Results: Prec@1 60.462 Prec@5 94.335             Loss 1.17475
Epoch [5] Training Class Recall: [0.598,0.835,0.463,0.370,0.503,0.482,0.571,0.572,0.780,0.873]
Epoch [5] Testing Results: Prec@1 38.910 Prec@5 82.980             Loss 2.52035
Epoch [5] Testing Class Recall: [0.446,0.859,0.121,0.240,0.648,0.349,0.326,0.660,0.169,0.073]
Epoch [6] Training Results: Prec@1 65.152 Prec@5 95.860             Loss 1.02744
Epoch [6] Training Class Recall: [0.618,0.851,0.499,0.411,0.554,0.525,0.655,0.660,0.845,0.897]
Epoch [6] Testing Results: Prec@1 43.950 Prec@5 83.780             Loss 2.30753
Epoch [6] Testing Class Recall: [0.532,0.792,0.520,0.418,0.493,0.337,0.365,0.227,0.598,0.113]
Epoch [7] Training Results: Prec@1 70.472 Prec@5 97.295             Loss 0.87663
Epoch [7] Training Class Recall: [0.644,0.880,0.539,0.452,0.608,0.613,0.742,0.751,0.897,0.920]
Epoch [7] Testing Results: Prec@1 42.430 Prec@5 85.700             Loss 2.57434
Epoch [7] Testing Class Recall: [0.471,0.812,0.381,0.275,0.231,0.290,0.554,0.547,0.425,0.257]
Epoch [8] Training Results: Prec@1 73.825 Prec@5 98.087             Loss 0.77963
Epoch [8] Training Class Recall: [0.647,0.891,0.572,0.532,0.650,0.668,0.781,0.804,0.904,0.932]
Epoch [8] Testing Results: Prec@1 39.960 Prec@5 81.160             Loss 2.45831
Epoch [8] Testing Class Recall: [0.659,0.492,0.613,0.572,0.305,0.330,0.193,0.205,0.310,0.317]
Epoch [9] Training Results: Prec@1 76.747 Prec@5 98.515             Loss 0.69351
Epoch [9] Training Class Recall: [0.676,0.911,0.594,0.561,0.688,0.724,0.818,0.838,0.929,0.936]
Epoch [9] Testing Results: Prec@1 44.600 Prec@5 85.300             Loss 2.73836
Epoch [9] Testing Class Recall: [0.636,0.850,0.265,0.245,0.584,0.581,0.244,0.307,0.576,0.172]
Epoch [10] Training Results: Prec@1 79.315 Prec@5 98.935             Loss 0.61866
Epoch [10] Training Class Recall: [0.685,0.920,0.624,0.608,0.733,0.758,0.854,0.866,0.934,0.949]
Epoch [10] Testing Results: Prec@1 43.520 Prec@5 80.330             Loss 2.76548
Epoch [10] Testing Class Recall: [0.762,0.652,0.542,0.449,0.279,0.256,0.717,0.362,0.151,0.182]
Epoch [11] Training Results: Prec@1 81.360 Prec@5 99.200             Loss 0.55463
Epoch [11] Training Class Recall: [0.713,0.935,0.649,0.640,0.744,0.791,0.886,0.890,0.935,0.951]
Epoch [11] Testing Results: Prec@1 43.050 Prec@5 80.250             Loss 3.04525
Epoch [11] Testing Class Recall: [0.615,0.760,0.547,0.578,0.574,0.406,0.280,0.218,0.194,0.133]
Epoch [12] Training Results: Prec@1 82.315 Prec@5 99.375             Loss 0.52570
Epoch [12] Training Class Recall: [0.715,0.943,0.680,0.661,0.756,0.804,0.884,0.889,0.945,0.953]
Epoch [12] Testing Results: Prec@1 40.720 Prec@5 75.800             Loss 3.64188
Epoch [12] Testing Class Recall: [0.747,0.565,0.665,0.467,0.467,0.397,0.417,0.202,0.077,0.068]
Epoch [13] Training Results: Prec@1 83.827 Prec@5 99.522             Loss 0.47918
Epoch [13] Training Class Recall: [0.734,0.950,0.687,0.683,0.782,0.825,0.904,0.907,0.951,0.960]
Epoch [13] Testing Results: Prec@1 41.690 Prec@5 79.070             Loss 3.38970
Epoch [13] Testing Class Recall: [0.753,0.780,0.588,0.328,0.273,0.084,0.606,0.486,0.128,0.143]
Epoch [14] Training Results: Prec@1 85.342 Prec@5 99.575             Loss 0.44081
Epoch [14] Training Class Recall: [0.755,0.949,0.709,0.718,0.807,0.855,0.907,0.922,0.951,0.961]
Epoch [14] Testing Results: Prec@1 38.230 Prec@5 76.180             Loss 4.24714
Epoch [14] Testing Class Recall: [0.577,0.943,0.236,0.420,0.589,0.549,0.217,0.204,0.058,0.030]
Epoch [15] Training Results: Prec@1 86.120 Prec@5 99.620             Loss 0.41750
Epoch [15] Training Class Recall: [0.765,0.951,0.724,0.729,0.830,0.854,0.916,0.925,0.956,0.962]
Epoch [15] Testing Results: Prec@1 44.910 Prec@5 83.850             Loss 2.88879
Epoch [15] Testing Class Recall: [0.491,0.786,0.538,0.563,0.433,0.442,0.396,0.281,0.355,0.206]
Epoch [16] Training Results: Prec@1 86.392 Prec@5 99.642             Loss 0.40415
Epoch [16] Training Class Recall: [0.771,0.951,0.726,0.745,0.824,0.863,0.916,0.920,0.959,0.964]
Epoch [16] Testing Results: Prec@1 41.390 Prec@5 82.470             Loss 3.41317
Epoch [16] Testing Class Recall: [0.446,0.504,0.392,0.488,0.706,0.166,0.521,0.289,0.456,0.171]
Epoch [17] Training Results: Prec@1 87.365 Prec@5 99.705             Loss 0.38148
Epoch [17] Training Class Recall: [0.787,0.955,0.744,0.764,0.839,0.866,0.931,0.925,0.959,0.967]
Epoch [17] Testing Results: Prec@1 44.240 Prec@5 82.840             Loss 2.87073
Epoch [17] Testing Class Recall: [0.755,0.698,0.610,0.366,0.491,0.234,0.458,0.380,0.221,0.211]
Epoch [18] Training Results: Prec@1 87.767 Prec@5 99.783             Loss 0.36506
Epoch [18] Training Class Recall: [0.790,0.958,0.747,0.767,0.844,0.879,0.932,0.935,0.958,0.967]
Epoch [18] Testing Results: Prec@1 45.680 Prec@5 83.970             Loss 3.17371
Epoch [18] Testing Class Recall: [0.746,0.876,0.540,0.314,0.490,0.269,0.607,0.407,0.202,0.117]
Epoch [19] Training Results: Prec@1 88.810 Prec@5 99.728             Loss 0.34204
Epoch [19] Training Class Recall: [0.798,0.961,0.770,0.798,0.861,0.891,0.930,0.936,0.966,0.970]
Epoch [19] Testing Results: Prec@1 43.700 Prec@5 82.070             Loss 3.06461
Epoch [19] Testing Class Recall: [0.705,0.578,0.418,0.551,0.533,0.401,0.337,0.153,0.206,0.488]
Epoch [20] Training Results: Prec@1 88.760 Prec@5 99.802             Loss 0.33323
Epoch [20] Training Class Recall: [0.812,0.954,0.775,0.789,0.850,0.887,0.932,0.939,0.965,0.973]
Epoch [20] Testing Results: Prec@1 43.680 Prec@5 82.200             Loss 3.33651
Epoch [20] Testing Class Recall: [0.747,0.786,0.549,0.415,0.642,0.222,0.275,0.312,0.276,0.144]
Epoch [21] Training Results: Prec@1 89.173 Prec@5 99.792             Loss 0.32593
Epoch [21] Training Class Recall: [0.812,0.956,0.782,0.807,0.868,0.895,0.935,0.933,0.963,0.967]
Epoch [21] Testing Results: Prec@1 41.940 Prec@5 80.950             Loss 3.53800
Epoch [21] Testing Class Recall: [0.636,0.854,0.381,0.666,0.466,0.430,0.257,0.244,0.148,0.112]
Epoch [22] Training Results: Prec@1 89.960 Prec@5 99.775             Loss 0.30738
Epoch [22] Training Class Recall: [0.824,0.963,0.792,0.819,0.876,0.904,0.937,0.942,0.969,0.970]
Epoch [22] Testing Results: Prec@1 44.660 Prec@5 81.660             Loss 3.37573
Epoch [22] Testing Class Recall: [0.748,0.747,0.487,0.587,0.525,0.139,0.526,0.350,0.236,0.121]
Epoch [23] Training Results: Prec@1 90.022 Prec@5 99.817             Loss 0.29732
Epoch [23] Training Class Recall: [0.828,0.963,0.793,0.815,0.879,0.907,0.943,0.941,0.963,0.972]
Epoch [23] Testing Results: Prec@1 42.310 Prec@5 80.810             Loss 3.65733
Epoch [23] Testing Class Recall: [0.703,0.730,0.660,0.568,0.327,0.308,0.439,0.116,0.159,0.221]
Epoch [24] Training Results: Prec@1 89.970 Prec@5 99.802             Loss 0.30485
Epoch [24] Training Class Recall: [0.829,0.958,0.791,0.815,0.883,0.904,0.944,0.941,0.965,0.968]
Epoch [24] Testing Results: Prec@1 41.470 Prec@5 83.250             Loss 3.27583
Epoch [24] Testing Class Recall: [0.487,0.586,0.581,0.498,0.396,0.370,0.456,0.401,0.186,0.186]
Epoch [25] Training Results: Prec@1 90.552 Prec@5 99.857             Loss 0.28373
Epoch [25] Training Class Recall: [0.832,0.966,0.803,0.820,0.883,0.910,0.946,0.957,0.965,0.973]
Epoch [25] Testing Results: Prec@1 42.230 Prec@5 80.530             Loss 3.60239
Epoch [25] Testing Class Recall: [0.534,0.738,0.720,0.429,0.346,0.422,0.333,0.266,0.390,0.045]
Epoch [26] Training Results: Prec@1 90.717 Prec@5 99.885             Loss 0.27639
Epoch [26] Training Class Recall: [0.844,0.967,0.803,0.830,0.881,0.907,0.946,0.945,0.971,0.979]
Epoch [26] Testing Results: Prec@1 42.950 Prec@5 83.020             Loss 3.46726
Epoch [26] Testing Class Recall: [0.662,0.694,0.552,0.492,0.382,0.567,0.404,0.218,0.103,0.221]
Epoch [27] Training Results: Prec@1 90.832 Prec@5 99.882             Loss 0.27289
Epoch [27] Training Class Recall: [0.834,0.962,0.816,0.835,0.888,0.913,0.950,0.947,0.969,0.971]
Epoch [27] Testing Results: Prec@1 39.390 Prec@5 78.510             Loss 4.16361
Epoch [27] Testing Class Recall: [0.532,0.535,0.597,0.511,0.579,0.424,0.351,0.107,0.181,0.122]
Epoch [28] Training Results: Prec@1 90.402 Prec@5 99.855             Loss 0.28732
Epoch [28] Training Class Recall: [0.840,0.960,0.805,0.827,0.886,0.906,0.942,0.941,0.965,0.968]
Epoch [28] Testing Results: Prec@1 42.340 Prec@5 78.800             Loss 3.62456
Epoch [28] Testing Class Recall: [0.815,0.716,0.484,0.485,0.617,0.218,0.532,0.175,0.107,0.085]
Epoch [29] Training Results: Prec@1 91.335 Prec@5 99.882             Loss 0.26111
Epoch [29] Training Class Recall: [0.852,0.969,0.819,0.842,0.898,0.920,0.945,0.947,0.968,0.975]
Epoch [29] Testing Results: Prec@1 41.850 Prec@5 82.380             Loss 3.68501
Epoch [29] Testing Class Recall: [0.443,0.788,0.644,0.443,0.377,0.306,0.534,0.333,0.130,0.187]
Epoch [30] Training Results: Prec@1 91.580 Prec@5 99.890             Loss 0.25295
Epoch [30] Training Class Recall: [0.854,0.966,0.817,0.855,0.900,0.923,0.949,0.950,0.966,0.977]
Epoch [30] Testing Results: Prec@1 44.690 Prec@5 82.460             Loss 3.11742
Epoch [30] Testing Class Recall: [0.661,0.709,0.656,0.402,0.475,0.361,0.529,0.224,0.253,0.199]
Epoch [31] Training Results: Prec@1 91.305 Prec@5 99.840             Loss 0.26585
Epoch [31] Training Class Recall: [0.853,0.962,0.826,0.849,0.899,0.914,0.949,0.944,0.963,0.973]
Epoch [31] Testing Results: Prec@1 43.260 Prec@5 83.310             Loss 3.84816
Epoch [31] Testing Class Recall: [0.645,0.838,0.517,0.159,0.475,0.644,0.465,0.116,0.203,0.264]
Epoch [32] Training Results: Prec@1 91.540 Prec@5 99.902             Loss 0.25451
Epoch [32] Training Class Recall: [0.853,0.970,0.830,0.849,0.897,0.923,0.946,0.947,0.964,0.977]
Epoch [32] Testing Results: Prec@1 42.100 Prec@5 83.610             Loss 3.38294
Epoch [32] Testing Class Recall: [0.808,0.629,0.452,0.171,0.526,0.464,0.448,0.210,0.167,0.335]
Epoch [33] Training Results: Prec@1 91.497 Prec@5 99.887             Loss 0.25707
Epoch [33] Training Class Recall: [0.853,0.967,0.827,0.846,0.905,0.916,0.948,0.949,0.966,0.974]
Epoch [33] Testing Results: Prec@1 42.030 Prec@5 82.990             Loss 3.32538
Epoch [33] Testing Class Recall: [0.470,0.801,0.409,0.405,0.748,0.375,0.326,0.261,0.241,0.167]
Epoch [34] Training Results: Prec@1 92.077 Prec@5 99.917             Loss 0.23783
Epoch [34] Training Class Recall: [0.857,0.973,0.836,0.857,0.907,0.929,0.949,0.951,0.972,0.978]
Epoch [34] Testing Results: Prec@1 42.980 Prec@5 79.700             Loss 3.97693
Epoch [34] Testing Class Recall: [0.571,0.821,0.659,0.462,0.487,0.254,0.433,0.404,0.154,0.053]
Epoch [35] Training Results: Prec@1 91.872 Prec@5 99.882             Loss 0.24687
Epoch [35] Training Class Recall: [0.862,0.966,0.838,0.858,0.904,0.918,0.952,0.949,0.967,0.976]
Epoch [35] Testing Results: Prec@1 45.710 Prec@5 85.340             Loss 2.93836
Epoch [35] Testing Class Recall: [0.685,0.628,0.515,0.419,0.616,0.536,0.210,0.471,0.190,0.301]
Epoch [36] Training Results: Prec@1 91.805 Prec@5 99.887             Loss 0.24427
Epoch [36] Training Class Recall: [0.858,0.967,0.824,0.858,0.914,0.921,0.949,0.949,0.967,0.973]
Epoch [36] Testing Results: Prec@1 38.670 Prec@5 80.560             Loss 3.57644
Epoch [36] Testing Class Recall: [0.755,0.436,0.565,0.220,0.657,0.255,0.395,0.307,0.167,0.110]
Epoch [37] Training Results: Prec@1 92.302 Prec@5 99.885             Loss 0.23824
Epoch [37] Training Class Recall: [0.870,0.969,0.841,0.866,0.908,0.919,0.953,0.959,0.971,0.975]
Epoch [37] Testing Results: Prec@1 44.080 Prec@5 87.110             Loss 3.49247
Epoch [37] Testing Class Recall: [0.712,0.521,0.200,0.426,0.475,0.224,0.527,0.525,0.579,0.219]
Epoch [38] Training Results: Prec@1 92.577 Prec@5 99.917             Loss 0.22287
Epoch [38] Training Class Recall: [0.859,0.975,0.846,0.877,0.916,0.928,0.956,0.951,0.971,0.981]
Epoch [38] Testing Results: Prec@1 40.930 Prec@5 80.570             Loss 3.81141
Epoch [38] Testing Class Recall: [0.771,0.675,0.618,0.586,0.339,0.369,0.192,0.170,0.151,0.222]
Epoch [39] Training Results: Prec@1 92.012 Prec@5 99.885             Loss 0.23767
Epoch [39] Training Class Recall: [0.856,0.969,0.835,0.865,0.905,0.923,0.953,0.952,0.972,0.972]
Epoch [39] Testing Results: Prec@1 42.110 Prec@5 82.540             Loss 3.61652
Epoch [39] Testing Class Recall: [0.818,0.512,0.579,0.571,0.430,0.302,0.248,0.325,0.082,0.344]
Epoch [40] Training Results: Prec@1 91.802 Prec@5 99.890             Loss 0.24046
Epoch [40] Training Class Recall: [0.857,0.966,0.834,0.868,0.902,0.922,0.949,0.944,0.964,0.975]
Epoch [40] Testing Results: Prec@1 41.200 Prec@5 82.800             Loss 3.82630
Epoch [40] Testing Class Recall: [0.722,0.648,0.584,0.726,0.390,0.114,0.144,0.160,0.387,0.245]
Epoch [41] Training Results: Prec@1 92.158 Prec@5 99.920             Loss 0.23202
Epoch [41] Training Class Recall: [0.859,0.969,0.841,0.870,0.910,0.923,0.949,0.951,0.971,0.973]
Epoch [41] Testing Results: Prec@1 43.700 Prec@5 80.670             Loss 3.70714
Epoch [41] Testing Class Recall: [0.640,0.768,0.535,0.369,0.561,0.245,0.622,0.385,0.199,0.046]
Epoch [42] Training Results: Prec@1 92.795 Prec@5 99.900             Loss 0.21770
Epoch [42] Training Class Recall: [0.868,0.971,0.853,0.872,0.916,0.927,0.965,0.957,0.973,0.980]
Epoch [42] Testing Results: Prec@1 32.780 Prec@5 82.920             Loss 5.56686
Epoch [42] Testing Class Recall: [0.572,0.481,0.311,0.950,0.231,0.057,0.176,0.134,0.188,0.178]
Epoch [43] Training Results: Prec@1 92.517 Prec@5 99.887             Loss 0.22498
Epoch [43] Training Class Recall: [0.868,0.970,0.847,0.875,0.916,0.930,0.951,0.947,0.972,0.976]
Epoch [43] Testing Results: Prec@1 39.250 Prec@5 78.940             Loss 4.06034
Epoch [43] Testing Class Recall: [0.602,0.702,0.754,0.345,0.545,0.180,0.310,0.285,0.131,0.071]
Epoch [44] Training Results: Prec@1 92.728 Prec@5 99.895             Loss 0.21900
Epoch [44] Training Class Recall: [0.871,0.971,0.850,0.876,0.915,0.930,0.952,0.958,0.972,0.978]
Epoch [44] Testing Results: Prec@1 44.470 Prec@5 84.770             Loss 3.37481
Epoch [44] Testing Class Recall: [0.474,0.727,0.467,0.264,0.598,0.573,0.527,0.427,0.317,0.073]
Epoch [45] Training Results: Prec@1 92.250 Prec@5 99.895             Loss 0.23519
Epoch [45] Training Class Recall: [0.863,0.969,0.844,0.862,0.915,0.925,0.958,0.949,0.965,0.974]
Epoch [45] Testing Results: Prec@1 41.440 Prec@5 82.300             Loss 3.87447
Epoch [45] Testing Class Recall: [0.796,0.745,0.559,0.618,0.340,0.104,0.317,0.227,0.214,0.224]
Epoch [46] Training Results: Prec@1 92.805 Prec@5 99.908             Loss 0.21732
Epoch [46] Training Class Recall: [0.871,0.974,0.857,0.877,0.918,0.933,0.954,0.948,0.971,0.978]
Epoch [46] Testing Results: Prec@1 42.870 Prec@5 83.550             Loss 3.45486
Epoch [46] Testing Class Recall: [0.473,0.661,0.599,0.135,0.727,0.470,0.499,0.251,0.289,0.183]
Epoch [47] Training Results: Prec@1 92.735 Prec@5 99.912             Loss 0.22085
Epoch [47] Training Class Recall: [0.879,0.971,0.849,0.878,0.912,0.934,0.954,0.955,0.967,0.975]
Epoch [47] Testing Results: Prec@1 43.640 Prec@5 84.230             Loss 3.16190
Epoch [47] Testing Class Recall: [0.552,0.804,0.701,0.529,0.435,0.187,0.250,0.366,0.370,0.170]
Epoch [48] Training Results: Prec@1 92.978 Prec@5 99.885             Loss 0.21230
Epoch [48] Training Class Recall: [0.872,0.970,0.860,0.886,0.919,0.932,0.957,0.953,0.974,0.976]
Epoch [48] Testing Results: Prec@1 43.720 Prec@5 82.370             Loss 3.60040
Epoch [48] Testing Class Recall: [0.765,0.803,0.518,0.411,0.430,0.434,0.113,0.432,0.081,0.385]
Epoch [49] Training Results: Prec@1 93.180 Prec@5 99.960             Loss 0.20540
Epoch [49] Training Class Recall: [0.879,0.972,0.859,0.880,0.921,0.938,0.955,0.958,0.975,0.981]
Epoch [49] Testing Results: Prec@1 49.140 Prec@5 87.770             Loss 2.87628
Epoch [49] Testing Class Recall: [0.639,0.691,0.555,0.428,0.579,0.408,0.472,0.235,0.448,0.459]
Epoch [50] Training Results: Prec@1 92.450 Prec@5 99.923             Loss 0.22015
Epoch [50] Training Class Recall: [0.872,0.968,0.852,0.877,0.907,0.925,0.946,0.952,0.972,0.974]
Epoch [50] Testing Results: Prec@1 40.310 Prec@5 83.010             Loss 3.63455
Epoch [50] Testing Class Recall: [0.766,0.425,0.455,0.211,0.338,0.622,0.498,0.407,0.078,0.231]
Epoch [51] Training Results: Prec@1 93.100 Prec@5 99.908             Loss 0.20815
Epoch [51] Training Class Recall: [0.879,0.970,0.859,0.887,0.917,0.936,0.954,0.954,0.976,0.978]
Epoch [51] Testing Results: Prec@1 42.140 Prec@5 80.910             Loss 3.95577
Epoch [51] Testing Class Recall: [0.810,0.728,0.570,0.533,0.507,0.193,0.328,0.297,0.144,0.104]
Epoch [52] Training Results: Prec@1 93.240 Prec@5 99.947             Loss 0.20251
Epoch [52] Training Class Recall: [0.879,0.972,0.864,0.884,0.925,0.932,0.961,0.958,0.972,0.978]
Epoch [52] Testing Results: Prec@1 39.760 Prec@5 81.170             Loss 4.44264
Epoch [52] Testing Class Recall: [0.510,0.748,0.695,0.577,0.229,0.464,0.156,0.104,0.257,0.236]
Epoch [53] Training Results: Prec@1 92.752 Prec@5 99.938             Loss 0.21571
Epoch [53] Training Class Recall: [0.876,0.969,0.858,0.877,0.916,0.926,0.953,0.953,0.971,0.977]
Epoch [53] Testing Results: Prec@1 45.620 Prec@5 84.440             Loss 3.44608
Epoch [53] Testing Class Recall: [0.559,0.810,0.515,0.567,0.425,0.317,0.506,0.345,0.400,0.118]
Epoch [54] Training Results: Prec@1 92.925 Prec@5 99.932             Loss 0.21325
Epoch [54] Training Class Recall: [0.874,0.972,0.866,0.876,0.917,0.928,0.956,0.953,0.971,0.979]
Epoch [54] Testing Results: Prec@1 42.470 Prec@5 84.680             Loss 3.38481
Epoch [54] Testing Class Recall: [0.532,0.596,0.482,0.554,0.236,0.289,0.601,0.560,0.196,0.201]
Epoch [55] Training Results: Prec@1 93.312 Prec@5 99.912             Loss 0.19988
Epoch [55] Training Class Recall: [0.882,0.974,0.864,0.883,0.926,0.935,0.957,0.957,0.975,0.979]
Epoch [55] Testing Results: Prec@1 43.200 Prec@5 85.830             Loss 3.66735
Epoch [55] Testing Class Recall: [0.468,0.572,0.449,0.596,0.555,0.329,0.135,0.534,0.239,0.443]
Epoch [56] Training Results: Prec@1 92.798 Prec@5 99.915             Loss 0.21478
Epoch [56] Training Class Recall: [0.874,0.969,0.861,0.882,0.916,0.931,0.949,0.954,0.972,0.973]
Epoch [56] Testing Results: Prec@1 41.520 Prec@5 83.670             Loss 4.05513
Epoch [56] Testing Class Recall: [0.502,0.881,0.539,0.791,0.378,0.283,0.265,0.174,0.259,0.080]
Epoch [57] Training Results: Prec@1 93.570 Prec@5 99.935             Loss 0.19281
Epoch [57] Training Class Recall: [0.888,0.976,0.882,0.881,0.925,0.933,0.957,0.959,0.977,0.978]
Epoch [57] Testing Results: Prec@1 42.010 Prec@5 83.700             Loss 3.70661
Epoch [57] Testing Class Recall: [0.622,0.586,0.327,0.436,0.512,0.417,0.137,0.571,0.091,0.502]
Epoch [58] Training Results: Prec@1 93.180 Prec@5 99.912             Loss 0.20768
Epoch [58] Training Class Recall: [0.879,0.969,0.866,0.884,0.921,0.939,0.958,0.955,0.972,0.975]
Epoch [58] Testing Results: Prec@1 41.500 Prec@5 83.610             Loss 3.90356
Epoch [58] Testing Class Recall: [0.536,0.585,0.597,0.644,0.533,0.141,0.369,0.256,0.311,0.178]
Epoch [59] Training Results: Prec@1 93.192 Prec@5 99.925             Loss 0.20484
Epoch [59] Training Class Recall: [0.882,0.971,0.863,0.889,0.918,0.939,0.960,0.950,0.970,0.977]
Epoch [59] Testing Results: Prec@1 45.730 Prec@5 85.840             Loss 3.30693
Epoch [59] Testing Class Recall: [0.781,0.650,0.504,0.513,0.529,0.201,0.473,0.312,0.442,0.168]
Epoch [60] Training Results: Prec@1 93.612 Prec@5 99.915             Loss 0.19473
Epoch [60] Training Class Recall: [0.887,0.974,0.868,0.897,0.933,0.932,0.964,0.953,0.978,0.975]
Epoch [60] Testing Results: Prec@1 42.190 Prec@5 81.150             Loss 3.94913
Epoch [60] Testing Class Recall: [0.699,0.656,0.667,0.434,0.644,0.254,0.215,0.346,0.221,0.083]
Epoch [61] Training Results: Prec@1 93.372 Prec@5 99.932             Loss 0.20167
Epoch [61] Training Class Recall: [0.885,0.971,0.869,0.892,0.919,0.941,0.956,0.957,0.973,0.974]
Epoch [61] Testing Results: Prec@1 40.220 Prec@5 79.700             Loss 3.94318
Epoch [61] Testing Class Recall: [0.796,0.646,0.398,0.585,0.457,0.446,0.240,0.153,0.259,0.042]
Epoch [62] Training Results: Prec@1 93.362 Prec@5 99.962             Loss 0.19662
Epoch [62] Training Class Recall: [0.883,0.974,0.871,0.892,0.920,0.933,0.957,0.957,0.971,0.978]
Epoch [62] Testing Results: Prec@1 42.940 Prec@5 82.990             Loss 3.87758
Epoch [62] Testing Class Recall: [0.715,0.759,0.395,0.417,0.784,0.176,0.472,0.352,0.122,0.102]
Epoch [63] Training Results: Prec@1 93.692 Prec@5 99.927             Loss 0.18989
Epoch [63] Training Class Recall: [0.887,0.976,0.875,0.897,0.928,0.935,0.961,0.961,0.972,0.978]
Epoch [63] Testing Results: Prec@1 44.090 Prec@5 81.720             Loss 3.86628
Epoch [63] Testing Class Recall: [0.640,0.777,0.592,0.597,0.685,0.097,0.486,0.209,0.108,0.218]
Epoch [64] Training Results: Prec@1 93.427 Prec@5 99.925             Loss 0.19886
Epoch [64] Training Class Recall: [0.881,0.975,0.869,0.899,0.929,0.930,0.958,0.952,0.974,0.976]
Epoch [64] Testing Results: Prec@1 46.710 Prec@5 85.440             Loss 3.41140
Epoch [64] Testing Class Recall: [0.712,0.841,0.519,0.603,0.408,0.274,0.539,0.246,0.289,0.240]
Epoch [65] Training Results: Prec@1 93.000 Prec@5 99.887             Loss 0.21431
Epoch [65] Training Class Recall: [0.879,0.972,0.862,0.878,0.924,0.935,0.954,0.954,0.968,0.974]
Epoch [65] Testing Results: Prec@1 44.870 Prec@5 82.460             Loss 3.53485
Epoch [65] Testing Class Recall: [0.628,0.855,0.669,0.238,0.534,0.419,0.538,0.463,0.052,0.091]
Epoch [66] Training Results: Prec@1 93.787 Prec@5 99.938             Loss 0.18615
Epoch [66] Training Class Recall: [0.894,0.973,0.872,0.897,0.928,0.944,0.962,0.958,0.974,0.978]
Epoch [66] Testing Results: Prec@1 40.350 Prec@5 82.290             Loss 3.82472
Epoch [66] Testing Class Recall: [0.691,0.731,0.539,0.346,0.345,0.684,0.112,0.172,0.121,0.294]
Epoch [67] Training Results: Prec@1 93.272 Prec@5 99.940             Loss 0.20302
Epoch [67] Training Class Recall: [0.889,0.969,0.876,0.884,0.917,0.934,0.956,0.954,0.975,0.973]
Epoch [67] Testing Results: Prec@1 45.420 Prec@5 85.750             Loss 3.20900
Epoch [67] Testing Class Recall: [0.596,0.785,0.499,0.422,0.315,0.607,0.414,0.410,0.313,0.181]
Epoch [68] Training Results: Prec@1 94.277 Prec@5 99.938             Loss 0.17461
Epoch [68] Training Class Recall: [0.898,0.974,0.882,0.902,0.935,0.949,0.960,0.965,0.977,0.986]
Epoch [68] Testing Results: Prec@1 43.620 Prec@5 82.960             Loss 4.03374
Epoch [68] Testing Class Recall: [0.748,0.724,0.597,0.538,0.540,0.222,0.195,0.350,0.294,0.154]
Epoch [69] Training Results: Prec@1 93.330 Prec@5 99.945             Loss 0.19921
Epoch [69] Training Class Recall: [0.886,0.975,0.870,0.885,0.925,0.933,0.959,0.957,0.969,0.975]
Epoch [69] Testing Results: Prec@1 42.520 Prec@5 83.760             Loss 3.82241
Epoch [69] Testing Class Recall: [0.750,0.860,0.532,0.574,0.112,0.362,0.187,0.502,0.263,0.110]
Epoch [70] Training Results: Prec@1 93.732 Prec@5 99.920             Loss 0.18998
Epoch [70] Training Class Recall: [0.889,0.975,0.870,0.899,0.926,0.942,0.963,0.956,0.975,0.978]
Epoch [70] Testing Results: Prec@1 44.770 Prec@5 85.660             Loss 3.18698
Epoch [70] Testing Class Recall: [0.487,0.798,0.623,0.284,0.535,0.280,0.352,0.582,0.364,0.172]
Epoch [71] Training Results: Prec@1 93.310 Prec@5 99.910             Loss 0.19795
Epoch [71] Training Class Recall: [0.885,0.971,0.869,0.890,0.929,0.932,0.956,0.952,0.970,0.978]
Epoch [71] Testing Results: Prec@1 42.580 Prec@5 86.180             Loss 3.76935
Epoch [71] Testing Class Recall: [0.528,0.405,0.420,0.754,0.571,0.280,0.395,0.217,0.469,0.219]
Epoch [72] Training Results: Prec@1 93.860 Prec@5 99.947             Loss 0.18474
Epoch [72] Training Class Recall: [0.885,0.979,0.869,0.899,0.930,0.938,0.965,0.962,0.977,0.982]
Epoch [72] Testing Results: Prec@1 41.120 Prec@5 82.660             Loss 3.47971
Epoch [72] Testing Class Recall: [0.443,0.496,0.663,0.340,0.630,0.432,0.382,0.328,0.182,0.216]
Epoch [73] Training Results: Prec@1 93.965 Prec@5 99.945             Loss 0.18148
Epoch [73] Training Class Recall: [0.892,0.975,0.877,0.900,0.933,0.942,0.960,0.963,0.975,0.983]
Epoch [73] Testing Results: Prec@1 44.900 Prec@5 84.910             Loss 3.37323
Epoch [73] Testing Class Recall: [0.677,0.716,0.562,0.480,0.453,0.311,0.368,0.270,0.206,0.447]
Epoch [74] Training Results: Prec@1 93.302 Prec@5 99.938             Loss 0.20170
Epoch [74] Training Class Recall: [0.890,0.974,0.871,0.892,0.916,0.930,0.956,0.956,0.971,0.974]
Epoch [74] Testing Results: Prec@1 46.340 Prec@5 87.170             Loss 3.28833
Epoch [74] Testing Class Recall: [0.609,0.493,0.372,0.309,0.627,0.528,0.274,0.406,0.638,0.378]
Epoch [75] Training Results: Prec@1 93.685 Prec@5 99.938             Loss 0.18904
Epoch [75] Training Class Recall: [0.887,0.971,0.880,0.890,0.926,0.937,0.960,0.964,0.972,0.981]
Epoch [75] Testing Results: Prec@1 39.320 Prec@5 82.250             Loss 3.45145
Epoch [75] Testing Class Recall: [0.718,0.602,0.262,0.411,0.222,0.589,0.510,0.273,0.123,0.222]
Epoch [76] Training Results: Prec@1 93.762 Prec@5 99.942             Loss 0.18902
Epoch [76] Training Class Recall: [0.889,0.973,0.875,0.900,0.932,0.936,0.960,0.959,0.978,0.977]
Epoch [76] Testing Results: Prec@1 45.870 Prec@5 87.220             Loss 3.35366
Epoch [76] Testing Class Recall: [0.589,0.662,0.409,0.505,0.549,0.496,0.303,0.350,0.388,0.336]
Epoch [77] Training Results: Prec@1 93.542 Prec@5 99.900             Loss 0.19517
Epoch [77] Training Class Recall: [0.895,0.974,0.878,0.898,0.924,0.935,0.956,0.946,0.971,0.977]
Epoch [77] Testing Results: Prec@1 48.010 Prec@5 87.670             Loss 3.00739
Epoch [77] Testing Class Recall: [0.628,0.745,0.558,0.420,0.469,0.544,0.434,0.257,0.387,0.359]
Epoch [78] Training Results: Prec@1 93.580 Prec@5 99.900             Loss 0.19600
Epoch [78] Training Class Recall: [0.894,0.973,0.877,0.891,0.927,0.933,0.956,0.957,0.974,0.975]
Epoch [78] Testing Results: Prec@1 43.880 Prec@5 85.330             Loss 3.09497
Epoch [78] Testing Class Recall: [0.738,0.700,0.528,0.158,0.395,0.302,0.584,0.443,0.315,0.225]
Epoch [79] Training Results: Prec@1 94.350 Prec@5 99.952             Loss 0.17247
Epoch [79] Training Class Recall: [0.892,0.981,0.888,0.902,0.936,0.947,0.960,0.968,0.975,0.986]
Epoch [79] Testing Results: Prec@1 45.230 Prec@5 85.390             Loss 3.04961
Epoch [79] Testing Class Recall: [0.531,0.561,0.475,0.527,0.528,0.487,0.377,0.344,0.162,0.531]
Epoch [80] Training Results: Prec@1 93.857 Prec@5 99.947             Loss 0.18548
Epoch [80] Training Class Recall: [0.895,0.976,0.879,0.899,0.923,0.937,0.962,0.959,0.975,0.980]
Epoch [80] Testing Results: Prec@1 43.460 Prec@5 83.750             Loss 3.15670
Epoch [80] Testing Class Recall: [0.678,0.608,0.601,0.505,0.320,0.405,0.348,0.381,0.197,0.303]
Epoch [81] Training Results: Prec@1 93.595 Prec@5 99.915             Loss 0.19480
Epoch [81] Training Class Recall: [0.890,0.974,0.871,0.889,0.929,0.935,0.960,0.962,0.971,0.980]
Epoch [81] Testing Results: Prec@1 38.870 Prec@5 79.900             Loss 4.16479
Epoch [81] Testing Class Recall: [0.660,0.766,0.834,0.412,0.357,0.165,0.171,0.331,0.153,0.038]
Epoch [82] Training Results: Prec@1 93.747 Prec@5 99.950             Loss 0.18608
Epoch [82] Training Class Recall: [0.891,0.975,0.871,0.901,0.927,0.936,0.956,0.959,0.978,0.982]
Epoch [82] Testing Results: Prec@1 48.060 Prec@5 85.920             Loss 3.08485
Epoch [82] Testing Class Recall: [0.702,0.749,0.578,0.480,0.597,0.348,0.654,0.257,0.277,0.164]
Epoch [83] Training Results: Prec@1 93.660 Prec@5 99.932             Loss 0.18816
Epoch [83] Training Class Recall: [0.894,0.973,0.874,0.891,0.931,0.935,0.957,0.956,0.977,0.978]
Epoch [83] Testing Results: Prec@1 45.410 Prec@5 85.590             Loss 3.06114
Epoch [83] Testing Class Recall: [0.757,0.702,0.447,0.714,0.482,0.176,0.429,0.444,0.134,0.256]
Epoch [84] Training Results: Prec@1 94.265 Prec@5 99.952             Loss 0.17671
Epoch [84] Training Class Recall: [0.895,0.975,0.882,0.906,0.935,0.942,0.968,0.968,0.974,0.981]
Epoch [84] Testing Results: Prec@1 39.750 Prec@5 83.440             Loss 3.83897
Epoch [84] Testing Class Recall: [0.802,0.267,0.482,0.391,0.364,0.664,0.253,0.145,0.298,0.309]
Epoch [85] Training Results: Prec@1 93.610 Prec@5 99.938             Loss 0.18930
Epoch [85] Training Class Recall: [0.890,0.975,0.879,0.891,0.929,0.933,0.962,0.951,0.975,0.977]
Epoch [85] Testing Results: Prec@1 43.060 Prec@5 85.450             Loss 3.74747
Epoch [85] Testing Class Recall: [0.854,0.755,0.650,0.343,0.303,0.298,0.419,0.207,0.297,0.180]
Epoch [86] Training Results: Prec@1 93.780 Prec@5 99.945             Loss 0.18556
Epoch [86] Training Class Recall: [0.882,0.976,0.867,0.903,0.931,0.940,0.962,0.965,0.972,0.981]
Epoch [86] Testing Results: Prec@1 46.600 Prec@5 85.300             Loss 3.03244
Epoch [86] Testing Class Recall: [0.573,0.840,0.573,0.353,0.627,0.339,0.384,0.379,0.271,0.321]
Epoch [87] Training Results: Prec@1 94.647 Prec@5 99.965             Loss 0.16231
Epoch [87] Training Class Recall: [0.902,0.981,0.895,0.910,0.931,0.951,0.965,0.969,0.978,0.983]
Epoch [87] Testing Results: Prec@1 46.930 Prec@5 85.220             Loss 3.24799
Epoch [87] Testing Class Recall: [0.696,0.640,0.664,0.477,0.433,0.342,0.572,0.384,0.291,0.194]
Epoch [88] Training Results: Prec@1 93.798 Prec@5 99.940             Loss 0.18556
Epoch [88] Training Class Recall: [0.891,0.973,0.877,0.895,0.930,0.940,0.960,0.960,0.978,0.977]
Epoch [88] Testing Results: Prec@1 39.720 Prec@5 84.200             Loss 4.22139
Epoch [88] Testing Class Recall: [0.531,0.658,0.626,0.795,0.237,0.110,0.260,0.338,0.234,0.183]
Epoch [89] Training Results: Prec@1 94.372 Prec@5 99.942             Loss 0.17294
Epoch [89] Training Class Recall: [0.899,0.973,0.893,0.901,0.937,0.943,0.968,0.963,0.978,0.983]
Epoch [89] Testing Results: Prec@1 49.300 Prec@5 85.850             Loss 3.03648
Epoch [89] Testing Class Recall: [0.698,0.804,0.592,0.500,0.494,0.462,0.571,0.355,0.328,0.126]
Epoch [90] Training Results: Prec@1 93.432 Prec@5 99.935             Loss 0.19484
Epoch [90] Training Class Recall: [0.886,0.972,0.877,0.892,0.927,0.932,0.954,0.954,0.971,0.976]
Epoch [90] Testing Results: Prec@1 41.760 Prec@5 81.840             Loss 4.33620
Epoch [90] Testing Class Recall: [0.613,0.897,0.568,0.262,0.785,0.111,0.468,0.180,0.187,0.105]
Epoch [91] Training Results: Prec@1 94.423 Prec@5 99.957             Loss 0.16812
Epoch [91] Training Class Recall: [0.896,0.976,0.886,0.909,0.939,0.944,0.964,0.964,0.979,0.985]
Epoch [91] Testing Results: Prec@1 44.500 Prec@5 82.680             Loss 3.41257
Epoch [91] Testing Class Recall: [0.629,0.702,0.651,0.364,0.600,0.114,0.148,0.388,0.304,0.550]
Epoch [92] Training Results: Prec@1 93.450 Prec@5 99.917             Loss 0.19230
Epoch [92] Training Class Recall: [0.882,0.972,0.879,0.897,0.924,0.934,0.957,0.955,0.975,0.971]
Epoch [92] Testing Results: Prec@1 44.070 Prec@5 83.530             Loss 3.37403
Epoch [92] Testing Class Recall: [0.755,0.514,0.566,0.376,0.561,0.472,0.470,0.318,0.113,0.262]
Epoch [93] Training Results: Prec@1 93.557 Prec@5 99.932             Loss 0.19130
Epoch [93] Training Class Recall: [0.892,0.973,0.875,0.888,0.923,0.940,0.953,0.958,0.975,0.980]
Epoch [93] Testing Results: Prec@1 45.740 Prec@5 84.510             Loss 3.18027
Epoch [93] Testing Class Recall: [0.746,0.716,0.592,0.449,0.529,0.372,0.462,0.194,0.395,0.119]
Epoch [94] Training Results: Prec@1 94.730 Prec@5 99.960             Loss 0.15820
Epoch [94] Training Class Recall: [0.902,0.980,0.896,0.918,0.932,0.948,0.966,0.968,0.978,0.985]
Epoch [94] Testing Results: Prec@1 41.660 Prec@5 84.200             Loss 3.73071
Epoch [94] Testing Class Recall: [0.806,0.559,0.474,0.292,0.417,0.318,0.398,0.488,0.331,0.083]
Epoch [95] Training Results: Prec@1 93.957 Prec@5 99.938             Loss 0.18388
Epoch [95] Training Class Recall: [0.896,0.975,0.887,0.900,0.929,0.936,0.964,0.959,0.973,0.977]
Epoch [95] Testing Results: Prec@1 45.120 Prec@5 84.610             Loss 3.78441
Epoch [95] Testing Class Recall: [0.676,0.672,0.587,0.606,0.338,0.483,0.548,0.166,0.345,0.091]
Epoch [96] Training Results: Prec@1 93.445 Prec@5 99.923             Loss 0.20079
Epoch [96] Training Class Recall: [0.888,0.969,0.878,0.894,0.928,0.938,0.954,0.950,0.970,0.975]
Epoch [96] Testing Results: Prec@1 43.380 Prec@5 82.660             Loss 3.69264
Epoch [96] Testing Class Recall: [0.582,0.799,0.738,0.454,0.386,0.351,0.223,0.466,0.120,0.219]
Epoch [97] Training Results: Prec@1 94.295 Prec@5 99.927             Loss 0.17251
Epoch [97] Training Class Recall: [0.903,0.975,0.884,0.905,0.939,0.944,0.964,0.960,0.980,0.976]
Epoch [97] Testing Results: Prec@1 47.440 Prec@5 86.030             Loss 3.13854
Epoch [97] Testing Class Recall: [0.826,0.750,0.539,0.449,0.458,0.407,0.467,0.410,0.183,0.255]
Epoch [98] Training Results: Prec@1 94.140 Prec@5 99.945             Loss 0.17207
Epoch [98] Training Class Recall: [0.898,0.977,0.881,0.904,0.934,0.943,0.960,0.962,0.975,0.980]
Epoch [98] Testing Results: Prec@1 44.840 Prec@5 85.360             Loss 3.29185
Epoch [98] Testing Class Recall: [0.573,0.825,0.671,0.446,0.542,0.304,0.341,0.297,0.244,0.241]
Epoch [99] Training Results: Prec@1 93.795 Prec@5 99.932             Loss 0.18667
Epoch [99] Training Class Recall: [0.885,0.974,0.878,0.906,0.931,0.937,0.963,0.957,0.972,0.977]
Epoch [99] Testing Results: Prec@1 41.210 Prec@5 82.600             Loss 3.75543
Epoch [99] Testing Class Recall: [0.760,0.665,0.761,0.406,0.390,0.342,0.188,0.271,0.185,0.153]
Epoch [100] Training Results: Prec@1 94.285 Prec@5 99.935             Loss 0.16844
Epoch [100] Training Class Recall: [0.898,0.978,0.891,0.904,0.929,0.945,0.965,0.958,0.977,0.982]
Epoch [100] Testing Results: Prec@1 41.180 Prec@5 82.760             Loss 3.53381
Epoch [100] Testing Class Recall: [0.673,0.255,0.487,0.707,0.458,0.235,0.332,0.256,0.275,0.440]
Epoch [101] Training Results: Prec@1 93.677 Prec@5 99.925             Loss 0.18743
Epoch [101] Training Class Recall: [0.884,0.970,0.880,0.901,0.935,0.933,0.961,0.960,0.970,0.975]
Epoch [101] Testing Results: Prec@1 46.010 Prec@5 86.530             Loss 2.91988
Epoch [101] Testing Class Recall: [0.735,0.604,0.460,0.424,0.359,0.464,0.613,0.420,0.205,0.317]
Epoch [102] Training Results: Prec@1 94.415 Prec@5 99.947             Loss 0.16641
Epoch [102] Training Class Recall: [0.896,0.980,0.891,0.908,0.938,0.944,0.963,0.964,0.973,0.983]
Epoch [102] Testing Results: Prec@1 42.670 Prec@5 82.740             Loss 3.86806
Epoch [102] Testing Class Recall: [0.794,0.614,0.545,0.552,0.488,0.489,0.259,0.132,0.142,0.252]
Epoch [103] Training Results: Prec@1 93.810 Prec@5 99.952             Loss 0.18083
Epoch [103] Training Class Recall: [0.889,0.976,0.885,0.893,0.932,0.938,0.961,0.956,0.970,0.980]
Epoch [103] Testing Results: Prec@1 45.440 Prec@5 85.130             Loss 3.29134
Epoch [103] Testing Class Recall: [0.736,0.682,0.545,0.531,0.535,0.285,0.380,0.265,0.266,0.319]
Epoch [104] Training Results: Prec@1 94.357 Prec@5 99.930             Loss 0.17122
Epoch [104] Training Class Recall: [0.902,0.977,0.896,0.907,0.929,0.945,0.962,0.963,0.977,0.978]
Epoch [104] Testing Results: Prec@1 45.220 Prec@5 85.080             Loss 3.16714
Epoch [104] Testing Class Recall: [0.624,0.849,0.387,0.432,0.417,0.547,0.602,0.190,0.322,0.152]
Epoch [105] Training Results: Prec@1 94.275 Prec@5 99.947             Loss 0.17338
Epoch [105] Training Class Recall: [0.906,0.978,0.885,0.904,0.933,0.944,0.962,0.960,0.973,0.982]
Epoch [105] Testing Results: Prec@1 40.390 Prec@5 83.460             Loss 3.68430
Epoch [105] Testing Class Recall: [0.821,0.487,0.516,0.480,0.273,0.372,0.331,0.423,0.234,0.102]
Epoch [106] Training Results: Prec@1 94.442 Prec@5 99.940             Loss 0.16951
Epoch [106] Training Class Recall: [0.903,0.978,0.887,0.911,0.938,0.944,0.964,0.959,0.978,0.984]
Epoch [106] Testing Results: Prec@1 43.370 Prec@5 84.030             Loss 3.56816
Epoch [106] Testing Class Recall: [0.678,0.713,0.796,0.343,0.429,0.284,0.238,0.470,0.032,0.354]
Epoch [107] Training Results: Prec@1 94.147 Prec@5 99.935             Loss 0.17682
Epoch [107] Training Class Recall: [0.903,0.975,0.888,0.902,0.932,0.942,0.956,0.961,0.975,0.980]
Epoch [107] Testing Results: Prec@1 43.020 Prec@5 85.440             Loss 3.82968
Epoch [107] Testing Class Recall: [0.751,0.477,0.369,0.734,0.492,0.380,0.345,0.362,0.078,0.314]
Epoch [108] Training Results: Prec@1 94.502 Prec@5 99.940             Loss 0.16493
Epoch [108] Training Class Recall: [0.903,0.975,0.895,0.907,0.937,0.946,0.966,0.962,0.977,0.983]
Epoch [108] Testing Results: Prec@1 43.510 Prec@5 83.200             Loss 3.41254
Epoch [108] Testing Class Recall: [0.681,0.754,0.641,0.303,0.571,0.224,0.348,0.380,0.201,0.248]
Epoch [109] Training Results: Prec@1 94.027 Prec@5 99.960             Loss 0.18143
Epoch [109] Training Class Recall: [0.896,0.975,0.886,0.901,0.935,0.941,0.959,0.960,0.973,0.977]
Epoch [109] Testing Results: Prec@1 43.240 Prec@5 83.500             Loss 3.40273
Epoch [109] Testing Class Recall: [0.842,0.662,0.635,0.453,0.473,0.327,0.269,0.290,0.190,0.183]
Epoch [110] Training Results: Prec@1 94.192 Prec@5 99.957             Loss 0.17255
Epoch [110] Training Class Recall: [0.897,0.974,0.886,0.907,0.940,0.938,0.964,0.962,0.977,0.974]
Epoch [110] Testing Results: Prec@1 43.290 Prec@5 82.530             Loss 3.56231
Epoch [110] Testing Class Recall: [0.668,0.822,0.644,0.508,0.613,0.302,0.126,0.335,0.261,0.050]
Epoch [111] Training Results: Prec@1 94.285 Prec@5 99.938             Loss 0.17382
Epoch [111] Training Class Recall: [0.901,0.976,0.895,0.905,0.932,0.941,0.961,0.963,0.976,0.979]
Epoch [111] Testing Results: Prec@1 49.200 Prec@5 87.040             Loss 3.11199
Epoch [111] Testing Class Recall: [0.677,0.869,0.590,0.476,0.403,0.284,0.658,0.381,0.277,0.305]
Epoch [112] Training Results: Prec@1 95.025 Prec@5 99.955             Loss 0.15243
Epoch [112] Training Class Recall: [0.912,0.982,0.901,0.913,0.943,0.951,0.965,0.968,0.984,0.985]
Epoch [112] Testing Results: Prec@1 45.590 Prec@5 84.110             Loss 3.66847
Epoch [112] Testing Class Recall: [0.776,0.776,0.474,0.540,0.509,0.415,0.352,0.426,0.157,0.134]
Epoch [113] Training Results: Prec@1 94.210 Prec@5 99.942             Loss 0.17667
Epoch [113] Training Class Recall: [0.902,0.974,0.891,0.903,0.935,0.939,0.961,0.964,0.973,0.980]
Epoch [113] Testing Results: Prec@1 47.520 Prec@5 86.220             Loss 3.05725
Epoch [113] Testing Class Recall: [0.673,0.743,0.522,0.414,0.635,0.616,0.466,0.204,0.260,0.219]
Epoch [114] Training Results: Prec@1 94.287 Prec@5 99.925             Loss 0.17423
Epoch [114] Training Class Recall: [0.890,0.975,0.886,0.913,0.941,0.942,0.965,0.967,0.973,0.977]
Epoch [114] Testing Results: Prec@1 44.430 Prec@5 82.550             Loss 3.21030
Epoch [114] Testing Class Recall: [0.768,0.769,0.646,0.487,0.298,0.292,0.311,0.405,0.278,0.189]
Epoch [115] Training Results: Prec@1 94.377 Prec@5 99.962             Loss 0.17299
Epoch [115] Training Class Recall: [0.898,0.977,0.892,0.905,0.935,0.949,0.964,0.961,0.976,0.982]
Epoch [115] Testing Results: Prec@1 47.450 Prec@5 85.300             Loss 3.37059
Epoch [115] Testing Class Recall: [0.789,0.872,0.502,0.448,0.532,0.419,0.305,0.371,0.410,0.097]
Epoch [116] Training Results: Prec@1 94.615 Prec@5 99.970             Loss 0.16046
Epoch [116] Training Class Recall: [0.907,0.979,0.895,0.907,0.935,0.949,0.964,0.966,0.977,0.981]
Epoch [116] Testing Results: Prec@1 43.170 Prec@5 81.190             Loss 3.57249
Epoch [116] Testing Class Recall: [0.750,0.742,0.540,0.630,0.228,0.448,0.371,0.216,0.349,0.043]
Epoch [117] Training Results: Prec@1 94.177 Prec@5 99.967             Loss 0.17646
Epoch [117] Training Class Recall: [0.900,0.976,0.898,0.899,0.931,0.940,0.959,0.960,0.973,0.981]
Epoch [117] Testing Results: Prec@1 43.190 Prec@5 85.520             Loss 3.46461
Epoch [117] Testing Class Recall: [0.825,0.637,0.411,0.394,0.579,0.367,0.144,0.402,0.300,0.260]
Epoch [118] Training Results: Prec@1 93.908 Prec@5 99.955             Loss 0.18310
Epoch [118] Training Class Recall: [0.895,0.981,0.889,0.896,0.927,0.939,0.961,0.954,0.971,0.978]
Epoch [118] Testing Results: Prec@1 41.730 Prec@5 82.230             Loss 3.46168
Epoch [118] Testing Class Recall: [0.734,0.774,0.503,0.585,0.373,0.303,0.291,0.365,0.157,0.088]
Epoch [119] Training Results: Prec@1 94.368 Prec@5 99.957             Loss 0.16829
Epoch [119] Training Class Recall: [0.893,0.975,0.889,0.910,0.938,0.946,0.963,0.964,0.977,0.982]
Epoch [119] Testing Results: Prec@1 42.440 Prec@5 79.460             Loss 4.34934
Epoch [119] Testing Class Recall: [0.817,0.814,0.588,0.598,0.391,0.097,0.459,0.261,0.081,0.138]
Epoch [120] Training Results: Prec@1 94.722 Prec@5 99.962             Loss 0.16086
Epoch [120] Training Class Recall: [0.905,0.978,0.896,0.912,0.940,0.952,0.966,0.966,0.980,0.979]
Epoch [120] Testing Results: Prec@1 45.960 Prec@5 86.000             Loss 3.27645
Epoch [120] Testing Class Recall: [0.723,0.540,0.461,0.603,0.625,0.264,0.237,0.258,0.396,0.489]
Epoch [121] Training Results: Prec@1 94.105 Prec@5 99.957             Loss 0.17728
Epoch [121] Training Class Recall: [0.896,0.974,0.894,0.910,0.925,0.940,0.962,0.959,0.971,0.980]
Epoch [121] Testing Results: Prec@1 41.790 Prec@5 81.200             Loss 4.26443
Epoch [121] Testing Class Recall: [0.677,0.786,0.745,0.557,0.417,0.228,0.274,0.284,0.084,0.127]
Epoch [122] Training Results: Prec@1 94.640 Prec@5 99.957             Loss 0.16081
Epoch [122] Training Class Recall: [0.901,0.977,0.896,0.913,0.936,0.947,0.970,0.968,0.974,0.982]
Epoch [122] Testing Results: Prec@1 46.170 Prec@5 83.900             Loss 3.56679
Epoch [122] Testing Class Recall: [0.853,0.799,0.507,0.386,0.658,0.440,0.438,0.251,0.112,0.173]
Epoch [123] Training Results: Prec@1 94.265 Prec@5 99.945             Loss 0.17173
Epoch [123] Training Class Recall: [0.897,0.975,0.890,0.906,0.931,0.946,0.960,0.961,0.977,0.983]
Epoch [123] Testing Results: Prec@1 44.130 Prec@5 83.280             Loss 3.33788
Epoch [123] Testing Class Recall: [0.667,0.861,0.595,0.465,0.504,0.484,0.361,0.287,0.124,0.065]
Epoch [124] Training Results: Prec@1 94.410 Prec@5 99.950             Loss 0.16769
Epoch [124] Training Class Recall: [0.901,0.977,0.891,0.911,0.935,0.946,0.959,0.964,0.977,0.980]
Epoch [124] Testing Results: Prec@1 46.020 Prec@5 86.010             Loss 3.56231
Epoch [124] Testing Class Recall: [0.512,0.945,0.671,0.475,0.601,0.271,0.466,0.309,0.227,0.125]
Epoch [125] Training Results: Prec@1 95.150 Prec@5 99.965             Loss 0.14908
Epoch [125] Training Class Recall: [0.911,0.984,0.899,0.918,0.944,0.956,0.968,0.971,0.982,0.983]
Epoch [125] Testing Results: Prec@1 45.010 Prec@5 84.760             Loss 3.41815
Epoch [125] Testing Class Recall: [0.839,0.552,0.651,0.434,0.424,0.290,0.272,0.381,0.424,0.234]
Epoch [126] Training Results: Prec@1 94.645 Prec@5 99.965             Loss 0.16148
Epoch [126] Training Class Recall: [0.912,0.976,0.897,0.909,0.942,0.948,0.967,0.957,0.978,0.978]
Epoch [126] Testing Results: Prec@1 46.630 Prec@5 86.080             Loss 3.17376
Epoch [126] Testing Class Recall: [0.604,0.671,0.564,0.616,0.494,0.331,0.507,0.418,0.077,0.381]
Epoch [127] Training Results: Prec@1 94.100 Prec@5 99.940             Loss 0.17775
Epoch [127] Training Class Recall: [0.895,0.974,0.888,0.899,0.936,0.944,0.962,0.965,0.971,0.978]
Epoch [127] Testing Results: Prec@1 43.350 Prec@5 85.220             Loss 3.33600
Epoch [127] Testing Class Recall: [0.627,0.676,0.791,0.211,0.266,0.340,0.404,0.284,0.442,0.294]
Epoch [128] Training Results: Prec@1 94.385 Prec@5 99.942             Loss 0.16800
Epoch [128] Training Class Recall: [0.903,0.977,0.888,0.900,0.942,0.945,0.960,0.961,0.979,0.984]
Epoch [128] Testing Results: Prec@1 46.480 Prec@5 86.640             Loss 3.48709
Epoch [128] Testing Class Recall: [0.412,0.912,0.682,0.391,0.506,0.289,0.565,0.395,0.358,0.138]
Epoch [129] Training Results: Prec@1 94.345 Prec@5 99.940             Loss 0.17313
Epoch [129] Training Class Recall: [0.902,0.976,0.887,0.915,0.935,0.941,0.963,0.961,0.974,0.981]
Epoch [129] Testing Results: Prec@1 48.530 Prec@5 88.350             Loss 2.93851
Epoch [129] Testing Class Recall: [0.618,0.644,0.662,0.407,0.520,0.482,0.493,0.252,0.303,0.472]
Epoch [130] Training Results: Prec@1 94.495 Prec@5 99.945             Loss 0.16815
Epoch [130] Training Class Recall: [0.898,0.977,0.903,0.911,0.940,0.944,0.961,0.958,0.977,0.981]
Epoch [130] Testing Results: Prec@1 42.990 Prec@5 82.930             Loss 3.84944
Epoch [130] Testing Class Recall: [0.714,0.843,0.484,0.594,0.498,0.315,0.434,0.130,0.183,0.104]
Epoch [131] Training Results: Prec@1 94.880 Prec@5 99.942             Loss 0.15569
Epoch [131] Training Class Recall: [0.907,0.979,0.897,0.925,0.944,0.946,0.968,0.963,0.979,0.983]
Epoch [131] Testing Results: Prec@1 48.140 Prec@5 87.770             Loss 2.82587
Epoch [131] Testing Class Recall: [0.683,0.779,0.595,0.573,0.420,0.324,0.359,0.589,0.225,0.267]
Epoch [132] Training Results: Prec@1 94.582 Prec@5 99.942             Loss 0.16281
Epoch [132] Training Class Recall: [0.909,0.977,0.894,0.908,0.938,0.949,0.965,0.964,0.976,0.979]
Epoch [132] Testing Results: Prec@1 47.500 Prec@5 86.270             Loss 3.20344
Epoch [132] Testing Class Recall: [0.692,0.730,0.442,0.607,0.403,0.237,0.559,0.435,0.542,0.103]
Epoch [133] Training Results: Prec@1 94.542 Prec@5 99.955             Loss 0.16652
Epoch [133] Training Class Recall: [0.905,0.981,0.896,0.917,0.934,0.945,0.963,0.958,0.976,0.980]
Epoch [133] Testing Results: Prec@1 45.320 Prec@5 85.960             Loss 3.27344
Epoch [133] Testing Class Recall: [0.685,0.735,0.559,0.679,0.355,0.248,0.360,0.342,0.406,0.163]
Epoch [134] Training Results: Prec@1 94.860 Prec@5 99.967             Loss 0.15916
Epoch [134] Training Class Recall: [0.901,0.981,0.904,0.913,0.940,0.952,0.968,0.967,0.980,0.981]
Epoch [134] Testing Results: Prec@1 47.920 Prec@5 86.600             Loss 2.96203
Epoch [134] Testing Class Recall: [0.720,0.737,0.473,0.516,0.341,0.520,0.578,0.456,0.256,0.195]
Epoch [135] Training Results: Prec@1 94.890 Prec@5 99.932             Loss 0.15547
Epoch [135] Training Class Recall: [0.910,0.976,0.906,0.919,0.936,0.951,0.969,0.963,0.977,0.982]
Epoch [135] Testing Results: Prec@1 40.380 Prec@5 80.470             Loss 4.20222
Epoch [135] Testing Class Recall: [0.663,0.733,0.789,0.536,0.438,0.128,0.390,0.082,0.189,0.090]
Epoch [136] Training Results: Prec@1 93.897 Prec@5 99.938             Loss 0.18492
Epoch [136] Training Class Recall: [0.894,0.975,0.885,0.907,0.926,0.939,0.958,0.958,0.971,0.977]
Epoch [136] Testing Results: Prec@1 46.830 Prec@5 87.150             Loss 2.86328
Epoch [136] Testing Class Recall: [0.677,0.627,0.724,0.434,0.446,0.414,0.350,0.434,0.313,0.264]
Epoch [137] Training Results: Prec@1 95.182 Prec@5 99.947             Loss 0.14893
Epoch [137] Training Class Recall: [0.908,0.981,0.899,0.915,0.952,0.956,0.971,0.966,0.985,0.984]
Epoch [137] Testing Results: Prec@1 41.760 Prec@5 82.200             Loss 4.00400
Epoch [137] Testing Class Recall: [0.842,0.763,0.656,0.370,0.467,0.365,0.164,0.203,0.198,0.148]
Epoch [138] Training Results: Prec@1 94.490 Prec@5 99.965             Loss 0.16450
Epoch [138] Training Class Recall: [0.902,0.976,0.897,0.904,0.938,0.944,0.968,0.965,0.977,0.979]
Epoch [138] Testing Results: Prec@1 45.390 Prec@5 84.820             Loss 3.27942
Epoch [138] Testing Class Recall: [0.730,0.638,0.593,0.606,0.421,0.271,0.351,0.351,0.161,0.417]
Epoch [139] Training Results: Prec@1 94.493 Prec@5 99.927             Loss 0.16526
Epoch [139] Training Class Recall: [0.910,0.975,0.896,0.914,0.937,0.943,0.960,0.963,0.973,0.978]
Epoch [139] Testing Results: Prec@1 45.040 Prec@5 85.700             Loss 3.30634
Epoch [139] Testing Class Recall: [0.849,0.804,0.353,0.312,0.596,0.439,0.360,0.458,0.202,0.131]
Epoch [140] Training Results: Prec@1 94.460 Prec@5 99.960             Loss 0.16829
Epoch [140] Training Class Recall: [0.901,0.973,0.894,0.907,0.935,0.951,0.964,0.962,0.979,0.979]
Epoch [140] Testing Results: Prec@1 46.000 Prec@5 86.200             Loss 3.25631
Epoch [140] Testing Class Recall: [0.722,0.779,0.776,0.491,0.461,0.272,0.254,0.304,0.154,0.387]
Epoch [141] Training Results: Prec@1 94.722 Prec@5 99.960             Loss 0.16270
Epoch [141] Training Class Recall: [0.907,0.977,0.903,0.911,0.939,0.948,0.965,0.965,0.973,0.985]
Epoch [141] Testing Results: Prec@1 45.080 Prec@5 86.630             Loss 3.63410
Epoch [141] Testing Class Recall: [0.872,0.661,0.456,0.329,0.730,0.252,0.501,0.291,0.249,0.167]
Epoch [142] Training Results: Prec@1 95.050 Prec@5 99.955             Loss 0.15263
Epoch [142] Training Class Recall: [0.910,0.980,0.905,0.922,0.943,0.948,0.968,0.968,0.982,0.979]
Epoch [142] Testing Results: Prec@1 41.910 Prec@5 83.090             Loss 3.91782
Epoch [142] Testing Class Recall: [0.797,0.729,0.597,0.175,0.676,0.344,0.478,0.092,0.093,0.210]
Epoch [143] Training Results: Prec@1 95.065 Prec@5 99.945             Loss 0.15232
Epoch [143] Training Class Recall: [0.909,0.979,0.903,0.913,0.942,0.953,0.973,0.967,0.980,0.988]
Epoch [143] Testing Results: Prec@1 45.790 Prec@5 84.940             Loss 3.11954
Epoch [143] Testing Class Recall: [0.589,0.676,0.639,0.599,0.609,0.425,0.166,0.237,0.424,0.215]
Epoch [144] Training Results: Prec@1 94.587 Prec@5 99.967             Loss 0.16412
Epoch [144] Training Class Recall: [0.904,0.977,0.898,0.909,0.936,0.949,0.966,0.960,0.978,0.981]
Epoch [144] Testing Results: Prec@1 46.510 Prec@5 85.250             Loss 3.49331
Epoch [144] Testing Class Recall: [0.745,0.813,0.589,0.490,0.593,0.274,0.457,0.194,0.343,0.153]
Epoch [145] Training Results: Prec@1 94.427 Prec@5 99.947             Loss 0.17021
Epoch [145] Training Class Recall: [0.905,0.974,0.895,0.910,0.928,0.948,0.962,0.964,0.975,0.981]
Epoch [145] Testing Results: Prec@1 41.800 Prec@5 79.450             Loss 4.99559
Epoch [145] Testing Class Recall: [0.631,0.925,0.413,0.526,0.481,0.188,0.374,0.567,0.044,0.031]
Epoch [146] Training Results: Prec@1 94.592 Prec@5 99.950             Loss 0.16274
Epoch [146] Training Class Recall: [0.905,0.979,0.897,0.912,0.938,0.948,0.962,0.967,0.970,0.981]
Epoch [146] Testing Results: Prec@1 43.560 Prec@5 84.850             Loss 3.62548
Epoch [146] Testing Class Recall: [0.417,0.669,0.472,0.726,0.671,0.269,0.388,0.265,0.412,0.067]
Epoch [147] Training Results: Prec@1 94.688 Prec@5 99.945             Loss 0.16088
Epoch [147] Training Class Recall: [0.909,0.971,0.894,0.913,0.941,0.950,0.966,0.964,0.979,0.982]
Epoch [147] Testing Results: Prec@1 42.830 Prec@5 83.700             Loss 3.38304
Epoch [147] Testing Class Recall: [0.615,0.597,0.686,0.370,0.441,0.311,0.528,0.287,0.167,0.281]
Epoch [148] Training Results: Prec@1 94.865 Prec@5 99.942             Loss 0.15467
Epoch [148] Training Class Recall: [0.906,0.980,0.898,0.920,0.942,0.946,0.965,0.967,0.981,0.983]
Epoch [148] Testing Results: Prec@1 42.080 Prec@5 83.170             Loss 3.70770
Epoch [148] Testing Class Recall: [0.791,0.625,0.493,0.450,0.716,0.236,0.231,0.377,0.197,0.092]
Epoch [149] Training Results: Prec@1 94.717 Prec@5 99.947             Loss 0.16032
Epoch [149] Training Class Recall: [0.907,0.978,0.897,0.918,0.938,0.946,0.964,0.963,0.975,0.987]
Epoch [149] Testing Results: Prec@1 45.510 Prec@5 85.740             Loss 3.03101
Epoch [149] Testing Class Recall: [0.701,0.647,0.615,0.289,0.568,0.292,0.479,0.356,0.178,0.426]
Epoch [150] Training Results: Prec@1 94.572 Prec@5 99.952             Loss 0.16118
Epoch [150] Training Class Recall: [0.900,0.979,0.902,0.907,0.937,0.948,0.965,0.959,0.977,0.984]
Epoch [150] Testing Results: Prec@1 46.350 Prec@5 86.520             Loss 3.41981
Epoch [150] Testing Class Recall: [0.853,0.710,0.474,0.320,0.456,0.514,0.387,0.288,0.192,0.441]
Epoch [151] Training Results: Prec@1 94.455 Prec@5 99.957             Loss 0.16648
Epoch [151] Training Class Recall: [0.904,0.974,0.898,0.909,0.934,0.943,0.964,0.962,0.979,0.978]
Epoch [151] Testing Results: Prec@1 49.520 Prec@5 87.810             Loss 3.08330
Epoch [151] Testing Class Recall: [0.688,0.731,0.497,0.611,0.716,0.240,0.550,0.219,0.280,0.420]
Epoch [152] Training Results: Prec@1 95.607 Prec@5 99.978             Loss 0.13629
Epoch [152] Training Class Recall: [0.924,0.984,0.916,0.924,0.945,0.958,0.973,0.973,0.979,0.985]
Epoch [152] Testing Results: Prec@1 46.310 Prec@5 85.080             Loss 3.11816
Epoch [152] Testing Class Recall: [0.776,0.807,0.546,0.407,0.470,0.241,0.555,0.429,0.206,0.194]
Epoch [153] Training Results: Prec@1 93.938 Prec@5 99.945             Loss 0.18075
Epoch [153] Training Class Recall: [0.894,0.972,0.884,0.902,0.931,0.945,0.963,0.957,0.973,0.973]
Epoch [153] Testing Results: Prec@1 46.560 Prec@5 85.980             Loss 3.12993
Epoch [153] Testing Class Recall: [0.639,0.753,0.602,0.517,0.552,0.191,0.420,0.259,0.329,0.394]
Epoch [154] Training Results: Prec@1 95.150 Prec@5 99.972             Loss 0.14578
Epoch [154] Training Class Recall: [0.911,0.977,0.904,0.917,0.946,0.954,0.974,0.967,0.980,0.985]
Epoch [154] Testing Results: Prec@1 47.370 Prec@5 86.040             Loss 3.15984
Epoch [154] Testing Class Recall: [0.619,0.768,0.686,0.584,0.415,0.456,0.410,0.398,0.230,0.171]
Epoch [155] Training Results: Prec@1 94.580 Prec@5 99.955             Loss 0.16269
Epoch [155] Training Class Recall: [0.901,0.975,0.900,0.911,0.941,0.950,0.966,0.960,0.975,0.979]
Epoch [155] Testing Results: Prec@1 47.130 Prec@5 86.460             Loss 3.17377
Epoch [155] Testing Class Recall: [0.643,0.772,0.587,0.709,0.496,0.365,0.212,0.427,0.238,0.264]
Epoch [156] Training Results: Prec@1 94.840 Prec@5 99.980             Loss 0.15593
Epoch [156] Training Class Recall: [0.905,0.980,0.902,0.921,0.939,0.946,0.966,0.969,0.975,0.981]
Epoch [156] Testing Results: Prec@1 43.360 Prec@5 82.410             Loss 3.58212
Epoch [156] Testing Class Recall: [0.603,0.640,0.547,0.647,0.381,0.245,0.541,0.441,0.231,0.060]
Epoch [157] Training Results: Prec@1 94.795 Prec@5 99.960             Loss 0.15908
Epoch [157] Training Class Recall: [0.907,0.981,0.900,0.917,0.939,0.950,0.963,0.964,0.978,0.981]
Epoch [157] Testing Results: Prec@1 45.490 Prec@5 85.650             Loss 3.18263
Epoch [157] Testing Class Recall: [0.678,0.847,0.509,0.114,0.507,0.314,0.729,0.392,0.260,0.199]
Epoch [158] Training Results: Prec@1 94.735 Prec@5 99.927             Loss 0.15905
Epoch [158] Training Class Recall: [0.909,0.978,0.902,0.906,0.943,0.947,0.967,0.965,0.980,0.977]
Epoch [158] Testing Results: Prec@1 47.610 Prec@5 86.670             Loss 2.90285
Epoch [158] Testing Class Recall: [0.716,0.683,0.371,0.419,0.633,0.321,0.595,0.425,0.311,0.287]
Epoch [159] Training Results: Prec@1 95.560 Prec@5 99.967             Loss 0.13628
Epoch [159] Training Class Recall: [0.921,0.980,0.916,0.924,0.948,0.956,0.975,0.968,0.983,0.986]
Epoch [159] Testing Results: Prec@1 47.750 Prec@5 88.380             Loss 2.90948
Epoch [159] Testing Class Recall: [0.788,0.533,0.496,0.449,0.461,0.520,0.390,0.424,0.264,0.450]
Epoch [160] Training Results: Prec@1 96.835 Prec@5 99.987             Loss 0.09843
Epoch [160] Training Class Recall: [0.936,0.988,0.926,0.951,0.965,0.983,0.980,0.980,0.978,0.997]
Epoch [160] Testing Results: Prec@1 50.200 Prec@5 88.080             Loss 2.83041
Epoch [160] Testing Class Recall: [0.750,0.742,0.617,0.558,0.560,0.417,0.508,0.377,0.243,0.248]
Epoch [161] Training Results: Prec@1 98.335 Prec@5 99.993             Loss 0.05762
Epoch [161] Training Class Recall: [0.962,0.999,0.954,0.970,0.982,0.989,0.992,0.993,0.996,0.998]
Epoch [161] Testing Results: Prec@1 50.030 Prec@5 87.700             Loss 2.91758
Epoch [161] Testing Class Recall: [0.754,0.742,0.646,0.576,0.573,0.393,0.494,0.392,0.226,0.207]
Epoch [162] Training Results: Prec@1 98.680 Prec@5 99.993             Loss 0.04642
Epoch [162] Training Class Recall: [0.966,0.996,0.963,0.976,0.986,0.993,0.994,0.996,0.998,0.999]
Epoch [162] Testing Results: Prec@1 49.960 Prec@5 87.470             Loss 2.98098
Epoch [162] Testing Class Recall: [0.768,0.763,0.672,0.572,0.568,0.393,0.483,0.361,0.221,0.195]
Epoch [163] Training Results: Prec@1 98.935 Prec@5 99.995             Loss 0.04080
Epoch [163] Training Class Recall: [0.974,0.998,0.967,0.982,0.987,0.996,0.997,0.997,0.999,0.999]
Epoch [163] Testing Results: Prec@1 50.080 Prec@5 87.530             Loss 2.97900
Epoch [163] Testing Class Recall: [0.760,0.771,0.671,0.568,0.580,0.375,0.486,0.382,0.232,0.183]
Epoch [164] Training Results: Prec@1 99.055 Prec@5 99.995             Loss 0.03643
Epoch [164] Training Class Recall: [0.975,0.998,0.973,0.981,0.992,0.996,0.995,0.997,0.999,1.000]
Epoch [164] Testing Results: Prec@1 50.200 Prec@5 87.540             Loss 2.98509
Epoch [164] Testing Class Recall: [0.780,0.775,0.661,0.591,0.573,0.371,0.478,0.375,0.235,0.181]
Epoch [165] Training Results: Prec@1 99.205 Prec@5 99.993             Loss 0.03127
Epoch [165] Training Class Recall: [0.976,0.998,0.976,0.985,0.994,0.996,0.997,0.999,0.999,1.000]
Epoch [165] Testing Results: Prec@1 50.110 Prec@5 87.550             Loss 3.01564
Epoch [165] Testing Class Recall: [0.791,0.774,0.679,0.595,0.545,0.382,0.465,0.360,0.231,0.189]
Epoch [166] Training Results: Prec@1 99.230 Prec@5 99.997             Loss 0.03020
Epoch [166] Training Class Recall: [0.980,0.999,0.977,0.984,0.994,0.996,0.998,0.999,0.999,1.000]
Epoch [166] Testing Results: Prec@1 50.010 Prec@5 87.520             Loss 3.02639
Epoch [166] Testing Class Recall: [0.775,0.748,0.671,0.578,0.586,0.390,0.462,0.361,0.209,0.221]
Epoch [167] Training Results: Prec@1 99.357 Prec@5 99.995             Loss 0.02737
Epoch [167] Training Class Recall: [0.983,0.999,0.978,0.990,0.993,0.998,0.999,0.998,1.000,1.000]
Epoch [167] Testing Results: Prec@1 50.100 Prec@5 87.530             Loss 3.01594
Epoch [167] Testing Class Recall: [0.798,0.781,0.652,0.585,0.545,0.401,0.472,0.376,0.215,0.185]
Epoch [168] Training Results: Prec@1 99.327 Prec@5 99.997             Loss 0.02720
Epoch [168] Training Class Recall: [0.979,0.997,0.977,0.989,0.997,0.997,0.999,1.000,1.000,1.000]
Epoch [168] Testing Results: Prec@1 50.030 Prec@5 87.640             Loss 3.03360
Epoch [168] Testing Class Recall: [0.791,0.770,0.664,0.592,0.569,0.378,0.442,0.376,0.215,0.206]
Epoch [169] Training Results: Prec@1 99.455 Prec@5 99.995             Loss 0.02444
Epoch [169] Training Class Recall: [0.986,0.999,0.983,0.989,0.995,0.997,0.999,1.000,1.000,1.000]
Epoch [169] Testing Results: Prec@1 50.260 Prec@5 87.630             Loss 3.01308
Epoch [169] Testing Class Recall: [0.788,0.792,0.667,0.588,0.557,0.393,0.444,0.376,0.224,0.197]
Epoch [170] Training Results: Prec@1 99.485 Prec@5 99.995             Loss 0.02293
Epoch [170] Training Class Recall: [0.984,1.000,0.986,0.989,0.996,0.998,0.999,0.999,1.000,1.000]
Epoch [170] Testing Results: Prec@1 50.300 Prec@5 87.700             Loss 3.02555
Epoch [170] Testing Class Recall: [0.788,0.771,0.658,0.618,0.556,0.383,0.452,0.392,0.221,0.191]
Epoch [171] Training Results: Prec@1 99.493 Prec@5 100.000             Loss 0.02242
Epoch [171] Training Class Recall: [0.987,1.000,0.980,0.990,0.997,0.998,1.000,0.999,1.000,1.000]
Epoch [171] Testing Results: Prec@1 50.030 Prec@5 87.450             Loss 3.03902
Epoch [171] Testing Class Recall: [0.785,0.779,0.678,0.580,0.564,0.384,0.452,0.372,0.209,0.200]
Epoch [172] Training Results: Prec@1 99.540 Prec@5 100.000             Loss 0.02105
Epoch [172] Training Class Recall: [0.988,1.000,0.985,0.993,0.994,0.999,0.998,1.000,1.000,1.000]
Epoch [172] Testing Results: Prec@1 49.910 Prec@5 87.620             Loss 3.06102
Epoch [172] Testing Class Recall: [0.793,0.795,0.679,0.592,0.539,0.382,0.426,0.375,0.223,0.187]
Epoch [173] Training Results: Prec@1 99.550 Prec@5 99.995             Loss 0.02044
Epoch [173] Training Class Recall: [0.988,0.999,0.982,0.991,0.997,0.999,0.999,1.000,1.000,1.000]
Epoch [173] Testing Results: Prec@1 49.900 Prec@5 87.560             Loss 3.08036
Epoch [173] Testing Class Recall: [0.781,0.782,0.685,0.575,0.569,0.395,0.416,0.361,0.221,0.205]
Epoch [174] Training Results: Prec@1 99.535 Prec@5 100.000             Loss 0.02071
Epoch [174] Training Class Recall: [0.985,1.000,0.983,0.992,0.998,0.999,0.999,0.999,1.000,1.000]
Epoch [174] Testing Results: Prec@1 50.030 Prec@5 87.360             Loss 3.14375
Epoch [174] Testing Class Recall: [0.791,0.800,0.669,0.611,0.572,0.365,0.444,0.356,0.213,0.182]
Epoch [175] Training Results: Prec@1 99.637 Prec@5 100.000             Loss 0.01845
Epoch [175] Training Class Recall: [0.990,1.000,0.987,0.994,0.998,0.999,0.999,0.999,1.000,1.000]
Epoch [175] Testing Results: Prec@1 49.840 Prec@5 87.360             Loss 3.09810
Epoch [175] Testing Class Recall: [0.783,0.772,0.685,0.604,0.563,0.369,0.445,0.360,0.206,0.197]
Epoch [176] Training Results: Prec@1 99.605 Prec@5 100.000             Loss 0.01870
Epoch [176] Training Class Recall: [0.988,1.000,0.986,0.993,0.998,0.999,0.999,1.000,1.000,1.000]
Epoch [176] Testing Results: Prec@1 49.720 Prec@5 87.340             Loss 3.13078
Epoch [176] Testing Class Recall: [0.785,0.768,0.668,0.616,0.563,0.381,0.446,0.358,0.211,0.176]
Epoch [177] Training Results: Prec@1 99.607 Prec@5 100.000             Loss 0.01801
Epoch [177] Training Class Recall: [0.988,1.000,0.985,0.994,0.998,0.998,0.999,0.999,1.000,1.000]
Epoch [177] Testing Results: Prec@1 49.570 Prec@5 87.150             Loss 3.14680
Epoch [177] Testing Class Recall: [0.790,0.784,0.683,0.616,0.555,0.368,0.436,0.346,0.213,0.166]
Epoch [178] Training Results: Prec@1 99.705 Prec@5 100.000             Loss 0.01623
Epoch [178] Training Class Recall: [0.991,0.999,0.989,0.994,0.999,1.000,0.999,1.000,1.000,1.000]
Epoch [178] Testing Results: Prec@1 49.410 Prec@5 87.030             Loss 3.19143
Epoch [178] Testing Class Recall: [0.794,0.760,0.677,0.613,0.580,0.361,0.436,0.353,0.190,0.177]
Epoch [179] Training Results: Prec@1 99.667 Prec@5 99.997             Loss 0.01639
Epoch [179] Training Class Recall: [0.987,1.000,0.989,0.995,0.998,0.999,1.000,1.000,1.000,1.000]
Epoch [179] Testing Results: Prec@1 49.920 Prec@5 87.420             Loss 3.11382
Epoch [179] Testing Class Recall: [0.790,0.786,0.669,0.621,0.552,0.377,0.442,0.354,0.209,0.192]
Epoch [180] Training Results: Prec@1 99.673 Prec@5 99.997             Loss 0.01617
Epoch [180] Training Class Recall: [0.991,0.999,0.987,0.996,0.997,0.998,0.999,1.000,1.000,1.000]
Epoch [180] Testing Results: Prec@1 49.350 Prec@5 87.340             Loss 3.11846
Epoch [180] Testing Class Recall: [0.785,0.769,0.696,0.576,0.574,0.374,0.397,0.372,0.214,0.178]
Epoch [181] Training Results: Prec@1 99.680 Prec@5 99.997             Loss 0.01629
Epoch [181] Training Class Recall: [0.992,0.999,0.989,0.994,0.997,0.998,1.000,1.000,1.000,1.000]
Epoch [181] Testing Results: Prec@1 49.610 Prec@5 87.390             Loss 3.11091
Epoch [181] Testing Class Recall: [0.798,0.782,0.684,0.579,0.571,0.382,0.412,0.358,0.208,0.187]
Epoch [182] Training Results: Prec@1 99.675 Prec@5 99.993             Loss 0.01606
Epoch [182] Training Class Recall: [0.989,1.000,0.989,0.995,0.998,0.999,1.000,0.999,1.000,1.000]
Epoch [182] Testing Results: Prec@1 49.630 Prec@5 87.450             Loss 3.10957
Epoch [182] Testing Class Recall: [0.796,0.782,0.681,0.585,0.565,0.386,0.395,0.374,0.200,0.199]
Epoch [183] Training Results: Prec@1 99.715 Prec@5 100.000             Loss 0.01562
Epoch [183] Training Class Recall: [0.992,1.000,0.991,0.996,0.997,0.999,0.998,1.000,1.000,1.000]
Epoch [183] Testing Results: Prec@1 49.630 Prec@5 87.290             Loss 3.13754
Epoch [183] Testing Class Recall: [0.784,0.785,0.680,0.614,0.556,0.376,0.430,0.341,0.214,0.183]
Epoch [184] Training Results: Prec@1 99.637 Prec@5 99.997             Loss 0.01649
Epoch [184] Training Class Recall: [0.990,1.000,0.987,0.993,0.997,0.999,1.000,1.000,1.000,1.000]
Epoch [184] Testing Results: Prec@1 49.770 Prec@5 87.410             Loss 3.13743
Epoch [184] Testing Class Recall: [0.800,0.795,0.666,0.601,0.566,0.384,0.411,0.360,0.209,0.185]
Epoch [185] Training Results: Prec@1 99.685 Prec@5 100.000             Loss 0.01589
Epoch [185] Training Class Recall: [0.991,1.000,0.988,0.995,0.998,0.999,0.999,1.000,1.000,1.000]
Epoch [185] Testing Results: Prec@1 49.500 Prec@5 87.360             Loss 3.12669
Epoch [185] Testing Class Recall: [0.792,0.778,0.692,0.590,0.550,0.375,0.419,0.352,0.215,0.187]
Epoch [186] Training Results: Prec@1 99.645 Prec@5 99.997             Loss 0.01687
Epoch [186] Training Class Recall: [0.990,0.999,0.989,0.993,0.998,0.999,0.999,1.000,1.000,1.000]
Epoch [186] Testing Results: Prec@1 49.740 Prec@5 87.300             Loss 3.13198
Epoch [186] Testing Class Recall: [0.792,0.779,0.676,0.592,0.559,0.378,0.439,0.364,0.197,0.198]
Epoch [187] Training Results: Prec@1 99.690 Prec@5 99.997             Loss 0.01662
Epoch [187] Training Class Recall: [0.991,1.000,0.990,0.993,0.998,0.999,1.000,1.000,1.000,1.000]
Epoch [187] Testing Results: Prec@1 49.980 Prec@5 87.530             Loss 3.08516
Epoch [187] Testing Class Recall: [0.792,0.802,0.669,0.606,0.567,0.352,0.437,0.367,0.225,0.181]
Epoch [188] Training Results: Prec@1 99.655 Prec@5 100.000             Loss 0.01628
Epoch [188] Training Class Recall: [0.988,1.000,0.988,0.995,0.998,0.999,0.999,1.000,1.000,1.000]
Epoch [188] Testing Results: Prec@1 49.280 Prec@5 87.290             Loss 3.15101
Epoch [188] Testing Class Recall: [0.796,0.779,0.693,0.584,0.539,0.380,0.416,0.369,0.197,0.175]
Epoch [189] Training Results: Prec@1 99.645 Prec@5 99.997             Loss 0.01679
Epoch [189] Training Class Recall: [0.989,1.000,0.987,0.993,0.998,0.999,1.000,1.000,1.000,1.000]
Epoch [189] Testing Results: Prec@1 49.980 Prec@5 87.410             Loss 3.10114
Epoch [189] Testing Class Recall: [0.793,0.777,0.686,0.594,0.557,0.382,0.451,0.359,0.208,0.191]
Epoch [190] Training Results: Prec@1 99.658 Prec@5 100.000             Loss 0.01687
Epoch [190] Training Class Recall: [0.992,1.000,0.989,0.993,0.996,0.998,1.000,0.999,1.000,1.000]
Epoch [190] Testing Results: Prec@1 49.780 Prec@5 87.390             Loss 3.14732
Epoch [190] Testing Class Recall: [0.788,0.803,0.683,0.612,0.540,0.367,0.445,0.345,0.214,0.181]
Epoch [191] Training Results: Prec@1 99.660 Prec@5 100.000             Loss 0.01619
Epoch [191] Training Class Recall: [0.990,0.999,0.987,0.994,0.998,1.000,0.999,1.000,1.000,1.000]
Epoch [191] Testing Results: Prec@1 49.940 Prec@5 87.390             Loss 3.08246
Epoch [191] Testing Class Recall: [0.788,0.777,0.677,0.603,0.564,0.387,0.421,0.364,0.203,0.210]
Epoch [192] Training Results: Prec@1 99.697 Prec@5 100.000             Loss 0.01602
Epoch [192] Training Class Recall: [0.992,0.999,0.988,0.994,0.998,1.000,1.000,1.000,1.000,1.000]
Epoch [192] Testing Results: Prec@1 49.840 Prec@5 87.420             Loss 3.11012
Epoch [192] Testing Class Recall: [0.782,0.789,0.687,0.593,0.584,0.359,0.422,0.359,0.207,0.202]
Epoch [193] Training Results: Prec@1 99.677 Prec@5 99.997             Loss 0.01581
Epoch [193] Training Class Recall: [0.991,1.000,0.988,0.994,0.998,0.999,1.000,1.000,1.000,1.000]
Epoch [193] Testing Results: Prec@1 49.560 Prec@5 87.360             Loss 3.14699
Epoch [193] Testing Class Recall: [0.794,0.785,0.683,0.588,0.565,0.375,0.416,0.359,0.214,0.177]
Epoch [194] Training Results: Prec@1 99.667 Prec@5 100.000             Loss 0.01641
Epoch [194] Training Class Recall: [0.988,0.999,0.988,0.995,0.998,1.000,1.000,1.000,1.000,1.000]
Epoch [194] Testing Results: Prec@1 49.580 Prec@5 87.390             Loss 3.12572
Epoch [194] Testing Class Recall: [0.803,0.782,0.683,0.569,0.567,0.374,0.434,0.351,0.209,0.186]
Epoch [195] Training Results: Prec@1 99.697 Prec@5 100.000             Loss 0.01558
Epoch [195] Training Class Recall: [0.993,0.999,0.988,0.994,0.998,0.999,1.000,1.000,1.000,1.000]
Epoch [195] Testing Results: Prec@1 49.960 Prec@5 87.600             Loss 3.09758
Epoch [195] Testing Class Recall: [0.793,0.791,0.680,0.578,0.565,0.385,0.433,0.348,0.225,0.198]
Epoch [196] Training Results: Prec@1 99.732 Prec@5 100.000             Loss 0.01476
Epoch [196] Training Class Recall: [0.992,1.000,0.989,0.996,0.999,0.999,0.999,1.000,1.000,1.000]
Epoch [196] Testing Results: Prec@1 49.730 Prec@5 87.440             Loss 3.12491
Epoch [196] Testing Class Recall: [0.793,0.784,0.671,0.617,0.532,0.392,0.432,0.361,0.203,0.188]
Epoch [197] Training Results: Prec@1 99.605 Prec@5 100.000             Loss 0.01674
Epoch [197] Training Class Recall: [0.989,0.999,0.986,0.994,0.997,0.998,1.000,1.000,1.000,1.000]
Epoch [197] Testing Results: Prec@1 50.040 Prec@5 87.490             Loss 3.10502
Epoch [197] Testing Class Recall: [0.788,0.784,0.678,0.593,0.561,0.401,0.432,0.376,0.193,0.198]
Epoch [198] Training Results: Prec@1 99.660 Prec@5 100.000             Loss 0.01619
Epoch [198] Training Class Recall: [0.994,0.999,0.986,0.993,0.998,0.999,1.000,0.999,1.000,1.000]
Epoch [198] Testing Results: Prec@1 49.760 Prec@5 87.300             Loss 3.15095
Epoch [198] Testing Class Recall: [0.788,0.800,0.684,0.591,0.553,0.385,0.432,0.348,0.220,0.175]
Epoch [199] Training Results: Prec@1 99.670 Prec@5 100.000             Loss 0.01633
Epoch [199] Training Class Recall: [0.991,0.999,0.989,0.992,0.998,0.999,1.000,1.000,1.000,0.999]
Epoch [199] Testing Results: Prec@1 48.960 Prec@5 87.220             Loss 3.17689
Epoch [199] Testing Class Recall: [0.797,0.751,0.692,0.594,0.541,0.377,0.388,0.352,0.206,0.198]
