Log file: cifar10_sava0.7_mamix_drw_exp0.01_seed42_20260614_215137.log
Run started: 2026-06-14 21:51:37.397373
Dataset: cifar10
Imbalance type: exp, factor: 0.01
Selection method: sava, ratio: 0.7
Strategy: MAMix_DRW, epochs: 200
Seed: 42, rand_number: 0
Augmentation: weak
mixup_alpha: 1.0
mamix_ratio: 1.0
============================================================

=> No CSV or TensorBoard logging – only console and debug log.
-----------------------------------------------
Class ID   | Original   | Selected   | Keep %  
-----------------------------------------------
0          | 5000       | 3151       |   63.0%
1          | 2997       | 2003       |   66.8%
2          | 1796       | 1609       |   89.6%
3          | 1077       | 759        |   70.5%
4          | 645        | 547        |   84.8%
5          | 387        | 223        |   57.6%
6          | 232        | 193        |   83.2%
7          | 139        | 88         |   63.3%
8          | 83         | 76         |   91.6%
9          | 50         | 35         |   70.0%
-----------------------------------------------
TOTAL      | 12406      | 8684       |   70.0%
-----------------------------------------------
Epoch [0] Training Results: Prec@1 40.454 Prec@5 90.696 Loss 1.62935
Epoch [0] Training Class Recall: [0.696,0.389,0.323,0.000,0.038,0.000,0.000,0.000,0.000,0.000]
Epoch [0] Testing Results: Prec@1 19.890 Prec@5 51.290 Loss 3.16832
Epoch [0] Testing Class Recall: [0.771,0.725,0.493,0.000,0.000,0.000,0.000,0.000,0.000,0.000]
Epoch [1] Training Results: Prec@1 51.796 Prec@5 93.160 Loss 1.38227
Epoch [1] Training Class Recall: [0.730,0.649,0.555,0.007,0.000,0.000,0.000,0.000,0.000,0.000]
Epoch [1] Testing Results: Prec@1 19.120 Prec@5 50.710 Loss 3.08775
Epoch [1] Testing Class Recall: [0.751,0.464,0.697,0.000,0.000,0.000,0.000,0.000,0.000,0.000]
Epoch [2] Training Results: Prec@1 54.479 Prec@5 93.333 Loss 1.36223
Epoch [2] Training Class Recall: [0.779,0.671,0.538,0.086,0.000,0.000,0.000,0.000,0.000,0.000]
Epoch [2] Testing Results: Prec@1 21.230 Prec@5 59.480 Loss 2.97034
Epoch [2] Testing Class Recall: [0.721,0.627,0.775,0.000,0.000,0.000,0.000,0.000,0.000,0.000]
Epoch [3] Training Results: Prec@1 58.740 Prec@5 93.448 Loss 1.29655
Epoch [3] Training Class Recall: [0.821,0.761,0.590,0.054,0.000,0.000,0.000,0.000,0.000,0.000]
Epoch [3] Testing Results: Prec@1 20.600 Prec@5 51.660 Loss 3.17006
Epoch [3] Testing Class Recall: [0.846,0.567,0.503,0.144,0.000,0.000,0.000,0.000,0.000,0.000]
Epoch [4] Training Results: Prec@1 60.375 Prec@5 93.482 Loss 1.24688
Epoch [4] Training Class Recall: [0.837,0.763,0.592,0.166,0.000,0.000,0.000,0.000,0.000,0.000]
Epoch [4] Testing Results: Prec@1 22.910 Prec@5 55.130 Loss 2.93137
Epoch [4] Testing Class Recall: [0.688,0.892,0.674,0.037,0.000,0.000,0.000,0.000,0.000,0.000]
Epoch [5] Training Results: Prec@1 62.298 Prec@5 93.759 Loss 1.23819
Epoch [5] Training Class Recall: [0.849,0.798,0.600,0.224,0.000,0.000,0.000,0.000,0.000,0.000]
Epoch [5] Testing Results: Prec@1 21.900 Prec@5 61.550 Loss 2.92870
Epoch [5] Testing Class Recall: [0.889,0.558,0.587,0.156,0.000,0.000,0.000,0.000,0.000,0.000]
Epoch [6] Training Results: Prec@1 63.243 Prec@5 93.690 Loss 1.25296
Epoch [6] Training Class Recall: [0.868,0.805,0.592,0.253,0.000,0.000,0.000,0.000,0.000,0.000]
Epoch [6] Testing Results: Prec@1 21.340 Prec@5 55.940 Loss 3.13633
Epoch [6] Testing Class Recall: [0.926,0.515,0.608,0.085,0.000,0.000,0.000,0.000,0.000,0.000]
Epoch [7] Training Results: Prec@1 64.717 Prec@5 93.966 Loss 1.22076
Epoch [7] Training Class Recall: [0.891,0.819,0.617,0.228,0.011,0.000,0.000,0.000,0.000,0.000]
Epoch [7] Testing Results: Prec@1 24.490 Prec@5 61.440 Loss 3.49032
Epoch [7] Testing Class Recall: [0.909,0.905,0.444,0.191,0.000,0.000,0.000,0.000,0.000,0.000]
Epoch [8] Training Results: Prec@1 64.671 Prec@5 94.127 Loss 1.22421
Epoch [8] Training Class Recall: [0.878,0.830,0.603,0.283,0.000,0.000,0.000,0.000,0.000,0.000]
Epoch [8] Testing Results: Prec@1 26.330 Prec@5 58.410 Loss 2.98401
Epoch [8] Testing Class Recall: [0.848,0.792,0.513,0.480,0.000,0.000,0.000,0.000,0.000,0.000]
Epoch [9] Training Results: Prec@1 65.788 Prec@5 94.300 Loss 1.20661
Epoch [9] Training Class Recall: [0.896,0.858,0.592,0.273,0.018,0.000,0.000,0.000,0.000,0.000]
Epoch [9] Testing Results: Prec@1 26.880 Prec@5 59.610 Loss 2.96093
Epoch [9] Testing Class Recall: [0.852,0.944,0.586,0.306,0.000,0.000,0.000,0.000,0.000,0.000]
Epoch [10] Training Results: Prec@1 67.434 Prec@5 94.588 Loss 1.16588
Epoch [10] Training Class Recall: [0.905,0.874,0.629,0.312,0.009,0.000,0.000,0.000,0.000,0.000]
Epoch [10] Testing Results: Prec@1 26.650 Prec@5 60.150 Loss 3.13490
Epoch [10] Testing Class Recall: [0.674,0.965,0.547,0.466,0.013,0.000,0.000,0.000,0.000,0.000]
Epoch [11] Training Results: Prec@1 68.551 Prec@5 94.910 Loss 1.14978
Epoch [11] Training Class Recall: [0.906,0.889,0.626,0.374,0.048,0.000,0.000,0.000,0.000,0.000]
Epoch [11] Testing Results: Prec@1 26.920 Prec@5 66.080 Loss 2.87553
Epoch [11] Testing Class Recall: [0.783,0.957,0.612,0.154,0.186,0.000,0.000,0.000,0.000,0.000]
Epoch [12] Training Results: Prec@1 69.415 Prec@5 95.083 Loss 1.15253
Epoch [12] Training Class Recall: [0.913,0.894,0.635,0.378,0.095,0.000,0.000,0.000,0.000,0.000]
Epoch [12] Testing Results: Prec@1 28.410 Prec@5 57.650 Loss 2.77203
Epoch [12] Testing Class Recall: [0.636,0.949,0.769,0.383,0.104,0.000,0.000,0.000,0.000,0.000]
Epoch [13] Training Results: Prec@1 70.451 Prec@5 94.887 Loss 1.15003
Epoch [13] Training Class Recall: [0.922,0.893,0.656,0.407,0.113,0.000,0.000,0.000,0.000,0.000]
Epoch [13] Testing Results: Prec@1 30.710 Prec@5 60.320 Loss 2.77820
Epoch [13] Testing Class Recall: [0.888,0.926,0.626,0.198,0.433,0.000,0.000,0.000,0.000,0.000]
Epoch [14] Training Results: Prec@1 70.613 Prec@5 95.129 Loss 1.14147
Epoch [14] Training Class Recall: [0.922,0.908,0.632,0.374,0.196,0.000,0.000,0.000,0.000,0.000]
Epoch [14] Testing Results: Prec@1 30.630 Prec@5 63.810 Loss 2.71958
Epoch [14] Testing Class Recall: [0.825,0.942,0.620,0.533,0.134,0.000,0.009,0.000,0.000,0.000]
Epoch [15] Training Results: Prec@1 71.499 Prec@5 95.336 Loss 1.10436
Epoch [15] Training Class Recall: [0.918,0.915,0.620,0.443,0.274,0.000,0.000,0.000,0.000,0.000]
Epoch [15] Testing Results: Prec@1 30.810 Prec@5 62.130 Loss 2.62235
Epoch [15] Testing Class Recall: [0.884,0.943,0.505,0.674,0.073,0.000,0.002,0.000,0.000,0.000]
Epoch [16] Training Results: Prec@1 73.457 Prec@5 95.808 Loss 1.05837
Epoch [16] Training Class Recall: [0.930,0.930,0.667,0.460,0.296,0.000,0.005,0.000,0.000,0.000]
Epoch [16] Testing Results: Prec@1 34.240 Prec@5 71.100 Loss 2.44238
Epoch [16] Testing Class Recall: [0.746,0.954,0.560,0.782,0.354,0.000,0.028,0.000,0.000,0.000]
Epoch [17] Training Results: Prec@1 74.620 Prec@5 96.027 Loss 1.09587
Epoch [17] Training Class Recall: [0.937,0.931,0.710,0.428,0.331,0.000,0.062,0.000,0.000,0.000]
Epoch [17] Testing Results: Prec@1 30.530 Prec@5 71.750 Loss 2.60593
Epoch [17] Testing Class Recall: [0.801,0.961,0.707,0.397,0.135,0.000,0.052,0.000,0.000,0.000]
Epoch [18] Training Results: Prec@1 75.104 Prec@5 96.119 Loss 1.08270
Epoch [18] Training Class Recall: [0.933,0.941,0.722,0.466,0.322,0.000,0.031,0.000,0.000,0.000]
Epoch [18] Testing Results: Prec@1 34.830 Prec@5 73.790 Loss 2.60701
Epoch [18] Testing Class Recall: [0.839,0.982,0.726,0.643,0.175,0.000,0.116,0.002,0.000,0.000]
Epoch [19] Training Results: Prec@1 75.898 Prec@5 96.499 Loss 1.08211
Epoch [19] Training Class Recall: [0.937,0.944,0.704,0.502,0.386,0.000,0.114,0.011,0.000,0.000]
Epoch [19] Testing Results: Prec@1 32.470 Prec@5 71.000 Loss 2.71473
Epoch [19] Testing Class Recall: [0.899,0.972,0.423,0.691,0.238,0.000,0.020,0.004,0.000,0.000]
Epoch [20] Training Results: Prec@1 76.681 Prec@5 96.810 Loss 1.03567
Epoch [20] Training Class Recall: [0.934,0.943,0.723,0.526,0.446,0.000,0.104,0.000,0.000,0.000]
Epoch [20] Testing Results: Prec@1 36.220 Prec@5 70.910 Loss 2.66109
Epoch [20] Testing Class Recall: [0.818,0.927,0.734,0.503,0.435,0.000,0.204,0.001,0.000,0.000]
Epoch [21] Training Results: Prec@1 76.555 Prec@5 96.707 Loss 1.01862
Epoch [21] Training Class Recall: [0.939,0.942,0.732,0.490,0.395,0.009,0.187,0.000,0.000,0.000]
Epoch [21] Testing Results: Prec@1 37.350 Prec@5 74.400 Loss 2.52717
Epoch [21] Testing Class Recall: [0.800,0.928,0.648,0.825,0.413,0.000,0.053,0.068,0.000,0.000]
Epoch [22] Training Results: Prec@1 78.121 Prec@5 97.202 Loss 1.01324
Epoch [22] Training Class Recall: [0.936,0.952,0.738,0.564,0.473,0.000,0.264,0.034,0.000,0.000]
Epoch [22] Testing Results: Prec@1 37.160 Prec@5 81.750 Loss 2.39789
Epoch [22] Testing Class Recall: [0.958,0.950,0.429,0.538,0.470,0.000,0.089,0.282,0.000,0.000]
Epoch [23] Training Results: Prec@1 77.913 Prec@5 97.179 Loss 1.03646
Epoch [23] Training Class Recall: [0.951,0.948,0.728,0.543,0.444,0.000,0.207,0.057,0.000,0.000]
Epoch [23] Testing Results: Prec@1 41.310 Prec@5 71.130 Loss 2.26195
Epoch [23] Testing Class Recall: [0.888,0.968,0.683,0.478,0.540,0.000,0.491,0.083,0.000,0.000]
Epoch [24] Training Results: Prec@1 78.305 Prec@5 97.133 Loss 1.01151
Epoch [24] Training Class Recall: [0.946,0.945,0.740,0.528,0.527,0.000,0.233,0.011,0.000,0.000]
Epoch [24] Testing Results: Prec@1 39.960 Prec@5 77.600 Loss 2.31320
Epoch [24] Testing Class Recall: [0.807,0.975,0.701,0.731,0.332,0.004,0.307,0.139,0.000,0.000]
Epoch [25] Training Results: Prec@1 79.410 Prec@5 97.202 Loss 1.03730
Epoch [25] Training Class Recall: [0.953,0.947,0.769,0.565,0.494,0.004,0.269,0.091,0.000,0.000]
Epoch [25] Testing Results: Prec@1 33.850 Prec@5 75.900 Loss 2.61815
Epoch [25] Testing Class Recall: [0.747,0.960,0.902,0.481,0.064,0.000,0.201,0.030,0.000,0.000]
Epoch [26] Training Results: Prec@1 79.192 Prec@5 97.478 Loss 1.02617
Epoch [26] Training Class Recall: [0.948,0.949,0.759,0.567,0.494,0.000,0.290,0.125,0.000,0.000]
Epoch [26] Testing Results: Prec@1 34.320 Prec@5 76.950 Loss 2.41053
Epoch [26] Testing Class Recall: [0.733,0.984,0.903,0.539,0.215,0.000,0.025,0.033,0.000,0.000]
Epoch [27] Training Results: Prec@1 80.297 Prec@5 97.317 Loss 0.99694
Epoch [27] Training Class Recall: [0.957,0.961,0.769,0.601,0.527,0.000,0.233,0.080,0.000,0.000]
Epoch [27] Testing Results: Prec@1 39.610 Prec@5 81.480 Loss 2.14044
Epoch [27] Testing Class Recall: [0.885,0.972,0.747,0.408,0.470,0.002,0.195,0.282,0.000,0.000]
Epoch [28] Training Results: Prec@1 80.055 Prec@5 97.708 Loss 1.00312
Epoch [28] Training Class Recall: [0.953,0.955,0.762,0.594,0.541,0.000,0.269,0.136,0.000,0.000]
Epoch [28] Testing Results: Prec@1 38.330 Prec@5 77.880 Loss 2.41844
Epoch [28] Testing Class Recall: [0.932,0.972,0.701,0.627,0.380,0.001,0.171,0.049,0.000,0.000]
Epoch [29] Training Results: Prec@1 80.366 Prec@5 97.639 Loss 1.00262
Epoch [29] Training Class Recall: [0.956,0.954,0.773,0.576,0.561,0.000,0.285,0.148,0.013,0.000]
Epoch [29] Testing Results: Prec@1 40.110 Prec@5 74.820 Loss 2.26977
Epoch [29] Testing Class Recall: [0.841,0.984,0.831,0.522,0.581,0.000,0.218,0.034,0.000,0.000]
Epoch [30] Training Results: Prec@1 81.506 Prec@5 97.605 Loss 0.93694
Epoch [30] Training Class Recall: [0.955,0.970,0.784,0.613,0.594,0.063,0.269,0.125,0.000,0.000]
Epoch [30] Testing Results: Prec@1 41.060 Prec@5 83.860 Loss 2.20812
Epoch [30] Testing Class Recall: [0.949,0.950,0.686,0.598,0.437,0.012,0.299,0.174,0.001,0.000]
Epoch [31] Training Results: Prec@1 81.080 Prec@5 97.789 Loss 0.96209
Epoch [31] Training Class Recall: [0.954,0.958,0.778,0.613,0.570,0.031,0.363,0.102,0.039,0.000]
Epoch [31] Testing Results: Prec@1 43.760 Prec@5 83.260 Loss 1.96252
Epoch [31] Testing Class Recall: [0.945,0.957,0.734,0.465,0.482,0.002,0.454,0.330,0.007,0.000]
Epoch [32] Training Results: Prec@1 82.105 Prec@5 97.824 Loss 0.95536
Epoch [32] Training Class Recall: [0.958,0.961,0.807,0.610,0.607,0.018,0.363,0.182,0.026,0.000]
Epoch [32] Testing Results: Prec@1 36.350 Prec@5 82.730 Loss 2.39739
Epoch [32] Testing Class Recall: [0.982,0.884,0.634,0.320,0.430,0.008,0.287,0.074,0.015,0.001]
Epoch [33] Training Results: Prec@1 81.667 Prec@5 97.789 Loss 0.97519
Epoch [33] Training Class Recall: [0.957,0.957,0.799,0.617,0.587,0.036,0.342,0.080,0.026,0.000]
Epoch [33] Testing Results: Prec@1 38.700 Prec@5 79.810 Loss 2.17448
Epoch [33] Testing Class Recall: [0.828,0.980,0.841,0.599,0.221,0.001,0.327,0.044,0.029,0.000]
Epoch [34] Training Results: Prec@1 82.612 Prec@5 98.019 Loss 0.93796
Epoch [34] Training Class Recall: [0.955,0.968,0.802,0.657,0.578,0.081,0.425,0.136,0.105,0.000]
Epoch [34] Testing Results: Prec@1 44.870 Prec@5 85.920 Loss 1.96545
Epoch [34] Testing Class Recall: [0.896,0.888,0.875,0.466,0.276,0.257,0.148,0.577,0.032,0.072]
Epoch [35] Training Results: Prec@1 82.427 Prec@5 97.927 Loss 0.94463
Epoch [35] Training Class Recall: [0.959,0.964,0.814,0.631,0.585,0.031,0.363,0.114,0.145,0.000]
Epoch [35] Testing Results: Prec@1 49.300 Prec@5 87.500 Loss 1.63984
Epoch [35] Testing Class Recall: [0.897,0.952,0.697,0.667,0.603,0.047,0.501,0.306,0.194,0.066]
Epoch [36] Training Results: Prec@1 82.957 Prec@5 98.250 Loss 0.96799
Epoch [36] Training Class Recall: [0.957,0.965,0.818,0.632,0.645,0.045,0.363,0.193,0.158,0.000]
Epoch [36] Testing Results: Prec@1 39.310 Prec@5 80.250 Loss 2.19693
Epoch [36] Testing Class Recall: [0.840,0.975,0.905,0.455,0.355,0.022,0.240,0.069,0.065,0.005]
Epoch [37] Training Results: Prec@1 83.637 Prec@5 98.250 Loss 0.94937
Epoch [37] Training Class Recall: [0.961,0.964,0.836,0.613,0.676,0.076,0.399,0.159,0.184,0.029]
Epoch [37] Testing Results: Prec@1 47.400 Prec@5 88.400 Loss 1.61271
Epoch [37] Testing Class Recall: [0.942,0.909,0.713,0.545,0.508,0.061,0.318,0.242,0.286,0.216]
Epoch [38] Training Results: Prec@1 82.646 Prec@5 98.134 Loss 0.97230
Epoch [38] Training Class Recall: [0.962,0.965,0.816,0.614,0.558,0.058,0.420,0.170,0.237,0.029]
Epoch [38] Testing Results: Prec@1 43.000 Prec@5 83.770 Loss 1.99120
Epoch [38] Testing Class Recall: [0.860,0.965,0.835,0.448,0.491,0.043,0.231,0.300,0.116,0.011]
Epoch [39] Training Results: Prec@1 83.798 Prec@5 98.204 Loss 0.95906
Epoch [39] Training Class Recall: [0.964,0.968,0.833,0.646,0.629,0.067,0.425,0.125,0.237,0.000]
Epoch [39] Testing Results: Prec@1 38.700 Prec@5 82.700 Loss 2.24351
Epoch [39] Testing Class Recall: [0.847,0.992,0.869,0.342,0.294,0.006,0.313,0.200,0.007,0.000]
Epoch [40] Training Results: Prec@1 83.614 Prec@5 98.261 Loss 0.94174
Epoch [40] Training Class Recall: [0.958,0.966,0.829,0.665,0.631,0.085,0.394,0.159,0.184,0.000]
Epoch [40] Testing Results: Prec@1 37.160 Prec@5 81.850 Loss 2.50289
Epoch [40] Testing Class Recall: [0.814,0.997,0.750,0.550,0.296,0.080,0.148,0.009,0.072,0.000]
Epoch [41] Training Results: Prec@1 83.498 Prec@5 98.388 Loss 0.94357
Epoch [41] Training Class Recall: [0.960,0.967,0.826,0.642,0.638,0.090,0.373,0.148,0.224,0.029]
Epoch [41] Testing Results: Prec@1 37.700 Prec@5 83.630 Loss 2.44102
Epoch [41] Testing Class Recall: [0.932,0.967,0.819,0.325,0.301,0.018,0.202,0.160,0.046,0.000]
Epoch [42] Training Results: Prec@1 84.224 Prec@5 98.434 Loss 0.94687
Epoch [42] Training Class Recall: [0.965,0.966,0.822,0.679,0.664,0.067,0.466,0.193,0.237,0.000]
Epoch [42] Testing Results: Prec@1 43.730 Prec@5 80.870 Loss 1.90783
Epoch [42] Testing Class Recall: [0.920,0.923,0.532,0.651,0.774,0.111,0.070,0.256,0.106,0.030]
Epoch [43] Training Results: Prec@1 84.466 Prec@5 98.296 Loss 0.95703
Epoch [43] Training Class Recall: [0.963,0.967,0.844,0.657,0.658,0.121,0.409,0.227,0.276,0.000]
Epoch [43] Testing Results: Prec@1 44.230 Prec@5 80.410 Loss 2.04800
Epoch [43] Testing Class Recall: [0.952,0.979,0.795,0.386,0.508,0.122,0.507,0.079,0.095,0.000]
Epoch [44] Training Results: Prec@1 84.615 Prec@5 98.445 Loss 0.98967
Epoch [44] Training Class Recall: [0.965,0.968,0.838,0.652,0.680,0.085,0.497,0.227,0.237,0.029]
Epoch [44] Testing Results: Prec@1 48.550 Prec@5 86.330 Loss 1.76569
Epoch [44] Testing Class Recall: [0.906,0.960,0.535,0.795,0.682,0.051,0.393,0.262,0.110,0.161]
Epoch [45] Training Results: Prec@1 84.155 Prec@5 98.491 Loss 0.94012
Epoch [45] Training Class Recall: [0.968,0.968,0.809,0.656,0.684,0.081,0.430,0.330,0.184,0.057]
Epoch [45] Testing Results: Prec@1 42.880 Prec@5 80.970 Loss 2.06150
Epoch [45] Testing Class Recall: [0.934,0.921,0.812,0.580,0.429,0.052,0.418,0.103,0.039,0.000]
Epoch [46] Training Results: Prec@1 84.696 Prec@5 98.445 Loss 0.93339
Epoch [46] Training Class Recall: [0.962,0.967,0.834,0.690,0.662,0.135,0.430,0.273,0.276,0.057]
Epoch [46] Testing Results: Prec@1 35.640 Prec@5 82.900 Loss 2.65998
Epoch [46] Testing Class Recall: [0.968,0.964,0.604,0.317,0.219,0.225,0.239,0.019,0.009,0.000]
Epoch [47] Training Results: Prec@1 84.754 Prec@5 98.411 Loss 0.96739
Epoch [47] Training Class Recall: [0.967,0.971,0.831,0.652,0.673,0.193,0.420,0.227,0.276,0.057]
Epoch [47] Testing Results: Prec@1 48.170 Prec@5 86.600 Loss 1.91236
Epoch [47] Testing Class Recall: [0.933,0.977,0.790,0.548,0.501,0.345,0.423,0.199,0.093,0.008]
Epoch [48] Training Results: Prec@1 85.548 Prec@5 98.491 Loss 0.93015
Epoch [48] Training Class Recall: [0.963,0.966,0.834,0.711,0.726,0.206,0.503,0.227,0.237,0.000]
Epoch [48] Testing Results: Prec@1 52.990 Prec@5 87.840 Loss 1.64633
Epoch [48] Testing Class Recall: [0.936,0.987,0.781,0.530,0.640,0.250,0.478,0.490,0.168,0.039]
Epoch [49] Training Results: Prec@1 85.825 Prec@5 98.411 Loss 0.89250
Epoch [49] Training Class Recall: [0.965,0.973,0.853,0.694,0.704,0.148,0.503,0.273,0.276,0.114]
Epoch [49] Testing Results: Prec@1 48.450 Prec@5 82.490 Loss 1.94882
Epoch [49] Testing Class Recall: [0.900,0.982,0.828,0.603,0.682,0.140,0.487,0.109,0.114,0.000]
Epoch [50] Training Results: Prec@1 85.997 Prec@5 98.733 Loss 0.90342
Epoch [50] Training Class Recall: [0.966,0.969,0.858,0.717,0.682,0.179,0.523,0.239,0.303,0.029]
Epoch [50] Testing Results: Prec@1 45.810 Prec@5 83.440 Loss 2.08701
Epoch [50] Testing Class Recall: [0.966,0.930,0.684,0.635,0.569,0.198,0.143,0.424,0.011,0.021]
Epoch [51] Training Results: Prec@1 86.573 Prec@5 98.722 Loss 0.91881
Epoch [51] Training Class Recall: [0.971,0.971,0.856,0.715,0.740,0.260,0.435,0.216,0.303,0.086]
Epoch [51] Testing Results: Prec@1 50.330 Prec@5 86.220 Loss 1.69433
Epoch [51] Testing Class Recall: [0.957,0.954,0.744,0.628,0.598,0.233,0.364,0.156,0.346,0.053]
Epoch [52] Training Results: Prec@1 85.997 Prec@5 98.768 Loss 0.93025
Epoch [52] Training Class Recall: [0.970,0.966,0.846,0.717,0.698,0.229,0.482,0.216,0.316,0.086]
Epoch [52] Testing Results: Prec@1 46.020 Prec@5 81.610 Loss 1.94888
Epoch [52] Testing Class Recall: [0.960,0.964,0.773,0.593,0.566,0.066,0.483,0.010,0.154,0.033]
Epoch [53] Training Results: Prec@1 86.377 Prec@5 98.607 Loss 0.89013
Epoch [53] Training Class Recall: [0.969,0.971,0.860,0.701,0.728,0.238,0.446,0.239,0.342,0.086]
Epoch [53] Testing Results: Prec@1 45.680 Prec@5 84.400 Loss 2.02773
Epoch [53] Testing Class Recall: [0.931,0.963,0.728,0.549,0.366,0.429,0.322,0.121,0.074,0.085]
Epoch [54] Training Results: Prec@1 86.884 Prec@5 98.929 Loss 0.92673
Epoch [54] Training Class Recall: [0.971,0.974,0.865,0.723,0.753,0.260,0.368,0.250,0.368,0.086]
Epoch [54] Testing Results: Prec@1 50.650 Prec@5 87.820 Loss 1.68781
Epoch [54] Testing Class Recall: [0.917,0.965,0.738,0.601,0.480,0.405,0.355,0.303,0.148,0.153]
Epoch [55] Training Results: Prec@1 86.792 Prec@5 98.687 Loss 0.87984
Epoch [55] Training Class Recall: [0.969,0.973,0.873,0.710,0.737,0.233,0.409,0.341,0.316,0.114]
Epoch [55] Testing Results: Prec@1 46.060 Prec@5 87.380 Loss 1.98885
Epoch [55] Testing Class Recall: [0.954,0.985,0.760,0.553,0.539,0.081,0.409,0.257,0.046,0.022]
Epoch [56] Training Results: Prec@1 86.757 Prec@5 98.756 Loss 0.88129
Epoch [56] Training Class Recall: [0.963,0.971,0.859,0.735,0.742,0.229,0.523,0.284,0.368,0.114]
Epoch [56] Testing Results: Prec@1 45.660 Prec@5 80.170 Loss 2.03670
Epoch [56] Testing Class Recall: [0.926,0.960,0.826,0.562,0.402,0.322,0.336,0.102,0.124,0.006]
Epoch [57] Training Results: Prec@1 86.665 Prec@5 98.906 Loss 0.88014
Epoch [57] Training Class Recall: [0.964,0.969,0.860,0.729,0.728,0.238,0.585,0.227,0.316,0.143]
Epoch [57] Testing Results: Prec@1 46.220 Prec@5 82.940 Loss 2.08067
Epoch [57] Testing Class Recall: [0.938,0.995,0.617,0.467,0.473,0.507,0.155,0.373,0.033,0.064]
Epoch [58] Training Results: Prec@1 86.803 Prec@5 98.687 Loss 0.95174
Epoch [58] Training Class Recall: [0.970,0.975,0.869,0.709,0.748,0.188,0.497,0.216,0.289,0.114]
Epoch [58] Testing Results: Prec@1 48.520 Prec@5 81.300 Loss 1.95136
Epoch [58] Testing Class Recall: [0.915,0.952,0.848,0.686,0.423,0.015,0.672,0.123,0.218,0.000]
Epoch [59] Training Results: Prec@1 87.840 Prec@5 98.871 Loss 0.88176
Epoch [59] Training Class Recall: [0.969,0.974,0.863,0.763,0.786,0.269,0.560,0.295,0.408,0.086]
Epoch [59] Testing Results: Prec@1 52.770 Prec@5 86.350 Loss 1.64360
Epoch [59] Testing Class Recall: [0.893,0.988,0.732,0.811,0.626,0.275,0.397,0.169,0.162,0.224]
Epoch [60] Training Results: Prec@1 87.886 Prec@5 98.918 Loss 0.95468
Epoch [60] Training Class Recall: [0.973,0.976,0.889,0.735,0.724,0.251,0.554,0.352,0.368,0.143]
Epoch [60] Testing Results: Prec@1 49.250 Prec@5 84.510 Loss 1.87172
Epoch [60] Testing Class Recall: [0.979,0.955,0.742,0.572,0.671,0.135,0.416,0.249,0.190,0.016]
Epoch [61] Training Results: Prec@1 88.128 Prec@5 98.825 Loss 0.88020
Epoch [61] Training Class Recall: [0.974,0.979,0.879,0.727,0.768,0.291,0.549,0.341,0.408,0.171]
Epoch [61] Testing Results: Prec@1 48.910 Prec@5 84.930 Loss 2.05597
Epoch [61] Testing Class Recall: [0.953,0.978,0.733,0.748,0.442,0.095,0.483,0.201,0.257,0.001]
Epoch [62] Training Results: Prec@1 87.655 Prec@5 99.079 Loss 0.87182
Epoch [62] Training Class Recall: [0.964,0.971,0.855,0.771,0.744,0.363,0.596,0.284,0.421,0.229]
Epoch [62] Testing Results: Prec@1 45.530 Prec@5 83.770 Loss 2.21647
Epoch [62] Testing Class Recall: [0.949,0.967,0.850,0.570,0.357,0.094,0.439,0.159,0.151,0.017]
Epoch [63] Training Results: Prec@1 87.206 Prec@5 98.848 Loss 0.95373
Epoch [63] Training Class Recall: [0.969,0.974,0.858,0.751,0.729,0.274,0.518,0.273,0.408,0.143]
Epoch [63] Testing Results: Prec@1 46.290 Prec@5 86.290 Loss 2.03354
Epoch [63] Testing Class Recall: [0.954,0.938,0.740,0.383,0.509,0.228,0.575,0.126,0.092,0.084]
Epoch [64] Training Results: Prec@1 87.598 Prec@5 98.941 Loss 0.91623
Epoch [64] Training Class Recall: [0.967,0.976,0.871,0.751,0.755,0.233,0.523,0.375,0.395,0.143]
Epoch [64] Testing Results: Prec@1 47.740 Prec@5 88.230 Loss 1.73604
Epoch [64] Testing Class Recall: [0.964,0.969,0.742,0.500,0.475,0.239,0.160,0.199,0.252,0.274]
Epoch [65] Training Results: Prec@1 88.427 Prec@5 98.941 Loss 0.90784
Epoch [65] Training Class Recall: [0.977,0.976,0.873,0.736,0.793,0.341,0.549,0.284,0.421,0.286]
Epoch [65] Testing Results: Prec@1 45.250 Prec@5 85.200 Loss 1.96169
Epoch [65] Testing Class Recall: [0.919,0.972,0.831,0.539,0.358,0.421,0.251,0.067,0.137,0.030]
Epoch [66] Training Results: Prec@1 88.508 Prec@5 99.067 Loss 0.83060
Epoch [66] Training Class Recall: [0.974,0.974,0.882,0.775,0.781,0.305,0.513,0.341,0.368,0.229]
Epoch [66] Testing Results: Prec@1 44.020 Prec@5 86.440 Loss 2.20261
Epoch [66] Testing Class Recall: [0.956,0.941,0.810,0.329,0.451,0.217,0.419,0.182,0.057,0.040]
Epoch [67] Training Results: Prec@1 88.715 Prec@5 99.067 Loss 0.90941
Epoch [67] Training Class Recall: [0.970,0.977,0.883,0.764,0.770,0.368,0.591,0.341,0.487,0.171]
Epoch [67] Testing Results: Prec@1 48.930 Prec@5 86.760 Loss 1.84599
Epoch [67] Testing Class Recall: [0.962,0.944,0.697,0.604,0.564,0.244,0.433,0.318,0.075,0.052]
Epoch [68] Training Results: Prec@1 89.291 Prec@5 99.102 Loss 0.88455
Epoch [68] Training Class Recall: [0.971,0.975,0.892,0.805,0.781,0.359,0.596,0.352,0.500,0.114]
Epoch [68] Testing Results: Prec@1 43.810 Prec@5 85.270 Loss 2.14164
Epoch [68] Testing Class Recall: [0.968,0.930,0.774,0.339,0.598,0.173,0.275,0.188,0.096,0.040]
Epoch [69] Training Results: Prec@1 88.404 Prec@5 99.159 Loss 0.85419
Epoch [69] Training Class Recall: [0.964,0.977,0.882,0.742,0.804,0.332,0.508,0.477,0.474,0.314]
Epoch [69] Testing Results: Prec@1 51.620 Prec@5 87.360 Loss 1.70771
Epoch [69] Testing Class Recall: [0.951,0.968,0.620,0.664,0.859,0.132,0.308,0.239,0.231,0.190]
Epoch [70] Training Results: Prec@1 89.291 Prec@5 99.182 Loss 0.86622
Epoch [70] Training Class Recall: [0.970,0.980,0.868,0.814,0.821,0.359,0.565,0.432,0.461,0.286]
Epoch [70] Testing Results: Prec@1 45.090 Prec@5 78.510 Loss 2.14468
Epoch [70] Testing Class Recall: [0.939,0.950,0.706,0.633,0.822,0.204,0.127,0.006,0.066,0.056]
Epoch [71] Training Results: Prec@1 88.634 Prec@5 99.113 Loss 0.91132
Epoch [71] Training Class Recall: [0.973,0.979,0.847,0.798,0.797,0.386,0.585,0.284,0.500,0.114]
Epoch [71] Testing Results: Prec@1 57.170 Prec@5 88.500 Loss 1.46704
Epoch [71] Testing Class Recall: [0.944,0.975,0.713,0.582,0.668,0.363,0.523,0.174,0.409,0.366]
Epoch [72] Training Results: Prec@1 89.268 Prec@5 99.079 Loss 0.86273
Epoch [72] Training Class Recall: [0.971,0.978,0.876,0.800,0.806,0.341,0.575,0.386,0.526,0.429]
Epoch [72] Testing Results: Prec@1 49.030 Prec@5 85.800 Loss 1.88992
Epoch [72] Testing Class Recall: [0.963,0.962,0.748,0.583,0.528,0.355,0.325,0.311,0.093,0.035]
Epoch [73] Training Results: Prec@1 90.108 Prec@5 99.194 Loss 0.88561
Epoch [73] Training Class Recall: [0.972,0.977,0.898,0.805,0.854,0.390,0.554,0.432,0.500,0.314]
Epoch [73] Testing Results: Prec@1 50.760 Prec@5 88.850 Loss 1.71106
Epoch [73] Testing Class Recall: [0.989,0.928,0.694,0.528,0.724,0.299,0.292,0.246,0.195,0.181]
Epoch [74] Training Results: Prec@1 89.429 Prec@5 99.217 Loss 0.85902
Epoch [74] Training Class Recall: [0.971,0.979,0.892,0.793,0.799,0.381,0.585,0.375,0.408,0.286]
Epoch [74] Testing Results: Prec@1 48.490 Prec@5 83.180 Loss 1.99675
Epoch [74] Testing Class Recall: [0.943,0.992,0.748,0.742,0.616,0.115,0.311,0.232,0.138,0.012]
Epoch [75] Training Results: Prec@1 89.072 Prec@5 99.090 Loss 0.91402
Epoch [75] Training Class Recall: [0.974,0.977,0.890,0.758,0.806,0.399,0.560,0.341,0.368,0.200]
Epoch [75] Testing Results: Prec@1 53.140 Prec@5 88.220 Loss 1.57189
Epoch [75] Testing Class Recall: [0.947,0.966,0.749,0.570,0.466,0.365,0.218,0.447,0.101,0.485]
Epoch [76] Training Results: Prec@1 89.671 Prec@5 99.251 Loss 0.90350
Epoch [76] Training Class Recall: [0.974,0.981,0.901,0.781,0.804,0.381,0.632,0.330,0.408,0.143]
Epoch [76] Testing Results: Prec@1 43.540 Prec@5 85.330 Loss 2.08661
Epoch [76] Testing Class Recall: [0.926,0.989,0.758,0.561,0.395,0.105,0.332,0.057,0.214,0.017]
Epoch [77] Training Results: Prec@1 89.636 Prec@5 99.286 Loss 0.83531
Epoch [77] Training Class Recall: [0.971,0.979,0.907,0.793,0.793,0.318,0.575,0.409,0.513,0.314]
Epoch [77] Testing Results: Prec@1 46.590 Prec@5 87.450 Loss 1.87479
Epoch [77] Testing Class Recall: [0.905,0.834,0.826,0.523,0.463,0.192,0.198,0.172,0.082,0.464]
Epoch [78] Training Results: Prec@1 90.085 Prec@5 99.136 Loss 0.88754
Epoch [78] Training Class Recall: [0.976,0.977,0.896,0.798,0.845,0.404,0.591,0.420,0.408,0.314]
Epoch [78] Testing Results: Prec@1 44.790 Prec@5 86.970 Loss 1.97476
Epoch [78] Testing Class Recall: [0.963,0.990,0.574,0.435,0.449,0.400,0.190,0.352,0.110,0.016]
Epoch [79] Training Results: Prec@1 89.544 Prec@5 99.240 Loss 0.85981
Epoch [79] Training Class Recall: [0.971,0.975,0.891,0.784,0.779,0.471,0.601,0.466,0.500,0.200]
Epoch [79] Testing Results: Prec@1 50.500 Prec@5 84.910 Loss 1.77247
Epoch [79] Testing Class Recall: [0.840,0.985,0.888,0.440,0.717,0.178,0.346,0.423,0.166,0.067]
Epoch [80] Training Results: Prec@1 89.832 Prec@5 99.298 Loss 0.82123
Epoch [80] Training Class Recall: [0.964,0.980,0.909,0.801,0.830,0.386,0.585,0.398,0.434,0.314]
Epoch [80] Testing Results: Prec@1 52.200 Prec@5 88.740 Loss 1.81942
Epoch [80] Testing Class Recall: [0.929,0.985,0.837,0.541,0.606,0.420,0.395,0.297,0.153,0.057]
Epoch [81] Training Results: Prec@1 89.740 Prec@5 99.205 Loss 0.84022
Epoch [81] Training Class Recall: [0.964,0.983,0.888,0.817,0.832,0.422,0.591,0.489,0.355,0.143]
Epoch [81] Testing Results: Prec@1 54.790 Prec@5 86.590 Loss 1.63116
Epoch [81] Testing Class Recall: [0.942,0.986,0.741,0.624,0.726,0.155,0.500,0.341,0.316,0.148]
Epoch [82] Training Results: Prec@1 90.131 Prec@5 99.228 Loss 0.89248
Epoch [82] Training Class Recall: [0.975,0.984,0.887,0.812,0.815,0.480,0.617,0.455,0.303,0.200]
Epoch [82] Testing Results: Prec@1 49.260 Prec@5 82.530 Loss 1.97622
Epoch [82] Testing Class Recall: [0.959,0.964,0.843,0.444,0.602,0.036,0.700,0.113,0.244,0.021]
Epoch [83] Training Results: Prec@1 90.258 Prec@5 99.298 Loss 0.87597
Epoch [83] Training Class Recall: [0.973,0.982,0.907,0.783,0.837,0.381,0.622,0.477,0.461,0.343]
Epoch [83] Testing Results: Prec@1 49.660 Prec@5 86.050 Loss 1.79535
Epoch [83] Testing Class Recall: [0.970,0.964,0.705,0.704,0.324,0.344,0.483,0.238,0.135,0.099]
Epoch [84] Training Results: Prec@1 90.373 Prec@5 99.344 Loss 0.87090
Epoch [84] Training Class Recall: [0.976,0.982,0.909,0.810,0.804,0.404,0.585,0.477,0.421,0.371]
Epoch [84] Testing Results: Prec@1 55.750 Prec@5 87.410 Loss 1.61573
Epoch [84] Testing Class Recall: [0.937,0.960,0.795,0.674,0.601,0.324,0.557,0.329,0.056,0.342]
Epoch [85] Training Results: Prec@1 90.580 Prec@5 99.286 Loss 0.85943
Epoch [85] Training Class Recall: [0.974,0.985,0.902,0.823,0.797,0.435,0.627,0.557,0.447,0.314]
Epoch [85] Testing Results: Prec@1 48.730 Prec@5 85.630 Loss 2.02675
Epoch [85] Testing Class Recall: [0.954,0.984,0.560,0.742,0.483,0.174,0.507,0.351,0.009,0.109]
Epoch [86] Training Results: Prec@1 89.959 Prec@5 99.171 Loss 0.86988
Epoch [86] Training Class Recall: [0.967,0.986,0.918,0.788,0.782,0.345,0.632,0.477,0.447,0.371]
Epoch [86] Testing Results: Prec@1 49.190 Prec@5 86.690 Loss 1.75356
Epoch [86] Testing Class Recall: [0.968,0.993,0.578,0.652,0.579,0.301,0.461,0.176,0.170,0.041]
Epoch [87] Training Results: Prec@1 90.339 Prec@5 99.378 Loss 0.85168
Epoch [87] Training Class Recall: [0.963,0.980,0.907,0.818,0.848,0.417,0.627,0.511,0.474,0.257]
Epoch [87] Testing Results: Prec@1 57.400 Prec@5 86.510 Loss 1.51801
Epoch [87] Testing Class Recall: [0.935,0.940,0.735,0.733,0.754,0.139,0.608,0.477,0.176,0.243]
Epoch [88] Training Results: Prec@1 90.937 Prec@5 99.367 Loss 0.86769
Epoch [88] Training Class Recall: [0.968,0.983,0.897,0.831,0.859,0.439,0.679,0.511,0.592,0.429]
Epoch [88] Testing Results: Prec@1 55.430 Prec@5 88.830 Loss 1.54215
Epoch [88] Testing Class Recall: [0.961,0.940,0.716,0.624,0.499,0.494,0.342,0.399,0.111,0.457]
Epoch [89] Training Results: Prec@1 90.546 Prec@5 99.275 Loss 0.87919
Epoch [89] Training Class Recall: [0.984,0.974,0.884,0.821,0.806,0.462,0.699,0.432,0.487,0.286]
Epoch [89] Testing Results: Prec@1 49.210 Prec@5 87.220 Loss 1.89139
Epoch [89] Testing Class Recall: [0.950,0.977,0.809,0.563,0.589,0.187,0.322,0.208,0.148,0.168]
Epoch [90] Training Results: Prec@1 90.972 Prec@5 99.378 Loss 0.85871
Epoch [90] Training Class Recall: [0.968,0.977,0.915,0.825,0.861,0.444,0.699,0.375,0.566,0.400]
Epoch [90] Testing Results: Prec@1 49.470 Prec@5 82.650 Loss 2.04556
Epoch [90] Testing Class Recall: [0.941,0.969,0.879,0.575,0.487,0.402,0.308,0.330,0.023,0.033]
Epoch [91] Training Results: Prec@1 91.271 Prec@5 99.459 Loss 0.87868
Epoch [91] Training Class Recall: [0.975,0.986,0.909,0.843,0.856,0.444,0.627,0.511,0.474,0.257]
Epoch [91] Testing Results: Prec@1 44.580 Prec@5 87.660 Loss 1.96185
Epoch [91] Testing Class Recall: [0.976,0.956,0.658,0.338,0.461,0.200,0.587,0.138,0.098,0.046]
Epoch [92] Training Results: Prec@1 90.500 Prec@5 99.390 Loss 0.81607
Epoch [92] Training Class Recall: [0.972,0.971,0.914,0.808,0.843,0.439,0.642,0.489,0.421,0.314]
Epoch [92] Testing Results: Prec@1 50.730 Prec@5 83.660 Loss 1.93573
Epoch [92] Testing Class Recall: [0.845,0.994,0.779,0.872,0.424,0.264,0.479,0.255,0.130,0.031]
Epoch [93] Training Results: Prec@1 91.386 Prec@5 99.493 Loss 0.88932
Epoch [93] Training Class Recall: [0.977,0.975,0.896,0.834,0.888,0.448,0.684,0.557,0.592,0.486]
Epoch [93] Testing Results: Prec@1 49.960 Prec@5 88.640 Loss 1.84078
Epoch [93] Testing Class Recall: [0.990,0.938,0.641,0.541,0.606,0.281,0.605,0.199,0.082,0.113]
Epoch [94] Training Results: Prec@1 91.018 Prec@5 99.413 Loss 0.87016
Epoch [94] Training Class Recall: [0.976,0.981,0.902,0.808,0.867,0.489,0.637,0.432,0.579,0.343]
Epoch [94] Testing Results: Prec@1 52.350 Prec@5 80.190 Loss 1.85513
Epoch [94] Testing Class Recall: [0.750,0.986,0.824,0.778,0.464,0.566,0.469,0.308,0.066,0.024]
Epoch [95] Training Results: Prec@1 90.592 Prec@5 99.378 Loss 0.83182
Epoch [95] Training Class Recall: [0.970,0.977,0.889,0.839,0.868,0.426,0.658,0.420,0.553,0.257]
Epoch [95] Testing Results: Prec@1 53.830 Prec@5 86.090 Loss 1.66617
Epoch [95] Testing Class Recall: [0.866,0.989,0.776,0.763,0.523,0.144,0.813,0.205,0.142,0.162]
Epoch [96] Training Results: Prec@1 90.696 Prec@5 99.298 Loss 0.90143
Epoch [96] Training Class Recall: [0.973,0.984,0.904,0.806,0.817,0.534,0.637,0.420,0.474,0.314]
Epoch [96] Testing Results: Prec@1 48.520 Prec@5 85.480 Loss 1.95938
Epoch [96] Testing Class Recall: [0.840,0.990,0.912,0.468,0.673,0.100,0.412,0.328,0.072,0.057]
Epoch [97] Training Results: Prec@1 91.732 Prec@5 99.390 Loss 0.85183
Epoch [97] Training Class Recall: [0.975,0.982,0.924,0.835,0.835,0.489,0.699,0.580,0.592,0.286]
Epoch [97] Testing Results: Prec@1 51.110 Prec@5 88.200 Loss 1.67000
Epoch [97] Testing Class Recall: [0.965,0.962,0.721,0.501,0.589,0.224,0.559,0.097,0.370,0.123]
Epoch [98] Training Results: Prec@1 91.594 Prec@5 99.390 Loss 0.85625
Epoch [98] Training Class Recall: [0.974,0.982,0.916,0.809,0.867,0.498,0.731,0.511,0.566,0.429]
Epoch [98] Testing Results: Prec@1 52.070 Prec@5 88.940 Loss 1.75059
Epoch [98] Testing Class Recall: [0.930,0.938,0.877,0.702,0.400,0.166,0.519,0.288,0.181,0.206]
Epoch [99] Training Results: Prec@1 91.697 Prec@5 99.551 Loss 0.86373
Epoch [99] Training Class Recall: [0.981,0.984,0.893,0.863,0.854,0.430,0.699,0.568,0.553,0.514]
Epoch [99] Testing Results: Prec@1 53.620 Prec@5 87.020 Loss 1.66430
Epoch [99] Testing Class Recall: [0.949,0.978,0.796,0.711,0.701,0.193,0.426,0.348,0.164,0.096]
Epoch [100] Training Results: Prec@1 91.329 Prec@5 99.332 Loss 0.90195
Epoch [100] Training Class Recall: [0.973,0.982,0.899,0.848,0.888,0.439,0.658,0.489,0.526,0.400]
Epoch [100] Testing Results: Prec@1 58.690 Prec@5 91.380 Loss 1.37171
Epoch [100] Testing Class Recall: [0.936,0.776,0.709,0.474,0.596,0.540,0.496,0.487,0.149,0.706]
Epoch [101] Training Results: Prec@1 91.824 Prec@5 99.539 Loss 0.90513
Epoch [101] Training Class Recall: [0.978,0.989,0.922,0.843,0.872,0.439,0.627,0.511,0.539,0.171]
Epoch [101] Testing Results: Prec@1 50.430 Prec@5 91.540 Loss 1.54319
Epoch [101] Testing Class Recall: [0.982,0.961,0.521,0.506,0.388,0.374,0.590,0.208,0.123,0.390]
Epoch [102] Training Results: Prec@1 91.018 Prec@5 99.493 Loss 0.81577
Epoch [102] Training Class Recall: [0.976,0.987,0.896,0.845,0.832,0.448,0.658,0.307,0.632,0.400]
Epoch [102] Testing Results: Prec@1 56.280 Prec@5 85.710 Loss 1.69226
Epoch [102] Testing Class Recall: [0.746,0.973,0.910,0.682,0.524,0.240,0.811,0.501,0.203,0.038]
Epoch [103] Training Results: Prec@1 91.076 Prec@5 99.413 Loss 0.83615
Epoch [103] Training Class Recall: [0.972,0.981,0.906,0.843,0.801,0.507,0.668,0.523,0.632,0.343]
Epoch [103] Testing Results: Prec@1 50.440 Prec@5 85.150 Loss 1.93107
Epoch [103] Testing Class Recall: [0.905,0.925,0.876,0.489,0.520,0.353,0.559,0.346,0.065,0.006]
Epoch [104] Training Results: Prec@1 91.317 Prec@5 99.332 Loss 0.88685
Epoch [104] Training Class Recall: [0.977,0.982,0.904,0.845,0.852,0.480,0.694,0.443,0.474,0.200]
Epoch [104] Testing Results: Prec@1 49.770 Prec@5 89.340 Loss 1.78278
Epoch [104] Testing Class Recall: [0.983,0.940,0.689,0.555,0.308,0.293,0.661,0.308,0.132,0.108]
Epoch [105] Training Results: Prec@1 91.594 Prec@5 99.355 Loss 0.80300
Epoch [105] Training Class Recall: [0.985,0.983,0.911,0.839,0.865,0.435,0.627,0.534,0.487,0.171]
Epoch [105] Testing Results: Prec@1 49.000 Prec@5 89.600 Loss 1.78539
Epoch [105] Testing Class Recall: [0.989,0.750,0.574,0.462,0.541,0.335,0.438,0.512,0.041,0.258]
Epoch [106] Training Results: Prec@1 91.755 Prec@5 99.493 Loss 0.85341
Epoch [106] Training Class Recall: [0.972,0.983,0.912,0.831,0.887,0.547,0.684,0.511,0.513,0.429]
Epoch [106] Testing Results: Prec@1 52.540 Prec@5 88.840 Loss 1.58756
Epoch [106] Testing Class Recall: [0.974,0.936,0.844,0.569,0.453,0.485,0.257,0.220,0.178,0.338]
Epoch [107] Training Results: Prec@1 91.836 Prec@5 99.516 Loss 0.85660
Epoch [107] Training Class Recall: [0.976,0.988,0.914,0.822,0.899,0.502,0.674,0.580,0.421,0.229]
Epoch [107] Testing Results: Prec@1 50.230 Prec@5 87.610 Loss 1.69773
Epoch [107] Testing Class Recall: [0.971,0.948,0.769,0.442,0.587,0.251,0.528,0.130,0.180,0.217]
Epoch [108] Training Results: Prec@1 91.962 Prec@5 99.436 Loss 0.85692
Epoch [108] Training Class Recall: [0.978,0.983,0.908,0.863,0.846,0.561,0.663,0.534,0.553,0.429]
Epoch [108] Testing Results: Prec@1 49.450 Prec@5 86.540 Loss 2.03625
Epoch [108] Testing Class Recall: [0.968,0.986,0.780,0.623,0.514,0.242,0.471,0.268,0.087,0.006]
Epoch [109] Training Results: Prec@1 91.306 Prec@5 99.424 Loss 0.83315
Epoch [109] Training Class Recall: [0.975,0.979,0.913,0.819,0.874,0.453,0.684,0.534,0.526,0.200]
Epoch [109] Testing Results: Prec@1 56.440 Prec@5 90.290 Loss 1.51268
Epoch [109] Testing Class Recall: [0.978,0.985,0.760,0.661,0.568,0.280,0.496,0.273,0.283,0.360]
Epoch [110] Training Results: Prec@1 92.480 Prec@5 99.528 Loss 0.84572
Epoch [110] Training Class Recall: [0.972,0.989,0.929,0.860,0.876,0.565,0.725,0.455,0.605,0.257]
Epoch [110] Testing Results: Prec@1 49.790 Prec@5 88.960 Loss 1.78047
Epoch [110] Testing Class Recall: [0.954,0.976,0.762,0.408,0.528,0.397,0.467,0.197,0.107,0.183]
Epoch [111] Training Results: Prec@1 91.651 Prec@5 99.505 Loss 0.81903
Epoch [111] Training Class Recall: [0.967,0.984,0.906,0.863,0.867,0.516,0.694,0.568,0.592,0.343]
Epoch [111] Testing Results: Prec@1 47.290 Prec@5 85.050 Loss 1.98864
Epoch [111] Testing Class Recall: [0.947,0.975,0.851,0.539,0.371,0.259,0.328,0.231,0.165,0.063]
Epoch [112] Training Results: Prec@1 91.283 Prec@5 99.539 Loss 0.82702
Epoch [112] Training Class Recall: [0.970,0.985,0.907,0.841,0.856,0.426,0.674,0.557,0.605,0.343]
Epoch [112] Testing Results: Prec@1 54.980 Prec@5 85.460 Loss 1.73195
Epoch [112] Testing Class Recall: [0.931,0.990,0.758,0.749,0.527,0.315,0.602,0.489,0.085,0.052]
Epoch [113] Training Results: Prec@1 92.308 Prec@5 99.632 Loss 0.83007
Epoch [113] Training Class Recall: [0.978,0.985,0.915,0.866,0.865,0.493,0.725,0.580,0.605,0.314]
Epoch [113] Testing Results: Prec@1 51.900 Prec@5 84.570 Loss 1.83625
Epoch [113] Testing Class Recall: [0.884,0.990,0.902,0.570,0.543,0.186,0.676,0.192,0.172,0.075]
Epoch [114] Training Results: Prec@1 92.688 Prec@5 99.608 Loss 0.83591
Epoch [114] Training Class Recall: [0.977,0.985,0.907,0.885,0.885,0.547,0.756,0.636,0.605,0.314]
Epoch [114] Testing Results: Prec@1 58.090 Prec@5 89.360 Loss 1.45625
Epoch [114] Testing Class Recall: [0.927,0.970,0.723,0.624,0.695,0.403,0.496,0.344,0.396,0.231]
Epoch [115] Training Results: Prec@1 91.697 Prec@5 99.574 Loss 0.82217
Epoch [115] Training Class Recall: [0.970,0.980,0.900,0.846,0.857,0.583,0.741,0.602,0.618,0.371]
Epoch [115] Testing Results: Prec@1 57.740 Prec@5 89.520 Loss 1.47677
Epoch [115] Testing Class Recall: [0.965,0.978,0.708,0.677,0.605,0.326,0.618,0.330,0.380,0.187]
Epoch [116] Training Results: Prec@1 91.732 Prec@5 99.505 Loss 0.86962
Epoch [116] Training Class Recall: [0.977,0.976,0.922,0.822,0.867,0.529,0.689,0.443,0.671,0.343]
Epoch [116] Testing Results: Prec@1 48.260 Prec@5 84.020 Loss 2.08984
Epoch [116] Testing Class Recall: [0.973,0.949,0.811,0.357,0.594,0.283,0.505,0.036,0.304,0.014]
Epoch [117] Training Results: Prec@1 92.423 Prec@5 99.597 Loss 0.83072
Epoch [117] Training Class Recall: [0.982,0.983,0.918,0.846,0.868,0.552,0.725,0.545,0.605,0.371]
Epoch [117] Testing Results: Prec@1 42.850 Prec@5 83.960 Loss 2.14033
Epoch [117] Testing Class Recall: [0.772,0.968,0.966,0.555,0.310,0.031,0.229,0.149,0.136,0.169]
Epoch [118] Training Results: Prec@1 91.433 Prec@5 99.332 Loss 0.83616
Epoch [118] Training Class Recall: [0.969,0.982,0.916,0.835,0.856,0.413,0.746,0.500,0.632,0.486]
Epoch [118] Testing Results: Prec@1 53.300 Prec@5 86.370 Loss 1.69094
Epoch [118] Testing Class Recall: [0.930,0.967,0.800,0.781,0.663,0.260,0.417,0.252,0.055,0.205]
Epoch [119] Training Results: Prec@1 92.619 Prec@5 99.574 Loss 0.82608
Epoch [119] Training Class Recall: [0.982,0.986,0.922,0.855,0.876,0.511,0.741,0.534,0.592,0.457]
Epoch [119] Testing Results: Prec@1 52.380 Prec@5 87.190 Loss 1.73963
Epoch [119] Testing Class Recall: [0.963,0.974,0.783,0.658,0.414,0.175,0.568,0.317,0.193,0.193]
Epoch [120] Training Results: Prec@1 92.388 Prec@5 99.574 Loss 0.79795
Epoch [120] Training Class Recall: [0.975,0.986,0.914,0.848,0.887,0.552,0.694,0.693,0.618,0.343]
Epoch [120] Testing Results: Prec@1 60.160 Prec@5 90.830 Loss 1.40923
Epoch [120] Testing Class Recall: [0.970,0.983,0.716,0.718,0.583,0.525,0.620,0.295,0.215,0.391]
Epoch [121] Training Results: Prec@1 92.262 Prec@5 99.632 Loss 0.80516
Epoch [121] Training Class Recall: [0.979,0.985,0.927,0.823,0.874,0.516,0.689,0.614,0.553,0.457]
Epoch [121] Testing Results: Prec@1 52.660 Prec@5 88.240 Loss 1.76165
Epoch [121] Testing Class Recall: [0.975,0.979,0.678,0.746,0.506,0.240,0.430,0.152,0.254,0.306]
Epoch [122] Training Results: Prec@1 92.146 Prec@5 99.436 Loss 0.85551
Epoch [122] Training Class Recall: [0.976,0.982,0.912,0.850,0.910,0.511,0.674,0.500,0.605,0.457]
Epoch [122] Testing Results: Prec@1 41.540 Prec@5 85.170 Loss 2.30391
Epoch [122] Testing Class Recall: [0.985,0.964,0.598,0.252,0.501,0.242,0.338,0.135,0.136,0.003]
Epoch [123] Training Results: Prec@1 93.022 Prec@5 99.655 Loss 0.82942
Epoch [123] Training Class Recall: [0.977,0.988,0.930,0.874,0.867,0.601,0.674,0.602,0.763,0.314]
Epoch [123] Testing Results: Prec@1 53.700 Prec@5 87.390 Loss 1.68122
Epoch [123] Testing Class Recall: [0.855,0.986,0.902,0.661,0.522,0.252,0.555,0.244,0.230,0.163]
Epoch [124] Training Results: Prec@1 92.031 Prec@5 99.516 Loss 0.82681
Epoch [124] Training Class Recall: [0.972,0.986,0.904,0.866,0.872,0.592,0.648,0.591,0.618,0.257]
Epoch [124] Testing Results: Prec@1 51.090 Prec@5 87.050 Loss 1.82332
Epoch [124] Testing Class Recall: [0.952,0.937,0.842,0.608,0.629,0.182,0.391,0.269,0.171,0.128]
Epoch [125] Training Results: Prec@1 92.722 Prec@5 99.574 Loss 0.83002
Epoch [125] Training Class Recall: [0.976,0.989,0.929,0.848,0.890,0.570,0.720,0.557,0.605,0.343]
Epoch [125] Testing Results: Prec@1 46.210 Prec@5 87.150 Loss 2.06069
Epoch [125] Testing Class Recall: [0.988,0.970,0.746,0.575,0.282,0.210,0.390,0.259,0.168,0.033]
Epoch [126] Training Results: Prec@1 92.849 Prec@5 99.712 Loss 0.82209
Epoch [126] Training Class Recall: [0.977,0.984,0.927,0.858,0.885,0.538,0.767,0.648,0.671,0.371]
Epoch [126] Testing Results: Prec@1 50.170 Prec@5 90.000 Loss 1.86156
Epoch [126] Testing Class Recall: [0.972,0.980,0.815,0.353,0.559,0.096,0.454,0.291,0.285,0.212]
Epoch [127] Training Results: Prec@1 92.757 Prec@5 99.574 Loss 0.86753
Epoch [127] Training Class Recall: [0.976,0.988,0.933,0.843,0.894,0.552,0.741,0.602,0.539,0.343]
Epoch [127] Testing Results: Prec@1 52.440 Prec@5 87.820 Loss 1.68783
Epoch [127] Testing Class Recall: [0.950,0.976,0.815,0.583,0.659,0.221,0.308,0.456,0.113,0.163]
Epoch [128] Training Results: Prec@1 92.676 Prec@5 99.608 Loss 0.82818
Epoch [128] Training Class Recall: [0.975,0.985,0.937,0.841,0.885,0.538,0.715,0.568,0.645,0.429]
Epoch [128] Testing Results: Prec@1 55.570 Prec@5 88.330 Loss 1.50424
Epoch [128] Testing Class Recall: [0.952,0.969,0.815,0.589,0.670,0.311,0.258,0.307,0.369,0.317]
Epoch [129] Training Results: Prec@1 92.722 Prec@5 99.643 Loss 0.80821
Epoch [129] Training Class Recall: [0.971,0.988,0.920,0.858,0.894,0.601,0.736,0.682,0.605,0.314]
Epoch [129] Testing Results: Prec@1 43.840 Prec@5 89.190 Loss 2.24897
Epoch [129] Testing Class Recall: [0.987,0.911,0.687,0.467,0.444,0.173,0.493,0.130,0.042,0.050]
Epoch [130] Training Results: Prec@1 93.010 Prec@5 99.643 Loss 0.81314
Epoch [130] Training Class Recall: [0.976,0.983,0.924,0.879,0.905,0.547,0.808,0.523,0.605,0.429]
Epoch [130] Testing Results: Prec@1 58.820 Prec@5 86.130 Loss 1.53879
Epoch [130] Testing Class Recall: [0.936,0.979,0.794,0.804,0.670,0.313,0.565,0.130,0.479,0.212]
Epoch [131] Training Results: Prec@1 92.688 Prec@5 99.562 Loss 0.85804
Epoch [131] Training Class Recall: [0.984,0.986,0.924,0.829,0.885,0.565,0.684,0.602,0.658,0.400]
Epoch [131] Testing Results: Prec@1 53.190 Prec@5 89.740 Loss 1.69515
Epoch [131] Testing Class Recall: [0.984,0.960,0.700,0.676,0.502,0.334,0.454,0.218,0.284,0.207]
Epoch [132] Training Results: Prec@1 93.240 Prec@5 99.620 Loss 0.80844
Epoch [132] Training Class Recall: [0.982,0.985,0.936,0.872,0.872,0.601,0.767,0.545,0.579,0.343]
Epoch [132] Testing Results: Prec@1 54.980 Prec@5 88.070 Loss 1.66302
Epoch [132] Testing Class Recall: [0.954,0.986,0.711,0.692,0.595,0.313,0.607,0.123,0.242,0.275]
Epoch [133] Training Results: Prec@1 93.459 Prec@5 99.678 Loss 0.82868
Epoch [133] Training Class Recall: [0.981,0.985,0.943,0.868,0.894,0.583,0.699,0.636,0.658,0.429]
Epoch [133] Testing Results: Prec@1 54.990 Prec@5 87.460 Loss 1.77207
Epoch [133] Testing Class Recall: [0.955,0.947,0.769,0.745,0.719,0.098,0.495,0.371,0.041,0.359]
Epoch [134] Training Results: Prec@1 92.722 Prec@5 99.574 Loss 0.83347
Epoch [134] Training Class Recall: [0.977,0.990,0.932,0.872,0.850,0.529,0.710,0.557,0.645,0.314]
Epoch [134] Testing Results: Prec@1 56.920 Prec@5 88.710 Loss 1.61118
Epoch [134] Testing Class Recall: [0.957,0.959,0.833,0.794,0.659,0.351,0.424,0.241,0.243,0.231]
Epoch [135] Training Results: Prec@1 92.803 Prec@5 99.608 Loss 0.85281
Epoch [135] Training Class Recall: [0.975,0.983,0.927,0.856,0.901,0.556,0.731,0.659,0.579,0.486]
Epoch [135] Testing Results: Prec@1 51.200 Prec@5 88.320 Loss 1.80961
Epoch [135] Testing Class Recall: [0.982,0.965,0.666,0.717,0.558,0.118,0.561,0.296,0.176,0.081]
Epoch [136] Training Results: Prec@1 92.918 Prec@5 99.701 Loss 0.80627
Epoch [136] Training Class Recall: [0.979,0.986,0.930,0.875,0.888,0.547,0.720,0.557,0.539,0.314]
Epoch [136] Testing Results: Prec@1 53.830 Prec@5 87.990 Loss 1.61504
Epoch [136] Testing Class Recall: [0.983,0.936,0.625,0.787,0.456,0.358,0.383,0.200,0.292,0.363]
Epoch [137] Training Results: Prec@1 92.768 Prec@5 99.597 Loss 0.81890
Epoch [137] Training Class Recall: [0.977,0.984,0.937,0.862,0.878,0.516,0.762,0.580,0.487,0.400]
Epoch [137] Testing Results: Prec@1 49.000 Prec@5 86.000 Loss 1.94366
Epoch [137] Testing Class Recall: [0.884,0.929,0.930,0.715,0.510,0.072,0.264,0.248,0.112,0.236]
Epoch [138] Training Results: Prec@1 93.079 Prec@5 99.562 Loss 0.84783
Epoch [138] Training Class Recall: [0.980,0.987,0.933,0.868,0.883,0.538,0.720,0.705,0.487,0.486]
Epoch [138] Testing Results: Prec@1 46.500 Prec@5 85.470 Loss 2.03087
Epoch [138] Testing Class Recall: [0.985,0.928,0.750,0.320,0.631,0.209,0.518,0.097,0.170,0.042]
Epoch [139] Training Results: Prec@1 92.803 Prec@5 99.505 Loss 0.83940
Epoch [139] Training Class Recall: [0.978,0.989,0.932,0.868,0.852,0.578,0.689,0.580,0.553,0.514]
Epoch [139] Testing Results: Prec@1 59.770 Prec@5 89.340 Loss 1.43212
Epoch [139] Testing Class Recall: [0.959,0.968,0.789,0.581,0.727,0.209,0.650,0.293,0.298,0.503]
Epoch [140] Training Results: Prec@1 93.102 Prec@5 99.655 Loss 0.85766
Epoch [140] Training Class Recall: [0.981,0.986,0.940,0.874,0.879,0.601,0.731,0.466,0.447,0.371]
Epoch [140] Testing Results: Prec@1 51.960 Prec@5 89.190 Loss 1.64974
Epoch [140] Testing Class Recall: [0.938,0.981,0.740,0.700,0.561,0.077,0.343,0.279,0.125,0.452]
Epoch [141] Training Results: Prec@1 93.079 Prec@5 99.505 Loss 0.79349
Epoch [141] Training Class Recall: [0.978,0.983,0.937,0.871,0.890,0.556,0.736,0.693,0.579,0.200]
Epoch [141] Testing Results: Prec@1 54.150 Prec@5 85.730 Loss 1.76165
Epoch [141] Testing Class Recall: [0.950,0.989,0.832,0.624,0.754,0.251,0.414,0.131,0.306,0.164]
Epoch [142] Training Results: Prec@1 92.803 Prec@5 99.539 Loss 0.82353
Epoch [142] Training Class Recall: [0.976,0.983,0.939,0.866,0.870,0.520,0.751,0.648,0.487,0.486]
Epoch [142] Testing Results: Prec@1 52.040 Prec@5 89.940 Loss 1.64414
Epoch [142] Testing Class Recall: [0.986,0.976,0.704,0.374,0.728,0.363,0.345,0.155,0.284,0.289]
Epoch [143] Training Results: Prec@1 92.976 Prec@5 99.574 Loss 0.79919
Epoch [143] Training Class Recall: [0.975,0.989,0.932,0.868,0.896,0.601,0.684,0.534,0.645,0.343]
Epoch [143] Testing Results: Prec@1 51.310 Prec@5 88.300 Loss 1.73287
Epoch [143] Testing Class Recall: [0.943,0.966,0.903,0.619,0.415,0.185,0.454,0.189,0.270,0.187]
Epoch [144] Training Results: Prec@1 92.860 Prec@5 99.632 Loss 0.86081
Epoch [144] Training Class Recall: [0.975,0.991,0.932,0.876,0.870,0.538,0.751,0.443,0.645,0.429]
Epoch [144] Testing Results: Prec@1 59.840 Prec@5 91.550 Loss 1.41825
Epoch [144] Testing Class Recall: [0.969,0.956,0.748,0.575,0.563,0.260,0.549,0.415,0.345,0.604]
Epoch [145] Training Results: Prec@1 93.275 Prec@5 99.620 Loss 0.83030
Epoch [145] Training Class Recall: [0.978,0.989,0.933,0.855,0.894,0.587,0.751,0.648,0.658,0.429]
Epoch [145] Testing Results: Prec@1 53.120 Prec@5 87.760 Loss 1.73532
Epoch [145] Testing Class Recall: [0.936,0.987,0.843,0.528,0.571,0.345,0.522,0.229,0.200,0.151]
Epoch [146] Training Results: Prec@1 93.333 Prec@5 99.655 Loss 0.84405
Epoch [146] Training Class Recall: [0.974,0.988,0.940,0.880,0.903,0.547,0.751,0.648,0.566,0.457]
Epoch [146] Testing Results: Prec@1 55.580 Prec@5 90.230 Loss 1.50422
Epoch [146] Testing Class Recall: [0.946,0.976,0.779,0.720,0.547,0.173,0.617,0.266,0.233,0.301]
Epoch [147] Training Results: Prec@1 93.229 Prec@5 99.608 Loss 0.83004
Epoch [147] Training Class Recall: [0.982,0.992,0.935,0.863,0.872,0.583,0.699,0.534,0.645,0.543]
Epoch [147] Testing Results: Prec@1 50.110 Prec@5 91.010 Loss 1.70960
Epoch [147] Testing Class Recall: [0.968,0.987,0.753,0.483,0.558,0.396,0.312,0.180,0.113,0.261]
Epoch [148] Training Results: Prec@1 93.056 Prec@5 99.608 Loss 0.81665
Epoch [148] Training Class Recall: [0.979,0.988,0.920,0.870,0.907,0.578,0.741,0.625,0.553,0.371]
Epoch [148] Testing Results: Prec@1 59.190 Prec@5 89.560 Loss 1.44150
Epoch [148] Testing Class Recall: [0.959,0.977,0.795,0.677,0.719,0.172,0.651,0.343,0.315,0.311]
Epoch [149] Training Results: Prec@1 93.252 Prec@5 99.666 Loss 0.79199
Epoch [149] Training Class Recall: [0.976,0.988,0.929,0.884,0.896,0.601,0.762,0.636,0.579,0.257]
Epoch [149] Testing Results: Prec@1 52.400 Prec@5 86.930 Loss 1.81894
Epoch [149] Testing Class Recall: [0.891,0.997,0.839,0.735,0.380,0.252,0.555,0.283,0.222,0.086]
Epoch [150] Training Results: Prec@1 93.206 Prec@5 99.516 Loss 0.80067
Epoch [150] Training Class Recall: [0.976,0.990,0.940,0.860,0.899,0.596,0.679,0.659,0.605,0.314]
Epoch [150] Testing Results: Prec@1 57.810 Prec@5 88.570 Loss 1.58452
Epoch [150] Testing Class Recall: [0.969,0.970,0.841,0.581,0.728,0.466,0.638,0.364,0.089,0.135]
Epoch [151] Training Results: Prec@1 93.655 Prec@5 99.632 Loss 0.81092
Epoch [151] Training Class Recall: [0.976,0.992,0.938,0.852,0.909,0.650,0.808,0.602,0.684,0.371]
Epoch [151] Testing Results: Prec@1 50.500 Prec@5 86.990 Loss 1.83453
Epoch [151] Testing Class Recall: [0.965,0.972,0.881,0.514,0.209,0.389,0.312,0.554,0.065,0.189]
Epoch [152] Training Results: Prec@1 93.252 Prec@5 99.678 Loss 0.77703
Epoch [152] Training Class Recall: [0.970,0.990,0.948,0.851,0.887,0.578,0.803,0.682,0.592,0.457]
Epoch [152] Testing Results: Prec@1 53.360 Prec@5 89.040 Loss 1.66916
Epoch [152] Testing Class Recall: [0.982,0.928,0.657,0.771,0.783,0.195,0.361,0.182,0.096,0.381]
Epoch [153] Training Results: Prec@1 94.116 Prec@5 99.758 Loss 0.82025
Epoch [153] Training Class Recall: [0.980,0.988,0.941,0.837,0.921,0.713,0.839,0.739,0.684,0.400]
Epoch [153] Testing Results: Prec@1 51.640 Prec@5 86.560 Loss 1.83052
Epoch [153] Testing Class Recall: [0.949,0.978,0.816,0.648,0.572,0.339,0.517,0.125,0.061,0.159]
Epoch [154] Training Results: Prec@1 93.943 Prec@5 99.666 Loss 0.85180
Epoch [154] Training Class Recall: [0.981,0.991,0.945,0.875,0.903,0.628,0.699,0.648,0.658,0.629]
Epoch [154] Testing Results: Prec@1 56.320 Prec@5 89.560 Loss 1.51388
Epoch [154] Testing Class Recall: [0.948,0.960,0.820,0.543,0.590,0.569,0.346,0.447,0.174,0.235]
Epoch [155] Training Results: Prec@1 93.471 Prec@5 99.608 Loss 0.87348
Epoch [155] Training Class Recall: [0.974,0.986,0.940,0.879,0.885,0.628,0.772,0.659,0.658,0.371]
Epoch [155] Testing Results: Prec@1 49.910 Prec@5 82.800 Loss 2.14117
Epoch [155] Testing Class Recall: [0.965,0.963,0.792,0.746,0.531,0.279,0.379,0.257,0.020,0.059]
Epoch [156] Training Results: Prec@1 93.609 Prec@5 99.735 Loss 0.82484
Epoch [156] Training Class Recall: [0.978,0.987,0.945,0.867,0.921,0.637,0.762,0.602,0.500,0.286]
Epoch [156] Testing Results: Prec@1 52.230 Prec@5 89.280 Loss 1.76186
Epoch [156] Testing Class Recall: [0.955,0.934,0.745,0.596,0.497,0.346,0.536,0.188,0.190,0.236]
Epoch [157] Training Results: Prec@1 94.081 Prec@5 99.689 Loss 0.82033
Epoch [157] Training Class Recall: [0.986,0.991,0.943,0.881,0.903,0.641,0.767,0.591,0.592,0.343]
Epoch [157] Testing Results: Prec@1 51.490 Prec@5 89.540 Loss 1.75128
Epoch [157] Testing Class Recall: [0.965,0.983,0.745,0.484,0.490,0.296,0.429,0.118,0.095,0.544]
Epoch [158] Training Results: Prec@1 93.736 Prec@5 99.643 Loss 0.79769
Epoch [158] Training Class Recall: [0.983,0.988,0.938,0.881,0.914,0.637,0.715,0.591,0.539,0.371]
Epoch [158] Testing Results: Prec@1 51.720 Prec@5 83.610 Loss 1.87587
Epoch [158] Testing Class Recall: [0.877,0.985,0.844,0.794,0.588,0.135,0.628,0.183,0.102,0.036]
Epoch [159] Training Results: Prec@1 94.035 Prec@5 99.701 Loss 0.80225
Epoch [159] Training Class Recall: [0.983,0.993,0.933,0.893,0.923,0.668,0.731,0.602,0.447,0.514]
Epoch [159] Testing Results: Prec@1 61.770 Prec@5 88.950 Loss 1.44061
Epoch [159] Testing Class Recall: [0.948,0.969,0.884,0.684,0.755,0.398,0.629,0.408,0.204,0.298]
Epoch [160] Training Results: Prec@1 95.912 Prec@5 99.816 Loss 0.74021
Epoch [160] Training Class Recall: [0.990,0.990,0.956,0.913,0.938,0.780,0.870,0.773,0.658,0.657]
Epoch [160] Testing Results: Prec@1 64.270 Prec@5 90.460 Loss 1.33055
Epoch [160] Testing Class Recall: [0.958,0.974,0.846,0.725,0.699,0.393,0.732,0.372,0.276,0.452]
Epoch [161] Training Results: Prec@1 96.327 Prec@5 99.839 Loss 0.74906
Epoch [161] Training Class Recall: [0.991,0.991,0.965,0.924,0.949,0.758,0.855,0.795,0.763,0.600]
Epoch [161] Testing Results: Prec@1 62.300 Prec@5 90.740 Loss 1.38039
Epoch [161] Testing Class Recall: [0.963,0.975,0.852,0.699,0.641,0.359,0.673,0.367,0.288,0.413]
Epoch [162] Training Results: Prec@1 96.292 Prec@5 99.862 Loss 0.76428
Epoch [162] Training Class Recall: [0.991,0.991,0.959,0.939,0.949,0.753,0.860,0.795,0.684,0.686]
Epoch [162] Testing Results: Prec@1 61.800 Prec@5 90.450 Loss 1.39685
Epoch [162] Testing Class Recall: [0.960,0.980,0.841,0.723,0.675,0.334,0.663,0.338,0.303,0.363]
Epoch [163] Training Results: Prec@1 96.384 Prec@5 99.816 Loss 0.69203
Epoch [163] Training Class Recall: [0.991,0.991,0.958,0.931,0.958,0.789,0.881,0.807,0.671,0.600]
Epoch [163] Testing Results: Prec@1 61.220 Prec@5 90.320 Loss 1.41938
Epoch [163] Testing Class Recall: [0.961,0.978,0.857,0.703,0.665,0.354,0.670,0.377,0.259,0.298]
Epoch [164] Training Results: Prec@1 96.430 Prec@5 99.873 Loss 0.70703
Epoch [164] Training Class Recall: [0.991,0.997,0.958,0.933,0.956,0.753,0.860,0.795,0.724,0.657]
Epoch [164] Testing Results: Prec@1 60.420 Prec@5 90.190 Loss 1.42664
Epoch [164] Testing Class Recall: [0.964,0.981,0.844,0.674,0.674,0.301,0.664,0.350,0.238,0.352]
Epoch [165] Training Results: Prec@1 96.718 Prec@5 99.839 Loss 0.79097
Epoch [165] Training Class Recall: [0.990,0.995,0.969,0.941,0.960,0.749,0.876,0.784,0.789,0.686]
Epoch [165] Testing Results: Prec@1 61.440 Prec@5 90.430 Loss 1.39799
Epoch [165] Testing Class Recall: [0.963,0.981,0.851,0.692,0.666,0.339,0.654,0.348,0.278,0.372]
Epoch [166] Training Results: Prec@1 96.994 Prec@5 99.862 Loss 0.76955
Epoch [166] Training Class Recall: [0.994,0.995,0.966,0.943,0.971,0.780,0.860,0.761,0.842,0.714]
Epoch [166] Testing Results: Prec@1 61.430 Prec@5 90.820 Loss 1.39648
Epoch [166] Testing Class Recall: [0.966,0.975,0.854,0.712,0.641,0.347,0.645,0.368,0.240,0.395]
Epoch [167] Training Results: Prec@1 96.833 Prec@5 99.862 Loss 0.71725
Epoch [167] Training Class Recall: [0.993,0.995,0.961,0.951,0.967,0.767,0.860,0.841,0.763,0.600]
Epoch [167] Testing Results: Prec@1 62.290 Prec@5 90.840 Loss 1.38286
Epoch [167] Testing Class Recall: [0.962,0.981,0.876,0.701,0.677,0.326,0.662,0.369,0.303,0.372]
Epoch [168] Training Results: Prec@1 96.983 Prec@5 99.896 Loss 0.73009
Epoch [168] Training Class Recall: [0.994,0.994,0.966,0.949,0.967,0.762,0.870,0.841,0.776,0.771]
Epoch [168] Testing Results: Prec@1 62.570 Prec@5 90.450 Loss 1.39044
Epoch [168] Testing Class Recall: [0.959,0.974,0.850,0.764,0.697,0.329,0.670,0.381,0.252,0.381]
Epoch [169] Training Results: Prec@1 96.810 Prec@5 99.839 Loss 0.79491
Epoch [169] Training Class Recall: [0.990,0.995,0.966,0.949,0.969,0.776,0.891,0.818,0.697,0.600]
Epoch [169] Testing Results: Prec@1 59.310 Prec@5 90.470 Loss 1.46764
Epoch [169] Testing Class Recall: [0.969,0.970,0.839,0.685,0.657,0.296,0.635,0.354,0.199,0.327]
Epoch [170] Training Results: Prec@1 96.994 Prec@5 99.862 Loss 0.18045
Epoch [170] Training Class Recall: [0.992,0.995,0.968,0.942,0.967,0.744,0.912,0.818,0.855,0.714]
Epoch [170] Testing Results: Prec@1 64.200 Prec@5 91.150 Loss 2.15631
Epoch [170] Testing Class Recall: [0.958,0.979,0.850,0.739,0.719,0.356,0.669,0.464,0.327,0.359]
Epoch [171] Training Results: Prec@1 97.098 Prec@5 99.873 Loss 0.17657
Epoch [171] Training Class Recall: [0.990,0.995,0.965,0.951,0.967,0.785,0.886,0.898,0.816,0.857]
Epoch [171] Testing Results: Prec@1 66.390 Prec@5 92.170 Loss 1.90654
Epoch [171] Testing Class Recall: [0.965,0.972,0.840,0.718,0.688,0.413,0.697,0.500,0.374,0.472]
Epoch [172] Training Results: Prec@1 97.351 Prec@5 99.931 Loss 0.17809
Epoch [172] Training Class Recall: [0.991,0.994,0.967,0.938,0.969,0.834,0.943,0.909,0.908,0.771]
Epoch [172] Testing Results: Prec@1 68.310 Prec@5 92.700 Loss 1.64461
Epoch [172] Testing Class Recall: [0.955,0.974,0.836,0.728,0.708,0.431,0.721,0.513,0.382,0.583]
Epoch [173] Training Results: Prec@1 97.317 Prec@5 99.908 Loss 0.15715
Epoch [173] Training Class Recall: [0.990,0.996,0.966,0.962,0.951,0.798,0.922,0.864,0.921,0.857]
Epoch [173] Testing Results: Prec@1 71.860 Prec@5 93.060 Loss 1.51107
Epoch [173] Testing Class Recall: [0.942,0.976,0.845,0.765,0.773,0.489,0.779,0.547,0.472,0.598]
Epoch [174] Training Results: Prec@1 97.432 Prec@5 99.931 Loss 0.15567
Epoch [174] Training Class Recall: [0.990,0.995,0.962,0.947,0.967,0.834,0.948,0.920,0.947,0.943]
Epoch [174] Testing Results: Prec@1 71.940 Prec@5 93.170 Loss 1.54967
Epoch [174] Testing Class Recall: [0.946,0.973,0.857,0.749,0.781,0.508,0.752,0.589,0.491,0.548]
Epoch [175] Training Results: Prec@1 96.983 Prec@5 99.942 Loss 0.16289
Epoch [175] Training Class Recall: [0.985,0.991,0.961,0.935,0.963,0.839,0.927,0.943,0.908,0.914]
Epoch [175] Testing Results: Prec@1 72.000 Prec@5 93.620 Loss 1.40572
Epoch [175] Testing Class Recall: [0.942,0.977,0.824,0.725,0.747,0.505,0.791,0.587,0.490,0.612]
Epoch [176] Training Results: Prec@1 96.960 Prec@5 99.931 Loss 0.16104
Epoch [176] Training Class Recall: [0.986,0.993,0.949,0.942,0.956,0.870,0.948,0.932,0.921,0.914]
Epoch [176] Testing Results: Prec@1 73.540 Prec@5 93.800 Loss 1.38317
Epoch [176] Testing Class Recall: [0.939,0.977,0.842,0.740,0.783,0.539,0.801,0.642,0.479,0.612]
Epoch [177] Training Results: Prec@1 97.006 Prec@5 99.931 Loss 0.15509
Epoch [177] Training Class Recall: [0.983,0.990,0.960,0.939,0.952,0.870,0.943,0.920,0.974,0.943]
Epoch [177] Testing Results: Prec@1 74.540 Prec@5 94.110 Loss 1.25485
Epoch [177] Testing Class Recall: [0.928,0.968,0.842,0.732,0.777,0.544,0.804,0.619,0.571,0.669]
Epoch [178] Training Results: Prec@1 96.914 Prec@5 99.954 Loss 0.15930
Epoch [178] Training Class Recall: [0.982,0.990,0.950,0.939,0.962,0.888,0.948,0.943,0.987,0.971]
Epoch [178] Testing Results: Prec@1 74.880 Prec@5 94.300 Loss 1.19663
Epoch [178] Testing Class Recall: [0.928,0.962,0.829,0.740,0.755,0.572,0.812,0.632,0.540,0.718]
Epoch [179] Training Results: Prec@1 96.810 Prec@5 99.885 Loss 0.16727
Epoch [179] Training Class Recall: [0.981,0.988,0.953,0.943,0.954,0.861,0.964,0.909,0.961,0.971]
Epoch [179] Testing Results: Prec@1 73.840 Prec@5 94.010 Loss 1.30786
Epoch [179] Testing Class Recall: [0.927,0.975,0.834,0.741,0.742,0.582,0.817,0.616,0.513,0.637]
Epoch [180] Training Results: Prec@1 97.018 Prec@5 99.919 Loss 0.15669
Epoch [180] Training Class Recall: [0.984,0.989,0.951,0.943,0.958,0.888,0.959,0.955,0.974,0.971]
Epoch [180] Testing Results: Prec@1 74.350 Prec@5 94.230 Loss 1.19644
Epoch [180] Testing Class Recall: [0.927,0.957,0.847,0.732,0.742,0.567,0.794,0.625,0.531,0.713]
Epoch [181] Training Results: Prec@1 96.718 Prec@5 99.954 Loss 0.17027
Epoch [181] Training Class Recall: [0.980,0.985,0.953,0.942,0.952,0.852,0.964,0.966,0.961,1.000]
Epoch [181] Testing Results: Prec@1 74.790 Prec@5 94.270 Loss 1.16084
Epoch [181] Testing Class Recall: [0.923,0.962,0.827,0.733,0.756,0.546,0.807,0.651,0.544,0.730]
Epoch [182] Training Results: Prec@1 97.098 Prec@5 99.931 Loss 0.15098
Epoch [182] Training Class Recall: [0.983,0.991,0.953,0.947,0.954,0.879,0.948,0.966,1.000,0.971]
Epoch [182] Testing Results: Prec@1 74.700 Prec@5 94.330 Loss 1.19984
Epoch [182] Testing Class Recall: [0.926,0.957,0.854,0.733,0.766,0.539,0.816,0.627,0.555,0.697]
Epoch [183] Training Results: Prec@1 96.718 Prec@5 99.954 Loss 0.16181
Epoch [183] Training Class Recall: [0.979,0.987,0.947,0.938,0.965,0.870,0.964,0.932,1.000,0.971]
Epoch [183] Testing Results: Prec@1 75.160 Prec@5 94.220 Loss 1.22562
Epoch [183] Testing Class Recall: [0.921,0.963,0.842,0.753,0.768,0.577,0.800,0.643,0.583,0.666]
Epoch [184] Training Results: Prec@1 96.822 Prec@5 99.931 Loss 0.15777
Epoch [184] Training Class Recall: [0.979,0.988,0.956,0.937,0.952,0.892,0.959,0.955,0.947,0.943]
Epoch [184] Testing Results: Prec@1 74.720 Prec@5 94.200 Loss 1.22997
Epoch [184] Testing Class Recall: [0.919,0.973,0.832,0.746,0.747,0.561,0.810,0.625,0.580,0.679]
Epoch [185] Training Results: Prec@1 96.810 Prec@5 99.965 Loss 0.15987
Epoch [185] Training Class Recall: [0.981,0.991,0.948,0.934,0.962,0.874,0.974,0.932,0.961,0.943]
Epoch [185] Testing Results: Prec@1 74.610 Prec@5 94.320 Loss 1.16791
Epoch [185] Testing Class Recall: [0.927,0.962,0.825,0.727,0.741,0.556,0.803,0.652,0.548,0.720]
Epoch [186] Training Results: Prec@1 97.144 Prec@5 99.931 Loss 0.16097
Epoch [186] Training Class Recall: [0.982,0.991,0.954,0.954,0.960,0.870,0.969,0.977,0.974,0.914]
Epoch [186] Testing Results: Prec@1 74.630 Prec@5 94.200 Loss 1.18262
Epoch [186] Testing Class Recall: [0.916,0.967,0.841,0.737,0.738,0.551,0.806,0.641,0.565,0.701]
Epoch [187] Training Results: Prec@1 96.718 Prec@5 99.919 Loss 0.15731
Epoch [187] Training Class Recall: [0.981,0.987,0.952,0.937,0.960,0.857,0.964,0.932,0.961,0.943]
Epoch [187] Testing Results: Prec@1 75.360 Prec@5 94.170 Loss 1.23443
Epoch [187] Testing Class Recall: [0.917,0.971,0.840,0.745,0.785,0.574,0.829,0.637,0.579,0.659]
Epoch [188] Training Results: Prec@1 97.041 Prec@5 99.942 Loss 0.14983
Epoch [188] Training Class Recall: [0.983,0.990,0.958,0.938,0.963,0.865,0.959,0.932,0.974,0.971]
Epoch [188] Testing Results: Prec@1 74.700 Prec@5 94.270 Loss 1.18513
Epoch [188] Testing Class Recall: [0.931,0.962,0.810,0.760,0.750,0.543,0.816,0.616,0.561,0.721]
Epoch [189] Training Results: Prec@1 96.937 Prec@5 99.931 Loss 0.15621
Epoch [189] Training Class Recall: [0.982,0.986,0.958,0.938,0.960,0.857,0.974,0.955,0.987,0.971]
Epoch [189] Testing Results: Prec@1 75.570 Prec@5 94.440 Loss 1.17120
Epoch [189] Testing Class Recall: [0.923,0.965,0.832,0.756,0.765,0.583,0.815,0.640,0.565,0.713]
Epoch [190] Training Results: Prec@1 97.167 Prec@5 99.942 Loss 0.14633
Epoch [190] Training Class Recall: [0.985,0.991,0.952,0.953,0.962,0.861,0.959,0.955,0.961,0.971]
Epoch [190] Testing Results: Prec@1 74.870 Prec@5 94.350 Loss 1.16467
Epoch [190] Testing Class Recall: [0.921,0.962,0.822,0.754,0.753,0.528,0.804,0.662,0.563,0.718]
Epoch [191] Training Results: Prec@1 96.902 Prec@5 99.931 Loss 0.15461
Epoch [191] Training Class Recall: [0.982,0.989,0.950,0.943,0.958,0.870,0.959,0.955,0.974,0.971]
Epoch [191] Testing Results: Prec@1 75.370 Prec@5 94.490 Loss 1.14098
Epoch [191] Testing Class Recall: [0.916,0.965,0.848,0.728,0.746,0.576,0.813,0.635,0.581,0.729]
Epoch [192] Training Results: Prec@1 97.006 Prec@5 99.942 Loss 0.16300
Epoch [192] Training Class Recall: [0.983,0.987,0.953,0.943,0.967,0.861,0.969,0.943,0.987,0.971]
Epoch [192] Testing Results: Prec@1 73.770 Prec@5 93.780 Loss 1.29138
Epoch [192] Testing Class Recall: [0.927,0.975,0.836,0.734,0.753,0.551,0.802,0.612,0.549,0.638]
Epoch [193] Training Results: Prec@1 96.948 Prec@5 99.942 Loss 0.15495
Epoch [193] Training Class Recall: [0.982,0.988,0.952,0.943,0.967,0.852,0.979,0.943,0.987,0.971]
Epoch [193] Testing Results: Prec@1 74.650 Prec@5 94.070 Loss 1.22849
Epoch [193] Testing Class Recall: [0.918,0.969,0.840,0.755,0.748,0.546,0.815,0.631,0.559,0.684]
Epoch [194] Training Results: Prec@1 96.960 Prec@5 99.942 Loss 0.16203
Epoch [194] Training Class Recall: [0.983,0.994,0.950,0.938,0.954,0.865,0.943,0.966,1.000,0.943]
Epoch [194] Testing Results: Prec@1 74.700 Prec@5 94.230 Loss 1.18066
Epoch [194] Testing Class Recall: [0.915,0.958,0.832,0.753,0.761,0.550,0.805,0.625,0.545,0.726]
Epoch [195] Training Results: Prec@1 96.822 Prec@5 99.931 Loss 0.16427
Epoch [195] Training Class Recall: [0.982,0.987,0.952,0.946,0.956,0.852,0.964,0.932,0.974,0.943]
Epoch [195] Testing Results: Prec@1 74.990 Prec@5 94.350 Loss 1.21822
Epoch [195] Testing Class Recall: [0.922,0.962,0.843,0.738,0.757,0.571,0.818,0.622,0.596,0.670]
Epoch [196] Training Results: Prec@1 96.868 Prec@5 99.954 Loss 0.15278
Epoch [196] Training Class Recall: [0.981,0.988,0.960,0.925,0.965,0.834,0.974,0.955,0.974,1.000]
Epoch [196] Testing Results: Prec@1 73.870 Prec@5 93.980 Loss 1.30456
Epoch [196] Testing Class Recall: [0.922,0.977,0.835,0.737,0.737,0.568,0.811,0.651,0.533,0.616]
Epoch [197] Training Results: Prec@1 96.960 Prec@5 99.931 Loss 0.16325
Epoch [197] Training Class Recall: [0.983,0.989,0.953,0.937,0.969,0.874,0.979,0.920,0.947,0.943]
Epoch [197] Testing Results: Prec@1 75.340 Prec@5 94.370 Loss 1.17776
Epoch [197] Testing Class Recall: [0.921,0.966,0.822,0.745,0.763,0.584,0.821,0.618,0.586,0.708]
Epoch [198] Training Results: Prec@1 96.891 Prec@5 99.931 Loss 0.16084
Epoch [198] Training Class Recall: [0.979,0.987,0.953,0.943,0.962,0.892,0.964,0.955,0.974,0.943]
Epoch [198] Testing Results: Prec@1 74.260 Prec@5 93.920 Loss 1.28083
Epoch [198] Testing Class Recall: [0.916,0.976,0.850,0.737,0.757,0.557,0.817,0.623,0.557,0.636]
Epoch [199] Training Results: Prec@1 96.856 Prec@5 99.954 Loss 0.15474
Epoch [199] Training Class Recall: [0.981,0.989,0.956,0.931,0.963,0.865,0.953,0.943,0.947,0.971]
Epoch [199] Testing Results: Prec@1 75.230 Prec@5 94.310 Loss 1.22083
Epoch [199] Testing Class Recall: [0.920,0.970,0.832,0.728,0.762,0.592,0.817,0.666,0.592,0.644]
