Log file: cifar10_sava0.1_mamix_drw_exp0.01_seed42_20260614_205255.log
Run started: 2026-06-14 20:52:55.483323
Dataset: cifar10
Imbalance type: exp, factor: 0.01
Selection method: sava, ratio: 0.1
Strategy: MAMix_DRW, epochs: 200
Seed: 42, rand_number: 0
Augmentation: weak
mixup_alpha: 1.0
mamix_ratio: 1.0
============================================================

=> No CSV or TensorBoard logging – only console and debug log.
-----------------------------------------------
Class ID   | Original   | Selected   | Keep %  
-----------------------------------------------
0          | 5000       | 1043       |   20.9%
1          | 2997       | 7          |    0.2%
2          | 1796       | 61         |    3.4%
3          | 1077       | 41         |    3.8%
4          | 645        | 15         |    2.3%
5          | 387        | 10         |    2.6%
6          | 232        | 16         |    6.9%
7          | 139        | 5          |    3.6%
8          | 83         | 41         |   49.4%
9          | 50         | 1          |    2.0%
-----------------------------------------------
TOTAL      | 12406      | 1240       |   10.0%
-----------------------------------------------
Epoch [0] Training Results: Prec@1 75.887 Prec@5 87.581 Loss 1.30778
Epoch [0] Training Class Recall: [0.899,0.000,0.000,0.000,0.200,0.000,0.000,0.000,0.000,0.000]
Epoch [0] Testing Results: Prec@1 10.000 Prec@5 49.000 Loss 22.77313
Epoch [0] Testing Class Recall: [1.000,0.000,0.000,0.000,0.000,0.000,0.000,0.000,0.000,0.000]
Epoch [1] Training Results: Prec@1 84.435 Prec@5 96.371 Loss 0.71482
Epoch [1] Training Class Recall: [0.997,0.000,0.115,0.000,0.000,0.000,0.000,0.000,0.000,0.000]
Epoch [1] Testing Results: Prec@1 10.000 Prec@5 49.870 Loss 23.86390
Epoch [1] Testing Class Recall: [1.000,0.000,0.000,0.000,0.000,0.000,0.000,0.000,0.000,0.000]
Epoch [2] Training Results: Prec@1 84.032 Prec@5 96.935 Loss 0.50363
Epoch [2] Training Class Recall: [0.997,0.000,0.000,0.049,0.000,0.000,0.000,0.000,0.000,0.000]
Epoch [2] Testing Results: Prec@1 10.000 Prec@5 51.710 Loss 23.44358
Epoch [2] Testing Class Recall: [1.000,0.000,0.000,0.000,0.000,0.000,0.000,0.000,0.000,0.000]
Epoch [3] Training Results: Prec@1 84.194 Prec@5 97.177 Loss 0.47362
Epoch [3] Training Class Recall: [1.000,0.000,0.000,0.024,0.000,0.000,0.000,0.000,0.000,0.000]
Epoch [3] Testing Results: Prec@1 10.000 Prec@5 50.390 Loss 8.23885
Epoch [3] Testing Class Recall: [1.000,0.000,0.000,0.000,0.000,0.000,0.000,0.000,0.000,0.000]
Epoch [4] Training Results: Prec@1 84.113 Prec@5 97.097 Loss 0.47795
Epoch [4] Training Class Recall: [1.000,0.000,0.000,0.000,0.000,0.000,0.000,0.000,0.000,0.000]
Epoch [4] Testing Results: Prec@1 9.990 Prec@5 50.110 Loss 4.12875
Epoch [4] Testing Class Recall: [0.999,0.000,0.000,0.000,0.000,0.000,0.000,0.000,0.000,0.000]
Epoch [5] Training Results: Prec@1 83.468 Prec@5 95.242 Loss 0.60136
Epoch [5] Training Class Recall: [0.992,0.000,0.000,0.000,0.000,0.000,0.000,0.000,0.000,0.000]
Epoch [5] Testing Results: Prec@1 10.000 Prec@5 50.370 Loss 5.41669
Epoch [5] Testing Class Recall: [1.000,0.000,0.000,0.000,0.000,0.000,0.000,0.000,0.000,0.000]
Epoch [6] Training Results: Prec@1 84.113 Prec@5 94.435 Loss 0.58513
Epoch [6] Training Class Recall: [1.000,0.000,0.000,0.000,0.000,0.000,0.000,0.000,0.000,0.000]
Epoch [6] Testing Results: Prec@1 10.000 Prec@5 49.170 Loss 3.91878
Epoch [6] Testing Class Recall: [1.000,0.000,0.000,0.000,0.000,0.000,0.000,0.000,0.000,0.000]
Epoch [7] Training Results: Prec@1 84.113 Prec@5 95.000 Loss 1.17596
Epoch [7] Training Class Recall: [1.000,0.000,0.000,0.000,0.000,0.000,0.000,0.000,0.000,0.000]
Epoch [7] Testing Results: Prec@1 10.000 Prec@5 51.120 Loss 47.49250
Epoch [7] Testing Class Recall: [1.000,0.000,0.000,0.000,0.000,0.000,0.000,0.000,0.000,0.000]
Epoch [8] Training Results: Prec@1 84.113 Prec@5 95.161 Loss 0.54146
Epoch [8] Training Class Recall: [1.000,0.000,0.000,0.000,0.000,0.000,0.000,0.000,0.000,0.000]
Epoch [8] Testing Results: Prec@1 9.870 Prec@5 49.580 Loss 22.25510
Epoch [8] Testing Class Recall: [0.981,0.000,0.006,0.000,0.000,0.000,0.000,0.000,0.000,0.000]
Epoch [9] Training Results: Prec@1 84.355 Prec@5 96.855 Loss 0.45727
Epoch [9] Training Class Recall: [1.000,0.000,0.049,0.000,0.000,0.000,0.000,0.000,0.000,0.000]
Epoch [9] Testing Results: Prec@1 9.010 Prec@5 49.780 Loss 8.01736
Epoch [9] Testing Class Recall: [0.873,0.000,0.028,0.000,0.000,0.000,0.000,0.000,0.000,0.000]
Epoch [10] Training Results: Prec@1 84.113 Prec@5 96.855 Loss 0.42330
Epoch [10] Training Class Recall: [1.000,0.000,0.000,0.000,0.000,0.000,0.000,0.000,0.000,0.000]
Epoch [10] Testing Results: Prec@1 9.750 Prec@5 50.000 Loss 5.51111
Epoch [10] Testing Class Recall: [0.969,0.000,0.006,0.000,0.000,0.000,0.000,0.000,0.000,0.000]
Epoch [11] Training Results: Prec@1 84.113 Prec@5 96.935 Loss 0.41208
Epoch [11] Training Class Recall: [1.000,0.000,0.000,0.000,0.000,0.000,0.000,0.000,0.000,0.000]
Epoch [11] Testing Results: Prec@1 9.690 Prec@5 50.180 Loss 5.87302
Epoch [11] Testing Class Recall: [0.956,0.000,0.013,0.000,0.000,0.000,0.000,0.000,0.000,0.000]
Epoch [12] Training Results: Prec@1 84.194 Prec@5 96.855 Loss 0.39842
Epoch [12] Training Class Recall: [1.000,0.000,0.016,0.000,0.000,0.000,0.000,0.000,0.000,0.000]
Epoch [12] Testing Results: Prec@1 9.690 Prec@5 50.200 Loss 6.73085
Epoch [12] Testing Class Recall: [0.949,0.000,0.020,0.000,0.000,0.000,0.000,0.000,0.000,0.000]
Epoch [13] Training Results: Prec@1 84.274 Prec@5 97.097 Loss 0.40135
Epoch [13] Training Class Recall: [1.000,0.000,0.033,0.000,0.000,0.000,0.000,0.000,0.000,0.000]
Epoch [13] Testing Results: Prec@1 9.800 Prec@5 50.180 Loss 5.52172
Epoch [13] Testing Class Recall: [0.961,0.000,0.019,0.000,0.000,0.000,0.000,0.000,0.000,0.000]
Epoch [14] Training Results: Prec@1 84.194 Prec@5 97.258 Loss 0.40868
Epoch [14] Training Class Recall: [1.000,0.000,0.016,0.000,0.000,0.000,0.000,0.000,0.000,0.000]
Epoch [14] Testing Results: Prec@1 10.000 Prec@5 50.240 Loss 5.53746
Epoch [14] Testing Class Recall: [1.000,0.000,0.000,0.000,0.000,0.000,0.000,0.000,0.000,0.000]
Epoch [15] Training Results: Prec@1 84.113 Prec@5 97.016 Loss 0.38489
Epoch [15] Training Class Recall: [1.000,0.000,0.000,0.000,0.000,0.000,0.000,0.000,0.000,0.000]
Epoch [15] Testing Results: Prec@1 10.000 Prec@5 50.300 Loss 5.56989
Epoch [15] Testing Class Recall: [1.000,0.000,0.000,0.000,0.000,0.000,0.000,0.000,0.000,0.000]
Epoch [16] Training Results: Prec@1 84.194 Prec@5 97.339 Loss 0.39401
Epoch [16] Training Class Recall: [1.000,0.000,0.016,0.000,0.000,0.000,0.000,0.000,0.000,0.000]
Epoch [16] Testing Results: Prec@1 9.740 Prec@5 50.270 Loss 5.32150
Epoch [16] Testing Class Recall: [0.951,0.000,0.023,0.000,0.000,0.000,0.000,0.000,0.000,0.000]
Epoch [17] Training Results: Prec@1 84.839 Prec@5 97.339 Loss 0.40033
Epoch [17] Training Class Recall: [0.999,0.000,0.164,0.000,0.000,0.000,0.000,0.000,0.000,0.000]
Epoch [17] Testing Results: Prec@1 8.600 Prec@5 50.310 Loss 5.95437
Epoch [17] Testing Class Recall: [0.790,0.000,0.046,0.000,0.000,0.000,0.000,0.000,0.024,0.000]
Epoch [18] Training Results: Prec@1 85.403 Prec@5 97.419 Loss 0.40463
Epoch [18] Training Class Recall: [1.000,0.000,0.262,0.000,0.000,0.000,0.000,0.000,0.000,0.000]
Epoch [18] Testing Results: Prec@1 9.240 Prec@5 50.500 Loss 5.08862
Epoch [18] Testing Class Recall: [0.869,0.000,0.053,0.000,0.000,0.000,0.000,0.000,0.002,0.000]
Epoch [19] Training Results: Prec@1 84.113 Prec@5 97.258 Loss 0.38301
Epoch [19] Training Class Recall: [1.000,0.000,0.000,0.000,0.000,0.000,0.000,0.000,0.000,0.000]
Epoch [19] Testing Results: Prec@1 9.440 Prec@5 50.370 Loss 4.93366
Epoch [19] Testing Class Recall: [0.893,0.000,0.046,0.005,0.000,0.000,0.000,0.000,0.000,0.000]
Epoch [20] Training Results: Prec@1 84.677 Prec@5 97.258 Loss 0.38950
Epoch [20] Training Class Recall: [0.998,0.000,0.148,0.000,0.000,0.000,0.000,0.000,0.000,0.000]
Epoch [20] Testing Results: Prec@1 9.500 Prec@5 50.580 Loss 5.04124
Epoch [20] Testing Class Recall: [0.934,0.000,0.014,0.002,0.000,0.000,0.000,0.000,0.000,0.000]
Epoch [21] Training Results: Prec@1 84.194 Prec@5 97.258 Loss 0.38999
Epoch [21] Training Class Recall: [1.000,0.000,0.016,0.000,0.000,0.000,0.000,0.000,0.000,0.000]
Epoch [21] Testing Results: Prec@1 10.000 Prec@5 51.470 Loss 5.03216
Epoch [21] Testing Class Recall: [1.000,0.000,0.000,0.000,0.000,0.000,0.000,0.000,0.000,0.000]
Epoch [22] Training Results: Prec@1 84.113 Prec@5 97.500 Loss 0.38890
Epoch [22] Training Class Recall: [1.000,0.000,0.000,0.000,0.000,0.000,0.000,0.000,0.000,0.000]
Epoch [22] Testing Results: Prec@1 9.770 Prec@5 51.220 Loss 5.10242
Epoch [22] Testing Class Recall: [0.963,0.000,0.014,0.000,0.000,0.000,0.000,0.000,0.000,0.000]
Epoch [23] Training Results: Prec@1 84.355 Prec@5 97.500 Loss 0.36252
Epoch [23] Training Class Recall: [0.999,0.000,0.066,0.000,0.000,0.000,0.000,0.000,0.000,0.000]
Epoch [23] Testing Results: Prec@1 9.320 Prec@5 51.080 Loss 5.13034
Epoch [23] Testing Class Recall: [0.878,0.000,0.052,0.002,0.000,0.000,0.000,0.000,0.000,0.000]
Epoch [24] Training Results: Prec@1 85.081 Prec@5 97.581 Loss 0.37481
Epoch [24] Training Class Recall: [1.000,0.000,0.197,0.000,0.000,0.000,0.000,0.000,0.000,0.000]
Epoch [24] Testing Results: Prec@1 9.380 Prec@5 52.030 Loss 4.96181
Epoch [24] Testing Class Recall: [0.881,0.000,0.056,0.001,0.000,0.000,0.000,0.000,0.000,0.000]
Epoch [25] Training Results: Prec@1 85.000 Prec@5 97.581 Loss 0.39056
Epoch [25] Training Class Recall: [0.999,0.000,0.197,0.000,0.000,0.000,0.000,0.000,0.000,0.000]
Epoch [25] Testing Results: Prec@1 9.010 Prec@5 52.550 Loss 5.12859
Epoch [25] Testing Class Recall: [0.886,0.000,0.005,0.010,0.000,0.000,0.000,0.000,0.000,0.000]
Epoch [26] Training Results: Prec@1 84.355 Prec@5 97.742 Loss 0.39314
Epoch [26] Training Class Recall: [1.000,0.000,0.016,0.049,0.000,0.000,0.000,0.000,0.000,0.000]
Epoch [26] Testing Results: Prec@1 9.480 Prec@5 51.970 Loss 4.69705
Epoch [26] Testing Class Recall: [0.926,0.000,0.021,0.000,0.000,0.000,0.000,0.000,0.001,0.000]
Epoch [27] Training Results: Prec@1 84.194 Prec@5 97.742 Loss 0.37572
Epoch [27] Training Class Recall: [1.000,0.000,0.016,0.000,0.000,0.000,0.000,0.000,0.000,0.000]
Epoch [27] Testing Results: Prec@1 9.750 Prec@5 52.410 Loss 5.14979
Epoch [27] Testing Class Recall: [0.965,0.000,0.010,0.000,0.000,0.000,0.000,0.000,0.000,0.000]
Epoch [28] Training Results: Prec@1 85.323 Prec@5 97.823 Loss 0.36929
Epoch [28] Training Class Recall: [1.000,0.000,0.197,0.073,0.000,0.000,0.000,0.000,0.000,0.000]
Epoch [28] Testing Results: Prec@1 9.130 Prec@5 53.130 Loss 5.68120
Epoch [28] Testing Class Recall: [0.887,0.000,0.024,0.002,0.000,0.000,0.000,0.000,0.000,0.000]
Epoch [29] Training Results: Prec@1 85.887 Prec@5 98.145 Loss 0.35108
Epoch [29] Training Class Recall: [0.998,0.000,0.262,0.098,0.000,0.000,0.000,0.000,0.098,0.000]
Epoch [29] Testing Results: Prec@1 9.190 Prec@5 53.980 Loss 4.88041
Epoch [29] Testing Class Recall: [0.868,0.000,0.037,0.005,0.000,0.000,0.000,0.000,0.009,0.000]
Epoch [30] Training Results: Prec@1 84.597 Prec@5 98.790 Loss 0.38136
Epoch [30] Training Class Recall: [1.000,0.000,0.033,0.098,0.000,0.000,0.000,0.000,0.000,0.000]
Epoch [30] Testing Results: Prec@1 9.590 Prec@5 54.130 Loss 4.94426
Epoch [30] Testing Class Recall: [0.956,0.000,0.000,0.003,0.000,0.000,0.000,0.000,0.000,0.000]
Epoch [31] Training Results: Prec@1 85.161 Prec@5 98.468 Loss 0.36680
Epoch [31] Training Class Recall: [1.000,0.000,0.197,0.024,0.000,0.000,0.000,0.000,0.000,0.000]
Epoch [31] Testing Results: Prec@1 10.030 Prec@5 54.880 Loss 5.02337
Epoch [31] Testing Class Recall: [1.000,0.000,0.000,0.000,0.000,0.000,0.000,0.000,0.003,0.000]
Epoch [32] Training Results: Prec@1 85.081 Prec@5 97.903 Loss 0.37028
Epoch [32] Training Class Recall: [1.000,0.000,0.148,0.024,0.000,0.000,0.000,0.000,0.049,0.000]
Epoch [32] Testing Results: Prec@1 8.740 Prec@5 55.610 Loss 4.74492
Epoch [32] Testing Class Recall: [0.747,0.000,0.092,0.000,0.000,0.000,0.000,0.000,0.035,0.000]
Epoch [33] Training Results: Prec@1 86.290 Prec@5 98.065 Loss 0.35982
Epoch [33] Training Class Recall: [1.000,0.000,0.262,0.000,0.000,0.000,0.000,0.000,0.268,0.000]
Epoch [33] Testing Results: Prec@1 9.820 Prec@5 57.840 Loss 4.86318
Epoch [33] Testing Class Recall: [0.962,0.000,0.015,0.000,0.000,0.000,0.000,0.000,0.005,0.000]
Epoch [34] Training Results: Prec@1 85.081 Prec@5 98.306 Loss 0.37159
Epoch [34] Training Class Recall: [0.999,0.000,0.197,0.000,0.000,0.000,0.000,0.000,0.024,0.000]
Epoch [34] Testing Results: Prec@1 10.250 Prec@5 57.920 Loss 4.66822
Epoch [34] Testing Class Recall: [0.773,0.000,0.036,0.004,0.000,0.000,0.000,0.000,0.212,0.000]
Epoch [35] Training Results: Prec@1 85.645 Prec@5 98.145 Loss 0.38417
Epoch [35] Training Class Recall: [0.999,0.000,0.230,0.122,0.000,0.000,0.000,0.000,0.024,0.000]
Epoch [35] Testing Results: Prec@1 9.110 Prec@5 56.540 Loss 4.72481
Epoch [35] Testing Class Recall: [0.840,0.000,0.044,0.011,0.000,0.000,0.000,0.000,0.016,0.000]
Epoch [36] Training Results: Prec@1 85.242 Prec@5 98.065 Loss 0.36663
Epoch [36] Training Class Recall: [1.000,0.000,0.115,0.000,0.000,0.000,0.000,0.000,0.171,0.000]
Epoch [36] Testing Results: Prec@1 9.750 Prec@5 57.480 Loss 5.22331
Epoch [36] Testing Class Recall: [0.860,0.000,0.021,0.002,0.000,0.000,0.000,0.000,0.092,0.000]
Epoch [37] Training Results: Prec@1 86.694 Prec@5 98.387 Loss 0.35270
Epoch [37] Training Class Recall: [0.999,0.000,0.344,0.171,0.000,0.000,0.000,0.000,0.122,0.000]
Epoch [37] Testing Results: Prec@1 9.090 Prec@5 56.930 Loss 5.13059
Epoch [37] Testing Class Recall: [0.853,0.000,0.034,0.022,0.000,0.000,0.000,0.000,0.000,0.000]
Epoch [38] Training Results: Prec@1 84.435 Prec@5 98.710 Loss 0.36299
Epoch [38] Training Class Recall: [1.000,0.000,0.033,0.000,0.000,0.000,0.000,0.000,0.049,0.000]
Epoch [38] Testing Results: Prec@1 9.760 Prec@5 57.830 Loss 4.78574
Epoch [38] Testing Class Recall: [0.892,0.000,0.013,0.009,0.000,0.000,0.000,0.000,0.062,0.000]
Epoch [39] Training Results: Prec@1 84.194 Prec@5 98.952 Loss 0.34040
Epoch [39] Training Class Recall: [1.000,0.000,0.016,0.000,0.000,0.000,0.000,0.000,0.000,0.000]
Epoch [39] Testing Results: Prec@1 9.300 Prec@5 58.280 Loss 4.94390
Epoch [39] Testing Class Recall: [0.836,0.000,0.058,0.003,0.000,0.000,0.000,0.000,0.033,0.000]
Epoch [40] Training Results: Prec@1 86.694 Prec@5 98.629 Loss 0.37197
Epoch [40] Training Class Recall: [1.000,0.000,0.344,0.195,0.000,0.000,0.000,0.000,0.073,0.000]
Epoch [40] Testing Results: Prec@1 9.240 Prec@5 59.500 Loss 5.01741
Epoch [40] Testing Class Recall: [0.881,0.000,0.021,0.018,0.000,0.000,0.000,0.000,0.004,0.000]
Epoch [41] Training Results: Prec@1 86.290 Prec@5 98.790 Loss 0.36683
Epoch [41] Training Class Recall: [1.000,0.000,0.246,0.098,0.000,0.000,0.000,0.000,0.195,0.000]
Epoch [41] Testing Results: Prec@1 9.300 Prec@5 58.110 Loss 4.81500
Epoch [41] Testing Class Recall: [0.884,0.000,0.040,0.001,0.000,0.000,0.000,0.000,0.005,0.000]
Epoch [42] Training Results: Prec@1 85.242 Prec@5 98.871 Loss 0.35673
Epoch [42] Training Class Recall: [1.000,0.000,0.164,0.098,0.000,0.000,0.000,0.000,0.000,0.000]
Epoch [42] Testing Results: Prec@1 10.720 Prec@5 58.300 Loss 4.73328
Epoch [42] Testing Class Recall: [0.734,0.000,0.069,0.014,0.000,0.000,0.000,0.000,0.255,0.000]
Epoch [43] Training Results: Prec@1 85.484 Prec@5 98.952 Loss 0.36467
Epoch [43] Training Class Recall: [1.000,0.000,0.230,0.024,0.000,0.000,0.000,0.000,0.049,0.000]
Epoch [43] Testing Results: Prec@1 9.060 Prec@5 54.820 Loss 5.20403
Epoch [43] Testing Class Recall: [0.865,0.000,0.013,0.023,0.000,0.000,0.000,0.000,0.005,0.000]
Epoch [44] Training Results: Prec@1 84.516 Prec@5 98.710 Loss 0.36619
Epoch [44] Training Class Recall: [1.000,0.000,0.000,0.098,0.000,0.000,0.000,0.000,0.024,0.000]
Epoch [44] Testing Results: Prec@1 10.230 Prec@5 56.910 Loss 4.54175
Epoch [44] Testing Class Recall: [0.924,0.000,0.010,0.004,0.000,0.000,0.000,0.000,0.085,0.000]
Epoch [45] Training Results: Prec@1 84.919 Prec@5 98.952 Loss 0.35866
Epoch [45] Training Class Recall: [1.000,0.000,0.131,0.024,0.000,0.000,0.000,0.000,0.024,0.000]
Epoch [45] Testing Results: Prec@1 9.210 Prec@5 56.620 Loss 4.62742
Epoch [45] Testing Class Recall: [0.854,0.000,0.021,0.021,0.000,0.000,0.000,0.000,0.025,0.000]
Epoch [46] Training Results: Prec@1 85.161 Prec@5 98.871 Loss 0.34707
Epoch [46] Training Class Recall: [1.000,0.000,0.213,0.000,0.000,0.000,0.000,0.000,0.000,0.000]
Epoch [46] Testing Results: Prec@1 9.940 Prec@5 55.510 Loss 5.14029
Epoch [46] Testing Class Recall: [0.818,0.000,0.063,0.016,0.000,0.000,0.000,0.000,0.097,0.000]
Epoch [47] Training Results: Prec@1 85.887 Prec@5 98.790 Loss 0.35567
Epoch [47] Training Class Recall: [0.997,0.000,0.213,0.024,0.000,0.000,0.000,0.000,0.268,0.000]
Epoch [47] Testing Results: Prec@1 9.960 Prec@5 56.220 Loss 5.21956
Epoch [47] Testing Class Recall: [0.887,0.000,0.024,0.013,0.000,0.000,0.000,0.000,0.072,0.000]
Epoch [48] Training Results: Prec@1 85.645 Prec@5 98.468 Loss 0.35479
Epoch [48] Training Class Recall: [0.998,0.000,0.295,0.000,0.000,0.000,0.000,0.000,0.073,0.000]
Epoch [48] Testing Results: Prec@1 10.510 Prec@5 57.810 Loss 4.80619
Epoch [48] Testing Class Recall: [0.747,0.014,0.023,0.026,0.000,0.000,0.000,0.000,0.241,0.000]
Epoch [49] Training Results: Prec@1 85.968 Prec@5 98.790 Loss 0.35901
Epoch [49] Training Class Recall: [1.000,0.000,0.262,0.073,0.000,0.000,0.000,0.000,0.098,0.000]
Epoch [49] Testing Results: Prec@1 9.610 Prec@5 57.270 Loss 4.94347
Epoch [49] Testing Class Recall: [0.843,0.000,0.081,0.000,0.000,0.000,0.000,0.000,0.037,0.000]
Epoch [50] Training Results: Prec@1 86.532 Prec@5 98.952 Loss 0.34097
Epoch [50] Training Class Recall: [0.999,0.000,0.393,0.122,0.000,0.000,0.000,0.000,0.049,0.000]
Epoch [50] Testing Results: Prec@1 8.820 Prec@5 59.120 Loss 5.01210
Epoch [50] Testing Class Recall: [0.815,0.000,0.043,0.023,0.000,0.000,0.000,0.000,0.001,0.000]
Epoch [51] Training Results: Prec@1 86.048 Prec@5 99.032 Loss 0.37060
Epoch [51] Training Class Recall: [1.000,0.000,0.279,0.146,0.000,0.000,0.000,0.000,0.024,0.000]
Epoch [51] Testing Results: Prec@1 10.650 Prec@5 56.220 Loss 4.41141
Epoch [51] Testing Class Recall: [0.714,0.001,0.064,0.009,0.000,0.000,0.000,0.000,0.277,0.000]
Epoch [52] Training Results: Prec@1 85.161 Prec@5 99.032 Loss 0.37141
Epoch [52] Training Class Recall: [1.000,0.000,0.131,0.024,0.000,0.000,0.000,0.000,0.098,0.000]
Epoch [52] Testing Results: Prec@1 9.680 Prec@5 56.540 Loss 5.12612
Epoch [52] Testing Class Recall: [0.807,0.000,0.028,0.016,0.000,0.000,0.000,0.000,0.117,0.000]
Epoch [53] Training Results: Prec@1 86.048 Prec@5 99.113 Loss 0.33998
Epoch [53] Training Class Recall: [1.000,0.000,0.246,0.073,0.000,0.000,0.000,0.000,0.146,0.000]
Epoch [53] Testing Results: Prec@1 10.760 Prec@5 58.070 Loss 5.01282
Epoch [53] Testing Class Recall: [0.829,0.000,0.031,0.010,0.000,0.000,0.000,0.000,0.206,0.000]
Epoch [54] Training Results: Prec@1 86.935 Prec@5 99.113 Loss 0.33667
Epoch [54] Training Class Recall: [1.000,0.000,0.426,0.098,0.000,0.000,0.000,0.000,0.122,0.000]
Epoch [54] Testing Results: Prec@1 9.540 Prec@5 58.020 Loss 4.58169
Epoch [54] Testing Class Recall: [0.763,0.000,0.078,0.028,0.000,0.000,0.000,0.000,0.085,0.000]
Epoch [55] Training Results: Prec@1 86.452 Prec@5 99.032 Loss 0.34494
Epoch [55] Training Class Recall: [1.000,0.000,0.279,0.098,0.000,0.000,0.000,0.000,0.195,0.000]
Epoch [55] Testing Results: Prec@1 10.320 Prec@5 58.400 Loss 4.66564
Epoch [55] Testing Class Recall: [0.718,0.012,0.046,0.016,0.000,0.000,0.000,0.000,0.240,0.000]
Epoch [56] Training Results: Prec@1 85.968 Prec@5 99.032 Loss 0.33768
Epoch [56] Training Class Recall: [1.000,0.143,0.213,0.049,0.000,0.000,0.000,0.000,0.171,0.000]
Epoch [56] Testing Results: Prec@1 10.190 Prec@5 59.400 Loss 4.64860
Epoch [56] Testing Class Recall: [0.752,0.014,0.047,0.022,0.000,0.000,0.000,0.000,0.184,0.000]
Epoch [57] Training Results: Prec@1 85.242 Prec@5 98.952 Loss 0.35442
Epoch [57] Training Class Recall: [1.000,0.000,0.197,0.000,0.000,0.000,0.000,0.000,0.049,0.000]
Epoch [57] Testing Results: Prec@1 10.230 Prec@5 57.720 Loss 4.77288
Epoch [57] Testing Class Recall: [0.798,0.004,0.042,0.031,0.000,0.000,0.000,0.000,0.148,0.000]
Epoch [58] Training Results: Prec@1 85.484 Prec@5 98.710 Loss 0.34780
Epoch [58] Training Class Recall: [1.000,0.000,0.131,0.220,0.000,0.000,0.000,0.000,0.000,0.000]
Epoch [58] Testing Results: Prec@1 9.640 Prec@5 58.480 Loss 4.85421
Epoch [58] Testing Class Recall: [0.892,0.000,0.040,0.002,0.000,0.000,0.000,0.000,0.030,0.000]
Epoch [59] Training Results: Prec@1 87.177 Prec@5 98.871 Loss 0.37998
Epoch [59] Training Class Recall: [1.000,0.286,0.393,0.000,0.000,0.000,0.000,0.000,0.293,0.000]
Epoch [59] Testing Results: Prec@1 9.240 Prec@5 58.780 Loss 5.00245
Epoch [59] Testing Class Recall: [0.880,0.000,0.044,0.000,0.000,0.000,0.000,0.000,0.000,0.000]
Epoch [60] Training Results: Prec@1 85.887 Prec@5 98.952 Loss 0.37718
Epoch [60] Training Class Recall: [1.000,0.000,0.295,0.098,0.000,0.000,0.000,0.000,0.000,0.000]
Epoch [60] Testing Results: Prec@1 9.980 Prec@5 58.120 Loss 5.04195
Epoch [60] Testing Class Recall: [0.998,0.000,0.000,0.000,0.000,0.000,0.000,0.000,0.000,0.000]
Epoch [61] Training Results: Prec@1 84.435 Prec@5 99.032 Loss 0.36886
Epoch [61] Training Class Recall: [1.000,0.000,0.033,0.049,0.000,0.000,0.000,0.000,0.000,0.000]
Epoch [61] Testing Results: Prec@1 9.260 Prec@5 56.670 Loss 4.57891
Epoch [61] Testing Class Recall: [0.883,0.000,0.020,0.022,0.000,0.000,0.000,0.000,0.001,0.000]
Epoch [62] Training Results: Prec@1 85.887 Prec@5 99.355 Loss 0.32926
Epoch [62] Training Class Recall: [1.000,0.000,0.246,0.098,0.000,0.000,0.000,0.000,0.073,0.000]
Epoch [62] Testing Results: Prec@1 10.030 Prec@5 58.860 Loss 4.57016
Epoch [62] Testing Class Recall: [0.792,0.020,0.021,0.068,0.000,0.000,0.000,0.000,0.102,0.000]
Epoch [63] Training Results: Prec@1 87.097 Prec@5 99.032 Loss 0.36209
Epoch [63] Training Class Recall: [0.999,0.143,0.410,0.171,0.000,0.000,0.000,0.000,0.122,0.000]
Epoch [63] Testing Results: Prec@1 10.790 Prec@5 59.300 Loss 4.58141
Epoch [63] Testing Class Recall: [0.754,0.006,0.056,0.018,0.000,0.000,0.000,0.000,0.245,0.000]
Epoch [64] Training Results: Prec@1 85.242 Prec@5 99.113 Loss 0.34357
Epoch [64] Training Class Recall: [1.000,0.000,0.115,0.073,0.000,0.000,0.000,0.000,0.098,0.000]
Epoch [64] Testing Results: Prec@1 9.910 Prec@5 60.270 Loss 4.38420
Epoch [64] Testing Class Recall: [0.744,0.012,0.025,0.057,0.000,0.000,0.000,0.000,0.153,0.000]
Epoch [65] Training Results: Prec@1 86.290 Prec@5 99.032 Loss 0.34042
Epoch [65] Training Class Recall: [1.000,0.143,0.164,0.171,0.000,0.000,0.000,0.000,0.220,0.000]
Epoch [65] Testing Results: Prec@1 10.950 Prec@5 57.710 Loss 4.83720
Epoch [65] Testing Class Recall: [0.740,0.003,0.109,0.019,0.000,0.000,0.000,0.000,0.224,0.000]
Epoch [66] Training Results: Prec@1 86.290 Prec@5 99.032 Loss 0.36474
Epoch [66] Training Class Recall: [0.997,0.143,0.295,0.122,0.000,0.000,0.000,0.000,0.146,0.000]
Epoch [66] Testing Results: Prec@1 9.530 Prec@5 56.280 Loss 4.75751
Epoch [66] Testing Class Recall: [0.893,0.000,0.025,0.004,0.000,0.000,0.000,0.000,0.031,0.000]
Epoch [67] Training Results: Prec@1 84.839 Prec@5 99.274 Loss 0.33345
Epoch [67] Training Class Recall: [1.000,0.000,0.131,0.000,0.000,0.000,0.000,0.000,0.024,0.000]
Epoch [67] Testing Results: Prec@1 10.400 Prec@5 58.120 Loss 4.91714
Epoch [67] Testing Class Recall: [0.905,0.000,0.015,0.024,0.000,0.000,0.000,0.000,0.096,0.000]
Epoch [68] Training Results: Prec@1 85.887 Prec@5 99.032 Loss 0.34524
Epoch [68] Training Class Recall: [1.000,0.000,0.115,0.171,0.000,0.000,0.000,0.000,0.195,0.000]
Epoch [68] Testing Results: Prec@1 11.450 Prec@5 58.950 Loss 4.76319
Epoch [68] Testing Class Recall: [0.834,0.011,0.012,0.022,0.000,0.000,0.000,0.000,0.266,0.000]
Epoch [69] Training Results: Prec@1 85.645 Prec@5 99.194 Loss 0.32554
Epoch [69] Training Class Recall: [1.000,0.000,0.082,0.122,0.000,0.000,0.000,0.000,0.220,0.000]
Epoch [69] Testing Results: Prec@1 10.400 Prec@5 58.250 Loss 5.06309
Epoch [69] Testing Class Recall: [0.702,0.000,0.050,0.050,0.000,0.000,0.000,0.000,0.238,0.000]
Epoch [70] Training Results: Prec@1 87.339 Prec@5 99.355 Loss 0.36033
Epoch [70] Training Class Recall: [1.000,0.000,0.311,0.293,0.000,0.000,0.000,0.000,0.220,0.000]
Epoch [70] Testing Results: Prec@1 10.250 Prec@5 59.440 Loss 4.77434
Epoch [70] Testing Class Recall: [0.989,0.001,0.000,0.000,0.000,0.000,0.000,0.000,0.035,0.000]
Epoch [71] Training Results: Prec@1 84.274 Prec@5 99.194 Loss 0.34702
Epoch [71] Training Class Recall: [1.000,0.000,0.016,0.000,0.000,0.000,0.000,0.000,0.024,0.000]
Epoch [71] Testing Results: Prec@1 10.150 Prec@5 59.390 Loss 4.52027
Epoch [71] Testing Class Recall: [0.920,0.006,0.039,0.008,0.000,0.000,0.000,0.000,0.042,0.000]
Epoch [72] Training Results: Prec@1 85.645 Prec@5 99.194 Loss 0.35020
Epoch [72] Training Class Recall: [1.000,0.000,0.262,0.024,0.000,0.000,0.000,0.000,0.049,0.000]
Epoch [72] Testing Results: Prec@1 10.840 Prec@5 58.510 Loss 5.02252
Epoch [72] Testing Class Recall: [0.734,0.000,0.093,0.011,0.000,0.000,0.000,0.000,0.246,0.000]
Epoch [73] Training Results: Prec@1 87.097 Prec@5 98.871 Loss 0.34900
Epoch [73] Training Class Recall: [1.000,0.000,0.410,0.049,0.000,0.000,0.000,0.000,0.244,0.000]
Epoch [73] Testing Results: Prec@1 9.430 Prec@5 60.170 Loss 5.21995
Epoch [73] Testing Class Recall: [0.879,0.033,0.017,0.014,0.000,0.000,0.000,0.000,0.000,0.000]
Epoch [74] Training Results: Prec@1 85.645 Prec@5 99.355 Loss 0.32704
Epoch [74] Training Class Recall: [1.000,0.143,0.213,0.000,0.000,0.000,0.000,0.000,0.122,0.000]
Epoch [74] Testing Results: Prec@1 11.420 Prec@5 58.920 Loss 4.42821
Epoch [74] Testing Class Recall: [0.840,0.007,0.083,0.013,0.000,0.000,0.000,0.000,0.199,0.000]
Epoch [75] Training Results: Prec@1 86.048 Prec@5 99.274 Loss 0.32239
Epoch [75] Training Class Recall: [1.000,0.000,0.180,0.122,0.000,0.000,0.000,0.000,0.195,0.000]
Epoch [75] Testing Results: Prec@1 10.930 Prec@5 58.350 Loss 4.67933
Epoch [75] Testing Class Recall: [0.677,0.002,0.061,0.047,0.000,0.000,0.000,0.000,0.306,0.000]
Epoch [76] Training Results: Prec@1 86.048 Prec@5 99.194 Loss 0.34384
Epoch [76] Training Class Recall: [0.999,0.000,0.246,0.049,0.000,0.000,0.000,0.000,0.195,0.000]
Epoch [76] Testing Results: Prec@1 10.910 Prec@5 59.650 Loss 4.58903
Epoch [76] Testing Class Recall: [0.833,0.022,0.052,0.001,0.000,0.000,0.000,0.000,0.183,0.000]
Epoch [77] Training Results: Prec@1 85.887 Prec@5 99.194 Loss 0.34117
Epoch [77] Training Class Recall: [1.000,0.143,0.262,0.049,0.000,0.000,0.000,0.000,0.073,0.000]
Epoch [77] Testing Results: Prec@1 11.240 Prec@5 58.750 Loss 4.63347
Epoch [77] Testing Class Recall: [0.854,0.015,0.000,0.041,0.000,0.000,0.000,0.000,0.214,0.000]
Epoch [78] Training Results: Prec@1 84.839 Prec@5 99.435 Loss 0.35037
Epoch [78] Training Class Recall: [1.000,0.143,0.016,0.049,0.000,0.000,0.000,0.000,0.122,0.000]
Epoch [78] Testing Results: Prec@1 9.910 Prec@5 58.610 Loss 5.03282
Epoch [78] Testing Class Recall: [0.943,0.004,0.024,0.000,0.000,0.000,0.000,0.000,0.020,0.000]
Epoch [79] Training Results: Prec@1 86.048 Prec@5 99.355 Loss 0.33439
Epoch [79] Training Class Recall: [1.000,0.286,0.180,0.049,0.000,0.000,0.000,0.000,0.220,0.000]
Epoch [79] Testing Results: Prec@1 9.670 Prec@5 60.510 Loss 4.86118
Epoch [79] Testing Class Recall: [0.855,0.044,0.019,0.021,0.000,0.000,0.000,0.000,0.028,0.000]
Epoch [80] Training Results: Prec@1 85.323 Prec@5 99.355 Loss 0.34037
Epoch [80] Training Class Recall: [1.000,0.143,0.180,0.073,0.000,0.000,0.000,0.000,0.000,0.000]
Epoch [80] Testing Results: Prec@1 9.760 Prec@5 58.090 Loss 4.48194
Epoch [80] Testing Class Recall: [0.753,0.020,0.090,0.026,0.000,0.000,0.000,0.000,0.087,0.000]
Epoch [81] Training Results: Prec@1 85.806 Prec@5 99.355 Loss 0.35789
Epoch [81] Training Class Recall: [0.999,0.000,0.279,0.049,0.000,0.000,0.000,0.000,0.073,0.000]
Epoch [81] Testing Results: Prec@1 11.320 Prec@5 59.030 Loss 5.26881
Epoch [81] Testing Class Recall: [0.771,0.008,0.060,0.004,0.000,0.000,0.000,0.000,0.289,0.000]
Epoch [82] Training Results: Prec@1 85.484 Prec@5 99.597 Loss 0.35205
Epoch [82] Training Class Recall: [1.000,0.000,0.098,0.049,0.000,0.000,0.000,0.000,0.220,0.000]
Epoch [82] Testing Results: Prec@1 9.690 Prec@5 59.690 Loss 5.08105
Epoch [82] Testing Class Recall: [0.903,0.014,0.013,0.022,0.000,0.000,0.000,0.000,0.017,0.000]
Epoch [83] Training Results: Prec@1 87.177 Prec@5 99.355 Loss 0.33514
Epoch [83] Training Class Recall: [0.999,0.286,0.443,0.073,0.000,0.000,0.000,0.000,0.171,0.000]
Epoch [83] Testing Results: Prec@1 10.870 Prec@5 58.320 Loss 4.42090
Epoch [83] Testing Class Recall: [0.745,0.018,0.046,0.056,0.000,0.000,0.000,0.000,0.222,0.000]
Epoch [84] Training Results: Prec@1 86.371 Prec@5 99.355 Loss 0.33117
Epoch [84] Training Class Recall: [1.000,0.143,0.295,0.049,0.000,0.000,0.000,0.000,0.171,0.000]
Epoch [84] Testing Results: Prec@1 10.900 Prec@5 57.620 Loss 4.82946
Epoch [84] Testing Class Recall: [0.843,0.012,0.024,0.026,0.000,0.000,0.000,0.000,0.185,0.000]
Epoch [85] Training Results: Prec@1 87.097 Prec@5 98.952 Loss 0.33769
Epoch [85] Training Class Recall: [1.000,0.000,0.295,0.220,0.000,0.000,0.000,0.000,0.244,0.000]
Epoch [85] Testing Results: Prec@1 10.150 Prec@5 58.000 Loss 4.83898
Epoch [85] Testing Class Recall: [0.969,0.002,0.026,0.000,0.000,0.000,0.000,0.000,0.018,0.000]
Epoch [86] Training Results: Prec@1 85.403 Prec@5 99.274 Loss 0.33111
Epoch [86] Training Class Recall: [0.999,0.143,0.213,0.000,0.000,0.000,0.000,0.000,0.073,0.000]
Epoch [86] Testing Results: Prec@1 11.030 Prec@5 58.190 Loss 4.47893
Epoch [86] Testing Class Recall: [0.737,0.019,0.066,0.025,0.000,0.000,0.000,0.000,0.256,0.000]
Epoch [87] Training Results: Prec@1 86.290 Prec@5 99.355 Loss 0.33822
Epoch [87] Training Class Recall: [1.000,0.000,0.295,0.049,0.000,0.000,0.000,0.000,0.171,0.000]
Epoch [87] Testing Results: Prec@1 11.840 Prec@5 59.490 Loss 4.57749
Epoch [87] Testing Class Recall: [0.739,0.014,0.100,0.039,0.000,0.000,0.000,0.000,0.292,0.000]
Epoch [88] Training Results: Prec@1 87.097 Prec@5 99.274 Loss 0.34111
Epoch [88] Training Class Recall: [0.999,0.143,0.393,0.098,0.000,0.000,0.000,0.000,0.220,0.000]
Epoch [88] Testing Results: Prec@1 9.780 Prec@5 59.420 Loss 5.27155
Epoch [88] Testing Class Recall: [0.973,0.000,0.004,0.000,0.000,0.000,0.000,0.000,0.001,0.000]
Epoch [89] Training Results: Prec@1 84.597 Prec@5 99.113 Loss 0.35203
Epoch [89] Training Class Recall: [1.000,0.000,0.000,0.122,0.000,0.000,0.000,0.000,0.024,0.000]
Epoch [89] Testing Results: Prec@1 10.890 Prec@5 58.620 Loss 4.66692
Epoch [89] Testing Class Recall: [0.943,0.014,0.005,0.002,0.000,0.000,0.000,0.000,0.125,0.000]
Epoch [90] Training Results: Prec@1 85.565 Prec@5 99.274 Loss 0.34840
Epoch [90] Training Class Recall: [1.000,0.000,0.197,0.000,0.000,0.000,0.000,0.000,0.146,0.000]
Epoch [90] Testing Results: Prec@1 10.130 Prec@5 59.790 Loss 4.49380
Epoch [90] Testing Class Recall: [0.867,0.016,0.025,0.027,0.000,0.000,0.000,0.000,0.078,0.000]
Epoch [91] Training Results: Prec@1 85.887 Prec@5 99.274 Loss 0.32241
Epoch [91] Training Class Recall: [1.000,0.000,0.131,0.195,0.000,0.000,0.000,0.000,0.146,0.000]
Epoch [91] Testing Results: Prec@1 9.960 Prec@5 58.680 Loss 5.27072
Epoch [91] Testing Class Recall: [0.971,0.000,0.006,0.019,0.000,0.000,0.000,0.000,0.000,0.000]
Epoch [92] Training Results: Prec@1 87.581 Prec@5 99.435 Loss 0.34827
Epoch [92] Training Class Recall: [1.000,0.286,0.361,0.244,0.000,0.000,0.000,0.000,0.220,0.000]
Epoch [92] Testing Results: Prec@1 10.370 Prec@5 58.070 Loss 4.78395
Epoch [92] Testing Class Recall: [0.708,0.025,0.067,0.025,0.000,0.000,0.000,0.000,0.212,0.000]
Epoch [93] Training Results: Prec@1 85.565 Prec@5 99.516 Loss 0.33603
Epoch [93] Training Class Recall: [1.000,0.000,0.164,0.171,0.000,0.000,0.000,0.000,0.024,0.000]
Epoch [93] Testing Results: Prec@1 10.220 Prec@5 58.300 Loss 4.85592
Epoch [93] Testing Class Recall: [0.954,0.021,0.020,0.019,0.000,0.001,0.000,0.000,0.007,0.000]
Epoch [94] Training Results: Prec@1 85.081 Prec@5 99.355 Loss 0.33157
Epoch [94] Training Class Recall: [1.000,0.000,0.164,0.049,0.000,0.000,0.000,0.000,0.000,0.000]
Epoch [94] Testing Results: Prec@1 9.880 Prec@5 59.460 Loss 4.82186
Epoch [94] Testing Class Recall: [0.932,0.016,0.008,0.026,0.000,0.000,0.000,0.000,0.006,0.000]
Epoch [95] Training Results: Prec@1 86.129 Prec@5 99.435 Loss 0.32724
Epoch [95] Training Class Recall: [0.998,0.429,0.213,0.146,0.000,0.000,0.000,0.000,0.122,0.000]
Epoch [95] Testing Results: Prec@1 10.920 Prec@5 58.010 Loss 4.90630
Epoch [95] Testing Class Recall: [0.790,0.015,0.046,0.016,0.000,0.000,0.000,0.000,0.225,0.000]
Epoch [96] Training Results: Prec@1 88.548 Prec@5 99.597 Loss 0.34088
Epoch [96] Training Class Recall: [1.000,0.429,0.393,0.293,0.000,0.000,0.000,0.000,0.390,0.000]
Epoch [96] Testing Results: Prec@1 9.730 Prec@5 56.510 Loss 4.74036
Epoch [96] Testing Class Recall: [0.895,0.000,0.036,0.040,0.000,0.000,0.000,0.000,0.002,0.000]
Epoch [97] Training Results: Prec@1 84.919 Prec@5 99.355 Loss 0.34712
Epoch [97] Training Class Recall: [1.000,0.000,0.098,0.098,0.000,0.000,0.000,0.000,0.000,0.000]
Epoch [97] Testing Results: Prec@1 9.880 Prec@5 58.560 Loss 4.56165
Epoch [97] Testing Class Recall: [0.899,0.016,0.025,0.004,0.000,0.001,0.000,0.000,0.043,0.000]
Epoch [98] Training Results: Prec@1 85.645 Prec@5 99.516 Loss 0.34153
Epoch [98] Training Class Recall: [1.000,0.000,0.213,0.024,0.000,0.100,0.000,0.000,0.098,0.000]
Epoch [98] Testing Results: Prec@1 11.130 Prec@5 58.510 Loss 4.43349
Epoch [98] Testing Class Recall: [0.768,0.013,0.082,0.048,0.000,0.000,0.000,0.000,0.202,0.000]
Epoch [99] Training Results: Prec@1 87.177 Prec@5 99.274 Loss 0.34610
Epoch [99] Training Class Recall: [1.000,0.429,0.311,0.220,0.000,0.000,0.000,0.000,0.171,0.000]
Epoch [99] Testing Results: Prec@1 9.960 Prec@5 58.970 Loss 5.08647
Epoch [99] Testing Class Recall: [0.876,0.018,0.016,0.026,0.000,0.000,0.000,0.000,0.060,0.000]
Epoch [100] Training Results: Prec@1 86.371 Prec@5 99.435 Loss 0.35691
Epoch [100] Training Class Recall: [1.000,0.000,0.393,0.000,0.000,0.000,0.000,0.000,0.098,0.000]
Epoch [100] Testing Results: Prec@1 9.760 Prec@5 58.690 Loss 4.70454
Epoch [100] Testing Class Recall: [0.933,0.002,0.041,0.000,0.000,0.000,0.000,0.000,0.000,0.000]
Epoch [101] Training Results: Prec@1 85.000 Prec@5 99.274 Loss 0.33953
Epoch [101] Training Class Recall: [1.000,0.143,0.082,0.122,0.000,0.000,0.000,0.000,0.000,0.000]
Epoch [101] Testing Results: Prec@1 9.800 Prec@5 58.620 Loss 4.49302
Epoch [101] Testing Class Recall: [0.815,0.053,0.035,0.039,0.000,0.000,0.000,0.000,0.038,0.000]
Epoch [102] Training Results: Prec@1 87.661 Prec@5 99.355 Loss 0.31585
Epoch [102] Training Class Recall: [1.000,0.571,0.426,0.049,0.000,0.000,0.000,0.000,0.293,0.000]
Epoch [102] Testing Results: Prec@1 10.450 Prec@5 59.070 Loss 4.82023
Epoch [102] Testing Class Recall: [0.821,0.030,0.073,0.029,0.000,0.001,0.000,0.000,0.091,0.000]
Epoch [103] Training Results: Prec@1 87.742 Prec@5 99.597 Loss 0.33070
Epoch [103] Training Class Recall: [1.000,0.429,0.344,0.268,0.000,0.000,0.000,0.000,0.244,0.000]
Epoch [103] Testing Results: Prec@1 10.550 Prec@5 60.540 Loss 4.84598
Epoch [103] Testing Class Recall: [0.784,0.031,0.055,0.035,0.000,0.000,0.000,0.000,0.150,0.000]
Epoch [104] Training Results: Prec@1 86.774 Prec@5 99.516 Loss 0.34273
Epoch [104] Training Class Recall: [0.999,0.000,0.328,0.073,0.000,0.000,0.000,0.000,0.268,0.000]
Epoch [104] Testing Results: Prec@1 9.790 Prec@5 59.250 Loss 4.83806
Epoch [104] Testing Class Recall: [0.904,0.000,0.041,0.000,0.000,0.000,0.000,0.000,0.034,0.000]
Epoch [105] Training Results: Prec@1 86.694 Prec@5 99.435 Loss 0.32924
Epoch [105] Training Class Recall: [1.000,0.000,0.246,0.073,0.000,0.000,0.000,0.000,0.341,0.000]
Epoch [105] Testing Results: Prec@1 10.880 Prec@5 59.550 Loss 5.01943
Epoch [105] Testing Class Recall: [0.938,0.007,0.012,0.005,0.000,0.000,0.000,0.000,0.126,0.000]
Epoch [106] Training Results: Prec@1 85.161 Prec@5 99.758 Loss 0.32512
Epoch [106] Training Class Recall: [1.000,0.143,0.180,0.000,0.000,0.000,0.000,0.000,0.024,0.000]
Epoch [106] Testing Results: Prec@1 11.450 Prec@5 59.670 Loss 4.68453
Epoch [106] Testing Class Recall: [0.816,0.031,0.059,0.007,0.000,0.000,0.000,0.000,0.232,0.000]
Epoch [107] Training Results: Prec@1 86.048 Prec@5 99.597 Loss 0.34429
Epoch [107] Training Class Recall: [1.000,0.143,0.246,0.049,0.000,0.000,0.000,0.000,0.146,0.000]
Epoch [107] Testing Results: Prec@1 9.940 Prec@5 59.970 Loss 4.79450
Epoch [107] Testing Class Recall: [0.883,0.013,0.037,0.020,0.000,0.000,0.000,0.000,0.041,0.000]
Epoch [108] Training Results: Prec@1 86.371 Prec@5 99.758 Loss 0.32944
Epoch [108] Training Class Recall: [1.000,0.429,0.262,0.049,0.000,0.000,0.000,0.000,0.171,0.000]
Epoch [108] Testing Results: Prec@1 10.350 Prec@5 59.230 Loss 5.09197
Epoch [108] Testing Class Recall: [0.904,0.012,0.059,0.015,0.000,0.000,0.000,0.000,0.045,0.000]
Epoch [109] Training Results: Prec@1 87.258 Prec@5 99.677 Loss 0.31263
Epoch [109] Training Class Recall: [1.000,0.000,0.459,0.122,0.000,0.000,0.000,0.000,0.146,0.000]
Epoch [109] Testing Results: Prec@1 10.630 Prec@5 59.660 Loss 4.60712
Epoch [109] Testing Class Recall: [0.758,0.030,0.053,0.029,0.000,0.001,0.000,0.000,0.192,0.000]
Epoch [110] Training Results: Prec@1 87.097 Prec@5 99.355 Loss 0.29787
Epoch [110] Training Class Recall: [1.000,0.286,0.279,0.098,0.000,0.000,0.000,0.000,0.341,0.000]
Epoch [110] Testing Results: Prec@1 11.180 Prec@5 60.830 Loss 4.96308
Epoch [110] Testing Class Recall: [0.742,0.027,0.072,0.025,0.000,0.002,0.000,0.000,0.250,0.000]
Epoch [111] Training Results: Prec@1 88.871 Prec@5 99.597 Loss 0.33579
Epoch [111] Training Class Recall: [0.996,0.429,0.557,0.220,0.000,0.000,0.000,0.000,0.415,0.000]
Epoch [111] Testing Results: Prec@1 10.410 Prec@5 62.250 Loss 4.65110
Epoch [111] Testing Class Recall: [0.921,0.041,0.019,0.000,0.000,0.000,0.000,0.000,0.060,0.000]
Epoch [112] Training Results: Prec@1 85.161 Prec@5 99.435 Loss 0.34618
Epoch [112] Training Class Recall: [1.000,0.714,0.082,0.000,0.000,0.000,0.000,0.000,0.073,0.000]
Epoch [112] Testing Results: Prec@1 9.940 Prec@5 60.110 Loss 4.67131
Epoch [112] Testing Class Recall: [0.897,0.031,0.016,0.000,0.000,0.000,0.000,0.000,0.050,0.000]
Epoch [113] Training Results: Prec@1 86.452 Prec@5 99.435 Loss 0.31383
Epoch [113] Training Class Recall: [1.000,0.429,0.295,0.000,0.000,0.000,0.000,0.000,0.195,0.000]
Epoch [113] Testing Results: Prec@1 9.980 Prec@5 59.020 Loss 5.09686
Epoch [113] Testing Class Recall: [0.829,0.031,0.059,0.028,0.000,0.000,0.000,0.000,0.051,0.000]
Epoch [114] Training Results: Prec@1 88.387 Prec@5 99.597 Loss 0.30720
Epoch [114] Training Class Recall: [0.998,0.143,0.541,0.293,0.000,0.000,0.000,0.000,0.220,0.000]
Epoch [114] Testing Results: Prec@1 10.780 Prec@5 57.240 Loss 4.85453
Epoch [114] Testing Class Recall: [0.628,0.008,0.044,0.084,0.000,0.000,0.000,0.000,0.314,0.000]
Epoch [115] Training Results: Prec@1 88.065 Prec@5 99.839 Loss 0.32352
Epoch [115] Training Class Recall: [0.999,0.286,0.508,0.171,0.000,0.000,0.000,0.000,0.244,0.000]
Epoch [115] Testing Results: Prec@1 10.090 Prec@5 58.150 Loss 5.03391
Epoch [115] Testing Class Recall: [0.801,0.044,0.077,0.016,0.000,0.001,0.001,0.000,0.069,0.000]
Epoch [116] Training Results: Prec@1 86.452 Prec@5 99.597 Loss 0.33478
Epoch [116] Training Class Recall: [1.000,0.143,0.279,0.049,0.000,0.000,0.000,0.000,0.220,0.000]
Epoch [116] Testing Results: Prec@1 11.610 Prec@5 58.520 Loss 5.00009
Epoch [116] Testing Class Recall: [0.784,0.002,0.083,0.017,0.000,0.001,0.000,0.000,0.274,0.000]
Epoch [117] Training Results: Prec@1 87.258 Prec@5 99.597 Loss 0.30220
Epoch [117] Training Class Recall: [1.000,0.143,0.492,0.024,0.000,0.000,0.000,0.000,0.171,0.000]
Epoch [117] Testing Results: Prec@1 9.460 Prec@5 60.480 Loss 4.79682
Epoch [117] Testing Class Recall: [0.845,0.024,0.023,0.039,0.000,0.000,0.000,0.000,0.015,0.000]
Epoch [118] Training Results: Prec@1 88.710 Prec@5 99.435 Loss 0.35004
Epoch [118] Training Class Recall: [1.000,0.571,0.541,0.195,0.000,0.000,0.000,0.000,0.293,0.000]
Epoch [118] Testing Results: Prec@1 10.540 Prec@5 57.750 Loss 4.45476
Epoch [118] Testing Class Recall: [0.768,0.011,0.047,0.014,0.000,0.003,0.000,0.000,0.211,0.000]
Epoch [119] Training Results: Prec@1 85.806 Prec@5 99.516 Loss 0.34378
Epoch [119] Training Class Recall: [1.000,0.000,0.148,0.000,0.000,0.000,0.000,0.000,0.293,0.000]
Epoch [119] Testing Results: Prec@1 9.540 Prec@5 55.540 Loss 4.67427
Epoch [119] Testing Class Recall: [0.867,0.006,0.049,0.018,0.000,0.004,0.000,0.000,0.010,0.000]
Epoch [120] Training Results: Prec@1 85.726 Prec@5 99.597 Loss 0.31751
Epoch [120] Training Class Recall: [1.000,0.000,0.311,0.024,0.000,0.000,0.000,0.000,0.000,0.000]
Epoch [120] Testing Results: Prec@1 9.890 Prec@5 58.460 Loss 4.69624
Epoch [120] Testing Class Recall: [0.856,0.024,0.067,0.010,0.000,0.000,0.000,0.000,0.032,0.000]
Epoch [121] Training Results: Prec@1 87.903 Prec@5 99.758 Loss 0.33061
Epoch [121] Training Class Recall: [1.000,0.429,0.377,0.171,0.000,0.000,0.000,0.000,0.341,0.000]
Epoch [121] Testing Results: Prec@1 9.530 Prec@5 58.330 Loss 5.15533
Epoch [121] Testing Class Recall: [0.897,0.009,0.032,0.008,0.000,0.001,0.000,0.000,0.006,0.000]
Epoch [122] Training Results: Prec@1 85.323 Prec@5 99.677 Loss 0.34475
Epoch [122] Training Class Recall: [1.000,0.000,0.246,0.000,0.000,0.000,0.000,0.000,0.000,0.000]
Epoch [122] Testing Results: Prec@1 10.560 Prec@5 57.790 Loss 4.57607
Epoch [122] Testing Class Recall: [0.896,0.032,0.053,0.025,0.000,0.001,0.000,0.000,0.049,0.000]
Epoch [123] Training Results: Prec@1 85.968 Prec@5 99.758 Loss 0.35116
Epoch [123] Training Class Recall: [1.000,0.714,0.164,0.122,0.000,0.000,0.000,0.000,0.073,0.000]
Epoch [123] Testing Results: Prec@1 10.290 Prec@5 57.380 Loss 5.00225
Epoch [123] Testing Class Recall: [0.967,0.013,0.012,0.010,0.000,0.000,0.000,0.000,0.027,0.000]
Epoch [124] Training Results: Prec@1 86.129 Prec@5 99.597 Loss 0.35317
Epoch [124] Training Class Recall: [1.000,0.000,0.328,0.000,0.000,0.000,0.000,0.000,0.122,0.000]
Epoch [124] Testing Results: Prec@1 10.570 Prec@5 57.360 Loss 5.25476
Epoch [124] Testing Class Recall: [0.905,0.007,0.034,0.014,0.000,0.000,0.000,0.000,0.097,0.000]
Epoch [125] Training Results: Prec@1 85.161 Prec@5 99.677 Loss 0.34072
Epoch [125] Training Class Recall: [1.000,0.000,0.164,0.000,0.000,0.000,0.000,0.000,0.073,0.000]
Epoch [125] Testing Results: Prec@1 10.290 Prec@5 59.270 Loss 4.26192
Epoch [125] Testing Class Recall: [0.816,0.021,0.100,0.036,0.000,0.000,0.000,0.000,0.056,0.000]
Epoch [126] Training Results: Prec@1 87.177 Prec@5 99.435 Loss 0.32971
Epoch [126] Training Class Recall: [1.000,0.429,0.410,0.122,0.000,0.000,0.000,0.000,0.122,0.000]
Epoch [126] Testing Results: Prec@1 10.430 Prec@5 58.400 Loss 5.16745
Epoch [126] Testing Class Recall: [0.843,0.024,0.035,0.009,0.000,0.000,0.000,0.000,0.132,0.000]
Epoch [127] Training Results: Prec@1 88.145 Prec@5 99.677 Loss 0.32549
Epoch [127] Training Class Recall: [1.000,0.286,0.393,0.268,0.000,0.000,0.000,0.000,0.317,0.000]
Epoch [127] Testing Results: Prec@1 10.870 Prec@5 58.820 Loss 4.51096
Epoch [127] Testing Class Recall: [0.727,0.019,0.098,0.091,0.000,0.000,0.000,0.000,0.152,0.000]
Epoch [128] Training Results: Prec@1 87.419 Prec@5 99.758 Loss 0.31526
Epoch [128] Training Class Recall: [1.000,0.286,0.426,0.146,0.000,0.000,0.000,0.000,0.171,0.000]
Epoch [128] Testing Results: Prec@1 11.020 Prec@5 59.430 Loss 5.02820
Epoch [128] Testing Class Recall: [0.749,0.020,0.075,0.030,0.000,0.001,0.002,0.000,0.225,0.000]
Epoch [129] Training Results: Prec@1 88.629 Prec@5 99.355 Loss 0.34534
Epoch [129] Training Class Recall: [0.993,0.429,0.508,0.341,0.000,0.000,0.000,0.000,0.366,0.000]
Epoch [129] Testing Results: Prec@1 9.560 Prec@5 58.580 Loss 5.07201
Epoch [129] Testing Class Recall: [0.863,0.000,0.059,0.000,0.000,0.000,0.000,0.000,0.034,0.000]
Epoch [130] Training Results: Prec@1 86.774 Prec@5 99.597 Loss 0.32947
Epoch [130] Training Class Recall: [1.000,0.000,0.426,0.000,0.000,0.100,0.000,0.000,0.146,0.000]
Epoch [130] Testing Results: Prec@1 10.750 Prec@5 59.810 Loss 4.98100
Epoch [130] Testing Class Recall: [0.884,0.014,0.054,0.002,0.000,0.006,0.000,0.000,0.115,0.000]
Epoch [131] Training Results: Prec@1 86.613 Prec@5 99.516 Loss 0.32164
Epoch [131] Training Class Recall: [0.999,0.286,0.246,0.000,0.000,0.100,0.000,0.000,0.341,0.000]
Epoch [131] Testing Results: Prec@1 10.040 Prec@5 59.980 Loss 4.88806
Epoch [131] Testing Class Recall: [0.879,0.018,0.041,0.001,0.000,0.000,0.000,0.000,0.065,0.000]
Epoch [132] Training Results: Prec@1 87.097 Prec@5 99.597 Loss 0.30473
Epoch [132] Training Class Recall: [1.000,0.286,0.475,0.024,0.000,0.000,0.000,0.000,0.122,0.000]
Epoch [132] Testing Results: Prec@1 10.310 Prec@5 60.090 Loss 4.84893
Epoch [132] Testing Class Recall: [0.896,0.010,0.039,0.000,0.000,0.000,0.002,0.000,0.084,0.000]
Epoch [133] Training Results: Prec@1 86.694 Prec@5 99.758 Loss 0.35759
Epoch [133] Training Class Recall: [1.000,0.143,0.279,0.049,0.000,0.000,0.000,0.000,0.293,0.000]
Epoch [133] Testing Results: Prec@1 9.690 Prec@5 59.850 Loss 4.76792
Epoch [133] Testing Class Recall: [0.930,0.011,0.023,0.000,0.000,0.000,0.000,0.000,0.005,0.000]
Epoch [134] Training Results: Prec@1 85.242 Prec@5 99.597 Loss 0.34435
Epoch [134] Training Class Recall: [1.000,0.429,0.164,0.000,0.000,0.100,0.000,0.000,0.000,0.000]
Epoch [134] Testing Results: Prec@1 11.130 Prec@5 59.770 Loss 4.57985
Epoch [134] Testing Class Recall: [0.804,0.047,0.027,0.016,0.000,0.000,0.000,0.000,0.219,0.000]
Epoch [135] Training Results: Prec@1 85.000 Prec@5 99.597 Loss 0.34090
Epoch [135] Training Class Recall: [1.000,0.143,0.066,0.073,0.000,0.000,0.000,0.000,0.073,0.000]
Epoch [135] Testing Results: Prec@1 9.740 Prec@5 58.090 Loss 4.80735
Epoch [135] Testing Class Recall: [0.806,0.002,0.059,0.072,0.000,0.000,0.003,0.000,0.032,0.000]
Epoch [136] Training Results: Prec@1 86.935 Prec@5 99.597 Loss 0.32468
Epoch [136] Training Class Recall: [0.999,0.143,0.361,0.220,0.000,0.000,0.000,0.000,0.098,0.000]
Epoch [136] Testing Results: Prec@1 10.810 Prec@5 59.240 Loss 4.93193
Epoch [136] Testing Class Recall: [0.849,0.034,0.007,0.006,0.000,0.000,0.000,0.000,0.185,0.000]
Epoch [137] Training Results: Prec@1 88.871 Prec@5 99.597 Loss 0.33205
Epoch [137] Training Class Recall: [0.998,0.143,0.492,0.268,0.000,0.000,0.000,0.000,0.463,0.000]
Epoch [137] Testing Results: Prec@1 9.710 Prec@5 56.650 Loss 5.36162
Epoch [137] Testing Class Recall: [0.947,0.000,0.021,0.003,0.000,0.000,0.000,0.000,0.000,0.000]
Epoch [138] Training Results: Prec@1 85.645 Prec@5 99.597 Loss 0.32252
Epoch [138] Training Class Recall: [1.000,0.286,0.115,0.146,0.000,0.100,0.000,0.000,0.073,0.000]
Epoch [138] Testing Results: Prec@1 11.500 Prec@5 60.060 Loss 4.04223
Epoch [138] Testing Class Recall: [0.625,0.064,0.090,0.075,0.000,0.000,0.001,0.000,0.295,0.000]
Epoch [139] Training Results: Prec@1 88.952 Prec@5 99.597 Loss 0.32489
Epoch [139] Training Class Recall: [1.000,0.286,0.475,0.195,0.000,0.000,0.000,0.000,0.512,0.000]
Epoch [139] Testing Results: Prec@1 10.820 Prec@5 59.440 Loss 5.03565
Epoch [139] Testing Class Recall: [0.905,0.002,0.074,0.005,0.000,0.001,0.000,0.000,0.095,0.000]
Epoch [140] Training Results: Prec@1 88.065 Prec@5 99.758 Loss 0.32856
Epoch [140] Training Class Recall: [0.999,0.143,0.443,0.244,0.000,0.000,0.000,0.000,0.293,0.000]
Epoch [140] Testing Results: Prec@1 10.030 Prec@5 60.050 Loss 4.91078
Epoch [140] Testing Class Recall: [0.727,0.014,0.043,0.078,0.000,0.000,0.000,0.000,0.141,0.000]
Epoch [141] Training Results: Prec@1 86.371 Prec@5 99.597 Loss 0.32160
Epoch [141] Training Class Recall: [1.000,0.286,0.213,0.195,0.000,0.000,0.000,0.000,0.122,0.000]
Epoch [141] Testing Results: Prec@1 12.130 Prec@5 58.690 Loss 4.42087
Epoch [141] Testing Class Recall: [0.810,0.007,0.120,0.015,0.000,0.000,0.000,0.000,0.261,0.000]
Epoch [142] Training Results: Prec@1 87.097 Prec@5 99.355 Loss 0.32021
Epoch [142] Training Class Recall: [1.000,0.143,0.262,0.000,0.000,0.100,0.000,0.000,0.463,0.000]
Epoch [142] Testing Results: Prec@1 10.190 Prec@5 59.000 Loss 5.23191
Epoch [142] Testing Class Recall: [0.973,0.005,0.004,0.001,0.000,0.000,0.000,0.000,0.036,0.000]
Epoch [143] Training Results: Prec@1 86.935 Prec@5 99.677 Loss 0.30249
Epoch [143] Training Class Recall: [0.999,0.143,0.246,0.195,0.000,0.000,0.000,0.000,0.293,0.000]
Epoch [143] Testing Results: Prec@1 10.850 Prec@5 59.410 Loss 4.62098
Epoch [143] Testing Class Recall: [0.642,0.045,0.028,0.040,0.000,0.000,0.003,0.000,0.327,0.000]
Epoch [144] Training Results: Prec@1 87.661 Prec@5 99.839 Loss 0.31318
Epoch [144] Training Class Recall: [1.000,0.286,0.377,0.049,0.000,0.000,0.000,0.000,0.415,0.000]
Epoch [144] Testing Results: Prec@1 10.180 Prec@5 56.910 Loss 5.23638
Epoch [144] Testing Class Recall: [0.866,0.000,0.069,0.013,0.000,0.000,0.001,0.000,0.069,0.000]
Epoch [145] Training Results: Prec@1 87.419 Prec@5 99.435 Loss 0.32979
Epoch [145] Training Class Recall: [1.000,0.000,0.361,0.122,0.000,0.000,0.000,0.000,0.341,0.000]
Epoch [145] Testing Results: Prec@1 10.880 Prec@5 59.550 Loss 4.87724
Epoch [145] Testing Class Recall: [0.928,0.005,0.007,0.023,0.000,0.000,0.000,0.000,0.125,0.000]
Epoch [146] Training Results: Prec@1 87.661 Prec@5 99.677 Loss 0.32059
Epoch [146] Training Class Recall: [0.999,0.571,0.311,0.244,0.000,0.000,0.000,0.000,0.293,0.000]
Epoch [146] Testing Results: Prec@1 11.120 Prec@5 56.600 Loss 4.73067
Epoch [146] Testing Class Recall: [0.655,0.022,0.114,0.020,0.000,0.000,0.015,0.000,0.286,0.000]
Epoch [147] Training Results: Prec@1 87.500 Prec@5 99.677 Loss 0.33318
Epoch [147] Training Class Recall: [1.000,0.429,0.230,0.146,0.000,0.000,0.125,0.000,0.415,0.000]
Epoch [147] Testing Results: Prec@1 10.060 Prec@5 58.120 Loss 5.25402
Epoch [147] Testing Class Recall: [0.929,0.008,0.025,0.013,0.000,0.001,0.004,0.000,0.026,0.000]
Epoch [148] Training Results: Prec@1 88.387 Prec@5 99.677 Loss 0.32081
Epoch [148] Training Class Recall: [0.999,0.143,0.492,0.122,0.000,0.100,0.062,0.000,0.390,0.000]
Epoch [148] Testing Results: Prec@1 10.080 Prec@5 58.160 Loss 5.12290
Epoch [148] Testing Class Recall: [0.918,0.003,0.042,0.001,0.000,0.000,0.000,0.000,0.044,0.000]
Epoch [149] Training Results: Prec@1 87.984 Prec@5 99.839 Loss 0.28211
Epoch [149] Training Class Recall: [1.000,0.429,0.508,0.171,0.000,0.000,0.000,0.000,0.171,0.000]
Epoch [149] Testing Results: Prec@1 11.430 Prec@5 60.840 Loss 4.74151
Epoch [149] Testing Class Recall: [0.701,0.011,0.047,0.041,0.000,0.000,0.010,0.000,0.333,0.000]
Epoch [150] Training Results: Prec@1 89.435 Prec@5 99.677 Loss 0.31579
Epoch [150] Training Class Recall: [1.000,0.286,0.525,0.220,0.000,0.000,0.000,0.000,0.561,0.000]
Epoch [150] Testing Results: Prec@1 10.380 Prec@5 58.350 Loss 4.99655
Epoch [150] Testing Class Recall: [0.841,0.010,0.072,0.013,0.000,0.000,0.007,0.000,0.095,0.000]
Epoch [151] Training Results: Prec@1 87.500 Prec@5 99.677 Loss 0.29882
Epoch [151] Training Class Recall: [1.000,0.000,0.525,0.049,0.000,0.000,0.062,0.000,0.171,0.000]
Epoch [151] Testing Results: Prec@1 11.650 Prec@5 59.210 Loss 4.72989
Epoch [151] Testing Class Recall: [0.777,0.010,0.063,0.050,0.000,0.000,0.007,0.000,0.258,0.000]
Epoch [152] Training Results: Prec@1 87.339 Prec@5 99.758 Loss 0.31849
Epoch [152] Training Class Recall: [1.000,0.286,0.213,0.122,0.000,0.000,0.000,0.000,0.488,0.000]
Epoch [152] Testing Results: Prec@1 10.040 Prec@5 58.860 Loss 5.15825
Epoch [152] Testing Class Recall: [0.915,0.013,0.067,0.001,0.000,0.000,0.005,0.000,0.003,0.000]
Epoch [153] Training Results: Prec@1 86.855 Prec@5 99.758 Loss 0.29833
Epoch [153] Training Class Recall: [1.000,0.429,0.508,0.000,0.000,0.000,0.000,0.000,0.000,0.000]
Epoch [153] Testing Results: Prec@1 11.110 Prec@5 59.680 Loss 4.84980
Epoch [153] Testing Class Recall: [0.831,0.015,0.029,0.027,0.000,0.000,0.003,0.000,0.206,0.000]
Epoch [154] Training Results: Prec@1 88.629 Prec@5 99.758 Loss 0.31638
Epoch [154] Training Class Recall: [1.000,0.143,0.410,0.244,0.000,0.000,0.000,0.000,0.488,0.000]
Epoch [154] Testing Results: Prec@1 10.890 Prec@5 58.700 Loss 4.95118
Epoch [154] Testing Class Recall: [0.871,0.004,0.038,0.024,0.000,0.000,0.003,0.000,0.149,0.000]
Epoch [155] Training Results: Prec@1 89.355 Prec@5 99.758 Loss 0.30546
Epoch [155] Training Class Recall: [0.998,0.429,0.590,0.220,0.000,0.000,0.000,0.000,0.463,0.000]
Epoch [155] Testing Results: Prec@1 10.100 Prec@5 59.670 Loss 5.02443
Epoch [155] Testing Class Recall: [0.747,0.038,0.055,0.040,0.000,0.004,0.007,0.000,0.119,0.000]
Epoch [156] Training Results: Prec@1 87.984 Prec@5 99.758 Loss 0.32905
Epoch [156] Training Class Recall: [1.000,0.286,0.377,0.268,0.000,0.100,0.000,0.000,0.268,0.000]
Epoch [156] Testing Results: Prec@1 12.360 Prec@5 58.770 Loss 4.74762
Epoch [156] Testing Class Recall: [0.636,0.010,0.127,0.081,0.000,0.000,0.014,0.000,0.368,0.000]
Epoch [157] Training Results: Prec@1 87.581 Prec@5 99.758 Loss 0.31534
Epoch [157] Training Class Recall: [1.000,0.143,0.377,0.122,0.000,0.000,0.000,0.000,0.341,0.000]
Epoch [157] Testing Results: Prec@1 10.030 Prec@5 57.900 Loss 5.36026
Epoch [157] Testing Class Recall: [0.880,0.016,0.046,0.000,0.000,0.000,0.014,0.000,0.047,0.000]
Epoch [158] Training Results: Prec@1 88.145 Prec@5 99.758 Loss 0.31990
Epoch [158] Training Class Recall: [1.000,0.143,0.459,0.024,0.000,0.000,0.500,0.000,0.293,0.000]
Epoch [158] Testing Results: Prec@1 10.860 Prec@5 59.930 Loss 4.63039
Epoch [158] Testing Class Recall: [0.878,0.014,0.006,0.012,0.000,0.000,0.002,0.000,0.174,0.000]
Epoch [159] Training Results: Prec@1 87.903 Prec@5 99.597 Loss 0.29029
Epoch [159] Training Class Recall: [0.999,0.286,0.344,0.220,0.000,0.100,0.000,0.000,0.366,0.000]
Epoch [159] Testing Results: Prec@1 10.370 Prec@5 59.300 Loss 5.13363
Epoch [159] Testing Class Recall: [0.790,0.007,0.052,0.063,0.000,0.004,0.000,0.000,0.121,0.000]
Epoch [160] Training Results: Prec@1 90.081 Prec@5 99.919 Loss 0.08412
Epoch [160] Training Class Recall: [0.998,0.000,0.656,0.415,0.000,0.200,0.000,0.000,0.415,0.000]
Epoch [160] Testing Results: Prec@1 10.570 Prec@5 59.530 Loss 7.17984
Epoch [160] Testing Class Recall: [0.788,0.011,0.067,0.049,0.000,0.007,0.001,0.000,0.134,0.000]
Epoch [161] Training Results: Prec@1 89.919 Prec@5 99.839 Loss 0.07494
Epoch [161] Training Class Recall: [1.000,0.143,0.623,0.415,0.000,0.200,0.062,0.000,0.317,0.000]
Epoch [161] Testing Results: Prec@1 10.750 Prec@5 59.470 Loss 7.25568
Epoch [161] Testing Class Recall: [0.785,0.013,0.064,0.050,0.000,0.006,0.002,0.000,0.155,0.000]
Epoch [162] Training Results: Prec@1 90.484 Prec@5 99.758 Loss 0.08928
Epoch [162] Training Class Recall: [0.999,0.429,0.639,0.463,0.000,0.300,0.000,0.000,0.390,0.000]
Epoch [162] Testing Results: Prec@1 10.700 Prec@5 59.650 Loss 7.15734
Epoch [162] Testing Class Recall: [0.774,0.013,0.066,0.054,0.000,0.007,0.003,0.000,0.153,0.000]
Epoch [163] Training Results: Prec@1 90.565 Prec@5 99.758 Loss 0.07639
Epoch [163] Training Class Recall: [0.998,0.429,0.689,0.439,0.000,0.300,0.000,0.000,0.390,0.000]
Epoch [163] Testing Results: Prec@1 10.960 Prec@5 59.710 Loss 7.05210
Epoch [163] Testing Class Recall: [0.759,0.014,0.072,0.052,0.000,0.006,0.004,0.000,0.189,0.000]
Epoch [164] Training Results: Prec@1 90.161 Prec@5 99.839 Loss 0.07533
Epoch [164] Training Class Recall: [0.999,0.143,0.623,0.512,0.000,0.200,0.000,0.000,0.341,0.000]
Epoch [164] Testing Results: Prec@1 10.830 Prec@5 59.430 Loss 7.10594
Epoch [164] Testing Class Recall: [0.772,0.013,0.069,0.051,0.000,0.007,0.004,0.000,0.167,0.000]
Epoch [165] Training Results: Prec@1 90.726 Prec@5 99.758 Loss 0.08558
Epoch [165] Training Class Recall: [0.999,0.429,0.672,0.488,0.000,0.200,0.000,0.000,0.415,0.000]
Epoch [165] Testing Results: Prec@1 10.820 Prec@5 59.780 Loss 6.99963
Epoch [165] Testing Class Recall: [0.755,0.015,0.073,0.064,0.000,0.007,0.004,0.000,0.164,0.000]
Epoch [166] Training Results: Prec@1 91.048 Prec@5 99.919 Loss 0.08061
Epoch [166] Training Class Recall: [0.999,0.429,0.689,0.488,0.000,0.300,0.000,0.000,0.463,0.000]
Epoch [166] Testing Results: Prec@1 10.770 Prec@5 59.680 Loss 6.96523
Epoch [166] Testing Class Recall: [0.753,0.015,0.070,0.059,0.000,0.007,0.004,0.000,0.169,0.000]
Epoch [167] Training Results: Prec@1 91.129 Prec@5 99.839 Loss 0.07100
Epoch [167] Training Class Recall: [0.999,0.571,0.656,0.537,0.000,0.200,0.000,0.000,0.488,0.000]
Epoch [167] Testing Results: Prec@1 10.870 Prec@5 59.700 Loss 6.89772
Epoch [167] Testing Class Recall: [0.738,0.015,0.071,0.059,0.000,0.007,0.004,0.000,0.193,0.000]
Epoch [168] Training Results: Prec@1 91.452 Prec@5 99.839 Loss 0.08009
Epoch [168] Training Class Recall: [0.999,0.714,0.689,0.512,0.000,0.300,0.000,0.000,0.512,0.000]
Epoch [168] Testing Results: Prec@1 10.970 Prec@5 59.880 Loss 6.87748
Epoch [168] Testing Class Recall: [0.721,0.017,0.074,0.065,0.000,0.007,0.004,0.000,0.209,0.000]
Epoch [169] Training Results: Prec@1 91.129 Prec@5 99.839 Loss 0.06813
Epoch [169] Training Class Recall: [0.998,0.571,0.705,0.512,0.000,0.200,0.062,0.000,0.439,0.000]
Epoch [169] Testing Results: Prec@1 10.940 Prec@5 59.800 Loss 6.76486
Epoch [169] Testing Class Recall: [0.718,0.018,0.077,0.065,0.000,0.007,0.004,0.000,0.205,0.000]
Epoch [170] Training Results: Prec@1 91.855 Prec@5 99.839 Loss 0.08099
Epoch [170] Training Class Recall: [0.999,0.714,0.689,0.561,0.000,0.300,0.062,0.000,0.561,0.000]
Epoch [170] Testing Results: Prec@1 10.910 Prec@5 59.950 Loss 6.70748
Epoch [170] Testing Class Recall: [0.718,0.019,0.076,0.070,0.000,0.007,0.004,0.000,0.197,0.000]
Epoch [171] Training Results: Prec@1 91.855 Prec@5 99.919 Loss 0.06765
Epoch [171] Training Class Recall: [0.999,0.571,0.705,0.585,0.000,0.300,0.062,0.000,0.537,0.000]
Epoch [171] Testing Results: Prec@1 10.960 Prec@5 59.790 Loss 6.79533
Epoch [171] Testing Class Recall: [0.717,0.018,0.073,0.069,0.000,0.007,0.004,0.000,0.208,0.000]
Epoch [172] Training Results: Prec@1 91.855 Prec@5 99.919 Loss 0.06941
Epoch [172] Training Class Recall: [0.999,0.714,0.721,0.585,0.000,0.500,0.062,0.000,0.439,0.000]
Epoch [172] Testing Results: Prec@1 11.030 Prec@5 60.160 Loss 6.63084
Epoch [172] Testing Class Recall: [0.696,0.022,0.083,0.075,0.000,0.007,0.005,0.000,0.215,0.000]
Epoch [173] Training Results: Prec@1 91.532 Prec@5 99.919 Loss 0.06841
Epoch [173] Training Class Recall: [0.999,0.429,0.705,0.585,0.000,0.200,0.000,0.000,0.512,0.000]
Epoch [173] Testing Results: Prec@1 11.050 Prec@5 60.180 Loss 6.57080
Epoch [173] Testing Class Recall: [0.684,0.024,0.089,0.077,0.000,0.008,0.007,0.000,0.216,0.000]
Epoch [174] Training Results: Prec@1 91.935 Prec@5 99.839 Loss 0.06871
Epoch [174] Training Class Recall: [0.998,0.714,0.705,0.610,0.000,0.300,0.000,0.000,0.561,0.000]
Epoch [174] Testing Results: Prec@1 11.100 Prec@5 60.020 Loss 6.53735
Epoch [174] Testing Class Recall: [0.697,0.024,0.090,0.071,0.000,0.009,0.007,0.000,0.212,0.000]
Epoch [175] Training Results: Prec@1 91.935 Prec@5 99.758 Loss 0.07022
Epoch [175] Training Class Recall: [0.997,0.714,0.705,0.610,0.000,0.400,0.000,0.000,0.561,0.000]
Epoch [175] Testing Results: Prec@1 11.090 Prec@5 60.050 Loss 6.59251
Epoch [175] Testing Class Recall: [0.689,0.025,0.082,0.080,0.000,0.007,0.008,0.000,0.218,0.000]
Epoch [176] Training Results: Prec@1 91.774 Prec@5 99.839 Loss 0.07377
Epoch [176] Training Class Recall: [0.999,0.714,0.689,0.512,0.000,0.200,0.125,0.000,0.585,0.000]
Epoch [176] Testing Results: Prec@1 11.160 Prec@5 60.320 Loss 6.52390
Epoch [176] Testing Class Recall: [0.670,0.024,0.091,0.086,0.000,0.008,0.010,0.000,0.227,0.000]
Epoch [177] Training Results: Prec@1 92.419 Prec@5 99.919 Loss 0.07128
Epoch [177] Training Class Recall: [0.997,0.571,0.770,0.561,0.000,0.300,0.062,0.000,0.683,0.000]
Epoch [177] Testing Results: Prec@1 11.320 Prec@5 60.120 Loss 6.48635
Epoch [177] Testing Class Recall: [0.667,0.025,0.087,0.078,0.000,0.007,0.010,0.000,0.258,0.000]
Epoch [178] Training Results: Prec@1 92.581 Prec@5 99.839 Loss 0.06641
Epoch [178] Training Class Recall: [0.997,0.714,0.754,0.610,0.000,0.400,0.062,0.000,0.659,0.000]
Epoch [178] Testing Results: Prec@1 11.250 Prec@5 59.980 Loss 6.44358
Epoch [178] Testing Class Recall: [0.666,0.026,0.086,0.075,0.000,0.007,0.010,0.000,0.255,0.000]
Epoch [179] Training Results: Prec@1 92.661 Prec@5 99.919 Loss 0.06690
Epoch [179] Training Class Recall: [0.998,0.857,0.754,0.659,0.000,0.400,0.125,0.000,0.561,0.000]
Epoch [179] Testing Results: Prec@1 11.300 Prec@5 59.980 Loss 6.49314
Epoch [179] Testing Class Recall: [0.659,0.026,0.084,0.084,0.000,0.008,0.010,0.000,0.259,0.000]
Epoch [180] Training Results: Prec@1 93.226 Prec@5 99.839 Loss 0.07173
Epoch [180] Training Class Recall: [0.999,0.857,0.754,0.683,0.000,0.500,0.125,0.000,0.659,0.000]
Epoch [180] Testing Results: Prec@1 11.160 Prec@5 60.000 Loss 6.40605
Epoch [180] Testing Class Recall: [0.657,0.026,0.085,0.079,0.000,0.009,0.010,0.000,0.250,0.000]
Epoch [181] Training Results: Prec@1 92.500 Prec@5 99.919 Loss 0.06645
Epoch [181] Training Class Recall: [0.997,0.714,0.721,0.659,0.000,0.300,0.125,0.000,0.634,0.000]
Epoch [181] Testing Results: Prec@1 11.140 Prec@5 60.110 Loss 6.44277
Epoch [181] Testing Class Recall: [0.655,0.027,0.088,0.082,0.000,0.007,0.011,0.000,0.244,0.000]
Epoch [182] Training Results: Prec@1 92.500 Prec@5 99.919 Loss 0.06928
Epoch [182] Training Class Recall: [0.998,0.714,0.738,0.585,0.000,0.300,0.125,0.000,0.659,0.000]
Epoch [182] Testing Results: Prec@1 11.280 Prec@5 60.160 Loss 6.36619
Epoch [182] Testing Class Recall: [0.659,0.026,0.088,0.082,0.000,0.007,0.011,0.000,0.255,0.000]
Epoch [183] Training Results: Prec@1 92.661 Prec@5 99.919 Loss 0.06207
Epoch [183] Training Class Recall: [0.998,0.857,0.754,0.585,0.000,0.200,0.250,0.000,0.634,0.000]
Epoch [183] Testing Results: Prec@1 11.390 Prec@5 59.900 Loss 6.46127
Epoch [183] Testing Class Recall: [0.663,0.026,0.087,0.071,0.000,0.008,0.012,0.000,0.272,0.000]
Epoch [184] Training Results: Prec@1 92.500 Prec@5 99.919 Loss 0.06785
Epoch [184] Training Class Recall: [0.998,0.857,0.754,0.585,0.000,0.300,0.000,0.000,0.659,0.000]
Epoch [184] Testing Results: Prec@1 11.240 Prec@5 59.930 Loss 6.38968
Epoch [184] Testing Class Recall: [0.660,0.026,0.085,0.077,0.000,0.008,0.012,0.000,0.256,0.000]
Epoch [185] Training Results: Prec@1 92.581 Prec@5 99.839 Loss 0.06535
Epoch [185] Training Class Recall: [0.997,0.857,0.721,0.634,0.000,0.300,0.125,0.000,0.659,0.000]
Epoch [185] Testing Results: Prec@1 11.290 Prec@5 59.860 Loss 6.46486
Epoch [185] Testing Class Recall: [0.675,0.026,0.083,0.077,0.000,0.007,0.011,0.000,0.250,0.000]
Epoch [186] Training Results: Prec@1 92.500 Prec@5 99.839 Loss 0.06964
Epoch [186] Training Class Recall: [0.996,0.857,0.721,0.659,0.000,0.300,0.062,0.000,0.659,0.000]
Epoch [186] Testing Results: Prec@1 11.110 Prec@5 60.170 Loss 6.37045
Epoch [186] Testing Class Recall: [0.649,0.029,0.089,0.085,0.000,0.008,0.009,0.000,0.242,0.000]
Epoch [187] Training Results: Prec@1 92.742 Prec@5 99.839 Loss 0.07123
Epoch [187] Training Class Recall: [0.998,0.857,0.770,0.634,0.000,0.300,0.062,0.000,0.634,0.000]
Epoch [187] Testing Results: Prec@1 11.170 Prec@5 60.100 Loss 6.37599
Epoch [187] Testing Class Recall: [0.657,0.026,0.091,0.084,0.000,0.009,0.010,0.000,0.240,0.000]
Epoch [188] Training Results: Prec@1 92.661 Prec@5 99.919 Loss 0.07020
Epoch [188] Training Class Recall: [0.998,0.714,0.770,0.610,0.000,0.300,0.000,0.000,0.683,0.000]
Epoch [188] Testing Results: Prec@1 11.350 Prec@5 60.110 Loss 6.36355
Epoch [188] Testing Class Recall: [0.648,0.027,0.089,0.085,0.000,0.009,0.010,0.000,0.267,0.000]
Epoch [189] Training Results: Prec@1 92.177 Prec@5 99.919 Loss 0.06431
Epoch [189] Training Class Recall: [0.997,0.857,0.705,0.585,0.000,0.400,0.125,0.000,0.585,0.000]
Epoch [189] Testing Results: Prec@1 11.240 Prec@5 60.100 Loss 6.39960
Epoch [189] Testing Class Recall: [0.651,0.026,0.090,0.079,0.000,0.007,0.011,0.000,0.260,0.000]
Epoch [190] Training Results: Prec@1 92.016 Prec@5 99.919 Loss 0.06921
Epoch [190] Training Class Recall: [0.998,0.571,0.754,0.512,0.000,0.400,0.000,0.000,0.610,0.000]
Epoch [190] Testing Results: Prec@1 10.990 Prec@5 59.980 Loss 6.45612
Epoch [190] Testing Class Recall: [0.660,0.029,0.082,0.082,0.000,0.007,0.008,0.000,0.231,0.000]
Epoch [191] Training Results: Prec@1 92.419 Prec@5 99.919 Loss 0.06457
Epoch [191] Training Class Recall: [0.997,0.857,0.721,0.610,0.000,0.400,0.062,0.000,0.634,0.000]
Epoch [191] Testing Results: Prec@1 11.230 Prec@5 60.180 Loss 6.37261
Epoch [191] Testing Class Recall: [0.657,0.026,0.086,0.082,0.000,0.009,0.010,0.000,0.253,0.000]
Epoch [192] Training Results: Prec@1 92.339 Prec@5 99.839 Loss 0.07063
Epoch [192] Training Class Recall: [0.996,0.857,0.738,0.659,0.000,0.300,0.125,0.000,0.561,0.000]
Epoch [192] Testing Results: Prec@1 11.230 Prec@5 60.260 Loss 6.33398
Epoch [192] Testing Class Recall: [0.655,0.028,0.091,0.086,0.000,0.009,0.010,0.000,0.244,0.000]
Epoch [193] Training Results: Prec@1 92.500 Prec@5 99.919 Loss 0.06470
Epoch [193] Training Class Recall: [0.999,0.714,0.721,0.634,0.000,0.300,0.062,0.000,0.634,0.000]
Epoch [193] Testing Results: Prec@1 11.160 Prec@5 60.090 Loss 6.41444
Epoch [193] Testing Class Recall: [0.656,0.028,0.086,0.084,0.000,0.007,0.011,0.000,0.244,0.000]
Epoch [194] Training Results: Prec@1 92.419 Prec@5 99.919 Loss 0.07292
Epoch [194] Training Class Recall: [0.997,0.857,0.754,0.610,0.000,0.200,0.188,0.000,0.585,0.000]
Epoch [194] Testing Results: Prec@1 11.090 Prec@5 59.820 Loss 6.49740
Epoch [194] Testing Class Recall: [0.672,0.026,0.084,0.077,0.000,0.007,0.008,0.000,0.235,0.000]
Epoch [195] Training Results: Prec@1 92.500 Prec@5 99.758 Loss 0.06406
Epoch [195] Training Class Recall: [0.998,0.714,0.705,0.610,0.000,0.300,0.125,0.000,0.683,0.000]
Epoch [195] Testing Results: Prec@1 11.020 Prec@5 60.050 Loss 6.46954
Epoch [195] Testing Class Recall: [0.664,0.028,0.086,0.080,0.000,0.009,0.007,0.000,0.228,0.000]
Epoch [196] Training Results: Prec@1 92.581 Prec@5 99.839 Loss 0.06467
Epoch [196] Training Class Recall: [0.996,0.714,0.787,0.610,0.000,0.300,0.125,0.000,0.634,0.000]
Epoch [196] Testing Results: Prec@1 11.340 Prec@5 60.100 Loss 6.46840
Epoch [196] Testing Class Recall: [0.663,0.025,0.090,0.088,0.000,0.007,0.012,0.000,0.249,0.000]
Epoch [197] Training Results: Prec@1 92.742 Prec@5 99.839 Loss 0.07516
Epoch [197] Training Class Recall: [0.999,0.857,0.770,0.610,0.000,0.300,0.125,0.000,0.610,0.000]
Epoch [197] Testing Results: Prec@1 11.350 Prec@5 60.080 Loss 6.41584
Epoch [197] Testing Class Recall: [0.663,0.026,0.092,0.077,0.000,0.009,0.013,0.000,0.255,0.000]
Epoch [198] Training Results: Prec@1 92.500 Prec@5 99.919 Loss 0.07016
Epoch [198] Training Class Recall: [0.999,0.857,0.721,0.585,0.000,0.400,0.000,0.000,0.659,0.000]
Epoch [198] Testing Results: Prec@1 11.220 Prec@5 59.960 Loss 6.42258
Epoch [198] Testing Class Recall: [0.673,0.026,0.088,0.078,0.000,0.007,0.010,0.000,0.240,0.000]
Epoch [199] Training Results: Prec@1 93.226 Prec@5 99.758 Loss 0.07192
Epoch [199] Training Class Recall: [0.997,0.857,0.770,0.683,0.000,0.300,0.312,0.000,0.659,0.000]
Epoch [199] Testing Results: Prec@1 11.290 Prec@5 59.990 Loss 6.41149
Epoch [199] Testing Class Recall: [0.673,0.026,0.092,0.075,0.000,0.009,0.011,0.000,0.243,0.000]
