Log file: cifar10_sava0.7_deepsmote_sava_exp0.01_seed42_20260613_225745.log
Run started: 2026-06-13 22:57:45.554920
Dataset: cifar10
Imbalance type: exp, factor: 0.01
Selection method: sava, ratio: 0.7
Strategy: DeepSMOTE_Sava, epochs: 200
Seed: 42, rand_number: 0
Augmentation: weak
Noise ratio: 0.15
mamix_ratio: 1.0
============================================================

=> No CSV or TensorBoard logging – only console and debug log.
-----------------------------------------------
Class ID   | Original   | Selected   | Keep %  
-----------------------------------------------
0          | 4975       | 3282       |   66.0%
1          | 5011       | 3241       |   64.7%
2          | 4952       | 4416       |   89.2%
3          | 5036       | 3399       |   67.5%
4          | 5052       | 3838       |   76.0%
5          | 4986       | 3048       |   61.1%
6          | 5001       | 3423       |   68.4%
7          | 5018       | 3723       |   74.2%
8          | 4986       | 3620       |   72.6%
9          | 4983       | 3010       |   60.4%
-----------------------------------------------
TOTAL      | 50000      | 35000      |   70.0%
-----------------------------------------------
Epoch [0] Training Results: Prec@1 32.897 Prec@5 80.534 Loss 1.91131
Epoch [0] Training Class Recall: [0.310,0.425,0.264,0.212,0.257,0.215,0.284,0.427,0.536,0.363]
Epoch [0] Testing Results: Prec@1 33.120 Prec@5 84.480 Loss 1.98201
Epoch [0] Testing Class Recall: [0.709,0.692,0.298,0.084,0.024,0.369,0.370,0.505,0.118,0.143]
Epoch [1] Training Results: Prec@1 46.414 Prec@5 86.431 Loss 1.64959
Epoch [1] Training Class Recall: [0.455,0.535,0.365,0.262,0.342,0.331,0.517,0.604,0.662,0.591]
Epoch [1] Testing Results: Prec@1 35.660 Prec@5 84.320 Loss 1.93707
Epoch [1] Testing Class Recall: [0.447,0.940,0.271,0.042,0.115,0.260,0.399,0.452,0.434,0.206]
Epoch [2] Training Results: Prec@1 53.337 Prec@5 88.440 Loss 1.50201
Epoch [2] Training Class Recall: [0.537,0.586,0.441,0.307,0.416,0.402,0.595,0.660,0.738,0.674]
Epoch [2] Testing Results: Prec@1 38.040 Prec@5 83.410 Loss 1.88011
Epoch [2] Testing Class Recall: [0.730,0.826,0.380,0.012,0.166,0.105,0.811,0.416,0.273,0.085]
Epoch [3] Training Results: Prec@1 57.649 Prec@5 89.594 Loss 1.40004
Epoch [3] Training Class Recall: [0.566,0.623,0.469,0.362,0.476,0.450,0.650,0.713,0.765,0.714]
Epoch [3] Testing Results: Prec@1 48.260 Prec@5 89.590 Loss 1.56698
Epoch [3] Testing Class Recall: [0.740,0.802,0.490,0.230,0.133,0.403,0.790,0.471,0.460,0.307]
Epoch [4] Training Results: Prec@1 60.746 Prec@5 90.211 Loss 1.33529
Epoch [4] Training Class Recall: [0.592,0.656,0.506,0.407,0.517,0.492,0.691,0.728,0.773,0.735]
Epoch [4] Testing Results: Prec@1 48.770 Prec@5 91.100 Loss 1.53068
Epoch [4] Testing Class Recall: [0.719,0.805,0.445,0.237,0.161,0.462,0.695,0.778,0.163,0.412]
Epoch [5] Training Results: Prec@1 64.486 Prec@5 90.746 Loss 1.24875
Epoch [5] Training Class Recall: [0.638,0.694,0.539,0.454,0.575,0.556,0.708,0.750,0.801,0.759]
Epoch [5] Testing Results: Prec@1 45.490 Prec@5 86.640 Loss 1.73704
Epoch [5] Testing Class Recall: [0.678,0.844,0.519,0.179,0.122,0.259,0.857,0.677,0.295,0.119]
Epoch [6] Training Results: Prec@1 66.840 Prec@5 91.186 Loss 1.19534
Epoch [6] Training Class Recall: [0.658,0.715,0.558,0.493,0.615,0.592,0.737,0.767,0.808,0.766]
Epoch [6] Testing Results: Prec@1 52.840 Prec@5 91.730 Loss 1.41802
Epoch [6] Testing Class Recall: [0.700,0.636,0.672,0.273,0.325,0.401,0.281,0.597,0.697,0.702]
Epoch [7] Training Results: Prec@1 68.680 Prec@5 91.457 Loss 1.15103
Epoch [7] Training Class Recall: [0.675,0.719,0.593,0.525,0.632,0.629,0.739,0.779,0.818,0.783]
Epoch [7] Testing Results: Prec@1 43.840 Prec@5 83.080 Loss 1.79464
Epoch [7] Testing Class Recall: [0.708,0.757,0.731,0.230,0.384,0.196,0.768,0.271,0.291,0.048]
Epoch [8] Training Results: Prec@1 70.069 Prec@5 91.486 Loss 1.11869
Epoch [8] Training Class Recall: [0.685,0.743,0.609,0.546,0.661,0.649,0.747,0.788,0.816,0.786]
Epoch [8] Testing Results: Prec@1 47.060 Prec@5 85.180 Loss 1.74702
Epoch [8] Testing Class Recall: [0.640,0.968,0.355,0.366,0.793,0.191,0.670,0.194,0.496,0.033]
Epoch [9] Training Results: Prec@1 71.463 Prec@5 91.723 Loss 1.08842
Epoch [9] Training Class Recall: [0.702,0.747,0.618,0.564,0.690,0.668,0.767,0.803,0.818,0.791]
Epoch [9] Testing Results: Prec@1 57.370 Prec@5 92.670 Loss 1.31358
Epoch [9] Testing Class Recall: [0.762,0.932,0.519,0.552,0.464,0.468,0.624,0.685,0.360,0.371]
Epoch [10] Training Results: Prec@1 72.177 Prec@5 91.706 Loss 1.06902
Epoch [10] Training Class Recall: [0.695,0.745,0.643,0.599,0.689,0.676,0.766,0.804,0.825,0.792]
Epoch [10] Testing Results: Prec@1 47.480 Prec@5 85.950 Loss 1.78358
Epoch [10] Testing Class Recall: [0.881,0.902,0.489,0.162,0.401,0.560,0.876,0.266,0.186,0.025]
Epoch [11] Training Results: Prec@1 73.157 Prec@5 91.886 Loss 1.04197
Epoch [11] Training Class Recall: [0.708,0.753,0.658,0.601,0.701,0.688,0.777,0.811,0.833,0.801]
Epoch [11] Testing Results: Prec@1 60.460 Prec@5 92.570 Loss 1.24972
Epoch [11] Testing Class Recall: [0.735,0.941,0.607,0.581,0.536,0.583,0.724,0.576,0.369,0.394]
Epoch [12] Training Results: Prec@1 73.649 Prec@5 91.920 Loss 1.03144
Epoch [12] Training Class Recall: [0.722,0.757,0.666,0.600,0.709,0.700,0.781,0.814,0.835,0.795]
Epoch [12] Testing Results: Prec@1 50.690 Prec@5 88.710 Loss 1.54119
Epoch [12] Testing Class Recall: [0.754,0.950,0.746,0.436,0.523,0.239,0.446,0.291,0.393,0.291]
Epoch [13] Training Results: Prec@1 73.989 Prec@5 92.120 Loss 1.01883
Epoch [13] Training Class Recall: [0.715,0.764,0.675,0.616,0.718,0.710,0.771,0.814,0.832,0.796]
Epoch [13] Testing Results: Prec@1 56.200 Prec@5 90.900 Loss 1.42438
Epoch [13] Testing Class Recall: [0.838,0.948,0.605,0.197,0.716,0.423,0.670,0.566,0.218,0.439]
Epoch [14] Training Results: Prec@1 74.609 Prec@5 92.060 Loss 1.00473
Epoch [14] Training Class Recall: [0.729,0.767,0.675,0.626,0.735,0.713,0.785,0.817,0.828,0.799]
Epoch [14] Testing Results: Prec@1 55.260 Prec@5 89.360 Loss 1.48242
Epoch [14] Testing Class Recall: [0.842,0.899,0.686,0.294,0.739,0.413,0.545,0.529,0.203,0.376]
Epoch [15] Training Results: Prec@1 74.820 Prec@5 92.206 Loss 0.99962
Epoch [15] Training Class Recall: [0.725,0.763,0.680,0.641,0.728,0.728,0.784,0.817,0.832,0.799]
Epoch [15] Testing Results: Prec@1 41.320 Prec@5 87.310 Loss 1.93768
Epoch [15] Testing Class Recall: [0.870,0.967,0.392,0.226,0.387,0.307,0.360,0.293,0.286,0.044]
Epoch [16] Training Results: Prec@1 75.394 Prec@5 92.197 Loss 0.98812
Epoch [16] Training Class Recall: [0.743,0.771,0.686,0.647,0.736,0.735,0.786,0.821,0.831,0.797]
Epoch [16] Testing Results: Prec@1 56.540 Prec@5 91.010 Loss 1.39777
Epoch [16] Testing Class Recall: [0.693,0.967,0.574,0.314,0.415,0.632,0.552,0.725,0.335,0.447]
Epoch [17] Training Results: Prec@1 76.029 Prec@5 92.380 Loss 0.97295
Epoch [17] Training Class Recall: [0.731,0.779,0.700,0.665,0.742,0.737,0.794,0.829,0.832,0.804]
Epoch [17] Testing Results: Prec@1 53.090 Prec@5 90.640 Loss 1.55251
Epoch [17] Testing Class Recall: [0.920,0.893,0.667,0.458,0.575,0.355,0.507,0.525,0.211,0.198]
Epoch [18] Training Results: Prec@1 76.123 Prec@5 92.340 Loss 0.96753
Epoch [18] Training Class Recall: [0.743,0.774,0.700,0.660,0.749,0.740,0.792,0.828,0.838,0.800]
Epoch [18] Testing Results: Prec@1 59.560 Prec@5 93.130 Loss 1.27495
Epoch [18] Testing Class Recall: [0.618,0.977,0.554,0.550,0.423,0.556,0.659,0.681,0.450,0.488]
Epoch [19] Training Results: Prec@1 76.571 Prec@5 92.317 Loss 0.95547
Epoch [19] Training Class Recall: [0.743,0.774,0.710,0.673,0.752,0.751,0.798,0.828,0.835,0.802]
Epoch [19] Testing Results: Prec@1 53.200 Prec@5 87.860 Loss 1.55063
Epoch [19] Testing Class Recall: [0.935,0.833,0.627,0.277,0.371,0.547,0.498,0.769,0.069,0.394]
Epoch [20] Training Results: Prec@1 76.754 Prec@5 92.420 Loss 0.95139
Epoch [20] Training Class Recall: [0.749,0.776,0.724,0.669,0.756,0.743,0.802,0.826,0.835,0.801]
Epoch [20] Testing Results: Prec@1 57.760 Prec@5 91.860 Loss 1.38134
Epoch [20] Testing Class Recall: [0.737,0.873,0.816,0.652,0.351,0.315,0.426,0.506,0.528,0.572]
Epoch [21] Training Results: Prec@1 76.591 Prec@5 92.477 Loss 0.95358
Epoch [21] Training Class Recall: [0.752,0.774,0.719,0.666,0.748,0.749,0.796,0.830,0.838,0.797]
Epoch [21] Testing Results: Prec@1 53.290 Prec@5 89.060 Loss 1.51800
Epoch [21] Testing Class Recall: [0.901,0.932,0.454,0.416,0.330,0.498,0.690,0.419,0.086,0.603]
Epoch [22] Training Results: Prec@1 76.817 Prec@5 92.431 Loss 0.94512
Epoch [22] Training Class Recall: [0.746,0.777,0.722,0.669,0.756,0.742,0.801,0.833,0.835,0.805]
Epoch [22] Testing Results: Prec@1 54.120 Prec@5 91.010 Loss 1.50297
Epoch [22] Testing Class Recall: [0.573,0.914,0.660,0.354,0.328,0.461,0.857,0.464,0.688,0.113]
Epoch [23] Training Results: Prec@1 77.363 Prec@5 92.531 Loss 0.93588
Epoch [23] Training Class Recall: [0.753,0.782,0.730,0.683,0.765,0.746,0.805,0.834,0.839,0.805]
Epoch [23] Testing Results: Prec@1 57.420 Prec@5 90.630 Loss 1.38218
Epoch [23] Testing Class Recall: [0.564,0.938,0.685,0.491,0.454,0.353,0.854,0.427,0.682,0.294]
Epoch [24] Training Results: Prec@1 77.346 Prec@5 92.454 Loss 0.93417
Epoch [24] Training Class Recall: [0.753,0.781,0.733,0.690,0.761,0.745,0.803,0.829,0.839,0.805]
Epoch [24] Testing Results: Prec@1 54.690 Prec@5 87.570 Loss 1.53190
Epoch [24] Testing Class Recall: [0.934,0.891,0.594,0.246,0.635,0.662,0.744,0.489,0.106,0.168]
Epoch [25] Training Results: Prec@1 77.397 Prec@5 92.506 Loss 0.93467
Epoch [25] Training Class Recall: [0.753,0.782,0.734,0.677,0.760,0.758,0.799,0.838,0.837,0.808]
Epoch [25] Testing Results: Prec@1 56.590 Prec@5 89.270 Loss 1.42515
Epoch [25] Testing Class Recall: [0.788,0.949,0.768,0.279,0.764,0.518,0.540,0.637,0.257,0.159]
Epoch [26] Training Results: Prec@1 77.891 Prec@5 92.586 Loss 0.92220
Epoch [26] Training Class Recall: [0.754,0.786,0.744,0.698,0.770,0.757,0.801,0.837,0.838,0.807]
Epoch [26] Testing Results: Prec@1 49.290 Prec@5 86.590 Loss 1.78252
Epoch [26] Testing Class Recall: [0.927,0.957,0.623,0.362,0.350,0.454,0.675,0.393,0.065,0.123]
Epoch [27] Training Results: Prec@1 77.726 Prec@5 92.643 Loss 0.92477
Epoch [27] Training Class Recall: [0.755,0.781,0.743,0.694,0.765,0.753,0.804,0.834,0.840,0.808]
Epoch [27] Testing Results: Prec@1 51.230 Prec@5 88.050 Loss 1.63365
Epoch [27] Testing Class Recall: [0.934,0.890,0.710,0.227,0.644,0.461,0.633,0.362,0.141,0.121]
Epoch [28] Training Results: Prec@1 77.923 Prec@5 92.606 Loss 0.92037
Epoch [28] Training Class Recall: [0.759,0.786,0.741,0.701,0.773,0.761,0.800,0.832,0.836,0.808]
Epoch [28] Testing Results: Prec@1 53.690 Prec@5 88.140 Loss 1.54834
Epoch [28] Testing Class Recall: [0.907,0.903,0.669,0.326,0.487,0.381,0.384,0.713,0.527,0.072]
Epoch [29] Training Results: Prec@1 77.903 Prec@5 92.637 Loss 0.91863
Epoch [29] Training Class Recall: [0.764,0.784,0.738,0.704,0.764,0.754,0.806,0.837,0.839,0.804]
Epoch [29] Testing Results: Prec@1 44.330 Prec@5 83.000 Loss 2.07217
Epoch [29] Testing Class Recall: [0.437,0.833,0.889,0.399,0.453,0.281,0.784,0.242,0.096,0.019]
Epoch [30] Training Results: Prec@1 78.034 Prec@5 92.657 Loss 0.91593
Epoch [30] Training Class Recall: [0.761,0.783,0.742,0.700,0.774,0.761,0.808,0.835,0.836,0.806]
Epoch [30] Testing Results: Prec@1 44.800 Prec@5 86.510 Loss 1.97927
Epoch [30] Testing Class Recall: [0.710,0.994,0.728,0.224,0.373,0.358,0.473,0.430,0.119,0.071]
Epoch [31] Training Results: Prec@1 78.229 Prec@5 92.740 Loss 0.91086
Epoch [31] Training Class Recall: [0.760,0.790,0.737,0.720,0.773,0.757,0.805,0.839,0.839,0.808]
Epoch [31] Testing Results: Prec@1 56.320 Prec@5 90.600 Loss 1.44652
Epoch [31] Testing Class Recall: [0.814,0.938,0.496,0.684,0.519,0.287,0.491,0.626,0.247,0.530]
Epoch [32] Training Results: Prec@1 78.386 Prec@5 92.760 Loss 0.90475
Epoch [32] Training Class Recall: [0.758,0.791,0.751,0.710,0.779,0.770,0.805,0.833,0.838,0.807]
Epoch [32] Testing Results: Prec@1 58.500 Prec@5 90.040 Loss 1.40288
Epoch [32] Testing Class Recall: [0.863,0.970,0.654,0.536,0.724,0.466,0.654,0.390,0.273,0.320]
Epoch [33] Training Results: Prec@1 78.320 Prec@5 92.769 Loss 0.90483
Epoch [33] Training Class Recall: [0.763,0.787,0.748,0.710,0.779,0.764,0.803,0.835,0.840,0.805]
Epoch [33] Testing Results: Prec@1 61.490 Prec@5 92.050 Loss 1.26698
Epoch [33] Testing Class Recall: [0.903,0.892,0.579,0.640,0.514,0.542,0.546,0.668,0.476,0.389]
Epoch [34] Training Results: Prec@1 78.546 Prec@5 92.989 Loss 0.89995
Epoch [34] Training Class Recall: [0.766,0.794,0.749,0.718,0.775,0.767,0.812,0.829,0.842,0.807]
Epoch [34] Testing Results: Prec@1 53.300 Prec@5 88.840 Loss 1.48479
Epoch [34] Testing Class Recall: [0.856,0.964,0.606,0.170,0.619,0.428,0.332,0.707,0.395,0.253]
Epoch [35] Training Results: Prec@1 78.860 Prec@5 92.911 Loss 0.89449
Epoch [35] Training Class Recall: [0.764,0.795,0.753,0.721,0.784,0.775,0.812,0.840,0.837,0.808]
Epoch [35] Testing Results: Prec@1 56.820 Prec@5 90.570 Loss 1.42274
Epoch [35] Testing Class Recall: [0.824,0.913,0.777,0.251,0.502,0.639,0.585,0.636,0.212,0.343]
Epoch [36] Training Results: Prec@1 78.777 Prec@5 92.854 Loss 0.89825
Epoch [36] Training Class Recall: [0.765,0.797,0.757,0.709,0.788,0.769,0.811,0.838,0.837,0.807]
Epoch [36] Testing Results: Prec@1 58.420 Prec@5 91.720 Loss 1.39312
Epoch [36] Testing Class Recall: [0.886,0.869,0.480,0.709,0.416,0.349,0.701,0.774,0.263,0.395]
Epoch [37] Training Results: Prec@1 78.797 Prec@5 92.883 Loss 0.89147
Epoch [37] Training Class Recall: [0.761,0.787,0.755,0.721,0.781,0.769,0.813,0.843,0.841,0.808]
Epoch [37] Testing Results: Prec@1 56.840 Prec@5 87.150 Loss 1.54716
Epoch [37] Testing Class Recall: [0.725,0.949,0.683,0.572,0.537,0.713,0.559,0.582,0.239,0.125]
Epoch [38] Training Results: Prec@1 78.849 Prec@5 93.009 Loss 0.89375
Epoch [38] Training Class Recall: [0.762,0.787,0.757,0.715,0.786,0.772,0.810,0.844,0.843,0.810]
Epoch [38] Testing Results: Prec@1 56.850 Prec@5 89.770 Loss 1.42781
Epoch [38] Testing Class Recall: [0.841,0.951,0.776,0.471,0.503,0.485,0.498,0.339,0.364,0.457]
Epoch [39] Training Results: Prec@1 78.826 Prec@5 92.854 Loss 0.89248
Epoch [39] Training Class Recall: [0.773,0.791,0.750,0.726,0.780,0.774,0.808,0.837,0.842,0.806]
Epoch [39] Testing Results: Prec@1 54.520 Prec@5 88.610 Loss 1.55775
Epoch [39] Testing Class Recall: [0.825,0.950,0.795,0.441,0.365,0.301,0.705,0.627,0.343,0.100]
Epoch [40] Training Results: Prec@1 79.246 Prec@5 92.863 Loss 0.88215
Epoch [40] Training Class Recall: [0.771,0.792,0.764,0.721,0.787,0.780,0.818,0.839,0.841,0.811]
Epoch [40] Testing Results: Prec@1 59.480 Prec@5 91.750 Loss 1.35387
Epoch [40] Testing Class Recall: [0.683,0.916,0.565,0.717,0.471,0.585,0.484,0.483,0.571,0.473]
Epoch [41] Training Results: Prec@1 78.986 Prec@5 93.160 Loss 0.88779
Epoch [41] Training Class Recall: [0.771,0.795,0.761,0.717,0.785,0.772,0.811,0.839,0.838,0.811]
Epoch [41] Testing Results: Prec@1 57.380 Prec@5 90.550 Loss 1.42965
Epoch [41] Testing Class Recall: [0.808,0.923,0.639,0.413,0.774,0.486,0.413,0.636,0.152,0.494]
Epoch [42] Training Results: Prec@1 79.140 Prec@5 93.137 Loss 0.88104
Epoch [42] Training Class Recall: [0.773,0.792,0.760,0.728,0.785,0.773,0.815,0.840,0.841,0.808]
Epoch [42] Testing Results: Prec@1 52.290 Prec@5 85.020 Loss 1.75782
Epoch [42] Testing Class Recall: [0.874,0.945,0.661,0.593,0.555,0.465,0.293,0.327,0.408,0.108]
Epoch [43] Training Results: Prec@1 79.174 Prec@5 93.200 Loss 0.88327
Epoch [43] Training Class Recall: [0.763,0.790,0.769,0.730,0.792,0.783,0.810,0.835,0.841,0.804]
Epoch [43] Testing Results: Prec@1 57.350 Prec@5 90.520 Loss 1.40014
Epoch [43] Testing Class Recall: [0.816,0.957,0.451,0.479,0.609,0.668,0.508,0.746,0.333,0.168]
Epoch [44] Training Results: Prec@1 78.674 Prec@5 93.134 Loss 0.88866
Epoch [44] Training Class Recall: [0.766,0.783,0.760,0.724,0.783,0.766,0.810,0.837,0.836,0.804]
Epoch [44] Testing Results: Prec@1 50.400 Prec@5 87.700 Loss 1.78083
Epoch [44] Testing Class Recall: [0.976,0.907,0.606,0.119,0.411,0.452,0.563,0.697,0.298,0.011]
Epoch [45] Training Results: Prec@1 79.437 Prec@5 93.117 Loss 0.87395
Epoch [45] Training Class Recall: [0.783,0.797,0.763,0.728,0.797,0.775,0.810,0.839,0.843,0.810]
Epoch [45] Testing Results: Prec@1 45.680 Prec@5 84.690 Loss 2.02060
Epoch [45] Testing Class Recall: [0.841,0.975,0.848,0.161,0.422,0.300,0.473,0.421,0.086,0.041]
Epoch [46] Training Results: Prec@1 79.277 Prec@5 93.106 Loss 0.87299
Epoch [46] Training Class Recall: [0.770,0.793,0.766,0.729,0.789,0.778,0.816,0.840,0.842,0.806]
Epoch [46] Testing Results: Prec@1 54.470 Prec@5 90.590 Loss 1.51143
Epoch [46] Testing Class Recall: [0.769,0.974,0.825,0.520,0.439,0.406,0.548,0.415,0.302,0.249]
Epoch [47] Training Results: Prec@1 79.314 Prec@5 93.197 Loss 0.87612
Epoch [47] Training Class Recall: [0.771,0.792,0.767,0.730,0.785,0.774,0.817,0.847,0.839,0.810]
Epoch [47] Testing Results: Prec@1 47.420 Prec@5 86.910 Loss 2.00035
Epoch [47] Testing Class Recall: [0.879,0.953,0.825,0.166,0.329,0.243,0.445,0.479,0.382,0.041]
Epoch [48] Training Results: Prec@1 79.460 Prec@5 93.077 Loss 0.87510
Epoch [48] Training Class Recall: [0.773,0.793,0.769,0.731,0.794,0.783,0.812,0.841,0.841,0.808]
Epoch [48] Testing Results: Prec@1 56.300 Prec@5 89.830 Loss 1.43834
Epoch [48] Testing Class Recall: [0.884,0.959,0.575,0.348,0.493,0.480,0.852,0.537,0.339,0.163]
Epoch [49] Training Results: Prec@1 79.683 Prec@5 93.437 Loss 0.86954
Epoch [49] Training Class Recall: [0.782,0.801,0.765,0.736,0.794,0.779,0.821,0.842,0.842,0.809]
Epoch [49] Testing Results: Prec@1 61.360 Prec@5 91.800 Loss 1.31114
Epoch [49] Testing Class Recall: [0.636,0.920,0.824,0.415,0.526,0.609,0.508,0.725,0.672,0.301]
Epoch [50] Training Results: Prec@1 79.717 Prec@5 93.069 Loss 0.86689
Epoch [50] Training Class Recall: [0.780,0.795,0.779,0.737,0.795,0.775,0.817,0.843,0.839,0.809]
Epoch [50] Testing Results: Prec@1 54.930 Prec@5 87.970 Loss 1.62973
Epoch [50] Testing Class Recall: [0.883,0.910,0.526,0.844,0.470,0.291,0.623,0.493,0.399,0.054]
Epoch [51] Training Results: Prec@1 79.631 Prec@5 93.503 Loss 0.86415
Epoch [51] Training Class Recall: [0.779,0.793,0.770,0.737,0.798,0.777,0.815,0.843,0.841,0.808]
Epoch [51] Testing Results: Prec@1 53.990 Prec@5 89.150 Loss 1.55518
Epoch [51] Testing Class Recall: [0.917,0.897,0.496,0.617,0.563,0.345,0.148,0.586,0.586,0.244]
Epoch [52] Training Results: Prec@1 79.697 Prec@5 93.229 Loss 0.86764
Epoch [52] Training Class Recall: [0.778,0.792,0.771,0.737,0.801,0.774,0.817,0.842,0.846,0.808]
Epoch [52] Testing Results: Prec@1 59.180 Prec@5 90.810 Loss 1.37872
Epoch [52] Testing Class Recall: [0.739,0.940,0.699,0.482,0.650,0.574,0.722,0.461,0.358,0.293]
Epoch [53] Training Results: Prec@1 79.506 Prec@5 93.346 Loss 0.86693
Epoch [53] Training Class Recall: [0.773,0.793,0.769,0.743,0.788,0.781,0.813,0.841,0.841,0.811]
Epoch [53] Testing Results: Prec@1 55.420 Prec@5 87.430 Loss 1.52350
Epoch [53] Testing Class Recall: [0.908,0.851,0.572,0.182,0.580,0.762,0.396,0.378,0.329,0.584]
Epoch [54] Training Results: Prec@1 79.834 Prec@5 93.309 Loss 0.86135
Epoch [54] Training Class Recall: [0.775,0.795,0.777,0.745,0.793,0.785,0.819,0.840,0.843,0.809]
Epoch [54] Testing Results: Prec@1 53.520 Prec@5 85.440 Loss 1.65950
Epoch [54] Testing Class Recall: [0.820,0.976,0.626,0.480,0.653,0.285,0.310,0.503,0.623,0.076]
Epoch [55] Training Results: Prec@1 79.723 Prec@5 93.394 Loss 0.86173
Epoch [55] Training Class Recall: [0.781,0.795,0.772,0.738,0.797,0.777,0.819,0.840,0.841,0.811]
Epoch [55] Testing Results: Prec@1 55.200 Prec@5 89.330 Loss 1.54020
Epoch [55] Testing Class Recall: [0.925,0.967,0.701,0.263,0.682,0.368,0.549,0.437,0.436,0.192]
Epoch [56] Training Results: Prec@1 79.674 Prec@5 93.194 Loss 0.86268
Epoch [56] Training Class Recall: [0.776,0.797,0.769,0.743,0.799,0.782,0.816,0.840,0.840,0.807]
Epoch [56] Testing Results: Prec@1 59.340 Prec@5 91.770 Loss 1.36787
Epoch [56] Testing Class Recall: [0.738,0.980,0.786,0.440,0.352,0.594,0.526,0.752,0.390,0.376]
Epoch [57] Training Results: Prec@1 79.697 Prec@5 93.460 Loss 0.86151
Epoch [57] Training Class Recall: [0.771,0.791,0.775,0.739,0.794,0.788,0.815,0.844,0.843,0.807]
Epoch [57] Testing Results: Prec@1 64.020 Prec@5 93.410 Loss 1.16955
Epoch [57] Testing Class Recall: [0.872,0.911,0.626,0.515,0.676,0.596,0.659,0.630,0.271,0.646]
Epoch [58] Training Results: Prec@1 79.786 Prec@5 93.389 Loss 0.85780
Epoch [58] Training Class Recall: [0.781,0.797,0.773,0.744,0.790,0.780,0.822,0.838,0.842,0.812]
Epoch [58] Testing Results: Prec@1 55.270 Prec@5 88.030 Loss 1.60759
Epoch [58] Testing Class Recall: [0.865,0.870,0.765,0.528,0.724,0.305,0.390,0.439,0.467,0.174]
Epoch [59] Training Results: Prec@1 79.720 Prec@5 93.349 Loss 0.86045
Epoch [59] Training Class Recall: [0.779,0.800,0.774,0.731,0.794,0.784,0.815,0.841,0.844,0.809]
Epoch [59] Testing Results: Prec@1 58.420 Prec@5 89.780 Loss 1.37568
Epoch [59] Testing Class Recall: [0.842,0.910,0.631,0.485,0.449,0.593,0.489,0.593,0.483,0.367]
Epoch [60] Training Results: Prec@1 79.869 Prec@5 93.294 Loss 0.85782
Epoch [60] Training Class Recall: [0.780,0.798,0.778,0.740,0.791,0.788,0.815,0.843,0.843,0.810]
Epoch [60] Testing Results: Prec@1 62.080 Prec@5 93.140 Loss 1.23595
Epoch [60] Testing Class Recall: [0.820,0.871,0.461,0.624,0.522,0.663,0.675,0.579,0.565,0.428]
Epoch [61] Training Results: Prec@1 79.703 Prec@5 93.583 Loss 0.85772
Epoch [61] Training Class Recall: [0.773,0.783,0.779,0.743,0.796,0.782,0.818,0.843,0.840,0.810]
Epoch [61] Testing Results: Prec@1 58.770 Prec@5 91.750 Loss 1.38127
Epoch [61] Testing Class Recall: [0.931,0.863,0.679,0.383,0.602,0.562,0.511,0.465,0.375,0.506]
Epoch [62] Training Results: Prec@1 79.737 Prec@5 93.514 Loss 0.85868
Epoch [62] Training Class Recall: [0.777,0.797,0.773,0.740,0.799,0.780,0.817,0.841,0.840,0.809]
Epoch [62] Testing Results: Prec@1 55.920 Prec@5 92.210 Loss 1.51600
Epoch [62] Testing Class Recall: [0.858,0.899,0.591,0.806,0.326,0.332,0.496,0.611,0.362,0.311]
Epoch [63] Training Results: Prec@1 79.897 Prec@5 93.354 Loss 0.85625
Epoch [63] Training Class Recall: [0.774,0.801,0.778,0.738,0.798,0.783,0.817,0.845,0.843,0.810]
Epoch [63] Testing Results: Prec@1 60.160 Prec@5 91.690 Loss 1.33460
Epoch [63] Testing Class Recall: [0.841,0.938,0.581,0.673,0.429,0.570,0.544,0.625,0.348,0.467]
Epoch [64] Training Results: Prec@1 80.171 Prec@5 93.674 Loss 0.84630
Epoch [64] Training Class Recall: [0.778,0.798,0.779,0.755,0.804,0.787,0.816,0.844,0.845,0.810]
Epoch [64] Testing Results: Prec@1 54.350 Prec@5 89.910 Loss 1.62203
Epoch [64] Testing Class Recall: [0.881,0.978,0.556,0.640,0.447,0.437,0.615,0.265,0.490,0.126]
Epoch [65] Training Results: Prec@1 80.066 Prec@5 93.534 Loss 0.85417
Epoch [65] Training Class Recall: [0.778,0.798,0.777,0.751,0.799,0.788,0.820,0.843,0.842,0.810]
Epoch [65] Testing Results: Prec@1 57.290 Prec@5 91.130 Loss 1.37765
Epoch [65] Testing Class Recall: [0.873,0.914,0.580,0.398,0.335,0.611,0.500,0.366,0.446,0.706]
Epoch [66] Training Results: Prec@1 79.983 Prec@5 93.660 Loss 0.84975
Epoch [66] Training Class Recall: [0.775,0.794,0.780,0.742,0.801,0.786,0.819,0.849,0.843,0.806]
Epoch [66] Testing Results: Prec@1 51.060 Prec@5 87.000 Loss 1.69976
Epoch [66] Testing Class Recall: [0.875,0.975,0.671,0.571,0.442,0.118,0.449,0.352,0.170,0.483]
Epoch [67] Training Results: Prec@1 79.960 Prec@5 93.660 Loss 0.85161
Epoch [67] Training Class Recall: [0.775,0.799,0.774,0.748,0.798,0.783,0.818,0.845,0.841,0.813]
Epoch [67] Testing Results: Prec@1 56.660 Prec@5 87.120 Loss 1.55032
Epoch [67] Testing Class Recall: [0.912,0.936,0.633,0.520,0.627,0.476,0.771,0.559,0.026,0.206]
Epoch [68] Training Results: Prec@1 79.957 Prec@5 93.554 Loss 0.85007
Epoch [68] Training Class Recall: [0.778,0.803,0.779,0.741,0.801,0.785,0.819,0.842,0.840,0.808]
Epoch [68] Testing Results: Prec@1 53.750 Prec@5 87.290 Loss 1.62585
Epoch [68] Testing Class Recall: [0.789,0.945,0.877,0.350,0.537,0.551,0.425,0.254,0.549,0.098]
Epoch [69] Training Results: Prec@1 80.317 Prec@5 93.483 Loss 0.84490
Epoch [69] Training Class Recall: [0.774,0.807,0.793,0.746,0.804,0.788,0.818,0.844,0.844,0.809]
Epoch [69] Testing Results: Prec@1 54.290 Prec@5 88.680 Loss 1.59837
Epoch [69] Testing Class Recall: [0.899,0.974,0.553,0.303,0.503,0.288,0.654,0.528,0.429,0.298]
Epoch [70] Training Results: Prec@1 80.069 Prec@5 93.789 Loss 0.84979
Epoch [70] Training Class Recall: [0.783,0.795,0.782,0.742,0.801,0.780,0.820,0.845,0.844,0.810]
Epoch [70] Testing Results: Prec@1 53.890 Prec@5 86.920 Loss 1.73061
Epoch [70] Testing Class Recall: [0.919,0.968,0.655,0.602,0.667,0.206,0.514,0.448,0.330,0.080]
Epoch [71] Training Results: Prec@1 80.231 Prec@5 93.597 Loss 0.84358
Epoch [71] Training Class Recall: [0.782,0.797,0.790,0.749,0.794,0.786,0.824,0.845,0.842,0.810]
Epoch [71] Testing Results: Prec@1 61.350 Prec@5 90.240 Loss 1.37865
Epoch [71] Testing Class Recall: [0.884,0.918,0.673,0.478,0.717,0.327,0.490,0.684,0.545,0.419]
Epoch [72] Training Results: Prec@1 80.149 Prec@5 93.674 Loss 0.84626
Epoch [72] Training Class Recall: [0.783,0.798,0.784,0.750,0.798,0.785,0.821,0.841,0.843,0.810]
Epoch [72] Testing Results: Prec@1 60.740 Prec@5 88.970 Loss 1.37528
Epoch [72] Testing Class Recall: [0.775,0.950,0.793,0.141,0.423,0.665,0.734,0.624,0.613,0.356]
Epoch [73] Training Results: Prec@1 80.117 Prec@5 93.629 Loss 0.84609
Epoch [73] Training Class Recall: [0.780,0.797,0.781,0.756,0.799,0.782,0.819,0.842,0.843,0.810]
Epoch [73] Testing Results: Prec@1 59.440 Prec@5 88.220 Loss 1.40891
Epoch [73] Testing Class Recall: [0.786,0.887,0.613,0.564,0.601,0.485,0.382,0.352,0.634,0.640]
Epoch [74] Training Results: Prec@1 80.383 Prec@5 93.777 Loss 0.83849
Epoch [74] Training Class Recall: [0.782,0.802,0.789,0.746,0.804,0.795,0.822,0.846,0.840,0.810]
Epoch [74] Testing Results: Prec@1 56.210 Prec@5 90.250 Loss 1.48285
Epoch [74] Testing Class Recall: [0.555,0.975,0.737,0.321,0.415,0.613,0.638,0.706,0.328,0.333]
Epoch [75] Training Results: Prec@1 80.326 Prec@5 93.649 Loss 0.84364
Epoch [75] Training Class Recall: [0.779,0.796,0.785,0.751,0.805,0.791,0.821,0.844,0.844,0.814]
Epoch [75] Testing Results: Prec@1 56.540 Prec@5 88.670 Loss 1.53841
Epoch [75] Testing Class Recall: [0.827,0.969,0.774,0.644,0.407,0.417,0.295,0.614,0.429,0.278]
Epoch [76] Training Results: Prec@1 80.503 Prec@5 93.720 Loss 0.83545
Epoch [76] Training Class Recall: [0.783,0.797,0.789,0.751,0.810,0.794,0.824,0.844,0.843,0.812]
Epoch [76] Testing Results: Prec@1 55.110 Prec@5 86.950 Loss 1.57865
Epoch [76] Testing Class Recall: [0.872,0.949,0.730,0.472,0.494,0.655,0.502,0.441,0.114,0.282]
Epoch [77] Training Results: Prec@1 80.394 Prec@5 93.700 Loss 0.83893
Epoch [77] Training Class Recall: [0.785,0.805,0.779,0.759,0.799,0.795,0.818,0.845,0.842,0.813]
Epoch [77] Testing Results: Prec@1 52.760 Prec@5 82.080 Loss 1.80234
Epoch [77] Testing Class Recall: [0.886,0.955,0.768,0.525,0.694,0.394,0.205,0.363,0.396,0.090]
Epoch [78] Training Results: Prec@1 80.414 Prec@5 93.577 Loss 0.83990
Epoch [78] Training Class Recall: [0.786,0.803,0.789,0.752,0.799,0.781,0.822,0.847,0.846,0.812]
Epoch [78] Testing Results: Prec@1 51.210 Prec@5 87.710 Loss 1.72223
Epoch [78] Testing Class Recall: [0.805,0.633,0.721,0.292,0.794,0.504,0.285,0.311,0.304,0.472]
Epoch [79] Training Results: Prec@1 80.529 Prec@5 93.817 Loss 0.83566
Epoch [79] Training Class Recall: [0.780,0.801,0.788,0.758,0.805,0.794,0.826,0.843,0.843,0.814]
Epoch [79] Testing Results: Prec@1 48.580 Prec@5 87.490 Loss 1.87267
Epoch [79] Testing Class Recall: [0.944,0.944,0.429,0.265,0.425,0.532,0.176,0.740,0.295,0.108]
Epoch [80] Training Results: Prec@1 80.520 Prec@5 93.671 Loss 0.83783
Epoch [80] Training Class Recall: [0.790,0.802,0.789,0.756,0.801,0.792,0.822,0.844,0.843,0.812]
Epoch [80] Testing Results: Prec@1 47.430 Prec@5 83.120 Loss 1.90761
Epoch [80] Testing Class Recall: [0.827,0.970,0.738,0.435,0.550,0.380,0.193,0.498,0.060,0.092]
Epoch [81] Training Results: Prec@1 80.320 Prec@5 93.757 Loss 0.83996
Epoch [81] Training Class Recall: [0.784,0.805,0.788,0.756,0.799,0.787,0.816,0.844,0.837,0.813]
Epoch [81] Testing Results: Prec@1 52.970 Prec@5 87.660 Loss 1.78233
Epoch [81] Testing Class Recall: [0.865,0.974,0.782,0.387,0.634,0.564,0.529,0.321,0.180,0.061]
Epoch [82] Training Results: Prec@1 80.326 Prec@5 93.840 Loss 0.83615
Epoch [82] Training Class Recall: [0.785,0.796,0.792,0.748,0.806,0.782,0.815,0.846,0.841,0.816]
Epoch [82] Testing Results: Prec@1 52.240 Prec@5 85.560 Loss 1.76285
Epoch [82] Testing Class Recall: [0.880,0.983,0.668,0.369,0.594,0.447,0.549,0.474,0.177,0.083]
Epoch [83] Training Results: Prec@1 79.977 Prec@5 93.820 Loss 0.84166
Epoch [83] Training Class Recall: [0.779,0.798,0.777,0.748,0.795,0.790,0.821,0.841,0.841,0.809]
Epoch [83] Testing Results: Prec@1 52.680 Prec@5 88.250 Loss 1.76936
Epoch [83] Testing Class Recall: [0.935,0.885,0.558,0.620,0.388,0.316,0.544,0.473,0.385,0.164]
Epoch [84] Training Results: Prec@1 80.489 Prec@5 93.840 Loss 0.83227
Epoch [84] Training Class Recall: [0.784,0.803,0.790,0.750,0.809,0.786,0.822,0.847,0.844,0.809]
Epoch [84] Testing Results: Prec@1 57.990 Prec@5 89.770 Loss 1.44543
Epoch [84] Testing Class Recall: [0.937,0.935,0.507,0.493,0.565,0.543,0.671,0.370,0.312,0.466]
Epoch [85] Training Results: Prec@1 80.286 Prec@5 93.866 Loss 0.84019
Epoch [85] Training Class Recall: [0.780,0.799,0.777,0.758,0.806,0.790,0.823,0.839,0.844,0.812]
Epoch [85] Testing Results: Prec@1 55.800 Prec@5 88.380 Loss 1.55436
Epoch [85] Testing Class Recall: [0.917,0.960,0.777,0.445,0.613,0.385,0.577,0.374,0.202,0.330]
Epoch [86] Training Results: Prec@1 80.583 Prec@5 93.631 Loss 0.83134
Epoch [86] Training Class Recall: [0.787,0.801,0.789,0.755,0.809,0.791,0.824,0.846,0.842,0.811]
Epoch [86] Testing Results: Prec@1 52.140 Prec@5 86.140 Loss 1.59944
Epoch [86] Testing Class Recall: [0.927,0.950,0.745,0.334,0.595,0.335,0.595,0.365,0.187,0.181]
Epoch [87] Training Results: Prec@1 80.117 Prec@5 93.829 Loss 0.83933
Epoch [87] Training Class Recall: [0.780,0.802,0.781,0.751,0.798,0.783,0.818,0.842,0.845,0.809]
Epoch [87] Testing Results: Prec@1 61.170 Prec@5 91.740 Loss 1.28824
Epoch [87] Testing Class Recall: [0.815,0.862,0.492,0.663,0.423,0.372,0.546,0.639,0.552,0.753]
Epoch [88] Training Results: Prec@1 80.669 Prec@5 93.891 Loss 0.83129
Epoch [88] Training Class Recall: [0.781,0.804,0.789,0.761,0.807,0.799,0.824,0.846,0.842,0.811]
Epoch [88] Testing Results: Prec@1 60.890 Prec@5 89.800 Loss 1.35239
Epoch [88] Testing Class Recall: [0.721,0.952,0.505,0.674,0.637,0.399,0.776,0.481,0.586,0.358]
Epoch [89] Training Results: Prec@1 80.474 Prec@5 94.031 Loss 0.83030
Epoch [89] Training Class Recall: [0.779,0.801,0.784,0.764,0.808,0.790,0.820,0.844,0.843,0.814]
Epoch [89] Testing Results: Prec@1 55.370 Prec@5 87.540 Loss 1.58872
Epoch [89] Testing Class Recall: [0.657,0.926,0.875,0.274,0.472,0.635,0.392,0.250,0.386,0.670]
Epoch [90] Training Results: Prec@1 80.403 Prec@5 94.040 Loss 0.83303
Epoch [90] Training Class Recall: [0.781,0.797,0.791,0.745,0.806,0.793,0.824,0.846,0.845,0.808]
Epoch [90] Testing Results: Prec@1 61.810 Prec@5 90.980 Loss 1.29655
Epoch [90] Testing Class Recall: [0.800,0.930,0.630,0.492,0.521,0.679,0.822,0.489,0.216,0.602]
Epoch [91] Training Results: Prec@1 80.446 Prec@5 94.043 Loss 0.82922
Epoch [91] Training Class Recall: [0.786,0.799,0.794,0.753,0.804,0.785,0.824,0.842,0.843,0.809]
Epoch [91] Testing Results: Prec@1 58.210 Prec@5 89.300 Loss 1.49175
Epoch [91] Testing Class Recall: [0.882,0.900,0.767,0.467,0.582,0.391,0.486,0.465,0.310,0.571]
Epoch [92] Training Results: Prec@1 80.346 Prec@5 94.011 Loss 0.83293
Epoch [92] Training Class Recall: [0.783,0.798,0.787,0.756,0.804,0.785,0.820,0.847,0.840,0.813]
Epoch [92] Testing Results: Prec@1 57.920 Prec@5 89.030 Loss 1.57828
Epoch [92] Testing Class Recall: [0.871,0.892,0.805,0.507,0.547,0.475,0.628,0.502,0.436,0.129]
Epoch [93] Training Results: Prec@1 80.543 Prec@5 93.986 Loss 0.83024
Epoch [93] Training Class Recall: [0.783,0.800,0.788,0.757,0.808,0.793,0.821,0.846,0.843,0.813]
Epoch [93] Testing Results: Prec@1 51.910 Prec@5 85.580 Loss 1.68519
Epoch [93] Testing Class Recall: [0.888,0.939,0.239,0.105,0.297,0.445,0.960,0.644,0.328,0.346]
Epoch [94] Training Results: Prec@1 80.437 Prec@5 94.037 Loss 0.83095
Epoch [94] Training Class Recall: [0.779,0.797,0.784,0.759,0.806,0.798,0.819,0.847,0.841,0.812]
Epoch [94] Testing Results: Prec@1 55.200 Prec@5 87.050 Loss 1.60680
Epoch [94] Testing Class Recall: [0.955,0.908,0.665,0.395,0.514,0.384,0.481,0.701,0.242,0.275]
Epoch [95] Training Results: Prec@1 80.643 Prec@5 93.857 Loss 0.82965
Epoch [95] Training Class Recall: [0.792,0.803,0.780,0.762,0.805,0.794,0.824,0.847,0.846,0.812]
Epoch [95] Testing Results: Prec@1 56.830 Prec@5 87.920 Loss 1.54619
Epoch [95] Testing Class Recall: [0.648,0.920,0.692,0.647,0.606,0.392,0.595,0.401,0.144,0.638]
Epoch [96] Training Results: Prec@1 80.269 Prec@5 94.063 Loss 0.83324
Epoch [96] Training Class Recall: [0.789,0.797,0.785,0.757,0.799,0.787,0.818,0.842,0.841,0.809]
Epoch [96] Testing Results: Prec@1 55.980 Prec@5 87.580 Loss 1.56442
Epoch [96] Testing Class Recall: [0.911,0.860,0.565,0.450,0.491,0.414,0.469,0.635,0.138,0.665]
Epoch [97] Training Results: Prec@1 80.560 Prec@5 93.957 Loss 0.82938
Epoch [97] Training Class Recall: [0.789,0.796,0.783,0.756,0.809,0.791,0.822,0.850,0.847,0.812]
Epoch [97] Testing Results: Prec@1 55.940 Prec@5 87.260 Loss 1.65937
Epoch [97] Testing Class Recall: [0.830,0.978,0.740,0.414,0.547,0.522,0.613,0.433,0.437,0.080]
Epoch [98] Training Results: Prec@1 80.571 Prec@5 93.929 Loss 0.83074
Epoch [98] Training Class Recall: [0.783,0.801,0.789,0.761,0.807,0.795,0.820,0.844,0.843,0.810]
Epoch [98] Testing Results: Prec@1 61.020 Prec@5 91.110 Loss 1.36462
Epoch [98] Testing Class Recall: [0.884,0.881,0.689,0.243,0.496,0.534,0.768,0.751,0.602,0.254]
Epoch [99] Training Results: Prec@1 80.643 Prec@5 93.974 Loss 0.82611
Epoch [99] Training Class Recall: [0.790,0.798,0.792,0.753,0.808,0.796,0.822,0.847,0.843,0.812]
Epoch [99] Testing Results: Prec@1 57.180 Prec@5 87.190 Loss 1.53631
Epoch [99] Testing Class Recall: [0.863,0.945,0.724,0.327,0.467,0.674,0.692,0.467,0.392,0.167]
Epoch [100] Training Results: Prec@1 80.634 Prec@5 94.120 Loss 0.82607
Epoch [100] Training Class Recall: [0.786,0.800,0.792,0.753,0.807,0.792,0.822,0.848,0.847,0.812]
Epoch [100] Testing Results: Prec@1 61.290 Prec@5 89.710 Loss 1.34526
Epoch [100] Testing Class Recall: [0.682,0.930,0.695,0.454,0.694,0.531,0.533,0.699,0.643,0.268]
Epoch [101] Training Results: Prec@1 80.597 Prec@5 93.994 Loss 0.82819
Epoch [101] Training Class Recall: [0.786,0.803,0.790,0.758,0.798,0.796,0.822,0.849,0.843,0.813]
Epoch [101] Testing Results: Prec@1 53.450 Prec@5 88.450 Loss 1.56764
Epoch [101] Testing Class Recall: [0.924,0.969,0.632,0.521,0.632,0.446,0.377,0.378,0.133,0.333]
Epoch [102] Training Results: Prec@1 80.574 Prec@5 94.177 Loss 0.82645
Epoch [102] Training Class Recall: [0.783,0.807,0.792,0.759,0.802,0.789,0.824,0.844,0.845,0.809]
Epoch [102] Testing Results: Prec@1 56.680 Prec@5 87.950 Loss 1.56858
Epoch [102] Testing Class Recall: [0.908,0.952,0.710,0.609,0.579,0.467,0.406,0.405,0.274,0.358]
Epoch [103] Training Results: Prec@1 80.529 Prec@5 94.046 Loss 0.82927
Epoch [103] Training Class Recall: [0.789,0.804,0.786,0.759,0.803,0.790,0.819,0.847,0.843,0.812]
Epoch [103] Testing Results: Prec@1 59.840 Prec@5 89.660 Loss 1.40001
Epoch [103] Testing Class Recall: [0.832,0.893,0.738,0.534,0.487,0.429,0.652,0.781,0.263,0.375]
Epoch [104] Training Results: Prec@1 80.689 Prec@5 94.054 Loss 0.82421
Epoch [104] Training Class Recall: [0.789,0.803,0.786,0.759,0.807,0.796,0.824,0.848,0.844,0.811]
Epoch [104] Testing Results: Prec@1 58.880 Prec@5 90.680 Loss 1.42697
Epoch [104] Testing Class Recall: [0.730,0.969,0.711,0.433,0.483,0.747,0.550,0.646,0.353,0.266]
Epoch [105] Training Results: Prec@1 80.577 Prec@5 94.091 Loss 0.82448
Epoch [105] Training Class Recall: [0.787,0.803,0.786,0.758,0.808,0.793,0.819,0.844,0.845,0.813]
Epoch [105] Testing Results: Prec@1 57.680 Prec@5 89.770 Loss 1.43219
Epoch [105] Testing Class Recall: [0.834,0.981,0.659,0.515,0.430,0.451,0.540,0.612,0.534,0.212]
Epoch [106] Training Results: Prec@1 80.854 Prec@5 94.000 Loss 0.82884
Epoch [106] Training Class Recall: [0.792,0.804,0.797,0.762,0.805,0.795,0.828,0.846,0.844,0.809]
Epoch [106] Testing Results: Prec@1 56.660 Prec@5 87.100 Loss 1.65287
Epoch [106] Testing Class Recall: [0.728,0.988,0.557,0.622,0.671,0.453,0.722,0.441,0.301,0.183]
Epoch [107] Training Results: Prec@1 80.649 Prec@5 94.111 Loss 0.82100
Epoch [107] Training Class Recall: [0.786,0.799,0.792,0.763,0.806,0.792,0.819,0.849,0.843,0.812]
Epoch [107] Testing Results: Prec@1 55.400 Prec@5 84.720 Loss 1.68772
Epoch [107] Testing Class Recall: [0.888,0.923,0.709,0.499,0.654,0.393,0.730,0.287,0.401,0.056]
Epoch [108] Training Results: Prec@1 80.569 Prec@5 94.083 Loss 0.82461
Epoch [108] Training Class Recall: [0.782,0.802,0.790,0.762,0.809,0.789,0.820,0.844,0.840,0.814]
Epoch [108] Testing Results: Prec@1 46.930 Prec@5 85.010 Loss 1.98858
Epoch [108] Testing Class Recall: [0.835,0.988,0.557,0.240,0.713,0.496,0.339,0.164,0.213,0.148]
Epoch [109] Training Results: Prec@1 80.743 Prec@5 94.191 Loss 0.82468
Epoch [109] Training Class Recall: [0.788,0.801,0.788,0.759,0.814,0.794,0.821,0.847,0.846,0.814]
Epoch [109] Testing Results: Prec@1 50.410 Prec@5 86.150 Loss 1.85247
Epoch [109] Testing Class Recall: [0.835,0.982,0.791,0.569,0.408,0.481,0.230,0.321,0.288,0.136]
Epoch [110] Training Results: Prec@1 80.757 Prec@5 94.334 Loss 0.82299
Epoch [110] Training Class Recall: [0.787,0.804,0.798,0.761,0.806,0.794,0.819,0.847,0.842,0.812]
Epoch [110] Testing Results: Prec@1 60.730 Prec@5 88.710 Loss 1.38560
Epoch [110] Testing Class Recall: [0.769,0.975,0.780,0.445,0.425,0.460,0.708,0.691,0.669,0.151]
Epoch [111] Training Results: Prec@1 80.689 Prec@5 94.266 Loss 0.82165
Epoch [111] Training Class Recall: [0.787,0.796,0.789,0.762,0.811,0.795,0.821,0.849,0.844,0.811]
Epoch [111] Testing Results: Prec@1 55.760 Prec@5 87.730 Loss 1.56757
Epoch [111] Testing Class Recall: [0.823,0.976,0.663,0.709,0.271,0.513,0.528,0.523,0.155,0.415]
Epoch [112] Training Results: Prec@1 80.751 Prec@5 94.069 Loss 0.81826
Epoch [112] Training Class Recall: [0.791,0.803,0.791,0.757,0.811,0.791,0.820,0.849,0.846,0.813]
Epoch [112] Testing Results: Prec@1 51.940 Prec@5 87.000 Loss 1.77482
Epoch [112] Testing Class Recall: [0.813,0.950,0.883,0.317,0.368,0.658,0.449,0.311,0.372,0.073]
Epoch [113] Training Results: Prec@1 80.797 Prec@5 94.214 Loss 0.81952
Epoch [113] Training Class Recall: [0.786,0.799,0.792,0.765,0.811,0.801,0.819,0.849,0.841,0.814]
Epoch [113] Testing Results: Prec@1 63.270 Prec@5 92.410 Loss 1.23955
Epoch [113] Testing Class Recall: [0.686,0.977,0.720,0.446,0.500,0.573,0.766,0.717,0.480,0.462]
Epoch [114] Training Results: Prec@1 80.586 Prec@5 94.183 Loss 0.82230
Epoch [114] Training Class Recall: [0.786,0.802,0.788,0.757,0.813,0.792,0.814,0.847,0.842,0.814]
Epoch [114] Testing Results: Prec@1 60.560 Prec@5 90.760 Loss 1.38812
Epoch [114] Testing Class Recall: [0.841,0.915,0.676,0.409,0.540,0.301,0.834,0.682,0.520,0.338]
Epoch [115] Training Results: Prec@1 80.863 Prec@5 94.343 Loss 0.81534
Epoch [115] Training Class Recall: [0.788,0.801,0.793,0.769,0.811,0.793,0.821,0.848,0.843,0.815]
Epoch [115] Testing Results: Prec@1 54.140 Prec@5 86.380 Loss 1.66077
Epoch [115] Testing Class Recall: [0.915,0.966,0.741,0.235,0.456,0.418,0.605,0.548,0.377,0.153]
Epoch [116] Training Results: Prec@1 80.660 Prec@5 94.386 Loss 0.81845
Epoch [116] Training Class Recall: [0.788,0.803,0.789,0.766,0.803,0.796,0.821,0.846,0.843,0.810]
Epoch [116] Testing Results: Prec@1 58.810 Prec@5 89.180 Loss 1.39945
Epoch [116] Testing Class Recall: [0.862,0.907,0.744,0.511,0.583,0.239,0.478,0.655,0.498,0.404]
Epoch [117] Training Results: Prec@1 80.760 Prec@5 94.406 Loss 0.81427
Epoch [117] Training Class Recall: [0.787,0.802,0.791,0.764,0.804,0.796,0.823,0.847,0.842,0.819]
Epoch [117] Testing Results: Prec@1 54.180 Prec@5 87.630 Loss 1.63118
Epoch [117] Testing Class Recall: [0.765,0.963,0.831,0.351,0.350,0.372,0.765,0.457,0.374,0.190]
Epoch [118] Training Results: Prec@1 80.886 Prec@5 94.414 Loss 0.81474
Epoch [118] Training Class Recall: [0.789,0.805,0.792,0.765,0.813,0.795,0.820,0.850,0.843,0.813]
Epoch [118] Testing Results: Prec@1 57.610 Prec@5 89.100 Loss 1.52042
Epoch [118] Testing Class Recall: [0.678,0.966,0.734,0.662,0.593,0.479,0.627,0.311,0.295,0.416]
Epoch [119] Training Results: Prec@1 80.606 Prec@5 94.434 Loss 0.81810
Epoch [119] Training Class Recall: [0.783,0.801,0.789,0.762,0.804,0.796,0.823,0.844,0.846,0.811]
Epoch [119] Testing Results: Prec@1 56.230 Prec@5 89.090 Loss 1.60471
Epoch [119] Testing Class Recall: [0.894,0.844,0.770,0.389,0.671,0.426,0.325,0.487,0.428,0.389]
Epoch [120] Training Results: Prec@1 80.749 Prec@5 94.403 Loss 0.81994
Epoch [120] Training Class Recall: [0.787,0.804,0.794,0.760,0.809,0.798,0.820,0.845,0.844,0.810]
Epoch [120] Testing Results: Prec@1 56.180 Prec@5 88.760 Loss 1.54740
Epoch [120] Testing Class Recall: [0.856,0.878,0.788,0.495,0.646,0.435,0.402,0.455,0.373,0.290]
Epoch [121] Training Results: Prec@1 80.897 Prec@5 94.443 Loss 0.81374
Epoch [121] Training Class Recall: [0.788,0.808,0.798,0.759,0.812,0.798,0.820,0.845,0.844,0.812]
Epoch [121] Testing Results: Prec@1 55.360 Prec@5 89.080 Loss 1.58932
Epoch [121] Testing Class Recall: [0.923,0.963,0.507,0.499,0.522,0.421,0.507,0.593,0.331,0.270]
Epoch [122] Training Results: Prec@1 80.554 Prec@5 94.269 Loss 0.81836
Epoch [122] Training Class Recall: [0.781,0.805,0.793,0.758,0.803,0.790,0.821,0.847,0.844,0.808]
Epoch [122] Testing Results: Prec@1 54.930 Prec@5 84.750 Loss 1.75533
Epoch [122] Testing Class Recall: [0.905,0.966,0.724,0.410,0.672,0.444,0.695,0.320,0.276,0.081]
Epoch [123] Training Results: Prec@1 81.243 Prec@5 94.391 Loss 0.80901
Epoch [123] Training Class Recall: [0.791,0.810,0.805,0.765,0.813,0.797,0.824,0.847,0.849,0.818]
Epoch [123] Testing Results: Prec@1 42.240 Prec@5 83.430 Loss 2.14349
Epoch [123] Testing Class Recall: [0.987,0.821,0.487,0.354,0.324,0.072,0.348,0.413,0.364,0.054]
Epoch [124] Training Results: Prec@1 80.931 Prec@5 94.360 Loss 0.81249
Epoch [124] Training Class Recall: [0.790,0.805,0.796,0.767,0.806,0.800,0.824,0.847,0.844,0.811]
Epoch [124] Testing Results: Prec@1 57.960 Prec@5 87.030 Loss 1.60212
Epoch [124] Testing Class Recall: [0.911,0.947,0.795,0.437,0.757,0.424,0.675,0.324,0.296,0.230]
Epoch [125] Training Results: Prec@1 80.617 Prec@5 94.346 Loss 0.81687
Epoch [125] Training Class Recall: [0.777,0.805,0.791,0.762,0.805,0.791,0.825,0.845,0.844,0.813]
Epoch [125] Testing Results: Prec@1 54.750 Prec@5 87.840 Loss 1.59395
Epoch [125] Testing Class Recall: [0.779,0.879,0.764,0.475,0.445,0.737,0.399,0.562,0.237,0.198]
Epoch [126] Training Results: Prec@1 81.054 Prec@5 94.397 Loss 0.81059
Epoch [126] Training Class Recall: [0.790,0.806,0.795,0.771,0.810,0.797,0.828,0.847,0.845,0.814]
Epoch [126] Testing Results: Prec@1 57.460 Prec@5 90.370 Loss 1.54258
Epoch [126] Testing Class Recall: [0.890,0.902,0.695,0.429,0.552,0.471,0.469,0.513,0.282,0.543]
Epoch [127] Training Results: Prec@1 81.006 Prec@5 94.420 Loss 0.81234
Epoch [127] Training Class Recall: [0.794,0.804,0.798,0.764,0.811,0.800,0.819,0.849,0.844,0.814]
Epoch [127] Testing Results: Prec@1 55.130 Prec@5 89.140 Loss 1.56758
Epoch [127] Testing Class Recall: [0.933,0.790,0.609,0.666,0.544,0.326,0.489,0.494,0.366,0.296]
Epoch [128] Training Results: Prec@1 80.863 Prec@5 94.417 Loss 0.81227
Epoch [128] Training Class Recall: [0.786,0.799,0.796,0.756,0.815,0.797,0.826,0.848,0.843,0.814]
Epoch [128] Testing Results: Prec@1 53.580 Prec@5 85.680 Loss 1.68929
Epoch [128] Testing Class Recall: [0.898,0.930,0.645,0.439,0.658,0.213,0.360,0.514,0.539,0.162]
Epoch [129] Training Results: Prec@1 80.760 Prec@5 94.443 Loss 0.81166
Epoch [129] Training Class Recall: [0.789,0.801,0.790,0.763,0.805,0.795,0.825,0.847,0.843,0.814]
Epoch [129] Testing Results: Prec@1 60.380 Prec@5 90.660 Loss 1.37667
Epoch [129] Testing Class Recall: [0.703,0.915,0.761,0.475,0.703,0.518,0.820,0.370,0.614,0.159]
Epoch [130] Training Results: Prec@1 81.100 Prec@5 94.417 Loss 0.81408
Epoch [130] Training Class Recall: [0.789,0.804,0.795,0.766,0.817,0.800,0.826,0.849,0.844,0.817]
Epoch [130] Testing Results: Prec@1 56.000 Prec@5 89.220 Loss 1.50755
Epoch [130] Testing Class Recall: [0.871,0.978,0.543,0.507,0.501,0.583,0.520,0.473,0.289,0.335]
Epoch [131] Training Results: Prec@1 81.049 Prec@5 94.426 Loss 0.80988
Epoch [131] Training Class Recall: [0.792,0.803,0.801,0.767,0.814,0.797,0.822,0.847,0.843,0.814]
Epoch [131] Testing Results: Prec@1 47.600 Prec@5 86.460 Loss 2.10951
Epoch [131] Testing Class Recall: [0.981,0.829,0.543,0.564,0.505,0.262,0.465,0.126,0.319,0.166]
Epoch [132] Training Results: Prec@1 80.691 Prec@5 94.283 Loss 0.81374
Epoch [132] Training Class Recall: [0.784,0.808,0.796,0.762,0.808,0.795,0.815,0.844,0.843,0.809]
Epoch [132] Testing Results: Prec@1 52.700 Prec@5 88.100 Loss 1.71680
Epoch [132] Testing Class Recall: [0.915,0.962,0.502,0.425,0.628,0.238,0.590,0.535,0.359,0.116]
Epoch [133] Training Results: Prec@1 80.886 Prec@5 94.406 Loss 0.80836
Epoch [133] Training Class Recall: [0.791,0.805,0.798,0.761,0.808,0.793,0.824,0.844,0.847,0.813]
Epoch [133] Testing Results: Prec@1 54.800 Prec@5 87.440 Loss 1.65313
Epoch [133] Testing Class Recall: [0.914,0.904,0.726,0.488,0.530,0.462,0.446,0.399,0.538,0.073]
Epoch [134] Training Results: Prec@1 80.897 Prec@5 94.563 Loss 0.80929
Epoch [134] Training Class Recall: [0.789,0.807,0.800,0.766,0.805,0.790,0.821,0.848,0.843,0.814]
Epoch [134] Testing Results: Prec@1 52.060 Prec@5 89.380 Loss 1.71020
Epoch [134] Testing Class Recall: [0.954,0.743,0.752,0.298,0.539,0.383,0.476,0.595,0.286,0.180]
Epoch [135] Training Results: Prec@1 80.840 Prec@5 94.634 Loss 0.80938
Epoch [135] Training Class Recall: [0.790,0.804,0.795,0.765,0.807,0.797,0.822,0.846,0.843,0.811]
Epoch [135] Testing Results: Prec@1 52.410 Prec@5 86.280 Loss 1.75471
Epoch [135] Testing Class Recall: [0.878,0.891,0.784,0.239,0.515,0.316,0.530,0.336,0.294,0.458]
Epoch [136] Training Results: Prec@1 80.934 Prec@5 94.560 Loss 0.80713
Epoch [136] Training Class Recall: [0.785,0.806,0.793,0.762,0.814,0.801,0.823,0.847,0.846,0.813]
Epoch [136] Testing Results: Prec@1 53.870 Prec@5 86.120 Loss 1.69114
Epoch [136] Testing Class Recall: [0.781,0.976,0.775,0.481,0.674,0.329,0.444,0.469,0.327,0.131]
Epoch [137] Training Results: Prec@1 80.934 Prec@5 94.543 Loss 0.80637
Epoch [137] Training Class Recall: [0.790,0.809,0.793,0.763,0.812,0.794,0.826,0.846,0.845,0.811]
Epoch [137] Testing Results: Prec@1 56.460 Prec@5 90.500 Loss 1.48731
Epoch [137] Testing Class Recall: [0.519,0.951,0.797,0.582,0.671,0.587,0.498,0.390,0.445,0.206]
Epoch [138] Training Results: Prec@1 80.897 Prec@5 94.477 Loss 0.81029
Epoch [138] Training Class Recall: [0.785,0.807,0.795,0.754,0.813,0.796,0.825,0.851,0.848,0.811]
Epoch [138] Testing Results: Prec@1 60.020 Prec@5 90.540 Loss 1.38090
Epoch [138] Testing Class Recall: [0.626,0.962,0.779,0.529,0.421,0.407,0.750,0.592,0.497,0.439]
Epoch [139] Training Results: Prec@1 81.126 Prec@5 94.460 Loss 0.80374
Epoch [139] Training Class Recall: [0.785,0.803,0.800,0.773,0.812,0.799,0.822,0.848,0.846,0.820]
Epoch [139] Testing Results: Prec@1 57.690 Prec@5 87.680 Loss 1.51463
Epoch [139] Testing Class Recall: [0.894,0.912,0.642,0.608,0.456,0.453,0.521,0.768,0.418,0.097]
Epoch [140] Training Results: Prec@1 80.889 Prec@5 94.371 Loss 0.80843
Epoch [140] Training Class Recall: [0.790,0.801,0.799,0.772,0.806,0.798,0.818,0.844,0.847,0.809]
Epoch [140] Testing Results: Prec@1 56.650 Prec@5 90.410 Loss 1.59908
Epoch [140] Testing Class Recall: [0.917,0.767,0.682,0.425,0.569,0.285,0.723,0.512,0.601,0.184]
Epoch [141] Training Results: Prec@1 81.234 Prec@5 94.506 Loss 0.80411
Epoch [141] Training Class Recall: [0.792,0.809,0.803,0.763,0.814,0.799,0.829,0.847,0.848,0.815]
Epoch [141] Testing Results: Prec@1 55.430 Prec@5 88.650 Loss 1.65834
Epoch [141] Testing Class Recall: [0.813,0.990,0.513,0.480,0.438,0.594,0.335,0.770,0.335,0.275]
Epoch [142] Training Results: Prec@1 80.923 Prec@5 94.560 Loss 0.80791
Epoch [142] Training Class Recall: [0.779,0.810,0.801,0.766,0.809,0.792,0.823,0.849,0.843,0.815]
Epoch [142] Testing Results: Prec@1 57.880 Prec@5 89.790 Loss 1.45305
Epoch [142] Testing Class Recall: [0.863,0.952,0.619,0.582,0.521,0.343,0.470,0.671,0.291,0.476]
Epoch [143] Training Results: Prec@1 80.960 Prec@5 94.509 Loss 0.80437
Epoch [143] Training Class Recall: [0.789,0.806,0.798,0.765,0.806,0.800,0.822,0.848,0.846,0.814]
Epoch [143] Testing Results: Prec@1 50.400 Prec@5 83.540 Loss 2.03794
Epoch [143] Testing Class Recall: [0.823,0.942,0.841,0.366,0.655,0.253,0.515,0.375,0.116,0.154]
Epoch [144] Training Results: Prec@1 80.963 Prec@5 94.451 Loss 0.80604
Epoch [144] Training Class Recall: [0.789,0.803,0.801,0.766,0.810,0.797,0.819,0.844,0.847,0.817]
Epoch [144] Testing Results: Prec@1 57.360 Prec@5 88.300 Loss 1.56660
Epoch [144] Testing Class Recall: [0.872,0.944,0.694,0.557,0.635,0.460,0.653,0.491,0.296,0.134]
Epoch [145] Training Results: Prec@1 81.023 Prec@5 94.560 Loss 0.80888
Epoch [145] Training Class Recall: [0.779,0.803,0.802,0.770,0.812,0.802,0.828,0.844,0.843,0.814]
Epoch [145] Testing Results: Prec@1 59.850 Prec@5 88.410 Loss 1.47268
Epoch [145] Testing Class Recall: [0.758,0.976,0.781,0.403,0.747,0.380,0.581,0.597,0.525,0.237]
Epoch [146] Training Results: Prec@1 81.014 Prec@5 94.697 Loss 0.80793
Epoch [146] Training Class Recall: [0.784,0.803,0.805,0.762,0.814,0.797,0.823,0.845,0.848,0.814]
Epoch [146] Testing Results: Prec@1 56.760 Prec@5 86.240 Loss 1.67579
Epoch [146] Testing Class Recall: [0.860,0.979,0.691,0.672,0.613,0.472,0.657,0.384,0.177,0.171]
Epoch [147] Training Results: Prec@1 80.891 Prec@5 94.660 Loss 0.80263
Epoch [147] Training Class Recall: [0.787,0.804,0.799,0.758,0.810,0.798,0.826,0.850,0.842,0.809]
Epoch [147] Testing Results: Prec@1 52.810 Prec@5 86.770 Loss 1.71582
Epoch [147] Testing Class Recall: [0.832,0.978,0.700,0.375,0.434,0.663,0.620,0.410,0.147,0.122]
Epoch [148] Training Results: Prec@1 81.086 Prec@5 94.606 Loss 0.79977
Epoch [148] Training Class Recall: [0.790,0.805,0.798,0.770,0.812,0.794,0.826,0.847,0.846,0.817]
Epoch [148] Testing Results: Prec@1 55.700 Prec@5 89.250 Loss 1.55798
Epoch [148] Testing Class Recall: [0.869,0.947,0.633,0.632,0.619,0.491,0.519,0.271,0.267,0.322]
Epoch [149] Training Results: Prec@1 81.083 Prec@5 94.760 Loss 0.80092
Epoch [149] Training Class Recall: [0.791,0.802,0.798,0.771,0.814,0.795,0.826,0.850,0.845,0.812]
Epoch [149] Testing Results: Prec@1 60.950 Prec@5 91.080 Loss 1.38696
Epoch [149] Testing Class Recall: [0.806,0.901,0.730,0.473,0.677,0.614,0.615,0.504,0.336,0.439]
Epoch [150] Training Results: Prec@1 80.986 Prec@5 94.760 Loss 0.80544
Epoch [150] Training Class Recall: [0.793,0.804,0.796,0.766,0.808,0.795,0.827,0.846,0.846,0.813]
Epoch [150] Testing Results: Prec@1 49.430 Prec@5 84.270 Loss 1.89908
Epoch [150] Testing Class Recall: [0.928,0.845,0.770,0.489,0.727,0.392,0.245,0.157,0.082,0.308]
Epoch [151] Training Results: Prec@1 81.209 Prec@5 94.709 Loss 0.79729
Epoch [151] Training Class Recall: [0.793,0.807,0.804,0.775,0.813,0.796,0.824,0.844,0.843,0.817]
Epoch [151] Testing Results: Prec@1 60.640 Prec@5 91.460 Loss 1.37141
Epoch [151] Testing Class Recall: [0.736,0.963,0.737,0.426,0.549,0.689,0.526,0.615,0.507,0.316]
Epoch [152] Training Results: Prec@1 80.931 Prec@5 94.826 Loss 0.80311
Epoch [152] Training Class Recall: [0.782,0.799,0.798,0.764,0.814,0.797,0.825,0.848,0.847,0.812]
Epoch [152] Testing Results: Prec@1 54.740 Prec@5 87.130 Loss 1.59231
Epoch [152] Testing Class Recall: [0.855,0.820,0.768,0.473,0.610,0.398,0.431,0.624,0.284,0.211]
Epoch [153] Training Results: Prec@1 81.229 Prec@5 94.729 Loss 0.80211
Epoch [153] Training Class Recall: [0.791,0.802,0.802,0.765,0.819,0.798,0.825,0.853,0.848,0.815]
Epoch [153] Testing Results: Prec@1 56.340 Prec@5 88.210 Loss 1.55516
Epoch [153] Testing Class Recall: [0.662,0.958,0.810,0.646,0.547,0.448,0.612,0.422,0.368,0.161]
Epoch [154] Training Results: Prec@1 80.891 Prec@5 94.849 Loss 0.80499
Epoch [154] Training Class Recall: [0.790,0.804,0.794,0.764,0.804,0.797,0.828,0.846,0.846,0.814]
Epoch [154] Testing Results: Prec@1 62.020 Prec@5 89.820 Loss 1.33932
Epoch [154] Testing Class Recall: [0.830,0.951,0.715,0.246,0.609,0.566,0.752,0.623,0.306,0.604]
Epoch [155] Training Results: Prec@1 81.131 Prec@5 94.637 Loss 0.80641
Epoch [155] Training Class Recall: [0.787,0.806,0.799,0.771,0.814,0.802,0.827,0.847,0.844,0.811]
Epoch [155] Testing Results: Prec@1 51.280 Prec@5 84.820 Loss 1.83126
Epoch [155] Testing Class Recall: [0.879,0.945,0.793,0.389,0.518,0.270,0.475,0.512,0.304,0.043]
Epoch [156] Training Results: Prec@1 81.446 Prec@5 94.837 Loss 0.79562
Epoch [156] Training Class Recall: [0.797,0.807,0.799,0.775,0.816,0.804,0.833,0.849,0.847,0.816]
Epoch [156] Testing Results: Prec@1 58.360 Prec@5 90.850 Loss 1.46497
Epoch [156] Testing Class Recall: [0.737,0.891,0.873,0.268,0.422,0.428,0.693,0.649,0.449,0.426]
Epoch [157] Training Results: Prec@1 81.289 Prec@5 94.760 Loss 0.79525
Epoch [157] Training Class Recall: [0.793,0.806,0.806,0.770,0.815,0.797,0.828,0.845,0.848,0.815]
Epoch [157] Testing Results: Prec@1 55.790 Prec@5 88.480 Loss 1.59099
Epoch [157] Testing Class Recall: [0.833,0.981,0.711,0.348,0.448,0.510,0.709,0.684,0.129,0.226]
Epoch [158] Training Results: Prec@1 80.846 Prec@5 94.603 Loss 0.80612
Epoch [158] Training Class Recall: [0.787,0.799,0.800,0.765,0.803,0.798,0.826,0.844,0.845,0.813]
Epoch [158] Testing Results: Prec@1 58.570 Prec@5 89.400 Loss 1.42962
Epoch [158] Testing Class Recall: [0.916,0.887,0.679,0.482,0.625,0.450,0.672,0.548,0.167,0.431]
Epoch [159] Training Results: Prec@1 80.900 Prec@5 94.703 Loss 0.80496
Epoch [159] Training Class Recall: [0.792,0.804,0.799,0.760,0.805,0.802,0.825,0.844,0.844,0.811]
Epoch [159] Testing Results: Prec@1 59.740 Prec@5 87.720 Loss 1.46539
Epoch [159] Testing Class Recall: [0.833,0.964,0.629,0.322,0.705,0.397,0.654,0.725,0.555,0.190]
Epoch [160] Training Results: Prec@1 82.734 Prec@5 95.446 Loss 0.73628
Epoch [160] Training Class Recall: [0.807,0.831,0.827,0.781,0.834,0.814,0.837,0.860,0.853,0.821]
Epoch [160] Testing Results: Prec@1 60.450 Prec@5 90.390 Loss 1.41405
Epoch [160] Testing Class Recall: [0.904,0.962,0.733,0.537,0.635,0.445,0.586,0.582,0.445,0.216]
Epoch [161] Training Results: Prec@1 83.503 Prec@5 95.877 Loss 0.70542
Epoch [161] Training Class Recall: [0.823,0.824,0.840,0.809,0.841,0.825,0.845,0.860,0.853,0.822]
Epoch [161] Testing Results: Prec@1 61.030 Prec@5 90.840 Loss 1.40468
Epoch [161] Testing Class Recall: [0.890,0.965,0.767,0.552,0.650,0.451,0.586,0.570,0.446,0.226]
Epoch [162] Training Results: Prec@1 83.974 Prec@5 95.889 Loss 0.69258
Epoch [162] Training Class Recall: [0.823,0.830,0.848,0.820,0.853,0.831,0.845,0.861,0.855,0.820]
Epoch [162] Testing Results: Prec@1 60.520 Prec@5 90.800 Loss 1.43145
Epoch [162] Testing Class Recall: [0.897,0.961,0.766,0.562,0.651,0.459,0.585,0.555,0.393,0.223]
Epoch [163] Training Results: Prec@1 84.189 Prec@5 96.003 Loss 0.68505
Epoch [163] Training Class Recall: [0.828,0.831,0.850,0.823,0.851,0.838,0.848,0.862,0.854,0.825]
Epoch [163] Testing Results: Prec@1 60.310 Prec@5 90.910 Loss 1.42957
Epoch [163] Testing Class Recall: [0.906,0.961,0.758,0.555,0.653,0.463,0.605,0.534,0.387,0.209]
Epoch [164] Training Results: Prec@1 84.266 Prec@5 96.203 Loss 0.67510
Epoch [164] Training Class Recall: [0.827,0.829,0.856,0.828,0.855,0.839,0.846,0.862,0.853,0.821]
Epoch [164] Testing Results: Prec@1 60.850 Prec@5 91.180 Loss 1.40201
Epoch [164] Testing Class Recall: [0.908,0.955,0.763,0.545,0.653,0.460,0.585,0.583,0.403,0.230]
Epoch [165] Training Results: Prec@1 84.449 Prec@5 96.249 Loss 0.66985
Epoch [165] Training Class Recall: [0.829,0.830,0.857,0.826,0.860,0.841,0.848,0.864,0.855,0.824]
Epoch [165] Testing Results: Prec@1 61.120 Prec@5 91.050 Loss 1.41894
Epoch [165] Testing Class Recall: [0.899,0.964,0.774,0.563,0.674,0.458,0.583,0.559,0.415,0.223]
Epoch [166] Training Results: Prec@1 84.486 Prec@5 96.237 Loss 0.66693
Epoch [166] Training Class Recall: [0.825,0.828,0.861,0.831,0.859,0.843,0.849,0.862,0.855,0.822]
Epoch [166] Testing Results: Prec@1 61.010 Prec@5 91.260 Loss 1.40921
Epoch [166] Testing Class Recall: [0.898,0.961,0.789,0.555,0.653,0.461,0.588,0.561,0.386,0.249]
Epoch [167] Training Results: Prec@1 84.603 Prec@5 96.394 Loss 0.66256
Epoch [167] Training Class Recall: [0.832,0.835,0.859,0.831,0.862,0.838,0.850,0.862,0.856,0.823]
Epoch [167] Testing Results: Prec@1 60.540 Prec@5 90.970 Loss 1.44494
Epoch [167] Testing Class Recall: [0.914,0.965,0.767,0.562,0.671,0.472,0.581,0.532,0.353,0.237]
Epoch [168] Training Results: Prec@1 84.531 Prec@5 96.431 Loss 0.66157
Epoch [168] Training Class Recall: [0.830,0.833,0.859,0.831,0.856,0.841,0.848,0.863,0.855,0.827]
Epoch [168] Testing Results: Prec@1 60.100 Prec@5 90.800 Loss 1.47205
Epoch [168] Testing Class Recall: [0.911,0.966,0.765,0.548,0.662,0.481,0.579,0.536,0.342,0.220]
Epoch [169] Training Results: Prec@1 84.637 Prec@5 96.306 Loss 0.65941
Epoch [169] Training Class Recall: [0.830,0.835,0.863,0.833,0.860,0.836,0.850,0.863,0.855,0.828]
Epoch [169] Testing Results: Prec@1 60.750 Prec@5 90.910 Loss 1.42638
Epoch [169] Testing Class Recall: [0.909,0.965,0.753,0.561,0.631,0.471,0.607,0.579,0.377,0.222]
Epoch [170] Training Results: Prec@1 84.754 Prec@5 96.537 Loss 0.65086
Epoch [170] Training Class Recall: [0.831,0.837,0.865,0.835,0.859,0.843,0.850,0.863,0.855,0.826]
Epoch [170] Testing Results: Prec@1 60.510 Prec@5 90.830 Loss 1.44654
Epoch [170] Testing Class Recall: [0.918,0.961,0.755,0.573,0.640,0.468,0.592,0.551,0.382,0.211]
Epoch [171] Training Results: Prec@1 84.717 Prec@5 96.431 Loss 0.64843
Epoch [171] Training Class Recall: [0.831,0.832,0.864,0.836,0.861,0.842,0.850,0.862,0.855,0.827]
Epoch [171] Testing Results: Prec@1 60.790 Prec@5 90.660 Loss 1.44204
Epoch [171] Testing Class Recall: [0.902,0.967,0.767,0.551,0.645,0.478,0.595,0.553,0.394,0.227]
Epoch [172] Training Results: Prec@1 84.746 Prec@5 96.583 Loss 0.64808
Epoch [172] Training Class Recall: [0.834,0.833,0.864,0.838,0.860,0.841,0.848,0.864,0.854,0.826]
Epoch [172] Testing Results: Prec@1 61.260 Prec@5 91.020 Loss 1.42507
Epoch [172] Testing Class Recall: [0.907,0.963,0.756,0.562,0.656,0.489,0.592,0.568,0.391,0.242]
Epoch [173] Training Results: Prec@1 84.789 Prec@5 96.663 Loss 0.64546
Epoch [173] Training Class Recall: [0.832,0.834,0.864,0.833,0.863,0.844,0.847,0.865,0.858,0.826]
Epoch [173] Testing Results: Prec@1 60.540 Prec@5 90.680 Loss 1.45888
Epoch [173] Testing Class Recall: [0.912,0.957,0.776,0.564,0.648,0.485,0.569,0.546,0.382,0.215]
Epoch [174] Training Results: Prec@1 84.886 Prec@5 96.726 Loss 0.64223
Epoch [174] Training Class Recall: [0.833,0.835,0.869,0.836,0.861,0.843,0.850,0.865,0.857,0.826]
Epoch [174] Testing Results: Prec@1 60.780 Prec@5 90.620 Loss 1.45460
Epoch [174] Testing Class Recall: [0.915,0.963,0.764,0.560,0.645,0.468,0.578,0.565,0.385,0.235]
Epoch [175] Training Results: Prec@1 84.969 Prec@5 96.737 Loss 0.64167
Epoch [175] Training Class Recall: [0.837,0.832,0.867,0.840,0.863,0.846,0.851,0.864,0.858,0.826]
Epoch [175] Testing Results: Prec@1 59.530 Prec@5 89.970 Loss 1.53382
Epoch [175] Testing Class Recall: [0.917,0.959,0.785,0.539,0.634,0.463,0.584,0.531,0.345,0.196]
Epoch [176] Training Results: Prec@1 84.874 Prec@5 96.566 Loss 0.64243
Epoch [176] Training Class Recall: [0.833,0.833,0.868,0.838,0.861,0.844,0.850,0.864,0.856,0.827]
Epoch [176] Testing Results: Prec@1 60.680 Prec@5 90.470 Loss 1.46839
Epoch [176] Testing Class Recall: [0.912,0.965,0.760,0.572,0.646,0.478,0.581,0.570,0.349,0.235]
Epoch [177] Training Results: Prec@1 84.989 Prec@5 96.829 Loss 0.63658
Epoch [177] Training Class Recall: [0.837,0.839,0.868,0.839,0.863,0.845,0.848,0.864,0.856,0.825]
Epoch [177] Testing Results: Prec@1 60.870 Prec@5 90.570 Loss 1.46772
Epoch [177] Testing Class Recall: [0.912,0.960,0.769,0.558,0.663,0.474,0.603,0.531,0.382,0.235]
Epoch [178] Training Results: Prec@1 84.943 Prec@5 96.897 Loss 0.63576
Epoch [178] Training Class Recall: [0.839,0.837,0.870,0.838,0.861,0.841,0.850,0.865,0.855,0.825]
Epoch [178] Testing Results: Prec@1 61.360 Prec@5 90.800 Loss 1.44279
Epoch [178] Testing Class Recall: [0.896,0.957,0.775,0.577,0.666,0.481,0.584,0.543,0.385,0.272]
Epoch [179] Training Results: Prec@1 85.051 Prec@5 96.803 Loss 0.63567
Epoch [179] Training Class Recall: [0.839,0.840,0.871,0.838,0.861,0.844,0.851,0.865,0.857,0.828]
Epoch [179] Testing Results: Prec@1 60.730 Prec@5 90.610 Loss 1.46768
Epoch [179] Testing Class Recall: [0.902,0.961,0.766,0.570,0.661,0.480,0.571,0.519,0.409,0.234]
Epoch [180] Training Results: Prec@1 85.040 Prec@5 96.857 Loss 0.63280
Epoch [180] Training Class Recall: [0.830,0.837,0.871,0.841,0.866,0.843,0.853,0.865,0.857,0.827]
Epoch [180] Testing Results: Prec@1 60.470 Prec@5 90.540 Loss 1.48147
Epoch [180] Testing Class Recall: [0.901,0.962,0.768,0.561,0.659,0.487,0.568,0.523,0.387,0.231]
Epoch [181] Training Results: Prec@1 85.026 Prec@5 96.697 Loss 0.63207
Epoch [181] Training Class Recall: [0.834,0.839,0.872,0.840,0.863,0.842,0.852,0.863,0.857,0.827]
Epoch [181] Testing Results: Prec@1 60.240 Prec@5 90.540 Loss 1.48944
Epoch [181] Testing Class Recall: [0.898,0.955,0.784,0.560,0.649,0.474,0.575,0.513,0.369,0.247]
Epoch [182] Training Results: Prec@1 85.089 Prec@5 96.749 Loss 0.62926
Epoch [182] Training Class Recall: [0.842,0.837,0.871,0.837,0.863,0.845,0.851,0.864,0.856,0.829]
Epoch [182] Testing Results: Prec@1 60.000 Prec@5 90.030 Loss 1.52135
Epoch [182] Testing Class Recall: [0.900,0.966,0.778,0.558,0.638,0.462,0.596,0.529,0.366,0.207]
Epoch [183] Training Results: Prec@1 85.060 Prec@5 96.700 Loss 0.63145
Epoch [183] Training Class Recall: [0.837,0.836,0.870,0.839,0.863,0.846,0.849,0.865,0.857,0.829]
Epoch [183] Testing Results: Prec@1 59.850 Prec@5 90.380 Loss 1.51346
Epoch [183] Testing Class Recall: [0.910,0.956,0.782,0.545,0.642,0.484,0.590,0.508,0.351,0.217]
Epoch [184] Training Results: Prec@1 85.046 Prec@5 96.777 Loss 0.63323
Epoch [184] Training Class Recall: [0.834,0.838,0.871,0.842,0.863,0.846,0.849,0.866,0.854,0.828]
Epoch [184] Testing Results: Prec@1 59.990 Prec@5 90.340 Loss 1.49699
Epoch [184] Testing Class Recall: [0.912,0.961,0.764,0.556,0.640,0.472,0.577,0.535,0.363,0.219]
Epoch [185] Training Results: Prec@1 84.937 Prec@5 96.751 Loss 0.63268
Epoch [185] Training Class Recall: [0.837,0.836,0.866,0.840,0.859,0.845,0.850,0.864,0.857,0.828]
Epoch [185] Testing Results: Prec@1 60.580 Prec@5 90.490 Loss 1.48768
Epoch [185] Testing Class Recall: [0.907,0.957,0.768,0.569,0.666,0.471,0.584,0.516,0.379,0.241]
Epoch [186] Training Results: Prec@1 85.040 Prec@5 96.889 Loss 0.63242
Epoch [186] Training Class Recall: [0.839,0.835,0.867,0.841,0.862,0.845,0.852,0.865,0.856,0.828]
Epoch [186] Testing Results: Prec@1 61.130 Prec@5 90.820 Loss 1.44707
Epoch [186] Testing Class Recall: [0.910,0.957,0.766,0.553,0.650,0.483,0.582,0.535,0.403,0.274]
Epoch [187] Training Results: Prec@1 85.040 Prec@5 96.829 Loss 0.63175
Epoch [187] Training Class Recall: [0.839,0.835,0.870,0.839,0.862,0.844,0.852,0.864,0.857,0.829]
Epoch [187] Testing Results: Prec@1 59.900 Prec@5 90.390 Loss 1.50605
Epoch [187] Testing Class Recall: [0.911,0.953,0.773,0.545,0.649,0.472,0.573,0.532,0.360,0.222]
Epoch [188] Training Results: Prec@1 85.103 Prec@5 96.854 Loss 0.63008
Epoch [188] Training Class Recall: [0.836,0.834,0.870,0.843,0.864,0.847,0.851,0.865,0.858,0.828]
Epoch [188] Testing Results: Prec@1 59.880 Prec@5 90.200 Loss 1.52217
Epoch [188] Testing Class Recall: [0.899,0.967,0.775,0.561,0.656,0.473,0.574,0.515,0.349,0.219]
Epoch [189] Training Results: Prec@1 85.094 Prec@5 96.811 Loss 0.63068
Epoch [189] Training Class Recall: [0.839,0.836,0.868,0.839,0.862,0.849,0.853,0.865,0.858,0.829]
Epoch [189] Testing Results: Prec@1 60.010 Prec@5 90.340 Loss 1.50313
Epoch [189] Testing Class Recall: [0.904,0.963,0.766,0.559,0.645,0.470,0.587,0.536,0.359,0.212]
Epoch [190] Training Results: Prec@1 85.029 Prec@5 96.857 Loss 0.63087
Epoch [190] Training Class Recall: [0.837,0.836,0.869,0.838,0.864,0.846,0.852,0.864,0.855,0.828]
Epoch [190] Testing Results: Prec@1 60.720 Prec@5 90.730 Loss 1.46220
Epoch [190] Testing Class Recall: [0.907,0.956,0.774,0.545,0.638,0.480,0.576,0.552,0.388,0.256]
Epoch [191] Training Results: Prec@1 85.083 Prec@5 96.871 Loss 0.63030
Epoch [191] Training Class Recall: [0.836,0.838,0.868,0.844,0.862,0.847,0.851,0.866,0.856,0.828]
Epoch [191] Testing Results: Prec@1 59.270 Prec@5 90.000 Loss 1.54375
Epoch [191] Testing Class Recall: [0.910,0.961,0.764,0.554,0.643,0.476,0.560,0.516,0.345,0.198]
Epoch [192] Training Results: Prec@1 84.986 Prec@5 96.771 Loss 0.63216
Epoch [192] Training Class Recall: [0.835,0.834,0.873,0.838,0.861,0.842,0.849,0.866,0.858,0.828]
Epoch [192] Testing Results: Prec@1 60.510 Prec@5 90.570 Loss 1.47635
Epoch [192] Testing Class Recall: [0.910,0.960,0.773,0.563,0.638,0.478,0.573,0.526,0.385,0.245]
Epoch [193] Training Results: Prec@1 85.040 Prec@5 96.829 Loss 0.63201
Epoch [193] Training Class Recall: [0.835,0.834,0.872,0.840,0.861,0.846,0.851,0.865,0.857,0.830]
Epoch [193] Testing Results: Prec@1 59.710 Prec@5 90.190 Loss 1.52193
Epoch [193] Testing Class Recall: [0.911,0.962,0.760,0.546,0.651,0.469,0.564,0.526,0.367,0.215]
Epoch [194] Training Results: Prec@1 84.980 Prec@5 96.837 Loss 0.63239
Epoch [194] Training Class Recall: [0.836,0.836,0.869,0.842,0.863,0.844,0.850,0.862,0.857,0.825]
Epoch [194] Testing Results: Prec@1 60.630 Prec@5 90.500 Loss 1.47062
Epoch [194] Testing Class Recall: [0.897,0.957,0.774,0.547,0.663,0.478,0.589,0.540,0.383,0.235]
Epoch [195] Training Results: Prec@1 85.180 Prec@5 96.843 Loss 0.62798
Epoch [195] Training Class Recall: [0.840,0.837,0.874,0.841,0.864,0.847,0.852,0.863,0.857,0.829]
Epoch [195] Testing Results: Prec@1 59.400 Prec@5 90.090 Loss 1.53229
Epoch [195] Testing Class Recall: [0.909,0.963,0.770,0.555,0.622,0.461,0.561,0.531,0.349,0.219]
Epoch [196] Training Results: Prec@1 85.140 Prec@5 96.994 Loss 0.62915
Epoch [196] Training Class Recall: [0.835,0.838,0.871,0.843,0.866,0.847,0.850,0.864,0.856,0.830]
Epoch [196] Testing Results: Prec@1 59.890 Prec@5 90.230 Loss 1.52174
Epoch [196] Testing Class Recall: [0.909,0.966,0.765,0.556,0.641,0.475,0.562,0.512,0.385,0.218]
Epoch [197] Training Results: Prec@1 84.963 Prec@5 96.917 Loss 0.63296
Epoch [197] Training Class Recall: [0.836,0.837,0.869,0.839,0.860,0.842,0.850,0.864,0.856,0.830]
Epoch [197] Testing Results: Prec@1 60.280 Prec@5 90.530 Loss 1.49483
Epoch [197] Testing Class Recall: [0.893,0.961,0.776,0.552,0.664,0.479,0.551,0.525,0.382,0.245]
Epoch [198] Training Results: Prec@1 85.111 Prec@5 96.814 Loss 0.62879
Epoch [198] Training Class Recall: [0.837,0.837,0.870,0.840,0.863,0.849,0.851,0.866,0.856,0.830]
Epoch [198] Testing Results: Prec@1 59.920 Prec@5 90.260 Loss 1.51027
Epoch [198] Testing Class Recall: [0.906,0.961,0.777,0.551,0.642,0.482,0.592,0.525,0.348,0.208]
Epoch [199] Training Results: Prec@1 85.071 Prec@5 96.711 Loss 0.63185
Epoch [199] Training Class Recall: [0.839,0.836,0.871,0.840,0.862,0.844,0.852,0.864,0.856,0.830]
Epoch [199] Testing Results: Prec@1 59.960 Prec@5 90.230 Loss 1.51189
Epoch [199] Testing Class Recall: [0.913,0.959,0.769,0.557,0.648,0.473,0.580,0.523,0.353,0.221]
