Log file: cifar10_lava0.9_mixup_drw_exp0.01_seed42_20260502_110855.log
Run started: 2026-05-02 11:08:55.914548
Dataset: cifar10
Imbalance type: exp, factor: 0.01
Selection method: lava, ratio: 0.9
Strategy: Mixup_DRW, epochs: 200
Seed: 42, rand_number: 0
Augmentation: weak
mixup_alpha: 1.0
============================================================

=> Preparing logger and tensorboard writer !
----------------------------------------------------
Class ID   | Original   | Selected   | Keep %  
----------------------------------------------------
0          | 5000       | 4689       |    93.8%
1          | 2997       | 2068       |    69.0%
2          | 1796       | 1795       |    99.9%
3          | 1077       | 1077       |   100.0%
4          | 645        | 645        |   100.0%
5          | 387        | 387        |   100.0%
6          | 232        | 232        |   100.0%
7          | 139        | 139        |   100.0%
8          | 83         | 83         |   100.0%
9          | 50         | 50         |   100.0%
----------------------------------------------------
TOTAL      | 12406      | 11165      |    90.0%
----------------------------------------------------
Epoch [0] Training Results: Prec@1 45.876 Prec@5 90.963             Loss 1.67320
Epoch [0] Training Class Recall: [0.775,0.376,0.370,0.009,0.054,0.000,0.000,0.000,0.000,0.000]
Epoch [0] Testing Results: Prec@1 20.320 Prec@5 58.580             Loss 3.08711
Epoch [0] Testing Class Recall: [0.832,0.756,0.432,0.012,0.000,0.000,0.000,0.000,0.000,0.000]
Epoch [1] Training Results: Prec@1 54.948 Prec@5 93.426             Loss 1.45823
Epoch [1] Training Class Recall: [0.833,0.589,0.477,0.119,0.042,0.000,0.000,0.000,0.000,0.000]
Epoch [1] Testing Results: Prec@1 21.790 Prec@5 65.090             Loss 2.67777
Epoch [1] Testing Class Recall: [0.579,0.672,0.918,0.010,0.000,0.000,0.000,0.000,0.000,0.000]
Epoch [2] Training Results: Prec@1 56.014 Prec@5 94.026             Loss 1.43614
Epoch [2] Training Class Recall: [0.816,0.616,0.496,0.230,0.023,0.000,0.000,0.000,0.000,0.000]
Epoch [2] Testing Results: Prec@1 21.590 Prec@5 62.780             Loss 2.73040
Epoch [2] Testing Class Recall: [0.929,0.447,0.448,0.335,0.000,0.000,0.000,0.000,0.000,0.000]
Epoch [3] Training Results: Prec@1 59.391 Prec@5 94.545             Loss 1.37138
Epoch [3] Training Class Recall: [0.855,0.659,0.504,0.310,0.036,0.000,0.000,0.000,0.000,0.000]
Epoch [3] Testing Results: Prec@1 25.920 Prec@5 70.300             Loss 2.70686
Epoch [3] Testing Class Recall: [0.871,0.797,0.478,0.446,0.000,0.000,0.000,0.000,0.000,0.000]
Epoch [4] Training Results: Prec@1 60.672 Prec@5 94.599             Loss 1.39744
Epoch [4] Training Class Recall: [0.857,0.717,0.486,0.362,0.019,0.000,0.000,0.000,0.000,0.000]
Epoch [4] Testing Results: Prec@1 21.630 Prec@5 64.810             Loss 2.66701
Epoch [4] Testing Class Recall: [0.965,0.458,0.522,0.218,0.000,0.000,0.000,0.000,0.000,0.000]
Epoch [5] Training Results: Prec@1 63.986 Prec@5 94.966             Loss 1.34484
Epoch [5] Training Class Recall: [0.890,0.762,0.530,0.408,0.009,0.000,0.000,0.000,0.000,0.000]
Epoch [5] Testing Results: Prec@1 25.850 Prec@5 66.110             Loss 2.57174
Epoch [5] Testing Class Recall: [0.899,0.715,0.669,0.302,0.000,0.000,0.000,0.000,0.000,0.000]
Epoch [6] Training Results: Prec@1 64.245 Prec@5 95.298             Loss 1.33037
Epoch [6] Training Class Recall: [0.895,0.772,0.514,0.394,0.045,0.000,0.013,0.000,0.000,0.000]
Epoch [6] Testing Results: Prec@1 26.730 Prec@5 65.340             Loss 2.68821
Epoch [6] Testing Class Recall: [0.925,0.772,0.598,0.378,0.000,0.000,0.000,0.000,0.000,0.000]
Epoch [7] Training Results: Prec@1 66.225 Prec@5 95.710             Loss 1.29655
Epoch [7] Training Class Recall: [0.908,0.803,0.518,0.459,0.070,0.003,0.026,0.000,0.000,0.000]
Epoch [7] Testing Results: Prec@1 30.290 Prec@5 67.430             Loss 2.46608
Epoch [7] Testing Class Recall: [0.871,0.903,0.601,0.535,0.119,0.000,0.000,0.000,0.000,0.000]
Epoch [8] Training Results: Prec@1 66.279 Prec@5 95.952             Loss 1.27974
Epoch [8] Training Class Recall: [0.895,0.809,0.554,0.431,0.110,0.000,0.000,0.000,0.000,0.000]
Epoch [8] Testing Results: Prec@1 30.510 Prec@5 67.780             Loss 2.51624
Epoch [8] Testing Class Recall: [0.938,0.833,0.381,0.291,0.498,0.003,0.107,0.000,0.000,0.000]
Epoch [9] Training Results: Prec@1 68.419 Prec@5 96.095             Loss 1.26766
Epoch [9] Training Class Recall: [0.913,0.827,0.546,0.510,0.166,0.018,0.030,0.000,0.000,0.000]
Epoch [9] Testing Results: Prec@1 31.220 Prec@5 70.990             Loss 2.40235
Epoch [9] Testing Class Recall: [0.847,0.866,0.672,0.537,0.066,0.024,0.110,0.000,0.000,0.000]
Epoch [10] Training Results: Prec@1 69.333 Prec@5 95.943             Loss 1.27211
Epoch [10] Training Class Recall: [0.918,0.850,0.554,0.516,0.166,0.010,0.078,0.000,0.000,0.000]
Epoch [10] Testing Results: Prec@1 32.730 Prec@5 75.170             Loss 2.25333
Epoch [10] Testing Class Recall: [0.814,0.975,0.641,0.410,0.277,0.029,0.127,0.000,0.000,0.000]
Epoch [11] Training Results: Prec@1 69.548 Prec@5 96.355             Loss 1.24295
Epoch [11] Training Class Recall: [0.911,0.833,0.581,0.490,0.260,0.023,0.103,0.000,0.000,0.000]
Epoch [11] Testing Results: Prec@1 32.540 Prec@5 75.110             Loss 2.47957
Epoch [11] Testing Class Recall: [0.882,0.971,0.314,0.315,0.688,0.019,0.065,0.000,0.000,0.000]
Epoch [12] Training Results: Prec@1 71.196 Prec@5 96.417             Loss 1.20551
Epoch [12] Training Class Recall: [0.919,0.870,0.570,0.513,0.321,0.059,0.138,0.000,0.000,0.000]
Epoch [12] Testing Results: Prec@1 38.180 Prec@5 79.430             Loss 2.29986
Epoch [12] Testing Class Recall: [0.854,0.975,0.480,0.757,0.309,0.140,0.286,0.017,0.000,0.000]
Epoch [13] Training Results: Prec@1 72.315 Prec@5 97.000             Loss 1.19594
Epoch [13] Training Class Recall: [0.922,0.879,0.598,0.516,0.364,0.078,0.168,0.007,0.000,0.000]
Epoch [13] Testing Results: Prec@1 34.670 Prec@5 76.080             Loss 2.31926
Epoch [13] Testing Class Recall: [0.929,0.838,0.687,0.428,0.192,0.014,0.379,0.000,0.000,0.000]
Epoch [14] Training Results: Prec@1 73.650 Prec@5 97.053             Loss 1.16947
Epoch [14] Training Class Recall: [0.927,0.890,0.597,0.561,0.422,0.103,0.194,0.014,0.000,0.000]
Epoch [14] Testing Results: Prec@1 39.330 Prec@5 81.260             Loss 2.22674
Epoch [14] Testing Class Recall: [0.957,0.835,0.513,0.397,0.621,0.105,0.436,0.069,0.000,0.000]
Epoch [15] Training Results: Prec@1 74.554 Prec@5 97.286             Loss 1.16100
Epoch [15] Training Class Recall: [0.930,0.895,0.644,0.522,0.409,0.163,0.263,0.065,0.000,0.000]
Epoch [15] Testing Results: Prec@1 36.670 Prec@5 83.490             Loss 2.18913
Epoch [15] Testing Class Recall: [0.957,0.890,0.740,0.275,0.263,0.194,0.284,0.064,0.000,0.000]
Epoch [16] Training Results: Prec@1 75.271 Prec@5 97.689             Loss 1.12163
Epoch [16] Training Class Recall: [0.936,0.902,0.641,0.518,0.439,0.191,0.310,0.079,0.000,0.000]
Epoch [16] Testing Results: Prec@1 38.500 Prec@5 82.470             Loss 2.27801
Epoch [16] Testing Class Recall: [0.959,0.948,0.411,0.658,0.547,0.024,0.265,0.038,0.000,0.000]
Epoch [17] Training Results: Prec@1 76.202 Prec@5 97.743             Loss 1.11845
Epoch [17] Training Class Recall: [0.934,0.919,0.650,0.567,0.462,0.145,0.336,0.137,0.000,0.000]
Epoch [17] Testing Results: Prec@1 39.470 Prec@5 84.610             Loss 2.07090
Epoch [17] Testing Class Recall: [0.957,0.938,0.420,0.685,0.446,0.068,0.309,0.124,0.000,0.000]
Epoch [18] Training Results: Prec@1 77.197 Prec@5 97.761             Loss 1.11277
Epoch [18] Training Class Recall: [0.942,0.912,0.655,0.582,0.522,0.209,0.345,0.108,0.000,0.000]
Epoch [18] Testing Results: Prec@1 46.730 Prec@5 84.820             Loss 1.81316
Epoch [18] Testing Class Recall: [0.820,0.964,0.704,0.506,0.724,0.413,0.221,0.320,0.000,0.001]
Epoch [19] Training Results: Prec@1 77.627 Prec@5 98.083             Loss 1.11540
Epoch [19] Training Class Recall: [0.944,0.919,0.665,0.577,0.505,0.196,0.418,0.201,0.000,0.000]
Epoch [19] Testing Results: Prec@1 46.190 Prec@5 87.210             Loss 1.81465
Epoch [19] Testing Class Recall: [0.967,0.921,0.598,0.567,0.487,0.234,0.549,0.296,0.000,0.000]
Epoch [20] Training Results: Prec@1 78.370 Prec@5 98.209             Loss 1.09685
Epoch [20] Training Class Recall: [0.940,0.925,0.659,0.608,0.571,0.238,0.427,0.230,0.000,0.000]
Epoch [20] Testing Results: Prec@1 44.240 Prec@5 87.350             Loss 1.88917
Epoch [20] Testing Class Recall: [0.976,0.846,0.537,0.606,0.546,0.231,0.480,0.202,0.000,0.000]
Epoch [21] Training Results: Prec@1 79.248 Prec@5 98.361             Loss 1.08908
Epoch [21] Training Class Recall: [0.945,0.931,0.698,0.626,0.549,0.220,0.405,0.216,0.000,0.020]
Epoch [21] Testing Results: Prec@1 44.510 Prec@5 82.690             Loss 2.19769
Epoch [21] Testing Class Recall: [0.886,0.982,0.701,0.628,0.446,0.024,0.622,0.162,0.000,0.000]
Epoch [22] Training Results: Prec@1 79.176 Prec@5 98.343             Loss 1.07417
Epoch [22] Training Class Recall: [0.944,0.934,0.691,0.612,0.529,0.245,0.474,0.216,0.072,0.000]
Epoch [22] Testing Results: Prec@1 45.330 Prec@5 84.660             Loss 2.01559
Epoch [22] Testing Class Recall: [0.911,0.981,0.758,0.438,0.432,0.393,0.389,0.230,0.001,0.000]
Epoch [23] Training Results: Prec@1 80.349 Prec@5 98.504             Loss 1.01617
Epoch [23] Training Class Recall: [0.948,0.939,0.702,0.652,0.569,0.292,0.431,0.259,0.060,0.000]
Epoch [23] Testing Results: Prec@1 47.200 Prec@5 86.330             Loss 1.82476
Epoch [23] Testing Class Recall: [0.953,0.969,0.702,0.468,0.703,0.396,0.315,0.157,0.057,0.000]
Epoch [24] Training Results: Prec@1 81.182 Prec@5 98.549             Loss 1.02712
Epoch [24] Training Class Recall: [0.949,0.943,0.716,0.670,0.586,0.295,0.483,0.295,0.157,0.000]
Epoch [24] Testing Results: Prec@1 57.520 Prec@5 92.770             Loss 1.25115
Epoch [24] Testing Class Recall: [0.862,0.966,0.611,0.715,0.684,0.261,0.527,0.528,0.268,0.330]
Epoch [25] Training Results: Prec@1 81.576 Prec@5 98.603             Loss 1.04927
Epoch [25] Training Class Recall: [0.946,0.942,0.731,0.680,0.594,0.328,0.444,0.324,0.169,0.120]
Epoch [25] Testing Results: Prec@1 51.960 Prec@5 91.300             Loss 1.48816
Epoch [25] Testing Class Recall: [0.981,0.881,0.506,0.616,0.593,0.440,0.445,0.443,0.205,0.086]
Epoch [26] Training Results: Prec@1 81.872 Prec@5 98.782             Loss 0.99300
Epoch [26] Training Class Recall: [0.952,0.947,0.739,0.660,0.589,0.346,0.470,0.266,0.193,0.080]
Epoch [26] Testing Results: Prec@1 49.590 Prec@5 90.880             Loss 1.63002
Epoch [26] Testing Class Recall: [0.977,0.943,0.627,0.700,0.343,0.195,0.609,0.266,0.232,0.067]
Epoch [27] Training Results: Prec@1 82.821 Prec@5 98.854             Loss 1.00253
Epoch [27] Training Class Recall: [0.955,0.945,0.743,0.671,0.647,0.380,0.478,0.417,0.229,0.160]
Epoch [27] Testing Results: Prec@1 48.820 Prec@5 86.810             Loss 1.83440
Epoch [27] Testing Class Recall: [0.976,0.961,0.597,0.334,0.639,0.467,0.454,0.394,0.045,0.015]
Epoch [28] Training Results: Prec@1 83.135 Prec@5 98.728             Loss 1.00901
Epoch [28] Training Class Recall: [0.950,0.957,0.750,0.677,0.682,0.344,0.483,0.388,0.301,0.160]
Epoch [28] Testing Results: Prec@1 53.150 Prec@5 89.170             Loss 1.59852
Epoch [28] Testing Class Recall: [0.959,0.929,0.720,0.741,0.317,0.485,0.620,0.419,0.101,0.024]
Epoch [29] Training Results: Prec@1 82.794 Prec@5 98.889             Loss 1.06143
Epoch [29] Training Class Recall: [0.946,0.951,0.760,0.695,0.619,0.351,0.504,0.360,0.253,0.080]
Epoch [29] Testing Results: Prec@1 48.010 Prec@5 88.240             Loss 1.72624
Epoch [29] Testing Class Recall: [0.956,0.943,0.601,0.759,0.487,0.193,0.516,0.234,0.039,0.073]
Epoch [30] Training Results: Prec@1 83.574 Prec@5 98.889             Loss 1.01131
Epoch [30] Training Class Recall: [0.957,0.956,0.753,0.698,0.654,0.341,0.478,0.396,0.373,0.200]
Epoch [30] Testing Results: Prec@1 51.150 Prec@5 92.120             Loss 1.54240
Epoch [30] Testing Class Recall: [0.930,0.987,0.487,0.419,0.419,0.489,0.360,0.537,0.174,0.313]
Epoch [31] Training Results: Prec@1 83.627 Prec@5 98.934             Loss 1.01324
Epoch [31] Training Class Recall: [0.957,0.954,0.760,0.672,0.651,0.406,0.539,0.338,0.386,0.160]
Epoch [31] Testing Results: Prec@1 53.450 Prec@5 88.670             Loss 1.57124
Epoch [31] Testing Class Recall: [0.910,0.969,0.842,0.627,0.660,0.313,0.135,0.455,0.376,0.058]
Epoch [32] Training Results: Prec@1 84.174 Prec@5 99.051             Loss 0.98889
Epoch [32] Training Class Recall: [0.953,0.962,0.764,0.706,0.668,0.413,0.487,0.403,0.470,0.160]
Epoch [32] Testing Results: Prec@1 53.190 Prec@5 91.940             Loss 1.59064
Epoch [32] Testing Class Recall: [0.972,0.950,0.691,0.425,0.668,0.525,0.445,0.459,0.084,0.100]
Epoch [33] Training Results: Prec@1 84.299 Prec@5 98.934             Loss 1.00124
Epoch [33] Training Class Recall: [0.962,0.957,0.742,0.724,0.670,0.362,0.595,0.424,0.361,0.220]
Epoch [33] Testing Results: Prec@1 56.610 Prec@5 92.880             Loss 1.45103
Epoch [33] Testing Class Recall: [0.980,0.965,0.692,0.511,0.613,0.452,0.695,0.408,0.077,0.268]
Epoch [34] Training Results: Prec@1 84.747 Prec@5 99.149             Loss 1.04436
Epoch [34] Training Class Recall: [0.958,0.960,0.768,0.705,0.679,0.429,0.560,0.460,0.410,0.260]
Epoch [34] Testing Results: Prec@1 56.350 Prec@5 90.540             Loss 1.44324
Epoch [34] Testing Class Recall: [0.954,0.960,0.721,0.679,0.630,0.443,0.626,0.388,0.087,0.147]
Epoch [35] Training Results: Prec@1 85.356 Prec@5 99.024             Loss 0.96959
Epoch [35] Training Class Recall: [0.959,0.954,0.806,0.701,0.721,0.401,0.526,0.424,0.446,0.420]
Epoch [35] Testing Results: Prec@1 52.620 Prec@5 90.020             Loss 1.58622
Epoch [35] Testing Class Recall: [0.920,0.992,0.686,0.633,0.552,0.058,0.731,0.376,0.244,0.070]
Epoch [36] Training Results: Prec@1 84.917 Prec@5 99.149             Loss 1.01841
Epoch [36] Training Class Recall: [0.962,0.952,0.797,0.679,0.699,0.413,0.565,0.396,0.422,0.200]
Epoch [36] Testing Results: Prec@1 57.120 Prec@5 90.160             Loss 1.51591
Epoch [36] Testing Class Recall: [0.866,0.981,0.840,0.732,0.616,0.402,0.601,0.533,0.017,0.124]
Epoch [37] Training Results: Prec@1 85.858 Prec@5 99.158             Loss 0.97371
Epoch [37] Training Class Recall: [0.958,0.953,0.794,0.737,0.753,0.444,0.586,0.432,0.422,0.280]
Epoch [37] Testing Results: Prec@1 47.740 Prec@5 86.590             Loss 1.95397
Epoch [37] Testing Class Recall: [0.938,0.991,0.714,0.385,0.512,0.288,0.622,0.282,0.038,0.004]
Epoch [38] Training Results: Prec@1 85.634 Prec@5 99.140             Loss 0.96045
Epoch [38] Training Class Recall: [0.959,0.959,0.775,0.744,0.747,0.413,0.603,0.410,0.422,0.340]
Epoch [38] Testing Results: Prec@1 50.270 Prec@5 91.020             Loss 1.71695
Epoch [38] Testing Class Recall: [0.984,0.972,0.558,0.424,0.458,0.432,0.304,0.504,0.181,0.210]
Epoch [39] Training Results: Prec@1 86.664 Prec@5 99.283             Loss 0.95187
Epoch [39] Training Class Recall: [0.967,0.963,0.797,0.763,0.719,0.499,0.556,0.396,0.482,0.340]
Epoch [39] Testing Results: Prec@1 61.300 Prec@5 93.860             Loss 1.20830
Epoch [39] Testing Class Recall: [0.908,0.980,0.724,0.503,0.558,0.563,0.640,0.530,0.197,0.527]
Epoch [40] Training Results: Prec@1 85.786 Prec@5 99.266             Loss 0.97537
Epoch [40] Training Class Recall: [0.958,0.955,0.786,0.761,0.718,0.439,0.591,0.446,0.349,0.380]
Epoch [40] Testing Results: Prec@1 55.000 Prec@5 89.910             Loss 1.52698
Epoch [40] Testing Class Recall: [0.958,0.985,0.553,0.708,0.344,0.675,0.511,0.407,0.145,0.214]
Epoch [41] Training Results: Prec@1 86.538 Prec@5 99.257             Loss 0.95483
Epoch [41] Training Class Recall: [0.967,0.947,0.787,0.762,0.736,0.501,0.629,0.475,0.482,0.340]
Epoch [41] Testing Results: Prec@1 56.100 Prec@5 87.630             Loss 1.55481
Epoch [41] Testing Class Recall: [0.918,0.996,0.791,0.681,0.566,0.423,0.578,0.495,0.118,0.044]
Epoch [42] Training Results: Prec@1 86.834 Prec@5 99.346             Loss 0.94367
Epoch [42] Training Class Recall: [0.963,0.967,0.792,0.745,0.761,0.488,0.603,0.532,0.506,0.440]
Epoch [42] Testing Results: Prec@1 57.440 Prec@5 90.940             Loss 1.46180
Epoch [42] Testing Class Recall: [0.954,0.925,0.794,0.666,0.487,0.451,0.634,0.510,0.159,0.164]
Epoch [43] Training Results: Prec@1 86.583 Prec@5 99.292             Loss 0.90831
Epoch [43] Training Class Recall: [0.968,0.958,0.798,0.765,0.722,0.457,0.500,0.518,0.566,0.300]
Epoch [43] Testing Results: Prec@1 60.080 Prec@5 92.270             Loss 1.26966
Epoch [43] Testing Class Recall: [0.897,0.986,0.825,0.567,0.714,0.305,0.534,0.273,0.623,0.284]
Epoch [44] Training Results: Prec@1 87.210 Prec@5 99.391             Loss 0.94296
Epoch [44] Training Class Recall: [0.963,0.958,0.820,0.759,0.746,0.519,0.582,0.525,0.530,0.300]
Epoch [44] Testing Results: Prec@1 53.000 Prec@5 92.050             Loss 1.57212
Epoch [44] Testing Class Recall: [0.981,0.935,0.728,0.463,0.679,0.182,0.503,0.456,0.237,0.136]
Epoch [45] Training Results: Prec@1 87.506 Prec@5 99.248             Loss 0.96015
Epoch [45] Training Class Recall: [0.970,0.955,0.817,0.787,0.757,0.457,0.599,0.496,0.398,0.500]
Epoch [45] Testing Results: Prec@1 50.170 Prec@5 89.180             Loss 1.65806
Epoch [45] Testing Class Recall: [0.882,0.981,0.921,0.470,0.532,0.521,0.178,0.193,0.224,0.115]
Epoch [46] Training Results: Prec@1 87.443 Prec@5 99.382             Loss 0.99660
Epoch [46] Training Class Recall: [0.968,0.952,0.806,0.769,0.783,0.525,0.586,0.561,0.446,0.420]
Epoch [46] Testing Results: Prec@1 52.950 Prec@5 90.230             Loss 1.59430
Epoch [46] Testing Class Recall: [0.995,0.949,0.651,0.595,0.547,0.382,0.576,0.235,0.181,0.184]
Epoch [47] Training Results: Prec@1 88.204 Prec@5 99.427             Loss 0.92499
Epoch [47] Training Class Recall: [0.971,0.959,0.816,0.783,0.820,0.525,0.586,0.496,0.542,0.460]
Epoch [47] Testing Results: Prec@1 56.460 Prec@5 91.320             Loss 1.48623
Epoch [47] Testing Class Recall: [0.967,0.985,0.678,0.773,0.582,0.366,0.502,0.425,0.253,0.115]
Epoch [48] Training Results: Prec@1 88.150 Prec@5 99.463             Loss 0.94350
Epoch [48] Training Class Recall: [0.970,0.962,0.826,0.765,0.758,0.550,0.659,0.583,0.470,0.480]
Epoch [48] Testing Results: Prec@1 55.350 Prec@5 90.620             Loss 1.54865
Epoch [48] Testing Class Recall: [0.981,0.965,0.816,0.524,0.542,0.566,0.395,0.427,0.228,0.091]
Epoch [49] Training Results: Prec@1 87.452 Prec@5 99.481             Loss 0.98458
Epoch [49] Training Class Recall: [0.971,0.958,0.800,0.750,0.750,0.525,0.634,0.612,0.506,0.440]
Epoch [49] Testing Results: Prec@1 58.160 Prec@5 89.460             Loss 1.41493
Epoch [49] Testing Class Recall: [0.963,0.960,0.705,0.770,0.737,0.499,0.432,0.462,0.277,0.011]
Epoch [50] Training Results: Prec@1 88.150 Prec@5 99.355             Loss 0.96095
Epoch [50] Training Class Recall: [0.972,0.964,0.835,0.785,0.758,0.460,0.586,0.525,0.614,0.400]
Epoch [50] Testing Results: Prec@1 53.980 Prec@5 90.820             Loss 1.51181
Epoch [50] Testing Class Recall: [0.984,0.972,0.699,0.578,0.641,0.285,0.641,0.232,0.188,0.178]
Epoch [51] Training Results: Prec@1 88.571 Prec@5 99.418             Loss 0.85867
Epoch [51] Training Class Recall: [0.966,0.967,0.832,0.786,0.798,0.532,0.603,0.576,0.639,0.560]
Epoch [51] Testing Results: Prec@1 68.610 Prec@5 94.780             Loss 1.01805
Epoch [51] Testing Class Recall: [0.948,0.958,0.689,0.642,0.717,0.753,0.656,0.407,0.564,0.527]
Epoch [52] Training Results: Prec@1 87.765 Prec@5 99.463             Loss 0.96044
Epoch [52] Training Class Recall: [0.960,0.962,0.831,0.791,0.722,0.512,0.668,0.554,0.530,0.480]
Epoch [52] Testing Results: Prec@1 54.130 Prec@5 90.950             Loss 1.58954
Epoch [52] Testing Class Recall: [0.969,0.977,0.636,0.651,0.342,0.389,0.699,0.308,0.189,0.253]
Epoch [53] Training Results: Prec@1 88.482 Prec@5 99.489             Loss 0.93284
Epoch [53] Training Class Recall: [0.974,0.961,0.831,0.791,0.781,0.465,0.608,0.590,0.590,0.540]
Epoch [53] Testing Results: Prec@1 62.390 Prec@5 93.320             Loss 1.21539
Epoch [53] Testing Class Recall: [0.931,0.969,0.867,0.741,0.671,0.340,0.451,0.293,0.430,0.546]
Epoch [54] Training Results: Prec@1 88.777 Prec@5 99.472             Loss 0.91043
Epoch [54] Training Class Recall: [0.970,0.963,0.840,0.783,0.792,0.501,0.647,0.604,0.590,0.620]
Epoch [54] Testing Results: Prec@1 54.570 Prec@5 89.060             Loss 1.63810
Epoch [54] Testing Class Recall: [0.973,0.939,0.853,0.536,0.526,0.592,0.360,0.372,0.202,0.104]
Epoch [55] Training Results: Prec@1 89.028 Prec@5 99.445             Loss 0.91906
Epoch [55] Training Class Recall: [0.973,0.966,0.838,0.806,0.786,0.496,0.664,0.554,0.566,0.560]
Epoch [55] Testing Results: Prec@1 57.700 Prec@5 91.000             Loss 1.46409
Epoch [55] Testing Class Recall: [0.978,0.976,0.755,0.787,0.508,0.457,0.593,0.178,0.400,0.138]
Epoch [56] Training Results: Prec@1 88.670 Prec@5 99.489             Loss 0.93116
Epoch [56] Training Class Recall: [0.969,0.959,0.845,0.783,0.777,0.532,0.647,0.612,0.554,0.500]
Epoch [56] Testing Results: Prec@1 66.770 Prec@5 93.370             Loss 1.10219
Epoch [56] Testing Class Recall: [0.953,0.988,0.708,0.691,0.788,0.622,0.767,0.429,0.425,0.306]
Epoch [57] Training Results: Prec@1 88.688 Prec@5 99.418             Loss 0.90074
Epoch [57] Training Class Recall: [0.967,0.955,0.848,0.781,0.778,0.579,0.651,0.554,0.554,0.620]
Epoch [57] Testing Results: Prec@1 62.600 Prec@5 91.870             Loss 1.27973
Epoch [57] Testing Class Recall: [0.952,0.991,0.761,0.639,0.756,0.709,0.571,0.478,0.200,0.203]
Epoch [58] Training Results: Prec@1 89.637 Prec@5 99.472             Loss 0.94448
Epoch [58] Training Class Recall: [0.967,0.971,0.857,0.782,0.834,0.576,0.647,0.619,0.699,0.560]
Epoch [58] Testing Results: Prec@1 59.420 Prec@5 94.140             Loss 1.35328
Epoch [58] Testing Class Recall: [0.964,0.976,0.860,0.333,0.616,0.322,0.436,0.540,0.334,0.561]
Epoch [59] Training Results: Prec@1 89.548 Prec@5 99.507             Loss 0.92165
Epoch [59] Training Class Recall: [0.970,0.965,0.847,0.796,0.822,0.587,0.685,0.590,0.566,0.620]
Epoch [59] Testing Results: Prec@1 62.940 Prec@5 92.750             Loss 1.34917
Epoch [59] Testing Class Recall: [0.983,0.966,0.720,0.698,0.700,0.490,0.598,0.596,0.089,0.454]
Epoch [60] Training Results: Prec@1 89.279 Prec@5 99.624             Loss 0.91487
Epoch [60] Training Class Recall: [0.967,0.974,0.827,0.816,0.819,0.548,0.737,0.568,0.542,0.420]
Epoch [60] Testing Results: Prec@1 62.710 Prec@5 93.300             Loss 1.22456
Epoch [60] Testing Class Recall: [0.964,0.962,0.839,0.656,0.592,0.516,0.429,0.465,0.289,0.559]
Epoch [61] Training Results: Prec@1 89.001 Prec@5 99.525             Loss 0.91554
Epoch [61] Training Class Recall: [0.965,0.969,0.842,0.791,0.816,0.525,0.677,0.590,0.578,0.540]
Epoch [61] Testing Results: Prec@1 55.380 Prec@5 90.500             Loss 1.55237
Epoch [61] Testing Class Recall: [0.994,0.933,0.621,0.687,0.687,0.607,0.454,0.206,0.247,0.102]
Epoch [62] Training Results: Prec@1 89.503 Prec@5 99.642             Loss 0.85239
Epoch [62] Training Class Recall: [0.969,0.966,0.853,0.792,0.816,0.576,0.655,0.619,0.639,0.560]
Epoch [62] Testing Results: Prec@1 54.210 Prec@5 92.220             Loss 1.56726
Epoch [62] Testing Class Recall: [0.993,0.742,0.669,0.634,0.424,0.590,0.293,0.391,0.272,0.413]
Epoch [63] Training Results: Prec@1 89.727 Prec@5 99.507             Loss 0.92819
Epoch [63] Training Class Recall: [0.970,0.967,0.843,0.816,0.831,0.548,0.690,0.619,0.663,0.600]
Epoch [63] Testing Results: Prec@1 52.680 Prec@5 88.440             Loss 1.87529
Epoch [63] Testing Class Recall: [0.965,0.995,0.619,0.628,0.534,0.360,0.672,0.306,0.188,0.001]
Epoch [64] Training Results: Prec@1 90.013 Prec@5 99.561             Loss 0.93718
Epoch [64] Training Class Recall: [0.976,0.972,0.838,0.801,0.845,0.532,0.750,0.633,0.675,0.480]
Epoch [64] Testing Results: Prec@1 61.130 Prec@5 91.050             Loss 1.29419
Epoch [64] Testing Class Recall: [0.894,0.989,0.796,0.838,0.680,0.206,0.371,0.460,0.677,0.202]
Epoch [65] Training Results: Prec@1 90.381 Prec@5 99.543             Loss 0.89642
Epoch [65] Training Class Recall: [0.975,0.964,0.855,0.816,0.848,0.605,0.741,0.633,0.590,0.500]
Epoch [65] Testing Results: Prec@1 60.860 Prec@5 92.230             Loss 1.27514
Epoch [65] Testing Class Recall: [0.911,0.987,0.805,0.801,0.779,0.298,0.301,0.314,0.568,0.322]
Epoch [66] Training Results: Prec@1 89.628 Prec@5 99.543             Loss 0.90392
Epoch [66] Training Class Recall: [0.968,0.973,0.841,0.823,0.814,0.532,0.716,0.576,0.675,0.580]
Epoch [66] Testing Results: Prec@1 49.840 Prec@5 91.000             Loss 1.80036
Epoch [66] Testing Class Recall: [0.904,0.986,0.943,0.404,0.407,0.338,0.308,0.376,0.144,0.174]
Epoch [67] Training Results: Prec@1 89.772 Prec@5 99.561             Loss 0.91666
Epoch [67] Training Class Recall: [0.967,0.967,0.881,0.775,0.822,0.563,0.681,0.583,0.759,0.520]
Epoch [67] Testing Results: Prec@1 61.450 Prec@5 93.620             Loss 1.31009
Epoch [67] Testing Class Recall: [0.973,0.961,0.774,0.510,0.514,0.698,0.518,0.528,0.179,0.490]
Epoch [68] Training Results: Prec@1 90.381 Prec@5 99.642             Loss 0.91325
Epoch [68] Training Class Recall: [0.974,0.962,0.871,0.806,0.834,0.594,0.707,0.554,0.759,0.620]
Epoch [68] Testing Results: Prec@1 64.420 Prec@5 90.990             Loss 1.25772
Epoch [68] Testing Class Recall: [0.921,0.981,0.878,0.759,0.697,0.521,0.520,0.528,0.498,0.139]
Epoch [69] Training Results: Prec@1 89.798 Prec@5 99.624             Loss 0.91949
Epoch [69] Training Class Recall: [0.973,0.967,0.835,0.803,0.814,0.612,0.668,0.705,0.687,0.560]
Epoch [69] Testing Results: Prec@1 62.230 Prec@5 92.560             Loss 1.25578
Epoch [69] Testing Class Recall: [0.913,0.972,0.930,0.537,0.655,0.374,0.526,0.673,0.136,0.507]
Epoch [70] Training Results: Prec@1 90.757 Prec@5 99.606             Loss 0.92272
Epoch [70] Training Class Recall: [0.980,0.970,0.861,0.809,0.816,0.615,0.720,0.712,0.675,0.600]
Epoch [70] Testing Results: Prec@1 59.230 Prec@5 92.460             Loss 1.40620
Epoch [70] Testing Class Recall: [0.966,0.992,0.754,0.687,0.474,0.295,0.674,0.397,0.491,0.193]
Epoch [71] Training Results: Prec@1 91.321 Prec@5 99.704             Loss 0.86938
Epoch [71] Training Class Recall: [0.976,0.977,0.884,0.825,0.834,0.618,0.763,0.676,0.675,0.400]
Epoch [71] Testing Results: Prec@1 68.200 Prec@5 93.880             Loss 1.04905
Epoch [71] Testing Class Recall: [0.933,0.978,0.605,0.778,0.685,0.626,0.727,0.611,0.340,0.537]
Epoch [72] Training Results: Prec@1 90.022 Prec@5 99.597             Loss 0.93652
Epoch [72] Training Class Recall: [0.974,0.965,0.861,0.795,0.840,0.602,0.599,0.655,0.627,0.580]
Epoch [72] Testing Results: Prec@1 70.120 Prec@5 95.030             Loss 1.00003
Epoch [72] Testing Class Recall: [0.962,0.964,0.730,0.650,0.707,0.642,0.806,0.598,0.250,0.703]
Epoch [73] Training Results: Prec@1 90.345 Prec@5 99.678             Loss 0.89760
Epoch [73] Training Class Recall: [0.969,0.970,0.850,0.829,0.836,0.646,0.690,0.597,0.735,0.500]
Epoch [73] Testing Results: Prec@1 62.350 Prec@5 92.250             Loss 1.26550
Epoch [73] Testing Class Recall: [0.895,0.982,0.858,0.746,0.742,0.599,0.300,0.535,0.316,0.262]
Epoch [74] Training Results: Prec@1 89.494 Prec@5 99.678             Loss 0.93735
Epoch [74] Training Class Recall: [0.981,0.953,0.837,0.790,0.783,0.550,0.720,0.669,0.759,0.520]
Epoch [74] Testing Results: Prec@1 65.780 Prec@5 93.000             Loss 1.13901
Epoch [74] Testing Class Recall: [0.935,0.985,0.881,0.647,0.676,0.512,0.590,0.574,0.317,0.461]
Epoch [75] Training Results: Prec@1 90.972 Prec@5 99.713             Loss 0.88379
Epoch [75] Training Class Recall: [0.978,0.971,0.864,0.822,0.842,0.620,0.716,0.640,0.735,0.620]
Epoch [75] Testing Results: Prec@1 61.500 Prec@5 93.520             Loss 1.32362
Epoch [75] Testing Class Recall: [0.962,0.970,0.858,0.715,0.510,0.385,0.634,0.524,0.286,0.306]
Epoch [76] Training Results: Prec@1 90.954 Prec@5 99.615             Loss 0.90753
Epoch [76] Training Class Recall: [0.975,0.969,0.871,0.822,0.822,0.636,0.716,0.676,0.747,0.700]
Epoch [76] Testing Results: Prec@1 59.740 Prec@5 92.400             Loss 1.32101
Epoch [76] Testing Class Recall: [0.951,0.997,0.799,0.604,0.675,0.163,0.504,0.507,0.444,0.330]
Epoch [77] Training Results: Prec@1 90.972 Prec@5 99.695             Loss 0.95195
Epoch [77] Training Class Recall: [0.976,0.973,0.882,0.788,0.859,0.605,0.707,0.640,0.783,0.580]
Epoch [77] Testing Results: Prec@1 60.850 Prec@5 92.270             Loss 1.36532
Epoch [77] Testing Class Recall: [0.965,0.987,0.711,0.716,0.673,0.454,0.430,0.506,0.204,0.439]
Epoch [78] Training Results: Prec@1 90.882 Prec@5 99.633             Loss 0.95884
Epoch [78] Training Class Recall: [0.978,0.973,0.865,0.799,0.828,0.630,0.750,0.698,0.711,0.540]
Epoch [78] Testing Results: Prec@1 63.350 Prec@5 93.660             Loss 1.20792
Epoch [78] Testing Class Recall: [0.986,0.945,0.768,0.503,0.610,0.712,0.442,0.325,0.555,0.489]
Epoch [79] Training Results: Prec@1 90.757 Prec@5 99.687             Loss 0.84651
Epoch [79] Training Class Recall: [0.980,0.966,0.874,0.827,0.823,0.605,0.629,0.655,0.639,0.560]
Epoch [79] Testing Results: Prec@1 63.400 Prec@5 94.020             Loss 1.20466
Epoch [79] Testing Class Recall: [0.936,0.986,0.913,0.644,0.645,0.519,0.496,0.503,0.389,0.309]
Epoch [80] Training Results: Prec@1 90.721 Prec@5 99.695             Loss 0.91513
Epoch [80] Training Class Recall: [0.969,0.971,0.874,0.829,0.834,0.610,0.724,0.655,0.687,0.540]
Epoch [80] Testing Results: Prec@1 65.420 Prec@5 94.140             Loss 1.18382
Epoch [80] Testing Class Recall: [0.981,0.963,0.636,0.772,0.641,0.661,0.702,0.416,0.358,0.412]
Epoch [81] Training Results: Prec@1 90.793 Prec@5 99.704             Loss 0.85818
Epoch [81] Training Class Recall: [0.971,0.972,0.857,0.843,0.826,0.618,0.707,0.676,0.735,0.680]
Epoch [81] Testing Results: Prec@1 59.760 Prec@5 89.450             Loss 1.46839
Epoch [81] Testing Class Recall: [0.928,0.995,0.849,0.478,0.853,0.569,0.524,0.411,0.252,0.117]
Epoch [82] Training Results: Prec@1 91.258 Prec@5 99.722             Loss 0.91506
Epoch [82] Training Class Recall: [0.973,0.979,0.888,0.812,0.862,0.620,0.716,0.655,0.639,0.560]
Epoch [82] Testing Results: Prec@1 64.560 Prec@5 90.550             Loss 1.26220
Epoch [82] Testing Class Recall: [0.910,0.977,0.789,0.750,0.835,0.666,0.711,0.238,0.268,0.312]
Epoch [83] Training Results: Prec@1 91.267 Prec@5 99.722             Loss 0.92006
Epoch [83] Training Class Recall: [0.975,0.976,0.867,0.814,0.857,0.636,0.767,0.662,0.735,0.680]
Epoch [83] Testing Results: Prec@1 60.050 Prec@5 89.870             Loss 1.47143
Epoch [83] Testing Class Recall: [0.944,0.991,0.844,0.793,0.600,0.491,0.487,0.588,0.195,0.072]
Epoch [84] Training Results: Prec@1 91.142 Prec@5 99.776             Loss 0.85291
Epoch [84] Training Class Recall: [0.973,0.968,0.870,0.840,0.856,0.605,0.763,0.662,0.747,0.560]
Epoch [84] Testing Results: Prec@1 63.190 Prec@5 93.140             Loss 1.18885
Epoch [84] Testing Class Recall: [0.987,0.980,0.637,0.647,0.722,0.390,0.745,0.374,0.415,0.422]
Epoch [85] Training Results: Prec@1 91.429 Prec@5 99.776             Loss 0.86585
Epoch [85] Training Class Recall: [0.980,0.973,0.872,0.824,0.860,0.646,0.698,0.719,0.614,0.620]
Epoch [85] Testing Results: Prec@1 59.060 Prec@5 89.870             Loss 1.55627
Epoch [85] Testing Class Recall: [0.953,0.991,0.844,0.699,0.453,0.631,0.410,0.489,0.338,0.098]
Epoch [86] Training Results: Prec@1 90.972 Prec@5 99.687             Loss 0.88423
Epoch [86] Training Class Recall: [0.972,0.975,0.876,0.825,0.839,0.581,0.733,0.698,0.687,0.600]
Epoch [86] Testing Results: Prec@1 62.180 Prec@5 91.050             Loss 1.30662
Epoch [86] Testing Class Recall: [0.956,0.991,0.710,0.643,0.872,0.520,0.505,0.592,0.244,0.185]
Epoch [87] Training Results: Prec@1 91.017 Prec@5 99.695             Loss 0.86681
Epoch [87] Training Class Recall: [0.975,0.977,0.864,0.796,0.876,0.654,0.750,0.662,0.687,0.440]
Epoch [87] Testing Results: Prec@1 63.440 Prec@5 94.240             Loss 1.23799
Epoch [87] Testing Class Recall: [0.994,0.969,0.748,0.455,0.658,0.592,0.565,0.620,0.398,0.345]
Epoch [88] Training Results: Prec@1 91.581 Prec@5 99.695             Loss 0.88835
Epoch [88] Training Class Recall: [0.980,0.984,0.866,0.814,0.857,0.625,0.746,0.763,0.687,0.640]
Epoch [88] Testing Results: Prec@1 61.900 Prec@5 90.730             Loss 1.29619
Epoch [88] Testing Class Recall: [0.935,0.969,0.866,0.682,0.681,0.674,0.431,0.285,0.418,0.249]
Epoch [89] Training Results: Prec@1 91.679 Prec@5 99.687             Loss 0.85659
Epoch [89] Training Class Recall: [0.975,0.970,0.880,0.843,0.878,0.628,0.767,0.727,0.651,0.560]
Epoch [89] Testing Results: Prec@1 61.870 Prec@5 91.230             Loss 1.27582
Epoch [89] Testing Class Recall: [0.934,0.986,0.849,0.670,0.552,0.468,0.859,0.282,0.344,0.243]
Epoch [90] Training Results: Prec@1 91.491 Prec@5 99.678             Loss 0.88261
Epoch [90] Training Class Recall: [0.975,0.973,0.867,0.840,0.860,0.646,0.759,0.719,0.663,0.640]
Epoch [90] Testing Results: Prec@1 66.140 Prec@5 93.440             Loss 1.16607
Epoch [90] Testing Class Recall: [0.962,0.985,0.761,0.676,0.649,0.702,0.580,0.624,0.222,0.453]
Epoch [91] Training Results: Prec@1 91.841 Prec@5 99.821             Loss 0.84802
Epoch [91] Training Class Recall: [0.976,0.977,0.875,0.834,0.857,0.705,0.759,0.734,0.651,0.640]
Epoch [91] Testing Results: Prec@1 64.260 Prec@5 93.070             Loss 1.19894
Epoch [91] Testing Class Recall: [0.903,0.986,0.936,0.596,0.697,0.401,0.567,0.515,0.499,0.326]
Epoch [92] Training Results: Prec@1 92.127 Prec@5 99.740             Loss 0.83457
Epoch [92] Training Class Recall: [0.978,0.977,0.894,0.830,0.879,0.659,0.741,0.712,0.735,0.540]
Epoch [92] Testing Results: Prec@1 68.520 Prec@5 93.660             Loss 1.06828
Epoch [92] Testing Class Recall: [0.933,0.949,0.607,0.894,0.735,0.492,0.664,0.674,0.299,0.605]
Epoch [93] Training Results: Prec@1 91.608 Prec@5 99.740             Loss 0.87293
Epoch [93] Training Class Recall: [0.978,0.975,0.864,0.838,0.853,0.659,0.767,0.712,0.759,0.480]
Epoch [93] Testing Results: Prec@1 63.100 Prec@5 92.280             Loss 1.34596
Epoch [93] Testing Class Recall: [0.983,0.966,0.710,0.775,0.661,0.612,0.668,0.423,0.182,0.330]
Epoch [94] Training Results: Prec@1 92.163 Prec@5 99.803             Loss 0.84732
Epoch [94] Training Class Recall: [0.974,0.973,0.891,0.852,0.854,0.698,0.754,0.748,0.699,0.720]
Epoch [94] Testing Results: Prec@1 63.720 Prec@5 92.700             Loss 1.25819
Epoch [94] Testing Class Recall: [0.986,0.981,0.619,0.685,0.706,0.512,0.606,0.626,0.406,0.245]
Epoch [95] Training Results: Prec@1 92.082 Prec@5 99.821             Loss 0.85633
Epoch [95] Training Class Recall: [0.975,0.977,0.870,0.866,0.865,0.656,0.776,0.806,0.699,0.640]
Epoch [95] Testing Results: Prec@1 60.490 Prec@5 90.900             Loss 1.42651
Epoch [95] Testing Class Recall: [0.948,0.995,0.701,0.512,0.766,0.448,0.573,0.587,0.155,0.364]
Epoch [96] Training Results: Prec@1 91.733 Prec@5 99.713             Loss 0.90307
Epoch [96] Training Class Recall: [0.972,0.973,0.886,0.843,0.879,0.674,0.728,0.691,0.663,0.500]
Epoch [96] Testing Results: Prec@1 57.270 Prec@5 91.110             Loss 1.49005
Epoch [96] Testing Class Recall: [0.940,0.998,0.731,0.585,0.718,0.403,0.418,0.474,0.259,0.201]
Epoch [97] Training Results: Prec@1 91.894 Prec@5 99.785             Loss 0.85890
Epoch [97] Training Class Recall: [0.973,0.976,0.892,0.826,0.868,0.672,0.759,0.727,0.699,0.660]
Epoch [97] Testing Results: Prec@1 59.590 Prec@5 90.960             Loss 1.38207
Epoch [97] Testing Class Recall: [0.920,0.990,0.823,0.895,0.491,0.258,0.537,0.397,0.481,0.167]
Epoch [98] Training Results: Prec@1 92.709 Prec@5 99.776             Loss 0.87380
Epoch [98] Training Class Recall: [0.979,0.980,0.894,0.848,0.882,0.690,0.797,0.763,0.723,0.560]
Epoch [98] Testing Results: Prec@1 66.540 Prec@5 94.310             Loss 1.12256
Epoch [98] Testing Class Recall: [0.974,0.972,0.790,0.760,0.598,0.394,0.782,0.483,0.372,0.529]
Epoch [99] Training Results: Prec@1 91.706 Prec@5 99.758             Loss 0.87815
Epoch [99] Training Class Recall: [0.981,0.969,0.891,0.801,0.842,0.672,0.789,0.712,0.699,0.660]
Epoch [99] Testing Results: Prec@1 64.290 Prec@5 91.230             Loss 1.31543
Epoch [99] Testing Class Recall: [0.926,0.992,0.831,0.745,0.554,0.639,0.608,0.691,0.230,0.213]
Epoch [100] Training Results: Prec@1 91.823 Prec@5 99.812             Loss 0.87089
Epoch [100] Training Class Recall: [0.977,0.968,0.891,0.814,0.876,0.643,0.780,0.748,0.699,0.680]
Epoch [100] Testing Results: Prec@1 60.100 Prec@5 91.900             Loss 1.43346
Epoch [100] Testing Class Recall: [0.994,0.940,0.572,0.807,0.609,0.599,0.657,0.481,0.189,0.162]
Epoch [101] Training Results: Prec@1 92.279 Prec@5 99.749             Loss 0.86734
Epoch [101] Training Class Recall: [0.975,0.979,0.890,0.848,0.881,0.659,0.784,0.698,0.783,0.640]
Epoch [101] Testing Results: Prec@1 58.690 Prec@5 89.510             Loss 1.47731
Epoch [101] Testing Class Recall: [0.953,0.979,0.885,0.665,0.730,0.381,0.183,0.341,0.287,0.465]
Epoch [102] Training Results: Prec@1 92.047 Prec@5 99.794             Loss 0.84903
Epoch [102] Training Class Recall: [0.975,0.971,0.900,0.838,0.848,0.667,0.815,0.662,0.747,0.600]
Epoch [102] Testing Results: Prec@1 64.730 Prec@5 91.160             Loss 1.24402
Epoch [102] Testing Class Recall: [0.945,0.989,0.729,0.834,0.821,0.629,0.519,0.231,0.292,0.484]
Epoch [103] Training Results: Prec@1 91.697 Prec@5 99.767             Loss 0.87902
Epoch [103] Training Class Recall: [0.974,0.974,0.886,0.822,0.870,0.677,0.746,0.676,0.747,0.540]
Epoch [103] Testing Results: Prec@1 58.050 Prec@5 91.930             Loss 1.48415
Epoch [103] Testing Class Recall: [0.984,0.975,0.759,0.670,0.562,0.394,0.423,0.431,0.087,0.520]
Epoch [104] Training Results: Prec@1 92.038 Prec@5 99.839             Loss 0.88185
Epoch [104] Training Class Recall: [0.975,0.975,0.889,0.853,0.859,0.649,0.737,0.755,0.675,0.700]
Epoch [104] Testing Results: Prec@1 63.150 Prec@5 92.700             Loss 1.34209
Epoch [104] Testing Class Recall: [0.989,0.977,0.691,0.759,0.736,0.502,0.694,0.603,0.198,0.166]
Epoch [105] Training Results: Prec@1 92.450 Prec@5 99.857             Loss 0.85211
Epoch [105] Training Class Recall: [0.974,0.979,0.899,0.844,0.876,0.703,0.763,0.741,0.711,0.580]
Epoch [105] Testing Results: Prec@1 62.950 Prec@5 89.780             Loss 1.33801
Epoch [105] Testing Class Recall: [0.887,0.984,0.912,0.712,0.664,0.532,0.712,0.308,0.391,0.193]
Epoch [106] Training Results: Prec@1 92.073 Prec@5 99.767             Loss 0.85133
Epoch [106] Training Class Recall: [0.973,0.970,0.894,0.830,0.871,0.734,0.797,0.669,0.735,0.600]
Epoch [106] Testing Results: Prec@1 59.810 Prec@5 93.320             Loss 1.33892
Epoch [106] Testing Class Recall: [0.994,0.960,0.675,0.729,0.580,0.381,0.572,0.459,0.375,0.256]
Epoch [107] Training Results: Prec@1 92.593 Prec@5 99.830             Loss 0.88445
Epoch [107] Training Class Recall: [0.983,0.977,0.891,0.863,0.836,0.724,0.767,0.741,0.687,0.520]
Epoch [107] Testing Results: Prec@1 60.070 Prec@5 88.450             Loss 1.49281
Epoch [107] Testing Class Recall: [0.942,0.994,0.843,0.793,0.523,0.508,0.506,0.571,0.115,0.212]
Epoch [108] Training Results: Prec@1 92.485 Prec@5 99.821             Loss 0.91234
Epoch [108] Training Class Recall: [0.978,0.977,0.894,0.833,0.898,0.669,0.776,0.748,0.723,0.740]
Epoch [108] Testing Results: Prec@1 61.430 Prec@5 91.050             Loss 1.38323
Epoch [108] Testing Class Recall: [0.961,0.990,0.854,0.748,0.553,0.554,0.389,0.627,0.155,0.312]
Epoch [109] Training Results: Prec@1 92.691 Prec@5 99.830             Loss 0.81770
Epoch [109] Training Class Recall: [0.979,0.977,0.900,0.853,0.881,0.685,0.784,0.676,0.699,0.760]
Epoch [109] Testing Results: Prec@1 60.580 Prec@5 93.050             Loss 1.36431
Epoch [109] Testing Class Recall: [0.981,0.987,0.761,0.620,0.628,0.379,0.431,0.651,0.197,0.423]
Epoch [110] Training Results: Prec@1 92.584 Prec@5 99.839             Loss 0.85383
Epoch [110] Training Class Recall: [0.975,0.979,0.885,0.868,0.888,0.685,0.784,0.741,0.771,0.660]
Epoch [110] Testing Results: Prec@1 65.990 Prec@5 92.600             Loss 1.21792
Epoch [110] Testing Class Recall: [0.959,0.989,0.861,0.709,0.708,0.698,0.562,0.515,0.309,0.289]
Epoch [111] Training Results: Prec@1 93.175 Prec@5 99.821             Loss 0.88955
Epoch [111] Training Class Recall: [0.978,0.984,0.906,0.875,0.881,0.687,0.789,0.712,0.759,0.700]
Epoch [111] Testing Results: Prec@1 55.110 Prec@5 91.180             Loss 1.66351
Epoch [111] Testing Class Recall: [0.993,0.969,0.748,0.488,0.734,0.292,0.527,0.367,0.187,0.206]
Epoch [112] Training Results: Prec@1 92.450 Prec@5 99.821             Loss 0.86924
Epoch [112] Training Class Recall: [0.973,0.973,0.905,0.858,0.856,0.724,0.780,0.691,0.747,0.560]
Epoch [112] Testing Results: Prec@1 68.760 Prec@5 94.580             Loss 1.06554
Epoch [112] Testing Class Recall: [0.983,0.965,0.756,0.728,0.607,0.464,0.661,0.687,0.369,0.656]
Epoch [113] Training Results: Prec@1 92.817 Prec@5 99.821             Loss 0.87959
Epoch [113] Training Class Recall: [0.977,0.973,0.906,0.866,0.864,0.726,0.746,0.777,0.663,0.760]
Epoch [113] Testing Results: Prec@1 63.360 Prec@5 89.360             Loss 1.37431
Epoch [113] Testing Class Recall: [0.878,0.992,0.904,0.778,0.724,0.538,0.583,0.335,0.470,0.134]
Epoch [114] Training Results: Prec@1 92.844 Prec@5 99.830             Loss 0.86164
Epoch [114] Training Class Recall: [0.978,0.978,0.896,0.847,0.873,0.731,0.793,0.763,0.831,0.700]
Epoch [114] Testing Results: Prec@1 69.180 Prec@5 93.750             Loss 1.04928
Epoch [114] Testing Class Recall: [0.964,0.974,0.838,0.776,0.786,0.442,0.665,0.360,0.448,0.665]
Epoch [115] Training Results: Prec@1 92.620 Prec@5 99.794             Loss 0.83147
Epoch [115] Training Class Recall: [0.974,0.982,0.887,0.838,0.887,0.721,0.802,0.777,0.747,0.800]
Epoch [115] Testing Results: Prec@1 62.080 Prec@5 92.780             Loss 1.31436
Epoch [115] Testing Class Recall: [0.967,0.980,0.903,0.497,0.591,0.603,0.485,0.347,0.274,0.561]
Epoch [116] Training Results: Prec@1 93.041 Prec@5 99.893             Loss 0.83604
Epoch [116] Training Class Recall: [0.978,0.979,0.904,0.855,0.887,0.716,0.750,0.791,0.795,0.700]
Epoch [116] Testing Results: Prec@1 65.450 Prec@5 94.650             Loss 1.16250
Epoch [116] Testing Class Recall: [0.974,0.983,0.722,0.744,0.776,0.450,0.786,0.519,0.312,0.279]
Epoch [117] Training Results: Prec@1 92.459 Prec@5 99.857             Loss 0.84891
Epoch [117] Training Class Recall: [0.975,0.982,0.913,0.820,0.860,0.721,0.763,0.734,0.711,0.580]
Epoch [117] Testing Results: Prec@1 65.030 Prec@5 92.130             Loss 1.25703
Epoch [117] Testing Class Recall: [0.954,0.983,0.834,0.840,0.697,0.456,0.589,0.384,0.295,0.471]
Epoch [118] Training Results: Prec@1 92.960 Prec@5 99.776             Loss 0.85966
Epoch [118] Training Class Recall: [0.976,0.985,0.911,0.832,0.876,0.721,0.841,0.741,0.675,0.700]
Epoch [118] Testing Results: Prec@1 63.010 Prec@5 91.810             Loss 1.29583
Epoch [118] Testing Class Recall: [0.906,0.995,0.832,0.861,0.672,0.405,0.401,0.417,0.446,0.366]
Epoch [119] Training Results: Prec@1 93.220 Prec@5 99.767             Loss 0.88292
Epoch [119] Training Class Recall: [0.979,0.981,0.911,0.864,0.893,0.726,0.750,0.777,0.675,0.560]
Epoch [119] Testing Results: Prec@1 65.280 Prec@5 91.600             Loss 1.19962
Epoch [119] Testing Class Recall: [0.885,0.996,0.837,0.556,0.616,0.574,0.906,0.362,0.422,0.374]
Epoch [120] Training Results: Prec@1 92.638 Prec@5 99.866             Loss 0.89771
Epoch [120] Training Class Recall: [0.977,0.974,0.895,0.852,0.884,0.705,0.750,0.770,0.783,0.660]
Epoch [120] Testing Results: Prec@1 69.360 Prec@5 94.090             Loss 1.04645
Epoch [120] Testing Class Recall: [0.980,0.968,0.784,0.784,0.685,0.516,0.685,0.705,0.399,0.430]
Epoch [121] Training Results: Prec@1 92.969 Prec@5 99.839             Loss 0.84639
Epoch [121] Training Class Recall: [0.976,0.977,0.899,0.862,0.895,0.713,0.828,0.727,0.783,0.620]
Epoch [121] Testing Results: Prec@1 61.100 Prec@5 91.350             Loss 1.36452
Epoch [121] Testing Class Recall: [0.971,0.972,0.878,0.764,0.670,0.331,0.543,0.545,0.156,0.280]
Epoch [122] Training Results: Prec@1 93.381 Prec@5 99.857             Loss 0.84898
Epoch [122] Training Class Recall: [0.978,0.985,0.902,0.869,0.874,0.736,0.802,0.820,0.735,0.740]
Epoch [122] Testing Results: Prec@1 65.490 Prec@5 93.070             Loss 1.19864
Epoch [122] Testing Class Recall: [0.947,0.991,0.904,0.649,0.676,0.365,0.623,0.486,0.598,0.310]
Epoch [123] Training Results: Prec@1 93.130 Prec@5 99.767             Loss 0.81082
Epoch [123] Training Class Recall: [0.979,0.978,0.903,0.864,0.873,0.770,0.776,0.676,0.771,0.760]
Epoch [123] Testing Results: Prec@1 67.220 Prec@5 94.060             Loss 1.11531
Epoch [123] Testing Class Recall: [0.987,0.980,0.654,0.581,0.836,0.449,0.758,0.558,0.342,0.577]
Epoch [124] Training Results: Prec@1 92.790 Prec@5 99.839             Loss 0.81958
Epoch [124] Training Class Recall: [0.977,0.979,0.892,0.843,0.895,0.726,0.789,0.755,0.783,0.700]
Epoch [124] Testing Results: Prec@1 64.950 Prec@5 93.650             Loss 1.17224
Epoch [124] Testing Class Recall: [0.983,0.978,0.802,0.648,0.753,0.417,0.374,0.685,0.393,0.462]
Epoch [125] Training Results: Prec@1 93.417 Prec@5 99.893             Loss 0.84906
Epoch [125] Training Class Recall: [0.977,0.980,0.908,0.858,0.893,0.767,0.793,0.777,0.747,0.820]
Epoch [125] Testing Results: Prec@1 54.610 Prec@5 89.800             Loss 1.73957
Epoch [125] Testing Class Recall: [0.968,0.987,0.900,0.551,0.472,0.465,0.259,0.431,0.351,0.077]
Epoch [126] Training Results: Prec@1 92.611 Prec@5 99.812             Loss 0.77266
Epoch [126] Training Class Recall: [0.978,0.979,0.891,0.842,0.867,0.713,0.797,0.734,0.831,0.680]
Epoch [126] Testing Results: Prec@1 55.450 Prec@5 89.630             Loss 1.63171
Epoch [126] Testing Class Recall: [0.938,0.992,0.826,0.755,0.591,0.284,0.213,0.630,0.156,0.160]
Epoch [127] Training Results: Prec@1 93.014 Prec@5 99.910             Loss 0.84682
Epoch [127] Training Class Recall: [0.976,0.980,0.908,0.849,0.909,0.711,0.737,0.799,0.747,0.640]
Epoch [127] Testing Results: Prec@1 71.300 Prec@5 95.130             Loss 0.95089
Epoch [127] Testing Class Recall: [0.952,0.992,0.677,0.686,0.757,0.578,0.857,0.702,0.539,0.390]
Epoch [128] Training Results: Prec@1 93.265 Prec@5 99.884             Loss 0.86114
Epoch [128] Training Class Recall: [0.981,0.978,0.890,0.862,0.912,0.729,0.828,0.777,0.711,0.740]
Epoch [128] Testing Results: Prec@1 69.530 Prec@5 92.980             Loss 1.04192
Epoch [128] Testing Class Recall: [0.872,0.980,0.688,0.845,0.790,0.702,0.657,0.588,0.425,0.406]
Epoch [129] Training Results: Prec@1 93.139 Prec@5 99.821             Loss 0.80715
Epoch [129] Training Class Recall: [0.976,0.985,0.890,0.872,0.884,0.752,0.763,0.849,0.723,0.660]
Epoch [129] Testing Results: Prec@1 57.530 Prec@5 89.540             Loss 1.52252
Epoch [129] Testing Class Recall: [0.986,0.993,0.689,0.653,0.610,0.531,0.584,0.360,0.190,0.157]
Epoch [130] Training Results: Prec@1 93.489 Prec@5 99.848             Loss 0.83135
Epoch [130] Training Class Recall: [0.981,0.985,0.904,0.865,0.884,0.757,0.784,0.763,0.819,0.560]
Epoch [130] Testing Results: Prec@1 67.110 Prec@5 93.600             Loss 1.09996
Epoch [130] Testing Class Recall: [0.900,0.987,0.920,0.601,0.611,0.505,0.638,0.734,0.493,0.322]
Epoch [131] Training Results: Prec@1 93.480 Prec@5 99.901             Loss 0.82451
Epoch [131] Training Class Recall: [0.981,0.983,0.905,0.857,0.922,0.705,0.797,0.770,0.747,0.760]
Epoch [131] Testing Results: Prec@1 67.060 Prec@5 92.690             Loss 1.20938
Epoch [131] Testing Class Recall: [0.947,0.991,0.846,0.683,0.688,0.591,0.673,0.661,0.395,0.231]
Epoch [132] Training Results: Prec@1 93.220 Prec@5 99.893             Loss 0.84049
Epoch [132] Training Class Recall: [0.978,0.980,0.905,0.857,0.873,0.736,0.836,0.748,0.831,0.700]
Epoch [132] Testing Results: Prec@1 62.800 Prec@5 91.050             Loss 1.36849
Epoch [132] Testing Class Recall: [0.955,0.991,0.757,0.629,0.700,0.792,0.364,0.655,0.232,0.205]
Epoch [133] Training Results: Prec@1 93.569 Prec@5 99.821             Loss 0.80550
Epoch [133] Training Class Recall: [0.975,0.984,0.911,0.864,0.905,0.760,0.810,0.791,0.783,0.740]
Epoch [133] Testing Results: Prec@1 61.130 Prec@5 90.490             Loss 1.39898
Epoch [133] Testing Class Recall: [0.952,0.993,0.851,0.588,0.760,0.453,0.753,0.343,0.308,0.112]
Epoch [134] Training Results: Prec@1 92.978 Prec@5 99.875             Loss 0.79836
Epoch [134] Training Class Recall: [0.972,0.987,0.902,0.845,0.885,0.757,0.836,0.734,0.699,0.700]
Epoch [134] Testing Results: Prec@1 63.990 Prec@5 93.210             Loss 1.21591
Epoch [134] Testing Class Recall: [0.966,0.980,0.764,0.585,0.476,0.506,0.554,0.510,0.387,0.671]
Epoch [135] Training Results: Prec@1 93.972 Prec@5 99.839             Loss 0.81261
Epoch [135] Training Class Recall: [0.982,0.985,0.909,0.877,0.902,0.734,0.810,0.842,0.771,0.740]
Epoch [135] Testing Results: Prec@1 66.910 Prec@5 93.850             Loss 1.14102
Epoch [135] Testing Class Recall: [0.976,0.987,0.798,0.815,0.653,0.520,0.545,0.558,0.298,0.541]
Epoch [136] Training Results: Prec@1 94.196 Prec@5 99.919             Loss 0.81505
Epoch [136] Training Class Recall: [0.984,0.988,0.914,0.866,0.913,0.736,0.853,0.842,0.783,0.700]
Epoch [136] Testing Results: Prec@1 64.040 Prec@5 91.470             Loss 1.27449
Epoch [136] Testing Class Recall: [0.967,0.990,0.723,0.761,0.610,0.704,0.448,0.491,0.457,0.253]
Epoch [137] Training Results: Prec@1 93.390 Prec@5 99.857             Loss 0.83362
Epoch [137] Training Class Recall: [0.980,0.984,0.892,0.864,0.902,0.755,0.789,0.755,0.843,0.660]
Epoch [137] Testing Results: Prec@1 60.530 Prec@5 88.690             Loss 1.47917
Epoch [137] Testing Class Recall: [0.930,0.966,0.904,0.741,0.714,0.531,0.543,0.315,0.241,0.168]
Epoch [138] Training Results: Prec@1 94.035 Prec@5 99.928             Loss 0.83667
Epoch [138] Training Class Recall: [0.980,0.983,0.908,0.888,0.915,0.729,0.832,0.791,0.819,0.800]
Epoch [138] Testing Results: Prec@1 66.550 Prec@5 91.620             Loss 1.19695
Epoch [138] Testing Class Recall: [0.919,0.994,0.856,0.678,0.721,0.797,0.551,0.369,0.453,0.317]
Epoch [139] Training Results: Prec@1 93.345 Prec@5 99.884             Loss 0.84783
Epoch [139] Training Class Recall: [0.976,0.982,0.904,0.867,0.891,0.736,0.802,0.763,0.855,0.680]
Epoch [139] Testing Results: Prec@1 67.760 Prec@5 93.200             Loss 1.10599
Epoch [139] Testing Class Recall: [0.953,0.992,0.785,0.689,0.774,0.619,0.664,0.632,0.273,0.395]
Epoch [140] Training Results: Prec@1 86.252 Prec@5 99.803             Loss 0.22302
Epoch [140] Training Class Recall: [0.877,0.885,0.818,0.801,0.873,0.837,0.935,0.921,0.904,0.980]
Epoch [140] Testing Results: Prec@1 75.220 Prec@5 97.900             Loss 0.78766
Epoch [140] Testing Class Recall: [0.794,0.954,0.675,0.590,0.673,0.793,0.737,0.881,0.743,0.682]
Epoch [141] Training Results: Prec@1 90.067 Prec@5 99.839             Loss 0.19207
Epoch [141] Training Class Recall: [0.906,0.924,0.882,0.838,0.919,0.891,0.940,0.921,0.976,0.980]
Epoch [141] Testing Results: Prec@1 76.310 Prec@5 97.260             Loss 0.86907
Epoch [141] Testing Class Recall: [0.863,0.912,0.791,0.662,0.794,0.788,0.614,0.741,0.843,0.623]
Epoch [142] Training Results: Prec@1 89.781 Prec@5 99.776             Loss 0.20353
Epoch [142] Training Class Recall: [0.908,0.917,0.869,0.851,0.915,0.871,0.905,0.971,0.904,0.960]
Epoch [142] Testing Results: Prec@1 77.740 Prec@5 97.850             Loss 0.80376
Epoch [142] Testing Class Recall: [0.925,0.949,0.781,0.720,0.717,0.683,0.803,0.817,0.670,0.709]
Epoch [143] Training Results: Prec@1 91.438 Prec@5 99.812             Loss 0.19304
Epoch [143] Training Class Recall: [0.915,0.943,0.900,0.853,0.946,0.886,0.953,0.914,0.988,1.000]
Epoch [143] Testing Results: Prec@1 76.530 Prec@5 97.800             Loss 0.69560
Epoch [143] Testing Class Recall: [0.897,0.902,0.775,0.561,0.639,0.729,0.810,0.789,0.802,0.749]
Epoch [144] Training Results: Prec@1 91.814 Prec@5 99.919             Loss 0.19156
Epoch [144] Training Class Recall: [0.928,0.933,0.897,0.871,0.922,0.899,0.935,0.950,0.976,1.000]
Epoch [144] Testing Results: Prec@1 75.680 Prec@5 97.080             Loss 0.70810
Epoch [144] Testing Class Recall: [0.857,0.943,0.851,0.636,0.699,0.691,0.615,0.654,0.819,0.803]
Epoch [145] Training Results: Prec@1 90.954 Prec@5 99.794             Loss 0.18899
Epoch [145] Training Class Recall: [0.921,0.928,0.888,0.851,0.915,0.889,0.935,0.914,0.964,0.980]
Epoch [145] Testing Results: Prec@1 75.850 Prec@5 97.160             Loss 1.04759
Epoch [145] Testing Class Recall: [0.885,0.971,0.782,0.774,0.823,0.632,0.797,0.826,0.465,0.630]
Epoch [146] Training Results: Prec@1 91.429 Prec@5 99.830             Loss 0.19058
Epoch [146] Training Class Recall: [0.913,0.946,0.901,0.858,0.929,0.894,0.948,0.964,0.976,1.000]
Epoch [146] Testing Results: Prec@1 77.700 Prec@5 97.690             Loss 0.90171
Epoch [146] Testing Class Recall: [0.894,0.985,0.857,0.692,0.818,0.661,0.812,0.682,0.808,0.561]
Epoch [147] Training Results: Prec@1 91.482 Prec@5 99.812             Loss 0.19435
Epoch [147] Training Class Recall: [0.923,0.925,0.889,0.880,0.921,0.910,0.944,0.957,1.000,0.960]
Epoch [147] Testing Results: Prec@1 76.960 Prec@5 97.820             Loss 0.60762
Epoch [147] Testing Class Recall: [0.815,0.936,0.724,0.544,0.672,0.642,0.933,0.792,0.826,0.812]
Epoch [148] Training Results: Prec@1 91.939 Prec@5 99.901             Loss 0.17846
Epoch [148] Training Class Recall: [0.924,0.944,0.895,0.880,0.919,0.886,0.961,0.964,1.000,1.000]
Epoch [148] Testing Results: Prec@1 78.410 Prec@5 98.010             Loss 0.68638
Epoch [148] Testing Class Recall: [0.869,0.974,0.759,0.633,0.790,0.713,0.835,0.722,0.804,0.742]
Epoch [149] Training Results: Prec@1 91.169 Prec@5 99.821             Loss 0.19032
Epoch [149] Training Class Recall: [0.923,0.927,0.889,0.839,0.938,0.879,0.953,0.964,0.988,1.000]
Epoch [149] Testing Results: Prec@1 76.790 Prec@5 97.630             Loss 0.74741
Epoch [149] Testing Class Recall: [0.905,0.931,0.838,0.712,0.736,0.653,0.778,0.667,0.599,0.860]
Epoch [150] Training Results: Prec@1 91.930 Prec@5 99.875             Loss 0.19032
Epoch [150] Training Class Recall: [0.923,0.951,0.901,0.852,0.938,0.902,0.922,0.950,1.000,1.000]
Epoch [150] Testing Results: Prec@1 76.400 Prec@5 97.900             Loss 0.83468
Epoch [150] Testing Class Recall: [0.901,0.931,0.705,0.594,0.730,0.788,0.923,0.661,0.735,0.672]
Epoch [151] Training Results: Prec@1 90.730 Prec@5 99.821             Loss 0.19555
Epoch [151] Training Class Recall: [0.916,0.929,0.875,0.864,0.926,0.873,0.940,0.935,0.988,1.000]
Epoch [151] Testing Results: Prec@1 74.180 Prec@5 97.130             Loss 1.17436
Epoch [151] Testing Class Recall: [0.931,0.972,0.733,0.748,0.789,0.752,0.754,0.557,0.739,0.443]
Epoch [152] Training Results: Prec@1 89.395 Prec@5 99.749             Loss 0.20384
Epoch [152] Training Class Recall: [0.892,0.939,0.869,0.829,0.912,0.853,0.940,0.971,0.988,1.000]
Epoch [152] Testing Results: Prec@1 74.570 Prec@5 97.390             Loss 0.87682
Epoch [152] Testing Class Recall: [0.896,0.936,0.757,0.755,0.801,0.451,0.841,0.650,0.667,0.703]
Epoch [153] Training Results: Prec@1 90.981 Prec@5 99.857             Loss 0.19458
Epoch [153] Training Class Recall: [0.909,0.949,0.887,0.856,0.919,0.891,0.927,0.964,0.988,1.000]
Epoch [153] Testing Results: Prec@1 76.880 Prec@5 97.910             Loss 0.62504
Epoch [153] Testing Class Recall: [0.817,0.887,0.786,0.623,0.841,0.645,0.711,0.720,0.811,0.847]
Epoch [154] Training Results: Prec@1 91.026 Prec@5 99.812             Loss 0.18988
Epoch [154] Training Class Recall: [0.913,0.942,0.891,0.842,0.918,0.897,0.953,0.971,0.988,1.000]
Epoch [154] Testing Results: Prec@1 73.040 Prec@5 96.810             Loss 1.27663
Epoch [154] Testing Class Recall: [0.916,0.966,0.808,0.683,0.834,0.693,0.744,0.638,0.562,0.460]
Epoch [155] Training Results: Prec@1 89.431 Prec@5 99.812             Loss 0.19758
Epoch [155] Training Class Recall: [0.894,0.935,0.864,0.838,0.910,0.868,0.953,0.957,0.988,0.980]
Epoch [155] Testing Results: Prec@1 75.860 Prec@5 97.660             Loss 0.80666
Epoch [155] Testing Class Recall: [0.883,0.923,0.783,0.780,0.782,0.529,0.767,0.780,0.543,0.816]
Epoch [156] Training Results: Prec@1 89.924 Prec@5 99.713             Loss 0.20268
Epoch [156] Training Class Recall: [0.907,0.925,0.861,0.872,0.913,0.842,0.935,0.935,0.964,1.000]
Epoch [156] Testing Results: Prec@1 75.100 Prec@5 97.690             Loss 0.76231
Epoch [156] Testing Class Recall: [0.845,0.936,0.742,0.523,0.634,0.760,0.883,0.773,0.656,0.758]
Epoch [157] Training Results: Prec@1 89.100 Prec@5 99.803             Loss 0.20814
Epoch [157] Training Class Recall: [0.900,0.914,0.856,0.824,0.918,0.876,0.948,0.957,0.964,0.980]
Epoch [157] Testing Results: Prec@1 73.820 Prec@5 96.960             Loss 1.04087
Epoch [157] Testing Class Recall: [0.826,0.939,0.764,0.774,0.568,0.700,0.839,0.718,0.733,0.521]
Epoch [158] Training Results: Prec@1 88.491 Prec@5 99.776             Loss 0.20372
Epoch [158] Training Class Recall: [0.889,0.933,0.841,0.842,0.876,0.832,0.922,0.957,0.988,1.000]
Epoch [158] Testing Results: Prec@1 76.550 Prec@5 97.280             Loss 0.79747
Epoch [158] Testing Class Recall: [0.890,0.943,0.726,0.643,0.820,0.694,0.782,0.644,0.772,0.741]
Epoch [159] Training Results: Prec@1 89.413 Prec@5 99.740             Loss 0.19006
Epoch [159] Training Class Recall: [0.900,0.931,0.848,0.848,0.915,0.868,0.935,0.942,0.964,1.000]
Epoch [159] Testing Results: Prec@1 70.630 Prec@5 97.290             Loss 0.73353
Epoch [159] Testing Class Recall: [0.675,0.847,0.752,0.581,0.391,0.635,0.858,0.874,0.501,0.949]
Epoch [160] Training Results: Prec@1 88.330 Prec@5 99.812             Loss 0.19134
Epoch [160] Training Class Recall: [0.883,0.919,0.878,0.858,0.729,0.928,0.978,0.957,0.976,1.000]
Epoch [160] Testing Results: Prec@1 77.690 Prec@5 98.250             Loss 0.65601
Epoch [160] Testing Class Recall: [0.818,0.943,0.766,0.691,0.589,0.730,0.867,0.858,0.675,0.832]
Epoch [161] Training Results: Prec@1 89.172 Prec@5 99.910             Loss 0.17342
Epoch [161] Training Class Recall: [0.889,0.936,0.880,0.856,0.788,0.910,0.953,0.993,0.988,1.000]
Epoch [161] Testing Results: Prec@1 78.010 Prec@5 98.170             Loss 0.68081
Epoch [161] Testing Class Recall: [0.851,0.955,0.797,0.676,0.629,0.727,0.844,0.863,0.657,0.802]
Epoch [162] Training Results: Prec@1 90.246 Prec@5 99.884             Loss 0.18295
Epoch [162] Training Class Recall: [0.894,0.941,0.892,0.872,0.848,0.928,0.970,0.986,0.988,1.000]
Epoch [162] Testing Results: Prec@1 79.370 Prec@5 98.380             Loss 0.61813
Epoch [162] Testing Class Recall: [0.863,0.949,0.799,0.717,0.683,0.730,0.829,0.816,0.708,0.843]
Epoch [163] Training Results: Prec@1 90.945 Prec@5 99.866             Loss 0.18917
Epoch [163] Training Class Recall: [0.905,0.938,0.892,0.883,0.890,0.910,0.961,0.993,0.976,1.000]
Epoch [163] Testing Results: Prec@1 79.210 Prec@5 98.340             Loss 0.63503
Epoch [163] Testing Class Recall: [0.858,0.951,0.774,0.705,0.707,0.694,0.843,0.869,0.710,0.810]
Epoch [164] Training Results: Prec@1 91.393 Prec@5 99.839             Loss 0.18760
Epoch [164] Training Class Recall: [0.907,0.942,0.900,0.892,0.891,0.920,0.961,0.986,1.000,1.000]
Epoch [164] Testing Results: Prec@1 79.390 Prec@5 98.330             Loss 0.65371
Epoch [164] Testing Class Recall: [0.879,0.954,0.777,0.715,0.732,0.708,0.831,0.850,0.666,0.827]
Epoch [165] Training Results: Prec@1 91.590 Prec@5 99.910             Loss 0.18790
Epoch [165] Training Class Recall: [0.912,0.946,0.896,0.885,0.902,0.920,0.961,0.978,0.988,1.000]
Epoch [165] Testing Results: Prec@1 79.340 Prec@5 98.380             Loss 0.62838
Epoch [165] Testing Class Recall: [0.856,0.956,0.783,0.696,0.722,0.715,0.846,0.841,0.687,0.832]
Epoch [166] Training Results: Prec@1 92.091 Prec@5 99.910             Loss 0.17600
Epoch [166] Training Class Recall: [0.913,0.956,0.902,0.892,0.912,0.933,0.978,0.993,1.000,1.000]
Epoch [166] Testing Results: Prec@1 80.000 Prec@5 98.430             Loss 0.66742
Epoch [166] Testing Class Recall: [0.860,0.965,0.800,0.728,0.774,0.716,0.838,0.820,0.711,0.788]
Epoch [167] Training Results: Prec@1 92.503 Prec@5 99.893             Loss 0.17230
Epoch [167] Training Class Recall: [0.923,0.956,0.897,0.898,0.915,0.930,0.978,0.993,1.000,1.000]
Epoch [167] Testing Results: Prec@1 79.950 Prec@5 98.390             Loss 0.66448
Epoch [167] Testing Class Recall: [0.874,0.964,0.788,0.725,0.761,0.704,0.843,0.845,0.688,0.803]
Epoch [168] Training Results: Prec@1 92.468 Prec@5 99.857             Loss 0.18756
Epoch [168] Training Class Recall: [0.920,0.955,0.903,0.886,0.938,0.933,0.970,0.986,1.000,1.000]
Epoch [168] Testing Results: Prec@1 80.040 Prec@5 98.390             Loss 0.68893
Epoch [168] Testing Class Recall: [0.887,0.964,0.792,0.716,0.763,0.744,0.845,0.808,0.711,0.774]
Epoch [169] Training Results: Prec@1 92.584 Prec@5 99.839             Loss 0.16341
Epoch [169] Training Class Recall: [0.923,0.955,0.901,0.894,0.936,0.920,0.970,0.993,1.000,1.000]
Epoch [169] Testing Results: Prec@1 80.300 Prec@5 98.410             Loss 0.69543
Epoch [169] Testing Class Recall: [0.895,0.972,0.804,0.737,0.802,0.699,0.834,0.834,0.687,0.766]
Epoch [170] Training Results: Prec@1 92.700 Prec@5 99.893             Loss 0.18130
Epoch [170] Training Class Recall: [0.920,0.953,0.908,0.904,0.936,0.933,0.974,0.993,0.988,1.000]
Epoch [170] Testing Results: Prec@1 80.090 Prec@5 98.400             Loss 0.68916
Epoch [170] Testing Class Recall: [0.864,0.972,0.796,0.737,0.781,0.728,0.844,0.810,0.705,0.772]
Epoch [171] Training Results: Prec@1 92.924 Prec@5 99.901             Loss 0.18257
Epoch [171] Training Class Recall: [0.924,0.955,0.896,0.914,0.957,0.933,0.983,0.964,1.000,1.000]
Epoch [171] Testing Results: Prec@1 80.810 Prec@5 98.460             Loss 0.64085
Epoch [171] Testing Class Recall: [0.874,0.959,0.818,0.727,0.797,0.718,0.833,0.819,0.734,0.802]
Epoch [172] Training Results: Prec@1 93.309 Prec@5 99.910             Loss 0.17953
Epoch [172] Training Class Recall: [0.930,0.957,0.904,0.911,0.946,0.938,0.987,1.000,1.000,1.000]
Epoch [172] Testing Results: Prec@1 80.450 Prec@5 98.370             Loss 0.66024
Epoch [172] Testing Class Recall: [0.857,0.973,0.794,0.740,0.798,0.695,0.846,0.842,0.716,0.784]
Epoch [173] Training Results: Prec@1 93.103 Prec@5 99.910             Loss 0.16935
Epoch [173] Training Class Recall: [0.929,0.955,0.902,0.910,0.938,0.935,0.983,1.000,1.000,1.000]
Epoch [173] Testing Results: Prec@1 80.550 Prec@5 98.480             Loss 0.69119
Epoch [173] Testing Class Recall: [0.879,0.973,0.812,0.744,0.789,0.717,0.840,0.823,0.711,0.767]
Epoch [174] Training Results: Prec@1 93.533 Prec@5 99.928             Loss 0.16971
Epoch [174] Training Class Recall: [0.930,0.963,0.912,0.902,0.955,0.951,0.983,1.000,1.000,1.000]
Epoch [174] Testing Results: Prec@1 80.560 Prec@5 98.390             Loss 0.69682
Epoch [174] Testing Class Recall: [0.876,0.967,0.815,0.738,0.807,0.731,0.838,0.796,0.724,0.764]
Epoch [175] Training Results: Prec@1 92.969 Prec@5 99.919             Loss 0.17506
Epoch [175] Training Class Recall: [0.925,0.953,0.908,0.907,0.952,0.915,0.987,0.986,1.000,1.000]
Epoch [175] Testing Results: Prec@1 80.790 Prec@5 98.410             Loss 0.67170
Epoch [175] Testing Class Recall: [0.885,0.966,0.782,0.757,0.803,0.706,0.838,0.846,0.715,0.781]
Epoch [176] Training Results: Prec@1 93.435 Prec@5 99.928             Loss 0.17147
Epoch [176] Training Class Recall: [0.929,0.959,0.914,0.916,0.952,0.912,0.987,0.986,1.000,1.000]
Epoch [176] Testing Results: Prec@1 80.430 Prec@5 98.410             Loss 0.71247
Epoch [176] Testing Class Recall: [0.888,0.970,0.809,0.769,0.805,0.696,0.854,0.775,0.730,0.747]
Epoch [177] Training Results: Prec@1 93.372 Prec@5 99.919             Loss 0.16926
Epoch [177] Training Class Recall: [0.931,0.963,0.908,0.898,0.947,0.941,0.978,0.986,0.988,1.000]
Epoch [177] Testing Results: Prec@1 81.050 Prec@5 98.490             Loss 0.63428
Epoch [177] Testing Class Recall: [0.878,0.957,0.801,0.737,0.813,0.708,0.852,0.815,0.753,0.791]
Epoch [178] Training Results: Prec@1 93.202 Prec@5 99.955             Loss 0.17115
Epoch [178] Training Class Recall: [0.925,0.959,0.910,0.911,0.947,0.938,0.966,1.000,1.000,1.000]
Epoch [178] Testing Results: Prec@1 80.870 Prec@5 98.540             Loss 0.64163
Epoch [178] Testing Class Recall: [0.882,0.971,0.779,0.757,0.823,0.692,0.855,0.800,0.735,0.793]
Epoch [179] Training Results: Prec@1 93.462 Prec@5 99.955             Loss 0.17075
Epoch [179] Training Class Recall: [0.933,0.959,0.908,0.907,0.949,0.925,0.987,1.000,1.000,1.000]
Epoch [179] Testing Results: Prec@1 80.710 Prec@5 98.420             Loss 0.68966
Epoch [179] Testing Class Recall: [0.888,0.961,0.823,0.766,0.795,0.721,0.835,0.802,0.696,0.784]
Epoch [180] Training Results: Prec@1 93.712 Prec@5 99.901             Loss 0.18266
Epoch [180] Training Class Recall: [0.932,0.955,0.913,0.917,0.963,0.964,0.987,0.993,1.000,1.000]
Epoch [180] Testing Results: Prec@1 80.710 Prec@5 98.390             Loss 0.68066
Epoch [180] Testing Class Recall: [0.902,0.963,0.804,0.740,0.786,0.729,0.843,0.802,0.709,0.793]
Epoch [181] Training Results: Prec@1 93.865 Prec@5 99.919             Loss 0.17452
Epoch [181] Training Class Recall: [0.938,0.959,0.910,0.914,0.957,0.946,0.974,0.993,1.000,1.000]
Epoch [181] Testing Results: Prec@1 80.460 Prec@5 98.340             Loss 0.71569
Epoch [181] Testing Class Recall: [0.904,0.969,0.813,0.767,0.835,0.719,0.826,0.772,0.655,0.786]
Epoch [182] Training Results: Prec@1 93.704 Prec@5 99.919             Loss 0.17232
Epoch [182] Training Class Recall: [0.935,0.964,0.908,0.912,0.949,0.925,0.987,0.993,1.000,1.000]
Epoch [182] Testing Results: Prec@1 80.740 Prec@5 98.440             Loss 0.69391
Epoch [182] Testing Class Recall: [0.891,0.971,0.803,0.724,0.789,0.731,0.847,0.834,0.750,0.734]
Epoch [183] Training Results: Prec@1 94.062 Prec@5 99.919             Loss 0.16627
Epoch [183] Training Class Recall: [0.935,0.970,0.915,0.920,0.961,0.933,0.983,0.993,1.000,1.000]
Epoch [183] Testing Results: Prec@1 80.500 Prec@5 98.360             Loss 0.68014
Epoch [183] Testing Class Recall: [0.880,0.972,0.789,0.767,0.794,0.712,0.835,0.809,0.716,0.776]
Epoch [184] Training Results: Prec@1 93.596 Prec@5 99.937             Loss 0.17230
Epoch [184] Training Class Recall: [0.931,0.963,0.904,0.917,0.958,0.946,0.978,0.993,1.000,1.000]
Epoch [184] Testing Results: Prec@1 80.080 Prec@5 98.350             Loss 0.69853
Epoch [184] Testing Class Recall: [0.867,0.977,0.781,0.745,0.788,0.720,0.842,0.835,0.677,0.776]
Epoch [185] Training Results: Prec@1 93.578 Prec@5 99.866             Loss 0.15658
Epoch [185] Training Class Recall: [0.931,0.963,0.904,0.916,0.960,0.935,0.991,1.000,1.000,1.000]
Epoch [185] Testing Results: Prec@1 80.810 Prec@5 98.520             Loss 0.68719
Epoch [185] Testing Class Recall: [0.880,0.970,0.821,0.770,0.800,0.718,0.826,0.802,0.736,0.758]
Epoch [186] Training Results: Prec@1 93.704 Prec@5 99.901             Loss 0.16465
Epoch [186] Training Class Recall: [0.931,0.966,0.908,0.916,0.961,0.938,0.987,1.000,1.000,1.000]
Epoch [186] Testing Results: Prec@1 81.000 Prec@5 98.450             Loss 0.67868
Epoch [186] Testing Class Recall: [0.892,0.970,0.798,0.742,0.827,0.728,0.850,0.804,0.713,0.776]
Epoch [187] Training Results: Prec@1 93.802 Prec@5 99.919             Loss 0.17989
Epoch [187] Training Class Recall: [0.935,0.960,0.912,0.915,0.952,0.956,0.974,1.000,1.000,1.000]
Epoch [187] Testing Results: Prec@1 80.540 Prec@5 98.460             Loss 0.72375
Epoch [187] Testing Class Recall: [0.894,0.975,0.820,0.763,0.798,0.693,0.843,0.828,0.705,0.735]
Epoch [188] Training Results: Prec@1 93.408 Prec@5 99.928             Loss 0.17168
Epoch [188] Training Class Recall: [0.929,0.966,0.906,0.903,0.953,0.928,0.987,1.000,1.000,1.000]
Epoch [188] Testing Results: Prec@1 80.760 Prec@5 98.390             Loss 0.68747
Epoch [188] Testing Class Recall: [0.874,0.974,0.826,0.761,0.792,0.717,0.824,0.828,0.715,0.765]
Epoch [189] Training Results: Prec@1 93.686 Prec@5 99.919             Loss 0.16787
Epoch [189] Training Class Recall: [0.930,0.961,0.920,0.909,0.960,0.941,0.987,0.993,1.000,1.000]
Epoch [189] Testing Results: Prec@1 80.820 Prec@5 98.390             Loss 0.66932
Epoch [189] Testing Class Recall: [0.895,0.968,0.809,0.739,0.837,0.679,0.839,0.815,0.722,0.779]
Epoch [190] Training Results: Prec@1 93.659 Prec@5 99.964             Loss 0.18234
Epoch [190] Training Class Recall: [0.934,0.958,0.913,0.912,0.943,0.943,0.987,1.000,1.000,1.000]
Epoch [190] Testing Results: Prec@1 80.280 Prec@5 98.310             Loss 0.76485
Epoch [190] Testing Class Recall: [0.906,0.980,0.796,0.760,0.813,0.700,0.825,0.844,0.702,0.702]
Epoch [191] Training Results: Prec@1 93.659 Prec@5 99.901             Loss 0.17990
Epoch [191] Training Class Recall: [0.934,0.965,0.907,0.907,0.950,0.941,0.987,1.000,1.000,1.000]
Epoch [191] Testing Results: Prec@1 81.120 Prec@5 98.530             Loss 0.64684
Epoch [191] Testing Class Recall: [0.890,0.966,0.785,0.742,0.824,0.733,0.849,0.801,0.724,0.798]
Epoch [192] Training Results: Prec@1 93.811 Prec@5 99.884             Loss 0.16495
Epoch [192] Training Class Recall: [0.933,0.963,0.916,0.918,0.944,0.948,0.983,0.993,1.000,1.000]
Epoch [192] Testing Results: Prec@1 81.010 Prec@5 98.460             Loss 0.66888
Epoch [192] Testing Class Recall: [0.886,0.967,0.806,0.751,0.812,0.713,0.852,0.818,0.718,0.778]
Epoch [193] Training Results: Prec@1 93.820 Prec@5 99.928             Loss 0.17253
Epoch [193] Training Class Recall: [0.933,0.965,0.910,0.916,0.950,0.956,0.987,0.993,1.000,1.000]
Epoch [193] Testing Results: Prec@1 80.900 Prec@5 98.410             Loss 0.65770
Epoch [193] Testing Class Recall: [0.867,0.960,0.802,0.734,0.815,0.716,0.849,0.827,0.733,0.787]
Epoch [194] Training Results: Prec@1 93.587 Prec@5 99.893             Loss 0.17102
Epoch [194] Training Class Recall: [0.933,0.962,0.908,0.904,0.952,0.948,0.987,0.993,1.000,1.000]
Epoch [194] Testing Results: Prec@1 80.860 Prec@5 98.440             Loss 0.65121
Epoch [194] Testing Class Recall: [0.897,0.965,0.815,0.712,0.788,0.722,0.844,0.819,0.736,0.788]
Epoch [195] Training Results: Prec@1 93.704 Prec@5 99.937             Loss 0.16173
Epoch [195] Training Class Recall: [0.932,0.969,0.902,0.915,0.963,0.943,0.974,0.986,1.000,1.000]
Epoch [195] Testing Results: Prec@1 81.030 Prec@5 98.460             Loss 0.66210
Epoch [195] Testing Class Recall: [0.902,0.967,0.792,0.746,0.836,0.692,0.837,0.835,0.709,0.787]
Epoch [196] Training Results: Prec@1 94.035 Prec@5 99.955             Loss 0.18081
Epoch [196] Training Class Recall: [0.937,0.960,0.919,0.923,0.958,0.938,0.974,0.993,1.000,1.000]
Epoch [196] Testing Results: Prec@1 80.630 Prec@5 98.480             Loss 0.66853
Epoch [196] Testing Class Recall: [0.901,0.962,0.803,0.743,0.784,0.713,0.851,0.792,0.739,0.775]
Epoch [197] Training Results: Prec@1 93.775 Prec@5 99.901             Loss 0.17696
Epoch [197] Training Class Recall: [0.936,0.962,0.911,0.911,0.949,0.951,0.966,0.993,1.000,1.000]
Epoch [197] Testing Results: Prec@1 81.120 Prec@5 98.420             Loss 0.68063
Epoch [197] Testing Class Recall: [0.888,0.971,0.806,0.763,0.822,0.713,0.838,0.813,0.733,0.765]
Epoch [198] Training Results: Prec@1 93.748 Prec@5 99.928             Loss 0.16790
Epoch [198] Training Class Recall: [0.933,0.963,0.909,0.913,0.957,0.948,0.996,0.986,1.000,1.000]
Epoch [198] Testing Results: Prec@1 81.000 Prec@5 98.410             Loss 0.66759
Epoch [198] Testing Class Recall: [0.893,0.969,0.804,0.727,0.837,0.733,0.833,0.787,0.731,0.786]
Epoch [199] Training Results: Prec@1 93.757 Prec@5 99.893             Loss 0.17576
Epoch [199] Training Class Recall: [0.931,0.962,0.911,0.920,0.960,0.941,0.991,1.000,1.000,1.000]
Epoch [199] Testing Results: Prec@1 80.530 Prec@5 98.510             Loss 0.68700
Epoch [199] Testing Class Recall: [0.901,0.962,0.818,0.716,0.773,0.733,0.848,0.818,0.723,0.761]
