Log file: cifar10_sava0.1_mamix_drw_exp0.01_seed42_20260614_161127.log
Run started: 2026-06-14 16:11:27.200409
Dataset: cifar10
Imbalance type: exp, factor: 0.01
Selection method: sava, ratio: 0.1
Strategy: MAMix_DRW, epochs: 200
Seed: 42, rand_number: 0
Augmentation: weak
mixup_alpha: 1.0
mamix_ratio: 1.0
============================================================

=> No CSV or TensorBoard logging – only console and debug log.
-----------------------------------------------
Class ID   | Original   | Selected   | Keep %  
-----------------------------------------------
0          | 5000       | 1043       |   20.9%
1          | 2997       | 7          |    0.2%
2          | 1796       | 61         |    3.4%
3          | 1077       | 41         |    3.8%
4          | 645        | 15         |    2.3%
5          | 387        | 10         |    2.6%
6          | 232        | 16         |    6.9%
7          | 139        | 5          |    3.6%
8          | 83         | 41         |   49.4%
9          | 50         | 1          |    2.0%
-----------------------------------------------
TOTAL      | 12406      | 1240       |   10.0%
-----------------------------------------------
Epoch [0] Training Results: Prec@1 75.887 Prec@5 87.581 Loss 1.30805
Epoch [0] Training Class Recall: [0.899,0.000,0.000,0.000,0.200,0.000,0.000,0.000,0.000,0.000]
Epoch [0] Testing Results: Prec@1 10.000 Prec@5 49.000 Loss 22.62344
Epoch [0] Testing Class Recall: [1.000,0.000,0.000,0.000,0.000,0.000,0.000,0.000,0.000,0.000]
Epoch [1] Training Results: Prec@1 84.355 Prec@5 96.371 Loss 0.71429
Epoch [1] Training Class Recall: [0.996,0.000,0.115,0.000,0.000,0.000,0.000,0.000,0.000,0.000]
Epoch [1] Testing Results: Prec@1 10.000 Prec@5 49.850 Loss 24.92365
Epoch [1] Testing Class Recall: [1.000,0.000,0.000,0.000,0.000,0.000,0.000,0.000,0.000,0.000]
Epoch [2] Training Results: Prec@1 84.274 Prec@5 97.016 Loss 0.49898
Epoch [2] Training Class Recall: [1.000,0.000,0.000,0.049,0.000,0.000,0.000,0.000,0.000,0.000]
Epoch [2] Testing Results: Prec@1 8.310 Prec@5 51.830 Loss 20.38757
Epoch [2] Testing Class Recall: [0.767,0.000,0.000,0.064,0.000,0.000,0.000,0.000,0.000,0.000]
Epoch [3] Training Results: Prec@1 84.435 Prec@5 97.339 Loss 0.45879
Epoch [3] Training Class Recall: [1.000,0.000,0.000,0.098,0.000,0.000,0.000,0.000,0.000,0.000]
Epoch [3] Testing Results: Prec@1 10.000 Prec@5 51.460 Loss 12.53201
Epoch [3] Testing Class Recall: [1.000,0.000,0.000,0.000,0.000,0.000,0.000,0.000,0.000,0.000]
Epoch [4] Training Results: Prec@1 84.032 Prec@5 97.177 Loss 0.48484
Epoch [4] Training Class Recall: [0.999,0.000,0.000,0.000,0.000,0.000,0.000,0.000,0.000,0.000]
Epoch [4] Testing Results: Prec@1 10.000 Prec@5 50.500 Loss 6.93393
Epoch [4] Testing Class Recall: [1.000,0.000,0.000,0.000,0.000,0.000,0.000,0.000,0.000,0.000]
Epoch [5] Training Results: Prec@1 84.113 Prec@5 97.177 Loss 0.48854
Epoch [5] Training Class Recall: [1.000,0.000,0.000,0.000,0.000,0.000,0.000,0.000,0.000,0.000]
Epoch [5] Testing Results: Prec@1 10.000 Prec@5 50.200 Loss 3.92895
Epoch [5] Testing Class Recall: [1.000,0.000,0.000,0.000,0.000,0.000,0.000,0.000,0.000,0.000]
Epoch [6] Training Results: Prec@1 84.113 Prec@5 96.935 Loss 0.56381
Epoch [6] Training Class Recall: [1.000,0.000,0.000,0.000,0.000,0.000,0.000,0.000,0.000,0.000]
Epoch [6] Testing Results: Prec@1 10.000 Prec@5 49.440 Loss 11.46338
Epoch [6] Testing Class Recall: [1.000,0.000,0.000,0.000,0.000,0.000,0.000,0.000,0.000,0.000]
Epoch [7] Training Results: Prec@1 84.113 Prec@5 96.855 Loss 0.61298
Epoch [7] Training Class Recall: [1.000,0.000,0.000,0.000,0.000,0.000,0.000,0.000,0.000,0.000]
Epoch [7] Testing Results: Prec@1 9.990 Prec@5 49.820 Loss 33.20233
Epoch [7] Testing Class Recall: [0.999,0.000,0.000,0.000,0.000,0.000,0.000,0.000,0.000,0.000]
Epoch [8] Training Results: Prec@1 83.871 Prec@5 96.048 Loss 0.49245
Epoch [8] Training Class Recall: [0.997,0.000,0.000,0.000,0.000,0.000,0.000,0.000,0.000,0.000]
Epoch [8] Testing Results: Prec@1 10.000 Prec@5 50.000 Loss 31.66417
Epoch [8] Testing Class Recall: [1.000,0.000,0.000,0.000,0.000,0.000,0.000,0.000,0.000,0.000]
Epoch [9] Training Results: Prec@1 84.113 Prec@5 94.516 Loss 0.52618
Epoch [9] Training Class Recall: [1.000,0.000,0.000,0.000,0.000,0.000,0.000,0.000,0.000,0.000]
Epoch [9] Testing Results: Prec@1 10.000 Prec@5 50.490 Loss 13.78731
Epoch [9] Testing Class Recall: [1.000,0.000,0.000,0.000,0.000,0.000,0.000,0.000,0.000,0.000]
Epoch [10] Training Results: Prec@1 84.113 Prec@5 96.290 Loss 0.45244
Epoch [10] Training Class Recall: [1.000,0.000,0.000,0.000,0.000,0.000,0.000,0.000,0.000,0.000]
Epoch [10] Testing Results: Prec@1 10.000 Prec@5 52.060 Loss 7.98577
Epoch [10] Testing Class Recall: [1.000,0.000,0.000,0.000,0.000,0.000,0.000,0.000,0.000,0.000]
Epoch [11] Training Results: Prec@1 84.113 Prec@5 97.097 Loss 0.41376
Epoch [11] Training Class Recall: [1.000,0.000,0.000,0.000,0.000,0.000,0.000,0.000,0.000,0.000]
Epoch [11] Testing Results: Prec@1 10.000 Prec@5 51.720 Loss 6.48715
Epoch [11] Testing Class Recall: [1.000,0.000,0.000,0.000,0.000,0.000,0.000,0.000,0.000,0.000]
Epoch [12] Training Results: Prec@1 84.194 Prec@5 97.097 Loss 0.39708
Epoch [12] Training Class Recall: [1.000,0.000,0.016,0.000,0.000,0.000,0.000,0.000,0.000,0.000]
Epoch [12] Testing Results: Prec@1 9.360 Prec@5 50.550 Loss 5.40002
Epoch [12] Testing Class Recall: [0.921,0.000,0.015,0.000,0.000,0.000,0.000,0.000,0.000,0.000]
Epoch [13] Training Results: Prec@1 84.274 Prec@5 97.339 Loss 0.39184
Epoch [13] Training Class Recall: [1.000,0.000,0.033,0.000,0.000,0.000,0.000,0.000,0.000,0.000]
Epoch [13] Testing Results: Prec@1 8.880 Prec@5 50.360 Loss 4.86282
Epoch [13] Testing Class Recall: [0.850,0.000,0.038,0.000,0.000,0.000,0.000,0.000,0.000,0.000]
Epoch [14] Training Results: Prec@1 84.435 Prec@5 97.419 Loss 0.40459
Epoch [14] Training Class Recall: [1.000,0.000,0.066,0.000,0.000,0.000,0.000,0.000,0.000,0.000]
Epoch [14] Testing Results: Prec@1 9.670 Prec@5 50.270 Loss 5.12302
Epoch [14] Testing Class Recall: [0.959,0.000,0.008,0.000,0.000,0.000,0.000,0.000,0.000,0.000]
Epoch [15] Training Results: Prec@1 84.274 Prec@5 97.419 Loss 0.39286
Epoch [15] Training Class Recall: [1.000,0.000,0.033,0.000,0.000,0.000,0.000,0.000,0.000,0.000]
Epoch [15] Testing Results: Prec@1 10.000 Prec@5 50.310 Loss 5.37559
Epoch [15] Testing Class Recall: [1.000,0.000,0.000,0.000,0.000,0.000,0.000,0.000,0.000,0.000]
Epoch [16] Training Results: Prec@1 84.274 Prec@5 97.581 Loss 0.39292
Epoch [16] Training Class Recall: [1.000,0.000,0.033,0.000,0.000,0.000,0.000,0.000,0.000,0.000]
Epoch [16] Testing Results: Prec@1 8.870 Prec@5 50.690 Loss 5.11013
Epoch [16] Testing Class Recall: [0.842,0.000,0.045,0.000,0.000,0.000,0.000,0.000,0.000,0.000]
Epoch [17] Training Results: Prec@1 85.565 Prec@5 97.661 Loss 0.40145
Epoch [17] Training Class Recall: [0.999,0.000,0.311,0.000,0.000,0.000,0.000,0.000,0.000,0.000]
Epoch [17] Testing Results: Prec@1 8.790 Prec@5 50.760 Loss 5.51296
Epoch [17] Testing Class Recall: [0.827,0.000,0.052,0.000,0.000,0.000,0.000,0.000,0.000,0.000]
Epoch [18] Training Results: Prec@1 84.597 Prec@5 97.500 Loss 0.40131
Epoch [18] Training Class Recall: [1.000,0.000,0.098,0.000,0.000,0.000,0.000,0.000,0.000,0.000]
Epoch [18] Testing Results: Prec@1 9.530 Prec@5 50.780 Loss 4.97786
Epoch [18] Testing Class Recall: [0.939,0.000,0.014,0.000,0.000,0.000,0.000,0.000,0.000,0.000]
Epoch [19] Training Results: Prec@1 84.919 Prec@5 97.661 Loss 0.38674
Epoch [19] Training Class Recall: [1.000,0.000,0.164,0.000,0.000,0.000,0.000,0.000,0.000,0.000]
Epoch [19] Testing Results: Prec@1 8.500 Prec@5 50.730 Loss 4.86717
Epoch [19] Testing Class Recall: [0.772,0.000,0.078,0.000,0.000,0.000,0.000,0.000,0.000,0.000]
Epoch [20] Training Results: Prec@1 85.484 Prec@5 97.500 Loss 0.39255
Epoch [20] Training Class Recall: [1.000,0.000,0.262,0.024,0.000,0.000,0.000,0.000,0.000,0.000]
Epoch [20] Testing Results: Prec@1 9.580 Prec@5 51.220 Loss 5.15994
Epoch [20] Testing Class Recall: [0.945,0.000,0.013,0.000,0.000,0.000,0.000,0.000,0.000,0.000]
Epoch [21] Training Results: Prec@1 84.758 Prec@5 97.500 Loss 0.38589
Epoch [21] Training Class Recall: [1.000,0.000,0.131,0.000,0.000,0.000,0.000,0.000,0.000,0.000]
Epoch [21] Testing Results: Prec@1 9.800 Prec@5 51.630 Loss 5.61274
Epoch [21] Testing Class Recall: [0.973,0.000,0.007,0.000,0.000,0.000,0.000,0.000,0.000,0.000]
Epoch [22] Training Results: Prec@1 84.677 Prec@5 97.581 Loss 0.38997
Epoch [22] Training Class Recall: [1.000,0.000,0.098,0.024,0.000,0.000,0.000,0.000,0.000,0.000]
Epoch [22] Testing Results: Prec@1 8.450 Prec@5 51.060 Loss 5.04718
Epoch [22] Testing Class Recall: [0.793,0.000,0.052,0.000,0.000,0.000,0.000,0.000,0.000,0.000]
Epoch [23] Training Results: Prec@1 85.000 Prec@5 97.742 Loss 0.37122
Epoch [23] Training Class Recall: [1.000,0.000,0.180,0.000,0.000,0.000,0.000,0.000,0.000,0.000]
Epoch [23] Testing Results: Prec@1 8.570 Prec@5 50.670 Loss 5.09382
Epoch [23] Testing Class Recall: [0.821,0.000,0.036,0.000,0.000,0.000,0.000,0.000,0.000,0.000]
Epoch [24] Training Results: Prec@1 84.274 Prec@5 97.823 Loss 0.37655
Epoch [24] Training Class Recall: [1.000,0.000,0.033,0.000,0.000,0.000,0.000,0.000,0.000,0.000]
Epoch [24] Testing Results: Prec@1 9.430 Prec@5 51.360 Loss 4.96830
Epoch [24] Testing Class Recall: [0.930,0.000,0.013,0.000,0.000,0.000,0.000,0.000,0.000,0.000]
Epoch [25] Training Results: Prec@1 85.081 Prec@5 97.742 Loss 0.39654
Epoch [25] Training Class Recall: [0.999,0.000,0.213,0.000,0.000,0.000,0.000,0.000,0.000,0.000]
Epoch [25] Testing Results: Prec@1 9.980 Prec@5 51.240 Loss 5.39668
Epoch [25] Testing Class Recall: [0.998,0.000,0.000,0.000,0.000,0.000,0.000,0.000,0.000,0.000]
Epoch [26] Training Results: Prec@1 84.274 Prec@5 97.984 Loss 0.39207
Epoch [26] Training Class Recall: [1.000,0.000,0.033,0.000,0.000,0.000,0.000,0.000,0.000,0.000]
Epoch [26] Testing Results: Prec@1 9.400 Prec@5 52.380 Loss 4.55982
Epoch [26] Testing Class Recall: [0.919,0.000,0.021,0.000,0.000,0.000,0.000,0.000,0.000,0.000]
Epoch [27] Training Results: Prec@1 84.274 Prec@5 97.742 Loss 0.37265
Epoch [27] Training Class Recall: [1.000,0.000,0.033,0.000,0.000,0.000,0.000,0.000,0.000,0.000]
Epoch [27] Testing Results: Prec@1 9.960 Prec@5 51.640 Loss 4.94722
Epoch [27] Testing Class Recall: [0.996,0.000,0.000,0.000,0.000,0.000,0.000,0.000,0.000,0.000]
Epoch [28] Training Results: Prec@1 84.677 Prec@5 98.387 Loss 0.35755
Epoch [28] Training Class Recall: [1.000,0.000,0.098,0.024,0.000,0.000,0.000,0.000,0.000,0.000]
Epoch [28] Testing Results: Prec@1 9.130 Prec@5 52.810 Loss 5.64962
Epoch [28] Testing Class Recall: [0.886,0.000,0.026,0.001,0.000,0.000,0.000,0.000,0.000,0.000]
Epoch [29] Training Results: Prec@1 86.210 Prec@5 98.306 Loss 0.34453
Epoch [29] Training Class Recall: [0.999,0.000,0.246,0.220,0.000,0.000,0.000,0.000,0.073,0.000]
Epoch [29] Testing Results: Prec@1 9.670 Prec@5 52.400 Loss 5.38532
Epoch [29] Testing Class Recall: [0.954,0.000,0.006,0.001,0.000,0.000,0.000,0.000,0.006,0.000]
Epoch [30] Training Results: Prec@1 84.758 Prec@5 98.306 Loss 0.39291
Epoch [30] Training Class Recall: [1.000,0.000,0.000,0.195,0.000,0.000,0.000,0.000,0.000,0.000]
Epoch [30] Testing Results: Prec@1 10.000 Prec@5 51.940 Loss 5.06405
Epoch [30] Testing Class Recall: [1.000,0.000,0.000,0.000,0.000,0.000,0.000,0.000,0.000,0.000]
Epoch [31] Training Results: Prec@1 84.355 Prec@5 98.145 Loss 0.37920
Epoch [31] Training Class Recall: [1.000,0.000,0.049,0.000,0.000,0.000,0.000,0.000,0.000,0.000]
Epoch [31] Testing Results: Prec@1 9.570 Prec@5 51.600 Loss 5.10269
Epoch [31] Testing Class Recall: [0.936,0.000,0.021,0.000,0.000,0.000,0.000,0.000,0.000,0.000]
Epoch [32] Training Results: Prec@1 85.242 Prec@5 98.226 Loss 0.36474
Epoch [32] Training Class Recall: [1.000,0.000,0.213,0.000,0.000,0.000,0.000,0.000,0.024,0.000]
Epoch [32] Testing Results: Prec@1 9.500 Prec@5 51.910 Loss 4.66705
Epoch [32] Testing Class Recall: [0.725,0.000,0.069,0.029,0.000,0.000,0.000,0.000,0.127,0.000]
Epoch [33] Training Results: Prec@1 85.403 Prec@5 98.065 Loss 0.36330
Epoch [33] Training Class Recall: [1.000,0.000,0.180,0.049,0.000,0.000,0.000,0.000,0.073,0.000]
Epoch [33] Testing Results: Prec@1 9.950 Prec@5 52.770 Loss 5.54358
Epoch [33] Testing Class Recall: [0.995,0.000,0.000,0.000,0.000,0.000,0.000,0.000,0.000,0.000]
Epoch [34] Training Results: Prec@1 85.000 Prec@5 98.387 Loss 0.37357
Epoch [34] Training Class Recall: [1.000,0.000,0.164,0.000,0.000,0.000,0.000,0.000,0.024,0.000]
Epoch [34] Testing Results: Prec@1 10.110 Prec@5 53.860 Loss 5.33889
Epoch [34] Testing Class Recall: [0.796,0.000,0.024,0.019,0.000,0.000,0.000,0.000,0.172,0.000]
Epoch [35] Training Results: Prec@1 85.726 Prec@5 97.903 Loss 0.39244
Epoch [35] Training Class Recall: [0.999,0.000,0.230,0.146,0.000,0.000,0.000,0.000,0.024,0.000]
Epoch [35] Testing Results: Prec@1 9.810 Prec@5 53.450 Loss 4.81820
Epoch [35] Testing Class Recall: [0.927,0.000,0.023,0.000,0.000,0.000,0.000,0.000,0.031,0.000]
Epoch [36] Training Results: Prec@1 85.323 Prec@5 98.145 Loss 0.37464
Epoch [36] Training Class Recall: [1.000,0.000,0.213,0.000,0.000,0.000,0.000,0.000,0.049,0.000]
Epoch [36] Testing Results: Prec@1 9.840 Prec@5 54.510 Loss 6.01233
Epoch [36] Testing Class Recall: [0.961,0.000,0.009,0.000,0.000,0.000,0.000,0.000,0.014,0.000]
Epoch [37] Training Results: Prec@1 85.887 Prec@5 98.065 Loss 0.36548
Epoch [37] Training Class Recall: [1.000,0.000,0.246,0.000,0.000,0.000,0.000,0.000,0.171,0.000]
Epoch [37] Testing Results: Prec@1 9.710 Prec@5 53.790 Loss 5.06748
Epoch [37] Testing Class Recall: [0.906,0.000,0.035,0.000,0.000,0.000,0.000,0.000,0.030,0.000]
Epoch [38] Training Results: Prec@1 84.274 Prec@5 98.065 Loss 0.37244
Epoch [38] Training Class Recall: [1.000,0.000,0.016,0.000,0.000,0.000,0.000,0.000,0.024,0.000]
Epoch [38] Testing Results: Prec@1 10.730 Prec@5 54.020 Loss 4.95719
Epoch [38] Testing Class Recall: [0.971,0.000,0.000,0.000,0.000,0.000,0.000,0.000,0.102,0.000]
Epoch [39] Training Results: Prec@1 84.274 Prec@5 98.871 Loss 0.34523
Epoch [39] Training Class Recall: [1.000,0.000,0.033,0.000,0.000,0.000,0.000,0.000,0.000,0.000]
Epoch [39] Testing Results: Prec@1 9.540 Prec@5 55.180 Loss 5.45424
Epoch [39] Testing Class Recall: [0.908,0.000,0.022,0.001,0.000,0.000,0.000,0.000,0.023,0.000]
Epoch [40] Training Results: Prec@1 86.452 Prec@5 98.710 Loss 0.37350
Epoch [40] Training Class Recall: [0.999,0.000,0.311,0.171,0.000,0.000,0.000,0.000,0.098,0.000]
Epoch [40] Testing Results: Prec@1 9.550 Prec@5 55.990 Loss 5.49788
Epoch [40] Testing Class Recall: [0.907,0.000,0.009,0.014,0.000,0.000,0.000,0.000,0.025,0.000]
Epoch [41] Training Results: Prec@1 85.806 Prec@5 98.710 Loss 0.37044
Epoch [41] Training Class Recall: [1.000,0.000,0.180,0.122,0.000,0.000,0.000,0.000,0.122,0.000]
Epoch [41] Testing Results: Prec@1 9.860 Prec@5 55.350 Loss 5.40087
Epoch [41] Testing Class Recall: [0.976,0.000,0.004,0.006,0.000,0.000,0.000,0.000,0.000,0.000]
Epoch [42] Training Results: Prec@1 85.161 Prec@5 98.871 Loss 0.36161
Epoch [42] Training Class Recall: [1.000,0.000,0.164,0.049,0.000,0.000,0.000,0.000,0.024,0.000]
Epoch [42] Testing Results: Prec@1 10.120 Prec@5 56.100 Loss 4.85242
Epoch [42] Testing Class Recall: [0.829,0.000,0.025,0.019,0.000,0.000,0.000,0.000,0.139,0.000]
Epoch [43] Training Results: Prec@1 85.403 Prec@5 98.790 Loss 0.35881
Epoch [43] Training Class Recall: [1.000,0.000,0.148,0.024,0.000,0.000,0.000,0.000,0.146,0.000]
Epoch [43] Testing Results: Prec@1 9.630 Prec@5 56.500 Loss 5.41258
Epoch [43] Testing Class Recall: [0.909,0.000,0.026,0.006,0.000,0.000,0.000,0.000,0.022,0.000]
Epoch [44] Training Results: Prec@1 85.887 Prec@5 98.629 Loss 0.36734
Epoch [44] Training Class Recall: [1.000,0.000,0.230,0.098,0.000,0.000,0.000,0.000,0.098,0.000]
Epoch [44] Testing Results: Prec@1 10.200 Prec@5 56.290 Loss 5.03305
Epoch [44] Testing Class Recall: [0.947,0.000,0.005,0.009,0.000,0.000,0.000,0.000,0.059,0.000]
Epoch [45] Training Results: Prec@1 84.355 Prec@5 98.790 Loss 0.36032
Epoch [45] Training Class Recall: [1.000,0.000,0.016,0.049,0.000,0.000,0.000,0.000,0.000,0.000]
Epoch [45] Testing Results: Prec@1 9.720 Prec@5 56.070 Loss 4.59193
Epoch [45] Testing Class Recall: [0.917,0.000,0.000,0.025,0.000,0.000,0.000,0.000,0.030,0.000]
Epoch [46] Training Results: Prec@1 84.597 Prec@5 99.113 Loss 0.35378
Epoch [46] Training Class Recall: [1.000,0.000,0.082,0.024,0.000,0.000,0.000,0.000,0.000,0.000]
Epoch [46] Testing Results: Prec@1 9.130 Prec@5 55.100 Loss 4.76831
Epoch [46] Testing Class Recall: [0.738,0.000,0.042,0.038,0.000,0.000,0.000,0.000,0.095,0.000]
Epoch [47] Training Results: Prec@1 85.726 Prec@5 98.790 Loss 0.36276
Epoch [47] Training Class Recall: [0.996,0.000,0.197,0.098,0.000,0.000,0.000,0.000,0.195,0.000]
Epoch [47] Testing Results: Prec@1 9.820 Prec@5 55.960 Loss 5.52872
Epoch [47] Testing Class Recall: [0.959,0.000,0.023,0.000,0.000,0.000,0.000,0.000,0.000,0.000]
Epoch [48] Training Results: Prec@1 85.565 Prec@5 98.629 Loss 0.35811
Epoch [48] Training Class Recall: [0.998,0.000,0.295,0.000,0.000,0.000,0.000,0.000,0.049,0.000]
Epoch [48] Testing Results: Prec@1 10.770 Prec@5 56.610 Loss 4.73865
Epoch [48] Testing Class Recall: [0.854,0.000,0.022,0.010,0.000,0.000,0.000,0.000,0.191,0.000]
Epoch [49] Training Results: Prec@1 85.565 Prec@5 98.790 Loss 0.35806
Epoch [49] Training Class Recall: [1.000,0.000,0.213,0.049,0.000,0.000,0.000,0.000,0.073,0.000]
Epoch [49] Testing Results: Prec@1 9.680 Prec@5 57.200 Loss 4.93335
Epoch [49] Testing Class Recall: [0.876,0.000,0.063,0.010,0.000,0.000,0.000,0.000,0.019,0.000]
Epoch [50] Training Results: Prec@1 86.613 Prec@5 99.194 Loss 0.34415
Epoch [50] Training Class Recall: [1.000,0.000,0.377,0.073,0.000,0.000,0.000,0.000,0.122,0.000]
Epoch [50] Testing Results: Prec@1 9.140 Prec@5 58.250 Loss 5.50165
Epoch [50] Testing Class Recall: [0.844,0.000,0.040,0.013,0.000,0.000,0.000,0.000,0.017,0.000]
Epoch [51] Training Results: Prec@1 86.210 Prec@5 98.952 Loss 0.36940
Epoch [51] Training Class Recall: [1.000,0.000,0.328,0.146,0.000,0.000,0.000,0.000,0.000,0.000]
Epoch [51] Testing Results: Prec@1 10.500 Prec@5 57.790 Loss 4.56992
Epoch [51] Testing Class Recall: [0.830,0.000,0.069,0.012,0.000,0.000,0.000,0.000,0.139,0.000]
Epoch [52] Training Results: Prec@1 85.242 Prec@5 98.952 Loss 0.36999
Epoch [52] Training Class Recall: [1.000,0.000,0.213,0.024,0.000,0.000,0.000,0.000,0.000,0.000]
Epoch [52] Testing Results: Prec@1 9.830 Prec@5 57.720 Loss 4.72187
Epoch [52] Testing Class Recall: [0.900,0.000,0.018,0.022,0.000,0.000,0.000,0.000,0.043,0.000]
Epoch [53] Training Results: Prec@1 85.968 Prec@5 98.710 Loss 0.34178
Epoch [53] Training Class Recall: [0.999,0.000,0.262,0.098,0.000,0.000,0.000,0.000,0.098,0.000]
Epoch [53] Testing Results: Prec@1 10.400 Prec@5 58.420 Loss 4.76937
Epoch [53] Testing Class Recall: [0.860,0.000,0.033,0.013,0.000,0.000,0.000,0.000,0.134,0.000]
Epoch [54] Training Results: Prec@1 87.823 Prec@5 98.871 Loss 0.34448
Epoch [54] Training Class Recall: [0.999,0.000,0.508,0.146,0.000,0.000,0.000,0.000,0.244,0.000]
Epoch [54] Testing Results: Prec@1 9.470 Prec@5 58.750 Loss 4.72893
Epoch [54] Testing Class Recall: [0.799,0.000,0.048,0.029,0.000,0.000,0.000,0.000,0.071,0.000]
Epoch [55] Training Results: Prec@1 85.726 Prec@5 99.194 Loss 0.35463
Epoch [55] Training Class Recall: [0.999,0.000,0.213,0.073,0.000,0.000,0.000,0.000,0.122,0.000]
Epoch [55] Testing Results: Prec@1 10.050 Prec@5 58.730 Loss 4.89158
Epoch [55] Testing Class Recall: [0.829,0.000,0.040,0.017,0.000,0.000,0.000,0.000,0.119,0.000]
Epoch [56] Training Results: Prec@1 85.161 Prec@5 98.952 Loss 0.33875
Epoch [56] Training Class Recall: [1.000,0.000,0.148,0.049,0.000,0.000,0.000,0.000,0.049,0.000]
Epoch [56] Testing Results: Prec@1 10.480 Prec@5 60.140 Loss 4.56898
Epoch [56] Testing Class Recall: [0.826,0.001,0.036,0.011,0.000,0.000,0.000,0.000,0.174,0.000]
Epoch [57] Training Results: Prec@1 85.081 Prec@5 99.274 Loss 0.35420
Epoch [57] Training Class Recall: [1.000,0.000,0.131,0.000,0.000,0.000,0.000,0.000,0.098,0.000]
Epoch [57] Testing Results: Prec@1 9.780 Prec@5 59.000 Loss 5.07764
Epoch [57] Testing Class Recall: [0.818,0.000,0.049,0.017,0.000,0.000,0.000,0.000,0.094,0.000]
Epoch [58] Training Results: Prec@1 86.532 Prec@5 99.032 Loss 0.34722
Epoch [58] Training Class Recall: [1.000,0.000,0.328,0.244,0.000,0.000,0.000,0.000,0.000,0.000]
Epoch [58] Testing Results: Prec@1 9.750 Prec@5 58.500 Loss 5.10477
Epoch [58] Testing Class Recall: [0.915,0.000,0.021,0.005,0.000,0.000,0.000,0.000,0.034,0.000]
Epoch [59] Training Results: Prec@1 86.935 Prec@5 99.032 Loss 0.38364
Epoch [59] Training Class Recall: [1.000,0.000,0.344,0.024,0.000,0.000,0.000,0.000,0.317,0.000]
Epoch [59] Testing Results: Prec@1 9.480 Prec@5 58.870 Loss 4.98949
Epoch [59] Testing Class Recall: [0.887,0.000,0.048,0.002,0.000,0.000,0.000,0.000,0.011,0.000]
Epoch [60] Training Results: Prec@1 85.726 Prec@5 99.032 Loss 0.38198
Epoch [60] Training Class Recall: [1.000,0.000,0.246,0.122,0.000,0.000,0.000,0.000,0.000,0.000]
Epoch [60] Testing Results: Prec@1 10.000 Prec@5 58.990 Loss 5.04377
Epoch [60] Testing Class Recall: [1.000,0.000,0.000,0.000,0.000,0.000,0.000,0.000,0.000,0.000]
Epoch [61] Training Results: Prec@1 84.435 Prec@5 99.194 Loss 0.37482
Epoch [61] Training Class Recall: [1.000,0.000,0.016,0.073,0.000,0.000,0.000,0.000,0.000,0.000]
Epoch [61] Testing Results: Prec@1 9.910 Prec@5 57.830 Loss 4.83164
Epoch [61] Testing Class Recall: [0.910,0.001,0.019,0.022,0.000,0.000,0.000,0.000,0.039,0.000]
Epoch [62] Training Results: Prec@1 86.774 Prec@5 99.113 Loss 0.33431
Epoch [62] Training Class Recall: [1.000,0.143,0.377,0.146,0.000,0.000,0.000,0.000,0.073,0.000]
Epoch [62] Testing Results: Prec@1 10.120 Prec@5 57.700 Loss 4.73594
Epoch [62] Testing Class Recall: [0.794,0.014,0.029,0.041,0.000,0.000,0.000,0.000,0.134,0.000]
Epoch [63] Training Results: Prec@1 87.016 Prec@5 98.952 Loss 0.36021
Epoch [63] Training Class Recall: [1.000,0.000,0.361,0.220,0.000,0.000,0.000,0.000,0.122,0.000]
Epoch [63] Testing Results: Prec@1 10.730 Prec@5 58.400 Loss 4.47862
Epoch [63] Testing Class Recall: [0.752,0.001,0.064,0.033,0.000,0.000,0.000,0.000,0.223,0.000]
Epoch [64] Training Results: Prec@1 85.484 Prec@5 99.113 Loss 0.34291
Epoch [64] Training Class Recall: [1.000,0.000,0.148,0.073,0.000,0.000,0.000,0.000,0.122,0.000]
Epoch [64] Testing Results: Prec@1 9.600 Prec@5 59.020 Loss 4.82857
Epoch [64] Testing Class Recall: [0.905,0.000,0.010,0.019,0.000,0.000,0.000,0.000,0.026,0.000]
Epoch [65] Training Results: Prec@1 85.403 Prec@5 99.032 Loss 0.33900
Epoch [65] Training Class Recall: [1.000,0.000,0.066,0.122,0.000,0.000,0.000,0.000,0.171,0.000]
Epoch [65] Testing Results: Prec@1 10.740 Prec@5 59.440 Loss 4.76273
Epoch [65] Testing Class Recall: [0.827,0.000,0.083,0.015,0.000,0.000,0.000,0.000,0.149,0.000]
Epoch [66] Training Results: Prec@1 86.774 Prec@5 99.355 Loss 0.36670
Epoch [66] Training Class Recall: [0.999,0.000,0.311,0.073,0.000,0.000,0.000,0.000,0.293,0.000]
Epoch [66] Testing Results: Prec@1 10.330 Prec@5 60.010 Loss 4.40708
Epoch [66] Testing Class Recall: [0.780,0.011,0.031,0.024,0.000,0.000,0.000,0.000,0.187,0.000]
Epoch [67] Training Results: Prec@1 85.000 Prec@5 99.435 Loss 0.33263
Epoch [67] Training Class Recall: [1.000,0.000,0.131,0.000,0.000,0.000,0.000,0.000,0.073,0.000]
Epoch [67] Testing Results: Prec@1 10.840 Prec@5 60.010 Loss 5.10988
Epoch [67] Testing Class Recall: [0.968,0.005,0.003,0.005,0.000,0.001,0.000,0.000,0.102,0.000]
Epoch [68] Training Results: Prec@1 85.645 Prec@5 99.113 Loss 0.33893
Epoch [68] Training Class Recall: [0.999,0.000,0.098,0.073,0.000,0.000,0.000,0.000,0.268,0.000]
Epoch [68] Testing Results: Prec@1 11.310 Prec@5 60.370 Loss 5.04512
Epoch [68] Testing Class Recall: [0.891,0.008,0.004,0.021,0.000,0.000,0.000,0.000,0.207,0.000]
Epoch [69] Training Results: Prec@1 86.290 Prec@5 99.435 Loss 0.32251
Epoch [69] Training Class Recall: [1.000,0.000,0.131,0.122,0.000,0.000,0.000,0.000,0.341,0.000]
Epoch [69] Testing Results: Prec@1 10.190 Prec@5 59.310 Loss 4.68509
Epoch [69] Testing Class Recall: [0.739,0.001,0.062,0.050,0.000,0.000,0.000,0.000,0.167,0.000]
Epoch [70] Training Results: Prec@1 86.774 Prec@5 99.516 Loss 0.35796
Epoch [70] Training Class Recall: [1.000,0.000,0.344,0.171,0.000,0.000,0.000,0.000,0.122,0.000]
Epoch [70] Testing Results: Prec@1 10.200 Prec@5 58.480 Loss 4.98027
Epoch [70] Testing Class Recall: [0.972,0.005,0.005,0.004,0.000,0.000,0.000,0.000,0.034,0.000]
Epoch [71] Training Results: Prec@1 84.435 Prec@5 99.194 Loss 0.34703
Epoch [71] Training Class Recall: [1.000,0.286,0.016,0.000,0.000,0.000,0.000,0.000,0.024,0.000]
Epoch [71] Testing Results: Prec@1 10.520 Prec@5 60.340 Loss 4.62145
Epoch [71] Testing Class Recall: [0.912,0.014,0.016,0.007,0.000,0.000,0.000,0.000,0.103,0.000]
Epoch [72] Training Results: Prec@1 85.806 Prec@5 99.274 Loss 0.35164
Epoch [72] Training Class Recall: [1.000,0.000,0.295,0.000,0.000,0.000,0.000,0.000,0.073,0.000]
Epoch [72] Testing Results: Prec@1 11.680 Prec@5 60.340 Loss 4.50272
Epoch [72] Testing Class Recall: [0.766,0.000,0.174,0.005,0.000,0.000,0.000,0.000,0.223,0.000]
Epoch [73] Training Results: Prec@1 86.371 Prec@5 99.113 Loss 0.35178
Epoch [73] Training Class Recall: [1.000,0.000,0.295,0.073,0.000,0.000,0.000,0.000,0.171,0.000]
Epoch [73] Testing Results: Prec@1 9.890 Prec@5 61.410 Loss 5.32779
Epoch [73] Testing Class Recall: [0.963,0.014,0.009,0.003,0.000,0.000,0.000,0.000,0.000,0.000]
Epoch [74] Training Results: Prec@1 85.323 Prec@5 99.355 Loss 0.32916
Epoch [74] Training Class Recall: [1.000,0.143,0.098,0.049,0.000,0.000,0.000,0.000,0.146,0.000]
Epoch [74] Testing Results: Prec@1 10.940 Prec@5 62.130 Loss 4.75171
Epoch [74] Testing Class Recall: [0.908,0.014,0.025,0.011,0.000,0.000,0.000,0.000,0.136,0.000]
Epoch [75] Training Results: Prec@1 86.532 Prec@5 99.274 Loss 0.32495
Epoch [75] Training Class Recall: [1.000,0.000,0.295,0.024,0.000,0.000,0.000,0.000,0.268,0.000]
Epoch [75] Testing Results: Prec@1 10.810 Prec@5 61.030 Loss 4.95288
Epoch [75] Testing Class Recall: [0.747,0.011,0.050,0.030,0.000,0.000,0.000,0.000,0.243,0.000]
Epoch [76] Training Results: Prec@1 85.242 Prec@5 99.032 Loss 0.34867
Epoch [76] Training Class Recall: [1.000,0.143,0.164,0.000,0.000,0.000,0.000,0.000,0.073,0.000]
Epoch [76] Testing Results: Prec@1 11.420 Prec@5 61.440 Loss 4.41792
Epoch [76] Testing Class Recall: [0.829,0.025,0.086,0.027,0.000,0.001,0.000,0.000,0.174,0.000]
Epoch [77] Training Results: Prec@1 86.048 Prec@5 99.435 Loss 0.34122
Epoch [77] Training Class Recall: [1.000,0.143,0.262,0.024,0.000,0.000,0.000,0.000,0.146,0.000]
Epoch [77] Testing Results: Prec@1 11.610 Prec@5 60.450 Loss 4.80698
Epoch [77] Testing Class Recall: [0.833,0.002,0.004,0.015,0.000,0.000,0.000,0.000,0.307,0.000]
Epoch [78] Training Results: Prec@1 85.403 Prec@5 99.516 Loss 0.35324
Epoch [78] Training Class Recall: [1.000,0.286,0.049,0.049,0.000,0.000,0.000,0.000,0.220,0.000]
Epoch [78] Testing Results: Prec@1 10.120 Prec@5 62.370 Loss 4.80442
Epoch [78] Testing Class Recall: [1.000,0.006,0.000,0.006,0.000,0.000,0.000,0.000,0.000,0.000]
Epoch [79] Training Results: Prec@1 86.774 Prec@5 99.516 Loss 0.33632
Epoch [79] Training Class Recall: [1.000,0.286,0.295,0.073,0.000,0.000,0.000,0.000,0.244,0.000]
Epoch [79] Testing Results: Prec@1 10.940 Prec@5 62.280 Loss 5.05209
Epoch [79] Testing Class Recall: [0.883,0.031,0.014,0.010,0.000,0.000,0.000,0.000,0.156,0.000]
Epoch [80] Training Results: Prec@1 85.242 Prec@5 99.355 Loss 0.33873
Epoch [80] Training Class Recall: [1.000,0.000,0.148,0.098,0.000,0.000,0.000,0.000,0.024,0.000]
Epoch [80] Testing Results: Prec@1 9.400 Prec@5 59.550 Loss 4.82664
Epoch [80] Testing Class Recall: [0.840,0.007,0.060,0.029,0.000,0.000,0.000,0.000,0.004,0.000]
Epoch [81] Training Results: Prec@1 85.242 Prec@5 99.435 Loss 0.35710
Epoch [81] Training Class Recall: [0.999,0.000,0.148,0.049,0.000,0.000,0.000,0.000,0.098,0.000]
Epoch [81] Testing Results: Prec@1 10.970 Prec@5 62.710 Loss 4.23656
Epoch [81] Testing Class Recall: [0.873,0.023,0.085,0.006,0.000,0.001,0.002,0.000,0.107,0.000]
Epoch [82] Training Results: Prec@1 86.129 Prec@5 99.597 Loss 0.34892
Epoch [82] Training Class Recall: [0.999,0.000,0.295,0.122,0.000,0.000,0.000,0.000,0.073,0.000]
Epoch [82] Testing Results: Prec@1 9.680 Prec@5 62.540 Loss 5.01596
Epoch [82] Testing Class Recall: [0.869,0.029,0.021,0.030,0.000,0.000,0.000,0.000,0.019,0.000]
Epoch [83] Training Results: Prec@1 87.419 Prec@5 99.355 Loss 0.33622
Epoch [83] Training Class Recall: [1.000,0.571,0.344,0.244,0.000,0.000,0.000,0.000,0.146,0.000]
Epoch [83] Testing Results: Prec@1 10.650 Prec@5 59.420 Loss 5.34368
Epoch [83] Testing Class Recall: [0.886,0.012,0.034,0.010,0.000,0.000,0.000,0.000,0.123,0.000]
Epoch [84] Training Results: Prec@1 86.532 Prec@5 99.516 Loss 0.32996
Epoch [84] Training Class Recall: [1.000,0.000,0.311,0.024,0.000,0.000,0.000,0.000,0.244,0.000]
Epoch [84] Testing Results: Prec@1 11.370 Prec@5 59.980 Loss 4.82478
Epoch [84] Testing Class Recall: [0.876,0.000,0.012,0.022,0.000,0.000,0.000,0.000,0.227,0.000]
Epoch [85] Training Results: Prec@1 86.048 Prec@5 99.274 Loss 0.33737
Epoch [85] Training Class Recall: [1.000,0.143,0.115,0.122,0.000,0.000,0.000,0.000,0.268,0.000]
Epoch [85] Testing Results: Prec@1 10.370 Prec@5 61.830 Loss 5.23039
Epoch [85] Testing Class Recall: [0.975,0.002,0.022,0.000,0.000,0.000,0.000,0.000,0.038,0.000]
Epoch [86] Training Results: Prec@1 85.726 Prec@5 99.274 Loss 0.32976
Epoch [86] Training Class Recall: [1.000,0.286,0.180,0.024,0.000,0.000,0.000,0.000,0.146,0.000]
Epoch [86] Testing Results: Prec@1 10.930 Prec@5 62.820 Loss 4.37562
Epoch [86] Testing Class Recall: [0.731,0.022,0.092,0.033,0.000,0.001,0.001,0.000,0.213,0.000]
Epoch [87] Training Results: Prec@1 86.613 Prec@5 99.355 Loss 0.33831
Epoch [87] Training Class Recall: [1.000,0.000,0.295,0.049,0.000,0.000,0.000,0.000,0.268,0.000]
Epoch [87] Testing Results: Prec@1 11.150 Prec@5 61.680 Loss 4.64122
Epoch [87] Testing Class Recall: [0.761,0.020,0.065,0.044,0.000,0.001,0.000,0.000,0.224,0.000]
Epoch [88] Training Results: Prec@1 86.694 Prec@5 99.435 Loss 0.33916
Epoch [88] Training Class Recall: [1.000,0.286,0.361,0.024,0.000,0.000,0.000,0.000,0.171,0.000]
Epoch [88] Testing Results: Prec@1 9.970 Prec@5 61.090 Loss 4.96790
Epoch [88] Testing Class Recall: [0.987,0.000,0.003,0.000,0.000,0.001,0.000,0.000,0.006,0.000]
Epoch [89] Training Results: Prec@1 85.403 Prec@5 99.355 Loss 0.35269
Epoch [89] Training Class Recall: [1.000,0.000,0.016,0.146,0.000,0.000,0.000,0.000,0.220,0.000]
Epoch [89] Testing Results: Prec@1 11.140 Prec@5 59.600 Loss 4.60726
Epoch [89] Testing Class Recall: [0.936,0.014,0.000,0.021,0.000,0.000,0.000,0.000,0.143,0.000]
Epoch [90] Training Results: Prec@1 84.516 Prec@5 99.355 Loss 0.34683
Epoch [90] Training Class Recall: [1.000,0.000,0.049,0.000,0.000,0.100,0.000,0.000,0.024,0.000]
Epoch [90] Testing Results: Prec@1 9.550 Prec@5 59.240 Loss 4.82221
Epoch [90] Testing Class Recall: [0.899,0.009,0.021,0.015,0.000,0.001,0.000,0.000,0.010,0.000]
Epoch [91] Training Results: Prec@1 86.129 Prec@5 99.274 Loss 0.32177
Epoch [91] Training Class Recall: [1.000,0.000,0.213,0.122,0.000,0.100,0.000,0.000,0.146,0.000]
Epoch [91] Testing Results: Prec@1 9.850 Prec@5 60.400 Loss 5.07477
Epoch [91] Testing Class Recall: [0.945,0.000,0.005,0.022,0.000,0.001,0.000,0.000,0.012,0.000]
Epoch [92] Training Results: Prec@1 86.935 Prec@5 99.435 Loss 0.34298
Epoch [92] Training Class Recall: [1.000,0.000,0.328,0.171,0.000,0.000,0.000,0.000,0.195,0.000]
Epoch [92] Testing Results: Prec@1 10.900 Prec@5 59.970 Loss 4.63302
Epoch [92] Testing Class Recall: [0.777,0.027,0.074,0.028,0.000,0.000,0.000,0.000,0.184,0.000]
Epoch [93] Training Results: Prec@1 85.081 Prec@5 99.597 Loss 0.32997
Epoch [93] Training Class Recall: [1.000,0.000,0.131,0.049,0.000,0.000,0.000,0.000,0.049,0.000]
Epoch [93] Testing Results: Prec@1 10.670 Prec@5 59.820 Loss 4.75081
Epoch [93] Testing Class Recall: [0.948,0.014,0.040,0.016,0.000,0.000,0.000,0.000,0.049,0.000]
Epoch [94] Training Results: Prec@1 86.129 Prec@5 99.435 Loss 0.32453
Epoch [94] Training Class Recall: [0.999,0.286,0.262,0.146,0.000,0.100,0.000,0.000,0.024,0.000]
Epoch [94] Testing Results: Prec@1 10.430 Prec@5 60.440 Loss 4.86261
Epoch [94] Testing Class Recall: [0.965,0.015,0.000,0.019,0.000,0.001,0.002,0.000,0.041,0.000]
Epoch [95] Training Results: Prec@1 86.613 Prec@5 99.597 Loss 0.32798
Epoch [95] Training Class Recall: [1.000,0.429,0.246,0.195,0.000,0.000,0.000,0.000,0.122,0.000]
Epoch [95] Testing Results: Prec@1 11.290 Prec@5 59.050 Loss 5.02810
Epoch [95] Testing Class Recall: [0.830,0.015,0.053,0.010,0.000,0.000,0.000,0.000,0.221,0.000]
Epoch [96] Training Results: Prec@1 87.984 Prec@5 99.516 Loss 0.34184
Epoch [96] Training Class Recall: [0.998,0.286,0.344,0.317,0.000,0.000,0.000,0.000,0.341,0.000]
Epoch [96] Testing Results: Prec@1 9.660 Prec@5 60.240 Loss 4.78668
Epoch [96] Testing Class Recall: [0.889,0.000,0.028,0.048,0.000,0.001,0.000,0.000,0.000,0.000]
Epoch [97] Training Results: Prec@1 84.839 Prec@5 99.597 Loss 0.34117
Epoch [97] Training Class Recall: [1.000,0.000,0.082,0.073,0.000,0.000,0.000,0.000,0.024,0.000]
Epoch [97] Testing Results: Prec@1 11.280 Prec@5 62.120 Loss 4.65969
Epoch [97] Testing Class Recall: [0.864,0.012,0.035,0.002,0.000,0.001,0.000,0.000,0.214,0.000]
Epoch [98] Training Results: Prec@1 85.081 Prec@5 99.758 Loss 0.34213
Epoch [98] Training Class Recall: [1.000,0.000,0.098,0.024,0.000,0.000,0.000,0.000,0.122,0.000]
Epoch [98] Testing Results: Prec@1 11.380 Prec@5 62.850 Loss 4.23025
Epoch [98] Testing Class Recall: [0.748,0.019,0.067,0.077,0.000,0.000,0.018,0.003,0.206,0.000]
Epoch [99] Training Results: Prec@1 86.613 Prec@5 99.274 Loss 0.34533
Epoch [99] Training Class Recall: [1.000,0.143,0.197,0.220,0.000,0.000,0.000,0.000,0.220,0.000]
Epoch [99] Testing Results: Prec@1 10.090 Prec@5 60.920 Loss 5.41375
Epoch [99] Testing Class Recall: [0.940,0.012,0.028,0.005,0.000,0.001,0.000,0.000,0.023,0.000]
Epoch [100] Training Results: Prec@1 86.774 Prec@5 99.597 Loss 0.34646
Epoch [100] Training Class Recall: [1.000,0.000,0.475,0.073,0.000,0.100,0.000,0.000,0.000,0.000]
Epoch [100] Testing Results: Prec@1 9.890 Prec@5 61.550 Loss 4.75267
Epoch [100] Testing Class Recall: [0.956,0.002,0.020,0.011,0.000,0.000,0.000,0.000,0.000,0.000]
Epoch [101] Training Results: Prec@1 86.048 Prec@5 99.597 Loss 0.33721
Epoch [101] Training Class Recall: [1.000,0.143,0.279,0.122,0.000,0.000,0.000,0.000,0.024,0.000]
Epoch [101] Testing Results: Prec@1 10.580 Prec@5 60.580 Loss 4.74360
Epoch [101] Testing Class Recall: [0.838,0.039,0.043,0.016,0.000,0.001,0.000,0.000,0.121,0.000]
Epoch [102] Training Results: Prec@1 87.903 Prec@5 99.355 Loss 0.31002
Epoch [102] Training Class Recall: [1.000,0.143,0.508,0.000,0.000,0.100,0.000,0.000,0.341,0.000]
Epoch [102] Testing Results: Prec@1 11.120 Prec@5 64.080 Loss 4.69280
Epoch [102] Testing Class Recall: [0.881,0.028,0.093,0.018,0.000,0.001,0.001,0.000,0.090,0.000]
Epoch [103] Training Results: Prec@1 88.548 Prec@5 99.758 Loss 0.32865
Epoch [103] Training Class Recall: [1.000,0.571,0.475,0.146,0.000,0.100,0.000,0.000,0.366,0.000]
Epoch [103] Testing Results: Prec@1 10.310 Prec@5 62.430 Loss 4.84150
Epoch [103] Testing Class Recall: [0.835,0.020,0.085,0.035,0.000,0.000,0.003,0.000,0.053,0.000]
Epoch [104] Training Results: Prec@1 85.887 Prec@5 99.597 Loss 0.33845
Epoch [104] Training Class Recall: [0.998,0.286,0.180,0.049,0.000,0.000,0.000,0.000,0.220,0.000]
Epoch [104] Testing Results: Prec@1 9.980 Prec@5 62.370 Loss 5.23807
Epoch [104] Testing Class Recall: [0.939,0.002,0.041,0.000,0.000,0.000,0.000,0.000,0.016,0.000]
Epoch [105] Training Results: Prec@1 87.097 Prec@5 99.758 Loss 0.33210
Epoch [105] Training Class Recall: [1.000,0.000,0.377,0.146,0.000,0.000,0.000,0.000,0.195,0.000]
Epoch [105] Testing Results: Prec@1 10.820 Prec@5 61.010 Loss 5.34709
Epoch [105] Testing Class Recall: [0.889,0.000,0.013,0.000,0.000,0.000,0.000,0.000,0.180,0.000]
Epoch [106] Training Results: Prec@1 84.919 Prec@5 99.597 Loss 0.32078
Epoch [106] Training Class Recall: [1.000,0.000,0.115,0.000,0.000,0.000,0.000,0.000,0.073,0.000]
Epoch [106] Testing Results: Prec@1 11.920 Prec@5 62.000 Loss 4.45738
Epoch [106] Testing Class Recall: [0.830,0.016,0.077,0.007,0.000,0.001,0.000,0.000,0.261,0.000]
Epoch [107] Training Results: Prec@1 86.452 Prec@5 99.677 Loss 0.33763
Epoch [107] Training Class Recall: [1.000,0.143,0.180,0.122,0.000,0.000,0.062,0.000,0.268,0.000]
Epoch [107] Testing Results: Prec@1 10.860 Prec@5 62.740 Loss 4.29090
Epoch [107] Testing Class Recall: [0.842,0.021,0.062,0.028,0.000,0.000,0.015,0.000,0.118,0.000]
Epoch [108] Training Results: Prec@1 86.935 Prec@5 99.677 Loss 0.32985
Epoch [108] Training Class Recall: [0.999,0.571,0.311,0.049,0.000,0.000,0.000,0.000,0.268,0.000]
Epoch [108] Testing Results: Prec@1 10.550 Prec@5 61.140 Loss 4.89720
Epoch [108] Testing Class Recall: [0.899,0.010,0.069,0.000,0.000,0.000,0.000,0.000,0.077,0.000]
Epoch [109] Training Results: Prec@1 87.177 Prec@5 99.758 Loss 0.30945
Epoch [109] Training Class Recall: [1.000,0.000,0.443,0.049,0.000,0.000,0.000,0.000,0.220,0.000]
Epoch [109] Testing Results: Prec@1 10.830 Prec@5 62.670 Loss 4.84532
Epoch [109] Testing Class Recall: [0.881,0.015,0.024,0.001,0.000,0.001,0.003,0.000,0.158,0.000]
Epoch [110] Training Results: Prec@1 86.855 Prec@5 99.597 Loss 0.29323
Epoch [110] Training Class Recall: [1.000,0.143,0.295,0.049,0.000,0.000,0.000,0.000,0.317,0.000]
Epoch [110] Testing Results: Prec@1 11.570 Prec@5 63.110 Loss 4.89836
Epoch [110] Testing Class Recall: [0.741,0.038,0.083,0.024,0.000,0.001,0.003,0.000,0.267,0.000]
Epoch [111] Training Results: Prec@1 88.548 Prec@5 99.597 Loss 0.32544
Epoch [111] Training Class Recall: [1.000,0.571,0.475,0.171,0.000,0.100,0.000,0.000,0.341,0.000]
Epoch [111] Testing Results: Prec@1 10.560 Prec@5 65.780 Loss 4.87934
Epoch [111] Testing Class Recall: [0.985,0.030,0.003,0.000,0.000,0.000,0.004,0.000,0.034,0.000]
Epoch [112] Training Results: Prec@1 85.645 Prec@5 99.758 Loss 0.33845
Epoch [112] Training Class Recall: [1.000,0.286,0.131,0.073,0.000,0.000,0.000,0.000,0.146,0.000]
Epoch [112] Testing Results: Prec@1 9.910 Prec@5 63.540 Loss 4.88570
Epoch [112] Testing Class Recall: [0.944,0.013,0.015,0.002,0.000,0.000,0.000,0.000,0.017,0.000]
Epoch [113] Training Results: Prec@1 86.452 Prec@5 99.677 Loss 0.31086
Epoch [113] Training Class Recall: [1.000,0.286,0.295,0.146,0.000,0.000,0.000,0.000,0.073,0.000]
Epoch [113] Testing Results: Prec@1 10.910 Prec@5 60.500 Loss 4.94662
Epoch [113] Testing Class Recall: [0.820,0.017,0.041,0.035,0.000,0.001,0.000,0.000,0.177,0.000]
Epoch [114] Training Results: Prec@1 88.790 Prec@5 99.597 Loss 0.30638
Epoch [114] Training Class Recall: [1.000,0.143,0.574,0.195,0.000,0.000,0.062,0.000,0.317,0.000]
Epoch [114] Testing Results: Prec@1 12.820 Prec@5 62.750 Loss 4.26833
Epoch [114] Testing Class Recall: [0.602,0.006,0.045,0.018,0.000,0.004,0.113,0.024,0.470,0.000]
Epoch [115] Training Results: Prec@1 86.774 Prec@5 99.597 Loss 0.32223
Epoch [115] Training Class Recall: [1.000,0.286,0.279,0.024,0.000,0.000,0.062,0.000,0.293,0.000]
Epoch [115] Testing Results: Prec@1 10.130 Prec@5 62.080 Loss 4.86220
Epoch [115] Testing Class Recall: [0.778,0.040,0.082,0.018,0.000,0.002,0.002,0.000,0.091,0.000]
Epoch [116] Training Results: Prec@1 86.290 Prec@5 99.597 Loss 0.32923
Epoch [116] Training Class Recall: [1.000,0.143,0.262,0.073,0.000,0.000,0.000,0.000,0.171,0.000]
Epoch [116] Testing Results: Prec@1 11.290 Prec@5 63.140 Loss 4.88702
Epoch [116] Testing Class Recall: [0.856,0.014,0.063,0.009,0.000,0.000,0.004,0.003,0.180,0.000]
Epoch [117] Training Results: Prec@1 87.742 Prec@5 99.677 Loss 0.29215
Epoch [117] Training Class Recall: [1.000,0.143,0.525,0.098,0.000,0.000,0.000,0.000,0.195,0.000]
Epoch [117] Testing Results: Prec@1 10.270 Prec@5 61.220 Loss 5.39365
Epoch [117] Testing Class Recall: [0.895,0.011,0.032,0.021,0.000,0.000,0.002,0.000,0.066,0.000]
Epoch [118] Training Results: Prec@1 89.758 Prec@5 99.677 Loss 0.34338
Epoch [118] Training Class Recall: [1.000,0.571,0.590,0.317,0.000,0.000,0.000,0.000,0.415,0.000]
Epoch [118] Testing Results: Prec@1 11.260 Prec@5 61.620 Loss 4.95157
Epoch [118] Testing Class Recall: [0.864,0.022,0.048,0.005,0.000,0.001,0.002,0.001,0.183,0.000]
Epoch [119] Training Results: Prec@1 86.048 Prec@5 99.516 Loss 0.33274
Epoch [119] Training Class Recall: [1.000,0.143,0.164,0.024,0.000,0.000,0.000,0.000,0.293,0.000]
Epoch [119] Testing Results: Prec@1 10.380 Prec@5 60.470 Loss 4.46626
Epoch [119] Testing Class Recall: [0.860,0.008,0.056,0.019,0.000,0.000,0.025,0.008,0.062,0.000]
Epoch [120] Training Results: Prec@1 85.645 Prec@5 99.758 Loss 0.31696
Epoch [120] Training Class Recall: [1.000,0.000,0.262,0.024,0.000,0.000,0.062,0.000,0.024,0.000]
Epoch [120] Testing Results: Prec@1 11.560 Prec@5 63.780 Loss 4.65113
Epoch [120] Testing Class Recall: [0.833,0.022,0.088,0.013,0.000,0.000,0.001,0.000,0.199,0.000]
Epoch [121] Training Results: Prec@1 88.548 Prec@5 99.839 Loss 0.31987
Epoch [121] Training Class Recall: [1.000,0.429,0.492,0.098,0.000,0.000,0.000,0.000,0.439,0.000]
Epoch [121] Testing Results: Prec@1 9.840 Prec@5 64.450 Loss 5.25936
Epoch [121] Testing Class Recall: [0.930,0.015,0.030,0.000,0.000,0.000,0.001,0.000,0.008,0.000]
Epoch [122] Training Results: Prec@1 85.242 Prec@5 99.677 Loss 0.33990
Epoch [122] Training Class Recall: [0.999,0.000,0.148,0.049,0.000,0.000,0.000,0.000,0.098,0.000]
Epoch [122] Testing Results: Prec@1 11.190 Prec@5 64.050 Loss 4.53965
Epoch [122] Testing Class Recall: [0.957,0.030,0.038,0.008,0.000,0.000,0.000,0.001,0.085,0.000]
Epoch [123] Training Results: Prec@1 85.484 Prec@5 99.839 Loss 0.34091
Epoch [123] Training Class Recall: [1.000,0.571,0.082,0.098,0.000,0.000,0.000,0.000,0.098,0.000]
Epoch [123] Testing Results: Prec@1 10.190 Prec@5 62.630 Loss 4.97952
Epoch [123] Testing Class Recall: [0.968,0.029,0.007,0.002,0.000,0.000,0.004,0.000,0.009,0.000]
Epoch [124] Training Results: Prec@1 87.258 Prec@5 99.597 Loss 0.35294
Epoch [124] Training Class Recall: [1.000,0.429,0.410,0.073,0.000,0.000,0.000,0.000,0.195,0.000]
Epoch [124] Testing Results: Prec@1 10.570 Prec@5 62.090 Loss 5.12849
Epoch [124] Testing Class Recall: [0.871,0.041,0.042,0.012,0.000,0.000,0.006,0.000,0.085,0.000]
Epoch [125] Training Results: Prec@1 84.839 Prec@5 99.758 Loss 0.34126
Epoch [125] Training Class Recall: [1.000,0.286,0.049,0.073,0.000,0.000,0.000,0.000,0.024,0.000]
Epoch [125] Testing Results: Prec@1 12.130 Prec@5 63.560 Loss 3.89827
Epoch [125] Testing Class Recall: [0.753,0.066,0.083,0.075,0.000,0.000,0.017,0.006,0.213,0.000]
Epoch [126] Training Results: Prec@1 87.258 Prec@5 99.758 Loss 0.32721
Epoch [126] Training Class Recall: [1.000,0.571,0.410,0.049,0.000,0.000,0.000,0.000,0.195,0.000]
Epoch [126] Testing Results: Prec@1 11.690 Prec@5 62.860 Loss 5.01379
Epoch [126] Testing Class Recall: [0.813,0.051,0.056,0.020,0.000,0.000,0.016,0.001,0.212,0.000]
Epoch [127] Training Results: Prec@1 88.306 Prec@5 99.597 Loss 0.32106
Epoch [127] Training Class Recall: [1.000,0.286,0.361,0.293,0.000,0.000,0.188,0.200,0.293,0.000]
Epoch [127] Testing Results: Prec@1 10.840 Prec@5 63.460 Loss 4.68896
Epoch [127] Testing Class Recall: [0.824,0.030,0.090,0.030,0.000,0.000,0.003,0.000,0.107,0.000]
Epoch [128] Training Results: Prec@1 87.903 Prec@5 99.758 Loss 0.30842
Epoch [128] Training Class Recall: [1.000,0.143,0.525,0.049,0.000,0.000,0.000,0.000,0.293,0.000]
Epoch [128] Testing Results: Prec@1 11.990 Prec@5 64.200 Loss 4.64142
Epoch [128] Testing Class Recall: [0.726,0.031,0.108,0.055,0.000,0.001,0.024,0.000,0.254,0.000]
Epoch [129] Training Results: Prec@1 89.435 Prec@5 99.839 Loss 0.33310
Epoch [129] Training Class Recall: [0.998,0.714,0.492,0.415,0.000,0.000,0.000,0.000,0.390,0.000]
Epoch [129] Testing Results: Prec@1 9.760 Prec@5 63.380 Loss 4.63966
Epoch [129] Testing Class Recall: [0.877,0.001,0.058,0.000,0.000,0.000,0.005,0.013,0.022,0.000]
Epoch [130] Training Results: Prec@1 88.065 Prec@5 99.758 Loss 0.32756
Epoch [130] Training Class Recall: [1.000,0.000,0.623,0.049,0.000,0.000,0.000,0.200,0.195,0.000]
Epoch [130] Testing Results: Prec@1 11.200 Prec@5 62.480 Loss 5.04431
Epoch [130] Testing Class Recall: [0.881,0.000,0.017,0.011,0.000,0.000,0.000,0.000,0.211,0.000]
Epoch [131] Training Results: Prec@1 87.097 Prec@5 99.758 Loss 0.31556
Epoch [131] Training Class Recall: [1.000,0.000,0.148,0.171,0.000,0.000,0.000,0.400,0.463,0.000]
Epoch [131] Testing Results: Prec@1 10.250 Prec@5 62.960 Loss 4.82754
Epoch [131] Testing Class Recall: [0.885,0.001,0.055,0.001,0.000,0.000,0.028,0.019,0.036,0.000]
Epoch [132] Training Results: Prec@1 87.177 Prec@5 99.758 Loss 0.30706
Epoch [132] Training Class Recall: [1.000,0.286,0.508,0.024,0.000,0.000,0.125,0.200,0.024,0.000]
Epoch [132] Testing Results: Prec@1 10.610 Prec@5 63.640 Loss 4.94316
Epoch [132] Testing Class Recall: [0.868,0.027,0.021,0.017,0.000,0.000,0.002,0.003,0.123,0.000]
Epoch [133] Training Results: Prec@1 87.581 Prec@5 99.839 Loss 0.35000
Epoch [133] Training Class Recall: [1.000,0.571,0.180,0.341,0.000,0.000,0.000,0.000,0.341,0.000]
Epoch [133] Testing Results: Prec@1 9.920 Prec@5 62.390 Loss 4.86664
Epoch [133] Testing Class Recall: [0.952,0.003,0.031,0.004,0.000,0.001,0.000,0.000,0.001,0.000]
Epoch [134] Training Results: Prec@1 85.565 Prec@5 99.597 Loss 0.33979
Epoch [134] Training Class Recall: [1.000,0.000,0.262,0.024,0.000,0.100,0.000,0.000,0.000,0.000]
Epoch [134] Testing Results: Prec@1 11.150 Prec@5 63.090 Loss 4.45226
Epoch [134] Testing Class Recall: [0.841,0.036,0.031,0.023,0.000,0.000,0.001,0.000,0.183,0.000]
Epoch [135] Training Results: Prec@1 85.242 Prec@5 99.758 Loss 0.33622
Epoch [135] Training Class Recall: [1.000,0.000,0.033,0.171,0.000,0.000,0.000,0.000,0.122,0.000]
Epoch [135] Testing Results: Prec@1 10.750 Prec@5 63.390 Loss 4.11667
Epoch [135] Testing Class Recall: [0.847,0.011,0.046,0.047,0.000,0.000,0.027,0.002,0.095,0.000]
Epoch [136] Training Results: Prec@1 86.694 Prec@5 99.677 Loss 0.31468
Epoch [136] Training Class Recall: [1.000,0.429,0.246,0.195,0.000,0.000,0.000,0.000,0.146,0.000]
Epoch [136] Testing Results: Prec@1 11.720 Prec@5 63.540 Loss 4.71591
Epoch [136] Testing Class Recall: [0.874,0.037,0.016,0.001,0.000,0.000,0.000,0.000,0.244,0.000]
Epoch [137] Training Results: Prec@1 89.516 Prec@5 99.758 Loss 0.31448
Epoch [137] Training Class Recall: [1.000,0.143,0.508,0.268,0.000,0.000,0.000,0.000,0.585,0.000]
Epoch [137] Testing Results: Prec@1 9.720 Prec@5 60.410 Loss 5.10977
Epoch [137] Testing Class Recall: [0.919,0.001,0.031,0.017,0.000,0.000,0.002,0.001,0.001,0.000]
Epoch [138] Training Results: Prec@1 87.661 Prec@5 99.677 Loss 0.31522
Epoch [138] Training Class Recall: [0.999,0.286,0.443,0.171,0.000,0.100,0.000,0.000,0.195,0.000]
Epoch [138] Testing Results: Prec@1 12.470 Prec@5 65.250 Loss 4.35516
Epoch [138] Testing Class Recall: [0.665,0.046,0.079,0.030,0.000,0.002,0.022,0.002,0.401,0.000]
Epoch [139] Training Results: Prec@1 86.694 Prec@5 99.839 Loss 0.32013
Epoch [139] Training Class Recall: [1.000,0.143,0.180,0.098,0.000,0.100,0.000,0.000,0.366,0.000]
Epoch [139] Testing Results: Prec@1 10.320 Prec@5 63.520 Loss 5.06123
Epoch [139] Testing Class Recall: [0.944,0.019,0.020,0.005,0.000,0.000,0.009,0.000,0.035,0.000]
Epoch [140] Training Results: Prec@1 89.516 Prec@5 99.597 Loss 0.08330
Epoch [140] Training Class Recall: [0.996,0.571,0.590,0.317,0.000,0.000,0.312,0.000,0.317,0.000]
Epoch [140] Testing Results: Prec@1 14.570 Prec@5 62.660 Loss 5.33853
Epoch [140] Testing Class Recall: [0.509,0.118,0.297,0.064,0.000,0.000,0.148,0.086,0.235,0.000]
Epoch [141] Training Results: Prec@1 85.806 Prec@5 99.435 Loss 0.05415
Epoch [141] Training Class Recall: [0.909,0.857,0.951,0.366,0.067,0.000,0.750,1.000,0.463,0.000]
Epoch [141] Testing Results: Prec@1 17.250 Prec@5 63.420 Loss 4.13203
Epoch [141] Testing Class Recall: [0.202,0.170,0.301,0.173,0.009,0.000,0.266,0.251,0.353,0.000]
Epoch [142] Training Results: Prec@1 72.903 Prec@5 97.419 Loss 0.04921
Epoch [142] Training Class Recall: [0.744,0.857,0.902,0.366,0.333,0.300,0.750,1.000,0.659,0.000]
Epoch [142] Testing Results: Prec@1 18.320 Prec@5 66.030 Loss 3.79082
Epoch [142] Testing Class Recall: [0.163,0.162,0.210,0.231,0.015,0.059,0.288,0.225,0.479,0.000]
Epoch [143] Training Results: Prec@1 72.097 Prec@5 98.387 Loss 0.04541
Epoch [143] Training Class Recall: [0.734,0.857,0.803,0.146,0.333,0.900,0.812,1.000,0.854,0.000]
Epoch [143] Testing Results: Prec@1 18.580 Prec@5 67.080 Loss 3.67732
Epoch [143] Testing Class Recall: [0.217,0.114,0.122,0.176,0.018,0.104,0.354,0.236,0.517,0.000]
Epoch [144] Training Results: Prec@1 79.516 Prec@5 99.516 Loss 0.04306
Epoch [144] Training Class Recall: [0.818,0.857,0.803,0.220,0.400,1.000,0.812,1.000,0.854,0.000]
Epoch [144] Testing Results: Prec@1 17.620 Prec@5 68.380 Loss 3.66300
Epoch [144] Testing Class Recall: [0.255,0.129,0.146,0.211,0.026,0.057,0.238,0.195,0.505,0.000]
Epoch [145] Training Results: Prec@1 84.516 Prec@5 99.839 Loss 0.04654
Epoch [145] Training Class Recall: [0.866,0.857,0.770,0.415,0.467,0.900,0.875,1.000,0.976,0.000]
Epoch [145] Testing Results: Prec@1 17.780 Prec@5 70.280 Loss 3.34553
Epoch [145] Testing Class Recall: [0.251,0.105,0.150,0.193,0.035,0.056,0.181,0.237,0.570,0.000]
Epoch [146] Training Results: Prec@1 85.081 Prec@5 99.677 Loss 0.04370
Epoch [146] Training Class Recall: [0.875,0.714,0.787,0.390,0.733,0.900,0.750,1.000,0.878,0.000]
Epoch [146] Testing Results: Prec@1 17.800 Prec@5 70.080 Loss 3.30054
Epoch [146] Testing Class Recall: [0.215,0.105,0.107,0.190,0.040,0.046,0.245,0.299,0.533,0.000]
Epoch [147] Training Results: Prec@1 84.435 Prec@5 99.677 Loss 0.04682
Epoch [147] Training Class Recall: [0.872,0.857,0.689,0.463,0.533,0.800,0.938,1.000,0.854,0.000]
Epoch [147] Testing Results: Prec@1 18.130 Prec@5 71.100 Loss 3.22794
Epoch [147] Testing Class Recall: [0.197,0.118,0.085,0.173,0.035,0.099,0.381,0.215,0.510,0.000]
Epoch [148] Training Results: Prec@1 83.065 Prec@5 99.758 Loss 0.04529
Epoch [148] Training Class Recall: [0.855,0.857,0.672,0.439,0.600,0.800,0.750,1.000,0.951,0.000]
Epoch [148] Testing Results: Prec@1 18.160 Prec@5 69.710 Loss 3.28739
Epoch [148] Testing Class Recall: [0.229,0.103,0.086,0.317,0.037,0.045,0.294,0.201,0.504,0.000]
Epoch [149] Training Results: Prec@1 84.839 Prec@5 99.516 Loss 0.03552
Epoch [149] Training Class Recall: [0.864,0.857,0.738,0.659,0.667,0.800,0.938,0.800,0.854,1.000]
Epoch [149] Testing Results: Prec@1 18.450 Prec@5 71.660 Loss 3.04574
Epoch [149] Testing Class Recall: [0.214,0.138,0.088,0.261,0.055,0.036,0.228,0.306,0.515,0.004]
Epoch [150] Training Results: Prec@1 85.726 Prec@5 99.597 Loss 0.04388
Epoch [150] Training Class Recall: [0.878,0.857,0.738,0.415,0.933,0.800,0.750,1.000,0.951,1.000]
Epoch [150] Testing Results: Prec@1 18.310 Prec@5 72.390 Loss 2.84232
Epoch [150] Testing Class Recall: [0.218,0.102,0.130,0.195,0.059,0.051,0.212,0.255,0.586,0.023]
Epoch [151] Training Results: Prec@1 85.484 Prec@5 99.919 Loss 0.04022
Epoch [151] Training Class Recall: [0.885,0.857,0.754,0.268,0.667,0.600,0.875,1.000,0.927,1.000]
Epoch [151] Testing Results: Prec@1 18.090 Prec@5 72.150 Loss 2.92321
Epoch [151] Testing Class Recall: [0.230,0.140,0.171,0.284,0.024,0.032,0.231,0.155,0.515,0.027]
Epoch [152] Training Results: Prec@1 85.565 Prec@5 99.839 Loss 0.04050
Epoch [152] Training Class Recall: [0.867,0.857,0.803,0.610,0.800,1.000,0.812,1.000,0.878,1.000]
Epoch [152] Testing Results: Prec@1 18.620 Prec@5 72.030 Loss 2.83374
Epoch [152] Testing Class Recall: [0.222,0.165,0.171,0.268,0.041,0.152,0.163,0.148,0.476,0.056]
Epoch [153] Training Results: Prec@1 83.952 Prec@5 99.516 Loss 0.03686
Epoch [153] Training Class Recall: [0.859,0.857,0.754,0.561,0.933,1.000,0.750,1.000,0.683,1.000]
Epoch [153] Testing Results: Prec@1 19.360 Prec@5 70.900 Loss 2.88573
Epoch [153] Testing Class Recall: [0.203,0.168,0.100,0.326,0.037,0.116,0.259,0.218,0.445,0.064]
Epoch [154] Training Results: Prec@1 85.242 Prec@5 99.597 Loss 0.04030
Epoch [154] Training Class Recall: [0.872,0.857,0.721,0.463,0.800,0.800,1.000,1.000,0.878,1.000]
Epoch [154] Testing Results: Prec@1 19.250 Prec@5 71.000 Loss 2.86831
Epoch [154] Testing Class Recall: [0.217,0.104,0.117,0.238,0.044,0.063,0.251,0.316,0.520,0.055]
Epoch [155] Training Results: Prec@1 86.210 Prec@5 99.758 Loss 0.03777
Epoch [155] Training Class Recall: [0.880,0.857,0.770,0.512,0.733,0.800,1.000,1.000,0.878,1.000]
Epoch [155] Testing Results: Prec@1 17.850 Prec@5 71.640 Loss 2.69783
Epoch [155] Testing Class Recall: [0.213,0.125,0.136,0.224,0.030,0.044,0.225,0.137,0.564,0.087]
Epoch [156] Training Results: Prec@1 84.516 Prec@5 99.677 Loss 0.04412
Epoch [156] Training Class Recall: [0.861,0.857,0.738,0.610,0.467,1.000,1.000,1.000,0.854,1.000]
Epoch [156] Testing Results: Prec@1 19.530 Prec@5 71.800 Loss 2.43659
Epoch [156] Testing Class Recall: [0.190,0.149,0.172,0.134,0.033,0.155,0.313,0.148,0.409,0.250]
Epoch [157] Training Results: Prec@1 85.806 Prec@5 99.758 Loss 0.03612
Epoch [157] Training Class Recall: [0.873,0.857,0.852,0.439,0.867,1.000,0.812,1.000,0.854,1.000]
Epoch [157] Testing Results: Prec@1 19.830 Prec@5 71.040 Loss 2.73676
Epoch [157] Testing Class Recall: [0.205,0.111,0.228,0.199,0.039,0.101,0.238,0.235,0.452,0.175]
Epoch [158] Training Results: Prec@1 85.323 Prec@5 99.355 Loss 0.04307
Epoch [158] Training Class Recall: [0.870,0.714,0.869,0.415,0.533,0.900,0.938,1.000,0.927,1.000]
Epoch [158] Testing Results: Prec@1 20.420 Prec@5 69.210 Loss 2.98642
Epoch [158] Testing Class Recall: [0.166,0.077,0.131,0.234,0.033,0.179,0.305,0.283,0.557,0.077]
Epoch [159] Training Results: Prec@1 82.419 Prec@5 99.839 Loss 0.03375
Epoch [159] Training Class Recall: [0.834,0.857,0.820,0.512,0.800,0.900,0.688,1.000,0.902,1.000]
Epoch [159] Testing Results: Prec@1 18.250 Prec@5 69.950 Loss 3.03345
Epoch [159] Testing Class Recall: [0.227,0.140,0.192,0.204,0.040,0.073,0.231,0.176,0.473,0.069]
Epoch [160] Training Results: Prec@1 84.919 Prec@5 99.839 Loss 0.03959
Epoch [160] Training Class Recall: [0.862,0.857,0.820,0.439,0.800,1.000,1.000,1.000,0.878,1.000]
Epoch [160] Testing Results: Prec@1 18.560 Prec@5 70.270 Loss 2.99112
Epoch [160] Testing Class Recall: [0.183,0.144,0.188,0.198,0.040,0.096,0.233,0.205,0.483,0.086]
Epoch [161] Training Results: Prec@1 84.758 Prec@5 99.597 Loss 0.03703
Epoch [161] Training Class Recall: [0.853,1.000,0.869,0.488,0.733,1.000,1.000,1.000,0.927,1.000]
Epoch [161] Testing Results: Prec@1 18.510 Prec@5 69.970 Loss 3.02724
Epoch [161] Testing Class Recall: [0.200,0.136,0.184,0.192,0.041,0.095,0.228,0.212,0.486,0.077]
Epoch [162] Training Results: Prec@1 85.565 Prec@5 99.919 Loss 0.04570
Epoch [162] Training Class Recall: [0.868,0.857,0.820,0.512,0.800,0.900,0.938,1.000,0.902,1.000]
Epoch [162] Testing Results: Prec@1 18.240 Prec@5 70.120 Loss 3.02226
Epoch [162] Testing Class Recall: [0.188,0.137,0.179,0.194,0.040,0.089,0.227,0.210,0.478,0.082]
Epoch [163] Training Results: Prec@1 84.758 Prec@5 100.000 Loss 0.03846
Epoch [163] Training Class Recall: [0.857,0.857,0.869,0.512,0.733,0.900,0.938,1.000,0.878,1.000]
Epoch [163] Testing Results: Prec@1 18.770 Prec@5 70.220 Loss 2.98491
Epoch [163] Testing Class Recall: [0.199,0.136,0.178,0.200,0.042,0.088,0.237,0.219,0.494,0.084]
Epoch [164] Training Results: Prec@1 84.194 Prec@5 99.677 Loss 0.03596
Epoch [164] Training Class Recall: [0.854,0.857,0.820,0.463,0.733,0.900,1.000,1.000,0.878,1.000]
Epoch [164] Testing Results: Prec@1 18.390 Prec@5 70.500 Loss 2.95307
Epoch [164] Testing Class Recall: [0.203,0.138,0.175,0.188,0.043,0.090,0.223,0.200,0.486,0.093]
Epoch [165] Training Results: Prec@1 85.000 Prec@5 99.758 Loss 0.04137
Epoch [165] Training Class Recall: [0.863,0.857,0.836,0.415,0.800,1.000,1.000,1.000,0.878,1.000]
Epoch [165] Testing Results: Prec@1 18.560 Prec@5 69.610 Loss 3.03385
Epoch [165] Testing Class Recall: [0.198,0.136,0.178,0.218,0.039,0.085,0.238,0.209,0.471,0.084]
Epoch [166] Training Results: Prec@1 84.677 Prec@5 99.597 Loss 0.03575
Epoch [166] Training Class Recall: [0.858,1.000,0.820,0.512,0.667,1.000,0.938,1.000,0.878,1.000]
Epoch [166] Testing Results: Prec@1 18.290 Prec@5 70.110 Loss 3.02484
Epoch [166] Testing Class Recall: [0.198,0.137,0.168,0.193,0.042,0.100,0.225,0.206,0.477,0.083]
Epoch [167] Training Results: Prec@1 85.323 Prec@5 99.919 Loss 0.03754
Epoch [167] Training Class Recall: [0.866,0.857,0.820,0.439,0.867,1.000,0.938,1.000,0.902,1.000]
Epoch [167] Testing Results: Prec@1 18.490 Prec@5 70.080 Loss 3.02710
Epoch [167] Testing Class Recall: [0.205,0.137,0.172,0.198,0.043,0.080,0.230,0.216,0.489,0.079]
Epoch [168] Training Results: Prec@1 85.081 Prec@5 99.839 Loss 0.04571
Epoch [168] Training Class Recall: [0.867,1.000,0.836,0.439,0.733,0.800,0.875,1.000,0.878,1.000]
Epoch [168] Testing Results: Prec@1 18.750 Prec@5 70.450 Loss 2.97349
Epoch [168] Testing Class Recall: [0.197,0.141,0.170,0.205,0.044,0.093,0.225,0.215,0.500,0.085]
Epoch [169] Training Results: Prec@1 84.758 Prec@5 99.839 Loss 0.03388
Epoch [169] Training Class Recall: [0.857,0.857,0.852,0.463,0.800,0.900,0.938,1.000,0.927,1.000]
Epoch [169] Testing Results: Prec@1 18.640 Prec@5 69.970 Loss 2.98686
Epoch [169] Testing Class Recall: [0.210,0.136,0.174,0.209,0.043,0.094,0.221,0.210,0.491,0.076]
Epoch [170] Training Results: Prec@1 85.645 Prec@5 99.919 Loss 0.04484
Epoch [170] Training Class Recall: [0.871,1.000,0.803,0.512,0.800,0.900,0.938,1.000,0.854,1.000]
Epoch [170] Testing Results: Prec@1 18.280 Prec@5 69.960 Loss 3.03162
Epoch [170] Testing Class Recall: [0.198,0.140,0.178,0.206,0.042,0.098,0.195,0.210,0.480,0.081]
Epoch [171] Training Results: Prec@1 85.242 Prec@5 99.839 Loss 0.03463
Epoch [171] Training Class Recall: [0.868,0.857,0.803,0.439,0.733,0.900,1.000,1.000,0.902,1.000]
Epoch [171] Testing Results: Prec@1 18.440 Prec@5 70.100 Loss 3.00530
Epoch [171] Testing Class Recall: [0.201,0.134,0.171,0.202,0.042,0.100,0.223,0.203,0.482,0.086]
Epoch [172] Training Results: Prec@1 86.129 Prec@5 99.839 Loss 0.03560
Epoch [172] Training Class Recall: [0.871,1.000,0.836,0.512,0.867,0.900,1.000,1.000,0.902,1.000]
Epoch [172] Testing Results: Prec@1 18.570 Prec@5 70.050 Loss 3.02354
Epoch [172] Testing Class Recall: [0.196,0.138,0.186,0.219,0.041,0.099,0.215,0.201,0.486,0.076]
Epoch [173] Training Results: Prec@1 85.161 Prec@5 99.758 Loss 0.03539
Epoch [173] Training Class Recall: [0.863,0.857,0.836,0.488,0.800,0.900,0.938,1.000,0.902,1.000]
Epoch [173] Testing Results: Prec@1 18.790 Prec@5 70.430 Loss 2.97186
Epoch [173] Testing Class Recall: [0.190,0.137,0.192,0.222,0.039,0.095,0.219,0.202,0.491,0.092]
Epoch [174] Training Results: Prec@1 85.323 Prec@5 99.919 Loss 0.03579
Epoch [174] Training Class Recall: [0.867,1.000,0.754,0.537,0.800,1.000,0.938,1.000,0.878,1.000]
Epoch [174] Testing Results: Prec@1 18.640 Prec@5 70.390 Loss 2.98492
Epoch [174] Testing Class Recall: [0.200,0.136,0.195,0.197,0.041,0.089,0.221,0.200,0.491,0.094]
Epoch [175] Training Results: Prec@1 86.210 Prec@5 99.677 Loss 0.03871
Epoch [175] Training Class Recall: [0.875,0.857,0.820,0.463,0.867,1.000,1.000,1.000,0.878,1.000]
Epoch [175] Testing Results: Prec@1 18.770 Prec@5 69.540 Loss 3.06176
Epoch [175] Testing Class Recall: [0.202,0.133,0.178,0.243,0.038,0.088,0.227,0.212,0.481,0.075]
Epoch [176] Training Results: Prec@1 85.806 Prec@5 99.758 Loss 0.04269
Epoch [176] Training Class Recall: [0.870,1.000,0.803,0.488,0.867,0.900,1.000,1.000,0.902,1.000]
Epoch [176] Testing Results: Prec@1 18.630 Prec@5 70.150 Loss 2.98755
Epoch [176] Testing Class Recall: [0.187,0.136,0.185,0.218,0.039,0.098,0.224,0.197,0.490,0.089]
Epoch [177] Training Results: Prec@1 85.887 Prec@5 99.839 Loss 0.04163
Epoch [177] Training Class Recall: [0.871,1.000,0.803,0.488,0.800,1.000,1.000,1.000,0.902,1.000]
Epoch [177] Testing Results: Prec@1 18.870 Prec@5 69.840 Loss 2.98052
Epoch [177] Testing Class Recall: [0.200,0.124,0.187,0.212,0.044,0.083,0.239,0.209,0.494,0.095]
Epoch [178] Training Results: Prec@1 85.323 Prec@5 99.919 Loss 0.03412
Epoch [178] Training Class Recall: [0.866,0.857,0.803,0.463,0.800,0.900,1.000,1.000,0.927,1.000]
Epoch [178] Testing Results: Prec@1 18.660 Prec@5 70.500 Loss 2.93612
Epoch [178] Testing Class Recall: [0.211,0.135,0.174,0.196,0.045,0.090,0.220,0.200,0.497,0.098]
Epoch [179] Training Results: Prec@1 86.129 Prec@5 99.597 Loss 0.03586
Epoch [179] Training Class Recall: [0.874,1.000,0.803,0.488,0.800,1.000,0.938,1.000,0.902,1.000]
Epoch [179] Testing Results: Prec@1 18.750 Prec@5 70.350 Loss 2.96839
Epoch [179] Testing Class Recall: [0.207,0.134,0.177,0.207,0.042,0.095,0.217,0.201,0.501,0.094]
Epoch [180] Training Results: Prec@1 85.565 Prec@5 99.758 Loss 0.03997
Epoch [180] Training Class Recall: [0.861,0.857,0.852,0.561,0.800,1.000,1.000,1.000,0.927,1.000]
Epoch [180] Testing Results: Prec@1 18.540 Prec@5 70.220 Loss 3.00323
Epoch [180] Testing Class Recall: [0.204,0.131,0.178,0.200,0.044,0.098,0.211,0.198,0.497,0.093]
Epoch [181] Training Results: Prec@1 85.323 Prec@5 99.919 Loss 0.03897
Epoch [181] Training Class Recall: [0.864,1.000,0.836,0.463,0.733,1.000,0.938,1.000,0.927,1.000]
Epoch [181] Testing Results: Prec@1 18.830 Prec@5 69.890 Loss 3.03039
Epoch [181] Testing Class Recall: [0.202,0.126,0.180,0.230,0.040,0.092,0.229,0.211,0.485,0.088]
Epoch [182] Training Results: Prec@1 84.435 Prec@5 99.919 Loss 0.03896
Epoch [182] Training Class Recall: [0.858,1.000,0.803,0.415,0.867,1.000,0.938,1.000,0.854,1.000]
Epoch [182] Testing Results: Prec@1 18.810 Prec@5 70.020 Loss 3.00797
Epoch [182] Testing Class Recall: [0.204,0.130,0.179,0.223,0.042,0.088,0.222,0.208,0.495,0.090]
Epoch [183] Training Results: Prec@1 85.887 Prec@5 99.919 Loss 0.03350
Epoch [183] Training Class Recall: [0.870,0.857,0.836,0.512,0.867,1.000,1.000,1.000,0.854,1.000]
Epoch [183] Testing Results: Prec@1 18.760 Prec@5 69.970 Loss 2.98934
Epoch [183] Testing Class Recall: [0.216,0.125,0.186,0.207,0.042,0.083,0.220,0.201,0.505,0.091]
Epoch [184] Training Results: Prec@1 85.645 Prec@5 99.839 Loss 0.03597
Epoch [184] Training Class Recall: [0.867,1.000,0.852,0.439,0.667,1.000,1.000,1.000,0.951,1.000]
Epoch [184] Testing Results: Prec@1 18.710 Prec@5 69.790 Loss 2.97438
Epoch [184] Testing Class Recall: [0.212,0.128,0.171,0.217,0.045,0.092,0.222,0.205,0.489,0.090]
Epoch [185] Training Results: Prec@1 85.887 Prec@5 99.839 Loss 0.03669
Epoch [185] Training Class Recall: [0.869,1.000,0.836,0.561,0.867,0.900,0.875,1.000,0.878,1.000]
Epoch [185] Testing Results: Prec@1 18.690 Prec@5 69.920 Loss 2.98738
Epoch [185] Testing Class Recall: [0.209,0.130,0.170,0.210,0.044,0.085,0.227,0.217,0.490,0.087]
Epoch [186] Training Results: Prec@1 85.081 Prec@5 99.758 Loss 0.04018
Epoch [186] Training Class Recall: [0.866,1.000,0.803,0.512,0.733,1.000,0.812,1.000,0.854,1.000]
Epoch [186] Testing Results: Prec@1 18.740 Prec@5 70.070 Loss 3.01381
Epoch [186] Testing Class Recall: [0.195,0.138,0.178,0.220,0.042,0.100,0.213,0.212,0.487,0.089]
Epoch [187] Training Results: Prec@1 85.403 Prec@5 99.919 Loss 0.03856
Epoch [187] Training Class Recall: [0.869,1.000,0.803,0.463,0.667,1.000,0.938,1.000,0.902,1.000]
Epoch [187] Testing Results: Prec@1 18.690 Prec@5 70.020 Loss 2.97837
Epoch [187] Testing Class Recall: [0.201,0.131,0.179,0.217,0.042,0.096,0.220,0.203,0.484,0.096]
Epoch [188] Training Results: Prec@1 86.129 Prec@5 99.919 Loss 0.03900
Epoch [188] Training Class Recall: [0.875,0.857,0.820,0.512,0.733,1.000,0.875,1.000,0.902,1.000]
Epoch [188] Testing Results: Prec@1 18.760 Prec@5 70.130 Loss 3.00074
Epoch [188] Testing Class Recall: [0.194,0.132,0.176,0.220,0.040,0.090,0.218,0.213,0.509,0.084]
Epoch [189] Training Results: Prec@1 84.839 Prec@5 99.839 Loss 0.03622
Epoch [189] Training Class Recall: [0.858,1.000,0.852,0.537,0.800,0.900,0.938,1.000,0.829,1.000]
Epoch [189] Testing Results: Prec@1 18.890 Prec@5 70.060 Loss 2.99809
Epoch [189] Testing Class Recall: [0.207,0.136,0.178,0.221,0.042,0.083,0.224,0.219,0.496,0.083]
Epoch [190] Training Results: Prec@1 85.726 Prec@5 99.758 Loss 0.03890
Epoch [190] Training Class Recall: [0.869,0.857,0.852,0.488,0.733,1.000,0.938,1.000,0.902,1.000]
Epoch [190] Testing Results: Prec@1 18.440 Prec@5 69.810 Loss 3.02032
Epoch [190] Testing Class Recall: [0.207,0.136,0.174,0.218,0.040,0.095,0.200,0.204,0.488,0.082]
Epoch [191] Training Results: Prec@1 84.919 Prec@5 99.839 Loss 0.03557
Epoch [191] Training Class Recall: [0.870,0.857,0.770,0.512,0.733,0.900,0.812,1.000,0.805,1.000]
Epoch [191] Testing Results: Prec@1 18.620 Prec@5 70.120 Loss 2.98943
Epoch [191] Testing Class Recall: [0.202,0.127,0.178,0.208,0.043,0.107,0.211,0.207,0.489,0.090]
Epoch [192] Training Results: Prec@1 85.726 Prec@5 99.919 Loss 0.03800
Epoch [192] Training Class Recall: [0.872,1.000,0.820,0.439,0.800,1.000,0.938,1.000,0.878,1.000]
Epoch [192] Testing Results: Prec@1 18.710 Prec@5 70.010 Loss 2.98077
Epoch [192] Testing Class Recall: [0.203,0.135,0.181,0.216,0.043,0.098,0.227,0.201,0.475,0.092]
Epoch [193] Training Results: Prec@1 84.677 Prec@5 99.839 Loss 0.03451
Epoch [193] Training Class Recall: [0.859,1.000,0.852,0.415,0.733,1.000,0.875,1.000,0.902,1.000]
Epoch [193] Testing Results: Prec@1 18.560 Prec@5 69.890 Loss 3.01884
Epoch [193] Testing Class Recall: [0.202,0.132,0.176,0.215,0.041,0.086,0.222,0.213,0.482,0.087]
Epoch [194] Training Results: Prec@1 85.726 Prec@5 99.677 Loss 0.03579
Epoch [194] Training Class Recall: [0.868,1.000,0.852,0.537,0.600,0.800,1.000,1.000,0.927,1.000]
Epoch [194] Testing Results: Prec@1 18.410 Prec@5 69.690 Loss 3.03902
Epoch [194] Testing Class Recall: [0.214,0.128,0.172,0.207,0.044,0.093,0.203,0.204,0.490,0.086]
Epoch [195] Training Results: Prec@1 85.726 Prec@5 99.677 Loss 0.03345
Epoch [195] Training Class Recall: [0.864,0.857,0.869,0.488,0.800,1.000,1.000,1.000,0.951,1.000]
Epoch [195] Testing Results: Prec@1 18.460 Prec@5 70.000 Loss 3.01040
Epoch [195] Testing Class Recall: [0.204,0.135,0.181,0.206,0.043,0.100,0.211,0.203,0.474,0.089]
Epoch [196] Training Results: Prec@1 85.806 Prec@5 99.758 Loss 0.03419
Epoch [196] Training Class Recall: [0.872,0.857,0.820,0.488,0.800,1.000,0.938,1.000,0.878,1.000]
Epoch [196] Testing Results: Prec@1 18.730 Prec@5 69.730 Loss 2.98713
Epoch [196] Testing Class Recall: [0.210,0.124,0.183,0.209,0.043,0.082,0.231,0.204,0.495,0.092]
Epoch [197] Training Results: Prec@1 86.129 Prec@5 99.839 Loss 0.04218
Epoch [197] Training Class Recall: [0.872,1.000,0.836,0.463,0.800,1.000,1.000,1.000,0.927,1.000]
Epoch [197] Testing Results: Prec@1 18.870 Prec@5 69.850 Loss 3.00574
Epoch [197] Testing Class Recall: [0.215,0.127,0.191,0.214,0.042,0.084,0.224,0.204,0.498,0.088]
Epoch [198] Training Results: Prec@1 85.806 Prec@5 100.000 Loss 0.03674
Epoch [198] Training Class Recall: [0.866,0.857,0.836,0.537,0.867,1.000,1.000,1.000,0.902,1.000]
Epoch [198] Testing Results: Prec@1 18.580 Prec@5 69.810 Loss 2.99923
Epoch [198] Testing Class Recall: [0.212,0.125,0.178,0.214,0.046,0.091,0.215,0.204,0.484,0.089]
Epoch [199] Training Results: Prec@1 84.597 Prec@5 99.919 Loss 0.03767
Epoch [199] Training Class Recall: [0.859,0.857,0.852,0.415,0.667,1.000,1.000,1.000,0.878,1.000]
Epoch [199] Testing Results: Prec@1 18.610 Prec@5 69.960 Loss 2.95889
Epoch [199] Testing Class Recall: [0.209,0.127,0.178,0.202,0.044,0.097,0.221,0.204,0.482,0.097]
