Log file: cifar10_sava1.0_mamix_drw_exp0.01_seed42_20260614_132836.log
Run started: 2026-06-14 13:28:36.101182
Dataset: cifar10
Imbalance type: exp, factor: 0.01
Selection method: sava, ratio: 1.0
Strategy: MAMix_DRW, epochs: 200
Seed: 42, rand_number: 0
Augmentation: weak
mixup_alpha: 1.0
mamix_ratio: 1.0
============================================================

=> No CSV or TensorBoard logging – only console and debug log.
-----------------------------------------------
Class ID   | Original   | Selected   | Keep %  
-----------------------------------------------
0          | 5000       | 5000       |  100.0%
1          | 2997       | 2997       |  100.0%
2          | 1796       | 1796       |  100.0%
3          | 1077       | 1077       |  100.0%
4          | 645        | 645        |  100.0%
5          | 387        | 387        |  100.0%
6          | 232        | 232        |  100.0%
7          | 139        | 139        |  100.0%
8          | 83         | 83         |  100.0%
9          | 50         | 50         |  100.0%
-----------------------------------------------
TOTAL      | 12406      | 12406      |  100.0%
-----------------------------------------------
Epoch [0] Training Results: Prec@1 47.654 Prec@5 91.544 Loss 1.48212
Epoch [0] Training Class Recall: [0.791,0.488,0.271,0.001,0.009,0.000,0.000,0.000,0.000,0.000]
Epoch [0] Testing Results: Prec@1 22.850 Prec@5 51.490 Loss 3.00489
Epoch [0] Testing Class Recall: [0.812,0.722,0.519,0.232,0.000,0.000,0.000,0.000,0.000,0.000]
Epoch [1] Training Results: Prec@1 54.071 Prec@5 92.907 Loss 1.33072
Epoch [1] Training Class Recall: [0.802,0.663,0.371,0.038,0.000,0.000,0.000,0.000,0.000,0.000]
Epoch [1] Testing Results: Prec@1 21.580 Prec@5 52.730 Loss 3.05487
Epoch [1] Testing Class Recall: [0.915,0.707,0.476,0.060,0.000,0.000,0.000,0.000,0.000,0.000]
Epoch [2] Training Results: Prec@1 58.512 Prec@5 93.431 Loss 1.24689
Epoch [2] Training Class Recall: [0.858,0.710,0.410,0.097,0.000,0.000,0.000,0.000,0.000,0.000]
Epoch [2] Testing Results: Prec@1 23.110 Prec@5 56.990 Loss 3.24140
Epoch [2] Testing Class Recall: [0.852,0.865,0.353,0.241,0.000,0.000,0.000,0.000,0.000,0.000]
Epoch [3] Training Results: Prec@1 62.446 Prec@5 93.850 Loss 1.20114
Epoch [3] Training Class Recall: [0.882,0.764,0.437,0.243,0.000,0.000,0.000,0.000,0.000,0.000]
Epoch [3] Testing Results: Prec@1 18.390 Prec@5 53.680 Loss 3.18972
Epoch [3] Testing Class Recall: [0.992,0.451,0.265,0.131,0.000,0.000,0.000,0.000,0.000,0.000]
Epoch [4] Training Results: Prec@1 63.888 Prec@5 94.003 Loss 1.18193
Epoch [4] Training Class Recall: [0.914,0.793,0.403,0.238,0.000,0.000,0.000,0.000,0.000,0.000]
Epoch [4] Testing Results: Prec@1 24.540 Prec@5 58.800 Loss 2.96554
Epoch [4] Testing Class Recall: [0.952,0.791,0.465,0.246,0.000,0.000,0.000,0.000,0.000,0.000]
Epoch [5] Training Results: Prec@1 65.662 Prec@5 94.446 Loss 1.15137
Epoch [5] Training Class Recall: [0.917,0.823,0.409,0.330,0.003,0.000,0.000,0.000,0.000,0.000]
Epoch [5] Testing Results: Prec@1 24.920 Prec@5 60.580 Loss 3.00930
Epoch [5] Testing Class Recall: [0.953,0.866,0.382,0.291,0.000,0.000,0.000,0.000,0.000,0.000]
Epoch [6] Training Results: Prec@1 66.573 Prec@5 94.261 Loss 1.16315
Epoch [6] Training Class Recall: [0.927,0.833,0.455,0.291,0.000,0.000,0.000,0.000,0.000,0.000]
Epoch [6] Testing Results: Prec@1 25.710 Prec@5 59.810 Loss 2.95988
Epoch [6] Testing Class Recall: [0.948,0.876,0.495,0.252,0.000,0.000,0.000,0.000,0.000,0.000]
Epoch [7] Training Results: Prec@1 68.265 Prec@5 94.712 Loss 1.11207
Epoch [7] Training Class Recall: [0.928,0.870,0.470,0.342,0.012,0.000,0.000,0.000,0.000,0.000]
Epoch [7] Testing Results: Prec@1 27.240 Prec@5 61.680 Loss 2.73903
Epoch [7] Testing Class Recall: [0.941,0.835,0.587,0.361,0.000,0.000,0.000,0.000,0.000,0.000]
Epoch [8] Training Results: Prec@1 69.281 Prec@5 94.656 Loss 1.10434
Epoch [8] Training Class Recall: [0.937,0.889,0.478,0.351,0.011,0.000,0.000,0.000,0.000,0.000]
Epoch [8] Testing Results: Prec@1 28.860 Prec@5 63.350 Loss 2.72585
Epoch [8] Testing Class Recall: [0.962,0.888,0.518,0.468,0.050,0.000,0.000,0.000,0.000,0.000]
Epoch [9] Training Results: Prec@1 70.426 Prec@5 94.954 Loss 1.09494
Epoch [9] Training Class Recall: [0.941,0.907,0.501,0.378,0.012,0.000,0.000,0.000,0.000,0.000]
Epoch [9] Testing Results: Prec@1 27.970 Prec@5 64.480 Loss 2.74641
Epoch [9] Testing Class Recall: [0.820,0.965,0.764,0.226,0.022,0.000,0.000,0.000,0.000,0.000]
Epoch [10] Training Results: Prec@1 69.845 Prec@5 94.882 Loss 1.09599
Epoch [10] Training Class Recall: [0.934,0.894,0.490,0.369,0.064,0.000,0.000,0.000,0.000,0.000]
Epoch [10] Testing Results: Prec@1 28.790 Prec@5 62.660 Loss 2.69645
Epoch [10] Testing Class Recall: [0.893,0.858,0.771,0.316,0.041,0.000,0.000,0.000,0.000,0.000]
Epoch [11] Training Results: Prec@1 72.231 Prec@5 95.228 Loss 1.05047
Epoch [11] Training Class Recall: [0.944,0.916,0.531,0.419,0.144,0.000,0.000,0.000,0.000,0.000]
Epoch [11] Testing Results: Prec@1 26.640 Prec@5 65.110 Loss 2.83397
Epoch [11] Testing Class Recall: [0.986,0.864,0.507,0.105,0.176,0.000,0.026,0.000,0.000,0.000]
Epoch [12] Training Results: Prec@1 72.207 Prec@5 95.325 Loss 1.08217
Epoch [12] Training Class Recall: [0.946,0.919,0.532,0.375,0.174,0.000,0.009,0.000,0.000,0.000]
Epoch [12] Testing Results: Prec@1 29.120 Prec@5 61.440 Loss 2.78985
Epoch [12] Testing Class Recall: [0.940,0.859,0.698,0.245,0.170,0.000,0.000,0.000,0.000,0.000]
Epoch [13] Training Results: Prec@1 73.980 Prec@5 95.768 Loss 1.04241
Epoch [13] Training Class Recall: [0.948,0.935,0.569,0.427,0.233,0.000,0.013,0.000,0.000,0.000]
Epoch [13] Testing Results: Prec@1 26.670 Prec@5 63.540 Loss 2.79684
Epoch [13] Testing Class Recall: [0.984,0.930,0.420,0.212,0.121,0.000,0.000,0.000,0.000,0.000]
Epoch [14] Training Results: Prec@1 74.923 Prec@5 95.808 Loss 1.01648
Epoch [14] Training Class Recall: [0.948,0.940,0.582,0.475,0.265,0.005,0.034,0.000,0.000,0.000]
Epoch [14] Testing Results: Prec@1 30.610 Prec@5 68.030 Loss 2.46938
Epoch [14] Testing Class Recall: [0.965,0.915,0.440,0.285,0.418,0.000,0.038,0.000,0.000,0.000]
Epoch [15] Training Results: Prec@1 75.705 Prec@5 96.284 Loss 0.99816
Epoch [15] Training Class Recall: [0.952,0.942,0.586,0.481,0.349,0.005,0.052,0.000,0.000,0.000]
Epoch [15] Testing Results: Prec@1 35.260 Prec@5 67.450 Loss 2.52622
Epoch [15] Testing Class Recall: [0.899,0.957,0.765,0.456,0.298,0.000,0.151,0.000,0.000,0.000]
Epoch [16] Training Results: Prec@1 76.632 Prec@5 96.453 Loss 1.00759
Epoch [16] Training Class Recall: [0.956,0.944,0.619,0.489,0.361,0.010,0.103,0.000,0.000,0.000]
Epoch [16] Testing Results: Prec@1 34.030 Prec@5 71.140 Loss 2.66033
Epoch [16] Testing Class Recall: [0.969,0.960,0.541,0.433,0.335,0.000,0.165,0.000,0.000,0.000]
Epoch [17] Training Results: Prec@1 76.769 Prec@5 96.760 Loss 1.00143
Epoch [17] Training Class Recall: [0.964,0.951,0.597,0.511,0.313,0.013,0.103,0.000,0.000,0.000]
Epoch [17] Testing Results: Prec@1 35.150 Prec@5 72.190 Loss 2.47798
Epoch [17] Testing Class Recall: [0.966,0.956,0.586,0.537,0.383,0.017,0.070,0.000,0.000,0.000]
Epoch [18] Training Results: Prec@1 78.406 Prec@5 96.872 Loss 0.98532
Epoch [18] Training Class Recall: [0.962,0.957,0.648,0.539,0.402,0.041,0.134,0.007,0.000,0.000]
Epoch [18] Testing Results: Prec@1 36.440 Prec@5 77.840 Loss 2.46105
Epoch [18] Testing Class Recall: [0.993,0.917,0.520,0.458,0.424,0.000,0.323,0.009,0.000,0.000]
Epoch [19] Training Results: Prec@1 78.591 Prec@5 97.018 Loss 0.97759
Epoch [19] Training Class Recall: [0.961,0.954,0.659,0.552,0.391,0.044,0.164,0.022,0.000,0.000]
Epoch [19] Testing Results: Prec@1 38.650 Prec@5 72.870 Loss 2.38861
Epoch [19] Testing Class Recall: [0.937,0.951,0.754,0.506,0.512,0.060,0.095,0.050,0.000,0.000]
Epoch [20] Training Results: Prec@1 79.204 Prec@5 97.138 Loss 0.96058
Epoch [20] Training Class Recall: [0.963,0.960,0.656,0.563,0.429,0.070,0.168,0.050,0.000,0.000]
Epoch [20] Testing Results: Prec@1 43.240 Prec@5 77.070 Loss 2.12414
Epoch [20] Testing Class Recall: [0.944,0.982,0.719,0.655,0.626,0.124,0.154,0.120,0.000,0.000]
Epoch [21] Training Results: Prec@1 79.462 Prec@5 97.211 Loss 0.94037
Epoch [21] Training Class Recall: [0.958,0.956,0.685,0.565,0.433,0.078,0.211,0.050,0.000,0.000]
Epoch [21] Testing Results: Prec@1 39.710 Prec@5 78.590 Loss 2.33210
Epoch [21] Testing Class Recall: [0.964,0.927,0.675,0.633,0.381,0.076,0.245,0.070,0.000,0.000]
Epoch [22] Training Results: Prec@1 80.437 Prec@5 97.437 Loss 0.94545
Epoch [22] Training Class Recall: [0.965,0.954,0.689,0.587,0.495,0.103,0.267,0.036,0.000,0.000]
Epoch [22] Testing Results: Prec@1 40.780 Prec@5 77.720 Loss 2.30901
Epoch [22] Testing Class Recall: [0.952,0.976,0.724,0.372,0.508,0.102,0.334,0.110,0.000,0.000]
Epoch [23] Training Results: Prec@1 80.937 Prec@5 97.429 Loss 0.94765
Epoch [23] Training Class Recall: [0.964,0.960,0.694,0.614,0.499,0.109,0.267,0.072,0.000,0.000]
Epoch [23] Testing Results: Prec@1 38.450 Prec@5 78.110 Loss 2.26940
Epoch [23] Testing Class Recall: [0.978,0.980,0.343,0.425,0.524,0.126,0.456,0.013,0.000,0.000]
Epoch [24] Training Results: Prec@1 81.509 Prec@5 97.679 Loss 0.91729
Epoch [24] Training Class Recall: [0.964,0.971,0.695,0.603,0.510,0.202,0.284,0.065,0.000,0.000]
Epoch [24] Testing Results: Prec@1 36.130 Prec@5 76.120 Loss 2.47118
Epoch [24] Testing Class Recall: [0.985,0.953,0.523,0.605,0.144,0.035,0.352,0.016,0.000,0.000]
Epoch [25] Training Results: Prec@1 81.227 Prec@5 97.542 Loss 0.94706
Epoch [25] Training Class Recall: [0.966,0.961,0.703,0.608,0.485,0.163,0.276,0.079,0.000,0.000]
Epoch [25] Testing Results: Prec@1 36.930 Prec@5 80.670 Loss 2.35579
Epoch [25] Testing Class Recall: [0.982,0.901,0.732,0.333,0.320,0.061,0.298,0.066,0.000,0.000]
Epoch [26] Training Results: Prec@1 82.178 Prec@5 97.743 Loss 0.92284
Epoch [26] Training Class Recall: [0.967,0.966,0.717,0.623,0.527,0.227,0.293,0.086,0.000,0.000]
Epoch [26] Testing Results: Prec@1 42.050 Prec@5 84.940 Loss 2.01105
Epoch [26] Testing Class Recall: [0.988,0.915,0.557,0.380,0.463,0.411,0.315,0.176,0.000,0.000]
Epoch [27] Training Results: Prec@1 82.009 Prec@5 97.856 Loss 0.93255
Epoch [27] Training Class Recall: [0.969,0.967,0.703,0.601,0.519,0.243,0.332,0.122,0.000,0.000]
Epoch [27] Testing Results: Prec@1 46.000 Prec@5 81.230 Loss 1.97144
Epoch [27] Testing Class Recall: [0.961,0.967,0.734,0.513,0.597,0.299,0.330,0.199,0.000,0.000]
Epoch [28] Training Results: Prec@1 82.323 Prec@5 97.848 Loss 0.92966
Epoch [28] Training Class Recall: [0.963,0.960,0.736,0.618,0.549,0.217,0.328,0.129,0.000,0.000]
Epoch [28] Testing Results: Prec@1 44.320 Prec@5 79.630 Loss 2.17989
Epoch [28] Testing Class Recall: [0.949,0.949,0.780,0.477,0.522,0.205,0.425,0.125,0.000,0.000]
Epoch [29] Training Results: Prec@1 82.492 Prec@5 97.872 Loss 0.92792
Epoch [29] Training Class Recall: [0.964,0.967,0.728,0.626,0.512,0.248,0.349,0.201,0.000,0.000]
Epoch [29] Testing Results: Prec@1 43.480 Prec@5 86.730 Loss 1.92007
Epoch [29] Testing Class Recall: [0.980,0.958,0.598,0.471,0.262,0.550,0.403,0.120,0.006,0.000]
Epoch [30] Training Results: Prec@1 82.637 Prec@5 98.057 Loss 0.92839
Epoch [30] Training Class Recall: [0.973,0.964,0.708,0.621,0.535,0.266,0.362,0.173,0.012,0.000]
Epoch [30] Testing Results: Prec@1 49.580 Prec@5 83.870 Loss 1.86040
Epoch [30] Testing Class Recall: [0.970,0.976,0.532,0.594,0.552,0.542,0.505,0.287,0.000,0.000]
Epoch [31] Training Results: Prec@1 82.944 Prec@5 98.202 Loss 0.94461
Epoch [31] Training Class Recall: [0.973,0.969,0.711,0.624,0.578,0.238,0.341,0.194,0.024,0.000]
Epoch [31] Testing Results: Prec@1 39.430 Prec@5 84.870 Loss 2.33003
Epoch [31] Testing Class Recall: [0.962,0.984,0.546,0.548,0.313,0.167,0.205,0.218,0.000,0.000]
Epoch [32] Training Results: Prec@1 83.992 Prec@5 98.194 Loss 0.90261
Epoch [32] Training Class Recall: [0.978,0.972,0.737,0.656,0.580,0.282,0.310,0.216,0.024,0.000]
Epoch [32] Testing Results: Prec@1 44.220 Prec@5 81.720 Loss 2.13704
Epoch [32] Testing Class Recall: [0.944,0.982,0.836,0.635,0.336,0.238,0.346,0.095,0.010,0.000]
Epoch [33] Training Results: Prec@1 84.040 Prec@5 98.202 Loss 0.91716
Epoch [33] Training Class Recall: [0.971,0.973,0.741,0.651,0.609,0.289,0.328,0.237,0.096,0.000]
Epoch [33] Testing Results: Prec@1 49.990 Prec@5 86.530 Loss 1.79982
Epoch [33] Testing Class Recall: [0.983,0.967,0.770,0.555,0.584,0.288,0.465,0.345,0.042,0.000]
Epoch [34] Training Results: Prec@1 84.620 Prec@5 98.259 Loss 0.89053
Epoch [34] Training Class Recall: [0.970,0.972,0.777,0.656,0.584,0.346,0.349,0.245,0.060,0.000]
Epoch [34] Testing Results: Prec@1 47.430 Prec@5 83.530 Loss 2.01936
Epoch [34] Testing Class Recall: [0.967,0.984,0.662,0.573,0.677,0.215,0.441,0.215,0.009,0.000]
Epoch [35] Training Results: Prec@1 84.943 Prec@5 98.323 Loss 0.88339
Epoch [35] Training Class Recall: [0.972,0.969,0.778,0.669,0.600,0.336,0.414,0.252,0.108,0.000]
Epoch [35] Testing Results: Prec@1 48.730 Prec@5 88.860 Loss 1.92366
Epoch [35] Testing Class Recall: [0.952,0.989,0.744,0.434,0.628,0.308,0.459,0.296,0.063,0.000]
Epoch [36] Training Results: Prec@1 85.660 Prec@5 98.549 Loss 0.87977
Epoch [36] Training Class Recall: [0.975,0.972,0.790,0.677,0.611,0.339,0.405,0.367,0.229,0.000]
Epoch [36] Testing Results: Prec@1 50.730 Prec@5 85.400 Loss 1.81292
Epoch [36] Testing Class Recall: [0.960,0.974,0.691,0.710,0.557,0.377,0.396,0.383,0.025,0.000]
Epoch [37] Training Results: Prec@1 85.120 Prec@5 98.412 Loss 0.89995
Epoch [37] Training Class Recall: [0.970,0.971,0.787,0.693,0.609,0.344,0.336,0.180,0.145,0.000]
Epoch [37] Testing Results: Prec@1 44.470 Prec@5 85.560 Loss 2.01805
Epoch [37] Testing Class Recall: [0.966,0.984,0.665,0.630,0.532,0.156,0.318,0.156,0.040,0.000]
Epoch [38] Training Results: Prec@1 86.031 Prec@5 98.404 Loss 0.88251
Epoch [38] Training Class Recall: [0.975,0.972,0.798,0.706,0.634,0.318,0.435,0.266,0.277,0.000]
Epoch [38] Testing Results: Prec@1 50.780 Prec@5 85.680 Loss 1.75386
Epoch [38] Testing Class Recall: [0.949,0.988,0.802,0.617,0.618,0.116,0.549,0.245,0.194,0.000]
Epoch [39] Training Results: Prec@1 85.523 Prec@5 98.477 Loss 0.85743
Epoch [39] Training Class Recall: [0.967,0.968,0.791,0.702,0.636,0.357,0.388,0.317,0.205,0.000]
Epoch [39] Testing Results: Prec@1 45.190 Prec@5 79.330 Loss 2.30269
Epoch [39] Testing Class Recall: [0.901,0.996,0.669,0.718,0.485,0.252,0.332,0.166,0.000,0.000]
Epoch [40] Training Results: Prec@1 85.862 Prec@5 98.565 Loss 0.87981
Epoch [40] Training Class Recall: [0.974,0.969,0.787,0.698,0.634,0.323,0.513,0.288,0.217,0.020]
Epoch [40] Testing Results: Prec@1 45.680 Prec@5 85.760 Loss 1.94999
Epoch [40] Testing Class Recall: [0.993,0.870,0.764,0.529,0.583,0.329,0.257,0.187,0.056,0.000]
Epoch [41] Training Results: Prec@1 86.410 Prec@5 98.581 Loss 0.87396
Epoch [41] Training Class Recall: [0.971,0.973,0.801,0.702,0.639,0.393,0.474,0.353,0.337,0.020]
Epoch [41] Testing Results: Prec@1 47.430 Prec@5 83.810 Loss 2.01367
Epoch [41] Testing Class Recall: [0.970,0.983,0.767,0.747,0.361,0.312,0.266,0.320,0.017,0.000]
Epoch [42] Training Results: Prec@1 86.458 Prec@5 98.509 Loss 0.91179
Epoch [42] Training Class Recall: [0.982,0.976,0.802,0.683,0.659,0.339,0.401,0.317,0.277,0.000]
Epoch [42] Testing Results: Prec@1 53.160 Prec@5 86.440 Loss 1.62705
Epoch [42] Testing Class Recall: [0.934,0.994,0.669,0.609,0.753,0.535,0.299,0.383,0.140,0.000]
Epoch [43] Training Results: Prec@1 86.724 Prec@5 98.702 Loss 0.84749
Epoch [43] Training Class Recall: [0.973,0.975,0.810,0.718,0.682,0.390,0.388,0.302,0.265,0.020]
Epoch [43] Testing Results: Prec@1 49.160 Prec@5 85.850 Loss 1.92375
Epoch [43] Testing Class Recall: [0.984,0.958,0.724,0.586,0.547,0.186,0.626,0.241,0.036,0.028]
Epoch [44] Training Results: Prec@1 87.063 Prec@5 98.783 Loss 0.91725
Epoch [44] Training Class Recall: [0.973,0.975,0.805,0.746,0.698,0.367,0.457,0.309,0.253,0.040]
Epoch [44] Testing Results: Prec@1 46.510 Prec@5 85.280 Loss 2.07667
Epoch [44] Testing Class Recall: [0.981,0.977,0.621,0.680,0.509,0.325,0.357,0.195,0.006,0.000]
Epoch [45] Training Results: Prec@1 87.039 Prec@5 98.630 Loss 0.86931
Epoch [45] Training Class Recall: [0.973,0.979,0.813,0.719,0.707,0.357,0.444,0.302,0.301,0.020]
Epoch [45] Testing Results: Prec@1 44.330 Prec@5 87.950 Loss 1.86106
Epoch [45] Testing Class Recall: [0.989,0.965,0.700,0.467,0.400,0.350,0.237,0.134,0.149,0.042]
Epoch [46] Training Results: Prec@1 86.926 Prec@5 98.702 Loss 0.84918
Epoch [46] Training Class Recall: [0.974,0.971,0.797,0.723,0.724,0.390,0.448,0.295,0.325,0.060]
Epoch [46] Testing Results: Prec@1 49.510 Prec@5 82.610 Loss 1.91246
Epoch [46] Testing Class Recall: [0.975,0.938,0.793,0.647,0.713,0.315,0.347,0.203,0.009,0.011]
Epoch [47] Training Results: Prec@1 87.869 Prec@5 98.759 Loss 0.87348
Epoch [47] Training Class Recall: [0.976,0.973,0.824,0.747,0.743,0.388,0.491,0.410,0.205,0.040]
Epoch [47] Testing Results: Prec@1 44.450 Prec@5 88.430 Loss 1.88893
Epoch [47] Testing Class Recall: [0.992,0.961,0.649,0.522,0.487,0.272,0.164,0.232,0.121,0.045]
Epoch [48] Training Results: Prec@1 87.627 Prec@5 98.912 Loss 0.85733
Epoch [48] Training Class Recall: [0.972,0.978,0.801,0.746,0.732,0.439,0.500,0.324,0.349,0.140]
Epoch [48] Testing Results: Prec@1 46.720 Prec@5 81.090 Loss 2.06400
Epoch [48] Testing Class Recall: [0.803,0.982,0.909,0.598,0.707,0.335,0.128,0.138,0.068,0.004]
Epoch [49] Training Results: Prec@1 87.804 Prec@5 98.920 Loss 0.84942
Epoch [49] Training Class Recall: [0.975,0.981,0.821,0.738,0.707,0.390,0.526,0.374,0.313,0.060]
Epoch [49] Testing Results: Prec@1 47.270 Prec@5 83.570 Loss 2.00126
Epoch [49] Testing Class Recall: [0.957,0.973,0.828,0.707,0.588,0.024,0.372,0.098,0.166,0.014]
Epoch [50] Training Results: Prec@1 88.070 Prec@5 98.799 Loss 0.84685
Epoch [50] Training Class Recall: [0.972,0.979,0.846,0.747,0.743,0.351,0.478,0.353,0.373,0.080]
Epoch [50] Testing Results: Prec@1 55.020 Prec@5 89.470 Loss 1.66637
Epoch [50] Testing Class Recall: [0.984,0.982,0.732,0.589,0.691,0.472,0.534,0.407,0.050,0.061]
Epoch [51] Training Results: Prec@1 88.530 Prec@5 98.944 Loss 0.86758
Epoch [51] Training Class Recall: [0.971,0.982,0.850,0.773,0.724,0.421,0.504,0.374,0.289,0.060]
Epoch [51] Testing Results: Prec@1 55.970 Prec@5 90.560 Loss 1.47827
Epoch [51] Testing Class Recall: [0.955,0.990,0.787,0.772,0.679,0.310,0.353,0.434,0.114,0.203]
Epoch [52] Training Results: Prec@1 87.885 Prec@5 98.863 Loss 0.84935
Epoch [52] Training Class Recall: [0.975,0.970,0.825,0.741,0.752,0.416,0.474,0.345,0.398,0.080]
Epoch [52] Testing Results: Prec@1 50.880 Prec@5 89.000 Loss 1.71885
Epoch [52] Testing Class Recall: [0.987,0.985,0.697,0.727,0.639,0.148,0.376,0.371,0.065,0.093]
Epoch [53] Training Results: Prec@1 87.990 Prec@5 99.113 Loss 0.88054
Epoch [53] Training Class Recall: [0.978,0.978,0.824,0.761,0.698,0.380,0.522,0.367,0.301,0.080]
Epoch [53] Testing Results: Prec@1 46.990 Prec@5 88.600 Loss 1.85215
Epoch [53] Testing Class Recall: [0.985,0.971,0.756,0.463,0.493,0.289,0.384,0.248,0.069,0.041]
Epoch [54] Training Results: Prec@1 88.103 Prec@5 98.855 Loss 0.84647
Epoch [54] Training Class Recall: [0.972,0.975,0.827,0.755,0.729,0.411,0.565,0.388,0.386,0.100]
Epoch [54] Testing Results: Prec@1 53.970 Prec@5 85.100 Loss 1.67950
Epoch [54] Testing Class Recall: [0.960,0.988,0.753,0.794,0.617,0.332,0.536,0.256,0.136,0.025]
Epoch [55] Training Results: Prec@1 88.764 Prec@5 99.041 Loss 0.84740
Epoch [55] Training Class Recall: [0.977,0.976,0.827,0.785,0.763,0.463,0.483,0.367,0.410,0.100]
Epoch [55] Testing Results: Prec@1 59.080 Prec@5 88.530 Loss 1.44430
Epoch [55] Testing Class Recall: [0.971,0.987,0.768,0.702,0.648,0.545,0.430,0.614,0.112,0.131]
Epoch [56] Training Results: Prec@1 88.699 Prec@5 99.009 Loss 0.80250
Epoch [56] Training Class Recall: [0.973,0.977,0.841,0.783,0.784,0.426,0.448,0.331,0.301,0.240]
Epoch [56] Testing Results: Prec@1 46.340 Prec@5 89.590 Loss 1.82665
Epoch [56] Testing Class Recall: [0.922,0.993,0.927,0.325,0.388,0.286,0.382,0.195,0.169,0.047]
Epoch [57] Training Results: Prec@1 88.433 Prec@5 98.952 Loss 0.84626
Epoch [57] Training Class Recall: [0.974,0.979,0.834,0.748,0.743,0.450,0.491,0.417,0.325,0.240]
Epoch [57] Testing Results: Prec@1 46.910 Prec@5 85.490 Loss 1.91182
Epoch [57] Testing Class Recall: [0.979,0.975,0.841,0.574,0.496,0.208,0.476,0.098,0.021,0.023]
Epoch [58] Training Results: Prec@1 89.328 Prec@5 99.121 Loss 0.85321
Epoch [58] Training Class Recall: [0.977,0.976,0.845,0.782,0.771,0.535,0.509,0.439,0.277,0.140]
Epoch [58] Testing Results: Prec@1 58.840 Prec@5 92.030 Loss 1.34832
Epoch [58] Testing Class Recall: [0.978,0.952,0.817,0.566,0.540,0.469,0.453,0.358,0.375,0.376]
Epoch [59] Training Results: Prec@1 89.142 Prec@5 99.025 Loss 0.83717
Epoch [59] Training Class Recall: [0.979,0.981,0.839,0.765,0.763,0.463,0.513,0.345,0.458,0.300]
Epoch [59] Testing Results: Prec@1 53.280 Prec@5 88.870 Loss 1.59157
Epoch [59] Testing Class Recall: [0.975,0.994,0.742,0.707,0.579,0.491,0.322,0.249,0.108,0.161]
Epoch [60] Training Results: Prec@1 89.497 Prec@5 99.049 Loss 0.85342
Epoch [60] Training Class Recall: [0.974,0.983,0.860,0.789,0.772,0.444,0.582,0.381,0.301,0.180]
Epoch [60] Testing Results: Prec@1 56.970 Prec@5 87.170 Loss 1.55207
Epoch [60] Testing Class Recall: [0.983,0.962,0.797,0.600,0.589,0.476,0.599,0.381,0.266,0.044]
Epoch [61] Training Results: Prec@1 88.772 Prec@5 99.009 Loss 0.83685
Epoch [61] Training Class Recall: [0.971,0.979,0.836,0.763,0.766,0.478,0.573,0.381,0.373,0.060]
Epoch [61] Testing Results: Prec@1 51.490 Prec@5 89.710 Loss 1.62690
Epoch [61] Testing Class Recall: [0.985,0.977,0.774,0.668,0.424,0.309,0.369,0.282,0.134,0.227]
Epoch [62] Training Results: Prec@1 89.344 Prec@5 99.057 Loss 0.84336
Epoch [62] Training Class Recall: [0.971,0.984,0.856,0.784,0.744,0.504,0.522,0.417,0.373,0.260]
Epoch [62] Testing Results: Prec@1 52.600 Prec@5 88.030 Loss 1.58886
Epoch [62] Testing Class Recall: [0.980,0.989,0.626,0.656,0.513,0.482,0.543,0.288,0.155,0.028]
Epoch [63] Training Results: Prec@1 88.788 Prec@5 99.057 Loss 0.86326
Epoch [63] Training Class Recall: [0.977,0.983,0.805,0.796,0.741,0.514,0.491,0.367,0.398,0.140]
Epoch [63] Testing Results: Prec@1 51.250 Prec@5 87.180 Loss 1.73635
Epoch [63] Testing Class Recall: [0.991,0.952,0.775,0.507,0.579,0.532,0.267,0.294,0.124,0.104]
Epoch [64] Training Results: Prec@1 89.320 Prec@5 99.097 Loss 0.82664
Epoch [64] Training Class Recall: [0.975,0.985,0.840,0.788,0.729,0.506,0.534,0.432,0.410,0.200]
Epoch [64] Testing Results: Prec@1 52.040 Prec@5 88.570 Loss 1.71722
Epoch [64] Testing Class Recall: [0.947,0.995,0.797,0.558,0.503,0.423,0.389,0.467,0.097,0.028]
Epoch [65] Training Results: Prec@1 89.255 Prec@5 99.105 Loss 0.86233
Epoch [65] Training Class Recall: [0.968,0.977,0.864,0.797,0.771,0.473,0.522,0.396,0.337,0.160]
Epoch [65] Testing Results: Prec@1 43.310 Prec@5 89.590 Loss 1.88630
Epoch [65] Testing Class Recall: [0.990,0.952,0.482,0.471,0.536,0.299,0.190,0.191,0.038,0.182]
Epoch [66] Training Results: Prec@1 89.578 Prec@5 99.065 Loss 0.83370
Epoch [66] Training Class Recall: [0.975,0.979,0.860,0.804,0.752,0.470,0.569,0.432,0.277,0.200]
Epoch [66] Testing Results: Prec@1 51.740 Prec@5 89.860 Loss 1.68056
Epoch [66] Testing Class Recall: [0.989,0.981,0.696,0.375,0.486,0.643,0.371,0.349,0.243,0.041]
Epoch [67] Training Results: Prec@1 89.932 Prec@5 99.081 Loss 0.84321
Epoch [67] Training Class Recall: [0.973,0.984,0.866,0.800,0.791,0.421,0.612,0.460,0.410,0.240]
Epoch [67] Testing Results: Prec@1 54.490 Prec@5 89.330 Loss 1.64751
Epoch [67] Testing Class Recall: [0.991,0.964,0.711,0.612,0.654,0.434,0.368,0.469,0.015,0.231]
Epoch [68] Training Results: Prec@1 89.852 Prec@5 99.178 Loss 0.82737
Epoch [68] Training Class Recall: [0.976,0.983,0.858,0.799,0.788,0.486,0.552,0.468,0.241,0.240]
Epoch [68] Testing Results: Prec@1 50.970 Prec@5 85.150 Loss 1.79832
Epoch [68] Testing Class Recall: [0.970,0.971,0.856,0.686,0.446,0.479,0.306,0.226,0.128,0.029]
Epoch [69] Training Results: Prec@1 89.997 Prec@5 99.121 Loss 0.85227
Epoch [69] Training Class Recall: [0.975,0.986,0.849,0.817,0.771,0.473,0.603,0.453,0.386,0.300]
Epoch [69] Testing Results: Prec@1 47.490 Prec@5 87.060 Loss 1.82733
Epoch [69] Testing Class Recall: [0.993,0.974,0.555,0.734,0.381,0.384,0.273,0.246,0.070,0.139]
Epoch [70] Training Results: Prec@1 89.892 Prec@5 99.202 Loss 0.86271
Epoch [70] Training Class Recall: [0.975,0.984,0.858,0.819,0.755,0.478,0.543,0.489,0.349,0.240]
Epoch [70] Testing Results: Prec@1 48.300 Prec@5 87.840 Loss 1.81847
Epoch [70] Testing Class Recall: [0.976,0.976,0.820,0.559,0.382,0.336,0.372,0.169,0.102,0.138]
Epoch [71] Training Results: Prec@1 89.884 Prec@5 99.258 Loss 0.84404
Epoch [71] Training Class Recall: [0.981,0.982,0.849,0.785,0.806,0.447,0.543,0.446,0.361,0.400]
Epoch [71] Testing Results: Prec@1 54.960 Prec@5 87.500 Loss 1.67503
Epoch [71] Testing Class Recall: [0.987,0.982,0.696,0.694,0.680,0.305,0.628,0.356,0.107,0.061]
Epoch [72] Training Results: Prec@1 90.021 Prec@5 99.081 Loss 0.80276
Epoch [72] Training Class Recall: [0.975,0.978,0.859,0.798,0.811,0.512,0.569,0.511,0.289,0.260]
Epoch [72] Testing Results: Prec@1 50.650 Prec@5 89.900 Loss 1.93998
Epoch [72] Testing Class Recall: [0.995,0.951,0.692,0.744,0.573,0.323,0.423,0.321,0.026,0.017]
Epoch [73] Training Results: Prec@1 90.158 Prec@5 99.234 Loss 0.83898
Epoch [73] Training Class Recall: [0.978,0.981,0.859,0.790,0.811,0.525,0.603,0.460,0.301,0.180]
Epoch [73] Testing Results: Prec@1 51.200 Prec@5 88.730 Loss 1.72261
Epoch [73] Testing Class Recall: [0.981,0.983,0.815,0.636,0.550,0.263,0.451,0.218,0.040,0.183]
Epoch [74] Training Results: Prec@1 90.158 Prec@5 99.202 Loss 0.82324
Epoch [74] Training Class Recall: [0.976,0.983,0.863,0.795,0.791,0.589,0.534,0.367,0.301,0.280]
Epoch [74] Testing Results: Prec@1 49.570 Prec@5 90.180 Loss 1.78173
Epoch [74] Testing Class Recall: [0.967,0.994,0.705,0.596,0.492,0.366,0.402,0.307,0.077,0.051]
Epoch [75] Training Results: Prec@1 90.650 Prec@5 99.138 Loss 0.85474
Epoch [75] Training Class Recall: [0.979,0.981,0.878,0.797,0.781,0.558,0.612,0.482,0.361,0.300]
Epoch [75] Testing Results: Prec@1 52.750 Prec@5 86.810 Loss 1.64458
Epoch [75] Testing Class Recall: [0.994,0.936,0.554,0.571,0.764,0.539,0.245,0.266,0.289,0.117]
Epoch [76] Training Results: Prec@1 89.449 Prec@5 99.065 Loss 0.80824
Epoch [76] Training Class Recall: [0.974,0.980,0.839,0.770,0.786,0.519,0.586,0.460,0.386,0.300]
Epoch [76] Testing Results: Prec@1 56.770 Prec@5 87.500 Loss 1.51378
Epoch [76] Testing Class Recall: [0.960,0.986,0.704,0.719,0.403,0.617,0.628,0.282,0.162,0.216]
Epoch [77] Training Results: Prec@1 90.126 Prec@5 99.283 Loss 0.82659
Epoch [77] Training Class Recall: [0.974,0.982,0.856,0.797,0.783,0.553,0.621,0.482,0.361,0.200]
Epoch [77] Testing Results: Prec@1 54.430 Prec@5 88.800 Loss 1.71654
Epoch [77] Testing Class Recall: [0.965,0.973,0.826,0.624,0.576,0.494,0.407,0.342,0.168,0.068]
Epoch [78] Training Results: Prec@1 90.360 Prec@5 99.299 Loss 0.81716
Epoch [78] Training Class Recall: [0.977,0.985,0.852,0.800,0.834,0.519,0.603,0.403,0.410,0.260]
Epoch [78] Testing Results: Prec@1 48.400 Prec@5 88.040 Loss 1.80303
Epoch [78] Testing Class Recall: [0.983,0.948,0.823,0.629,0.479,0.411,0.144,0.271,0.119,0.033]
Epoch [79] Training Results: Prec@1 90.827 Prec@5 99.315 Loss 0.80363
Epoch [79] Training Class Recall: [0.976,0.982,0.860,0.827,0.817,0.574,0.586,0.540,0.470,0.180]
Epoch [79] Testing Results: Prec@1 53.010 Prec@5 87.130 Loss 1.78868
Epoch [79] Testing Class Recall: [0.982,0.988,0.821,0.561,0.544,0.542,0.318,0.425,0.058,0.062]
Epoch [80] Training Results: Prec@1 90.351 Prec@5 99.307 Loss 0.82309
Epoch [80] Training Class Recall: [0.977,0.981,0.860,0.797,0.795,0.566,0.565,0.453,0.458,0.340]
Epoch [80] Testing Results: Prec@1 52.740 Prec@5 87.380 Loss 1.77979
Epoch [80] Testing Class Recall: [0.986,0.948,0.761,0.747,0.788,0.294,0.333,0.156,0.239,0.022]
Epoch [81] Training Results: Prec@1 90.682 Prec@5 99.323 Loss 0.82078
Epoch [81] Training Class Recall: [0.978,0.980,0.869,0.797,0.834,0.589,0.595,0.396,0.434,0.220]
Epoch [81] Testing Results: Prec@1 57.150 Prec@5 87.680 Loss 1.55020
Epoch [81] Testing Class Recall: [0.956,0.989,0.823,0.720,0.740,0.335,0.306,0.498,0.078,0.270]
Epoch [82] Training Results: Prec@1 90.231 Prec@5 99.202 Loss 0.82616
Epoch [82] Training Class Recall: [0.979,0.979,0.850,0.812,0.803,0.532,0.552,0.504,0.337,0.280]
Epoch [82] Testing Results: Prec@1 53.250 Prec@5 89.740 Loss 1.67067
Epoch [82] Testing Class Recall: [0.977,0.970,0.910,0.540,0.391,0.506,0.454,0.350,0.123,0.104]
Epoch [83] Training Results: Prec@1 90.529 Prec@5 99.275 Loss 0.79864
Epoch [83] Training Class Recall: [0.981,0.981,0.854,0.810,0.819,0.540,0.586,0.381,0.446,0.380]
Epoch [83] Testing Results: Prec@1 57.210 Prec@5 88.920 Loss 1.52187
Epoch [83] Testing Class Recall: [0.979,0.976,0.770,0.621,0.668,0.500,0.420,0.448,0.159,0.180]
Epoch [84] Training Results: Prec@1 90.569 Prec@5 99.307 Loss 0.81766
Epoch [84] Training Class Recall: [0.977,0.980,0.864,0.806,0.808,0.540,0.608,0.511,0.458,0.240]
Epoch [84] Testing Results: Prec@1 46.760 Prec@5 86.060 Loss 1.93351
Epoch [84] Testing Class Recall: [0.984,0.989,0.638,0.322,0.489,0.701,0.412,0.055,0.062,0.024]
Epoch [85] Training Results: Prec@1 91.117 Prec@5 99.331 Loss 0.79612
Epoch [85] Training Class Recall: [0.976,0.982,0.876,0.829,0.833,0.519,0.651,0.547,0.398,0.340]
Epoch [85] Testing Results: Prec@1 53.040 Prec@5 91.570 Loss 1.53727
Epoch [85] Testing Class Recall: [0.965,0.984,0.825,0.491,0.547,0.373,0.330,0.270,0.148,0.371]
Epoch [86] Training Results: Prec@1 90.714 Prec@5 99.291 Loss 0.82091
Epoch [86] Training Class Recall: [0.976,0.976,0.895,0.796,0.812,0.532,0.621,0.532,0.410,0.100]
Epoch [86] Testing Results: Prec@1 51.190 Prec@5 91.010 Loss 1.57469
Epoch [86] Testing Class Recall: [0.996,0.950,0.622,0.626,0.418,0.394,0.323,0.238,0.162,0.390]
Epoch [87] Training Results: Prec@1 90.996 Prec@5 99.299 Loss 0.83295
Epoch [87] Training Class Recall: [0.977,0.981,0.881,0.801,0.825,0.545,0.638,0.540,0.410,0.340]
Epoch [87] Testing Results: Prec@1 58.330 Prec@5 87.100 Loss 1.53526
Epoch [87] Testing Class Recall: [0.929,0.979,0.600,0.863,0.689,0.535,0.449,0.379,0.228,0.182]
Epoch [88] Training Results: Prec@1 90.787 Prec@5 99.250 Loss 0.80902
Epoch [88] Training Class Recall: [0.981,0.986,0.859,0.789,0.800,0.558,0.642,0.547,0.506,0.200]
Epoch [88] Testing Results: Prec@1 58.900 Prec@5 89.060 Loss 1.49189
Epoch [88] Testing Class Recall: [0.981,0.971,0.810,0.695,0.742,0.408,0.572,0.221,0.166,0.324]
Epoch [89] Training Results: Prec@1 90.964 Prec@5 99.315 Loss 0.84374
Epoch [89] Training Class Recall: [0.973,0.984,0.880,0.828,0.842,0.527,0.586,0.496,0.373,0.340]
Epoch [89] Testing Results: Prec@1 59.270 Prec@5 90.350 Loss 1.40850
Epoch [89] Testing Class Recall: [0.967,0.993,0.818,0.511,0.574,0.623,0.587,0.339,0.360,0.155]
Epoch [90] Training Results: Prec@1 91.303 Prec@5 99.339 Loss 0.80402
Epoch [90] Training Class Recall: [0.975,0.985,0.894,0.819,0.851,0.553,0.608,0.460,0.434,0.220]
Epoch [90] Testing Results: Prec@1 54.730 Prec@5 89.470 Loss 1.61080
Epoch [90] Testing Class Recall: [0.980,0.962,0.844,0.708,0.350,0.350,0.607,0.355,0.132,0.185]
Epoch [91] Training Results: Prec@1 91.415 Prec@5 99.347 Loss 0.81305
Epoch [91] Training Class Recall: [0.978,0.980,0.865,0.839,0.850,0.597,0.642,0.547,0.434,0.320]
Epoch [91] Testing Results: Prec@1 55.350 Prec@5 88.300 Loss 1.53107
Epoch [91] Testing Class Recall: [0.986,0.980,0.807,0.625,0.662,0.341,0.412,0.233,0.210,0.279]
Epoch [92] Training Results: Prec@1 91.512 Prec@5 99.436 Loss 0.80496
Epoch [92] Training Class Recall: [0.979,0.986,0.874,0.828,0.853,0.581,0.591,0.532,0.470,0.360]
Epoch [92] Testing Results: Prec@1 58.730 Prec@5 91.680 Loss 1.34753
Epoch [92] Testing Class Recall: [0.967,0.989,0.623,0.594,0.683,0.476,0.220,0.563,0.392,0.366]
Epoch [93] Training Results: Prec@1 91.238 Prec@5 99.250 Loss 0.79788
Epoch [93] Training Class Recall: [0.983,0.982,0.872,0.816,0.823,0.571,0.586,0.496,0.518,0.360]
Epoch [93] Testing Results: Prec@1 51.160 Prec@5 91.470 Loss 1.72697
Epoch [93] Testing Class Recall: [0.997,0.952,0.671,0.536,0.541,0.316,0.328,0.259,0.065,0.451]
Epoch [94] Training Results: Prec@1 91.383 Prec@5 99.315 Loss 0.81212
Epoch [94] Training Class Recall: [0.977,0.982,0.879,0.836,0.803,0.581,0.634,0.583,0.434,0.400]
Epoch [94] Testing Results: Prec@1 49.370 Prec@5 89.360 Loss 1.83297
Epoch [94] Testing Class Recall: [0.993,0.947,0.629,0.398,0.698,0.288,0.473,0.270,0.181,0.060]
Epoch [95] Training Results: Prec@1 90.867 Prec@5 99.363 Loss 0.80929
Epoch [95] Training Class Recall: [0.979,0.982,0.880,0.792,0.833,0.581,0.565,0.489,0.265,0.360]
Epoch [95] Testing Results: Prec@1 47.270 Prec@5 83.260 Loss 1.98515
Epoch [95] Testing Class Recall: [0.936,0.977,0.949,0.446,0.518,0.230,0.385,0.175,0.096,0.015]
Epoch [96] Training Results: Prec@1 91.311 Prec@5 99.347 Loss 0.79705
Epoch [96] Training Class Recall: [0.985,0.981,0.869,0.817,0.837,0.556,0.659,0.525,0.349,0.280]
Epoch [96] Testing Results: Prec@1 54.720 Prec@5 87.110 Loss 1.58966
Epoch [96] Testing Class Recall: [0.990,0.972,0.819,0.662,0.697,0.556,0.286,0.157,0.162,0.171]
Epoch [97] Training Results: Prec@1 91.964 Prec@5 99.412 Loss 0.81414
Epoch [97] Training Class Recall: [0.979,0.985,0.890,0.855,0.842,0.607,0.608,0.475,0.518,0.300]
Epoch [97] Testing Results: Prec@1 53.720 Prec@5 88.570 Loss 1.58754
Epoch [97] Testing Class Recall: [0.971,0.987,0.793,0.523,0.473,0.681,0.281,0.274,0.252,0.137]
Epoch [98] Training Results: Prec@1 92.044 Prec@5 99.468 Loss 0.83487
Epoch [98] Training Class Recall: [0.983,0.988,0.889,0.851,0.826,0.545,0.677,0.540,0.482,0.260]
Epoch [98] Testing Results: Prec@1 50.840 Prec@5 90.130 Loss 1.63908
Epoch [98] Testing Class Recall: [0.992,0.986,0.714,0.393,0.447,0.175,0.638,0.162,0.274,0.303]
Epoch [99] Training Results: Prec@1 91.270 Prec@5 99.484 Loss 0.77879
Epoch [99] Training Class Recall: [0.981,0.982,0.875,0.844,0.812,0.535,0.578,0.540,0.434,0.360]
Epoch [99] Testing Results: Prec@1 53.920 Prec@5 89.830 Loss 1.49729
Epoch [99] Testing Class Recall: [0.861,0.997,0.674,0.515,0.675,0.304,0.177,0.428,0.464,0.297]
Epoch [100] Training Results: Prec@1 91.472 Prec@5 99.444 Loss 0.81677
Epoch [100] Training Class Recall: [0.979,0.986,0.873,0.813,0.856,0.592,0.616,0.504,0.482,0.440]
Epoch [100] Testing Results: Prec@1 45.020 Prec@5 86.620 Loss 1.90638
Epoch [100] Testing Class Recall: [0.998,0.929,0.721,0.473,0.568,0.237,0.203,0.146,0.125,0.102]
Epoch [101] Training Results: Prec@1 91.698 Prec@5 99.452 Loss 0.84066
Epoch [101] Training Class Recall: [0.981,0.987,0.888,0.805,0.839,0.610,0.642,0.561,0.361,0.300]
Epoch [101] Testing Results: Prec@1 53.530 Prec@5 87.900 Loss 1.67356
Epoch [101] Testing Class Recall: [0.967,0.991,0.845,0.664,0.410,0.543,0.364,0.380,0.109,0.080]
Epoch [102] Training Results: Prec@1 91.464 Prec@5 99.355 Loss 0.80830
Epoch [102] Training Class Recall: [0.976,0.984,0.890,0.804,0.847,0.602,0.608,0.576,0.494,0.280]
Epoch [102] Testing Results: Prec@1 42.640 Prec@5 88.720 Loss 1.84139
Epoch [102] Testing Class Recall: [0.997,0.978,0.603,0.351,0.407,0.216,0.071,0.208,0.215,0.218]
Epoch [103] Training Results: Prec@1 91.577 Prec@5 99.460 Loss 0.79994
Epoch [103] Training Class Recall: [0.977,0.987,0.884,0.815,0.860,0.602,0.573,0.547,0.434,0.380]
Epoch [103] Testing Results: Prec@1 51.100 Prec@5 90.610 Loss 1.84446
Epoch [103] Testing Class Recall: [0.994,0.958,0.454,0.864,0.472,0.233,0.523,0.385,0.057,0.170]
Epoch [104] Training Results: Prec@1 91.528 Prec@5 99.379 Loss 0.81634
Epoch [104] Training Class Recall: [0.985,0.984,0.875,0.825,0.822,0.605,0.595,0.504,0.361,0.380]
Epoch [104] Testing Results: Prec@1 51.890 Prec@5 88.440 Loss 1.71014
Epoch [104] Testing Class Recall: [0.998,0.952,0.753,0.575,0.546,0.507,0.456,0.070,0.209,0.123]
Epoch [105] Training Results: Prec@1 91.665 Prec@5 99.500 Loss 0.79286
Epoch [105] Training Class Recall: [0.979,0.982,0.889,0.855,0.851,0.540,0.573,0.482,0.482,0.360]
Epoch [105] Testing Results: Prec@1 46.950 Prec@5 89.930 Loss 1.75890
Epoch [105] Testing Class Recall: [0.990,0.977,0.782,0.378,0.478,0.160,0.220,0.111,0.168,0.431]
Epoch [106] Training Results: Prec@1 91.472 Prec@5 99.275 Loss 0.78829
Epoch [106] Training Class Recall: [0.980,0.985,0.876,0.857,0.839,0.512,0.603,0.518,0.410,0.360]
Epoch [106] Testing Results: Prec@1 48.760 Prec@5 85.070 Loss 1.89940
Epoch [106] Testing Class Recall: [0.991,0.968,0.766,0.479,0.654,0.520,0.335,0.079,0.018,0.066]
Epoch [107] Training Results: Prec@1 92.157 Prec@5 99.436 Loss 0.79956
Epoch [107] Training Class Recall: [0.974,0.988,0.900,0.855,0.873,0.558,0.690,0.540,0.410,0.300]
Epoch [107] Testing Results: Prec@1 53.950 Prec@5 86.300 Loss 1.64932
Epoch [107] Testing Class Recall: [0.932,0.990,0.915,0.715,0.648,0.326,0.431,0.202,0.159,0.077]
Epoch [108] Training Results: Prec@1 91.746 Prec@5 99.404 Loss 0.82119
Epoch [108] Training Class Recall: [0.982,0.985,0.876,0.827,0.822,0.630,0.647,0.547,0.458,0.320]
Epoch [108] Testing Results: Prec@1 66.160 Prec@5 90.120 Loss 1.20267
Epoch [108] Testing Class Recall: [0.945,0.973,0.859,0.777,0.794,0.456,0.568,0.288,0.397,0.559]
Epoch [109] Training Results: Prec@1 91.746 Prec@5 99.404 Loss 0.83045
Epoch [109] Training Class Recall: [0.984,0.987,0.879,0.834,0.822,0.602,0.642,0.460,0.422,0.320]
Epoch [109] Testing Results: Prec@1 61.460 Prec@5 91.500 Loss 1.29808
Epoch [109] Testing Class Recall: [0.988,0.944,0.720,0.744,0.583,0.482,0.491,0.166,0.531,0.497]
Epoch [110] Training Results: Prec@1 91.843 Prec@5 99.404 Loss 0.80963
Epoch [110] Training Class Recall: [0.978,0.989,0.886,0.847,0.825,0.584,0.638,0.568,0.446,0.320]
Epoch [110] Testing Results: Prec@1 62.830 Prec@5 92.010 Loss 1.29062
Epoch [110] Testing Class Recall: [0.984,0.963,0.781,0.737,0.738,0.359,0.533,0.556,0.237,0.395]
Epoch [111] Training Results: Prec@1 91.964 Prec@5 99.444 Loss 0.79680
Epoch [111] Training Class Recall: [0.978,0.983,0.903,0.829,0.850,0.610,0.634,0.583,0.398,0.260]
Epoch [111] Testing Results: Prec@1 53.460 Prec@5 89.070 Loss 1.67407
Epoch [111] Testing Class Recall: [0.985,0.987,0.640,0.746,0.672,0.481,0.340,0.254,0.166,0.075]
Epoch [112] Training Results: Prec@1 91.746 Prec@5 99.508 Loss 0.75833
Epoch [112] Training Class Recall: [0.974,0.983,0.898,0.813,0.851,0.636,0.634,0.597,0.410,0.380]
Epoch [112] Testing Results: Prec@1 56.490 Prec@5 88.710 Loss 1.52658
Epoch [112] Testing Class Recall: [0.965,0.984,0.849,0.689,0.419,0.421,0.487,0.331,0.249,0.255]
Epoch [113] Training Results: Prec@1 92.093 Prec@5 99.444 Loss 0.79489
Epoch [113] Training Class Recall: [0.981,0.983,0.884,0.862,0.850,0.620,0.629,0.547,0.398,0.360]
Epoch [113] Testing Results: Prec@1 40.690 Prec@5 86.180 Loss 1.99039
Epoch [113] Testing Class Recall: [0.998,0.942,0.676,0.432,0.128,0.318,0.095,0.260,0.211,0.009]
Epoch [114] Training Results: Prec@1 92.004 Prec@5 99.500 Loss 0.74216
Epoch [114] Training Class Recall: [0.977,0.985,0.886,0.875,0.806,0.623,0.647,0.590,0.446,0.240]
Epoch [114] Testing Results: Prec@1 49.060 Prec@5 85.630 Loss 1.87385
Epoch [114] Testing Class Recall: [0.986,0.982,0.703,0.741,0.781,0.156,0.191,0.203,0.087,0.076]
Epoch [115] Training Results: Prec@1 91.762 Prec@5 99.468 Loss 0.78835
Epoch [115] Training Class Recall: [0.975,0.980,0.888,0.850,0.851,0.607,0.591,0.597,0.434,0.440]
Epoch [115] Testing Results: Prec@1 57.020 Prec@5 88.710 Loss 1.48579
Epoch [115] Testing Class Recall: [0.977,0.969,0.757,0.576,0.499,0.571,0.663,0.307,0.285,0.098]
Epoch [116] Training Results: Prec@1 92.044 Prec@5 99.452 Loss 0.79813
Epoch [116] Training Class Recall: [0.977,0.984,0.913,0.834,0.840,0.610,0.612,0.554,0.422,0.260]
Epoch [116] Testing Results: Prec@1 50.050 Prec@5 89.470 Loss 1.65786
Epoch [116] Testing Class Recall: [0.985,0.977,0.608,0.486,0.423,0.610,0.267,0.178,0.227,0.244]
Epoch [117] Training Results: Prec@1 92.004 Prec@5 99.468 Loss 0.76141
Epoch [117] Training Class Recall: [0.978,0.987,0.875,0.850,0.862,0.615,0.634,0.561,0.554,0.300]
Epoch [117] Testing Results: Prec@1 58.390 Prec@5 88.870 Loss 1.55097
Epoch [117] Testing Class Recall: [0.931,0.978,0.921,0.676,0.613,0.440,0.384,0.408,0.261,0.227]
Epoch [118] Training Results: Prec@1 92.294 Prec@5 99.460 Loss 0.80354
Epoch [118] Training Class Recall: [0.977,0.985,0.893,0.868,0.862,0.599,0.694,0.547,0.410,0.280]
Epoch [118] Testing Results: Prec@1 51.480 Prec@5 90.150 Loss 1.60008
Epoch [118] Testing Class Recall: [0.998,0.901,0.581,0.585,0.593,0.380,0.435,0.242,0.167,0.266]
Epoch [119] Training Results: Prec@1 92.326 Prec@5 99.492 Loss 0.78160
Epoch [119] Training Class Recall: [0.978,0.982,0.906,0.836,0.871,0.638,0.642,0.604,0.410,0.360]
Epoch [119] Testing Results: Prec@1 53.020 Prec@5 87.460 Loss 1.76188
Epoch [119] Testing Class Recall: [0.990,0.925,0.741,0.592,0.628,0.526,0.541,0.184,0.086,0.089]
Epoch [120] Training Results: Prec@1 92.350 Prec@5 99.468 Loss 0.77233
Epoch [120] Training Class Recall: [0.981,0.989,0.895,0.832,0.857,0.618,0.659,0.540,0.494,0.420]
Epoch [120] Testing Results: Prec@1 57.330 Prec@5 91.830 Loss 1.40546
Epoch [120] Testing Class Recall: [0.982,0.932,0.602,0.891,0.489,0.251,0.379,0.405,0.291,0.511]
Epoch [121] Training Results: Prec@1 91.996 Prec@5 99.436 Loss 0.76069
Epoch [121] Training Class Recall: [0.978,0.986,0.896,0.841,0.864,0.574,0.659,0.525,0.458,0.240]
Epoch [121] Testing Results: Prec@1 57.860 Prec@5 87.900 Loss 1.53391
Epoch [121] Testing Class Recall: [0.977,0.923,0.756,0.786,0.589,0.520,0.511,0.198,0.132,0.394]
Epoch [122] Training Results: Prec@1 92.262 Prec@5 99.516 Loss 0.75763
Epoch [122] Training Class Recall: [0.977,0.983,0.896,0.837,0.860,0.651,0.707,0.518,0.470,0.440]
Epoch [122] Testing Results: Prec@1 62.390 Prec@5 88.700 Loss 1.39676
Epoch [122] Testing Class Recall: [0.953,0.985,0.838,0.624,0.652,0.684,0.299,0.518,0.148,0.538]
Epoch [123] Training Results: Prec@1 92.584 Prec@5 99.508 Loss 0.79426
Epoch [123] Training Class Recall: [0.981,0.987,0.895,0.855,0.871,0.636,0.664,0.561,0.494,0.260]
Epoch [123] Testing Results: Prec@1 48.310 Prec@5 89.000 Loss 1.81313
Epoch [123] Testing Class Recall: [0.998,0.912,0.666,0.578,0.594,0.442,0.166,0.166,0.087,0.222]
Epoch [124] Training Results: Prec@1 92.391 Prec@5 99.492 Loss 0.76473
Epoch [124] Training Class Recall: [0.984,0.984,0.889,0.845,0.862,0.636,0.642,0.626,0.410,0.300]
Epoch [124] Testing Results: Prec@1 62.210 Prec@5 91.710 Loss 1.30881
Epoch [124] Testing Class Recall: [0.976,0.973,0.832,0.700,0.455,0.577,0.538,0.371,0.355,0.444]
Epoch [125] Training Results: Prec@1 92.415 Prec@5 99.452 Loss 0.81760
Epoch [125] Training Class Recall: [0.979,0.981,0.892,0.859,0.853,0.641,0.651,0.626,0.554,0.400]
Epoch [125] Testing Results: Prec@1 53.180 Prec@5 87.910 Loss 1.63880
Epoch [125] Testing Class Recall: [0.968,0.996,0.797,0.632,0.645,0.313,0.413,0.151,0.348,0.055]
Epoch [126] Training Results: Prec@1 92.375 Prec@5 99.581 Loss 0.78351
Epoch [126] Training Class Recall: [0.983,0.987,0.896,0.835,0.871,0.638,0.651,0.446,0.482,0.320]
Epoch [126] Testing Results: Prec@1 65.820 Prec@5 91.230 Loss 1.23473
Epoch [126] Testing Class Recall: [0.967,0.980,0.784,0.777,0.752,0.587,0.473,0.498,0.451,0.313]
Epoch [127] Training Results: Prec@1 92.560 Prec@5 99.581 Loss 0.81666
Epoch [127] Training Class Recall: [0.977,0.989,0.893,0.884,0.867,0.623,0.616,0.576,0.434,0.440]
Epoch [127] Testing Results: Prec@1 51.160 Prec@5 91.870 Loss 1.61823
Epoch [127] Testing Class Recall: [0.998,0.937,0.704,0.412,0.654,0.424,0.276,0.033,0.360,0.318]
Epoch [128] Training Results: Prec@1 92.407 Prec@5 99.500 Loss 0.77536
Epoch [128] Training Class Recall: [0.980,0.988,0.895,0.862,0.842,0.625,0.642,0.547,0.506,0.300]
Epoch [128] Testing Results: Prec@1 55.950 Prec@5 89.950 Loss 1.52558
Epoch [128] Testing Class Recall: [0.944,0.987,0.930,0.505,0.555,0.581,0.314,0.434,0.135,0.210]
Epoch [129] Training Results: Prec@1 93.076 Prec@5 99.508 Loss 0.79675
Epoch [129] Training Class Recall: [0.981,0.985,0.911,0.874,0.854,0.674,0.711,0.547,0.446,0.400]
Epoch [129] Testing Results: Prec@1 58.000 Prec@5 87.260 Loss 1.49885
Epoch [129] Testing Class Recall: [0.948,0.979,0.847,0.325,0.669,0.858,0.328,0.476,0.222,0.148]
Epoch [130] Training Results: Prec@1 92.770 Prec@5 99.508 Loss 0.79354
Epoch [130] Training Class Recall: [0.975,0.988,0.911,0.884,0.860,0.633,0.638,0.583,0.482,0.280]
Epoch [130] Testing Results: Prec@1 58.890 Prec@5 90.460 Loss 1.48430
Epoch [130] Testing Class Recall: [0.991,0.988,0.688,0.686,0.601,0.289,0.775,0.360,0.200,0.311]
Epoch [131] Training Results: Prec@1 93.100 Prec@5 99.597 Loss 0.78341
Epoch [131] Training Class Recall: [0.980,0.990,0.913,0.865,0.864,0.641,0.703,0.597,0.482,0.400]
Epoch [131] Testing Results: Prec@1 56.670 Prec@5 90.510 Loss 1.44248
Epoch [131] Testing Class Recall: [0.987,0.973,0.576,0.500,0.732,0.467,0.158,0.535,0.077,0.662]
Epoch [132] Training Results: Prec@1 91.988 Prec@5 99.452 Loss 0.80016
Epoch [132] Training Class Recall: [0.977,0.987,0.904,0.828,0.837,0.574,0.659,0.532,0.506,0.440]
Epoch [132] Testing Results: Prec@1 54.180 Prec@5 88.560 Loss 1.68839
Epoch [132] Testing Class Recall: [0.957,0.995,0.716,0.760,0.410,0.275,0.641,0.346,0.299,0.019]
Epoch [133] Training Results: Prec@1 92.939 Prec@5 99.516 Loss 0.75394
Epoch [133] Training Class Recall: [0.981,0.989,0.905,0.864,0.853,0.654,0.728,0.540,0.458,0.400]
Epoch [133] Testing Results: Prec@1 56.330 Prec@5 84.260 Loss 1.76075
Epoch [133] Testing Class Recall: [0.984,0.969,0.773,0.696,0.548,0.689,0.507,0.307,0.152,0.008]
Epoch [134] Training Results: Prec@1 92.721 Prec@5 99.581 Loss 0.78781
Epoch [134] Training Class Recall: [0.980,0.987,0.914,0.845,0.857,0.636,0.698,0.525,0.458,0.420]
Epoch [134] Testing Results: Prec@1 56.020 Prec@5 90.010 Loss 1.48581
Epoch [134] Testing Class Recall: [0.979,0.985,0.852,0.659,0.545,0.597,0.331,0.271,0.104,0.279]
Epoch [135] Training Results: Prec@1 92.608 Prec@5 99.621 Loss 0.80096
Epoch [135] Training Class Recall: [0.974,0.985,0.924,0.855,0.833,0.643,0.690,0.583,0.494,0.360]
Epoch [135] Testing Results: Prec@1 52.100 Prec@5 90.770 Loss 1.65833
Epoch [135] Testing Class Recall: [0.991,0.945,0.698,0.574,0.607,0.339,0.293,0.326,0.325,0.112]
Epoch [136] Training Results: Prec@1 93.334 Prec@5 99.565 Loss 0.78957
Epoch [136] Training Class Recall: [0.985,0.986,0.916,0.882,0.856,0.649,0.728,0.511,0.506,0.360]
Epoch [136] Testing Results: Prec@1 55.170 Prec@5 90.420 Loss 1.49598
Epoch [136] Testing Class Recall: [0.987,0.982,0.722,0.577,0.556,0.320,0.439,0.241,0.214,0.479]
Epoch [137] Training Results: Prec@1 92.818 Prec@5 99.508 Loss 0.79170
Epoch [137] Training Class Recall: [0.983,0.991,0.892,0.862,0.856,0.625,0.711,0.554,0.494,0.420]
Epoch [137] Testing Results: Prec@1 51.510 Prec@5 91.790 Loss 1.57546
Epoch [137] Testing Class Recall: [0.955,0.974,0.909,0.380,0.251,0.261,0.332,0.133,0.392,0.564]
Epoch [138] Training Results: Prec@1 92.810 Prec@5 99.613 Loss 0.80883
Epoch [138] Training Class Recall: [0.983,0.988,0.886,0.880,0.864,0.636,0.694,0.568,0.494,0.360]
Epoch [138] Testing Results: Prec@1 53.510 Prec@5 90.810 Loss 1.47934
Epoch [138] Testing Class Recall: [0.995,0.970,0.625,0.601,0.456,0.602,0.255,0.306,0.177,0.364]
Epoch [139] Training Results: Prec@1 92.697 Prec@5 99.589 Loss 0.78162
Epoch [139] Training Class Recall: [0.983,0.982,0.911,0.820,0.879,0.674,0.698,0.554,0.422,0.400]
Epoch [139] Testing Results: Prec@1 52.270 Prec@5 87.220 Loss 1.69524
Epoch [139] Testing Class Recall: [0.988,0.974,0.605,0.816,0.578,0.378,0.084,0.289,0.136,0.379]
Epoch [140] Training Results: Prec@1 89.150 Prec@5 99.726 Loss 0.16378
Epoch [140] Training Class Recall: [0.888,0.938,0.885,0.825,0.913,0.793,0.849,0.842,0.916,0.820]
Epoch [140] Testing Results: Prec@1 77.290 Prec@5 97.030 Loss 1.03849
Epoch [140] Testing Class Recall: [0.939,0.963,0.778,0.697,0.823,0.719,0.790,0.769,0.679,0.572]
Epoch [141] Training Results: Prec@1 92.084 Prec@5 99.863 Loss 0.15369
Epoch [141] Training Class Recall: [0.928,0.965,0.909,0.837,0.921,0.809,0.905,0.878,0.928,0.880]
Epoch [141] Testing Results: Prec@1 74.740 Prec@5 96.830 Loss 1.11566
Epoch [141] Testing Class Recall: [0.959,0.972,0.786,0.587,0.635,0.682,0.852,0.876,0.610,0.515]
Epoch [142] Training Results: Prec@1 93.390 Prec@5 99.855 Loss 0.15432
Epoch [142] Training Class Recall: [0.947,0.972,0.908,0.855,0.936,0.827,0.897,0.957,0.928,0.900]
Epoch [142] Testing Results: Prec@1 79.000 Prec@5 97.850 Loss 0.71965
Epoch [142] Testing Class Recall: [0.884,0.946,0.798,0.579,0.751,0.811,0.863,0.767,0.674,0.827]
Epoch [143] Training Results: Prec@1 93.463 Prec@5 99.903 Loss 0.14183
Epoch [143] Training Class Recall: [0.947,0.963,0.916,0.871,0.946,0.819,0.914,0.914,0.964,0.920]
Epoch [143] Testing Results: Prec@1 79.430 Prec@5 97.300 Loss 0.77144
Epoch [143] Testing Class Recall: [0.939,0.934,0.840,0.687,0.802,0.722,0.780,0.722,0.706,0.811]
Epoch [144] Training Results: Prec@1 93.519 Prec@5 99.831 Loss 0.14421
Epoch [144] Training Class Recall: [0.940,0.971,0.920,0.857,0.953,0.853,0.918,0.935,0.988,0.940]
Epoch [144] Testing Results: Prec@1 80.060 Prec@5 97.530 Loss 0.72269
Epoch [144] Testing Class Recall: [0.899,0.957,0.829,0.681,0.839,0.738,0.783,0.722,0.762,0.796]
Epoch [145] Training Results: Prec@1 93.568 Prec@5 99.879 Loss 0.14328
Epoch [145] Training Class Recall: [0.949,0.969,0.912,0.867,0.926,0.853,0.918,0.899,0.928,0.960]
Epoch [145] Testing Results: Prec@1 71.490 Prec@5 96.070 Loss 1.11242
Epoch [145] Testing Class Recall: [0.858,0.971,0.704,0.572,0.665,0.532,0.940,0.725,0.624,0.558]
Epoch [146] Training Results: Prec@1 93.261 Prec@5 99.903 Loss 0.13965
Epoch [146] Training Class Recall: [0.943,0.974,0.909,0.856,0.926,0.853,0.892,0.914,0.916,0.940]
Epoch [146] Testing Results: Prec@1 76.520 Prec@5 97.730 Loss 0.80836
Epoch [146] Testing Class Recall: [0.936,0.907,0.774,0.554,0.851,0.771,0.716,0.727,0.655,0.761]
Epoch [147] Training Results: Prec@1 94.269 Prec@5 99.895 Loss 0.13961
Epoch [147] Training Class Recall: [0.950,0.975,0.921,0.871,0.946,0.873,0.948,0.928,0.988,0.960]
Epoch [147] Testing Results: Prec@1 77.430 Prec@5 97.470 Loss 0.95996
Epoch [147] Testing Class Recall: [0.950,0.975,0.809,0.748,0.777,0.594,0.857,0.757,0.638,0.638]
Epoch [148] Training Results: Prec@1 93.898 Prec@5 99.927 Loss 0.14872
Epoch [148] Training Class Recall: [0.950,0.977,0.916,0.867,0.932,0.837,0.918,0.914,0.952,1.000]
Epoch [148] Testing Results: Prec@1 77.910 Prec@5 97.350 Loss 0.85666
Epoch [148] Testing Class Recall: [0.950,0.965,0.782,0.654,0.822,0.638,0.804,0.773,0.721,0.682]
Epoch [149] Training Results: Prec@1 94.140 Prec@5 99.919 Loss 0.14478
Epoch [149] Training Class Recall: [0.951,0.975,0.906,0.896,0.936,0.842,0.935,0.950,0.952,0.980]
Epoch [149] Testing Results: Prec@1 78.500 Prec@5 97.780 Loss 0.96870
Epoch [149] Testing Class Recall: [0.964,0.962,0.769,0.695,0.841,0.750,0.878,0.667,0.733,0.591]
Epoch [150] Training Results: Prec@1 93.785 Prec@5 99.895 Loss 0.15022
Epoch [150] Training Class Recall: [0.949,0.971,0.904,0.855,0.938,0.904,0.944,0.950,0.976,0.920]
Epoch [150] Testing Results: Prec@1 76.050 Prec@5 97.150 Loss 0.83573
Epoch [150] Testing Class Recall: [0.931,0.891,0.762,0.692,0.816,0.702,0.675,0.785,0.499,0.852]
Epoch [151] Training Results: Prec@1 93.898 Prec@5 99.895 Loss 0.13151
Epoch [151] Training Class Recall: [0.947,0.974,0.915,0.871,0.933,0.871,0.944,0.928,0.928,1.000]
Epoch [151] Testing Results: Prec@1 76.050 Prec@5 96.730 Loss 1.06782
Epoch [151] Testing Class Recall: [0.878,0.975,0.817,0.740,0.815,0.753,0.709,0.703,0.607,0.608]
Epoch [152] Training Results: Prec@1 93.624 Prec@5 99.839 Loss 0.14803
Epoch [152] Training Class Recall: [0.948,0.972,0.905,0.861,0.933,0.860,0.935,0.906,0.964,0.960]
Epoch [152] Testing Results: Prec@1 77.970 Prec@5 97.990 Loss 0.82231
Epoch [152] Testing Class Recall: [0.922,0.976,0.757,0.626,0.711,0.834,0.800,0.750,0.691,0.730]
Epoch [153] Training Results: Prec@1 93.801 Prec@5 99.911 Loss 0.14105
Epoch [153] Training Class Recall: [0.947,0.976,0.911,0.864,0.938,0.855,0.931,0.935,0.964,0.980]
Epoch [153] Testing Results: Prec@1 76.750 Prec@5 97.060 Loss 1.08647
Epoch [153] Testing Class Recall: [0.940,0.975,0.832,0.670,0.787,0.726,0.844,0.718,0.625,0.558]
Epoch [154] Training Results: Prec@1 93.818 Prec@5 99.903 Loss 0.14611
Epoch [154] Training Class Recall: [0.951,0.971,0.911,0.871,0.936,0.853,0.940,0.885,0.952,0.960]
Epoch [154] Testing Results: Prec@1 73.640 Prec@5 96.660 Loss 0.77782
Epoch [154] Testing Class Recall: [0.915,0.946,0.770,0.563,0.649,0.676,0.647,0.785,0.553,0.860]
Epoch [155] Training Results: Prec@1 91.778 Prec@5 99.887 Loss 0.14514
Epoch [155] Training Class Recall: [0.922,0.968,0.899,0.807,0.905,0.848,0.935,0.928,0.988,0.980]
Epoch [155] Testing Results: Prec@1 71.540 Prec@5 96.940 Loss 0.76104
Epoch [155] Testing Class Recall: [0.886,0.846,0.630,0.504,0.608,0.728,0.725,0.676,0.632,0.919]
Epoch [156] Training Results: Prec@1 92.286 Prec@5 99.919 Loss 0.14728
Epoch [156] Training Class Recall: [0.929,0.967,0.872,0.873,0.924,0.840,0.948,0.935,0.940,0.980]
Epoch [156] Testing Results: Prec@1 75.770 Prec@5 97.710 Loss 0.74155
Epoch [156] Testing Class Recall: [0.898,0.800,0.789,0.652,0.722,0.833,0.685,0.668,0.629,0.901]
Epoch [157] Training Results: Prec@1 92.778 Prec@5 99.911 Loss 0.13963
Epoch [157] Training Class Recall: [0.920,0.965,0.910,0.900,0.946,0.848,0.953,0.906,0.964,1.000]
Epoch [157] Testing Results: Prec@1 79.330 Prec@5 97.400 Loss 0.60002
Epoch [157] Testing Class Recall: [0.906,0.914,0.711,0.641,0.814,0.753,0.756,0.780,0.794,0.864]
Epoch [158] Training Results: Prec@1 93.157 Prec@5 99.839 Loss 0.14219
Epoch [158] Training Class Recall: [0.937,0.972,0.906,0.876,0.921,0.837,0.931,0.899,0.964,0.960]
Epoch [158] Testing Results: Prec@1 76.160 Prec@5 97.160 Loss 0.97031
Epoch [158] Testing Class Recall: [0.913,0.948,0.778,0.580,0.756,0.740,0.812,0.801,0.684,0.604]
Epoch [159] Training Results: Prec@1 92.826 Prec@5 99.903 Loss 0.14649
Epoch [159] Training Class Recall: [0.932,0.972,0.899,0.871,0.918,0.842,0.940,0.921,0.964,0.980]
Epoch [159] Testing Results: Prec@1 75.210 Prec@5 96.710 Loss 1.00671
Epoch [159] Testing Class Recall: [0.945,0.985,0.780,0.745,0.732,0.668,0.608,0.718,0.691,0.649]
Epoch [160] Training Results: Prec@1 93.020 Prec@5 99.944 Loss 0.13519
Epoch [160] Training Class Recall: [0.929,0.974,0.900,0.913,0.904,0.850,0.888,0.942,0.940,1.000]
Epoch [160] Testing Results: Prec@1 78.260 Prec@5 97.380 Loss 0.90091
Epoch [160] Testing Class Recall: [0.930,0.980,0.794,0.766,0.775,0.697,0.783,0.698,0.714,0.689]
Epoch [161] Training Results: Prec@1 93.922 Prec@5 99.936 Loss 0.14034
Epoch [161] Training Class Recall: [0.934,0.977,0.913,0.925,0.922,0.868,0.948,0.950,0.988,1.000]
Epoch [161] Testing Results: Prec@1 79.430 Prec@5 97.480 Loss 0.76528
Epoch [161] Testing Class Recall: [0.932,0.976,0.795,0.716,0.777,0.707,0.791,0.738,0.740,0.771]
Epoch [162] Training Results: Prec@1 94.043 Prec@5 99.976 Loss 0.14229
Epoch [162] Training Class Recall: [0.937,0.978,0.910,0.916,0.932,0.886,0.944,0.964,0.976,1.000]
Epoch [162] Testing Results: Prec@1 79.560 Prec@5 97.600 Loss 0.79851
Epoch [162] Testing Class Recall: [0.930,0.978,0.812,0.717,0.773,0.732,0.804,0.744,0.727,0.739]
Epoch [163] Training Results: Prec@1 94.035 Prec@5 99.968 Loss 0.13741
Epoch [163] Training Class Recall: [0.936,0.975,0.919,0.909,0.932,0.899,0.935,0.986,0.988,0.980]
Epoch [163] Testing Results: Prec@1 79.900 Prec@5 97.700 Loss 0.77190
Epoch [163] Testing Class Recall: [0.938,0.979,0.811,0.728,0.792,0.706,0.783,0.773,0.724,0.756]
Epoch [164] Training Results: Prec@1 94.180 Prec@5 99.927 Loss 0.14287
Epoch [164] Training Class Recall: [0.937,0.978,0.917,0.903,0.952,0.891,0.957,0.993,1.000,1.000]
Epoch [164] Testing Results: Prec@1 80.280 Prec@5 97.760 Loss 0.77738
Epoch [164] Testing Class Recall: [0.937,0.979,0.820,0.718,0.807,0.728,0.810,0.761,0.730,0.738]
Epoch [165] Training Results: Prec@1 94.204 Prec@5 99.976 Loss 0.13344
Epoch [165] Training Class Recall: [0.937,0.982,0.915,0.910,0.936,0.889,0.948,0.964,1.000,1.000]
Epoch [165] Testing Results: Prec@1 80.630 Prec@5 97.780 Loss 0.72436
Epoch [165] Testing Class Recall: [0.928,0.976,0.819,0.730,0.798,0.727,0.795,0.757,0.767,0.766]
Epoch [166] Training Results: Prec@1 94.511 Prec@5 99.968 Loss 0.13418
Epoch [166] Training Class Recall: [0.938,0.980,0.924,0.914,0.955,0.897,0.970,0.964,0.988,1.000]
Epoch [166] Testing Results: Prec@1 80.220 Prec@5 97.690 Loss 0.76690
Epoch [166] Testing Class Recall: [0.941,0.977,0.829,0.739,0.788,0.710,0.805,0.763,0.707,0.763]
Epoch [167] Training Results: Prec@1 94.664 Prec@5 99.944 Loss 0.13245
Epoch [167] Training Class Recall: [0.941,0.977,0.929,0.913,0.963,0.904,0.966,0.964,1.000,1.000]
Epoch [167] Testing Results: Prec@1 80.490 Prec@5 97.680 Loss 0.77756
Epoch [167] Testing Class Recall: [0.935,0.979,0.845,0.730,0.800,0.735,0.784,0.776,0.739,0.726]
Epoch [168] Training Results: Prec@1 94.914 Prec@5 99.960 Loss 0.12369
Epoch [168] Training Class Recall: [0.946,0.981,0.929,0.911,0.961,0.886,0.966,0.986,1.000,1.000]
Epoch [168] Testing Results: Prec@1 80.250 Prec@5 97.700 Loss 0.80001
Epoch [168] Testing Class Recall: [0.937,0.982,0.841,0.726,0.805,0.733,0.806,0.757,0.709,0.729]
Epoch [169] Training Results: Prec@1 94.914 Prec@5 99.927 Loss 0.13717
Epoch [169] Training Class Recall: [0.945,0.980,0.928,0.916,0.953,0.910,0.966,0.993,1.000,1.000]
Epoch [169] Testing Results: Prec@1 80.810 Prec@5 97.720 Loss 0.74483
Epoch [169] Testing Class Recall: [0.933,0.980,0.826,0.712,0.816,0.736,0.824,0.766,0.735,0.753]
Epoch [170] Training Results: Prec@1 94.938 Prec@5 99.992 Loss 0.13196
Epoch [170] Training Class Recall: [0.944,0.979,0.929,0.916,0.953,0.920,0.974,0.978,1.000,1.000]
Epoch [170] Testing Results: Prec@1 80.700 Prec@5 97.750 Loss 0.74972
Epoch [170] Testing Class Recall: [0.940,0.981,0.819,0.738,0.783,0.732,0.800,0.801,0.735,0.741]
Epoch [171] Training Results: Prec@1 95.172 Prec@5 99.968 Loss 0.13660
Epoch [171] Training Class Recall: [0.945,0.983,0.933,0.920,0.974,0.902,0.957,0.978,1.000,1.000]
Epoch [171] Testing Results: Prec@1 80.720 Prec@5 97.680 Loss 0.77984
Epoch [171] Testing Class Recall: [0.936,0.979,0.843,0.727,0.812,0.729,0.821,0.775,0.730,0.720]
Epoch [172] Training Results: Prec@1 94.906 Prec@5 99.960 Loss 0.13473
Epoch [172] Training Class Recall: [0.946,0.978,0.929,0.913,0.963,0.886,0.978,0.978,1.000,1.000]
Epoch [172] Testing Results: Prec@1 81.010 Prec@5 97.700 Loss 0.76126
Epoch [172] Testing Class Recall: [0.940,0.979,0.841,0.749,0.809,0.719,0.812,0.776,0.735,0.741]
Epoch [173] Training Results: Prec@1 95.365 Prec@5 99.968 Loss 0.13660
Epoch [173] Training Class Recall: [0.949,0.984,0.936,0.922,0.969,0.899,0.970,0.986,0.952,1.000]
Epoch [173] Testing Results: Prec@1 81.170 Prec@5 97.800 Loss 0.74377
Epoch [173] Testing Class Recall: [0.936,0.980,0.840,0.735,0.816,0.735,0.822,0.768,0.731,0.754]
Epoch [174] Training Results: Prec@1 95.301 Prec@5 99.960 Loss 0.12869
Epoch [174] Training Class Recall: [0.945,0.985,0.938,0.918,0.963,0.920,0.974,0.986,0.988,1.000]
Epoch [174] Testing Results: Prec@1 81.120 Prec@5 97.720 Loss 0.73531
Epoch [174] Testing Class Recall: [0.931,0.980,0.845,0.737,0.781,0.729,0.811,0.801,0.754,0.743]
Epoch [175] Training Results: Prec@1 95.494 Prec@5 99.944 Loss 0.13252
Epoch [175] Training Class Recall: [0.950,0.979,0.939,0.929,0.964,0.925,0.978,0.978,1.000,1.000]
Epoch [175] Testing Results: Prec@1 81.060 Prec@5 97.740 Loss 0.73947
Epoch [175] Testing Class Recall: [0.940,0.980,0.828,0.741,0.799,0.730,0.823,0.773,0.744,0.748]
Epoch [176] Training Results: Prec@1 95.276 Prec@5 99.984 Loss 0.13273
Epoch [176] Training Class Recall: [0.949,0.979,0.940,0.919,0.957,0.904,0.978,0.978,1.000,1.000]
Epoch [176] Testing Results: Prec@1 81.000 Prec@5 97.740 Loss 0.76672
Epoch [176] Testing Class Recall: [0.944,0.981,0.831,0.735,0.813,0.733,0.830,0.771,0.723,0.739]
Epoch [177] Training Results: Prec@1 95.478 Prec@5 99.976 Loss 0.12632
Epoch [177] Training Class Recall: [0.949,0.986,0.935,0.921,0.971,0.925,0.978,0.950,1.000,1.000]
Epoch [177] Testing Results: Prec@1 81.390 Prec@5 97.790 Loss 0.73992
Epoch [177] Testing Class Recall: [0.940,0.980,0.831,0.742,0.809,0.735,0.836,0.764,0.758,0.744]
Epoch [178] Training Results: Prec@1 95.591 Prec@5 99.952 Loss 0.13700
Epoch [178] Training Class Recall: [0.951,0.983,0.940,0.923,0.961,0.930,0.974,0.978,0.988,1.000]
Epoch [178] Testing Results: Prec@1 81.110 Prec@5 97.760 Loss 0.76556
Epoch [178] Testing Class Recall: [0.943,0.979,0.823,0.749,0.808,0.721,0.840,0.776,0.739,0.733]
Epoch [179] Training Results: Prec@1 95.534 Prec@5 99.984 Loss 0.13427
Epoch [179] Training Class Recall: [0.949,0.982,0.938,0.924,0.971,0.933,0.970,0.993,1.000,1.000]
Epoch [179] Testing Results: Prec@1 80.970 Prec@5 97.680 Loss 0.77593
Epoch [179] Testing Class Recall: [0.938,0.982,0.831,0.739,0.810,0.746,0.832,0.758,0.726,0.735]
Epoch [180] Training Results: Prec@1 95.567 Prec@5 99.992 Loss 0.12681
Epoch [180] Training Class Recall: [0.949,0.984,0.939,0.932,0.964,0.912,0.974,0.993,1.000,1.000]
Epoch [180] Testing Results: Prec@1 80.470 Prec@5 97.660 Loss 0.82349
Epoch [180] Testing Class Recall: [0.943,0.984,0.829,0.726,0.811,0.737,0.836,0.761,0.725,0.695]
Epoch [181] Training Results: Prec@1 95.680 Prec@5 99.984 Loss 0.13227
Epoch [181] Training Class Recall: [0.952,0.984,0.933,0.929,0.981,0.917,0.978,0.993,1.000,1.000]
Epoch [181] Testing Results: Prec@1 80.880 Prec@5 97.730 Loss 0.79343
Epoch [181] Testing Class Recall: [0.939,0.981,0.836,0.734,0.828,0.732,0.836,0.740,0.753,0.709]
Epoch [182] Training Results: Prec@1 95.293 Prec@5 99.984 Loss 0.12582
Epoch [182] Training Class Recall: [0.946,0.982,0.936,0.919,0.981,0.920,0.948,0.993,1.000,0.980]
Epoch [182] Testing Results: Prec@1 81.300 Prec@5 97.750 Loss 0.76811
Epoch [182] Testing Class Recall: [0.935,0.980,0.834,0.738,0.833,0.731,0.829,0.771,0.757,0.722]
Epoch [183] Training Results: Prec@1 95.567 Prec@5 99.944 Loss 0.12819
Epoch [183] Training Class Recall: [0.948,0.984,0.937,0.938,0.963,0.925,0.978,0.986,1.000,1.000]
Epoch [183] Testing Results: Prec@1 80.590 Prec@5 97.660 Loss 0.82366
Epoch [183] Testing Class Recall: [0.946,0.982,0.833,0.777,0.809,0.719,0.822,0.749,0.704,0.718]
Epoch [184] Training Results: Prec@1 95.728 Prec@5 99.936 Loss 0.12514
Epoch [184] Training Class Recall: [0.950,0.983,0.945,0.928,0.974,0.922,0.974,1.000,0.988,1.000]
Epoch [184] Testing Results: Prec@1 81.130 Prec@5 97.750 Loss 0.75941
Epoch [184] Testing Class Recall: [0.939,0.981,0.829,0.741,0.817,0.739,0.822,0.759,0.748,0.738]
Epoch [185] Training Results: Prec@1 95.921 Prec@5 99.960 Loss 0.13122
Epoch [185] Training Class Recall: [0.954,0.985,0.944,0.929,0.972,0.920,0.974,0.993,1.000,1.000]
Epoch [185] Testing Results: Prec@1 80.990 Prec@5 97.800 Loss 0.77042
Epoch [185] Testing Class Recall: [0.944,0.981,0.833,0.753,0.822,0.727,0.801,0.752,0.758,0.728]
Epoch [186] Training Results: Prec@1 95.728 Prec@5 99.984 Loss 0.12773
Epoch [186] Training Class Recall: [0.952,0.983,0.941,0.922,0.975,0.925,0.983,0.986,1.000,1.000]
Epoch [186] Testing Results: Prec@1 81.060 Prec@5 97.800 Loss 0.77262
Epoch [186] Testing Class Recall: [0.950,0.979,0.855,0.735,0.805,0.725,0.822,0.776,0.716,0.743]
Epoch [187] Training Results: Prec@1 95.817 Prec@5 99.992 Loss 0.13029
Epoch [187] Training Class Recall: [0.953,0.982,0.942,0.930,0.972,0.938,0.983,0.986,0.988,1.000]
Epoch [187] Testing Results: Prec@1 81.000 Prec@5 97.740 Loss 0.74773
Epoch [187] Testing Class Recall: [0.946,0.979,0.828,0.715,0.820,0.746,0.802,0.775,0.729,0.760]
Epoch [188] Training Results: Prec@1 95.470 Prec@5 99.976 Loss 0.12983
Epoch [188] Training Class Recall: [0.948,0.982,0.935,0.928,0.977,0.922,0.978,0.978,1.000,1.000]
Epoch [188] Testing Results: Prec@1 81.220 Prec@5 97.750 Loss 0.76391
Epoch [188] Testing Class Recall: [0.942,0.980,0.829,0.732,0.821,0.739,0.836,0.763,0.748,0.732]
Epoch [189] Training Results: Prec@1 95.623 Prec@5 99.976 Loss 0.14030
Epoch [189] Training Class Recall: [0.948,0.982,0.942,0.939,0.961,0.935,0.966,1.000,1.000,1.000]
Epoch [189] Testing Results: Prec@1 81.040 Prec@5 97.750 Loss 0.75502
Epoch [189] Testing Class Recall: [0.941,0.981,0.832,0.732,0.818,0.733,0.819,0.781,0.717,0.750]
Epoch [190] Training Results: Prec@1 95.542 Prec@5 99.984 Loss 0.12853
Epoch [190] Training Class Recall: [0.949,0.982,0.935,0.929,0.964,0.933,0.983,0.993,0.988,1.000]
Epoch [190] Testing Results: Prec@1 80.680 Prec@5 97.710 Loss 0.80322
Epoch [190] Testing Class Recall: [0.941,0.982,0.841,0.732,0.831,0.728,0.820,0.746,0.725,0.722]
Epoch [191] Training Results: Prec@1 95.728 Prec@5 99.992 Loss 0.12669
Epoch [191] Training Class Recall: [0.951,0.983,0.944,0.923,0.971,0.935,0.987,0.993,1.000,1.000]
Epoch [191] Testing Results: Prec@1 81.010 Prec@5 97.770 Loss 0.77047
Epoch [191] Testing Class Recall: [0.941,0.979,0.833,0.736,0.796,0.738,0.830,0.779,0.732,0.737]
Epoch [192] Training Results: Prec@1 95.881 Prec@5 99.976 Loss 0.13421
Epoch [192] Training Class Recall: [0.954,0.984,0.940,0.932,0.971,0.933,0.987,0.978,1.000,1.000]
Epoch [192] Testing Results: Prec@1 80.830 Prec@5 97.780 Loss 0.78325
Epoch [192] Testing Class Recall: [0.945,0.981,0.834,0.736,0.807,0.738,0.832,0.769,0.710,0.731]
Epoch [193] Training Results: Prec@1 95.462 Prec@5 99.984 Loss 0.12957
Epoch [193] Training Class Recall: [0.948,0.984,0.933,0.926,0.975,0.915,0.978,0.993,1.000,1.000]
Epoch [193] Testing Results: Prec@1 80.750 Prec@5 97.650 Loss 0.81978
Epoch [193] Testing Class Recall: [0.932,0.982,0.831,0.752,0.832,0.735,0.819,0.749,0.746,0.697]
Epoch [194] Training Results: Prec@1 95.623 Prec@5 99.968 Loss 0.13360
Epoch [194] Training Class Recall: [0.949,0.982,0.943,0.931,0.967,0.915,0.996,0.993,1.000,1.000]
Epoch [194] Testing Results: Prec@1 80.920 Prec@5 97.770 Loss 0.79052
Epoch [194] Testing Class Recall: [0.950,0.982,0.821,0.752,0.825,0.717,0.827,0.767,0.740,0.711]
Epoch [195] Training Results: Prec@1 95.768 Prec@5 99.984 Loss 0.13185
Epoch [195] Training Class Recall: [0.951,0.983,0.947,0.929,0.966,0.925,0.974,0.993,1.000,1.000]
Epoch [195] Testing Results: Prec@1 80.810 Prec@5 97.750 Loss 0.79685
Epoch [195] Testing Class Recall: [0.936,0.981,0.848,0.741,0.819,0.732,0.819,0.772,0.705,0.728]
Epoch [196] Training Results: Prec@1 95.567 Prec@5 99.968 Loss 0.12776
Epoch [196] Training Class Recall: [0.950,0.983,0.940,0.927,0.969,0.912,0.978,0.993,0.988,1.000]
Epoch [196] Testing Results: Prec@1 81.200 Prec@5 97.780 Loss 0.76724
Epoch [196] Testing Class Recall: [0.938,0.981,0.833,0.740,0.814,0.734,0.850,0.755,0.752,0.723]
Epoch [197] Training Results: Prec@1 95.438 Prec@5 99.968 Loss 0.13132
Epoch [197] Training Class Recall: [0.947,0.985,0.932,0.930,0.977,0.904,0.991,0.986,1.000,1.000]
Epoch [197] Testing Results: Prec@1 80.980 Prec@5 97.680 Loss 0.81543
Epoch [197] Testing Class Recall: [0.944,0.979,0.838,0.759,0.821,0.723,0.834,0.751,0.756,0.693]
Epoch [198] Training Results: Prec@1 95.655 Prec@5 100.000 Loss 0.13177
Epoch [198] Training Class Recall: [0.952,0.983,0.934,0.933,0.972,0.920,0.970,0.971,1.000,0.980]
Epoch [198] Testing Results: Prec@1 80.910 Prec@5 97.740 Loss 0.76292
Epoch [198] Testing Class Recall: [0.939,0.982,0.836,0.762,0.801,0.719,0.818,0.759,0.730,0.745]
Epoch [199] Training Results: Prec@1 95.808 Prec@5 99.952 Loss 0.12998
Epoch [199] Training Class Recall: [0.951,0.983,0.943,0.938,0.972,0.920,0.983,0.993,0.988,1.000]
Epoch [199] Testing Results: Prec@1 81.060 Prec@5 97.770 Loss 0.76872
Epoch [199] Testing Class Recall: [0.948,0.979,0.835,0.729,0.815,0.737,0.810,0.771,0.755,0.727]
