Log file: cifar10_sava0.3_randomoversampling_selection_exp0.01_seed42_20260526_135235.log
Run started: 2026-05-26 13:52:35.116439
Dataset: cifar10
Imbalance type: exp, factor: 0.01
Selection method: sava, ratio: 0.3
Strategy: RandomOversampling_Selection, epochs: 200
Seed: 42, rand_number: 0
Augmentation: weak
Noise ratio: 0.25
mamix_ratio: 1.0
============================================================

=> Preparing logger and tensorboard writer !
----------------------------------------------------
Class ID   | Original   | Selected   | Keep %  
----------------------------------------------------
0          | 5008       | 1687       |    33.7%
1          | 4991       | 1240       |    24.8%
2          | 4937       | 1032       |    20.9%
3          | 4991       | 1532       |    30.7%
4          | 5002       | 1344       |    26.9%
5          | 5069       | 1753       |    34.6%
6          | 4992       | 1643       |    32.9%
7          | 5021       | 1484       |    29.6%
8          | 5029       | 1502       |    29.9%
9          | 4960       | 1783       |    35.9%
----------------------------------------------------
TOTAL      | 50000      | 15000      |    30.0%
----------------------------------------------------
Epoch [0] Training Results: Prec@1 30.867 Prec@5 75.733             Loss 2.03107
Epoch [0] Training Class Recall: [0.506,0.197,0.020,0.078,0.158,0.408,0.498,0.248,0.290,0.473]
Epoch [0] Testing Results: Prec@1 31.770 Prec@5 79.380             Loss 1.95993
Epoch [0] Testing Class Recall: [0.290,0.335,0.000,0.054,0.373,0.630,0.358,0.285,0.622,0.230]
Epoch [1] Training Results: Prec@1 41.267 Prec@5 81.053             Loss 1.84688
Epoch [1] Training Class Recall: [0.567,0.345,0.013,0.151,0.235,0.459,0.548,0.439,0.525,0.617]
Epoch [1] Testing Results: Prec@1 28.370 Prec@5 76.120             Loss 2.25831
Epoch [1] Testing Class Recall: [0.000,0.179,0.000,0.031,0.591,0.314,0.178,0.583,0.702,0.259]
Epoch [2] Training Results: Prec@1 46.627 Prec@5 82.967             Loss 1.72921
Epoch [2] Training Class Recall: [0.627,0.397,0.033,0.222,0.283,0.481,0.589,0.486,0.613,0.694]
Epoch [2] Testing Results: Prec@1 31.460 Prec@5 76.660             Loss 2.13744
Epoch [2] Testing Class Recall: [0.678,0.152,0.003,0.032,0.456,0.275,0.448,0.573,0.232,0.297]
Epoch [3] Training Results: Prec@1 50.953 Prec@5 84.153             Loss 1.63781
Epoch [3] Training Class Recall: [0.667,0.431,0.065,0.234,0.336,0.507,0.619,0.589,0.668,0.741]
Epoch [3] Testing Results: Prec@1 33.290 Prec@5 78.120             Loss 2.03666
Epoch [3] Testing Class Recall: [0.582,0.356,0.142,0.342,0.239,0.278,0.589,0.176,0.221,0.404]
Epoch [4] Training Results: Prec@1 54.047 Prec@5 84.560             Loss 1.58195
Epoch [4] Training Class Recall: [0.698,0.496,0.072,0.276,0.359,0.532,0.649,0.654,0.682,0.752]
Epoch [4] Testing Results: Prec@1 35.280 Prec@5 82.190             Loss 2.01198
Epoch [4] Testing Class Recall: [0.568,0.393,0.130,0.105,0.728,0.335,0.102,0.396,0.423,0.348]
Epoch [5] Training Results: Prec@1 57.147 Prec@5 85.520             Loss 1.50591
Epoch [5] Training Class Recall: [0.718,0.535,0.126,0.324,0.397,0.564,0.680,0.663,0.710,0.775]
Epoch [5] Testing Results: Prec@1 36.120 Prec@5 78.220             Loss 1.99340
Epoch [5] Testing Class Recall: [0.496,0.650,0.149,0.228,0.647,0.522,0.313,0.146,0.270,0.191]
Epoch [6] Training Results: Prec@1 58.600 Prec@5 85.733             Loss 1.47681
Epoch [6] Training Class Recall: [0.719,0.550,0.120,0.369,0.435,0.599,0.682,0.675,0.710,0.775]
Epoch [6] Testing Results: Prec@1 35.340 Prec@5 77.140             Loss 2.09598
Epoch [6] Testing Class Recall: [0.656,0.336,0.049,0.269,0.455,0.431,0.677,0.292,0.215,0.154]
Epoch [7] Training Results: Prec@1 60.853 Prec@5 85.960             Loss 1.43886
Epoch [7] Training Class Recall: [0.734,0.568,0.166,0.412,0.452,0.616,0.716,0.691,0.728,0.785]
Epoch [7] Testing Results: Prec@1 34.230 Prec@5 76.380             Loss 2.09742
Epoch [7] Testing Class Recall: [0.603,0.341,0.095,0.270,0.599,0.270,0.473,0.040,0.557,0.175]
Epoch [8] Training Results: Prec@1 62.453 Prec@5 86.367             Loss 1.39252
Epoch [8] Training Class Recall: [0.740,0.590,0.220,0.449,0.476,0.621,0.738,0.705,0.723,0.785]
Epoch [8] Testing Results: Prec@1 37.110 Prec@5 80.140             Loss 1.97920
Epoch [8] Testing Class Recall: [0.682,0.475,0.145,0.084,0.706,0.434,0.363,0.185,0.296,0.341]
Epoch [9] Training Results: Prec@1 63.240 Prec@5 86.807             Loss 1.37909
Epoch [9] Training Class Recall: [0.736,0.590,0.253,0.457,0.490,0.652,0.740,0.697,0.732,0.787]
Epoch [9] Testing Results: Prec@1 38.680 Prec@5 81.500             Loss 1.97154
Epoch [9] Testing Class Recall: [0.680,0.547,0.214,0.452,0.471,0.100,0.604,0.208,0.321,0.271]
Epoch [10] Training Results: Prec@1 64.980 Prec@5 86.987             Loss 1.34712
Epoch [10] Training Class Recall: [0.754,0.598,0.290,0.516,0.502,0.669,0.760,0.704,0.729,0.790]
Epoch [10] Testing Results: Prec@1 31.370 Prec@5 73.450             Loss 2.22621
Epoch [10] Testing Class Recall: [0.733,0.284,0.027,0.112,0.623,0.264,0.588,0.160,0.235,0.111]
Epoch [11] Training Results: Prec@1 65.640 Prec@5 87.360             Loss 1.32979
Epoch [11] Training Class Recall: [0.743,0.606,0.316,0.531,0.539,0.664,0.761,0.712,0.732,0.789]
Epoch [11] Testing Results: Prec@1 33.320 Prec@5 75.130             Loss 2.17051
Epoch [11] Testing Class Recall: [0.743,0.451,0.073,0.084,0.766,0.431,0.098,0.159,0.274,0.253]
Epoch [12] Training Results: Prec@1 66.260 Prec@5 87.520             Loss 1.30295
Epoch [12] Training Class Recall: [0.746,0.613,0.338,0.546,0.535,0.688,0.771,0.713,0.724,0.784]
Epoch [12] Testing Results: Prec@1 36.180 Prec@5 77.760             Loss 2.17657
Epoch [12] Testing Class Recall: [0.546,0.867,0.286,0.598,0.487,0.127,0.331,0.130,0.174,0.072]
Epoch [13] Training Results: Prec@1 67.287 Prec@5 87.513             Loss 1.28786
Epoch [13] Training Class Recall: [0.759,0.612,0.384,0.554,0.574,0.683,0.775,0.718,0.731,0.786]
Epoch [13] Testing Results: Prec@1 42.050 Prec@5 82.830             Loss 1.80769
Epoch [13] Testing Class Recall: [0.625,0.671,0.235,0.257,0.505,0.372,0.613,0.291,0.335,0.301]
Epoch [14] Training Results: Prec@1 68.107 Prec@5 87.460             Loss 1.26721
Epoch [14] Training Class Recall: [0.757,0.628,0.399,0.574,0.575,0.702,0.780,0.720,0.736,0.790]
Epoch [14] Testing Results: Prec@1 35.610 Prec@5 76.470             Loss 2.10504
Epoch [14] Testing Class Recall: [0.779,0.433,0.295,0.125,0.499,0.498,0.510,0.243,0.118,0.061]
Epoch [15] Training Results: Prec@1 68.387 Prec@5 87.813             Loss 1.26160
Epoch [15] Training Class Recall: [0.763,0.625,0.422,0.565,0.586,0.707,0.781,0.723,0.734,0.788]
Epoch [15] Testing Results: Prec@1 39.230 Prec@5 79.850             Loss 1.97353
Epoch [15] Testing Class Recall: [0.585,0.476,0.060,0.452,0.386,0.504,0.608,0.222,0.319,0.311]
Epoch [16] Training Results: Prec@1 68.753 Prec@5 88.140             Loss 1.24202
Epoch [16] Training Class Recall: [0.765,0.640,0.425,0.593,0.606,0.701,0.784,0.711,0.728,0.786]
Epoch [16] Testing Results: Prec@1 39.150 Prec@5 79.670             Loss 2.00582
Epoch [16] Testing Class Recall: [0.619,0.555,0.098,0.404,0.685,0.439,0.253,0.118,0.427,0.317]
Epoch [17] Training Results: Prec@1 69.240 Prec@5 88.393             Loss 1.23039
Epoch [17] Training Class Recall: [0.761,0.623,0.439,0.590,0.624,0.717,0.780,0.728,0.736,0.791]
Epoch [17] Testing Results: Prec@1 36.370 Prec@5 76.190             Loss 2.08243
Epoch [17] Testing Class Recall: [0.740,0.538,0.322,0.405,0.610,0.422,0.182,0.140,0.214,0.064]
Epoch [18] Training Results: Prec@1 69.660 Prec@5 88.260             Loss 1.22348
Epoch [18] Training Class Recall: [0.762,0.631,0.473,0.609,0.620,0.722,0.778,0.722,0.737,0.789]
Epoch [18] Testing Results: Prec@1 39.160 Prec@5 80.600             Loss 1.97131
Epoch [18] Testing Class Recall: [0.720,0.620,0.122,0.382,0.579,0.452,0.227,0.320,0.370,0.124]
Epoch [19] Training Results: Prec@1 70.067 Prec@5 88.107             Loss 1.21529
Epoch [19] Training Class Recall: [0.763,0.634,0.479,0.612,0.644,0.722,0.787,0.724,0.730,0.790]
Epoch [19] Testing Results: Prec@1 36.960 Prec@5 76.200             Loss 2.08298
Epoch [19] Testing Class Recall: [0.718,0.509,0.169,0.507,0.626,0.302,0.256,0.114,0.324,0.171]
Epoch [20] Training Results: Prec@1 70.393 Prec@5 88.293             Loss 1.21153
Epoch [20] Training Class Recall: [0.779,0.635,0.473,0.638,0.638,0.722,0.785,0.714,0.738,0.791]
Epoch [20] Testing Results: Prec@1 39.720 Prec@5 78.020             Loss 1.99868
Epoch [20] Testing Class Recall: [0.620,0.618,0.249,0.425,0.481,0.335,0.371,0.596,0.209,0.068]
Epoch [21] Training Results: Prec@1 71.040 Prec@5 88.320             Loss 1.19575
Epoch [21] Training Class Recall: [0.775,0.635,0.502,0.638,0.655,0.736,0.790,0.728,0.736,0.792]
Epoch [21] Testing Results: Prec@1 38.140 Prec@5 76.010             Loss 2.09508
Epoch [21] Testing Class Recall: [0.699,0.638,0.070,0.112,0.776,0.465,0.230,0.296,0.341,0.187]
Epoch [22] Training Results: Prec@1 70.780 Prec@5 88.447             Loss 1.19131
Epoch [22] Training Class Recall: [0.778,0.630,0.512,0.633,0.647,0.728,0.783,0.726,0.738,0.790]
Epoch [22] Testing Results: Prec@1 37.350 Prec@5 79.350             Loss 2.18258
Epoch [22] Testing Class Recall: [0.757,0.435,0.186,0.590,0.509,0.439,0.229,0.178,0.253,0.159]
Epoch [23] Training Results: Prec@1 71.307 Prec@5 88.587             Loss 1.17918
Epoch [23] Training Class Recall: [0.777,0.649,0.510,0.636,0.663,0.734,0.794,0.724,0.739,0.792]
Epoch [23] Testing Results: Prec@1 41.380 Prec@5 80.190             Loss 1.88995
Epoch [23] Testing Class Recall: [0.562,0.552,0.338,0.493,0.568,0.169,0.375,0.330,0.460,0.291]
Epoch [24] Training Results: Prec@1 71.500 Prec@5 89.033             Loss 1.17935
Epoch [24] Training Class Recall: [0.777,0.651,0.510,0.653,0.664,0.738,0.796,0.722,0.735,0.791]
Epoch [24] Testing Results: Prec@1 38.110 Prec@5 77.320             Loss 2.08315
Epoch [24] Testing Class Recall: [0.596,0.593,0.390,0.356,0.680,0.544,0.212,0.125,0.191,0.124]
Epoch [25] Training Results: Prec@1 71.907 Prec@5 89.140             Loss 1.17082
Epoch [25] Training Class Recall: [0.777,0.650,0.540,0.646,0.673,0.746,0.797,0.729,0.738,0.791]
Epoch [25] Testing Results: Prec@1 41.280 Prec@5 78.230             Loss 1.98389
Epoch [25] Testing Class Recall: [0.672,0.660,0.369,0.520,0.493,0.391,0.412,0.267,0.300,0.044]
Epoch [26] Training Results: Prec@1 71.727 Prec@5 88.960             Loss 1.16427
Epoch [26] Training Class Recall: [0.784,0.644,0.541,0.650,0.668,0.731,0.792,0.724,0.744,0.792]
Epoch [26] Testing Results: Prec@1 39.580 Prec@5 78.590             Loss 2.05535
Epoch [26] Testing Class Recall: [0.540,0.806,0.459,0.261,0.703,0.152,0.251,0.285,0.457,0.044]
Epoch [27] Training Results: Prec@1 71.613 Prec@5 89.033             Loss 1.17791
Epoch [27] Training Class Recall: [0.777,0.655,0.523,0.650,0.667,0.735,0.790,0.727,0.740,0.791]
Epoch [27] Testing Results: Prec@1 38.930 Prec@5 77.710             Loss 1.97295
Epoch [27] Testing Class Recall: [0.590,0.391,0.520,0.318,0.341,0.523,0.094,0.388,0.631,0.097]
Epoch [28] Training Results: Prec@1 71.927 Prec@5 89.233             Loss 1.15837
Epoch [28] Training Class Recall: [0.781,0.650,0.555,0.653,0.671,0.739,0.785,0.731,0.740,0.790]
Epoch [28] Testing Results: Prec@1 34.940 Prec@5 72.650             Loss 2.21810
Epoch [28] Testing Class Recall: [0.823,0.493,0.220,0.415,0.606,0.319,0.210,0.121,0.121,0.166]
Epoch [29] Training Results: Prec@1 72.173 Prec@5 89.620             Loss 1.15103
Epoch [29] Training Class Recall: [0.784,0.659,0.554,0.651,0.671,0.741,0.795,0.728,0.744,0.792]
Epoch [29] Testing Results: Prec@1 41.190 Prec@5 79.650             Loss 2.01122
Epoch [29] Testing Class Recall: [0.704,0.785,0.058,0.374,0.684,0.472,0.263,0.361,0.202,0.216]
Epoch [30] Training Results: Prec@1 71.907 Prec@5 89.413             Loss 1.15502
Epoch [30] Training Class Recall: [0.786,0.645,0.547,0.649,0.677,0.740,0.791,0.727,0.738,0.789]
Epoch [30] Testing Results: Prec@1 36.450 Prec@5 75.950             Loss 2.12909
Epoch [30] Testing Class Recall: [0.676,0.431,0.439,0.303,0.716,0.291,0.290,0.227,0.188,0.084]
Epoch [31] Training Results: Prec@1 72.133 Prec@5 89.400             Loss 1.15321
Epoch [31] Training Class Recall: [0.780,0.647,0.572,0.649,0.679,0.735,0.795,0.732,0.743,0.790]
Epoch [31] Testing Results: Prec@1 40.800 Prec@5 74.880             Loss 2.04634
Epoch [31] Testing Class Recall: [0.626,0.666,0.215,0.645,0.426,0.252,0.317,0.396,0.485,0.052]
Epoch [32] Training Results: Prec@1 72.387 Prec@5 89.380             Loss 1.14265
Epoch [32] Training Class Recall: [0.790,0.652,0.567,0.664,0.667,0.742,0.799,0.728,0.740,0.791]
Epoch [32] Testing Results: Prec@1 42.570 Prec@5 78.740             Loss 1.88630
Epoch [32] Testing Class Recall: [0.577,0.827,0.424,0.398,0.458,0.266,0.425,0.341,0.462,0.079]
Epoch [33] Training Results: Prec@1 72.400 Prec@5 89.693             Loss 1.14558
Epoch [33] Training Class Recall: [0.789,0.652,0.566,0.665,0.670,0.739,0.799,0.729,0.740,0.793]
Epoch [33] Testing Results: Prec@1 36.680 Prec@5 75.450             Loss 2.15668
Epoch [33] Testing Class Recall: [0.684,0.525,0.296,0.192,0.709,0.412,0.126,0.226,0.453,0.045]
Epoch [34] Training Results: Prec@1 72.547 Prec@5 89.700             Loss 1.14253
Epoch [34] Training Class Recall: [0.792,0.657,0.552,0.668,0.683,0.740,0.795,0.732,0.740,0.794]
Epoch [34] Testing Results: Prec@1 41.440 Prec@5 79.400             Loss 1.94491
Epoch [34] Testing Class Recall: [0.664,0.463,0.414,0.476,0.464,0.340,0.451,0.223,0.427,0.222]
Epoch [35] Training Results: Prec@1 72.667 Prec@5 89.953             Loss 1.13001
Epoch [35] Training Class Recall: [0.788,0.645,0.587,0.669,0.685,0.745,0.800,0.728,0.738,0.790]
Epoch [35] Testing Results: Prec@1 40.380 Prec@5 76.730             Loss 2.06083
Epoch [35] Testing Class Recall: [0.588,0.632,0.220,0.352,0.737,0.491,0.355,0.189,0.458,0.016]
Epoch [36] Training Results: Prec@1 72.807 Prec@5 89.920             Loss 1.13065
Epoch [36] Training Class Recall: [0.794,0.655,0.579,0.673,0.677,0.742,0.799,0.733,0.742,0.794]
Epoch [36] Testing Results: Prec@1 42.140 Prec@5 78.650             Loss 1.87239
Epoch [36] Testing Class Recall: [0.538,0.676,0.354,0.450,0.359,0.517,0.407,0.213,0.499,0.201]
Epoch [37] Training Results: Prec@1 72.267 Prec@5 90.100             Loss 1.13427
Epoch [37] Training Class Recall: [0.777,0.644,0.576,0.659,0.680,0.737,0.797,0.732,0.744,0.790]
Epoch [37] Testing Results: Prec@1 38.570 Prec@5 74.180             Loss 2.15830
Epoch [37] Testing Class Recall: [0.653,0.526,0.192,0.344,0.768,0.409,0.296,0.152,0.396,0.121]
Epoch [38] Training Results: Prec@1 72.680 Prec@5 90.240             Loss 1.12332
Epoch [38] Training Class Recall: [0.786,0.652,0.565,0.679,0.688,0.747,0.802,0.722,0.739,0.792]
Epoch [38] Testing Results: Prec@1 36.560 Prec@5 75.170             Loss 2.15504
Epoch [38] Testing Class Recall: [0.740,0.265,0.454,0.350,0.385,0.521,0.311,0.382,0.186,0.062]
Epoch [39] Training Results: Prec@1 72.720 Prec@5 90.227             Loss 1.12317
Epoch [39] Training Class Recall: [0.786,0.660,0.584,0.676,0.675,0.743,0.797,0.728,0.740,0.792]
Epoch [39] Testing Results: Prec@1 40.330 Prec@5 74.710             Loss 2.14999
Epoch [39] Testing Class Recall: [0.722,0.755,0.303,0.393,0.523,0.262,0.434,0.410,0.179,0.052]
Epoch [40] Training Results: Prec@1 72.980 Prec@5 90.407             Loss 1.12075
Epoch [40] Training Class Recall: [0.792,0.650,0.588,0.679,0.677,0.754,0.801,0.728,0.742,0.794]
Epoch [40] Testing Results: Prec@1 41.730 Prec@5 78.360             Loss 1.95123
Epoch [40] Testing Class Recall: [0.747,0.720,0.289,0.295,0.343,0.443,0.333,0.636,0.235,0.132]
Epoch [41] Training Results: Prec@1 72.513 Prec@5 90.020             Loss 1.12874
Epoch [41] Training Class Recall: [0.781,0.651,0.567,0.669,0.682,0.741,0.798,0.732,0.743,0.792]
Epoch [41] Testing Results: Prec@1 37.850 Prec@5 73.080             Loss 2.14200
Epoch [41] Testing Class Recall: [0.524,0.598,0.247,0.484,0.738,0.245,0.359,0.270,0.242,0.078]
Epoch [42] Training Results: Prec@1 72.853 Prec@5 90.400             Loss 1.11475
Epoch [42] Training Class Recall: [0.787,0.656,0.601,0.674,0.682,0.739,0.793,0.732,0.745,0.792]
Epoch [42] Testing Results: Prec@1 38.330 Prec@5 74.760             Loss 2.20087
Epoch [42] Testing Class Recall: [0.642,0.779,0.335,0.598,0.271,0.332,0.468,0.074,0.228,0.106]
Epoch [43] Training Results: Prec@1 72.933 Prec@5 90.407             Loss 1.11759
Epoch [43] Training Class Recall: [0.789,0.662,0.587,0.673,0.691,0.751,0.794,0.726,0.740,0.791]
Epoch [43] Testing Results: Prec@1 41.400 Prec@5 77.360             Loss 2.05308
Epoch [43] Testing Class Recall: [0.746,0.666,0.405,0.493,0.605,0.431,0.107,0.258,0.256,0.173]
Epoch [44] Training Results: Prec@1 72.913 Prec@5 90.480             Loss 1.12315
Epoch [44] Training Class Recall: [0.794,0.658,0.601,0.666,0.688,0.743,0.797,0.729,0.741,0.791]
Epoch [44] Testing Results: Prec@1 41.160 Prec@5 77.090             Loss 2.02714
Epoch [44] Testing Class Recall: [0.667,0.805,0.195,0.337,0.466,0.598,0.159,0.380,0.449,0.060]
Epoch [45] Training Results: Prec@1 72.573 Prec@5 90.593             Loss 1.11669
Epoch [45] Training Class Recall: [0.784,0.651,0.586,0.665,0.685,0.744,0.794,0.726,0.743,0.791]
Epoch [45] Testing Results: Prec@1 39.320 Prec@5 79.030             Loss 2.16467
Epoch [45] Testing Class Recall: [0.536,0.617,0.282,0.610,0.648,0.126,0.344,0.267,0.367,0.135]
Epoch [46] Training Results: Prec@1 73.047 Prec@5 90.633             Loss 1.10783
Epoch [46] Training Class Recall: [0.788,0.657,0.611,0.677,0.691,0.741,0.797,0.729,0.741,0.792]
Epoch [46] Testing Results: Prec@1 41.610 Prec@5 78.560             Loss 1.91603
Epoch [46] Testing Class Recall: [0.540,0.665,0.501,0.304,0.500,0.329,0.324,0.360,0.536,0.102]
Epoch [47] Training Results: Prec@1 73.267 Prec@5 90.853             Loss 1.10641
Epoch [47] Training Class Recall: [0.797,0.657,0.598,0.674,0.700,0.749,0.800,0.730,0.741,0.794]
Epoch [47] Testing Results: Prec@1 40.440 Prec@5 76.520             Loss 2.04064
Epoch [47] Testing Class Recall: [0.714,0.608,0.202,0.439,0.681,0.426,0.314,0.235,0.339,0.086]
Epoch [48] Training Results: Prec@1 73.007 Prec@5 90.933             Loss 1.10716
Epoch [48] Training Class Recall: [0.791,0.646,0.593,0.667,0.698,0.751,0.800,0.730,0.742,0.793]
Epoch [48] Testing Results: Prec@1 37.090 Prec@5 75.200             Loss 2.16903
Epoch [48] Testing Class Recall: [0.699,0.517,0.248,0.380,0.560,0.489,0.236,0.072,0.384,0.124]
Epoch [49] Training Results: Prec@1 72.987 Prec@5 91.053             Loss 1.10490
Epoch [49] Training Class Recall: [0.790,0.658,0.583,0.678,0.687,0.751,0.798,0.726,0.742,0.795]
Epoch [49] Testing Results: Prec@1 40.790 Prec@5 78.220             Loss 2.10658
Epoch [49] Testing Class Recall: [0.731,0.864,0.426,0.486,0.424,0.108,0.258,0.368,0.272,0.142]
Epoch [50] Training Results: Prec@1 73.100 Prec@5 90.947             Loss 1.10051
Epoch [50] Training Class Recall: [0.793,0.654,0.578,0.677,0.690,0.751,0.799,0.735,0.743,0.796]
Epoch [50] Testing Results: Prec@1 37.210 Prec@5 75.810             Loss 2.20761
Epoch [50] Testing Class Recall: [0.573,0.526,0.391,0.408,0.549,0.463,0.203,0.203,0.254,0.151]
Epoch [51] Training Results: Prec@1 73.093 Prec@5 90.887             Loss 1.10461
Epoch [51] Training Class Recall: [0.791,0.663,0.596,0.679,0.683,0.740,0.802,0.732,0.742,0.795]
Epoch [51] Testing Results: Prec@1 41.210 Prec@5 78.750             Loss 2.17543
Epoch [51] Testing Class Recall: [0.733,0.671,0.307,0.315,0.667,0.460,0.342,0.367,0.123,0.136]
Epoch [52] Training Results: Prec@1 73.233 Prec@5 90.840             Loss 1.10342
Epoch [52] Training Class Recall: [0.797,0.655,0.609,0.675,0.691,0.752,0.799,0.730,0.740,0.791]
Epoch [52] Testing Results: Prec@1 38.460 Prec@5 74.200             Loss 2.27228
Epoch [52] Testing Class Recall: [0.584,0.680,0.160,0.443,0.800,0.361,0.229,0.211,0.316,0.062]
Epoch [53] Training Results: Prec@1 73.673 Prec@5 91.160             Loss 1.08717
Epoch [53] Training Class Recall: [0.789,0.663,0.616,0.696,0.701,0.754,0.805,0.732,0.738,0.793]
Epoch [53] Testing Results: Prec@1 38.570 Prec@5 72.960             Loss 2.19288
Epoch [53] Testing Class Recall: [0.597,0.794,0.321,0.205,0.668,0.340,0.386,0.344,0.153,0.049]
Epoch [54] Training Results: Prec@1 73.093 Prec@5 91.127             Loss 1.09836
Epoch [54] Training Class Recall: [0.794,0.650,0.603,0.685,0.680,0.746,0.797,0.728,0.746,0.794]
Epoch [54] Testing Results: Prec@1 40.850 Prec@5 76.300             Loss 2.15531
Epoch [54] Testing Class Recall: [0.597,0.749,0.267,0.519,0.574,0.491,0.306,0.242,0.110,0.230]
Epoch [55] Training Results: Prec@1 73.340 Prec@5 91.180             Loss 1.09578
Epoch [55] Training Class Recall: [0.799,0.656,0.608,0.685,0.685,0.753,0.797,0.732,0.740,0.794]
Epoch [55] Testing Results: Prec@1 39.880 Prec@5 74.290             Loss 2.22797
Epoch [55] Testing Class Recall: [0.621,0.767,0.351,0.355,0.380,0.565,0.571,0.101,0.205,0.072]
Epoch [56] Training Results: Prec@1 73.213 Prec@5 91.287             Loss 1.08932
Epoch [56] Training Class Recall: [0.788,0.666,0.585,0.680,0.693,0.751,0.794,0.739,0.745,0.792]
Epoch [56] Testing Results: Prec@1 39.740 Prec@5 76.270             Loss 2.07335
Epoch [56] Testing Class Recall: [0.428,0.607,0.266,0.332,0.726,0.573,0.450,0.161,0.278,0.153]
Epoch [57] Training Results: Prec@1 73.540 Prec@5 91.413             Loss 1.08538
Epoch [57] Training Class Recall: [0.800,0.658,0.628,0.680,0.688,0.751,0.802,0.732,0.744,0.793]
Epoch [57] Testing Results: Prec@1 41.520 Prec@5 79.300             Loss 2.03758
Epoch [57] Testing Class Recall: [0.775,0.748,0.275,0.460,0.418,0.336,0.542,0.250,0.269,0.079]
Epoch [58] Training Results: Prec@1 73.640 Prec@5 91.253             Loss 1.08086
Epoch [58] Training Class Recall: [0.790,0.648,0.618,0.689,0.702,0.748,0.809,0.737,0.747,0.794]
Epoch [58] Testing Results: Prec@1 39.850 Prec@5 74.390             Loss 2.34043
Epoch [58] Testing Class Recall: [0.687,0.810,0.414,0.124,0.598,0.351,0.285,0.345,0.292,0.079]
Epoch [59] Training Results: Prec@1 73.407 Prec@5 91.593             Loss 1.08231
Epoch [59] Training Class Recall: [0.786,0.652,0.608,0.690,0.697,0.758,0.799,0.727,0.744,0.796]
Epoch [59] Testing Results: Prec@1 40.350 Prec@5 78.800             Loss 2.08249
Epoch [59] Testing Class Recall: [0.548,0.644,0.290,0.592,0.461,0.432,0.350,0.220,0.259,0.239]
Epoch [60] Training Results: Prec@1 73.280 Prec@5 91.753             Loss 1.08320
Epoch [60] Training Class Recall: [0.794,0.656,0.601,0.674,0.698,0.752,0.800,0.732,0.740,0.795]
Epoch [60] Testing Results: Prec@1 39.910 Prec@5 74.860             Loss 2.15889
Epoch [60] Testing Class Recall: [0.700,0.656,0.354,0.389,0.637,0.292,0.420,0.139,0.244,0.160]
Epoch [61] Training Results: Prec@1 73.500 Prec@5 91.473             Loss 1.07926
Epoch [61] Training Class Recall: [0.795,0.652,0.612,0.689,0.689,0.750,0.805,0.735,0.744,0.794]
Epoch [61] Testing Results: Prec@1 35.830 Prec@5 69.220             Loss 2.48024
Epoch [61] Testing Class Recall: [0.669,0.565,0.159,0.387,0.741,0.398,0.328,0.156,0.126,0.054]
Epoch [62] Training Results: Prec@1 73.340 Prec@5 91.793             Loss 1.07986
Epoch [62] Training Class Recall: [0.787,0.649,0.603,0.683,0.693,0.754,0.806,0.730,0.746,0.796]
Epoch [62] Testing Results: Prec@1 38.200 Prec@5 75.090             Loss 2.20346
Epoch [62] Testing Class Recall: [0.597,0.676,0.318,0.565,0.498,0.230,0.298,0.172,0.357,0.109]
Epoch [63] Training Results: Prec@1 73.393 Prec@5 91.673             Loss 1.07888
Epoch [63] Training Class Recall: [0.788,0.651,0.609,0.691,0.691,0.750,0.802,0.733,0.744,0.795]
Epoch [63] Testing Results: Prec@1 39.430 Prec@5 72.460             Loss 2.26253
Epoch [63] Testing Class Recall: [0.577,0.821,0.204,0.447,0.539,0.460,0.164,0.328,0.347,0.056]
Epoch [64] Training Results: Prec@1 73.560 Prec@5 91.793             Loss 1.07709
Epoch [64] Training Class Recall: [0.793,0.662,0.613,0.689,0.695,0.751,0.800,0.734,0.744,0.793]
Epoch [64] Testing Results: Prec@1 37.690 Prec@5 75.580             Loss 2.20887
Epoch [64] Testing Class Recall: [0.536,0.380,0.272,0.694,0.438,0.204,0.217,0.133,0.689,0.206]
Epoch [65] Training Results: Prec@1 73.740 Prec@5 91.767             Loss 1.07172
Epoch [65] Training Class Recall: [0.798,0.660,0.610,0.698,0.697,0.754,0.803,0.735,0.742,0.794]
Epoch [65] Testing Results: Prec@1 36.230 Prec@5 72.340             Loss 2.36740
Epoch [65] Testing Class Recall: [0.656,0.579,0.269,0.303,0.461,0.607,0.311,0.048,0.219,0.170]
Epoch [66] Training Results: Prec@1 73.353 Prec@5 91.680             Loss 1.07851
Epoch [66] Training Class Recall: [0.794,0.657,0.610,0.683,0.686,0.752,0.798,0.732,0.746,0.792]
Epoch [66] Testing Results: Prec@1 39.450 Prec@5 76.240             Loss 2.05488
Epoch [66] Testing Class Recall: [0.762,0.528,0.235,0.419,0.566,0.217,0.400,0.306,0.404,0.108]
Epoch [67] Training Results: Prec@1 73.767 Prec@5 92.120             Loss 1.06946
Epoch [67] Training Class Recall: [0.795,0.659,0.614,0.695,0.695,0.758,0.804,0.734,0.747,0.794]
Epoch [67] Testing Results: Prec@1 40.140 Prec@5 76.710             Loss 2.27422
Epoch [67] Testing Class Recall: [0.640,0.779,0.158,0.430,0.732,0.389,0.443,0.189,0.120,0.134]
Epoch [68] Training Results: Prec@1 73.847 Prec@5 91.893             Loss 1.06847
Epoch [68] Training Class Recall: [0.797,0.657,0.628,0.698,0.693,0.755,0.805,0.734,0.744,0.794]
Epoch [68] Testing Results: Prec@1 37.310 Prec@5 74.160             Loss 2.30189
Epoch [68] Testing Class Recall: [0.713,0.619,0.118,0.247,0.533,0.632,0.408,0.209,0.173,0.079]
Epoch [69] Training Results: Prec@1 73.587 Prec@5 92.013             Loss 1.07021
Epoch [69] Training Class Recall: [0.803,0.652,0.609,0.680,0.696,0.755,0.802,0.735,0.745,0.796]
Epoch [69] Testing Results: Prec@1 35.050 Prec@5 74.200             Loss 2.22684
Epoch [69] Testing Class Recall: [0.737,0.299,0.437,0.404,0.523,0.348,0.362,0.245,0.043,0.107]
Epoch [70] Training Results: Prec@1 73.820 Prec@5 92.127             Loss 1.06660
Epoch [70] Training Class Recall: [0.788,0.659,0.617,0.695,0.704,0.760,0.804,0.736,0.741,0.796]
Epoch [70] Testing Results: Prec@1 35.740 Prec@5 75.280             Loss 2.53900
Epoch [70] Testing Class Recall: [0.837,0.453,0.074,0.506,0.401,0.283,0.221,0.285,0.243,0.271]
Epoch [71] Training Results: Prec@1 74.000 Prec@5 92.113             Loss 1.05568
Epoch [71] Training Class Recall: [0.798,0.666,0.603,0.700,0.701,0.764,0.804,0.732,0.748,0.797]
Epoch [71] Testing Results: Prec@1 39.640 Prec@5 75.480             Loss 2.16634
Epoch [71] Testing Class Recall: [0.515,0.592,0.115,0.577,0.667,0.306,0.482,0.160,0.261,0.289]
Epoch [72] Training Results: Prec@1 73.627 Prec@5 92.367             Loss 1.06390
Epoch [72] Training Class Recall: [0.794,0.656,0.601,0.691,0.699,0.750,0.805,0.735,0.750,0.796]
Epoch [72] Testing Results: Prec@1 37.870 Prec@5 72.060             Loss 2.40113
Epoch [72] Testing Class Recall: [0.766,0.625,0.090,0.513,0.572,0.514,0.189,0.255,0.172,0.091]
Epoch [73] Training Results: Prec@1 73.913 Prec@5 92.253             Loss 1.05836
Epoch [73] Training Class Recall: [0.795,0.673,0.617,0.693,0.697,0.760,0.806,0.730,0.744,0.795]
Epoch [73] Testing Results: Prec@1 39.550 Prec@5 77.120             Loss 2.14737
Epoch [73] Testing Class Recall: [0.637,0.600,0.352,0.298,0.676,0.187,0.424,0.267,0.369,0.145]
Epoch [74] Training Results: Prec@1 73.807 Prec@5 92.213             Loss 1.05866
Epoch [74] Training Class Recall: [0.797,0.656,0.633,0.692,0.704,0.752,0.797,0.734,0.745,0.795]
Epoch [74] Testing Results: Prec@1 36.900 Prec@5 73.500             Loss 2.19362
Epoch [74] Testing Class Recall: [0.625,0.485,0.245,0.226,0.457,0.586,0.237,0.162,0.549,0.118]
Epoch [75] Training Results: Prec@1 73.813 Prec@5 92.507             Loss 1.05478
Epoch [75] Training Class Recall: [0.791,0.652,0.622,0.694,0.699,0.763,0.801,0.738,0.746,0.794]
Epoch [75] Testing Results: Prec@1 40.960 Prec@5 76.670             Loss 2.09880
Epoch [75] Testing Class Recall: [0.534,0.721,0.404,0.336,0.387,0.614,0.348,0.254,0.407,0.091]
Epoch [76] Training Results: Prec@1 73.887 Prec@5 92.247             Loss 1.05637
Epoch [76] Training Class Recall: [0.797,0.662,0.628,0.689,0.703,0.755,0.806,0.731,0.746,0.793]
Epoch [76] Testing Results: Prec@1 33.110 Prec@5 72.090             Loss 2.52685
Epoch [76] Testing Class Recall: [0.652,0.408,0.074,0.310,0.862,0.168,0.214,0.265,0.192,0.166]
Epoch [77] Training Results: Prec@1 73.567 Prec@5 92.113             Loss 1.06300
Epoch [77] Training Class Recall: [0.791,0.655,0.609,0.690,0.696,0.748,0.809,0.734,0.745,0.795]
Epoch [77] Testing Results: Prec@1 40.320 Prec@5 76.010             Loss 2.22376
Epoch [77] Testing Class Recall: [0.723,0.773,0.522,0.314,0.575,0.378,0.158,0.177,0.305,0.107]
Epoch [78] Training Results: Prec@1 74.087 Prec@5 92.380             Loss 1.04715
Epoch [78] Training Class Recall: [0.800,0.657,0.641,0.694,0.705,0.757,0.800,0.738,0.744,0.798]
Epoch [78] Testing Results: Prec@1 37.730 Prec@5 75.880             Loss 2.28192
Epoch [78] Testing Class Recall: [0.691,0.675,0.445,0.306,0.324,0.438,0.359,0.062,0.365,0.108]
Epoch [79] Training Results: Prec@1 73.913 Prec@5 92.407             Loss 1.04949
Epoch [79] Training Class Recall: [0.797,0.655,0.631,0.695,0.697,0.761,0.806,0.732,0.745,0.794]
Epoch [79] Testing Results: Prec@1 40.360 Prec@5 78.040             Loss 2.18604
Epoch [79] Testing Class Recall: [0.706,0.705,0.124,0.247,0.670,0.637,0.244,0.384,0.216,0.103]
Epoch [80] Training Results: Prec@1 73.867 Prec@5 92.620             Loss 1.05117
Epoch [80] Training Class Recall: [0.794,0.660,0.634,0.693,0.699,0.757,0.803,0.735,0.743,0.794]
Epoch [80] Testing Results: Prec@1 39.450 Prec@5 73.570             Loss 2.26082
Epoch [80] Testing Class Recall: [0.696,0.522,0.103,0.405,0.633,0.274,0.280,0.438,0.527,0.067]
Epoch [81] Training Results: Prec@1 73.760 Prec@5 92.500             Loss 1.05598
Epoch [81] Training Class Recall: [0.796,0.650,0.600,0.702,0.708,0.758,0.800,0.736,0.742,0.796]
Epoch [81] Testing Results: Prec@1 41.210 Prec@5 78.130             Loss 1.99660
Epoch [81] Testing Class Recall: [0.651,0.477,0.379,0.508,0.345,0.405,0.486,0.345,0.140,0.385]
Epoch [82] Training Results: Prec@1 74.080 Prec@5 92.393             Loss 1.04440
Epoch [82] Training Class Recall: [0.806,0.649,0.625,0.704,0.702,0.757,0.803,0.740,0.745,0.795]
Epoch [82] Testing Results: Prec@1 39.590 Prec@5 75.270             Loss 2.28098
Epoch [82] Testing Class Recall: [0.571,0.646,0.304,0.485,0.518,0.460,0.274,0.278,0.342,0.081]
Epoch [83] Training Results: Prec@1 73.840 Prec@5 92.487             Loss 1.04794
Epoch [83] Training Class Recall: [0.793,0.660,0.613,0.690,0.699,0.760,0.810,0.733,0.744,0.796]
Epoch [83] Testing Results: Prec@1 37.350 Prec@5 74.600             Loss 2.23579
Epoch [83] Testing Class Recall: [0.665,0.565,0.223,0.652,0.468,0.403,0.140,0.214,0.344,0.061]
Epoch [84] Training Results: Prec@1 73.973 Prec@5 92.740             Loss 1.04939
Epoch [84] Training Class Recall: [0.799,0.658,0.622,0.689,0.702,0.762,0.804,0.734,0.748,0.798]
Epoch [84] Testing Results: Prec@1 34.840 Prec@5 70.850             Loss 2.54189
Epoch [84] Testing Class Recall: [0.752,0.539,0.410,0.299,0.452,0.286,0.302,0.284,0.109,0.051]
Epoch [85] Training Results: Prec@1 74.093 Prec@5 92.553             Loss 1.04623
Epoch [85] Training Class Recall: [0.794,0.657,0.646,0.696,0.693,0.758,0.804,0.739,0.751,0.798]
Epoch [85] Testing Results: Prec@1 34.000 Prec@5 71.540             Loss 2.44263
Epoch [85] Testing Class Recall: [0.538,0.470,0.179,0.151,0.802,0.324,0.384,0.255,0.207,0.090]
Epoch [86] Training Results: Prec@1 74.053 Prec@5 92.807             Loss 1.03775
Epoch [86] Training Class Recall: [0.792,0.666,0.611,0.693,0.707,0.767,0.806,0.735,0.747,0.798]
Epoch [86] Testing Results: Prec@1 38.790 Prec@5 76.620             Loss 2.27431
Epoch [86] Testing Class Recall: [0.735,0.518,0.438,0.118,0.467,0.321,0.435,0.355,0.376,0.116]
Epoch [87] Training Results: Prec@1 73.733 Prec@5 92.920             Loss 1.04374
Epoch [87] Training Class Recall: [0.794,0.659,0.630,0.689,0.687,0.749,0.802,0.740,0.749,0.797]
Epoch [87] Testing Results: Prec@1 38.670 Prec@5 75.700             Loss 2.26996
Epoch [87] Testing Class Recall: [0.598,0.530,0.211,0.591,0.374,0.344,0.120,0.557,0.383,0.159]
Epoch [88] Training Results: Prec@1 73.813 Prec@5 92.680             Loss 1.04500
Epoch [88] Training Class Recall: [0.788,0.655,0.612,0.693,0.701,0.760,0.809,0.735,0.747,0.796]
Epoch [88] Testing Results: Prec@1 35.170 Prec@5 71.150             Loss 2.44909
Epoch [88] Testing Class Recall: [0.805,0.558,0.206,0.144,0.630,0.376,0.246,0.239,0.256,0.057]
Epoch [89] Training Results: Prec@1 74.133 Prec@5 92.893             Loss 1.03976
Epoch [89] Training Class Recall: [0.795,0.654,0.624,0.695,0.711,0.763,0.808,0.739,0.746,0.798]
Epoch [89] Testing Results: Prec@1 38.090 Prec@5 75.470             Loss 2.29810
Epoch [89] Testing Class Recall: [0.853,0.478,0.222,0.323,0.537,0.458,0.157,0.347,0.195,0.239]
Epoch [90] Training Results: Prec@1 74.087 Prec@5 92.907             Loss 1.03895
Epoch [90] Training Class Recall: [0.797,0.656,0.629,0.697,0.695,0.768,0.805,0.741,0.744,0.795]
Epoch [90] Testing Results: Prec@1 38.470 Prec@5 73.150             Loss 2.43506
Epoch [90] Testing Class Recall: [0.474,0.813,0.116,0.533,0.421,0.331,0.169,0.566,0.273,0.151]
Epoch [91] Training Results: Prec@1 73.740 Prec@5 92.867             Loss 1.04349
Epoch [91] Training Class Recall: [0.797,0.652,0.635,0.687,0.690,0.758,0.799,0.740,0.743,0.795]
Epoch [91] Testing Results: Prec@1 38.680 Prec@5 73.990             Loss 2.34023
Epoch [91] Testing Class Recall: [0.708,0.481,0.162,0.425,0.661,0.406,0.176,0.105,0.473,0.271]
Epoch [92] Training Results: Prec@1 74.207 Prec@5 93.280             Loss 1.02836
Epoch [92] Training Class Recall: [0.800,0.656,0.632,0.700,0.702,0.761,0.806,0.741,0.750,0.795]
Epoch [92] Testing Results: Prec@1 35.890 Prec@5 72.710             Loss 2.43173
Epoch [92] Testing Class Recall: [0.758,0.585,0.447,0.289,0.217,0.558,0.284,0.044,0.281,0.126]
Epoch [93] Training Results: Prec@1 74.187 Prec@5 93.247             Loss 1.02805
Epoch [93] Training Class Recall: [0.797,0.656,0.623,0.697,0.712,0.758,0.815,0.732,0.749,0.798]
Epoch [93] Testing Results: Prec@1 42.070 Prec@5 77.200             Loss 2.18789
Epoch [93] Testing Class Recall: [0.475,0.775,0.254,0.432,0.787,0.261,0.345,0.269,0.482,0.127]
Epoch [94] Training Results: Prec@1 73.840 Prec@5 92.873             Loss 1.03968
Epoch [94] Training Class Recall: [0.799,0.654,0.611,0.696,0.693,0.752,0.806,0.739,0.748,0.799]
Epoch [94] Testing Results: Prec@1 36.030 Prec@5 75.120             Loss 2.24568
Epoch [94] Testing Class Recall: [0.686,0.587,0.339,0.466,0.327,0.373,0.233,0.250,0.137,0.205]
Epoch [95] Training Results: Prec@1 74.267 Prec@5 93.220             Loss 1.02417
Epoch [95] Training Class Recall: [0.803,0.659,0.618,0.702,0.705,0.764,0.807,0.740,0.748,0.796]
Epoch [95] Testing Results: Prec@1 39.060 Prec@5 75.640             Loss 2.19397
Epoch [95] Testing Class Recall: [0.639,0.653,0.464,0.244,0.456,0.312,0.251,0.167,0.604,0.116]
Epoch [96] Training Results: Prec@1 73.947 Prec@5 93.140             Loss 1.03409
Epoch [96] Training Class Recall: [0.796,0.651,0.629,0.695,0.694,0.757,0.806,0.741,0.746,0.799]
Epoch [96] Testing Results: Prec@1 37.820 Prec@5 73.990             Loss 2.33524
Epoch [96] Testing Class Recall: [0.459,0.539,0.284,0.592,0.639,0.389,0.167,0.152,0.373,0.188]
Epoch [97] Training Results: Prec@1 74.027 Prec@5 92.847             Loss 1.03135
Epoch [97] Training Class Recall: [0.801,0.650,0.629,0.699,0.691,0.762,0.805,0.737,0.750,0.797]
Epoch [97] Testing Results: Prec@1 41.320 Prec@5 76.330             Loss 2.14325
Epoch [97] Testing Class Recall: [0.634,0.880,0.274,0.303,0.623,0.342,0.371,0.368,0.315,0.022]
Epoch [98] Training Results: Prec@1 74.233 Prec@5 93.120             Loss 1.02716
Epoch [98] Training Class Recall: [0.797,0.648,0.632,0.703,0.708,0.764,0.807,0.739,0.746,0.798]
Epoch [98] Testing Results: Prec@1 32.830 Prec@5 71.420             Loss 2.44436
Epoch [98] Testing Class Recall: [0.428,0.401,0.390,0.240,0.410,0.278,0.216,0.199,0.609,0.112]
Epoch [99] Training Results: Prec@1 73.827 Prec@5 93.327             Loss 1.02777
Epoch [99] Training Class Recall: [0.787,0.657,0.633,0.693,0.695,0.759,0.803,0.734,0.747,0.798]
Epoch [99] Testing Results: Prec@1 41.860 Prec@5 77.100             Loss 2.14329
Epoch [99] Testing Class Recall: [0.593,0.676,0.283,0.588,0.257,0.416,0.423,0.217,0.533,0.200]
Epoch [100] Training Results: Prec@1 74.113 Prec@5 93.433             Loss 1.02423
Epoch [100] Training Class Recall: [0.801,0.655,0.639,0.694,0.702,0.759,0.806,0.737,0.748,0.793]
Epoch [100] Testing Results: Prec@1 39.860 Prec@5 76.440             Loss 2.27256
Epoch [100] Testing Class Recall: [0.565,0.520,0.258,0.615,0.472,0.382,0.349,0.191,0.490,0.144]
Epoch [101] Training Results: Prec@1 73.540 Prec@5 93.027             Loss 1.04015
Epoch [101] Training Class Recall: [0.796,0.647,0.605,0.685,0.690,0.764,0.803,0.735,0.745,0.795]
Epoch [101] Testing Results: Prec@1 38.350 Prec@5 73.650             Loss 2.23480
Epoch [101] Testing Class Recall: [0.504,0.572,0.271,0.648,0.118,0.348,0.399,0.203,0.686,0.086]
Epoch [102] Training Results: Prec@1 73.967 Prec@5 93.233             Loss 1.02862
Epoch [102] Training Class Recall: [0.796,0.650,0.619,0.693,0.696,0.759,0.809,0.741,0.750,0.798]
Epoch [102] Testing Results: Prec@1 39.360 Prec@5 73.460             Loss 2.21359
Epoch [102] Testing Class Recall: [0.602,0.798,0.335,0.224,0.601,0.384,0.231,0.182,0.495,0.084]
Epoch [103] Training Results: Prec@1 74.067 Prec@5 93.287             Loss 1.02595
Epoch [103] Training Class Recall: [0.797,0.648,0.628,0.695,0.699,0.759,0.809,0.741,0.749,0.798]
Epoch [103] Testing Results: Prec@1 39.590 Prec@5 77.340             Loss 2.18070
Epoch [103] Testing Class Recall: [0.699,0.571,0.202,0.508,0.493,0.416,0.272,0.274,0.363,0.161]
Epoch [104] Training Results: Prec@1 74.200 Prec@5 93.420             Loss 1.02622
Epoch [104] Training Class Recall: [0.799,0.654,0.622,0.709,0.702,0.760,0.807,0.735,0.748,0.800]
Epoch [104] Testing Results: Prec@1 36.350 Prec@5 75.070             Loss 2.18880
Epoch [104] Testing Class Recall: [0.758,0.584,0.167,0.211,0.274,0.689,0.178,0.256,0.273,0.245]
Epoch [105] Training Results: Prec@1 74.280 Prec@5 93.393             Loss 1.02449
Epoch [105] Training Class Recall: [0.801,0.648,0.637,0.693,0.707,0.763,0.810,0.741,0.751,0.798]
Epoch [105] Testing Results: Prec@1 39.250 Prec@5 73.190             Loss 2.46242
Epoch [105] Testing Class Recall: [0.656,0.687,0.461,0.315,0.621,0.406,0.363,0.140,0.243,0.033]
Epoch [106] Training Results: Prec@1 74.260 Prec@5 93.400             Loss 1.02249
Epoch [106] Training Class Recall: [0.800,0.656,0.632,0.709,0.705,0.766,0.800,0.736,0.749,0.795]
Epoch [106] Testing Results: Prec@1 35.540 Prec@5 68.450             Loss 2.54701
Epoch [106] Testing Class Recall: [0.712,0.685,0.393,0.212,0.715,0.231,0.187,0.244,0.087,0.088]
Epoch [107] Training Results: Prec@1 74.213 Prec@5 93.413             Loss 1.01993
Epoch [107] Training Class Recall: [0.787,0.667,0.634,0.703,0.702,0.761,0.805,0.740,0.750,0.798]
Epoch [107] Testing Results: Prec@1 39.490 Prec@5 77.740             Loss 2.16820
Epoch [107] Testing Class Recall: [0.736,0.601,0.408,0.538,0.381,0.390,0.252,0.204,0.319,0.120]
Epoch [108] Training Results: Prec@1 74.180 Prec@5 93.380             Loss 1.02399
Epoch [108] Training Class Recall: [0.801,0.654,0.621,0.703,0.696,0.766,0.807,0.740,0.746,0.799]
Epoch [108] Testing Results: Prec@1 37.910 Prec@5 74.800             Loss 2.51910
Epoch [108] Testing Class Recall: [0.629,0.618,0.163,0.489,0.669,0.260,0.170,0.177,0.506,0.110]
Epoch [109] Training Results: Prec@1 74.173 Prec@5 93.627             Loss 1.01749
Epoch [109] Training Class Recall: [0.792,0.662,0.622,0.706,0.703,0.760,0.807,0.739,0.748,0.798]
Epoch [109] Testing Results: Prec@1 37.530 Prec@5 70.880             Loss 2.52504
Epoch [109] Testing Class Recall: [0.718,0.734,0.348,0.428,0.336,0.277,0.306,0.258,0.322,0.026]
Epoch [110] Training Results: Prec@1 74.320 Prec@5 93.453             Loss 1.01550
Epoch [110] Training Class Recall: [0.794,0.660,0.644,0.710,0.704,0.755,0.808,0.744,0.748,0.792]
Epoch [110] Testing Results: Prec@1 39.980 Prec@5 76.040             Loss 2.17897
Epoch [110] Testing Class Recall: [0.552,0.662,0.326,0.341,0.517,0.543,0.418,0.205,0.243,0.191]
Epoch [111] Training Results: Prec@1 74.520 Prec@5 93.600             Loss 1.01200
Epoch [111] Training Class Recall: [0.801,0.654,0.641,0.711,0.711,0.758,0.811,0.743,0.747,0.799]
Epoch [111] Testing Results: Prec@1 39.920 Prec@5 77.560             Loss 2.14054
Epoch [111] Testing Class Recall: [0.539,0.794,0.315,0.536,0.337,0.356,0.196,0.226,0.321,0.372]
Epoch [112] Training Results: Prec@1 73.933 Prec@5 93.860             Loss 1.01608
Epoch [112] Training Class Recall: [0.792,0.637,0.623,0.703,0.710,0.763,0.803,0.739,0.744,0.796]
Epoch [112] Testing Results: Prec@1 38.290 Prec@5 74.130             Loss 2.37589
Epoch [112] Testing Class Recall: [0.518,0.789,0.706,0.229,0.255,0.281,0.290,0.304,0.309,0.148]
Epoch [113] Training Results: Prec@1 74.033 Prec@5 93.467             Loss 1.01715
Epoch [113] Training Class Recall: [0.797,0.656,0.632,0.696,0.700,0.754,0.803,0.744,0.747,0.796]
Epoch [113] Testing Results: Prec@1 37.520 Prec@5 74.830             Loss 2.37908
Epoch [113] Testing Class Recall: [0.676,0.589,0.320,0.470,0.523,0.269,0.246,0.176,0.427,0.056]
Epoch [114] Training Results: Prec@1 74.160 Prec@5 93.527             Loss 1.01624
Epoch [114] Training Class Recall: [0.800,0.659,0.642,0.696,0.696,0.756,0.802,0.743,0.748,0.796]
Epoch [114] Testing Results: Prec@1 37.020 Prec@5 74.330             Loss 2.38658
Epoch [114] Testing Class Recall: [0.594,0.777,0.624,0.165,0.405,0.350,0.278,0.080,0.335,0.094]
Epoch [115] Training Results: Prec@1 74.340 Prec@5 93.847             Loss 1.00940
Epoch [115] Training Class Recall: [0.794,0.660,0.633,0.698,0.711,0.764,0.813,0.742,0.744,0.799]
Epoch [115] Testing Results: Prec@1 37.470 Prec@5 73.820             Loss 2.41453
Epoch [115] Testing Class Recall: [0.753,0.696,0.292,0.332,0.536,0.260,0.359,0.178,0.249,0.092]
Epoch [116] Training Results: Prec@1 74.240 Prec@5 93.813             Loss 1.00827
Epoch [116] Training Class Recall: [0.800,0.654,0.625,0.704,0.705,0.762,0.808,0.735,0.751,0.799]
Epoch [116] Testing Results: Prec@1 35.940 Prec@5 71.950             Loss 2.43657
Epoch [116] Testing Class Recall: [0.529,0.631,0.113,0.287,0.814,0.422,0.193,0.329,0.229,0.047]
Epoch [117] Training Results: Prec@1 74.187 Prec@5 93.940             Loss 1.00509
Epoch [117] Training Class Recall: [0.788,0.656,0.641,0.698,0.711,0.756,0.805,0.745,0.744,0.800]
Epoch [117] Testing Results: Prec@1 36.670 Prec@5 74.210             Loss 2.34263
Epoch [117] Testing Class Recall: [0.536,0.477,0.292,0.549,0.233,0.353,0.346,0.346,0.357,0.178]
Epoch [118] Training Results: Prec@1 74.280 Prec@5 93.920             Loss 1.01125
Epoch [118] Training Class Recall: [0.798,0.656,0.633,0.706,0.699,0.764,0.805,0.738,0.752,0.799]
Epoch [118] Testing Results: Prec@1 40.920 Prec@5 76.090             Loss 2.25963
Epoch [118] Testing Class Recall: [0.632,0.818,0.333,0.350,0.522,0.377,0.531,0.187,0.242,0.100]
Epoch [119] Training Results: Prec@1 74.260 Prec@5 94.053             Loss 1.00948
Epoch [119] Training Class Recall: [0.791,0.658,0.633,0.707,0.707,0.756,0.811,0.741,0.748,0.797]
Epoch [119] Testing Results: Prec@1 35.780 Prec@5 73.380             Loss 2.41751
Epoch [119] Testing Class Recall: [0.765,0.386,0.233,0.292,0.496,0.348,0.232,0.339,0.118,0.369]
Epoch [120] Training Results: Prec@1 74.167 Prec@5 93.987             Loss 1.00689
Epoch [120] Training Class Recall: [0.798,0.649,0.631,0.695,0.704,0.762,0.805,0.741,0.752,0.799]
Epoch [120] Testing Results: Prec@1 38.040 Prec@5 72.430             Loss 2.33943
Epoch [120] Testing Class Recall: [0.492,0.750,0.246,0.458,0.643,0.356,0.401,0.247,0.170,0.041]
Epoch [121] Training Results: Prec@1 74.020 Prec@5 94.080             Loss 1.01104
Epoch [121] Training Class Recall: [0.797,0.656,0.638,0.677,0.703,0.758,0.807,0.744,0.749,0.797]
Epoch [121] Testing Results: Prec@1 37.480 Prec@5 74.300             Loss 2.28722
Epoch [121] Testing Class Recall: [0.693,0.564,0.177,0.531,0.422,0.497,0.198,0.222,0.378,0.066]
Epoch [122] Training Results: Prec@1 74.427 Prec@5 93.847             Loss 1.00080
Epoch [122] Training Class Recall: [0.796,0.655,0.634,0.695,0.713,0.767,0.809,0.743,0.756,0.798]
Epoch [122] Testing Results: Prec@1 39.330 Prec@5 76.640             Loss 2.25540
Epoch [122] Testing Class Recall: [0.675,0.670,0.298,0.470,0.576,0.248,0.308,0.362,0.210,0.116]
Epoch [123] Training Results: Prec@1 74.333 Prec@5 94.067             Loss 1.00590
Epoch [123] Training Class Recall: [0.797,0.658,0.631,0.708,0.702,0.760,0.806,0.737,0.757,0.799]
Epoch [123] Testing Results: Prec@1 40.790 Prec@5 78.640             Loss 2.18603
Epoch [123] Testing Class Recall: [0.692,0.588,0.352,0.400,0.548,0.293,0.275,0.311,0.426,0.194]
Epoch [124] Training Results: Prec@1 74.293 Prec@5 93.767             Loss 1.00180
Epoch [124] Training Class Recall: [0.798,0.652,0.634,0.704,0.700,0.767,0.805,0.740,0.750,0.799]
Epoch [124] Testing Results: Prec@1 38.490 Prec@5 76.460             Loss 2.25754
Epoch [124] Testing Class Recall: [0.570,0.757,0.112,0.210,0.791,0.263,0.262,0.442,0.290,0.152]
Epoch [125] Training Results: Prec@1 74.527 Prec@5 94.020             Loss 1.00270
Epoch [125] Training Class Recall: [0.798,0.663,0.629,0.707,0.714,0.766,0.810,0.742,0.745,0.799]
Epoch [125] Testing Results: Prec@1 36.160 Prec@5 72.080             Loss 2.34799
Epoch [125] Testing Class Recall: [0.738,0.477,0.254,0.238,0.487,0.570,0.319,0.308,0.109,0.116]
Epoch [126] Training Results: Prec@1 74.493 Prec@5 93.980             Loss 1.00044
Epoch [126] Training Class Recall: [0.801,0.656,0.628,0.695,0.712,0.767,0.809,0.743,0.756,0.800]
Epoch [126] Testing Results: Prec@1 38.260 Prec@5 74.390             Loss 2.53902
Epoch [126] Testing Class Recall: [0.739,0.674,0.237,0.511,0.395,0.514,0.216,0.167,0.155,0.218]
Epoch [127] Training Results: Prec@1 74.513 Prec@5 93.907             Loss 1.00217
Epoch [127] Training Class Recall: [0.795,0.657,0.635,0.712,0.695,0.763,0.820,0.743,0.752,0.798]
Epoch [127] Testing Results: Prec@1 38.820 Prec@5 76.180             Loss 2.37108
Epoch [127] Testing Class Recall: [0.644,0.569,0.441,0.524,0.392,0.331,0.249,0.254,0.378,0.100]
Epoch [128] Training Results: Prec@1 74.533 Prec@5 94.280             Loss 0.99285
Epoch [128] Training Class Recall: [0.794,0.655,0.641,0.706,0.704,0.769,0.811,0.749,0.748,0.799]
Epoch [128] Testing Results: Prec@1 39.090 Prec@5 75.430             Loss 2.33021
Epoch [128] Testing Class Recall: [0.575,0.587,0.195,0.539,0.525,0.519,0.279,0.176,0.436,0.078]
Epoch [129] Training Results: Prec@1 74.260 Prec@5 94.167             Loss 0.99004
Epoch [129] Training Class Recall: [0.788,0.654,0.622,0.700,0.705,0.770,0.808,0.750,0.750,0.797]
Epoch [129] Testing Results: Prec@1 38.740 Prec@5 72.560             Loss 2.69629
Epoch [129] Testing Class Recall: [0.769,0.686,0.407,0.427,0.579,0.254,0.243,0.215,0.229,0.065]
Epoch [130] Training Results: Prec@1 74.140 Prec@5 94.267             Loss 0.99688
Epoch [130] Training Class Recall: [0.788,0.647,0.635,0.703,0.701,0.766,0.806,0.744,0.750,0.795]
Epoch [130] Testing Results: Prec@1 41.210 Prec@5 76.860             Loss 2.27332
Epoch [130] Testing Class Recall: [0.686,0.704,0.452,0.383,0.409,0.459,0.363,0.180,0.194,0.291]
Epoch [131] Training Results: Prec@1 74.227 Prec@5 94.247             Loss 0.99652
Epoch [131] Training Class Recall: [0.790,0.661,0.627,0.706,0.711,0.760,0.800,0.742,0.750,0.799]
Epoch [131] Testing Results: Prec@1 39.430 Prec@5 73.830             Loss 2.18026
Epoch [131] Testing Class Recall: [0.606,0.728,0.421,0.350,0.341,0.360,0.434,0.256,0.240,0.207]
Epoch [132] Training Results: Prec@1 74.580 Prec@5 94.027             Loss 0.98871
Epoch [132] Training Class Recall: [0.795,0.656,0.631,0.717,0.699,0.766,0.808,0.744,0.758,0.803]
Epoch [132] Testing Results: Prec@1 38.260 Prec@5 76.760             Loss 2.25482
Epoch [132] Testing Class Recall: [0.652,0.480,0.390,0.281,0.500,0.263,0.474,0.132,0.538,0.116]
Epoch [133] Training Results: Prec@1 74.253 Prec@5 94.220             Loss 0.99176
Epoch [133] Training Class Recall: [0.790,0.643,0.631,0.707,0.710,0.766,0.808,0.740,0.752,0.798]
Epoch [133] Testing Results: Prec@1 38.190 Prec@5 77.060             Loss 2.24351
Epoch [133] Testing Class Recall: [0.556,0.378,0.203,0.524,0.543,0.226,0.582,0.254,0.386,0.167]
Epoch [134] Training Results: Prec@1 74.333 Prec@5 93.887             Loss 1.00009
Epoch [134] Training Class Recall: [0.794,0.655,0.635,0.696,0.706,0.767,0.807,0.744,0.748,0.802]
Epoch [134] Testing Results: Prec@1 40.360 Prec@5 76.750             Loss 2.20261
Epoch [134] Testing Class Recall: [0.703,0.519,0.249,0.296,0.491,0.480,0.498,0.304,0.463,0.033]
Epoch [135] Training Results: Prec@1 74.327 Prec@5 93.860             Loss 1.00241
Epoch [135] Training Class Recall: [0.800,0.657,0.645,0.700,0.703,0.759,0.811,0.737,0.750,0.796]
Epoch [135] Testing Results: Prec@1 39.680 Prec@5 75.440             Loss 2.38053
Epoch [135] Testing Class Recall: [0.610,0.779,0.140,0.528,0.469,0.470,0.351,0.204,0.207,0.210]
Epoch [136] Training Results: Prec@1 74.500 Prec@5 93.813             Loss 0.99444
Epoch [136] Training Class Recall: [0.790,0.650,0.647,0.702,0.717,0.765,0.812,0.742,0.753,0.799]
Epoch [136] Testing Results: Prec@1 40.240 Prec@5 75.240             Loss 2.42969
Epoch [136] Testing Class Recall: [0.660,0.826,0.149,0.262,0.721,0.403,0.418,0.199,0.262,0.124]
Epoch [137] Training Results: Prec@1 74.807 Prec@5 94.153             Loss 0.98421
Epoch [137] Training Class Recall: [0.803,0.654,0.648,0.706,0.715,0.768,0.814,0.745,0.750,0.802]
Epoch [137] Testing Results: Prec@1 33.950 Prec@5 72.140             Loss 2.68397
Epoch [137] Testing Class Recall: [0.502,0.486,0.105,0.584,0.572,0.401,0.317,0.115,0.085,0.228]
Epoch [138] Training Results: Prec@1 74.360 Prec@5 94.073             Loss 0.99506
Epoch [138] Training Class Recall: [0.790,0.660,0.616,0.703,0.709,0.767,0.810,0.748,0.750,0.800]
Epoch [138] Testing Results: Prec@1 36.500 Prec@5 73.270             Loss 2.42781
Epoch [138] Testing Class Recall: [0.668,0.669,0.554,0.298,0.430,0.218,0.386,0.142,0.113,0.172]
Epoch [139] Training Results: Prec@1 74.353 Prec@5 94.247             Loss 0.98818
Epoch [139] Training Class Recall: [0.793,0.645,0.635,0.700,0.711,0.763,0.815,0.742,0.746,0.805]
Epoch [139] Testing Results: Prec@1 37.770 Prec@5 73.780             Loss 2.58665
Epoch [139] Testing Class Recall: [0.721,0.628,0.456,0.262,0.513,0.344,0.352,0.148,0.291,0.062]
Epoch [140] Training Results: Prec@1 74.340 Prec@5 93.973             Loss 0.99823
Epoch [140] Training Class Recall: [0.791,0.656,0.636,0.697,0.702,0.767,0.809,0.744,0.750,0.803]
Epoch [140] Testing Results: Prec@1 38.180 Prec@5 75.330             Loss 2.38467
Epoch [140] Testing Class Recall: [0.629,0.575,0.539,0.360,0.270,0.441,0.292,0.367,0.293,0.052]
Epoch [141] Training Results: Prec@1 74.267 Prec@5 94.560             Loss 0.98621
Epoch [141] Training Class Recall: [0.781,0.660,0.626,0.701,0.710,0.769,0.807,0.744,0.749,0.800]
Epoch [141] Testing Results: Prec@1 40.240 Prec@5 77.020             Loss 2.26509
Epoch [141] Testing Class Recall: [0.680,0.678,0.176,0.473,0.532,0.346,0.382,0.240,0.393,0.124]
Epoch [142] Training Results: Prec@1 74.520 Prec@5 94.253             Loss 0.99690
Epoch [142] Training Class Recall: [0.793,0.648,0.648,0.704,0.711,0.764,0.809,0.744,0.754,0.801]
Epoch [142] Testing Results: Prec@1 36.970 Prec@5 72.410             Loss 2.42492
Epoch [142] Testing Class Recall: [0.748,0.617,0.377,0.313,0.372,0.411,0.258,0.252,0.303,0.046]
Epoch [143] Training Results: Prec@1 74.153 Prec@5 94.333             Loss 0.99104
Epoch [143] Training Class Recall: [0.795,0.648,0.624,0.693,0.706,0.771,0.809,0.740,0.745,0.799]
Epoch [143] Testing Results: Prec@1 39.460 Prec@5 74.950             Loss 2.23173
Epoch [143] Testing Class Recall: [0.595,0.680,0.244,0.323,0.715,0.278,0.273,0.201,0.337,0.300]
Epoch [144] Training Results: Prec@1 74.253 Prec@5 94.087             Loss 0.99238
Epoch [144] Training Class Recall: [0.792,0.654,0.629,0.691,0.698,0.775,0.812,0.747,0.746,0.799]
Epoch [144] Testing Results: Prec@1 36.740 Prec@5 74.760             Loss 2.75713
Epoch [144] Testing Class Recall: [0.773,0.629,0.460,0.512,0.068,0.384,0.305,0.152,0.283,0.108]
Epoch [145] Training Results: Prec@1 74.527 Prec@5 94.567             Loss 0.97731
Epoch [145] Training Class Recall: [0.805,0.659,0.640,0.706,0.700,0.766,0.807,0.741,0.751,0.800]
Epoch [145] Testing Results: Prec@1 38.780 Prec@5 74.040             Loss 2.23939
Epoch [145] Testing Class Recall: [0.598,0.632,0.210,0.270,0.514,0.383,0.631,0.236,0.341,0.063]
Epoch [146] Training Results: Prec@1 74.613 Prec@5 94.387             Loss 0.98451
Epoch [146] Training Class Recall: [0.794,0.657,0.642,0.711,0.707,0.767,0.811,0.743,0.753,0.799]
Epoch [146] Testing Results: Prec@1 38.730 Prec@5 78.260             Loss 2.16967
Epoch [146] Testing Class Recall: [0.574,0.449,0.277,0.509,0.602,0.319,0.292,0.327,0.246,0.278]
Epoch [147] Training Results: Prec@1 74.613 Prec@5 94.427             Loss 0.98114
Epoch [147] Training Class Recall: [0.790,0.660,0.636,0.706,0.711,0.771,0.811,0.746,0.752,0.800]
Epoch [147] Testing Results: Prec@1 35.060 Prec@5 71.570             Loss 2.80114
Epoch [147] Testing Class Recall: [0.559,0.563,0.165,0.296,0.773,0.460,0.248,0.170,0.229,0.043]
Epoch [148] Training Results: Prec@1 74.427 Prec@5 94.833             Loss 0.97887
Epoch [148] Training Class Recall: [0.788,0.650,0.634,0.700,0.711,0.775,0.811,0.732,0.753,0.805]
Epoch [148] Testing Results: Prec@1 37.110 Prec@5 75.830             Loss 2.55859
Epoch [148] Testing Class Recall: [0.587,0.613,0.631,0.304,0.392,0.302,0.355,0.234,0.249,0.044]
Epoch [149] Training Results: Prec@1 74.447 Prec@5 94.287             Loss 0.98297
Epoch [149] Training Class Recall: [0.793,0.656,0.640,0.711,0.699,0.767,0.809,0.743,0.751,0.798]
Epoch [149] Testing Results: Prec@1 41.230 Prec@5 79.040             Loss 2.19668
Epoch [149] Testing Class Recall: [0.670,0.691,0.348,0.385,0.474,0.285,0.566,0.399,0.142,0.163]
Epoch [150] Training Results: Prec@1 74.380 Prec@5 94.567             Loss 0.98087
Epoch [150] Training Class Recall: [0.793,0.652,0.637,0.708,0.694,0.763,0.814,0.743,0.754,0.801]
Epoch [150] Testing Results: Prec@1 33.190 Prec@5 66.470             Loss 2.93859
Epoch [150] Testing Class Recall: [0.783,0.490,0.384,0.483,0.445,0.284,0.149,0.176,0.072,0.053]
Epoch [151] Training Results: Prec@1 74.400 Prec@5 94.560             Loss 0.98444
Epoch [151] Training Class Recall: [0.787,0.641,0.658,0.704,0.705,0.772,0.809,0.739,0.749,0.801]
Epoch [151] Testing Results: Prec@1 37.920 Prec@5 73.050             Loss 2.37599
Epoch [151] Testing Class Recall: [0.688,0.636,0.283,0.190,0.468,0.276,0.479,0.177,0.505,0.090]
Epoch [152] Training Results: Prec@1 74.413 Prec@5 94.193             Loss 0.98934
Epoch [152] Training Class Recall: [0.793,0.653,0.628,0.703,0.703,0.767,0.807,0.750,0.753,0.802]
Epoch [152] Testing Results: Prec@1 39.220 Prec@5 74.250             Loss 2.35856
Epoch [152] Testing Class Recall: [0.491,0.826,0.423,0.385,0.270,0.477,0.265,0.296,0.460,0.029]
Epoch [153] Training Results: Prec@1 74.293 Prec@5 94.553             Loss 0.98518
Epoch [153] Training Class Recall: [0.787,0.658,0.628,0.702,0.709,0.768,0.811,0.742,0.747,0.798]
Epoch [153] Testing Results: Prec@1 36.440 Prec@5 74.790             Loss 2.33317
Epoch [153] Testing Class Recall: [0.522,0.492,0.320,0.340,0.427,0.254,0.105,0.521,0.408,0.255]
Epoch [154] Training Results: Prec@1 74.553 Prec@5 94.727             Loss 0.97406
Epoch [154] Training Class Recall: [0.784,0.639,0.642,0.712,0.705,0.776,0.812,0.749,0.753,0.802]
Epoch [154] Testing Results: Prec@1 40.420 Prec@5 75.790             Loss 2.35182
Epoch [154] Testing Class Recall: [0.559,0.757,0.371,0.421,0.277,0.455,0.263,0.493,0.334,0.112]
Epoch [155] Training Results: Prec@1 74.320 Prec@5 94.440             Loss 0.98737
Epoch [155] Training Class Recall: [0.795,0.650,0.621,0.706,0.691,0.770,0.813,0.743,0.751,0.804]
Epoch [155] Testing Results: Prec@1 36.200 Prec@5 71.790             Loss 2.91936
Epoch [155] Testing Class Recall: [0.763,0.604,0.372,0.483,0.509,0.137,0.142,0.286,0.142,0.182]
Epoch [156] Training Results: Prec@1 74.433 Prec@5 94.480             Loss 0.97512
Epoch [156] Training Class Recall: [0.791,0.648,0.641,0.713,0.695,0.771,0.810,0.743,0.752,0.799]
Epoch [156] Testing Results: Prec@1 37.450 Prec@5 74.120             Loss 2.53343
Epoch [156] Testing Class Recall: [0.663,0.531,0.403,0.482,0.366,0.331,0.374,0.244,0.232,0.119]
Epoch [157] Training Results: Prec@1 74.520 Prec@5 94.833             Loss 0.97823
Epoch [157] Training Class Recall: [0.795,0.661,0.621,0.711,0.709,0.764,0.812,0.746,0.749,0.800]
Epoch [157] Testing Results: Prec@1 38.720 Prec@5 73.720             Loss 2.40495
Epoch [157] Testing Class Recall: [0.617,0.725,0.321,0.410,0.419,0.418,0.432,0.082,0.370,0.078]
Epoch [158] Training Results: Prec@1 74.520 Prec@5 94.607             Loss 0.97586
Epoch [158] Training Class Recall: [0.793,0.652,0.627,0.714,0.710,0.771,0.811,0.745,0.752,0.796]
Epoch [158] Testing Results: Prec@1 37.410 Prec@5 75.000             Loss 2.45518
Epoch [158] Testing Class Recall: [0.286,0.596,0.154,0.410,0.719,0.377,0.396,0.340,0.256,0.207]
Epoch [159] Training Results: Prec@1 74.620 Prec@5 94.580             Loss 0.97493
Epoch [159] Training Class Recall: [0.795,0.658,0.638,0.709,0.708,0.769,0.809,0.742,0.754,0.801]
Epoch [159] Testing Results: Prec@1 38.570 Prec@5 75.940             Loss 2.34294
Epoch [159] Testing Class Recall: [0.643,0.823,0.485,0.208,0.412,0.223,0.440,0.288,0.237,0.098]
Epoch [160] Training Results: Prec@1 75.487 Prec@5 95.700             Loss 0.91801
Epoch [160] Training Class Recall: [0.806,0.685,0.628,0.708,0.725,0.776,0.824,0.749,0.762,0.806]
Epoch [160] Testing Results: Prec@1 40.740 Prec@5 76.830             Loss 2.31987
Epoch [160] Testing Class Recall: [0.651,0.738,0.424,0.439,0.459,0.337,0.303,0.295,0.312,0.116]
Epoch [161] Training Results: Prec@1 75.973 Prec@5 95.720             Loss 0.89598
Epoch [161] Training Class Recall: [0.810,0.679,0.656,0.732,0.731,0.780,0.825,0.750,0.757,0.804]
Epoch [161] Testing Results: Prec@1 40.100 Prec@5 76.260             Loss 2.33100
Epoch [161] Testing Class Recall: [0.654,0.733,0.440,0.429,0.464,0.354,0.256,0.284,0.280,0.116]
Epoch [162] Training Results: Prec@1 76.113 Prec@5 96.033             Loss 0.88247
Epoch [162] Training Class Recall: [0.804,0.688,0.663,0.742,0.727,0.781,0.825,0.752,0.758,0.803]
Epoch [162] Testing Results: Prec@1 40.560 Prec@5 76.260             Loss 2.33324
Epoch [162] Testing Class Recall: [0.640,0.747,0.458,0.432,0.468,0.352,0.265,0.282,0.301,0.111]
Epoch [163] Training Results: Prec@1 76.313 Prec@5 96.033             Loss 0.87656
Epoch [163] Training Class Recall: [0.811,0.681,0.670,0.729,0.739,0.791,0.825,0.751,0.760,0.804]
Epoch [163] Testing Results: Prec@1 40.200 Prec@5 76.190             Loss 2.35817
Epoch [163] Testing Class Recall: [0.664,0.765,0.457,0.427,0.424,0.349,0.255,0.285,0.290,0.104]
Epoch [164] Training Results: Prec@1 76.247 Prec@5 96.293             Loss 0.86668
Epoch [164] Training Class Recall: [0.807,0.685,0.671,0.736,0.734,0.784,0.826,0.751,0.757,0.805]
Epoch [164] Testing Results: Prec@1 40.260 Prec@5 76.030             Loss 2.33355
Epoch [164] Testing Class Recall: [0.612,0.751,0.452,0.429,0.460,0.360,0.273,0.281,0.322,0.086]
Epoch [165] Training Results: Prec@1 76.440 Prec@5 96.207             Loss 0.86098
Epoch [165] Training Class Recall: [0.808,0.685,0.681,0.746,0.738,0.786,0.823,0.754,0.755,0.804]
Epoch [165] Testing Results: Prec@1 40.220 Prec@5 75.710             Loss 2.38329
Epoch [165] Testing Class Recall: [0.641,0.750,0.446,0.423,0.497,0.379,0.248,0.271,0.271,0.096]
Epoch [166] Training Results: Prec@1 76.513 Prec@5 96.460             Loss 0.85776
Epoch [166] Training Class Recall: [0.810,0.677,0.674,0.746,0.743,0.790,0.826,0.753,0.756,0.807]
Epoch [166] Testing Results: Prec@1 40.030 Prec@5 76.010             Loss 2.34701
Epoch [166] Testing Class Recall: [0.645,0.738,0.442,0.450,0.450,0.361,0.222,0.273,0.306,0.116]
Epoch [167] Training Results: Prec@1 76.560 Prec@5 96.333             Loss 0.85257
Epoch [167] Training Class Recall: [0.814,0.681,0.681,0.749,0.735,0.790,0.823,0.751,0.758,0.806]
Epoch [167] Testing Results: Prec@1 40.100 Prec@5 76.280             Loss 2.30982
Epoch [167] Testing Class Recall: [0.649,0.721,0.444,0.425,0.462,0.361,0.259,0.265,0.313,0.111]
Epoch [168] Training Results: Prec@1 76.707 Prec@5 96.520             Loss 0.84889
Epoch [168] Training Class Recall: [0.814,0.681,0.688,0.750,0.740,0.791,0.825,0.753,0.759,0.804]
Epoch [168] Testing Results: Prec@1 39.740 Prec@5 75.590             Loss 2.37318
Epoch [168] Testing Class Recall: [0.618,0.720,0.441,0.444,0.460,0.381,0.256,0.262,0.302,0.090]
Epoch [169] Training Results: Prec@1 76.713 Prec@5 96.740             Loss 0.84549
Epoch [169] Training Class Recall: [0.812,0.686,0.691,0.747,0.743,0.791,0.824,0.751,0.756,0.808]
Epoch [169] Testing Results: Prec@1 40.190 Prec@5 76.010             Loss 2.36019
Epoch [169] Testing Class Recall: [0.649,0.765,0.452,0.453,0.420,0.356,0.238,0.291,0.289,0.106]
Epoch [170] Training Results: Prec@1 76.507 Prec@5 96.560             Loss 0.84799
Epoch [170] Training Class Recall: [0.807,0.681,0.681,0.744,0.741,0.790,0.821,0.755,0.758,0.807]
Epoch [170] Testing Results: Prec@1 40.120 Prec@5 75.730             Loss 2.35621
Epoch [170] Testing Class Recall: [0.616,0.740,0.438,0.454,0.461,0.363,0.255,0.282,0.305,0.098]
Epoch [171] Training Results: Prec@1 76.747 Prec@5 96.507             Loss 0.84464
Epoch [171] Training Class Recall: [0.809,0.689,0.695,0.747,0.737,0.792,0.826,0.751,0.758,0.809]
Epoch [171] Testing Results: Prec@1 39.790 Prec@5 75.480             Loss 2.38052
Epoch [171] Testing Class Recall: [0.635,0.718,0.437,0.448,0.430,0.381,0.244,0.294,0.296,0.096]
Epoch [172] Training Results: Prec@1 76.747 Prec@5 96.600             Loss 0.83583
Epoch [172] Training Class Recall: [0.810,0.686,0.684,0.750,0.742,0.794,0.826,0.749,0.760,0.807]
Epoch [172] Testing Results: Prec@1 40.160 Prec@5 75.880             Loss 2.35169
Epoch [172] Testing Class Recall: [0.635,0.706,0.424,0.465,0.455,0.373,0.279,0.287,0.285,0.107]
Epoch [173] Training Results: Prec@1 76.767 Prec@5 96.680             Loss 0.83814
Epoch [173] Training Class Recall: [0.809,0.685,0.688,0.751,0.740,0.788,0.828,0.755,0.761,0.809]
Epoch [173] Testing Results: Prec@1 39.890 Prec@5 75.520             Loss 2.36886
Epoch [173] Testing Class Recall: [0.612,0.728,0.437,0.464,0.439,0.393,0.239,0.277,0.289,0.111]
Epoch [174] Training Results: Prec@1 76.900 Prec@5 96.807             Loss 0.83481
Epoch [174] Training Class Recall: [0.807,0.685,0.685,0.749,0.751,0.795,0.829,0.755,0.757,0.811]
Epoch [174] Testing Results: Prec@1 39.760 Prec@5 75.280             Loss 2.38907
Epoch [174] Testing Class Recall: [0.631,0.718,0.419,0.431,0.470,0.398,0.221,0.281,0.290,0.117]
Epoch [175] Training Results: Prec@1 76.807 Prec@5 96.840             Loss 0.83470
Epoch [175] Training Class Recall: [0.812,0.686,0.688,0.751,0.738,0.797,0.825,0.755,0.759,0.804]
Epoch [175] Testing Results: Prec@1 39.130 Prec@5 75.060             Loss 2.43501
Epoch [175] Testing Class Recall: [0.666,0.715,0.423,0.456,0.402,0.374,0.227,0.277,0.272,0.101]
Epoch [176] Training Results: Prec@1 76.687 Prec@5 96.713             Loss 0.83720
Epoch [176] Training Class Recall: [0.813,0.682,0.681,0.749,0.739,0.788,0.825,0.751,0.762,0.810]
Epoch [176] Testing Results: Prec@1 39.640 Prec@5 75.330             Loss 2.40840
Epoch [176] Testing Class Recall: [0.620,0.732,0.449,0.460,0.428,0.363,0.235,0.287,0.277,0.113]
Epoch [177] Training Results: Prec@1 77.007 Prec@5 96.893             Loss 0.82781
Epoch [177] Training Class Recall: [0.809,0.681,0.700,0.752,0.748,0.795,0.827,0.757,0.760,0.812]
Epoch [177] Testing Results: Prec@1 39.880 Prec@5 75.360             Loss 2.36371
Epoch [177] Testing Class Recall: [0.624,0.701,0.442,0.434,0.447,0.394,0.261,0.278,0.300,0.107]
Epoch [178] Training Results: Prec@1 76.727 Prec@5 96.920             Loss 0.82868
Epoch [178] Training Class Recall: [0.810,0.679,0.681,0.743,0.741,0.799,0.827,0.755,0.758,0.809]
Epoch [178] Testing Results: Prec@1 39.650 Prec@5 74.950             Loss 2.44259
Epoch [178] Testing Class Recall: [0.641,0.729,0.431,0.448,0.427,0.386,0.244,0.275,0.281,0.103]
Epoch [179] Training Results: Prec@1 76.953 Prec@5 96.813             Loss 0.82678
Epoch [179] Training Class Recall: [0.811,0.682,0.699,0.755,0.746,0.792,0.824,0.759,0.761,0.806]
Epoch [179] Testing Results: Prec@1 39.860 Prec@5 75.130             Loss 2.42756
Epoch [179] Testing Class Recall: [0.627,0.723,0.425,0.456,0.470,0.376,0.260,0.281,0.275,0.093]
Epoch [180] Training Results: Prec@1 77.040 Prec@5 96.793             Loss 0.82288
Epoch [180] Training Class Recall: [0.810,0.689,0.698,0.753,0.745,0.795,0.827,0.757,0.762,0.809]
Epoch [180] Testing Results: Prec@1 39.520 Prec@5 74.950             Loss 2.44091
Epoch [180] Testing Class Recall: [0.618,0.722,0.415,0.456,0.464,0.371,0.235,0.291,0.288,0.092]
Epoch [181] Training Results: Prec@1 76.933 Prec@5 96.873             Loss 0.82686
Epoch [181] Training Class Recall: [0.814,0.684,0.691,0.750,0.742,0.795,0.825,0.756,0.762,0.809]
Epoch [181] Testing Results: Prec@1 39.820 Prec@5 75.270             Loss 2.38386
Epoch [181] Testing Class Recall: [0.627,0.708,0.432,0.443,0.459,0.375,0.260,0.280,0.293,0.105]
Epoch [182] Training Results: Prec@1 77.033 Prec@5 97.013             Loss 0.81979
Epoch [182] Training Class Recall: [0.819,0.690,0.699,0.751,0.743,0.795,0.825,0.754,0.760,0.807]
Epoch [182] Testing Results: Prec@1 39.780 Prec@5 75.010             Loss 2.43800
Epoch [182] Testing Class Recall: [0.647,0.753,0.417,0.463,0.397,0.387,0.229,0.284,0.301,0.100]
Epoch [183] Training Results: Prec@1 76.767 Prec@5 96.860             Loss 0.82938
Epoch [183] Training Class Recall: [0.803,0.673,0.700,0.749,0.744,0.793,0.825,0.757,0.764,0.806]
Epoch [183] Testing Results: Prec@1 39.930 Prec@5 75.290             Loss 2.38220
Epoch [183] Testing Class Recall: [0.625,0.720,0.421,0.449,0.457,0.386,0.263,0.289,0.282,0.101]
Epoch [184] Training Results: Prec@1 77.033 Prec@5 96.640             Loss 0.82784
Epoch [184] Training Class Recall: [0.813,0.687,0.689,0.758,0.745,0.793,0.827,0.755,0.764,0.808]
Epoch [184] Testing Results: Prec@1 39.400 Prec@5 75.320             Loss 2.40124
Epoch [184] Testing Class Recall: [0.632,0.712,0.429,0.451,0.440,0.353,0.261,0.293,0.270,0.099]
Epoch [185] Training Results: Prec@1 76.913 Prec@5 96.900             Loss 0.82397
Epoch [185] Training Class Recall: [0.815,0.679,0.699,0.753,0.742,0.791,0.826,0.755,0.762,0.808]
Epoch [185] Testing Results: Prec@1 39.960 Prec@5 75.180             Loss 2.39694
Epoch [185] Testing Class Recall: [0.619,0.736,0.412,0.451,0.449,0.398,0.236,0.291,0.296,0.108]
Epoch [186] Training Results: Prec@1 77.060 Prec@5 96.740             Loss 0.82620
Epoch [186] Training Class Recall: [0.813,0.681,0.694,0.758,0.744,0.795,0.825,0.755,0.769,0.809]
Epoch [186] Testing Results: Prec@1 39.340 Prec@5 74.510             Loss 2.46870
Epoch [186] Testing Class Recall: [0.636,0.709,0.452,0.429,0.468,0.363,0.246,0.265,0.279,0.087]
Epoch [187] Training Results: Prec@1 76.807 Prec@5 96.833             Loss 0.82699
Epoch [187] Training Class Recall: [0.809,0.680,0.685,0.753,0.745,0.793,0.827,0.754,0.759,0.809]
Epoch [187] Testing Results: Prec@1 39.670 Prec@5 75.340             Loss 2.39098
Epoch [187] Testing Class Recall: [0.628,0.715,0.416,0.434,0.446,0.373,0.270,0.293,0.298,0.094]
Epoch [188] Training Results: Prec@1 77.033 Prec@5 96.833             Loss 0.82411
Epoch [188] Training Class Recall: [0.811,0.683,0.695,0.752,0.742,0.794,0.827,0.758,0.763,0.814]
Epoch [188] Testing Results: Prec@1 39.620 Prec@5 75.230             Loss 2.41589
Epoch [188] Testing Class Recall: [0.623,0.723,0.440,0.444,0.434,0.380,0.252,0.285,0.288,0.093]
Epoch [189] Training Results: Prec@1 76.880 Prec@5 96.840             Loss 0.82837
Epoch [189] Training Class Recall: [0.807,0.685,0.706,0.752,0.739,0.790,0.826,0.755,0.762,0.808]
Epoch [189] Testing Results: Prec@1 39.770 Prec@5 75.130             Loss 2.45339
Epoch [189] Testing Class Recall: [0.633,0.738,0.427,0.466,0.425,0.392,0.230,0.277,0.285,0.104]
Epoch [190] Training Results: Prec@1 76.800 Prec@5 96.887             Loss 0.82500
Epoch [190] Training Class Recall: [0.811,0.677,0.692,0.750,0.745,0.790,0.830,0.757,0.758,0.807]
Epoch [190] Testing Results: Prec@1 39.500 Prec@5 74.700             Loss 2.48763
Epoch [190] Testing Class Recall: [0.634,0.732,0.427,0.454,0.461,0.386,0.229,0.280,0.261,0.086]
Epoch [191] Training Results: Prec@1 76.860 Prec@5 96.827             Loss 0.82775
Epoch [191] Training Class Recall: [0.811,0.685,0.687,0.751,0.743,0.791,0.824,0.756,0.763,0.809]
Epoch [191] Testing Results: Prec@1 39.700 Prec@5 74.950             Loss 2.45824
Epoch [191] Testing Class Recall: [0.617,0.747,0.418,0.478,0.430,0.384,0.252,0.283,0.267,0.094]
Epoch [192] Training Results: Prec@1 76.853 Prec@5 96.820             Loss 0.82511
Epoch [192] Training Class Recall: [0.806,0.682,0.696,0.748,0.740,0.792,0.827,0.759,0.764,0.810]
Epoch [192] Testing Results: Prec@1 39.620 Prec@5 74.880             Loss 2.45092
Epoch [192] Testing Class Recall: [0.630,0.721,0.426,0.464,0.459,0.352,0.264,0.276,0.281,0.089]
Epoch [193] Training Results: Prec@1 76.880 Prec@5 96.813             Loss 0.82648
Epoch [193] Training Class Recall: [0.811,0.685,0.697,0.749,0.740,0.793,0.823,0.752,0.764,0.812]
Epoch [193] Testing Results: Prec@1 39.510 Prec@5 74.690             Loss 2.45290
Epoch [193] Testing Class Recall: [0.640,0.704,0.418,0.435,0.460,0.409,0.243,0.282,0.265,0.095]
Epoch [194] Training Results: Prec@1 76.847 Prec@5 96.747             Loss 0.82742
Epoch [194] Training Class Recall: [0.809,0.682,0.705,0.753,0.738,0.791,0.823,0.755,0.762,0.807]
Epoch [194] Testing Results: Prec@1 39.570 Prec@5 74.980             Loss 2.41618
Epoch [194] Testing Class Recall: [0.617,0.711,0.420,0.469,0.450,0.366,0.264,0.274,0.286,0.100]
Epoch [195] Training Results: Prec@1 76.780 Prec@5 96.887             Loss 0.82588
Epoch [195] Training Class Recall: [0.809,0.684,0.689,0.753,0.743,0.788,0.827,0.755,0.762,0.806]
Epoch [195] Testing Results: Prec@1 39.790 Prec@5 74.670             Loss 2.45171
Epoch [195] Testing Class Recall: [0.627,0.716,0.433,0.450,0.460,0.401,0.251,0.271,0.269,0.101]
Epoch [196] Training Results: Prec@1 77.040 Prec@5 97.013             Loss 0.82377
Epoch [196] Training Class Recall: [0.816,0.680,0.696,0.757,0.747,0.792,0.827,0.755,0.760,0.811]
Epoch [196] Testing Results: Prec@1 39.350 Prec@5 74.880             Loss 2.43569
Epoch [196] Testing Class Recall: [0.652,0.711,0.458,0.423,0.439,0.361,0.250,0.281,0.267,0.093]
Epoch [197] Training Results: Prec@1 76.960 Prec@5 96.833             Loss 0.82709
Epoch [197] Training Class Recall: [0.810,0.685,0.703,0.757,0.743,0.788,0.827,0.752,0.761,0.809]
Epoch [197] Testing Results: Prec@1 39.560 Prec@5 74.800             Loss 2.44174
Epoch [197] Testing Class Recall: [0.638,0.706,0.427,0.423,0.468,0.395,0.249,0.274,0.280,0.096]
Epoch [198] Training Results: Prec@1 76.813 Prec@5 96.713             Loss 0.82657
Epoch [198] Training Class Recall: [0.807,0.681,0.685,0.753,0.749,0.791,0.826,0.756,0.761,0.809]
Epoch [198] Testing Results: Prec@1 40.040 Prec@5 75.610             Loss 2.36038
Epoch [198] Testing Class Recall: [0.622,0.712,0.408,0.464,0.444,0.364,0.266,0.290,0.330,0.104]
Epoch [199] Training Results: Prec@1 77.060 Prec@5 96.813             Loss 0.82524
Epoch [199] Training Class Recall: [0.814,0.679,0.695,0.756,0.749,0.791,0.830,0.757,0.760,0.811]
Epoch [199] Testing Results: Prec@1 39.780 Prec@5 75.420             Loss 2.39879
Epoch [199] Testing Class Recall: [0.631,0.711,0.424,0.463,0.446,0.353,0.271,0.271,0.318,0.090]
