Log file: cifar10_sava0.7_randomoversampling_selection_exp0.01_seed42_20260526_121248.log
Run started: 2026-05-26 12:12:48.732583
Dataset: cifar10
Imbalance type: exp, factor: 0.01
Selection method: sava, ratio: 0.7
Strategy: RandomOversampling_Selection, epochs: 200
Seed: 42, rand_number: 0
Augmentation: weak
Noise ratio: 0.25
mamix_ratio: 1.0
============================================================

=> Preparing logger and tensorboard writer !
----------------------------------------------------
Class ID   | Original   | Selected   | Keep %  
----------------------------------------------------
0          | 5008       | 3123       |    62.4%
1          | 4991       | 3794       |    76.0%
2          | 4937       | 3541       |    71.7%
3          | 4991       | 3692       |    74.0%
4          | 5002       | 3714       |    74.3%
5          | 5069       | 3524       |    69.5%
6          | 4992       | 3354       |    67.2%
7          | 5021       | 3453       |    68.8%
8          | 5029       | 3583       |    71.2%
9          | 4960       | 3222       |    65.0%
----------------------------------------------------
TOTAL      | 50000      | 35000      |    70.0%
----------------------------------------------------
Epoch [0] Training Results: Prec@1 29.600 Prec@5 76.083             Loss 2.02446
Epoch [0] Training Class Recall: [0.344,0.424,0.125,0.177,0.324,0.229,0.323,0.285,0.396,0.336]
Epoch [0] Testing Results: Prec@1 35.410 Prec@5 85.190             Loss 1.84604
Epoch [0] Testing Class Recall: [0.155,0.618,0.118,0.150,0.402,0.668,0.276,0.387,0.713,0.054]
Epoch [1] Training Results: Prec@1 41.886 Prec@5 81.714             Loss 1.81511
Epoch [1] Training Class Recall: [0.457,0.525,0.255,0.228,0.329,0.343,0.467,0.480,0.558,0.570]
Epoch [1] Testing Results: Prec@1 42.070 Prec@5 85.030             Loss 1.71470
Epoch [1] Testing Class Recall: [0.599,0.871,0.447,0.042,0.396,0.491,0.307,0.487,0.334,0.233]
Epoch [2] Training Results: Prec@1 46.903 Prec@5 83.429             Loss 1.70705
Epoch [2] Training Class Recall: [0.493,0.584,0.299,0.281,0.365,0.387,0.511,0.525,0.631,0.637]
Epoch [2] Testing Results: Prec@1 42.910 Prec@5 84.880             Loss 1.73821
Epoch [2] Testing Class Recall: [0.507,0.618,0.482,0.066,0.334,0.478,0.410,0.724,0.119,0.553]
Epoch [3] Training Results: Prec@1 52.349 Prec@5 84.614             Loss 1.60690
Epoch [3] Training Class Recall: [0.541,0.627,0.358,0.358,0.417,0.410,0.576,0.593,0.688,0.691]
Epoch [3] Testing Results: Prec@1 46.740 Prec@5 88.880             Loss 1.59040
Epoch [3] Testing Class Recall: [0.496,0.751,0.274,0.206,0.260,0.155,0.707,0.654,0.564,0.607]
Epoch [4] Training Results: Prec@1 55.477 Prec@5 85.134             Loss 1.54169
Epoch [4] Training Class Recall: [0.559,0.662,0.391,0.402,0.473,0.444,0.602,0.620,0.707,0.705]
Epoch [4] Testing Results: Prec@1 50.150 Prec@5 87.050             Loss 1.54774
Epoch [4] Testing Class Recall: [0.502,0.805,0.476,0.410,0.553,0.546,0.725,0.409,0.211,0.378]
Epoch [5] Training Results: Prec@1 58.731 Prec@5 85.657             Loss 1.47484
Epoch [5] Training Class Recall: [0.583,0.695,0.441,0.433,0.516,0.488,0.640,0.649,0.726,0.718]
Epoch [5] Testing Results: Prec@1 43.250 Prec@5 88.600             Loss 1.73037
Epoch [5] Testing Class Recall: [0.516,0.624,0.303,0.194,0.857,0.256,0.320,0.571,0.575,0.109]
Epoch [6] Training Results: Prec@1 61.094 Prec@5 85.803             Loss 1.42752
Epoch [6] Training Class Recall: [0.599,0.696,0.459,0.484,0.547,0.540,0.659,0.682,0.738,0.718]
Epoch [6] Testing Results: Prec@1 52.270 Prec@5 90.210             Loss 1.48665
Epoch [6] Testing Class Recall: [0.732,0.767,0.656,0.570,0.411,0.370,0.411,0.591,0.276,0.443]
Epoch [7] Training Results: Prec@1 62.794 Prec@5 86.191             Loss 1.39006
Epoch [7] Training Class Recall: [0.609,0.709,0.498,0.510,0.590,0.547,0.675,0.689,0.739,0.724]
Epoch [7] Testing Results: Prec@1 46.360 Prec@5 87.690             Loss 1.64788
Epoch [7] Testing Class Recall: [0.379,0.476,0.487,0.406,0.244,0.637,0.827,0.540,0.315,0.325]
Epoch [8] Training Results: Prec@1 64.023 Prec@5 86.560             Loss 1.35707
Epoch [8] Training Class Recall: [0.616,0.716,0.528,0.517,0.609,0.573,0.686,0.702,0.738,0.726]
Epoch [8] Testing Results: Prec@1 53.490 Prec@5 89.700             Loss 1.48697
Epoch [8] Testing Class Recall: [0.652,0.621,0.495,0.449,0.618,0.321,0.240,0.742,0.721,0.490]
Epoch [9] Training Results: Prec@1 65.309 Prec@5 86.383             Loss 1.33239
Epoch [9] Training Class Recall: [0.626,0.718,0.555,0.539,0.632,0.590,0.701,0.702,0.746,0.728]
Epoch [9] Testing Results: Prec@1 48.400 Prec@5 86.130             Loss 1.68449
Epoch [9] Testing Class Recall: [0.740,0.932,0.763,0.413,0.579,0.389,0.302,0.210,0.247,0.265]
Epoch [10] Training Results: Prec@1 66.071 Prec@5 86.677             Loss 1.31407
Epoch [10] Training Class Recall: [0.624,0.720,0.572,0.562,0.642,0.612,0.702,0.704,0.745,0.729]
Epoch [10] Testing Results: Prec@1 53.840 Prec@5 88.130             Loss 1.55307
Epoch [10] Testing Class Recall: [0.818,0.870,0.650,0.436,0.492,0.444,0.729,0.446,0.331,0.168]
Epoch [11] Training Results: Prec@1 66.637 Prec@5 86.766             Loss 1.30236
Epoch [11] Training Class Recall: [0.636,0.718,0.586,0.571,0.657,0.623,0.700,0.704,0.742,0.732]
Epoch [11] Testing Results: Prec@1 56.100 Prec@5 89.630             Loss 1.42307
Epoch [11] Testing Class Recall: [0.738,0.819,0.610,0.657,0.562,0.377,0.468,0.563,0.589,0.227]
Epoch [12] Training Results: Prec@1 67.754 Prec@5 87.006             Loss 1.27680
Epoch [12] Training Class Recall: [0.647,0.724,0.606,0.588,0.674,0.643,0.705,0.714,0.746,0.732]
Epoch [12] Testing Results: Prec@1 51.320 Prec@5 85.740             Loss 1.61719
Epoch [12] Testing Class Recall: [0.731,0.938,0.615,0.715,0.426,0.430,0.485,0.398,0.290,0.104]
Epoch [13] Training Results: Prec@1 68.109 Prec@5 86.857             Loss 1.27150
Epoch [13] Training Class Recall: [0.652,0.730,0.605,0.598,0.672,0.652,0.712,0.715,0.748,0.731]
Epoch [13] Testing Results: Prec@1 52.240 Prec@5 87.770             Loss 1.57256
Epoch [13] Testing Class Recall: [0.897,0.747,0.626,0.480,0.388,0.582,0.361,0.588,0.444,0.111]
Epoch [14] Training Results: Prec@1 68.360 Prec@5 86.960             Loss 1.26226
Epoch [14] Training Class Recall: [0.646,0.728,0.622,0.606,0.681,0.653,0.707,0.715,0.746,0.733]
Epoch [14] Testing Results: Prec@1 51.570 Prec@5 85.030             Loss 1.62362
Epoch [14] Testing Class Recall: [0.711,0.937,0.771,0.582,0.571,0.331,0.529,0.325,0.238,0.162]
Epoch [15] Training Results: Prec@1 68.694 Prec@5 86.943             Loss 1.25701
Epoch [15] Training Class Recall: [0.651,0.731,0.622,0.616,0.685,0.659,0.713,0.716,0.746,0.732]
Epoch [15] Testing Results: Prec@1 56.230 Prec@5 89.180             Loss 1.42097
Epoch [15] Testing Class Recall: [0.754,0.775,0.657,0.427,0.592,0.439,0.681,0.573,0.549,0.176]
Epoch [16] Training Results: Prec@1 69.220 Prec@5 87.343             Loss 1.24261
Epoch [16] Training Class Recall: [0.661,0.733,0.636,0.620,0.699,0.658,0.714,0.719,0.750,0.732]
Epoch [16] Testing Results: Prec@1 57.360 Prec@5 91.640             Loss 1.39229
Epoch [16] Testing Class Recall: [0.881,0.864,0.564,0.573,0.542,0.633,0.582,0.442,0.257,0.398]
Epoch [17] Training Results: Prec@1 69.383 Prec@5 87.149             Loss 1.24051
Epoch [17] Training Class Recall: [0.654,0.731,0.634,0.631,0.695,0.669,0.724,0.720,0.751,0.729]
Epoch [17] Testing Results: Prec@1 58.490 Prec@5 90.490             Loss 1.37479
Epoch [17] Testing Class Recall: [0.785,0.921,0.421,0.549,0.542,0.550,0.519,0.669,0.516,0.377]
Epoch [18] Training Results: Prec@1 69.666 Prec@5 87.083             Loss 1.23490
Epoch [18] Training Class Recall: [0.662,0.736,0.640,0.637,0.698,0.675,0.719,0.716,0.749,0.733]
Epoch [18] Testing Results: Prec@1 52.830 Prec@5 86.990             Loss 1.58626
Epoch [18] Testing Class Recall: [0.825,0.850,0.659,0.322,0.755,0.497,0.326,0.495,0.342,0.212]
Epoch [19] Training Results: Prec@1 69.657 Prec@5 87.169             Loss 1.23018
Epoch [19] Training Class Recall: [0.666,0.732,0.646,0.626,0.701,0.669,0.724,0.719,0.751,0.732]
Epoch [19] Testing Results: Prec@1 53.380 Prec@5 87.820             Loss 1.56715
Epoch [19] Testing Class Recall: [0.653,0.769,0.375,0.625,0.689,0.634,0.615,0.344,0.389,0.245]
Epoch [20] Training Results: Prec@1 70.120 Prec@5 87.151             Loss 1.22356
Epoch [20] Training Class Recall: [0.659,0.739,0.662,0.642,0.707,0.680,0.722,0.718,0.749,0.733]
Epoch [20] Testing Results: Prec@1 60.250 Prec@5 90.480             Loss 1.33673
Epoch [20] Testing Class Recall: [0.597,0.935,0.653,0.656,0.629,0.628,0.544,0.477,0.405,0.501]
Epoch [21] Training Results: Prec@1 70.360 Prec@5 87.466             Loss 1.21517
Epoch [21] Training Class Recall: [0.667,0.738,0.666,0.649,0.710,0.682,0.722,0.720,0.747,0.733]
Epoch [21] Testing Results: Prec@1 55.500 Prec@5 86.370             Loss 1.52547
Epoch [21] Testing Class Recall: [0.834,0.908,0.466,0.468,0.598,0.679,0.574,0.544,0.131,0.348]
Epoch [22] Training Results: Prec@1 70.217 Prec@5 87.660             Loss 1.21487
Epoch [22] Training Class Recall: [0.664,0.740,0.653,0.655,0.702,0.681,0.722,0.721,0.747,0.735]
Epoch [22] Testing Results: Prec@1 58.870 Prec@5 90.700             Loss 1.37395
Epoch [22] Testing Class Recall: [0.713,0.883,0.642,0.731,0.608,0.384,0.554,0.405,0.483,0.484]
Epoch [23] Training Results: Prec@1 70.357 Prec@5 87.460             Loss 1.21658
Epoch [23] Training Class Recall: [0.673,0.740,0.661,0.643,0.710,0.681,0.722,0.721,0.752,0.732]
Epoch [23] Testing Results: Prec@1 49.990 Prec@5 86.030             Loss 1.67911
Epoch [23] Testing Class Recall: [0.836,0.912,0.723,0.491,0.632,0.216,0.419,0.163,0.386,0.221]
Epoch [24] Training Results: Prec@1 70.351 Prec@5 87.571             Loss 1.21091
Epoch [24] Training Class Recall: [0.674,0.735,0.666,0.650,0.714,0.677,0.721,0.722,0.745,0.729]
Epoch [24] Testing Results: Prec@1 60.240 Prec@5 90.510             Loss 1.38330
Epoch [24] Testing Class Recall: [0.790,0.875,0.591,0.695,0.670,0.394,0.435,0.624,0.423,0.527]
Epoch [25] Training Results: Prec@1 70.677 Prec@5 87.560             Loss 1.20560
Epoch [25] Training Class Recall: [0.672,0.734,0.673,0.664,0.715,0.678,0.727,0.721,0.750,0.733]
Epoch [25] Testing Results: Prec@1 57.320 Prec@5 91.070             Loss 1.41645
Epoch [25] Testing Class Recall: [0.848,0.769,0.540,0.564,0.785,0.524,0.563,0.575,0.318,0.246]
Epoch [26] Training Results: Prec@1 70.711 Prec@5 87.700             Loss 1.20336
Epoch [26] Training Class Recall: [0.670,0.741,0.667,0.660,0.712,0.690,0.729,0.719,0.751,0.731]
Epoch [26] Testing Results: Prec@1 57.550 Prec@5 86.560             Loss 1.45107
Epoch [26] Testing Class Recall: [0.752,0.948,0.565,0.415,0.776,0.457,0.734,0.489,0.432,0.187]
Epoch [27] Training Results: Prec@1 70.763 Prec@5 87.660             Loss 1.20286
Epoch [27] Training Class Recall: [0.676,0.740,0.670,0.659,0.718,0.689,0.721,0.721,0.749,0.731]
Epoch [27] Testing Results: Prec@1 57.490 Prec@5 89.770             Loss 1.41288
Epoch [27] Testing Class Recall: [0.829,0.932,0.629,0.611,0.430,0.545,0.422,0.456,0.423,0.472]
Epoch [28] Training Results: Prec@1 70.869 Prec@5 87.637             Loss 1.20116
Epoch [28] Training Class Recall: [0.676,0.747,0.672,0.664,0.710,0.687,0.723,0.721,0.750,0.734]
Epoch [28] Testing Results: Prec@1 56.470 Prec@5 90.050             Loss 1.46634
Epoch [28] Testing Class Recall: [0.656,0.858,0.872,0.607,0.411,0.214,0.606,0.529,0.654,0.240]
Epoch [29] Training Results: Prec@1 71.174 Prec@5 87.706             Loss 1.19470
Epoch [29] Training Class Recall: [0.681,0.740,0.682,0.661,0.727,0.693,0.728,0.721,0.750,0.732]
Epoch [29] Testing Results: Prec@1 62.510 Prec@5 92.140             Loss 1.28145
Epoch [29] Testing Class Recall: [0.769,0.865,0.575,0.572,0.522,0.540,0.597,0.710,0.493,0.608]
Epoch [30] Training Results: Prec@1 71.197 Prec@5 87.800             Loss 1.19403
Epoch [30] Training Class Recall: [0.674,0.742,0.687,0.665,0.719,0.696,0.730,0.725,0.749,0.732]
Epoch [30] Testing Results: Prec@1 57.920 Prec@5 90.070             Loss 1.40887
Epoch [30] Testing Class Recall: [0.765,0.638,0.467,0.604,0.726,0.504,0.609,0.602,0.499,0.378]
Epoch [31] Training Results: Prec@1 71.074 Prec@5 87.791             Loss 1.19131
Epoch [31] Training Class Recall: [0.678,0.739,0.681,0.673,0.717,0.690,0.722,0.723,0.749,0.733]
Epoch [31] Testing Results: Prec@1 53.970 Prec@5 85.860             Loss 1.59587
Epoch [31] Testing Class Recall: [0.577,0.964,0.828,0.499,0.510,0.464,0.312,0.606,0.350,0.287]
Epoch [32] Training Results: Prec@1 71.129 Prec@5 87.763             Loss 1.19243
Epoch [32] Training Class Recall: [0.684,0.739,0.686,0.668,0.724,0.686,0.723,0.718,0.750,0.732]
Epoch [32] Testing Results: Prec@1 59.390 Prec@5 89.020             Loss 1.37539
Epoch [32] Testing Class Recall: [0.753,0.903,0.717,0.416,0.647,0.710,0.449,0.596,0.434,0.314]
Epoch [33] Training Results: Prec@1 71.406 Prec@5 87.751             Loss 1.18790
Epoch [33] Training Class Recall: [0.681,0.745,0.691,0.671,0.726,0.693,0.725,0.722,0.751,0.732]
Epoch [33] Testing Results: Prec@1 54.820 Prec@5 86.960             Loss 1.66846
Epoch [33] Testing Class Recall: [0.675,0.886,0.691,0.831,0.448,0.458,0.284,0.365,0.564,0.280]
Epoch [34] Training Results: Prec@1 71.334 Prec@5 87.883             Loss 1.18568
Epoch [34] Training Class Recall: [0.675,0.741,0.687,0.669,0.725,0.697,0.730,0.722,0.750,0.735]
Epoch [34] Testing Results: Prec@1 50.640 Prec@5 87.040             Loss 1.60753
Epoch [34] Testing Class Recall: [0.615,0.694,0.443,0.677,0.674,0.494,0.353,0.775,0.204,0.135]
Epoch [35] Training Results: Prec@1 71.549 Prec@5 87.846             Loss 1.18288
Epoch [35] Training Class Recall: [0.672,0.747,0.694,0.671,0.731,0.693,0.734,0.723,0.751,0.735]
Epoch [35] Testing Results: Prec@1 58.800 Prec@5 89.170             Loss 1.47467
Epoch [35] Testing Class Recall: [0.650,0.937,0.739,0.736,0.589,0.422,0.346,0.393,0.460,0.608]
Epoch [36] Training Results: Prec@1 71.523 Prec@5 87.889             Loss 1.18168
Epoch [36] Training Class Recall: [0.683,0.740,0.695,0.678,0.725,0.696,0.730,0.724,0.749,0.730]
Epoch [36] Testing Results: Prec@1 58.570 Prec@5 90.150             Loss 1.41589
Epoch [36] Testing Class Recall: [0.843,0.946,0.705,0.591,0.634,0.359,0.577,0.456,0.355,0.391]
Epoch [37] Training Results: Prec@1 71.560 Prec@5 88.074             Loss 1.18219
Epoch [37] Training Class Recall: [0.684,0.743,0.692,0.673,0.729,0.693,0.728,0.724,0.751,0.737]
Epoch [37] Testing Results: Prec@1 58.300 Prec@5 91.200             Loss 1.42532
Epoch [37] Testing Class Recall: [0.693,0.929,0.405,0.732,0.820,0.556,0.426,0.475,0.347,0.447]
Epoch [38] Training Results: Prec@1 71.480 Prec@5 87.743             Loss 1.18298
Epoch [38] Training Class Recall: [0.682,0.743,0.687,0.678,0.733,0.690,0.729,0.722,0.748,0.734]
Epoch [38] Testing Results: Prec@1 62.890 Prec@5 93.810             Loss 1.22146
Epoch [38] Testing Class Recall: [0.778,0.889,0.700,0.587,0.585,0.452,0.627,0.561,0.543,0.567]
Epoch [39] Training Results: Prec@1 71.677 Prec@5 88.226             Loss 1.17866
Epoch [39] Training Class Recall: [0.690,0.746,0.690,0.680,0.723,0.695,0.735,0.719,0.753,0.736]
Epoch [39] Testing Results: Prec@1 55.080 Prec@5 87.370             Loss 1.55482
Epoch [39] Testing Class Recall: [0.838,0.933,0.785,0.428,0.657,0.350,0.368,0.623,0.261,0.265]
Epoch [40] Training Results: Prec@1 71.700 Prec@5 88.046             Loss 1.17899
Epoch [40] Training Class Recall: [0.686,0.738,0.701,0.677,0.733,0.690,0.733,0.724,0.751,0.735]
Epoch [40] Testing Results: Prec@1 61.830 Prec@5 89.320             Loss 1.31389
Epoch [40] Testing Class Recall: [0.845,0.943,0.706,0.284,0.508,0.420,0.694,0.641,0.555,0.587]
Epoch [41] Training Results: Prec@1 71.717 Prec@5 88.106             Loss 1.17581
Epoch [41] Training Class Recall: [0.681,0.741,0.700,0.687,0.721,0.698,0.728,0.726,0.751,0.735]
Epoch [41] Testing Results: Prec@1 59.290 Prec@5 89.920             Loss 1.37857
Epoch [41] Testing Class Recall: [0.770,0.704,0.652,0.390,0.618,0.803,0.618,0.455,0.578,0.341]
Epoch [42] Training Results: Prec@1 71.729 Prec@5 88.094             Loss 1.17636
Epoch [42] Training Class Recall: [0.682,0.744,0.699,0.676,0.732,0.697,0.732,0.722,0.751,0.734]
Epoch [42] Testing Results: Prec@1 56.380 Prec@5 88.820             Loss 1.51714
Epoch [42] Testing Class Recall: [0.747,0.876,0.845,0.577,0.472,0.355,0.641,0.419,0.413,0.293]
Epoch [43] Training Results: Prec@1 71.780 Prec@5 87.797             Loss 1.17473
Epoch [43] Training Class Recall: [0.685,0.747,0.693,0.681,0.729,0.699,0.728,0.726,0.752,0.734]
Epoch [43] Testing Results: Prec@1 56.740 Prec@5 86.930             Loss 1.47861
Epoch [43] Testing Class Recall: [0.853,0.892,0.722,0.519,0.694,0.295,0.716,0.538,0.171,0.274]
Epoch [44] Training Results: Prec@1 71.817 Prec@5 88.217             Loss 1.17168
Epoch [44] Training Class Recall: [0.687,0.746,0.699,0.684,0.736,0.696,0.725,0.720,0.752,0.733]
Epoch [44] Testing Results: Prec@1 58.440 Prec@5 87.180             Loss 1.41141
Epoch [44] Testing Class Recall: [0.826,0.845,0.378,0.651,0.763,0.669,0.486,0.625,0.503,0.098]
Epoch [45] Training Results: Prec@1 72.166 Prec@5 88.043             Loss 1.17013
Epoch [45] Training Class Recall: [0.696,0.746,0.697,0.694,0.734,0.702,0.728,0.727,0.752,0.737]
Epoch [45] Testing Results: Prec@1 55.530 Prec@5 87.630             Loss 1.53485
Epoch [45] Testing Class Recall: [0.885,0.916,0.727,0.429,0.628,0.486,0.722,0.414,0.190,0.156]
Epoch [46] Training Results: Prec@1 71.900 Prec@5 88.334             Loss 1.17338
Epoch [46] Training Class Recall: [0.687,0.743,0.693,0.694,0.733,0.698,0.731,0.723,0.750,0.734]
Epoch [46] Testing Results: Prec@1 59.270 Prec@5 91.810             Loss 1.37745
Epoch [46] Testing Class Recall: [0.554,0.948,0.765,0.724,0.510,0.526,0.442,0.416,0.431,0.611]
Epoch [47] Training Results: Prec@1 71.794 Prec@5 88.097             Loss 1.17424
Epoch [47] Training Class Recall: [0.688,0.740,0.701,0.685,0.733,0.693,0.729,0.725,0.751,0.732]
Epoch [47] Testing Results: Prec@1 55.920 Prec@5 87.330             Loss 1.49212
Epoch [47] Testing Class Recall: [0.702,0.939,0.740,0.378,0.836,0.358,0.582,0.319,0.387,0.351]
Epoch [48] Training Results: Prec@1 71.940 Prec@5 88.263             Loss 1.17169
Epoch [48] Training Class Recall: [0.685,0.744,0.706,0.683,0.736,0.701,0.729,0.722,0.750,0.734]
Epoch [48] Testing Results: Prec@1 59.240 Prec@5 89.710             Loss 1.36215
Epoch [48] Testing Class Recall: [0.752,0.915,0.663,0.282,0.821,0.600,0.505,0.407,0.375,0.604]
Epoch [49] Training Results: Prec@1 71.923 Prec@5 88.169             Loss 1.16762
Epoch [49] Training Class Recall: [0.687,0.745,0.700,0.685,0.730,0.698,0.733,0.727,0.750,0.735]
Epoch [49] Testing Results: Prec@1 54.200 Prec@5 86.600             Loss 1.54381
Epoch [49] Testing Class Recall: [0.814,0.937,0.803,0.591,0.571,0.318,0.409,0.493,0.226,0.258]
Epoch [50] Training Results: Prec@1 72.320 Prec@5 88.234             Loss 1.15966
Epoch [50] Training Class Recall: [0.691,0.749,0.711,0.694,0.738,0.701,0.733,0.725,0.750,0.736]
Epoch [50] Testing Results: Prec@1 58.760 Prec@5 88.670             Loss 1.43919
Epoch [50] Testing Class Recall: [0.746,0.824,0.515,0.511,0.722,0.770,0.542,0.419,0.537,0.290]
Epoch [51] Training Results: Prec@1 72.223 Prec@5 88.343             Loss 1.16530
Epoch [51] Training Class Recall: [0.690,0.748,0.714,0.689,0.736,0.701,0.730,0.725,0.751,0.734]
Epoch [51] Testing Results: Prec@1 56.490 Prec@5 86.980             Loss 1.50851
Epoch [51] Testing Class Recall: [0.710,0.912,0.813,0.597,0.669,0.335,0.572,0.509,0.421,0.111]
Epoch [52] Training Results: Prec@1 72.063 Prec@5 88.331             Loss 1.16377
Epoch [52] Training Class Recall: [0.687,0.750,0.704,0.686,0.736,0.697,0.732,0.723,0.752,0.736]
Epoch [52] Testing Results: Prec@1 57.250 Prec@5 87.010             Loss 1.50686
Epoch [52] Testing Class Recall: [0.716,0.970,0.818,0.486,0.660,0.568,0.460,0.366,0.365,0.316]
Epoch [53] Training Results: Prec@1 71.931 Prec@5 88.386             Loss 1.16759
Epoch [53] Training Class Recall: [0.683,0.746,0.706,0.685,0.733,0.697,0.733,0.723,0.749,0.734]
Epoch [53] Testing Results: Prec@1 60.190 Prec@5 91.090             Loss 1.34714
Epoch [53] Testing Class Recall: [0.730,0.703,0.330,0.713,0.759,0.538,0.443,0.559,0.471,0.773]
Epoch [54] Training Results: Prec@1 72.254 Prec@5 88.380             Loss 1.16142
Epoch [54] Training Class Recall: [0.696,0.749,0.705,0.689,0.736,0.705,0.731,0.723,0.753,0.735]
Epoch [54] Testing Results: Prec@1 61.100 Prec@5 91.590             Loss 1.32952
Epoch [54] Testing Class Recall: [0.698,0.873,0.723,0.698,0.672,0.366,0.635,0.611,0.418,0.416]
Epoch [55] Training Results: Prec@1 72.149 Prec@5 88.494             Loss 1.16224
Epoch [55] Training Class Recall: [0.692,0.744,0.704,0.693,0.735,0.696,0.733,0.727,0.753,0.734]
Epoch [55] Testing Results: Prec@1 54.240 Prec@5 86.750             Loss 1.55602
Epoch [55] Testing Class Recall: [0.815,0.957,0.779,0.488,0.637,0.520,0.477,0.433,0.220,0.098]
Epoch [56] Training Results: Prec@1 72.326 Prec@5 88.163             Loss 1.16175
Epoch [56] Training Class Recall: [0.695,0.746,0.718,0.687,0.735,0.701,0.733,0.727,0.752,0.737]
Epoch [56] Testing Results: Prec@1 58.120 Prec@5 85.700             Loss 1.49221
Epoch [56] Testing Class Recall: [0.711,0.957,0.708,0.696,0.719,0.404,0.677,0.485,0.270,0.185]
Epoch [57] Training Results: Prec@1 72.106 Prec@5 88.569             Loss 1.16418
Epoch [57] Training Class Recall: [0.690,0.746,0.706,0.692,0.735,0.703,0.725,0.727,0.749,0.732]
Epoch [57] Testing Results: Prec@1 56.450 Prec@5 89.420             Loss 1.47554
Epoch [57] Testing Class Recall: [0.839,0.959,0.702,0.706,0.368,0.542,0.565,0.476,0.251,0.237]
Epoch [58] Training Results: Prec@1 72.397 Prec@5 88.506             Loss 1.15789
Epoch [58] Training Class Recall: [0.694,0.746,0.717,0.692,0.739,0.703,0.733,0.723,0.751,0.737]
Epoch [58] Testing Results: Prec@1 58.460 Prec@5 89.830             Loss 1.42505
Epoch [58] Testing Class Recall: [0.794,0.897,0.625,0.779,0.622,0.438,0.487,0.630,0.194,0.380]
Epoch [59] Training Results: Prec@1 72.200 Prec@5 88.489             Loss 1.16057
Epoch [59] Training Class Recall: [0.693,0.747,0.711,0.689,0.735,0.696,0.736,0.726,0.751,0.733]
Epoch [59] Testing Results: Prec@1 58.810 Prec@5 88.640             Loss 1.40960
Epoch [59] Testing Class Recall: [0.774,0.865,0.790,0.682,0.721,0.333,0.411,0.476,0.344,0.485]
Epoch [60] Training Results: Prec@1 72.100 Prec@5 88.386             Loss 1.16034
Epoch [60] Training Class Recall: [0.696,0.749,0.704,0.686,0.735,0.694,0.730,0.724,0.753,0.736]
Epoch [60] Testing Results: Prec@1 52.510 Prec@5 85.460             Loss 1.63161
Epoch [60] Testing Class Recall: [0.731,0.913,0.754,0.368,0.464,0.406,0.863,0.302,0.299,0.151]
Epoch [61] Training Results: Prec@1 72.223 Prec@5 88.394             Loss 1.15890
Epoch [61] Training Class Recall: [0.696,0.749,0.703,0.691,0.733,0.699,0.734,0.724,0.753,0.737]
Epoch [61] Testing Results: Prec@1 58.980 Prec@5 88.910             Loss 1.43680
Epoch [61] Testing Class Recall: [0.758,0.873,0.707,0.773,0.616,0.455,0.472,0.533,0.300,0.411]
Epoch [62] Training Results: Prec@1 72.494 Prec@5 88.714             Loss 1.15222
Epoch [62] Training Class Recall: [0.692,0.750,0.712,0.702,0.739,0.703,0.732,0.725,0.754,0.736]
Epoch [62] Testing Results: Prec@1 61.210 Prec@5 90.470             Loss 1.31058
Epoch [62] Testing Class Recall: [0.836,0.908,0.628,0.662,0.635,0.474,0.661,0.458,0.399,0.460]
Epoch [63] Training Results: Prec@1 72.489 Prec@5 88.734             Loss 1.15468
Epoch [63] Training Class Recall: [0.693,0.745,0.714,0.701,0.744,0.701,0.734,0.728,0.753,0.731]
Epoch [63] Testing Results: Prec@1 54.010 Prec@5 84.750             Loss 1.58080
Epoch [63] Testing Class Recall: [0.529,0.979,0.709,0.432,0.870,0.547,0.303,0.335,0.344,0.353]
Epoch [64] Training Results: Prec@1 72.314 Prec@5 88.846             Loss 1.15645
Epoch [64] Training Class Recall: [0.691,0.747,0.714,0.688,0.738,0.706,0.733,0.725,0.752,0.734]
Epoch [64] Testing Results: Prec@1 58.690 Prec@5 88.670             Loss 1.41660
Epoch [64] Testing Class Recall: [0.688,0.834,0.834,0.631,0.384,0.305,0.643,0.669,0.644,0.237]
Epoch [65] Training Results: Prec@1 72.543 Prec@5 88.814             Loss 1.15410
Epoch [65] Training Class Recall: [0.693,0.748,0.718,0.697,0.739,0.705,0.735,0.727,0.754,0.735]
Epoch [65] Testing Results: Prec@1 58.920 Prec@5 88.000             Loss 1.43253
Epoch [65] Testing Class Recall: [0.847,0.874,0.514,0.601,0.882,0.529,0.507,0.509,0.120,0.509]
Epoch [66] Training Results: Prec@1 72.157 Prec@5 88.643             Loss 1.15838
Epoch [66] Training Class Recall: [0.697,0.746,0.705,0.693,0.732,0.700,0.732,0.723,0.749,0.735]
Epoch [66] Testing Results: Prec@1 58.480 Prec@5 87.490             Loss 1.42835
Epoch [66] Testing Class Recall: [0.802,0.907,0.728,0.612,0.827,0.472,0.391,0.352,0.316,0.441]
Epoch [67] Training Results: Prec@1 72.594 Prec@5 88.797             Loss 1.15364
Epoch [67] Training Class Recall: [0.701,0.744,0.717,0.700,0.741,0.702,0.734,0.728,0.754,0.736]
Epoch [67] Testing Results: Prec@1 61.060 Prec@5 89.880             Loss 1.35157
Epoch [67] Testing Class Recall: [0.686,0.951,0.792,0.691,0.635,0.390,0.562,0.532,0.514,0.353]
Epoch [68] Training Results: Prec@1 72.297 Prec@5 88.571             Loss 1.15008
Epoch [68] Training Class Recall: [0.693,0.748,0.717,0.690,0.737,0.697,0.734,0.726,0.748,0.736]
Epoch [68] Testing Results: Prec@1 55.620 Prec@5 88.110             Loss 1.60150
Epoch [68] Testing Class Recall: [0.724,0.891,0.646,0.830,0.640,0.302,0.457,0.467,0.347,0.258]
Epoch [69] Training Results: Prec@1 72.377 Prec@5 88.900             Loss 1.15221
Epoch [69] Training Class Recall: [0.696,0.749,0.712,0.689,0.742,0.701,0.736,0.725,0.752,0.732]
Epoch [69] Testing Results: Prec@1 55.500 Prec@5 87.000             Loss 1.56171
Epoch [69] Testing Class Recall: [0.728,0.893,0.729,0.447,0.902,0.231,0.419,0.266,0.689,0.246]
Epoch [70] Training Results: Prec@1 72.406 Prec@5 89.269             Loss 1.14857
Epoch [70] Training Class Recall: [0.695,0.751,0.718,0.691,0.740,0.699,0.730,0.724,0.752,0.735]
Epoch [70] Testing Results: Prec@1 55.990 Prec@5 86.550             Loss 1.56324
Epoch [70] Testing Class Recall: [0.877,0.907,0.803,0.531,0.573,0.410,0.398,0.433,0.341,0.326]
Epoch [71] Training Results: Prec@1 72.611 Prec@5 88.594             Loss 1.14947
Epoch [71] Training Class Recall: [0.695,0.752,0.718,0.702,0.739,0.703,0.733,0.729,0.752,0.735]
Epoch [71] Testing Results: Prec@1 55.710 Prec@5 84.000             Loss 1.59318
Epoch [71] Testing Class Recall: [0.809,0.831,0.694,0.627,0.816,0.491,0.208,0.615,0.372,0.108]
Epoch [72] Training Results: Prec@1 72.314 Prec@5 88.840             Loss 1.15360
Epoch [72] Training Class Recall: [0.690,0.743,0.711,0.693,0.742,0.705,0.734,0.725,0.751,0.733]
Epoch [72] Testing Results: Prec@1 56.270 Prec@5 88.620             Loss 1.52344
Epoch [72] Testing Class Recall: [0.736,0.821,0.778,0.775,0.622,0.249,0.217,0.649,0.460,0.320]
Epoch [73] Training Results: Prec@1 72.477 Prec@5 88.886             Loss 1.15255
Epoch [73] Training Class Recall: [0.699,0.746,0.711,0.698,0.741,0.701,0.735,0.726,0.750,0.737]
Epoch [73] Testing Results: Prec@1 57.110 Prec@5 85.520             Loss 1.50411
Epoch [73] Testing Class Recall: [0.690,0.930,0.841,0.687,0.440,0.493,0.195,0.479,0.497,0.459]
Epoch [74] Training Results: Prec@1 72.649 Prec@5 88.851             Loss 1.14900
Epoch [74] Training Class Recall: [0.696,0.751,0.721,0.694,0.743,0.705,0.733,0.727,0.753,0.737]
Epoch [74] Testing Results: Prec@1 59.530 Prec@5 87.410             Loss 1.40365
Epoch [74] Testing Class Recall: [0.732,0.951,0.754,0.458,0.766,0.619,0.310,0.642,0.407,0.314]
Epoch [75] Training Results: Prec@1 72.611 Prec@5 88.774             Loss 1.14815
Epoch [75] Training Class Recall: [0.695,0.748,0.716,0.704,0.743,0.704,0.736,0.726,0.749,0.735]
Epoch [75] Testing Results: Prec@1 59.380 Prec@5 88.360             Loss 1.38293
Epoch [75] Testing Class Recall: [0.759,0.864,0.628,0.641,0.558,0.635,0.552,0.507,0.234,0.560]
Epoch [76] Training Results: Prec@1 72.403 Prec@5 89.020             Loss 1.15395
Epoch [76] Training Class Recall: [0.697,0.750,0.711,0.695,0.737,0.700,0.732,0.725,0.754,0.735]
Epoch [76] Testing Results: Prec@1 55.950 Prec@5 86.500             Loss 1.53370
Epoch [76] Testing Class Recall: [0.811,0.926,0.825,0.526,0.712,0.173,0.292,0.580,0.447,0.303]
Epoch [77] Training Results: Prec@1 72.551 Prec@5 88.851             Loss 1.14764
Epoch [77] Training Class Recall: [0.697,0.751,0.718,0.694,0.737,0.706,0.735,0.727,0.752,0.735]
Epoch [77] Testing Results: Prec@1 56.560 Prec@5 85.010             Loss 1.51929
Epoch [77] Testing Class Recall: [0.805,0.962,0.751,0.489,0.699,0.559,0.620,0.256,0.267,0.248]
Epoch [78] Training Results: Prec@1 72.637 Prec@5 89.123             Loss 1.14501
Epoch [78] Training Class Recall: [0.697,0.750,0.712,0.700,0.739,0.710,0.737,0.727,0.753,0.733]
Epoch [78] Testing Results: Prec@1 56.650 Prec@5 86.890             Loss 1.48559
Epoch [78] Testing Class Recall: [0.587,0.919,0.580,0.582,0.500,0.680,0.168,0.504,0.415,0.730]
Epoch [79] Training Results: Prec@1 72.460 Prec@5 88.937             Loss 1.14956
Epoch [79] Training Class Recall: [0.697,0.748,0.712,0.693,0.739,0.701,0.735,0.730,0.751,0.737]
Epoch [79] Testing Results: Prec@1 57.860 Prec@5 84.700             Loss 1.52993
Epoch [79] Testing Class Recall: [0.597,0.975,0.605,0.673,0.729,0.343,0.809,0.424,0.507,0.124]
Epoch [80] Training Results: Prec@1 72.417 Prec@5 89.151             Loss 1.14742
Epoch [80] Training Class Recall: [0.687,0.746,0.712,0.699,0.742,0.700,0.736,0.726,0.753,0.736]
Epoch [80] Testing Results: Prec@1 57.580 Prec@5 88.370             Loss 1.42536
Epoch [80] Testing Class Recall: [0.574,0.957,0.704,0.685,0.768,0.500,0.366,0.421,0.443,0.340]
Epoch [81] Training Results: Prec@1 72.434 Prec@5 89.120             Loss 1.14791
Epoch [81] Training Class Recall: [0.691,0.746,0.716,0.696,0.738,0.706,0.735,0.726,0.750,0.736]
Epoch [81] Testing Results: Prec@1 58.730 Prec@5 89.350             Loss 1.39719
Epoch [81] Testing Class Recall: [0.774,0.966,0.711,0.551,0.690,0.559,0.398,0.604,0.286,0.334]
Epoch [82] Training Results: Prec@1 72.691 Prec@5 89.040             Loss 1.14378
Epoch [82] Training Class Recall: [0.699,0.748,0.720,0.703,0.744,0.705,0.733,0.725,0.751,0.736]
Epoch [82] Testing Results: Prec@1 60.090 Prec@5 86.250             Loss 1.41901
Epoch [82] Testing Class Recall: [0.729,0.950,0.770,0.592,0.746,0.428,0.715,0.421,0.419,0.239]
Epoch [83] Training Results: Prec@1 72.740 Prec@5 89.080             Loss 1.14113
Epoch [83] Training Class Recall: [0.703,0.751,0.718,0.700,0.742,0.707,0.734,0.727,0.751,0.737]
Epoch [83] Testing Results: Prec@1 61.550 Prec@5 87.940             Loss 1.36466
Epoch [83] Testing Class Recall: [0.643,0.895,0.708,0.548,0.839,0.484,0.623,0.439,0.763,0.213]
Epoch [84] Training Results: Prec@1 72.526 Prec@5 89.206             Loss 1.14634
Epoch [84] Training Class Recall: [0.697,0.752,0.713,0.694,0.744,0.699,0.735,0.726,0.754,0.734]
Epoch [84] Testing Results: Prec@1 59.330 Prec@5 88.030             Loss 1.44338
Epoch [84] Testing Class Recall: [0.804,0.900,0.486,0.691,0.693,0.320,0.753,0.595,0.301,0.390]
Epoch [85] Training Results: Prec@1 72.863 Prec@5 88.894             Loss 1.14461
Epoch [85] Training Class Recall: [0.702,0.748,0.722,0.707,0.746,0.704,0.738,0.728,0.753,0.735]
Epoch [85] Testing Results: Prec@1 59.070 Prec@5 87.250             Loss 1.46977
Epoch [85] Testing Class Recall: [0.814,0.823,0.553,0.703,0.773,0.547,0.503,0.347,0.397,0.447]
Epoch [86] Training Results: Prec@1 72.763 Prec@5 89.246             Loss 1.14353
Epoch [86] Training Class Recall: [0.701,0.749,0.718,0.704,0.739,0.708,0.736,0.727,0.753,0.737]
Epoch [86] Testing Results: Prec@1 61.150 Prec@5 88.840             Loss 1.37203
Epoch [86] Testing Class Recall: [0.655,0.920,0.502,0.748,0.732,0.435,0.768,0.559,0.362,0.434]
Epoch [87] Training Results: Prec@1 72.757 Prec@5 89.260             Loss 1.14081
Epoch [87] Training Class Recall: [0.698,0.745,0.724,0.704,0.743,0.704,0.739,0.726,0.753,0.736]
Epoch [87] Testing Results: Prec@1 59.330 Prec@5 87.020             Loss 1.41411
Epoch [87] Testing Class Recall: [0.570,0.777,0.646,0.720,0.779,0.528,0.513,0.606,0.551,0.243]
Epoch [88] Training Results: Prec@1 72.697 Prec@5 89.174             Loss 1.14113
Epoch [88] Training Class Recall: [0.693,0.751,0.722,0.700,0.743,0.705,0.737,0.727,0.752,0.736]
Epoch [88] Testing Results: Prec@1 60.880 Prec@5 88.190             Loss 1.35360
Epoch [88] Testing Class Recall: [0.769,0.936,0.732,0.504,0.787,0.473,0.401,0.484,0.640,0.362]
Epoch [89] Training Results: Prec@1 72.594 Prec@5 89.123             Loss 1.14305
Epoch [89] Training Class Recall: [0.694,0.751,0.714,0.703,0.740,0.705,0.735,0.728,0.751,0.735]
Epoch [89] Testing Results: Prec@1 53.090 Prec@5 85.340             Loss 1.61111
Epoch [89] Testing Class Recall: [0.819,0.825,0.532,0.423,0.849,0.201,0.320,0.765,0.373,0.202]
Epoch [90] Training Results: Prec@1 72.674 Prec@5 89.160             Loss 1.14253
Epoch [90] Training Class Recall: [0.701,0.752,0.721,0.700,0.739,0.702,0.732,0.728,0.754,0.735]
Epoch [90] Testing Results: Prec@1 62.070 Prec@5 89.600             Loss 1.33312
Epoch [90] Testing Class Recall: [0.817,0.870,0.625,0.749,0.694,0.422,0.350,0.660,0.617,0.403]
Epoch [91] Training Results: Prec@1 72.740 Prec@5 89.223             Loss 1.14011
Epoch [91] Training Class Recall: [0.702,0.749,0.721,0.703,0.740,0.706,0.733,0.726,0.752,0.738]
Epoch [91] Testing Results: Prec@1 56.880 Prec@5 88.150             Loss 1.50286
Epoch [91] Testing Class Recall: [0.899,0.656,0.595,0.547,0.619,0.641,0.491,0.743,0.149,0.348]
Epoch [92] Training Results: Prec@1 72.626 Prec@5 89.214             Loss 1.13948
Epoch [92] Training Class Recall: [0.699,0.746,0.718,0.701,0.743,0.705,0.734,0.725,0.752,0.736]
Epoch [92] Testing Results: Prec@1 63.190 Prec@5 89.350             Loss 1.29883
Epoch [92] Testing Class Recall: [0.789,0.936,0.743,0.542,0.651,0.565,0.526,0.579,0.579,0.409]
Epoch [93] Training Results: Prec@1 72.940 Prec@5 89.317             Loss 1.13615
Epoch [93] Training Class Recall: [0.696,0.749,0.727,0.705,0.747,0.712,0.737,0.728,0.752,0.736]
Epoch [93] Testing Results: Prec@1 58.670 Prec@5 88.780             Loss 1.42328
Epoch [93] Testing Class Recall: [0.699,0.961,0.674,0.729,0.623,0.396,0.468,0.406,0.434,0.477]
Epoch [94] Training Results: Prec@1 72.609 Prec@5 89.046             Loss 1.14450
Epoch [94] Training Class Recall: [0.696,0.749,0.719,0.701,0.740,0.706,0.732,0.725,0.752,0.737]
Epoch [94] Testing Results: Prec@1 61.470 Prec@5 90.070             Loss 1.32299
Epoch [94] Testing Class Recall: [0.826,0.937,0.724,0.483,0.419,0.638,0.559,0.609,0.607,0.345]
Epoch [95] Training Results: Prec@1 72.597 Prec@5 89.291             Loss 1.14124
Epoch [95] Training Class Recall: [0.700,0.749,0.718,0.696,0.740,0.706,0.734,0.728,0.749,0.737]
Epoch [95] Testing Results: Prec@1 55.950 Prec@5 86.820             Loss 1.50022
Epoch [95] Testing Class Recall: [0.756,0.808,0.593,0.287,0.566,0.731,0.880,0.598,0.288,0.088]
Epoch [96] Training Results: Prec@1 72.751 Prec@5 89.197             Loss 1.14040
Epoch [96] Training Class Recall: [0.698,0.753,0.717,0.700,0.741,0.709,0.737,0.728,0.754,0.735]
Epoch [96] Testing Results: Prec@1 58.190 Prec@5 88.450             Loss 1.44307
Epoch [96] Testing Class Recall: [0.794,0.925,0.793,0.581,0.509,0.367,0.442,0.584,0.468,0.356]
Epoch [97] Training Results: Prec@1 72.743 Prec@5 89.343             Loss 1.13770
Epoch [97] Training Class Recall: [0.695,0.751,0.725,0.704,0.739,0.708,0.735,0.727,0.752,0.735]
Epoch [97] Testing Results: Prec@1 60.240 Prec@5 88.280             Loss 1.36365
Epoch [97] Testing Class Recall: [0.633,0.748,0.772,0.422,0.797,0.536,0.548,0.398,0.738,0.432]
Epoch [98] Training Results: Prec@1 72.811 Prec@5 89.371             Loss 1.13460
Epoch [98] Training Class Recall: [0.703,0.751,0.720,0.703,0.744,0.705,0.737,0.724,0.752,0.737]
Epoch [98] Testing Results: Prec@1 64.690 Prec@5 91.220             Loss 1.25119
Epoch [98] Testing Class Recall: [0.727,0.899,0.563,0.717,0.649,0.532,0.593,0.646,0.630,0.513]
Epoch [99] Training Results: Prec@1 72.711 Prec@5 89.343             Loss 1.13789
Epoch [99] Training Class Recall: [0.694,0.750,0.717,0.706,0.744,0.705,0.739,0.727,0.750,0.736]
Epoch [99] Testing Results: Prec@1 55.450 Prec@5 85.910             Loss 1.53394
Epoch [99] Testing Class Recall: [0.769,0.815,0.794,0.451,0.620,0.493,0.496,0.499,0.362,0.246]
Epoch [100] Training Results: Prec@1 72.623 Prec@5 89.260             Loss 1.13959
Epoch [100] Training Class Recall: [0.698,0.749,0.721,0.700,0.744,0.703,0.732,0.726,0.751,0.734]
Epoch [100] Testing Results: Prec@1 54.820 Prec@5 83.070             Loss 1.68804
Epoch [100] Testing Class Recall: [0.687,0.889,0.823,0.748,0.491,0.448,0.180,0.329,0.687,0.200]
Epoch [101] Training Results: Prec@1 72.863 Prec@5 89.220             Loss 1.13508
Epoch [101] Training Class Recall: [0.698,0.751,0.722,0.705,0.744,0.712,0.734,0.728,0.751,0.737]
Epoch [101] Testing Results: Prec@1 62.430 Prec@5 90.590             Loss 1.30646
Epoch [101] Testing Class Recall: [0.699,0.961,0.767,0.581,0.690,0.599,0.607,0.449,0.402,0.488]
Epoch [102] Training Results: Prec@1 72.829 Prec@5 89.374             Loss 1.13506
Epoch [102] Training Class Recall: [0.693,0.750,0.724,0.703,0.746,0.705,0.740,0.728,0.753,0.737]
Epoch [102] Testing Results: Prec@1 59.480 Prec@5 88.160             Loss 1.38669
Epoch [102] Testing Class Recall: [0.851,0.883,0.714,0.479,0.464,0.558,0.391,0.704,0.488,0.416]
Epoch [103] Training Results: Prec@1 72.714 Prec@5 89.509             Loss 1.13666
Epoch [103] Training Class Recall: [0.696,0.752,0.720,0.699,0.742,0.708,0.736,0.723,0.754,0.736]
Epoch [103] Testing Results: Prec@1 58.740 Prec@5 87.990             Loss 1.46934
Epoch [103] Testing Class Recall: [0.799,0.947,0.835,0.438,0.726,0.311,0.414,0.286,0.644,0.474]
Epoch [104] Training Results: Prec@1 72.883 Prec@5 89.571             Loss 1.13302
Epoch [104] Training Class Recall: [0.697,0.751,0.722,0.715,0.744,0.706,0.735,0.727,0.751,0.736]
Epoch [104] Testing Results: Prec@1 62.200 Prec@5 88.320             Loss 1.35042
Epoch [104] Testing Class Recall: [0.764,0.949,0.538,0.688,0.705,0.424,0.736,0.486,0.572,0.358]
Epoch [105] Training Results: Prec@1 72.906 Prec@5 89.506             Loss 1.13433
Epoch [105] Training Class Recall: [0.699,0.748,0.717,0.710,0.746,0.711,0.743,0.727,0.752,0.734]
Epoch [105] Testing Results: Prec@1 60.280 Prec@5 87.960             Loss 1.39904
Epoch [105] Testing Class Recall: [0.757,0.948,0.617,0.776,0.606,0.416,0.524,0.372,0.576,0.436]
Epoch [106] Training Results: Prec@1 72.631 Prec@5 89.537             Loss 1.13929
Epoch [106] Training Class Recall: [0.701,0.749,0.720,0.696,0.741,0.705,0.736,0.724,0.751,0.737]
Epoch [106] Testing Results: Prec@1 62.370 Prec@5 91.050             Loss 1.28539
Epoch [106] Testing Class Recall: [0.672,0.708,0.695,0.566,0.592,0.741,0.492,0.497,0.609,0.665]
Epoch [107] Training Results: Prec@1 72.706 Prec@5 89.731             Loss 1.13493
Epoch [107] Training Class Recall: [0.697,0.750,0.715,0.706,0.741,0.703,0.737,0.728,0.752,0.738]
Epoch [107] Testing Results: Prec@1 61.200 Prec@5 90.680             Loss 1.34381
Epoch [107] Testing Class Recall: [0.778,0.882,0.721,0.749,0.709,0.396,0.536,0.308,0.654,0.387]
Epoch [108] Training Results: Prec@1 72.823 Prec@5 89.483             Loss 1.13650
Epoch [108] Training Class Recall: [0.703,0.747,0.719,0.703,0.750,0.705,0.733,0.728,0.754,0.736]
Epoch [108] Testing Results: Prec@1 60.970 Prec@5 86.370             Loss 1.40923
Epoch [108] Testing Class Recall: [0.725,0.956,0.716,0.458,0.817,0.556,0.762,0.528,0.433,0.146]
Epoch [109] Training Results: Prec@1 72.923 Prec@5 89.429             Loss 1.13267
Epoch [109] Training Class Recall: [0.702,0.752,0.721,0.705,0.744,0.710,0.739,0.724,0.753,0.739]
Epoch [109] Testing Results: Prec@1 60.370 Prec@5 88.990             Loss 1.38913
Epoch [109] Testing Class Recall: [0.689,0.885,0.757,0.611,0.688,0.552,0.516,0.260,0.572,0.507]
Epoch [110] Training Results: Prec@1 72.774 Prec@5 89.800             Loss 1.13104
Epoch [110] Training Class Recall: [0.691,0.750,0.724,0.705,0.743,0.708,0.734,0.727,0.754,0.735]
Epoch [110] Testing Results: Prec@1 62.060 Prec@5 89.950             Loss 1.32405
Epoch [110] Testing Class Recall: [0.758,0.821,0.503,0.501,0.745,0.496,0.809,0.542,0.461,0.570]
Epoch [111] Training Results: Prec@1 72.846 Prec@5 89.543             Loss 1.13280
Epoch [111] Training Class Recall: [0.701,0.750,0.727,0.702,0.746,0.703,0.735,0.727,0.754,0.736]
Epoch [111] Testing Results: Prec@1 58.070 Prec@5 87.830             Loss 1.44104
Epoch [111] Testing Class Recall: [0.802,0.834,0.808,0.368,0.795,0.505,0.444,0.358,0.593,0.300]
Epoch [112] Training Results: Prec@1 72.831 Prec@5 89.711             Loss 1.13242
Epoch [112] Training Class Recall: [0.699,0.753,0.716,0.706,0.741,0.706,0.740,0.729,0.753,0.736]
Epoch [112] Testing Results: Prec@1 52.580 Prec@5 84.310             Loss 1.78097
Epoch [112] Testing Class Recall: [0.827,0.826,0.661,0.853,0.380,0.402,0.470,0.459,0.269,0.111]
Epoch [113] Training Results: Prec@1 72.817 Prec@5 89.523             Loss 1.13290
Epoch [113] Training Class Recall: [0.702,0.750,0.722,0.706,0.742,0.706,0.739,0.724,0.752,0.736]
Epoch [113] Testing Results: Prec@1 60.260 Prec@5 86.890             Loss 1.39285
Epoch [113] Testing Class Recall: [0.670,0.946,0.708,0.650,0.663,0.511,0.601,0.573,0.336,0.368]
Epoch [114] Training Results: Prec@1 72.906 Prec@5 89.497             Loss 1.13121
Epoch [114] Training Class Recall: [0.704,0.753,0.724,0.703,0.747,0.707,0.734,0.725,0.753,0.736]
Epoch [114] Testing Results: Prec@1 59.010 Prec@5 87.690             Loss 1.41343
Epoch [114] Testing Class Recall: [0.758,0.842,0.668,0.615,0.779,0.653,0.613,0.338,0.332,0.303]
Epoch [115] Training Results: Prec@1 72.777 Prec@5 89.683             Loss 1.13271
Epoch [115] Training Class Recall: [0.701,0.749,0.717,0.704,0.743,0.708,0.734,0.727,0.754,0.737]
Epoch [115] Testing Results: Prec@1 59.700 Prec@5 87.030             Loss 1.41195
Epoch [115] Testing Class Recall: [0.793,0.907,0.650,0.631,0.807,0.400,0.720,0.405,0.484,0.173]
Epoch [116] Training Results: Prec@1 72.866 Prec@5 89.649             Loss 1.12984
Epoch [116] Training Class Recall: [0.701,0.752,0.722,0.701,0.749,0.708,0.736,0.726,0.752,0.736]
Epoch [116] Testing Results: Prec@1 60.870 Prec@5 88.780             Loss 1.36458
Epoch [116] Testing Class Recall: [0.810,0.954,0.648,0.390,0.633,0.586,0.571,0.502,0.604,0.389]
Epoch [117] Training Results: Prec@1 72.886 Prec@5 89.717             Loss 1.13134
Epoch [117] Training Class Recall: [0.702,0.749,0.725,0.702,0.750,0.707,0.734,0.725,0.754,0.736]
Epoch [117] Testing Results: Prec@1 55.340 Prec@5 85.240             Loss 1.64553
Epoch [117] Testing Class Recall: [0.830,0.894,0.728,0.696,0.482,0.503,0.520,0.292,0.409,0.180]
Epoch [118] Training Results: Prec@1 72.806 Prec@5 89.697             Loss 1.13054
Epoch [118] Training Class Recall: [0.695,0.749,0.719,0.704,0.749,0.700,0.741,0.729,0.756,0.735]
Epoch [118] Testing Results: Prec@1 56.960 Prec@5 86.010             Loss 1.50300
Epoch [118] Testing Class Recall: [0.725,0.973,0.726,0.318,0.758,0.518,0.685,0.348,0.317,0.328]
Epoch [119] Training Results: Prec@1 72.929 Prec@5 89.829             Loss 1.12778
Epoch [119] Training Class Recall: [0.701,0.752,0.727,0.709,0.743,0.705,0.733,0.727,0.755,0.738]
Epoch [119] Testing Results: Prec@1 59.400 Prec@5 88.430             Loss 1.43979
Epoch [119] Testing Class Recall: [0.732,0.845,0.543,0.644,0.863,0.388,0.310,0.587,0.479,0.549]
Epoch [120] Training Results: Prec@1 72.769 Prec@5 89.840             Loss 1.13282
Epoch [120] Training Class Recall: [0.700,0.743,0.722,0.701,0.746,0.710,0.735,0.727,0.754,0.736]
Epoch [120] Testing Results: Prec@1 55.870 Prec@5 86.570             Loss 1.50681
Epoch [120] Testing Class Recall: [0.749,0.884,0.918,0.387,0.520,0.488,0.390,0.478,0.347,0.426]
Epoch [121] Training Results: Prec@1 72.960 Prec@5 89.931             Loss 1.12517
Epoch [121] Training Class Recall: [0.703,0.751,0.726,0.706,0.746,0.708,0.737,0.725,0.753,0.736]
Epoch [121] Testing Results: Prec@1 57.110 Prec@5 82.560             Loss 1.56477
Epoch [121] Testing Class Recall: [0.701,0.979,0.758,0.664,0.553,0.292,0.725,0.493,0.433,0.113]
Epoch [122] Training Results: Prec@1 72.929 Prec@5 89.900             Loss 1.12740
Epoch [122] Training Class Recall: [0.702,0.750,0.727,0.705,0.745,0.709,0.735,0.725,0.754,0.736]
Epoch [122] Testing Results: Prec@1 59.880 Prec@5 88.760             Loss 1.38853
Epoch [122] Testing Class Recall: [0.855,0.918,0.563,0.712,0.385,0.523,0.357,0.583,0.527,0.565]
Epoch [123] Training Results: Prec@1 72.674 Prec@5 89.769             Loss 1.13089
Epoch [123] Training Class Recall: [0.698,0.747,0.718,0.697,0.746,0.707,0.733,0.727,0.753,0.737]
Epoch [123] Testing Results: Prec@1 58.420 Prec@5 88.600             Loss 1.41309
Epoch [123] Testing Class Recall: [0.753,0.924,0.729,0.544,0.607,0.427,0.522,0.436,0.741,0.159]
Epoch [124] Training Results: Prec@1 72.846 Prec@5 89.897             Loss 1.12670
Epoch [124] Training Class Recall: [0.694,0.750,0.720,0.704,0.750,0.711,0.737,0.726,0.753,0.736]
Epoch [124] Testing Results: Prec@1 57.230 Prec@5 84.340             Loss 1.53576
Epoch [124] Testing Class Recall: [0.738,0.920,0.682,0.299,0.911,0.396,0.265,0.450,0.589,0.473]
Epoch [125] Training Results: Prec@1 72.934 Prec@5 89.903             Loss 1.12671
Epoch [125] Training Class Recall: [0.703,0.749,0.728,0.704,0.747,0.707,0.734,0.728,0.754,0.735]
Epoch [125] Testing Results: Prec@1 62.350 Prec@5 89.240             Loss 1.31385
Epoch [125] Testing Class Recall: [0.865,0.941,0.704,0.676,0.747,0.511,0.495,0.468,0.584,0.244]
Epoch [126] Training Results: Prec@1 72.840 Prec@5 89.937             Loss 1.12707
Epoch [126] Training Class Recall: [0.704,0.752,0.723,0.707,0.742,0.706,0.735,0.725,0.752,0.734]
Epoch [126] Testing Results: Prec@1 59.900 Prec@5 87.810             Loss 1.39770
Epoch [126] Testing Class Recall: [0.629,0.981,0.647,0.361,0.677,0.671,0.487,0.659,0.609,0.269]
Epoch [127] Training Results: Prec@1 72.931 Prec@5 89.951             Loss 1.12747
Epoch [127] Training Class Recall: [0.701,0.750,0.723,0.708,0.747,0.707,0.734,0.727,0.754,0.738]
Epoch [127] Testing Results: Prec@1 59.530 Prec@5 89.020             Loss 1.42621
Epoch [127] Testing Class Recall: [0.772,0.925,0.779,0.733,0.579,0.458,0.500,0.524,0.272,0.411]
Epoch [128] Training Results: Prec@1 73.177 Prec@5 89.874             Loss 1.12178
Epoch [128] Training Class Recall: [0.706,0.753,0.729,0.711,0.749,0.708,0.738,0.729,0.753,0.738]
Epoch [128] Testing Results: Prec@1 58.490 Prec@5 87.000             Loss 1.44648
Epoch [128] Testing Class Recall: [0.822,0.966,0.578,0.384,0.630,0.559,0.809,0.365,0.409,0.327]
Epoch [129] Training Results: Prec@1 72.897 Prec@5 90.054             Loss 1.12488
Epoch [129] Training Class Recall: [0.696,0.747,0.723,0.703,0.745,0.713,0.738,0.728,0.754,0.737]
Epoch [129] Testing Results: Prec@1 56.430 Prec@5 86.110             Loss 1.60425
Epoch [129] Testing Class Recall: [0.766,0.933,0.725,0.362,0.876,0.483,0.426,0.272,0.331,0.469]
Epoch [130] Training Results: Prec@1 73.006 Prec@5 89.869             Loss 1.12726
Epoch [130] Training Class Recall: [0.704,0.750,0.729,0.712,0.743,0.708,0.738,0.727,0.753,0.733]
Epoch [130] Testing Results: Prec@1 56.600 Prec@5 86.970             Loss 1.49926
Epoch [130] Testing Class Recall: [0.762,0.946,0.903,0.572,0.451,0.306,0.521,0.408,0.353,0.438]
Epoch [131] Training Results: Prec@1 72.789 Prec@5 89.871             Loss 1.12883
Epoch [131] Training Class Recall: [0.700,0.747,0.723,0.703,0.746,0.706,0.734,0.727,0.754,0.734]
Epoch [131] Testing Results: Prec@1 57.830 Prec@5 87.430             Loss 1.47573
Epoch [131] Testing Class Recall: [0.782,0.902,0.847,0.568,0.686,0.349,0.575,0.384,0.350,0.340]
Epoch [132] Training Results: Prec@1 72.951 Prec@5 89.960             Loss 1.12369
Epoch [132] Training Class Recall: [0.698,0.751,0.722,0.710,0.749,0.708,0.735,0.728,0.753,0.737]
Epoch [132] Testing Results: Prec@1 58.750 Prec@5 85.940             Loss 1.50619
Epoch [132] Testing Class Recall: [0.823,0.906,0.727,0.694,0.526,0.383,0.386,0.660,0.333,0.437]
Epoch [133] Training Results: Prec@1 72.991 Prec@5 89.769             Loss 1.12346
Epoch [133] Training Class Recall: [0.700,0.754,0.727,0.702,0.750,0.705,0.739,0.728,0.753,0.737]
Epoch [133] Testing Results: Prec@1 61.080 Prec@5 89.870             Loss 1.34075
Epoch [133] Testing Class Recall: [0.740,0.974,0.644,0.519,0.851,0.330,0.478,0.548,0.447,0.577]
Epoch [134] Training Results: Prec@1 72.857 Prec@5 89.717             Loss 1.12902
Epoch [134] Training Class Recall: [0.696,0.748,0.725,0.704,0.746,0.708,0.737,0.728,0.753,0.736]
Epoch [134] Testing Results: Prec@1 59.120 Prec@5 87.230             Loss 1.45139
Epoch [134] Testing Class Recall: [0.569,0.871,0.579,0.691,0.802,0.633,0.311,0.590,0.566,0.300]
Epoch [135] Training Results: Prec@1 72.929 Prec@5 89.903             Loss 1.12598
Epoch [135] Training Class Recall: [0.705,0.751,0.727,0.699,0.743,0.711,0.736,0.728,0.752,0.737]
Epoch [135] Testing Results: Prec@1 59.320 Prec@5 88.330             Loss 1.41252
Epoch [135] Testing Class Recall: [0.717,0.932,0.723,0.472,0.851,0.554,0.498,0.461,0.257,0.467]
Epoch [136] Training Results: Prec@1 72.889 Prec@5 90.094             Loss 1.12419
Epoch [136] Training Class Recall: [0.699,0.751,0.724,0.705,0.747,0.707,0.736,0.727,0.753,0.736]
Epoch [136] Testing Results: Prec@1 61.970 Prec@5 89.490             Loss 1.35306
Epoch [136] Testing Class Recall: [0.739,0.907,0.806,0.678,0.656,0.457,0.449,0.589,0.480,0.436]
Epoch [137] Training Results: Prec@1 72.846 Prec@5 90.109             Loss 1.12464
Epoch [137] Training Class Recall: [0.705,0.752,0.729,0.697,0.745,0.703,0.736,0.725,0.753,0.737]
Epoch [137] Testing Results: Prec@1 57.620 Prec@5 89.710             Loss 1.55019
Epoch [137] Testing Class Recall: [0.749,0.923,0.605,0.846,0.564,0.493,0.403,0.374,0.350,0.455]
Epoch [138] Training Results: Prec@1 72.949 Prec@5 89.994             Loss 1.12346
Epoch [138] Training Class Recall: [0.700,0.750,0.722,0.709,0.746,0.707,0.737,0.729,0.752,0.738]
Epoch [138] Testing Results: Prec@1 61.580 Prec@5 88.030             Loss 1.36980
Epoch [138] Testing Class Recall: [0.737,0.889,0.657,0.807,0.690,0.366,0.687,0.458,0.575,0.292]
Epoch [139] Training Results: Prec@1 73.086 Prec@5 90.111             Loss 1.12119
Epoch [139] Training Class Recall: [0.700,0.753,0.725,0.710,0.749,0.709,0.741,0.726,0.755,0.736]
Epoch [139] Testing Results: Prec@1 62.320 Prec@5 90.450             Loss 1.31442
Epoch [139] Testing Class Recall: [0.896,0.931,0.667,0.533,0.603,0.445,0.681,0.623,0.447,0.406]
Epoch [140] Training Results: Prec@1 72.974 Prec@5 89.940             Loss 1.12530
Epoch [140] Training Class Recall: [0.701,0.750,0.727,0.701,0.748,0.707,0.740,0.731,0.754,0.735]
Epoch [140] Testing Results: Prec@1 57.830 Prec@5 87.960             Loss 1.45823
Epoch [140] Testing Class Recall: [0.646,0.841,0.701,0.588,0.882,0.427,0.418,0.420,0.595,0.265]
Epoch [141] Training Results: Prec@1 73.126 Prec@5 89.949             Loss 1.12423
Epoch [141] Training Class Recall: [0.701,0.747,0.728,0.709,0.755,0.708,0.742,0.730,0.751,0.736]
Epoch [141] Testing Results: Prec@1 57.690 Prec@5 85.700             Loss 1.48480
Epoch [141] Testing Class Recall: [0.667,0.870,0.802,0.460,0.751,0.659,0.084,0.354,0.701,0.421]
Epoch [142] Training Results: Prec@1 72.949 Prec@5 90.109             Loss 1.12108
Epoch [142] Training Class Recall: [0.701,0.751,0.717,0.709,0.750,0.710,0.733,0.728,0.755,0.738]
Epoch [142] Testing Results: Prec@1 56.590 Prec@5 85.350             Loss 1.55086
Epoch [142] Testing Class Recall: [0.678,0.877,0.795,0.635,0.791,0.449,0.367,0.337,0.562,0.168]
Epoch [143] Training Results: Prec@1 73.043 Prec@5 89.980             Loss 1.12329
Epoch [143] Training Class Recall: [0.704,0.753,0.725,0.710,0.746,0.709,0.738,0.728,0.751,0.736]
Epoch [143] Testing Results: Prec@1 59.390 Prec@5 87.670             Loss 1.42818
Epoch [143] Testing Class Recall: [0.574,0.980,0.607,0.642,0.809,0.572,0.596,0.580,0.291,0.288]
Epoch [144] Training Results: Prec@1 73.143 Prec@5 90.077             Loss 1.12145
Epoch [144] Training Class Recall: [0.699,0.751,0.733,0.711,0.747,0.708,0.738,0.730,0.754,0.737]
Epoch [144] Testing Results: Prec@1 60.960 Prec@5 89.110             Loss 1.35221
Epoch [144] Testing Class Recall: [0.814,0.896,0.700,0.647,0.767,0.652,0.342,0.527,0.398,0.353]
Epoch [145] Training Results: Prec@1 73.146 Prec@5 90.151             Loss 1.12027
Epoch [145] Training Class Recall: [0.703,0.751,0.727,0.711,0.746,0.711,0.740,0.728,0.755,0.737]
Epoch [145] Testing Results: Prec@1 59.530 Prec@5 88.870             Loss 1.37535
Epoch [145] Testing Class Recall: [0.660,0.850,0.683,0.793,0.672,0.529,0.311,0.590,0.407,0.458]
Epoch [146] Training Results: Prec@1 72.860 Prec@5 90.243             Loss 1.12423
Epoch [146] Training Class Recall: [0.699,0.749,0.725,0.703,0.743,0.708,0.734,0.729,0.753,0.738]
Epoch [146] Testing Results: Prec@1 57.880 Prec@5 87.930             Loss 1.49185
Epoch [146] Testing Class Recall: [0.882,0.852,0.626,0.503,0.642,0.616,0.507,0.315,0.440,0.405]
Epoch [147] Training Results: Prec@1 72.860 Prec@5 89.929             Loss 1.12586
Epoch [147] Training Class Recall: [0.702,0.747,0.719,0.711,0.742,0.711,0.737,0.724,0.753,0.736]
Epoch [147] Testing Results: Prec@1 54.100 Prec@5 85.650             Loss 1.67383
Epoch [147] Testing Class Recall: [0.752,0.921,0.674,0.892,0.310,0.360,0.355,0.418,0.445,0.283]
Epoch [148] Training Results: Prec@1 72.940 Prec@5 90.117             Loss 1.12530
Epoch [148] Training Class Recall: [0.701,0.748,0.729,0.711,0.741,0.702,0.739,0.727,0.754,0.738]
Epoch [148] Testing Results: Prec@1 56.060 Prec@5 85.250             Loss 1.49617
Epoch [148] Testing Class Recall: [0.730,0.874,0.592,0.671,0.771,0.648,0.332,0.459,0.309,0.220]
Epoch [149] Training Results: Prec@1 73.097 Prec@5 90.003             Loss 1.12031
Epoch [149] Training Class Recall: [0.700,0.753,0.731,0.700,0.751,0.709,0.743,0.730,0.754,0.736]
Epoch [149] Testing Results: Prec@1 63.740 Prec@5 91.190             Loss 1.24944
Epoch [149] Testing Class Recall: [0.809,0.914,0.682,0.696,0.536,0.578,0.658,0.517,0.624,0.360]
Epoch [150] Training Results: Prec@1 73.046 Prec@5 90.229             Loss 1.11933
Epoch [150] Training Class Recall: [0.699,0.753,0.727,0.710,0.744,0.709,0.736,0.729,0.756,0.736]
Epoch [150] Testing Results: Prec@1 53.930 Prec@5 86.190             Loss 1.64711
Epoch [150] Testing Class Recall: [0.649,0.726,0.607,0.703,0.918,0.346,0.496,0.298,0.442,0.208]
Epoch [151] Training Results: Prec@1 73.183 Prec@5 90.314             Loss 1.11654
Epoch [151] Training Class Recall: [0.703,0.751,0.730,0.716,0.750,0.707,0.739,0.727,0.755,0.734]
Epoch [151] Testing Results: Prec@1 60.190 Prec@5 89.110             Loss 1.37043
Epoch [151] Testing Class Recall: [0.760,0.921,0.785,0.583,0.535,0.664,0.503,0.508,0.458,0.302]
Epoch [152] Training Results: Prec@1 72.980 Prec@5 90.329             Loss 1.12073
Epoch [152] Training Class Recall: [0.705,0.752,0.731,0.706,0.741,0.709,0.734,0.726,0.753,0.737]
Epoch [152] Testing Results: Prec@1 60.700 Prec@5 87.670             Loss 1.38365
Epoch [152] Testing Class Recall: [0.785,0.932,0.751,0.678,0.596,0.543,0.504,0.534,0.321,0.426]
Epoch [153] Training Results: Prec@1 73.049 Prec@5 90.283             Loss 1.11727
Epoch [153] Training Class Recall: [0.697,0.748,0.727,0.712,0.748,0.711,0.739,0.726,0.755,0.736]
Epoch [153] Testing Results: Prec@1 60.890 Prec@5 87.090             Loss 1.40863
Epoch [153] Testing Class Recall: [0.846,0.880,0.689,0.547,0.624,0.544,0.653,0.539,0.535,0.232]
Epoch [154] Training Results: Prec@1 72.983 Prec@5 90.163             Loss 1.11902
Epoch [154] Training Class Recall: [0.702,0.751,0.727,0.702,0.747,0.709,0.736,0.730,0.754,0.736]
Epoch [154] Testing Results: Prec@1 59.330 Prec@5 87.880             Loss 1.40282
Epoch [154] Testing Class Recall: [0.755,0.937,0.706,0.560,0.529,0.653,0.567,0.689,0.334,0.203]
Epoch [155] Training Results: Prec@1 73.137 Prec@5 90.166             Loss 1.11754
Epoch [155] Training Class Recall: [0.701,0.751,0.726,0.706,0.751,0.714,0.742,0.729,0.754,0.736]
Epoch [155] Testing Results: Prec@1 60.780 Prec@5 88.200             Loss 1.36579
Epoch [155] Testing Class Recall: [0.662,0.877,0.663,0.735,0.710,0.551,0.345,0.565,0.458,0.512]
Epoch [156] Training Results: Prec@1 73.043 Prec@5 90.083             Loss 1.12026
Epoch [156] Training Class Recall: [0.700,0.751,0.726,0.713,0.742,0.711,0.739,0.728,0.753,0.737]
Epoch [156] Testing Results: Prec@1 57.060 Prec@5 86.310             Loss 1.48888
Epoch [156] Testing Class Recall: [0.613,0.809,0.465,0.287,0.841,0.814,0.598,0.572,0.242,0.465]
Epoch [157] Training Results: Prec@1 72.977 Prec@5 90.460             Loss 1.11922
Epoch [157] Training Class Recall: [0.700,0.749,0.724,0.703,0.750,0.711,0.742,0.728,0.751,0.736]
Epoch [157] Testing Results: Prec@1 59.680 Prec@5 89.590             Loss 1.40539
Epoch [157] Testing Class Recall: [0.827,0.815,0.824,0.553,0.577,0.504,0.503,0.440,0.453,0.472]
Epoch [158] Training Results: Prec@1 73.106 Prec@5 90.291             Loss 1.11522
Epoch [158] Training Class Recall: [0.701,0.752,0.726,0.710,0.749,0.710,0.741,0.726,0.753,0.739]
Epoch [158] Testing Results: Prec@1 58.440 Prec@5 86.840             Loss 1.44887
Epoch [158] Testing Class Recall: [0.793,0.924,0.557,0.736,0.823,0.459,0.429,0.403,0.416,0.304]
Epoch [159] Training Results: Prec@1 72.923 Prec@5 90.397             Loss 1.12022
Epoch [159] Training Class Recall: [0.697,0.746,0.725,0.709,0.750,0.705,0.737,0.729,0.753,0.736]
Epoch [159] Testing Results: Prec@1 57.390 Prec@5 85.240             Loss 1.48865
Epoch [159] Testing Class Recall: [0.720,0.969,0.683,0.450,0.853,0.485,0.385,0.404,0.453,0.337]
Epoch [160] Training Results: Prec@1 73.900 Prec@5 91.037             Loss 1.07633
Epoch [160] Training Class Recall: [0.703,0.763,0.744,0.725,0.764,0.711,0.741,0.733,0.759,0.741]
Epoch [160] Testing Results: Prec@1 63.550 Prec@5 89.760             Loss 1.28966
Epoch [160] Testing Class Recall: [0.808,0.943,0.759,0.657,0.763,0.516,0.550,0.520,0.494,0.345]
Epoch [161] Training Results: Prec@1 74.494 Prec@5 91.783             Loss 1.05076
Epoch [161] Training Class Recall: [0.720,0.761,0.757,0.738,0.769,0.719,0.748,0.735,0.757,0.740]
Epoch [161] Testing Results: Prec@1 63.950 Prec@5 90.070             Loss 1.28247
Epoch [161] Testing Class Recall: [0.829,0.941,0.764,0.682,0.757,0.516,0.568,0.506,0.463,0.369]
Epoch [162] Training Results: Prec@1 74.717 Prec@5 92.123             Loss 1.04187
Epoch [162] Training Class Recall: [0.723,0.761,0.765,0.740,0.770,0.728,0.746,0.736,0.758,0.740]
Epoch [162] Testing Results: Prec@1 64.730 Prec@5 90.140             Loss 1.26736
Epoch [162] Testing Class Recall: [0.819,0.939,0.774,0.700,0.757,0.522,0.596,0.508,0.477,0.381]
Epoch [163] Training Results: Prec@1 74.766 Prec@5 92.260             Loss 1.03741
Epoch [163] Training Class Recall: [0.719,0.761,0.767,0.743,0.772,0.724,0.749,0.736,0.758,0.741]
Epoch [163] Testing Results: Prec@1 64.130 Prec@5 90.020             Loss 1.28792
Epoch [163] Testing Class Recall: [0.828,0.953,0.774,0.706,0.735,0.529,0.572,0.511,0.472,0.333]
Epoch [164] Training Results: Prec@1 74.914 Prec@5 92.229             Loss 1.03155
Epoch [164] Training Class Recall: [0.726,0.763,0.766,0.749,0.774,0.725,0.749,0.736,0.756,0.741]
Epoch [164] Testing Results: Prec@1 64.490 Prec@5 89.950             Loss 1.28052
Epoch [164] Testing Class Recall: [0.816,0.938,0.781,0.705,0.761,0.527,0.580,0.524,0.455,0.362]
Epoch [165] Training Results: Prec@1 74.980 Prec@5 92.429             Loss 1.02642
Epoch [165] Training Class Recall: [0.727,0.763,0.769,0.745,0.774,0.728,0.751,0.736,0.757,0.741]
Epoch [165] Testing Results: Prec@1 64.710 Prec@5 89.940             Loss 1.27215
Epoch [165] Testing Class Recall: [0.822,0.939,0.765,0.705,0.786,0.516,0.568,0.524,0.473,0.373]
Epoch [166] Training Results: Prec@1 75.089 Prec@5 92.574             Loss 1.02448
Epoch [166] Training Class Recall: [0.727,0.767,0.771,0.750,0.773,0.729,0.749,0.738,0.758,0.741]
Epoch [166] Testing Results: Prec@1 64.350 Prec@5 89.710             Loss 1.28844
Epoch [166] Testing Class Recall: [0.836,0.939,0.782,0.688,0.754,0.529,0.586,0.525,0.458,0.338]
Epoch [167] Training Results: Prec@1 75.063 Prec@5 92.683             Loss 1.02427
Epoch [167] Training Class Recall: [0.726,0.765,0.773,0.746,0.774,0.730,0.750,0.738,0.757,0.741]
Epoch [167] Testing Results: Prec@1 63.900 Prec@5 89.450             Loss 1.30283
Epoch [167] Testing Class Recall: [0.831,0.947,0.784,0.706,0.741,0.504,0.551,0.535,0.471,0.320]
Epoch [168] Training Results: Prec@1 75.091 Prec@5 92.614             Loss 1.02049
Epoch [168] Training Class Recall: [0.730,0.764,0.772,0.750,0.773,0.726,0.750,0.737,0.759,0.741]
Epoch [168] Testing Results: Prec@1 64.130 Prec@5 89.340             Loss 1.30175
Epoch [168] Testing Class Recall: [0.817,0.946,0.788,0.709,0.753,0.525,0.554,0.516,0.457,0.348]
Epoch [169] Training Results: Prec@1 75.077 Prec@5 92.737             Loss 1.01801
Epoch [169] Training Class Recall: [0.727,0.762,0.772,0.746,0.777,0.732,0.750,0.737,0.757,0.741]
Epoch [169] Testing Results: Prec@1 64.010 Prec@5 89.240             Loss 1.30440
Epoch [169] Testing Class Recall: [0.824,0.947,0.790,0.699,0.754,0.499,0.540,0.533,0.484,0.331]
Epoch [170] Training Results: Prec@1 75.129 Prec@5 92.769             Loss 1.01512
Epoch [170] Training Class Recall: [0.728,0.765,0.772,0.748,0.775,0.732,0.751,0.736,0.758,0.741]
Epoch [170] Testing Results: Prec@1 64.450 Prec@5 89.740             Loss 1.28375
Epoch [170] Testing Class Recall: [0.833,0.939,0.795,0.684,0.738,0.537,0.537,0.541,0.482,0.359]
Epoch [171] Training Results: Prec@1 75.163 Prec@5 92.857             Loss 1.01110
Epoch [171] Training Class Recall: [0.731,0.763,0.775,0.750,0.774,0.730,0.751,0.737,0.759,0.741]
Epoch [171] Testing Results: Prec@1 64.480 Prec@5 89.570             Loss 1.28945
Epoch [171] Testing Class Recall: [0.812,0.945,0.775,0.714,0.778,0.518,0.558,0.525,0.469,0.354]
Epoch [172] Training Results: Prec@1 75.171 Prec@5 93.040             Loss 1.00929
Epoch [172] Training Class Recall: [0.731,0.762,0.773,0.753,0.775,0.728,0.751,0.737,0.759,0.742]
Epoch [172] Testing Results: Prec@1 63.810 Prec@5 89.120             Loss 1.31300
Epoch [172] Testing Class Recall: [0.831,0.947,0.761,0.714,0.765,0.524,0.545,0.510,0.458,0.326]
Epoch [173] Training Results: Prec@1 75.217 Prec@5 92.903             Loss 1.00827
Epoch [173] Training Class Recall: [0.732,0.763,0.775,0.751,0.775,0.732,0.751,0.737,0.759,0.741]
Epoch [173] Testing Results: Prec@1 63.680 Prec@5 88.960             Loss 1.32018
Epoch [173] Testing Class Recall: [0.828,0.941,0.793,0.694,0.726,0.498,0.572,0.526,0.458,0.332]
Epoch [174] Training Results: Prec@1 75.214 Prec@5 93.146             Loss 1.00731
Epoch [174] Training Class Recall: [0.727,0.764,0.776,0.752,0.776,0.730,0.750,0.739,0.759,0.743]
Epoch [174] Testing Results: Prec@1 64.370 Prec@5 89.550             Loss 1.29389
Epoch [174] Testing Class Recall: [0.826,0.939,0.794,0.707,0.739,0.510,0.556,0.533,0.464,0.369]
Epoch [175] Training Results: Prec@1 75.271 Prec@5 93.054             Loss 1.00455
Epoch [175] Training Class Recall: [0.729,0.764,0.774,0.751,0.776,0.732,0.753,0.741,0.759,0.742]
Epoch [175] Testing Results: Prec@1 64.140 Prec@5 89.230             Loss 1.29596
Epoch [175] Testing Class Recall: [0.805,0.948,0.778,0.730,0.743,0.518,0.557,0.515,0.465,0.355]
Epoch [176] Training Results: Prec@1 75.111 Prec@5 93.017             Loss 1.00556
Epoch [176] Training Class Recall: [0.728,0.762,0.772,0.750,0.774,0.731,0.751,0.737,0.758,0.742]
Epoch [176] Testing Results: Prec@1 63.650 Prec@5 88.720             Loss 1.32927
Epoch [176] Testing Class Recall: [0.820,0.946,0.792,0.714,0.743,0.514,0.543,0.545,0.440,0.308]
Epoch [177] Training Results: Prec@1 75.211 Prec@5 93.180             Loss 1.00353
Epoch [177] Training Class Recall: [0.730,0.763,0.774,0.750,0.775,0.733,0.752,0.739,0.758,0.742]
Epoch [177] Testing Results: Prec@1 63.760 Prec@5 88.860             Loss 1.32096
Epoch [177] Testing Class Recall: [0.821,0.952,0.779,0.712,0.742,0.507,0.563,0.540,0.437,0.323]
Epoch [178] Training Results: Prec@1 75.269 Prec@5 93.089             Loss 1.00245
Epoch [178] Training Class Recall: [0.731,0.765,0.773,0.752,0.777,0.733,0.751,0.738,0.759,0.742]
Epoch [178] Testing Results: Prec@1 64.020 Prec@5 88.980             Loss 1.31348
Epoch [178] Testing Class Recall: [0.815,0.954,0.786,0.703,0.730,0.524,0.570,0.540,0.448,0.332]
Epoch [179] Training Results: Prec@1 75.189 Prec@5 93.163             Loss 1.00113
Epoch [179] Training Class Recall: [0.730,0.768,0.773,0.748,0.776,0.728,0.751,0.738,0.758,0.742]
Epoch [179] Testing Results: Prec@1 63.960 Prec@5 89.070             Loss 1.30970
Epoch [179] Testing Class Recall: [0.808,0.944,0.787,0.726,0.734,0.517,0.551,0.527,0.459,0.343]
Epoch [180] Training Results: Prec@1 75.329 Prec@5 93.326             Loss 0.99837
Epoch [180] Training Class Recall: [0.731,0.768,0.776,0.753,0.775,0.732,0.751,0.739,0.760,0.742]
Epoch [180] Testing Results: Prec@1 63.500 Prec@5 88.690             Loss 1.32386
Epoch [180] Testing Class Recall: [0.813,0.939,0.793,0.699,0.753,0.512,0.542,0.512,0.454,0.333]
Epoch [181] Training Results: Prec@1 75.334 Prec@5 93.243             Loss 0.99722
Epoch [181] Training Class Recall: [0.733,0.766,0.774,0.755,0.775,0.731,0.752,0.739,0.760,0.743]
Epoch [181] Testing Results: Prec@1 63.800 Prec@5 89.000             Loss 1.31443
Epoch [181] Testing Class Recall: [0.824,0.938,0.787,0.701,0.737,0.510,0.574,0.515,0.462,0.332]
Epoch [182] Training Results: Prec@1 75.251 Prec@5 93.280             Loss 0.99905
Epoch [182] Training Class Recall: [0.728,0.764,0.776,0.749,0.776,0.734,0.752,0.737,0.759,0.743]
Epoch [182] Testing Results: Prec@1 63.250 Prec@5 88.620             Loss 1.33731
Epoch [182] Testing Class Recall: [0.813,0.943,0.792,0.702,0.742,0.509,0.534,0.526,0.462,0.302]
Epoch [183] Training Results: Prec@1 75.297 Prec@5 93.131             Loss 0.99828
Epoch [183] Training Class Recall: [0.730,0.764,0.777,0.754,0.778,0.734,0.750,0.736,0.758,0.741]
Epoch [183] Testing Results: Prec@1 64.090 Prec@5 88.940             Loss 1.30227
Epoch [183] Testing Class Recall: [0.807,0.952,0.786,0.701,0.743,0.510,0.576,0.526,0.475,0.333]
Epoch [184] Training Results: Prec@1 75.354 Prec@5 93.429             Loss 0.99619
Epoch [184] Training Class Recall: [0.733,0.764,0.778,0.753,0.777,0.732,0.753,0.739,0.759,0.742]
Epoch [184] Testing Results: Prec@1 64.060 Prec@5 88.930             Loss 1.30740
Epoch [184] Testing Class Recall: [0.806,0.949,0.789,0.717,0.742,0.504,0.569,0.534,0.451,0.345]
Epoch [185] Training Results: Prec@1 75.251 Prec@5 93.066             Loss 0.99938
Epoch [185] Training Class Recall: [0.731,0.764,0.775,0.749,0.775,0.731,0.752,0.740,0.760,0.742]
Epoch [185] Testing Results: Prec@1 64.020 Prec@5 89.050             Loss 1.30913
Epoch [185] Testing Class Recall: [0.811,0.949,0.793,0.708,0.719,0.509,0.553,0.551,0.460,0.349]
Epoch [186] Training Results: Prec@1 75.329 Prec@5 93.331             Loss 0.99759
Epoch [186] Training Class Recall: [0.734,0.764,0.777,0.752,0.776,0.732,0.750,0.738,0.759,0.744]
Epoch [186] Testing Results: Prec@1 64.010 Prec@5 88.910             Loss 1.31772
Epoch [186] Testing Class Recall: [0.810,0.950,0.785,0.716,0.734,0.512,0.563,0.547,0.454,0.330]
Epoch [187] Training Results: Prec@1 75.263 Prec@5 93.177             Loss 1.00003
Epoch [187] Training Class Recall: [0.730,0.765,0.777,0.749,0.776,0.732,0.751,0.739,0.758,0.742]
Epoch [187] Testing Results: Prec@1 63.900 Prec@5 88.760             Loss 1.31592
Epoch [187] Testing Class Recall: [0.813,0.951,0.779,0.718,0.737,0.521,0.558,0.527,0.456,0.330]
Epoch [188] Training Results: Prec@1 75.283 Prec@5 93.317             Loss 0.99789
Epoch [188] Training Class Recall: [0.728,0.765,0.775,0.754,0.777,0.731,0.752,0.739,0.758,0.742]
Epoch [188] Testing Results: Prec@1 64.010 Prec@5 89.090             Loss 1.30823
Epoch [188] Testing Class Recall: [0.799,0.949,0.780,0.731,0.729,0.523,0.564,0.542,0.451,0.333]
Epoch [189] Training Results: Prec@1 75.351 Prec@5 93.223             Loss 0.99490
Epoch [189] Training Class Recall: [0.730,0.766,0.779,0.753,0.776,0.734,0.751,0.740,0.759,0.742]
Epoch [189] Testing Results: Prec@1 63.280 Prec@5 88.580             Loss 1.33443
Epoch [189] Testing Class Recall: [0.814,0.945,0.793,0.712,0.733,0.507,0.532,0.514,0.449,0.329]
Epoch [190] Training Results: Prec@1 75.317 Prec@5 93.323             Loss 0.99598
Epoch [190] Training Class Recall: [0.732,0.765,0.772,0.754,0.777,0.733,0.752,0.738,0.759,0.743]
Epoch [190] Testing Results: Prec@1 63.740 Prec@5 88.850             Loss 1.31406
Epoch [190] Testing Class Recall: [0.816,0.949,0.783,0.705,0.745,0.501,0.540,0.513,0.472,0.350]
Epoch [191] Training Results: Prec@1 75.329 Prec@5 93.309             Loss 0.99664
Epoch [191] Training Class Recall: [0.731,0.765,0.776,0.751,0.777,0.735,0.751,0.739,0.759,0.743]
Epoch [191] Testing Results: Prec@1 63.680 Prec@5 88.760             Loss 1.32238
Epoch [191] Testing Class Recall: [0.804,0.953,0.785,0.718,0.746,0.523,0.542,0.505,0.458,0.334]
Epoch [192] Training Results: Prec@1 75.320 Prec@5 93.220             Loss 0.99562
Epoch [192] Training Class Recall: [0.731,0.767,0.777,0.750,0.776,0.733,0.751,0.739,0.759,0.742]
Epoch [192] Testing Results: Prec@1 63.570 Prec@5 88.810             Loss 1.32501
Epoch [192] Testing Class Recall: [0.817,0.952,0.790,0.705,0.730,0.514,0.546,0.516,0.453,0.334]
Epoch [193] Training Results: Prec@1 75.294 Prec@5 93.294             Loss 0.99744
Epoch [193] Training Class Recall: [0.732,0.766,0.773,0.752,0.775,0.732,0.750,0.739,0.760,0.743]
Epoch [193] Testing Results: Prec@1 63.910 Prec@5 88.760             Loss 1.31388
Epoch [193] Testing Class Recall: [0.806,0.952,0.786,0.706,0.745,0.509,0.571,0.537,0.445,0.334]
Epoch [194] Training Results: Prec@1 75.240 Prec@5 93.263             Loss 0.99892
Epoch [194] Training Class Recall: [0.732,0.765,0.771,0.751,0.776,0.731,0.752,0.739,0.759,0.742]
Epoch [194] Testing Results: Prec@1 63.820 Prec@5 88.780             Loss 1.31981
Epoch [194] Testing Class Recall: [0.815,0.945,0.790,0.722,0.731,0.509,0.539,0.521,0.455,0.355]
Epoch [195] Training Results: Prec@1 75.280 Prec@5 93.349             Loss 0.99800
Epoch [195] Training Class Recall: [0.731,0.763,0.774,0.754,0.776,0.732,0.752,0.740,0.759,0.743]
Epoch [195] Testing Results: Prec@1 63.560 Prec@5 88.780             Loss 1.32607
Epoch [195] Testing Class Recall: [0.807,0.944,0.799,0.709,0.735,0.506,0.546,0.523,0.460,0.327]
Epoch [196] Training Results: Prec@1 75.311 Prec@5 93.214             Loss 0.99934
Epoch [196] Training Class Recall: [0.732,0.767,0.775,0.753,0.776,0.732,0.751,0.738,0.759,0.742]
Epoch [196] Testing Results: Prec@1 63.660 Prec@5 88.840             Loss 1.32590
Epoch [196] Testing Class Recall: [0.817,0.945,0.786,0.731,0.722,0.505,0.549,0.512,0.454,0.345]
Epoch [197] Training Results: Prec@1 75.369 Prec@5 93.329             Loss 0.99672
Epoch [197] Training Class Recall: [0.732,0.765,0.780,0.752,0.776,0.733,0.752,0.738,0.760,0.742]
Epoch [197] Testing Results: Prec@1 64.000 Prec@5 88.950             Loss 1.30495
Epoch [197] Testing Class Recall: [0.814,0.940,0.785,0.703,0.755,0.504,0.560,0.507,0.488,0.344]
Epoch [198] Training Results: Prec@1 75.351 Prec@5 93.220             Loss 0.99790
Epoch [198] Training Class Recall: [0.732,0.765,0.776,0.751,0.777,0.734,0.753,0.740,0.759,0.742]
Epoch [198] Testing Results: Prec@1 64.040 Prec@5 88.930             Loss 1.30831
Epoch [198] Testing Class Recall: [0.811,0.946,0.787,0.707,0.737,0.499,0.573,0.538,0.475,0.331]
Epoch [199] Training Results: Prec@1 75.317 Prec@5 93.329             Loss 0.99845
Epoch [199] Training Class Recall: [0.728,0.765,0.775,0.755,0.776,0.734,0.751,0.738,0.759,0.744]
Epoch [199] Testing Results: Prec@1 63.710 Prec@5 88.850             Loss 1.32363
Epoch [199] Testing Class Recall: [0.813,0.944,0.788,0.709,0.746,0.507,0.562,0.534,0.442,0.326]
