Log file: cifar10_sava0.9_erm_exp1.0_seed42_20260616_114917.log
Run started: 2026-06-16 11:49:17.729361
Dataset: cifar10
Imbalance type: exp, factor: 1.0
Selection method: sava, ratio: 0.9
Strategy: ERM, epochs: 200
Seed: 42, rand_number: 0
Augmentation: weak
mamix_ratio: 1.0
============================================================

=> No CSV or TensorBoard logging – only console and debug log.
-----------------------------------------------
Class ID   | Original   | Selected   | Keep %  
-----------------------------------------------
0          | 5000       | 3841       |   76.8%
1          | 5000       | 4735       |   94.7%
2          | 5000       | 4701       |   94.0%
3          | 5000       | 4533       |   90.7%
4          | 5000       | 4696       |   93.9%
5          | 5000       | 4385       |   87.7%
6          | 5000       | 4506       |   90.1%
7          | 5000       | 4672       |   93.4%
8          | 5000       | 4438       |   88.8%
9          | 5000       | 4493       |   89.9%
-----------------------------------------------
TOTAL      | 50000      | 45000      |   90.0%
-----------------------------------------------
Epoch [0] Training Results: Prec@1 36.318 Prec@5 86.796 Loss 1.70070
Epoch [0] Training Class Recall: [0.303,0.523,0.224,0.238,0.289,0.302,0.392,0.448,0.479,0.424]
Epoch [0] Testing Results: Prec@1 42.140 Prec@5 88.160 Loss 1.72424
Epoch [0] Testing Class Recall: [0.132,0.705,0.246,0.376,0.300,0.553,0.819,0.084,0.724,0.275]
Epoch [1] Training Results: Prec@1 52.998 Prec@5 94.191 Loss 1.28899
Epoch [1] Training Class Recall: [0.473,0.709,0.408,0.323,0.421,0.426,0.638,0.592,0.658,0.643]
Epoch [1] Testing Results: Prec@1 56.480 Prec@5 95.210 Loss 1.29450
Epoch [1] Testing Class Recall: [0.729,0.959,0.296,0.261,0.442,0.700,0.484,0.764,0.517,0.496]
Epoch [2] Training Results: Prec@1 63.247 Prec@5 96.644 Loss 1.02657
Epoch [2] Training Class Recall: [0.604,0.820,0.527,0.383,0.562,0.509,0.696,0.683,0.770,0.763]
Epoch [2] Testing Results: Prec@1 61.440 Prec@5 94.830 Loss 1.21890
Epoch [2] Testing Class Recall: [0.768,0.875,0.240,0.295,0.313,0.753,0.674,0.674,0.626,0.926]
Epoch [3] Training Results: Prec@1 69.111 Prec@5 97.744 Loss 0.86625
Epoch [3] Training Class Recall: [0.672,0.859,0.594,0.474,0.651,0.559,0.743,0.731,0.816,0.805]
Epoch [3] Testing Results: Prec@1 59.160 Prec@5 91.460 Loss 1.40761
Epoch [3] Testing Class Recall: [0.761,0.759,0.533,0.189,0.578,0.241,0.701,0.432,0.881,0.841]
Epoch [4] Training Results: Prec@1 72.893 Prec@5 98.120 Loss 0.77400
Epoch [4] Training Class Recall: [0.713,0.873,0.638,0.536,0.708,0.602,0.780,0.778,0.832,0.822]
Epoch [4] Testing Results: Prec@1 68.390 Prec@5 96.560 Loss 0.95962
Epoch [4] Testing Class Recall: [0.731,0.805,0.646,0.415,0.856,0.229,0.590,0.771,0.924,0.872]
Epoch [5] Training Results: Prec@1 76.669 Prec@5 98.493 Loss 0.67541
Epoch [5] Training Class Recall: [0.748,0.892,0.694,0.594,0.747,0.646,0.815,0.801,0.861,0.861]
Epoch [5] Testing Results: Prec@1 66.860 Prec@5 97.680 Loss 1.05519
Epoch [5] Testing Class Recall: [0.809,0.898,0.517,0.355,0.477,0.872,0.487,0.905,0.569,0.797]
Epoch [6] Training Results: Prec@1 78.753 Prec@5 98.844 Loss 0.61245
Epoch [6] Training Class Recall: [0.777,0.906,0.713,0.626,0.772,0.676,0.825,0.830,0.879,0.866]
Epoch [6] Testing Results: Prec@1 72.980 Prec@5 98.120 Loss 0.79969
Epoch [6] Testing Class Recall: [0.803,0.904,0.568,0.760,0.624,0.653,0.378,0.815,0.884,0.909]
Epoch [7] Training Results: Prec@1 80.418 Prec@5 98.987 Loss 0.56658
Epoch [7] Training Class Recall: [0.802,0.911,0.734,0.652,0.788,0.690,0.845,0.840,0.897,0.880]
Epoch [7] Testing Results: Prec@1 72.770 Prec@5 98.340 Loss 0.85743
Epoch [7] Testing Class Recall: [0.844,0.810,0.351,0.590,0.782,0.669,0.925,0.710,0.900,0.696]
Epoch [8] Training Results: Prec@1 81.313 Prec@5 99.071 Loss 0.54185
Epoch [8] Training Class Recall: [0.809,0.915,0.755,0.667,0.799,0.697,0.854,0.852,0.895,0.883]
Epoch [8] Testing Results: Prec@1 72.560 Prec@5 97.730 Loss 0.90254
Epoch [8] Testing Class Recall: [0.632,0.816,0.717,0.660,0.716,0.758,0.927,0.456,0.664,0.910]
Epoch [9] Training Results: Prec@1 82.256 Prec@5 99.107 Loss 0.51217
Epoch [9] Training Class Recall: [0.813,0.918,0.765,0.684,0.819,0.714,0.859,0.858,0.899,0.892]
Epoch [9] Testing Results: Prec@1 78.670 Prec@5 98.800 Loss 0.64215
Epoch [9] Testing Class Recall: [0.604,0.919,0.566,0.628,0.889,0.735,0.826,0.869,0.907,0.924]
Epoch [10] Training Results: Prec@1 83.018 Prec@5 99.278 Loss 0.49181
Epoch [10] Training Class Recall: [0.821,0.924,0.776,0.693,0.825,0.727,0.863,0.867,0.902,0.898]
Epoch [10] Testing Results: Prec@1 78.970 Prec@5 98.800 Loss 0.62443
Epoch [10] Testing Class Recall: [0.880,0.872,0.558,0.565,0.744,0.824,0.781,0.904,0.907,0.862]
Epoch [11] Training Results: Prec@1 83.553 Prec@5 99.218 Loss 0.47449
Epoch [11] Training Class Recall: [0.835,0.924,0.784,0.697,0.829,0.730,0.875,0.866,0.905,0.907]
Epoch [11] Testing Results: Prec@1 79.410 Prec@5 98.650 Loss 0.65781
Epoch [11] Testing Class Recall: [0.717,0.799,0.609,0.705,0.740,0.705,0.853,0.916,0.963,0.934]
Epoch [12] Training Results: Prec@1 84.033 Prec@5 99.311 Loss 0.46147
Epoch [12] Training Class Recall: [0.834,0.928,0.788,0.707,0.841,0.744,0.872,0.872,0.906,0.906]
Epoch [12] Testing Results: Prec@1 72.430 Prec@5 98.290 Loss 0.83146
Epoch [12] Testing Class Recall: [0.923,0.944,0.650,0.836,0.543,0.704,0.670,0.668,0.649,0.656]
Epoch [13] Training Results: Prec@1 84.518 Prec@5 99.287 Loss 0.44443
Epoch [13] Training Class Recall: [0.838,0.930,0.795,0.724,0.838,0.748,0.875,0.876,0.914,0.910]
Epoch [13] Testing Results: Prec@1 77.450 Prec@5 98.680 Loss 0.72431
Epoch [13] Testing Class Recall: [0.704,0.785,0.692,0.554,0.675,0.685,0.948,0.863,0.970,0.869]
Epoch [14] Training Results: Prec@1 84.958 Prec@5 99.353 Loss 0.43629
Epoch [14] Training Class Recall: [0.850,0.931,0.811,0.729,0.846,0.749,0.877,0.879,0.912,0.909]
Epoch [14] Testing Results: Prec@1 81.350 Prec@5 99.030 Loss 0.55495
Epoch [14] Testing Class Recall: [0.765,0.928,0.849,0.558,0.828,0.736,0.822,0.806,0.938,0.905]
Epoch [15] Training Results: Prec@1 85.202 Prec@5 99.402 Loss 0.42836
Epoch [15] Training Class Recall: [0.844,0.933,0.808,0.727,0.851,0.755,0.882,0.890,0.914,0.911]
Epoch [15] Testing Results: Prec@1 78.910 Prec@5 98.650 Loss 0.67127
Epoch [15] Testing Class Recall: [0.868,0.824,0.862,0.577,0.698,0.435,0.880,0.874,0.918,0.955]
Epoch [16] Training Results: Prec@1 85.618 Prec@5 99.478 Loss 0.41214
Epoch [16] Training Class Recall: [0.852,0.933,0.810,0.731,0.858,0.759,0.893,0.891,0.918,0.912]
Epoch [16] Testing Results: Prec@1 83.510 Prec@5 99.080 Loss 0.52332
Epoch [16] Testing Class Recall: [0.904,0.943,0.719,0.672,0.831,0.745,0.884,0.884,0.876,0.893]
Epoch [17] Training Results: Prec@1 85.827 Prec@5 99.471 Loss 0.40839
Epoch [17] Training Class Recall: [0.852,0.935,0.820,0.740,0.859,0.758,0.888,0.892,0.920,0.914]
Epoch [17] Testing Results: Prec@1 82.210 Prec@5 99.000 Loss 0.54256
Epoch [17] Testing Class Recall: [0.824,0.948,0.812,0.712,0.873,0.634,0.821,0.871,0.784,0.942]
Epoch [18] Training Results: Prec@1 86.271 Prec@5 99.556 Loss 0.39528
Epoch [18] Training Class Recall: [0.859,0.939,0.824,0.749,0.859,0.775,0.890,0.893,0.918,0.916]
Epoch [18] Testing Results: Prec@1 81.920 Prec@5 98.990 Loss 0.55084
Epoch [18] Testing Class Recall: [0.879,0.913,0.820,0.702,0.882,0.432,0.877,0.837,0.940,0.910]
Epoch [19] Training Results: Prec@1 86.349 Prec@5 99.467 Loss 0.39514
Epoch [19] Training Class Recall: [0.864,0.935,0.825,0.751,0.858,0.767,0.895,0.900,0.920,0.917]
Epoch [19] Testing Results: Prec@1 80.340 Prec@5 98.830 Loss 0.62058
Epoch [19] Testing Class Recall: [0.741,0.970,0.886,0.544,0.815,0.838,0.888,0.892,0.758,0.702]
Epoch [20] Training Results: Prec@1 86.689 Prec@5 99.573 Loss 0.38554
Epoch [20] Training Class Recall: [0.867,0.936,0.829,0.758,0.872,0.769,0.898,0.901,0.925,0.910]
Epoch [20] Testing Results: Prec@1 78.600 Prec@5 98.580 Loss 0.66044
Epoch [20] Testing Class Recall: [0.783,0.857,0.708,0.615,0.846,0.789,0.829,0.756,0.721,0.956]
Epoch [21] Training Results: Prec@1 86.940 Prec@5 99.538 Loss 0.37737
Epoch [21] Training Class Recall: [0.866,0.941,0.835,0.759,0.872,0.773,0.898,0.901,0.923,0.921]
Epoch [21] Testing Results: Prec@1 83.220 Prec@5 98.750 Loss 0.51658
Epoch [21] Testing Class Recall: [0.806,0.896,0.768,0.647,0.844,0.840,0.775,0.860,0.931,0.955]
Epoch [22] Training Results: Prec@1 87.198 Prec@5 99.567 Loss 0.36822
Epoch [22] Training Class Recall: [0.865,0.940,0.839,0.756,0.881,0.781,0.901,0.905,0.927,0.919]
Epoch [22] Testing Results: Prec@1 76.680 Prec@5 98.210 Loss 0.77330
Epoch [22] Testing Class Recall: [0.741,0.774,0.888,0.199,0.737,0.845,0.725,0.922,0.868,0.969]
Epoch [23] Training Results: Prec@1 87.142 Prec@5 99.573 Loss 0.37254
Epoch [23] Training Class Recall: [0.866,0.939,0.839,0.760,0.878,0.779,0.906,0.901,0.922,0.920]
Epoch [23] Testing Results: Prec@1 77.570 Prec@5 98.610 Loss 0.70324
Epoch [23] Testing Class Recall: [0.817,0.814,0.723,0.629,0.864,0.729,0.498,0.964,0.820,0.899]
Epoch [24] Training Results: Prec@1 87.318 Prec@5 99.542 Loss 0.36034
Epoch [24] Training Class Recall: [0.873,0.940,0.836,0.768,0.878,0.785,0.899,0.905,0.927,0.917]
Epoch [24] Testing Results: Prec@1 83.240 Prec@5 99.220 Loss 0.49031
Epoch [24] Testing Class Recall: [0.765,0.903,0.732,0.742,0.874,0.776,0.885,0.772,0.944,0.931]
Epoch [25] Training Results: Prec@1 87.689 Prec@5 99.567 Loss 0.35387
Epoch [25] Training Class Recall: [0.871,0.941,0.841,0.769,0.881,0.790,0.907,0.907,0.932,0.924]
Epoch [25] Testing Results: Prec@1 77.810 Prec@5 98.800 Loss 0.71937
Epoch [25] Testing Class Recall: [0.614,0.938,0.924,0.426,0.903,0.662,0.822,0.874,0.829,0.789]
Epoch [26] Training Results: Prec@1 87.798 Prec@5 99.593 Loss 0.35387
Epoch [26] Training Class Recall: [0.869,0.942,0.852,0.765,0.889,0.797,0.904,0.911,0.927,0.919]
Epoch [26] Testing Results: Prec@1 83.090 Prec@5 99.000 Loss 0.52226
Epoch [26] Testing Class Recall: [0.857,0.801,0.775,0.788,0.854,0.725,0.774,0.833,0.946,0.956]
Epoch [27] Training Results: Prec@1 87.927 Prec@5 99.640 Loss 0.34841
Epoch [27] Training Class Recall: [0.884,0.945,0.848,0.774,0.883,0.787,0.908,0.908,0.932,0.921]
Epoch [27] Testing Results: Prec@1 77.510 Prec@5 98.260 Loss 0.72262
Epoch [27] Testing Class Recall: [0.648,0.947,0.772,0.810,0.894,0.667,0.478,0.859,0.862,0.814]
Epoch [28] Training Results: Prec@1 88.153 Prec@5 99.638 Loss 0.34157
Epoch [28] Training Class Recall: [0.882,0.943,0.851,0.783,0.886,0.796,0.905,0.910,0.933,0.923]
Epoch [28] Testing Results: Prec@1 75.190 Prec@5 98.220 Loss 0.85171
Epoch [28] Testing Class Recall: [0.755,0.830,0.518,0.683,0.641,0.891,0.482,0.946,0.829,0.944]
Epoch [29] Training Results: Prec@1 88.367 Prec@5 99.671 Loss 0.33688
Epoch [29] Training Class Recall: [0.880,0.947,0.849,0.789,0.885,0.802,0.911,0.908,0.938,0.924]
Epoch [29] Testing Results: Prec@1 82.330 Prec@5 99.040 Loss 0.54673
Epoch [29] Testing Class Recall: [0.909,0.966,0.747,0.658,0.798,0.805,0.863,0.772,0.886,0.829]
Epoch [30] Training Results: Prec@1 88.169 Prec@5 99.631 Loss 0.34117
Epoch [30] Training Class Recall: [0.883,0.947,0.854,0.780,0.882,0.794,0.906,0.910,0.933,0.924]
Epoch [30] Testing Results: Prec@1 78.410 Prec@5 98.560 Loss 0.68159
Epoch [30] Testing Class Recall: [0.537,0.975,0.694,0.853,0.762,0.571,0.868,0.725,0.939,0.917]
Epoch [31] Training Results: Prec@1 88.333 Prec@5 99.644 Loss 0.33452
Epoch [31] Training Class Recall: [0.878,0.944,0.855,0.777,0.884,0.801,0.913,0.914,0.935,0.928]
Epoch [31] Testing Results: Prec@1 74.930 Prec@5 98.350 Loss 0.85100
Epoch [31] Testing Class Recall: [0.793,0.917,0.832,0.763,0.574,0.673,0.917,0.712,0.737,0.575]
Epoch [32] Training Results: Prec@1 88.582 Prec@5 99.640 Loss 0.32910
Epoch [32] Training Class Recall: [0.885,0.945,0.859,0.782,0.890,0.810,0.914,0.911,0.936,0.923]
Epoch [32] Testing Results: Prec@1 83.450 Prec@5 98.740 Loss 0.53329
Epoch [32] Testing Class Recall: [0.877,0.922,0.778,0.696,0.905,0.496,0.939,0.860,0.933,0.939]
Epoch [33] Training Results: Prec@1 88.867 Prec@5 99.660 Loss 0.32377
Epoch [33] Training Class Recall: [0.885,0.948,0.855,0.801,0.895,0.797,0.917,0.914,0.938,0.933]
Epoch [33] Testing Results: Prec@1 82.960 Prec@5 99.120 Loss 0.54813
Epoch [33] Testing Class Recall: [0.821,0.982,0.843,0.540,0.822,0.794,0.929,0.909,0.922,0.734]
Epoch [34] Training Results: Prec@1 88.742 Prec@5 99.689 Loss 0.32379
Epoch [34] Training Class Recall: [0.871,0.949,0.860,0.790,0.897,0.806,0.916,0.914,0.935,0.931]
Epoch [34] Testing Results: Prec@1 82.610 Prec@5 99.470 Loss 0.52838
Epoch [34] Testing Class Recall: [0.868,0.967,0.808,0.852,0.830,0.416,0.914,0.872,0.904,0.830]
Epoch [35] Training Results: Prec@1 88.787 Prec@5 99.669 Loss 0.32311
Epoch [35] Training Class Recall: [0.885,0.943,0.860,0.795,0.891,0.811,0.917,0.915,0.931,0.926]
Epoch [35] Testing Results: Prec@1 76.760 Prec@5 98.760 Loss 0.81478
Epoch [35] Testing Class Recall: [0.540,0.791,0.543,0.820,0.877,0.757,0.695,0.747,0.989,0.917]
Epoch [36] Training Results: Prec@1 88.847 Prec@5 99.707 Loss 0.31830
Epoch [36] Training Class Recall: [0.890,0.946,0.859,0.791,0.891,0.806,0.917,0.918,0.938,0.925]
Epoch [36] Testing Results: Prec@1 77.830 Prec@5 99.090 Loss 0.70450
Epoch [36] Testing Class Recall: [0.890,0.958,0.828,0.509,0.653,0.887,0.695,0.798,0.762,0.803]
Epoch [37] Training Results: Prec@1 89.160 Prec@5 99.713 Loss 0.31590
Epoch [37] Training Class Recall: [0.893,0.948,0.867,0.798,0.895,0.814,0.912,0.920,0.938,0.930]
Epoch [37] Testing Results: Prec@1 83.920 Prec@5 99.260 Loss 0.50567
Epoch [37] Testing Class Recall: [0.838,0.931,0.748,0.800,0.708,0.797,0.842,0.869,0.927,0.932]
Epoch [38] Training Results: Prec@1 89.304 Prec@5 99.629 Loss 0.31123
Epoch [38] Training Class Recall: [0.890,0.949,0.868,0.799,0.898,0.814,0.918,0.918,0.937,0.935]
Epoch [38] Testing Results: Prec@1 81.170 Prec@5 98.890 Loss 0.61633
Epoch [38] Testing Class Recall: [0.617,0.922,0.595,0.655,0.925,0.717,0.918,0.867,0.964,0.937]
Epoch [39] Training Results: Prec@1 89.133 Prec@5 99.700 Loss 0.31095
Epoch [39] Training Class Recall: [0.893,0.948,0.865,0.799,0.894,0.816,0.919,0.917,0.933,0.925]
Epoch [39] Testing Results: Prec@1 85.640 Prec@5 99.410 Loss 0.43230
Epoch [39] Testing Class Recall: [0.862,0.976,0.874,0.636,0.925,0.750,0.850,0.883,0.926,0.882]
Epoch [40] Training Results: Prec@1 89.076 Prec@5 99.704 Loss 0.30952
Epoch [40] Training Class Recall: [0.889,0.949,0.860,0.800,0.898,0.808,0.921,0.914,0.935,0.929]
Epoch [40] Testing Results: Prec@1 85.810 Prec@5 99.440 Loss 0.42404
Epoch [40] Testing Class Recall: [0.898,0.942,0.740,0.637,0.896,0.881,0.850,0.934,0.864,0.939]
Epoch [41] Training Results: Prec@1 89.562 Prec@5 99.682 Loss 0.30380
Epoch [41] Training Class Recall: [0.889,0.951,0.860,0.806,0.905,0.825,0.928,0.922,0.938,0.927]
Epoch [41] Testing Results: Prec@1 76.990 Prec@5 98.250 Loss 0.70991
Epoch [41] Testing Class Recall: [0.947,0.955,0.576,0.863,0.542,0.729,0.910,0.557,0.718,0.902]
Epoch [42] Training Results: Prec@1 89.411 Prec@5 99.707 Loss 0.30718
Epoch [42] Training Class Recall: [0.894,0.947,0.860,0.806,0.894,0.824,0.924,0.919,0.941,0.929]
Epoch [42] Testing Results: Prec@1 79.760 Prec@5 98.560 Loss 0.63345
Epoch [42] Testing Class Recall: [0.805,0.961,0.720,0.505,0.714,0.876,0.814,0.849,0.963,0.769]
Epoch [43] Training Results: Prec@1 89.371 Prec@5 99.729 Loss 0.30291
Epoch [43] Training Class Recall: [0.889,0.951,0.869,0.798,0.895,0.821,0.925,0.919,0.940,0.927]
Epoch [43] Testing Results: Prec@1 84.480 Prec@5 99.020 Loss 0.50358
Epoch [43] Testing Class Recall: [0.905,0.921,0.749,0.715,0.775,0.814,0.792,0.950,0.907,0.920]
Epoch [44] Training Results: Prec@1 89.438 Prec@5 99.720 Loss 0.30052
Epoch [44] Training Class Recall: [0.895,0.948,0.867,0.799,0.903,0.814,0.921,0.923,0.938,0.933]
Epoch [44] Testing Results: Prec@1 85.440 Prec@5 99.280 Loss 0.43645
Epoch [44] Testing Class Recall: [0.886,0.946,0.861,0.676,0.824,0.874,0.866,0.815,0.908,0.888]
Epoch [45] Training Results: Prec@1 89.427 Prec@5 99.716 Loss 0.30254
Epoch [45] Training Class Recall: [0.889,0.949,0.864,0.799,0.900,0.822,0.924,0.918,0.941,0.933]
Epoch [45] Testing Results: Prec@1 84.440 Prec@5 99.290 Loss 0.46795
Epoch [45] Testing Class Recall: [0.903,0.921,0.818,0.864,0.778,0.737,0.723,0.920,0.880,0.900]
Epoch [46] Training Results: Prec@1 89.913 Prec@5 99.758 Loss 0.28927
Epoch [46] Training Class Recall: [0.894,0.952,0.875,0.810,0.906,0.825,0.928,0.923,0.945,0.930]
Epoch [46] Testing Results: Prec@1 83.950 Prec@5 99.170 Loss 0.51324
Epoch [46] Testing Class Recall: [0.892,0.968,0.879,0.541,0.945,0.857,0.848,0.690,0.905,0.870]
Epoch [47] Training Results: Prec@1 89.976 Prec@5 99.718 Loss 0.29105
Epoch [47] Training Class Recall: [0.901,0.953,0.874,0.807,0.904,0.825,0.924,0.927,0.944,0.933]
Epoch [47] Testing Results: Prec@1 85.820 Prec@5 99.280 Loss 0.44204
Epoch [47] Testing Class Recall: [0.897,0.931,0.829,0.766,0.927,0.649,0.853,0.882,0.929,0.919]
Epoch [48] Training Results: Prec@1 89.624 Prec@5 99.684 Loss 0.29869
Epoch [48] Training Class Recall: [0.893,0.950,0.873,0.807,0.897,0.823,0.924,0.924,0.941,0.928]
Epoch [48] Testing Results: Prec@1 82.730 Prec@5 98.650 Loss 0.54435
Epoch [48] Testing Class Recall: [0.668,0.934,0.850,0.677,0.848,0.801,0.843,0.906,0.845,0.901]
Epoch [49] Training Results: Prec@1 89.947 Prec@5 99.749 Loss 0.28873
Epoch [49] Training Class Recall: [0.895,0.952,0.873,0.812,0.903,0.825,0.929,0.924,0.943,0.935]
Epoch [49] Testing Results: Prec@1 79.380 Prec@5 99.170 Loss 0.62307
Epoch [49] Testing Class Recall: [0.922,0.976,0.746,0.724,0.761,0.835,0.661,0.836,0.717,0.760]
Epoch [50] Training Results: Prec@1 89.704 Prec@5 99.731 Loss 0.29460
Epoch [50] Training Class Recall: [0.890,0.953,0.873,0.809,0.902,0.825,0.923,0.922,0.936,0.931]
Epoch [50] Testing Results: Prec@1 85.100 Prec@5 99.250 Loss 0.45536
Epoch [50] Testing Class Recall: [0.863,0.976,0.819,0.635,0.850,0.822,0.929,0.848,0.950,0.818]
Epoch [51] Training Results: Prec@1 89.756 Prec@5 99.751 Loss 0.29699
Epoch [51] Training Class Recall: [0.896,0.950,0.874,0.810,0.907,0.817,0.920,0.923,0.944,0.930]
Epoch [51] Testing Results: Prec@1 81.650 Prec@5 99.270 Loss 0.58904
Epoch [51] Testing Class Recall: [0.959,0.874,0.893,0.543,0.815,0.772,0.841,0.835,0.904,0.729]
Epoch [52] Training Results: Prec@1 90.071 Prec@5 99.762 Loss 0.28657
Epoch [52] Training Class Recall: [0.901,0.953,0.874,0.819,0.907,0.822,0.927,0.923,0.942,0.937]
Epoch [52] Testing Results: Prec@1 83.170 Prec@5 99.460 Loss 0.53031
Epoch [52] Testing Class Recall: [0.959,0.923,0.719,0.436,0.789,0.871,0.939,0.965,0.885,0.831]
Epoch [53] Training Results: Prec@1 90.089 Prec@5 99.738 Loss 0.28589
Epoch [53] Training Class Recall: [0.894,0.951,0.876,0.817,0.910,0.829,0.927,0.924,0.943,0.933]
Epoch [53] Testing Results: Prec@1 83.950 Prec@5 99.200 Loss 0.50227
Epoch [53] Testing Class Recall: [0.821,0.985,0.857,0.828,0.793,0.667,0.829,0.829,0.918,0.868]
Epoch [54] Training Results: Prec@1 90.024 Prec@5 99.744 Loss 0.28800
Epoch [54] Training Class Recall: [0.898,0.952,0.875,0.818,0.899,0.825,0.929,0.924,0.943,0.936]
Epoch [54] Testing Results: Prec@1 83.160 Prec@5 99.200 Loss 0.51870
Epoch [54] Testing Class Recall: [0.728,0.947,0.819,0.507,0.947,0.829,0.842,0.909,0.939,0.849]
Epoch [55] Training Results: Prec@1 90.009 Prec@5 99.740 Loss 0.28716
Epoch [55] Training Class Recall: [0.895,0.955,0.873,0.812,0.907,0.824,0.923,0.927,0.944,0.938]
Epoch [55] Testing Results: Prec@1 85.050 Prec@5 99.320 Loss 0.46641
Epoch [55] Testing Class Recall: [0.952,0.941,0.836,0.807,0.794,0.804,0.740,0.878,0.833,0.920]
Epoch [56] Training Results: Prec@1 90.249 Prec@5 99.778 Loss 0.28351
Epoch [56] Training Class Recall: [0.899,0.952,0.884,0.815,0.906,0.838,0.926,0.926,0.942,0.932]
Epoch [56] Testing Results: Prec@1 86.040 Prec@5 99.460 Loss 0.43747
Epoch [56] Testing Class Recall: [0.910,0.936,0.801,0.703,0.934,0.785,0.927,0.860,0.790,0.958]
Epoch [57] Training Results: Prec@1 90.178 Prec@5 99.767 Loss 0.28261
Epoch [57] Training Class Recall: [0.895,0.953,0.880,0.812,0.905,0.832,0.927,0.933,0.939,0.936]
Epoch [57] Testing Results: Prec@1 84.300 Prec@5 99.100 Loss 0.48570
Epoch [57] Testing Class Recall: [0.889,0.933,0.772,0.662,0.723,0.821,0.789,0.960,0.926,0.955]
Epoch [58] Training Results: Prec@1 90.038 Prec@5 99.764 Loss 0.28641
Epoch [58] Training Class Recall: [0.898,0.953,0.885,0.809,0.904,0.826,0.926,0.927,0.939,0.933]
Epoch [58] Testing Results: Prec@1 83.880 Prec@5 99.400 Loss 0.49212
Epoch [58] Testing Class Recall: [0.916,0.837,0.781,0.555,0.808,0.933,0.921,0.871,0.846,0.920]
Epoch [59] Training Results: Prec@1 90.216 Prec@5 99.718 Loss 0.28241
Epoch [59] Training Class Recall: [0.897,0.954,0.872,0.820,0.905,0.834,0.935,0.924,0.939,0.937]
Epoch [59] Testing Results: Prec@1 83.190 Prec@5 99.200 Loss 0.54223
Epoch [59] Testing Class Recall: [0.745,0.849,0.879,0.768,0.686,0.695,0.865,0.944,0.968,0.920]
Epoch [60] Training Results: Prec@1 90.127 Prec@5 99.771 Loss 0.28186
Epoch [60] Training Class Recall: [0.899,0.948,0.873,0.819,0.907,0.836,0.927,0.924,0.944,0.932]
Epoch [60] Testing Results: Prec@1 85.450 Prec@5 99.460 Loss 0.45426
Epoch [60] Testing Class Recall: [0.693,0.927,0.792,0.726,0.906,0.779,0.941,0.894,0.959,0.928]
Epoch [61] Training Results: Prec@1 90.224 Prec@5 99.756 Loss 0.27910
Epoch [61] Training Class Recall: [0.901,0.952,0.880,0.817,0.909,0.834,0.928,0.927,0.938,0.931]
Epoch [61] Testing Results: Prec@1 80.740 Prec@5 98.980 Loss 0.61215
Epoch [61] Testing Class Recall: [0.881,0.963,0.923,0.556,0.807,0.531,0.795,0.857,0.822,0.939]
Epoch [62] Training Results: Prec@1 90.309 Prec@5 99.762 Loss 0.27602
Epoch [62] Training Class Recall: [0.894,0.954,0.876,0.817,0.909,0.838,0.929,0.928,0.945,0.937]
Epoch [62] Testing Results: Prec@1 83.550 Prec@5 99.390 Loss 0.52628
Epoch [62] Testing Class Recall: [0.768,0.946,0.873,0.689,0.875,0.608,0.924,0.929,0.976,0.767]
Epoch [63] Training Results: Prec@1 90.396 Prec@5 99.778 Loss 0.27425
Epoch [63] Training Class Recall: [0.897,0.952,0.881,0.821,0.902,0.843,0.927,0.928,0.943,0.941]
Epoch [63] Testing Results: Prec@1 84.060 Prec@5 99.340 Loss 0.52254
Epoch [63] Testing Class Recall: [0.728,0.936,0.755,0.895,0.888,0.748,0.832,0.861,0.913,0.850]
Epoch [64] Training Results: Prec@1 90.242 Prec@5 99.762 Loss 0.27597
Epoch [64] Training Class Recall: [0.896,0.954,0.885,0.816,0.904,0.829,0.930,0.928,0.941,0.937]
Epoch [64] Testing Results: Prec@1 85.160 Prec@5 99.250 Loss 0.47408
Epoch [64] Testing Class Recall: [0.878,0.878,0.764,0.790,0.788,0.834,0.836,0.935,0.850,0.963]
Epoch [65] Training Results: Prec@1 90.329 Prec@5 99.787 Loss 0.27802
Epoch [65] Training Class Recall: [0.900,0.956,0.879,0.822,0.908,0.833,0.927,0.926,0.943,0.935]
Epoch [65] Testing Results: Prec@1 82.550 Prec@5 99.430 Loss 0.57711
Epoch [65] Testing Class Recall: [0.747,0.727,0.766,0.864,0.751,0.733,0.881,0.874,0.945,0.967]
Epoch [66] Training Results: Prec@1 90.498 Prec@5 99.767 Loss 0.27178
Epoch [66] Training Class Recall: [0.894,0.952,0.878,0.828,0.909,0.836,0.930,0.930,0.949,0.939]
Epoch [66] Testing Results: Prec@1 85.160 Prec@5 98.920 Loss 0.47665
Epoch [66] Testing Class Recall: [0.864,0.955,0.713,0.672,0.943,0.810,0.806,0.886,0.927,0.940]
Epoch [67] Training Results: Prec@1 90.569 Prec@5 99.744 Loss 0.27109
Epoch [67] Training Class Recall: [0.907,0.956,0.882,0.821,0.915,0.834,0.927,0.930,0.945,0.936]
Epoch [67] Testing Results: Prec@1 84.800 Prec@5 99.380 Loss 0.46957
Epoch [67] Testing Class Recall: [0.895,0.967,0.858,0.782,0.796,0.663,0.868,0.895,0.864,0.892]
Epoch [68] Training Results: Prec@1 90.600 Prec@5 99.773 Loss 0.26798
Epoch [68] Training Class Recall: [0.907,0.955,0.877,0.824,0.909,0.837,0.931,0.929,0.949,0.939]
Epoch [68] Testing Results: Prec@1 83.710 Prec@5 99.310 Loss 0.48968
Epoch [68] Testing Class Recall: [0.805,0.985,0.842,0.742,0.899,0.566,0.917,0.909,0.880,0.826]
Epoch [69] Training Results: Prec@1 90.656 Prec@5 99.760 Loss 0.26871
Epoch [69] Training Class Recall: [0.903,0.956,0.885,0.835,0.908,0.836,0.935,0.925,0.940,0.939]
Epoch [69] Testing Results: Prec@1 82.580 Prec@5 99.050 Loss 0.52476
Epoch [69] Testing Class Recall: [0.731,0.971,0.780,0.664,0.843,0.825,0.823,0.832,0.927,0.862]
Epoch [70] Training Results: Prec@1 90.220 Prec@5 99.756 Loss 0.28140
Epoch [70] Training Class Recall: [0.890,0.954,0.882,0.820,0.908,0.829,0.926,0.926,0.943,0.939]
Epoch [70] Testing Results: Prec@1 82.140 Prec@5 98.150 Loss 0.61563
Epoch [70] Testing Class Recall: [0.904,0.960,0.705,0.356,0.805,0.831,0.855,0.924,0.949,0.925]
Epoch [71] Training Results: Prec@1 90.678 Prec@5 99.771 Loss 0.26925
Epoch [71] Training Class Recall: [0.903,0.956,0.886,0.827,0.908,0.835,0.930,0.934,0.948,0.937]
Epoch [71] Testing Results: Prec@1 83.430 Prec@5 99.300 Loss 0.51073
Epoch [71] Testing Class Recall: [0.825,0.963,0.895,0.694,0.767,0.864,0.841,0.877,0.812,0.805]
Epoch [72] Training Results: Prec@1 90.533 Prec@5 99.787 Loss 0.27109
Epoch [72] Training Class Recall: [0.898,0.953,0.882,0.813,0.911,0.845,0.934,0.929,0.948,0.938]
Epoch [72] Testing Results: Prec@1 79.910 Prec@5 98.930 Loss 0.66997
Epoch [72] Testing Class Recall: [0.970,0.966,0.795,0.508,0.771,0.708,0.894,0.903,0.818,0.658]
Epoch [73] Training Results: Prec@1 90.729 Prec@5 99.758 Loss 0.26654
Epoch [73] Training Class Recall: [0.906,0.961,0.884,0.815,0.912,0.839,0.930,0.932,0.948,0.942]
Epoch [73] Testing Results: Prec@1 85.750 Prec@5 99.210 Loss 0.44993
Epoch [73] Testing Class Recall: [0.910,0.964,0.850,0.733,0.913,0.666,0.923,0.779,0.908,0.929]
Epoch [74] Training Results: Prec@1 90.609 Prec@5 99.791 Loss 0.26922
Epoch [74] Training Class Recall: [0.900,0.953,0.887,0.825,0.907,0.841,0.932,0.930,0.944,0.938]
Epoch [74] Testing Results: Prec@1 80.450 Prec@5 99.010 Loss 0.63300
Epoch [74] Testing Class Recall: [0.832,0.941,0.768,0.914,0.589,0.583,0.921,0.665,0.937,0.895]
Epoch [75] Training Results: Prec@1 90.567 Prec@5 99.753 Loss 0.27114
Epoch [75] Training Class Recall: [0.901,0.956,0.888,0.826,0.913,0.837,0.930,0.927,0.939,0.936]
Epoch [75] Testing Results: Prec@1 82.020 Prec@5 99.130 Loss 0.56795
Epoch [75] Testing Class Recall: [0.702,0.930,0.750,0.860,0.774,0.803,0.684,0.844,0.916,0.939]
Epoch [76] Training Results: Prec@1 90.669 Prec@5 99.800 Loss 0.26752
Epoch [76] Training Class Recall: [0.911,0.958,0.880,0.820,0.909,0.837,0.932,0.928,0.948,0.941]
Epoch [76] Testing Results: Prec@1 85.210 Prec@5 99.400 Loss 0.47634
Epoch [76] Testing Class Recall: [0.823,0.902,0.850,0.625,0.948,0.786,0.877,0.855,0.890,0.965]
Epoch [77] Training Results: Prec@1 90.871 Prec@5 99.778 Loss 0.26716
Epoch [77] Training Class Recall: [0.912,0.952,0.889,0.834,0.914,0.840,0.934,0.932,0.940,0.937]
Epoch [77] Testing Results: Prec@1 77.160 Prec@5 98.970 Loss 0.77591
Epoch [77] Testing Class Recall: [0.721,0.990,0.738,0.943,0.615,0.521,0.905,0.760,0.856,0.667]
Epoch [78] Training Results: Prec@1 90.811 Prec@5 99.762 Loss 0.26565
Epoch [78] Training Class Recall: [0.901,0.957,0.883,0.827,0.915,0.848,0.932,0.929,0.947,0.938]
Epoch [78] Testing Results: Prec@1 85.370 Prec@5 99.570 Loss 0.45703
Epoch [78] Testing Class Recall: [0.830,0.883,0.743,0.660,0.945,0.776,0.964,0.853,0.923,0.960]
Epoch [79] Training Results: Prec@1 90.498 Prec@5 99.802 Loss 0.27208
Epoch [79] Training Class Recall: [0.904,0.953,0.883,0.817,0.911,0.838,0.929,0.930,0.943,0.938]
Epoch [79] Testing Results: Prec@1 84.180 Prec@5 99.090 Loss 0.50911
Epoch [79] Testing Class Recall: [0.787,0.880,0.644,0.601,0.851,0.902,0.943,0.952,0.934,0.924]
Epoch [80] Training Results: Prec@1 90.956 Prec@5 99.831 Loss 0.25825
Epoch [80] Training Class Recall: [0.905,0.953,0.887,0.832,0.914,0.844,0.934,0.931,0.947,0.944]
Epoch [80] Testing Results: Prec@1 83.280 Prec@5 99.150 Loss 0.55498
Epoch [80] Testing Class Recall: [0.891,0.794,0.774,0.704,0.784,0.621,0.915,0.973,0.918,0.954]
Epoch [81] Training Results: Prec@1 90.791 Prec@5 99.791 Loss 0.26510
Epoch [81] Training Class Recall: [0.913,0.951,0.888,0.832,0.907,0.845,0.925,0.933,0.946,0.939]
Epoch [81] Testing Results: Prec@1 83.750 Prec@5 99.140 Loss 0.51773
Epoch [81] Testing Class Recall: [0.795,0.906,0.840,0.733,0.967,0.772,0.798,0.784,0.879,0.901]
Epoch [82] Training Results: Prec@1 90.873 Prec@5 99.780 Loss 0.26227
Epoch [82] Training Class Recall: [0.908,0.957,0.889,0.829,0.909,0.841,0.932,0.930,0.946,0.941]
Epoch [82] Testing Results: Prec@1 84.800 Prec@5 99.380 Loss 0.49973
Epoch [82] Testing Class Recall: [0.845,0.942,0.796,0.887,0.854,0.727,0.778,0.868,0.903,0.880]
Epoch [83] Training Results: Prec@1 90.789 Prec@5 99.829 Loss 0.26401
Epoch [83] Training Class Recall: [0.898,0.952,0.888,0.831,0.907,0.841,0.938,0.936,0.944,0.939]
Epoch [83] Testing Results: Prec@1 84.330 Prec@5 99.240 Loss 0.51953
Epoch [83] Testing Class Recall: [0.910,0.845,0.711,0.671,0.806,0.889,0.803,0.953,0.870,0.975]
Epoch [84] Training Results: Prec@1 90.851 Prec@5 99.816 Loss 0.26038
Epoch [84] Training Class Recall: [0.903,0.954,0.878,0.832,0.914,0.844,0.934,0.937,0.943,0.941]
Epoch [84] Testing Results: Prec@1 84.010 Prec@5 98.780 Loss 0.58872
Epoch [84] Testing Class Recall: [0.968,0.869,0.671,0.561,0.882,0.812,0.895,0.912,0.894,0.937]
Epoch [85] Training Results: Prec@1 90.811 Prec@5 99.773 Loss 0.26263
Epoch [85] Training Class Recall: [0.902,0.954,0.884,0.828,0.912,0.850,0.932,0.936,0.944,0.935]
Epoch [85] Testing Results: Prec@1 83.390 Prec@5 98.880 Loss 0.53554
Epoch [85] Testing Class Recall: [0.825,0.899,0.838,0.676,0.816,0.878,0.863,0.918,0.816,0.810]
Epoch [86] Training Results: Prec@1 90.847 Prec@5 99.796 Loss 0.26304
Epoch [86] Training Class Recall: [0.899,0.953,0.886,0.825,0.917,0.849,0.937,0.933,0.947,0.937]
Epoch [86] Testing Results: Prec@1 82.460 Prec@5 99.100 Loss 0.56560
Epoch [86] Testing Class Recall: [0.841,0.990,0.811,0.483,0.836,0.930,0.919,0.915,0.879,0.642]
Epoch [87] Training Results: Prec@1 91.024 Prec@5 99.793 Loss 0.26061
Epoch [87] Training Class Recall: [0.905,0.953,0.893,0.828,0.912,0.852,0.941,0.931,0.949,0.936]
Epoch [87] Testing Results: Prec@1 79.630 Prec@5 99.150 Loss 0.65848
Epoch [87] Testing Class Recall: [0.611,0.965,0.658,0.740,0.759,0.897,0.640,0.809,0.937,0.947]
Epoch [88] Training Results: Prec@1 91.040 Prec@5 99.778 Loss 0.25806
Epoch [88] Training Class Recall: [0.903,0.954,0.886,0.834,0.917,0.850,0.935,0.936,0.944,0.942]
Epoch [88] Testing Results: Prec@1 86.540 Prec@5 99.570 Loss 0.40794
Epoch [88] Testing Class Recall: [0.775,0.906,0.795,0.801,0.877,0.816,0.940,0.867,0.935,0.942]
Epoch [89] Training Results: Prec@1 91.016 Prec@5 99.771 Loss 0.26135
Epoch [89] Training Class Recall: [0.907,0.955,0.890,0.834,0.916,0.848,0.933,0.930,0.948,0.937]
Epoch [89] Testing Results: Prec@1 85.160 Prec@5 99.470 Loss 0.47350
Epoch [89] Testing Class Recall: [0.811,0.956,0.784,0.759,0.887,0.667,0.974,0.898,0.950,0.830]
Epoch [90] Training Results: Prec@1 91.160 Prec@5 99.800 Loss 0.25513
Epoch [90] Training Class Recall: [0.909,0.957,0.886,0.836,0.916,0.843,0.938,0.932,0.953,0.944]
Epoch [90] Testing Results: Prec@1 83.630 Prec@5 99.330 Loss 0.51541
Epoch [90] Testing Class Recall: [0.736,0.946,0.887,0.819,0.846,0.767,0.752,0.746,0.938,0.926]
Epoch [91] Training Results: Prec@1 90.918 Prec@5 99.784 Loss 0.25820
Epoch [91] Training Class Recall: [0.907,0.959,0.884,0.828,0.913,0.842,0.935,0.929,0.946,0.946]
Epoch [91] Testing Results: Prec@1 87.470 Prec@5 99.460 Loss 0.37994
Epoch [91] Testing Class Recall: [0.885,0.934,0.828,0.754,0.836,0.810,0.888,0.944,0.940,0.928]
Epoch [92] Training Results: Prec@1 90.936 Prec@5 99.787 Loss 0.26224
Epoch [92] Training Class Recall: [0.905,0.953,0.888,0.831,0.911,0.843,0.933,0.938,0.948,0.939]
Epoch [92] Testing Results: Prec@1 84.760 Prec@5 99.210 Loss 0.49976
Epoch [92] Testing Class Recall: [0.776,0.902,0.908,0.755,0.924,0.713,0.722,0.928,0.960,0.888]
Epoch [93] Training Results: Prec@1 90.891 Prec@5 99.813 Loss 0.26068
Epoch [93] Training Class Recall: [0.909,0.954,0.889,0.831,0.908,0.846,0.930,0.934,0.948,0.938]
Epoch [93] Testing Results: Prec@1 83.240 Prec@5 99.280 Loss 0.51923
Epoch [93] Testing Class Recall: [0.672,0.921,0.904,0.877,0.843,0.701,0.827,0.855,0.852,0.872]
Epoch [94] Training Results: Prec@1 91.100 Prec@5 99.791 Loss 0.25587
Epoch [94] Training Class Recall: [0.911,0.954,0.887,0.831,0.917,0.850,0.933,0.935,0.949,0.943]
Epoch [94] Testing Results: Prec@1 84.870 Prec@5 99.140 Loss 0.48722
Epoch [94] Testing Class Recall: [0.890,0.974,0.854,0.718,0.923,0.679,0.863,0.881,0.810,0.895]
Epoch [95] Training Results: Prec@1 91.004 Prec@5 99.816 Loss 0.25653
Epoch [95] Training Class Recall: [0.909,0.958,0.891,0.826,0.914,0.842,0.940,0.930,0.948,0.940]
Epoch [95] Testing Results: Prec@1 86.040 Prec@5 99.090 Loss 0.44337
Epoch [95] Testing Class Recall: [0.891,0.900,0.789,0.791,0.852,0.779,0.783,0.918,0.954,0.947]
Epoch [96] Training Results: Prec@1 91.069 Prec@5 99.818 Loss 0.25412
Epoch [96] Training Class Recall: [0.902,0.957,0.891,0.836,0.914,0.849,0.932,0.934,0.948,0.939]
Epoch [96] Testing Results: Prec@1 84.070 Prec@5 99.170 Loss 0.52108
Epoch [96] Testing Class Recall: [0.797,0.868,0.843,0.757,0.807,0.789,0.874,0.896,0.788,0.988]
Epoch [97] Training Results: Prec@1 90.916 Prec@5 99.804 Loss 0.26070
Epoch [97] Training Class Recall: [0.903,0.955,0.888,0.837,0.911,0.845,0.933,0.929,0.949,0.937]
Epoch [97] Testing Results: Prec@1 83.490 Prec@5 99.250 Loss 0.54423
Epoch [97] Testing Class Recall: [0.919,0.959,0.890,0.665,0.734,0.863,0.896,0.721,0.897,0.805]
Epoch [98] Training Results: Prec@1 91.273 Prec@5 99.818 Loss 0.25103
Epoch [98] Training Class Recall: [0.913,0.956,0.892,0.839,0.910,0.850,0.940,0.934,0.948,0.943]
Epoch [98] Testing Results: Prec@1 84.160 Prec@5 99.150 Loss 0.51063
Epoch [98] Testing Class Recall: [0.799,0.982,0.864,0.739,0.806,0.717,0.959,0.889,0.847,0.814]
Epoch [99] Training Results: Prec@1 91.069 Prec@5 99.833 Loss 0.25799
Epoch [99] Training Class Recall: [0.915,0.955,0.886,0.832,0.913,0.847,0.939,0.931,0.946,0.941]
Epoch [99] Testing Results: Prec@1 82.340 Prec@5 98.790 Loss 0.56987
Epoch [99] Testing Class Recall: [0.779,0.962,0.810,0.477,0.840,0.677,0.932,0.922,0.937,0.898]
Epoch [100] Training Results: Prec@1 91.102 Prec@5 99.824 Loss 0.25774
Epoch [100] Training Class Recall: [0.910,0.956,0.887,0.837,0.911,0.847,0.934,0.933,0.946,0.945]
Epoch [100] Testing Results: Prec@1 84.130 Prec@5 99.290 Loss 0.49870
Epoch [100] Testing Class Recall: [0.940,0.943,0.745,0.636,0.943,0.786,0.903,0.724,0.900,0.893]
Epoch [101] Training Results: Prec@1 91.356 Prec@5 99.791 Loss 0.24988
Epoch [101] Training Class Recall: [0.914,0.955,0.890,0.839,0.919,0.850,0.939,0.936,0.947,0.943]
Epoch [101] Testing Results: Prec@1 84.800 Prec@5 98.950 Loss 0.48759
Epoch [101] Testing Class Recall: [0.784,0.940,0.775,0.715,0.940,0.847,0.835,0.902,0.898,0.844]
Epoch [102] Training Results: Prec@1 90.998 Prec@5 99.816 Loss 0.25570
Epoch [102] Training Class Recall: [0.908,0.958,0.889,0.831,0.917,0.839,0.935,0.935,0.943,0.942]
Epoch [102] Testing Results: Prec@1 84.970 Prec@5 99.250 Loss 0.50091
Epoch [102] Testing Class Recall: [0.812,0.959,0.813,0.890,0.816,0.784,0.907,0.724,0.878,0.914]
Epoch [103] Training Results: Prec@1 91.202 Prec@5 99.807 Loss 0.25289
Epoch [103] Training Class Recall: [0.914,0.954,0.890,0.836,0.912,0.855,0.939,0.936,0.946,0.936]
Epoch [103] Testing Results: Prec@1 85.980 Prec@5 99.270 Loss 0.42272
Epoch [103] Testing Class Recall: [0.823,0.982,0.888,0.849,0.793,0.763,0.788,0.884,0.921,0.907]
Epoch [104] Training Results: Prec@1 91.098 Prec@5 99.818 Loss 0.25669
Epoch [104] Training Class Recall: [0.909,0.956,0.893,0.838,0.917,0.845,0.931,0.931,0.945,0.942]
Epoch [104] Testing Results: Prec@1 85.840 Prec@5 99.450 Loss 0.43359
Epoch [104] Testing Class Recall: [0.779,0.933,0.909,0.852,0.864,0.773,0.813,0.834,0.897,0.930]
Epoch [105] Training Results: Prec@1 91.162 Prec@5 99.798 Loss 0.25213
Epoch [105] Training Class Recall: [0.914,0.956,0.889,0.833,0.916,0.848,0.935,0.931,0.949,0.942]
Epoch [105] Testing Results: Prec@1 80.820 Prec@5 99.360 Loss 0.62125
Epoch [105] Testing Class Recall: [0.788,0.964,0.786,0.777,0.959,0.517,0.909,0.665,0.895,0.822]
Epoch [106] Training Results: Prec@1 91.380 Prec@5 99.811 Loss 0.24862
Epoch [106] Training Class Recall: [0.913,0.955,0.897,0.841,0.923,0.845,0.937,0.934,0.947,0.942]
Epoch [106] Testing Results: Prec@1 84.120 Prec@5 99.340 Loss 0.48958
Epoch [106] Testing Class Recall: [0.750,0.973,0.821,0.746,0.806,0.805,0.964,0.871,0.950,0.726]
Epoch [107] Training Results: Prec@1 91.291 Prec@5 99.853 Loss 0.25076
Epoch [107] Training Class Recall: [0.907,0.958,0.894,0.833,0.918,0.852,0.936,0.937,0.946,0.944]
Epoch [107] Testing Results: Prec@1 85.510 Prec@5 99.200 Loss 0.46032
Epoch [107] Testing Class Recall: [0.832,0.959,0.796,0.822,0.786,0.771,0.821,0.921,0.923,0.920]
Epoch [108] Training Results: Prec@1 91.204 Prec@5 99.793 Loss 0.25247
Epoch [108] Training Class Recall: [0.911,0.955,0.892,0.833,0.916,0.850,0.943,0.931,0.945,0.942]
Epoch [108] Testing Results: Prec@1 84.310 Prec@5 99.240 Loss 0.49389
Epoch [108] Testing Class Recall: [0.875,0.947,0.799,0.822,0.880,0.568,0.914,0.898,0.943,0.785]
Epoch [109] Training Results: Prec@1 91.400 Prec@5 99.824 Loss 0.24897
Epoch [109] Training Class Recall: [0.912,0.955,0.890,0.843,0.919,0.855,0.937,0.933,0.947,0.945]
Epoch [109] Testing Results: Prec@1 83.370 Prec@5 99.040 Loss 0.55891
Epoch [109] Testing Class Recall: [0.862,0.909,0.842,0.360,0.908,0.905,0.806,0.925,0.968,0.852]
Epoch [110] Training Results: Prec@1 91.358 Prec@5 99.824 Loss 0.24614
Epoch [110] Training Class Recall: [0.912,0.960,0.893,0.833,0.917,0.848,0.934,0.934,0.953,0.948]
Epoch [110] Testing Results: Prec@1 83.050 Prec@5 99.330 Loss 0.53633
Epoch [110] Testing Class Recall: [0.908,0.839,0.856,0.836,0.791,0.733,0.812,0.771,0.781,0.978]
Epoch [111] Training Results: Prec@1 91.411 Prec@5 99.836 Loss 0.24732
Epoch [111] Training Class Recall: [0.912,0.956,0.895,0.841,0.914,0.853,0.939,0.938,0.953,0.937]
Epoch [111] Testing Results: Prec@1 82.450 Prec@5 99.270 Loss 0.58548
Epoch [111] Testing Class Recall: [0.853,0.946,0.822,0.630,0.772,0.927,0.808,0.844,0.953,0.690]
Epoch [112] Training Results: Prec@1 91.093 Prec@5 99.820 Loss 0.25576
Epoch [112] Training Class Recall: [0.908,0.958,0.893,0.834,0.916,0.846,0.935,0.929,0.947,0.939]
Epoch [112] Testing Results: Prec@1 82.580 Prec@5 99.220 Loss 0.57312
Epoch [112] Testing Class Recall: [0.854,0.888,0.838,0.859,0.820,0.694,0.913,0.792,0.764,0.836]
Epoch [113] Training Results: Prec@1 91.596 Prec@5 99.869 Loss 0.24236
Epoch [113] Training Class Recall: [0.909,0.957,0.895,0.846,0.921,0.857,0.942,0.936,0.951,0.941]
Epoch [113] Testing Results: Prec@1 84.440 Prec@5 99.110 Loss 0.54604
Epoch [113] Testing Class Recall: [0.929,0.842,0.659,0.629,0.942,0.828,0.953,0.915,0.881,0.866]
Epoch [114] Training Results: Prec@1 91.222 Prec@5 99.824 Loss 0.25274
Epoch [114] Training Class Recall: [0.907,0.958,0.893,0.841,0.921,0.848,0.935,0.931,0.942,0.941]
Epoch [114] Testing Results: Prec@1 88.360 Prec@5 99.510 Loss 0.36303
Epoch [114] Testing Class Recall: [0.885,0.910,0.832,0.797,0.898,0.841,0.925,0.848,0.948,0.952]
Epoch [115] Training Results: Prec@1 91.453 Prec@5 99.793 Loss 0.24819
Epoch [115] Training Class Recall: [0.912,0.960,0.897,0.843,0.915,0.851,0.940,0.935,0.947,0.941]
Epoch [115] Testing Results: Prec@1 83.810 Prec@5 98.960 Loss 0.52176
Epoch [115] Testing Class Recall: [0.939,0.937,0.801,0.765,0.935,0.698,0.936,0.610,0.844,0.916]
Epoch [116] Training Results: Prec@1 91.280 Prec@5 99.851 Loss 0.25055
Epoch [116] Training Class Recall: [0.909,0.958,0.891,0.831,0.922,0.852,0.936,0.930,0.953,0.941]
Epoch [116] Testing Results: Prec@1 83.870 Prec@5 98.880 Loss 0.54519
Epoch [116] Testing Class Recall: [0.792,0.963,0.794,0.698,0.572,0.821,0.937,0.930,0.959,0.921]
Epoch [117] Training Results: Prec@1 91.189 Prec@5 99.827 Loss 0.25097
Epoch [117] Training Class Recall: [0.910,0.955,0.889,0.837,0.914,0.849,0.937,0.936,0.945,0.942]
Epoch [117] Testing Results: Prec@1 85.050 Prec@5 99.160 Loss 0.47911
Epoch [117] Testing Class Recall: [0.694,0.875,0.665,0.838,0.859,0.813,0.919,0.930,0.964,0.948]
Epoch [118] Training Results: Prec@1 91.671 Prec@5 99.789 Loss 0.24204
Epoch [118] Training Class Recall: [0.916,0.961,0.896,0.849,0.922,0.856,0.936,0.937,0.949,0.942]
Epoch [118] Testing Results: Prec@1 84.780 Prec@5 99.030 Loss 0.49622
Epoch [118] Testing Class Recall: [0.944,0.951,0.787,0.722,0.842,0.636,0.927,0.885,0.908,0.876]
Epoch [119] Training Results: Prec@1 91.309 Prec@5 99.787 Loss 0.25152
Epoch [119] Training Class Recall: [0.913,0.953,0.895,0.839,0.924,0.849,0.938,0.931,0.946,0.941]
Epoch [119] Testing Results: Prec@1 86.520 Prec@5 99.410 Loss 0.40686
Epoch [119] Testing Class Recall: [0.899,0.972,0.788,0.813,0.828,0.767,0.897,0.853,0.895,0.940]
Epoch [120] Training Results: Prec@1 91.407 Prec@5 99.818 Loss 0.24679
Epoch [120] Training Class Recall: [0.911,0.956,0.895,0.841,0.922,0.855,0.936,0.933,0.947,0.943]
Epoch [120] Testing Results: Prec@1 85.460 Prec@5 99.240 Loss 0.49396
Epoch [120] Testing Class Recall: [0.931,0.893,0.713,0.678,0.908,0.785,0.908,0.877,0.908,0.945]
Epoch [121] Training Results: Prec@1 91.360 Prec@5 99.829 Loss 0.24676
Epoch [121] Training Class Recall: [0.914,0.961,0.894,0.830,0.920,0.843,0.939,0.934,0.952,0.946]
Epoch [121] Testing Results: Prec@1 85.900 Prec@5 99.310 Loss 0.47747
Epoch [121] Testing Class Recall: [0.920,0.944,0.817,0.719,0.909,0.791,0.814,0.882,0.927,0.867]
Epoch [122] Training Results: Prec@1 91.291 Prec@5 99.798 Loss 0.24884
Epoch [122] Training Class Recall: [0.906,0.961,0.890,0.842,0.920,0.846,0.938,0.931,0.947,0.944]
Epoch [122] Testing Results: Prec@1 83.820 Prec@5 99.410 Loss 0.49498
Epoch [122] Testing Class Recall: [0.843,0.751,0.706,0.834,0.906,0.799,0.825,0.809,0.948,0.961]
Epoch [123] Training Results: Prec@1 91.609 Prec@5 99.811 Loss 0.24619
Epoch [123] Training Class Recall: [0.913,0.957,0.902,0.842,0.921,0.855,0.943,0.938,0.941,0.946]
Epoch [123] Testing Results: Prec@1 81.390 Prec@5 99.210 Loss 0.62857
Epoch [123] Testing Class Recall: [0.609,0.606,0.778,0.695,0.916,0.869,0.852,0.878,0.956,0.980]
Epoch [124] Training Results: Prec@1 91.264 Prec@5 99.831 Loss 0.25029
Epoch [124] Training Class Recall: [0.909,0.957,0.895,0.838,0.917,0.850,0.934,0.932,0.949,0.942]
Epoch [124] Testing Results: Prec@1 86.670 Prec@5 99.530 Loss 0.42324
Epoch [124] Testing Class Recall: [0.843,0.916,0.806,0.718,0.851,0.792,0.967,0.886,0.967,0.921]
Epoch [125] Training Results: Prec@1 91.353 Prec@5 99.813 Loss 0.24859
Epoch [125] Training Class Recall: [0.907,0.954,0.890,0.843,0.916,0.853,0.940,0.935,0.952,0.943]
Epoch [125] Testing Results: Prec@1 84.870 Prec@5 99.190 Loss 0.47254
Epoch [125] Testing Class Recall: [0.821,0.971,0.847,0.537,0.938,0.842,0.848,0.849,0.935,0.899]
Epoch [126] Training Results: Prec@1 91.511 Prec@5 99.838 Loss 0.24318
Epoch [126] Training Class Recall: [0.911,0.956,0.897,0.839,0.924,0.853,0.941,0.940,0.944,0.943]
Epoch [126] Testing Results: Prec@1 80.950 Prec@5 98.250 Loss 0.68553
Epoch [126] Testing Class Recall: [0.769,0.859,0.612,0.530,0.882,0.670,0.927,0.917,0.967,0.962]
Epoch [127] Training Results: Prec@1 91.362 Prec@5 99.813 Loss 0.24573
Epoch [127] Training Class Recall: [0.907,0.959,0.894,0.840,0.920,0.851,0.939,0.933,0.946,0.943]
Epoch [127] Testing Results: Prec@1 87.340 Prec@5 99.450 Loss 0.39485
Epoch [127] Testing Class Recall: [0.852,0.910,0.840,0.767,0.918,0.843,0.956,0.886,0.882,0.880]
Epoch [128] Training Results: Prec@1 91.469 Prec@5 99.800 Loss 0.24487
Epoch [128] Training Class Recall: [0.909,0.961,0.890,0.834,0.924,0.852,0.942,0.936,0.949,0.946]
Epoch [128] Testing Results: Prec@1 85.020 Prec@5 99.290 Loss 0.47402
Epoch [128] Testing Class Recall: [0.778,0.949,0.835,0.631,0.836,0.792,0.963,0.898,0.972,0.848]
Epoch [129] Training Results: Prec@1 91.498 Prec@5 99.796 Loss 0.24536
Epoch [129] Training Class Recall: [0.912,0.961,0.886,0.845,0.916,0.857,0.941,0.933,0.952,0.944]
Epoch [129] Testing Results: Prec@1 85.090 Prec@5 99.330 Loss 0.45051
Epoch [129] Testing Class Recall: [0.890,0.951,0.895,0.634,0.784,0.826,0.917,0.819,0.906,0.887]
Epoch [130] Training Results: Prec@1 91.509 Prec@5 99.838 Loss 0.24269
Epoch [130] Training Class Recall: [0.914,0.962,0.896,0.836,0.918,0.854,0.937,0.929,0.954,0.949]
Epoch [130] Testing Results: Prec@1 82.310 Prec@5 99.120 Loss 0.55057
Epoch [130] Testing Class Recall: [0.821,0.922,0.913,0.737,0.914,0.772,0.537,0.807,0.944,0.864]
Epoch [131] Training Results: Prec@1 91.580 Prec@5 99.802 Loss 0.24403
Epoch [131] Training Class Recall: [0.910,0.955,0.889,0.854,0.922,0.854,0.942,0.935,0.952,0.944]
Epoch [131] Testing Results: Prec@1 84.500 Prec@5 99.420 Loss 0.50399
Epoch [131] Testing Class Recall: [0.758,0.920,0.840,0.797,0.819,0.807,0.785,0.892,0.858,0.974]
Epoch [132] Training Results: Prec@1 91.336 Prec@5 99.827 Loss 0.24742
Epoch [132] Training Class Recall: [0.911,0.959,0.900,0.834,0.916,0.849,0.936,0.932,0.950,0.945]
Epoch [132] Testing Results: Prec@1 83.890 Prec@5 99.200 Loss 0.55986
Epoch [132] Testing Class Recall: [0.798,0.934,0.863,0.544,0.860,0.911,0.934,0.866,0.881,0.798]
Epoch [133] Training Results: Prec@1 91.418 Prec@5 99.809 Loss 0.24864
Epoch [133] Training Class Recall: [0.913,0.960,0.894,0.835,0.917,0.849,0.938,0.937,0.947,0.947]
Epoch [133] Testing Results: Prec@1 85.670 Prec@5 99.340 Loss 0.45052
Epoch [133] Testing Class Recall: [0.833,0.920,0.704,0.748,0.816,0.896,0.825,0.945,0.922,0.958]
Epoch [134] Training Results: Prec@1 91.873 Prec@5 99.824 Loss 0.23895
Epoch [134] Training Class Recall: [0.922,0.960,0.899,0.850,0.921,0.862,0.945,0.936,0.948,0.942]
Epoch [134] Testing Results: Prec@1 85.530 Prec@5 99.500 Loss 0.46927
Epoch [134] Testing Class Recall: [0.790,0.957,0.796,0.755,0.773,0.902,0.876,0.856,0.961,0.887]
Epoch [135] Training Results: Prec@1 91.376 Prec@5 99.793 Loss 0.24668
Epoch [135] Training Class Recall: [0.909,0.955,0.889,0.838,0.926,0.852,0.933,0.937,0.949,0.946]
Epoch [135] Testing Results: Prec@1 86.170 Prec@5 99.400 Loss 0.45917
Epoch [135] Testing Class Recall: [0.778,0.955,0.777,0.827,0.918,0.747,0.941,0.833,0.979,0.862]
Epoch [136] Training Results: Prec@1 91.733 Prec@5 99.816 Loss 0.23836
Epoch [136] Training Class Recall: [0.916,0.961,0.892,0.849,0.923,0.854,0.943,0.935,0.955,0.943]
Epoch [136] Testing Results: Prec@1 87.020 Prec@5 99.540 Loss 0.41124
Epoch [136] Testing Class Recall: [0.862,0.877,0.851,0.636,0.905,0.859,0.939,0.884,0.940,0.949]
Epoch [137] Training Results: Prec@1 91.436 Prec@5 99.864 Loss 0.24365
Epoch [137] Training Class Recall: [0.916,0.956,0.897,0.837,0.916,0.855,0.936,0.934,0.950,0.945]
Epoch [137] Testing Results: Prec@1 84.530 Prec@5 99.360 Loss 0.47024
Epoch [137] Testing Class Recall: [0.868,0.945,0.805,0.873,0.916,0.593,0.712,0.899,0.932,0.910]
Epoch [138] Training Results: Prec@1 91.544 Prec@5 99.798 Loss 0.24277
Epoch [138] Training Class Recall: [0.912,0.958,0.902,0.841,0.921,0.855,0.938,0.938,0.945,0.942]
Epoch [138] Testing Results: Prec@1 83.470 Prec@5 99.160 Loss 0.51618
Epoch [138] Testing Class Recall: [0.906,0.869,0.865,0.838,0.714,0.659,0.899,0.862,0.823,0.912]
Epoch [139] Training Results: Prec@1 91.589 Prec@5 99.816 Loss 0.24139
Epoch [139] Training Class Recall: [0.908,0.957,0.898,0.840,0.923,0.859,0.941,0.938,0.952,0.939]
Epoch [139] Testing Results: Prec@1 86.360 Prec@5 99.470 Loss 0.43586
Epoch [139] Testing Class Recall: [0.866,0.913,0.755,0.753,0.843,0.772,0.970,0.957,0.906,0.901]
Epoch [140] Training Results: Prec@1 91.380 Prec@5 99.807 Loss 0.24820
Epoch [140] Training Class Recall: [0.909,0.956,0.897,0.833,0.916,0.853,0.937,0.936,0.949,0.946]
Epoch [140] Testing Results: Prec@1 83.920 Prec@5 99.300 Loss 0.51629
Epoch [140] Testing Class Recall: [0.878,0.962,0.888,0.746,0.901,0.616,0.933,0.875,0.758,0.835]
Epoch [141] Training Results: Prec@1 91.698 Prec@5 99.824 Loss 0.23856
Epoch [141] Training Class Recall: [0.908,0.959,0.900,0.843,0.923,0.861,0.939,0.935,0.952,0.944]
Epoch [141] Testing Results: Prec@1 84.530 Prec@5 99.420 Loss 0.51342
Epoch [141] Testing Class Recall: [0.865,0.965,0.893,0.582,0.798,0.909,0.822,0.856,0.886,0.877]
Epoch [142] Training Results: Prec@1 91.598 Prec@5 99.833 Loss 0.24129
Epoch [142] Training Class Recall: [0.919,0.957,0.893,0.853,0.920,0.855,0.937,0.932,0.954,0.937]
Epoch [142] Testing Results: Prec@1 86.530 Prec@5 99.350 Loss 0.43519
Epoch [142] Testing Class Recall: [0.889,0.958,0.760,0.608,0.950,0.862,0.923,0.889,0.911,0.903]
Epoch [143] Training Results: Prec@1 91.567 Prec@5 99.849 Loss 0.24346
Epoch [143] Training Class Recall: [0.912,0.959,0.892,0.846,0.921,0.857,0.943,0.933,0.947,0.943]
Epoch [143] Testing Results: Prec@1 85.200 Prec@5 99.270 Loss 0.47597
Epoch [143] Testing Class Recall: [0.948,0.973,0.806,0.551,0.831,0.904,0.872,0.888,0.879,0.868]
Epoch [144] Training Results: Prec@1 91.484 Prec@5 99.816 Loss 0.24022
Epoch [144] Training Class Recall: [0.917,0.959,0.892,0.839,0.918,0.853,0.939,0.936,0.949,0.943]
Epoch [144] Testing Results: Prec@1 83.770 Prec@5 99.110 Loss 0.52411
Epoch [144] Testing Class Recall: [0.820,0.749,0.789,0.505,0.934,0.827,0.914,0.930,0.974,0.935]
Epoch [145] Training Results: Prec@1 91.627 Prec@5 99.829 Loss 0.24122
Epoch [145] Training Class Recall: [0.911,0.961,0.899,0.848,0.918,0.855,0.936,0.938,0.948,0.943]
Epoch [145] Testing Results: Prec@1 83.880 Prec@5 99.390 Loss 0.51725
Epoch [145] Testing Class Recall: [0.870,0.898,0.684,0.728,0.836,0.811,0.970,0.885,0.965,0.741]
Epoch [146] Training Results: Prec@1 91.571 Prec@5 99.838 Loss 0.24069
Epoch [146] Training Class Recall: [0.914,0.960,0.889,0.846,0.921,0.855,0.940,0.938,0.949,0.942]
Epoch [146] Testing Results: Prec@1 87.360 Prec@5 99.350 Loss 0.41326
Epoch [146] Testing Class Recall: [0.913,0.980,0.848,0.684,0.883,0.856,0.879,0.904,0.889,0.900]
Epoch [147] Training Results: Prec@1 91.802 Prec@5 99.844 Loss 0.23791
Epoch [147] Training Class Recall: [0.920,0.961,0.895,0.848,0.921,0.861,0.939,0.939,0.951,0.944]
Epoch [147] Testing Results: Prec@1 85.360 Prec@5 99.270 Loss 0.49222
Epoch [147] Testing Class Recall: [0.950,0.888,0.883,0.696,0.904,0.770,0.802,0.910,0.827,0.906]
Epoch [148] Training Results: Prec@1 91.500 Prec@5 99.833 Loss 0.24264
Epoch [148] Training Class Recall: [0.915,0.952,0.899,0.846,0.912,0.852,0.939,0.938,0.952,0.941]
Epoch [148] Testing Results: Prec@1 85.670 Prec@5 99.420 Loss 0.45459
Epoch [148] Testing Class Recall: [0.785,0.921,0.882,0.765,0.747,0.808,0.932,0.852,0.906,0.969]
Epoch [149] Training Results: Prec@1 91.640 Prec@5 99.818 Loss 0.24286
Epoch [149] Training Class Recall: [0.916,0.958,0.897,0.844,0.917,0.860,0.941,0.936,0.946,0.946]
Epoch [149] Testing Results: Prec@1 82.430 Prec@5 98.830 Loss 0.58984
Epoch [149] Testing Class Recall: [0.738,0.827,0.607,0.687,0.822,0.907,0.797,0.925,0.961,0.972]
Epoch [150] Training Results: Prec@1 91.489 Prec@5 99.836 Loss 0.24303
Epoch [150] Training Class Recall: [0.910,0.961,0.892,0.846,0.915,0.857,0.943,0.933,0.947,0.942]
Epoch [150] Testing Results: Prec@1 85.690 Prec@5 99.140 Loss 0.45418
Epoch [150] Testing Class Recall: [0.890,0.985,0.776,0.692,0.914,0.793,0.856,0.903,0.914,0.846]
Epoch [151] Training Results: Prec@1 91.684 Prec@5 99.827 Loss 0.23654
Epoch [151] Training Class Recall: [0.915,0.959,0.901,0.842,0.925,0.854,0.940,0.939,0.947,0.943]
Epoch [151] Testing Results: Prec@1 81.070 Prec@5 99.380 Loss 0.59708
Epoch [151] Testing Class Recall: [0.878,0.900,0.859,0.843,0.678,0.413,0.883,0.880,0.887,0.886]
Epoch [152] Training Results: Prec@1 91.751 Prec@5 99.833 Loss 0.23287
Epoch [152] Training Class Recall: [0.913,0.959,0.900,0.848,0.918,0.857,0.940,0.941,0.952,0.944]
Epoch [152] Testing Results: Prec@1 82.690 Prec@5 99.470 Loss 0.55940
Epoch [152] Testing Class Recall: [0.869,0.914,0.892,0.637,0.667,0.913,0.897,0.691,0.860,0.929]
Epoch [153] Training Results: Prec@1 91.404 Prec@5 99.811 Loss 0.24501
Epoch [153] Training Class Recall: [0.909,0.957,0.895,0.842,0.919,0.852,0.935,0.936,0.949,0.942]
Epoch [153] Testing Results: Prec@1 82.920 Prec@5 99.190 Loss 0.57174
Epoch [153] Testing Class Recall: [0.805,0.877,0.713,0.601,0.853,0.900,0.861,0.873,0.826,0.983]
Epoch [154] Training Results: Prec@1 91.627 Prec@5 99.840 Loss 0.23799
Epoch [154] Training Class Recall: [0.915,0.956,0.897,0.841,0.918,0.855,0.941,0.941,0.949,0.946]
Epoch [154] Testing Results: Prec@1 86.100 Prec@5 99.380 Loss 0.43975
Epoch [154] Testing Class Recall: [0.817,0.935,0.891,0.680,0.886,0.690,0.912,0.939,0.918,0.942]
Epoch [155] Training Results: Prec@1 91.616 Prec@5 99.813 Loss 0.23912
Epoch [155] Training Class Recall: [0.909,0.963,0.899,0.843,0.917,0.860,0.938,0.938,0.946,0.944]
Epoch [155] Testing Results: Prec@1 85.150 Prec@5 99.450 Loss 0.48308
Epoch [155] Testing Class Recall: [0.788,0.938,0.815,0.824,0.782,0.798,0.874,0.953,0.892,0.851]
Epoch [156] Training Results: Prec@1 91.749 Prec@5 99.856 Loss 0.23563
Epoch [156] Training Class Recall: [0.908,0.961,0.894,0.846,0.923,0.867,0.939,0.942,0.949,0.943]
Epoch [156] Testing Results: Prec@1 83.310 Prec@5 99.240 Loss 0.55562
Epoch [156] Testing Class Recall: [0.791,0.890,0.945,0.616,0.899,0.740,0.690,0.938,0.949,0.873]
Epoch [157] Training Results: Prec@1 91.878 Prec@5 99.856 Loss 0.23466
Epoch [157] Training Class Recall: [0.914,0.959,0.899,0.847,0.920,0.873,0.940,0.936,0.951,0.945]
Epoch [157] Testing Results: Prec@1 82.470 Prec@5 98.720 Loss 0.59710
Epoch [157] Testing Class Recall: [0.801,0.931,0.749,0.833,0.755,0.835,0.684,0.883,0.807,0.969]
Epoch [158] Training Results: Prec@1 91.684 Prec@5 99.851 Loss 0.23715
Epoch [158] Training Class Recall: [0.911,0.960,0.896,0.850,0.921,0.856,0.941,0.934,0.947,0.948]
Epoch [158] Testing Results: Prec@1 83.280 Prec@5 98.770 Loss 0.57636
Epoch [158] Testing Class Recall: [0.813,0.936,0.706,0.587,0.806,0.872,0.756,0.931,0.961,0.960]
Epoch [159] Training Results: Prec@1 91.587 Prec@5 99.862 Loss 0.24191
Epoch [159] Training Class Recall: [0.911,0.956,0.892,0.851,0.922,0.859,0.937,0.935,0.948,0.943]
Epoch [159] Testing Results: Prec@1 80.240 Prec@5 98.650 Loss 0.71081
Epoch [159] Testing Class Recall: [0.619,0.824,0.680,0.717,0.858,0.811,0.829,0.931,0.767,0.988]
Epoch [160] Training Results: Prec@1 93.860 Prec@5 99.882 Loss 0.18037
Epoch [160] Training Class Recall: [0.925,0.967,0.930,0.883,0.943,0.876,0.959,0.952,0.972,0.974]
Epoch [160] Testing Results: Prec@1 90.600 Prec@5 99.720 Loss 0.28952
Epoch [160] Testing Class Recall: [0.892,0.963,0.879,0.821,0.918,0.835,0.929,0.931,0.942,0.950]
Epoch [161] Training Results: Prec@1 95.109 Prec@5 99.927 Loss 0.14941
Epoch [161] Training Class Recall: [0.953,0.976,0.941,0.899,0.957,0.900,0.969,0.969,0.976,0.970]
Epoch [161] Testing Results: Prec@1 91.110 Prec@5 99.770 Loss 0.27135
Epoch [161] Testing Class Recall: [0.903,0.966,0.888,0.810,0.922,0.865,0.935,0.931,0.944,0.947]
Epoch [162] Training Results: Prec@1 95.518 Prec@5 99.929 Loss 0.13490
Epoch [162] Training Class Recall: [0.959,0.977,0.944,0.908,0.963,0.913,0.972,0.964,0.977,0.972]
Epoch [162] Testing Results: Prec@1 91.550 Prec@5 99.760 Loss 0.26222
Epoch [162] Testing Class Recall: [0.905,0.970,0.887,0.820,0.929,0.871,0.940,0.939,0.945,0.949]
Epoch [163] Training Results: Prec@1 95.918 Prec@5 99.951 Loss 0.12693
Epoch [163] Training Class Recall: [0.962,0.980,0.947,0.918,0.968,0.918,0.973,0.973,0.979,0.973]
Epoch [163] Testing Results: Prec@1 91.680 Prec@5 99.770 Loss 0.25784
Epoch [163] Testing Class Recall: [0.900,0.973,0.890,0.830,0.934,0.872,0.935,0.937,0.951,0.946]
Epoch [164] Training Results: Prec@1 95.980 Prec@5 99.940 Loss 0.12085
Epoch [164] Training Class Recall: [0.964,0.980,0.949,0.922,0.965,0.919,0.976,0.971,0.979,0.972]
Epoch [164] Testing Results: Prec@1 91.880 Prec@5 99.770 Loss 0.25344
Epoch [164] Testing Class Recall: [0.917,0.972,0.894,0.833,0.938,0.872,0.941,0.928,0.946,0.947]
Epoch [165] Training Results: Prec@1 96.300 Prec@5 99.938 Loss 0.11536
Epoch [165] Training Class Recall: [0.965,0.981,0.954,0.925,0.967,0.924,0.978,0.975,0.982,0.976]
Epoch [165] Testing Results: Prec@1 91.860 Prec@5 99.760 Loss 0.25038
Epoch [165] Testing Class Recall: [0.908,0.970,0.888,0.831,0.931,0.874,0.947,0.940,0.944,0.953]
Epoch [166] Training Results: Prec@1 96.378 Prec@5 99.953 Loss 0.11177
Epoch [166] Training Class Recall: [0.968,0.980,0.955,0.927,0.966,0.930,0.978,0.972,0.985,0.977]
Epoch [166] Testing Results: Prec@1 91.860 Prec@5 99.730 Loss 0.24959
Epoch [166] Testing Class Recall: [0.898,0.971,0.895,0.828,0.938,0.879,0.941,0.941,0.947,0.948]
Epoch [167] Training Results: Prec@1 96.391 Prec@5 99.969 Loss 0.10880
Epoch [167] Training Class Recall: [0.967,0.983,0.955,0.922,0.968,0.929,0.979,0.974,0.982,0.979]
Epoch [167] Testing Results: Prec@1 91.910 Prec@5 99.770 Loss 0.24589
Epoch [167] Testing Class Recall: [0.908,0.969,0.896,0.827,0.936,0.871,0.949,0.938,0.951,0.946]
