Log file: cifar10_lava0.7_selection_randomoversampling_exp0.01_seed42_20260503_065847.log
Run started: 2026-05-03 06:58:47.340201
Dataset: cifar10
Imbalance type: exp, factor: 0.01
Selection method: lava, ratio: 0.7
Strategy: Selection_RandomOversampling, epochs: 200
Seed: 42, rand_number: 0
Augmentation: weak
Noise ratio: 0.5
============================================================

=> Preparing logger and tensorboard writer !
----------------------------------------------------
Class ID   | Original   | Selected   | Keep %  
----------------------------------------------------
0          | 2931       | 2364       |    80.7%
1          | 2006       | 1235       |    61.6%
2          | 1462       | 1206       |    82.5%
3          | 1178       | 922        |    78.3%
4          | 997        | 694        |    69.6%
5          | 890        | 570        |    64.0%
6          | 794        | 459        |    57.8%
7          | 782        | 485        |    62.0%
8          | 714        | 386        |    54.1%
9          | 652        | 363        |    55.7%
----------------------------------------------------
TOTAL      | 12406      | 8684       |    70.0%
----------------------------------------------------
Epoch [0] Training Results: Prec@1 17.927 Prec@5 61.137             Loss 2.25311
Epoch [0] Training Class Recall: [0.414,0.538,0.146,0.170,0.155,0.092,0.087,0.092,0.046,0.051]
Epoch [0] Testing Results: Prec@1 29.570 Prec@5 81.070             Loss 1.96787
Epoch [0] Testing Class Recall: [0.483,0.835,0.202,0.004,0.626,0.025,0.216,0.280,0.061,0.225]
Epoch [1] Training Results: Prec@1 21.052 Prec@5 65.445             Loss 2.17440
Epoch [1] Training Class Recall: [0.495,0.656,0.190,0.252,0.153,0.061,0.114,0.071,0.051,0.061]
Epoch [1] Testing Results: Prec@1 30.930 Prec@5 79.290             Loss 1.91999
Epoch [1] Testing Class Recall: [0.852,0.707,0.128,0.142,0.488,0.000,0.207,0.391,0.000,0.178]
Epoch [2] Training Results: Prec@1 23.528 Prec@5 68.467             Loss 2.12015
Epoch [2] Training Class Recall: [0.538,0.706,0.188,0.316,0.177,0.070,0.102,0.134,0.059,0.063]
Epoch [2] Testing Results: Prec@1 31.260 Prec@5 82.730             Loss 1.96436
Epoch [2] Testing Class Recall: [0.560,0.893,0.186,0.490,0.495,0.003,0.162,0.143,0.015,0.179]
Epoch [3] Training Results: Prec@1 25.775 Prec@5 70.923             Loss 2.07821
Epoch [3] Training Class Recall: [0.556,0.716,0.234,0.308,0.197,0.086,0.181,0.122,0.089,0.088]
Epoch [3] Testing Results: Prec@1 34.230 Prec@5 86.530             Loss 1.81830
Epoch [3] Testing Class Recall: [0.775,0.808,0.554,0.508,0.087,0.055,0.380,0.069,0.160,0.027]
Epoch [4] Training Results: Prec@1 28.040 Prec@5 73.400             Loss 2.03495
Epoch [4] Training Class Recall: [0.553,0.726,0.275,0.299,0.203,0.151,0.205,0.135,0.115,0.142]
Epoch [4] Testing Results: Prec@1 33.340 Prec@5 82.670             Loss 1.89527
Epoch [4] Testing Class Recall: [0.812,0.423,0.228,0.199,0.418,0.760,0.264,0.115,0.056,0.059]
Epoch [5] Training Results: Prec@1 30.977 Prec@5 76.442             Loss 1.97512
Epoch [5] Training Class Recall: [0.529,0.731,0.288,0.285,0.224,0.224,0.246,0.180,0.168,0.223]
Epoch [5] Testing Results: Prec@1 38.010 Prec@5 81.490             Loss 1.80133
Epoch [5] Testing Class Recall: [0.440,0.669,0.492,0.078,0.471,0.167,0.416,0.321,0.208,0.539]
Epoch [6] Training Results: Prec@1 33.450 Prec@5 78.860             Loss 1.91768
Epoch [6] Training Class Recall: [0.538,0.725,0.295,0.289,0.254,0.230,0.290,0.202,0.240,0.283]
Epoch [6] Testing Results: Prec@1 38.220 Prec@5 82.140             Loss 1.84457
Epoch [6] Testing Class Recall: [0.475,0.733,0.156,0.167,0.568,0.319,0.235,0.662,0.349,0.158]
Epoch [7] Training Results: Prec@1 36.355 Prec@5 81.075             Loss 1.84498
Epoch [7] Training Class Recall: [0.508,0.714,0.286,0.292,0.276,0.257,0.342,0.228,0.344,0.389]
Epoch [7] Testing Results: Prec@1 35.820 Prec@5 79.820             Loss 1.99580
Epoch [7] Testing Class Recall: [0.549,0.783,0.344,0.139,0.181,0.317,0.768,0.158,0.156,0.187]
Epoch [8] Training Results: Prec@1 39.935 Prec@5 83.588             Loss 1.75927
Epoch [8] Training Class Recall: [0.509,0.720,0.296,0.323,0.289,0.289,0.404,0.261,0.440,0.463]
Epoch [8] Testing Results: Prec@1 34.080 Prec@5 81.700             Loss 2.01973
Epoch [8] Testing Class Recall: [0.280,0.655,0.154,0.505,0.270,0.252,0.423,0.345,0.059,0.465]
Epoch [9] Training Results: Prec@1 43.355 Prec@5 86.132             Loss 1.66264
Epoch [9] Training Class Recall: [0.494,0.728,0.302,0.323,0.326,0.342,0.461,0.314,0.506,0.540]
Epoch [9] Testing Results: Prec@1 28.870 Prec@5 72.070             Loss 2.65832
Epoch [9] Testing Class Recall: [0.546,0.811,0.058,0.125,0.130,0.003,0.806,0.060,0.130,0.218]
Epoch [10] Training Results: Prec@1 46.480 Prec@5 87.880             Loss 1.57449
Epoch [10] Training Class Recall: [0.498,0.725,0.308,0.342,0.356,0.378,0.488,0.368,0.577,0.609]
Epoch [10] Testing Results: Prec@1 33.410 Prec@5 77.000             Loss 2.29189
Epoch [10] Testing Class Recall: [0.529,0.779,0.230,0.372,0.259,0.203,0.218,0.194,0.143,0.414]
Epoch [11] Training Results: Prec@1 50.217 Prec@5 89.647             Loss 1.47870
Epoch [11] Training Class Recall: [0.505,0.724,0.314,0.365,0.391,0.417,0.548,0.444,0.645,0.668]
Epoch [11] Testing Results: Prec@1 33.760 Prec@5 75.170             Loss 2.25599
Epoch [11] Testing Class Recall: [0.583,0.884,0.283,0.414,0.230,0.126,0.317,0.219,0.169,0.151]
Epoch [12] Training Results: Prec@1 53.640 Prec@5 91.462             Loss 1.37718
Epoch [12] Training Class Recall: [0.490,0.738,0.333,0.398,0.423,0.479,0.608,0.500,0.683,0.712]
Epoch [12] Testing Results: Prec@1 31.080 Prec@5 71.860             Loss 2.74130
Epoch [12] Testing Class Recall: [0.516,0.713,0.384,0.210,0.352,0.041,0.077,0.550,0.182,0.083]
Epoch [13] Training Results: Prec@1 56.980 Prec@5 92.603             Loss 1.29024
Epoch [13] Training Class Recall: [0.505,0.743,0.356,0.414,0.460,0.519,0.660,0.561,0.738,0.741]
Epoch [13] Testing Results: Prec@1 30.290 Prec@5 75.410             Loss 2.77028
Epoch [13] Testing Class Recall: [0.431,0.557,0.124,0.120,0.412,0.144,0.385,0.532,0.272,0.052]
Epoch [14] Training Results: Prec@1 59.725 Prec@5 93.640             Loss 1.21391
Epoch [14] Training Class Recall: [0.518,0.736,0.385,0.432,0.491,0.552,0.699,0.616,0.775,0.768]
Epoch [14] Testing Results: Prec@1 31.700 Prec@5 73.050             Loss 2.84405
Epoch [14] Testing Class Recall: [0.478,0.815,0.115,0.174,0.210,0.572,0.128,0.350,0.273,0.055]
Epoch [15] Training Results: Prec@1 62.322 Prec@5 94.493             Loss 1.12504
Epoch [15] Training Class Recall: [0.514,0.736,0.409,0.464,0.534,0.590,0.742,0.647,0.793,0.803]
Epoch [15] Testing Results: Prec@1 31.720 Prec@5 74.500             Loss 2.85775
Epoch [15] Testing Class Recall: [0.352,0.728,0.186,0.296,0.115,0.162,0.555,0.146,0.482,0.150]
Epoch [16] Training Results: Prec@1 64.860 Prec@5 95.310             Loss 1.06265
Epoch [16] Training Class Recall: [0.532,0.751,0.421,0.506,0.562,0.637,0.747,0.696,0.809,0.824]
Epoch [16] Testing Results: Prec@1 33.800 Prec@5 73.790             Loss 2.82168
Epoch [16] Testing Class Recall: [0.472,0.730,0.359,0.292,0.345,0.211,0.488,0.117,0.127,0.239]
Epoch [17] Training Results: Prec@1 66.395 Prec@5 95.805             Loss 1.00710
Epoch [17] Training Class Recall: [0.525,0.753,0.453,0.514,0.597,0.655,0.773,0.713,0.827,0.829]
Epoch [17] Testing Results: Prec@1 32.520 Prec@5 72.010             Loss 3.01567
Epoch [17] Testing Class Recall: [0.514,0.852,0.277,0.322,0.221,0.074,0.519,0.266,0.119,0.088]
Epoch [18] Training Results: Prec@1 68.478 Prec@5 96.595             Loss 0.94383
Epoch [18] Training Class Recall: [0.536,0.768,0.465,0.537,0.630,0.689,0.793,0.753,0.839,0.838]
Epoch [18] Testing Results: Prec@1 30.430 Prec@5 67.320             Loss 3.31683
Epoch [18] Testing Class Recall: [0.536,0.672,0.316,0.403,0.447,0.290,0.035,0.126,0.055,0.163]
Epoch [19] Training Results: Prec@1 70.472 Prec@5 96.897             Loss 0.88854
Epoch [19] Training Class Recall: [0.554,0.775,0.486,0.557,0.662,0.720,0.816,0.764,0.857,0.858]
Epoch [19] Testing Results: Prec@1 33.510 Prec@5 72.230             Loss 2.95066
Epoch [19] Testing Class Recall: [0.524,0.782,0.296,0.302,0.154,0.258,0.424,0.237,0.242,0.132]
Epoch [20] Training Results: Prec@1 71.525 Prec@5 97.252             Loss 0.85219
Epoch [20] Training Class Recall: [0.554,0.772,0.514,0.577,0.669,0.734,0.819,0.778,0.864,0.872]
Epoch [20] Testing Results: Prec@1 31.450 Prec@5 69.300             Loss 3.60590
Epoch [20] Testing Class Recall: [0.516,0.672,0.513,0.444,0.227,0.075,0.425,0.039,0.079,0.155]
Epoch [21] Training Results: Prec@1 72.597 Prec@5 97.478             Loss 0.82413
Epoch [21] Training Class Recall: [0.571,0.778,0.530,0.588,0.691,0.744,0.833,0.796,0.866,0.863]
Epoch [21] Testing Results: Prec@1 34.420 Prec@5 74.210             Loss 2.93172
Epoch [21] Testing Class Recall: [0.332,0.781,0.352,0.432,0.214,0.261,0.478,0.124,0.285,0.183]
Epoch [22] Training Results: Prec@1 74.155 Prec@5 97.750             Loss 0.78083
Epoch [22] Training Class Recall: [0.572,0.788,0.542,0.621,0.709,0.762,0.842,0.813,0.881,0.885]
Epoch [22] Testing Results: Prec@1 31.990 Prec@5 73.120             Loss 3.19081
Epoch [22] Testing Class Recall: [0.508,0.784,0.133,0.271,0.126,0.250,0.361,0.329,0.129,0.308]
Epoch [23] Training Results: Prec@1 74.752 Prec@5 97.945             Loss 0.75735
Epoch [23] Training Class Recall: [0.575,0.787,0.560,0.632,0.729,0.775,0.848,0.820,0.871,0.878]
Epoch [23] Testing Results: Prec@1 32.850 Prec@5 71.460             Loss 3.59825
Epoch [23] Testing Class Recall: [0.321,0.885,0.351,0.395,0.232,0.344,0.464,0.109,0.106,0.078]
Epoch [24] Training Results: Prec@1 76.295 Prec@5 98.207             Loss 0.71578
Epoch [24] Training Class Recall: [0.602,0.797,0.574,0.644,0.746,0.797,0.862,0.833,0.888,0.887]
Epoch [24] Testing Results: Prec@1 33.630 Prec@5 72.500             Loss 3.32551
Epoch [24] Testing Class Recall: [0.421,0.790,0.578,0.239,0.207,0.171,0.200,0.212,0.400,0.145]
Epoch [25] Training Results: Prec@1 76.825 Prec@5 98.298             Loss 0.69341
Epoch [25] Training Class Recall: [0.592,0.802,0.595,0.659,0.753,0.801,0.863,0.829,0.891,0.896]
Epoch [25] Testing Results: Prec@1 32.070 Prec@5 69.470             Loss 3.43539
Epoch [25] Testing Class Recall: [0.502,0.855,0.475,0.278,0.228,0.122,0.310,0.179,0.146,0.112]
Epoch [26] Training Results: Prec@1 78.287 Prec@5 98.520             Loss 0.66032
Epoch [26] Training Class Recall: [0.614,0.815,0.634,0.674,0.764,0.816,0.878,0.841,0.896,0.898]
Epoch [26] Testing Results: Prec@1 30.460 Prec@5 70.980             Loss 3.78888
Epoch [26] Testing Class Recall: [0.406,0.561,0.469,0.160,0.259,0.237,0.415,0.163,0.299,0.077]
Epoch [27] Training Results: Prec@1 78.182 Prec@5 98.470             Loss 0.66018
Epoch [27] Training Class Recall: [0.604,0.807,0.628,0.678,0.767,0.816,0.868,0.848,0.897,0.904]
Epoch [27] Testing Results: Prec@1 30.160 Prec@5 67.650             Loss 3.76211
Epoch [27] Testing Class Recall: [0.535,0.802,0.290,0.295,0.318,0.175,0.214,0.081,0.088,0.218]
Epoch [28] Training Results: Prec@1 78.495 Prec@5 98.610             Loss 0.64598
Epoch [28] Training Class Recall: [0.617,0.812,0.628,0.694,0.765,0.818,0.874,0.851,0.895,0.896]
Epoch [28] Testing Results: Prec@1 31.010 Prec@5 66.920             Loss 3.87970
Epoch [28] Testing Class Recall: [0.591,0.867,0.421,0.093,0.401,0.088,0.297,0.102,0.126,0.115]
Epoch [29] Training Results: Prec@1 79.670 Prec@5 98.725             Loss 0.61293
Epoch [29] Training Class Recall: [0.625,0.823,0.646,0.706,0.795,0.829,0.877,0.857,0.904,0.905]
Epoch [29] Testing Results: Prec@1 30.800 Prec@5 69.900             Loss 3.90183
Epoch [29] Testing Class Recall: [0.537,0.639,0.446,0.303,0.310,0.369,0.228,0.106,0.065,0.077]
Epoch [30] Training Results: Prec@1 80.035 Prec@5 98.825             Loss 0.60000
Epoch [30] Training Class Recall: [0.646,0.823,0.652,0.705,0.800,0.839,0.876,0.862,0.894,0.907]
Epoch [30] Testing Results: Prec@1 32.210 Prec@5 71.390             Loss 3.65475
Epoch [30] Testing Class Recall: [0.351,0.851,0.435,0.239,0.472,0.176,0.148,0.196,0.305,0.048]
Epoch [31] Training Results: Prec@1 80.637 Prec@5 98.868             Loss 0.58311
Epoch [31] Training Class Recall: [0.643,0.834,0.668,0.713,0.801,0.841,0.883,0.864,0.911,0.906]
Epoch [31] Testing Results: Prec@1 33.210 Prec@5 69.520             Loss 3.70829
Epoch [31] Testing Class Recall: [0.644,0.813,0.420,0.312,0.116,0.297,0.208,0.198,0.138,0.175]
Epoch [32] Training Results: Prec@1 80.482 Prec@5 98.880             Loss 0.58889
Epoch [32] Training Class Recall: [0.630,0.833,0.678,0.722,0.803,0.836,0.882,0.855,0.908,0.902]
Epoch [32] Testing Results: Prec@1 31.490 Prec@5 74.230             Loss 3.69179
Epoch [32] Testing Class Recall: [0.336,0.662,0.268,0.481,0.478,0.126,0.277,0.170,0.254,0.097]
Epoch [33] Training Results: Prec@1 81.015 Prec@5 98.970             Loss 0.57015
Epoch [33] Training Class Recall: [0.627,0.826,0.690,0.732,0.805,0.841,0.885,0.876,0.903,0.916]
Epoch [33] Testing Results: Prec@1 33.120 Prec@5 71.850             Loss 3.70189
Epoch [33] Testing Class Recall: [0.507,0.762,0.365,0.330,0.202,0.222,0.098,0.377,0.174,0.275]
Epoch [34] Training Results: Prec@1 81.777 Prec@5 98.987             Loss 0.54976
Epoch [34] Training Class Recall: [0.648,0.839,0.700,0.736,0.814,0.853,0.895,0.874,0.909,0.910]
Epoch [34] Testing Results: Prec@1 31.170 Prec@5 71.590             Loss 3.84537
Epoch [34] Testing Class Recall: [0.580,0.702,0.451,0.167,0.214,0.208,0.168,0.288,0.149,0.190]
Epoch [35] Training Results: Prec@1 81.857 Prec@5 99.112             Loss 0.54682
Epoch [35] Training Class Recall: [0.653,0.835,0.706,0.740,0.807,0.854,0.900,0.872,0.908,0.912]
Epoch [35] Testing Results: Prec@1 33.070 Prec@5 70.210             Loss 3.80854
Epoch [35] Testing Class Recall: [0.594,0.789,0.231,0.323,0.514,0.211,0.178,0.289,0.087,0.091]
Epoch [36] Training Results: Prec@1 82.145 Prec@5 99.082             Loss 0.53648
Epoch [36] Training Class Recall: [0.663,0.836,0.717,0.734,0.824,0.847,0.883,0.877,0.916,0.916]
Epoch [36] Testing Results: Prec@1 28.530 Prec@5 66.780             Loss 4.18958
Epoch [36] Testing Class Recall: [0.488,0.769,0.190,0.208,0.232,0.075,0.316,0.415,0.142,0.018]
Epoch [37] Training Results: Prec@1 82.667 Prec@5 99.130             Loss 0.52357
Epoch [37] Training Class Recall: [0.668,0.845,0.713,0.753,0.825,0.855,0.894,0.884,0.914,0.915]
Epoch [37] Testing Results: Prec@1 32.490 Prec@5 70.210             Loss 4.27241
Epoch [37] Testing Class Recall: [0.547,0.792,0.216,0.407,0.399,0.233,0.231,0.225,0.144,0.055]
Epoch [38] Training Results: Prec@1 82.173 Prec@5 99.127             Loss 0.53186
Epoch [38] Training Class Recall: [0.661,0.838,0.716,0.750,0.817,0.847,0.889,0.886,0.904,0.910]
Epoch [38] Testing Results: Prec@1 31.780 Prec@5 70.650             Loss 4.28050
Epoch [38] Testing Class Recall: [0.537,0.726,0.326,0.503,0.074,0.364,0.167,0.050,0.288,0.143]
Epoch [39] Training Results: Prec@1 82.645 Prec@5 99.225             Loss 0.51462
Epoch [39] Training Class Recall: [0.657,0.847,0.720,0.759,0.820,0.859,0.890,0.876,0.917,0.918]
Epoch [39] Testing Results: Prec@1 30.030 Prec@5 68.580             Loss 4.23729
Epoch [39] Testing Class Recall: [0.476,0.826,0.212,0.421,0.248,0.387,0.065,0.048,0.107,0.213]
Epoch [40] Training Results: Prec@1 83.205 Prec@5 99.200             Loss 0.50812
Epoch [40] Training Class Recall: [0.675,0.851,0.725,0.767,0.834,0.861,0.893,0.883,0.916,0.916]
Epoch [40] Testing Results: Prec@1 30.680 Prec@5 66.910             Loss 4.52617
Epoch [40] Testing Class Recall: [0.459,0.832,0.490,0.474,0.325,0.046,0.106,0.199,0.054,0.083]
Epoch [41] Training Results: Prec@1 83.400 Prec@5 99.212             Loss 0.49839
Epoch [41] Training Class Recall: [0.672,0.849,0.720,0.769,0.830,0.873,0.905,0.880,0.914,0.926]
Epoch [41] Testing Results: Prec@1 32.500 Prec@5 69.160             Loss 4.32949
Epoch [41] Testing Class Recall: [0.427,0.851,0.331,0.142,0.472,0.239,0.204,0.378,0.188,0.018]
Epoch [42] Training Results: Prec@1 83.562 Prec@5 99.287             Loss 0.48970
Epoch [42] Training Class Recall: [0.677,0.852,0.720,0.774,0.840,0.870,0.902,0.884,0.918,0.919]
Epoch [42] Testing Results: Prec@1 30.090 Prec@5 69.860             Loss 4.04418
Epoch [42] Testing Class Recall: [0.419,0.698,0.532,0.485,0.128,0.180,0.117,0.140,0.164,0.146]
Epoch [43] Training Results: Prec@1 84.447 Prec@5 99.345             Loss 0.47714
Epoch [43] Training Class Recall: [0.700,0.860,0.744,0.783,0.844,0.872,0.907,0.892,0.914,0.929]
Epoch [43] Testing Results: Prec@1 28.440 Prec@5 67.920             Loss 4.68819
Epoch [43] Testing Class Recall: [0.438,0.687,0.457,0.136,0.344,0.020,0.263,0.186,0.135,0.178]
Epoch [44] Training Results: Prec@1 84.205 Prec@5 99.220             Loss 0.47807
Epoch [44] Training Class Recall: [0.689,0.855,0.756,0.779,0.841,0.872,0.905,0.891,0.910,0.922]
Epoch [44] Testing Results: Prec@1 28.690 Prec@5 67.740             Loss 4.51854
Epoch [44] Testing Class Recall: [0.339,0.861,0.202,0.163,0.397,0.584,0.140,0.082,0.083,0.018]
Epoch [45] Training Results: Prec@1 83.842 Prec@5 99.317             Loss 0.48346
Epoch [45] Training Class Recall: [0.690,0.852,0.737,0.779,0.850,0.864,0.897,0.890,0.915,0.911]
Epoch [45] Testing Results: Prec@1 32.700 Prec@5 70.470             Loss 4.13120
Epoch [45] Testing Class Recall: [0.583,0.732,0.337,0.533,0.406,0.144,0.048,0.199,0.136,0.152]
Epoch [46] Training Results: Prec@1 84.425 Prec@5 99.380             Loss 0.46510
Epoch [46] Training Class Recall: [0.697,0.861,0.747,0.789,0.835,0.866,0.911,0.886,0.924,0.927]
Epoch [46] Testing Results: Prec@1 32.690 Prec@5 74.250             Loss 4.08237
Epoch [46] Testing Class Recall: [0.359,0.783,0.482,0.106,0.385,0.244,0.243,0.341,0.189,0.137]
Epoch [47] Training Results: Prec@1 84.322 Prec@5 99.457             Loss 0.46772
Epoch [47] Training Class Recall: [0.679,0.859,0.753,0.780,0.844,0.871,0.906,0.896,0.923,0.919]
Epoch [47] Testing Results: Prec@1 32.140 Prec@5 70.850             Loss 4.40989
Epoch [47] Testing Class Recall: [0.417,0.825,0.275,0.572,0.355,0.026,0.272,0.259,0.148,0.065]
Epoch [48] Training Results: Prec@1 84.395 Prec@5 99.380             Loss 0.46619
Epoch [48] Training Class Recall: [0.691,0.860,0.744,0.793,0.855,0.864,0.906,0.892,0.916,0.918]
Epoch [48] Testing Results: Prec@1 31.200 Prec@5 72.320             Loss 3.82910
Epoch [48] Testing Class Recall: [0.616,0.612,0.294,0.312,0.320,0.104,0.243,0.255,0.171,0.193]
Epoch [49] Training Results: Prec@1 85.007 Prec@5 99.382             Loss 0.44988
Epoch [49] Training Class Recall: [0.702,0.860,0.765,0.793,0.847,0.878,0.911,0.901,0.927,0.917]
Epoch [49] Testing Results: Prec@1 31.690 Prec@5 66.870             Loss 4.30333
Epoch [49] Testing Class Recall: [0.674,0.867,0.413,0.402,0.240,0.140,0.103,0.052,0.181,0.097]
Epoch [50] Training Results: Prec@1 85.072 Prec@5 99.375             Loss 0.45037
Epoch [50] Training Class Recall: [0.712,0.872,0.756,0.789,0.854,0.868,0.909,0.895,0.927,0.926]
Epoch [50] Testing Results: Prec@1 32.150 Prec@5 72.870             Loss 4.11783
Epoch [50] Testing Class Recall: [0.651,0.681,0.297,0.150,0.424,0.309,0.088,0.372,0.142,0.101]
Epoch [51] Training Results: Prec@1 84.380 Prec@5 99.370             Loss 0.46759
Epoch [51] Training Class Recall: [0.700,0.862,0.751,0.790,0.846,0.864,0.903,0.885,0.921,0.914]
Epoch [51] Testing Results: Prec@1 34.650 Prec@5 74.020             Loss 3.77407
Epoch [51] Testing Class Recall: [0.582,0.696,0.453,0.322,0.278,0.225,0.324,0.248,0.191,0.146]
Epoch [52] Training Results: Prec@1 85.770 Prec@5 99.442             Loss 0.43270
Epoch [52] Training Class Recall: [0.717,0.874,0.767,0.803,0.861,0.881,0.918,0.900,0.930,0.928]
Epoch [52] Testing Results: Prec@1 29.190 Prec@5 68.360             Loss 4.54836
Epoch [52] Testing Class Recall: [0.514,0.749,0.480,0.235,0.153,0.230,0.164,0.121,0.208,0.065]
Epoch [53] Training Results: Prec@1 85.552 Prec@5 99.485             Loss 0.43571
Epoch [53] Training Class Recall: [0.720,0.871,0.768,0.802,0.854,0.880,0.912,0.900,0.926,0.923]
Epoch [53] Testing Results: Prec@1 29.890 Prec@5 71.230             Loss 4.33091
Epoch [53] Testing Class Recall: [0.304,0.807,0.185,0.369,0.239,0.149,0.399,0.257,0.270,0.010]
Epoch [54] Training Results: Prec@1 85.180 Prec@5 99.447             Loss 0.44723
Epoch [54] Training Class Recall: [0.716,0.857,0.777,0.796,0.853,0.877,0.909,0.890,0.921,0.921]
Epoch [54] Testing Results: Prec@1 30.300 Prec@5 71.390             Loss 3.85547
Epoch [54] Testing Class Recall: [0.472,0.727,0.191,0.317,0.125,0.252,0.162,0.453,0.174,0.157]
Epoch [55] Training Results: Prec@1 85.228 Prec@5 99.380             Loss 0.44871
Epoch [55] Training Class Recall: [0.716,0.865,0.771,0.793,0.855,0.868,0.914,0.893,0.922,0.925]
Epoch [55] Testing Results: Prec@1 33.010 Prec@5 71.930             Loss 3.86395
Epoch [55] Testing Class Recall: [0.536,0.738,0.399,0.358,0.356,0.105,0.298,0.224,0.128,0.159]
Epoch [56] Training Results: Prec@1 85.455 Prec@5 99.497             Loss 0.43951
Epoch [56] Training Class Recall: [0.723,0.871,0.771,0.802,0.854,0.877,0.902,0.896,0.925,0.925]
Epoch [56] Testing Results: Prec@1 30.590 Prec@5 67.780             Loss 4.77334
Epoch [56] Testing Class Recall: [0.442,0.855,0.631,0.356,0.240,0.155,0.083,0.138,0.149,0.010]
Epoch [57] Training Results: Prec@1 85.607 Prec@5 99.502             Loss 0.43778
Epoch [57] Training Class Recall: [0.712,0.870,0.773,0.804,0.863,0.879,0.909,0.902,0.926,0.924]
Epoch [57] Testing Results: Prec@1 32.060 Prec@5 72.770             Loss 4.66534
Epoch [57] Testing Class Recall: [0.539,0.771,0.184,0.308,0.639,0.241,0.187,0.144,0.094,0.099]
Epoch [58] Training Results: Prec@1 86.095 Prec@5 99.500             Loss 0.42011
Epoch [58] Training Class Recall: [0.728,0.873,0.786,0.810,0.863,0.881,0.913,0.894,0.928,0.934]
Epoch [58] Testing Results: Prec@1 30.880 Prec@5 67.490             Loss 4.44781
Epoch [58] Testing Class Recall: [0.652,0.671,0.582,0.145,0.163,0.141,0.474,0.138,0.086,0.036]
Epoch [59] Training Results: Prec@1 85.577 Prec@5 99.475             Loss 0.43351
Epoch [59] Training Class Recall: [0.717,0.873,0.776,0.807,0.855,0.882,0.912,0.891,0.923,0.921]
Epoch [59] Testing Results: Prec@1 32.180 Prec@5 73.960             Loss 3.72243
Epoch [59] Testing Class Recall: [0.421,0.750,0.334,0.371,0.193,0.208,0.251,0.301,0.276,0.113]
Epoch [60] Training Results: Prec@1 86.670 Prec@5 99.570             Loss 0.40180
Epoch [60] Training Class Recall: [0.730,0.888,0.788,0.821,0.868,0.880,0.916,0.903,0.933,0.939]
Epoch [60] Testing Results: Prec@1 29.960 Prec@5 71.080             Loss 4.27629
Epoch [60] Testing Class Recall: [0.517,0.654,0.305,0.337,0.434,0.047,0.117,0.203,0.126,0.256]
Epoch [61] Training Results: Prec@1 86.188 Prec@5 99.515             Loss 0.41800
Epoch [61] Training Class Recall: [0.727,0.881,0.780,0.817,0.870,0.888,0.920,0.892,0.925,0.919]
Epoch [61] Testing Results: Prec@1 31.650 Prec@5 71.240             Loss 4.16856
Epoch [61] Testing Class Recall: [0.445,0.734,0.454,0.380,0.292,0.081,0.249,0.163,0.234,0.133]
Epoch [62] Training Results: Prec@1 85.632 Prec@5 99.457             Loss 0.43151
Epoch [62] Training Class Recall: [0.726,0.868,0.773,0.806,0.853,0.880,0.908,0.899,0.923,0.927]
Epoch [62] Testing Results: Prec@1 31.900 Prec@5 70.560             Loss 4.19635
Epoch [62] Testing Class Recall: [0.619,0.822,0.187,0.263,0.451,0.070,0.387,0.146,0.130,0.115]
Epoch [63] Training Results: Prec@1 86.540 Prec@5 99.522             Loss 0.40980
Epoch [63] Training Class Recall: [0.739,0.872,0.796,0.822,0.869,0.892,0.909,0.897,0.926,0.933]
Epoch [63] Testing Results: Prec@1 31.330 Prec@5 70.060             Loss 4.57907
Epoch [63] Testing Class Recall: [0.458,0.900,0.270,0.397,0.167,0.068,0.377,0.301,0.075,0.120]
Epoch [64] Training Results: Prec@1 86.000 Prec@5 99.410             Loss 0.42324
Epoch [64] Training Class Recall: [0.721,0.876,0.784,0.815,0.863,0.877,0.912,0.901,0.929,0.922]
Epoch [64] Testing Results: Prec@1 29.620 Prec@5 69.500             Loss 4.49018
Epoch [64] Testing Class Recall: [0.516,0.715,0.457,0.397,0.174,0.133,0.211,0.058,0.147,0.154]
Epoch [65] Training Results: Prec@1 86.465 Prec@5 99.552             Loss 0.40798
Epoch [65] Training Class Recall: [0.735,0.876,0.787,0.823,0.860,0.884,0.918,0.902,0.930,0.931]
Epoch [65] Testing Results: Prec@1 29.550 Prec@5 67.550             Loss 4.20734
Epoch [65] Testing Class Recall: [0.524,0.880,0.344,0.222,0.282,0.110,0.195,0.086,0.240,0.072]
Epoch [66] Training Results: Prec@1 86.685 Prec@5 99.555             Loss 0.40460
Epoch [66] Training Class Recall: [0.746,0.884,0.797,0.812,0.860,0.883,0.916,0.905,0.935,0.931]
Epoch [66] Testing Results: Prec@1 29.710 Prec@5 70.490             Loss 4.83567
Epoch [66] Testing Class Recall: [0.450,0.787,0.247,0.244,0.631,0.066,0.067,0.253,0.158,0.068]
Epoch [67] Training Results: Prec@1 86.582 Prec@5 99.590             Loss 0.40510
Epoch [67] Training Class Recall: [0.744,0.880,0.791,0.822,0.870,0.881,0.910,0.900,0.934,0.927]
Epoch [67] Testing Results: Prec@1 29.390 Prec@5 70.130             Loss 4.31301
Epoch [67] Testing Class Recall: [0.603,0.644,0.178,0.481,0.219,0.034,0.274,0.273,0.099,0.134]
Epoch [68] Training Results: Prec@1 86.642 Prec@5 99.575             Loss 0.40366
Epoch [68] Training Class Recall: [0.738,0.881,0.800,0.823,0.870,0.886,0.908,0.901,0.929,0.928]
Epoch [68] Testing Results: Prec@1 25.560 Prec@5 69.080             Loss 5.17047
Epoch [68] Testing Class Recall: [0.608,0.393,0.133,0.444,0.172,0.275,0.102,0.287,0.103,0.039]
Epoch [69] Training Results: Prec@1 86.865 Prec@5 99.512             Loss 0.39865
Epoch [69] Training Class Recall: [0.746,0.881,0.795,0.816,0.873,0.893,0.916,0.900,0.933,0.932]
Epoch [69] Testing Results: Prec@1 28.940 Prec@5 66.960             Loss 4.54440
Epoch [69] Testing Class Recall: [0.409,0.853,0.535,0.331,0.253,0.087,0.081,0.094,0.160,0.091]
Epoch [70] Training Results: Prec@1 86.557 Prec@5 99.603             Loss 0.40370
Epoch [70] Training Class Recall: [0.736,0.882,0.786,0.828,0.872,0.881,0.916,0.899,0.929,0.926]
Epoch [70] Testing Results: Prec@1 30.840 Prec@5 71.020             Loss 4.33975
Epoch [70] Testing Class Recall: [0.451,0.772,0.396,0.056,0.294,0.354,0.246,0.265,0.110,0.140]
Epoch [71] Training Results: Prec@1 86.802 Prec@5 99.502             Loss 0.39946
Epoch [71] Training Class Recall: [0.737,0.887,0.791,0.830,0.874,0.890,0.910,0.907,0.923,0.932]
Epoch [71] Testing Results: Prec@1 29.240 Prec@5 68.210             Loss 4.73008
Epoch [71] Testing Class Recall: [0.608,0.601,0.369,0.489,0.104,0.085,0.145,0.394,0.091,0.038]
Epoch [72] Training Results: Prec@1 86.368 Prec@5 99.537             Loss 0.40910
Epoch [72] Training Class Recall: [0.730,0.876,0.792,0.817,0.872,0.884,0.909,0.898,0.925,0.933]
Epoch [72] Testing Results: Prec@1 32.340 Prec@5 72.330             Loss 4.10656
Epoch [72] Testing Class Recall: [0.385,0.828,0.400,0.410,0.274,0.077,0.403,0.140,0.244,0.073]
Epoch [73] Training Results: Prec@1 87.510 Prec@5 99.570             Loss 0.38087
Epoch [73] Training Class Recall: [0.755,0.889,0.807,0.829,0.877,0.898,0.916,0.915,0.934,0.932]
Epoch [73] Testing Results: Prec@1 33.160 Prec@5 71.110             Loss 4.00070
Epoch [73] Testing Class Recall: [0.684,0.865,0.346,0.187,0.224,0.233,0.394,0.178,0.151,0.054]
Epoch [74] Training Results: Prec@1 87.077 Prec@5 99.587             Loss 0.38476
Epoch [74] Training Class Recall: [0.744,0.888,0.798,0.836,0.875,0.885,0.919,0.901,0.930,0.931]
Epoch [74] Testing Results: Prec@1 29.160 Prec@5 71.060             Loss 4.27731
Epoch [74] Testing Class Recall: [0.403,0.680,0.500,0.251,0.257,0.125,0.273,0.187,0.120,0.120]
Epoch [75] Training Results: Prec@1 86.630 Prec@5 99.565             Loss 0.39938
Epoch [75] Training Class Recall: [0.735,0.881,0.797,0.821,0.867,0.883,0.917,0.910,0.925,0.925]
Epoch [75] Testing Results: Prec@1 30.220 Prec@5 70.880             Loss 4.13807
Epoch [75] Testing Class Recall: [0.455,0.700,0.276,0.319,0.219,0.129,0.194,0.379,0.281,0.070]
Epoch [76] Training Results: Prec@1 86.535 Prec@5 99.605             Loss 0.40286
Epoch [76] Training Class Recall: [0.735,0.881,0.807,0.820,0.870,0.884,0.909,0.901,0.927,0.919]
Epoch [76] Testing Results: Prec@1 29.760 Prec@5 70.160             Loss 4.69626
Epoch [76] Testing Class Recall: [0.510,0.783,0.080,0.530,0.197,0.325,0.178,0.221,0.081,0.071]
Epoch [77] Training Results: Prec@1 87.335 Prec@5 99.585             Loss 0.38479
Epoch [77] Training Class Recall: [0.757,0.884,0.799,0.825,0.877,0.894,0.913,0.905,0.939,0.940]
Epoch [77] Testing Results: Prec@1 30.630 Prec@5 70.000             Loss 4.68162
Epoch [77] Testing Class Recall: [0.467,0.878,0.474,0.333,0.087,0.166,0.087,0.330,0.168,0.073]
Epoch [78] Training Results: Prec@1 87.105 Prec@5 99.587             Loss 0.38979
Epoch [78] Training Class Recall: [0.745,0.884,0.800,0.826,0.875,0.892,0.919,0.905,0.933,0.932]
Epoch [78] Testing Results: Prec@1 30.100 Prec@5 72.410             Loss 4.22699
Epoch [78] Testing Class Recall: [0.446,0.662,0.418,0.333,0.167,0.111,0.184,0.205,0.414,0.070]
Epoch [79] Training Results: Prec@1 86.655 Prec@5 99.527             Loss 0.39989
Epoch [79] Training Class Recall: [0.743,0.880,0.800,0.817,0.860,0.888,0.920,0.900,0.928,0.930]
Epoch [79] Testing Results: Prec@1 31.660 Prec@5 70.110             Loss 4.39716
Epoch [79] Testing Class Recall: [0.651,0.773,0.442,0.354,0.184,0.282,0.080,0.222,0.147,0.031]
Epoch [80] Training Results: Prec@1 87.188 Prec@5 99.572             Loss 0.38719
Epoch [80] Training Class Recall: [0.747,0.885,0.813,0.827,0.868,0.891,0.917,0.912,0.931,0.928]
Epoch [80] Testing Results: Prec@1 30.870 Prec@5 69.540             Loss 4.60783
Epoch [80] Testing Class Recall: [0.799,0.709,0.301,0.384,0.199,0.300,0.162,0.134,0.038,0.061]
Epoch [81] Training Results: Prec@1 87.022 Prec@5 99.597             Loss 0.39074
Epoch [81] Training Class Recall: [0.740,0.883,0.809,0.835,0.864,0.890,0.921,0.900,0.933,0.927]
Epoch [81] Testing Results: Prec@1 30.340 Prec@5 65.760             Loss 4.71024
Epoch [81] Testing Class Recall: [0.463,0.913,0.503,0.285,0.311,0.115,0.139,0.189,0.058,0.058]
Epoch [82] Training Results: Prec@1 86.857 Prec@5 99.592             Loss 0.39347
Epoch [82] Training Class Recall: [0.742,0.876,0.804,0.835,0.870,0.888,0.916,0.897,0.932,0.925]
Epoch [82] Testing Results: Prec@1 32.030 Prec@5 69.180             Loss 4.38316
Epoch [82] Testing Class Recall: [0.631,0.838,0.340,0.421,0.340,0.098,0.217,0.183,0.035,0.100]
Epoch [83] Training Results: Prec@1 87.667 Prec@5 99.627             Loss 0.36955
Epoch [83] Training Class Recall: [0.758,0.888,0.799,0.844,0.879,0.892,0.922,0.908,0.937,0.939]
Epoch [83] Testing Results: Prec@1 32.610 Prec@5 71.880             Loss 4.50469
Epoch [83] Testing Class Recall: [0.379,0.810,0.496,0.463,0.235,0.167,0.306,0.133,0.247,0.025]
Epoch [84] Training Results: Prec@1 87.423 Prec@5 99.590             Loss 0.37561
Epoch [84] Training Class Recall: [0.748,0.890,0.804,0.830,0.870,0.900,0.917,0.907,0.940,0.937]
Epoch [84] Testing Results: Prec@1 31.680 Prec@5 70.740             Loss 4.76380
Epoch [84] Testing Class Recall: [0.476,0.805,0.376,0.230,0.548,0.256,0.045,0.201,0.041,0.190]
Epoch [85] Training Results: Prec@1 87.265 Prec@5 99.580             Loss 0.38564
Epoch [85] Training Class Recall: [0.759,0.888,0.802,0.829,0.873,0.881,0.925,0.906,0.936,0.927]
Epoch [85] Testing Results: Prec@1 31.210 Prec@5 66.790             Loss 4.82467
Epoch [85] Testing Class Recall: [0.613,0.912,0.421,0.348,0.250,0.053,0.316,0.104,0.045,0.059]
Epoch [86] Training Results: Prec@1 87.420 Prec@5 99.570             Loss 0.37991
Epoch [86] Training Class Recall: [0.754,0.888,0.811,0.838,0.879,0.887,0.919,0.905,0.934,0.927]
Epoch [86] Testing Results: Prec@1 32.360 Prec@5 72.340             Loss 4.09203
Epoch [86] Testing Class Recall: [0.551,0.812,0.320,0.123,0.240,0.563,0.093,0.202,0.201,0.131]
Epoch [87] Training Results: Prec@1 87.682 Prec@5 99.600             Loss 0.37394
Epoch [87] Training Class Recall: [0.763,0.889,0.812,0.839,0.872,0.892,0.923,0.907,0.935,0.935]
Epoch [87] Testing Results: Prec@1 30.600 Prec@5 68.300             Loss 4.37016
Epoch [87] Testing Class Recall: [0.598,0.802,0.284,0.329,0.512,0.074,0.151,0.183,0.091,0.036]
Epoch [88] Training Results: Prec@1 87.588 Prec@5 99.592             Loss 0.37342
Epoch [88] Training Class Recall: [0.761,0.886,0.812,0.838,0.876,0.903,0.913,0.902,0.932,0.934]
Epoch [88] Testing Results: Prec@1 30.290 Prec@5 70.050             Loss 4.42919
Epoch [88] Testing Class Recall: [0.608,0.809,0.452,0.349,0.153,0.105,0.153,0.133,0.202,0.065]
Epoch [89] Training Results: Prec@1 87.923 Prec@5 99.595             Loss 0.36581
Epoch [89] Training Class Recall: [0.765,0.885,0.821,0.833,0.883,0.902,0.921,0.910,0.934,0.938]
Epoch [89] Testing Results: Prec@1 31.290 Prec@5 69.700             Loss 4.30246
Epoch [89] Testing Class Recall: [0.550,0.803,0.258,0.377,0.420,0.077,0.272,0.180,0.064,0.128]
Epoch [90] Training Results: Prec@1 87.330 Prec@5 99.615             Loss 0.37960
Epoch [90] Training Class Recall: [0.753,0.890,0.810,0.832,0.872,0.895,0.919,0.908,0.930,0.923]
Epoch [90] Testing Results: Prec@1 28.940 Prec@5 71.490             Loss 4.43075
Epoch [90] Testing Class Recall: [0.406,0.719,0.358,0.158,0.300,0.131,0.107,0.275,0.105,0.335]
Epoch [91] Training Results: Prec@1 87.652 Prec@5 99.625             Loss 0.37254
Epoch [91] Training Class Recall: [0.762,0.893,0.812,0.833,0.875,0.896,0.915,0.908,0.933,0.938]
Epoch [91] Testing Results: Prec@1 30.590 Prec@5 68.680             Loss 4.43919
Epoch [91] Testing Class Recall: [0.606,0.877,0.422,0.085,0.445,0.134,0.054,0.168,0.153,0.115]
Epoch [92] Training Results: Prec@1 86.935 Prec@5 99.550             Loss 0.39042
Epoch [92] Training Class Recall: [0.760,0.885,0.804,0.821,0.869,0.885,0.913,0.906,0.926,0.923]
Epoch [92] Testing Results: Prec@1 32.240 Prec@5 73.580             Loss 4.16685
Epoch [92] Testing Class Recall: [0.506,0.724,0.328,0.335,0.272,0.257,0.067,0.253,0.090,0.392]
Epoch [93] Training Results: Prec@1 87.505 Prec@5 99.637             Loss 0.37584
Epoch [93] Training Class Recall: [0.762,0.887,0.807,0.835,0.875,0.891,0.918,0.908,0.935,0.932]
Epoch [93] Testing Results: Prec@1 32.670 Prec@5 71.740             Loss 4.27674
Epoch [93] Testing Class Recall: [0.573,0.810,0.571,0.241,0.091,0.114,0.255,0.324,0.187,0.101]
Epoch [94] Training Results: Prec@1 87.868 Prec@5 99.605             Loss 0.37459
Epoch [94] Training Class Recall: [0.751,0.889,0.818,0.846,0.882,0.902,0.923,0.918,0.930,0.929]
Epoch [94] Testing Results: Prec@1 32.140 Prec@5 70.380             Loss 4.12284
Epoch [94] Testing Class Recall: [0.690,0.765,0.261,0.284,0.501,0.208,0.095,0.278,0.057,0.075]
Epoch [95] Training Results: Prec@1 87.725 Prec@5 99.595             Loss 0.36878
Epoch [95] Training Class Recall: [0.758,0.890,0.820,0.837,0.877,0.898,0.918,0.907,0.934,0.932]
Epoch [95] Testing Results: Prec@1 32.350 Prec@5 69.620             Loss 4.64410
Epoch [95] Testing Class Recall: [0.584,0.833,0.552,0.245,0.129,0.059,0.354,0.325,0.055,0.099]
Epoch [96] Training Results: Prec@1 87.938 Prec@5 99.667             Loss 0.36463
Epoch [96] Training Class Recall: [0.764,0.890,0.820,0.840,0.881,0.897,0.929,0.909,0.932,0.931]
Epoch [96] Testing Results: Prec@1 29.100 Prec@5 66.580             Loss 4.40090
Epoch [96] Testing Class Recall: [0.568,0.717,0.568,0.142,0.209,0.304,0.183,0.080,0.079,0.060]
Epoch [97] Training Results: Prec@1 87.600 Prec@5 99.625             Loss 0.36988
Epoch [97] Training Class Recall: [0.753,0.892,0.820,0.833,0.878,0.890,0.921,0.912,0.930,0.930]
Epoch [97] Testing Results: Prec@1 32.150 Prec@5 75.810             Loss 3.95650
Epoch [97] Testing Class Recall: [0.385,0.743,0.469,0.145,0.319,0.222,0.285,0.258,0.207,0.182]
Epoch [98] Training Results: Prec@1 87.752 Prec@5 99.600             Loss 0.37279
Epoch [98] Training Class Recall: [0.754,0.888,0.822,0.839,0.876,0.894,0.922,0.909,0.933,0.937]
Epoch [98] Testing Results: Prec@1 30.230 Prec@5 69.700             Loss 4.58470
Epoch [98] Testing Class Recall: [0.534,0.931,0.334,0.203,0.212,0.255,0.168,0.267,0.092,0.027]
Epoch [99] Training Results: Prec@1 87.772 Prec@5 99.632             Loss 0.36227
Epoch [99] Training Class Recall: [0.767,0.896,0.805,0.833,0.881,0.897,0.925,0.913,0.930,0.927]
Epoch [99] Testing Results: Prec@1 33.470 Prec@5 71.660             Loss 4.12129
Epoch [99] Testing Class Recall: [0.584,0.862,0.394,0.341,0.347,0.081,0.266,0.204,0.128,0.140]
Epoch [100] Training Results: Prec@1 87.260 Prec@5 99.562             Loss 0.38228
Epoch [100] Training Class Recall: [0.760,0.892,0.814,0.831,0.868,0.887,0.916,0.899,0.931,0.927]
Epoch [100] Testing Results: Prec@1 32.310 Prec@5 74.160             Loss 3.98209
Epoch [100] Testing Class Recall: [0.316,0.844,0.267,0.281,0.306,0.386,0.260,0.248,0.187,0.136]
Epoch [101] Training Results: Prec@1 88.040 Prec@5 99.625             Loss 0.36129
Epoch [101] Training Class Recall: [0.764,0.896,0.814,0.842,0.880,0.902,0.921,0.915,0.931,0.940]
Epoch [101] Testing Results: Prec@1 31.860 Prec@5 69.830             Loss 4.31734
Epoch [101] Testing Class Recall: [0.621,0.727,0.308,0.327,0.510,0.103,0.266,0.113,0.139,0.072]
Epoch [102] Training Results: Prec@1 88.082 Prec@5 99.627             Loss 0.35839
Epoch [102] Training Class Recall: [0.766,0.893,0.812,0.837,0.892,0.899,0.926,0.917,0.936,0.930]
Epoch [102] Testing Results: Prec@1 27.310 Prec@5 69.840             Loss 5.17933
Epoch [102] Testing Class Recall: [0.466,0.430,0.483,0.291,0.147,0.170,0.139,0.475,0.115,0.015]
Epoch [103] Training Results: Prec@1 87.752 Prec@5 99.635             Loss 0.36969
Epoch [103] Training Class Recall: [0.763,0.893,0.812,0.839,0.877,0.891,0.924,0.907,0.932,0.937]
Epoch [103] Testing Results: Prec@1 30.450 Prec@5 71.090             Loss 4.36387
Epoch [103] Testing Class Recall: [0.626,0.826,0.117,0.425,0.272,0.115,0.139,0.218,0.146,0.161]
Epoch [104] Training Results: Prec@1 87.612 Prec@5 99.612             Loss 0.37003
Epoch [104] Training Class Recall: [0.761,0.889,0.811,0.836,0.874,0.891,0.924,0.908,0.935,0.930]
Epoch [104] Testing Results: Prec@1 32.100 Prec@5 76.420             Loss 4.12923
Epoch [104] Testing Class Recall: [0.484,0.741,0.211,0.167,0.232,0.119,0.324,0.541,0.187,0.204]
Epoch [105] Training Results: Prec@1 88.240 Prec@5 99.618             Loss 0.35617
Epoch [105] Training Class Recall: [0.773,0.899,0.822,0.839,0.886,0.899,0.921,0.911,0.942,0.931]
Epoch [105] Testing Results: Prec@1 29.320 Prec@5 71.670             Loss 4.76903
Epoch [105] Testing Class Recall: [0.426,0.572,0.331,0.407,0.133,0.331,0.124,0.343,0.239,0.026]
Epoch [106] Training Results: Prec@1 88.580 Prec@5 99.645             Loss 0.34844
Epoch [106] Training Class Recall: [0.767,0.902,0.829,0.852,0.888,0.905,0.931,0.915,0.935,0.935]
Epoch [106] Testing Results: Prec@1 32.320 Prec@5 71.810             Loss 4.22496
Epoch [106] Testing Class Recall: [0.587,0.850,0.256,0.343,0.329,0.311,0.163,0.194,0.123,0.076]
Epoch [107] Training Results: Prec@1 88.292 Prec@5 99.688             Loss 0.35687
Epoch [107] Training Class Recall: [0.774,0.884,0.823,0.849,0.879,0.904,0.926,0.921,0.931,0.938]
Epoch [107] Testing Results: Prec@1 32.460 Prec@5 73.240             Loss 4.07648
Epoch [107] Testing Class Recall: [0.569,0.751,0.464,0.259,0.285,0.166,0.246,0.275,0.114,0.117]
Epoch [108] Training Results: Prec@1 88.365 Prec@5 99.667             Loss 0.35191
Epoch [108] Training Class Recall: [0.772,0.894,0.828,0.844,0.888,0.901,0.931,0.916,0.928,0.935]
Epoch [108] Testing Results: Prec@1 32.310 Prec@5 73.300             Loss 4.22499
Epoch [108] Testing Class Recall: [0.434,0.688,0.385,0.311,0.394,0.114,0.259,0.310,0.259,0.077]
Epoch [109] Training Results: Prec@1 88.090 Prec@5 99.658             Loss 0.35808
Epoch [109] Training Class Recall: [0.768,0.888,0.827,0.844,0.880,0.902,0.925,0.914,0.930,0.932]
Epoch [109] Testing Results: Prec@1 31.640 Prec@5 74.070             Loss 4.19719
Epoch [109] Testing Class Recall: [0.666,0.738,0.197,0.254,0.280,0.260,0.181,0.381,0.068,0.139]
Epoch [110] Training Results: Prec@1 87.432 Prec@5 99.603             Loss 0.37632
Epoch [110] Training Class Recall: [0.762,0.880,0.814,0.833,0.879,0.890,0.917,0.908,0.930,0.931]
Epoch [110] Testing Results: Prec@1 30.180 Prec@5 71.520             Loss 3.98103
Epoch [110] Testing Class Recall: [0.681,0.599,0.320,0.310,0.240,0.216,0.320,0.129,0.048,0.155]
Epoch [111] Training Results: Prec@1 88.283 Prec@5 99.595             Loss 0.35573
Epoch [111] Training Class Recall: [0.771,0.894,0.824,0.845,0.886,0.895,0.930,0.912,0.938,0.931]
Epoch [111] Testing Results: Prec@1 29.970 Prec@5 68.600             Loss 4.44064
Epoch [111] Testing Class Recall: [0.515,0.777,0.290,0.238,0.464,0.084,0.242,0.139,0.168,0.080]
Epoch [112] Training Results: Prec@1 88.215 Prec@5 99.655             Loss 0.35492
Epoch [112] Training Class Recall: [0.774,0.895,0.820,0.842,0.881,0.893,0.924,0.915,0.936,0.940]
Epoch [112] Testing Results: Prec@1 32.030 Prec@5 71.590             Loss 4.18296
Epoch [112] Testing Class Recall: [0.579,0.758,0.482,0.165,0.173,0.356,0.243,0.170,0.184,0.093]
Epoch [113] Training Results: Prec@1 88.145 Prec@5 99.685             Loss 0.35592
Epoch [113] Training Class Recall: [0.779,0.889,0.820,0.845,0.882,0.899,0.917,0.913,0.934,0.936]
Epoch [113] Testing Results: Prec@1 33.610 Prec@5 73.000             Loss 4.12601
Epoch [113] Testing Class Recall: [0.740,0.673,0.387,0.282,0.284,0.345,0.143,0.198,0.085,0.224]
Epoch [114] Training Results: Prec@1 88.372 Prec@5 99.695             Loss 0.35005
Epoch [114] Training Class Recall: [0.775,0.886,0.823,0.847,0.890,0.903,0.928,0.911,0.941,0.933]
Epoch [114] Testing Results: Prec@1 32.100 Prec@5 73.010             Loss 4.33203
Epoch [114] Testing Class Recall: [0.528,0.820,0.284,0.490,0.128,0.276,0.224,0.201,0.131,0.128]
Epoch [115] Training Results: Prec@1 88.400 Prec@5 99.658             Loss 0.35202
Epoch [115] Training Class Recall: [0.777,0.895,0.825,0.858,0.882,0.894,0.922,0.916,0.935,0.935]
Epoch [115] Testing Results: Prec@1 27.870 Prec@5 70.090             Loss 4.46218
Epoch [115] Testing Class Recall: [0.776,0.635,0.242,0.148,0.317,0.069,0.138,0.113,0.179,0.170]
Epoch [116] Training Results: Prec@1 88.652 Prec@5 99.640             Loss 0.34433
Epoch [116] Training Class Recall: [0.778,0.894,0.824,0.853,0.892,0.906,0.925,0.916,0.941,0.936]
Epoch [116] Testing Results: Prec@1 32.570 Prec@5 72.530             Loss 4.07940
Epoch [116] Testing Class Recall: [0.555,0.874,0.153,0.197,0.336,0.259,0.473,0.251,0.079,0.080]
Epoch [117] Training Results: Prec@1 88.425 Prec@5 99.647             Loss 0.34830
Epoch [117] Training Class Recall: [0.775,0.892,0.820,0.851,0.884,0.899,0.922,0.916,0.940,0.943]
Epoch [117] Testing Results: Prec@1 28.630 Prec@5 72.950             Loss 4.33922
Epoch [117] Testing Class Recall: [0.619,0.375,0.174,0.313,0.401,0.098,0.236,0.095,0.207,0.345]
Epoch [118] Training Results: Prec@1 88.402 Prec@5 99.658             Loss 0.34808
Epoch [118] Training Class Recall: [0.778,0.900,0.820,0.849,0.890,0.900,0.925,0.914,0.930,0.934]
Epoch [118] Testing Results: Prec@1 33.310 Prec@5 72.220             Loss 4.15310
Epoch [118] Testing Class Recall: [0.456,0.859,0.363,0.255,0.436,0.055,0.339,0.340,0.135,0.093]
Epoch [119] Training Results: Prec@1 88.580 Prec@5 99.688             Loss 0.34483
Epoch [119] Training Class Recall: [0.784,0.893,0.821,0.848,0.894,0.897,0.926,0.920,0.934,0.940]
Epoch [119] Testing Results: Prec@1 31.690 Prec@5 70.260             Loss 4.73872
Epoch [119] Testing Class Recall: [0.551,0.919,0.160,0.488,0.172,0.324,0.212,0.211,0.108,0.024]
Epoch [120] Training Results: Prec@1 87.945 Prec@5 99.695             Loss 0.36067
Epoch [120] Training Class Recall: [0.759,0.895,0.821,0.846,0.876,0.903,0.919,0.914,0.930,0.930]
Epoch [120] Testing Results: Prec@1 32.690 Prec@5 72.910             Loss 3.98679
Epoch [120] Testing Class Recall: [0.635,0.835,0.144,0.491,0.183,0.177,0.360,0.252,0.112,0.080]
Epoch [121] Training Results: Prec@1 88.405 Prec@5 99.670             Loss 0.35040
Epoch [121] Training Class Recall: [0.783,0.897,0.826,0.840,0.893,0.899,0.924,0.916,0.939,0.924]
Epoch [121] Testing Results: Prec@1 31.150 Prec@5 70.140             Loss 4.36097
Epoch [121] Testing Class Recall: [0.570,0.897,0.398,0.076,0.229,0.268,0.189,0.177,0.021,0.290]
Epoch [122] Training Results: Prec@1 88.445 Prec@5 99.682             Loss 0.34859
Epoch [122] Training Class Recall: [0.776,0.892,0.823,0.848,0.882,0.901,0.928,0.918,0.940,0.935]
Epoch [122] Testing Results: Prec@1 32.780 Prec@5 72.790             Loss 4.53709
Epoch [122] Testing Class Recall: [0.765,0.765,0.214,0.231,0.497,0.083,0.306,0.318,0.071,0.028]
Epoch [123] Training Results: Prec@1 88.827 Prec@5 99.607             Loss 0.33989
Epoch [123] Training Class Recall: [0.787,0.903,0.830,0.848,0.893,0.904,0.926,0.915,0.937,0.939]
Epoch [123] Testing Results: Prec@1 29.460 Prec@5 67.180             Loss 4.87440
Epoch [123] Testing Class Recall: [0.467,0.809,0.222,0.420,0.464,0.276,0.065,0.092,0.052,0.079]
Epoch [124] Training Results: Prec@1 88.320 Prec@5 99.665             Loss 0.35222
Epoch [124] Training Class Recall: [0.774,0.900,0.826,0.846,0.877,0.894,0.921,0.913,0.941,0.940]
Epoch [124] Testing Results: Prec@1 30.820 Prec@5 70.540             Loss 4.56913
Epoch [124] Testing Class Recall: [0.272,0.816,0.504,0.371,0.381,0.120,0.347,0.075,0.154,0.042]
Epoch [125] Training Results: Prec@1 88.362 Prec@5 99.630             Loss 0.35622
Epoch [125] Training Class Recall: [0.776,0.896,0.827,0.855,0.881,0.901,0.923,0.913,0.930,0.934]
Epoch [125] Testing Results: Prec@1 32.640 Prec@5 72.320             Loss 4.29471
Epoch [125] Testing Class Recall: [0.759,0.848,0.409,0.252,0.224,0.195,0.188,0.233,0.056,0.100]
Epoch [126] Training Results: Prec@1 89.082 Prec@5 99.692             Loss 0.32843
Epoch [126] Training Class Recall: [0.782,0.904,0.829,0.851,0.898,0.907,0.929,0.920,0.947,0.941]
Epoch [126] Testing Results: Prec@1 31.320 Prec@5 71.860             Loss 4.60924
Epoch [126] Testing Class Recall: [0.483,0.837,0.174,0.260,0.327,0.182,0.067,0.478,0.119,0.205]
Epoch [127] Training Results: Prec@1 87.915 Prec@5 99.627             Loss 0.36359
Epoch [127] Training Class Recall: [0.775,0.887,0.824,0.839,0.878,0.896,0.917,0.917,0.929,0.931]
Epoch [127] Testing Results: Prec@1 30.580 Prec@5 70.800             Loss 4.55989
Epoch [127] Testing Class Recall: [0.366,0.822,0.499,0.461,0.095,0.101,0.103,0.173,0.310,0.128]
Epoch [128] Training Results: Prec@1 88.752 Prec@5 99.700             Loss 0.34014
Epoch [128] Training Class Recall: [0.779,0.897,0.830,0.855,0.880,0.907,0.931,0.917,0.941,0.936]
Epoch [128] Testing Results: Prec@1 29.650 Prec@5 72.400             Loss 4.00503
Epoch [128] Testing Class Recall: [0.478,0.752,0.357,0.226,0.345,0.089,0.158,0.184,0.241,0.135]
Epoch [129] Training Results: Prec@1 89.050 Prec@5 99.707             Loss 0.33223
Epoch [129] Training Class Recall: [0.793,0.899,0.830,0.852,0.894,0.913,0.930,0.911,0.941,0.943]
Epoch [129] Testing Results: Prec@1 31.310 Prec@5 67.880             Loss 4.28447
Epoch [129] Testing Class Recall: [0.674,0.875,0.272,0.130,0.243,0.353,0.067,0.425,0.071,0.021]
Epoch [130] Training Results: Prec@1 88.447 Prec@5 99.660             Loss 0.34710
Epoch [130] Training Class Recall: [0.778,0.899,0.817,0.848,0.886,0.898,0.925,0.916,0.940,0.936]
Epoch [130] Testing Results: Prec@1 30.780 Prec@5 72.390             Loss 4.20919
Epoch [130] Testing Class Recall: [0.564,0.721,0.285,0.373,0.166,0.209,0.202,0.270,0.182,0.106]
Epoch [131] Training Results: Prec@1 88.415 Prec@5 99.615             Loss 0.35428
Epoch [131] Training Class Recall: [0.775,0.900,0.828,0.852,0.883,0.899,0.918,0.917,0.934,0.934]
Epoch [131] Testing Results: Prec@1 31.030 Prec@5 73.820             Loss 3.96069
Epoch [131] Testing Class Recall: [0.473,0.728,0.177,0.278,0.177,0.199,0.484,0.168,0.271,0.148]
Epoch [132] Training Results: Prec@1 88.880 Prec@5 99.667             Loss 0.33606
Epoch [132] Training Class Recall: [0.786,0.902,0.832,0.851,0.883,0.903,0.929,0.919,0.944,0.939]
Epoch [132] Testing Results: Prec@1 31.850 Prec@5 75.060             Loss 4.36241
Epoch [132] Testing Class Recall: [0.350,0.838,0.370,0.209,0.166,0.315,0.335,0.308,0.253,0.041]
Epoch [133] Training Results: Prec@1 88.825 Prec@5 99.662             Loss 0.34111
Epoch [133] Training Class Recall: [0.785,0.896,0.833,0.853,0.897,0.904,0.927,0.917,0.938,0.932]
Epoch [133] Testing Results: Prec@1 28.820 Prec@5 71.070             Loss 4.41214
Epoch [133] Testing Class Recall: [0.604,0.699,0.289,0.267,0.214,0.220,0.111,0.152,0.283,0.043]
Epoch [134] Training Results: Prec@1 89.065 Prec@5 99.700             Loss 0.33662
Epoch [134] Training Class Recall: [0.790,0.905,0.830,0.852,0.893,0.903,0.933,0.917,0.942,0.941]
Epoch [134] Testing Results: Prec@1 31.900 Prec@5 73.210             Loss 4.33785
Epoch [134] Testing Class Recall: [0.589,0.721,0.341,0.160,0.096,0.380,0.128,0.136,0.490,0.149]
Epoch [135] Training Results: Prec@1 88.807 Prec@5 99.682             Loss 0.34233
Epoch [135] Training Class Recall: [0.785,0.903,0.830,0.845,0.889,0.907,0.935,0.914,0.934,0.938]
Epoch [135] Testing Results: Prec@1 31.220 Prec@5 72.500             Loss 4.44474
Epoch [135] Testing Class Recall: [0.749,0.601,0.349,0.206,0.338,0.228,0.049,0.274,0.148,0.180]
Epoch [136] Training Results: Prec@1 88.875 Prec@5 99.682             Loss 0.33149
Epoch [136] Training Class Recall: [0.783,0.903,0.834,0.856,0.888,0.905,0.929,0.918,0.933,0.936]
Epoch [136] Testing Results: Prec@1 31.690 Prec@5 72.100             Loss 4.29111
Epoch [136] Testing Class Recall: [0.517,0.836,0.266,0.110,0.268,0.276,0.282,0.221,0.180,0.213]
Epoch [137] Training Results: Prec@1 89.132 Prec@5 99.722             Loss 0.32496
Epoch [137] Training Class Recall: [0.794,0.904,0.831,0.853,0.894,0.910,0.930,0.922,0.940,0.934]
Epoch [137] Testing Results: Prec@1 32.100 Prec@5 71.050             Loss 4.27957
Epoch [137] Testing Class Recall: [0.544,0.834,0.549,0.164,0.203,0.169,0.253,0.268,0.079,0.147]
Epoch [138] Training Results: Prec@1 88.853 Prec@5 99.685             Loss 0.34029
Epoch [138] Training Class Recall: [0.786,0.903,0.836,0.847,0.882,0.916,0.930,0.912,0.936,0.936]
Epoch [138] Testing Results: Prec@1 28.930 Prec@5 71.710             Loss 5.31965
Epoch [138] Testing Class Recall: [0.437,0.776,0.137,0.255,0.168,0.065,0.202,0.726,0.076,0.051]
Epoch [139] Training Results: Prec@1 89.147 Prec@5 99.667             Loss 0.33243
Epoch [139] Training Class Recall: [0.792,0.906,0.835,0.858,0.889,0.908,0.933,0.919,0.941,0.934]
Epoch [139] Testing Results: Prec@1 30.180 Prec@5 75.020             Loss 4.30771
Epoch [139] Testing Class Recall: [0.486,0.533,0.158,0.504,0.297,0.226,0.329,0.213,0.057,0.215]
Epoch [140] Training Results: Prec@1 88.105 Prec@5 99.637             Loss 0.36278
Epoch [140] Training Class Recall: [0.776,0.884,0.826,0.846,0.875,0.895,0.922,0.912,0.935,0.939]
Epoch [140] Testing Results: Prec@1 32.050 Prec@5 72.660             Loss 4.09099
Epoch [140] Testing Class Recall: [0.583,0.736,0.456,0.485,0.121,0.131,0.186,0.168,0.140,0.199]
Epoch [141] Training Results: Prec@1 89.160 Prec@5 99.662             Loss 0.33342
Epoch [141] Training Class Recall: [0.779,0.899,0.834,0.860,0.891,0.917,0.930,0.925,0.944,0.937]
Epoch [141] Testing Results: Prec@1 29.140 Prec@5 67.090             Loss 5.08445
Epoch [141] Testing Class Recall: [0.604,0.909,0.505,0.236,0.239,0.089,0.069,0.138,0.091,0.034]
Epoch [142] Training Results: Prec@1 88.425 Prec@5 99.673             Loss 0.35058
Epoch [142] Training Class Recall: [0.789,0.898,0.828,0.849,0.886,0.890,0.917,0.916,0.934,0.934]
Epoch [142] Testing Results: Prec@1 31.560 Prec@5 71.750             Loss 4.06283
Epoch [142] Testing Class Recall: [0.566,0.842,0.164,0.212,0.270,0.162,0.248,0.368,0.101,0.223]
Epoch [143] Training Results: Prec@1 88.537 Prec@5 99.645             Loss 0.34630
Epoch [143] Training Class Recall: [0.780,0.896,0.828,0.860,0.887,0.904,0.927,0.908,0.936,0.926]
Epoch [143] Testing Results: Prec@1 32.500 Prec@5 71.480             Loss 3.94166
Epoch [143] Testing Class Recall: [0.433,0.844,0.341,0.095,0.275,0.329,0.112,0.522,0.199,0.100]
Epoch [144] Training Results: Prec@1 88.790 Prec@5 99.670             Loss 0.33738
Epoch [144] Training Class Recall: [0.783,0.898,0.849,0.851,0.884,0.906,0.926,0.913,0.933,0.935]
Epoch [144] Testing Results: Prec@1 31.980 Prec@5 72.470             Loss 4.50664
Epoch [144] Testing Class Recall: [0.680,0.593,0.337,0.452,0.332,0.256,0.079,0.232,0.167,0.070]
Epoch [145] Training Results: Prec@1 89.027 Prec@5 99.682             Loss 0.33331
Epoch [145] Training Class Recall: [0.785,0.903,0.841,0.853,0.894,0.902,0.920,0.921,0.941,0.942]
Epoch [145] Testing Results: Prec@1 30.530 Prec@5 70.940             Loss 4.41163
Epoch [145] Testing Class Recall: [0.559,0.831,0.230,0.412,0.196,0.109,0.206,0.236,0.133,0.141]
Epoch [146] Training Results: Prec@1 88.647 Prec@5 99.685             Loss 0.34173
Epoch [146] Training Class Recall: [0.786,0.901,0.828,0.850,0.887,0.895,0.927,0.913,0.939,0.937]
Epoch [146] Testing Results: Prec@1 32.550 Prec@5 72.250             Loss 4.48933
Epoch [146] Testing Class Recall: [0.500,0.847,0.371,0.105,0.413,0.279,0.269,0.289,0.123,0.059]
Epoch [147] Training Results: Prec@1 89.000 Prec@5 99.705             Loss 0.33082
Epoch [147] Training Class Recall: [0.792,0.897,0.830,0.858,0.894,0.907,0.925,0.920,0.937,0.938]
Epoch [147] Testing Results: Prec@1 30.640 Prec@5 72.380             Loss 4.77650
Epoch [147] Testing Class Recall: [0.618,0.472,0.306,0.532,0.470,0.116,0.070,0.137,0.129,0.214]
Epoch [148] Training Results: Prec@1 88.737 Prec@5 99.700             Loss 0.34063
Epoch [148] Training Class Recall: [0.786,0.899,0.834,0.856,0.883,0.903,0.925,0.917,0.939,0.932]
Epoch [148] Testing Results: Prec@1 31.810 Prec@5 71.020             Loss 4.69280
Epoch [148] Testing Class Recall: [0.733,0.691,0.269,0.480,0.208,0.221,0.158,0.289,0.116,0.016]
Epoch [149] Training Results: Prec@1 88.800 Prec@5 99.690             Loss 0.33683
Epoch [149] Training Class Recall: [0.786,0.904,0.829,0.861,0.888,0.902,0.928,0.910,0.935,0.937]
Epoch [149] Testing Results: Prec@1 32.020 Prec@5 71.950             Loss 3.99268
Epoch [149] Testing Class Recall: [0.522,0.793,0.434,0.086,0.348,0.128,0.385,0.301,0.067,0.138]
Epoch [150] Training Results: Prec@1 89.127 Prec@5 99.642             Loss 0.33248
Epoch [150] Training Class Recall: [0.789,0.902,0.830,0.860,0.892,0.916,0.925,0.922,0.938,0.939]
Epoch [150] Testing Results: Prec@1 33.350 Prec@5 72.390             Loss 3.82362
Epoch [150] Testing Class Recall: [0.647,0.714,0.377,0.166,0.284,0.212,0.322,0.441,0.049,0.123]
Epoch [151] Training Results: Prec@1 88.947 Prec@5 99.700             Loss 0.33162
Epoch [151] Training Class Recall: [0.782,0.904,0.836,0.848,0.892,0.905,0.931,0.916,0.939,0.942]
Epoch [151] Testing Results: Prec@1 30.060 Prec@5 72.870             Loss 4.99989
Epoch [151] Testing Class Recall: [0.421,0.627,0.173,0.664,0.291,0.093,0.304,0.219,0.164,0.050]
Epoch [152] Training Results: Prec@1 89.365 Prec@5 99.705             Loss 0.32156
Epoch [152] Training Class Recall: [0.795,0.907,0.826,0.860,0.900,0.910,0.929,0.926,0.944,0.940]
Epoch [152] Testing Results: Prec@1 32.410 Prec@5 75.320             Loss 4.77161
Epoch [152] Testing Class Recall: [0.396,0.740,0.317,0.299,0.315,0.552,0.153,0.140,0.218,0.111]
Epoch [153] Training Results: Prec@1 88.207 Prec@5 99.612             Loss 0.35560
Epoch [153] Training Class Recall: [0.780,0.899,0.819,0.856,0.872,0.895,0.915,0.915,0.936,0.932]
Epoch [153] Testing Results: Prec@1 30.830 Prec@5 71.200             Loss 4.32156
Epoch [153] Testing Class Recall: [0.554,0.620,0.358,0.325,0.355,0.150,0.212,0.171,0.192,0.146]
Epoch [154] Training Results: Prec@1 89.200 Prec@5 99.692             Loss 0.32441
Epoch [154] Training Class Recall: [0.788,0.911,0.833,0.856,0.897,0.902,0.929,0.912,0.949,0.943]
Epoch [154] Testing Results: Prec@1 32.070 Prec@5 73.450             Loss 3.87142
Epoch [154] Testing Class Recall: [0.589,0.656,0.435,0.143,0.437,0.322,0.140,0.167,0.078,0.240]
Epoch [155] Training Results: Prec@1 89.007 Prec@5 99.757             Loss 0.32972
Epoch [155] Training Class Recall: [0.794,0.903,0.834,0.852,0.893,0.904,0.927,0.916,0.941,0.937]
Epoch [155] Testing Results: Prec@1 33.120 Prec@5 72.220             Loss 4.38056
Epoch [155] Testing Class Recall: [0.579,0.839,0.433,0.359,0.216,0.199,0.368,0.100,0.052,0.167]
Epoch [156] Training Results: Prec@1 88.577 Prec@5 99.697             Loss 0.34673
Epoch [156] Training Class Recall: [0.785,0.900,0.828,0.847,0.888,0.906,0.924,0.915,0.932,0.931]
Epoch [156] Testing Results: Prec@1 31.750 Prec@5 69.610             Loss 4.62058
Epoch [156] Testing Class Recall: [0.496,0.853,0.374,0.361,0.186,0.358,0.354,0.130,0.053,0.010]
Epoch [157] Training Results: Prec@1 89.345 Prec@5 99.697             Loss 0.32429
Epoch [157] Training Class Recall: [0.789,0.901,0.838,0.861,0.899,0.909,0.930,0.926,0.941,0.941]
Epoch [157] Testing Results: Prec@1 31.410 Prec@5 71.900             Loss 4.15394
Epoch [157] Testing Class Recall: [0.591,0.828,0.289,0.236,0.273,0.232,0.082,0.262,0.253,0.095]
Epoch [158] Training Results: Prec@1 88.845 Prec@5 99.695             Loss 0.33726
Epoch [158] Training Class Recall: [0.784,0.896,0.838,0.853,0.890,0.903,0.927,0.918,0.940,0.935]
Epoch [158] Testing Results: Prec@1 33.440 Prec@5 72.950             Loss 3.93853
Epoch [158] Testing Class Recall: [0.597,0.752,0.317,0.162,0.298,0.320,0.385,0.295,0.158,0.060]
Epoch [159] Training Results: Prec@1 89.317 Prec@5 99.725             Loss 0.32206
Epoch [159] Training Class Recall: [0.793,0.904,0.839,0.864,0.892,0.911,0.928,0.918,0.934,0.948]
Epoch [159] Testing Results: Prec@1 31.090 Prec@5 73.380             Loss 4.15352
Epoch [159] Testing Class Recall: [0.315,0.721,0.203,0.454,0.328,0.196,0.273,0.422,0.147,0.050]
Epoch [160] Training Results: Prec@1 93.255 Prec@5 99.877             Loss 0.21038
Epoch [160] Training Class Recall: [0.844,0.936,0.879,0.922,0.935,0.942,0.965,0.967,0.979,0.958]
Epoch [160] Testing Results: Prec@1 35.690 Prec@5 74.650             Loss 3.69478
Epoch [160] Testing Class Recall: [0.605,0.828,0.430,0.388,0.295,0.232,0.247,0.319,0.127,0.098]
Epoch [161] Training Results: Prec@1 95.930 Prec@5 99.950             Loss 0.13725
Epoch [161] Training Class Recall: [0.897,0.952,0.926,0.947,0.964,0.971,0.984,0.978,0.991,0.985]
Epoch [161] Testing Results: Prec@1 35.820 Prec@5 74.380             Loss 3.78407
Epoch [161] Testing Class Recall: [0.628,0.836,0.448,0.405,0.320,0.202,0.225,0.304,0.123,0.091]
Epoch [162] Training Results: Prec@1 96.772 Prec@5 99.955             Loss 0.11227
Epoch [162] Training Class Recall: [0.910,0.959,0.951,0.953,0.973,0.979,0.987,0.985,0.990,0.992]
Epoch [162] Testing Results: Prec@1 35.650 Prec@5 74.160             Loss 3.80308
Epoch [162] Testing Class Recall: [0.635,0.847,0.464,0.389,0.307,0.204,0.230,0.286,0.113,0.090]
Epoch [163] Training Results: Prec@1 97.215 Prec@5 99.960             Loss 0.09942
Epoch [163] Training Class Recall: [0.920,0.970,0.951,0.962,0.979,0.981,0.991,0.985,0.990,0.994]
Epoch [163] Testing Results: Prec@1 35.760 Prec@5 73.920             Loss 3.84861
Epoch [163] Testing Class Recall: [0.661,0.849,0.457,0.382,0.312,0.199,0.257,0.268,0.119,0.072]
Epoch [164] Training Results: Prec@1 97.408 Prec@5 99.967             Loss 0.09250
Epoch [164] Training Class Recall: [0.928,0.964,0.952,0.964,0.981,0.983,0.992,0.990,0.993,0.995]
Epoch [164] Testing Results: Prec@1 35.620 Prec@5 73.790             Loss 3.85800
Epoch [164] Testing Class Recall: [0.676,0.842,0.433,0.395,0.317,0.182,0.262,0.260,0.122,0.073]
Epoch [165] Training Results: Prec@1 97.730 Prec@5 99.957             Loss 0.08664
Epoch [165] Training Class Recall: [0.932,0.974,0.961,0.965,0.985,0.984,0.993,0.991,0.995,0.994]
Epoch [165] Testing Results: Prec@1 35.690 Prec@5 73.790             Loss 3.88198
Epoch [165] Testing Class Recall: [0.686,0.845,0.436,0.399,0.294,0.199,0.262,0.261,0.109,0.078]
Epoch [166] Training Results: Prec@1 98.000 Prec@5 99.965             Loss 0.07882
Epoch [166] Training Class Recall: [0.937,0.975,0.966,0.966,0.987,0.991,0.997,0.991,0.995,0.996]
Epoch [166] Testing Results: Prec@1 35.660 Prec@5 73.930             Loss 3.89183
Epoch [166] Testing Class Recall: [0.678,0.841,0.443,0.389,0.325,0.193,0.240,0.259,0.104,0.094]
Epoch [167] Training Results: Prec@1 98.000 Prec@5 99.972             Loss 0.07728
Epoch [167] Training Class Recall: [0.939,0.976,0.965,0.967,0.983,0.991,0.996,0.992,0.995,0.997]
Epoch [167] Testing Results: Prec@1 35.660 Prec@5 73.750             Loss 3.94668
Epoch [167] Testing Class Recall: [0.683,0.851,0.429,0.393,0.287,0.219,0.251,0.268,0.109,0.076]
Epoch [168] Training Results: Prec@1 98.210 Prec@5 99.972             Loss 0.07035
Epoch [168] Training Class Recall: [0.939,0.978,0.965,0.975,0.991,0.988,0.997,0.995,0.996,0.997]
Epoch [168] Testing Results: Prec@1 35.840 Prec@5 73.790             Loss 3.93677
Epoch [168] Testing Class Recall: [0.691,0.853,0.458,0.390,0.313,0.196,0.219,0.262,0.111,0.091]
Epoch [169] Training Results: Prec@1 98.192 Prec@5 99.975             Loss 0.07068
Epoch [169] Training Class Recall: [0.940,0.978,0.964,0.976,0.988,0.992,0.994,0.994,0.997,0.997]
Epoch [169] Testing Results: Prec@1 35.750 Prec@5 73.490             Loss 4.01590
Epoch [169] Testing Class Recall: [0.697,0.852,0.451,0.384,0.306,0.206,0.231,0.268,0.101,0.079]
Epoch [170] Training Results: Prec@1 98.360 Prec@5 99.978             Loss 0.06603
Epoch [170] Training Class Recall: [0.948,0.978,0.969,0.974,0.991,0.994,0.995,0.994,0.996,0.997]
Epoch [170] Testing Results: Prec@1 35.820 Prec@5 73.750             Loss 3.99895
Epoch [170] Testing Class Recall: [0.702,0.837,0.453,0.413,0.288,0.189,0.238,0.272,0.112,0.078]
Epoch [171] Training Results: Prec@1 98.510 Prec@5 99.980             Loss 0.06230
Epoch [171] Training Class Recall: [0.950,0.981,0.975,0.974,0.989,0.995,0.997,0.994,0.998,0.998]
Epoch [171] Testing Results: Prec@1 35.860 Prec@5 73.560             Loss 4.02383
Epoch [171] Testing Class Recall: [0.706,0.847,0.457,0.404,0.305,0.191,0.248,0.247,0.102,0.079]
Epoch [172] Training Results: Prec@1 98.460 Prec@5 99.975             Loss 0.06221
Epoch [172] Training Class Recall: [0.953,0.980,0.969,0.978,0.990,0.990,0.996,0.996,0.998,0.998]
Epoch [172] Testing Results: Prec@1 35.780 Prec@5 73.580             Loss 4.03457
Epoch [172] Testing Class Recall: [0.701,0.851,0.472,0.394,0.286,0.182,0.244,0.261,0.105,0.082]
Epoch [173] Training Results: Prec@1 98.482 Prec@5 99.990             Loss 0.05998
Epoch [173] Training Class Recall: [0.951,0.981,0.971,0.979,0.988,0.994,0.996,0.994,0.997,0.998]
Epoch [173] Testing Results: Prec@1 36.030 Prec@5 73.670             Loss 4.03276
Epoch [173] Testing Class Recall: [0.691,0.850,0.462,0.383,0.324,0.215,0.233,0.247,0.107,0.091]
Epoch [174] Training Results: Prec@1 98.560 Prec@5 99.980             Loss 0.05788
Epoch [174] Training Class Recall: [0.955,0.981,0.972,0.981,0.989,0.993,0.996,0.995,0.997,0.998]
Epoch [174] Testing Results: Prec@1 35.650 Prec@5 73.570             Loss 4.07804
Epoch [174] Testing Class Recall: [0.703,0.856,0.435,0.401,0.311,0.199,0.238,0.240,0.105,0.077]
Epoch [175] Training Results: Prec@1 98.603 Prec@5 99.980             Loss 0.05720
Epoch [175] Training Class Recall: [0.953,0.981,0.974,0.978,0.993,0.994,0.997,0.997,0.997,0.998]
Epoch [175] Testing Results: Prec@1 35.810 Prec@5 73.960             Loss 4.07007
Epoch [175] Testing Class Recall: [0.691,0.849,0.457,0.400,0.316,0.196,0.248,0.233,0.103,0.088]
Epoch [176] Training Results: Prec@1 98.665 Prec@5 99.980             Loss 0.05450
Epoch [176] Training Class Recall: [0.956,0.983,0.977,0.980,0.993,0.991,0.996,0.995,0.998,0.999]
Epoch [176] Testing Results: Prec@1 35.870 Prec@5 73.510             Loss 4.10082
Epoch [176] Testing Class Recall: [0.706,0.842,0.454,0.415,0.307,0.192,0.255,0.238,0.099,0.079]
Epoch [177] Training Results: Prec@1 98.670 Prec@5 99.975             Loss 0.05338
Epoch [177] Training Class Recall: [0.957,0.980,0.978,0.980,0.993,0.993,0.996,0.995,0.998,0.998]
Epoch [177] Testing Results: Prec@1 35.560 Prec@5 73.570             Loss 4.13984
Epoch [177] Testing Class Recall: [0.708,0.842,0.459,0.416,0.288,0.192,0.241,0.229,0.104,0.077]
Epoch [178] Training Results: Prec@1 98.783 Prec@5 99.978             Loss 0.05063
Epoch [178] Training Class Recall: [0.962,0.988,0.976,0.980,0.992,0.993,0.998,0.995,0.999,0.998]
Epoch [178] Testing Results: Prec@1 35.750 Prec@5 73.490             Loss 4.13347
Epoch [178] Testing Class Recall: [0.696,0.837,0.461,0.414,0.330,0.181,0.240,0.252,0.087,0.077]
Epoch [179] Training Results: Prec@1 98.817 Prec@5 99.982             Loss 0.04950
Epoch [179] Training Class Recall: [0.960,0.983,0.978,0.986,0.994,0.993,0.998,0.997,0.998,0.997]
Epoch [179] Testing Results: Prec@1 35.560 Prec@5 73.470             Loss 4.12466
Epoch [179] Testing Class Recall: [0.706,0.847,0.464,0.391,0.292,0.194,0.251,0.227,0.102,0.082]
Epoch [180] Training Results: Prec@1 98.935 Prec@5 99.982             Loss 0.04755
Epoch [180] Training Class Recall: [0.968,0.985,0.980,0.983,0.993,0.993,0.997,0.997,0.998,0.999]
Epoch [180] Testing Results: Prec@1 35.770 Prec@5 73.920             Loss 4.08145
Epoch [180] Testing Class Recall: [0.701,0.837,0.475,0.384,0.313,0.191,0.236,0.241,0.111,0.088]
Epoch [181] Training Results: Prec@1 98.880 Prec@5 99.982             Loss 0.04918
Epoch [181] Training Class Recall: [0.963,0.987,0.977,0.981,0.994,0.995,0.999,0.996,0.999,1.000]
Epoch [181] Testing Results: Prec@1 35.760 Prec@5 73.620             Loss 4.11840
Epoch [181] Testing Class Recall: [0.711,0.844,0.468,0.387,0.307,0.189,0.226,0.256,0.102,0.086]
Epoch [182] Training Results: Prec@1 98.840 Prec@5 99.987             Loss 0.04820
Epoch [182] Training Class Recall: [0.963,0.986,0.977,0.981,0.993,0.994,0.997,0.996,0.999,0.999]
Epoch [182] Testing Results: Prec@1 36.140 Prec@5 73.720             Loss 4.12086
Epoch [182] Testing Class Recall: [0.707,0.852,0.455,0.389,0.309,0.222,0.233,0.258,0.095,0.094]
Epoch [183] Training Results: Prec@1 98.815 Prec@5 99.970             Loss 0.04961
Epoch [183] Training Class Recall: [0.964,0.983,0.980,0.980,0.992,0.994,0.997,0.996,0.999,0.998]
Epoch [183] Testing Results: Prec@1 35.750 Prec@5 73.660             Loss 4.14227
Epoch [183] Testing Class Recall: [0.699,0.841,0.467,0.410,0.303,0.196,0.251,0.236,0.099,0.073]
Epoch [184] Training Results: Prec@1 98.755 Prec@5 99.987             Loss 0.04991
Epoch [184] Training Class Recall: [0.957,0.983,0.974,0.981,0.994,0.993,0.998,0.998,0.999,0.999]
Epoch [184] Testing Results: Prec@1 35.820 Prec@5 73.580             Loss 4.13183
Epoch [184] Testing Class Recall: [0.702,0.858,0.446,0.400,0.307,0.207,0.225,0.251,0.107,0.079]
Epoch [185] Training Results: Prec@1 98.847 Prec@5 99.980             Loss 0.04876
Epoch [185] Training Class Recall: [0.961,0.986,0.976,0.983,0.992,0.995,0.998,0.997,0.999,1.000]
Epoch [185] Testing Results: Prec@1 35.660 Prec@5 73.640             Loss 4.10739
Epoch [185] Testing Class Recall: [0.706,0.835,0.475,0.399,0.297,0.188,0.248,0.229,0.104,0.085]
Epoch [186] Training Results: Prec@1 98.795 Prec@5 99.985             Loss 0.04971
Epoch [186] Training Class Recall: [0.962,0.982,0.977,0.980,0.993,0.997,0.998,0.997,0.998,0.998]
Epoch [186] Testing Results: Prec@1 35.750 Prec@5 73.700             Loss 4.10558
Epoch [186] Testing Class Recall: [0.712,0.843,0.451,0.390,0.295,0.187,0.260,0.252,0.100,0.085]
Epoch [187] Training Results: Prec@1 98.875 Prec@5 99.982             Loss 0.04796
Epoch [187] Training Class Recall: [0.958,0.987,0.978,0.984,0.993,0.995,0.998,0.998,0.999,0.998]
Epoch [187] Testing Results: Prec@1 36.030 Prec@5 73.870             Loss 4.10277
Epoch [187] Testing Class Recall: [0.712,0.847,0.462,0.393,0.299,0.189,0.263,0.244,0.111,0.083]
Epoch [188] Training Results: Prec@1 98.845 Prec@5 99.980             Loss 0.04816
Epoch [188] Training Class Recall: [0.960,0.985,0.977,0.981,0.994,0.995,0.998,0.997,0.999,0.999]
Epoch [188] Testing Results: Prec@1 35.570 Prec@5 73.420             Loss 4.15905
Epoch [188] Testing Class Recall: [0.715,0.848,0.467,0.392,0.284,0.194,0.245,0.243,0.094,0.075]
Epoch [189] Training Results: Prec@1 98.872 Prec@5 99.987             Loss 0.04801
Epoch [189] Training Class Recall: [0.957,0.986,0.980,0.984,0.995,0.997,0.998,0.997,0.998,0.998]
Epoch [189] Testing Results: Prec@1 35.570 Prec@5 73.510             Loss 4.15764
Epoch [189] Testing Class Recall: [0.719,0.835,0.472,0.387,0.292,0.177,0.247,0.243,0.102,0.083]
Epoch [190] Training Results: Prec@1 98.875 Prec@5 99.972             Loss 0.04792
Epoch [190] Training Class Recall: [0.962,0.983,0.978,0.983,0.993,0.996,0.999,0.997,0.999,0.999]
Epoch [190] Testing Results: Prec@1 35.800 Prec@5 73.610             Loss 4.12587
Epoch [190] Testing Class Recall: [0.695,0.847,0.450,0.409,0.300,0.196,0.253,0.235,0.104,0.091]
Epoch [191] Training Results: Prec@1 98.890 Prec@5 99.987             Loss 0.04823
Epoch [191] Training Class Recall: [0.962,0.985,0.979,0.981,0.993,0.997,0.998,0.997,1.000,0.999]
Epoch [191] Testing Results: Prec@1 35.760 Prec@5 73.560             Loss 4.12224
Epoch [191] Testing Class Recall: [0.704,0.846,0.464,0.392,0.292,0.198,0.245,0.255,0.096,0.084]
Epoch [192] Training Results: Prec@1 98.827 Prec@5 99.980             Loss 0.04806
Epoch [192] Training Class Recall: [0.961,0.983,0.978,0.981,0.993,0.995,0.998,0.997,0.998,1.000]
Epoch [192] Testing Results: Prec@1 35.890 Prec@5 73.860             Loss 4.11426
Epoch [192] Testing Class Recall: [0.693,0.843,0.473,0.385,0.314,0.191,0.259,0.247,0.097,0.087]
Epoch [193] Training Results: Prec@1 98.757 Prec@5 99.985             Loss 0.04952
Epoch [193] Training Class Recall: [0.958,0.984,0.977,0.982,0.991,0.996,0.997,0.996,0.997,0.998]
Epoch [193] Testing Results: Prec@1 35.670 Prec@5 73.690             Loss 4.12394
Epoch [193] Testing Class Recall: [0.696,0.852,0.474,0.391,0.293,0.189,0.240,0.242,0.110,0.080]
Epoch [194] Training Results: Prec@1 98.895 Prec@5 99.970             Loss 0.04888
Epoch [194] Training Class Recall: [0.964,0.988,0.977,0.984,0.991,0.996,0.998,0.995,0.998,1.000]
Epoch [194] Testing Results: Prec@1 35.670 Prec@5 73.440             Loss 4.11627
Epoch [194] Testing Class Recall: [0.708,0.851,0.459,0.376,0.304,0.196,0.248,0.233,0.107,0.085]
Epoch [195] Training Results: Prec@1 98.870 Prec@5 99.980             Loss 0.04850
Epoch [195] Training Class Recall: [0.965,0.985,0.980,0.980,0.994,0.996,0.998,0.995,0.998,0.998]
Epoch [195] Testing Results: Prec@1 35.750 Prec@5 73.540             Loss 4.11765
Epoch [195] Testing Class Recall: [0.711,0.850,0.464,0.378,0.297,0.186,0.249,0.243,0.113,0.084]
Epoch [196] Training Results: Prec@1 98.837 Prec@5 99.982             Loss 0.04956
Epoch [196] Training Class Recall: [0.960,0.986,0.980,0.982,0.993,0.994,0.998,0.996,0.997,0.999]
Epoch [196] Testing Results: Prec@1 35.870 Prec@5 73.740             Loss 4.13391
Epoch [196] Testing Class Recall: [0.709,0.844,0.454,0.409,0.292,0.202,0.237,0.246,0.112,0.082]
Epoch [197] Training Results: Prec@1 98.777 Prec@5 99.993             Loss 0.04958
Epoch [197] Training Class Recall: [0.958,0.983,0.977,0.982,0.993,0.994,0.998,0.997,0.999,0.998]
Epoch [197] Testing Results: Prec@1 35.720 Prec@5 73.530             Loss 4.14821
Epoch [197] Testing Class Recall: [0.700,0.843,0.471,0.398,0.291,0.210,0.225,0.253,0.095,0.086]
Epoch [198] Training Results: Prec@1 98.728 Prec@5 99.978             Loss 0.05048
Epoch [198] Training Class Recall: [0.959,0.986,0.973,0.977,0.993,0.994,0.998,0.997,0.999,0.998]
Epoch [198] Testing Results: Prec@1 35.770 Prec@5 73.530             Loss 4.12586
Epoch [198] Testing Class Recall: [0.702,0.855,0.465,0.388,0.287,0.204,0.257,0.231,0.106,0.082]
Epoch [199] Training Results: Prec@1 98.817 Prec@5 99.982             Loss 0.04896
Epoch [199] Training Class Recall: [0.960,0.987,0.981,0.981,0.991,0.994,0.998,0.995,0.999,0.999]
Epoch [199] Testing Results: Prec@1 35.620 Prec@5 73.480             Loss 4.13860
Epoch [199] Testing Class Recall: [0.720,0.829,0.455,0.384,0.304,0.214,0.226,0.251,0.092,0.087]
