Log file: cifar10_sava0.9_erm_exp1.0_seed42_20260615_151047.log
Run started: 2026-06-15 15:10:47.325947
Dataset: cifar10
Imbalance type: exp, factor: 1.0
Selection method: sava, ratio: 0.9
Strategy: ERM, epochs: 200
Seed: 42, rand_number: 0
Augmentation: weak
Noise ratio: 0.25
mamix_ratio: 1.0
============================================================

=> No CSV or TensorBoard logging – only console and debug log.
-----------------------------------------------
Class ID   | Original   | Selected   | Keep %  
-----------------------------------------------
0          | 5000       | 3841       |   76.8%
1          | 5000       | 4735       |   94.7%
2          | 5000       | 4701       |   94.0%
3          | 5000       | 4533       |   90.7%
4          | 5000       | 4696       |   93.9%
5          | 5000       | 4385       |   87.7%
6          | 5000       | 4506       |   90.1%
7          | 5000       | 4672       |   93.4%
8          | 5000       | 4438       |   88.8%
9          | 5000       | 4493       |   89.9%
-----------------------------------------------
TOTAL      | 50000      | 45000      |   90.0%
-----------------------------------------------
Epoch [0] Training Results: Prec@1 36.571 Prec@5 87.173 Loss 1.69325
Epoch [0] Training Class Recall: [0.291,0.540,0.238,0.242,0.293,0.284,0.413,0.428,0.497,0.419]
Epoch [0] Testing Results: Prec@1 42.610 Prec@5 90.580 Loss 1.72223
Epoch [0] Testing Class Recall: [0.526,0.887,0.047,0.100,0.344,0.401,0.483,0.719,0.233,0.521]
Epoch [1] Training Results: Prec@1 54.267 Prec@5 94.353 Loss 1.25902
Epoch [1] Training Class Recall: [0.506,0.723,0.413,0.322,0.429,0.454,0.638,0.596,0.677,0.664]
Epoch [1] Testing Results: Prec@1 59.080 Prec@5 95.550 Loss 1.18386
Epoch [1] Testing Class Recall: [0.697,0.829,0.692,0.181,0.358,0.623,0.690,0.633,0.672,0.533]
Epoch [2] Training Results: Prec@1 63.544 Prec@5 96.489 Loss 1.02172
Epoch [2] Training Class Recall: [0.602,0.813,0.520,0.402,0.566,0.526,0.695,0.680,0.771,0.773]
Epoch [2] Testing Results: Prec@1 59.050 Prec@5 95.880 Loss 1.26687
Epoch [2] Testing Class Recall: [0.331,0.856,0.413,0.706,0.679,0.566,0.378,0.212,0.875,0.889]
Epoch [3] Training Results: Prec@1 69.951 Prec@5 97.713 Loss 0.85216
Epoch [3] Training Class Recall: [0.671,0.857,0.586,0.509,0.650,0.586,0.754,0.742,0.821,0.813]
Epoch [3] Testing Results: Prec@1 71.050 Prec@5 98.130 Loss 0.83130
Epoch [3] Testing Class Recall: [0.822,0.923,0.468,0.413,0.634,0.655,0.868,0.874,0.832,0.616]
Epoch [4] Training Results: Prec@1 73.773 Prec@5 98.264 Loss 0.75346
Epoch [4] Training Class Recall: [0.715,0.876,0.644,0.569,0.714,0.617,0.785,0.781,0.838,0.830]
Epoch [4] Testing Results: Prec@1 68.340 Prec@5 96.950 Loss 0.98164
Epoch [4] Testing Class Recall: [0.709,0.925,0.613,0.158,0.612,0.782,0.926,0.388,0.949,0.772]
Epoch [5] Training Results: Prec@1 77.358 Prec@5 98.544 Loss 0.65618
Epoch [5] Training Class Recall: [0.770,0.896,0.686,0.609,0.751,0.655,0.819,0.813,0.873,0.861]
Epoch [5] Testing Results: Prec@1 75.090 Prec@5 98.340 Loss 0.74281
Epoch [5] Testing Class Recall: [0.748,0.884,0.767,0.761,0.559,0.474,0.900,0.818,0.840,0.758]
Epoch [6] Training Results: Prec@1 79.122 Prec@5 98.831 Loss 0.60209
Epoch [6] Training Class Recall: [0.785,0.904,0.722,0.638,0.784,0.683,0.826,0.818,0.880,0.869]
Epoch [6] Testing Results: Prec@1 74.760 Prec@5 98.600 Loss 0.81007
Epoch [6] Testing Class Recall: [0.646,0.949,0.692,0.476,0.721,0.624,0.956,0.746,0.880,0.786]
Epoch [7] Training Results: Prec@1 80.633 Prec@5 99.038 Loss 0.55844
Epoch [7] Training Class Recall: [0.796,0.910,0.738,0.669,0.793,0.704,0.841,0.840,0.890,0.877]
Epoch [7] Testing Results: Prec@1 77.480 Prec@5 98.210 Loss 0.67709
Epoch [7] Testing Class Recall: [0.870,0.939,0.624,0.693,0.744,0.723,0.590,0.803,0.826,0.936]
Epoch [8] Training Results: Prec@1 82.142 Prec@5 99.124 Loss 0.52209
Epoch [8] Training Class Recall: [0.815,0.920,0.763,0.686,0.816,0.713,0.863,0.850,0.897,0.887]
Epoch [8] Testing Results: Prec@1 73.170 Prec@5 98.580 Loss 0.83554
Epoch [8] Testing Class Recall: [0.583,0.875,0.811,0.788,0.797,0.402,0.677,0.703,0.981,0.700]
Epoch [9] Training Results: Prec@1 82.562 Prec@5 99.224 Loss 0.50436
Epoch [9] Training Class Recall: [0.820,0.917,0.774,0.680,0.821,0.722,0.861,0.870,0.903,0.884]
Epoch [9] Testing Results: Prec@1 74.210 Prec@5 98.520 Loss 0.79169
Epoch [9] Testing Class Recall: [0.858,0.982,0.536,0.663,0.543,0.886,0.808,0.767,0.656,0.722]
Epoch [10] Training Results: Prec@1 83.293 Prec@5 99.204 Loss 0.48042
Epoch [10] Training Class Recall: [0.823,0.927,0.780,0.699,0.826,0.738,0.875,0.858,0.897,0.901]
Epoch [10] Testing Results: Prec@1 81.510 Prec@5 98.950 Loss 0.53596
Epoch [10] Testing Class Recall: [0.730,0.948,0.747,0.569,0.892,0.839,0.849,0.843,0.833,0.901]
Epoch [11] Training Results: Prec@1 83.982 Prec@5 99.329 Loss 0.46519
Epoch [11] Training Class Recall: [0.836,0.922,0.791,0.701,0.839,0.747,0.878,0.870,0.910,0.899]
Epoch [11] Testing Results: Prec@1 75.380 Prec@5 98.690 Loss 0.71335
Epoch [11] Testing Class Recall: [0.812,0.956,0.898,0.734,0.762,0.621,0.643,0.592,0.869,0.651]
Epoch [12] Training Results: Prec@1 84.240 Prec@5 99.338 Loss 0.45142
Epoch [12] Training Class Recall: [0.840,0.922,0.800,0.712,0.835,0.746,0.880,0.875,0.910,0.899]
Epoch [12] Testing Results: Prec@1 81.100 Prec@5 99.200 Loss 0.58105
Epoch [12] Testing Class Recall: [0.832,0.932,0.842,0.456,0.830,0.851,0.744,0.796,0.919,0.908]
Epoch [13] Training Results: Prec@1 84.733 Prec@5 99.413 Loss 0.43933
Epoch [13] Training Class Recall: [0.849,0.928,0.800,0.718,0.841,0.756,0.885,0.876,0.915,0.902]
Epoch [13] Testing Results: Prec@1 75.390 Prec@5 98.270 Loss 0.77037
Epoch [13] Testing Class Recall: [0.614,0.624,0.530,0.525,0.771,0.887,0.859,0.899,0.860,0.970]
Epoch [14] Training Results: Prec@1 85.289 Prec@5 99.458 Loss 0.42651
Epoch [14] Training Class Recall: [0.851,0.931,0.812,0.726,0.853,0.756,0.888,0.887,0.916,0.904]
Epoch [14] Testing Results: Prec@1 78.860 Prec@5 98.970 Loss 0.65397
Epoch [14] Testing Class Recall: [0.634,0.919,0.638,0.865,0.834,0.724,0.712,0.754,0.898,0.908]
Epoch [15] Training Results: Prec@1 85.729 Prec@5 99.462 Loss 0.41232
Epoch [15] Training Class Recall: [0.857,0.934,0.815,0.739,0.858,0.760,0.893,0.884,0.920,0.909]
Epoch [15] Testing Results: Prec@1 78.800 Prec@5 98.910 Loss 0.63277
Epoch [15] Testing Class Recall: [0.783,0.938,0.753,0.497,0.752,0.917,0.643,0.848,0.852,0.897]
Epoch [16] Training Results: Prec@1 86.218 Prec@5 99.440 Loss 0.40273
Epoch [16] Training Class Recall: [0.854,0.937,0.816,0.752,0.861,0.776,0.897,0.894,0.921,0.909]
Epoch [16] Testing Results: Prec@1 82.550 Prec@5 98.840 Loss 0.51000
Epoch [16] Testing Class Recall: [0.864,0.975,0.758,0.771,0.771,0.661,0.853,0.847,0.941,0.814]
Epoch [17] Training Results: Prec@1 86.433 Prec@5 99.513 Loss 0.39319
Epoch [17] Training Class Recall: [0.864,0.938,0.832,0.752,0.865,0.767,0.889,0.894,0.922,0.913]
Epoch [17] Testing Results: Prec@1 80.110 Prec@5 99.130 Loss 0.60200
Epoch [17] Testing Class Recall: [0.617,0.867,0.777,0.394,0.904,0.855,0.902,0.810,0.970,0.915]
Epoch [18] Training Results: Prec@1 86.742 Prec@5 99.542 Loss 0.38402
Epoch [18] Training Class Recall: [0.870,0.941,0.826,0.742,0.866,0.781,0.899,0.903,0.924,0.918]
Epoch [18] Testing Results: Prec@1 80.970 Prec@5 99.070 Loss 0.58854
Epoch [18] Testing Class Recall: [0.847,0.796,0.542,0.850,0.782,0.625,0.912,0.900,0.931,0.912]
Epoch [19] Training Results: Prec@1 86.602 Prec@5 99.544 Loss 0.38105
Epoch [19] Training Class Recall: [0.868,0.939,0.822,0.750,0.867,0.776,0.894,0.898,0.925,0.917]
Epoch [19] Testing Results: Prec@1 82.930 Prec@5 99.180 Loss 0.51491
Epoch [19] Testing Class Recall: [0.857,0.945,0.626,0.822,0.843,0.643,0.901,0.813,0.937,0.906]
Epoch [20] Training Results: Prec@1 87.264 Prec@5 99.529 Loss 0.37265
Epoch [20] Training Class Recall: [0.870,0.944,0.842,0.765,0.870,0.789,0.898,0.897,0.926,0.922]
Epoch [20] Testing Results: Prec@1 83.950 Prec@5 99.190 Loss 0.49234
Epoch [20] Testing Class Recall: [0.804,0.952,0.740,0.624,0.864,0.717,0.861,0.966,0.966,0.901]
Epoch [21] Training Results: Prec@1 87.120 Prec@5 99.580 Loss 0.37222
Epoch [21] Training Class Recall: [0.870,0.940,0.834,0.760,0.875,0.784,0.901,0.904,0.925,0.915]
Epoch [21] Testing Results: Prec@1 75.870 Prec@5 99.130 Loss 0.76267
Epoch [21] Testing Class Recall: [0.798,0.930,0.516,0.941,0.759,0.605,0.760,0.708,0.801,0.769]
Epoch [22] Training Results: Prec@1 87.862 Prec@5 99.662 Loss 0.35308
Epoch [22] Training Class Recall: [0.875,0.940,0.851,0.764,0.881,0.800,0.909,0.909,0.931,0.921]
Epoch [22] Testing Results: Prec@1 80.450 Prec@5 99.030 Loss 0.64888
Epoch [22] Testing Class Recall: [0.845,0.611,0.706,0.712,0.867,0.814,0.946,0.750,0.949,0.845]
Epoch [23] Training Results: Prec@1 87.702 Prec@5 99.560 Loss 0.35869
Epoch [23] Training Class Recall: [0.879,0.941,0.844,0.768,0.879,0.791,0.910,0.905,0.930,0.920]
Epoch [23] Testing Results: Prec@1 83.410 Prec@5 99.240 Loss 0.50755
Epoch [23] Testing Class Recall: [0.804,0.919,0.625,0.782,0.868,0.700,0.942,0.849,0.883,0.969]
Epoch [24] Training Results: Prec@1 87.938 Prec@5 99.593 Loss 0.35346
Epoch [24] Training Class Recall: [0.874,0.941,0.840,0.772,0.882,0.810,0.908,0.912,0.933,0.918]
Epoch [24] Testing Results: Prec@1 79.540 Prec@5 98.510 Loss 0.61817
Epoch [24] Testing Class Recall: [0.911,0.985,0.848,0.726,0.650,0.435,0.817,0.864,0.851,0.867]
Epoch [25] Training Results: Prec@1 87.962 Prec@5 99.669 Loss 0.34664
Epoch [25] Training Class Recall: [0.881,0.942,0.840,0.779,0.884,0.795,0.913,0.909,0.927,0.924]
Epoch [25] Testing Results: Prec@1 82.420 Prec@5 99.440 Loss 0.52831
Epoch [25] Testing Class Recall: [0.866,0.974,0.803,0.745,0.766,0.857,0.794,0.781,0.853,0.803]
Epoch [26] Training Results: Prec@1 88.087 Prec@5 99.607 Loss 0.34526
Epoch [26] Training Class Recall: [0.878,0.940,0.844,0.783,0.876,0.800,0.914,0.912,0.931,0.926]
Epoch [26] Testing Results: Prec@1 83.030 Prec@5 98.870 Loss 0.54870
Epoch [26] Testing Class Recall: [0.826,0.874,0.826,0.559,0.778,0.807,0.894,0.836,0.923,0.980]
Epoch [27] Training Results: Prec@1 88.422 Prec@5 99.631 Loss 0.33801
Epoch [27] Training Class Recall: [0.890,0.944,0.851,0.786,0.887,0.801,0.910,0.909,0.934,0.926]
Epoch [27] Testing Results: Prec@1 83.680 Prec@5 99.230 Loss 0.50678
Epoch [27] Testing Class Recall: [0.732,0.960,0.796,0.637,0.901,0.816,0.934,0.879,0.831,0.882]
Epoch [28] Training Results: Prec@1 88.233 Prec@5 99.640 Loss 0.33806
Epoch [28] Training Class Recall: [0.877,0.944,0.841,0.786,0.890,0.803,0.907,0.917,0.931,0.925]
Epoch [28] Testing Results: Prec@1 83.160 Prec@5 98.700 Loss 0.56151
Epoch [28] Testing Class Recall: [0.814,0.938,0.803,0.644,0.816,0.778,0.784,0.867,0.963,0.909]
Epoch [29] Training Results: Prec@1 88.356 Prec@5 99.680 Loss 0.32881
Epoch [29] Training Class Recall: [0.892,0.945,0.848,0.783,0.887,0.800,0.913,0.909,0.935,0.923]
Epoch [29] Testing Results: Prec@1 83.750 Prec@5 99.140 Loss 0.49764
Epoch [29] Testing Class Recall: [0.823,0.910,0.746,0.667,0.874,0.791,0.820,0.875,0.911,0.958]
Epoch [30] Training Results: Prec@1 88.487 Prec@5 99.618 Loss 0.33231
Epoch [30] Training Class Recall: [0.883,0.945,0.857,0.788,0.887,0.798,0.913,0.912,0.935,0.926]
Epoch [30] Testing Results: Prec@1 83.070 Prec@5 99.090 Loss 0.51424
Epoch [30] Testing Class Recall: [0.784,0.959,0.739,0.661,0.806,0.879,0.819,0.816,0.962,0.882]
Epoch [31] Training Results: Prec@1 88.731 Prec@5 99.680 Loss 0.32503
Epoch [31] Training Class Recall: [0.881,0.944,0.860,0.790,0.888,0.806,0.922,0.908,0.940,0.930]
Epoch [31] Testing Results: Prec@1 82.510 Prec@5 98.800 Loss 0.55683
Epoch [31] Testing Class Recall: [0.938,0.982,0.719,0.615,0.887,0.626,0.887,0.828,0.909,0.860]
Epoch [32] Training Results: Prec@1 88.878 Prec@5 99.671 Loss 0.32152
Epoch [32] Training Class Recall: [0.890,0.948,0.861,0.793,0.889,0.808,0.922,0.912,0.935,0.926]
Epoch [32] Testing Results: Prec@1 85.560 Prec@5 99.480 Loss 0.45637
Epoch [32] Testing Class Recall: [0.948,0.952,0.788,0.752,0.826,0.728,0.961,0.865,0.840,0.896]
Epoch [33] Training Results: Prec@1 88.847 Prec@5 99.682 Loss 0.32258
Epoch [33] Training Class Recall: [0.889,0.951,0.859,0.790,0.891,0.815,0.918,0.911,0.932,0.924]
Epoch [33] Testing Results: Prec@1 82.960 Prec@5 99.330 Loss 0.51660
Epoch [33] Testing Class Recall: [0.792,0.932,0.864,0.677,0.903,0.561,0.852,0.909,0.904,0.902]
Epoch [34] Training Results: Prec@1 89.053 Prec@5 99.649 Loss 0.31708
Epoch [34] Training Class Recall: [0.882,0.948,0.859,0.802,0.901,0.810,0.915,0.915,0.938,0.930]
Epoch [34] Testing Results: Prec@1 81.270 Prec@5 98.380 Loss 0.63428
Epoch [34] Testing Class Recall: [0.923,0.956,0.560,0.536,0.664,0.849,0.928,0.880,0.902,0.929]
Epoch [35] Training Results: Prec@1 88.920 Prec@5 99.693 Loss 0.31903
Epoch [35] Training Class Recall: [0.882,0.949,0.860,0.790,0.896,0.815,0.919,0.917,0.932,0.928]
Epoch [35] Testing Results: Prec@1 84.510 Prec@5 99.250 Loss 0.46909
Epoch [35] Testing Class Recall: [0.929,0.891,0.758,0.627,0.903,0.846,0.779,0.872,0.917,0.929]
Epoch [36] Training Results: Prec@1 88.953 Prec@5 99.704 Loss 0.31592
Epoch [36] Training Class Recall: [0.891,0.943,0.864,0.792,0.889,0.814,0.924,0.915,0.929,0.930]
Epoch [36] Testing Results: Prec@1 83.530 Prec@5 99.370 Loss 0.51571
Epoch [36] Testing Class Recall: [0.684,0.960,0.894,0.581,0.884,0.833,0.912,0.852,0.965,0.788]
Epoch [37] Training Results: Prec@1 89.411 Prec@5 99.684 Loss 0.30479
Epoch [37] Training Class Recall: [0.894,0.949,0.868,0.798,0.900,0.820,0.919,0.920,0.938,0.931]
Epoch [37] Testing Results: Prec@1 83.580 Prec@5 99.310 Loss 0.51560
Epoch [37] Testing Class Recall: [0.831,0.953,0.903,0.617,0.921,0.645,0.783,0.861,0.923,0.921]
Epoch [38] Training Results: Prec@1 89.096 Prec@5 99.707 Loss 0.31005
Epoch [38] Training Class Recall: [0.887,0.945,0.865,0.797,0.894,0.814,0.920,0.915,0.939,0.930]
Epoch [38] Testing Results: Prec@1 81.440 Prec@5 99.240 Loss 0.59037
Epoch [38] Testing Class Recall: [0.810,0.962,0.675,0.874,0.871,0.745,0.843,0.565,0.963,0.836]
Epoch [39] Training Results: Prec@1 89.362 Prec@5 99.691 Loss 0.30619
Epoch [39] Training Class Recall: [0.889,0.951,0.867,0.803,0.896,0.818,0.926,0.918,0.935,0.929]
Epoch [39] Testing Results: Prec@1 84.550 Prec@5 99.110 Loss 0.47394
Epoch [39] Testing Class Recall: [0.622,0.939,0.714,0.777,0.901,0.814,0.861,0.936,0.967,0.924]
Epoch [40] Training Results: Prec@1 89.604 Prec@5 99.729 Loss 0.30046
Epoch [40] Training Class Recall: [0.897,0.948,0.865,0.808,0.898,0.822,0.922,0.923,0.938,0.937]
Epoch [40] Testing Results: Prec@1 83.310 Prec@5 99.170 Loss 0.54745
Epoch [40] Testing Class Recall: [0.802,0.942,0.852,0.735,0.866,0.674,0.820,0.941,0.955,0.744]
Epoch [41] Training Results: Prec@1 89.518 Prec@5 99.733 Loss 0.30019
Epoch [41] Training Class Recall: [0.897,0.952,0.866,0.810,0.897,0.821,0.922,0.920,0.935,0.929]
Epoch [41] Testing Results: Prec@1 81.730 Prec@5 99.070 Loss 0.57514
Epoch [41] Testing Class Recall: [0.867,0.732,0.761,0.771,0.889,0.635,0.843,0.840,0.858,0.977]
Epoch [42] Training Results: Prec@1 89.658 Prec@5 99.727 Loss 0.29850
Epoch [42] Training Class Recall: [0.898,0.951,0.867,0.807,0.895,0.829,0.924,0.919,0.939,0.934]
Epoch [42] Testing Results: Prec@1 83.230 Prec@5 99.260 Loss 0.54406
Epoch [42] Testing Class Recall: [0.933,0.984,0.783,0.611,0.854,0.711,0.924,0.913,0.800,0.810]
Epoch [43] Training Results: Prec@1 89.644 Prec@5 99.716 Loss 0.29714
Epoch [43] Training Class Recall: [0.907,0.945,0.866,0.799,0.899,0.828,0.930,0.920,0.937,0.931]
Epoch [43] Testing Results: Prec@1 75.900 Prec@5 98.550 Loss 0.90967
Epoch [43] Testing Class Recall: [0.687,0.831,0.563,0.437,0.909,0.947,0.530,0.900,0.855,0.931]
Epoch [44] Training Results: Prec@1 89.391 Prec@5 99.718 Loss 0.30309
Epoch [44] Training Class Recall: [0.891,0.950,0.865,0.799,0.895,0.823,0.917,0.922,0.934,0.937]
Epoch [44] Testing Results: Prec@1 82.980 Prec@5 99.240 Loss 0.51609
Epoch [44] Testing Class Recall: [0.772,0.857,0.875,0.566,0.670,0.793,0.922,0.952,0.924,0.967]
Epoch [45] Training Results: Prec@1 89.580 Prec@5 99.691 Loss 0.30051
Epoch [45] Training Class Recall: [0.893,0.948,0.868,0.807,0.897,0.827,0.925,0.920,0.936,0.935]
Epoch [45] Testing Results: Prec@1 85.070 Prec@5 99.440 Loss 0.47616
Epoch [45] Testing Class Recall: [0.806,0.940,0.795,0.679,0.836,0.897,0.903,0.826,0.873,0.952]
Epoch [46] Training Results: Prec@1 89.827 Prec@5 99.707 Loss 0.29286
Epoch [46] Training Class Recall: [0.895,0.952,0.874,0.808,0.903,0.829,0.926,0.918,0.943,0.932]
Epoch [46] Testing Results: Prec@1 81.300 Prec@5 98.700 Loss 0.62874
Epoch [46] Testing Class Recall: [0.713,0.958,0.798,0.556,0.790,0.885,0.720,0.836,0.926,0.948]
Epoch [47] Training Results: Prec@1 89.998 Prec@5 99.713 Loss 0.28961
Epoch [47] Training Class Recall: [0.897,0.956,0.872,0.812,0.904,0.832,0.928,0.919,0.942,0.933]
Epoch [47] Testing Results: Prec@1 83.150 Prec@5 98.840 Loss 0.54942
Epoch [47] Testing Class Recall: [0.946,0.855,0.831,0.483,0.871,0.876,0.785,0.892,0.827,0.949]
Epoch [48] Training Results: Prec@1 89.764 Prec@5 99.702 Loss 0.29268
Epoch [48] Training Class Recall: [0.893,0.952,0.874,0.808,0.904,0.821,0.926,0.923,0.940,0.932]
Epoch [48] Testing Results: Prec@1 84.580 Prec@5 99.240 Loss 0.51125
Epoch [48] Testing Class Recall: [0.826,0.943,0.743,0.582,0.947,0.872,0.873,0.909,0.875,0.888]
Epoch [49] Training Results: Prec@1 90.029 Prec@5 99.764 Loss 0.28707
Epoch [49] Training Class Recall: [0.900,0.950,0.869,0.819,0.904,0.833,0.930,0.920,0.939,0.937]
Epoch [49] Testing Results: Prec@1 82.700 Prec@5 98.980 Loss 0.58643
Epoch [49] Testing Class Recall: [0.865,0.955,0.770,0.511,0.861,0.887,0.835,0.771,0.939,0.876]
Epoch [50] Training Results: Prec@1 90.040 Prec@5 99.764 Loss 0.28759
Epoch [50] Training Class Recall: [0.895,0.954,0.869,0.811,0.907,0.836,0.919,0.933,0.941,0.935]
Epoch [50] Testing Results: Prec@1 84.800 Prec@5 99.300 Loss 0.47835
Epoch [50] Testing Class Recall: [0.778,0.878,0.769,0.678,0.952,0.813,0.823,0.906,0.964,0.919]
Epoch [51] Training Results: Prec@1 89.824 Prec@5 99.733 Loss 0.29246
Epoch [51] Training Class Recall: [0.896,0.951,0.868,0.811,0.901,0.829,0.927,0.920,0.943,0.933]
Epoch [51] Testing Results: Prec@1 80.830 Prec@5 98.830 Loss 0.57994
Epoch [51] Testing Class Recall: [0.776,0.938,0.860,0.854,0.880,0.655,0.799,0.803,0.758,0.760]
Epoch [52] Training Results: Prec@1 90.102 Prec@5 99.764 Loss 0.28285
Epoch [52] Training Class Recall: [0.899,0.955,0.873,0.813,0.905,0.838,0.927,0.921,0.940,0.936]
Epoch [52] Testing Results: Prec@1 85.650 Prec@5 99.570 Loss 0.42969
Epoch [52] Testing Class Recall: [0.883,0.918,0.909,0.770,0.839,0.747,0.875,0.840,0.883,0.901]
Epoch [53] Training Results: Prec@1 89.987 Prec@5 99.740 Loss 0.28530
Epoch [53] Training Class Recall: [0.896,0.953,0.868,0.813,0.906,0.829,0.929,0.924,0.942,0.934]
Epoch [53] Testing Results: Prec@1 83.720 Prec@5 99.110 Loss 0.54089
Epoch [53] Testing Class Recall: [0.774,0.973,0.751,0.865,0.827,0.833,0.882,0.885,0.919,0.663]
Epoch [54] Training Results: Prec@1 90.067 Prec@5 99.753 Loss 0.28648
Epoch [54] Training Class Recall: [0.907,0.953,0.873,0.811,0.899,0.830,0.927,0.924,0.945,0.935]
Epoch [54] Testing Results: Prec@1 83.480 Prec@5 99.010 Loss 0.52402
Epoch [54] Testing Class Recall: [0.857,0.974,0.801,0.555,0.861,0.774,0.850,0.886,0.925,0.865]
Epoch [55] Training Results: Prec@1 90.158 Prec@5 99.740 Loss 0.28598
Epoch [55] Training Class Recall: [0.901,0.951,0.870,0.819,0.904,0.837,0.929,0.920,0.940,0.942]
Epoch [55] Testing Results: Prec@1 86.030 Prec@5 99.440 Loss 0.42588
Epoch [55] Testing Class Recall: [0.919,0.955,0.877,0.683,0.848,0.662,0.944,0.898,0.926,0.891]
Epoch [56] Training Results: Prec@1 90.196 Prec@5 99.751 Loss 0.27937
Epoch [56] Training Class Recall: [0.895,0.953,0.876,0.818,0.906,0.840,0.924,0.929,0.943,0.932]
Epoch [56] Testing Results: Prec@1 85.880 Prec@5 99.260 Loss 0.43801
Epoch [56] Testing Class Recall: [0.875,0.944,0.763,0.664,0.926,0.832,0.914,0.793,0.950,0.927]
Epoch [57] Training Results: Prec@1 90.482 Prec@5 99.753 Loss 0.27637
Epoch [57] Training Class Recall: [0.911,0.952,0.880,0.820,0.911,0.833,0.931,0.926,0.947,0.934]
Epoch [57] Testing Results: Prec@1 84.700 Prec@5 99.300 Loss 0.48154
Epoch [57] Testing Class Recall: [0.944,0.958,0.793,0.696,0.850,0.884,0.798,0.880,0.828,0.839]
Epoch [58] Training Results: Prec@1 90.373 Prec@5 99.751 Loss 0.27763
Epoch [58] Training Class Recall: [0.902,0.955,0.874,0.816,0.908,0.836,0.930,0.927,0.949,0.937]
Epoch [58] Testing Results: Prec@1 84.140 Prec@5 99.170 Loss 0.51308
Epoch [58] Testing Class Recall: [0.917,0.962,0.686,0.601,0.811,0.909,0.858,0.850,0.944,0.876]
Epoch [59] Training Results: Prec@1 90.391 Prec@5 99.753 Loss 0.27907
Epoch [59] Training Class Recall: [0.904,0.956,0.874,0.823,0.906,0.837,0.929,0.927,0.946,0.935]
Epoch [59] Testing Results: Prec@1 84.750 Prec@5 99.260 Loss 0.50534
Epoch [59] Testing Class Recall: [0.906,0.806,0.726,0.763,0.769,0.773,0.951,0.895,0.922,0.964]
Epoch [60] Training Results: Prec@1 90.320 Prec@5 99.716 Loss 0.27912
Epoch [60] Training Class Recall: [0.901,0.953,0.879,0.819,0.903,0.836,0.931,0.923,0.942,0.941]
Epoch [60] Testing Results: Prec@1 85.350 Prec@5 99.210 Loss 0.45859
Epoch [60] Testing Class Recall: [0.902,0.976,0.883,0.696,0.861,0.748,0.831,0.891,0.935,0.812]
Epoch [61] Training Results: Prec@1 90.438 Prec@5 99.773 Loss 0.27657
Epoch [61] Training Class Recall: [0.905,0.954,0.877,0.820,0.908,0.836,0.932,0.929,0.942,0.938]
Epoch [61] Testing Results: Prec@1 86.640 Prec@5 99.530 Loss 0.40548
Epoch [61] Testing Class Recall: [0.881,0.942,0.820,0.773,0.876,0.795,0.897,0.825,0.904,0.951]
Epoch [62] Training Results: Prec@1 90.147 Prec@5 99.780 Loss 0.28236
Epoch [62] Training Class Recall: [0.902,0.953,0.874,0.818,0.904,0.837,0.926,0.918,0.944,0.936]
Epoch [62] Testing Results: Prec@1 85.180 Prec@5 99.120 Loss 0.47970
Epoch [62] Testing Class Recall: [0.703,0.906,0.771,0.816,0.942,0.800,0.777,0.916,0.932,0.955]
Epoch [63] Training Results: Prec@1 90.371 Prec@5 99.760 Loss 0.27761
Epoch [63] Training Class Recall: [0.897,0.956,0.876,0.825,0.908,0.839,0.924,0.928,0.941,0.939]
Epoch [63] Testing Results: Prec@1 83.110 Prec@5 99.390 Loss 0.52259
Epoch [63] Testing Class Recall: [0.935,0.957,0.750,0.856,0.819,0.610,0.939,0.731,0.860,0.854]
Epoch [64] Training Results: Prec@1 90.371 Prec@5 99.782 Loss 0.28077
Epoch [64] Training Class Recall: [0.904,0.953,0.880,0.816,0.905,0.842,0.930,0.923,0.944,0.936]
Epoch [64] Testing Results: Prec@1 84.440 Prec@5 99.420 Loss 0.48834
Epoch [64] Testing Class Recall: [0.932,0.961,0.779,0.889,0.825,0.697,0.917,0.792,0.790,0.862]
Epoch [65] Training Results: Prec@1 90.504 Prec@5 99.729 Loss 0.27544
Epoch [65] Training Class Recall: [0.903,0.954,0.876,0.816,0.914,0.841,0.932,0.929,0.945,0.937]
Epoch [65] Testing Results: Prec@1 82.430 Prec@5 99.440 Loss 0.54326
Epoch [65] Testing Class Recall: [0.774,0.940,0.800,0.933,0.821,0.712,0.707,0.743,0.921,0.892]
Epoch [66] Training Results: Prec@1 90.618 Prec@5 99.760 Loss 0.26967
Epoch [66] Training Class Recall: [0.911,0.952,0.881,0.823,0.908,0.838,0.930,0.929,0.946,0.942]
Epoch [66] Testing Results: Prec@1 83.640 Prec@5 99.420 Loss 0.54639
Epoch [66] Testing Class Recall: [0.819,0.891,0.817,0.755,0.816,0.607,0.963,0.873,0.971,0.852]
Epoch [67] Training Results: Prec@1 90.402 Prec@5 99.773 Loss 0.27198
Epoch [67] Training Class Recall: [0.903,0.949,0.879,0.826,0.906,0.837,0.929,0.929,0.941,0.939]
Epoch [67] Testing Results: Prec@1 83.440 Prec@5 98.940 Loss 0.52376
Epoch [67] Testing Class Recall: [0.846,0.984,0.684,0.628,0.828,0.876,0.822,0.894,0.959,0.823]
Epoch [68] Training Results: Prec@1 90.476 Prec@5 99.736 Loss 0.27409
Epoch [68] Training Class Recall: [0.909,0.955,0.877,0.824,0.907,0.836,0.932,0.926,0.944,0.935]
Epoch [68] Testing Results: Prec@1 85.410 Prec@5 99.150 Loss 0.47400
Epoch [68] Testing Class Recall: [0.816,0.951,0.807,0.717,0.774,0.901,0.932,0.864,0.848,0.931]
Epoch [69] Training Results: Prec@1 90.713 Prec@5 99.747 Loss 0.26797
Epoch [69] Training Class Recall: [0.902,0.954,0.879,0.834,0.910,0.847,0.933,0.928,0.941,0.939]
Epoch [69] Testing Results: Prec@1 84.530 Prec@5 99.460 Loss 0.46715
Epoch [69] Testing Class Recall: [0.898,0.951,0.817,0.851,0.835,0.612,0.769,0.892,0.898,0.930]
Epoch [70] Training Results: Prec@1 90.724 Prec@5 99.767 Loss 0.26857
Epoch [70] Training Class Recall: [0.907,0.954,0.878,0.826,0.907,0.844,0.939,0.931,0.947,0.937]
Epoch [70] Testing Results: Prec@1 83.100 Prec@5 99.020 Loss 0.55074
Epoch [70] Testing Class Recall: [0.775,0.935,0.536,0.776,0.927,0.612,0.965,0.887,0.943,0.954]
Epoch [71] Training Results: Prec@1 90.604 Prec@5 99.807 Loss 0.26953
Epoch [71] Training Class Recall: [0.897,0.957,0.886,0.834,0.908,0.837,0.931,0.926,0.942,0.937]
Epoch [71] Testing Results: Prec@1 86.100 Prec@5 99.550 Loss 0.43699
Epoch [71] Testing Class Recall: [0.917,0.931,0.728,0.756,0.846,0.828,0.939,0.917,0.836,0.912]
Epoch [72] Training Results: Prec@1 90.680 Prec@5 99.773 Loss 0.26794
Epoch [72] Training Class Recall: [0.903,0.949,0.880,0.830,0.909,0.845,0.938,0.933,0.945,0.933]
Epoch [72] Testing Results: Prec@1 82.740 Prec@5 99.140 Loss 0.52424
Epoch [72] Testing Class Recall: [0.663,0.857,0.942,0.699,0.871,0.820,0.755,0.851,0.942,0.874]
Epoch [73] Training Results: Prec@1 90.684 Prec@5 99.756 Loss 0.26868
Epoch [73] Training Class Recall: [0.910,0.955,0.880,0.827,0.916,0.838,0.933,0.926,0.943,0.938]
Epoch [73] Testing Results: Prec@1 83.100 Prec@5 99.060 Loss 0.55447
Epoch [73] Testing Class Recall: [0.659,0.967,0.697,0.671,0.826,0.917,0.823,0.935,0.933,0.882]
Epoch [74] Training Results: Prec@1 90.967 Prec@5 99.796 Loss 0.26204
Epoch [74] Training Class Recall: [0.906,0.955,0.883,0.832,0.915,0.849,0.934,0.932,0.947,0.940]
Epoch [74] Testing Results: Prec@1 80.950 Prec@5 98.680 Loss 0.65349
Epoch [74] Testing Class Recall: [0.905,0.774,0.841,0.511,0.926,0.726,0.621,0.961,0.925,0.905]
Epoch [75] Training Results: Prec@1 90.687 Prec@5 99.756 Loss 0.26894
Epoch [75] Training Class Recall: [0.898,0.953,0.886,0.831,0.910,0.846,0.932,0.929,0.945,0.935]
Epoch [75] Testing Results: Prec@1 84.650 Prec@5 99.450 Loss 0.47778
Epoch [75] Testing Class Recall: [0.916,0.842,0.778,0.617,0.866,0.880,0.943,0.821,0.859,0.943]
Epoch [76] Training Results: Prec@1 90.707 Prec@5 99.780 Loss 0.27051
Epoch [76] Training Class Recall: [0.900,0.954,0.875,0.831,0.913,0.844,0.934,0.930,0.947,0.938]
Epoch [76] Testing Results: Prec@1 83.870 Prec@5 99.300 Loss 0.52683
Epoch [76] Testing Class Recall: [0.877,0.979,0.849,0.597,0.880,0.825,0.953,0.764,0.897,0.766]
Epoch [77] Training Results: Prec@1 91.091 Prec@5 99.820 Loss 0.25935
Epoch [77] Training Class Recall: [0.909,0.956,0.892,0.829,0.916,0.849,0.933,0.927,0.952,0.943]
Epoch [77] Testing Results: Prec@1 83.880 Prec@5 99.440 Loss 0.50644
Epoch [77] Testing Class Recall: [0.797,0.898,0.889,0.696,0.928,0.774,0.755,0.784,0.887,0.980]
Epoch [78] Training Results: Prec@1 91.071 Prec@5 99.800 Loss 0.26079
Epoch [78] Training Class Recall: [0.901,0.953,0.893,0.836,0.911,0.854,0.931,0.931,0.950,0.943]
Epoch [78] Testing Results: Prec@1 85.840 Prec@5 99.460 Loss 0.43746
Epoch [78] Testing Class Recall: [0.896,0.829,0.865,0.777,0.906,0.661,0.860,0.908,0.947,0.935]
Epoch [79] Training Results: Prec@1 90.838 Prec@5 99.773 Loss 0.26688
Epoch [79] Training Class Recall: [0.903,0.952,0.880,0.825,0.915,0.855,0.933,0.932,0.947,0.939]
Epoch [79] Testing Results: Prec@1 85.940 Prec@5 99.520 Loss 0.44788
Epoch [79] Testing Class Recall: [0.979,0.898,0.795,0.712,0.891,0.775,0.915,0.855,0.863,0.911]
Epoch [80] Training Results: Prec@1 90.784 Prec@5 99.771 Loss 0.26538
Epoch [80] Training Class Recall: [0.902,0.955,0.880,0.835,0.915,0.845,0.935,0.927,0.941,0.941]
Epoch [80] Testing Results: Prec@1 84.710 Prec@5 99.180 Loss 0.47062
Epoch [80] Testing Class Recall: [0.855,0.940,0.840,0.502,0.839,0.762,0.898,0.955,0.946,0.934]
Epoch [81] Training Results: Prec@1 90.933 Prec@5 99.827 Loss 0.25992
Epoch [81] Training Class Recall: [0.903,0.954,0.887,0.839,0.912,0.844,0.937,0.926,0.950,0.937]
Epoch [81] Testing Results: Prec@1 83.350 Prec@5 99.310 Loss 0.52461
Epoch [81] Testing Class Recall: [0.774,0.978,0.839,0.855,0.724,0.726,0.814,0.929,0.926,0.770]
Epoch [82] Training Results: Prec@1 90.822 Prec@5 99.800 Loss 0.26543
Epoch [82] Training Class Recall: [0.906,0.956,0.880,0.826,0.916,0.845,0.930,0.931,0.945,0.945]
Epoch [82] Testing Results: Prec@1 83.500 Prec@5 99.340 Loss 0.53710
Epoch [82] Testing Class Recall: [0.889,0.957,0.801,0.899,0.639,0.814,0.844,0.763,0.831,0.913]
Epoch [83] Training Results: Prec@1 90.973 Prec@5 99.796 Loss 0.25733
Epoch [83] Training Class Recall: [0.904,0.959,0.883,0.827,0.912,0.849,0.937,0.934,0.945,0.943]
Epoch [83] Testing Results: Prec@1 82.900 Prec@5 99.190 Loss 0.55860
Epoch [83] Testing Class Recall: [0.927,0.966,0.804,0.569,0.928,0.758,0.853,0.922,0.650,0.913]
Epoch [84] Training Results: Prec@1 90.820 Prec@5 99.760 Loss 0.26279
Epoch [84] Training Class Recall: [0.901,0.957,0.886,0.830,0.912,0.846,0.936,0.928,0.948,0.935]
Epoch [84] Testing Results: Prec@1 84.050 Prec@5 99.340 Loss 0.50412
Epoch [84] Testing Class Recall: [0.661,0.880,0.790,0.671,0.856,0.901,0.920,0.840,0.974,0.912]
Epoch [85] Training Results: Prec@1 90.867 Prec@5 99.822 Loss 0.26280
Epoch [85] Training Class Recall: [0.909,0.954,0.889,0.824,0.913,0.845,0.936,0.927,0.944,0.942]
Epoch [85] Testing Results: Prec@1 82.790 Prec@5 99.120 Loss 0.52294
Epoch [85] Testing Class Recall: [0.800,0.937,0.765,0.803,0.858,0.749,0.811,0.713,0.961,0.882]
Epoch [86] Training Results: Prec@1 91.056 Prec@5 99.769 Loss 0.25701
Epoch [86] Training Class Recall: [0.907,0.957,0.889,0.833,0.912,0.849,0.938,0.931,0.945,0.942]
Epoch [86] Testing Results: Prec@1 86.230 Prec@5 99.510 Loss 0.43278
Epoch [86] Testing Class Recall: [0.884,0.970,0.810,0.786,0.768,0.793,0.935,0.934,0.907,0.836]
Epoch [87] Training Results: Prec@1 90.818 Prec@5 99.829 Loss 0.25952
Epoch [87] Training Class Recall: [0.896,0.959,0.885,0.830,0.911,0.844,0.936,0.929,0.946,0.940]
Epoch [87] Testing Results: Prec@1 87.230 Prec@5 99.490 Loss 0.40208
Epoch [87] Testing Class Recall: [0.880,0.940,0.812,0.644,0.907,0.853,0.959,0.867,0.936,0.925]
Epoch [88] Training Results: Prec@1 90.993 Prec@5 99.773 Loss 0.26039
Epoch [88] Training Class Recall: [0.908,0.956,0.882,0.831,0.912,0.849,0.935,0.933,0.949,0.942]
Epoch [88] Testing Results: Prec@1 81.510 Prec@5 98.770 Loss 0.61534
Epoch [88] Testing Class Recall: [0.737,0.919,0.695,0.555,0.910,0.758,0.737,0.939,0.981,0.920]
Epoch [89] Training Results: Prec@1 91.098 Prec@5 99.771 Loss 0.25618
Epoch [89] Training Class Recall: [0.909,0.958,0.885,0.828,0.914,0.856,0.935,0.933,0.950,0.939]
Epoch [89] Testing Results: Prec@1 85.820 Prec@5 99.430 Loss 0.44935
Epoch [89] Testing Class Recall: [0.750,0.943,0.869,0.762,0.943,0.568,0.938,0.934,0.942,0.933]
Epoch [90] Training Results: Prec@1 91.291 Prec@5 99.793 Loss 0.25234
Epoch [90] Training Class Recall: [0.907,0.957,0.894,0.832,0.920,0.852,0.941,0.935,0.947,0.942]
Epoch [90] Testing Results: Prec@1 82.800 Prec@5 98.860 Loss 0.54286
Epoch [90] Testing Class Recall: [0.801,0.879,0.836,0.802,0.731,0.678,0.696,0.959,0.931,0.967]
Epoch [91] Training Results: Prec@1 91.038 Prec@5 99.807 Loss 0.25874
Epoch [91] Training Class Recall: [0.903,0.957,0.890,0.831,0.914,0.854,0.931,0.931,0.950,0.938]
Epoch [91] Testing Results: Prec@1 85.070 Prec@5 99.450 Loss 0.47573
Epoch [91] Testing Class Recall: [0.868,0.944,0.735,0.572,0.918,0.889,0.807,0.936,0.932,0.906]
Epoch [92] Training Results: Prec@1 91.122 Prec@5 99.780 Loss 0.25725
Epoch [92] Training Class Recall: [0.910,0.958,0.891,0.841,0.911,0.848,0.935,0.927,0.948,0.939]
Epoch [92] Testing Results: Prec@1 85.130 Prec@5 99.460 Loss 0.48354
Epoch [92] Testing Class Recall: [0.775,0.818,0.810,0.721,0.768,0.787,0.960,0.941,0.962,0.971]
Epoch [93] Training Results: Prec@1 91.162 Prec@5 99.787 Loss 0.25480
Epoch [93] Training Class Recall: [0.912,0.954,0.893,0.833,0.917,0.847,0.938,0.934,0.944,0.942]
Epoch [93] Testing Results: Prec@1 84.590 Prec@5 99.340 Loss 0.49002
Epoch [93] Testing Class Recall: [0.738,0.858,0.757,0.784,0.962,0.676,0.918,0.906,0.973,0.887]
Epoch [94] Training Results: Prec@1 91.207 Prec@5 99.796 Loss 0.25406
Epoch [94] Training Class Recall: [0.908,0.957,0.890,0.837,0.920,0.852,0.933,0.932,0.946,0.943]
Epoch [94] Testing Results: Prec@1 82.530 Prec@5 99.250 Loss 0.59734
Epoch [94] Testing Class Recall: [0.825,0.910,0.597,0.636,0.861,0.743,0.985,0.926,0.938,0.832]
Epoch [95] Training Results: Prec@1 91.113 Prec@5 99.793 Loss 0.25488
Epoch [95] Training Class Recall: [0.907,0.954,0.888,0.839,0.916,0.852,0.935,0.930,0.948,0.939]
Epoch [95] Testing Results: Prec@1 84.380 Prec@5 99.350 Loss 0.50489
Epoch [95] Testing Class Recall: [0.845,0.847,0.887,0.698,0.842,0.767,0.953,0.782,0.880,0.937]
Epoch [96] Training Results: Prec@1 91.029 Prec@5 99.802 Loss 0.25605
Epoch [96] Training Class Recall: [0.904,0.954,0.888,0.831,0.920,0.847,0.935,0.932,0.943,0.944]
Epoch [96] Testing Results: Prec@1 80.570 Prec@5 98.490 Loss 0.62653
Epoch [96] Testing Class Recall: [0.862,0.945,0.856,0.775,0.877,0.807,0.742,0.877,0.711,0.605]
Epoch [97] Training Results: Prec@1 91.282 Prec@5 99.816 Loss 0.25079
Epoch [97] Training Class Recall: [0.909,0.957,0.890,0.839,0.919,0.854,0.940,0.933,0.946,0.938]
Epoch [97] Testing Results: Prec@1 85.840 Prec@5 99.360 Loss 0.44430
Epoch [97] Testing Class Recall: [0.919,0.944,0.718,0.736,0.874,0.837,0.864,0.854,0.901,0.937]
Epoch [98] Training Results: Prec@1 91.156 Prec@5 99.829 Loss 0.25631
Epoch [98] Training Class Recall: [0.910,0.958,0.893,0.832,0.914,0.850,0.935,0.929,0.950,0.942]
Epoch [98] Testing Results: Prec@1 83.810 Prec@5 99.280 Loss 0.55012
Epoch [98] Testing Class Recall: [0.909,0.695,0.670,0.653,0.946,0.885,0.834,0.925,0.935,0.929]
Epoch [99] Training Results: Prec@1 91.338 Prec@5 99.809 Loss 0.24870
Epoch [99] Training Class Recall: [0.919,0.955,0.889,0.834,0.920,0.862,0.934,0.936,0.945,0.940]
Epoch [99] Testing Results: Prec@1 85.610 Prec@5 99.240 Loss 0.47624
Epoch [99] Testing Class Recall: [0.729,0.886,0.860,0.686,0.862,0.878,0.911,0.847,0.918,0.984]
Epoch [100] Training Results: Prec@1 91.282 Prec@5 99.813 Loss 0.25077
Epoch [100] Training Class Recall: [0.907,0.960,0.889,0.836,0.917,0.853,0.939,0.931,0.949,0.944]
Epoch [100] Testing Results: Prec@1 82.040 Prec@5 99.350 Loss 0.58707
Epoch [100] Testing Class Recall: [0.844,0.959,0.754,0.449,0.898,0.940,0.884,0.831,0.865,0.780]
Epoch [101] Training Results: Prec@1 91.138 Prec@5 99.798 Loss 0.25430
Epoch [101] Training Class Recall: [0.906,0.961,0.884,0.835,0.913,0.856,0.936,0.934,0.944,0.941]
Epoch [101] Testing Results: Prec@1 78.630 Prec@5 98.400 Loss 0.75455
Epoch [101] Testing Class Recall: [0.796,0.769,0.909,0.529,0.778,0.505,0.842,0.810,0.955,0.970]
Epoch [102] Training Results: Prec@1 91.291 Prec@5 99.798 Loss 0.25104
Epoch [102] Training Class Recall: [0.908,0.955,0.890,0.838,0.916,0.856,0.937,0.935,0.949,0.941]
Epoch [102] Testing Results: Prec@1 84.170 Prec@5 99.380 Loss 0.51073
Epoch [102] Testing Class Recall: [0.888,0.839,0.838,0.782,0.695,0.651,0.900,0.911,0.961,0.952]
Epoch [103] Training Results: Prec@1 91.173 Prec@5 99.851 Loss 0.25272
Epoch [103] Training Class Recall: [0.900,0.956,0.892,0.836,0.920,0.851,0.938,0.935,0.945,0.939]
Epoch [103] Testing Results: Prec@1 84.550 Prec@5 99.210 Loss 0.48857
Epoch [103] Testing Class Recall: [0.631,0.911,0.897,0.692,0.925,0.741,0.912,0.890,0.943,0.913]
Epoch [104] Training Results: Prec@1 91.362 Prec@5 99.811 Loss 0.25153
Epoch [104] Training Class Recall: [0.916,0.958,0.886,0.825,0.922,0.853,0.942,0.939,0.946,0.945]
Epoch [104] Testing Results: Prec@1 84.070 Prec@5 99.250 Loss 0.52853
Epoch [104] Testing Class Recall: [0.909,0.971,0.754,0.753,0.860,0.734,0.834,0.948,0.744,0.900]
Epoch [105] Training Results: Prec@1 91.287 Prec@5 99.796 Loss 0.25311
Epoch [105] Training Class Recall: [0.908,0.957,0.887,0.837,0.922,0.853,0.939,0.935,0.949,0.937]
Epoch [105] Testing Results: Prec@1 83.460 Prec@5 99.170 Loss 0.53879
Epoch [105] Testing Class Recall: [0.896,0.989,0.639,0.787,0.829,0.672,0.940,0.962,0.863,0.769]
Epoch [106] Training Results: Prec@1 91.140 Prec@5 99.796 Loss 0.25383
Epoch [106] Training Class Recall: [0.909,0.957,0.891,0.837,0.918,0.844,0.932,0.937,0.946,0.940]
Epoch [106] Testing Results: Prec@1 84.130 Prec@5 99.510 Loss 0.49065
Epoch [106] Testing Class Recall: [0.903,0.992,0.687,0.760,0.914,0.819,0.909,0.869,0.903,0.657]
Epoch [107] Training Results: Prec@1 91.351 Prec@5 99.798 Loss 0.25147
Epoch [107] Training Class Recall: [0.911,0.959,0.891,0.845,0.916,0.853,0.933,0.932,0.947,0.945]
Epoch [107] Testing Results: Prec@1 84.930 Prec@5 99.320 Loss 0.46375
Epoch [107] Testing Class Recall: [0.780,0.942,0.918,0.638,0.825,0.886,0.751,0.957,0.941,0.855]
Epoch [108] Training Results: Prec@1 91.142 Prec@5 99.784 Loss 0.25380
Epoch [108] Training Class Recall: [0.913,0.955,0.888,0.837,0.914,0.845,0.937,0.933,0.950,0.939]
Epoch [108] Testing Results: Prec@1 86.080 Prec@5 99.250 Loss 0.47533
Epoch [108] Testing Class Recall: [0.881,0.895,0.809,0.726,0.893,0.793,0.841,0.851,0.960,0.959]
Epoch [109] Training Results: Prec@1 91.556 Prec@5 99.811 Loss 0.24361
Epoch [109] Training Class Recall: [0.912,0.956,0.896,0.840,0.922,0.857,0.938,0.938,0.950,0.944]
Epoch [109] Testing Results: Prec@1 85.570 Prec@5 99.200 Loss 0.45930
Epoch [109] Testing Class Recall: [0.766,0.956,0.792,0.677,0.852,0.885,0.959,0.899,0.843,0.928]
Epoch [110] Training Results: Prec@1 91.244 Prec@5 99.784 Loss 0.25244
Epoch [110] Training Class Recall: [0.902,0.958,0.892,0.841,0.919,0.846,0.940,0.932,0.945,0.945]
Epoch [110] Testing Results: Prec@1 83.890 Prec@5 99.140 Loss 0.51200
Epoch [110] Testing Class Recall: [0.854,0.904,0.849,0.758,0.942,0.464,0.955,0.813,0.887,0.963]
Epoch [111] Training Results: Prec@1 91.291 Prec@5 99.802 Loss 0.24867
Epoch [111] Training Class Recall: [0.908,0.956,0.891,0.839,0.917,0.853,0.941,0.936,0.944,0.939]
Epoch [111] Testing Results: Prec@1 79.580 Prec@5 98.990 Loss 0.71705
Epoch [111] Testing Class Recall: [0.594,0.812,0.683,0.480,0.882,0.944,0.912,0.803,0.856,0.992]
Epoch [112] Training Results: Prec@1 91.393 Prec@5 99.791 Loss 0.24747
Epoch [112] Training Class Recall: [0.910,0.960,0.894,0.845,0.913,0.850,0.935,0.933,0.948,0.947]
Epoch [112] Testing Results: Prec@1 84.360 Prec@5 99.380 Loss 0.54234
Epoch [112] Testing Class Recall: [0.841,0.944,0.690,0.654,0.819,0.796,0.978,0.883,0.903,0.928]
Epoch [113] Training Results: Prec@1 91.269 Prec@5 99.793 Loss 0.24723
Epoch [113] Training Class Recall: [0.906,0.956,0.885,0.842,0.917,0.858,0.941,0.937,0.946,0.934]
Epoch [113] Testing Results: Prec@1 86.320 Prec@5 99.390 Loss 0.44422
Epoch [113] Testing Class Recall: [0.863,0.932,0.763,0.677,0.884,0.871,0.905,0.909,0.872,0.956]
Epoch [114] Training Results: Prec@1 91.360 Prec@5 99.807 Loss 0.24741
Epoch [114] Training Class Recall: [0.907,0.954,0.896,0.840,0.916,0.856,0.936,0.940,0.947,0.941]
Epoch [114] Testing Results: Prec@1 87.010 Prec@5 99.440 Loss 0.42027
Epoch [114] Testing Class Recall: [0.904,0.958,0.837,0.808,0.800,0.836,0.931,0.908,0.865,0.854]
Epoch [115] Training Results: Prec@1 91.584 Prec@5 99.836 Loss 0.24323
Epoch [115] Training Class Recall: [0.913,0.961,0.891,0.849,0.922,0.853,0.939,0.934,0.947,0.945]
Epoch [115] Testing Results: Prec@1 86.810 Prec@5 99.510 Loss 0.44792
Epoch [115] Testing Class Recall: [0.838,0.916,0.852,0.838,0.950,0.749,0.813,0.899,0.957,0.869]
Epoch [116] Training Results: Prec@1 91.280 Prec@5 99.820 Loss 0.24878
Epoch [116] Training Class Recall: [0.906,0.951,0.896,0.840,0.923,0.857,0.938,0.935,0.942,0.935]
Epoch [116] Testing Results: Prec@1 85.750 Prec@5 99.410 Loss 0.45920
Epoch [116] Testing Class Recall: [0.843,0.951,0.759,0.655,0.764,0.878,0.914,0.932,0.987,0.892]
Epoch [117] Training Results: Prec@1 91.664 Prec@5 99.822 Loss 0.24209
Epoch [117] Training Class Recall: [0.916,0.959,0.895,0.840,0.920,0.853,0.939,0.939,0.954,0.948]
Epoch [117] Testing Results: Prec@1 84.180 Prec@5 99.310 Loss 0.51140
Epoch [117] Testing Class Recall: [0.877,0.921,0.723,0.782,0.829,0.900,0.807,0.871,0.798,0.910]
Epoch [118] Training Results: Prec@1 91.536 Prec@5 99.809 Loss 0.24626
Epoch [118] Training Class Recall: [0.914,0.959,0.897,0.846,0.923,0.850,0.938,0.934,0.951,0.939]
Epoch [118] Testing Results: Prec@1 84.920 Prec@5 99.170 Loss 0.49446
Epoch [118] Testing Class Recall: [0.935,0.899,0.747,0.527,0.934,0.852,0.815,0.923,0.902,0.958]
Epoch [119] Training Results: Prec@1 91.240 Prec@5 99.789 Loss 0.25322
Epoch [119] Training Class Recall: [0.905,0.958,0.884,0.847,0.916,0.849,0.935,0.937,0.947,0.941]
Epoch [119] Testing Results: Prec@1 84.880 Prec@5 99.350 Loss 0.47490
Epoch [119] Testing Class Recall: [0.753,0.886,0.793,0.898,0.892,0.671,0.885,0.832,0.914,0.964]
Epoch [120] Training Results: Prec@1 91.653 Prec@5 99.864 Loss 0.23971
Epoch [120] Training Class Recall: [0.912,0.961,0.897,0.844,0.920,0.860,0.936,0.937,0.952,0.943]
Epoch [120] Testing Results: Prec@1 84.770 Prec@5 99.070 Loss 0.48232
Epoch [120] Testing Class Recall: [0.782,0.884,0.841,0.757,0.846,0.754,0.802,0.899,0.932,0.980]
Epoch [121] Training Results: Prec@1 91.460 Prec@5 99.816 Loss 0.24511
Epoch [121] Training Class Recall: [0.909,0.959,0.891,0.839,0.917,0.850,0.939,0.936,0.952,0.950]
Epoch [121] Testing Results: Prec@1 84.550 Prec@5 99.240 Loss 0.50349
Epoch [121] Testing Class Recall: [0.960,0.896,0.655,0.776,0.837,0.740,0.927,0.902,0.829,0.933]
Epoch [122] Training Results: Prec@1 91.542 Prec@5 99.824 Loss 0.24180
Epoch [122] Training Class Recall: [0.916,0.959,0.889,0.838,0.922,0.861,0.938,0.940,0.945,0.942]
Epoch [122] Testing Results: Prec@1 84.510 Prec@5 99.260 Loss 0.51546
Epoch [122] Testing Class Recall: [0.721,0.928,0.874,0.590,0.864,0.707,0.958,0.923,0.949,0.937]
Epoch [123] Training Results: Prec@1 91.689 Prec@5 99.829 Loss 0.24084
Epoch [123] Training Class Recall: [0.912,0.962,0.901,0.841,0.920,0.858,0.941,0.935,0.951,0.943]
Epoch [123] Testing Results: Prec@1 82.940 Prec@5 99.100 Loss 0.57016
Epoch [123] Testing Class Recall: [0.799,0.964,0.775,0.473,0.842,0.849,0.815,0.981,0.845,0.951]
Epoch [124] Training Results: Prec@1 91.593 Prec@5 99.836 Loss 0.24329
Epoch [124] Training Class Recall: [0.910,0.958,0.896,0.836,0.921,0.862,0.938,0.942,0.948,0.945]
Epoch [124] Testing Results: Prec@1 82.150 Prec@5 99.070 Loss 0.61550
Epoch [124] Testing Class Recall: [0.626,0.900,0.783,0.690,0.900,0.736,0.971,0.906,0.953,0.750]
Epoch [125] Training Results: Prec@1 91.642 Prec@5 99.802 Loss 0.24343
Epoch [125] Training Class Recall: [0.912,0.961,0.895,0.843,0.924,0.852,0.937,0.935,0.956,0.945]
Epoch [125] Testing Results: Prec@1 85.400 Prec@5 99.190 Loss 0.48112
Epoch [125] Testing Class Recall: [0.919,0.906,0.768,0.792,0.826,0.852,0.901,0.757,0.877,0.942]
Epoch [126] Training Results: Prec@1 91.484 Prec@5 99.831 Loss 0.24375
Epoch [126] Training Class Recall: [0.909,0.963,0.890,0.841,0.914,0.858,0.941,0.935,0.950,0.945]
Epoch [126] Testing Results: Prec@1 83.930 Prec@5 99.250 Loss 0.52168
Epoch [126] Testing Class Recall: [0.867,0.957,0.843,0.860,0.904,0.737,0.889,0.719,0.802,0.815]
Epoch [127] Training Results: Prec@1 91.353 Prec@5 99.789 Loss 0.24725
Epoch [127] Training Class Recall: [0.911,0.959,0.892,0.839,0.917,0.859,0.936,0.933,0.950,0.937]
Epoch [127] Testing Results: Prec@1 86.110 Prec@5 99.330 Loss 0.45781
Epoch [127] Testing Class Recall: [0.958,0.964,0.800,0.782,0.828,0.826,0.920,0.780,0.826,0.927]
Epoch [128] Training Results: Prec@1 91.589 Prec@5 99.804 Loss 0.24287
Epoch [128] Training Class Recall: [0.916,0.958,0.895,0.844,0.920,0.859,0.938,0.939,0.946,0.942]
Epoch [128] Testing Results: Prec@1 84.790 Prec@5 99.330 Loss 0.49245
Epoch [128] Testing Class Recall: [0.770,0.984,0.890,0.616,0.959,0.776,0.860,0.879,0.934,0.811]
Epoch [129] Training Results: Prec@1 91.473 Prec@5 99.833 Loss 0.24376
Epoch [129] Training Class Recall: [0.905,0.957,0.891,0.852,0.921,0.863,0.938,0.932,0.948,0.937]
Epoch [129] Testing Results: Prec@1 85.280 Prec@5 99.420 Loss 0.47478
Epoch [129] Testing Class Recall: [0.907,0.861,0.749,0.660,0.901,0.900,0.928,0.883,0.812,0.927]
Epoch [130] Training Results: Prec@1 91.620 Prec@5 99.807 Loss 0.24084
Epoch [130] Training Class Recall: [0.913,0.956,0.899,0.845,0.921,0.852,0.938,0.942,0.950,0.943]
Epoch [130] Testing Results: Prec@1 83.890 Prec@5 99.370 Loss 0.54221
Epoch [130] Testing Class Recall: [0.849,0.928,0.907,0.633,0.809,0.649,0.932,0.887,0.896,0.899]
Epoch [131] Training Results: Prec@1 91.313 Prec@5 99.787 Loss 0.25018
Epoch [131] Training Class Recall: [0.910,0.956,0.887,0.842,0.922,0.856,0.935,0.930,0.948,0.943]
Epoch [131] Testing Results: Prec@1 81.290 Prec@5 98.800 Loss 0.64185
Epoch [131] Testing Class Recall: [0.856,0.969,0.901,0.695,0.733,0.741,0.932,0.977,0.899,0.426]
Epoch [132] Training Results: Prec@1 91.464 Prec@5 99.842 Loss 0.24486
Epoch [132] Training Class Recall: [0.912,0.962,0.894,0.843,0.915,0.851,0.944,0.934,0.950,0.938]
Epoch [132] Testing Results: Prec@1 86.450 Prec@5 99.280 Loss 0.44221
Epoch [132] Testing Class Recall: [0.814,0.913,0.836,0.780,0.800,0.905,0.911,0.941,0.843,0.902]
Epoch [133] Training Results: Prec@1 91.611 Prec@5 99.829 Loss 0.23745
Epoch [133] Training Class Recall: [0.911,0.957,0.899,0.845,0.918,0.859,0.941,0.936,0.946,0.945]
Epoch [133] Testing Results: Prec@1 86.280 Prec@5 99.460 Loss 0.44503
Epoch [133] Testing Class Recall: [0.910,0.953,0.722,0.862,0.852,0.726,0.906,0.872,0.943,0.882]
Epoch [134] Training Results: Prec@1 91.424 Prec@5 99.827 Loss 0.24260
Epoch [134] Training Class Recall: [0.906,0.963,0.888,0.840,0.925,0.849,0.937,0.938,0.952,0.941]
Epoch [134] Testing Results: Prec@1 81.040 Prec@5 98.680 Loss 0.66024
Epoch [134] Testing Class Recall: [0.945,0.903,0.850,0.568,0.798,0.524,0.879,0.947,0.827,0.863]
Epoch [135] Training Results: Prec@1 91.529 Prec@5 99.793 Loss 0.24615
Epoch [135] Training Class Recall: [0.912,0.959,0.893,0.849,0.917,0.854,0.937,0.936,0.946,0.946]
Epoch [135] Testing Results: Prec@1 87.300 Prec@5 99.450 Loss 0.40942
Epoch [135] Testing Class Recall: [0.879,0.952,0.839,0.796,0.888,0.739,0.940,0.887,0.878,0.932]
Epoch [136] Training Results: Prec@1 91.622 Prec@5 99.833 Loss 0.24144
Epoch [136] Training Class Recall: [0.921,0.960,0.895,0.847,0.915,0.857,0.939,0.934,0.947,0.945]
Epoch [136] Testing Results: Prec@1 86.350 Prec@5 99.450 Loss 0.41169
Epoch [136] Testing Class Recall: [0.798,0.967,0.822,0.789,0.829,0.733,0.894,0.938,0.946,0.919]
Epoch [137] Training Results: Prec@1 91.911 Prec@5 99.789 Loss 0.23785
Epoch [137] Training Class Recall: [0.910,0.959,0.896,0.857,0.924,0.862,0.940,0.939,0.952,0.947]
Epoch [137] Testing Results: Prec@1 85.590 Prec@5 99.540 Loss 0.46345
Epoch [137] Testing Class Recall: [0.909,0.891,0.847,0.864,0.894,0.652,0.896,0.910,0.761,0.935]
Epoch [138] Training Results: Prec@1 91.580 Prec@5 99.833 Loss 0.24126
Epoch [138] Training Class Recall: [0.911,0.958,0.894,0.841,0.923,0.858,0.938,0.942,0.950,0.938]
Epoch [138] Testing Results: Prec@1 85.350 Prec@5 99.420 Loss 0.44610
Epoch [138] Testing Class Recall: [0.767,0.945,0.907,0.565,0.760,0.885,0.884,0.939,0.946,0.937]
Epoch [139] Training Results: Prec@1 91.878 Prec@5 99.836 Loss 0.23529
Epoch [139] Training Class Recall: [0.913,0.960,0.896,0.848,0.925,0.857,0.946,0.939,0.952,0.948]
Epoch [139] Testing Results: Prec@1 86.210 Prec@5 99.210 Loss 0.46190
Epoch [139] Testing Class Recall: [0.840,0.943,0.856,0.673,0.898,0.810,0.883,0.880,0.947,0.891]
Epoch [140] Training Results: Prec@1 91.840 Prec@5 99.827 Loss 0.23753
Epoch [140] Training Class Recall: [0.917,0.964,0.891,0.851,0.921,0.860,0.940,0.939,0.952,0.947]
Epoch [140] Testing Results: Prec@1 85.380 Prec@5 99.290 Loss 0.45809
Epoch [140] Testing Class Recall: [0.908,0.847,0.864,0.585,0.902,0.897,0.885,0.900,0.871,0.879]
Epoch [141] Training Results: Prec@1 91.273 Prec@5 99.856 Loss 0.24825
Epoch [141] Training Class Recall: [0.906,0.958,0.893,0.837,0.919,0.851,0.935,0.934,0.950,0.941]
Epoch [141] Testing Results: Prec@1 87.270 Prec@5 99.630 Loss 0.38823
Epoch [141] Testing Class Recall: [0.920,0.910,0.804,0.758,0.879,0.787,0.958,0.893,0.950,0.868]
Epoch [142] Training Results: Prec@1 91.542 Prec@5 99.804 Loss 0.24125
Epoch [142] Training Class Recall: [0.911,0.960,0.898,0.842,0.913,0.857,0.945,0.933,0.948,0.943]
Epoch [142] Testing Results: Prec@1 82.120 Prec@5 99.240 Loss 0.60311
Epoch [142] Testing Class Recall: [0.954,0.890,0.613,0.641,0.880,0.886,0.908,0.761,0.827,0.852]
Epoch [143] Training Results: Prec@1 91.624 Prec@5 99.853 Loss 0.23896
Epoch [143] Training Class Recall: [0.903,0.961,0.890,0.846,0.921,0.857,0.943,0.945,0.947,0.943]
Epoch [143] Testing Results: Prec@1 85.410 Prec@5 99.130 Loss 0.48340
Epoch [143] Testing Class Recall: [0.926,0.948,0.827,0.797,0.757,0.719,0.785,0.936,0.920,0.926]
Epoch [144] Training Results: Prec@1 91.318 Prec@5 99.784 Loss 0.24901
Epoch [144] Training Class Recall: [0.906,0.963,0.890,0.838,0.917,0.854,0.937,0.934,0.945,0.945]
Epoch [144] Testing Results: Prec@1 84.220 Prec@5 99.370 Loss 0.51694
Epoch [144] Testing Class Recall: [0.825,0.979,0.823,0.672,0.959,0.706,0.880,0.871,0.887,0.820]
Epoch [145] Training Results: Prec@1 91.811 Prec@5 99.844 Loss 0.23703
Epoch [145] Training Class Recall: [0.918,0.960,0.896,0.854,0.918,0.860,0.943,0.938,0.949,0.944]
Epoch [145] Testing Results: Prec@1 84.470 Prec@5 99.300 Loss 0.52078
Epoch [145] Testing Class Recall: [0.848,0.963,0.829,0.750,0.867,0.679,0.862,0.968,0.866,0.815]
Epoch [146] Training Results: Prec@1 91.944 Prec@5 99.818 Loss 0.23631
Epoch [146] Training Class Recall: [0.916,0.962,0.902,0.846,0.924,0.862,0.942,0.942,0.948,0.949]
Epoch [146] Testing Results: Prec@1 87.710 Prec@5 99.650 Loss 0.37381
Epoch [146] Testing Class Recall: [0.843,0.938,0.851,0.782,0.921,0.859,0.843,0.893,0.918,0.923]
Epoch [147] Training Results: Prec@1 91.773 Prec@5 99.842 Loss 0.23799
Epoch [147] Training Class Recall: [0.908,0.960,0.899,0.849,0.921,0.867,0.939,0.937,0.949,0.946]
Epoch [147] Testing Results: Prec@1 85.650 Prec@5 99.220 Loss 0.46709
Epoch [147] Testing Class Recall: [0.746,0.964,0.835,0.716,0.909,0.894,0.727,0.927,0.899,0.948]
Epoch [148] Training Results: Prec@1 91.593 Prec@5 99.842 Loss 0.24166
Epoch [148] Training Class Recall: [0.912,0.961,0.890,0.844,0.923,0.860,0.936,0.938,0.947,0.945]
Epoch [148] Testing Results: Prec@1 86.190 Prec@5 99.580 Loss 0.44422
Epoch [148] Testing Class Recall: [0.894,0.775,0.852,0.700,0.859,0.828,0.942,0.927,0.870,0.972]
Epoch [149] Training Results: Prec@1 91.916 Prec@5 99.827 Loss 0.23299
Epoch [149] Training Class Recall: [0.917,0.960,0.897,0.848,0.925,0.858,0.942,0.938,0.957,0.947]
Epoch [149] Testing Results: Prec@1 84.490 Prec@5 99.360 Loss 0.51536
Epoch [149] Testing Class Recall: [0.848,0.756,0.734,0.618,0.863,0.869,0.960,0.954,0.864,0.983]
Epoch [150] Training Results: Prec@1 91.711 Prec@5 99.862 Loss 0.23891
Epoch [150] Training Class Recall: [0.915,0.961,0.898,0.842,0.918,0.856,0.939,0.936,0.954,0.948]
Epoch [150] Testing Results: Prec@1 78.530 Prec@5 99.040 Loss 0.83854
Epoch [150] Testing Class Recall: [0.698,0.906,0.721,0.654,0.851,0.608,0.987,0.669,0.932,0.827]
Epoch [151] Training Results: Prec@1 91.753 Prec@5 99.851 Loss 0.23797
Epoch [151] Training Class Recall: [0.918,0.959,0.892,0.846,0.925,0.858,0.938,0.939,0.952,0.946]
Epoch [151] Testing Results: Prec@1 84.640 Prec@5 99.530 Loss 0.49668
Epoch [151] Testing Class Recall: [0.943,0.901,0.716,0.493,0.892,0.953,0.857,0.904,0.864,0.941]
Epoch [152] Training Results: Prec@1 91.727 Prec@5 99.804 Loss 0.23635
Epoch [152] Training Class Recall: [0.919,0.963,0.890,0.843,0.922,0.856,0.940,0.938,0.950,0.948]
Epoch [152] Testing Results: Prec@1 87.070 Prec@5 99.520 Loss 0.40961
Epoch [152] Testing Class Recall: [0.917,0.979,0.753,0.687,0.892,0.907,0.873,0.937,0.886,0.876]
Epoch [153] Training Results: Prec@1 91.700 Prec@5 99.822 Loss 0.24000
Epoch [153] Training Class Recall: [0.918,0.955,0.904,0.846,0.917,0.864,0.934,0.936,0.950,0.945]
Epoch [153] Testing Results: Prec@1 85.090 Prec@5 99.340 Loss 0.46645
Epoch [153] Testing Class Recall: [0.858,0.990,0.855,0.817,0.799,0.840,0.792,0.879,0.832,0.847]
Epoch [154] Training Results: Prec@1 91.758 Prec@5 99.818 Loss 0.23831
Epoch [154] Training Class Recall: [0.910,0.959,0.895,0.852,0.924,0.858,0.940,0.937,0.953,0.944]
Epoch [154] Testing Results: Prec@1 86.570 Prec@5 99.480 Loss 0.43253
Epoch [154] Testing Class Recall: [0.750,0.898,0.828,0.706,0.932,0.833,0.888,0.918,0.939,0.965]
Epoch [155] Training Results: Prec@1 91.911 Prec@5 99.851 Loss 0.23212
Epoch [155] Training Class Recall: [0.918,0.962,0.900,0.853,0.924,0.858,0.941,0.936,0.949,0.945]
Epoch [155] Testing Results: Prec@1 87.660 Prec@5 99.470 Loss 0.37144
Epoch [155] Testing Class Recall: [0.890,0.859,0.856,0.766,0.898,0.756,0.908,0.942,0.932,0.959]
Epoch [156] Training Results: Prec@1 91.673 Prec@5 99.824 Loss 0.23872
Epoch [156] Training Class Recall: [0.909,0.959,0.894,0.849,0.921,0.858,0.942,0.938,0.948,0.945]
Epoch [156] Testing Results: Prec@1 84.790 Prec@5 99.490 Loss 0.48426
Epoch [156] Testing Class Recall: [0.685,0.983,0.863,0.801,0.825,0.766,0.878,0.961,0.973,0.744]
Epoch [157] Training Results: Prec@1 92.064 Prec@5 99.849 Loss 0.22983
Epoch [157] Training Class Recall: [0.917,0.962,0.896,0.849,0.929,0.867,0.941,0.941,0.954,0.948]
Epoch [157] Testing Results: Prec@1 86.820 Prec@5 99.390 Loss 0.43770
Epoch [157] Testing Class Recall: [0.887,0.929,0.739,0.776,0.848,0.851,0.880,0.906,0.896,0.970]
Epoch [158] Training Results: Prec@1 91.667 Prec@5 99.811 Loss 0.23911
Epoch [158] Training Class Recall: [0.910,0.959,0.898,0.846,0.924,0.858,0.939,0.934,0.951,0.943]
Epoch [158] Testing Results: Prec@1 84.700 Prec@5 99.150 Loss 0.52606
Epoch [158] Testing Class Recall: [0.812,0.908,0.913,0.694,0.818,0.849,0.924,0.916,0.855,0.781]
Epoch [159] Training Results: Prec@1 91.800 Prec@5 99.833 Loss 0.23718
Epoch [159] Training Class Recall: [0.916,0.961,0.904,0.845,0.916,0.861,0.940,0.937,0.950,0.947]
Epoch [159] Testing Results: Prec@1 84.680 Prec@5 99.460 Loss 0.52959
Epoch [159] Testing Class Recall: [0.847,0.915,0.719,0.833,0.767,0.739,0.930,0.952,0.889,0.877]
Epoch [160] Training Results: Prec@1 93.469 Prec@5 99.887 Loss 0.19062
Epoch [160] Training Class Recall: [0.934,0.962,0.914,0.884,0.922,0.883,0.965,0.959,0.963,0.960]
Epoch [160] Testing Results: Prec@1 90.500 Prec@5 99.740 Loss 0.29410
Epoch [160] Testing Class Recall: [0.889,0.955,0.865,0.806,0.916,0.847,0.936,0.938,0.944,0.954]
Epoch [161] Training Results: Prec@1 94.849 Prec@5 99.936 Loss 0.15221
Epoch [161] Training Class Recall: [0.952,0.975,0.932,0.904,0.948,0.903,0.966,0.966,0.973,0.966]
Epoch [161] Testing Results: Prec@1 90.940 Prec@5 99.770 Loss 0.27697
Epoch [161] Testing Class Recall: [0.905,0.961,0.874,0.810,0.914,0.858,0.932,0.943,0.946,0.951]
Epoch [162] Training Results: Prec@1 95.349 Prec@5 99.940 Loss 0.13760
Epoch [162] Training Class Recall: [0.958,0.977,0.940,0.905,0.956,0.912,0.970,0.968,0.978,0.968]
Epoch [162] Testing Results: Prec@1 91.180 Prec@5 99.790 Loss 0.26985
Epoch [162] Testing Class Recall: [0.906,0.958,0.883,0.814,0.919,0.859,0.940,0.938,0.947,0.954]
Epoch [163] Training Results: Prec@1 95.807 Prec@5 99.936 Loss 0.12747
Epoch [163] Training Class Recall: [0.963,0.980,0.945,0.915,0.961,0.922,0.975,0.970,0.976,0.973]
Epoch [163] Testing Results: Prec@1 91.350 Prec@5 99.790 Loss 0.26389
Epoch [163] Testing Class Recall: [0.912,0.963,0.889,0.817,0.919,0.865,0.937,0.938,0.948,0.947]
Epoch [164] Training Results: Prec@1 96.051 Prec@5 99.962 Loss 0.11992
Epoch [164] Training Class Recall: [0.964,0.982,0.947,0.919,0.964,0.927,0.974,0.973,0.977,0.977]
Epoch [164] Testing Results: Prec@1 91.300 Prec@5 99.770 Loss 0.26223
Epoch [164] Testing Class Recall: [0.903,0.959,0.886,0.826,0.919,0.869,0.935,0.931,0.947,0.955]
Epoch [165] Training Results: Prec@1 96.231 Prec@5 99.960 Loss 0.11378
Epoch [165] Training Class Recall: [0.967,0.981,0.951,0.923,0.967,0.928,0.978,0.975,0.979,0.975]
Epoch [165] Testing Results: Prec@1 91.540 Prec@5 99.770 Loss 0.25772
Epoch [165] Testing Class Recall: [0.905,0.964,0.880,0.823,0.927,0.867,0.935,0.945,0.957,0.951]
Epoch [166] Training Results: Prec@1 96.311 Prec@5 99.976 Loss 0.11180
Epoch [166] Training Class Recall: [0.961,0.983,0.956,0.924,0.966,0.926,0.980,0.975,0.982,0.977]
Epoch [166] Testing Results: Prec@1 91.620 Prec@5 99.780 Loss 0.25623
Epoch [166] Testing Class Recall: [0.910,0.962,0.884,0.823,0.929,0.875,0.934,0.946,0.947,0.952]
Epoch [167] Training Results: Prec@1 96.527 Prec@5 99.960 Loss 0.10691
Epoch [167] Training Class Recall: [0.969,0.983,0.955,0.927,0.968,0.932,0.980,0.976,0.984,0.978]
Epoch [167] Testing Results: Prec@1 91.600 Prec@5 99.800 Loss 0.25596
Epoch [167] Testing Class Recall: [0.914,0.962,0.881,0.818,0.925,0.879,0.941,0.940,0.951,0.949]
Epoch [168] Training Results: Prec@1 96.622 Prec@5 99.947 Loss 0.10432
Epoch [168] Training Class Recall: [0.970,0.984,0.959,0.926,0.969,0.932,0.980,0.979,0.982,0.980]
Epoch [168] Testing Results: Prec@1 91.700 Prec@5 99.780 Loss 0.25299
Epoch [168] Testing Class Recall: [0.913,0.958,0.883,0.819,0.936,0.868,0.943,0.943,0.950,0.957]
Epoch [169] Training Results: Prec@1 96.782 Prec@5 99.962 Loss 0.09864
Epoch [169] Training Class Recall: [0.973,0.988,0.955,0.933,0.969,0.937,0.980,0.979,0.983,0.981]
Epoch [169] Testing Results: Prec@1 91.790 Prec@5 99.790 Loss 0.25276
Epoch [169] Testing Class Recall: [0.915,0.957,0.881,0.825,0.925,0.875,0.941,0.946,0.957,0.957]
Epoch [170] Training Results: Prec@1 96.809 Prec@5 99.964 Loss 0.09859
Epoch [170] Training Class Recall: [0.971,0.986,0.957,0.933,0.971,0.937,0.980,0.979,0.985,0.981]
Epoch [170] Testing Results: Prec@1 91.870 Prec@5 99.780 Loss 0.25133
Epoch [170] Testing Class Recall: [0.918,0.959,0.879,0.833,0.935,0.874,0.940,0.939,0.952,0.958]
Epoch [171] Training Results: Prec@1 96.933 Prec@5 99.960 Loss 0.09582
Epoch [171] Training Class Recall: [0.975,0.989,0.958,0.934,0.971,0.939,0.983,0.978,0.982,0.985]
Epoch [171] Testing Results: Prec@1 91.790 Prec@5 99.780 Loss 0.25002
Epoch [171] Testing Class Recall: [0.899,0.957,0.883,0.830,0.941,0.878,0.939,0.941,0.954,0.957]
Epoch [172] Training Results: Prec@1 96.896 Prec@5 99.962 Loss 0.09531
Epoch [172] Training Class Recall: [0.972,0.986,0.965,0.927,0.973,0.941,0.983,0.979,0.983,0.980]
Epoch [172] Testing Results: Prec@1 91.880 Prec@5 99.780 Loss 0.25055
Epoch [172] Testing Class Recall: [0.915,0.959,0.879,0.821,0.926,0.886,0.941,0.954,0.949,0.958]
Epoch [173] Training Results: Prec@1 97.018 Prec@5 99.967 Loss 0.09163
Epoch [173] Training Class Recall: [0.972,0.987,0.960,0.938,0.973,0.941,0.982,0.981,0.985,0.982]
Epoch [173] Testing Results: Prec@1 91.920 Prec@5 99.800 Loss 0.24885
Epoch [173] Testing Class Recall: [0.917,0.959,0.885,0.831,0.925,0.877,0.942,0.951,0.951,0.954]
Epoch [174] Training Results: Prec@1 97.018 Prec@5 99.967 Loss 0.09072
Epoch [174] Training Class Recall: [0.974,0.985,0.963,0.934,0.974,0.944,0.982,0.979,0.983,0.982]
Epoch [174] Testing Results: Prec@1 91.980 Prec@5 99.790 Loss 0.24836
Epoch [174] Testing Class Recall: [0.906,0.956,0.881,0.841,0.933,0.876,0.942,0.955,0.948,0.960]
Epoch [175] Training Results: Prec@1 97.127 Prec@5 99.967 Loss 0.08772
Epoch [175] Training Class Recall: [0.974,0.987,0.964,0.934,0.974,0.945,0.984,0.981,0.985,0.982]
Epoch [175] Testing Results: Prec@1 92.110 Prec@5 99.800 Loss 0.24942
Epoch [175] Testing Class Recall: [0.919,0.960,0.893,0.832,0.927,0.880,0.941,0.945,0.952,0.962]
Epoch [176] Training Results: Prec@1 97.187 Prec@5 99.973 Loss 0.08657
Epoch [176] Training Class Recall: [0.974,0.988,0.961,0.942,0.975,0.943,0.984,0.981,0.985,0.984]
Epoch [176] Testing Results: Prec@1 92.020 Prec@5 99.780 Loss 0.24849
Epoch [176] Testing Class Recall: [0.915,0.958,0.888,0.842,0.931,0.881,0.940,0.944,0.946,0.957]
Epoch [177] Training Results: Prec@1 97.342 Prec@5 99.973 Loss 0.08337
Epoch [177] Training Class Recall: [0.974,0.987,0.968,0.944,0.977,0.946,0.987,0.981,0.986,0.984]
Epoch [177] Testing Results: Prec@1 92.110 Prec@5 99.780 Loss 0.24824
Epoch [177] Testing Class Recall: [0.918,0.959,0.891,0.838,0.930,0.877,0.940,0.949,0.954,0.955]
Epoch [178] Training Results: Prec@1 97.364 Prec@5 99.967 Loss 0.08365
Epoch [178] Training Class Recall: [0.978,0.986,0.968,0.941,0.979,0.947,0.984,0.984,0.987,0.982]
Epoch [178] Testing Results: Prec@1 92.200 Prec@5 99.770 Loss 0.24601
Epoch [178] Testing Class Recall: [0.913,0.960,0.887,0.838,0.936,0.884,0.942,0.949,0.952,0.959]
Epoch [179] Training Results: Prec@1 97.356 Prec@5 99.976 Loss 0.08186
Epoch [179] Training Class Recall: [0.975,0.988,0.965,0.941,0.977,0.948,0.986,0.982,0.989,0.983]
Epoch [179] Testing Results: Prec@1 92.300 Prec@5 99.780 Loss 0.24609
Epoch [179] Testing Class Recall: [0.913,0.962,0.887,0.842,0.941,0.888,0.939,0.944,0.956,0.958]
Epoch [180] Training Results: Prec@1 97.340 Prec@5 99.987 Loss 0.08127
Epoch [180] Training Class Recall: [0.976,0.987,0.964,0.945,0.975,0.949,0.986,0.981,0.990,0.981]
Epoch [180] Testing Results: Prec@1 92.280 Prec@5 99.760 Loss 0.24682
Epoch [180] Testing Class Recall: [0.917,0.962,0.880,0.845,0.936,0.890,0.940,0.946,0.955,0.957]
Epoch [181] Training Results: Prec@1 97.376 Prec@5 99.969 Loss 0.08110
Epoch [181] Training Class Recall: [0.980,0.988,0.968,0.935,0.977,0.948,0.984,0.983,0.988,0.986]
Epoch [181] Testing Results: Prec@1 92.200 Prec@5 99.780 Loss 0.24603
Epoch [181] Testing Class Recall: [0.915,0.963,0.877,0.855,0.934,0.885,0.940,0.940,0.953,0.958]
Epoch [182] Training Results: Prec@1 97.436 Prec@5 99.973 Loss 0.08021
Epoch [182] Training Class Recall: [0.977,0.988,0.964,0.945,0.977,0.952,0.986,0.981,0.988,0.983]
Epoch [182] Testing Results: Prec@1 92.180 Prec@5 99.770 Loss 0.24810
Epoch [182] Testing Class Recall: [0.918,0.956,0.883,0.821,0.939,0.893,0.942,0.949,0.953,0.964]
Epoch [183] Training Results: Prec@1 97.431 Prec@5 99.987 Loss 0.08111
Epoch [183] Training Class Recall: [0.980,0.988,0.963,0.944,0.979,0.951,0.985,0.982,0.988,0.984]
Epoch [183] Testing Results: Prec@1 92.160 Prec@5 99.760 Loss 0.24723
Epoch [183] Testing Class Recall: [0.911,0.961,0.889,0.833,0.941,0.889,0.940,0.945,0.953,0.954]
Epoch [184] Training Results: Prec@1 97.284 Prec@5 99.978 Loss 0.08157
Epoch [184] Training Class Recall: [0.980,0.987,0.964,0.943,0.973,0.948,0.983,0.981,0.985,0.982]
Epoch [184] Testing Results: Prec@1 92.240 Prec@5 99.770 Loss 0.24810
Epoch [184] Testing Class Recall: [0.917,0.963,0.880,0.846,0.936,0.886,0.941,0.945,0.950,0.960]
Epoch [185] Training Results: Prec@1 97.373 Prec@5 99.978 Loss 0.08060
Epoch [185] Training Class Recall: [0.976,0.990,0.966,0.947,0.977,0.945,0.983,0.983,0.984,0.984]
Epoch [185] Testing Results: Prec@1 92.220 Prec@5 99.750 Loss 0.24670
Epoch [185] Testing Class Recall: [0.914,0.962,0.885,0.844,0.940,0.882,0.941,0.944,0.956,0.954]
Epoch [186] Training Results: Prec@1 97.407 Prec@5 99.973 Loss 0.07973
Epoch [186] Training Class Recall: [0.978,0.988,0.966,0.945,0.978,0.942,0.987,0.982,0.988,0.986]
Epoch [186] Testing Results: Prec@1 92.260 Prec@5 99.760 Loss 0.24662
Epoch [186] Testing Class Recall: [0.919,0.962,0.890,0.831,0.939,0.883,0.942,0.945,0.955,0.960]
Epoch [187] Training Results: Prec@1 97.416 Prec@5 99.982 Loss 0.07981
Epoch [187] Training Class Recall: [0.976,0.989,0.965,0.943,0.979,0.949,0.987,0.981,0.987,0.985]
Epoch [187] Testing Results: Prec@1 92.180 Prec@5 99.770 Loss 0.24635
Epoch [187] Testing Class Recall: [0.915,0.963,0.882,0.836,0.934,0.891,0.941,0.943,0.955,0.958]
Epoch [188] Training Results: Prec@1 97.431 Prec@5 99.982 Loss 0.08080
Epoch [188] Training Class Recall: [0.978,0.989,0.963,0.945,0.975,0.955,0.986,0.982,0.989,0.981]
Epoch [188] Testing Results: Prec@1 92.160 Prec@5 99.760 Loss 0.24702
Epoch [188] Testing Class Recall: [0.916,0.960,0.880,0.845,0.937,0.883,0.941,0.945,0.950,0.959]
Epoch [189] Training Results: Prec@1 97.369 Prec@5 99.982 Loss 0.08146
Epoch [189] Training Class Recall: [0.976,0.990,0.968,0.942,0.979,0.946,0.984,0.981,0.986,0.984]
Epoch [189] Testing Results: Prec@1 92.170 Prec@5 99.790 Loss 0.24892
Epoch [189] Testing Class Recall: [0.908,0.960,0.885,0.837,0.935,0.893,0.941,0.938,0.957,0.963]
Epoch [190] Training Results: Prec@1 97.400 Prec@5 99.969 Loss 0.08032
Epoch [190] Training Class Recall: [0.980,0.990,0.964,0.943,0.976,0.947,0.984,0.983,0.987,0.986]
Epoch [190] Testing Results: Prec@1 92.260 Prec@5 99.780 Loss 0.24712
Epoch [190] Testing Class Recall: [0.907,0.956,0.885,0.844,0.941,0.883,0.940,0.947,0.956,0.967]
Epoch [191] Training Results: Prec@1 97.418 Prec@5 99.982 Loss 0.08170
Epoch [191] Training Class Recall: [0.976,0.988,0.967,0.944,0.975,0.951,0.987,0.983,0.988,0.982]
Epoch [191] Testing Results: Prec@1 92.410 Prec@5 99.770 Loss 0.24769
Epoch [191] Testing Class Recall: [0.914,0.960,0.885,0.844,0.938,0.890,0.940,0.949,0.956,0.965]
Epoch [192] Training Results: Prec@1 97.420 Prec@5 99.976 Loss 0.08066
Epoch [192] Training Class Recall: [0.980,0.988,0.964,0.945,0.977,0.946,0.984,0.984,0.989,0.986]
Epoch [192] Testing Results: Prec@1 92.250 Prec@5 99.760 Loss 0.24612
Epoch [192] Testing Class Recall: [0.911,0.963,0.888,0.845,0.933,0.883,0.941,0.945,0.956,0.960]
Epoch [193] Training Results: Prec@1 97.416 Prec@5 99.976 Loss 0.07990
Epoch [193] Training Class Recall: [0.979,0.988,0.964,0.947,0.976,0.950,0.985,0.982,0.987,0.983]
Epoch [193] Testing Results: Prec@1 92.280 Prec@5 99.750 Loss 0.24665
Epoch [193] Testing Class Recall: [0.913,0.962,0.886,0.845,0.927,0.885,0.938,0.953,0.956,0.963]
Epoch [194] Training Results: Prec@1 97.438 Prec@5 99.962 Loss 0.08037
Epoch [194] Training Class Recall: [0.977,0.989,0.966,0.945,0.975,0.949,0.987,0.983,0.987,0.985]
Epoch [194] Testing Results: Prec@1 92.160 Prec@5 99.750 Loss 0.24639
Epoch [194] Testing Class Recall: [0.912,0.963,0.877,0.834,0.935,0.891,0.942,0.946,0.957,0.959]
Epoch [195] Training Results: Prec@1 97.453 Prec@5 99.978 Loss 0.07784
Epoch [195] Training Class Recall: [0.980,0.989,0.968,0.946,0.976,0.949,0.986,0.982,0.984,0.984]
Epoch [195] Testing Results: Prec@1 92.210 Prec@5 99.800 Loss 0.24698
Epoch [195] Testing Class Recall: [0.912,0.959,0.880,0.835,0.939,0.891,0.943,0.944,0.956,0.962]
Epoch [196] Training Results: Prec@1 97.507 Prec@5 99.976 Loss 0.07968
Epoch [196] Training Class Recall: [0.978,0.989,0.969,0.945,0.976,0.952,0.986,0.984,0.987,0.984]
Epoch [196] Testing Results: Prec@1 92.140 Prec@5 99.760 Loss 0.24596
Epoch [196] Testing Class Recall: [0.915,0.952,0.889,0.847,0.932,0.876,0.942,0.948,0.953,0.960]
Epoch [197] Training Results: Prec@1 97.456 Prec@5 99.978 Loss 0.07971
Epoch [197] Training Class Recall: [0.977,0.990,0.966,0.941,0.977,0.952,0.988,0.982,0.987,0.986]
Epoch [197] Testing Results: Prec@1 92.100 Prec@5 99.780 Loss 0.24650
Epoch [197] Testing Class Recall: [0.915,0.956,0.889,0.848,0.935,0.876,0.941,0.946,0.949,0.955]
Epoch [198] Training Results: Prec@1 97.404 Prec@5 99.976 Loss 0.08072
Epoch [198] Training Class Recall: [0.977,0.988,0.966,0.942,0.977,0.949,0.987,0.984,0.988,0.983]
Epoch [198] Testing Results: Prec@1 92.300 Prec@5 99.770 Loss 0.24756
Epoch [198] Testing Class Recall: [0.915,0.963,0.875,0.846,0.938,0.892,0.938,0.949,0.953,0.961]
Epoch [199] Training Results: Prec@1 97.402 Prec@5 99.982 Loss 0.08134
Epoch [199] Training Class Recall: [0.979,0.989,0.962,0.944,0.979,0.948,0.985,0.982,0.986,0.986]
Epoch [199] Testing Results: Prec@1 92.250 Prec@5 99.770 Loss 0.24767
Epoch [199] Testing Class Recall: [0.921,0.958,0.878,0.846,0.938,0.887,0.939,0.946,0.950,0.962]
