Log file: cifar10_sava0.7_erm_exp1.0_seed42_20260615_181540.log
Run started: 2026-06-15 18:15:40.551371
Dataset: cifar10
Imbalance type: exp, factor: 1.0
Selection method: sava, ratio: 0.7
Strategy: ERM, epochs: 200
Seed: 42, rand_number: 0
Augmentation: weak
Noise ratio: 0.25
mamix_ratio: 1.0
============================================================

=> No CSV or TensorBoard logging – only console and debug log.
-----------------------------------------------
Class ID   | Original   | Selected   | Keep %  
-----------------------------------------------
0          | 5000       | 3123       |   62.5%
1          | 5000       | 3798       |   76.0%
2          | 5000       | 3917       |   78.3%
3          | 5000       | 3566       |   71.3%
4          | 5000       | 3631       |   72.6%
5          | 5000       | 3468       |   69.4%
6          | 5000       | 3209       |   64.2%
7          | 5000       | 3757       |   75.1%
8          | 5000       | 3271       |   65.4%
9          | 5000       | 3260       |   65.2%
-----------------------------------------------
TOTAL      | 50000      | 35000      |   70.0%
-----------------------------------------------
Epoch [0] Training Results: Prec@1 32.554 Prec@5 85.186 Loss 1.77938
Epoch [0] Training Class Recall: [0.297,0.526,0.245,0.217,0.265,0.249,0.326,0.414,0.407,0.301]
Epoch [0] Testing Results: Prec@1 43.120 Prec@5 90.360 Loss 1.54676
Epoch [0] Testing Class Recall: [0.397,0.638,0.136,0.193,0.472,0.673,0.380,0.542,0.329,0.552]
Epoch [1] Training Results: Prec@1 48.726 Prec@5 93.283 Loss 1.39355
Epoch [1] Training Class Recall: [0.432,0.667,0.408,0.319,0.363,0.397,0.579,0.588,0.575,0.552]
Epoch [1] Testing Results: Prec@1 42.470 Prec@5 91.880 Loss 1.77956
Epoch [1] Testing Class Recall: [0.235,0.442,0.296,0.062,0.213,0.358,0.732,0.910,0.188,0.811]
Epoch [2] Training Results: Prec@1 58.806 Prec@5 95.746 Loss 1.14216
Epoch [2] Training Class Recall: [0.553,0.783,0.539,0.344,0.500,0.461,0.667,0.643,0.701,0.700]
Epoch [2] Testing Results: Prec@1 52.810 Prec@5 93.660 Loss 1.61038
Epoch [2] Testing Class Recall: [0.579,0.404,0.318,0.065,0.200,0.539,0.723,0.865,0.630,0.958]
Epoch [3] Training Results: Prec@1 65.117 Prec@5 97.140 Loss 0.97358
Epoch [3] Training Class Recall: [0.635,0.828,0.591,0.422,0.582,0.531,0.699,0.706,0.770,0.758]
Epoch [3] Testing Results: Prec@1 44.130 Prec@5 89.380 Loss 2.12631
Epoch [3] Testing Class Recall: [0.207,0.966,0.328,0.083,0.203,0.712,0.144,0.892,0.366,0.512]
Epoch [4] Training Results: Prec@1 69.574 Prec@5 97.634 Loss 0.86364
Epoch [4] Training Class Recall: [0.687,0.857,0.633,0.505,0.641,0.565,0.745,0.736,0.811,0.790]
Epoch [4] Testing Results: Prec@1 62.640 Prec@5 95.200 Loss 1.24642
Epoch [4] Testing Class Recall: [0.520,0.718,0.412,0.766,0.412,0.577,0.678,0.867,0.745,0.569]
Epoch [5] Training Results: Prec@1 73.946 Prec@5 98.291 Loss 0.74811
Epoch [5] Training Class Recall: [0.731,0.877,0.681,0.570,0.710,0.609,0.783,0.795,0.828,0.819]
Epoch [5] Testing Results: Prec@1 65.630 Prec@5 94.650 Loss 1.16507
Epoch [5] Testing Class Recall: [0.668,0.812,0.633,0.202,0.606,0.248,0.852,0.705,0.957,0.880]
Epoch [6] Training Results: Prec@1 76.489 Prec@5 98.569 Loss 0.67473
Epoch [6] Training Class Recall: [0.762,0.892,0.703,0.602,0.750,0.632,0.809,0.812,0.854,0.840]
Epoch [6] Testing Results: Prec@1 70.090 Prec@5 98.040 Loss 0.92343
Epoch [6] Testing Class Recall: [0.670,0.858,0.564,0.712,0.699,0.816,0.605,0.458,0.794,0.833]
Epoch [7] Training Results: Prec@1 77.960 Prec@5 98.706 Loss 0.63624
Epoch [7] Training Class Recall: [0.769,0.901,0.733,0.625,0.764,0.660,0.819,0.820,0.862,0.850]
Epoch [7] Testing Results: Prec@1 73.440 Prec@5 97.400 Loss 0.80971
Epoch [7] Testing Class Recall: [0.669,0.885,0.677,0.540,0.555,0.704,0.610,0.904,0.893,0.907]
Epoch [8] Training Results: Prec@1 79.837 Prec@5 98.971 Loss 0.58114
Epoch [8] Training Class Recall: [0.801,0.908,0.751,0.641,0.788,0.685,0.827,0.843,0.882,0.866]
Epoch [8] Testing Results: Prec@1 76.410 Prec@5 98.590 Loss 0.69257
Epoch [8] Testing Class Recall: [0.680,0.835,0.773,0.430,0.774,0.719,0.774,0.869,0.922,0.865]
Epoch [9] Training Results: Prec@1 80.657 Prec@5 98.991 Loss 0.55665
Epoch [9] Training Class Recall: [0.807,0.914,0.773,0.651,0.793,0.698,0.835,0.843,0.884,0.874]
Epoch [9] Testing Results: Prec@1 77.000 Prec@5 98.360 Loss 0.68686
Epoch [9] Testing Class Recall: [0.809,0.941,0.595,0.665,0.790,0.605,0.886,0.708,0.865,0.836]
Epoch [10] Training Results: Prec@1 81.591 Prec@5 99.154 Loss 0.53012
Epoch [10] Training Class Recall: [0.814,0.907,0.777,0.670,0.807,0.721,0.845,0.863,0.883,0.879]
Epoch [10] Testing Results: Prec@1 79.100 Prec@5 98.590 Loss 0.62649
Epoch [10] Testing Class Recall: [0.732,0.856,0.744,0.621,0.752,0.725,0.753,0.895,0.883,0.949]
Epoch [11] Training Results: Prec@1 82.349 Prec@5 99.177 Loss 0.50967
Epoch [11] Training Class Recall: [0.831,0.920,0.784,0.685,0.820,0.715,0.852,0.864,0.892,0.880]
Epoch [11] Testing Results: Prec@1 79.100 Prec@5 98.940 Loss 0.62983
Epoch [11] Testing Class Recall: [0.888,0.914,0.644,0.453,0.675,0.787,0.891,0.896,0.856,0.906]
Epoch [12] Training Results: Prec@1 83.097 Prec@5 99.283 Loss 0.48913
Epoch [12] Training Class Recall: [0.825,0.927,0.800,0.689,0.825,0.723,0.865,0.870,0.902,0.890]
Epoch [12] Testing Results: Prec@1 76.190 Prec@5 97.990 Loss 0.73441
Epoch [12] Testing Class Recall: [0.713,0.961,0.703,0.450,0.749,0.691,0.781,0.858,0.951,0.762]
Epoch [13] Training Results: Prec@1 83.537 Prec@5 99.249 Loss 0.47715
Epoch [13] Training Class Recall: [0.835,0.926,0.797,0.700,0.830,0.732,0.868,0.878,0.900,0.895]
Epoch [13] Testing Results: Prec@1 74.070 Prec@5 97.740 Loss 0.88716
Epoch [13] Testing Class Recall: [0.574,0.804,0.600,0.391,0.684,0.831,0.868,0.958,0.882,0.815]
Epoch [14] Training Results: Prec@1 84.031 Prec@5 99.354 Loss 0.46062
Epoch [14] Training Class Recall: [0.844,0.935,0.805,0.703,0.832,0.743,0.863,0.879,0.908,0.897]
Epoch [14] Testing Results: Prec@1 72.890 Prec@5 96.780 Loss 0.90772
Epoch [14] Testing Class Recall: [0.784,0.516,0.407,0.720,0.928,0.616,0.850,0.877,0.808,0.783]
Epoch [15] Training Results: Prec@1 84.163 Prec@5 99.334 Loss 0.45341
Epoch [15] Training Class Recall: [0.852,0.924,0.810,0.706,0.833,0.743,0.864,0.880,0.906,0.906]
Epoch [15] Testing Results: Prec@1 78.580 Prec@5 99.030 Loss 0.61822
Epoch [15] Testing Class Recall: [0.713,0.881,0.801,0.843,0.753,0.475,0.761,0.804,0.904,0.923]
Epoch [16] Training Results: Prec@1 84.940 Prec@5 99.354 Loss 0.43610
Epoch [16] Training Class Recall: [0.854,0.930,0.822,0.719,0.847,0.755,0.877,0.888,0.909,0.898]
Epoch [16] Testing Results: Prec@1 73.220 Prec@5 98.110 Loss 0.88526
Epoch [16] Testing Class Recall: [0.482,0.712,0.639,0.380,0.725,0.822,0.816,0.915,0.850,0.981]
Epoch [17] Training Results: Prec@1 84.820 Prec@5 99.374 Loss 0.43617
Epoch [17] Training Class Recall: [0.853,0.929,0.816,0.720,0.844,0.762,0.876,0.884,0.909,0.894]
Epoch [17] Testing Results: Prec@1 78.610 Prec@5 98.570 Loss 0.68053
Epoch [17] Testing Class Recall: [0.803,0.980,0.640,0.759,0.840,0.725,0.896,0.846,0.515,0.857]
Epoch [18] Training Results: Prec@1 85.477 Prec@5 99.386 Loss 0.42189
Epoch [18] Training Class Recall: [0.855,0.926,0.834,0.730,0.853,0.763,0.882,0.891,0.913,0.906]
Epoch [18] Testing Results: Prec@1 81.760 Prec@5 98.830 Loss 0.55973
Epoch [18] Testing Class Recall: [0.791,0.950,0.601,0.812,0.769,0.649,0.899,0.904,0.925,0.876]
Epoch [19] Training Results: Prec@1 85.717 Prec@5 99.391 Loss 0.40834
Epoch [19] Training Class Recall: [0.850,0.938,0.829,0.735,0.854,0.768,0.889,0.889,0.912,0.913]
Epoch [19] Testing Results: Prec@1 77.440 Prec@5 98.470 Loss 0.67589
Epoch [19] Testing Class Recall: [0.864,0.969,0.626,0.782,0.590,0.670,0.746,0.860,0.853,0.784]
Epoch [20] Training Results: Prec@1 86.126 Prec@5 99.466 Loss 0.40007
Epoch [20] Training Class Recall: [0.861,0.940,0.836,0.743,0.865,0.770,0.883,0.895,0.912,0.909]
Epoch [20] Testing Results: Prec@1 81.450 Prec@5 98.980 Loss 0.56966
Epoch [20] Testing Class Recall: [0.695,0.950,0.843,0.726,0.881,0.712,0.784,0.875,0.819,0.860]
Epoch [21] Training Results: Prec@1 86.346 Prec@5 99.457 Loss 0.39848
Epoch [21] Training Class Recall: [0.858,0.939,0.840,0.750,0.861,0.782,0.887,0.893,0.917,0.912]
Epoch [21] Testing Results: Prec@1 80.870 Prec@5 99.000 Loss 0.58770
Epoch [21] Testing Class Recall: [0.880,0.874,0.656,0.670,0.712,0.797,0.859,0.951,0.770,0.918]
Epoch [22] Training Results: Prec@1 86.683 Prec@5 99.477 Loss 0.38964
Epoch [22] Training Class Recall: [0.866,0.940,0.841,0.757,0.869,0.780,0.889,0.903,0.920,0.908]
Epoch [22] Testing Results: Prec@1 78.450 Prec@5 98.660 Loss 0.69364
Epoch [22] Testing Class Recall: [0.788,0.880,0.816,0.573,0.794,0.601,0.588,0.973,0.935,0.897]
Epoch [23] Training Results: Prec@1 86.909 Prec@5 99.540 Loss 0.37654
Epoch [23] Training Class Recall: [0.866,0.943,0.839,0.756,0.866,0.781,0.893,0.909,0.928,0.914]
Epoch [23] Testing Results: Prec@1 80.640 Prec@5 98.970 Loss 0.58392
Epoch [23] Testing Class Recall: [0.791,0.937,0.794,0.770,0.720,0.751,0.731,0.767,0.863,0.940]
Epoch [24] Training Results: Prec@1 86.846 Prec@5 99.549 Loss 0.37560
Epoch [24] Training Class Recall: [0.867,0.945,0.845,0.752,0.865,0.778,0.897,0.902,0.924,0.915]
Epoch [24] Testing Results: Prec@1 81.690 Prec@5 98.920 Loss 0.57282
Epoch [24] Testing Class Recall: [0.723,0.964,0.654,0.684,0.893,0.766,0.902,0.745,0.951,0.887]
Epoch [25] Training Results: Prec@1 87.251 Prec@5 99.549 Loss 0.36622
Epoch [25] Training Class Recall: [0.874,0.937,0.848,0.752,0.878,0.787,0.900,0.910,0.925,0.917]
Epoch [25] Testing Results: Prec@1 82.390 Prec@5 98.900 Loss 0.57027
Epoch [25] Testing Class Recall: [0.763,0.919,0.803,0.698,0.817,0.721,0.755,0.892,0.950,0.921]
Epoch [26] Training Results: Prec@1 87.506 Prec@5 99.631 Loss 0.36056
Epoch [26] Training Class Recall: [0.878,0.943,0.850,0.763,0.880,0.788,0.896,0.908,0.925,0.922]
Epoch [26] Testing Results: Prec@1 78.000 Prec@5 98.360 Loss 0.67810
Epoch [26] Testing Class Recall: [0.696,0.961,0.861,0.707,0.681,0.622,0.672,0.751,0.897,0.952]
Epoch [27] Training Results: Prec@1 87.329 Prec@5 99.609 Loss 0.36112
Epoch [27] Training Class Recall: [0.876,0.947,0.847,0.757,0.871,0.794,0.897,0.906,0.928,0.915]
Epoch [27] Testing Results: Prec@1 82.920 Prec@5 99.170 Loss 0.51693
Epoch [27] Testing Class Recall: [0.819,0.905,0.731,0.800,0.874,0.654,0.848,0.829,0.929,0.903]
Epoch [28] Training Results: Prec@1 87.366 Prec@5 99.629 Loss 0.36157
Epoch [28] Training Class Recall: [0.867,0.942,0.858,0.759,0.877,0.795,0.893,0.910,0.923,0.915]
Epoch [28] Testing Results: Prec@1 81.950 Prec@5 99.230 Loss 0.57301
Epoch [28] Testing Class Recall: [0.795,0.951,0.622,0.871,0.771,0.724,0.826,0.824,0.960,0.851]
Epoch [29] Training Results: Prec@1 87.503 Prec@5 99.654 Loss 0.35422
Epoch [29] Training Class Recall: [0.875,0.946,0.844,0.760,0.882,0.794,0.901,0.912,0.923,0.918]
Epoch [29] Testing Results: Prec@1 80.640 Prec@5 99.080 Loss 0.61614
Epoch [29] Testing Class Recall: [0.715,0.910,0.778,0.498,0.667,0.898,0.775,0.940,0.962,0.921]
Epoch [30] Training Results: Prec@1 88.186 Prec@5 99.623 Loss 0.34190
Epoch [30] Training Class Recall: [0.891,0.947,0.860,0.772,0.887,0.804,0.907,0.911,0.923,0.923]
Epoch [30] Testing Results: Prec@1 73.770 Prec@5 97.060 Loss 0.98508
Epoch [30] Testing Class Recall: [0.414,0.877,0.666,0.810,0.744,0.810,0.734,0.763,0.829,0.730]
Epoch [31] Training Results: Prec@1 87.906 Prec@5 99.611 Loss 0.34401
Epoch [31] Training Class Recall: [0.884,0.944,0.863,0.776,0.879,0.796,0.902,0.911,0.920,0.919]
Epoch [31] Testing Results: Prec@1 76.620 Prec@5 98.270 Loss 0.73538
Epoch [31] Testing Class Recall: [0.799,0.990,0.766,0.443,0.783,0.840,0.755,0.833,0.742,0.711]
Epoch [32] Training Results: Prec@1 88.140 Prec@5 99.626 Loss 0.34190
Epoch [32] Training Class Recall: [0.890,0.948,0.860,0.774,0.882,0.796,0.904,0.915,0.931,0.918]
Epoch [32] Testing Results: Prec@1 82.640 Prec@5 99.140 Loss 0.51465
Epoch [32] Testing Class Recall: [0.767,0.939,0.851,0.720,0.734,0.769,0.825,0.887,0.837,0.935]
Epoch [33] Training Results: Prec@1 88.394 Prec@5 99.669 Loss 0.33507
Epoch [33] Training Class Recall: [0.890,0.944,0.864,0.789,0.889,0.803,0.906,0.912,0.927,0.920]
Epoch [33] Testing Results: Prec@1 82.570 Prec@5 99.010 Loss 0.54913
Epoch [33] Testing Class Recall: [0.705,0.938,0.853,0.615,0.787,0.716,0.915,0.882,0.906,0.940]
Epoch [34] Training Results: Prec@1 88.626 Prec@5 99.674 Loss 0.32686
Epoch [34] Training Class Recall: [0.886,0.946,0.868,0.783,0.884,0.812,0.912,0.921,0.930,0.924]
Epoch [34] Testing Results: Prec@1 80.570 Prec@5 98.980 Loss 0.64498
Epoch [34] Testing Class Recall: [0.767,0.878,0.662,0.788,0.845,0.577,0.937,0.930,0.765,0.908]
Epoch [35] Training Results: Prec@1 88.783 Prec@5 99.671 Loss 0.32133
Epoch [35] Training Class Recall: [0.888,0.953,0.864,0.792,0.888,0.812,0.910,0.921,0.928,0.926]
Epoch [35] Testing Results: Prec@1 80.160 Prec@5 99.100 Loss 0.63026
Epoch [35] Testing Class Recall: [0.720,0.882,0.906,0.516,0.741,0.673,0.838,0.933,0.904,0.903]
Epoch [36] Training Results: Prec@1 88.849 Prec@5 99.649 Loss 0.32020
Epoch [36] Training Class Recall: [0.893,0.949,0.866,0.785,0.898,0.811,0.910,0.915,0.933,0.928]
Epoch [36] Testing Results: Prec@1 83.240 Prec@5 99.360 Loss 0.52086
Epoch [36] Testing Class Recall: [0.784,0.905,0.800,0.801,0.865,0.577,0.875,0.894,0.884,0.939]
Epoch [37] Training Results: Prec@1 88.491 Prec@5 99.643 Loss 0.33130
Epoch [37] Training Class Recall: [0.894,0.943,0.866,0.791,0.885,0.804,0.908,0.914,0.931,0.918]
Epoch [37] Testing Results: Prec@1 78.670 Prec@5 97.660 Loss 0.74225
Epoch [37] Testing Class Recall: [0.820,0.907,0.730,0.663,0.693,0.675,0.584,0.912,0.929,0.954]
Epoch [38] Training Results: Prec@1 88.903 Prec@5 99.680 Loss 0.31949
Epoch [38] Training Class Recall: [0.895,0.951,0.867,0.796,0.887,0.808,0.920,0.914,0.934,0.923]
Epoch [38] Testing Results: Prec@1 81.430 Prec@5 98.940 Loss 0.59326
Epoch [38] Testing Class Recall: [0.835,0.981,0.797,0.734,0.900,0.644,0.864,0.721,0.897,0.770]
Epoch [39] Training Results: Prec@1 89.197 Prec@5 99.674 Loss 0.31235
Epoch [39] Training Class Recall: [0.894,0.950,0.870,0.801,0.895,0.822,0.910,0.922,0.929,0.930]
Epoch [39] Testing Results: Prec@1 81.910 Prec@5 98.770 Loss 0.59575
Epoch [39] Testing Class Recall: [0.851,0.812,0.555,0.699,0.763,0.893,0.903,0.909,0.899,0.907]
Epoch [40] Training Results: Prec@1 89.169 Prec@5 99.746 Loss 0.31045
Epoch [40] Training Class Recall: [0.897,0.947,0.875,0.794,0.894,0.813,0.914,0.922,0.932,0.931]
Epoch [40] Testing Results: Prec@1 78.610 Prec@5 97.750 Loss 0.80062
Epoch [40] Testing Class Recall: [0.912,0.900,0.534,0.585,0.669,0.753,0.712,0.975,0.890,0.931]
Epoch [41] Training Results: Prec@1 89.231 Prec@5 99.726 Loss 0.30707
Epoch [41] Training Class Recall: [0.898,0.949,0.874,0.788,0.896,0.824,0.907,0.921,0.939,0.931]
Epoch [41] Testing Results: Prec@1 84.550 Prec@5 99.280 Loss 0.49839
Epoch [41] Testing Class Recall: [0.817,0.919,0.726,0.679,0.879,0.793,0.911,0.939,0.932,0.860]
Epoch [42] Training Results: Prec@1 89.654 Prec@5 99.754 Loss 0.29996
Epoch [42] Training Class Recall: [0.896,0.950,0.885,0.803,0.901,0.826,0.916,0.922,0.938,0.930]
Epoch [42] Testing Results: Prec@1 82.030 Prec@5 98.610 Loss 0.59255
Epoch [42] Testing Class Recall: [0.661,0.949,0.736,0.678,0.902,0.726,0.780,0.872,0.951,0.948]
Epoch [43] Training Results: Prec@1 89.586 Prec@5 99.729 Loss 0.30039
Epoch [43] Training Class Recall: [0.897,0.946,0.883,0.807,0.901,0.818,0.924,0.927,0.934,0.925]
Epoch [43] Testing Results: Prec@1 82.450 Prec@5 98.810 Loss 0.54618
Epoch [43] Testing Class Recall: [0.849,0.946,0.767,0.748,0.866,0.504,0.845,0.879,0.893,0.948]
Epoch [44] Training Results: Prec@1 89.454 Prec@5 99.754 Loss 0.30123
Epoch [44] Training Class Recall: [0.900,0.950,0.878,0.796,0.893,0.819,0.922,0.921,0.936,0.933]
Epoch [44] Testing Results: Prec@1 81.880 Prec@5 99.250 Loss 0.54065
Epoch [44] Testing Class Recall: [0.773,0.876,0.791,0.612,0.869,0.614,0.875,0.943,0.928,0.907]
Epoch [45] Training Results: Prec@1 89.371 Prec@5 99.717 Loss 0.30495
Epoch [45] Training Class Recall: [0.894,0.951,0.875,0.805,0.896,0.822,0.912,0.921,0.935,0.928]
Epoch [45] Testing Results: Prec@1 77.640 Prec@5 98.890 Loss 0.80369
Epoch [45] Testing Class Recall: [0.744,0.914,0.860,0.485,0.873,0.774,0.932,0.523,0.770,0.889]
Epoch [46] Training Results: Prec@1 89.483 Prec@5 99.700 Loss 0.30610
Epoch [46] Training Class Recall: [0.899,0.955,0.879,0.801,0.899,0.823,0.916,0.916,0.935,0.928]
Epoch [46] Testing Results: Prec@1 79.970 Prec@5 98.630 Loss 0.67524
Epoch [46] Testing Class Recall: [0.545,0.858,0.724,0.859,0.895,0.654,0.849,0.842,0.953,0.818]
Epoch [47] Training Results: Prec@1 89.637 Prec@5 99.777 Loss 0.29605
Epoch [47] Training Class Recall: [0.897,0.952,0.884,0.806,0.900,0.827,0.917,0.925,0.936,0.922]
Epoch [47] Testing Results: Prec@1 78.070 Prec@5 98.800 Loss 0.72087
Epoch [47] Testing Class Recall: [0.957,0.948,0.752,0.523,0.769,0.902,0.835,0.690,0.744,0.687]
Epoch [48] Training Results: Prec@1 90.006 Prec@5 99.783 Loss 0.28448
Epoch [48] Training Class Recall: [0.905,0.951,0.887,0.817,0.905,0.826,0.924,0.920,0.941,0.929]
Epoch [48] Testing Results: Prec@1 83.520 Prec@5 98.840 Loss 0.52500
Epoch [48] Testing Class Recall: [0.795,0.978,0.813,0.717,0.881,0.797,0.801,0.807,0.898,0.865]
Epoch [49] Training Results: Prec@1 89.946 Prec@5 99.800 Loss 0.28714
Epoch [49] Training Class Recall: [0.895,0.954,0.880,0.808,0.904,0.838,0.923,0.925,0.937,0.933]
Epoch [49] Testing Results: Prec@1 83.240 Prec@5 99.120 Loss 0.56430
Epoch [49] Testing Class Recall: [0.703,0.968,0.809,0.665,0.757,0.789,0.928,0.897,0.955,0.853]
Epoch [50] Training Results: Prec@1 90.011 Prec@5 99.760 Loss 0.28921
Epoch [50] Training Class Recall: [0.904,0.952,0.883,0.812,0.902,0.830,0.924,0.928,0.939,0.933]
Epoch [50] Testing Results: Prec@1 82.850 Prec@5 99.260 Loss 0.56264
Epoch [50] Testing Class Recall: [0.789,0.889,0.743,0.592,0.919,0.759,0.956,0.894,0.860,0.884]
Epoch [51] Training Results: Prec@1 90.109 Prec@5 99.791 Loss 0.28395
Epoch [51] Training Class Recall: [0.896,0.954,0.884,0.817,0.909,0.829,0.922,0.929,0.941,0.933]
Epoch [51] Testing Results: Prec@1 82.660 Prec@5 99.380 Loss 0.53374
Epoch [51] Testing Class Recall: [0.772,0.915,0.765,0.885,0.870,0.597,0.849,0.797,0.861,0.955]
Epoch [52] Training Results: Prec@1 90.046 Prec@5 99.743 Loss 0.28772
Epoch [52] Training Class Recall: [0.898,0.952,0.883,0.824,0.903,0.836,0.919,0.926,0.940,0.927]
Epoch [52] Testing Results: Prec@1 81.090 Prec@5 98.950 Loss 0.63857
Epoch [52] Testing Class Recall: [0.746,0.954,0.679,0.657,0.949,0.709,0.745,0.842,0.950,0.878]
Epoch [53] Training Results: Prec@1 90.451 Prec@5 99.780 Loss 0.27201
Epoch [53] Training Class Recall: [0.909,0.958,0.883,0.831,0.908,0.832,0.927,0.925,0.943,0.933]
Epoch [53] Testing Results: Prec@1 82.640 Prec@5 98.800 Loss 0.55429
Epoch [53] Testing Class Recall: [0.926,0.944,0.655,0.796,0.781,0.629,0.903,0.839,0.922,0.869]
Epoch [54] Training Results: Prec@1 90.091 Prec@5 99.751 Loss 0.28575
Epoch [54] Training Class Recall: [0.902,0.954,0.888,0.815,0.903,0.830,0.920,0.931,0.942,0.927]
Epoch [54] Testing Results: Prec@1 80.020 Prec@5 99.000 Loss 0.65804
Epoch [54] Testing Class Recall: [0.698,0.900,0.697,0.630,0.717,0.894,0.758,0.928,0.820,0.960]
Epoch [55] Training Results: Prec@1 90.151 Prec@5 99.746 Loss 0.28532
Epoch [55] Training Class Recall: [0.899,0.951,0.891,0.821,0.901,0.836,0.924,0.926,0.937,0.932]
Epoch [55] Testing Results: Prec@1 79.960 Prec@5 98.720 Loss 0.67665
Epoch [55] Testing Class Recall: [0.705,0.661,0.930,0.734,0.795,0.699,0.874,0.787,0.936,0.875]
Epoch [56] Training Results: Prec@1 90.303 Prec@5 99.740 Loss 0.27876
Epoch [56] Training Class Recall: [0.906,0.952,0.895,0.813,0.904,0.838,0.926,0.925,0.942,0.933]
Epoch [56] Testing Results: Prec@1 82.960 Prec@5 99.010 Loss 0.56852
Epoch [56] Testing Class Recall: [0.864,0.921,0.707,0.625,0.943,0.762,0.829,0.790,0.951,0.904]
Epoch [57] Training Results: Prec@1 90.329 Prec@5 99.806 Loss 0.27524
Epoch [57] Training Class Recall: [0.909,0.953,0.883,0.827,0.914,0.836,0.925,0.924,0.939,0.925]
Epoch [57] Testing Results: Prec@1 80.530 Prec@5 98.970 Loss 0.61926
Epoch [57] Testing Class Recall: [0.622,0.917,0.841,0.868,0.667,0.618,0.915,0.761,0.953,0.891]
Epoch [58] Training Results: Prec@1 90.337 Prec@5 99.780 Loss 0.27259
Epoch [58] Training Class Recall: [0.899,0.956,0.893,0.813,0.910,0.834,0.918,0.935,0.948,0.929]
Epoch [58] Testing Results: Prec@1 82.260 Prec@5 98.690 Loss 0.57646
Epoch [58] Testing Class Recall: [0.803,0.890,0.642,0.625,0.783,0.805,0.934,0.869,0.944,0.931]
Epoch [59] Training Results: Prec@1 90.537 Prec@5 99.743 Loss 0.27192
Epoch [59] Training Class Recall: [0.904,0.954,0.895,0.819,0.907,0.843,0.932,0.930,0.943,0.930]
Epoch [59] Testing Results: Prec@1 79.760 Prec@5 98.820 Loss 0.68068
Epoch [59] Testing Class Recall: [0.632,0.735,0.910,0.674,0.855,0.581,0.870,0.857,0.883,0.979]
Epoch [60] Training Results: Prec@1 90.569 Prec@5 99.777 Loss 0.27113
Epoch [60] Training Class Recall: [0.906,0.955,0.887,0.822,0.904,0.851,0.928,0.929,0.942,0.937]
Epoch [60] Testing Results: Prec@1 83.380 Prec@5 98.820 Loss 0.55470
Epoch [60] Testing Class Recall: [0.753,0.845,0.745,0.687,0.886,0.859,0.771,0.958,0.906,0.928]
Epoch [61] Training Results: Prec@1 90.443 Prec@5 99.769 Loss 0.27618
Epoch [61] Training Class Recall: [0.905,0.953,0.890,0.824,0.911,0.839,0.922,0.931,0.939,0.933]
Epoch [61] Testing Results: Prec@1 82.680 Prec@5 98.940 Loss 0.57550
Epoch [61] Testing Class Recall: [0.728,0.942,0.817,0.816,0.736,0.699,0.888,0.914,0.809,0.919]
Epoch [62] Training Results: Prec@1 90.511 Prec@5 99.823 Loss 0.27215
Epoch [62] Training Class Recall: [0.905,0.957,0.882,0.822,0.904,0.847,0.928,0.930,0.939,0.939]
Epoch [62] Testing Results: Prec@1 83.270 Prec@5 99.220 Loss 0.51280
Epoch [62] Testing Class Recall: [0.770,0.927,0.801,0.813,0.827,0.770,0.799,0.843,0.955,0.822]
Epoch [63] Training Results: Prec@1 90.583 Prec@5 99.763 Loss 0.27084
Epoch [63] Training Class Recall: [0.905,0.961,0.885,0.824,0.908,0.837,0.921,0.937,0.944,0.940]
Epoch [63] Testing Results: Prec@1 80.320 Prec@5 98.500 Loss 0.66205
Epoch [63] Testing Class Recall: [0.832,0.988,0.816,0.582,0.683,0.869,0.725,0.907,0.924,0.706]
Epoch [64] Training Results: Prec@1 90.446 Prec@5 99.769 Loss 0.27276
Epoch [64] Training Class Recall: [0.907,0.952,0.890,0.826,0.903,0.847,0.926,0.929,0.939,0.928]
Epoch [64] Testing Results: Prec@1 84.210 Prec@5 99.050 Loss 0.51208
Epoch [64] Testing Class Recall: [0.663,0.842,0.803,0.677,0.878,0.829,0.888,0.907,0.958,0.976]
Epoch [65] Training Results: Prec@1 90.466 Prec@5 99.786 Loss 0.27140
Epoch [65] Training Class Recall: [0.901,0.953,0.893,0.822,0.908,0.836,0.932,0.929,0.945,0.931]
Epoch [65] Testing Results: Prec@1 78.170 Prec@5 97.770 Loss 0.76736
Epoch [65] Testing Class Recall: [0.883,0.993,0.754,0.725,0.734,0.670,0.580,0.946,0.775,0.757]
Epoch [66] Training Results: Prec@1 90.469 Prec@5 99.826 Loss 0.26566
Epoch [66] Training Class Recall: [0.904,0.956,0.889,0.817,0.908,0.835,0.926,0.935,0.942,0.937]
Epoch [66] Testing Results: Prec@1 81.590 Prec@5 99.130 Loss 0.62311
Epoch [66] Testing Class Recall: [0.786,0.912,0.759,0.479,0.763,0.919,0.936,0.865,0.941,0.799]
Epoch [67] Training Results: Prec@1 90.529 Prec@5 99.789 Loss 0.27164
Epoch [67] Training Class Recall: [0.906,0.960,0.887,0.828,0.909,0.837,0.921,0.934,0.939,0.934]
Epoch [67] Testing Results: Prec@1 81.560 Prec@5 98.780 Loss 0.63910
Epoch [67] Testing Class Recall: [0.599,0.981,0.767,0.699,0.863,0.858,0.896,0.770,0.810,0.913]
Epoch [68] Training Results: Prec@1 90.829 Prec@5 99.823 Loss 0.26244
Epoch [68] Training Class Recall: [0.901,0.951,0.897,0.838,0.913,0.848,0.931,0.932,0.941,0.931]
Epoch [68] Testing Results: Prec@1 79.920 Prec@5 98.820 Loss 0.67570
Epoch [68] Testing Class Recall: [0.776,0.863,0.755,0.641,0.827,0.816,0.679,0.892,0.990,0.753]
Epoch [69] Training Results: Prec@1 90.637 Prec@5 99.786 Loss 0.26541
Epoch [69] Training Class Recall: [0.907,0.954,0.891,0.828,0.910,0.840,0.926,0.931,0.943,0.936]
Epoch [69] Testing Results: Prec@1 84.130 Prec@5 99.160 Loss 0.50185
Epoch [69] Testing Class Recall: [0.789,0.915,0.885,0.666,0.861,0.870,0.762,0.900,0.904,0.861]
Epoch [70] Training Results: Prec@1 91.046 Prec@5 99.834 Loss 0.25943
Epoch [70] Training Class Recall: [0.908,0.956,0.901,0.831,0.918,0.852,0.928,0.934,0.939,0.937]
Epoch [70] Testing Results: Prec@1 80.660 Prec@5 98.930 Loss 0.63889
Epoch [70] Testing Class Recall: [0.763,0.825,0.770,0.875,0.886,0.592,0.854,0.859,0.890,0.752]
Epoch [71] Training Results: Prec@1 90.643 Prec@5 99.771 Loss 0.26737
Epoch [71] Training Class Recall: [0.908,0.959,0.889,0.828,0.914,0.843,0.920,0.930,0.942,0.934]
Epoch [71] Testing Results: Prec@1 82.200 Prec@5 98.320 Loss 0.60422
Epoch [71] Testing Class Recall: [0.841,0.926,0.727,0.617,0.856,0.704,0.855,0.817,0.922,0.955]
Epoch [72] Training Results: Prec@1 91.057 Prec@5 99.797 Loss 0.26033
Epoch [72] Training Class Recall: [0.913,0.957,0.902,0.824,0.912,0.854,0.932,0.931,0.946,0.938]
Epoch [72] Testing Results: Prec@1 84.080 Prec@5 99.040 Loss 0.50384
Epoch [72] Testing Class Recall: [0.731,0.960,0.848,0.763,0.819,0.820,0.722,0.930,0.949,0.866]
Epoch [73] Training Results: Prec@1 90.949 Prec@5 99.823 Loss 0.26001
Epoch [73] Training Class Recall: [0.904,0.955,0.890,0.835,0.912,0.848,0.927,0.937,0.951,0.938]
Epoch [73] Testing Results: Prec@1 83.410 Prec@5 98.750 Loss 0.57619
Epoch [73] Testing Class Recall: [0.554,0.920,0.779,0.570,0.896,0.904,0.928,0.920,0.940,0.930]
Epoch [74] Training Results: Prec@1 90.977 Prec@5 99.806 Loss 0.25755
Epoch [74] Training Class Recall: [0.906,0.959,0.898,0.832,0.911,0.843,0.933,0.935,0.946,0.937]
Epoch [74] Testing Results: Prec@1 82.250 Prec@5 98.850 Loss 0.58964
Epoch [74] Testing Class Recall: [0.783,0.887,0.880,0.713,0.797,0.777,0.684,0.930,0.805,0.969]
Epoch [75] Training Results: Prec@1 91.454 Prec@5 99.797 Loss 0.25041
Epoch [75] Training Class Recall: [0.914,0.958,0.895,0.840,0.926,0.854,0.932,0.941,0.944,0.943]
Epoch [75] Testing Results: Prec@1 82.360 Prec@5 98.490 Loss 0.56469
Epoch [75] Testing Class Recall: [0.923,0.965,0.634,0.846,0.722,0.680,0.780,0.890,0.899,0.897]
Epoch [76] Training Results: Prec@1 91.063 Prec@5 99.786 Loss 0.25606
Epoch [76] Training Class Recall: [0.910,0.959,0.900,0.830,0.915,0.851,0.925,0.934,0.949,0.936]
Epoch [76] Testing Results: Prec@1 84.680 Prec@5 99.250 Loss 0.48633
Epoch [76] Testing Class Recall: [0.840,0.945,0.763,0.831,0.878,0.605,0.900,0.896,0.899,0.911]
Epoch [77] Training Results: Prec@1 91.106 Prec@5 99.817 Loss 0.25672
Epoch [77] Training Class Recall: [0.907,0.962,0.893,0.835,0.911,0.851,0.933,0.935,0.944,0.942]
Epoch [77] Testing Results: Prec@1 79.730 Prec@5 98.850 Loss 0.66630
Epoch [77] Testing Class Recall: [0.943,0.935,0.770,0.584,0.878,0.671,0.734,0.956,0.886,0.616]
Epoch [78] Training Results: Prec@1 90.906 Prec@5 99.806 Loss 0.26193
Epoch [78] Training Class Recall: [0.910,0.958,0.896,0.830,0.916,0.847,0.921,0.938,0.940,0.936]
Epoch [78] Testing Results: Prec@1 81.710 Prec@5 99.050 Loss 0.57652
Epoch [78] Testing Class Recall: [0.718,0.919,0.811,0.859,0.776,0.604,0.900,0.938,0.910,0.736]
Epoch [79] Training Results: Prec@1 91.086 Prec@5 99.811 Loss 0.25508
Epoch [79] Training Class Recall: [0.912,0.959,0.896,0.832,0.913,0.841,0.933,0.935,0.948,0.943]
Epoch [79] Testing Results: Prec@1 79.390 Prec@5 98.530 Loss 0.72594
Epoch [79] Testing Class Recall: [0.816,0.983,0.824,0.778,0.656,0.875,0.562,0.923,0.825,0.697]
Epoch [80] Training Results: Prec@1 91.083 Prec@5 99.789 Loss 0.25493
Epoch [80] Training Class Recall: [0.917,0.961,0.898,0.835,0.912,0.850,0.927,0.931,0.943,0.937]
Epoch [80] Testing Results: Prec@1 81.970 Prec@5 98.970 Loss 0.61798
Epoch [80] Testing Class Recall: [0.755,0.965,0.738,0.479,0.846,0.868,0.896,0.958,0.865,0.827]
Epoch [81] Training Results: Prec@1 91.177 Prec@5 99.780 Loss 0.25246
Epoch [81] Training Class Recall: [0.905,0.957,0.895,0.835,0.916,0.855,0.934,0.936,0.951,0.937]
Epoch [81] Testing Results: Prec@1 77.140 Prec@5 98.650 Loss 0.78940
Epoch [81] Testing Class Recall: [0.584,0.960,0.646,0.816,0.534,0.847,0.869,0.732,0.891,0.835]
Epoch [82] Training Results: Prec@1 91.331 Prec@5 99.797 Loss 0.25316
Epoch [82] Training Class Recall: [0.913,0.957,0.902,0.838,0.912,0.856,0.937,0.938,0.945,0.939]
Epoch [82] Testing Results: Prec@1 83.840 Prec@5 99.220 Loss 0.52193
Epoch [82] Testing Class Recall: [0.756,0.908,0.805,0.552,0.906,0.892,0.904,0.781,0.950,0.930]
Epoch [83] Training Results: Prec@1 91.560 Prec@5 99.846 Loss 0.24410
Epoch [83] Training Class Recall: [0.914,0.963,0.906,0.838,0.919,0.852,0.929,0.942,0.951,0.943]
Epoch [83] Testing Results: Prec@1 84.170 Prec@5 99.230 Loss 0.51718
Epoch [83] Testing Class Recall: [0.842,0.942,0.693,0.636,0.798,0.879,0.917,0.875,0.907,0.928]
Epoch [84] Training Results: Prec@1 91.180 Prec@5 99.806 Loss 0.25625
Epoch [84] Training Class Recall: [0.909,0.961,0.899,0.835,0.912,0.855,0.931,0.936,0.945,0.940]
Epoch [84] Testing Results: Prec@1 84.070 Prec@5 99.100 Loss 0.50792
Epoch [84] Testing Class Recall: [0.843,0.906,0.848,0.545,0.852,0.857,0.743,0.935,0.953,0.925]
Epoch [85] Training Results: Prec@1 91.277 Prec@5 99.803 Loss 0.24926
Epoch [85] Training Class Recall: [0.914,0.955,0.899,0.836,0.915,0.858,0.933,0.937,0.945,0.938]
Epoch [85] Testing Results: Prec@1 83.630 Prec@5 98.900 Loss 0.52020
Epoch [85] Testing Class Recall: [0.771,0.951,0.757,0.688,0.716,0.844,0.837,0.932,0.938,0.929]
Epoch [86] Training Results: Prec@1 91.423 Prec@5 99.826 Loss 0.24565
Epoch [86] Training Class Recall: [0.914,0.960,0.899,0.840,0.923,0.860,0.928,0.935,0.946,0.940]
Epoch [86] Testing Results: Prec@1 70.520 Prec@5 95.400 Loss 1.24430
Epoch [86] Testing Class Recall: [0.661,0.914,0.758,0.503,0.720,0.150,0.888,0.834,0.997,0.627]
Epoch [87] Training Results: Prec@1 91.483 Prec@5 99.823 Loss 0.24237
Epoch [87] Training Class Recall: [0.916,0.963,0.906,0.842,0.916,0.848,0.933,0.938,0.948,0.940]
Epoch [87] Testing Results: Prec@1 81.550 Prec@5 98.620 Loss 0.65731
Epoch [87] Testing Class Recall: [0.884,0.962,0.803,0.466,0.823,0.871,0.786,0.893,0.910,0.757]
Epoch [88] Training Results: Prec@1 91.131 Prec@5 99.840 Loss 0.25298
Epoch [88] Training Class Recall: [0.919,0.958,0.901,0.838,0.912,0.845,0.932,0.929,0.945,0.937]
Epoch [88] Testing Results: Prec@1 83.940 Prec@5 99.220 Loss 0.54858
Epoch [88] Testing Class Recall: [0.783,0.917,0.620,0.716,0.848,0.882,0.814,0.949,0.930,0.935]
Epoch [89] Training Results: Prec@1 91.297 Prec@5 99.817 Loss 0.24776
Epoch [89] Training Class Recall: [0.919,0.962,0.897,0.834,0.917,0.856,0.932,0.932,0.945,0.939]
Epoch [89] Testing Results: Prec@1 83.130 Prec@5 99.210 Loss 0.54241
Epoch [89] Testing Class Recall: [0.709,0.963,0.900,0.573,0.763,0.799,0.904,0.935,0.878,0.889]
Epoch [90] Training Results: Prec@1 90.971 Prec@5 99.829 Loss 0.25667
Epoch [90] Training Class Recall: [0.909,0.957,0.898,0.835,0.912,0.853,0.926,0.928,0.946,0.936]
Epoch [90] Testing Results: Prec@1 82.630 Prec@5 99.070 Loss 0.58589
Epoch [90] Testing Class Recall: [0.768,0.914,0.715,0.481,0.936,0.801,0.942,0.921,0.965,0.820]
Epoch [91] Training Results: Prec@1 91.609 Prec@5 99.854 Loss 0.24142
Epoch [91] Training Class Recall: [0.914,0.965,0.898,0.837,0.924,0.858,0.933,0.945,0.944,0.945]
Epoch [91] Testing Results: Prec@1 82.560 Prec@5 99.130 Loss 0.56612
Epoch [91] Testing Class Recall: [0.670,0.961,0.840,0.855,0.740,0.576,0.867,0.946,0.921,0.880]
Epoch [92] Training Results: Prec@1 91.480 Prec@5 99.840 Loss 0.24498
Epoch [92] Training Class Recall: [0.913,0.962,0.901,0.841,0.920,0.858,0.931,0.943,0.939,0.941]
Epoch [92] Testing Results: Prec@1 84.720 Prec@5 99.260 Loss 0.49318
Epoch [92] Testing Class Recall: [0.779,0.955,0.867,0.656,0.910,0.845,0.878,0.875,0.877,0.830]
Epoch [93] Training Results: Prec@1 91.349 Prec@5 99.817 Loss 0.24808
Epoch [93] Training Class Recall: [0.922,0.957,0.909,0.840,0.911,0.847,0.937,0.931,0.946,0.938]
Epoch [93] Testing Results: Prec@1 84.250 Prec@5 98.920 Loss 0.53071
Epoch [93] Testing Class Recall: [0.825,0.942,0.622,0.718,0.885,0.832,0.895,0.919,0.878,0.909]
Epoch [94] Training Results: Prec@1 91.460 Prec@5 99.860 Loss 0.24487
Epoch [94] Training Class Recall: [0.915,0.958,0.908,0.844,0.915,0.854,0.929,0.937,0.948,0.938]
Epoch [94] Testing Results: Prec@1 81.150 Prec@5 98.780 Loss 0.67400
Epoch [94] Testing Class Recall: [0.847,0.906,0.642,0.484,0.748,0.871,0.848,0.944,0.939,0.886]
Epoch [95] Training Results: Prec@1 91.177 Prec@5 99.826 Loss 0.25075
Epoch [95] Training Class Recall: [0.904,0.965,0.895,0.838,0.917,0.852,0.930,0.935,0.943,0.940]
Epoch [95] Testing Results: Prec@1 84.060 Prec@5 99.130 Loss 0.51341
Epoch [95] Testing Class Recall: [0.787,0.892,0.655,0.846,0.882,0.780,0.782,0.905,0.908,0.969]
Epoch [96] Training Results: Prec@1 91.883 Prec@5 99.829 Loss 0.23416
Epoch [96] Training Class Recall: [0.915,0.965,0.901,0.848,0.923,0.863,0.934,0.944,0.951,0.946]
Epoch [96] Testing Results: Prec@1 83.190 Prec@5 99.020 Loss 0.56436
Epoch [96] Testing Class Recall: [0.744,0.935,0.841,0.583,0.825,0.874,0.855,0.905,0.897,0.860]
Epoch [97] Training Results: Prec@1 91.634 Prec@5 99.826 Loss 0.23981
Epoch [97] Training Class Recall: [0.918,0.960,0.908,0.844,0.919,0.861,0.933,0.937,0.946,0.940]
Epoch [97] Testing Results: Prec@1 83.310 Prec@5 98.890 Loss 0.56438
Epoch [97] Testing Class Recall: [0.873,0.955,0.860,0.467,0.856,0.760,0.907,0.932,0.841,0.880]
Epoch [98] Training Results: Prec@1 91.277 Prec@5 99.826 Loss 0.24873
Epoch [98] Training Class Recall: [0.906,0.962,0.896,0.839,0.918,0.862,0.939,0.930,0.945,0.933]
Epoch [98] Testing Results: Prec@1 82.590 Prec@5 98.750 Loss 0.61162
Epoch [98] Testing Class Recall: [0.911,0.994,0.746,0.642,0.739,0.828,0.898,0.889,0.825,0.787]
Epoch [99] Training Results: Prec@1 91.617 Prec@5 99.837 Loss 0.24059
Epoch [99] Training Class Recall: [0.918,0.962,0.904,0.836,0.921,0.849,0.936,0.940,0.953,0.945]
Epoch [99] Testing Results: Prec@1 81.100 Prec@5 98.630 Loss 0.66566
Epoch [99] Testing Class Recall: [0.675,0.946,0.723,0.696,0.800,0.906,0.702,0.899,0.872,0.891]
Epoch [100] Training Results: Prec@1 91.740 Prec@5 99.817 Loss 0.24010
Epoch [100] Training Class Recall: [0.913,0.958,0.906,0.854,0.920,0.861,0.940,0.935,0.950,0.940]
Epoch [100] Testing Results: Prec@1 82.430 Prec@5 99.180 Loss 0.59287
Epoch [100] Testing Class Recall: [0.817,0.938,0.818,0.610,0.782,0.762,0.946,0.794,0.902,0.874]
Epoch [101] Training Results: Prec@1 92.006 Prec@5 99.840 Loss 0.23340
Epoch [101] Training Class Recall: [0.921,0.963,0.912,0.848,0.920,0.860,0.942,0.940,0.953,0.945]
Epoch [101] Testing Results: Prec@1 82.010 Prec@5 99.110 Loss 0.61449
Epoch [101] Testing Class Recall: [0.800,0.903,0.879,0.768,0.899,0.472,0.754,0.924,0.904,0.898]
Epoch [102] Training Results: Prec@1 91.766 Prec@5 99.791 Loss 0.24131
Epoch [102] Training Class Recall: [0.915,0.958,0.905,0.854,0.915,0.866,0.933,0.942,0.949,0.942]
Epoch [102] Testing Results: Prec@1 81.120 Prec@5 98.330 Loss 0.63458
Epoch [102] Testing Class Recall: [0.815,0.918,0.773,0.555,0.815,0.725,0.777,0.937,0.951,0.846]
Epoch [103] Training Results: Prec@1 91.460 Prec@5 99.854 Loss 0.24552
Epoch [103] Training Class Recall: [0.922,0.963,0.899,0.838,0.914,0.854,0.937,0.938,0.945,0.940]
Epoch [103] Testing Results: Prec@1 83.020 Prec@5 98.910 Loss 0.56862
Epoch [103] Testing Class Recall: [0.775,0.966,0.834,0.503,0.817,0.924,0.903,0.928,0.752,0.900]
Epoch [104] Training Results: Prec@1 91.500 Prec@5 99.794 Loss 0.24345
Epoch [104] Training Class Recall: [0.908,0.959,0.898,0.848,0.923,0.857,0.932,0.937,0.948,0.942]
Epoch [104] Testing Results: Prec@1 82.950 Prec@5 98.470 Loss 0.59866
Epoch [104] Testing Class Recall: [0.858,0.910,0.830,0.463,0.836,0.734,0.901,0.901,0.918,0.944]
Epoch [105] Training Results: Prec@1 91.611 Prec@5 99.846 Loss 0.23599
Epoch [105] Training Class Recall: [0.920,0.959,0.898,0.849,0.916,0.869,0.934,0.939,0.941,0.939]
Epoch [105] Testing Results: Prec@1 80.170 Prec@5 98.360 Loss 0.72780
Epoch [105] Testing Class Recall: [0.640,0.929,0.790,0.754,0.837,0.884,0.898,0.807,0.719,0.759]
Epoch [106] Training Results: Prec@1 91.489 Prec@5 99.809 Loss 0.24572
Epoch [106] Training Class Recall: [0.915,0.959,0.902,0.843,0.918,0.854,0.936,0.938,0.945,0.941]
Epoch [106] Testing Results: Prec@1 83.760 Prec@5 99.100 Loss 0.56310
Epoch [106] Testing Class Recall: [0.959,0.912,0.749,0.695,0.799,0.782,0.875,0.856,0.884,0.865]
Epoch [107] Training Results: Prec@1 91.783 Prec@5 99.823 Loss 0.23550
Epoch [107] Training Class Recall: [0.915,0.963,0.910,0.843,0.926,0.863,0.933,0.937,0.945,0.943]
Epoch [107] Testing Results: Prec@1 80.230 Prec@5 98.830 Loss 0.69291
Epoch [107] Testing Class Recall: [0.613,0.851,0.706,0.812,0.714,0.754,0.958,0.888,0.862,0.865]
Epoch [108] Training Results: Prec@1 91.594 Prec@5 99.857 Loss 0.24209
Epoch [108] Training Class Recall: [0.914,0.959,0.907,0.848,0.920,0.861,0.932,0.935,0.942,0.942]
Epoch [108] Testing Results: Prec@1 83.070 Prec@5 99.250 Loss 0.58732
Epoch [108] Testing Class Recall: [0.701,0.894,0.828,0.493,0.850,0.808,0.950,0.921,0.928,0.934]
Epoch [109] Training Results: Prec@1 91.511 Prec@5 99.843 Loss 0.24218
Epoch [109] Training Class Recall: [0.907,0.960,0.904,0.845,0.922,0.854,0.937,0.939,0.945,0.940]
Epoch [109] Testing Results: Prec@1 83.180 Prec@5 98.790 Loss 0.55151
Epoch [109] Testing Class Recall: [0.778,0.961,0.754,0.855,0.827,0.802,0.622,0.854,0.924,0.941]
Epoch [110] Training Results: Prec@1 92.291 Prec@5 99.834 Loss 0.22397
Epoch [110] Training Class Recall: [0.924,0.964,0.914,0.855,0.926,0.871,0.938,0.942,0.953,0.944]
Epoch [110] Testing Results: Prec@1 81.560 Prec@5 99.090 Loss 0.63012
Epoch [110] Testing Class Recall: [0.676,0.831,0.728,0.838,0.800,0.751,0.907,0.864,0.859,0.902]
Epoch [111] Training Results: Prec@1 91.460 Prec@5 99.811 Loss 0.24144
Epoch [111] Training Class Recall: [0.915,0.957,0.900,0.838,0.915,0.861,0.930,0.943,0.947,0.943]
Epoch [111] Testing Results: Prec@1 83.020 Prec@5 98.880 Loss 0.58802
Epoch [111] Testing Class Recall: [0.654,0.866,0.726,0.771,0.780,0.777,0.940,0.889,0.943,0.956]
Epoch [112] Training Results: Prec@1 91.706 Prec@5 99.817 Loss 0.24000
Epoch [112] Training Class Recall: [0.917,0.955,0.904,0.851,0.919,0.862,0.931,0.940,0.951,0.943]
Epoch [112] Testing Results: Prec@1 80.820 Prec@5 98.590 Loss 0.64376
Epoch [112] Testing Class Recall: [0.912,0.961,0.832,0.646,0.678,0.680,0.812,0.951,0.767,0.843]
Epoch [113] Training Results: Prec@1 91.803 Prec@5 99.869 Loss 0.23369
Epoch [113] Training Class Recall: [0.920,0.961,0.904,0.847,0.927,0.860,0.944,0.935,0.947,0.939]
Epoch [113] Testing Results: Prec@1 84.050 Prec@5 99.190 Loss 0.55309
Epoch [113] Testing Class Recall: [0.810,0.931,0.820,0.548,0.867,0.852,0.889,0.964,0.917,0.807]
Epoch [114] Training Results: Prec@1 91.840 Prec@5 99.809 Loss 0.23710
Epoch [114] Training Class Recall: [0.918,0.963,0.901,0.849,0.923,0.865,0.935,0.937,0.954,0.943]
Epoch [114] Testing Results: Prec@1 85.940 Prec@5 99.020 Loss 0.46878
Epoch [114] Testing Class Recall: [0.914,0.916,0.740,0.689,0.861,0.852,0.872,0.885,0.932,0.933]
Epoch [115] Training Results: Prec@1 91.820 Prec@5 99.877 Loss 0.23477
Epoch [115] Training Class Recall: [0.913,0.962,0.906,0.850,0.919,0.873,0.934,0.941,0.943,0.942]
Epoch [115] Testing Results: Prec@1 83.050 Prec@5 98.910 Loss 0.57247
Epoch [115] Testing Class Recall: [0.585,0.889,0.866,0.626,0.876,0.844,0.834,0.957,0.883,0.945]
Epoch [116] Training Results: Prec@1 91.751 Prec@5 99.854 Loss 0.23174
Epoch [116] Training Class Recall: [0.914,0.964,0.903,0.844,0.919,0.865,0.936,0.940,0.950,0.941]
Epoch [116] Testing Results: Prec@1 85.630 Prec@5 99.360 Loss 0.48796
Epoch [116] Testing Class Recall: [0.820,0.923,0.803,0.672,0.893,0.889,0.864,0.886,0.949,0.864]
Epoch [117] Training Results: Prec@1 91.603 Prec@5 99.831 Loss 0.23885
Epoch [117] Training Class Recall: [0.912,0.966,0.899,0.846,0.917,0.857,0.933,0.942,0.941,0.950]
Epoch [117] Testing Results: Prec@1 81.240 Prec@5 98.950 Loss 0.63446
Epoch [117] Testing Class Recall: [0.776,0.865,0.618,0.867,0.796,0.763,0.856,0.844,0.866,0.873]
Epoch [118] Training Results: Prec@1 91.660 Prec@5 99.846 Loss 0.23620
Epoch [118] Training Class Recall: [0.913,0.957,0.899,0.843,0.922,0.868,0.937,0.939,0.945,0.946]
Epoch [118] Testing Results: Prec@1 83.800 Prec@5 99.370 Loss 0.52999
Epoch [118] Testing Class Recall: [0.716,0.963,0.841,0.719,0.915,0.778,0.787,0.828,0.967,0.866]
Epoch [119] Training Results: Prec@1 91.609 Prec@5 99.826 Loss 0.24073
Epoch [119] Training Class Recall: [0.915,0.957,0.911,0.837,0.926,0.858,0.934,0.939,0.946,0.940]
Epoch [119] Testing Results: Prec@1 83.620 Prec@5 99.000 Loss 0.56296
Epoch [119] Testing Class Recall: [0.883,0.867,0.749,0.512,0.792,0.837,0.911,0.952,0.922,0.937]
Epoch [120] Training Results: Prec@1 91.849 Prec@5 99.851 Loss 0.23292
Epoch [120] Training Class Recall: [0.915,0.957,0.907,0.854,0.924,0.866,0.939,0.941,0.943,0.941]
Epoch [120] Testing Results: Prec@1 81.260 Prec@5 98.220 Loss 0.65886
Epoch [120] Testing Class Recall: [0.963,0.894,0.767,0.621,0.912,0.768,0.535,0.939,0.837,0.890]
Epoch [121] Training Results: Prec@1 92.094 Prec@5 99.863 Loss 0.22758
Epoch [121] Training Class Recall: [0.911,0.960,0.915,0.859,0.927,0.873,0.936,0.941,0.946,0.941]
Epoch [121] Testing Results: Prec@1 83.780 Prec@5 99.000 Loss 0.53544
Epoch [121] Testing Class Recall: [0.752,0.940,0.797,0.767,0.854,0.776,0.822,0.942,0.803,0.925]
Epoch [122] Training Results: Prec@1 91.563 Prec@5 99.820 Loss 0.24055
Epoch [122] Training Class Recall: [0.911,0.959,0.901,0.848,0.917,0.859,0.931,0.943,0.948,0.939]
Epoch [122] Testing Results: Prec@1 82.920 Prec@5 99.320 Loss 0.55763
Epoch [122] Testing Class Recall: [0.777,0.985,0.927,0.615,0.842,0.739,0.819,0.875,0.904,0.809]
Epoch [123] Training Results: Prec@1 92.257 Prec@5 99.866 Loss 0.22730
Epoch [123] Training Class Recall: [0.921,0.961,0.902,0.861,0.926,0.875,0.940,0.946,0.952,0.944]
Epoch [123] Testing Results: Prec@1 82.440 Prec@5 98.870 Loss 0.57774
Epoch [123] Testing Class Recall: [0.845,0.843,0.871,0.598,0.777,0.872,0.683,0.862,0.947,0.946]
Epoch [124] Training Results: Prec@1 91.934 Prec@5 99.883 Loss 0.22745
Epoch [124] Training Class Recall: [0.922,0.961,0.906,0.851,0.921,0.862,0.935,0.944,0.951,0.944]
Epoch [124] Testing Results: Prec@1 81.400 Prec@5 98.510 Loss 0.66799
Epoch [124] Testing Class Recall: [0.714,0.915,0.736,0.600,0.847,0.875,0.767,0.831,0.876,0.979]
Epoch [125] Training Results: Prec@1 91.911 Prec@5 99.871 Loss 0.22856
Epoch [125] Training Class Recall: [0.915,0.964,0.911,0.851,0.923,0.861,0.936,0.940,0.944,0.946]
Epoch [125] Testing Results: Prec@1 85.760 Prec@5 99.450 Loss 0.46046
Epoch [125] Testing Class Recall: [0.809,0.970,0.776,0.676,0.915,0.862,0.822,0.887,0.917,0.942]
Epoch [126] Training Results: Prec@1 91.831 Prec@5 99.857 Loss 0.23070
Epoch [126] Training Class Recall: [0.917,0.962,0.902,0.859,0.917,0.864,0.936,0.932,0.952,0.947]
Epoch [126] Testing Results: Prec@1 82.650 Prec@5 99.410 Loss 0.56303
Epoch [126] Testing Class Recall: [0.797,0.959,0.935,0.748,0.845,0.602,0.763,0.868,0.867,0.881]
Epoch [127] Training Results: Prec@1 91.637 Prec@5 99.860 Loss 0.23652
Epoch [127] Training Class Recall: [0.912,0.959,0.901,0.848,0.915,0.864,0.940,0.938,0.947,0.942]
Epoch [127] Testing Results: Prec@1 83.840 Prec@5 99.420 Loss 0.53105
Epoch [127] Testing Class Recall: [0.914,0.938,0.810,0.756,0.798,0.864,0.859,0.790,0.857,0.798]
Epoch [128] Training Results: Prec@1 91.886 Prec@5 99.837 Loss 0.23370
Epoch [128] Training Class Recall: [0.914,0.962,0.904,0.852,0.920,0.857,0.941,0.940,0.955,0.947]
Epoch [128] Testing Results: Prec@1 85.070 Prec@5 99.220 Loss 0.49922
Epoch [128] Testing Class Recall: [0.860,0.955,0.732,0.818,0.837,0.828,0.795,0.845,0.926,0.911]
Epoch [129] Training Results: Prec@1 92.100 Prec@5 99.837 Loss 0.22845
Epoch [129] Training Class Recall: [0.923,0.960,0.907,0.854,0.927,0.869,0.939,0.942,0.949,0.944]
Epoch [129] Testing Results: Prec@1 84.310 Prec@5 98.930 Loss 0.54685
Epoch [129] Testing Class Recall: [0.816,0.932,0.821,0.674,0.736,0.824,0.945,0.817,0.923,0.943]
Epoch [130] Training Results: Prec@1 92.040 Prec@5 99.863 Loss 0.22828
Epoch [130] Training Class Recall: [0.917,0.966,0.908,0.856,0.927,0.859,0.938,0.944,0.946,0.944]
Epoch [130] Testing Results: Prec@1 84.810 Prec@5 99.190 Loss 0.48540
Epoch [130] Testing Class Recall: [0.731,0.924,0.808,0.676,0.853,0.867,0.849,0.885,0.956,0.932]
Epoch [131] Training Results: Prec@1 92.191 Prec@5 99.806 Loss 0.22619
Epoch [131] Training Class Recall: [0.928,0.960,0.909,0.849,0.927,0.873,0.937,0.941,0.950,0.948]
Epoch [131] Testing Results: Prec@1 79.580 Prec@5 98.710 Loss 0.78449
Epoch [131] Testing Class Recall: [0.791,0.622,0.707,0.662,0.874,0.654,0.793,0.922,0.955,0.978]
Epoch [132] Training Results: Prec@1 91.903 Prec@5 99.860 Loss 0.23370
Epoch [132] Training Class Recall: [0.913,0.961,0.908,0.853,0.921,0.866,0.938,0.940,0.947,0.944]
Epoch [132] Testing Results: Prec@1 82.910 Prec@5 99.110 Loss 0.58387
Epoch [132] Testing Class Recall: [0.748,0.870,0.788,0.734,0.875,0.751,0.788,0.798,0.973,0.966]
Epoch [133] Training Results: Prec@1 92.209 Prec@5 99.866 Loss 0.22437
Epoch [133] Training Class Recall: [0.919,0.965,0.911,0.858,0.925,0.868,0.938,0.940,0.950,0.950]
Epoch [133] Testing Results: Prec@1 83.510 Prec@5 99.230 Loss 0.54992
Epoch [133] Testing Class Recall: [0.876,0.955,0.880,0.605,0.796,0.817,0.897,0.859,0.933,0.733]
Epoch [134] Training Results: Prec@1 91.754 Prec@5 99.857 Loss 0.23472
Epoch [134] Training Class Recall: [0.912,0.961,0.908,0.849,0.919,0.868,0.935,0.934,0.954,0.937]
Epoch [134] Testing Results: Prec@1 80.930 Prec@5 99.250 Loss 0.66815
Epoch [134] Testing Class Recall: [0.832,0.966,0.932,0.618,0.829,0.673,0.784,0.777,0.915,0.767]
Epoch [135] Training Results: Prec@1 91.803 Prec@5 99.857 Loss 0.23666
Epoch [135] Training Class Recall: [0.907,0.958,0.906,0.851,0.927,0.868,0.935,0.939,0.950,0.941]
Epoch [135] Testing Results: Prec@1 78.210 Prec@5 98.890 Loss 0.77450
Epoch [135] Testing Class Recall: [0.942,0.965,0.909,0.603,0.725,0.850,0.669,0.678,0.784,0.696]
Epoch [136] Training Results: Prec@1 91.889 Prec@5 99.857 Loss 0.23059
Epoch [136] Training Class Recall: [0.914,0.959,0.902,0.852,0.928,0.864,0.936,0.942,0.949,0.945]
Epoch [136] Testing Results: Prec@1 84.270 Prec@5 99.280 Loss 0.54440
Epoch [136] Testing Class Recall: [0.735,0.927,0.867,0.610,0.931,0.853,0.868,0.802,0.928,0.906]
Epoch [137] Training Results: Prec@1 91.934 Prec@5 99.849 Loss 0.22951
Epoch [137] Training Class Recall: [0.919,0.962,0.908,0.852,0.920,0.862,0.938,0.940,0.950,0.944]
Epoch [137] Testing Results: Prec@1 82.090 Prec@5 99.110 Loss 0.59616
Epoch [137] Testing Class Recall: [0.710,0.816,0.729,0.707,0.869,0.837,0.785,0.874,0.907,0.975]
Epoch [138] Training Results: Prec@1 91.869 Prec@5 99.829 Loss 0.23371
Epoch [138] Training Class Recall: [0.914,0.966,0.908,0.845,0.918,0.868,0.936,0.939,0.949,0.945]
Epoch [138] Testing Results: Prec@1 86.390 Prec@5 99.380 Loss 0.43959
Epoch [138] Testing Class Recall: [0.845,0.922,0.833,0.825,0.862,0.775,0.832,0.902,0.924,0.919]
Epoch [139] Training Results: Prec@1 92.266 Prec@5 99.857 Loss 0.22262
Epoch [139] Training Class Recall: [0.917,0.965,0.910,0.855,0.933,0.867,0.934,0.943,0.956,0.948]
Epoch [139] Testing Results: Prec@1 85.230 Prec@5 99.330 Loss 0.49307
Epoch [139] Testing Class Recall: [0.808,0.960,0.859,0.671,0.799,0.867,0.864,0.926,0.922,0.847]
Epoch [140] Training Results: Prec@1 91.946 Prec@5 99.883 Loss 0.23131
Epoch [140] Training Class Recall: [0.910,0.959,0.909,0.850,0.925,0.866,0.941,0.943,0.948,0.944]
Epoch [140] Testing Results: Prec@1 85.290 Prec@5 99.370 Loss 0.44691
Epoch [140] Testing Class Recall: [0.734,0.960,0.827,0.863,0.864,0.654,0.901,0.904,0.928,0.894]
Epoch [141] Training Results: Prec@1 92.391 Prec@5 99.877 Loss 0.21958
Epoch [141] Training Class Recall: [0.923,0.964,0.913,0.857,0.931,0.871,0.942,0.941,0.955,0.944]
Epoch [141] Testing Results: Prec@1 85.040 Prec@5 99.410 Loss 0.49387
Epoch [141] Testing Class Recall: [0.715,0.917,0.906,0.647,0.913,0.867,0.826,0.870,0.912,0.931]
Epoch [142] Training Results: Prec@1 92.131 Prec@5 99.863 Loss 0.22407
Epoch [142] Training Class Recall: [0.921,0.965,0.911,0.854,0.920,0.868,0.937,0.941,0.951,0.947]
Epoch [142] Testing Results: Prec@1 80.790 Prec@5 98.300 Loss 0.65824
Epoch [142] Testing Class Recall: [0.645,0.882,0.735,0.841,0.822,0.811,0.594,0.862,0.922,0.965]
Epoch [143] Training Results: Prec@1 91.809 Prec@5 99.860 Loss 0.23293
Epoch [143] Training Class Recall: [0.917,0.961,0.907,0.860,0.918,0.861,0.935,0.940,0.945,0.937]
Epoch [143] Testing Results: Prec@1 82.160 Prec@5 99.130 Loss 0.61807
Epoch [143] Testing Class Recall: [0.909,0.907,0.785,0.887,0.870,0.507,0.875,0.879,0.808,0.789]
Epoch [144] Training Results: Prec@1 92.151 Prec@5 99.851 Loss 0.22627
Epoch [144] Training Class Recall: [0.919,0.962,0.914,0.853,0.929,0.861,0.939,0.945,0.951,0.944]
Epoch [144] Testing Results: Prec@1 83.010 Prec@5 99.080 Loss 0.56277
Epoch [144] Testing Class Recall: [0.674,0.815,0.858,0.760,0.836,0.821,0.813,0.898,0.873,0.953]
Epoch [145] Training Results: Prec@1 92.063 Prec@5 99.880 Loss 0.22972
Epoch [145] Training Class Recall: [0.916,0.968,0.908,0.845,0.923,0.864,0.945,0.938,0.955,0.949]
Epoch [145] Testing Results: Prec@1 81.170 Prec@5 98.910 Loss 0.63997
Epoch [145] Testing Class Recall: [0.880,0.957,0.848,0.523,0.667,0.695,0.748,0.974,0.933,0.892]
Epoch [146] Training Results: Prec@1 91.994 Prec@5 99.883 Loss 0.22566
Epoch [146] Training Class Recall: [0.924,0.965,0.905,0.850,0.922,0.862,0.940,0.938,0.950,0.946]
Epoch [146] Testing Results: Prec@1 84.330 Prec@5 99.160 Loss 0.51599
Epoch [146] Testing Class Recall: [0.860,0.939,0.610,0.752,0.814,0.780,0.923,0.937,0.913,0.905]
Epoch [147] Training Results: Prec@1 91.877 Prec@5 99.860 Loss 0.23099
Epoch [147] Training Class Recall: [0.915,0.963,0.902,0.861,0.916,0.869,0.937,0.939,0.952,0.935]
Epoch [147] Testing Results: Prec@1 85.240 Prec@5 99.330 Loss 0.49775
Epoch [147] Testing Class Recall: [0.838,0.939,0.835,0.698,0.862,0.800,0.822,0.963,0.928,0.839]
Epoch [148] Training Results: Prec@1 92.034 Prec@5 99.871 Loss 0.22804
Epoch [148] Training Class Recall: [0.920,0.963,0.911,0.849,0.919,0.866,0.939,0.939,0.949,0.950]
Epoch [148] Testing Results: Prec@1 77.240 Prec@5 98.560 Loss 0.82461
Epoch [148] Testing Class Recall: [0.885,0.995,0.872,0.786,0.652,0.501,0.745,0.891,0.816,0.581]
Epoch [149] Training Results: Prec@1 92.254 Prec@5 99.837 Loss 0.21966
Epoch [149] Training Class Recall: [0.920,0.963,0.910,0.861,0.922,0.869,0.938,0.947,0.954,0.942]
Epoch [149] Testing Results: Prec@1 83.210 Prec@5 99.240 Loss 0.54317
Epoch [149] Testing Class Recall: [0.809,0.952,0.889,0.738,0.701,0.771,0.871,0.951,0.810,0.829]
Epoch [150] Training Results: Prec@1 92.086 Prec@5 99.857 Loss 0.22739
Epoch [150] Training Class Recall: [0.917,0.958,0.915,0.858,0.931,0.863,0.940,0.938,0.950,0.940]
Epoch [150] Testing Results: Prec@1 83.370 Prec@5 99.420 Loss 0.58973
Epoch [150] Testing Class Recall: [0.782,0.892,0.838,0.489,0.871,0.902,0.937,0.888,0.812,0.926]
Epoch [151] Training Results: Prec@1 92.274 Prec@5 99.871 Loss 0.21964
Epoch [151] Training Class Recall: [0.920,0.963,0.914,0.858,0.928,0.870,0.940,0.944,0.950,0.943]
Epoch [151] Testing Results: Prec@1 84.170 Prec@5 99.260 Loss 0.50871
Epoch [151] Testing Class Recall: [0.876,0.932,0.805,0.804,0.778,0.835,0.763,0.924,0.793,0.907]
Epoch [152] Training Results: Prec@1 91.983 Prec@5 99.851 Loss 0.23026
Epoch [152] Training Class Recall: [0.919,0.958,0.911,0.853,0.921,0.866,0.939,0.941,0.949,0.943]
Epoch [152] Testing Results: Prec@1 83.330 Prec@5 99.350 Loss 0.56596
Epoch [152] Testing Class Recall: [0.884,0.977,0.809,0.544,0.736,0.920,0.832,0.900,0.855,0.876]
Epoch [153] Training Results: Prec@1 91.943 Prec@5 99.886 Loss 0.23108
Epoch [153] Training Class Recall: [0.919,0.965,0.910,0.848,0.920,0.857,0.939,0.941,0.952,0.944]
Epoch [153] Testing Results: Prec@1 84.990 Prec@5 99.330 Loss 0.47788
Epoch [153] Testing Class Recall: [0.843,0.923,0.715,0.727,0.888,0.818,0.911,0.941,0.849,0.884]
Epoch [154] Training Results: Prec@1 91.991 Prec@5 99.854 Loss 0.22798
Epoch [154] Training Class Recall: [0.918,0.961,0.912,0.861,0.925,0.865,0.932,0.939,0.945,0.941]
Epoch [154] Testing Results: Prec@1 83.470 Prec@5 99.280 Loss 0.51640
Epoch [154] Testing Class Recall: [0.849,0.949,0.928,0.740,0.737,0.800,0.821,0.735,0.926,0.862]
Epoch [155] Training Results: Prec@1 92.120 Prec@5 99.877 Loss 0.22709
Epoch [155] Training Class Recall: [0.921,0.958,0.910,0.854,0.919,0.871,0.945,0.943,0.952,0.941]
Epoch [155] Testing Results: Prec@1 82.760 Prec@5 99.340 Loss 0.59212
Epoch [155] Testing Class Recall: [0.938,0.938,0.774,0.756,0.921,0.678,0.830,0.781,0.803,0.857]
Epoch [156] Training Results: Prec@1 92.280 Prec@5 99.903 Loss 0.22581
Epoch [156] Training Class Recall: [0.922,0.964,0.909,0.856,0.926,0.874,0.941,0.944,0.954,0.940]
Epoch [156] Testing Results: Prec@1 80.880 Prec@5 99.300 Loss 0.65141
Epoch [156] Testing Class Recall: [0.829,0.740,0.760,0.571,0.695,0.937,0.888,0.866,0.839,0.963]
Epoch [157] Training Results: Prec@1 92.149 Prec@5 99.857 Loss 0.22609
Epoch [157] Training Class Recall: [0.918,0.967,0.911,0.853,0.925,0.865,0.938,0.941,0.950,0.947]
Epoch [157] Testing Results: Prec@1 79.760 Prec@5 98.690 Loss 0.77745
Epoch [157] Testing Class Recall: [0.964,0.984,0.575,0.583,0.839,0.902,0.817,0.832,0.791,0.689]
Epoch [158] Training Results: Prec@1 92.226 Prec@5 99.857 Loss 0.22297
Epoch [158] Training Class Recall: [0.916,0.962,0.910,0.865,0.930,0.874,0.933,0.944,0.948,0.942]
Epoch [158] Testing Results: Prec@1 85.070 Prec@5 99.210 Loss 0.48657
Epoch [158] Testing Class Recall: [0.799,0.946,0.890,0.690,0.913,0.636,0.858,0.924,0.919,0.932]
Epoch [159] Training Results: Prec@1 92.420 Prec@5 99.891 Loss 0.21922
Epoch [159] Training Class Recall: [0.924,0.964,0.913,0.861,0.928,0.878,0.941,0.943,0.950,0.940]
Epoch [159] Testing Results: Prec@1 80.390 Prec@5 99.200 Loss 0.69744
Epoch [159] Testing Class Recall: [0.685,0.839,0.869,0.516,0.723,0.927,0.834,0.924,0.975,0.747]
Epoch [160] Training Results: Prec@1 94.263 Prec@5 99.923 Loss 0.16997
Epoch [160] Training Class Recall: [0.935,0.969,0.941,0.897,0.933,0.921,0.950,0.960,0.974,0.946]
Epoch [160] Testing Results: Prec@1 89.120 Prec@5 99.650 Loss 0.34120
Epoch [160] Testing Class Recall: [0.898,0.955,0.863,0.787,0.895,0.844,0.895,0.919,0.925,0.931]
Epoch [161] Training Results: Prec@1 95.574 Prec@5 99.966 Loss 0.13407
Epoch [161] Training Class Recall: [0.960,0.978,0.948,0.914,0.960,0.924,0.970,0.965,0.971,0.969]
Epoch [161] Testing Results: Prec@1 89.580 Prec@5 99.660 Loss 0.32413
Epoch [161] Testing Class Recall: [0.876,0.963,0.861,0.793,0.904,0.857,0.907,0.922,0.929,0.946]
Epoch [162] Training Results: Prec@1 95.880 Prec@5 99.960 Loss 0.12365
Epoch [162] Training Class Recall: [0.961,0.981,0.949,0.923,0.965,0.922,0.972,0.967,0.978,0.973]
Epoch [162] Testing Results: Prec@1 89.780 Prec@5 99.720 Loss 0.31457
Epoch [162] Testing Class Recall: [0.888,0.964,0.870,0.780,0.912,0.858,0.908,0.932,0.929,0.937]
Epoch [163] Training Results: Prec@1 96.366 Prec@5 99.963 Loss 0.11204
Epoch [163] Training Class Recall: [0.967,0.980,0.958,0.923,0.972,0.938,0.973,0.975,0.978,0.974]
Epoch [163] Testing Results: Prec@1 90.110 Prec@5 99.730 Loss 0.30879
Epoch [163] Testing Class Recall: [0.882,0.965,0.869,0.808,0.914,0.856,0.908,0.930,0.933,0.946]
Epoch [164] Training Results: Prec@1 96.623 Prec@5 99.974 Loss 0.10790
Epoch [164] Training Class Recall: [0.969,0.985,0.960,0.935,0.969,0.937,0.977,0.977,0.979,0.976]
Epoch [164] Testing Results: Prec@1 90.260 Prec@5 99.750 Loss 0.30587
Epoch [164] Testing Class Recall: [0.883,0.968,0.879,0.801,0.912,0.874,0.911,0.921,0.940,0.937]
Epoch [165] Training Results: Prec@1 96.763 Prec@5 99.974 Loss 0.09954
Epoch [165] Training Class Recall: [0.972,0.987,0.962,0.931,0.973,0.937,0.977,0.977,0.981,0.979]
Epoch [165] Testing Results: Prec@1 90.270 Prec@5 99.750 Loss 0.30504
Epoch [165] Testing Class Recall: [0.884,0.960,0.873,0.811,0.916,0.871,0.908,0.924,0.930,0.950]
Epoch [166] Training Results: Prec@1 96.860 Prec@5 99.977 Loss 0.09685
Epoch [166] Training Class Recall: [0.970,0.987,0.960,0.937,0.969,0.943,0.979,0.978,0.985,0.980]
Epoch [166] Testing Results: Prec@1 90.340 Prec@5 99.740 Loss 0.30195
Epoch [166] Testing Class Recall: [0.878,0.968,0.885,0.808,0.914,0.872,0.909,0.927,0.933,0.940]
Epoch [167] Training Results: Prec@1 97.006 Prec@5 99.966 Loss 0.09406
Epoch [167] Training Class Recall: [0.973,0.984,0.965,0.945,0.977,0.939,0.980,0.978,0.984,0.977]
Epoch [167] Testing Results: Prec@1 90.440 Prec@5 99.720 Loss 0.30412
Epoch [167] Testing Class Recall: [0.883,0.968,0.885,0.806,0.915,0.880,0.910,0.925,0.931,0.941]
Epoch [168] Training Results: Prec@1 97.089 Prec@5 99.971 Loss 0.09089
Epoch [168] Training Class Recall: [0.977,0.986,0.968,0.936,0.975,0.940,0.982,0.979,0.988,0.980]
Epoch [168] Testing Results: Prec@1 90.580 Prec@5 99.750 Loss 0.30056
Epoch [168] Testing Class Recall: [0.879,0.963,0.881,0.806,0.925,0.881,0.914,0.932,0.929,0.948]
Epoch [169] Training Results: Prec@1 97.154 Prec@5 99.991 Loss 0.08913
Epoch [169] Training Class Recall: [0.971,0.990,0.968,0.941,0.977,0.945,0.978,0.980,0.987,0.980]
Epoch [169] Testing Results: Prec@1 90.680 Prec@5 99.710 Loss 0.29846
Epoch [169] Testing Class Recall: [0.885,0.961,0.881,0.819,0.921,0.877,0.912,0.930,0.938,0.944]
Epoch [170] Training Results: Prec@1 97.374 Prec@5 99.986 Loss 0.08659
Epoch [170] Training Class Recall: [0.976,0.989,0.968,0.949,0.975,0.949,0.983,0.981,0.987,0.982]
Epoch [170] Testing Results: Prec@1 90.490 Prec@5 99.740 Loss 0.30042
Epoch [170] Testing Class Recall: [0.856,0.964,0.903,0.809,0.910,0.878,0.916,0.933,0.938,0.942]
Epoch [171] Training Results: Prec@1 97.486 Prec@5 99.983 Loss 0.08159
Epoch [171] Training Class Recall: [0.980,0.989,0.971,0.948,0.977,0.952,0.984,0.983,0.985,0.982]
Epoch [171] Testing Results: Prec@1 90.650 Prec@5 99.720 Loss 0.30101
Epoch [171] Testing Class Recall: [0.876,0.965,0.895,0.812,0.912,0.874,0.919,0.939,0.928,0.945]
Epoch [172] Training Results: Prec@1 97.454 Prec@5 99.971 Loss 0.08156
Epoch [172] Training Class Recall: [0.977,0.987,0.972,0.943,0.978,0.948,0.984,0.985,0.987,0.986]
Epoch [172] Testing Results: Prec@1 90.440 Prec@5 99.710 Loss 0.30770
Epoch [172] Testing Class Recall: [0.873,0.961,0.869,0.815,0.914,0.886,0.907,0.944,0.926,0.949]
Epoch [173] Training Results: Prec@1 97.514 Prec@5 99.980 Loss 0.07900
Epoch [173] Training Class Recall: [0.977,0.989,0.973,0.949,0.979,0.952,0.982,0.983,0.985,0.982]
Epoch [173] Testing Results: Prec@1 90.620 Prec@5 99.720 Loss 0.30069
Epoch [173] Testing Class Recall: [0.868,0.962,0.885,0.819,0.916,0.884,0.917,0.931,0.935,0.945]
Epoch [174] Training Results: Prec@1 97.674 Prec@5 99.986 Loss 0.07671
Epoch [174] Training Class Recall: [0.978,0.987,0.972,0.952,0.983,0.956,0.982,0.984,0.988,0.985]
Epoch [174] Testing Results: Prec@1 90.530 Prec@5 99.700 Loss 0.30280
Epoch [174] Testing Class Recall: [0.858,0.963,0.875,0.811,0.912,0.880,0.919,0.947,0.940,0.948]
Epoch [175] Training Results: Prec@1 97.703 Prec@5 99.983 Loss 0.07554
Epoch [175] Training Class Recall: [0.982,0.991,0.972,0.946,0.981,0.955,0.989,0.983,0.988,0.985]
Epoch [175] Testing Results: Prec@1 90.590 Prec@5 99.700 Loss 0.30276
Epoch [175] Testing Class Recall: [0.877,0.968,0.882,0.803,0.909,0.887,0.916,0.942,0.931,0.944]
Epoch [176] Training Results: Prec@1 97.666 Prec@5 99.986 Loss 0.07392
Epoch [176] Training Class Recall: [0.982,0.989,0.974,0.951,0.979,0.952,0.985,0.986,0.986,0.983]
Epoch [176] Testing Results: Prec@1 90.630 Prec@5 99.700 Loss 0.30231
Epoch [176] Testing Class Recall: [0.878,0.968,0.887,0.814,0.910,0.881,0.907,0.946,0.927,0.945]
Epoch [177] Training Results: Prec@1 97.580 Prec@5 99.983 Loss 0.07413
Epoch [177] Training Class Recall: [0.978,0.989,0.969,0.953,0.979,0.955,0.984,0.984,0.988,0.981]
Epoch [177] Testing Results: Prec@1 90.500 Prec@5 99.680 Loss 0.30304
Epoch [177] Testing Class Recall: [0.870,0.966,0.879,0.811,0.915,0.885,0.917,0.927,0.934,0.946]
Epoch [178] Training Results: Prec@1 97.706 Prec@5 99.983 Loss 0.07183
Epoch [178] Training Class Recall: [0.977,0.991,0.974,0.948,0.981,0.951,0.989,0.986,0.990,0.985]
Epoch [178] Testing Results: Prec@1 90.690 Prec@5 99.680 Loss 0.30131
Epoch [178] Testing Class Recall: [0.879,0.969,0.895,0.804,0.910,0.884,0.914,0.939,0.933,0.942]
Epoch [179] Training Results: Prec@1 97.903 Prec@5 99.989 Loss 0.06918
Epoch [179] Training Class Recall: [0.982,0.990,0.978,0.956,0.980,0.958,0.985,0.988,0.989,0.985]
Epoch [179] Testing Results: Prec@1 90.600 Prec@5 99.680 Loss 0.30420
Epoch [179] Testing Class Recall: [0.867,0.965,0.878,0.815,0.911,0.879,0.919,0.943,0.936,0.947]
Epoch [180] Training Results: Prec@1 97.906 Prec@5 99.991 Loss 0.06816
Epoch [180] Training Class Recall: [0.980,0.989,0.980,0.957,0.980,0.960,0.988,0.983,0.988,0.986]
Epoch [180] Testing Results: Prec@1 90.660 Prec@5 99.700 Loss 0.30055
Epoch [180] Testing Class Recall: [0.859,0.967,0.893,0.814,0.912,0.881,0.920,0.938,0.942,0.940]
Epoch [181] Training Results: Prec@1 97.983 Prec@5 99.983 Loss 0.06762
Epoch [181] Training Class Recall: [0.976,0.991,0.975,0.960,0.985,0.961,0.989,0.985,0.991,0.986]
Epoch [181] Testing Results: Prec@1 90.740 Prec@5 99.680 Loss 0.30103
Epoch [181] Testing Class Recall: [0.882,0.961,0.888,0.817,0.914,0.878,0.908,0.939,0.941,0.946]
Epoch [182] Training Results: Prec@1 97.760 Prec@5 99.980 Loss 0.07112
Epoch [182] Training Class Recall: [0.980,0.990,0.974,0.956,0.980,0.956,0.983,0.982,0.991,0.984]
Epoch [182] Testing Results: Prec@1 90.610 Prec@5 99.680 Loss 0.30266
Epoch [182] Testing Class Recall: [0.860,0.968,0.886,0.819,0.915,0.881,0.915,0.941,0.937,0.939]
Epoch [183] Training Results: Prec@1 97.837 Prec@5 99.986 Loss 0.06882
Epoch [183] Training Class Recall: [0.982,0.988,0.977,0.955,0.982,0.957,0.988,0.983,0.988,0.984]
Epoch [183] Testing Results: Prec@1 90.730 Prec@5 99.700 Loss 0.30213
Epoch [183] Testing Class Recall: [0.867,0.963,0.881,0.810,0.929,0.871,0.921,0.943,0.940,0.948]
Epoch [184] Training Results: Prec@1 97.886 Prec@5 99.977 Loss 0.06863
Epoch [184] Training Class Recall: [0.982,0.990,0.977,0.956,0.981,0.958,0.986,0.983,0.989,0.988]
Epoch [184] Testing Results: Prec@1 90.580 Prec@5 99.690 Loss 0.30061
Epoch [184] Testing Class Recall: [0.867,0.963,0.892,0.815,0.908,0.878,0.917,0.931,0.941,0.946]
Epoch [185] Training Results: Prec@1 97.846 Prec@5 99.991 Loss 0.06966
Epoch [185] Training Class Recall: [0.977,0.992,0.976,0.956,0.983,0.955,0.986,0.985,0.990,0.984]
Epoch [185] Testing Results: Prec@1 90.450 Prec@5 99.690 Loss 0.30769
Epoch [185] Testing Class Recall: [0.851,0.967,0.885,0.813,0.908,0.883,0.916,0.944,0.926,0.952]
Epoch [186] Training Results: Prec@1 97.820 Prec@5 99.989 Loss 0.06961
Epoch [186] Training Class Recall: [0.982,0.987,0.976,0.957,0.984,0.956,0.985,0.985,0.986,0.985]
Epoch [186] Testing Results: Prec@1 90.630 Prec@5 99.720 Loss 0.30394
Epoch [186] Testing Class Recall: [0.863,0.962,0.888,0.821,0.915,0.879,0.911,0.941,0.936,0.947]
Epoch [187] Training Results: Prec@1 97.849 Prec@5 99.983 Loss 0.06921
Epoch [187] Training Class Recall: [0.980,0.990,0.977,0.958,0.982,0.958,0.984,0.985,0.987,0.987]
Epoch [187] Testing Results: Prec@1 90.530 Prec@5 99.720 Loss 0.30542
Epoch [187] Testing Class Recall: [0.858,0.961,0.875,0.817,0.911,0.883,0.915,0.943,0.943,0.947]
Epoch [188] Training Results: Prec@1 97.906 Prec@5 99.983 Loss 0.06917
Epoch [188] Training Class Recall: [0.981,0.993,0.973,0.958,0.981,0.956,0.989,0.985,0.989,0.987]
Epoch [188] Testing Results: Prec@1 90.850 Prec@5 99.700 Loss 0.30107
Epoch [188] Testing Class Recall: [0.873,0.963,0.889,0.807,0.917,0.890,0.914,0.947,0.938,0.947]
Epoch [189] Training Results: Prec@1 97.789 Prec@5 99.980 Loss 0.06993
Epoch [189] Training Class Recall: [0.979,0.991,0.976,0.952,0.980,0.960,0.987,0.981,0.989,0.985]
Epoch [189] Testing Results: Prec@1 90.660 Prec@5 99.700 Loss 0.30302
Epoch [189] Testing Class Recall: [0.877,0.971,0.884,0.814,0.918,0.885,0.915,0.931,0.929,0.942]
Epoch [190] Training Results: Prec@1 97.817 Prec@5 99.977 Loss 0.07004
Epoch [190] Training Class Recall: [0.981,0.992,0.974,0.951,0.983,0.959,0.987,0.984,0.985,0.986]
Epoch [190] Testing Results: Prec@1 90.630 Prec@5 99.730 Loss 0.30434
Epoch [190] Testing Class Recall: [0.874,0.966,0.880,0.813,0.913,0.886,0.924,0.929,0.933,0.945]
Epoch [191] Training Results: Prec@1 97.894 Prec@5 99.989 Loss 0.06760
Epoch [191] Training Class Recall: [0.978,0.992,0.977,0.962,0.982,0.951,0.990,0.985,0.989,0.984]
Epoch [191] Testing Results: Prec@1 90.570 Prec@5 99.710 Loss 0.30651
Epoch [191] Testing Class Recall: [0.865,0.963,0.884,0.802,0.910,0.893,0.913,0.945,0.935,0.947]
Epoch [192] Training Results: Prec@1 97.931 Prec@5 99.994 Loss 0.06909
Epoch [192] Training Class Recall: [0.983,0.991,0.975,0.952,0.983,0.964,0.988,0.985,0.988,0.984]
Epoch [192] Testing Results: Prec@1 90.700 Prec@5 99.680 Loss 0.30115
Epoch [192] Testing Class Recall: [0.875,0.962,0.879,0.818,0.919,0.874,0.917,0.938,0.940,0.948]
Epoch [193] Training Results: Prec@1 97.906 Prec@5 99.983 Loss 0.07009
Epoch [193] Training Class Recall: [0.986,0.989,0.975,0.958,0.979,0.958,0.987,0.986,0.991,0.984]
Epoch [193] Testing Results: Prec@1 90.660 Prec@5 99.690 Loss 0.30340
Epoch [193] Testing Class Recall: [0.861,0.963,0.887,0.815,0.910,0.883,0.916,0.942,0.943,0.946]
Epoch [194] Training Results: Prec@1 97.957 Prec@5 99.986 Loss 0.06728
Epoch [194] Training Class Recall: [0.979,0.992,0.978,0.955,0.982,0.957,0.990,0.985,0.991,0.988]
Epoch [194] Testing Results: Prec@1 90.360 Prec@5 99.670 Loss 0.31025
Epoch [194] Testing Class Recall: [0.859,0.969,0.871,0.810,0.912,0.884,0.917,0.936,0.929,0.949]
Epoch [195] Training Results: Prec@1 97.803 Prec@5 99.986 Loss 0.07067
Epoch [195] Training Class Recall: [0.978,0.990,0.978,0.958,0.978,0.957,0.985,0.985,0.988,0.983]
Epoch [195] Testing Results: Prec@1 90.610 Prec@5 99.730 Loss 0.30508
Epoch [195] Testing Class Recall: [0.871,0.964,0.870,0.806,0.919,0.891,0.921,0.934,0.937,0.948]
Epoch [196] Training Results: Prec@1 97.874 Prec@5 99.991 Loss 0.06885
Epoch [196] Training Class Recall: [0.980,0.991,0.977,0.954,0.986,0.957,0.984,0.984,0.990,0.985]
Epoch [196] Testing Results: Prec@1 90.620 Prec@5 99.700 Loss 0.30160
Epoch [196] Testing Class Recall: [0.869,0.963,0.881,0.816,0.918,0.879,0.917,0.935,0.938,0.946]
Epoch [197] Training Results: Prec@1 97.883 Prec@5 99.986 Loss 0.06932
Epoch [197] Training Class Recall: [0.980,0.991,0.978,0.957,0.979,0.956,0.986,0.986,0.992,0.984]
Epoch [197] Testing Results: Prec@1 90.490 Prec@5 99.710 Loss 0.30355
Epoch [197] Testing Class Recall: [0.855,0.967,0.877,0.820,0.911,0.874,0.920,0.942,0.936,0.947]
Epoch [198] Training Results: Prec@1 97.900 Prec@5 99.989 Loss 0.06721
Epoch [198] Training Class Recall: [0.981,0.991,0.977,0.957,0.980,0.958,0.988,0.988,0.989,0.982]
Epoch [198] Testing Results: Prec@1 90.660 Prec@5 99.700 Loss 0.30452
Epoch [198] Testing Class Recall: [0.872,0.964,0.895,0.812,0.911,0.880,0.918,0.939,0.928,0.947]
Epoch [199] Training Results: Prec@1 97.820 Prec@5 99.989 Loss 0.06887
Epoch [199] Training Class Recall: [0.980,0.991,0.977,0.953,0.981,0.954,0.989,0.986,0.989,0.983]
Epoch [199] Testing Results: Prec@1 90.610 Prec@5 99.740 Loss 0.30383
Epoch [199] Testing Class Recall: [0.864,0.965,0.879,0.811,0.920,0.883,0.917,0.942,0.932,0.948]
