Log file: cifar10_sava0.3_randomoversampling_selection_exp0.01_seed42_20260613_130030.log
Run started: 2026-06-13 13:00:30.659849
Dataset: cifar10
Imbalance type: exp, factor: 0.01
Selection method: sava, ratio: 0.3
Strategy: RandomOversampling_Selection, epochs: 200
Seed: 42, rand_number: 0
Augmentation: weak
Noise ratio: 0.2
mamix_ratio: 1.0
============================================================

=> Preparing logger and tensorboard writer !
----------------------------------------------------
Class ID   | Original   | Selected   | Keep %  
----------------------------------------------------
0          | 5000       | 1943       |    38.9%
1          | 5000       | 1471       |    29.4%
2          | 5000       | 1317       |    26.3%
3          | 5000       | 1665       |    33.3%
4          | 5000       | 1265       |    25.3%
5          | 5000       | 1522       |    30.4%
6          | 5000       | 1399       |    28.0%
7          | 5000       | 1548       |    31.0%
8          | 5000       | 1376       |    27.5%
9          | 5000       | 1494       |    29.9%
----------------------------------------------------
TOTAL      | 50000      | 15000      |    30.0%
----------------------------------------------------
Epoch [0] Training Results: Prec@1 22.947 Prec@5 70.213             Loss 2.15792
Epoch [0] Training Class Recall: [0.640,0.349,0.092,0.348,0.074,0.198,0.072,0.141,0.070,0.117]
Epoch [0] Testing Results: Prec@1 22.710 Prec@5 78.210             Loss 2.15669
Epoch [0] Testing Class Recall: [0.556,0.221,0.258,0.156,0.000,0.669,0.020,0.092,0.048,0.251]
Epoch [1] Training Results: Prec@1 28.913 Prec@5 77.987             Loss 2.00532
Epoch [1] Training Class Recall: [0.699,0.455,0.218,0.347,0.126,0.258,0.129,0.204,0.097,0.177]
Epoch [1] Testing Results: Prec@1 21.790 Prec@5 74.420             Loss 2.38142
Epoch [1] Testing Class Recall: [0.576,0.191,0.193,0.011,0.801,0.248,0.000,0.142,0.009,0.008]
Epoch [2] Training Results: Prec@1 32.407 Prec@5 81.940             Loss 1.88572
Epoch [2] Training Class Recall: [0.701,0.530,0.233,0.343,0.154,0.281,0.219,0.273,0.115,0.222]
Epoch [2] Testing Results: Prec@1 25.840 Prec@5 74.170             Loss 2.56151
Epoch [2] Testing Class Recall: [0.567,0.436,0.074,0.029,0.632,0.408,0.105,0.245,0.001,0.087]
Epoch [3] Training Results: Prec@1 36.733 Prec@5 84.347             Loss 1.78367
Epoch [3] Training Class Recall: [0.713,0.550,0.281,0.410,0.163,0.339,0.270,0.355,0.157,0.266]
Epoch [3] Testing Results: Prec@1 26.240 Prec@5 73.260             Loss 2.42410
Epoch [3] Testing Class Recall: [0.360,0.324,0.431,0.075,0.107,0.558,0.530,0.124,0.031,0.084]
Epoch [4] Training Results: Prec@1 41.433 Prec@5 86.433             Loss 1.68751
Epoch [4] Training Class Recall: [0.704,0.555,0.314,0.431,0.183,0.400,0.315,0.430,0.269,0.391]
Epoch [4] Testing Results: Prec@1 21.960 Prec@5 70.700             Loss 3.39309
Epoch [4] Testing Class Recall: [0.112,0.143,0.292,0.048,0.787,0.293,0.086,0.110,0.290,0.035]
Epoch [5] Training Results: Prec@1 47.627 Prec@5 90.347             Loss 1.51521
Epoch [5] Training Class Recall: [0.696,0.537,0.336,0.442,0.241,0.455,0.413,0.505,0.470,0.550]
Epoch [5] Testing Results: Prec@1 26.400 Prec@5 77.410             Loss 2.68670
Epoch [5] Testing Class Recall: [0.667,0.288,0.209,0.453,0.318,0.135,0.084,0.167,0.295,0.024]
Epoch [6] Training Results: Prec@1 53.387 Prec@5 92.833             Loss 1.35331
Epoch [6] Training Class Recall: [0.725,0.557,0.382,0.458,0.296,0.502,0.462,0.558,0.608,0.689]
Epoch [6] Testing Results: Prec@1 27.290 Prec@5 74.560             Loss 2.95817
Epoch [6] Testing Class Recall: [0.569,0.145,0.320,0.239,0.258,0.408,0.118,0.118,0.159,0.395]
Epoch [7] Training Results: Prec@1 59.460 Prec@5 94.927             Loss 1.18349
Epoch [7] Training Class Recall: [0.743,0.582,0.380,0.494,0.344,0.586,0.548,0.682,0.715,0.780]
Epoch [7] Testing Results: Prec@1 27.610 Prec@5 76.520             Loss 3.21637
Epoch [7] Testing Class Recall: [0.518,0.212,0.257,0.348,0.472,0.107,0.145,0.321,0.154,0.227]
Epoch [8] Training Results: Prec@1 64.313 Prec@5 96.380             Loss 1.03475
Epoch [8] Training Class Recall: [0.744,0.633,0.429,0.529,0.434,0.647,0.583,0.741,0.786,0.835]
Epoch [8] Testing Results: Prec@1 23.750 Prec@5 75.700             Loss 3.86662
Epoch [8] Testing Class Recall: [0.611,0.129,0.206,0.518,0.068,0.124,0.217,0.195,0.087,0.220]
Epoch [9] Training Results: Prec@1 68.813 Prec@5 97.713             Loss 0.90265
Epoch [9] Training Class Recall: [0.742,0.666,0.450,0.584,0.504,0.708,0.670,0.773,0.849,0.884]
Epoch [9] Testing Results: Prec@1 26.410 Prec@5 74.730             Loss 3.97891
Epoch [9] Testing Class Recall: [0.585,0.485,0.430,0.523,0.017,0.083,0.250,0.128,0.125,0.015]
Epoch [10] Training Results: Prec@1 74.587 Prec@5 98.480             Loss 0.74105
Epoch [10] Training Class Recall: [0.789,0.696,0.503,0.634,0.602,0.785,0.763,0.850,0.884,0.908]
Epoch [10] Testing Results: Prec@1 26.980 Prec@5 72.850             Loss 3.90551
Epoch [10] Testing Class Recall: [0.534,0.403,0.211,0.177,0.500,0.241,0.215,0.280,0.046,0.091]
Epoch [11] Training Results: Prec@1 75.493 Prec@5 98.653             Loss 0.71637
Epoch [11] Training Class Recall: [0.781,0.706,0.510,0.685,0.600,0.807,0.778,0.855,0.884,0.897]
Epoch [11] Testing Results: Prec@1 24.780 Prec@5 72.520             Loss 4.28348
Epoch [11] Testing Class Recall: [0.436,0.341,0.415,0.443,0.085,0.115,0.209,0.063,0.257,0.114]
Epoch [12] Training Results: Prec@1 79.120 Prec@5 99.007             Loss 0.61174
Epoch [12] Training Class Recall: [0.812,0.752,0.560,0.706,0.687,0.821,0.822,0.883,0.914,0.922]
Epoch [12] Testing Results: Prec@1 28.890 Prec@5 76.300             Loss 3.82853
Epoch [12] Testing Class Recall: [0.622,0.350,0.300,0.175,0.318,0.262,0.217,0.313,0.113,0.219]
Epoch [13] Training Results: Prec@1 81.240 Prec@5 99.333             Loss 0.55029
Epoch [13] Training Class Recall: [0.809,0.759,0.591,0.728,0.723,0.863,0.867,0.900,0.920,0.942]
Epoch [13] Testing Results: Prec@1 24.850 Prec@5 73.950             Loss 5.71627
Epoch [13] Testing Class Recall: [0.702,0.204,0.572,0.122,0.389,0.216,0.073,0.155,0.037,0.015]
Epoch [14] Training Results: Prec@1 83.480 Prec@5 99.420             Loss 0.48163
Epoch [14] Training Class Recall: [0.829,0.784,0.626,0.758,0.778,0.876,0.875,0.921,0.935,0.950]
Epoch [14] Testing Results: Prec@1 22.460 Prec@5 71.110             Loss 6.22368
Epoch [14] Testing Class Recall: [0.482,0.231,0.748,0.336,0.145,0.099,0.122,0.030,0.015,0.038]
Epoch [15] Training Results: Prec@1 84.813 Prec@5 99.533             Loss 0.44356
Epoch [15] Training Class Recall: [0.836,0.806,0.651,0.786,0.799,0.879,0.891,0.935,0.937,0.946]
Epoch [15] Testing Results: Prec@1 26.380 Prec@5 71.580             Loss 5.70370
Epoch [15] Testing Class Recall: [0.584,0.501,0.485,0.333,0.278,0.088,0.170,0.071,0.065,0.063]
Epoch [16] Training Results: Prec@1 84.380 Prec@5 99.573             Loss 0.45425
Epoch [16] Training Class Recall: [0.824,0.803,0.658,0.785,0.795,0.872,0.887,0.918,0.934,0.951]
Epoch [16] Testing Results: Prec@1 26.310 Prec@5 73.990             Loss 4.99682
Epoch [16] Testing Class Recall: [0.558,0.278,0.605,0.071,0.256,0.388,0.047,0.297,0.025,0.106]
Epoch [17] Training Results: Prec@1 87.387 Prec@5 99.693             Loss 0.37380
Epoch [17] Training Class Recall: [0.859,0.819,0.713,0.824,0.836,0.905,0.929,0.940,0.941,0.963]
Epoch [17] Testing Results: Prec@1 25.750 Prec@5 72.390             Loss 5.59325
Epoch [17] Testing Class Recall: [0.560,0.389,0.334,0.148,0.619,0.098,0.203,0.091,0.088,0.045]
Epoch [18] Training Results: Prec@1 87.840 Prec@5 99.707             Loss 0.36723
Epoch [18] Training Class Recall: [0.855,0.829,0.732,0.846,0.841,0.917,0.924,0.925,0.945,0.962]
Epoch [18] Testing Results: Prec@1 25.560 Prec@5 73.660             Loss 6.25552
Epoch [18] Testing Class Recall: [0.595,0.264,0.406,0.252,0.566,0.169,0.113,0.073,0.048,0.070]
Epoch [19] Training Results: Prec@1 89.313 Prec@5 99.847             Loss 0.32182
Epoch [19] Training Class Recall: [0.867,0.845,0.759,0.871,0.871,0.930,0.921,0.937,0.958,0.968]
Epoch [19] Testing Results: Prec@1 27.730 Prec@5 72.030             Loss 5.21739
Epoch [19] Testing Class Recall: [0.687,0.479,0.276,0.424,0.257,0.301,0.110,0.157,0.022,0.060]
Epoch [20] Training Results: Prec@1 89.147 Prec@5 99.813             Loss 0.32265
Epoch [20] Training Class Recall: [0.868,0.859,0.727,0.859,0.861,0.935,0.934,0.940,0.961,0.964]
Epoch [20] Testing Results: Prec@1 25.560 Prec@5 75.030             Loss 6.16962
Epoch [20] Testing Class Recall: [0.526,0.219,0.534,0.163,0.444,0.290,0.183,0.025,0.089,0.083]
Epoch [21] Training Results: Prec@1 90.807 Prec@5 99.867             Loss 0.27360
Epoch [21] Training Class Recall: [0.882,0.872,0.784,0.880,0.890,0.937,0.941,0.953,0.964,0.975]
Epoch [21] Testing Results: Prec@1 26.500 Prec@5 71.380             Loss 5.81574
Epoch [21] Testing Class Recall: [0.630,0.338,0.431,0.424,0.089,0.111,0.426,0.050,0.059,0.092]
Epoch [22] Training Results: Prec@1 89.827 Prec@5 99.860             Loss 0.30396
Epoch [22] Training Class Recall: [0.871,0.870,0.759,0.873,0.885,0.934,0.936,0.939,0.951,0.960]
Epoch [22] Testing Results: Prec@1 24.040 Prec@5 72.180             Loss 6.12766
Epoch [22] Testing Class Recall: [0.416,0.314,0.659,0.251,0.271,0.199,0.183,0.039,0.017,0.055]
Epoch [23] Training Results: Prec@1 89.987 Prec@5 99.827             Loss 0.29290
Epoch [23] Training Class Recall: [0.874,0.874,0.774,0.872,0.872,0.935,0.937,0.948,0.946,0.962]
Epoch [23] Testing Results: Prec@1 24.430 Prec@5 72.070             Loss 6.17968
Epoch [23] Testing Class Recall: [0.251,0.451,0.580,0.456,0.300,0.120,0.104,0.044,0.118,0.019]
Epoch [24] Training Results: Prec@1 89.600 Prec@5 99.767             Loss 0.31014
Epoch [24] Training Class Recall: [0.872,0.841,0.782,0.887,0.889,0.924,0.926,0.939,0.955,0.943]
Epoch [24] Testing Results: Prec@1 27.920 Prec@5 73.320             Loss 5.47583
Epoch [24] Testing Class Recall: [0.600,0.367,0.432,0.382,0.313,0.252,0.179,0.223,0.030,0.014]
Epoch [25] Training Results: Prec@1 92.873 Prec@5 99.920             Loss 0.20872
Epoch [25] Training Class Recall: [0.908,0.903,0.845,0.907,0.907,0.953,0.963,0.961,0.969,0.971]
Epoch [25] Testing Results: Prec@1 30.090 Prec@5 74.130             Loss 5.55240
Epoch [25] Testing Class Recall: [0.552,0.572,0.437,0.370,0.360,0.119,0.229,0.256,0.047,0.067]
Epoch [26] Training Results: Prec@1 92.773 Prec@5 99.953             Loss 0.21779
Epoch [26] Training Class Recall: [0.902,0.888,0.838,0.914,0.918,0.958,0.932,0.969,0.972,0.985]
Epoch [26] Testing Results: Prec@1 27.070 Prec@5 76.350             Loss 5.39409
Epoch [26] Testing Class Recall: [0.387,0.362,0.399,0.401,0.263,0.436,0.174,0.146,0.068,0.071]
Epoch [27] Training Results: Prec@1 91.980 Prec@5 99.893             Loss 0.24107
Epoch [27] Training Class Recall: [0.886,0.889,0.819,0.921,0.907,0.936,0.951,0.956,0.964,0.968]
Epoch [27] Testing Results: Prec@1 24.730 Prec@5 73.470             Loss 7.10619
Epoch [27] Testing Class Recall: [0.656,0.230,0.645,0.150,0.339,0.202,0.068,0.086,0.071,0.026]
Epoch [28] Training Results: Prec@1 93.527 Prec@5 99.947             Loss 0.20065
Epoch [28] Training Class Recall: [0.915,0.913,0.844,0.921,0.932,0.953,0.964,0.957,0.973,0.981]
Epoch [28] Testing Results: Prec@1 26.930 Prec@5 74.440             Loss 6.35549
Epoch [28] Testing Class Recall: [0.578,0.296,0.460,0.444,0.369,0.154,0.199,0.095,0.019,0.079]
Epoch [29] Training Results: Prec@1 93.927 Prec@5 99.967             Loss 0.18101
Epoch [29] Training Class Recall: [0.916,0.906,0.871,0.929,0.934,0.953,0.969,0.971,0.971,0.976]
Epoch [29] Testing Results: Prec@1 25.040 Prec@5 73.160             Loss 6.62481
Epoch [29] Testing Class Recall: [0.587,0.117,0.522,0.277,0.365,0.252,0.141,0.066,0.168,0.009]
Epoch [30] Training Results: Prec@1 94.273 Prec@5 99.933             Loss 0.17567
Epoch [30] Training Class Recall: [0.919,0.917,0.872,0.927,0.927,0.966,0.967,0.972,0.973,0.987]
Epoch [30] Testing Results: Prec@1 26.690 Prec@5 72.400             Loss 6.33032
Epoch [30] Testing Class Recall: [0.468,0.386,0.469,0.241,0.439,0.161,0.182,0.193,0.117,0.013]
Epoch [31] Training Results: Prec@1 91.920 Prec@5 99.913             Loss 0.24410
Epoch [31] Training Class Recall: [0.897,0.893,0.833,0.904,0.911,0.951,0.937,0.941,0.964,0.961]
Epoch [31] Testing Results: Prec@1 24.470 Prec@5 72.580             Loss 7.34208
Epoch [31] Testing Class Recall: [0.515,0.284,0.512,0.249,0.160,0.145,0.491,0.072,0.011,0.008]
Epoch [32] Training Results: Prec@1 92.340 Prec@5 99.913             Loss 0.23336
Epoch [32] Training Class Recall: [0.897,0.906,0.822,0.921,0.913,0.949,0.930,0.954,0.963,0.976]
Epoch [32] Testing Results: Prec@1 27.060 Prec@5 74.670             Loss 6.18368
Epoch [32] Testing Class Recall: [0.614,0.447,0.603,0.239,0.303,0.138,0.049,0.229,0.047,0.037]
Epoch [33] Training Results: Prec@1 95.460 Prec@5 99.973             Loss 0.14150
Epoch [33] Training Class Recall: [0.944,0.929,0.910,0.948,0.949,0.967,0.976,0.971,0.969,0.983]
Epoch [33] Testing Results: Prec@1 28.890 Prec@5 77.230             Loss 5.84105
Epoch [33] Testing Class Recall: [0.707,0.332,0.408,0.471,0.299,0.336,0.092,0.142,0.028,0.074]
Epoch [34] Training Results: Prec@1 94.713 Prec@5 99.967             Loss 0.16076
Epoch [34] Training Class Recall: [0.923,0.921,0.878,0.944,0.953,0.966,0.965,0.971,0.976,0.976]
Epoch [34] Testing Results: Prec@1 24.190 Prec@5 72.470             Loss 7.57352
Epoch [34] Testing Class Recall: [0.656,0.226,0.631,0.439,0.160,0.145,0.072,0.056,0.007,0.027]
Epoch [35] Training Results: Prec@1 94.447 Prec@5 99.967             Loss 0.16911
Epoch [35] Training Class Recall: [0.929,0.920,0.869,0.938,0.931,0.968,0.964,0.968,0.976,0.978]
Epoch [35] Testing Results: Prec@1 27.080 Prec@5 76.180             Loss 5.75275
Epoch [35] Testing Class Recall: [0.698,0.386,0.535,0.178,0.209,0.213,0.219,0.092,0.074,0.104]
Epoch [36] Training Results: Prec@1 94.607 Prec@5 99.967             Loss 0.16500
Epoch [36] Training Class Recall: [0.923,0.929,0.885,0.932,0.932,0.968,0.964,0.969,0.978,0.983]
Epoch [36] Testing Results: Prec@1 26.510 Prec@5 74.450             Loss 6.28381
Epoch [36] Testing Class Recall: [0.643,0.331,0.469,0.385,0.263,0.235,0.226,0.019,0.022,0.058]
Epoch [37] Training Results: Prec@1 95.407 Prec@5 99.993             Loss 0.13406
Epoch [37] Training Class Recall: [0.942,0.913,0.907,0.953,0.951,0.970,0.971,0.971,0.974,0.987]
Epoch [37] Testing Results: Prec@1 24.620 Prec@5 74.570             Loss 6.91077
Epoch [37] Testing Class Recall: [0.656,0.237,0.656,0.366,0.107,0.153,0.128,0.053,0.072,0.034]
Epoch [38] Training Results: Prec@1 95.047 Prec@5 99.987             Loss 0.14814
Epoch [38] Training Class Recall: [0.936,0.918,0.889,0.943,0.950,0.964,0.959,0.980,0.976,0.988]
Epoch [38] Testing Results: Prec@1 27.120 Prec@5 72.200             Loss 5.93943
Epoch [38] Testing Class Recall: [0.637,0.275,0.478,0.252,0.418,0.189,0.195,0.242,0.022,0.004]
Epoch [39] Training Results: Prec@1 94.167 Prec@5 99.960             Loss 0.17261
Epoch [39] Training Class Recall: [0.928,0.910,0.899,0.933,0.937,0.955,0.956,0.964,0.971,0.964]
Epoch [39] Testing Results: Prec@1 29.020 Prec@5 75.610             Loss 5.83935
Epoch [39] Testing Class Recall: [0.612,0.381,0.242,0.454,0.433,0.317,0.131,0.187,0.009,0.136]
Epoch [40] Training Results: Prec@1 93.320 Prec@5 99.960             Loss 0.19899
Epoch [40] Training Class Recall: [0.907,0.912,0.863,0.921,0.930,0.944,0.959,0.957,0.971,0.971]
Epoch [40] Testing Results: Prec@1 27.680 Prec@5 75.060             Loss 6.30459
Epoch [40] Testing Class Recall: [0.629,0.333,0.379,0.367,0.472,0.302,0.039,0.151,0.063,0.033]
Epoch [41] Training Results: Prec@1 94.193 Prec@5 99.953             Loss 0.17833
Epoch [41] Training Class Recall: [0.927,0.916,0.887,0.938,0.929,0.963,0.957,0.964,0.961,0.975]
Epoch [41] Testing Results: Prec@1 28.170 Prec@5 75.610             Loss 6.00297
Epoch [41] Testing Class Recall: [0.620,0.459,0.455,0.425,0.284,0.146,0.223,0.057,0.080,0.068]
Epoch [42] Training Results: Prec@1 96.107 Prec@5 99.993             Loss 0.11197
Epoch [42] Training Class Recall: [0.944,0.935,0.913,0.957,0.963,0.979,0.975,0.979,0.981,0.985]
Epoch [42] Testing Results: Prec@1 27.080 Prec@5 76.070             Loss 6.32416
Epoch [42] Testing Class Recall: [0.629,0.230,0.421,0.416,0.347,0.133,0.255,0.147,0.103,0.027]
Epoch [43] Training Results: Prec@1 95.353 Prec@5 99.980             Loss 0.13472
Epoch [43] Training Class Recall: [0.943,0.930,0.907,0.937,0.953,0.968,0.966,0.974,0.975,0.983]
Epoch [43] Testing Results: Prec@1 27.610 Prec@5 73.680             Loss 6.95060
Epoch [43] Testing Class Recall: [0.748,0.558,0.442,0.163,0.308,0.195,0.104,0.158,0.062,0.023]
Epoch [44] Training Results: Prec@1 94.433 Prec@5 99.953             Loss 0.16326
Epoch [44] Training Class Recall: [0.930,0.908,0.877,0.946,0.947,0.969,0.949,0.966,0.972,0.977]
Epoch [44] Testing Results: Prec@1 27.740 Prec@5 73.320             Loss 6.86544
Epoch [44] Testing Class Recall: [0.594,0.481,0.401,0.342,0.613,0.097,0.062,0.045,0.042,0.097]
Epoch [45] Training Results: Prec@1 93.060 Prec@5 99.927             Loss 0.21130
Epoch [45] Training Class Recall: [0.909,0.896,0.884,0.932,0.920,0.950,0.934,0.959,0.962,0.961]
Epoch [45] Testing Results: Prec@1 29.660 Prec@5 74.780             Loss 5.73004
Epoch [45] Testing Class Recall: [0.717,0.501,0.310,0.530,0.353,0.108,0.096,0.248,0.028,0.075]
Epoch [46] Training Results: Prec@1 96.593 Prec@5 99.993             Loss 0.10453
Epoch [46] Training Class Recall: [0.947,0.952,0.932,0.960,0.957,0.980,0.981,0.978,0.988,0.987]
Epoch [46] Testing Results: Prec@1 28.650 Prec@5 75.880             Loss 6.37245
Epoch [46] Testing Class Recall: [0.725,0.457,0.397,0.449,0.301,0.170,0.157,0.115,0.026,0.068]
Epoch [47] Training Results: Prec@1 96.860 Prec@5 99.987             Loss 0.09402
Epoch [47] Training Class Recall: [0.955,0.948,0.926,0.965,0.972,0.977,0.982,0.983,0.988,0.992]
Epoch [47] Testing Results: Prec@1 26.580 Prec@5 74.910             Loss 6.65585
Epoch [47] Testing Class Recall: [0.472,0.348,0.637,0.363,0.270,0.127,0.167,0.162,0.030,0.082]
Epoch [48] Training Results: Prec@1 94.260 Prec@5 99.947             Loss 0.17722
Epoch [48] Training Class Recall: [0.939,0.907,0.891,0.927,0.935,0.954,0.964,0.964,0.972,0.971]
Epoch [48] Testing Results: Prec@1 30.280 Prec@5 77.920             Loss 5.46334
Epoch [48] Testing Class Recall: [0.615,0.456,0.365,0.502,0.311,0.215,0.222,0.218,0.029,0.095]
Epoch [49] Training Results: Prec@1 95.207 Prec@5 99.987             Loss 0.14283
Epoch [49] Training Class Recall: [0.937,0.937,0.904,0.945,0.938,0.963,0.966,0.974,0.977,0.978]
Epoch [49] Testing Results: Prec@1 26.130 Prec@5 76.570             Loss 7.23769
Epoch [49] Testing Class Recall: [0.676,0.381,0.561,0.181,0.436,0.121,0.091,0.104,0.021,0.041]
Epoch [50] Training Results: Prec@1 95.773 Prec@5 99.940             Loss 0.13379
Epoch [50] Training Class Recall: [0.942,0.947,0.908,0.951,0.945,0.969,0.973,0.980,0.977,0.983]
Epoch [50] Testing Results: Prec@1 29.070 Prec@5 75.460             Loss 5.60590
Epoch [50] Testing Class Recall: [0.635,0.423,0.467,0.197,0.417,0.189,0.276,0.209,0.075,0.019]
Epoch [51] Training Results: Prec@1 95.387 Prec@5 99.960             Loss 0.14177
Epoch [51] Training Class Recall: [0.939,0.940,0.901,0.947,0.951,0.961,0.973,0.969,0.972,0.986]
Epoch [51] Testing Results: Prec@1 28.550 Prec@5 73.800             Loss 5.84820
Epoch [51] Testing Class Recall: [0.734,0.557,0.282,0.256,0.158,0.083,0.523,0.212,0.026,0.024]
Epoch [52] Training Results: Prec@1 95.687 Prec@5 99.967             Loss 0.13362
Epoch [52] Training Class Recall: [0.941,0.930,0.926,0.949,0.950,0.966,0.967,0.977,0.980,0.985]
Epoch [52] Testing Results: Prec@1 29.990 Prec@5 78.560             Loss 5.02486
Epoch [52] Testing Class Recall: [0.449,0.553,0.362,0.312,0.458,0.234,0.158,0.158,0.082,0.233]
Epoch [53] Training Results: Prec@1 95.473 Prec@5 99.960             Loss 0.13787
Epoch [53] Training Class Recall: [0.939,0.935,0.904,0.950,0.964,0.966,0.969,0.976,0.964,0.981]
Epoch [53] Testing Results: Prec@1 27.750 Prec@5 75.420             Loss 6.74031
Epoch [53] Testing Class Recall: [0.629,0.401,0.392,0.487,0.357,0.057,0.087,0.087,0.161,0.117]
Epoch [54] Training Results: Prec@1 96.200 Prec@5 99.993             Loss 0.11054
Epoch [54] Training Class Recall: [0.940,0.953,0.925,0.956,0.952,0.977,0.979,0.972,0.988,0.983]
Epoch [54] Testing Results: Prec@1 28.260 Prec@5 75.150             Loss 6.45157
Epoch [54] Testing Class Recall: [0.691,0.321,0.432,0.393,0.369,0.239,0.082,0.099,0.037,0.163]
Epoch [55] Training Results: Prec@1 96.880 Prec@5 99.987             Loss 0.09252
Epoch [55] Training Class Recall: [0.955,0.950,0.928,0.966,0.967,0.982,0.984,0.986,0.985,0.986]
Epoch [55] Testing Results: Prec@1 26.630 Prec@5 75.940             Loss 6.52415
Epoch [55] Testing Class Recall: [0.562,0.407,0.671,0.258,0.134,0.121,0.210,0.234,0.057,0.009]
Epoch [56] Training Results: Prec@1 95.627 Prec@5 99.960             Loss 0.13340
Epoch [56] Training Class Recall: [0.943,0.923,0.914,0.960,0.956,0.966,0.972,0.972,0.983,0.973]
Epoch [56] Testing Results: Prec@1 28.830 Prec@5 76.850             Loss 6.19326
Epoch [56] Testing Class Recall: [0.689,0.304,0.391,0.308,0.339,0.437,0.148,0.194,0.023,0.050]
Epoch [57] Training Results: Prec@1 92.827 Prec@5 99.920             Loss 0.21314
Epoch [57] Training Class Recall: [0.917,0.912,0.860,0.923,0.909,0.943,0.949,0.943,0.953,0.969]
Epoch [57] Testing Results: Prec@1 30.050 Prec@5 76.930             Loss 5.24146
Epoch [57] Testing Class Recall: [0.671,0.459,0.292,0.193,0.541,0.382,0.150,0.201,0.055,0.061]
Epoch [58] Training Results: Prec@1 95.327 Prec@5 99.967             Loss 0.14475
Epoch [58] Training Class Recall: [0.949,0.924,0.902,0.950,0.956,0.971,0.961,0.961,0.975,0.982]
Epoch [58] Testing Results: Prec@1 28.670 Prec@5 77.810             Loss 5.62575
Epoch [58] Testing Class Recall: [0.634,0.441,0.362,0.359,0.473,0.227,0.115,0.132,0.063,0.061]
Epoch [59] Training Results: Prec@1 95.833 Prec@5 99.967             Loss 0.12854
Epoch [59] Training Class Recall: [0.942,0.939,0.917,0.960,0.948,0.971,0.972,0.979,0.970,0.983]
Epoch [59] Testing Results: Prec@1 25.880 Prec@5 75.940             Loss 6.64389
Epoch [59] Testing Class Recall: [0.587,0.258,0.492,0.542,0.221,0.096,0.179,0.067,0.051,0.095]
Epoch [60] Training Results: Prec@1 96.627 Prec@5 99.987             Loss 0.10148
Epoch [60] Training Class Recall: [0.950,0.952,0.925,0.963,0.971,0.975,0.975,0.988,0.976,0.989]
Epoch [60] Testing Results: Prec@1 28.200 Prec@5 76.030             Loss 6.62265
Epoch [60] Testing Class Recall: [0.676,0.402,0.501,0.376,0.057,0.265,0.110,0.265,0.140,0.028]
Epoch [61] Training Results: Prec@1 97.193 Prec@5 99.987             Loss 0.08668
Epoch [61] Training Class Recall: [0.961,0.950,0.942,0.976,0.975,0.983,0.985,0.979,0.983,0.986]
Epoch [61] Testing Results: Prec@1 29.640 Prec@5 78.480             Loss 5.99560
Epoch [61] Testing Class Recall: [0.683,0.466,0.337,0.268,0.412,0.286,0.141,0.227,0.059,0.085]
Epoch [62] Training Results: Prec@1 96.847 Prec@5 100.000             Loss 0.09488
Epoch [62] Training Class Recall: [0.961,0.956,0.932,0.963,0.961,0.982,0.973,0.979,0.988,0.985]
Epoch [62] Testing Results: Prec@1 30.420 Prec@5 77.190             Loss 6.68739
Epoch [62] Testing Class Recall: [0.630,0.471,0.334,0.353,0.493,0.188,0.127,0.376,0.046,0.024]
Epoch [63] Training Results: Prec@1 93.907 Prec@5 99.960             Loss 0.18335
Epoch [63] Training Class Recall: [0.930,0.920,0.893,0.924,0.932,0.943,0.952,0.959,0.961,0.975]
Epoch [63] Testing Results: Prec@1 30.000 Prec@5 74.800             Loss 5.30800
Epoch [63] Testing Class Recall: [0.711,0.426,0.355,0.306,0.448,0.189,0.185,0.288,0.022,0.070]
Epoch [64] Training Results: Prec@1 95.593 Prec@5 99.987             Loss 0.13396
Epoch [64] Training Class Recall: [0.952,0.924,0.927,0.954,0.945,0.967,0.964,0.973,0.975,0.975]
Epoch [64] Testing Results: Prec@1 28.260 Prec@5 75.840             Loss 6.42074
Epoch [64] Testing Class Recall: [0.644,0.459,0.489,0.265,0.369,0.330,0.069,0.125,0.045,0.031]
Epoch [65] Training Results: Prec@1 96.387 Prec@5 99.980             Loss 0.10485
Epoch [65] Training Class Recall: [0.951,0.952,0.925,0.956,0.954,0.974,0.974,0.981,0.984,0.987]
Epoch [65] Testing Results: Prec@1 30.070 Prec@5 76.350             Loss 5.85177
Epoch [65] Testing Class Recall: [0.655,0.464,0.465,0.404,0.305,0.132,0.296,0.143,0.138,0.005]
Epoch [66] Training Results: Prec@1 95.973 Prec@5 100.000             Loss 0.12001
Epoch [66] Training Class Recall: [0.948,0.934,0.924,0.958,0.960,0.976,0.971,0.970,0.971,0.985]
Epoch [66] Testing Results: Prec@1 26.860 Prec@5 74.380             Loss 7.52127
Epoch [66] Testing Class Recall: [0.666,0.356,0.697,0.289,0.185,0.126,0.103,0.232,0.019,0.013]
Epoch [67] Training Results: Prec@1 92.473 Prec@5 99.893             Loss 0.23310
Epoch [67] Training Class Recall: [0.916,0.897,0.865,0.912,0.913,0.938,0.944,0.951,0.948,0.961]
Epoch [67] Testing Results: Prec@1 29.510 Prec@5 76.320             Loss 5.88441
Epoch [67] Testing Class Recall: [0.680,0.497,0.466,0.306,0.415,0.224,0.106,0.162,0.071,0.024]
Epoch [68] Training Results: Prec@1 97.533 Prec@5 99.993             Loss 0.07617
Epoch [68] Training Class Recall: [0.957,0.969,0.944,0.971,0.978,0.984,0.991,0.989,0.984,0.989]
Epoch [68] Testing Results: Prec@1 27.900 Prec@5 75.720             Loss 6.18803
Epoch [68] Testing Class Recall: [0.813,0.389,0.198,0.398,0.406,0.251,0.049,0.158,0.072,0.056]
Epoch [69] Training Results: Prec@1 96.293 Prec@5 99.973             Loss 0.11244
Epoch [69] Training Class Recall: [0.942,0.958,0.921,0.956,0.962,0.971,0.983,0.975,0.977,0.987]
Epoch [69] Testing Results: Prec@1 28.280 Prec@5 74.700             Loss 6.27593
Epoch [69] Testing Class Recall: [0.726,0.487,0.431,0.326,0.371,0.178,0.118,0.115,0.059,0.017]
Epoch [70] Training Results: Prec@1 96.487 Prec@5 99.980             Loss 0.10325
Epoch [70] Training Class Recall: [0.952,0.949,0.934,0.962,0.962,0.971,0.978,0.983,0.980,0.981]
Epoch [70] Testing Results: Prec@1 26.440 Prec@5 74.970             Loss 6.84349
Epoch [70] Testing Class Recall: [0.711,0.380,0.212,0.304,0.549,0.184,0.044,0.166,0.058,0.036]
Epoch [71] Training Results: Prec@1 96.593 Prec@5 100.000             Loss 0.10270
Epoch [71] Training Class Recall: [0.949,0.944,0.926,0.972,0.965,0.985,0.976,0.982,0.982,0.979]
Epoch [71] Testing Results: Prec@1 25.890 Prec@5 72.950             Loss 7.19822
Epoch [71] Testing Class Recall: [0.727,0.383,0.605,0.427,0.078,0.048,0.187,0.076,0.050,0.008]
Epoch [72] Training Results: Prec@1 94.533 Prec@5 99.973             Loss 0.16534
Epoch [72] Training Class Recall: [0.943,0.922,0.885,0.945,0.937,0.955,0.956,0.963,0.965,0.976]
Epoch [72] Testing Results: Prec@1 26.810 Prec@5 71.320             Loss 6.71655
Epoch [72] Testing Class Recall: [0.668,0.363,0.469,0.255,0.248,0.090,0.480,0.044,0.009,0.055]
Epoch [73] Training Results: Prec@1 93.487 Prec@5 99.880             Loss 0.19339
Epoch [73] Training Class Recall: [0.923,0.908,0.882,0.932,0.920,0.947,0.951,0.959,0.962,0.963]
Epoch [73] Testing Results: Prec@1 30.010 Prec@5 76.970             Loss 4.98681
Epoch [73] Testing Class Recall: [0.572,0.502,0.573,0.256,0.283,0.346,0.069,0.264,0.073,0.063]
Epoch [74] Training Results: Prec@1 97.473 Prec@5 99.993             Loss 0.07807
Epoch [74] Training Class Recall: [0.962,0.957,0.943,0.974,0.972,0.989,0.989,0.986,0.980,0.995]
Epoch [74] Testing Results: Prec@1 29.770 Prec@5 77.100             Loss 5.84468
Epoch [74] Testing Class Recall: [0.687,0.447,0.470,0.267,0.466,0.313,0.148,0.092,0.020,0.067]
Epoch [75] Training Results: Prec@1 96.393 Prec@5 99.987             Loss 0.10757
Epoch [75] Training Class Recall: [0.948,0.948,0.929,0.965,0.957,0.974,0.973,0.980,0.981,0.987]
Epoch [75] Testing Results: Prec@1 29.820 Prec@5 76.030             Loss 6.25541
Epoch [75] Testing Class Recall: [0.534,0.459,0.481,0.307,0.462,0.223,0.203,0.132,0.108,0.073]
Epoch [76] Training Results: Prec@1 97.260 Prec@5 99.993             Loss 0.08407
Epoch [76] Training Class Recall: [0.962,0.961,0.945,0.968,0.970,0.978,0.981,0.989,0.979,0.992]
Epoch [76] Testing Results: Prec@1 26.720 Prec@5 77.910             Loss 7.06457
Epoch [76] Testing Class Recall: [0.487,0.281,0.672,0.098,0.221,0.182,0.361,0.094,0.222,0.054]
Epoch [77] Training Results: Prec@1 96.220 Prec@5 100.000             Loss 0.11574
Epoch [77] Training Class Recall: [0.951,0.943,0.925,0.955,0.960,0.973,0.976,0.974,0.979,0.987]
Epoch [77] Testing Results: Prec@1 30.850 Prec@5 78.070             Loss 5.21968
Epoch [77] Testing Class Recall: [0.621,0.524,0.364,0.324,0.457,0.254,0.161,0.154,0.042,0.184]
Epoch [78] Training Results: Prec@1 96.707 Prec@5 100.000             Loss 0.09735
Epoch [78] Training Class Recall: [0.955,0.947,0.933,0.965,0.968,0.983,0.976,0.984,0.973,0.987]
Epoch [78] Testing Results: Prec@1 29.960 Prec@5 75.780             Loss 6.29351
Epoch [78] Testing Class Recall: [0.601,0.511,0.324,0.518,0.464,0.148,0.116,0.201,0.079,0.034]
Epoch [79] Training Results: Prec@1 95.253 Prec@5 99.987             Loss 0.14016
Epoch [79] Training Class Recall: [0.950,0.926,0.918,0.947,0.942,0.955,0.967,0.971,0.980,0.968]
Epoch [79] Testing Results: Prec@1 26.110 Prec@5 75.260             Loss 7.00247
Epoch [79] Testing Class Recall: [0.612,0.379,0.405,0.621,0.202,0.034,0.150,0.149,0.018,0.041]
Epoch [80] Training Results: Prec@1 96.073 Prec@5 99.947             Loss 0.12359
Epoch [80] Training Class Recall: [0.956,0.939,0.925,0.951,0.949,0.973,0.973,0.979,0.981,0.979]
Epoch [80] Testing Results: Prec@1 27.860 Prec@5 74.500             Loss 6.85860
Epoch [80] Testing Class Recall: [0.638,0.399,0.327,0.420,0.591,0.015,0.135,0.161,0.014,0.086]
Epoch [81] Training Results: Prec@1 96.253 Prec@5 99.993             Loss 0.11060
Epoch [81] Training Class Recall: [0.946,0.949,0.926,0.954,0.957,0.974,0.980,0.978,0.978,0.985]
Epoch [81] Testing Results: Prec@1 28.280 Prec@5 73.790             Loss 6.08687
Epoch [81] Testing Class Recall: [0.689,0.527,0.556,0.286,0.275,0.239,0.082,0.077,0.058,0.039]
Epoch [82] Training Results: Prec@1 97.160 Prec@5 100.000             Loss 0.08271
Epoch [82] Training Class Recall: [0.959,0.961,0.943,0.966,0.966,0.976,0.986,0.982,0.985,0.992]
Epoch [82] Testing Results: Prec@1 26.750 Prec@5 75.000             Loss 6.27962
Epoch [82] Testing Class Recall: [0.691,0.329,0.499,0.116,0.420,0.291,0.138,0.130,0.008,0.053]
Epoch [83] Training Results: Prec@1 97.373 Prec@5 99.987             Loss 0.08120
Epoch [83] Training Class Recall: [0.966,0.956,0.945,0.965,0.968,0.986,0.993,0.982,0.988,0.990]
Epoch [83] Testing Results: Prec@1 27.570 Prec@5 75.050             Loss 6.30155
Epoch [83] Testing Class Recall: [0.522,0.405,0.494,0.404,0.363,0.165,0.111,0.068,0.179,0.046]
Epoch [84] Training Results: Prec@1 97.707 Prec@5 100.000             Loss 0.07155
Epoch [84] Training Class Recall: [0.970,0.964,0.946,0.979,0.976,0.986,0.982,0.987,0.987,0.992]
Epoch [84] Testing Results: Prec@1 27.210 Prec@5 76.300             Loss 6.23138
Epoch [84] Testing Class Recall: [0.577,0.374,0.610,0.475,0.185,0.174,0.154,0.109,0.044,0.019]
Epoch [85] Training Results: Prec@1 95.887 Prec@5 99.980             Loss 0.12344
Epoch [85] Training Class Recall: [0.954,0.942,0.925,0.952,0.949,0.970,0.958,0.973,0.978,0.986]
Epoch [85] Testing Results: Prec@1 28.430 Prec@5 77.700             Loss 6.96045
Epoch [85] Testing Class Recall: [0.584,0.503,0.465,0.309,0.453,0.136,0.124,0.115,0.076,0.078]
Epoch [86] Training Results: Prec@1 96.653 Prec@5 99.980             Loss 0.09991
Epoch [86] Training Class Recall: [0.956,0.952,0.940,0.956,0.955,0.977,0.977,0.986,0.981,0.985]
Epoch [86] Testing Results: Prec@1 26.210 Prec@5 73.930             Loss 6.82701
Epoch [86] Testing Class Recall: [0.588,0.343,0.679,0.365,0.248,0.127,0.099,0.092,0.046,0.034]
Epoch [87] Training Results: Prec@1 96.993 Prec@5 100.000             Loss 0.09196
Epoch [87] Training Class Recall: [0.961,0.953,0.932,0.968,0.975,0.982,0.979,0.982,0.980,0.986]
Epoch [87] Testing Results: Prec@1 28.720 Prec@5 77.270             Loss 5.95235
Epoch [87] Testing Class Recall: [0.650,0.448,0.509,0.369,0.259,0.171,0.256,0.129,0.018,0.063]
Epoch [88] Training Results: Prec@1 96.407 Prec@5 99.987             Loss 0.11279
Epoch [88] Training Class Recall: [0.951,0.950,0.929,0.965,0.964,0.965,0.972,0.983,0.982,0.983]
Epoch [88] Testing Results: Prec@1 27.470 Prec@5 76.030             Loss 6.84944
Epoch [88] Testing Class Recall: [0.556,0.389,0.288,0.197,0.704,0.310,0.041,0.095,0.118,0.049]
Epoch [89] Training Results: Prec@1 95.960 Prec@5 99.987             Loss 0.12496
Epoch [89] Training Class Recall: [0.945,0.932,0.924,0.960,0.952,0.980,0.968,0.976,0.976,0.981]
Epoch [89] Testing Results: Prec@1 24.290 Prec@5 72.770             Loss 6.42573
Epoch [89] Testing Class Recall: [0.680,0.113,0.401,0.425,0.395,0.182,0.124,0.049,0.043,0.017]
Epoch [90] Training Results: Prec@1 96.607 Prec@5 99.987             Loss 0.10195
Epoch [90] Training Class Recall: [0.962,0.949,0.942,0.960,0.960,0.970,0.972,0.977,0.983,0.985]
Epoch [90] Testing Results: Prec@1 25.340 Prec@5 74.100             Loss 8.06022
Epoch [90] Testing Class Recall: [0.642,0.309,0.290,0.186,0.773,0.076,0.163,0.027,0.032,0.036]
Epoch [91] Training Results: Prec@1 92.853 Prec@5 99.907             Loss 0.21676
Epoch [91] Training Class Recall: [0.920,0.908,0.863,0.925,0.920,0.933,0.944,0.950,0.957,0.962]
Epoch [91] Testing Results: Prec@1 29.140 Prec@5 77.510             Loss 5.79271
Epoch [91] Testing Class Recall: [0.564,0.528,0.471,0.534,0.389,0.088,0.071,0.044,0.103,0.122]
Epoch [92] Training Results: Prec@1 98.073 Prec@5 99.993             Loss 0.06462
Epoch [92] Training Class Recall: [0.969,0.972,0.960,0.981,0.983,0.992,0.984,0.986,0.990,0.993]
Epoch [92] Testing Results: Prec@1 29.370 Prec@5 77.070             Loss 5.84574
Epoch [92] Testing Class Recall: [0.607,0.571,0.385,0.522,0.356,0.156,0.098,0.140,0.033,0.069]
Epoch [93] Training Results: Prec@1 96.493 Prec@5 99.993             Loss 0.11078
Epoch [93] Training Class Recall: [0.939,0.959,0.924,0.971,0.960,0.980,0.971,0.984,0.979,0.985]
Epoch [93] Testing Results: Prec@1 28.570 Prec@5 78.080             Loss 5.64046
Epoch [93] Testing Class Recall: [0.575,0.397,0.311,0.439,0.492,0.211,0.092,0.141,0.083,0.116]
Epoch [94] Training Results: Prec@1 98.167 Prec@5 99.993             Loss 0.05547
Epoch [94] Training Class Recall: [0.979,0.965,0.958,0.976,0.985,0.983,0.989,0.992,0.995,0.993]
Epoch [94] Testing Results: Prec@1 28.410 Prec@5 77.000             Loss 6.15429
Epoch [94] Testing Class Recall: [0.642,0.366,0.380,0.407,0.410,0.111,0.265,0.139,0.096,0.025]
Epoch [95] Training Results: Prec@1 96.927 Prec@5 99.993             Loss 0.09059
Epoch [95] Training Class Recall: [0.963,0.946,0.953,0.965,0.957,0.974,0.985,0.984,0.984,0.980]
Epoch [95] Testing Results: Prec@1 29.280 Prec@5 76.810             Loss 6.42003
Epoch [95] Testing Class Recall: [0.464,0.500,0.719,0.372,0.104,0.215,0.136,0.301,0.094,0.023]
Epoch [96] Training Results: Prec@1 95.233 Prec@5 99.960             Loss 0.13668
Epoch [96] Training Class Recall: [0.942,0.920,0.913,0.945,0.940,0.972,0.958,0.982,0.975,0.974]
Epoch [96] Testing Results: Prec@1 29.020 Prec@5 75.760             Loss 6.45100
Epoch [96] Testing Class Recall: [0.548,0.510,0.479,0.479,0.223,0.104,0.102,0.241,0.183,0.033]
Epoch [97] Training Results: Prec@1 95.687 Prec@5 99.960             Loss 0.12565
Epoch [97] Training Class Recall: [0.953,0.935,0.921,0.955,0.942,0.968,0.970,0.970,0.976,0.975]
Epoch [97] Testing Results: Prec@1 28.290 Prec@5 77.120             Loss 5.77463
Epoch [97] Testing Class Recall: [0.523,0.295,0.353,0.468,0.305,0.373,0.168,0.063,0.159,0.122]
Epoch [98] Training Results: Prec@1 96.720 Prec@5 99.953             Loss 0.09846
Epoch [98] Training Class Recall: [0.957,0.951,0.932,0.962,0.968,0.980,0.977,0.984,0.977,0.984]
Epoch [98] Testing Results: Prec@1 29.100 Prec@5 75.730             Loss 5.51040
Epoch [98] Testing Class Recall: [0.700,0.446,0.590,0.288,0.245,0.249,0.182,0.136,0.014,0.060]
Epoch [99] Training Results: Prec@1 97.133 Prec@5 99.987             Loss 0.08582
Epoch [99] Training Class Recall: [0.966,0.956,0.950,0.963,0.969,0.980,0.979,0.977,0.982,0.990]
Epoch [99] Testing Results: Prec@1 29.970 Prec@5 78.670             Loss 5.84733
Epoch [99] Testing Class Recall: [0.613,0.453,0.612,0.188,0.282,0.201,0.187,0.287,0.051,0.123]
Epoch [100] Training Results: Prec@1 96.733 Prec@5 99.987             Loss 0.09741
Epoch [100] Training Class Recall: [0.953,0.955,0.935,0.966,0.972,0.978,0.972,0.977,0.978,0.987]
Epoch [100] Testing Results: Prec@1 27.730 Prec@5 76.160             Loss 6.38623
Epoch [100] Testing Class Recall: [0.710,0.332,0.226,0.240,0.522,0.139,0.354,0.154,0.038,0.058]
Epoch [101] Training Results: Prec@1 95.627 Prec@5 99.980             Loss 0.12767
Epoch [101] Training Class Recall: [0.945,0.939,0.907,0.951,0.954,0.966,0.966,0.969,0.988,0.977]
Epoch [101] Testing Results: Prec@1 28.570 Prec@5 75.870             Loss 6.32564
Epoch [101] Testing Class Recall: [0.692,0.346,0.256,0.435,0.537,0.234,0.135,0.117,0.007,0.098]
Epoch [102] Training Results: Prec@1 94.607 Prec@5 99.980             Loss 0.15577
Epoch [102] Training Class Recall: [0.933,0.916,0.904,0.943,0.941,0.954,0.961,0.963,0.975,0.973]
Epoch [102] Testing Results: Prec@1 27.380 Prec@5 75.780             Loss 5.68041
Epoch [102] Testing Class Recall: [0.650,0.230,0.228,0.423,0.387,0.279,0.359,0.062,0.040,0.080]
Epoch [103] Training Results: Prec@1 94.893 Prec@5 99.947             Loss 0.15879
Epoch [103] Training Class Recall: [0.938,0.922,0.907,0.946,0.943,0.959,0.952,0.972,0.972,0.978]
Epoch [103] Testing Results: Prec@1 30.050 Prec@5 75.240             Loss 6.00236
Epoch [103] Testing Class Recall: [0.674,0.532,0.333,0.333,0.474,0.220,0.269,0.122,0.020,0.028]
Epoch [104] Training Results: Prec@1 97.460 Prec@5 99.987             Loss 0.07748
Epoch [104] Training Class Recall: [0.960,0.963,0.944,0.968,0.976,0.988,0.984,0.987,0.991,0.988]
Epoch [104] Testing Results: Prec@1 29.030 Prec@5 76.960             Loss 6.04435
Epoch [104] Testing Class Recall: [0.728,0.507,0.645,0.254,0.207,0.123,0.158,0.221,0.013,0.047]
Epoch [105] Training Results: Prec@1 98.087 Prec@5 100.000             Loss 0.06070
Epoch [105] Training Class Recall: [0.972,0.963,0.959,0.978,0.973,0.991,0.989,0.992,0.993,0.997]
Epoch [105] Testing Results: Prec@1 29.500 Prec@5 77.010             Loss 5.88375
Epoch [105] Testing Class Recall: [0.733,0.377,0.409,0.263,0.305,0.422,0.240,0.094,0.073,0.034]
Epoch [106] Training Results: Prec@1 98.113 Prec@5 100.000             Loss 0.05994
Epoch [106] Training Class Recall: [0.974,0.968,0.967,0.977,0.977,0.989,0.986,0.988,0.988,0.997]
Epoch [106] Testing Results: Prec@1 30.360 Prec@5 77.560             Loss 5.78159
Epoch [106] Testing Class Recall: [0.443,0.486,0.410,0.368,0.372,0.401,0.264,0.135,0.145,0.012]
Epoch [107] Training Results: Prec@1 97.500 Prec@5 100.000             Loss 0.07620
Epoch [107] Training Class Recall: [0.967,0.958,0.950,0.973,0.971,0.976,0.983,0.991,0.989,0.992]
Epoch [107] Testing Results: Prec@1 28.700 Prec@5 75.900             Loss 5.82359
Epoch [107] Testing Class Recall: [0.628,0.334,0.277,0.346,0.429,0.227,0.281,0.211,0.096,0.041]
Epoch [108] Training Results: Prec@1 94.493 Prec@5 99.933             Loss 0.16561
Epoch [108] Training Class Recall: [0.942,0.920,0.897,0.939,0.946,0.953,0.956,0.956,0.967,0.970]
Epoch [108] Testing Results: Prec@1 27.820 Prec@5 77.020             Loss 6.05955
Epoch [108] Testing Class Recall: [0.520,0.257,0.307,0.523,0.405,0.139,0.139,0.079,0.253,0.160]
Epoch [109] Training Results: Prec@1 96.667 Prec@5 99.987             Loss 0.10310
Epoch [109] Training Class Recall: [0.954,0.950,0.936,0.966,0.959,0.966,0.981,0.985,0.980,0.990]
Epoch [109] Testing Results: Prec@1 29.460 Prec@5 77.700             Loss 5.74747
Epoch [109] Testing Class Recall: [0.679,0.421,0.478,0.204,0.443,0.209,0.191,0.159,0.086,0.076]
Epoch [110] Training Results: Prec@1 95.947 Prec@5 99.993             Loss 0.12279
Epoch [110] Training Class Recall: [0.948,0.941,0.923,0.960,0.954,0.969,0.968,0.973,0.972,0.986]
Epoch [110] Testing Results: Prec@1 26.770 Prec@5 75.100             Loss 6.07523
Epoch [110] Testing Class Recall: [0.652,0.249,0.437,0.376,0.109,0.400,0.151,0.210,0.089,0.004]
Epoch [111] Training Results: Prec@1 96.627 Prec@5 99.973             Loss 0.10829
Epoch [111] Training Class Recall: [0.961,0.950,0.941,0.962,0.953,0.969,0.986,0.979,0.983,0.977]
Epoch [111] Testing Results: Prec@1 29.990 Prec@5 78.500             Loss 5.14268
Epoch [111] Testing Class Recall: [0.593,0.451,0.364,0.476,0.326,0.181,0.295,0.143,0.116,0.054]
Epoch [112] Training Results: Prec@1 97.480 Prec@5 100.000             Loss 0.07526
Epoch [112] Training Class Recall: [0.965,0.953,0.941,0.972,0.979,0.984,0.985,0.988,0.991,0.991]
Epoch [112] Testing Results: Prec@1 28.360 Prec@5 77.570             Loss 6.42286
Epoch [112] Testing Class Recall: [0.811,0.463,0.339,0.266,0.300,0.130,0.342,0.146,0.010,0.029]
Epoch [113] Training Results: Prec@1 97.040 Prec@5 99.973             Loss 0.08978
Epoch [113] Training Class Recall: [0.957,0.961,0.937,0.968,0.965,0.974,0.979,0.981,0.991,0.993]
Epoch [113] Testing Results: Prec@1 28.610 Prec@5 75.630             Loss 5.80972
Epoch [113] Testing Class Recall: [0.616,0.517,0.480,0.202,0.304,0.280,0.146,0.178,0.040,0.098]
Epoch [114] Training Results: Prec@1 98.053 Prec@5 99.993             Loss 0.05955
Epoch [114] Training Class Recall: [0.976,0.967,0.967,0.975,0.983,0.980,0.989,0.988,0.990,0.992]
Epoch [114] Testing Results: Prec@1 28.350 Prec@5 76.020             Loss 6.56888
Epoch [114] Testing Class Recall: [0.553,0.346,0.397,0.423,0.238,0.235,0.382,0.201,0.022,0.038]
Epoch [115] Training Results: Prec@1 95.447 Prec@5 99.967             Loss 0.13779
Epoch [115] Training Class Recall: [0.938,0.944,0.913,0.953,0.949,0.961,0.964,0.972,0.973,0.979]
Epoch [115] Testing Results: Prec@1 27.470 Prec@5 75.560             Loss 5.76015
Epoch [115] Testing Class Recall: [0.588,0.267,0.494,0.290,0.346,0.217,0.147,0.299,0.049,0.050]
Epoch [116] Training Results: Prec@1 96.740 Prec@5 99.987             Loss 0.10050
Epoch [116] Training Class Recall: [0.957,0.948,0.941,0.968,0.958,0.982,0.975,0.980,0.983,0.983]
Epoch [116] Testing Results: Prec@1 27.360 Prec@5 76.290             Loss 6.10494
Epoch [116] Testing Class Recall: [0.714,0.395,0.488,0.285,0.201,0.209,0.076,0.168,0.160,0.040]
Epoch [117] Training Results: Prec@1 96.407 Prec@5 99.993             Loss 0.11078
Epoch [117] Training Class Recall: [0.958,0.950,0.927,0.963,0.964,0.972,0.967,0.983,0.972,0.981]
Epoch [117] Testing Results: Prec@1 28.500 Prec@5 76.720             Loss 5.82392
Epoch [117] Testing Class Recall: [0.706,0.320,0.446,0.519,0.333,0.163,0.140,0.185,0.009,0.029]
Epoch [118] Training Results: Prec@1 97.293 Prec@5 100.000             Loss 0.08537
Epoch [118] Training Class Recall: [0.962,0.962,0.949,0.969,0.975,0.981,0.981,0.983,0.983,0.987]
Epoch [118] Testing Results: Prec@1 26.590 Prec@5 74.750             Loss 6.66414
Epoch [118] Testing Class Recall: [0.720,0.280,0.584,0.226,0.293,0.187,0.267,0.056,0.016,0.030]
Epoch [119] Training Results: Prec@1 94.767 Prec@5 99.967             Loss 0.15319
Epoch [119] Training Class Recall: [0.938,0.928,0.898,0.941,0.950,0.955,0.962,0.967,0.959,0.976]
Epoch [119] Testing Results: Prec@1 26.290 Prec@5 74.400             Loss 6.50820
Epoch [119] Testing Class Recall: [0.594,0.501,0.459,0.507,0.196,0.120,0.069,0.131,0.034,0.018]
Epoch [120] Training Results: Prec@1 96.153 Prec@5 99.987             Loss 0.11949
Epoch [120] Training Class Recall: [0.952,0.951,0.941,0.948,0.957,0.974,0.969,0.974,0.973,0.978]
Epoch [120] Testing Results: Prec@1 28.550 Prec@5 73.640             Loss 5.69065
Epoch [120] Testing Class Recall: [0.753,0.452,0.489,0.213,0.268,0.183,0.190,0.197,0.105,0.005]
Epoch [121] Training Results: Prec@1 95.813 Prec@5 99.973             Loss 0.13386
Epoch [121] Training Class Recall: [0.954,0.932,0.916,0.954,0.961,0.976,0.979,0.961,0.969,0.977]
Epoch [121] Testing Results: Prec@1 28.560 Prec@5 76.690             Loss 5.81574
Epoch [121] Testing Class Recall: [0.641,0.342,0.419,0.251,0.355,0.226,0.408,0.089,0.073,0.052]
Epoch [122] Training Results: Prec@1 98.020 Prec@5 99.993             Loss 0.06339
Epoch [122] Training Class Recall: [0.974,0.969,0.956,0.978,0.975,0.988,0.988,0.988,0.993,0.992]
Epoch [122] Testing Results: Prec@1 30.720 Prec@5 75.760             Loss 5.41553
Epoch [122] Testing Class Recall: [0.719,0.566,0.312,0.318,0.446,0.287,0.186,0.186,0.025,0.027]
Epoch [123] Training Results: Prec@1 98.573 Prec@5 99.993             Loss 0.04585
Epoch [123] Training Class Recall: [0.979,0.976,0.970,0.983,0.983,0.996,0.991,0.992,0.992,0.995]
Epoch [123] Testing Results: Prec@1 29.110 Prec@5 78.980             Loss 5.32644
Epoch [123] Testing Class Recall: [0.594,0.422,0.270,0.382,0.223,0.135,0.416,0.099,0.114,0.256]
Epoch [124] Training Results: Prec@1 98.307 Prec@5 99.993             Loss 0.05434
Epoch [124] Training Class Recall: [0.972,0.978,0.962,0.984,0.990,0.984,0.991,0.991,0.988,0.993]
Epoch [124] Testing Results: Prec@1 29.300 Prec@5 75.520             Loss 5.96920
Epoch [124] Testing Class Recall: [0.760,0.540,0.483,0.327,0.211,0.232,0.112,0.203,0.050,0.012]
Epoch [125] Training Results: Prec@1 97.387 Prec@5 99.987             Loss 0.08058
Epoch [125] Training Class Recall: [0.971,0.962,0.946,0.975,0.969,0.982,0.978,0.981,0.985,0.988]
Epoch [125] Testing Results: Prec@1 28.840 Prec@5 76.350             Loss 5.98168
Epoch [125] Testing Class Recall: [0.674,0.488,0.354,0.259,0.559,0.167,0.169,0.142,0.038,0.034]
Epoch [126] Training Results: Prec@1 95.253 Prec@5 99.953             Loss 0.14032
Epoch [126] Training Class Recall: [0.950,0.920,0.927,0.950,0.948,0.967,0.959,0.959,0.969,0.976]
Epoch [126] Testing Results: Prec@1 29.940 Prec@5 74.450             Loss 6.00421
Epoch [126] Testing Class Recall: [0.583,0.632,0.404,0.410,0.366,0.421,0.077,0.038,0.053,0.010]
Epoch [127] Training Results: Prec@1 96.907 Prec@5 99.987             Loss 0.09821
Epoch [127] Training Class Recall: [0.968,0.951,0.941,0.960,0.971,0.977,0.971,0.982,0.987,0.983]
Epoch [127] Testing Results: Prec@1 25.180 Prec@5 73.100             Loss 6.55727
Epoch [127] Testing Class Recall: [0.725,0.259,0.445,0.231,0.416,0.138,0.155,0.077,0.037,0.035]
Epoch [128] Training Results: Prec@1 94.533 Prec@5 99.953             Loss 0.16160
Epoch [128] Training Class Recall: [0.941,0.916,0.907,0.934,0.937,0.955,0.964,0.959,0.966,0.973]
Epoch [128] Testing Results: Prec@1 28.520 Prec@5 78.610             Loss 5.12739
Epoch [128] Testing Class Recall: [0.599,0.344,0.377,0.419,0.238,0.110,0.333,0.201,0.059,0.172]
Epoch [129] Training Results: Prec@1 97.033 Prec@5 99.987             Loss 0.09163
Epoch [129] Training Class Recall: [0.955,0.951,0.943,0.967,0.968,0.978,0.982,0.986,0.985,0.991]
Epoch [129] Testing Results: Prec@1 27.900 Prec@5 77.630             Loss 5.62090
Epoch [129] Testing Class Recall: [0.687,0.282,0.525,0.444,0.246,0.217,0.118,0.116,0.081,0.074]
Epoch [130] Training Results: Prec@1 97.767 Prec@5 99.993             Loss 0.07082
Epoch [130] Training Class Recall: [0.964,0.961,0.955,0.978,0.976,0.986,0.987,0.988,0.990,0.993]
Epoch [130] Testing Results: Prec@1 28.070 Prec@5 77.040             Loss 6.70363
Epoch [130] Testing Class Recall: [0.735,0.411,0.408,0.161,0.589,0.242,0.032,0.144,0.049,0.036]
Epoch [131] Training Results: Prec@1 98.267 Prec@5 100.000             Loss 0.05535
Epoch [131] Training Class Recall: [0.976,0.976,0.970,0.974,0.981,0.984,0.989,0.992,0.993,0.995]
Epoch [131] Testing Results: Prec@1 27.610 Prec@5 76.150             Loss 6.46431
Epoch [131] Testing Class Recall: [0.701,0.355,0.476,0.537,0.327,0.063,0.137,0.060,0.075,0.030]
Epoch [132] Training Results: Prec@1 97.860 Prec@5 99.993             Loss 0.06896
Epoch [132] Training Class Recall: [0.975,0.965,0.948,0.980,0.974,0.985,0.984,0.989,0.992,0.992]
Epoch [132] Testing Results: Prec@1 27.560 Prec@5 74.880             Loss 6.49026
Epoch [132] Testing Class Recall: [0.785,0.356,0.252,0.413,0.374,0.171,0.162,0.182,0.037,0.024]
Epoch [133] Training Results: Prec@1 97.433 Prec@5 99.987             Loss 0.07609
Epoch [133] Training Class Recall: [0.968,0.963,0.952,0.973,0.970,0.979,0.976,0.983,0.989,0.989]
Epoch [133] Testing Results: Prec@1 29.670 Prec@5 76.650             Loss 5.63330
Epoch [133] Testing Class Recall: [0.689,0.413,0.394,0.410,0.404,0.181,0.141,0.174,0.108,0.053]
Epoch [134] Training Results: Prec@1 95.787 Prec@5 99.953             Loss 0.12703
Epoch [134] Training Class Recall: [0.951,0.942,0.926,0.950,0.957,0.968,0.961,0.975,0.977,0.973]
Epoch [134] Testing Results: Prec@1 28.280 Prec@5 77.550             Loss 5.50471
Epoch [134] Testing Class Recall: [0.658,0.386,0.386,0.367,0.246,0.247,0.283,0.095,0.115,0.045]
Epoch [135] Training Results: Prec@1 95.047 Prec@5 99.987             Loss 0.14872
Epoch [135] Training Class Recall: [0.939,0.924,0.920,0.935,0.943,0.970,0.973,0.963,0.969,0.971]
Epoch [135] Testing Results: Prec@1 27.280 Prec@5 75.350             Loss 5.37842
Epoch [135] Testing Class Recall: [0.649,0.333,0.447,0.276,0.169,0.481,0.135,0.096,0.024,0.118]
Epoch [136] Training Results: Prec@1 98.253 Prec@5 100.000             Loss 0.05588
Epoch [136] Training Class Recall: [0.976,0.971,0.961,0.980,0.984,0.987,0.989,0.992,0.992,0.993]
Epoch [136] Testing Results: Prec@1 29.320 Prec@5 76.940             Loss 5.67051
Epoch [136] Testing Class Recall: [0.683,0.438,0.439,0.562,0.296,0.166,0.136,0.108,0.045,0.059]
Epoch [137] Training Results: Prec@1 98.713 Prec@5 99.993             Loss 0.04484
Epoch [137] Training Class Recall: [0.980,0.980,0.970,0.984,0.991,0.993,0.995,0.990,0.993,0.997]
Epoch [137] Testing Results: Prec@1 28.350 Prec@5 78.020             Loss 5.42891
Epoch [137] Testing Class Recall: [0.561,0.353,0.376,0.526,0.135,0.205,0.347,0.134,0.077,0.121]
Epoch [138] Training Results: Prec@1 98.107 Prec@5 99.993             Loss 0.05679
Epoch [138] Training Class Recall: [0.970,0.968,0.967,0.981,0.976,0.988,0.984,0.990,0.993,0.994]
Epoch [138] Testing Results: Prec@1 29.830 Prec@5 76.460             Loss 5.73799
Epoch [138] Testing Class Recall: [0.680,0.567,0.305,0.355,0.554,0.176,0.118,0.134,0.044,0.050]
Epoch [139] Training Results: Prec@1 96.873 Prec@5 99.987             Loss 0.08988
Epoch [139] Training Class Recall: [0.955,0.950,0.938,0.970,0.971,0.975,0.979,0.982,0.982,0.987]
Epoch [139] Testing Results: Prec@1 26.540 Prec@5 76.710             Loss 6.15119
Epoch [139] Testing Class Recall: [0.726,0.260,0.156,0.371,0.427,0.422,0.084,0.104,0.032,0.072]
Epoch [140] Training Results: Prec@1 96.180 Prec@5 99.967             Loss 0.11542
Epoch [140] Training Class Recall: [0.961,0.941,0.926,0.962,0.942,0.967,0.974,0.981,0.980,0.977]
Epoch [140] Testing Results: Prec@1 27.700 Prec@5 74.860             Loss 6.05149
Epoch [140] Testing Class Recall: [0.538,0.334,0.494,0.235,0.438,0.393,0.136,0.138,0.006,0.058]
Epoch [141] Training Results: Prec@1 96.540 Prec@5 99.973             Loss 0.10921
Epoch [141] Training Class Recall: [0.954,0.952,0.936,0.963,0.957,0.975,0.969,0.984,0.984,0.979]
Epoch [141] Testing Results: Prec@1 25.940 Prec@5 75.180             Loss 6.36213
Epoch [141] Testing Class Recall: [0.683,0.400,0.426,0.347,0.291,0.127,0.149,0.082,0.069,0.020]
Epoch [142] Training Results: Prec@1 96.493 Prec@5 99.993             Loss 0.10848
Epoch [142] Training Class Recall: [0.960,0.949,0.933,0.959,0.961,0.972,0.967,0.982,0.980,0.985]
Epoch [142] Testing Results: Prec@1 26.890 Prec@5 75.590             Loss 5.60380
Epoch [142] Testing Class Recall: [0.629,0.143,0.446,0.344,0.129,0.229,0.322,0.110,0.161,0.176]
Epoch [143] Training Results: Prec@1 96.353 Prec@5 99.987             Loss 0.10783
Epoch [143] Training Class Recall: [0.961,0.942,0.926,0.957,0.960,0.977,0.971,0.968,0.984,0.987]
Epoch [143] Testing Results: Prec@1 27.170 Prec@5 76.870             Loss 6.33170
Epoch [143] Testing Class Recall: [0.757,0.331,0.400,0.489,0.201,0.141,0.116,0.104,0.021,0.157]
Epoch [144] Training Results: Prec@1 95.300 Prec@5 99.947             Loss 0.14508
Epoch [144] Training Class Recall: [0.937,0.942,0.902,0.953,0.955,0.965,0.956,0.972,0.977,0.973]
Epoch [144] Testing Results: Prec@1 27.150 Prec@5 77.430             Loss 5.76778
Epoch [144] Testing Class Recall: [0.628,0.219,0.590,0.361,0.282,0.180,0.103,0.124,0.144,0.084]
Epoch [145] Training Results: Prec@1 96.020 Prec@5 99.953             Loss 0.12025
Epoch [145] Training Class Recall: [0.949,0.940,0.925,0.963,0.945,0.974,0.969,0.972,0.982,0.981]
Epoch [145] Testing Results: Prec@1 28.560 Prec@5 76.150             Loss 6.61265
Epoch [145] Testing Class Recall: [0.682,0.541,0.520,0.547,0.164,0.184,0.067,0.110,0.023,0.018]
Epoch [146] Training Results: Prec@1 97.687 Prec@5 99.993             Loss 0.07550
Epoch [146] Training Class Recall: [0.963,0.957,0.963,0.972,0.978,0.984,0.988,0.988,0.988,0.991]
Epoch [146] Testing Results: Prec@1 30.490 Prec@5 76.760             Loss 5.39173
Epoch [146] Testing Class Recall: [0.652,0.515,0.369,0.240,0.514,0.304,0.162,0.203,0.043,0.047]
Epoch [147] Training Results: Prec@1 97.607 Prec@5 100.000             Loss 0.07292
Epoch [147] Training Class Recall: [0.975,0.966,0.945,0.960,0.972,0.984,0.984,0.990,0.993,0.991]
Epoch [147] Testing Results: Prec@1 30.050 Prec@5 77.390             Loss 5.50726
Epoch [147] Testing Class Recall: [0.637,0.429,0.425,0.329,0.403,0.320,0.149,0.262,0.025,0.026]
Epoch [148] Training Results: Prec@1 98.373 Prec@5 100.000             Loss 0.05281
Epoch [148] Training Class Recall: [0.980,0.974,0.961,0.981,0.985,0.988,0.991,0.990,0.995,0.992]
Epoch [148] Testing Results: Prec@1 30.680 Prec@5 78.620             Loss 5.93702
Epoch [148] Testing Class Recall: [0.652,0.578,0.659,0.419,0.107,0.190,0.184,0.131,0.127,0.021]
Epoch [149] Training Results: Prec@1 99.147 Prec@5 100.000             Loss 0.03155
Epoch [149] Training Class Recall: [0.986,0.986,0.975,0.993,0.995,0.994,0.994,0.997,0.996,0.997]
Epoch [149] Testing Results: Prec@1 31.900 Prec@5 78.900             Loss 5.82956
Epoch [149] Testing Class Recall: [0.680,0.589,0.347,0.594,0.391,0.242,0.083,0.165,0.030,0.069]
Epoch [150] Training Results: Prec@1 99.353 Prec@5 99.993             Loss 0.02396
Epoch [150] Training Class Recall: [0.990,0.986,0.984,0.996,0.994,0.995,0.996,0.997,0.997,0.999]
Epoch [150] Testing Results: Prec@1 31.220 Prec@5 77.240             Loss 5.97836
Epoch [150] Testing Class Recall: [0.646,0.540,0.541,0.415,0.356,0.234,0.170,0.144,0.045,0.031]
Epoch [151] Training Results: Prec@1 98.933 Prec@5 99.993             Loss 0.03446
Epoch [151] Training Class Recall: [0.984,0.982,0.979,0.985,0.987,0.994,0.996,0.995,0.995,0.996]
Epoch [151] Testing Results: Prec@1 28.970 Prec@5 77.130             Loss 6.29808
Epoch [151] Testing Class Recall: [0.715,0.447,0.373,0.267,0.480,0.175,0.220,0.169,0.025,0.026]
Epoch [152] Training Results: Prec@1 96.293 Prec@5 99.993             Loss 0.11434
Epoch [152] Training Class Recall: [0.964,0.946,0.946,0.953,0.952,0.968,0.965,0.974,0.977,0.982]
Epoch [152] Testing Results: Prec@1 25.790 Prec@5 75.730             Loss 6.09468
Epoch [152] Testing Class Recall: [0.555,0.269,0.297,0.400,0.117,0.383,0.062,0.193,0.260,0.043]
Epoch [153] Training Results: Prec@1 94.040 Prec@5 99.940             Loss 0.18146
Epoch [153] Training Class Recall: [0.933,0.916,0.897,0.932,0.937,0.953,0.954,0.947,0.969,0.968]
Epoch [153] Testing Results: Prec@1 29.770 Prec@5 75.110             Loss 5.50481
Epoch [153] Testing Class Recall: [0.617,0.500,0.440,0.548,0.195,0.124,0.156,0.284,0.106,0.007]
Epoch [154] Training Results: Prec@1 96.047 Prec@5 99.953             Loss 0.11934
Epoch [154] Training Class Recall: [0.950,0.945,0.935,0.957,0.939,0.977,0.971,0.972,0.977,0.980]
Epoch [154] Testing Results: Prec@1 29.460 Prec@5 77.140             Loss 5.39140
Epoch [154] Testing Class Recall: [0.579,0.424,0.373,0.577,0.407,0.180,0.103,0.193,0.052,0.058]
Epoch [155] Training Results: Prec@1 97.147 Prec@5 100.000             Loss 0.08779
Epoch [155] Training Class Recall: [0.956,0.957,0.945,0.968,0.973,0.982,0.979,0.984,0.983,0.990]
Epoch [155] Testing Results: Prec@1 30.920 Prec@5 77.050             Loss 5.18646
Epoch [155] Testing Class Recall: [0.710,0.548,0.370,0.356,0.359,0.163,0.155,0.260,0.138,0.033]
Epoch [156] Training Results: Prec@1 97.460 Prec@5 100.000             Loss 0.08155
Epoch [156] Training Class Recall: [0.969,0.963,0.948,0.965,0.981,0.978,0.980,0.985,0.988,0.992]
Epoch [156] Testing Results: Prec@1 28.000 Prec@5 78.460             Loss 5.90773
Epoch [156] Testing Class Recall: [0.606,0.291,0.451,0.425,0.087,0.121,0.453,0.212,0.053,0.101]
Epoch [157] Training Results: Prec@1 96.540 Prec@5 99.987             Loss 0.10689
Epoch [157] Training Class Recall: [0.952,0.950,0.927,0.962,0.969,0.966,0.972,0.981,0.992,0.985]
Epoch [157] Testing Results: Prec@1 29.170 Prec@5 76.230             Loss 5.50557
Epoch [157] Testing Class Recall: [0.688,0.441,0.367,0.429,0.269,0.281,0.112,0.243,0.028,0.059]
Epoch [158] Training Results: Prec@1 96.487 Prec@5 99.987             Loss 0.10822
Epoch [158] Training Class Recall: [0.960,0.954,0.939,0.963,0.955,0.974,0.968,0.975,0.982,0.977]
Epoch [158] Testing Results: Prec@1 30.790 Prec@5 75.510             Loss 5.41203
Epoch [158] Testing Class Recall: [0.701,0.451,0.498,0.316,0.279,0.237,0.151,0.288,0.050,0.108]
Epoch [159] Training Results: Prec@1 94.653 Prec@5 99.933             Loss 0.16892
Epoch [159] Training Class Recall: [0.942,0.922,0.910,0.939,0.939,0.959,0.953,0.960,0.968,0.972]
Epoch [159] Testing Results: Prec@1 28.670 Prec@5 75.630             Loss 5.94018
Epoch [159] Testing Class Recall: [0.779,0.353,0.352,0.416,0.303,0.147,0.094,0.328,0.082,0.013]
Epoch [160] Training Results: Prec@1 97.947 Prec@5 99.993             Loss 0.06936
Epoch [160] Training Class Recall: [0.981,0.971,0.954,0.964,0.978,0.987,0.984,0.992,0.990,0.993]
Epoch [160] Testing Results: Prec@1 30.270 Prec@5 77.730             Loss 5.23927
Epoch [160] Testing Class Recall: [0.715,0.453,0.453,0.375,0.319,0.289,0.122,0.180,0.083,0.038]
Epoch [161] Training Results: Prec@1 98.773 Prec@5 100.000             Loss 0.04257
Epoch [161] Training Class Recall: [0.983,0.982,0.967,0.983,0.988,0.993,0.991,0.997,0.999,0.997]
Epoch [161] Testing Results: Prec@1 30.280 Prec@5 77.820             Loss 5.25546
Epoch [161] Testing Class Recall: [0.715,0.467,0.451,0.405,0.298,0.267,0.119,0.185,0.082,0.039]
Epoch [162] Training Results: Prec@1 99.127 Prec@5 100.000             Loss 0.03290
Epoch [162] Training Class Recall: [0.987,0.988,0.980,0.986,0.989,0.995,0.996,0.997,0.996,0.999]
Epoch [162] Testing Results: Prec@1 30.680 Prec@5 78.010             Loss 5.18253
Epoch [162] Testing Class Recall: [0.683,0.476,0.479,0.393,0.311,0.291,0.124,0.189,0.075,0.047]
Epoch [163] Training Results: Prec@1 99.187 Prec@5 100.000             Loss 0.03063
Epoch [163] Training Class Recall: [0.984,0.982,0.980,0.988,0.995,0.997,0.998,0.997,0.999,0.999]
Epoch [163] Testing Results: Prec@1 30.900 Prec@5 77.790             Loss 5.22061
Epoch [163] Testing Class Recall: [0.699,0.480,0.484,0.397,0.333,0.264,0.142,0.182,0.073,0.036]
Epoch [164] Training Results: Prec@1 99.320 Prec@5 100.000             Loss 0.02591
Epoch [164] Training Class Recall: [0.987,0.986,0.988,0.987,0.995,0.997,0.997,0.999,0.999,0.999]
Epoch [164] Testing Results: Prec@1 30.920 Prec@5 77.780             Loss 5.22951
Epoch [164] Testing Class Recall: [0.706,0.499,0.467,0.422,0.313,0.288,0.111,0.179,0.073,0.034]
Epoch [165] Training Results: Prec@1 99.487 Prec@5 100.000             Loss 0.02355
Epoch [165] Training Class Recall: [0.989,0.993,0.989,0.991,0.994,0.999,0.999,1.000,0.999,0.999]
Epoch [165] Testing Results: Prec@1 31.160 Prec@5 77.870             Loss 5.23865
Epoch [165] Testing Class Recall: [0.707,0.511,0.477,0.441,0.315,0.256,0.130,0.175,0.067,0.037]
Epoch [166] Training Results: Prec@1 99.573 Prec@5 100.000             Loss 0.02101
Epoch [166] Training Class Recall: [0.992,0.988,0.993,0.995,0.996,0.999,0.999,0.999,1.000,0.998]
Epoch [166] Testing Results: Prec@1 30.660 Prec@5 77.750             Loss 5.25927
Epoch [166] Testing Class Recall: [0.699,0.473,0.497,0.419,0.331,0.265,0.112,0.156,0.076,0.038]
Epoch [167] Training Results: Prec@1 99.560 Prec@5 100.000             Loss 0.02173
Epoch [167] Training Class Recall: [0.992,0.988,0.991,0.996,0.995,0.996,0.998,0.999,1.000,1.000]
Epoch [167] Testing Results: Prec@1 31.280 Prec@5 78.000             Loss 5.23051
Epoch [167] Testing Class Recall: [0.688,0.496,0.481,0.441,0.324,0.281,0.136,0.178,0.074,0.029]
Epoch [168] Training Results: Prec@1 99.633 Prec@5 100.000             Loss 0.01870
Epoch [168] Training Class Recall: [0.992,0.994,0.989,0.998,0.995,1.000,0.998,0.998,1.000,1.000]
Epoch [168] Testing Results: Prec@1 31.040 Prec@5 77.750             Loss 5.24325
Epoch [168] Testing Class Recall: [0.710,0.500,0.490,0.414,0.324,0.275,0.135,0.159,0.063,0.034]
Epoch [169] Training Results: Prec@1 99.553 Prec@5 100.000             Loss 0.01881
Epoch [169] Training Class Recall: [0.990,0.990,0.987,0.997,0.995,1.000,0.998,0.999,0.999,1.000]
Epoch [169] Testing Results: Prec@1 30.840 Prec@5 77.590             Loss 5.31459
Epoch [169] Testing Class Recall: [0.688,0.501,0.487,0.424,0.358,0.264,0.117,0.148,0.063,0.034]
Epoch [170] Training Results: Prec@1 99.607 Prec@5 100.000             Loss 0.01738
Epoch [170] Training Class Recall: [0.991,0.990,0.989,0.997,0.998,0.999,0.998,0.999,0.999,1.000]
Epoch [170] Testing Results: Prec@1 31.080 Prec@5 77.840             Loss 5.28551
Epoch [170] Testing Class Recall: [0.685,0.509,0.511,0.420,0.329,0.261,0.137,0.156,0.068,0.032]
Epoch [171] Training Results: Prec@1 99.587 Prec@5 100.000             Loss 0.01794
Epoch [171] Training Class Recall: [0.990,0.988,0.992,0.997,0.998,1.000,0.998,0.999,0.999,0.999]
Epoch [171] Testing Results: Prec@1 30.940 Prec@5 77.980             Loss 5.26047
Epoch [171] Testing Class Recall: [0.695,0.508,0.482,0.427,0.330,0.286,0.118,0.147,0.063,0.038]
Epoch [172] Training Results: Prec@1 99.667 Prec@5 100.000             Loss 0.01656
Epoch [172] Training Class Recall: [0.992,0.993,0.994,0.996,0.997,0.999,0.999,0.999,1.000,0.999]
Epoch [172] Testing Results: Prec@1 30.840 Prec@5 77.640             Loss 5.29931
Epoch [172] Testing Class Recall: [0.711,0.502,0.490,0.397,0.341,0.299,0.112,0.132,0.062,0.038]
Epoch [173] Training Results: Prec@1 99.680 Prec@5 100.000             Loss 0.01591
Epoch [173] Training Class Recall: [0.995,0.993,0.989,0.995,1.000,0.999,0.999,0.999,1.000,1.000]
Epoch [173] Testing Results: Prec@1 31.190 Prec@5 78.030             Loss 5.29336
Epoch [173] Testing Class Recall: [0.693,0.511,0.505,0.418,0.326,0.270,0.140,0.167,0.058,0.031]
Epoch [174] Training Results: Prec@1 99.720 Prec@5 100.000             Loss 0.01443
Epoch [174] Training Class Recall: [0.994,0.993,0.993,0.998,0.998,0.999,0.999,0.999,0.999,0.999]
Epoch [174] Testing Results: Prec@1 30.960 Prec@5 78.140             Loss 5.26600
Epoch [174] Testing Class Recall: [0.698,0.508,0.498,0.426,0.325,0.269,0.125,0.140,0.069,0.038]
Epoch [175] Training Results: Prec@1 99.780 Prec@5 100.000             Loss 0.01424
Epoch [175] Training Class Recall: [0.996,0.992,0.994,0.999,0.999,0.999,0.999,1.000,1.000,1.000]
Epoch [175] Testing Results: Prec@1 30.880 Prec@5 77.940             Loss 5.30875
Epoch [175] Testing Class Recall: [0.700,0.511,0.473,0.447,0.339,0.278,0.118,0.139,0.051,0.032]
Epoch [176] Training Results: Prec@1 99.687 Prec@5 100.000             Loss 0.01468
Epoch [176] Training Class Recall: [0.993,0.995,0.990,0.995,0.999,1.000,1.000,0.998,0.999,0.999]
Epoch [176] Testing Results: Prec@1 30.860 Prec@5 78.180             Loss 5.27481
Epoch [176] Testing Class Recall: [0.689,0.504,0.479,0.446,0.335,0.266,0.121,0.153,0.052,0.041]
Epoch [177] Training Results: Prec@1 99.787 Prec@5 100.000             Loss 0.01290
Epoch [177] Training Class Recall: [0.994,0.997,0.996,0.996,1.000,0.999,0.999,1.000,1.000,0.999]
Epoch [177] Testing Results: Prec@1 31.030 Prec@5 77.880             Loss 5.30836
Epoch [177] Testing Class Recall: [0.693,0.518,0.522,0.419,0.343,0.255,0.117,0.135,0.068,0.033]
Epoch [178] Training Results: Prec@1 99.760 Prec@5 100.000             Loss 0.01271
Epoch [178] Training Class Recall: [0.994,0.993,0.997,0.999,0.997,0.998,0.999,1.000,1.000,0.999]
Epoch [178] Testing Results: Prec@1 31.010 Prec@5 78.000             Loss 5.27953
Epoch [178] Testing Class Recall: [0.697,0.509,0.502,0.432,0.307,0.278,0.132,0.160,0.054,0.030]
Epoch [179] Training Results: Prec@1 99.773 Prec@5 100.000             Loss 0.01219
Epoch [179] Training Class Recall: [0.993,0.994,0.996,0.999,0.997,1.000,1.000,1.000,0.999,1.000]
Epoch [179] Testing Results: Prec@1 31.060 Prec@5 77.740             Loss 5.33947
Epoch [179] Testing Class Recall: [0.710,0.498,0.524,0.433,0.314,0.275,0.116,0.153,0.051,0.032]
Epoch [180] Training Results: Prec@1 99.747 Prec@5 100.000             Loss 0.01281
Epoch [180] Training Class Recall: [0.994,0.993,0.993,0.999,0.998,0.999,0.999,0.999,1.000,1.000]
Epoch [180] Testing Results: Prec@1 30.990 Prec@5 77.820             Loss 5.33079
Epoch [180] Testing Class Recall: [0.712,0.512,0.502,0.438,0.331,0.240,0.118,0.154,0.058,0.034]
Epoch [181] Training Results: Prec@1 99.807 Prec@5 100.000             Loss 0.01232
Epoch [181] Training Class Recall: [0.996,0.994,0.996,0.999,0.998,1.000,0.998,0.999,1.000,1.000]
Epoch [181] Testing Results: Prec@1 30.810 Prec@5 77.890             Loss 5.41628
Epoch [181] Testing Class Recall: [0.712,0.508,0.484,0.453,0.330,0.253,0.104,0.144,0.059,0.034]
Epoch [182] Training Results: Prec@1 99.787 Prec@5 100.000             Loss 0.01291
Epoch [182] Training Class Recall: [0.996,0.994,0.994,0.998,1.000,0.999,0.999,1.000,1.000,0.999]
Epoch [182] Testing Results: Prec@1 30.720 Prec@5 78.160             Loss 5.32741
Epoch [182] Testing Class Recall: [0.699,0.511,0.486,0.455,0.315,0.246,0.113,0.160,0.056,0.031]
Epoch [183] Training Results: Prec@1 99.780 Prec@5 100.000             Loss 0.01271
Epoch [183] Training Class Recall: [0.994,0.993,0.995,0.998,0.999,0.999,1.000,1.000,1.000,1.000]
Epoch [183] Testing Results: Prec@1 30.880 Prec@5 77.480             Loss 5.38454
Epoch [183] Testing Class Recall: [0.705,0.500,0.522,0.435,0.323,0.265,0.106,0.144,0.056,0.032]
Epoch [184] Training Results: Prec@1 99.700 Prec@5 100.000             Loss 0.01436
Epoch [184] Training Class Recall: [0.995,0.993,0.990,0.998,0.998,0.999,0.999,1.000,0.999,1.000]
Epoch [184] Testing Results: Prec@1 31.000 Prec@5 77.820             Loss 5.34060
Epoch [184] Testing Class Recall: [0.696,0.496,0.506,0.422,0.356,0.271,0.122,0.154,0.048,0.029]
Epoch [185] Training Results: Prec@1 99.700 Prec@5 100.000             Loss 0.01376
Epoch [185] Training Class Recall: [0.994,0.993,0.994,0.997,0.998,0.997,0.998,1.000,0.999,1.000]
Epoch [185] Testing Results: Prec@1 31.120 Prec@5 78.090             Loss 5.26732
Epoch [185] Testing Class Recall: [0.690,0.524,0.511,0.420,0.324,0.277,0.128,0.135,0.070,0.033]
Epoch [186] Training Results: Prec@1 99.753 Prec@5 100.000             Loss 0.01276
Epoch [186] Training Class Recall: [0.995,0.995,0.997,0.996,0.997,0.999,0.999,1.000,0.999,1.000]
Epoch [186] Testing Results: Prec@1 31.010 Prec@5 77.820             Loss 5.33178
Epoch [186] Testing Class Recall: [0.711,0.507,0.494,0.433,0.329,0.266,0.108,0.166,0.051,0.036]
Epoch [187] Training Results: Prec@1 99.760 Prec@5 100.000             Loss 0.01377
Epoch [187] Training Class Recall: [0.995,0.995,0.994,0.998,0.998,0.999,0.998,1.000,1.000,1.000]
Epoch [187] Testing Results: Prec@1 30.960 Prec@5 77.760             Loss 5.34430
Epoch [187] Testing Class Recall: [0.699,0.512,0.509,0.434,0.307,0.294,0.113,0.121,0.075,0.032]
Epoch [188] Training Results: Prec@1 99.780 Prec@5 100.000             Loss 0.01218
Epoch [188] Training Class Recall: [0.994,0.993,0.997,0.998,0.999,0.999,1.000,0.999,1.000,1.000]
Epoch [188] Testing Results: Prec@1 31.240 Prec@5 77.800             Loss 5.27091
Epoch [188] Testing Class Recall: [0.695,0.537,0.503,0.422,0.343,0.272,0.104,0.143,0.071,0.034]
Epoch [189] Training Results: Prec@1 99.760 Prec@5 100.000             Loss 0.01280
Epoch [189] Training Class Recall: [0.992,0.997,0.994,0.998,0.998,1.000,0.999,0.999,1.000,1.000]
Epoch [189] Testing Results: Prec@1 30.580 Prec@5 77.690             Loss 5.37679
Epoch [189] Testing Class Recall: [0.674,0.490,0.527,0.439,0.318,0.262,0.121,0.136,0.059,0.032]
Epoch [190] Training Results: Prec@1 99.807 Prec@5 100.000             Loss 0.01255
Epoch [190] Training Class Recall: [0.996,0.994,0.996,0.997,1.000,0.999,0.999,1.000,1.000,1.000]
Epoch [190] Testing Results: Prec@1 30.930 Prec@5 77.930             Loss 5.32033
Epoch [190] Testing Class Recall: [0.705,0.500,0.514,0.428,0.307,0.281,0.100,0.157,0.069,0.032]
Epoch [191] Training Results: Prec@1 99.787 Prec@5 100.000             Loss 0.01309
Epoch [191] Training Class Recall: [0.994,0.995,0.997,0.996,0.999,1.000,0.999,0.999,1.000,1.000]
Epoch [191] Testing Results: Prec@1 30.920 Prec@5 77.880             Loss 5.33546
Epoch [191] Testing Class Recall: [0.712,0.498,0.498,0.434,0.355,0.262,0.112,0.133,0.054,0.034]
Epoch [192] Training Results: Prec@1 99.713 Prec@5 100.000             Loss 0.01317
Epoch [192] Training Class Recall: [0.993,0.993,0.992,0.998,0.998,1.000,0.999,1.000,0.999,1.000]
Epoch [192] Testing Results: Prec@1 30.780 Prec@5 77.890             Loss 5.31572
Epoch [192] Testing Class Recall: [0.700,0.482,0.506,0.427,0.321,0.278,0.112,0.145,0.074,0.033]
Epoch [193] Training Results: Prec@1 99.753 Prec@5 100.000             Loss 0.01285
Epoch [193] Training Class Recall: [0.994,0.995,0.992,0.998,1.000,0.999,1.000,0.999,1.000,1.000]
Epoch [193] Testing Results: Prec@1 30.500 Prec@5 77.660             Loss 5.36282
Epoch [193] Testing Class Recall: [0.709,0.492,0.515,0.423,0.318,0.263,0.114,0.130,0.053,0.033]
Epoch [194] Training Results: Prec@1 99.787 Prec@5 100.000             Loss 0.01281
Epoch [194] Training Class Recall: [0.992,0.996,0.997,0.998,0.999,1.000,0.999,0.999,1.000,1.000]
Epoch [194] Testing Results: Prec@1 30.850 Prec@5 77.960             Loss 5.34562
Epoch [194] Testing Class Recall: [0.690,0.502,0.499,0.460,0.314,0.284,0.104,0.148,0.051,0.033]
Epoch [195] Training Results: Prec@1 99.753 Prec@5 100.000             Loss 0.01271
Epoch [195] Training Class Recall: [0.995,0.995,0.994,0.998,0.998,0.999,0.997,1.000,1.000,1.000]
Epoch [195] Testing Results: Prec@1 30.850 Prec@5 77.920             Loss 5.33837
Epoch [195] Testing Class Recall: [0.706,0.487,0.497,0.428,0.335,0.271,0.118,0.151,0.060,0.032]
Epoch [196] Training Results: Prec@1 99.793 Prec@5 100.000             Loss 0.01238
Epoch [196] Training Class Recall: [0.996,0.994,0.994,0.997,0.999,1.000,1.000,1.000,1.000,1.000]
Epoch [196] Testing Results: Prec@1 31.200 Prec@5 78.390             Loss 5.26179
Epoch [196] Testing Class Recall: [0.687,0.508,0.506,0.431,0.321,0.283,0.111,0.161,0.069,0.043]
Epoch [197] Training Results: Prec@1 99.787 Prec@5 100.000             Loss 0.01239
Epoch [197] Training Class Recall: [0.994,0.995,0.995,0.998,0.998,0.999,0.999,1.000,0.999,1.000]
Epoch [197] Testing Results: Prec@1 31.010 Prec@5 78.100             Loss 5.28494
Epoch [197] Testing Class Recall: [0.708,0.510,0.469,0.453,0.331,0.283,0.109,0.148,0.053,0.037]
Epoch [198] Training Results: Prec@1 99.753 Prec@5 100.000             Loss 0.01378
Epoch [198] Training Class Recall: [0.994,0.995,0.994,0.998,0.999,1.000,0.998,0.999,1.000,0.999]
Epoch [198] Testing Results: Prec@1 31.010 Prec@5 77.840             Loss 5.34885
Epoch [198] Testing Class Recall: [0.685,0.516,0.518,0.421,0.341,0.276,0.106,0.152,0.056,0.030]
Epoch [199] Training Results: Prec@1 99.813 Prec@5 100.000             Loss 0.01240
Epoch [199] Training Class Recall: [0.994,0.995,0.996,1.000,0.999,0.999,1.000,1.000,1.000,1.000]
Epoch [199] Testing Results: Prec@1 30.800 Prec@5 77.760             Loss 5.33432
Epoch [199] Testing Class Recall: [0.716,0.498,0.509,0.417,0.331,0.252,0.118,0.152,0.056,0.031]
