Log file: cifar10_sava0.7_randomoversampling_selection_exp0.01_seed42_20260613_095728.log
Run started: 2026-06-13 09:57:28.613450
Dataset: cifar10
Imbalance type: exp, factor: 0.01
Selection method: sava, ratio: 0.7
Strategy: RandomOversampling_Selection, epochs: 200
Seed: 42, rand_number: 0
Augmentation: weak
Noise ratio: 0.2
mamix_ratio: 1.0
============================================================

=> Preparing logger and tensorboard writer !
----------------------------------------------------
Class ID   | Original   | Selected   | Keep %  
----------------------------------------------------
0          | 5000       | 2954       |    59.1%
1          | 5000       | 3693       |    73.9%
2          | 5000       | 3667       |    73.3%
3          | 5000       | 3512       |    70.2%
4          | 5000       | 3600       |    72.0%
5          | 5000       | 3412       |    68.2%
6          | 5000       | 3670       |    73.4%
7          | 5000       | 3440       |    68.8%
8          | 5000       | 3556       |    71.1%
9          | 5000       | 3496       |    69.9%
----------------------------------------------------
TOTAL      | 50000      | 35000      |    70.0%
----------------------------------------------------
Epoch [0] Training Results: Prec@1 22.966 Prec@5 72.911             Loss 2.11139
Epoch [0] Training Class Recall: [0.478,0.493,0.181,0.252,0.263,0.188,0.134,0.089,0.127,0.120]
Epoch [0] Testing Results: Prec@1 33.560 Prec@5 83.410             Loss 1.91192
Epoch [0] Testing Class Recall: [0.615,0.482,0.246,0.239,0.526,0.414,0.304,0.075,0.036,0.419]
Epoch [1] Training Results: Prec@1 29.754 Prec@5 78.877             Loss 1.96653
Epoch [1] Training Class Recall: [0.572,0.616,0.284,0.301,0.278,0.273,0.209,0.169,0.151,0.152]
Epoch [1] Testing Results: Prec@1 31.190 Prec@5 83.860             Loss 1.96644
Epoch [1] Testing Class Recall: [0.260,0.390,0.680,0.306,0.070,0.243,0.455,0.454,0.253,0.008]
Epoch [2] Training Results: Prec@1 34.274 Prec@5 82.277             Loss 1.85818
Epoch [2] Training Class Recall: [0.563,0.661,0.338,0.355,0.329,0.326,0.251,0.221,0.201,0.203]
Epoch [2] Testing Results: Prec@1 34.430 Prec@5 80.230             Loss 2.06260
Epoch [2] Testing Class Recall: [0.449,0.546,0.483,0.066,0.504,0.250,0.504,0.128,0.343,0.170]
Epoch [3] Training Results: Prec@1 38.646 Prec@5 85.520             Loss 1.74203
Epoch [3] Training Class Recall: [0.565,0.663,0.369,0.396,0.365,0.373,0.298,0.243,0.272,0.338]
Epoch [3] Testing Results: Prec@1 39.340 Prec@5 82.140             Loss 1.86677
Epoch [3] Testing Class Recall: [0.424,0.626,0.506,0.373,0.281,0.265,0.551,0.428,0.285,0.195]
Epoch [4] Training Results: Prec@1 43.340 Prec@5 88.451             Loss 1.62688
Epoch [4] Training Class Recall: [0.574,0.664,0.397,0.432,0.390,0.419,0.355,0.289,0.369,0.459]
Epoch [4] Testing Results: Prec@1 33.810 Prec@5 84.170             Loss 2.34318
Epoch [4] Testing Class Recall: [0.230,0.526,0.154,0.245,0.791,0.312,0.068,0.246,0.153,0.656]
Epoch [5] Training Results: Prec@1 49.366 Prec@5 91.540             Loss 1.46001
Epoch [5] Training Class Recall: [0.549,0.652,0.420,0.451,0.429,0.463,0.424,0.406,0.528,0.620]
Epoch [5] Testing Results: Prec@1 33.640 Prec@5 76.410             Loss 2.69981
Epoch [5] Testing Class Recall: [0.516,0.813,0.239,0.143,0.661,0.371,0.161,0.258,0.181,0.021]
Epoch [6] Training Results: Prec@1 54.831 Prec@5 93.843             Loss 1.30232
Epoch [6] Training Class Recall: [0.575,0.666,0.444,0.478,0.465,0.508,0.480,0.516,0.642,0.715]
Epoch [6] Testing Results: Prec@1 34.780 Prec@5 81.550             Loss 2.49669
Epoch [6] Testing Class Recall: [0.480,0.262,0.569,0.174,0.378,0.495,0.268,0.175,0.333,0.344]
Epoch [7] Training Results: Prec@1 59.414 Prec@5 95.297             Loss 1.17032
Epoch [7] Training Class Recall: [0.573,0.664,0.468,0.505,0.516,0.547,0.557,0.605,0.726,0.781]
Epoch [7] Testing Results: Prec@1 33.670 Prec@5 80.030             Loss 2.66374
Epoch [7] Testing Class Recall: [0.465,0.254,0.429,0.225,0.419,0.474,0.058,0.451,0.428,0.164]
Epoch [8] Training Results: Prec@1 63.897 Prec@5 96.631             Loss 1.04444
Epoch [8] Training Class Recall: [0.595,0.693,0.504,0.528,0.561,0.605,0.634,0.678,0.773,0.815]
Epoch [8] Testing Results: Prec@1 36.210 Prec@5 77.630             Loss 2.84882
Epoch [8] Testing Class Recall: [0.609,0.423,0.553,0.289,0.508,0.430,0.320,0.112,0.095,0.282]
Epoch [9] Training Results: Prec@1 67.577 Prec@5 97.334             Loss 0.93409
Epoch [9] Training Class Recall: [0.610,0.677,0.530,0.573,0.608,0.645,0.699,0.734,0.819,0.858]
Epoch [9] Testing Results: Prec@1 33.990 Prec@5 77.340             Loss 3.41121
Epoch [9] Testing Class Recall: [0.440,0.480,0.670,0.318,0.481,0.154,0.269,0.382,0.160,0.045]
Epoch [10] Training Results: Prec@1 71.151 Prec@5 98.117             Loss 0.84302
Epoch [10] Training Class Recall: [0.639,0.719,0.560,0.604,0.650,0.700,0.735,0.778,0.852,0.873]
Epoch [10] Testing Results: Prec@1 34.610 Prec@5 78.070             Loss 3.25577
Epoch [10] Testing Class Recall: [0.461,0.445,0.520,0.324,0.507,0.549,0.259,0.173,0.160,0.063]
Epoch [11] Training Results: Prec@1 74.123 Prec@5 98.603             Loss 0.75034
Epoch [11] Training Class Recall: [0.646,0.734,0.587,0.644,0.691,0.726,0.784,0.826,0.868,0.898]
Epoch [11] Testing Results: Prec@1 35.600 Prec@5 79.220             Loss 3.37353
Epoch [11] Testing Class Recall: [0.483,0.307,0.306,0.452,0.698,0.317,0.424,0.271,0.108,0.194]
Epoch [12] Training Results: Prec@1 75.934 Prec@5 98.769             Loss 0.69747
Epoch [12] Training Class Recall: [0.671,0.738,0.599,0.664,0.714,0.765,0.801,0.853,0.883,0.900]
Epoch [12] Testing Results: Prec@1 36.340 Prec@5 80.210             Loss 3.33809
Epoch [12] Testing Class Recall: [0.333,0.594,0.371,0.183,0.515,0.284,0.584,0.226,0.391,0.153]
Epoch [13] Training Results: Prec@1 77.857 Prec@5 99.049             Loss 0.64333
Epoch [13] Training Class Recall: [0.672,0.761,0.630,0.692,0.749,0.778,0.837,0.867,0.880,0.909]
Epoch [13] Testing Results: Prec@1 33.210 Prec@5 79.530             Loss 3.67023
Epoch [13] Testing Class Recall: [0.466,0.290,0.685,0.344,0.368,0.433,0.071,0.353,0.153,0.158]
Epoch [14] Training Results: Prec@1 79.297 Prec@5 99.203             Loss 0.59951
Epoch [14] Training Class Recall: [0.682,0.759,0.647,0.725,0.771,0.805,0.844,0.868,0.898,0.920]
Epoch [14] Testing Results: Prec@1 35.550 Prec@5 78.530             Loss 3.64567
Epoch [14] Testing Class Recall: [0.437,0.449,0.489,0.369,0.726,0.182,0.393,0.322,0.147,0.041]
Epoch [15] Training Results: Prec@1 80.817 Prec@5 99.251             Loss 0.55912
Epoch [15] Training Class Recall: [0.699,0.773,0.668,0.747,0.791,0.822,0.865,0.880,0.903,0.925]
Epoch [15] Testing Results: Prec@1 36.270 Prec@5 77.540             Loss 3.68011
Epoch [15] Testing Class Recall: [0.546,0.574,0.632,0.285,0.568,0.455,0.163,0.169,0.086,0.149]
Epoch [16] Training Results: Prec@1 81.989 Prec@5 99.431             Loss 0.52082
Epoch [16] Training Class Recall: [0.720,0.794,0.690,0.754,0.803,0.834,0.862,0.888,0.911,0.932]
Epoch [16] Testing Results: Prec@1 39.590 Prec@5 81.610             Loss 3.56818
Epoch [16] Testing Class Recall: [0.526,0.691,0.320,0.233,0.814,0.407,0.328,0.317,0.161,0.162]
Epoch [17] Training Results: Prec@1 83.511 Prec@5 99.529             Loss 0.48231
Epoch [17] Training Class Recall: [0.740,0.801,0.701,0.778,0.827,0.850,0.876,0.901,0.927,0.943]
Epoch [17] Testing Results: Prec@1 39.310 Prec@5 80.630             Loss 3.49278
Epoch [17] Testing Class Recall: [0.404,0.613,0.357,0.553,0.511,0.184,0.612,0.323,0.278,0.096]
Epoch [18] Training Results: Prec@1 83.346 Prec@5 99.534             Loss 0.47941
Epoch [18] Training Class Recall: [0.738,0.799,0.702,0.777,0.823,0.850,0.884,0.901,0.917,0.934]
Epoch [18] Testing Results: Prec@1 32.660 Prec@5 75.030             Loss 4.38270
Epoch [18] Testing Class Recall: [0.613,0.489,0.443,0.205,0.750,0.146,0.033,0.417,0.089,0.081]
Epoch [19] Training Results: Prec@1 84.686 Prec@5 99.606             Loss 0.44387
Epoch [19] Training Class Recall: [0.738,0.814,0.726,0.793,0.841,0.875,0.895,0.912,0.920,0.945]
Epoch [19] Testing Results: Prec@1 37.010 Prec@5 81.360             Loss 3.34687
Epoch [19] Testing Class Recall: [0.589,0.382,0.450,0.471,0.560,0.193,0.214,0.291,0.277,0.274]
Epoch [20] Training Results: Prec@1 85.657 Prec@5 99.663             Loss 0.42622
Epoch [20] Training Class Recall: [0.753,0.818,0.739,0.812,0.856,0.882,0.903,0.919,0.930,0.945]
Epoch [20] Testing Results: Prec@1 37.760 Prec@5 80.560             Loss 3.67154
Epoch [20] Testing Class Recall: [0.502,0.571,0.605,0.360,0.393,0.175,0.521,0.167,0.235,0.247]
Epoch [21] Training Results: Prec@1 86.149 Prec@5 99.651             Loss 0.40674
Epoch [21] Training Class Recall: [0.767,0.833,0.741,0.812,0.863,0.884,0.902,0.923,0.931,0.951]
Epoch [21] Testing Results: Prec@1 33.740 Prec@5 79.870             Loss 4.04128
Epoch [21] Testing Class Recall: [0.503,0.609,0.801,0.200,0.261,0.325,0.167,0.219,0.177,0.112]
Epoch [22] Training Results: Prec@1 85.923 Prec@5 99.697             Loss 0.40688
Epoch [22] Training Class Recall: [0.764,0.824,0.756,0.814,0.855,0.872,0.900,0.918,0.936,0.944]
Epoch [22] Testing Results: Prec@1 40.980 Prec@5 80.620             Loss 3.59383
Epoch [22] Testing Class Recall: [0.558,0.791,0.376,0.223,0.613,0.404,0.575,0.192,0.158,0.208]
Epoch [23] Training Results: Prec@1 87.197 Prec@5 99.731             Loss 0.37446
Epoch [23] Training Class Recall: [0.770,0.843,0.763,0.835,0.878,0.885,0.913,0.926,0.943,0.952]
Epoch [23] Testing Results: Prec@1 35.950 Prec@5 80.440             Loss 3.99184
Epoch [23] Testing Class Recall: [0.538,0.366,0.613,0.300,0.540,0.420,0.150,0.088,0.230,0.350]
Epoch [24] Training Results: Prec@1 87.149 Prec@5 99.757             Loss 0.37793
Epoch [24] Training Class Recall: [0.774,0.839,0.764,0.825,0.875,0.900,0.917,0.920,0.942,0.948]
Epoch [24] Testing Results: Prec@1 36.210 Prec@5 77.440             Loss 4.11175
Epoch [24] Testing Class Recall: [0.396,0.664,0.491,0.396,0.720,0.385,0.131,0.178,0.124,0.136]
Epoch [25] Training Results: Prec@1 87.623 Prec@5 99.729             Loss 0.36312
Epoch [25] Training Class Recall: [0.787,0.839,0.783,0.851,0.866,0.899,0.914,0.934,0.930,0.953]
Epoch [25] Testing Results: Prec@1 38.010 Prec@5 78.470             Loss 4.15937
Epoch [25] Testing Class Recall: [0.449,0.715,0.421,0.401,0.598,0.392,0.350,0.149,0.254,0.072]
Epoch [26] Training Results: Prec@1 88.057 Prec@5 99.746             Loss 0.34730
Epoch [26] Training Class Recall: [0.791,0.845,0.780,0.849,0.894,0.902,0.919,0.928,0.940,0.949]
Epoch [26] Testing Results: Prec@1 39.860 Prec@5 81.090             Loss 3.83647
Epoch [26] Testing Class Recall: [0.543,0.538,0.582,0.465,0.454,0.284,0.315,0.367,0.274,0.164]
Epoch [27] Training Results: Prec@1 88.037 Prec@5 99.777             Loss 0.35004
Epoch [27] Training Class Recall: [0.795,0.844,0.790,0.852,0.880,0.896,0.923,0.921,0.948,0.947]
Epoch [27] Testing Results: Prec@1 35.030 Prec@5 77.780             Loss 4.17052
Epoch [27] Testing Class Recall: [0.531,0.716,0.486,0.209,0.260,0.446,0.157,0.562,0.102,0.034]
Epoch [28] Training Results: Prec@1 88.737 Prec@5 99.809             Loss 0.33596
Epoch [28] Training Class Recall: [0.804,0.858,0.798,0.861,0.892,0.911,0.920,0.932,0.935,0.954]
Epoch [28] Testing Results: Prec@1 35.680 Prec@5 79.430             Loss 4.42272
Epoch [28] Testing Class Recall: [0.651,0.515,0.682,0.263,0.347,0.105,0.397,0.258,0.174,0.176]
Epoch [29] Training Results: Prec@1 88.626 Prec@5 99.806             Loss 0.32863
Epoch [29] Training Class Recall: [0.801,0.844,0.791,0.859,0.898,0.903,0.923,0.938,0.943,0.953]
Epoch [29] Testing Results: Prec@1 35.210 Prec@5 76.090             Loss 4.48665
Epoch [29] Testing Class Recall: [0.686,0.595,0.618,0.460,0.266,0.274,0.283,0.187,0.119,0.033]
Epoch [30] Training Results: Prec@1 88.757 Prec@5 99.817             Loss 0.32485
Epoch [30] Training Class Recall: [0.801,0.849,0.799,0.867,0.897,0.909,0.920,0.929,0.936,0.960]
Epoch [30] Testing Results: Prec@1 38.290 Prec@5 79.410             Loss 4.50976
Epoch [30] Testing Class Recall: [0.478,0.588,0.389,0.519,0.707,0.392,0.304,0.154,0.112,0.186]
Epoch [31] Training Results: Prec@1 89.074 Prec@5 99.797             Loss 0.32005
Epoch [31] Training Class Recall: [0.809,0.860,0.808,0.878,0.889,0.911,0.920,0.930,0.941,0.954]
Epoch [31] Testing Results: Prec@1 39.380 Prec@5 82.770             Loss 3.94750
Epoch [31] Testing Class Recall: [0.447,0.616,0.363,0.378,0.596,0.468,0.302,0.283,0.338,0.147]
Epoch [32] Training Results: Prec@1 89.354 Prec@5 99.826             Loss 0.31688
Epoch [32] Training Class Recall: [0.814,0.865,0.809,0.867,0.904,0.919,0.922,0.935,0.944,0.948]
Epoch [32] Testing Results: Prec@1 36.480 Prec@5 80.380             Loss 4.46341
Epoch [32] Testing Class Recall: [0.545,0.590,0.421,0.223,0.822,0.368,0.288,0.108,0.105,0.178]
Epoch [33] Training Results: Prec@1 89.703 Prec@5 99.863             Loss 0.30525
Epoch [33] Training Class Recall: [0.808,0.867,0.815,0.873,0.905,0.922,0.936,0.936,0.947,0.952]
Epoch [33] Testing Results: Prec@1 37.390 Prec@5 75.900             Loss 4.19414
Epoch [33] Testing Class Recall: [0.562,0.687,0.606,0.413,0.479,0.152,0.499,0.158,0.136,0.047]
Epoch [34] Training Results: Prec@1 90.374 Prec@5 99.840             Loss 0.28903
Epoch [34] Training Class Recall: [0.817,0.878,0.824,0.876,0.916,0.927,0.939,0.941,0.949,0.960]
Epoch [34] Testing Results: Prec@1 33.540 Prec@5 77.370             Loss 4.84246
Epoch [34] Testing Class Recall: [0.439,0.525,0.576,0.213,0.649,0.115,0.362,0.330,0.058,0.087]
Epoch [35] Training Results: Prec@1 89.414 Prec@5 99.857             Loss 0.30497
Epoch [35] Training Class Recall: [0.801,0.861,0.824,0.865,0.907,0.918,0.928,0.933,0.941,0.954]
Epoch [35] Testing Results: Prec@1 35.360 Prec@5 79.120             Loss 4.82183
Epoch [35] Testing Class Recall: [0.536,0.521,0.313,0.496,0.795,0.370,0.086,0.211,0.073,0.135]
Epoch [36] Training Results: Prec@1 89.983 Prec@5 99.831             Loss 0.29816
Epoch [36] Training Class Recall: [0.823,0.863,0.820,0.883,0.906,0.919,0.935,0.938,0.951,0.953]
Epoch [36] Testing Results: Prec@1 36.190 Prec@5 76.590             Loss 4.45097
Epoch [36] Testing Class Recall: [0.422,0.647,0.556,0.529,0.470,0.205,0.062,0.423,0.257,0.048]
Epoch [37] Training Results: Prec@1 89.951 Prec@5 99.863             Loss 0.30053
Epoch [37] Training Class Recall: [0.828,0.868,0.828,0.868,0.909,0.915,0.929,0.942,0.947,0.954]
Epoch [37] Testing Results: Prec@1 38.560 Prec@5 81.610             Loss 3.88723
Epoch [37] Testing Class Recall: [0.370,0.701,0.589,0.515,0.412,0.206,0.250,0.430,0.219,0.164]
Epoch [38] Training Results: Prec@1 90.023 Prec@5 99.874             Loss 0.29297
Epoch [38] Training Class Recall: [0.819,0.864,0.830,0.878,0.904,0.914,0.937,0.939,0.951,0.956]
Epoch [38] Testing Results: Prec@1 36.270 Prec@5 79.100             Loss 4.56764
Epoch [38] Testing Class Recall: [0.492,0.615,0.546,0.564,0.610,0.159,0.232,0.223,0.089,0.097]
Epoch [39] Training Results: Prec@1 90.003 Prec@5 99.840             Loss 0.29702
Epoch [39] Training Class Recall: [0.821,0.874,0.825,0.879,0.910,0.921,0.931,0.935,0.946,0.951]
Epoch [39] Testing Results: Prec@1 33.300 Prec@5 75.900             Loss 4.83567
Epoch [39] Testing Class Recall: [0.447,0.651,0.761,0.286,0.262,0.437,0.221,0.054,0.149,0.062]
Epoch [40] Training Results: Prec@1 91.014 Prec@5 99.869             Loss 0.26817
Epoch [40] Training Class Recall: [0.835,0.880,0.843,0.893,0.913,0.929,0.941,0.944,0.956,0.959]
Epoch [40] Testing Results: Prec@1 34.940 Prec@5 80.430             Loss 4.83653
Epoch [40] Testing Class Recall: [0.450,0.448,0.461,0.349,0.780,0.377,0.080,0.277,0.246,0.026]
Epoch [41] Training Results: Prec@1 90.660 Prec@5 99.843             Loss 0.27445
Epoch [41] Training Class Recall: [0.828,0.876,0.843,0.888,0.915,0.924,0.937,0.940,0.954,0.951]
Epoch [41] Testing Results: Prec@1 38.370 Prec@5 77.640             Loss 4.48678
Epoch [41] Testing Class Recall: [0.701,0.627,0.416,0.357,0.645,0.501,0.119,0.234,0.220,0.017]
Epoch [42] Training Results: Prec@1 90.317 Prec@5 99.851             Loss 0.28323
Epoch [42] Training Class Recall: [0.830,0.874,0.827,0.885,0.906,0.926,0.928,0.942,0.951,0.957]
Epoch [42] Testing Results: Prec@1 39.060 Prec@5 80.640             Loss 3.84997
Epoch [42] Testing Class Recall: [0.573,0.749,0.240,0.443,0.427,0.523,0.215,0.335,0.222,0.179]
Epoch [43] Training Results: Prec@1 90.537 Prec@5 99.857             Loss 0.27833
Epoch [43] Training Class Recall: [0.826,0.873,0.843,0.893,0.912,0.921,0.936,0.936,0.948,0.957]
Epoch [43] Testing Results: Prec@1 39.220 Prec@5 80.260             Loss 4.29407
Epoch [43] Testing Class Recall: [0.615,0.672,0.606,0.392,0.465,0.341,0.473,0.208,0.117,0.033]
Epoch [44] Training Results: Prec@1 90.383 Prec@5 99.874             Loss 0.28111
Epoch [44] Training Class Recall: [0.823,0.880,0.837,0.895,0.904,0.919,0.927,0.940,0.948,0.955]
Epoch [44] Testing Results: Prec@1 36.820 Prec@5 81.860             Loss 4.54816
Epoch [44] Testing Class Recall: [0.486,0.469,0.509,0.494,0.635,0.389,0.194,0.131,0.135,0.240]
Epoch [45] Training Results: Prec@1 91.111 Prec@5 99.846             Loss 0.26630
Epoch [45] Training Class Recall: [0.841,0.881,0.846,0.886,0.924,0.926,0.941,0.943,0.953,0.963]
Epoch [45] Testing Results: Prec@1 37.710 Prec@5 80.650             Loss 4.05127
Epoch [45] Testing Class Recall: [0.576,0.668,0.694,0.384,0.260,0.339,0.287,0.242,0.241,0.080]
Epoch [46] Training Results: Prec@1 90.857 Prec@5 99.871             Loss 0.27206
Epoch [46] Training Class Recall: [0.836,0.875,0.836,0.897,0.915,0.924,0.941,0.942,0.955,0.957]
Epoch [46] Testing Results: Prec@1 36.940 Prec@5 77.600             Loss 4.22513
Epoch [46] Testing Class Recall: [0.553,0.707,0.478,0.308,0.720,0.340,0.187,0.112,0.221,0.068]
Epoch [47] Training Results: Prec@1 91.911 Prec@5 99.889             Loss 0.24576
Epoch [47] Training Class Recall: [0.850,0.890,0.858,0.905,0.924,0.941,0.946,0.946,0.957,0.967]
Epoch [47] Testing Results: Prec@1 38.110 Prec@5 82.670             Loss 4.40713
Epoch [47] Testing Class Recall: [0.537,0.531,0.478,0.537,0.638,0.209,0.222,0.133,0.272,0.254]
Epoch [48] Training Results: Prec@1 90.657 Prec@5 99.857             Loss 0.27971
Epoch [48] Training Class Recall: [0.838,0.877,0.846,0.887,0.911,0.926,0.934,0.944,0.946,0.951]
Epoch [48] Testing Results: Prec@1 39.230 Prec@5 80.300             Loss 4.34084
Epoch [48] Testing Class Recall: [0.357,0.801,0.447,0.531,0.613,0.397,0.244,0.164,0.308,0.061]
Epoch [49] Training Results: Prec@1 91.709 Prec@5 99.906             Loss 0.24727
Epoch [49] Training Class Recall: [0.841,0.886,0.860,0.902,0.921,0.935,0.934,0.953,0.960,0.972]
Epoch [49] Testing Results: Prec@1 38.360 Prec@5 80.590             Loss 4.06709
Epoch [49] Testing Class Recall: [0.571,0.529,0.500,0.425,0.627,0.177,0.551,0.229,0.093,0.134]
Epoch [50] Training Results: Prec@1 90.774 Prec@5 99.846             Loss 0.27595
Epoch [50] Training Class Recall: [0.832,0.881,0.840,0.892,0.914,0.926,0.934,0.946,0.947,0.959]
Epoch [50] Testing Results: Prec@1 34.890 Prec@5 82.230             Loss 4.59330
Epoch [50] Testing Class Recall: [0.371,0.393,0.702,0.300,0.492,0.206,0.116,0.395,0.170,0.344]
Epoch [51] Training Results: Prec@1 90.943 Prec@5 99.846             Loss 0.26811
Epoch [51] Training Class Recall: [0.844,0.875,0.849,0.893,0.918,0.930,0.934,0.930,0.953,0.963]
Epoch [51] Testing Results: Prec@1 33.960 Prec@5 79.540             Loss 4.79350
Epoch [51] Testing Class Recall: [0.519,0.405,0.449,0.335,0.373,0.382,0.123,0.555,0.046,0.209]
Epoch [52] Training Results: Prec@1 91.003 Prec@5 99.886             Loss 0.26373
Epoch [52] Training Class Recall: [0.839,0.881,0.839,0.895,0.916,0.930,0.939,0.944,0.954,0.958]
Epoch [52] Testing Results: Prec@1 40.210 Prec@5 79.970             Loss 4.08657
Epoch [52] Testing Class Recall: [0.589,0.793,0.449,0.552,0.467,0.475,0.217,0.176,0.260,0.043]
Epoch [53] Training Results: Prec@1 91.623 Prec@5 99.883             Loss 0.24839
Epoch [53] Training Class Recall: [0.841,0.887,0.860,0.904,0.917,0.935,0.944,0.949,0.953,0.964]
Epoch [53] Testing Results: Prec@1 40.260 Prec@5 80.530             Loss 4.06422
Epoch [53] Testing Class Recall: [0.608,0.754,0.593,0.527,0.481,0.246,0.213,0.347,0.218,0.039]
Epoch [54] Training Results: Prec@1 91.051 Prec@5 99.894             Loss 0.26621
Epoch [54] Training Class Recall: [0.851,0.886,0.853,0.890,0.914,0.928,0.939,0.937,0.948,0.953]
Epoch [54] Testing Results: Prec@1 38.800 Prec@5 79.720             Loss 3.79787
Epoch [54] Testing Class Recall: [0.527,0.620,0.629,0.277,0.616,0.465,0.200,0.387,0.113,0.046]
Epoch [55] Training Results: Prec@1 91.031 Prec@5 99.911             Loss 0.26274
Epoch [55] Training Class Recall: [0.836,0.882,0.846,0.894,0.915,0.926,0.938,0.943,0.952,0.962]
Epoch [55] Testing Results: Prec@1 37.080 Prec@5 79.080             Loss 4.56159
Epoch [55] Testing Class Recall: [0.608,0.617,0.692,0.329,0.514,0.224,0.322,0.207,0.077,0.118]
Epoch [56] Training Results: Prec@1 91.966 Prec@5 99.874             Loss 0.24183
Epoch [56] Training Class Recall: [0.852,0.898,0.863,0.905,0.931,0.931,0.943,0.949,0.953,0.964]
Epoch [56] Testing Results: Prec@1 37.740 Prec@5 80.990             Loss 4.41670
Epoch [56] Testing Class Recall: [0.478,0.504,0.476,0.488,0.652,0.436,0.084,0.312,0.218,0.126]
Epoch [57] Training Results: Prec@1 91.234 Prec@5 99.854             Loss 0.25646
Epoch [57] Training Class Recall: [0.839,0.886,0.851,0.902,0.918,0.933,0.937,0.946,0.949,0.955]
Epoch [57] Testing Results: Prec@1 37.520 Prec@5 78.900             Loss 4.11909
Epoch [57] Testing Class Recall: [0.638,0.748,0.661,0.339,0.431,0.272,0.230,0.258,0.123,0.052]
Epoch [58] Training Results: Prec@1 91.491 Prec@5 99.863             Loss 0.25289
Epoch [58] Training Class Recall: [0.839,0.889,0.852,0.904,0.924,0.938,0.940,0.942,0.952,0.961]
Epoch [58] Testing Results: Prec@1 37.200 Prec@5 81.440             Loss 4.53207
Epoch [58] Testing Class Recall: [0.511,0.552,0.453,0.582,0.717,0.213,0.154,0.234,0.197,0.107]
Epoch [59] Training Results: Prec@1 91.800 Prec@5 99.894             Loss 0.24338
Epoch [59] Training Class Recall: [0.847,0.888,0.859,0.907,0.929,0.931,0.946,0.946,0.957,0.963]
Epoch [59] Testing Results: Prec@1 36.440 Prec@5 80.030             Loss 4.50042
Epoch [59] Testing Class Recall: [0.577,0.665,0.333,0.611,0.658,0.278,0.096,0.102,0.155,0.169]
Epoch [60] Training Results: Prec@1 91.280 Prec@5 99.883             Loss 0.26023
Epoch [60] Training Class Recall: [0.850,0.885,0.860,0.894,0.914,0.925,0.935,0.945,0.952,0.961]
Epoch [60] Testing Results: Prec@1 35.910 Prec@5 80.420             Loss 4.36419
Epoch [60] Testing Class Recall: [0.471,0.563,0.438,0.650,0.416,0.299,0.226,0.308,0.120,0.100]
Epoch [61] Training Results: Prec@1 91.411 Prec@5 99.897             Loss 0.24973
Epoch [61] Training Class Recall: [0.851,0.880,0.857,0.898,0.922,0.926,0.944,0.947,0.947,0.963]
Epoch [61] Testing Results: Prec@1 36.440 Prec@5 82.300             Loss 4.52248
Epoch [61] Testing Class Recall: [0.516,0.483,0.317,0.448,0.780,0.324,0.177,0.257,0.198,0.144]
Epoch [62] Training Results: Prec@1 92.537 Prec@5 99.934             Loss 0.22087
Epoch [62] Training Class Recall: [0.866,0.892,0.868,0.909,0.929,0.943,0.949,0.962,0.964,0.967]
Epoch [62] Testing Results: Prec@1 36.140 Prec@5 80.020             Loss 4.85152
Epoch [62] Testing Class Recall: [0.617,0.378,0.489,0.541,0.281,0.258,0.069,0.294,0.260,0.427]
Epoch [63] Training Results: Prec@1 91.543 Prec@5 99.877             Loss 0.24965
Epoch [63] Training Class Recall: [0.852,0.893,0.851,0.899,0.918,0.932,0.943,0.947,0.955,0.957]
Epoch [63] Testing Results: Prec@1 36.670 Prec@5 81.860             Loss 4.00467
Epoch [63] Testing Class Recall: [0.697,0.512,0.456,0.592,0.309,0.272,0.236,0.266,0.164,0.163]
Epoch [64] Training Results: Prec@1 91.323 Prec@5 99.843             Loss 0.25703
Epoch [64] Training Class Recall: [0.850,0.878,0.861,0.909,0.925,0.929,0.935,0.941,0.943,0.954]
Epoch [64] Testing Results: Prec@1 36.260 Prec@5 77.240             Loss 4.57977
Epoch [64] Testing Class Recall: [0.584,0.760,0.667,0.360,0.403,0.329,0.068,0.266,0.053,0.136]
Epoch [65] Training Results: Prec@1 92.283 Prec@5 99.914             Loss 0.23197
Epoch [65] Training Class Recall: [0.858,0.899,0.863,0.913,0.925,0.943,0.945,0.950,0.958,0.968]
Epoch [65] Testing Results: Prec@1 36.870 Prec@5 81.780             Loss 4.20405
Epoch [65] Testing Class Recall: [0.644,0.437,0.635,0.202,0.526,0.376,0.207,0.249,0.105,0.306]
Epoch [66] Training Results: Prec@1 92.029 Prec@5 99.891             Loss 0.23446
Epoch [66] Training Class Recall: [0.862,0.896,0.862,0.903,0.931,0.930,0.944,0.949,0.958,0.961]
Epoch [66] Testing Results: Prec@1 36.000 Prec@5 79.060             Loss 4.51139
Epoch [66] Testing Class Recall: [0.555,0.527,0.621,0.422,0.247,0.479,0.454,0.076,0.112,0.107]
Epoch [67] Training Results: Prec@1 92.066 Prec@5 99.880             Loss 0.24029
Epoch [67] Training Class Recall: [0.846,0.900,0.856,0.913,0.925,0.946,0.941,0.951,0.957,0.965]
Epoch [67] Testing Results: Prec@1 38.410 Prec@5 81.640             Loss 4.04021
Epoch [67] Testing Class Recall: [0.370,0.619,0.626,0.359,0.541,0.249,0.302,0.179,0.384,0.212]
Epoch [68] Training Results: Prec@1 92.060 Prec@5 99.900             Loss 0.23691
Epoch [68] Training Class Recall: [0.852,0.900,0.860,0.914,0.927,0.933,0.945,0.947,0.957,0.963]
Epoch [68] Testing Results: Prec@1 37.750 Prec@5 82.080             Loss 3.64289
Epoch [68] Testing Class Recall: [0.575,0.606,0.426,0.367,0.529,0.292,0.291,0.196,0.234,0.259]
Epoch [69] Training Results: Prec@1 92.174 Prec@5 99.926             Loss 0.23236
Epoch [69] Training Class Recall: [0.854,0.899,0.858,0.909,0.927,0.938,0.950,0.953,0.959,0.964]
Epoch [69] Testing Results: Prec@1 37.790 Prec@5 83.380             Loss 4.52535
Epoch [69] Testing Class Recall: [0.554,0.479,0.649,0.487,0.601,0.214,0.197,0.251,0.130,0.217]
Epoch [70] Training Results: Prec@1 92.049 Prec@5 99.900             Loss 0.23729
Epoch [70] Training Class Recall: [0.849,0.895,0.866,0.911,0.929,0.936,0.939,0.956,0.955,0.961]
Epoch [70] Testing Results: Prec@1 37.160 Prec@5 81.350             Loss 4.55893
Epoch [70] Testing Class Recall: [0.567,0.619,0.708,0.391,0.391,0.429,0.175,0.204,0.170,0.062]
Epoch [71] Training Results: Prec@1 92.020 Prec@5 99.900             Loss 0.23744
Epoch [71] Training Class Recall: [0.857,0.896,0.863,0.901,0.925,0.932,0.946,0.947,0.961,0.966]
Epoch [71] Testing Results: Prec@1 36.280 Prec@5 80.180             Loss 4.50728
Epoch [71] Testing Class Recall: [0.545,0.564,0.407,0.273,0.796,0.269,0.131,0.254,0.135,0.254]
Epoch [72] Training Results: Prec@1 91.734 Prec@5 99.914             Loss 0.24361
Epoch [72] Training Class Recall: [0.852,0.890,0.863,0.909,0.926,0.927,0.937,0.946,0.953,0.963]
Epoch [72] Testing Results: Prec@1 37.760 Prec@5 78.050             Loss 4.69853
Epoch [72] Testing Class Recall: [0.515,0.684,0.692,0.250,0.504,0.337,0.070,0.311,0.339,0.074]
Epoch [73] Training Results: Prec@1 92.143 Prec@5 99.920             Loss 0.23324
Epoch [73] Training Class Recall: [0.857,0.898,0.863,0.914,0.927,0.933,0.945,0.949,0.954,0.965]
Epoch [73] Testing Results: Prec@1 41.180 Prec@5 82.010             Loss 4.18471
Epoch [73] Testing Class Recall: [0.559,0.567,0.398,0.464,0.638,0.224,0.588,0.325,0.276,0.079]
Epoch [74] Training Results: Prec@1 91.534 Prec@5 99.869             Loss 0.25394
Epoch [74] Training Class Recall: [0.858,0.885,0.861,0.900,0.925,0.933,0.939,0.938,0.946,0.964]
Epoch [74] Testing Results: Prec@1 34.660 Prec@5 78.240             Loss 4.45647
Epoch [74] Testing Class Recall: [0.691,0.488,0.539,0.505,0.183,0.226,0.336,0.105,0.131,0.262]
Epoch [75] Training Results: Prec@1 92.646 Prec@5 99.931             Loss 0.21886
Epoch [75] Training Class Recall: [0.873,0.895,0.879,0.914,0.927,0.945,0.949,0.953,0.959,0.966]
Epoch [75] Testing Results: Prec@1 39.140 Prec@5 82.470             Loss 3.78210
Epoch [75] Testing Class Recall: [0.286,0.715,0.605,0.280,0.555,0.302,0.333,0.304,0.321,0.213]
Epoch [76] Training Results: Prec@1 91.566 Prec@5 99.869             Loss 0.24659
Epoch [76] Training Class Recall: [0.844,0.893,0.861,0.904,0.929,0.931,0.934,0.943,0.952,0.957]
Epoch [76] Testing Results: Prec@1 39.960 Prec@5 83.630             Loss 3.84194
Epoch [76] Testing Class Recall: [0.409,0.606,0.450,0.640,0.609,0.222,0.347,0.321,0.243,0.149]
Epoch [77] Training Results: Prec@1 92.660 Prec@5 99.906             Loss 0.21810
Epoch [77] Training Class Recall: [0.857,0.899,0.875,0.916,0.931,0.946,0.956,0.957,0.960,0.962]
Epoch [77] Testing Results: Prec@1 34.560 Prec@5 78.420             Loss 5.26770
Epoch [77] Testing Class Recall: [0.488,0.566,0.617,0.440,0.645,0.208,0.211,0.093,0.123,0.065]
Epoch [78] Training Results: Prec@1 92.120 Prec@5 99.880             Loss 0.23084
Epoch [78] Training Class Recall: [0.857,0.902,0.863,0.906,0.926,0.944,0.941,0.946,0.958,0.962]
Epoch [78] Testing Results: Prec@1 39.310 Prec@5 83.360             Loss 3.98166
Epoch [78] Testing Class Recall: [0.659,0.431,0.449,0.361,0.582,0.398,0.346,0.181,0.162,0.362]
Epoch [79] Training Results: Prec@1 91.917 Prec@5 99.906             Loss 0.23981
Epoch [79] Training Class Recall: [0.864,0.883,0.866,0.903,0.924,0.936,0.938,0.956,0.958,0.961]
Epoch [79] Testing Results: Prec@1 39.020 Prec@5 81.270             Loss 3.73045
Epoch [79] Testing Class Recall: [0.515,0.746,0.636,0.426,0.381,0.139,0.347,0.297,0.306,0.109]
Epoch [80] Training Results: Prec@1 92.354 Prec@5 99.920             Loss 0.22320
Epoch [80] Training Class Recall: [0.860,0.903,0.871,0.907,0.924,0.940,0.947,0.951,0.959,0.965]
Epoch [80] Testing Results: Prec@1 31.830 Prec@5 76.090             Loss 5.33469
Epoch [80] Testing Class Recall: [0.434,0.375,0.393,0.277,0.850,0.501,0.095,0.162,0.061,0.035]
Epoch [81] Training Results: Prec@1 93.060 Prec@5 99.923             Loss 0.20825
Epoch [81] Training Class Recall: [0.877,0.907,0.883,0.921,0.940,0.937,0.950,0.958,0.960,0.968]
Epoch [81] Testing Results: Prec@1 37.820 Prec@5 82.790             Loss 5.06182
Epoch [81] Testing Class Recall: [0.497,0.579,0.346,0.293,0.586,0.764,0.196,0.146,0.241,0.134]
Epoch [82] Training Results: Prec@1 92.466 Prec@5 99.909             Loss 0.22513
Epoch [82] Training Class Recall: [0.865,0.897,0.878,0.908,0.927,0.941,0.950,0.954,0.958,0.961]
Epoch [82] Testing Results: Prec@1 40.700 Prec@5 82.200             Loss 3.93219
Epoch [82] Testing Class Recall: [0.518,0.687,0.411,0.375,0.714,0.449,0.416,0.102,0.207,0.191]
Epoch [83] Training Results: Prec@1 91.946 Prec@5 99.906             Loss 0.23851
Epoch [83] Training Class Recall: [0.855,0.904,0.870,0.901,0.926,0.937,0.934,0.948,0.952,0.960]
Epoch [83] Testing Results: Prec@1 40.240 Prec@5 81.910             Loss 4.48880
Epoch [83] Testing Class Recall: [0.529,0.734,0.520,0.530,0.700,0.167,0.428,0.172,0.182,0.062]
Epoch [84] Training Results: Prec@1 92.680 Prec@5 99.937             Loss 0.22115
Epoch [84] Training Class Recall: [0.867,0.902,0.875,0.915,0.930,0.946,0.950,0.952,0.962,0.963]
Epoch [84] Testing Results: Prec@1 38.580 Prec@5 79.470             Loss 4.21336
Epoch [84] Testing Class Recall: [0.564,0.657,0.504,0.388,0.495,0.578,0.339,0.079,0.122,0.132]
Epoch [85] Training Results: Prec@1 92.669 Prec@5 99.923             Loss 0.21173
Epoch [85] Training Class Recall: [0.860,0.903,0.870,0.918,0.935,0.938,0.947,0.956,0.961,0.971]
Epoch [85] Testing Results: Prec@1 37.740 Prec@5 79.450             Loss 3.98015
Epoch [85] Testing Class Recall: [0.597,0.709,0.572,0.267,0.607,0.226,0.249,0.284,0.095,0.168]
Epoch [86] Training Results: Prec@1 92.114 Prec@5 99.889             Loss 0.23259
Epoch [86] Training Class Recall: [0.862,0.896,0.869,0.911,0.929,0.932,0.941,0.951,0.954,0.961]
Epoch [86] Testing Results: Prec@1 38.710 Prec@5 80.010             Loss 4.31549
Epoch [86] Testing Class Recall: [0.526,0.696,0.495,0.482,0.667,0.133,0.307,0.222,0.090,0.253]
Epoch [87] Training Results: Prec@1 92.106 Prec@5 99.923             Loss 0.23234
Epoch [87] Training Class Recall: [0.855,0.894,0.875,0.910,0.928,0.932,0.945,0.943,0.958,0.962]
Epoch [87] Testing Results: Prec@1 36.350 Prec@5 79.890             Loss 4.30307
Epoch [87] Testing Class Recall: [0.476,0.579,0.572,0.412,0.693,0.254,0.283,0.150,0.059,0.157]
Epoch [88] Training Results: Prec@1 92.691 Prec@5 99.909             Loss 0.21693
Epoch [88] Training Class Recall: [0.864,0.902,0.879,0.909,0.933,0.945,0.956,0.950,0.956,0.968]
Epoch [88] Testing Results: Prec@1 36.620 Prec@5 78.250             Loss 5.25555
Epoch [88] Testing Class Recall: [0.482,0.537,0.467,0.510,0.687,0.412,0.162,0.104,0.268,0.033]
Epoch [89] Training Results: Prec@1 92.900 Prec@5 99.911             Loss 0.21138
Epoch [89] Training Class Recall: [0.872,0.904,0.876,0.918,0.933,0.950,0.948,0.952,0.961,0.971]
Epoch [89] Testing Results: Prec@1 38.850 Prec@5 79.760             Loss 3.96554
Epoch [89] Testing Class Recall: [0.726,0.747,0.550,0.417,0.399,0.260,0.341,0.305,0.087,0.053]
Epoch [90] Training Results: Prec@1 91.677 Prec@5 99.880             Loss 0.24325
Epoch [90] Training Class Recall: [0.858,0.894,0.863,0.904,0.921,0.930,0.941,0.945,0.952,0.953]
Epoch [90] Testing Results: Prec@1 38.990 Prec@5 81.610             Loss 4.12103
Epoch [90] Testing Class Recall: [0.473,0.684,0.600,0.381,0.605,0.353,0.299,0.135,0.251,0.118]
Epoch [91] Training Results: Prec@1 93.246 Prec@5 99.909             Loss 0.20222
Epoch [91] Training Class Recall: [0.868,0.903,0.891,0.920,0.941,0.943,0.956,0.958,0.967,0.970]
Epoch [91] Testing Results: Prec@1 38.130 Prec@5 79.090             Loss 4.20304
Epoch [91] Testing Class Recall: [0.503,0.713,0.582,0.505,0.489,0.227,0.291,0.362,0.086,0.055]
Epoch [92] Training Results: Prec@1 92.346 Prec@5 99.900             Loss 0.22171
Epoch [92] Training Class Recall: [0.868,0.897,0.869,0.920,0.929,0.939,0.943,0.950,0.952,0.962]
Epoch [92] Testing Results: Prec@1 38.650 Prec@5 80.710             Loss 4.40678
Epoch [92] Testing Class Recall: [0.516,0.750,0.744,0.441,0.428,0.286,0.230,0.155,0.210,0.105]
Epoch [93] Training Results: Prec@1 92.606 Prec@5 99.886             Loss 0.21900
Epoch [93] Training Class Recall: [0.876,0.901,0.875,0.909,0.935,0.933,0.948,0.952,0.959,0.968]
Epoch [93] Testing Results: Prec@1 37.370 Prec@5 81.570             Loss 4.38631
Epoch [93] Testing Class Recall: [0.521,0.502,0.603,0.423,0.720,0.246,0.259,0.104,0.239,0.120]
Epoch [94] Training Results: Prec@1 92.760 Prec@5 99.889             Loss 0.21890
Epoch [94] Training Class Recall: [0.872,0.905,0.876,0.924,0.933,0.938,0.947,0.949,0.960,0.965]
Epoch [94] Testing Results: Prec@1 33.060 Prec@5 80.380             Loss 5.16496
Epoch [94] Testing Class Recall: [0.522,0.451,0.716,0.445,0.445,0.212,0.113,0.249,0.066,0.087]
Epoch [95] Training Results: Prec@1 92.863 Prec@5 99.906             Loss 0.21606
Epoch [95] Training Class Recall: [0.870,0.906,0.877,0.921,0.938,0.950,0.948,0.947,0.958,0.965]
Epoch [95] Testing Results: Prec@1 40.820 Prec@5 81.880             Loss 3.92722
Epoch [95] Testing Class Recall: [0.520,0.891,0.482,0.171,0.465,0.404,0.405,0.249,0.420,0.075]
Epoch [96] Training Results: Prec@1 92.603 Prec@5 99.931             Loss 0.21874
Epoch [96] Training Class Recall: [0.863,0.909,0.876,0.909,0.931,0.938,0.947,0.952,0.960,0.968]
Epoch [96] Testing Results: Prec@1 37.250 Prec@5 80.520             Loss 3.94430
Epoch [96] Testing Class Recall: [0.752,0.550,0.553,0.179,0.457,0.465,0.339,0.298,0.059,0.073]
Epoch [97] Training Results: Prec@1 93.380 Prec@5 99.923             Loss 0.19592
Epoch [97] Training Class Recall: [0.880,0.915,0.884,0.922,0.944,0.947,0.953,0.956,0.964,0.967]
Epoch [97] Testing Results: Prec@1 37.800 Prec@5 79.770             Loss 4.62992
Epoch [97] Testing Class Recall: [0.525,0.664,0.639,0.452,0.454,0.365,0.370,0.201,0.046,0.064]
Epoch [98] Training Results: Prec@1 92.869 Prec@5 99.903             Loss 0.21159
Epoch [98] Training Class Recall: [0.874,0.906,0.878,0.914,0.934,0.940,0.948,0.960,0.962,0.963]
Epoch [98] Testing Results: Prec@1 38.550 Prec@5 81.650             Loss 4.56686
Epoch [98] Testing Class Recall: [0.486,0.608,0.685,0.293,0.670,0.284,0.279,0.206,0.155,0.189]
Epoch [99] Training Results: Prec@1 92.531 Prec@5 99.903             Loss 0.22280
Epoch [99] Training Class Recall: [0.864,0.901,0.877,0.912,0.936,0.937,0.949,0.951,0.958,0.963]
Epoch [99] Testing Results: Prec@1 39.960 Prec@5 82.390             Loss 3.90859
Epoch [99] Testing Class Recall: [0.405,0.705,0.489,0.575,0.605,0.365,0.371,0.198,0.250,0.033]
Epoch [100] Training Results: Prec@1 92.497 Prec@5 99.931             Loss 0.22386
Epoch [100] Training Class Recall: [0.865,0.904,0.878,0.911,0.928,0.941,0.946,0.951,0.952,0.968]
Epoch [100] Testing Results: Prec@1 39.390 Prec@5 81.770             Loss 3.88328
Epoch [100] Testing Class Recall: [0.532,0.558,0.611,0.373,0.560,0.314,0.292,0.130,0.479,0.090]
Epoch [101] Training Results: Prec@1 93.031 Prec@5 99.914             Loss 0.20627
Epoch [101] Training Class Recall: [0.864,0.916,0.883,0.917,0.937,0.943,0.954,0.955,0.960,0.967]
Epoch [101] Testing Results: Prec@1 37.250 Prec@5 84.120             Loss 4.15844
Epoch [101] Testing Class Recall: [0.457,0.599,0.386,0.360,0.809,0.210,0.225,0.415,0.144,0.120]
Epoch [102] Training Results: Prec@1 92.549 Prec@5 99.880             Loss 0.22127
Epoch [102] Training Class Recall: [0.869,0.904,0.872,0.907,0.936,0.942,0.949,0.949,0.958,0.963]
Epoch [102] Testing Results: Prec@1 40.260 Prec@5 80.830             Loss 4.22089
Epoch [102] Testing Class Recall: [0.451,0.807,0.648,0.279,0.519,0.255,0.255,0.203,0.530,0.079]
Epoch [103] Training Results: Prec@1 92.460 Prec@5 99.869             Loss 0.22475
Epoch [103] Training Class Recall: [0.869,0.908,0.871,0.903,0.931,0.931,0.948,0.952,0.963,0.964]
Epoch [103] Testing Results: Prec@1 40.520 Prec@5 81.940             Loss 3.67515
Epoch [103] Testing Class Recall: [0.492,0.610,0.535,0.436,0.636,0.428,0.401,0.169,0.206,0.139]
Epoch [104] Training Results: Prec@1 93.403 Prec@5 99.943             Loss 0.19602
Epoch [104] Training Class Recall: [0.882,0.909,0.885,0.927,0.938,0.943,0.962,0.955,0.963,0.970]
Epoch [104] Testing Results: Prec@1 36.100 Prec@5 78.070             Loss 4.78804
Epoch [104] Testing Class Recall: [0.664,0.744,0.726,0.372,0.207,0.419,0.103,0.191,0.120,0.064]
Epoch [105] Training Results: Prec@1 92.620 Prec@5 99.946             Loss 0.21232
Epoch [105] Training Class Recall: [0.863,0.901,0.877,0.920,0.932,0.942,0.944,0.952,0.960,0.965]
Epoch [105] Testing Results: Prec@1 34.010 Prec@5 81.740             Loss 5.38018
Epoch [105] Testing Class Recall: [0.345,0.450,0.400,0.421,0.852,0.087,0.278,0.187,0.213,0.168]
Epoch [106] Training Results: Prec@1 93.086 Prec@5 99.929             Loss 0.20484
Epoch [106] Training Class Recall: [0.877,0.906,0.887,0.917,0.941,0.945,0.948,0.949,0.961,0.971]
Epoch [106] Testing Results: Prec@1 35.360 Prec@5 81.020             Loss 4.65430
Epoch [106] Testing Class Recall: [0.441,0.420,0.655,0.211,0.698,0.453,0.184,0.206,0.171,0.097]
Epoch [107] Training Results: Prec@1 93.334 Prec@5 99.940             Loss 0.20204
Epoch [107] Training Class Recall: [0.876,0.917,0.890,0.922,0.940,0.938,0.950,0.953,0.967,0.973]
Epoch [107] Testing Results: Prec@1 37.800 Prec@5 82.000             Loss 3.93267
Epoch [107] Testing Class Recall: [0.675,0.715,0.280,0.351,0.698,0.290,0.182,0.167,0.155,0.267]
Epoch [108] Training Results: Prec@1 92.380 Prec@5 99.894             Loss 0.22585
Epoch [108] Training Class Recall: [0.872,0.907,0.875,0.914,0.927,0.933,0.943,0.945,0.959,0.957]
Epoch [108] Testing Results: Prec@1 37.540 Prec@5 80.640             Loss 3.74978
Epoch [108] Testing Class Recall: [0.560,0.614,0.621,0.153,0.231,0.593,0.284,0.194,0.271,0.233]
Epoch [109] Training Results: Prec@1 92.700 Prec@5 99.911             Loss 0.22198
Epoch [109] Training Class Recall: [0.849,0.908,0.883,0.921,0.938,0.942,0.950,0.952,0.956,0.960]
Epoch [109] Testing Results: Prec@1 37.370 Prec@5 79.390             Loss 4.04385
Epoch [109] Testing Class Recall: [0.676,0.803,0.438,0.264,0.458,0.248,0.400,0.067,0.135,0.248]
Epoch [110] Training Results: Prec@1 93.477 Prec@5 99.934             Loss 0.19572
Epoch [110] Training Class Recall: [0.887,0.913,0.885,0.926,0.941,0.948,0.957,0.961,0.958,0.968]
Epoch [110] Testing Results: Prec@1 39.250 Prec@5 82.560             Loss 4.08616
Epoch [110] Testing Class Recall: [0.649,0.632,0.551,0.339,0.569,0.304,0.444,0.133,0.128,0.176]
Epoch [111] Training Results: Prec@1 92.923 Prec@5 99.937             Loss 0.21135
Epoch [111] Training Class Recall: [0.877,0.902,0.888,0.921,0.933,0.943,0.947,0.949,0.961,0.965]
Epoch [111] Testing Results: Prec@1 37.140 Prec@5 83.270             Loss 3.94395
Epoch [111] Testing Class Recall: [0.401,0.532,0.712,0.326,0.370,0.330,0.238,0.369,0.249,0.187]
Epoch [112] Training Results: Prec@1 92.809 Prec@5 99.920             Loss 0.21167
Epoch [112] Training Class Recall: [0.872,0.903,0.881,0.920,0.931,0.949,0.943,0.954,0.953,0.969]
Epoch [112] Testing Results: Prec@1 39.990 Prec@5 82.690             Loss 4.21557
Epoch [112] Testing Class Recall: [0.639,0.684,0.586,0.374,0.665,0.250,0.209,0.296,0.227,0.069]
Epoch [113] Training Results: Prec@1 93.063 Prec@5 99.926             Loss 0.20759
Epoch [113] Training Class Recall: [0.873,0.911,0.887,0.920,0.930,0.941,0.953,0.953,0.963,0.968]
Epoch [113] Testing Results: Prec@1 39.900 Prec@5 81.270             Loss 4.04667
Epoch [113] Testing Class Recall: [0.628,0.589,0.521,0.139,0.692,0.344,0.435,0.442,0.087,0.113]
Epoch [114] Training Results: Prec@1 92.923 Prec@5 99.917             Loss 0.20970
Epoch [114] Training Class Recall: [0.881,0.903,0.878,0.913,0.939,0.939,0.948,0.957,0.963,0.968]
Epoch [114] Testing Results: Prec@1 38.650 Prec@5 83.300             Loss 3.89288
Epoch [114] Testing Class Recall: [0.703,0.537,0.353,0.481,0.671,0.364,0.198,0.238,0.129,0.191]
Epoch [115] Training Results: Prec@1 93.429 Prec@5 99.923             Loss 0.19761
Epoch [115] Training Class Recall: [0.874,0.915,0.887,0.927,0.941,0.948,0.957,0.953,0.965,0.969]
Epoch [115] Testing Results: Prec@1 38.420 Prec@5 82.190             Loss 3.86443
Epoch [115] Testing Class Recall: [0.671,0.506,0.540,0.462,0.373,0.387,0.188,0.112,0.195,0.408]
Epoch [116] Training Results: Prec@1 92.406 Prec@5 99.923             Loss 0.22668
Epoch [116] Training Class Recall: [0.866,0.903,0.878,0.915,0.930,0.935,0.940,0.948,0.955,0.964]
Epoch [116] Testing Results: Prec@1 39.270 Prec@5 85.250             Loss 3.74799
Epoch [116] Testing Class Recall: [0.426,0.434,0.438,0.340,0.392,0.423,0.472,0.417,0.381,0.204]
Epoch [117] Training Results: Prec@1 92.760 Prec@5 99.917             Loss 0.21306
Epoch [117] Training Class Recall: [0.862,0.911,0.873,0.917,0.938,0.945,0.946,0.947,0.957,0.972]
Epoch [117] Testing Results: Prec@1 39.840 Prec@5 82.730             Loss 3.91647
Epoch [117] Testing Class Recall: [0.676,0.579,0.491,0.323,0.715,0.185,0.438,0.337,0.105,0.135]
Epoch [118] Training Results: Prec@1 92.960 Prec@5 99.923             Loss 0.20768
Epoch [118] Training Class Recall: [0.867,0.900,0.888,0.919,0.937,0.943,0.952,0.955,0.961,0.968]
Epoch [118] Testing Results: Prec@1 39.640 Prec@5 81.170             Loss 4.24574
Epoch [118] Testing Class Recall: [0.567,0.675,0.413,0.365,0.793,0.402,0.359,0.121,0.218,0.051]
Epoch [119] Training Results: Prec@1 93.257 Prec@5 99.937             Loss 0.20170
Epoch [119] Training Class Recall: [0.882,0.915,0.883,0.923,0.933,0.947,0.955,0.954,0.961,0.969]
Epoch [119] Testing Results: Prec@1 33.220 Prec@5 79.450             Loss 4.61947
Epoch [119] Testing Class Recall: [0.503,0.404,0.525,0.305,0.783,0.103,0.301,0.196,0.108,0.094]
Epoch [120] Training Results: Prec@1 92.886 Prec@5 99.914             Loss 0.20796
Epoch [120] Training Class Recall: [0.871,0.910,0.883,0.915,0.941,0.942,0.944,0.948,0.963,0.965]
Epoch [120] Testing Results: Prec@1 37.770 Prec@5 78.980             Loss 4.20015
Epoch [120] Testing Class Recall: [0.677,0.659,0.565,0.532,0.465,0.238,0.169,0.309,0.087,0.076]
Epoch [121] Training Results: Prec@1 92.860 Prec@5 99.889             Loss 0.21074
Epoch [121] Training Class Recall: [0.867,0.910,0.890,0.919,0.932,0.941,0.950,0.951,0.956,0.961]
Epoch [121] Testing Results: Prec@1 37.820 Prec@5 81.130             Loss 3.68422
Epoch [121] Testing Class Recall: [0.506,0.768,0.798,0.341,0.313,0.193,0.401,0.239,0.097,0.126]
Epoch [122] Training Results: Prec@1 92.794 Prec@5 99.943             Loss 0.21138
Epoch [122] Training Class Recall: [0.879,0.907,0.873,0.915,0.928,0.940,0.944,0.963,0.959,0.967]
Epoch [122] Testing Results: Prec@1 37.790 Prec@5 82.700             Loss 4.17359
Epoch [122] Testing Class Recall: [0.372,0.599,0.638,0.355,0.589,0.453,0.213,0.208,0.248,0.104]
Epoch [123] Training Results: Prec@1 92.440 Prec@5 99.917             Loss 0.22328
Epoch [123] Training Class Recall: [0.869,0.907,0.884,0.914,0.936,0.936,0.938,0.944,0.948,0.963]
Epoch [123] Testing Results: Prec@1 38.760 Prec@5 82.210             Loss 4.04946
Epoch [123] Testing Class Recall: [0.601,0.380,0.591,0.348,0.507,0.530,0.295,0.164,0.350,0.110]
Epoch [124] Training Results: Prec@1 94.174 Prec@5 99.960             Loss 0.17442
Epoch [124] Training Class Recall: [0.892,0.924,0.897,0.929,0.943,0.951,0.964,0.963,0.970,0.979]
Epoch [124] Testing Results: Prec@1 39.330 Prec@5 81.620             Loss 4.75086
Epoch [124] Testing Class Recall: [0.505,0.542,0.386,0.421,0.734,0.476,0.353,0.091,0.338,0.087]
Epoch [125] Training Results: Prec@1 93.037 Prec@5 99.909             Loss 0.20533
Epoch [125] Training Class Recall: [0.878,0.908,0.889,0.922,0.936,0.937,0.950,0.956,0.957,0.964]
Epoch [125] Testing Results: Prec@1 38.830 Prec@5 81.960             Loss 4.45181
Epoch [125] Testing Class Recall: [0.557,0.515,0.537,0.259,0.707,0.516,0.141,0.097,0.393,0.161]
Epoch [126] Training Results: Prec@1 93.254 Prec@5 99.894             Loss 0.20141
Epoch [126] Training Class Recall: [0.886,0.913,0.887,0.918,0.932,0.951,0.949,0.954,0.962,0.968]
Epoch [126] Testing Results: Prec@1 39.460 Prec@5 80.450             Loss 4.09925
Epoch [126] Testing Class Recall: [0.704,0.526,0.496,0.398,0.640,0.385,0.378,0.266,0.084,0.069]
Epoch [127] Training Results: Prec@1 93.397 Prec@5 99.946             Loss 0.19683
Epoch [127] Training Class Recall: [0.875,0.914,0.889,0.925,0.942,0.951,0.951,0.955,0.964,0.967]
Epoch [127] Testing Results: Prec@1 39.700 Prec@5 79.100             Loss 4.26083
Epoch [127] Testing Class Recall: [0.451,0.868,0.662,0.390,0.441,0.178,0.561,0.183,0.198,0.038]
Epoch [128] Training Results: Prec@1 93.663 Prec@5 99.946             Loss 0.18927
Epoch [128] Training Class Recall: [0.881,0.915,0.896,0.923,0.946,0.947,0.959,0.956,0.966,0.970]
Epoch [128] Testing Results: Prec@1 40.710 Prec@5 82.760             Loss 4.07881
Epoch [128] Testing Class Recall: [0.589,0.738,0.625,0.365,0.499,0.396,0.396,0.301,0.073,0.089]
Epoch [129] Training Results: Prec@1 92.766 Prec@5 99.923             Loss 0.21571
Epoch [129] Training Class Recall: [0.876,0.910,0.882,0.917,0.933,0.941,0.942,0.951,0.959,0.959]
Epoch [129] Testing Results: Prec@1 40.860 Prec@5 82.640             Loss 3.24159
Epoch [129] Testing Class Recall: [0.578,0.755,0.600,0.430,0.477,0.389,0.246,0.275,0.195,0.141]
Epoch [130] Training Results: Prec@1 93.229 Prec@5 99.946             Loss 0.20183
Epoch [130] Training Class Recall: [0.878,0.913,0.885,0.920,0.937,0.947,0.951,0.954,0.962,0.969]
Epoch [130] Testing Results: Prec@1 39.220 Prec@5 83.490             Loss 3.67096
Epoch [130] Testing Class Recall: [0.511,0.540,0.555,0.299,0.568,0.572,0.173,0.261,0.175,0.268]
Epoch [131] Training Results: Prec@1 93.089 Prec@5 99.929             Loss 0.20775
Epoch [131] Training Class Recall: [0.876,0.911,0.888,0.917,0.938,0.941,0.950,0.957,0.956,0.968]
Epoch [131] Testing Results: Prec@1 39.200 Prec@5 82.190             Loss 3.75633
Epoch [131] Testing Class Recall: [0.478,0.708,0.631,0.353,0.436,0.315,0.364,0.416,0.133,0.086]
Epoch [132] Training Results: Prec@1 93.586 Prec@5 99.957             Loss 0.19294
Epoch [132] Training Class Recall: [0.890,0.920,0.888,0.925,0.940,0.947,0.953,0.960,0.963,0.969]
Epoch [132] Testing Results: Prec@1 35.680 Prec@5 82.320             Loss 4.98250
Epoch [132] Testing Class Recall: [0.331,0.406,0.454,0.398,0.806,0.481,0.117,0.109,0.189,0.277]
Epoch [133] Training Results: Prec@1 93.180 Prec@5 99.914             Loss 0.20015
Epoch [133] Training Class Recall: [0.877,0.918,0.883,0.916,0.938,0.941,0.950,0.961,0.960,0.966]
Epoch [133] Testing Results: Prec@1 40.720 Prec@5 81.680             Loss 4.25211
Epoch [133] Testing Class Recall: [0.617,0.789,0.422,0.508,0.512,0.321,0.417,0.136,0.235,0.115]
Epoch [134] Training Results: Prec@1 92.780 Prec@5 99.894             Loss 0.21453
Epoch [134] Training Class Recall: [0.875,0.906,0.881,0.917,0.934,0.943,0.944,0.947,0.962,0.963]
Epoch [134] Testing Results: Prec@1 41.760 Prec@5 81.560             Loss 3.73639
Epoch [134] Testing Class Recall: [0.484,0.822,0.407,0.394,0.561,0.278,0.586,0.348,0.163,0.133]
Epoch [135] Training Results: Prec@1 92.986 Prec@5 99.926             Loss 0.21093
Epoch [135] Training Class Recall: [0.878,0.907,0.884,0.920,0.937,0.946,0.942,0.949,0.961,0.969]
Epoch [135] Testing Results: Prec@1 39.860 Prec@5 81.680             Loss 3.95658
Epoch [135] Testing Class Recall: [0.490,0.788,0.512,0.322,0.671,0.352,0.221,0.300,0.257,0.073]
Epoch [136] Training Results: Prec@1 93.497 Prec@5 99.943             Loss 0.19083
Epoch [136] Training Class Recall: [0.882,0.915,0.896,0.922,0.937,0.942,0.958,0.956,0.967,0.969]
Epoch [136] Testing Results: Prec@1 37.750 Prec@5 77.630             Loss 4.23733
Epoch [136] Testing Class Recall: [0.637,0.750,0.577,0.337,0.616,0.287,0.162,0.298,0.054,0.057]
Epoch [137] Training Results: Prec@1 92.631 Prec@5 99.931             Loss 0.21883
Epoch [137] Training Class Recall: [0.873,0.908,0.876,0.914,0.936,0.935,0.948,0.951,0.954,0.962]
Epoch [137] Testing Results: Prec@1 39.820 Prec@5 83.160             Loss 4.08492
Epoch [137] Testing Class Recall: [0.386,0.663,0.660,0.466,0.560,0.256,0.356,0.253,0.248,0.134]
Epoch [138] Training Results: Prec@1 93.680 Prec@5 99.926             Loss 0.18800
Epoch [138] Training Class Recall: [0.891,0.913,0.900,0.923,0.940,0.949,0.960,0.955,0.965,0.967]
Epoch [138] Testing Results: Prec@1 38.990 Prec@5 80.010             Loss 4.38744
Epoch [138] Testing Class Recall: [0.532,0.772,0.606,0.469,0.542,0.424,0.196,0.140,0.063,0.155]
Epoch [139] Training Results: Prec@1 94.160 Prec@5 99.943             Loss 0.17497
Epoch [139] Training Class Recall: [0.882,0.924,0.906,0.936,0.941,0.957,0.959,0.966,0.966,0.973]
Epoch [139] Testing Results: Prec@1 42.300 Prec@5 84.950             Loss 3.80077
Epoch [139] Testing Class Recall: [0.529,0.842,0.538,0.428,0.522,0.262,0.309,0.295,0.335,0.170]
Epoch [140] Training Results: Prec@1 93.069 Prec@5 99.926             Loss 0.20765
Epoch [140] Training Class Recall: [0.875,0.917,0.890,0.921,0.931,0.940,0.949,0.950,0.961,0.967]
Epoch [140] Testing Results: Prec@1 35.050 Prec@5 81.750             Loss 4.65505
Epoch [140] Testing Class Recall: [0.470,0.435,0.367,0.459,0.827,0.354,0.148,0.190,0.143,0.112]
Epoch [141] Training Results: Prec@1 92.680 Prec@5 99.906             Loss 0.21951
Epoch [141] Training Class Recall: [0.874,0.904,0.884,0.916,0.939,0.936,0.946,0.947,0.952,0.963]
Epoch [141] Testing Results: Prec@1 36.730 Prec@5 78.660             Loss 4.49880
Epoch [141] Testing Class Recall: [0.728,0.850,0.460,0.416,0.232,0.466,0.197,0.147,0.067,0.110]
Epoch [142] Training Results: Prec@1 93.334 Prec@5 99.906             Loss 0.20120
Epoch [142] Training Class Recall: [0.885,0.908,0.891,0.918,0.937,0.947,0.953,0.955,0.965,0.968]
Epoch [142] Testing Results: Prec@1 36.810 Prec@5 79.580             Loss 4.37642
Epoch [142] Testing Class Recall: [0.485,0.699,0.735,0.413,0.451,0.340,0.062,0.169,0.274,0.053]
Epoch [143] Training Results: Prec@1 93.569 Prec@5 99.943             Loss 0.19035
Epoch [143] Training Class Recall: [0.877,0.921,0.892,0.926,0.941,0.953,0.956,0.953,0.963,0.967]
Epoch [143] Testing Results: Prec@1 37.960 Prec@5 81.290             Loss 4.38106
Epoch [143] Testing Class Recall: [0.579,0.550,0.640,0.515,0.541,0.363,0.117,0.056,0.221,0.214]
Epoch [144] Training Results: Prec@1 93.760 Prec@5 99.903             Loss 0.18694
Epoch [144] Training Class Recall: [0.887,0.917,0.893,0.919,0.942,0.951,0.961,0.958,0.969,0.973]
Epoch [144] Testing Results: Prec@1 38.810 Prec@5 82.980             Loss 4.13346
Epoch [144] Testing Class Recall: [0.669,0.615,0.661,0.284,0.583,0.328,0.247,0.227,0.129,0.138]
Epoch [145] Training Results: Prec@1 92.900 Prec@5 99.891             Loss 0.21249
Epoch [145] Training Class Recall: [0.883,0.907,0.892,0.921,0.934,0.935,0.941,0.957,0.958,0.959]
Epoch [145] Testing Results: Prec@1 38.260 Prec@5 81.050             Loss 4.02330
Epoch [145] Testing Class Recall: [0.530,0.560,0.644,0.329,0.538,0.409,0.373,0.170,0.138,0.135]
Epoch [146] Training Results: Prec@1 94.029 Prec@5 99.917             Loss 0.18200
Epoch [146] Training Class Recall: [0.896,0.916,0.900,0.938,0.939,0.952,0.957,0.963,0.966,0.972]
Epoch [146] Testing Results: Prec@1 34.160 Prec@5 81.950             Loss 5.07471
Epoch [146] Testing Class Recall: [0.317,0.582,0.270,0.639,0.782,0.188,0.232,0.120,0.145,0.141]
Epoch [147] Training Results: Prec@1 93.023 Prec@5 99.923             Loss 0.20803
Epoch [147] Training Class Recall: [0.875,0.911,0.884,0.912,0.938,0.945,0.949,0.952,0.960,0.970]
Epoch [147] Testing Results: Prec@1 40.020 Prec@5 83.210             Loss 3.60852
Epoch [147] Testing Class Recall: [0.608,0.578,0.499,0.425,0.422,0.245,0.340,0.482,0.175,0.228]
Epoch [148] Training Results: Prec@1 93.986 Prec@5 99.911             Loss 0.18093
Epoch [148] Training Class Recall: [0.889,0.916,0.902,0.933,0.946,0.948,0.959,0.960,0.967,0.974]
Epoch [148] Testing Results: Prec@1 40.280 Prec@5 83.890             Loss 3.98644
Epoch [148] Testing Class Recall: [0.566,0.790,0.502,0.356,0.452,0.330,0.304,0.489,0.151,0.088]
Epoch [149] Training Results: Prec@1 93.280 Prec@5 99.917             Loss 0.20256
Epoch [149] Training Class Recall: [0.878,0.913,0.887,0.924,0.940,0.950,0.953,0.955,0.958,0.965]
Epoch [149] Testing Results: Prec@1 35.990 Prec@5 80.040             Loss 4.33322
Epoch [149] Testing Class Recall: [0.649,0.778,0.626,0.218,0.523,0.213,0.255,0.079,0.131,0.127]
Epoch [150] Training Results: Prec@1 93.311 Prec@5 99.920             Loss 0.19847
Epoch [150] Training Class Recall: [0.882,0.916,0.892,0.926,0.934,0.940,0.953,0.955,0.961,0.967]
Epoch [150] Testing Results: Prec@1 38.860 Prec@5 81.060             Loss 4.29926
Epoch [150] Testing Class Recall: [0.659,0.474,0.574,0.408,0.482,0.536,0.280,0.296,0.106,0.071]
Epoch [151] Training Results: Prec@1 93.251 Prec@5 99.897             Loss 0.19866
Epoch [151] Training Class Recall: [0.889,0.907,0.895,0.919,0.941,0.944,0.947,0.949,0.963,0.966]
Epoch [151] Testing Results: Prec@1 37.480 Prec@5 80.520             Loss 4.20250
Epoch [151] Testing Class Recall: [0.731,0.395,0.473,0.495,0.343,0.324,0.417,0.336,0.159,0.075]
Epoch [152] Training Results: Prec@1 93.491 Prec@5 99.931             Loss 0.19396
Epoch [152] Training Class Recall: [0.876,0.918,0.894,0.929,0.936,0.944,0.956,0.959,0.963,0.968]
Epoch [152] Testing Results: Prec@1 38.410 Prec@5 82.320             Loss 3.65152
Epoch [152] Testing Class Recall: [0.465,0.708,0.680,0.316,0.522,0.258,0.323,0.214,0.245,0.110]
Epoch [153] Training Results: Prec@1 93.406 Prec@5 99.937             Loss 0.19786
Epoch [153] Training Class Recall: [0.878,0.916,0.897,0.933,0.938,0.948,0.951,0.949,0.958,0.967]
Epoch [153] Testing Results: Prec@1 38.820 Prec@5 82.410             Loss 4.41929
Epoch [153] Testing Class Recall: [0.488,0.455,0.487,0.565,0.724,0.274,0.313,0.111,0.339,0.126]
Epoch [154] Training Results: Prec@1 93.443 Prec@5 99.926             Loss 0.19249
Epoch [154] Training Class Recall: [0.888,0.915,0.881,0.927,0.938,0.943,0.951,0.961,0.968,0.968]
Epoch [154] Testing Results: Prec@1 36.040 Prec@5 81.150             Loss 4.65790
Epoch [154] Testing Class Recall: [0.410,0.676,0.398,0.615,0.469,0.178,0.191,0.456,0.154,0.057]
Epoch [155] Training Results: Prec@1 93.734 Prec@5 99.897             Loss 0.18922
Epoch [155] Training Class Recall: [0.888,0.920,0.892,0.929,0.942,0.950,0.958,0.964,0.960,0.967]
Epoch [155] Testing Results: Prec@1 38.740 Prec@5 83.050             Loss 3.86890
Epoch [155] Testing Class Recall: [0.682,0.544,0.599,0.314,0.537,0.275,0.327,0.185,0.122,0.289]
Epoch [156] Training Results: Prec@1 93.509 Prec@5 99.903             Loss 0.19321
Epoch [156] Training Class Recall: [0.876,0.917,0.903,0.931,0.938,0.944,0.952,0.956,0.957,0.970]
Epoch [156] Testing Results: Prec@1 38.860 Prec@5 81.300             Loss 4.38346
Epoch [156] Testing Class Recall: [0.718,0.646,0.380,0.321,0.721,0.319,0.410,0.184,0.089,0.098]
Epoch [157] Training Results: Prec@1 93.137 Prec@5 99.926             Loss 0.20552
Epoch [157] Training Class Recall: [0.873,0.913,0.887,0.926,0.936,0.947,0.940,0.951,0.964,0.971]
Epoch [157] Testing Results: Prec@1 38.710 Prec@5 82.290             Loss 3.86823
Epoch [157] Testing Class Recall: [0.466,0.795,0.776,0.338,0.219,0.353,0.318,0.210,0.233,0.163]
Epoch [158] Training Results: Prec@1 94.134 Prec@5 99.951             Loss 0.17775
Epoch [158] Training Class Recall: [0.897,0.920,0.909,0.935,0.941,0.948,0.963,0.957,0.967,0.970]
Epoch [158] Testing Results: Prec@1 37.500 Prec@5 80.270             Loss 3.90737
Epoch [158] Testing Class Recall: [0.503,0.781,0.584,0.204,0.598,0.342,0.157,0.139,0.235,0.207]
Epoch [159] Training Results: Prec@1 93.109 Prec@5 99.937             Loss 0.20376
Epoch [159] Training Class Recall: [0.887,0.913,0.892,0.917,0.933,0.943,0.949,0.955,0.957,0.961]
Epoch [159] Testing Results: Prec@1 34.720 Prec@5 79.960             Loss 4.23097
Epoch [159] Testing Class Recall: [0.423,0.546,0.626,0.443,0.661,0.289,0.089,0.144,0.154,0.097]
Epoch [160] Training Results: Prec@1 96.483 Prec@5 99.963             Loss 0.11252
Epoch [160] Training Class Recall: [0.919,0.932,0.942,0.966,0.973,0.975,0.982,0.973,0.994,0.987]
Epoch [160] Testing Results: Prec@1 41.410 Prec@5 83.360             Loss 3.63705
Epoch [160] Testing Class Recall: [0.598,0.737,0.617,0.498,0.567,0.334,0.299,0.204,0.187,0.100]
Epoch [161] Training Results: Prec@1 97.883 Prec@5 99.986             Loss 0.07462
Epoch [161] Training Class Recall: [0.944,0.964,0.959,0.977,0.979,0.989,0.992,0.990,0.995,0.997]
Epoch [161] Testing Results: Prec@1 42.090 Prec@5 83.650             Loss 3.58073
Epoch [161] Testing Class Recall: [0.607,0.744,0.649,0.478,0.560,0.378,0.296,0.216,0.180,0.101]
Epoch [162] Training Results: Prec@1 98.351 Prec@5 99.991             Loss 0.06141
Epoch [162] Training Class Recall: [0.956,0.969,0.962,0.981,0.991,0.992,0.992,0.995,0.997,0.997]
Epoch [162] Testing Results: Prec@1 42.140 Prec@5 83.410             Loss 3.63477
Epoch [162] Testing Class Recall: [0.616,0.767,0.650,0.483,0.570,0.354,0.293,0.209,0.185,0.087]
Epoch [163] Training Results: Prec@1 98.477 Prec@5 99.989             Loss 0.05549
Epoch [163] Training Class Recall: [0.951,0.974,0.964,0.985,0.991,0.990,0.996,0.997,0.999,0.998]
Epoch [163] Testing Results: Prec@1 42.290 Prec@5 83.700             Loss 3.63140
Epoch [163] Testing Class Recall: [0.631,0.741,0.653,0.497,0.561,0.347,0.300,0.226,0.177,0.096]
Epoch [164] Training Results: Prec@1 98.726 Prec@5 99.991             Loss 0.04916
Epoch [164] Training Class Recall: [0.974,0.977,0.966,0.985,0.990,0.994,0.997,0.995,0.995,0.999]
Epoch [164] Testing Results: Prec@1 42.600 Prec@5 83.420             Loss 3.66207
Epoch [164] Testing Class Recall: [0.624,0.784,0.664,0.489,0.554,0.357,0.297,0.223,0.189,0.079]
Epoch [165] Training Results: Prec@1 98.797 Prec@5 99.989             Loss 0.04665
Epoch [165] Training Class Recall: [0.962,0.979,0.971,0.988,0.993,0.995,0.997,0.997,0.997,0.997]
Epoch [165] Testing Results: Prec@1 42.490 Prec@5 83.570             Loss 3.66562
Epoch [165] Testing Class Recall: [0.627,0.774,0.670,0.495,0.558,0.356,0.300,0.211,0.154,0.104]
Epoch [166] Training Results: Prec@1 98.891 Prec@5 99.991             Loss 0.04334
Epoch [166] Training Class Recall: [0.970,0.980,0.971,0.987,0.991,0.996,0.998,0.998,0.998,0.999]
Epoch [166] Testing Results: Prec@1 42.740 Prec@5 83.500             Loss 3.70219
Epoch [166] Testing Class Recall: [0.627,0.766,0.673,0.487,0.569,0.370,0.306,0.200,0.187,0.089]
Epoch [167] Training Results: Prec@1 99.000 Prec@5 99.991             Loss 0.04054
Epoch [167] Training Class Recall: [0.969,0.982,0.976,0.988,0.995,0.995,0.999,0.998,0.997,0.999]
Epoch [167] Testing Results: Prec@1 42.620 Prec@5 83.500             Loss 3.71477
Epoch [167] Testing Class Recall: [0.633,0.778,0.660,0.500,0.571,0.331,0.316,0.228,0.166,0.079]
Epoch [168] Training Results: Prec@1 99.109 Prec@5 99.997             Loss 0.03738
Epoch [168] Training Class Recall: [0.972,0.984,0.975,0.990,0.996,0.997,0.999,0.999,0.998,0.999]
Epoch [168] Testing Results: Prec@1 42.820 Prec@5 83.520             Loss 3.71113
Epoch [168] Testing Class Recall: [0.634,0.764,0.682,0.487,0.563,0.373,0.298,0.231,0.177,0.073]
Epoch [169] Training Results: Prec@1 99.097 Prec@5 99.983             Loss 0.03677
Epoch [169] Training Class Recall: [0.974,0.981,0.977,0.990,0.994,0.997,0.999,0.999,0.997,1.000]
Epoch [169] Testing Results: Prec@1 42.890 Prec@5 83.900             Loss 3.70248
Epoch [169] Testing Class Recall: [0.631,0.763,0.683,0.497,0.559,0.362,0.306,0.218,0.175,0.095]
Epoch [170] Training Results: Prec@1 99.149 Prec@5 99.997             Loss 0.03586
Epoch [170] Training Class Recall: [0.971,0.985,0.977,0.993,0.995,0.997,0.999,0.998,0.999,1.000]
Epoch [170] Testing Results: Prec@1 43.020 Prec@5 83.610             Loss 3.70863
Epoch [170] Testing Class Recall: [0.632,0.782,0.668,0.504,0.581,0.346,0.315,0.234,0.157,0.083]
Epoch [171] Training Results: Prec@1 99.143 Prec@5 99.994             Loss 0.03522
Epoch [171] Training Class Recall: [0.976,0.983,0.978,0.993,0.996,0.995,0.998,0.998,0.997,0.999]
Epoch [171] Testing Results: Prec@1 42.870 Prec@5 83.610             Loss 3.75077
Epoch [171] Testing Class Recall: [0.643,0.787,0.673,0.491,0.578,0.350,0.293,0.217,0.159,0.096]
Epoch [172] Training Results: Prec@1 99.251 Prec@5 99.997             Loss 0.03241
Epoch [172] Training Class Recall: [0.976,0.985,0.982,0.991,0.996,0.996,0.999,0.999,0.999,1.000]
Epoch [172] Testing Results: Prec@1 43.060 Prec@5 83.830             Loss 3.67229
Epoch [172] Testing Class Recall: [0.653,0.781,0.651,0.498,0.565,0.364,0.304,0.234,0.160,0.096]
Epoch [173] Training Results: Prec@1 99.234 Prec@5 99.994             Loss 0.03225
Epoch [173] Training Class Recall: [0.976,0.985,0.980,0.992,0.995,0.997,0.999,0.999,0.999,1.000]
Epoch [173] Testing Results: Prec@1 42.910 Prec@5 83.640             Loss 3.73058
Epoch [173] Testing Class Recall: [0.648,0.781,0.659,0.511,0.569,0.356,0.297,0.228,0.156,0.086]
Epoch [174] Training Results: Prec@1 99.363 Prec@5 99.991             Loss 0.02962
Epoch [174] Training Class Recall: [0.979,0.985,0.985,0.993,0.997,0.996,0.999,0.999,0.999,1.000]
Epoch [174] Testing Results: Prec@1 42.770 Prec@5 83.610             Loss 3.76313
Epoch [174] Testing Class Recall: [0.651,0.789,0.663,0.504,0.573,0.346,0.299,0.216,0.154,0.082]
Epoch [175] Training Results: Prec@1 99.334 Prec@5 99.997             Loss 0.02858
Epoch [175] Training Class Recall: [0.980,0.986,0.985,0.994,0.995,0.997,0.999,0.999,0.998,0.999]
Epoch [175] Testing Results: Prec@1 42.570 Prec@5 83.490             Loss 3.78966
Epoch [175] Testing Class Recall: [0.671,0.780,0.654,0.483,0.590,0.335,0.291,0.211,0.167,0.075]
Epoch [176] Training Results: Prec@1 99.357 Prec@5 99.994             Loss 0.02955
Epoch [176] Training Class Recall: [0.980,0.986,0.985,0.993,0.997,0.997,1.000,0.999,0.999,0.999]
Epoch [176] Testing Results: Prec@1 42.860 Prec@5 83.580             Loss 3.75422
Epoch [176] Testing Class Recall: [0.658,0.775,0.662,0.509,0.571,0.340,0.305,0.239,0.147,0.080]
Epoch [177] Training Results: Prec@1 99.374 Prec@5 99.997             Loss 0.02785
Epoch [177] Training Class Recall: [0.978,0.986,0.985,0.997,0.998,0.998,0.999,0.999,0.997,1.000]
Epoch [177] Testing Results: Prec@1 42.870 Prec@5 83.350             Loss 3.82775
Epoch [177] Testing Class Recall: [0.649,0.783,0.680,0.499,0.579,0.365,0.284,0.234,0.140,0.074]
Epoch [178] Training Results: Prec@1 99.363 Prec@5 99.994             Loss 0.02781
Epoch [178] Training Class Recall: [0.977,0.989,0.985,0.993,0.998,0.996,0.999,0.999,0.998,0.999]
Epoch [178] Testing Results: Prec@1 43.320 Prec@5 83.700             Loss 3.73633
Epoch [178] Testing Class Recall: [0.642,0.799,0.662,0.501,0.565,0.368,0.330,0.238,0.148,0.079]
Epoch [179] Training Results: Prec@1 99.374 Prec@5 100.000             Loss 0.02744
Epoch [179] Training Class Recall: [0.974,0.988,0.986,0.996,0.996,0.998,0.999,0.998,0.999,1.000]
Epoch [179] Testing Results: Prec@1 42.990 Prec@5 83.650             Loss 3.78010
Epoch [179] Testing Class Recall: [0.672,0.775,0.676,0.488,0.554,0.364,0.304,0.234,0.163,0.069]
Epoch [180] Training Results: Prec@1 99.380 Prec@5 100.000             Loss 0.02721
Epoch [180] Training Class Recall: [0.977,0.983,0.987,0.996,0.998,0.999,0.999,0.999,0.999,1.000]
Epoch [180] Testing Results: Prec@1 43.010 Prec@5 83.660             Loss 3.80131
Epoch [180] Testing Class Recall: [0.661,0.796,0.661,0.503,0.577,0.362,0.297,0.210,0.152,0.082]
Epoch [181] Training Results: Prec@1 99.394 Prec@5 99.994             Loss 0.02704
Epoch [181] Training Class Recall: [0.982,0.984,0.988,0.994,0.997,0.998,0.998,0.998,0.999,1.000]
Epoch [181] Testing Results: Prec@1 43.200 Prec@5 83.580             Loss 3.76609
Epoch [181] Testing Class Recall: [0.664,0.795,0.664,0.499,0.580,0.370,0.304,0.217,0.146,0.081]
Epoch [182] Training Results: Prec@1 99.374 Prec@5 99.997             Loss 0.02718
Epoch [182] Training Class Recall: [0.980,0.985,0.984,0.995,0.997,0.997,0.999,0.999,0.999,1.000]
Epoch [182] Testing Results: Prec@1 42.870 Prec@5 83.560             Loss 3.81491
Epoch [182] Testing Class Recall: [0.651,0.783,0.664,0.513,0.589,0.341,0.302,0.227,0.144,0.073]
Epoch [183] Training Results: Prec@1 99.417 Prec@5 99.994             Loss 0.02666
Epoch [183] Training Class Recall: [0.980,0.989,0.983,0.994,0.998,0.998,0.999,0.999,0.999,1.000]
Epoch [183] Testing Results: Prec@1 42.760 Prec@5 83.490             Loss 3.81191
Epoch [183] Testing Class Recall: [0.654,0.799,0.659,0.515,0.577,0.333,0.304,0.216,0.139,0.080]
Epoch [184] Training Results: Prec@1 99.371 Prec@5 99.997             Loss 0.02693
Epoch [184] Training Class Recall: [0.979,0.986,0.985,0.995,0.997,0.998,0.999,0.999,0.999,0.999]
Epoch [184] Testing Results: Prec@1 43.410 Prec@5 84.030             Loss 3.72857
Epoch [184] Testing Class Recall: [0.654,0.792,0.661,0.512,0.569,0.371,0.307,0.227,0.152,0.096]
Epoch [185] Training Results: Prec@1 99.400 Prec@5 99.997             Loss 0.02642
Epoch [185] Training Class Recall: [0.980,0.989,0.987,0.993,0.996,0.997,0.999,0.999,0.998,1.000]
Epoch [185] Testing Results: Prec@1 42.800 Prec@5 83.550             Loss 3.83165
Epoch [185] Testing Class Recall: [0.655,0.776,0.687,0.518,0.551,0.337,0.306,0.215,0.147,0.088]
Epoch [186] Training Results: Prec@1 99.369 Prec@5 99.997             Loss 0.02610
Epoch [186] Training Class Recall: [0.980,0.987,0.983,0.994,0.996,0.999,0.999,0.999,0.998,1.000]
Epoch [186] Testing Results: Prec@1 42.750 Prec@5 83.660             Loss 3.81385
Epoch [186] Testing Class Recall: [0.656,0.791,0.657,0.504,0.584,0.356,0.291,0.211,0.140,0.085]
Epoch [187] Training Results: Prec@1 99.434 Prec@5 99.991             Loss 0.02592
Epoch [187] Training Class Recall: [0.982,0.989,0.984,0.995,0.996,0.998,1.000,0.999,0.999,1.000]
Epoch [187] Testing Results: Prec@1 43.090 Prec@5 83.650             Loss 3.79545
Epoch [187] Testing Class Recall: [0.647,0.780,0.670,0.505,0.579,0.365,0.312,0.233,0.137,0.081]
Epoch [188] Training Results: Prec@1 99.454 Prec@5 100.000             Loss 0.02646
Epoch [188] Training Class Recall: [0.980,0.987,0.984,0.997,0.998,0.999,1.000,1.000,0.999,1.000]
Epoch [188] Testing Results: Prec@1 43.400 Prec@5 83.750             Loss 3.73088
Epoch [188] Testing Class Recall: [0.653,0.780,0.668,0.494,0.565,0.376,0.335,0.236,0.149,0.084]
Epoch [189] Training Results: Prec@1 99.397 Prec@5 99.994             Loss 0.02615
Epoch [189] Training Class Recall: [0.979,0.986,0.986,0.995,0.998,0.998,0.999,1.000,0.998,1.000]
Epoch [189] Testing Results: Prec@1 43.030 Prec@5 83.540             Loss 3.79458
Epoch [189] Testing Class Recall: [0.644,0.801,0.663,0.517,0.593,0.342,0.288,0.227,0.151,0.077]
Epoch [190] Training Results: Prec@1 99.331 Prec@5 99.997             Loss 0.02696
Epoch [190] Training Class Recall: [0.980,0.985,0.983,0.993,0.996,0.999,0.999,0.999,0.999,1.000]
Epoch [190] Testing Results: Prec@1 42.960 Prec@5 83.640             Loss 3.81165
Epoch [190] Testing Class Recall: [0.659,0.789,0.654,0.514,0.586,0.352,0.303,0.216,0.141,0.082]
Epoch [191] Training Results: Prec@1 99.391 Prec@5 99.997             Loss 0.02690
Epoch [191] Training Class Recall: [0.978,0.988,0.983,0.994,0.999,0.999,0.999,0.999,0.999,1.000]
Epoch [191] Testing Results: Prec@1 43.410 Prec@5 83.710             Loss 3.81731
Epoch [191] Testing Class Recall: [0.656,0.790,0.671,0.509,0.588,0.355,0.317,0.228,0.153,0.074]
Epoch [192] Training Results: Prec@1 99.343 Prec@5 99.994             Loss 0.02647
Epoch [192] Training Class Recall: [0.980,0.990,0.981,0.993,0.997,0.998,0.998,0.998,0.999,0.999]
Epoch [192] Testing Results: Prec@1 42.900 Prec@5 83.590             Loss 3.79979
Epoch [192] Testing Class Recall: [0.659,0.781,0.684,0.486,0.579,0.345,0.314,0.211,0.155,0.076]
Epoch [193] Training Results: Prec@1 99.403 Prec@5 99.994             Loss 0.02637
Epoch [193] Training Class Recall: [0.980,0.988,0.984,0.994,0.996,0.999,1.000,1.000,0.999,0.999]
Epoch [193] Testing Results: Prec@1 43.200 Prec@5 83.870             Loss 3.77710
Epoch [193] Testing Class Recall: [0.650,0.784,0.663,0.505,0.575,0.380,0.306,0.234,0.140,0.083]
Epoch [194] Training Results: Prec@1 99.403 Prec@5 100.000             Loss 0.02645
Epoch [194] Training Class Recall: [0.982,0.988,0.983,0.993,0.997,0.999,0.998,0.999,0.999,0.999]
Epoch [194] Testing Results: Prec@1 42.890 Prec@5 83.480             Loss 3.81473
Epoch [194] Testing Class Recall: [0.652,0.785,0.669,0.513,0.564,0.360,0.307,0.229,0.142,0.068]
Epoch [195] Training Results: Prec@1 99.411 Prec@5 99.994             Loss 0.02635
Epoch [195] Training Class Recall: [0.983,0.988,0.986,0.993,0.997,0.996,0.999,0.999,0.998,1.000]
Epoch [195] Testing Results: Prec@1 42.960 Prec@5 83.760             Loss 3.79153
Epoch [195] Testing Class Recall: [0.654,0.786,0.671,0.494,0.586,0.341,0.304,0.230,0.148,0.082]
Epoch [196] Training Results: Prec@1 99.443 Prec@5 99.994             Loss 0.02612
Epoch [196] Training Class Recall: [0.982,0.989,0.986,0.993,0.997,0.999,0.999,0.999,0.998,1.000]
Epoch [196] Testing Results: Prec@1 43.330 Prec@5 83.840             Loss 3.75717
Epoch [196] Testing Class Recall: [0.649,0.789,0.666,0.503,0.576,0.366,0.314,0.243,0.144,0.083]
Epoch [197] Training Results: Prec@1 99.431 Prec@5 100.000             Loss 0.02592
Epoch [197] Training Class Recall: [0.980,0.988,0.985,0.997,0.996,0.998,0.999,1.000,0.999,1.000]
Epoch [197] Testing Results: Prec@1 43.020 Prec@5 83.640             Loss 3.80291
Epoch [197] Testing Class Recall: [0.675,0.775,0.683,0.490,0.570,0.359,0.298,0.224,0.154,0.074]
Epoch [198] Training Results: Prec@1 99.371 Prec@5 99.994             Loss 0.02778
Epoch [198] Training Class Recall: [0.980,0.988,0.983,0.995,0.995,0.999,0.999,0.999,0.998,1.000]
Epoch [198] Testing Results: Prec@1 42.610 Prec@5 83.540             Loss 3.80776
Epoch [198] Testing Class Recall: [0.654,0.786,0.658,0.518,0.577,0.338,0.284,0.215,0.151,0.080]
Epoch [199] Training Results: Prec@1 99.414 Prec@5 99.997             Loss 0.02570
Epoch [199] Training Class Recall: [0.979,0.988,0.984,0.995,0.998,0.999,0.999,1.000,0.999,0.999]
Epoch [199] Testing Results: Prec@1 43.160 Prec@5 83.800             Loss 3.75912
Epoch [199] Testing Class Recall: [0.645,0.807,0.675,0.514,0.555,0.328,0.323,0.240,0.142,0.087]
