Log file: cifar10_sava0.1_randomoversampling_selection_exp0.01_seed42_20260613_134918.log
Run started: 2026-06-13 13:49:18.465609
Dataset: cifar10
Imbalance type: exp, factor: 0.01
Selection method: sava, ratio: 0.1
Strategy: RandomOversampling_Selection, epochs: 200
Seed: 42, rand_number: 0
Augmentation: weak
Noise ratio: 0.2
mamix_ratio: 1.0
============================================================

=> Preparing logger and tensorboard writer !
----------------------------------------------------
Class ID   | Original   | Selected   | Keep %  
----------------------------------------------------
0          | 5000       | 1175       |    23.5%
1          | 5000       | 373        |     7.5%
2          | 5000       | 332        |     6.6%
3          | 5000       | 455        |     9.1%
4          | 5000       | 354        |     7.1%
5          | 5000       | 468        |     9.4%
6          | 5000       | 380        |     7.6%
7          | 5000       | 427        |     8.5%
8          | 5000       | 532        |    10.6%
9          | 5000       | 504        |    10.1%
----------------------------------------------------
TOTAL      | 50000      | 5000       |    10.0%
----------------------------------------------------
Epoch [0] Training Results: Prec@1 27.440 Prec@5 66.520             Loss 2.13213
Epoch [0] Training Class Recall: [0.758,0.091,0.039,0.123,0.144,0.231,0.050,0.115,0.100,0.194]
Epoch [0] Testing Results: Prec@1 18.070 Prec@5 63.670             Loss 2.56385
Epoch [0] Testing Class Recall: [0.449,0.055,0.000,0.636,0.011,0.417,0.001,0.044,0.011,0.183]
Epoch [1] Training Results: Prec@1 35.980 Prec@5 77.600             Loss 1.88548
Epoch [1] Training Class Recall: [0.830,0.190,0.063,0.262,0.121,0.444,0.189,0.155,0.188,0.246]
Epoch [1] Testing Results: Prec@1 11.170 Prec@5 62.070             Loss 4.69756
Epoch [1] Testing Class Recall: [0.000,0.000,0.000,0.472,0.001,0.008,0.392,0.001,0.000,0.243]
Epoch [2] Training Results: Prec@1 34.160 Prec@5 76.700             Loss 1.91204
Epoch [2] Training Class Recall: [0.786,0.161,0.039,0.295,0.034,0.415,0.216,0.126,0.179,0.278]
Epoch [2] Testing Results: Prec@1 12.370 Prec@5 57.160             Loss 5.44309
Epoch [2] Testing Class Recall: [0.000,0.000,0.000,0.037,0.000,0.370,0.039,0.001,0.000,0.790]
Epoch [3] Training Results: Prec@1 35.620 Prec@5 78.480             Loss 1.88355
Epoch [3] Training Class Recall: [0.846,0.099,0.045,0.204,0.028,0.368,0.224,0.276,0.226,0.272]
Epoch [3] Testing Results: Prec@1 20.010 Prec@5 71.790             Loss 2.30315
Epoch [3] Testing Class Recall: [0.447,0.113,0.000,0.304,0.262,0.037,0.244,0.552,0.037,0.005]
Epoch [4] Training Results: Prec@1 39.560 Prec@5 82.940             Loss 1.71821
Epoch [4] Training Class Recall: [0.864,0.137,0.060,0.332,0.048,0.393,0.282,0.326,0.231,0.339]
Epoch [4] Testing Results: Prec@1 19.720 Prec@5 68.700             Loss 2.38245
Epoch [4] Testing Class Recall: [0.260,0.000,0.308,0.000,0.391,0.324,0.037,0.170,0.026,0.456]
Epoch [5] Training Results: Prec@1 43.600 Prec@5 86.780             Loss 1.58660
Epoch [5] Training Class Recall: [0.865,0.193,0.105,0.297,0.110,0.464,0.324,0.349,0.352,0.411]
Epoch [5] Testing Results: Prec@1 17.060 Prec@5 62.940             Loss 2.52328
Epoch [5] Testing Class Recall: [0.242,0.013,0.026,0.128,0.000,0.592,0.000,0.166,0.101,0.438]
Epoch [6] Training Results: Prec@1 42.320 Prec@5 85.140             Loss 1.64760
Epoch [6] Training Class Recall: [0.843,0.166,0.096,0.352,0.011,0.547,0.145,0.340,0.344,0.452]
Epoch [6] Testing Results: Prec@1 18.430 Prec@5 68.500             Loss 2.78304
Epoch [6] Testing Class Recall: [0.208,0.002,0.051,0.026,0.074,0.498,0.100,0.284,0.084,0.516]
Epoch [7] Training Results: Prec@1 42.480 Prec@5 86.740             Loss 1.67415
Epoch [7] Training Class Recall: [0.846,0.188,0.069,0.277,0.102,0.521,0.268,0.337,0.355,0.389]
Epoch [7] Testing Results: Prec@1 18.810 Prec@5 67.580             Loss 4.06473
Epoch [7] Testing Class Recall: [0.242,0.158,0.169,0.266,0.000,0.279,0.276,0.426,0.004,0.061]
Epoch [8] Training Results: Prec@1 48.380 Prec@5 89.240             Loss 1.52189
Epoch [8] Training Class Recall: [0.824,0.217,0.136,0.367,0.093,0.538,0.368,0.475,0.504,0.520]
Epoch [8] Testing Results: Prec@1 18.700 Prec@5 65.510             Loss 4.10030
Epoch [8] Testing Class Recall: [0.522,0.060,0.038,0.007,0.052,0.272,0.821,0.034,0.006,0.058]
Epoch [9] Training Results: Prec@1 52.920 Prec@5 91.600             Loss 1.35472
Epoch [9] Training Class Recall: [0.864,0.268,0.117,0.391,0.110,0.577,0.384,0.536,0.643,0.571]
Epoch [9] Testing Results: Prec@1 19.200 Prec@5 62.190             Loss 4.04339
Epoch [9] Testing Class Recall: [0.632,0.018,0.061,0.001,0.104,0.323,0.691,0.021,0.003,0.066]
Epoch [10] Training Results: Prec@1 54.120 Prec@5 91.880             Loss 1.32540
Epoch [10] Training Class Recall: [0.869,0.265,0.114,0.409,0.172,0.594,0.432,0.518,0.618,0.613]
Epoch [10] Testing Results: Prec@1 18.020 Prec@5 66.150             Loss 3.86691
Epoch [10] Testing Class Recall: [0.532,0.038,0.018,0.452,0.103,0.351,0.054,0.197,0.027,0.030]
Epoch [11] Training Results: Prec@1 57.360 Prec@5 93.520             Loss 1.22819
Epoch [11] Training Class Recall: [0.863,0.265,0.166,0.402,0.220,0.630,0.418,0.609,0.711,0.688]
Epoch [11] Testing Results: Prec@1 19.290 Prec@5 69.360             Loss 3.96988
Epoch [11] Testing Class Recall: [0.536,0.050,0.091,0.070,0.201,0.582,0.117,0.076,0.073,0.133]
Epoch [12] Training Results: Prec@1 63.420 Prec@5 95.760             Loss 1.06081
Epoch [12] Training Class Recall: [0.880,0.383,0.199,0.453,0.277,0.660,0.576,0.686,0.799,0.750]
Epoch [12] Testing Results: Prec@1 19.400 Prec@5 68.420             Loss 5.11299
Epoch [12] Testing Class Recall: [0.633,0.094,0.117,0.416,0.199,0.240,0.095,0.038,0.095,0.013]
Epoch [13] Training Results: Prec@1 56.580 Prec@5 93.440             Loss 1.26849
Epoch [13] Training Class Recall: [0.862,0.233,0.208,0.369,0.249,0.665,0.489,0.667,0.592,0.609]
Epoch [13] Testing Results: Prec@1 20.830 Prec@5 73.190             Loss 3.04409
Epoch [13] Testing Class Recall: [0.386,0.118,0.070,0.160,0.228,0.198,0.327,0.436,0.108,0.052]
Epoch [14] Training Results: Prec@1 59.760 Prec@5 94.520             Loss 1.16514
Epoch [14] Training Class Recall: [0.826,0.375,0.280,0.413,0.274,0.596,0.482,0.660,0.761,0.696]
Epoch [14] Testing Results: Prec@1 19.460 Prec@5 62.950             Loss 4.37282
Epoch [14] Testing Class Recall: [0.378,0.225,0.019,0.606,0.212,0.305,0.032,0.075,0.075,0.019]
Epoch [15] Training Results: Prec@1 63.600 Prec@5 95.480             Loss 1.08067
Epoch [15] Training Class Recall: [0.876,0.399,0.265,0.409,0.362,0.690,0.537,0.724,0.765,0.708]
Epoch [15] Testing Results: Prec@1 21.230 Prec@5 66.830             Loss 3.77529
Epoch [15] Testing Class Recall: [0.509,0.049,0.155,0.544,0.035,0.308,0.058,0.108,0.077,0.280]
Epoch [16] Training Results: Prec@1 69.580 Prec@5 97.500             Loss 0.88036
Epoch [16] Training Class Recall: [0.871,0.424,0.286,0.490,0.458,0.765,0.624,0.782,0.883,0.831]
Epoch [16] Testing Results: Prec@1 21.730 Prec@5 70.150             Loss 4.42147
Epoch [16] Testing Class Recall: [0.566,0.094,0.168,0.178,0.079,0.383,0.379,0.147,0.079,0.100]
Epoch [17] Training Results: Prec@1 73.220 Prec@5 97.720             Loss 0.79128
Epoch [17] Training Class Recall: [0.902,0.528,0.364,0.499,0.455,0.784,0.700,0.808,0.883,0.887]
Epoch [17] Testing Results: Prec@1 21.940 Prec@5 67.000             Loss 4.49451
Epoch [17] Testing Class Recall: [0.622,0.240,0.290,0.313,0.098,0.276,0.188,0.103,0.020,0.044]
Epoch [18] Training Results: Prec@1 78.340 Prec@5 98.840             Loss 0.63630
Epoch [18] Training Class Recall: [0.893,0.601,0.467,0.578,0.613,0.818,0.776,0.902,0.893,0.935]
Epoch [18] Testing Results: Prec@1 20.500 Prec@5 65.830             Loss 6.54396
Epoch [18] Testing Class Recall: [0.709,0.121,0.122,0.173,0.239,0.192,0.332,0.065,0.007,0.090]
Epoch [19] Training Results: Prec@1 77.920 Prec@5 98.680             Loss 0.66757
Epoch [19] Training Class Recall: [0.902,0.582,0.473,0.598,0.616,0.799,0.766,0.834,0.915,0.921]
Epoch [19] Testing Results: Prec@1 21.350 Prec@5 68.720             Loss 5.48766
Epoch [19] Testing Class Recall: [0.615,0.213,0.032,0.379,0.182,0.137,0.189,0.195,0.185,0.008]
Epoch [20] Training Results: Prec@1 73.200 Prec@5 97.720             Loss 0.79163
Epoch [20] Training Class Recall: [0.887,0.466,0.419,0.578,0.596,0.788,0.689,0.850,0.801,0.815]
Epoch [20] Testing Results: Prec@1 22.450 Prec@5 70.300             Loss 5.73002
Epoch [20] Testing Class Recall: [0.566,0.194,0.117,0.185,0.091,0.143,0.736,0.093,0.051,0.069]
Epoch [21] Training Results: Prec@1 82.980 Prec@5 99.240             Loss 0.49833
Epoch [21] Training Class Recall: [0.918,0.676,0.533,0.695,0.734,0.859,0.805,0.939,0.908,0.938]
Epoch [21] Testing Results: Prec@1 20.320 Prec@5 67.960             Loss 6.28350
Epoch [21] Testing Class Recall: [0.656,0.154,0.204,0.332,0.096,0.354,0.023,0.091,0.030,0.092]
Epoch [22] Training Results: Prec@1 88.220 Prec@5 99.520             Loss 0.35874
Epoch [22] Training Class Recall: [0.931,0.769,0.614,0.749,0.822,0.908,0.916,0.972,0.970,0.972]
Epoch [22] Testing Results: Prec@1 21.080 Prec@5 67.970             Loss 6.28277
Epoch [22] Testing Class Recall: [0.650,0.158,0.129,0.534,0.208,0.099,0.080,0.097,0.033,0.120]
Epoch [23] Training Results: Prec@1 87.660 Prec@5 99.600             Loss 0.37103
Epoch [23] Training Class Recall: [0.921,0.772,0.611,0.758,0.839,0.919,0.911,0.923,0.972,0.954]
Epoch [23] Testing Results: Prec@1 19.790 Prec@5 64.500             Loss 6.57741
Epoch [23] Testing Class Recall: [0.706,0.034,0.189,0.194,0.403,0.157,0.057,0.112,0.029,0.098]
Epoch [24] Training Results: Prec@1 75.180 Prec@5 98.220             Loss 0.75467
Epoch [24] Training Class Recall: [0.894,0.542,0.413,0.618,0.636,0.735,0.779,0.838,0.820,0.853]
Epoch [24] Testing Results: Prec@1 21.630 Prec@5 66.800             Loss 5.13041
Epoch [24] Testing Class Recall: [0.502,0.397,0.183,0.312,0.099,0.130,0.243,0.117,0.080,0.100]
Epoch [25] Training Results: Prec@1 84.860 Prec@5 99.380             Loss 0.45266
Epoch [25] Training Class Recall: [0.907,0.732,0.524,0.771,0.760,0.876,0.842,0.946,0.929,0.956]
Epoch [25] Testing Results: Prec@1 19.420 Prec@5 66.320             Loss 8.22223
Epoch [25] Testing Class Recall: [0.601,0.131,0.078,0.232,0.607,0.061,0.032,0.115,0.082,0.003]
Epoch [26] Training Results: Prec@1 75.740 Prec@5 97.800             Loss 0.76476
Epoch [26] Training Class Recall: [0.893,0.574,0.343,0.635,0.650,0.806,0.658,0.841,0.872,0.875]
Epoch [26] Testing Results: Prec@1 21.340 Prec@5 70.540             Loss 4.66115
Epoch [26] Testing Class Recall: [0.581,0.200,0.101,0.230,0.059,0.404,0.388,0.028,0.076,0.067]
Epoch [27] Training Results: Prec@1 85.120 Prec@5 99.380             Loss 0.45912
Epoch [27] Training Class Recall: [0.913,0.751,0.521,0.716,0.791,0.904,0.858,0.951,0.921,0.950]
Epoch [27] Testing Results: Prec@1 22.540 Prec@5 67.380             Loss 5.68906
Epoch [27] Testing Class Recall: [0.493,0.323,0.255,0.305,0.042,0.374,0.281,0.078,0.031,0.072]
Epoch [28] Training Results: Prec@1 83.540 Prec@5 98.940             Loss 0.51761
Epoch [28] Training Class Recall: [0.891,0.708,0.548,0.741,0.715,0.897,0.855,0.855,0.957,0.942]
Epoch [28] Testing Results: Prec@1 19.070 Prec@5 64.150             Loss 6.14925
Epoch [28] Testing Class Recall: [0.666,0.086,0.204,0.530,0.074,0.177,0.046,0.005,0.056,0.063]
Epoch [29] Training Results: Prec@1 90.540 Prec@5 99.720             Loss 0.29778
Epoch [29] Training Class Recall: [0.945,0.780,0.711,0.809,0.904,0.891,0.945,0.960,0.974,0.988]
Epoch [29] Testing Results: Prec@1 22.470 Prec@5 69.270             Loss 6.05074
Epoch [29] Testing Class Recall: [0.688,0.292,0.217,0.176,0.276,0.223,0.216,0.094,0.045,0.020]
Epoch [30] Training Results: Prec@1 92.480 Prec@5 99.820             Loss 0.23255
Epoch [30] Training Class Recall: [0.951,0.858,0.705,0.855,0.907,0.944,0.971,0.984,0.968,0.986]
Epoch [30] Testing Results: Prec@1 19.630 Prec@5 66.490             Loss 7.94170
Epoch [30] Testing Class Recall: [0.637,0.111,0.111,0.593,0.109,0.096,0.051,0.093,0.123,0.039]
Epoch [31] Training Results: Prec@1 78.160 Prec@5 98.660             Loss 0.69983
Epoch [31] Training Class Recall: [0.864,0.574,0.500,0.723,0.737,0.818,0.784,0.871,0.827,0.853]
Epoch [31] Testing Results: Prec@1 19.160 Prec@5 64.930             Loss 5.51506
Epoch [31] Testing Class Recall: [0.623,0.083,0.087,0.500,0.088,0.219,0.134,0.020,0.100,0.062]
Epoch [32] Training Results: Prec@1 82.800 Prec@5 99.300             Loss 0.52675
Epoch [32] Training Class Recall: [0.912,0.649,0.578,0.719,0.726,0.906,0.845,0.876,0.882,0.917]
Epoch [32] Testing Results: Prec@1 20.660 Prec@5 66.180             Loss 5.73288
Epoch [32] Testing Class Recall: [0.485,0.072,0.223,0.312,0.115,0.356,0.150,0.037,0.037,0.279]
Epoch [33] Training Results: Prec@1 88.700 Prec@5 99.500             Loss 0.35491
Epoch [33] Training Class Recall: [0.931,0.745,0.639,0.791,0.856,0.912,0.908,0.965,0.970,0.968]
Epoch [33] Testing Results: Prec@1 20.470 Prec@5 67.940             Loss 5.88077
Epoch [33] Testing Class Recall: [0.567,0.137,0.356,0.404,0.072,0.144,0.218,0.091,0.041,0.017]
Epoch [34] Training Results: Prec@1 90.660 Prec@5 99.840             Loss 0.29470
Epoch [34] Training Class Recall: [0.913,0.815,0.759,0.840,0.881,0.929,0.929,0.965,0.968,0.982]
Epoch [34] Testing Results: Prec@1 20.140 Prec@5 67.920             Loss 6.53417
Epoch [34] Testing Class Recall: [0.632,0.126,0.402,0.097,0.209,0.384,0.086,0.037,0.022,0.019]
Epoch [35] Training Results: Prec@1 91.420 Prec@5 99.760             Loss 0.27818
Epoch [35] Training Class Recall: [0.945,0.818,0.759,0.870,0.884,0.932,0.953,0.939,0.968,0.954]
Epoch [35] Testing Results: Prec@1 21.640 Prec@5 66.180             Loss 6.56207
Epoch [35] Testing Class Recall: [0.645,0.239,0.185,0.290,0.087,0.355,0.138,0.098,0.076,0.051]
Epoch [36] Training Results: Prec@1 90.940 Prec@5 99.920             Loss 0.27117
Epoch [36] Training Class Recall: [0.925,0.845,0.750,0.862,0.901,0.891,0.939,0.963,0.962,0.968]
Epoch [36] Testing Results: Prec@1 20.130 Prec@5 65.200             Loss 7.04224
Epoch [36] Testing Class Recall: [0.656,0.082,0.183,0.205,0.151,0.499,0.119,0.018,0.038,0.062]
Epoch [37] Training Results: Prec@1 92.100 Prec@5 99.940             Loss 0.24059
Epoch [37] Training Class Recall: [0.946,0.885,0.753,0.870,0.915,0.882,0.929,0.977,0.972,0.980]
Epoch [37] Testing Results: Prec@1 20.650 Prec@5 68.380             Loss 6.95350
Epoch [37] Testing Class Recall: [0.666,0.110,0.190,0.356,0.070,0.341,0.179,0.034,0.116,0.003]
Epoch [38] Training Results: Prec@1 93.520 Prec@5 99.880             Loss 0.19937
Epoch [38] Training Class Recall: [0.952,0.869,0.774,0.897,0.941,0.959,0.939,0.974,0.974,0.982]
Epoch [38] Testing Results: Prec@1 20.610 Prec@5 68.510             Loss 7.38013
Epoch [38] Testing Class Recall: [0.698,0.205,0.086,0.556,0.117,0.131,0.147,0.035,0.057,0.029]
Epoch [39] Training Results: Prec@1 96.560 Prec@5 99.980             Loss 0.11482
Epoch [39] Training Class Recall: [0.973,0.917,0.858,0.947,0.963,0.981,0.982,0.995,0.996,0.990]
Epoch [39] Testing Results: Prec@1 22.750 Prec@5 69.670             Loss 6.78821
Epoch [39] Testing Class Recall: [0.617,0.395,0.196,0.286,0.148,0.307,0.159,0.090,0.053,0.024]
Epoch [40] Training Results: Prec@1 96.600 Prec@5 99.960             Loss 0.10710
Epoch [40] Training Class Recall: [0.961,0.944,0.895,0.943,0.969,0.987,0.979,0.993,0.989,0.984]
Epoch [40] Testing Results: Prec@1 20.480 Prec@5 69.340             Loss 7.39680
Epoch [40] Testing Class Recall: [0.647,0.248,0.157,0.427,0.076,0.248,0.040,0.087,0.059,0.059]
Epoch [41] Training Results: Prec@1 94.920 Prec@5 99.960             Loss 0.15030
Epoch [41] Training Class Recall: [0.963,0.906,0.843,0.932,0.949,0.953,0.987,0.946,0.968,0.986]
Epoch [41] Testing Results: Prec@1 19.580 Prec@5 68.300             Loss 7.94519
Epoch [41] Testing Class Recall: [0.698,0.156,0.092,0.511,0.128,0.159,0.091,0.029,0.085,0.009]
Epoch [42] Training Results: Prec@1 96.740 Prec@5 99.980             Loss 0.11104
Epoch [42] Training Class Recall: [0.969,0.933,0.901,0.952,0.958,0.983,0.976,0.993,0.991,0.988]
Epoch [42] Testing Results: Prec@1 20.000 Prec@5 68.180             Loss 8.29902
Epoch [42] Testing Class Recall: [0.683,0.098,0.052,0.384,0.134,0.159,0.316,0.025,0.032,0.117]
Epoch [43] Training Results: Prec@1 87.200 Prec@5 99.460             Loss 0.39897
Epoch [43] Training Class Recall: [0.934,0.796,0.560,0.802,0.780,0.906,0.934,0.902,0.936,0.946]
Epoch [43] Testing Results: Prec@1 18.940 Prec@5 66.110             Loss 6.75125
Epoch [43] Testing Class Recall: [0.487,0.217,0.166,0.426,0.042,0.315,0.125,0.043,0.046,0.027]
Epoch [44] Training Results: Prec@1 88.780 Prec@5 99.660             Loss 0.34155
Epoch [44] Training Class Recall: [0.907,0.777,0.699,0.835,0.890,0.934,0.884,0.956,0.936,0.946]
Epoch [44] Testing Results: Prec@1 20.110 Prec@5 67.100             Loss 7.27014
Epoch [44] Testing Class Recall: [0.504,0.164,0.375,0.384,0.069,0.261,0.079,0.104,0.043,0.028]
Epoch [45] Training Results: Prec@1 90.380 Prec@5 99.780             Loss 0.30490
Epoch [45] Training Class Recall: [0.937,0.729,0.804,0.879,0.867,0.947,0.916,0.913,0.953,0.960]
Epoch [45] Testing Results: Prec@1 19.760 Prec@5 66.260             Loss 5.98636
Epoch [45] Testing Class Recall: [0.584,0.216,0.180,0.471,0.151,0.149,0.121,0.042,0.026,0.036]
Epoch [46] Training Results: Prec@1 93.400 Prec@5 99.900             Loss 0.19252
Epoch [46] Training Class Recall: [0.949,0.863,0.816,0.875,0.921,0.957,0.971,0.965,0.985,0.962]
Epoch [46] Testing Results: Prec@1 21.190 Prec@5 66.180             Loss 6.81085
Epoch [46] Testing Class Recall: [0.579,0.269,0.188,0.420,0.186,0.237,0.078,0.068,0.023,0.071]
Epoch [47] Training Results: Prec@1 96.400 Prec@5 99.980             Loss 0.11447
Epoch [47] Training Class Recall: [0.962,0.944,0.843,0.963,0.972,0.981,0.984,0.993,0.981,0.986]
Epoch [47] Testing Results: Prec@1 20.110 Prec@5 65.080             Loss 7.64849
Epoch [47] Testing Class Recall: [0.579,0.144,0.236,0.348,0.058,0.360,0.139,0.042,0.012,0.093]
Epoch [48] Training Results: Prec@1 94.280 Prec@5 99.960             Loss 0.17047
Epoch [48] Training Class Recall: [0.937,0.890,0.831,0.938,0.958,0.979,0.924,0.977,0.970,0.986]
Epoch [48] Testing Results: Prec@1 20.730 Prec@5 66.780             Loss 7.44510
Epoch [48] Testing Class Recall: [0.634,0.081,0.452,0.412,0.026,0.107,0.047,0.039,0.216,0.059]
Epoch [49] Training Results: Prec@1 91.980 Prec@5 99.860             Loss 0.25741
Epoch [49] Training Class Recall: [0.946,0.842,0.786,0.897,0.910,0.940,0.934,0.965,0.914,0.970]
Epoch [49] Testing Results: Prec@1 22.110 Prec@5 70.130             Loss 6.10439
Epoch [49] Testing Class Recall: [0.577,0.153,0.142,0.388,0.146,0.381,0.091,0.031,0.140,0.162]
Epoch [50] Training Results: Prec@1 93.400 Prec@5 99.920             Loss 0.20479
Epoch [50] Training Class Recall: [0.935,0.890,0.792,0.914,0.929,0.940,0.968,0.979,0.962,0.978]
Epoch [50] Testing Results: Prec@1 19.700 Prec@5 64.820             Loss 7.79180
Epoch [50] Testing Class Recall: [0.656,0.152,0.313,0.438,0.063,0.153,0.080,0.018,0.070,0.027]
Epoch [51] Training Results: Prec@1 95.940 Prec@5 99.920             Loss 0.13376
Epoch [51] Training Class Recall: [0.968,0.901,0.840,0.956,0.946,0.979,0.974,0.988,0.989,0.990]
Epoch [51] Testing Results: Prec@1 21.540 Prec@5 67.520             Loss 7.16729
Epoch [51] Testing Class Recall: [0.659,0.197,0.310,0.370,0.109,0.143,0.201,0.074,0.066,0.025]
Epoch [52] Training Results: Prec@1 97.640 Prec@5 100.000             Loss 0.07595
Epoch [52] Training Class Recall: [0.977,0.936,0.922,0.965,0.975,0.991,0.997,0.988,0.996,0.992]
Epoch [52] Testing Results: Prec@1 20.750 Prec@5 68.030             Loss 6.88622
Epoch [52] Testing Class Recall: [0.651,0.145,0.263,0.367,0.063,0.226,0.091,0.141,0.054,0.074]
Epoch [53] Training Results: Prec@1 91.660 Prec@5 99.620             Loss 0.28912
Epoch [53] Training Class Recall: [0.942,0.874,0.780,0.835,0.893,0.936,0.955,0.906,0.968,0.976]
Epoch [53] Testing Results: Prec@1 20.570 Prec@5 66.460             Loss 6.59123
Epoch [53] Testing Class Recall: [0.633,0.138,0.199,0.418,0.118,0.251,0.146,0.025,0.067,0.062]
Epoch [54] Training Results: Prec@1 93.680 Prec@5 99.860             Loss 0.20513
Epoch [54] Training Class Recall: [0.935,0.901,0.825,0.914,0.927,0.962,0.937,0.958,0.974,0.988]
Epoch [54] Testing Results: Prec@1 20.960 Prec@5 68.350             Loss 6.75353
Epoch [54] Testing Class Recall: [0.610,0.157,0.339,0.335,0.164,0.242,0.054,0.042,0.053,0.100]
Epoch [55] Training Results: Prec@1 91.220 Prec@5 99.780             Loss 0.28243
Epoch [55] Training Class Recall: [0.946,0.799,0.807,0.899,0.890,0.900,0.942,0.934,0.959,0.937]
Epoch [55] Testing Results: Prec@1 21.080 Prec@5 66.470             Loss 6.61455
Epoch [55] Testing Class Recall: [0.699,0.108,0.248,0.187,0.091,0.390,0.240,0.016,0.044,0.085]
Epoch [56] Training Results: Prec@1 93.980 Prec@5 99.880             Loss 0.19647
Epoch [56] Training Class Recall: [0.949,0.855,0.861,0.930,0.907,0.959,0.929,0.981,0.979,0.978]
Epoch [56] Testing Results: Prec@1 20.980 Prec@5 66.180             Loss 7.60051
Epoch [56] Testing Class Recall: [0.695,0.221,0.434,0.288,0.136,0.162,0.024,0.072,0.033,0.033]
Epoch [57] Training Results: Prec@1 95.800 Prec@5 99.920             Loss 0.13932
Epoch [57] Training Class Recall: [0.954,0.922,0.852,0.943,0.955,0.970,0.992,0.995,0.989,0.978]
Epoch [57] Testing Results: Prec@1 20.810 Prec@5 66.770             Loss 7.13027
Epoch [57] Testing Class Recall: [0.715,0.143,0.219,0.297,0.178,0.264,0.092,0.018,0.050,0.105]
Epoch [58] Training Results: Prec@1 97.800 Prec@5 100.000             Loss 0.08029
Epoch [58] Training Class Recall: [0.980,0.952,0.919,0.969,0.980,0.985,0.995,0.995,0.992,0.988]
Epoch [58] Testing Results: Prec@1 20.360 Prec@5 66.070             Loss 7.74104
Epoch [58] Testing Class Recall: [0.627,0.186,0.185,0.472,0.162,0.157,0.180,0.032,0.028,0.007]
Epoch [59] Training Results: Prec@1 92.840 Prec@5 99.840             Loss 0.22703
Epoch [59] Training Class Recall: [0.928,0.855,0.843,0.936,0.887,0.959,0.958,0.956,0.940,0.976]
Epoch [59] Testing Results: Prec@1 21.590 Prec@5 68.350             Loss 7.17169
Epoch [59] Testing Class Recall: [0.705,0.206,0.141,0.463,0.176,0.212,0.036,0.040,0.040,0.140]
Epoch [60] Training Results: Prec@1 96.240 Prec@5 99.920             Loss 0.11208
Epoch [60] Training Class Recall: [0.969,0.871,0.913,0.969,0.949,0.974,0.982,0.988,0.979,0.984]
Epoch [60] Testing Results: Prec@1 22.630 Prec@5 70.140             Loss 6.71338
Epoch [60] Testing Class Recall: [0.584,0.336,0.181,0.356,0.150,0.358,0.148,0.045,0.036,0.069]
Epoch [61] Training Results: Prec@1 98.520 Prec@5 100.000             Loss 0.05274
Epoch [61] Training Class Recall: [0.983,0.971,0.946,0.980,0.977,0.998,0.995,0.998,0.998,0.994]
Epoch [61] Testing Results: Prec@1 21.270 Prec@5 67.390             Loss 7.71373
Epoch [61] Testing Class Recall: [0.727,0.196,0.124,0.401,0.253,0.222,0.128,0.029,0.035,0.012]
Epoch [62] Training Results: Prec@1 99.220 Prec@5 99.960             Loss 0.03209
Epoch [62] Training Class Recall: [0.993,0.976,0.970,0.991,0.992,1.000,0.997,0.998,0.996,0.998]
Epoch [62] Testing Results: Prec@1 22.580 Prec@5 70.540             Loss 7.08470
Epoch [62] Testing Class Recall: [0.642,0.276,0.194,0.390,0.122,0.307,0.166,0.035,0.056,0.070]
Epoch [63] Training Results: Prec@1 97.840 Prec@5 100.000             Loss 0.08020
Epoch [63] Training Class Recall: [0.964,0.960,0.970,0.974,1.000,0.998,0.984,0.986,0.983,0.986]
Epoch [63] Testing Results: Prec@1 21.310 Prec@5 70.700             Loss 7.61596
Epoch [63] Testing Class Recall: [0.751,0.161,0.186,0.247,0.154,0.297,0.180,0.094,0.034,0.027]
Epoch [64] Training Results: Prec@1 96.460 Prec@5 99.940             Loss 0.11008
Epoch [64] Training Class Recall: [0.969,0.928,0.934,0.952,0.949,0.989,0.982,0.974,0.957,0.990]
Epoch [64] Testing Results: Prec@1 22.090 Prec@5 67.790             Loss 10.15572
Epoch [64] Testing Class Recall: [0.675,0.358,0.466,0.379,0.054,0.110,0.008,0.052,0.071,0.036]
Epoch [65] Training Results: Prec@1 95.120 Prec@5 99.900             Loss 0.16618
Epoch [65] Training Class Recall: [0.969,0.944,0.780,0.934,0.955,0.966,0.937,0.977,0.981,0.986]
Epoch [65] Testing Results: Prec@1 22.780 Prec@5 70.660             Loss 6.20905
Epoch [65] Testing Class Recall: [0.559,0.339,0.229,0.160,0.163,0.323,0.112,0.093,0.112,0.188]
Epoch [66] Training Results: Prec@1 90.600 Prec@5 99.820             Loss 0.29076
Epoch [66] Training Class Recall: [0.917,0.839,0.786,0.888,0.887,0.949,0.876,0.951,0.955,0.931]
Epoch [66] Testing Results: Prec@1 19.350 Prec@5 69.090             Loss 7.80905
Epoch [66] Testing Class Recall: [0.643,0.152,0.078,0.600,0.085,0.105,0.134,0.075,0.037,0.026]
Epoch [67] Training Results: Prec@1 96.160 Prec@5 99.980             Loss 0.12449
Epoch [67] Training Class Recall: [0.974,0.887,0.892,0.963,0.955,0.966,0.971,0.993,0.996,0.964]
Epoch [67] Testing Results: Prec@1 21.750 Prec@5 70.550             Loss 7.90310
Epoch [67] Testing Class Recall: [0.701,0.342,0.223,0.430,0.030,0.184,0.050,0.122,0.083,0.010]
Epoch [68] Training Results: Prec@1 91.040 Prec@5 99.600             Loss 0.30006
Epoch [68] Training Class Recall: [0.940,0.853,0.789,0.881,0.904,0.944,0.926,0.841,0.953,0.964]
Epoch [68] Testing Results: Prec@1 18.400 Prec@5 65.870             Loss 7.52542
Epoch [68] Testing Class Recall: [0.646,0.068,0.212,0.261,0.363,0.112,0.071,0.071,0.020,0.016]
Epoch [69] Training Results: Prec@1 92.220 Prec@5 99.660             Loss 0.26319
Epoch [69] Training Class Recall: [0.960,0.791,0.846,0.901,0.802,0.953,0.955,0.956,0.955,0.968]
Epoch [69] Testing Results: Prec@1 20.080 Prec@5 67.950             Loss 6.46919
Epoch [69] Testing Class Recall: [0.645,0.157,0.296,0.382,0.058,0.188,0.024,0.050,0.166,0.042]
Epoch [70] Training Results: Prec@1 90.760 Prec@5 99.840             Loss 0.28933
Epoch [70] Training Class Recall: [0.943,0.839,0.780,0.844,0.881,0.891,0.937,0.944,0.938,0.966]
Epoch [70] Testing Results: Prec@1 21.700 Prec@5 68.200             Loss 5.60019
Epoch [70] Testing Class Recall: [0.682,0.150,0.255,0.347,0.139,0.256,0.089,0.072,0.028,0.152]
Epoch [71] Training Results: Prec@1 97.560 Prec@5 100.000             Loss 0.08284
Epoch [71] Training Class Recall: [0.982,0.944,0.892,0.967,0.966,0.983,0.992,0.993,0.998,0.996]
Epoch [71] Testing Results: Prec@1 21.140 Prec@5 70.100             Loss 6.62330
Epoch [71] Testing Class Recall: [0.715,0.182,0.229,0.427,0.118,0.237,0.054,0.064,0.042,0.046]
Epoch [72] Training Results: Prec@1 99.160 Prec@5 100.000             Loss 0.03865
Epoch [72] Training Class Recall: [0.987,0.984,0.964,0.996,0.989,0.998,0.995,1.000,1.000,1.000]
Epoch [72] Testing Results: Prec@1 21.470 Prec@5 70.390             Loss 6.79015
Epoch [72] Testing Class Recall: [0.658,0.201,0.386,0.412,0.099,0.186,0.048,0.057,0.044,0.056]
Epoch [73] Training Results: Prec@1 98.400 Prec@5 100.000             Loss 0.05814
Epoch [73] Training Class Recall: [0.971,0.971,0.949,0.991,0.997,0.994,0.997,0.991,0.992,0.998]
Epoch [73] Testing Results: Prec@1 20.210 Prec@5 69.430             Loss 8.22039
Epoch [73] Testing Class Recall: [0.749,0.197,0.338,0.398,0.045,0.160,0.019,0.051,0.040,0.024]
Epoch [74] Training Results: Prec@1 95.960 Prec@5 99.940             Loss 0.13388
Epoch [74] Training Class Recall: [0.963,0.954,0.867,0.943,0.958,0.976,0.939,0.986,0.979,0.990]
Epoch [74] Testing Results: Prec@1 20.400 Prec@5 68.810             Loss 7.23976
Epoch [74] Testing Class Recall: [0.699,0.190,0.236,0.443,0.048,0.199,0.107,0.034,0.022,0.062]
Epoch [75] Training Results: Prec@1 93.620 Prec@5 99.940             Loss 0.18637
Epoch [75] Training Class Recall: [0.952,0.882,0.864,0.873,0.898,0.949,0.955,0.970,0.970,0.980]
Epoch [75] Testing Results: Prec@1 21.800 Prec@5 66.670             Loss 7.14347
Epoch [75] Testing Class Recall: [0.722,0.273,0.308,0.329,0.092,0.095,0.122,0.158,0.049,0.032]
Epoch [76] Training Results: Prec@1 94.880 Prec@5 99.900             Loss 0.16772
Epoch [76] Training Class Recall: [0.958,0.866,0.910,0.943,0.941,0.917,0.971,0.963,0.985,0.988]
Epoch [76] Testing Results: Prec@1 20.780 Prec@5 68.650             Loss 7.84976
Epoch [76] Testing Class Recall: [0.644,0.134,0.088,0.437,0.045,0.375,0.030,0.047,0.046,0.232]
Epoch [77] Training Results: Prec@1 95.900 Prec@5 99.940             Loss 0.13854
Epoch [77] Training Class Recall: [0.972,0.914,0.873,0.934,0.972,0.964,0.958,0.984,0.987,0.978]
Epoch [77] Testing Results: Prec@1 19.980 Prec@5 70.230             Loss 7.62101
Epoch [77] Testing Class Recall: [0.706,0.171,0.108,0.527,0.091,0.203,0.023,0.076,0.066,0.027]
Epoch [78] Training Results: Prec@1 93.420 Prec@5 99.840             Loss 0.21083
Epoch [78] Training Class Recall: [0.937,0.914,0.822,0.934,0.949,0.917,0.926,0.967,0.959,0.974]
Epoch [78] Testing Results: Prec@1 19.440 Prec@5 67.020             Loss 7.85144
Epoch [78] Testing Class Recall: [0.727,0.151,0.157,0.517,0.121,0.110,0.048,0.036,0.040,0.037]
Epoch [79] Training Results: Prec@1 97.800 Prec@5 100.000             Loss 0.07010
Epoch [79] Training Class Recall: [0.979,0.962,0.922,0.980,0.955,0.987,0.995,0.995,0.992,0.988]
Epoch [79] Testing Results: Prec@1 21.020 Prec@5 68.860             Loss 7.43646
Epoch [79] Testing Class Recall: [0.699,0.203,0.273,0.533,0.053,0.142,0.028,0.045,0.046,0.080]
Epoch [80] Training Results: Prec@1 99.520 Prec@5 100.000             Loss 0.02337
Epoch [80] Training Class Recall: [0.994,0.987,0.973,0.996,0.997,1.000,1.000,1.000,1.000,1.000]
Epoch [80] Testing Results: Prec@1 21.300 Prec@5 69.190             Loss 7.34299
Epoch [80] Testing Class Recall: [0.709,0.226,0.283,0.361,0.139,0.249,0.029,0.021,0.051,0.062]
Epoch [81] Training Results: Prec@1 99.680 Prec@5 100.000             Loss 0.01864
Epoch [81] Training Class Recall: [0.992,0.995,0.988,0.998,1.000,1.000,1.000,1.000,1.000,1.000]
Epoch [81] Testing Results: Prec@1 20.740 Prec@5 69.870             Loss 7.95250
Epoch [81] Testing Class Recall: [0.803,0.249,0.214,0.370,0.082,0.216,0.048,0.015,0.057,0.020]
Epoch [82] Training Results: Prec@1 91.860 Prec@5 99.720             Loss 0.26682
Epoch [82] Training Class Recall: [0.943,0.866,0.819,0.877,0.887,0.929,0.968,0.967,0.955,0.899]
Epoch [82] Testing Results: Prec@1 20.500 Prec@5 70.560             Loss 6.71625
Epoch [82] Testing Class Recall: [0.684,0.260,0.118,0.490,0.146,0.073,0.028,0.051,0.053,0.147]
Epoch [83] Training Results: Prec@1 92.220 Prec@5 99.680             Loss 0.27267
Epoch [83] Training Class Recall: [0.960,0.853,0.846,0.888,0.924,0.844,0.905,0.972,0.977,0.950]
Epoch [83] Testing Results: Prec@1 21.050 Prec@5 66.300             Loss 6.83787
Epoch [83] Testing Class Recall: [0.608,0.151,0.378,0.385,0.060,0.113,0.261,0.093,0.027,0.029]
Epoch [84] Training Results: Prec@1 93.420 Prec@5 99.920             Loss 0.21777
Epoch [84] Training Class Recall: [0.938,0.850,0.883,0.934,0.907,0.955,0.903,0.986,0.966,0.968]
Epoch [84] Testing Results: Prec@1 23.350 Prec@5 71.220             Loss 5.99613
Epoch [84] Testing Class Recall: [0.719,0.295,0.194,0.394,0.037,0.215,0.164,0.083,0.111,0.123]
Epoch [85] Training Results: Prec@1 98.120 Prec@5 100.000             Loss 0.06632
Epoch [85] Training Class Recall: [0.986,0.952,0.910,0.980,0.992,0.987,0.989,0.998,0.991,0.996]
Epoch [85] Testing Results: Prec@1 21.930 Prec@5 68.730             Loss 6.94239
Epoch [85] Testing Class Recall: [0.634,0.254,0.247,0.505,0.046,0.241,0.072,0.035,0.104,0.055]
Epoch [86] Training Results: Prec@1 97.460 Prec@5 99.960             Loss 0.08963
Epoch [86] Training Class Recall: [0.978,0.965,0.946,0.965,0.932,0.972,0.992,0.988,0.991,0.992]
Epoch [86] Testing Results: Prec@1 20.570 Prec@5 68.090             Loss 8.44629
Epoch [86] Testing Class Recall: [0.706,0.207,0.322,0.379,0.135,0.107,0.084,0.034,0.070,0.013]
Epoch [87] Training Results: Prec@1 91.180 Prec@5 99.560             Loss 0.29833
Epoch [87] Training Class Recall: [0.932,0.895,0.720,0.840,0.915,0.932,0.945,0.965,0.947,0.940]
Epoch [87] Testing Results: Prec@1 18.790 Prec@5 64.530             Loss 7.66629
Epoch [87] Testing Class Recall: [0.630,0.091,0.182,0.114,0.014,0.564,0.192,0.027,0.025,0.040]
Epoch [88] Training Results: Prec@1 90.880 Prec@5 99.880             Loss 0.28204
Epoch [88] Training Class Recall: [0.937,0.877,0.753,0.848,0.890,0.895,0.937,0.958,0.966,0.927]
Epoch [88] Testing Results: Prec@1 20.790 Prec@5 67.500             Loss 6.45403
Epoch [88] Testing Class Recall: [0.535,0.210,0.228,0.307,0.140,0.399,0.057,0.034,0.070,0.099]
Epoch [89] Training Results: Prec@1 96.300 Prec@5 99.960             Loss 0.12114
Epoch [89] Training Class Recall: [0.951,0.954,0.892,0.934,0.972,0.957,0.979,0.998,0.996,0.994]
Epoch [89] Testing Results: Prec@1 19.210 Prec@5 62.960             Loss 8.22338
Epoch [89] Testing Class Recall: [0.689,0.090,0.186,0.537,0.138,0.196,0.008,0.020,0.021,0.036]
Epoch [90] Training Results: Prec@1 97.020 Prec@5 100.000             Loss 0.09942
Epoch [90] Training Class Recall: [0.981,0.925,0.943,0.963,0.986,0.972,0.984,0.988,0.942,0.994]
Epoch [90] Testing Results: Prec@1 22.020 Prec@5 69.760             Loss 7.12413
Epoch [90] Testing Class Recall: [0.614,0.313,0.181,0.588,0.058,0.140,0.153,0.077,0.059,0.019]
Epoch [91] Training Results: Prec@1 92.940 Prec@5 99.820             Loss 0.22690
Epoch [91] Training Class Recall: [0.963,0.866,0.873,0.897,0.924,0.942,0.939,0.911,0.970,0.921]
Epoch [91] Testing Results: Prec@1 21.280 Prec@5 68.760             Loss 6.27555
Epoch [91] Testing Class Recall: [0.602,0.279,0.299,0.340,0.075,0.225,0.043,0.063,0.017,0.185]
Epoch [92] Training Results: Prec@1 98.960 Prec@5 100.000             Loss 0.04359
Epoch [92] Training Class Recall: [0.991,0.976,0.967,0.987,0.992,0.996,0.989,0.991,0.998,0.996]
Epoch [92] Testing Results: Prec@1 21.930 Prec@5 70.220             Loss 6.47975
Epoch [92] Testing Class Recall: [0.715,0.272,0.197,0.385,0.139,0.226,0.050,0.093,0.042,0.074]
Epoch [93] Training Results: Prec@1 98.300 Prec@5 99.980             Loss 0.06171
Epoch [93] Training Class Recall: [0.990,0.979,0.907,0.985,0.975,0.987,0.995,0.984,1.000,0.994]
Epoch [93] Testing Results: Prec@1 21.020 Prec@5 65.770             Loss 8.00320
Epoch [93] Testing Class Recall: [0.659,0.137,0.247,0.473,0.030,0.289,0.021,0.048,0.027,0.171]
Epoch [94] Training Results: Prec@1 90.940 Prec@5 99.540             Loss 0.29969
Epoch [94] Training Class Recall: [0.951,0.756,0.780,0.910,0.915,0.938,0.950,0.909,0.961,0.895]
Epoch [94] Testing Results: Prec@1 20.460 Prec@5 69.090             Loss 6.74323
Epoch [94] Testing Class Recall: [0.601,0.140,0.218,0.431,0.075,0.164,0.241,0.022,0.046,0.108]
Epoch [95] Training Results: Prec@1 97.960 Prec@5 100.000             Loss 0.07450
Epoch [95] Training Class Recall: [0.983,0.933,0.946,0.978,0.972,0.998,0.989,0.995,0.994,0.982]
Epoch [95] Testing Results: Prec@1 21.390 Prec@5 70.530             Loss 6.39056
Epoch [95] Testing Class Recall: [0.650,0.190,0.261,0.358,0.194,0.202,0.109,0.067,0.037,0.071]
Epoch [96] Training Results: Prec@1 99.300 Prec@5 100.000             Loss 0.02776
Epoch [96] Training Class Recall: [0.991,0.979,0.979,0.991,0.992,0.998,1.000,0.998,1.000,0.998]
Epoch [96] Testing Results: Prec@1 21.530 Prec@5 70.010             Loss 6.89368
Epoch [96] Testing Class Recall: [0.645,0.215,0.209,0.400,0.192,0.249,0.074,0.050,0.031,0.088]
Epoch [97] Training Results: Prec@1 93.360 Prec@5 99.720             Loss 0.21345
Epoch [97] Training Class Recall: [0.945,0.887,0.904,0.892,0.944,0.979,0.947,0.883,0.968,0.946]
Epoch [97] Testing Results: Prec@1 19.970 Prec@5 67.880             Loss 7.89399
Epoch [97] Testing Class Recall: [0.744,0.085,0.311,0.306,0.032,0.161,0.105,0.064,0.007,0.182]
Epoch [98] Training Results: Prec@1 92.700 Prec@5 99.740             Loss 0.22970
Epoch [98] Training Class Recall: [0.952,0.775,0.880,0.908,0.929,0.940,0.945,0.944,0.957,0.956]
Epoch [98] Testing Results: Prec@1 22.730 Prec@5 70.050             Loss 6.31046
Epoch [98] Testing Class Recall: [0.629,0.235,0.353,0.307,0.024,0.213,0.173,0.129,0.020,0.190]
Epoch [99] Training Results: Prec@1 98.220 Prec@5 100.000             Loss 0.06580
Epoch [99] Training Class Recall: [0.987,0.952,0.943,0.978,0.986,0.970,0.995,0.993,0.998,0.996]
Epoch [99] Testing Results: Prec@1 23.360 Prec@5 68.110             Loss 6.67919
Epoch [99] Testing Class Recall: [0.692,0.441,0.105,0.403,0.200,0.223,0.065,0.088,0.038,0.081]
Epoch [100] Training Results: Prec@1 98.860 Prec@5 100.000             Loss 0.04426
Epoch [100] Training Class Recall: [0.990,0.973,0.955,0.985,0.994,0.985,0.995,1.000,0.998,0.998]
Epoch [100] Testing Results: Prec@1 21.130 Prec@5 69.250             Loss 7.65853
Epoch [100] Testing Class Recall: [0.688,0.286,0.153,0.588,0.072,0.152,0.023,0.033,0.052,0.066]
Epoch [101] Training Results: Prec@1 99.720 Prec@5 100.000             Loss 0.01717
Epoch [101] Training Class Recall: [0.995,0.992,0.997,0.998,0.997,0.998,1.000,1.000,1.000,0.998]
Epoch [101] Testing Results: Prec@1 21.130 Prec@5 68.190             Loss 7.50396
Epoch [101] Testing Class Recall: [0.688,0.286,0.243,0.326,0.185,0.196,0.032,0.037,0.081,0.039]
Epoch [102] Training Results: Prec@1 95.860 Prec@5 99.920             Loss 0.13353
Epoch [102] Training Class Recall: [0.971,0.954,0.916,0.888,0.929,0.979,0.971,0.988,0.961,0.990]
Epoch [102] Testing Results: Prec@1 22.620 Prec@5 69.580             Loss 7.20546
Epoch [102] Testing Class Recall: [0.674,0.342,0.358,0.248,0.077,0.231,0.113,0.107,0.029,0.083]
Epoch [103] Training Results: Prec@1 94.820 Prec@5 100.000             Loss 0.14963
Epoch [103] Training Class Recall: [0.951,0.893,0.864,0.927,0.969,0.944,0.976,0.984,0.968,0.972]
Epoch [103] Testing Results: Prec@1 22.100 Prec@5 70.280             Loss 6.68113
Epoch [103] Testing Class Recall: [0.705,0.177,0.278,0.299,0.151,0.192,0.155,0.047,0.143,0.063]
Epoch [104] Training Results: Prec@1 95.740 Prec@5 99.920             Loss 0.13465
Epoch [104] Training Class Recall: [0.974,0.952,0.870,0.877,0.972,0.959,0.958,0.991,0.989,0.980]
Epoch [104] Testing Results: Prec@1 20.780 Prec@5 69.050             Loss 7.29429
Epoch [104] Testing Class Recall: [0.692,0.166,0.191,0.477,0.124,0.140,0.067,0.042,0.070,0.109]
Epoch [105] Training Results: Prec@1 99.080 Prec@5 99.980             Loss 0.03906
Epoch [105] Training Class Recall: [0.988,0.981,0.973,0.985,0.992,0.994,1.000,0.998,0.998,0.998]
Epoch [105] Testing Results: Prec@1 22.310 Prec@5 70.410             Loss 7.08262
Epoch [105] Testing Class Recall: [0.674,0.324,0.201,0.461,0.091,0.222,0.057,0.042,0.103,0.056]
Epoch [106] Training Results: Prec@1 99.680 Prec@5 100.000             Loss 0.01628
Epoch [106] Training Class Recall: [0.997,0.995,0.991,0.998,1.000,0.996,0.997,0.995,1.000,0.998]
Epoch [106] Testing Results: Prec@1 20.350 Prec@5 70.230             Loss 8.11244
Epoch [106] Testing Class Recall: [0.682,0.174,0.281,0.465,0.056,0.145,0.026,0.101,0.057,0.048]
Epoch [107] Training Results: Prec@1 95.040 Prec@5 99.880             Loss 0.15260
Epoch [107] Training Class Recall: [0.975,0.869,0.916,0.945,0.910,0.970,0.963,0.927,0.981,0.968]
Epoch [107] Testing Results: Prec@1 22.830 Prec@5 70.850             Loss 6.98632
Epoch [107] Testing Class Recall: [0.647,0.246,0.092,0.416,0.386,0.224,0.031,0.026,0.077,0.138]
Epoch [108] Training Results: Prec@1 98.920 Prec@5 100.000             Loss 0.03858
Epoch [108] Training Class Recall: [0.989,0.981,0.955,0.985,0.989,0.998,0.995,0.998,0.996,0.996]
Epoch [108] Testing Results: Prec@1 21.520 Prec@5 69.000             Loss 7.61646
Epoch [108] Testing Class Recall: [0.671,0.190,0.087,0.489,0.340,0.200,0.025,0.039,0.066,0.045]
Epoch [109] Training Results: Prec@1 96.240 Prec@5 99.820             Loss 0.13070
Epoch [109] Training Class Recall: [0.975,0.957,0.834,0.925,0.969,0.979,0.987,0.988,0.961,0.996]
Epoch [109] Testing Results: Prec@1 20.220 Prec@5 65.860             Loss 6.62617
Epoch [109] Testing Class Recall: [0.585,0.173,0.334,0.442,0.105,0.109,0.045,0.057,0.033,0.139]
Epoch [110] Training Results: Prec@1 98.040 Prec@5 100.000             Loss 0.06647
Epoch [110] Training Class Recall: [0.986,0.973,0.961,0.969,0.969,0.959,0.995,0.979,0.994,0.998]
Epoch [110] Testing Results: Prec@1 20.560 Prec@5 67.370             Loss 7.34099
Epoch [110] Testing Class Recall: [0.639,0.186,0.194,0.537,0.094,0.107,0.028,0.071,0.090,0.110]
Epoch [111] Training Results: Prec@1 99.240 Prec@5 100.000             Loss 0.02742
Epoch [111] Training Class Recall: [0.992,0.979,0.976,0.987,1.000,0.994,0.997,0.993,1.000,1.000]
Epoch [111] Testing Results: Prec@1 22.260 Prec@5 70.300             Loss 6.97257
Epoch [111] Testing Class Recall: [0.577,0.294,0.159,0.556,0.206,0.156,0.043,0.049,0.067,0.119]
Epoch [112] Training Results: Prec@1 98.960 Prec@5 99.980             Loss 0.03628
Epoch [112] Training Class Recall: [0.980,0.981,0.970,0.993,1.000,0.996,0.995,0.995,0.998,0.998]
Epoch [112] Testing Results: Prec@1 20.830 Prec@5 67.060             Loss 7.26728
Epoch [112] Testing Class Recall: [0.635,0.225,0.271,0.517,0.051,0.184,0.066,0.035,0.034,0.065]
Epoch [113] Training Results: Prec@1 97.640 Prec@5 100.000             Loss 0.07877
Epoch [113] Training Class Recall: [0.974,0.962,0.955,0.980,0.938,0.981,0.968,0.995,0.998,0.994]
Epoch [113] Testing Results: Prec@1 22.480 Prec@5 70.680             Loss 6.54790
Epoch [113] Testing Class Recall: [0.663,0.209,0.109,0.495,0.125,0.163,0.171,0.068,0.114,0.131]
Epoch [114] Training Results: Prec@1 99.440 Prec@5 100.000             Loss 0.02441
Epoch [114] Training Class Recall: [0.995,0.987,0.982,0.987,0.997,0.998,0.997,0.998,1.000,0.998]
Epoch [114] Testing Results: Prec@1 22.050 Prec@5 69.220             Loss 7.29523
Epoch [114] Testing Class Recall: [0.707,0.340,0.259,0.418,0.071,0.218,0.064,0.064,0.044,0.020]
Epoch [115] Training Results: Prec@1 99.680 Prec@5 100.000             Loss 0.01126
Epoch [115] Training Class Recall: [0.996,0.992,0.988,0.993,1.000,0.998,1.000,1.000,1.000,1.000]
Epoch [115] Testing Results: Prec@1 21.660 Prec@5 70.540             Loss 7.58834
Epoch [115] Testing Class Recall: [0.700,0.244,0.316,0.413,0.084,0.176,0.055,0.073,0.068,0.037]
Epoch [116] Training Results: Prec@1 99.580 Prec@5 100.000             Loss 0.01833
Epoch [116] Training Class Recall: [0.997,0.992,0.976,0.993,1.000,0.998,1.000,1.000,0.994,1.000]
Epoch [116] Testing Results: Prec@1 22.880 Prec@5 68.690             Loss 7.85497
Epoch [116] Testing Class Recall: [0.656,0.332,0.385,0.406,0.135,0.156,0.044,0.084,0.032,0.058]
Epoch [117] Training Results: Prec@1 97.560 Prec@5 99.940             Loss 0.08012
Epoch [117] Training Class Recall: [0.980,0.928,0.919,0.969,0.986,0.989,0.989,0.988,0.983,0.996]
Epoch [117] Testing Results: Prec@1 19.400 Prec@5 67.470             Loss 7.84361
Epoch [117] Testing Class Recall: [0.610,0.135,0.236,0.491,0.099,0.117,0.057,0.052,0.070,0.073]
Epoch [118] Training Results: Prec@1 97.000 Prec@5 100.000             Loss 0.10608
Epoch [118] Training Class Recall: [0.961,0.922,0.946,0.978,0.966,0.989,0.984,0.986,0.983,0.982]
Epoch [118] Testing Results: Prec@1 20.430 Prec@5 70.580             Loss 7.50134
Epoch [118] Testing Class Recall: [0.492,0.133,0.372,0.402,0.087,0.159,0.061,0.031,0.203,0.103]
Epoch [119] Training Results: Prec@1 94.800 Prec@5 99.800             Loss 0.18101
Epoch [119] Training Class Recall: [0.960,0.898,0.907,0.941,0.946,0.981,0.897,0.967,0.949,0.982]
Epoch [119] Testing Results: Prec@1 23.520 Prec@5 71.080             Loss 6.12236
Epoch [119] Testing Class Recall: [0.615,0.326,0.110,0.483,0.102,0.307,0.097,0.055,0.032,0.225]
Epoch [120] Training Results: Prec@1 94.160 Prec@5 99.900             Loss 0.18901
Epoch [120] Training Class Recall: [0.963,0.917,0.877,0.879,0.929,0.968,0.911,0.960,0.972,0.968]
Epoch [120] Testing Results: Prec@1 20.680 Prec@5 69.700             Loss 6.30380
Epoch [120] Testing Class Recall: [0.669,0.256,0.211,0.417,0.135,0.167,0.019,0.049,0.099,0.046]
Epoch [121] Training Results: Prec@1 98.980 Prec@5 99.980             Loss 0.04250
Epoch [121] Training Class Recall: [0.991,0.979,0.970,0.982,0.994,0.994,0.997,0.998,0.989,0.998]
Epoch [121] Testing Results: Prec@1 21.940 Prec@5 70.510             Loss 6.63747
Epoch [121] Testing Class Recall: [0.668,0.279,0.162,0.609,0.074,0.195,0.060,0.034,0.045,0.068]
Epoch [122] Training Results: Prec@1 97.060 Prec@5 100.000             Loss 0.10327
Epoch [122] Training Class Recall: [0.956,0.976,0.922,0.954,0.986,0.981,0.979,0.988,0.994,0.982]
Epoch [122] Testing Results: Prec@1 20.780 Prec@5 68.210             Loss 6.91040
Epoch [122] Testing Class Recall: [0.684,0.192,0.203,0.400,0.042,0.386,0.038,0.017,0.041,0.075]
Epoch [123] Training Results: Prec@1 96.480 Prec@5 100.000             Loss 0.10939
Epoch [123] Training Class Recall: [0.962,0.938,0.925,0.949,0.969,0.962,0.971,0.977,0.994,0.986]
Epoch [123] Testing Results: Prec@1 22.970 Prec@5 69.290             Loss 8.58966
Epoch [123] Testing Class Recall: [0.718,0.186,0.037,0.205,0.061,0.227,0.744,0.014,0.041,0.064]
Epoch [124] Training Results: Prec@1 94.020 Prec@5 99.660             Loss 0.21832
Epoch [124] Training Class Recall: [0.962,0.920,0.768,0.910,0.938,0.962,0.916,0.981,0.970,0.980]
Epoch [124] Testing Results: Prec@1 22.390 Prec@5 69.620             Loss 5.73167
Epoch [124] Testing Class Recall: [0.621,0.209,0.167,0.377,0.285,0.307,0.032,0.050,0.007,0.184]
Epoch [125] Training Results: Prec@1 89.680 Prec@5 99.320             Loss 0.35917
Epoch [125] Training Class Recall: [0.944,0.799,0.804,0.895,0.828,0.900,0.900,0.904,0.914,0.942]
Epoch [125] Testing Results: Prec@1 21.690 Prec@5 70.920             Loss 6.16845
Epoch [125] Testing Class Recall: [0.743,0.333,0.184,0.373,0.240,0.098,0.027,0.030,0.065,0.076]
Epoch [126] Training Results: Prec@1 96.540 Prec@5 99.960             Loss 0.11077
Epoch [126] Training Class Recall: [0.974,0.922,0.925,0.947,0.958,0.968,0.984,0.972,0.985,0.982]
Epoch [126] Testing Results: Prec@1 22.250 Prec@5 71.580             Loss 5.72849
Epoch [126] Testing Class Recall: [0.719,0.196,0.233,0.380,0.258,0.263,0.031,0.040,0.066,0.039]
Epoch [127] Training Results: Prec@1 99.220 Prec@5 100.000             Loss 0.03675
Epoch [127] Training Class Recall: [0.991,0.981,0.982,0.991,1.000,0.998,0.995,0.995,0.996,0.992]
Epoch [127] Testing Results: Prec@1 22.670 Prec@5 72.880             Loss 6.20375
Epoch [127] Testing Class Recall: [0.719,0.235,0.268,0.363,0.257,0.207,0.062,0.053,0.057,0.046]
Epoch [128] Training Results: Prec@1 99.560 Prec@5 100.000             Loss 0.01930
Epoch [128] Training Class Recall: [0.993,0.989,0.988,0.998,1.000,1.000,1.000,0.995,0.996,0.998]
Epoch [128] Testing Results: Prec@1 21.050 Prec@5 71.230             Loss 6.55643
Epoch [128] Testing Class Recall: [0.697,0.182,0.209,0.359,0.227,0.219,0.049,0.040,0.060,0.063]
Epoch [129] Training Results: Prec@1 98.420 Prec@5 100.000             Loss 0.05149
Epoch [129] Training Class Recall: [0.986,0.944,0.958,0.993,0.992,0.989,0.995,0.986,0.996,0.986]
Epoch [129] Testing Results: Prec@1 21.810 Prec@5 71.560             Loss 7.56492
Epoch [129] Testing Class Recall: [0.752,0.169,0.113,0.311,0.395,0.188,0.043,0.078,0.081,0.051]
Epoch [130] Training Results: Prec@1 98.880 Prec@5 100.000             Loss 0.04439
Epoch [130] Training Class Recall: [0.992,0.973,0.961,0.985,0.992,0.987,0.995,0.998,0.992,0.998]
Epoch [130] Testing Results: Prec@1 21.850 Prec@5 71.640             Loss 6.50737
Epoch [130] Testing Class Recall: [0.694,0.216,0.293,0.274,0.265,0.235,0.031,0.081,0.023,0.073]
Epoch [131] Training Results: Prec@1 99.680 Prec@5 100.000             Loss 0.01599
Epoch [131] Training Class Recall: [0.998,0.992,0.982,0.993,0.997,1.000,1.000,1.000,1.000,0.998]
Epoch [131] Testing Results: Prec@1 21.450 Prec@5 69.120             Loss 7.03366
Epoch [131] Testing Class Recall: [0.633,0.180,0.297,0.380,0.224,0.257,0.016,0.009,0.044,0.105]
Epoch [132] Training Results: Prec@1 90.300 Prec@5 99.500             Loss 0.35382
Epoch [132] Training Class Recall: [0.946,0.753,0.810,0.892,0.864,0.917,0.916,0.888,0.959,0.942]
Epoch [132] Testing Results: Prec@1 21.440 Prec@5 70.220             Loss 6.59225
Epoch [132] Testing Class Recall: [0.730,0.191,0.137,0.235,0.299,0.248,0.050,0.060,0.024,0.170]
Epoch [133] Training Results: Prec@1 93.320 Prec@5 99.840             Loss 0.21025
Epoch [133] Training Class Recall: [0.954,0.887,0.873,0.921,0.893,0.938,0.968,0.970,0.898,0.972]
Epoch [133] Testing Results: Prec@1 20.590 Prec@5 68.460             Loss 5.91973
Epoch [133] Testing Class Recall: [0.618,0.113,0.105,0.257,0.223,0.332,0.074,0.058,0.193,0.086]
Epoch [134] Training Results: Prec@1 96.620 Prec@5 99.980             Loss 0.10801
Epoch [134] Training Class Recall: [0.969,0.887,0.928,0.971,0.975,0.985,0.963,0.986,0.976,0.990]
Epoch [134] Testing Results: Prec@1 21.780 Prec@5 69.790             Loss 6.10204
Epoch [134] Testing Class Recall: [0.677,0.289,0.151,0.531,0.102,0.102,0.089,0.106,0.097,0.034]
Epoch [135] Training Results: Prec@1 98.720 Prec@5 100.000             Loss 0.04717
Epoch [135] Training Class Recall: [0.989,0.960,0.943,0.989,0.992,0.991,0.997,0.998,0.998,0.996]
Epoch [135] Testing Results: Prec@1 22.160 Prec@5 70.880             Loss 6.03145
Epoch [135] Testing Class Recall: [0.631,0.249,0.341,0.333,0.100,0.310,0.045,0.078,0.085,0.044]
Epoch [136] Training Results: Prec@1 99.060 Prec@5 100.000             Loss 0.03618
Epoch [136] Training Class Recall: [0.990,0.987,0.964,0.982,1.000,0.996,0.987,0.995,1.000,0.998]
Epoch [136] Testing Results: Prec@1 19.870 Prec@5 69.630             Loss 6.84265
Epoch [136] Testing Class Recall: [0.630,0.125,0.255,0.448,0.058,0.217,0.084,0.064,0.066,0.040]
Epoch [137] Training Results: Prec@1 98.280 Prec@5 100.000             Loss 0.06435
Epoch [137] Training Class Recall: [0.986,0.941,0.937,0.985,0.986,0.994,0.989,0.991,0.994,1.000]
Epoch [137] Testing Results: Prec@1 19.770 Prec@5 67.620             Loss 7.19592
Epoch [137] Testing Class Recall: [0.690,0.188,0.337,0.316,0.056,0.239,0.019,0.029,0.058,0.045]
Epoch [138] Training Results: Prec@1 98.680 Prec@5 100.000             Loss 0.04624
Epoch [138] Training Class Recall: [0.991,0.973,0.943,0.976,0.989,0.991,0.987,0.993,1.000,1.000]
Epoch [138] Testing Results: Prec@1 22.080 Prec@5 67.580             Loss 7.14794
Epoch [138] Testing Class Recall: [0.579,0.241,0.407,0.456,0.037,0.287,0.045,0.030,0.041,0.085]
Epoch [139] Training Results: Prec@1 95.260 Prec@5 100.000             Loss 0.15471
Epoch [139] Training Class Recall: [0.928,0.928,0.910,0.969,0.955,0.966,0.947,0.977,0.985,0.978]
Epoch [139] Testing Results: Prec@1 21.180 Prec@5 67.320             Loss 6.20202
Epoch [139] Testing Class Recall: [0.607,0.278,0.380,0.326,0.058,0.270,0.039,0.038,0.081,0.041]
Epoch [140] Training Results: Prec@1 99.280 Prec@5 100.000             Loss 0.03068
Epoch [140] Training Class Recall: [0.990,0.989,0.979,0.996,0.994,0.991,0.992,0.998,1.000,0.998]
Epoch [140] Testing Results: Prec@1 21.650 Prec@5 68.870             Loss 6.40457
Epoch [140] Testing Class Recall: [0.692,0.238,0.336,0.370,0.039,0.272,0.027,0.080,0.056,0.055]
Epoch [141] Training Results: Prec@1 98.300 Prec@5 100.000             Loss 0.05206
Epoch [141] Training Class Recall: [0.985,0.954,0.964,0.971,0.980,0.998,0.987,0.988,0.992,0.994]
Epoch [141] Testing Results: Prec@1 22.240 Prec@5 71.790             Loss 6.41644
Epoch [141] Testing Class Recall: [0.599,0.294,0.197,0.269,0.326,0.191,0.049,0.106,0.077,0.116]
Epoch [142] Training Results: Prec@1 93.700 Prec@5 99.820             Loss 0.20575
Epoch [142] Training Class Recall: [0.948,0.917,0.780,0.919,0.918,0.966,0.942,0.956,0.970,0.978]
Epoch [142] Testing Results: Prec@1 18.740 Prec@5 68.780             Loss 6.38902
Epoch [142] Testing Class Recall: [0.664,0.080,0.340,0.299,0.200,0.135,0.029,0.016,0.074,0.037]
Epoch [143] Training Results: Prec@1 97.060 Prec@5 100.000             Loss 0.09956
Epoch [143] Training Class Recall: [0.980,0.917,0.916,0.963,0.963,0.983,0.984,0.981,0.989,0.986]
Epoch [143] Testing Results: Prec@1 19.940 Prec@5 68.870             Loss 6.65003
Epoch [143] Testing Class Recall: [0.671,0.149,0.336,0.409,0.009,0.215,0.076,0.022,0.069,0.038]
Epoch [144] Training Results: Prec@1 96.720 Prec@5 99.840             Loss 0.11039
Epoch [144] Training Class Recall: [0.966,0.938,0.946,0.954,0.955,0.968,0.976,0.986,0.983,0.986]
Epoch [144] Testing Results: Prec@1 20.020 Prec@5 68.990             Loss 6.72514
Epoch [144] Testing Class Recall: [0.689,0.117,0.290,0.227,0.153,0.150,0.063,0.081,0.157,0.075]
Epoch [145] Training Results: Prec@1 92.520 Prec@5 99.820             Loss 0.24808
Epoch [145] Training Class Recall: [0.954,0.885,0.783,0.877,0.927,0.900,0.955,0.977,0.938,0.968]
Epoch [145] Testing Results: Prec@1 21.900 Prec@5 68.540             Loss 5.64579
Epoch [145] Testing Class Recall: [0.649,0.162,0.170,0.449,0.081,0.260,0.065,0.097,0.071,0.186]
Epoch [146] Training Results: Prec@1 97.360 Prec@5 99.920             Loss 0.08649
Epoch [146] Training Class Recall: [0.980,0.906,0.907,0.982,0.983,0.981,0.992,0.986,0.989,0.992]
Epoch [146] Testing Results: Prec@1 20.870 Prec@5 69.900             Loss 6.35165
Epoch [146] Testing Class Recall: [0.666,0.184,0.316,0.369,0.034,0.242,0.048,0.056,0.091,0.081]
Epoch [147] Training Results: Prec@1 99.380 Prec@5 100.000             Loss 0.02527
Epoch [147] Training Class Recall: [0.993,0.984,0.979,0.996,0.994,0.994,0.992,1.000,1.000,1.000]
Epoch [147] Testing Results: Prec@1 19.170 Prec@5 70.290             Loss 7.30730
Epoch [147] Testing Class Recall: [0.683,0.086,0.109,0.463,0.055,0.199,0.068,0.130,0.037,0.087]
Epoch [148] Training Results: Prec@1 94.220 Prec@5 99.840             Loss 0.19302
Epoch [148] Training Class Recall: [0.961,0.866,0.901,0.888,0.952,0.968,0.911,0.972,0.957,0.984]
Epoch [148] Testing Results: Prec@1 21.510 Prec@5 69.600             Loss 6.17802
Epoch [148] Testing Class Recall: [0.712,0.346,0.383,0.238,0.092,0.203,0.029,0.027,0.057,0.064]
Epoch [149] Training Results: Prec@1 98.460 Prec@5 100.000             Loss 0.05312
Epoch [149] Training Class Recall: [0.985,0.965,0.970,0.982,0.994,0.994,0.976,0.991,0.992,0.988]
Epoch [149] Testing Results: Prec@1 22.740 Prec@5 69.710             Loss 6.53754
Epoch [149] Testing Class Recall: [0.670,0.200,0.300,0.408,0.060,0.345,0.068,0.095,0.028,0.100]
Epoch [150] Training Results: Prec@1 99.040 Prec@5 99.980             Loss 0.03767
Epoch [150] Training Class Recall: [0.991,0.976,0.982,0.998,0.989,0.994,0.989,0.991,0.994,0.994]
Epoch [150] Testing Results: Prec@1 20.230 Prec@5 66.620             Loss 8.04491
Epoch [150] Testing Class Recall: [0.617,0.103,0.296,0.479,0.121,0.242,0.027,0.021,0.021,0.096]
Epoch [151] Training Results: Prec@1 95.080 Prec@5 99.940             Loss 0.16268
Epoch [151] Training Class Recall: [0.963,0.863,0.919,0.960,0.915,0.964,0.929,0.986,0.979,0.968]
Epoch [151] Testing Results: Prec@1 21.420 Prec@5 66.820             Loss 7.24763
Epoch [151] Testing Class Recall: [0.677,0.182,0.197,0.571,0.057,0.283,0.053,0.041,0.029,0.052]
Epoch [152] Training Results: Prec@1 95.920 Prec@5 99.980             Loss 0.12990
Epoch [152] Training Class Recall: [0.963,0.949,0.904,0.903,0.955,0.970,0.971,0.981,0.976,0.994]
Epoch [152] Testing Results: Prec@1 19.930 Prec@5 64.750             Loss 8.57348
Epoch [152] Testing Class Recall: [0.667,0.141,0.227,0.589,0.033,0.205,0.048,0.048,0.018,0.017]
Epoch [153] Training Results: Prec@1 99.340 Prec@5 100.000             Loss 0.02893
Epoch [153] Training Class Recall: [0.991,0.992,0.976,0.996,0.986,0.998,0.997,0.998,1.000,0.998]
Epoch [153] Testing Results: Prec@1 21.340 Prec@5 66.650             Loss 7.21722
Epoch [153] Testing Class Recall: [0.683,0.254,0.268,0.456,0.100,0.205,0.054,0.041,0.040,0.033]
Epoch [154] Training Results: Prec@1 99.620 Prec@5 100.000             Loss 0.01839
Epoch [154] Training Class Recall: [0.996,0.992,0.985,0.993,0.992,1.000,1.000,1.000,1.000,1.000]
Epoch [154] Testing Results: Prec@1 20.620 Prec@5 66.640             Loss 7.43710
Epoch [154] Testing Class Recall: [0.682,0.153,0.251,0.468,0.107,0.204,0.066,0.049,0.052,0.030]
Epoch [155] Training Results: Prec@1 99.880 Prec@5 100.000             Loss 0.00802
Epoch [155] Training Class Recall: [0.999,0.995,0.997,1.000,1.000,0.998,1.000,1.000,0.998,1.000]
Epoch [155] Testing Results: Prec@1 21.040 Prec@5 66.420             Loss 7.81356
Epoch [155] Testing Class Recall: [0.658,0.203,0.251,0.465,0.080,0.266,0.006,0.058,0.083,0.034]
Epoch [156] Training Results: Prec@1 99.720 Prec@5 100.000             Loss 0.01518
Epoch [156] Training Class Recall: [0.998,0.989,0.997,0.998,0.994,1.000,0.995,0.998,1.000,0.998]
Epoch [156] Testing Results: Prec@1 20.640 Prec@5 65.540             Loss 7.23172
Epoch [156] Testing Class Recall: [0.712,0.210,0.158,0.429,0.158,0.222,0.025,0.028,0.059,0.063]
Epoch [157] Training Results: Prec@1 99.760 Prec@5 100.000             Loss 0.01037
Epoch [157] Training Class Recall: [0.998,0.995,0.988,0.998,1.000,1.000,1.000,0.998,0.998,0.998]
Epoch [157] Testing Results: Prec@1 22.080 Prec@5 68.610             Loss 7.30456
Epoch [157] Testing Class Recall: [0.627,0.304,0.350,0.464,0.055,0.157,0.027,0.069,0.065,0.090]
Epoch [158] Training Results: Prec@1 93.480 Prec@5 99.940             Loss 0.20892
Epoch [158] Training Class Recall: [0.952,0.895,0.895,0.908,0.938,0.942,0.937,0.895,0.957,0.974]
Epoch [158] Testing Results: Prec@1 21.780 Prec@5 71.010             Loss 7.53283
Epoch [158] Testing Class Recall: [0.623,0.208,0.239,0.360,0.232,0.245,0.136,0.045,0.030,0.060]
Epoch [159] Training Results: Prec@1 95.640 Prec@5 99.880             Loss 0.14189
Epoch [159] Training Class Recall: [0.966,0.933,0.901,0.921,0.946,0.972,0.979,0.970,0.981,0.958]
Epoch [159] Testing Results: Prec@1 22.930 Prec@5 71.160             Loss 6.01767
Epoch [159] Testing Class Recall: [0.717,0.218,0.131,0.357,0.102,0.325,0.107,0.183,0.065,0.088]
Epoch [160] Training Results: Prec@1 98.700 Prec@5 100.000             Loss 0.04743
Epoch [160] Training Class Recall: [0.993,0.960,0.943,0.974,0.983,0.994,1.000,1.000,0.996,1.000]
Epoch [160] Testing Results: Prec@1 22.530 Prec@5 69.630             Loss 6.50494
Epoch [160] Testing Class Recall: [0.709,0.202,0.154,0.434,0.076,0.276,0.097,0.133,0.045,0.127]
Epoch [161] Training Results: Prec@1 98.880 Prec@5 100.000             Loss 0.04466
Epoch [161] Training Class Recall: [0.990,0.968,0.958,0.980,0.994,0.996,0.997,0.998,0.998,0.996]
Epoch [161] Testing Results: Prec@1 22.600 Prec@5 69.640             Loss 6.45407
Epoch [161] Testing Class Recall: [0.691,0.214,0.194,0.441,0.066,0.279,0.082,0.124,0.047,0.122]
Epoch [162] Training Results: Prec@1 99.000 Prec@5 100.000             Loss 0.04011
Epoch [162] Training Class Recall: [0.993,0.976,0.961,0.989,0.980,0.994,0.995,0.995,0.998,1.000]
Epoch [162] Testing Results: Prec@1 22.670 Prec@5 69.870             Loss 6.42021
Epoch [162] Testing Class Recall: [0.658,0.219,0.189,0.456,0.081,0.268,0.080,0.130,0.052,0.134]
Epoch [163] Training Results: Prec@1 99.100 Prec@5 99.980             Loss 0.04013
Epoch [163] Training Class Recall: [0.995,0.971,0.955,0.987,0.997,0.991,1.000,1.000,1.000,0.996]
Epoch [163] Testing Results: Prec@1 22.960 Prec@5 69.970             Loss 6.32716
Epoch [163] Testing Class Recall: [0.654,0.259,0.178,0.440,0.083,0.276,0.079,0.130,0.052,0.145]
Epoch [164] Training Results: Prec@1 99.360 Prec@5 100.000             Loss 0.03139
Epoch [164] Training Class Recall: [0.994,0.992,0.979,0.978,0.994,0.998,0.997,1.000,1.000,0.998]
Epoch [164] Testing Results: Prec@1 22.970 Prec@5 70.340             Loss 6.35492
Epoch [164] Testing Class Recall: [0.720,0.237,0.184,0.405,0.085,0.267,0.091,0.130,0.047,0.131]
Epoch [165] Training Results: Prec@1 99.300 Prec@5 100.000             Loss 0.03240
Epoch [165] Training Class Recall: [0.994,0.979,0.973,0.989,0.994,0.996,1.000,1.000,0.998,0.998]
Epoch [165] Testing Results: Prec@1 22.750 Prec@5 69.800             Loss 6.47375
Epoch [165] Testing Class Recall: [0.672,0.225,0.176,0.446,0.087,0.281,0.091,0.116,0.044,0.137]
Epoch [166] Training Results: Prec@1 99.440 Prec@5 100.000             Loss 0.02806
Epoch [166] Training Class Recall: [0.997,0.987,0.982,0.991,0.994,0.994,0.997,0.998,1.000,0.994]
Epoch [166] Testing Results: Prec@1 22.620 Prec@5 70.310             Loss 6.44934
Epoch [166] Testing Class Recall: [0.732,0.232,0.197,0.412,0.082,0.230,0.089,0.131,0.049,0.108]
Epoch [167] Training Results: Prec@1 99.400 Prec@5 100.000             Loss 0.02900
Epoch [167] Training Class Recall: [0.992,0.987,0.988,0.987,0.989,0.998,1.000,0.998,1.000,1.000]
Epoch [167] Testing Results: Prec@1 22.930 Prec@5 69.890             Loss 6.49957
Epoch [167] Testing Class Recall: [0.712,0.255,0.189,0.422,0.082,0.260,0.079,0.117,0.046,0.131]
Epoch [168] Training Results: Prec@1 99.420 Prec@5 100.000             Loss 0.02689
Epoch [168] Training Class Recall: [0.997,0.981,0.976,0.989,0.994,0.991,1.000,1.000,1.000,1.000]
Epoch [168] Testing Results: Prec@1 22.030 Prec@5 69.660             Loss 6.65936
Epoch [168] Testing Class Recall: [0.720,0.201,0.178,0.452,0.069,0.237,0.096,0.094,0.054,0.102]
Epoch [169] Training Results: Prec@1 99.440 Prec@5 100.000             Loss 0.02566
Epoch [169] Training Class Recall: [0.996,0.992,0.979,0.991,0.989,0.996,0.997,1.000,1.000,0.996]
Epoch [169] Testing Results: Prec@1 22.660 Prec@5 69.870             Loss 6.58149
Epoch [169] Testing Class Recall: [0.714,0.240,0.208,0.412,0.064,0.259,0.097,0.108,0.047,0.117]
Epoch [170] Training Results: Prec@1 99.460 Prec@5 99.980             Loss 0.02644
Epoch [170] Training Class Recall: [0.994,0.989,0.982,0.991,0.986,0.998,1.000,1.000,1.000,1.000]
Epoch [170] Testing Results: Prec@1 22.890 Prec@5 70.210             Loss 6.41721
Epoch [170] Testing Class Recall: [0.674,0.237,0.202,0.430,0.097,0.263,0.086,0.122,0.054,0.124]
Epoch [171] Training Results: Prec@1 99.480 Prec@5 99.980             Loss 0.02471
Epoch [171] Training Class Recall: [0.995,0.984,0.976,0.998,0.994,0.998,1.000,1.000,0.998,0.998]
Epoch [171] Testing Results: Prec@1 22.820 Prec@5 70.080             Loss 6.53397
Epoch [171] Testing Class Recall: [0.712,0.242,0.194,0.408,0.090,0.246,0.104,0.117,0.043,0.126]
Epoch [172] Training Results: Prec@1 99.440 Prec@5 100.000             Loss 0.02568
Epoch [172] Training Class Recall: [0.993,0.987,0.979,0.996,0.997,0.996,0.995,1.000,0.998,1.000]
Epoch [172] Testing Results: Prec@1 22.700 Prec@5 69.950             Loss 6.53112
Epoch [172] Testing Class Recall: [0.707,0.229,0.165,0.425,0.086,0.280,0.083,0.109,0.061,0.125]
Epoch [173] Training Results: Prec@1 99.560 Prec@5 100.000             Loss 0.02472
Epoch [173] Training Class Recall: [0.995,0.981,0.988,0.993,0.997,0.998,1.000,1.000,1.000,1.000]
Epoch [173] Testing Results: Prec@1 22.910 Prec@5 70.040             Loss 6.52968
Epoch [173] Testing Class Recall: [0.713,0.259,0.195,0.422,0.078,0.258,0.078,0.111,0.056,0.121]
Epoch [174] Training Results: Prec@1 99.480 Prec@5 100.000             Loss 0.02373
Epoch [174] Training Class Recall: [0.994,0.976,0.982,0.996,0.997,0.998,1.000,1.000,1.000,1.000]
Epoch [174] Testing Results: Prec@1 22.890 Prec@5 69.690             Loss 6.49692
Epoch [174] Testing Class Recall: [0.685,0.258,0.202,0.453,0.093,0.238,0.075,0.122,0.061,0.102]
Epoch [175] Training Results: Prec@1 99.620 Prec@5 100.000             Loss 0.02311
Epoch [175] Training Class Recall: [0.993,0.989,0.988,0.998,0.997,1.000,1.000,1.000,1.000,0.998]
Epoch [175] Testing Results: Prec@1 22.870 Prec@5 70.160             Loss 6.45700
Epoch [175] Testing Class Recall: [0.718,0.251,0.217,0.406,0.099,0.242,0.087,0.118,0.053,0.096]
Epoch [176] Training Results: Prec@1 99.680 Prec@5 100.000             Loss 0.02155
Epoch [176] Training Class Recall: [0.996,0.987,0.991,0.998,1.000,0.998,0.997,1.000,1.000,1.000]
Epoch [176] Testing Results: Prec@1 22.710 Prec@5 69.680             Loss 6.55101
Epoch [176] Testing Class Recall: [0.697,0.245,0.217,0.421,0.081,0.256,0.078,0.115,0.051,0.110]
Epoch [177] Training Results: Prec@1 99.540 Prec@5 100.000             Loss 0.02167
Epoch [177] Training Class Recall: [0.996,0.981,0.982,0.993,0.994,1.000,1.000,1.000,1.000,1.000]
Epoch [177] Testing Results: Prec@1 22.620 Prec@5 69.520             Loss 6.51086
Epoch [177] Testing Class Recall: [0.712,0.247,0.201,0.417,0.099,0.254,0.076,0.106,0.059,0.091]
Epoch [178] Training Results: Prec@1 99.360 Prec@5 100.000             Loss 0.02623
Epoch [178] Training Class Recall: [0.992,0.989,0.988,0.982,0.997,0.998,0.997,0.995,0.998,0.998]
Epoch [178] Testing Results: Prec@1 22.820 Prec@5 70.090             Loss 6.57056
Epoch [178] Testing Class Recall: [0.715,0.255,0.192,0.391,0.085,0.274,0.080,0.116,0.053,0.121]
Epoch [179] Training Results: Prec@1 99.640 Prec@5 100.000             Loss 0.02072
Epoch [179] Training Class Recall: [0.995,0.992,0.991,0.996,0.992,0.998,1.000,1.000,1.000,1.000]
Epoch [179] Testing Results: Prec@1 22.490 Prec@5 69.520             Loss 6.54263
Epoch [179] Testing Class Recall: [0.697,0.235,0.198,0.442,0.081,0.257,0.079,0.103,0.057,0.100]
Epoch [180] Training Results: Prec@1 99.620 Prec@5 100.000             Loss 0.02127
Epoch [180] Training Class Recall: [0.996,0.997,0.985,0.996,0.992,0.996,1.000,1.000,0.998,1.000]
Epoch [180] Testing Results: Prec@1 22.530 Prec@5 70.080             Loss 6.45654
Epoch [180] Testing Class Recall: [0.690,0.237,0.204,0.428,0.089,0.237,0.092,0.106,0.051,0.119]
Epoch [181] Training Results: Prec@1 99.600 Prec@5 100.000             Loss 0.02100
Epoch [181] Training Class Recall: [0.994,0.989,0.991,0.998,0.994,0.998,0.997,0.998,1.000,1.000]
Epoch [181] Testing Results: Prec@1 22.660 Prec@5 69.630             Loss 6.53247
Epoch [181] Testing Class Recall: [0.698,0.250,0.207,0.437,0.102,0.234,0.066,0.105,0.058,0.109]
Epoch [182] Training Results: Prec@1 99.700 Prec@5 100.000             Loss 0.02042
Epoch [182] Training Class Recall: [0.997,0.987,0.988,0.996,0.997,1.000,1.000,1.000,1.000,1.000]
Epoch [182] Testing Results: Prec@1 22.510 Prec@5 69.750             Loss 6.58457
Epoch [182] Testing Class Recall: [0.675,0.250,0.192,0.446,0.078,0.257,0.082,0.096,0.064,0.111]
Epoch [183] Training Results: Prec@1 99.600 Prec@5 100.000             Loss 0.02248
Epoch [183] Training Class Recall: [0.993,0.989,0.982,1.000,0.997,1.000,1.000,1.000,0.998,1.000]
Epoch [183] Testing Results: Prec@1 22.580 Prec@5 69.420             Loss 6.49328
Epoch [183] Testing Class Recall: [0.670,0.251,0.199,0.440,0.092,0.248,0.080,0.105,0.061,0.112]
Epoch [184] Training Results: Prec@1 99.660 Prec@5 100.000             Loss 0.01971
Epoch [184] Training Class Recall: [0.994,0.992,0.988,0.996,0.997,1.000,1.000,1.000,1.000,1.000]
Epoch [184] Testing Results: Prec@1 22.310 Prec@5 69.490             Loss 6.70533
Epoch [184] Testing Class Recall: [0.678,0.213,0.212,0.453,0.074,0.248,0.079,0.093,0.058,0.123]
Epoch [185] Training Results: Prec@1 99.640 Prec@5 100.000             Loss 0.01950
Epoch [185] Training Class Recall: [0.997,0.981,0.988,0.998,0.997,0.998,1.000,1.000,1.000,1.000]
Epoch [185] Testing Results: Prec@1 22.740 Prec@5 70.140             Loss 6.44562
Epoch [185] Testing Class Recall: [0.689,0.269,0.211,0.437,0.102,0.214,0.069,0.112,0.064,0.107]
Epoch [186] Training Results: Prec@1 99.680 Prec@5 100.000             Loss 0.02020
Epoch [186] Training Class Recall: [0.996,0.989,0.985,0.998,1.000,1.000,0.997,1.000,1.000,1.000]
Epoch [186] Testing Results: Prec@1 22.890 Prec@5 69.340             Loss 6.43471
Epoch [186] Testing Class Recall: [0.675,0.267,0.202,0.426,0.083,0.278,0.077,0.096,0.064,0.121]
Epoch [187] Training Results: Prec@1 99.600 Prec@5 100.000             Loss 0.02161
Epoch [187] Training Class Recall: [0.993,0.989,0.988,0.996,1.000,0.998,1.000,0.998,1.000,1.000]
Epoch [187] Testing Results: Prec@1 22.730 Prec@5 69.790             Loss 6.43191
Epoch [187] Testing Class Recall: [0.662,0.266,0.188,0.440,0.084,0.264,0.083,0.111,0.066,0.109]
Epoch [188] Training Results: Prec@1 99.640 Prec@5 100.000             Loss 0.02056
Epoch [188] Training Class Recall: [0.995,0.989,0.985,0.996,1.000,0.998,1.000,1.000,1.000,1.000]
Epoch [188] Testing Results: Prec@1 22.830 Prec@5 69.810             Loss 6.38533
Epoch [188] Testing Class Recall: [0.684,0.267,0.196,0.428,0.080,0.271,0.089,0.110,0.071,0.087]
Epoch [189] Training Results: Prec@1 99.660 Prec@5 100.000             Loss 0.02166
Epoch [189] Training Class Recall: [0.996,0.992,0.988,0.998,0.994,0.998,1.000,0.998,1.000,1.000]
Epoch [189] Testing Results: Prec@1 22.610 Prec@5 70.010             Loss 6.47924
Epoch [189] Testing Class Recall: [0.700,0.240,0.211,0.409,0.084,0.242,0.095,0.105,0.055,0.120]
Epoch [190] Training Results: Prec@1 99.640 Prec@5 100.000             Loss 0.01893
Epoch [190] Training Class Recall: [0.991,1.000,0.985,0.996,0.997,1.000,1.000,1.000,1.000,1.000]
Epoch [190] Testing Results: Prec@1 22.450 Prec@5 69.300             Loss 6.60644
Epoch [190] Testing Class Recall: [0.696,0.232,0.200,0.451,0.107,0.238,0.056,0.086,0.062,0.117]
Epoch [191] Training Results: Prec@1 99.620 Prec@5 100.000             Loss 0.02193
Epoch [191] Training Class Recall: [0.993,0.995,0.985,0.996,0.997,0.998,1.000,1.000,1.000,1.000]
Epoch [191] Testing Results: Prec@1 22.380 Prec@5 69.750             Loss 6.48709
Epoch [191] Testing Class Recall: [0.646,0.244,0.221,0.464,0.088,0.234,0.075,0.100,0.066,0.100]
Epoch [192] Training Results: Prec@1 99.680 Prec@5 100.000             Loss 0.01990
Epoch [192] Training Class Recall: [0.997,0.995,0.976,0.998,1.000,0.998,0.997,1.000,1.000,1.000]
Epoch [192] Testing Results: Prec@1 22.670 Prec@5 69.490             Loss 6.51373
Epoch [192] Testing Class Recall: [0.694,0.249,0.215,0.465,0.092,0.212,0.067,0.095,0.058,0.120]
Epoch [193] Training Results: Prec@1 99.600 Prec@5 100.000             Loss 0.02086
Epoch [193] Training Class Recall: [0.995,0.992,0.976,1.000,0.997,1.000,1.000,0.995,1.000,1.000]
Epoch [193] Testing Results: Prec@1 22.770 Prec@5 69.890             Loss 6.47966
Epoch [193] Testing Class Recall: [0.696,0.258,0.182,0.433,0.077,0.256,0.083,0.093,0.062,0.137]
Epoch [194] Training Results: Prec@1 99.760 Prec@5 100.000             Loss 0.01853
Epoch [194] Training Class Recall: [0.996,0.997,0.988,0.998,1.000,0.998,1.000,1.000,1.000,1.000]
Epoch [194] Testing Results: Prec@1 22.620 Prec@5 68.970             Loss 6.55494
Epoch [194] Testing Class Recall: [0.674,0.241,0.200,0.444,0.095,0.261,0.072,0.113,0.063,0.099]
Epoch [195] Training Results: Prec@1 99.700 Prec@5 100.000             Loss 0.02041
Epoch [195] Training Class Recall: [0.997,0.989,0.994,0.996,0.997,0.998,1.000,0.998,1.000,1.000]
Epoch [195] Testing Results: Prec@1 22.500 Prec@5 69.920             Loss 6.58696
Epoch [195] Testing Class Recall: [0.719,0.238,0.182,0.422,0.079,0.257,0.086,0.108,0.056,0.103]
Epoch [196] Training Results: Prec@1 99.760 Prec@5 100.000             Loss 0.01727
Epoch [196] Training Class Recall: [0.999,0.995,0.988,0.996,0.997,0.998,1.000,0.998,1.000,1.000]
Epoch [196] Testing Results: Prec@1 22.490 Prec@5 69.770             Loss 6.55328
Epoch [196] Testing Class Recall: [0.703,0.259,0.199,0.439,0.075,0.242,0.073,0.105,0.063,0.091]
Epoch [197] Training Results: Prec@1 99.580 Prec@5 100.000             Loss 0.02325
Epoch [197] Training Class Recall: [0.997,0.987,0.988,0.998,0.997,0.996,0.992,0.998,1.000,1.000]
Epoch [197] Testing Results: Prec@1 22.320 Prec@5 69.310             Loss 6.58284
Epoch [197] Testing Class Recall: [0.696,0.245,0.203,0.467,0.090,0.226,0.066,0.102,0.062,0.075]
Epoch [198] Training Results: Prec@1 99.680 Prec@5 100.000             Loss 0.02027
Epoch [198] Training Class Recall: [0.997,0.989,0.985,0.998,1.000,1.000,0.997,1.000,1.000,0.998]
Epoch [198] Testing Results: Prec@1 22.540 Prec@5 69.730             Loss 6.58553
Epoch [198] Testing Class Recall: [0.688,0.259,0.196,0.458,0.085,0.240,0.059,0.105,0.062,0.102]
Epoch [199] Training Results: Prec@1 99.540 Prec@5 100.000             Loss 0.02046
Epoch [199] Training Class Recall: [0.994,0.997,0.979,0.989,0.997,1.000,1.000,1.000,0.998,0.998]
Epoch [199] Testing Results: Prec@1 22.700 Prec@5 69.570             Loss 6.55128
Epoch [199] Testing Class Recall: [0.695,0.255,0.199,0.425,0.094,0.264,0.087,0.099,0.051,0.101]
