Log file: cifar10_sava0.1_erm_exp1.0_seed42_20260615_053706.log
Run started: 2026-06-15 05:37:07.008322
Dataset: cifar10
Imbalance type: exp, factor: 1.0
Selection method: sava, ratio: 0.1
Strategy: ERM, epochs: 200
Seed: 42, rand_number: 0
Augmentation: weak
Noise ratio: 0.15
mamix_ratio: 1.0
============================================================

=> No CSV or TensorBoard logging – only console and debug log.
-----------------------------------------------
Class ID   | Original   | Selected   | Keep %  
-----------------------------------------------
0          | 5000       | 1267       |   25.3%
1          | 5000       | 162        |    3.2%
2          | 5000       | 36         |    0.7%
3          | 5000       | 439        |    8.8%
4          | 5000       | 378        |    7.6%
5          | 5000       | 572        |   11.4%
6          | 5000       | 671        |   13.4%
7          | 5000       | 151        |    3.0%
8          | 5000       | 646        |   12.9%
9          | 5000       | 678        |   13.6%
-----------------------------------------------
TOTAL      | 50000      | 5000       |   10.0%
-----------------------------------------------
Epoch [0] Training Results: Prec@1 27.800 Prec@5 82.320 Loss 1.99127
Epoch [0] Training Class Recall: [0.614,0.000,0.000,0.118,0.172,0.105,0.280,0.007,0.169,0.202]
Epoch [0] Testing Results: Prec@1 12.740 Prec@5 50.970 Loss 3.16738
Epoch [0] Testing Class Recall: [0.559,0.071,0.000,0.000,0.000,0.124,0.187,0.000,0.000,0.333]
Epoch [1] Training Results: Prec@1 34.200 Prec@5 88.400 Loss 1.74677
Epoch [1] Training Class Recall: [0.606,0.086,0.000,0.207,0.103,0.245,0.431,0.020,0.220,0.330]
Epoch [1] Testing Results: Prec@1 12.730 Prec@5 59.500 Loss 3.75648
Epoch [1] Testing Class Recall: [0.412,0.000,0.000,0.121,0.070,0.000,0.175,0.000,0.000,0.495]
Epoch [2] Training Results: Prec@1 35.920 Prec@5 91.500 Loss 1.68805
Epoch [2] Training Class Recall: [0.610,0.179,0.000,0.191,0.198,0.248,0.404,0.000,0.229,0.404]
Epoch [2] Testing Results: Prec@1 8.670 Prec@5 56.390 Loss 4.26927
Epoch [2] Testing Class Recall: [0.496,0.045,0.000,0.013,0.009,0.003,0.189,0.006,0.106,0.000]
Epoch [3] Training Results: Prec@1 39.960 Prec@5 91.420 Loss 1.58361
Epoch [3] Training Class Recall: [0.631,0.130,0.000,0.100,0.249,0.308,0.507,0.007,0.322,0.465]
Epoch [3] Testing Results: Prec@1 16.670 Prec@5 61.630 Loss 3.31795
Epoch [3] Testing Class Recall: [0.258,0.104,0.000,0.246,0.003,0.004,0.138,0.000,0.085,0.829]
Epoch [4] Training Results: Prec@1 45.400 Prec@5 93.680 Loss 1.43649
Epoch [4] Training Class Recall: [0.672,0.241,0.000,0.182,0.280,0.365,0.531,0.000,0.362,0.583]
Epoch [4] Testing Results: Prec@1 14.300 Prec@5 55.500 Loss 3.38787
Epoch [4] Testing Class Recall: [0.400,0.116,0.000,0.054,0.027,0.075,0.561,0.000,0.034,0.163]
Epoch [5] Training Results: Prec@1 46.800 Prec@5 94.180 Loss 1.40895
Epoch [5] Training Class Recall: [0.663,0.253,0.000,0.091,0.296,0.414,0.607,0.000,0.390,0.606]
Epoch [5] Testing Results: Prec@1 17.740 Prec@5 64.630 Loss 3.31217
Epoch [5] Testing Class Recall: [0.080,0.076,0.000,0.010,0.077,0.107,0.547,0.000,0.608,0.269]
Epoch [6] Training Results: Prec@1 46.460 Prec@5 94.540 Loss 1.39804
Epoch [6] Training Class Recall: [0.647,0.185,0.000,0.107,0.296,0.425,0.595,0.000,0.382,0.627]
Epoch [6] Testing Results: Prec@1 16.080 Prec@5 62.450 Loss 3.51993
Epoch [6] Testing Class Recall: [0.484,0.037,0.000,0.100,0.118,0.557,0.071,0.000,0.013,0.228]
Epoch [7] Training Results: Prec@1 49.260 Prec@5 94.920 Loss 1.33855
Epoch [7] Training Class Recall: [0.721,0.284,0.000,0.098,0.336,0.476,0.608,0.000,0.396,0.586]
Epoch [7] Testing Results: Prec@1 15.910 Prec@5 56.930 Loss 3.55218
Epoch [7] Testing Class Recall: [0.305,0.196,0.000,0.000,0.065,0.399,0.202,0.000,0.204,0.220]
Epoch [8] Training Results: Prec@1 52.720 Prec@5 95.120 Loss 1.28443
Epoch [8] Training Class Recall: [0.711,0.241,0.000,0.071,0.354,0.566,0.663,0.013,0.494,0.650]
Epoch [8] Testing Results: Prec@1 22.570 Prec@5 65.100 Loss 3.33075
Epoch [8] Testing Class Recall: [0.339,0.103,0.000,0.002,0.078,0.676,0.361,0.000,0.081,0.617]
Epoch [9] Training Results: Prec@1 56.040 Prec@5 96.100 Loss 1.18364
Epoch [9] Training Class Recall: [0.723,0.309,0.000,0.148,0.362,0.589,0.689,0.013,0.551,0.704]
Epoch [9] Testing Results: Prec@1 21.640 Prec@5 64.670 Loss 3.08311
Epoch [9] Testing Class Recall: [0.458,0.055,0.000,0.033,0.056,0.664,0.414,0.002,0.195,0.287]
Epoch [10] Training Results: Prec@1 58.620 Prec@5 96.740 Loss 1.12714
Epoch [10] Training Class Recall: [0.778,0.253,0.000,0.146,0.463,0.589,0.711,0.000,0.593,0.690]
Epoch [10] Testing Results: Prec@1 21.970 Prec@5 63.880 Loss 3.44855
Epoch [10] Testing Class Recall: [0.263,0.203,0.000,0.021,0.045,0.316,0.531,0.000,0.435,0.383]
Epoch [11] Training Results: Prec@1 61.100 Prec@5 97.380 Loss 1.06109
Epoch [11] Training Class Recall: [0.773,0.346,0.000,0.134,0.582,0.596,0.736,0.007,0.627,0.736]
Epoch [11] Testing Results: Prec@1 17.950 Prec@5 59.420 Loss 4.28519
Epoch [11] Testing Class Recall: [0.494,0.161,0.000,0.020,0.058,0.256,0.083,0.012,0.155,0.556]
Epoch [12] Training Results: Prec@1 59.040 Prec@5 97.120 Loss 1.10167
Epoch [12] Training Class Recall: [0.762,0.315,0.000,0.155,0.521,0.614,0.675,0.000,0.607,0.701]
Epoch [12] Testing Results: Prec@1 19.000 Prec@5 61.740 Loss 4.48862
Epoch [12] Testing Class Recall: [0.165,0.224,0.000,0.022,0.044,0.118,0.432,0.002,0.391,0.502]
Epoch [13] Training Results: Prec@1 57.560 Prec@5 96.480 Loss 1.15274
Epoch [13] Training Class Recall: [0.732,0.265,0.000,0.175,0.545,0.544,0.706,0.020,0.559,0.701]
Epoch [13] Testing Results: Prec@1 23.040 Prec@5 65.290 Loss 3.65610
Epoch [13] Testing Class Recall: [0.443,0.147,0.000,0.023,0.020,0.581,0.309,0.024,0.300,0.457]
Epoch [14] Training Results: Prec@1 58.620 Prec@5 96.300 Loss 1.12514
Epoch [14] Training Class Recall: [0.758,0.235,0.000,0.173,0.521,0.558,0.718,0.007,0.646,0.650]
Epoch [14] Testing Results: Prec@1 23.360 Prec@5 64.650 Loss 3.92577
Epoch [14] Testing Class Recall: [0.341,0.030,0.000,0.016,0.020,0.776,0.429,0.006,0.205,0.513]
Epoch [15] Training Results: Prec@1 64.380 Prec@5 97.700 Loss 0.97231
Epoch [15] Training Class Recall: [0.785,0.340,0.028,0.226,0.532,0.640,0.759,0.040,0.724,0.765]
Epoch [15] Testing Results: Prec@1 30.330 Prec@5 70.980 Loss 2.96608
Epoch [15] Testing Class Recall: [0.381,0.181,0.000,0.028,0.069,0.593,0.625,0.001,0.573,0.582]
Epoch [16] Training Results: Prec@1 66.720 Prec@5 98.020 Loss 0.90886
Epoch [16] Training Class Recall: [0.818,0.377,0.028,0.251,0.608,0.689,0.766,0.066,0.704,0.773]
Epoch [16] Testing Results: Prec@1 26.930 Prec@5 66.420 Loss 3.77063
Epoch [16] Testing Class Recall: [0.454,0.101,0.013,0.025,0.086,0.420,0.269,0.008,0.673,0.644]
Epoch [17] Training Results: Prec@1 67.940 Prec@5 98.200 Loss 0.88701
Epoch [17] Training Class Recall: [0.844,0.364,0.000,0.235,0.619,0.680,0.788,0.106,0.734,0.773]
Epoch [17] Testing Results: Prec@1 26.830 Prec@5 71.660 Loss 3.22783
Epoch [17] Testing Class Recall: [0.438,0.213,0.001,0.202,0.167,0.311,0.517,0.107,0.105,0.622]
Epoch [18] Training Results: Prec@1 67.080 Prec@5 97.980 Loss 0.91754
Epoch [18] Training Class Recall: [0.832,0.377,0.083,0.271,0.638,0.643,0.745,0.119,0.712,0.782]
Epoch [18] Testing Results: Prec@1 25.470 Prec@5 66.850 Loss 4.01731
Epoch [18] Testing Class Recall: [0.308,0.115,0.000,0.012,0.111,0.463,0.605,0.029,0.397,0.507]
Epoch [19] Training Results: Prec@1 67.620 Prec@5 98.180 Loss 0.89662
Epoch [19] Training Class Recall: [0.817,0.407,0.083,0.314,0.614,0.629,0.791,0.132,0.709,0.794]
Epoch [19] Testing Results: Prec@1 25.290 Prec@5 67.380 Loss 4.38662
Epoch [19] Testing Class Recall: [0.413,0.041,0.004,0.008,0.030,0.653,0.414,0.015,0.230,0.721]
Epoch [20] Training Results: Prec@1 71.460 Prec@5 98.620 Loss 0.79313
Epoch [20] Training Class Recall: [0.857,0.451,0.278,0.317,0.672,0.701,0.809,0.225,0.769,0.791]
Epoch [20] Testing Results: Prec@1 28.580 Prec@5 72.210 Loss 3.31014
Epoch [20] Testing Class Recall: [0.492,0.086,0.001,0.066,0.199,0.426,0.365,0.107,0.341,0.775]
Epoch [21] Training Results: Prec@1 70.280 Prec@5 98.000 Loss 0.83505
Epoch [21] Training Class Recall: [0.869,0.407,0.083,0.326,0.669,0.685,0.759,0.179,0.735,0.804]
Epoch [21] Testing Results: Prec@1 32.160 Prec@5 73.800 Loss 3.27773
Epoch [21] Testing Class Recall: [0.443,0.480,0.001,0.020,0.136,0.702,0.445,0.051,0.466,0.472]
Epoch [22] Training Results: Prec@1 72.280 Prec@5 98.760 Loss 0.77069
Epoch [22] Training Class Recall: [0.860,0.537,0.000,0.408,0.701,0.677,0.791,0.232,0.776,0.796]
Epoch [22] Testing Results: Prec@1 24.460 Prec@5 65.200 Loss 4.18118
Epoch [22] Testing Class Recall: [0.364,0.227,0.010,0.089,0.111,0.181,0.323,0.110,0.500,0.531]
Epoch [23] Training Results: Prec@1 71.820 Prec@5 98.480 Loss 0.78460
Epoch [23] Training Class Recall: [0.865,0.537,0.167,0.330,0.667,0.696,0.794,0.245,0.772,0.794]
Epoch [23] Testing Results: Prec@1 32.130 Prec@5 74.720 Loss 3.10557
Epoch [23] Testing Class Recall: [0.477,0.181,0.003,0.235,0.187,0.396,0.388,0.225,0.577,0.544]
Epoch [24] Training Results: Prec@1 73.780 Prec@5 98.800 Loss 0.72277
Epoch [24] Training Class Recall: [0.867,0.525,0.083,0.419,0.738,0.684,0.805,0.245,0.816,0.802]
Epoch [24] Testing Results: Prec@1 26.950 Prec@5 69.610 Loss 3.56820
Epoch [24] Testing Class Recall: [0.406,0.161,0.002,0.366,0.099,0.215,0.492,0.073,0.337,0.544]
Epoch [25] Training Results: Prec@1 73.160 Prec@5 98.680 Loss 0.74202
Epoch [25] Training Class Recall: [0.873,0.519,0.083,0.440,0.733,0.664,0.784,0.291,0.777,0.801]
Epoch [25] Testing Results: Prec@1 30.130 Prec@5 71.350 Loss 3.78063
Epoch [25] Testing Class Recall: [0.573,0.091,0.006,0.093,0.101,0.558,0.342,0.116,0.435,0.698]
Epoch [26] Training Results: Prec@1 75.040 Prec@5 98.820 Loss 0.70569
Epoch [26] Training Class Recall: [0.878,0.568,0.056,0.487,0.741,0.698,0.803,0.278,0.797,0.822]
Epoch [26] Testing Results: Prec@1 27.170 Prec@5 67.350 Loss 3.79315
Epoch [26] Testing Class Recall: [0.392,0.096,0.023,0.236,0.039,0.357,0.669,0.048,0.421,0.436]
Epoch [27] Training Results: Prec@1 76.300 Prec@5 98.920 Loss 0.65939
Epoch [27] Training Class Recall: [0.889,0.593,0.167,0.492,0.683,0.733,0.824,0.344,0.810,0.835]
Epoch [27] Testing Results: Prec@1 30.400 Prec@5 71.690 Loss 3.59326
Epoch [27] Testing Class Recall: [0.386,0.521,0.003,0.055,0.220,0.264,0.347,0.655,0.197,0.392]
Epoch [28] Training Results: Prec@1 77.020 Prec@5 99.000 Loss 0.66763
Epoch [28] Training Class Recall: [0.892,0.617,0.139,0.528,0.696,0.708,0.832,0.351,0.836,0.833]
Epoch [28] Testing Results: Prec@1 33.010 Prec@5 74.190 Loss 3.78454
Epoch [28] Testing Class Recall: [0.374,0.103,0.020,0.234,0.121,0.809,0.535,0.127,0.508,0.470]
Epoch [29] Training Results: Prec@1 73.820 Prec@5 98.640 Loss 0.72013
Epoch [29] Training Class Recall: [0.873,0.463,0.167,0.458,0.701,0.678,0.790,0.285,0.791,0.835]
Epoch [29] Testing Results: Prec@1 32.520 Prec@5 69.910 Loss 4.23236
Epoch [29] Testing Class Recall: [0.619,0.200,0.004,0.028,0.058,0.768,0.542,0.025,0.466,0.542]
Epoch [30] Training Results: Prec@1 79.260 Prec@5 99.160 Loss 0.59655
Epoch [30] Training Class Recall: [0.893,0.593,0.194,0.501,0.791,0.771,0.830,0.404,0.853,0.883]
Epoch [30] Testing Results: Prec@1 25.460 Prec@5 70.680 Loss 4.16746
Epoch [30] Testing Class Recall: [0.668,0.158,0.011,0.070,0.144,0.200,0.486,0.079,0.339,0.391]
Epoch [31] Training Results: Prec@1 78.380 Prec@5 99.260 Loss 0.60517
Epoch [31] Training Class Recall: [0.887,0.642,0.139,0.522,0.754,0.736,0.817,0.470,0.834,0.875]
Epoch [31] Testing Results: Prec@1 37.470 Prec@5 76.770 Loss 3.31307
Epoch [31] Testing Class Recall: [0.474,0.375,0.012,0.194,0.230,0.526,0.385,0.252,0.453,0.846]
Epoch [32] Training Results: Prec@1 79.720 Prec@5 99.200 Loss 0.57027
Epoch [32] Training Class Recall: [0.913,0.636,0.417,0.569,0.786,0.760,0.826,0.377,0.842,0.847]
Epoch [32] Testing Results: Prec@1 25.370 Prec@5 69.960 Loss 4.78903
Epoch [32] Testing Class Recall: [0.635,0.151,0.031,0.116,0.035,0.470,0.231,0.161,0.276,0.431]
Epoch [33] Training Results: Prec@1 79.800 Prec@5 99.200 Loss 0.57611
Epoch [33] Training Class Recall: [0.904,0.759,0.194,0.565,0.786,0.753,0.776,0.470,0.859,0.872]
Epoch [33] Testing Results: Prec@1 30.370 Prec@5 68.490 Loss 3.82954
Epoch [33] Testing Class Recall: [0.250,0.100,0.004,0.180,0.297,0.673,0.777,0.092,0.256,0.408]
Epoch [34] Training Results: Prec@1 81.240 Prec@5 99.620 Loss 0.52995
Epoch [34] Training Class Recall: [0.919,0.728,0.306,0.558,0.762,0.769,0.832,0.543,0.865,0.879]
Epoch [34] Testing Results: Prec@1 35.540 Prec@5 74.520 Loss 3.67038
Epoch [34] Testing Class Recall: [0.324,0.377,0.005,0.213,0.254,0.506,0.584,0.338,0.317,0.636]
Epoch [35] Training Results: Prec@1 79.480 Prec@5 99.260 Loss 0.56247
Epoch [35] Training Class Recall: [0.908,0.716,0.306,0.551,0.786,0.733,0.826,0.510,0.827,0.847]
Epoch [35] Testing Results: Prec@1 36.050 Prec@5 71.860 Loss 3.38476
Epoch [35] Testing Class Recall: [0.398,0.530,0.036,0.240,0.174,0.648,0.649,0.422,0.325,0.183]
Epoch [36] Training Results: Prec@1 81.360 Prec@5 99.240 Loss 0.54372
Epoch [36] Training Class Recall: [0.902,0.753,0.250,0.629,0.804,0.764,0.860,0.483,0.858,0.845]
Epoch [36] Testing Results: Prec@1 36.970 Prec@5 75.610 Loss 3.03043
Epoch [36] Testing Class Recall: [0.584,0.283,0.017,0.267,0.086,0.559,0.531,0.219,0.603,0.548]
Epoch [37] Training Results: Prec@1 78.000 Prec@5 99.080 Loss 0.61994
Epoch [37] Training Class Recall: [0.894,0.679,0.194,0.519,0.720,0.710,0.855,0.457,0.824,0.839]
Epoch [37] Testing Results: Prec@1 32.460 Prec@5 75.130 Loss 3.83940
Epoch [37] Testing Class Recall: [0.393,0.120,0.001,0.314,0.066,0.385,0.233,0.265,0.514,0.955]
Epoch [38] Training Results: Prec@1 79.660 Prec@5 99.200 Loss 0.57459
Epoch [38] Training Class Recall: [0.884,0.704,0.361,0.560,0.717,0.774,0.849,0.517,0.864,0.841]
Epoch [38] Testing Results: Prec@1 30.200 Prec@5 70.450 Loss 4.33531
Epoch [38] Testing Class Recall: [0.454,0.350,0.006,0.142,0.184,0.248,0.210,0.137,0.425,0.864]
Epoch [39] Training Results: Prec@1 83.400 Prec@5 99.500 Loss 0.48617
Epoch [39] Training Class Recall: [0.927,0.827,0.472,0.622,0.767,0.780,0.855,0.563,0.878,0.900]
Epoch [39] Testing Results: Prec@1 29.450 Prec@5 71.110 Loss 4.12033
Epoch [39] Testing Class Recall: [0.474,0.410,0.049,0.163,0.142,0.386,0.293,0.163,0.556,0.309]
Epoch [40] Training Results: Prec@1 81.880 Prec@5 99.320 Loss 0.50975
Epoch [40] Training Class Recall: [0.918,0.796,0.278,0.617,0.804,0.780,0.854,0.583,0.862,0.816]
Epoch [40] Testing Results: Prec@1 35.120 Prec@5 73.140 Loss 3.43059
Epoch [40] Testing Class Recall: [0.435,0.316,0.013,0.174,0.177,0.666,0.556,0.190,0.321,0.664]
Epoch [41] Training Results: Prec@1 84.840 Prec@5 99.600 Loss 0.43331
Epoch [41] Training Class Recall: [0.938,0.772,0.333,0.654,0.817,0.820,0.882,0.583,0.879,0.891]
Epoch [41] Testing Results: Prec@1 35.520 Prec@5 74.830 Loss 3.53362
Epoch [41] Testing Class Recall: [0.389,0.368,0.066,0.097,0.197,0.484,0.610,0.126,0.550,0.665]
Epoch [42] Training Results: Prec@1 85.980 Prec@5 99.520 Loss 0.41563
Epoch [42] Training Class Recall: [0.931,0.790,0.639,0.679,0.870,0.799,0.887,0.656,0.907,0.892]
Epoch [42] Testing Results: Prec@1 36.940 Prec@5 74.710 Loss 3.97283
Epoch [42] Testing Class Recall: [0.533,0.381,0.001,0.201,0.183,0.436,0.258,0.190,0.652,0.859]
Epoch [43] Training Results: Prec@1 85.340 Prec@5 99.520 Loss 0.40827
Epoch [43] Training Class Recall: [0.926,0.840,0.417,0.720,0.857,0.806,0.851,0.649,0.864,0.907]
Epoch [43] Testing Results: Prec@1 36.630 Prec@5 73.980 Loss 3.70663
Epoch [43] Testing Class Recall: [0.295,0.548,0.048,0.225,0.083,0.615,0.638,0.277,0.498,0.436]
Epoch [44] Training Results: Prec@1 80.900 Prec@5 99.580 Loss 0.55621
Epoch [44] Training Class Recall: [0.878,0.741,0.444,0.613,0.810,0.773,0.841,0.503,0.842,0.879]
Epoch [44] Testing Results: Prec@1 37.150 Prec@5 73.940 Loss 3.65489
Epoch [44] Testing Class Recall: [0.624,0.462,0.025,0.260,0.090,0.435,0.487,0.063,0.414,0.855]
Epoch [45] Training Results: Prec@1 84.060 Prec@5 99.600 Loss 0.43423
Epoch [45] Training Class Recall: [0.924,0.809,0.306,0.640,0.839,0.795,0.866,0.616,0.868,0.888]
Epoch [45] Testing Results: Prec@1 41.440 Prec@5 77.890 Loss 3.50289
Epoch [45] Testing Class Recall: [0.745,0.433,0.004,0.249,0.095,0.543,0.431,0.334,0.668,0.642]
Epoch [46] Training Results: Prec@1 86.860 Prec@5 99.640 Loss 0.37743
Epoch [46] Training Class Recall: [0.947,0.883,0.667,0.688,0.802,0.795,0.890,0.662,0.907,0.934]
Epoch [46] Testing Results: Prec@1 40.570 Prec@5 76.250 Loss 3.32830
Epoch [46] Testing Class Recall: [0.411,0.534,0.014,0.267,0.196,0.416,0.596,0.564,0.345,0.714]
Epoch [47] Training Results: Prec@1 85.940 Prec@5 99.760 Loss 0.38206
Epoch [47] Training Class Recall: [0.931,0.840,0.444,0.690,0.831,0.815,0.906,0.728,0.870,0.888]
Epoch [47] Testing Results: Prec@1 36.140 Prec@5 75.880 Loss 4.12320
Epoch [47] Testing Class Recall: [0.367,0.441,0.015,0.342,0.313,0.336,0.273,0.189,0.443,0.895]
Epoch [48] Training Results: Prec@1 84.740 Prec@5 99.640 Loss 0.43333
Epoch [48] Training Class Recall: [0.906,0.846,0.417,0.686,0.860,0.804,0.878,0.563,0.876,0.901]
Epoch [48] Testing Results: Prec@1 35.390 Prec@5 73.860 Loss 3.27445
Epoch [48] Testing Class Recall: [0.377,0.555,0.046,0.107,0.171,0.462,0.695,0.297,0.488,0.341]
Epoch [49] Training Results: Prec@1 88.060 Prec@5 99.720 Loss 0.33761
Epoch [49] Training Class Recall: [0.947,0.895,0.639,0.718,0.876,0.806,0.915,0.682,0.915,0.914]
Epoch [49] Testing Results: Prec@1 42.270 Prec@5 77.490 Loss 3.28534
Epoch [49] Testing Class Recall: [0.516,0.483,0.040,0.353,0.130,0.696,0.609,0.393,0.383,0.624]
Epoch [50] Training Results: Prec@1 89.700 Prec@5 99.780 Loss 0.28904
Epoch [50] Training Class Recall: [0.958,0.926,0.639,0.731,0.878,0.843,0.906,0.788,0.929,0.938]
Epoch [50] Testing Results: Prec@1 29.530 Prec@5 69.770 Loss 6.80414
Epoch [50] Testing Class Recall: [0.484,0.201,0.031,0.171,0.098,0.317,0.041,0.053,0.618,0.939]
Epoch [51] Training Results: Prec@1 83.820 Prec@5 99.540 Loss 0.46355
Epoch [51] Training Class Recall: [0.895,0.833,0.472,0.690,0.802,0.811,0.869,0.570,0.850,0.910]
Epoch [51] Testing Results: Prec@1 41.840 Prec@5 77.230 Loss 3.06331
Epoch [51] Testing Class Recall: [0.536,0.514,0.036,0.227,0.236,0.376,0.501,0.443,0.688,0.627]
Epoch [52] Training Results: Prec@1 86.560 Prec@5 99.720 Loss 0.37371
Epoch [52] Training Class Recall: [0.941,0.864,0.417,0.706,0.868,0.802,0.891,0.636,0.899,0.898]
Epoch [52] Testing Results: Prec@1 40.070 Prec@5 78.750 Loss 4.05431
Epoch [52] Testing Class Recall: [0.457,0.204,0.056,0.112,0.233,0.337,0.771,0.422,0.661,0.754]
Epoch [53] Training Results: Prec@1 87.740 Prec@5 99.820 Loss 0.34223
Epoch [53] Training Class Recall: [0.936,0.877,0.639,0.708,0.876,0.808,0.885,0.709,0.921,0.938]
Epoch [53] Testing Results: Prec@1 38.030 Prec@5 74.050 Loss 4.71375
Epoch [53] Testing Class Recall: [0.564,0.488,0.038,0.115,0.138,0.410,0.335,0.454,0.431,0.830]
Epoch [54] Training Results: Prec@1 89.420 Prec@5 99.660 Loss 0.32208
Epoch [54] Training Class Recall: [0.938,0.870,0.694,0.774,0.886,0.860,0.920,0.735,0.926,0.919]
Epoch [54] Testing Results: Prec@1 34.690 Prec@5 70.310 Loss 5.05082
Epoch [54] Testing Class Recall: [0.404,0.310,0.011,0.157,0.066,0.592,0.377,0.065,0.699,0.788]
Epoch [55] Training Results: Prec@1 87.260 Prec@5 99.740 Loss 0.35118
Epoch [55] Training Class Recall: [0.924,0.870,0.556,0.736,0.868,0.829,0.897,0.662,0.889,0.929]
Epoch [55] Testing Results: Prec@1 38.150 Prec@5 76.410 Loss 3.98720
Epoch [55] Testing Class Recall: [0.530,0.269,0.028,0.138,0.132,0.700,0.658,0.069,0.484,0.807]
Epoch [56] Training Results: Prec@1 87.780 Prec@5 99.700 Loss 0.34231
Epoch [56] Training Class Recall: [0.937,0.920,0.583,0.720,0.873,0.808,0.915,0.682,0.909,0.914]
Epoch [56] Testing Results: Prec@1 48.400 Prec@5 80.330 Loss 2.80229
Epoch [56] Testing Class Recall: [0.449,0.896,0.024,0.378,0.197,0.661,0.710,0.525,0.497,0.503]
Epoch [57] Training Results: Prec@1 86.580 Prec@5 99.560 Loss 0.39712
Epoch [57] Training Class Recall: [0.939,0.722,0.583,0.713,0.868,0.830,0.908,0.656,0.915,0.864]
Epoch [57] Testing Results: Prec@1 39.660 Prec@5 79.280 Loss 3.16995
Epoch [57] Testing Class Recall: [0.665,0.288,0.034,0.372,0.194,0.601,0.406,0.383,0.469,0.554]
Epoch [58] Training Results: Prec@1 84.440 Prec@5 99.680 Loss 0.44568
Epoch [58] Training Class Recall: [0.895,0.833,0.417,0.686,0.828,0.811,0.875,0.623,0.884,0.897]
Epoch [58] Testing Results: Prec@1 37.630 Prec@5 74.320 Loss 3.67248
Epoch [58] Testing Class Recall: [0.562,0.188,0.004,0.097,0.042,0.665,0.365,0.283,0.629,0.928]
Epoch [59] Training Results: Prec@1 84.380 Prec@5 99.360 Loss 0.45796
Epoch [59] Training Class Recall: [0.923,0.846,0.639,0.667,0.833,0.781,0.839,0.662,0.899,0.870]
Epoch [59] Testing Results: Prec@1 41.520 Prec@5 77.860 Loss 3.17841
Epoch [59] Testing Class Recall: [0.640,0.261,0.035,0.378,0.138,0.632,0.552,0.372,0.285,0.859]
Epoch [60] Training Results: Prec@1 89.260 Prec@5 99.760 Loss 0.30820
Epoch [60] Training Class Recall: [0.956,0.895,0.611,0.749,0.865,0.850,0.891,0.742,0.930,0.932]
Epoch [60] Testing Results: Prec@1 39.180 Prec@5 74.110 Loss 3.86950
Epoch [60] Testing Class Recall: [0.450,0.562,0.038,0.240,0.097,0.703,0.600,0.104,0.429,0.695]
Epoch [61] Training Results: Prec@1 91.040 Prec@5 99.880 Loss 0.24855
Epoch [61] Training Class Recall: [0.964,0.932,0.667,0.790,0.892,0.855,0.925,0.728,0.946,0.944]
Epoch [61] Testing Results: Prec@1 38.570 Prec@5 74.540 Loss 4.34042
Epoch [61] Testing Class Recall: [0.252,0.526,0.009,0.379,0.150,0.497,0.282,0.248,0.665,0.849]
Epoch [62] Training Results: Prec@1 86.340 Prec@5 99.640 Loss 0.41231
Epoch [62] Training Class Recall: [0.927,0.852,0.639,0.761,0.854,0.846,0.872,0.715,0.862,0.870]
Epoch [62] Testing Results: Prec@1 36.390 Prec@5 75.050 Loss 3.86787
Epoch [62] Testing Class Recall: [0.596,0.302,0.009,0.118,0.163,0.442,0.328,0.319,0.650,0.712]
Epoch [63] Training Results: Prec@1 88.720 Prec@5 99.720 Loss 0.32425
Epoch [63] Training Class Recall: [0.942,0.907,0.528,0.759,0.844,0.832,0.894,0.775,0.929,0.932]
Epoch [63] Testing Results: Prec@1 44.050 Prec@5 79.810 Loss 3.12292
Epoch [63] Testing Class Recall: [0.447,0.474,0.007,0.568,0.143,0.597,0.611,0.257,0.632,0.669]
Epoch [64] Training Results: Prec@1 92.100 Prec@5 99.880 Loss 0.23430
Epoch [64] Training Class Recall: [0.961,0.975,0.611,0.804,0.899,0.879,0.943,0.828,0.935,0.959]
Epoch [64] Testing Results: Prec@1 43.490 Prec@5 79.260 Loss 3.48504
Epoch [64] Testing Class Recall: [0.491,0.601,0.021,0.270,0.251,0.473,0.592,0.303,0.555,0.792]
Epoch [65] Training Results: Prec@1 92.480 Prec@5 99.920 Loss 0.20998
Epoch [65] Training Class Recall: [0.961,0.969,0.778,0.822,0.907,0.881,0.933,0.848,0.952,0.950]
Epoch [65] Testing Results: Prec@1 40.450 Prec@5 76.570 Loss 4.30783
Epoch [65] Testing Class Recall: [0.684,0.427,0.021,0.196,0.123,0.472,0.332,0.245,0.729,0.816]
Epoch [66] Training Results: Prec@1 91.600 Prec@5 99.940 Loss 0.23580
Epoch [66] Training Class Recall: [0.962,0.926,0.722,0.768,0.926,0.865,0.915,0.848,0.954,0.951]
Epoch [66] Testing Results: Prec@1 41.340 Prec@5 77.120 Loss 4.43645
Epoch [66] Testing Class Recall: [0.267,0.330,0.014,0.232,0.147,0.811,0.760,0.230,0.549,0.794]
Epoch [67] Training Results: Prec@1 90.600 Prec@5 99.880 Loss 0.25872
Epoch [67] Training Class Recall: [0.938,0.926,0.694,0.813,0.910,0.872,0.911,0.808,0.932,0.932]
Epoch [67] Testing Results: Prec@1 38.300 Prec@5 77.370 Loss 3.96705
Epoch [67] Testing Class Recall: [0.520,0.439,0.023,0.374,0.160,0.559,0.452,0.251,0.356,0.696]
Epoch [68] Training Results: Prec@1 89.620 Prec@5 99.920 Loss 0.28961
Epoch [68] Training Class Recall: [0.946,0.920,0.694,0.800,0.817,0.843,0.927,0.788,0.921,0.931]
Epoch [68] Testing Results: Prec@1 38.920 Prec@5 76.540 Loss 3.87746
Epoch [68] Testing Class Recall: [0.714,0.339,0.023,0.205,0.079,0.429,0.620,0.175,0.609,0.699]
Epoch [69] Training Results: Prec@1 91.540 Prec@5 99.940 Loss 0.23658
Epoch [69] Training Class Recall: [0.952,0.951,0.694,0.825,0.886,0.874,0.918,0.828,0.946,0.948]
Epoch [69] Testing Results: Prec@1 36.770 Prec@5 74.950 Loss 4.48827
Epoch [69] Testing Class Recall: [0.489,0.830,0.036,0.148,0.124,0.623,0.289,0.273,0.237,0.628]
Epoch [70] Training Results: Prec@1 85.740 Prec@5 99.580 Loss 0.41053
Epoch [70] Training Class Recall: [0.928,0.864,0.639,0.704,0.825,0.801,0.861,0.695,0.882,0.909]
Epoch [70] Testing Results: Prec@1 38.520 Prec@5 76.020 Loss 3.94798
Epoch [70] Testing Class Recall: [0.569,0.326,0.050,0.108,0.122,0.684,0.494,0.184,0.470,0.845]
Epoch [71] Training Results: Prec@1 89.940 Prec@5 99.800 Loss 0.28662
Epoch [71] Training Class Recall: [0.940,0.914,0.750,0.800,0.894,0.837,0.924,0.788,0.926,0.923]
Epoch [71] Testing Results: Prec@1 45.280 Prec@5 80.290 Loss 3.01244
Epoch [71] Testing Class Recall: [0.508,0.509,0.055,0.229,0.237,0.780,0.461,0.558,0.556,0.635]
Epoch [72] Training Results: Prec@1 92.820 Prec@5 99.900 Loss 0.20723
Epoch [72] Training Class Recall: [0.968,0.901,0.861,0.834,0.910,0.902,0.937,0.821,0.954,0.948]
Epoch [72] Testing Results: Prec@1 44.510 Prec@5 80.660 Loss 3.08738
Epoch [72] Testing Class Recall: [0.512,0.405,0.078,0.333,0.330,0.674,0.477,0.496,0.399,0.747]
Epoch [73] Training Results: Prec@1 92.880 Prec@5 99.940 Loss 0.20381
Epoch [73] Training Class Recall: [0.972,0.932,0.750,0.829,0.937,0.851,0.943,0.854,0.950,0.963]
Epoch [73] Testing Results: Prec@1 42.690 Prec@5 77.840 Loss 3.64315
Epoch [73] Testing Class Recall: [0.468,0.512,0.012,0.271,0.112,0.793,0.519,0.206,0.620,0.756]
Epoch [74] Training Results: Prec@1 92.980 Prec@5 99.920 Loss 0.20066
Epoch [74] Training Class Recall: [0.968,0.914,0.750,0.838,0.907,0.888,0.923,0.834,0.971,0.969]
Epoch [74] Testing Results: Prec@1 40.800 Prec@5 77.540 Loss 4.19278
Epoch [74] Testing Class Recall: [0.403,0.224,0.044,0.316,0.195,0.658,0.703,0.129,0.584,0.824]
Epoch [75] Training Results: Prec@1 92.040 Prec@5 99.940 Loss 0.21812
Epoch [75] Training Class Recall: [0.963,0.914,0.722,0.834,0.902,0.874,0.931,0.861,0.938,0.944]
Epoch [75] Testing Results: Prec@1 43.990 Prec@5 80.340 Loss 3.72978
Epoch [75] Testing Class Recall: [0.620,0.475,0.013,0.263,0.256,0.619,0.366,0.357,0.590,0.840]
Epoch [76] Training Results: Prec@1 91.420 Prec@5 99.900 Loss 0.23055
Epoch [76] Training Class Recall: [0.973,0.926,0.750,0.806,0.899,0.851,0.900,0.801,0.941,0.954]
Epoch [76] Testing Results: Prec@1 44.650 Prec@5 78.810 Loss 3.67381
Epoch [76] Testing Class Recall: [0.384,0.571,0.049,0.123,0.177,0.676,0.752,0.662,0.442,0.629]
Epoch [77] Training Results: Prec@1 90.600 Prec@5 99.840 Loss 0.27525
Epoch [77] Training Class Recall: [0.952,0.951,0.750,0.772,0.902,0.858,0.924,0.675,0.946,0.942]
Epoch [77] Testing Results: Prec@1 38.730 Prec@5 80.880 Loss 4.06083
Epoch [77] Testing Class Recall: [0.454,0.360,0.066,0.181,0.251,0.578,0.580,0.172,0.385,0.846]
Epoch [78] Training Results: Prec@1 84.660 Prec@5 99.540 Loss 0.44733
Epoch [78] Training Class Recall: [0.892,0.747,0.417,0.759,0.841,0.818,0.902,0.722,0.872,0.842]
Epoch [78] Testing Results: Prec@1 35.480 Prec@5 74.840 Loss 3.37084
Epoch [78] Testing Class Recall: [0.400,0.179,0.077,0.182,0.152,0.538,0.352,0.302,0.641,0.725]
Epoch [79] Training Results: Prec@1 90.380 Prec@5 99.820 Loss 0.27196
Epoch [79] Training Class Recall: [0.947,0.864,0.806,0.820,0.844,0.879,0.927,0.775,0.932,0.925]
Epoch [79] Testing Results: Prec@1 42.290 Prec@5 78.050 Loss 3.54892
Epoch [79] Testing Class Recall: [0.321,0.503,0.040,0.256,0.248,0.836,0.560,0.328,0.453,0.684]
Epoch [80] Training Results: Prec@1 89.660 Prec@5 99.880 Loss 0.28127
Epoch [80] Training Class Recall: [0.927,0.901,0.694,0.777,0.889,0.857,0.933,0.801,0.913,0.934]
Epoch [80] Testing Results: Prec@1 42.910 Prec@5 79.540 Loss 3.56485
Epoch [80] Testing Class Recall: [0.470,0.371,0.029,0.273,0.171,0.557,0.706,0.200,0.626,0.888]
Epoch [81] Training Results: Prec@1 94.280 Prec@5 99.980 Loss 0.17434
Epoch [81] Training Class Recall: [0.969,0.951,0.722,0.877,0.939,0.899,0.961,0.861,0.954,0.975]
Epoch [81] Testing Results: Prec@1 39.000 Prec@5 76.500 Loss 4.21158
Epoch [81] Testing Class Recall: [0.414,0.675,0.050,0.245,0.137,0.481,0.595,0.136,0.435,0.732]
Epoch [82] Training Results: Prec@1 84.280 Prec@5 99.620 Loss 0.46132
Epoch [82] Training Class Recall: [0.885,0.833,0.472,0.747,0.839,0.773,0.884,0.748,0.879,0.855]
Epoch [82] Testing Results: Prec@1 36.810 Prec@5 74.890 Loss 3.79671
Epoch [82] Testing Class Recall: [0.476,0.573,0.037,0.288,0.085,0.367,0.800,0.101,0.390,0.564]
Epoch [83] Training Results: Prec@1 91.120 Prec@5 99.880 Loss 0.26017
Epoch [83] Training Class Recall: [0.962,0.938,0.722,0.822,0.884,0.822,0.936,0.795,0.949,0.934]
Epoch [83] Testing Results: Prec@1 46.990 Prec@5 80.980 Loss 3.02090
Epoch [83] Testing Class Recall: [0.567,0.547,0.056,0.272,0.284,0.448,0.495,0.645,0.517,0.868]
Epoch [84] Training Results: Prec@1 90.040 Prec@5 99.860 Loss 0.29878
Epoch [84] Training Class Recall: [0.946,0.957,0.583,0.843,0.812,0.853,0.900,0.795,0.923,0.948]
Epoch [84] Testing Results: Prec@1 44.620 Prec@5 80.430 Loss 3.30972
Epoch [84] Testing Class Recall: [0.523,0.411,0.031,0.117,0.218,0.850,0.639,0.483,0.437,0.753]
Epoch [85] Training Results: Prec@1 90.900 Prec@5 99.900 Loss 0.26457
Epoch [85] Training Class Recall: [0.940,0.938,0.556,0.797,0.886,0.874,0.925,0.788,0.947,0.951]
Epoch [85] Testing Results: Prec@1 37.550 Prec@5 72.480 Loss 4.13231
Epoch [85] Testing Class Recall: [0.471,0.458,0.016,0.122,0.128,0.551,0.368,0.255,0.588,0.798]
Epoch [86] Training Results: Prec@1 89.460 Prec@5 99.820 Loss 0.30168
Epoch [86] Training Class Recall: [0.941,0.895,0.611,0.806,0.876,0.878,0.918,0.762,0.906,0.901]
Epoch [86] Testing Results: Prec@1 39.780 Prec@5 77.530 Loss 3.19243
Epoch [86] Testing Class Recall: [0.488,0.403,0.022,0.143,0.209,0.720,0.633,0.288,0.357,0.715]
Epoch [87] Training Results: Prec@1 93.640 Prec@5 99.940 Loss 0.18983
Epoch [87] Training Class Recall: [0.976,0.944,0.806,0.811,0.907,0.935,0.943,0.894,0.954,0.951]
Epoch [87] Testing Results: Prec@1 42.100 Prec@5 78.640 Loss 4.07041
Epoch [87] Testing Class Recall: [0.676,0.309,0.044,0.147,0.111,0.659,0.481,0.287,0.693,0.803]
Epoch [88] Training Results: Prec@1 93.820 Prec@5 99.960 Loss 0.17457
Epoch [88] Training Class Recall: [0.965,0.963,0.806,0.861,0.921,0.909,0.942,0.874,0.964,0.959]
Epoch [88] Testing Results: Prec@1 43.270 Prec@5 81.400 Loss 4.08053
Epoch [88] Testing Class Recall: [0.317,0.312,0.011,0.788,0.160,0.535,0.428,0.457,0.593,0.726]
Epoch [89] Training Results: Prec@1 89.220 Prec@5 99.780 Loss 0.31031
Epoch [89] Training Class Recall: [0.927,0.932,0.806,0.768,0.860,0.836,0.909,0.861,0.932,0.920]
Epoch [89] Testing Results: Prec@1 44.940 Prec@5 80.960 Loss 3.24132
Epoch [89] Testing Class Recall: [0.430,0.516,0.042,0.135,0.332,0.797,0.603,0.376,0.448,0.815]
Epoch [90] Training Results: Prec@1 92.200 Prec@5 99.900 Loss 0.24002
Epoch [90] Training Class Recall: [0.962,0.914,0.806,0.852,0.918,0.855,0.942,0.868,0.950,0.925]
Epoch [90] Testing Results: Prec@1 43.360 Prec@5 79.290 Loss 3.42419
Epoch [90] Testing Class Recall: [0.533,0.482,0.030,0.317,0.180,0.739,0.494,0.219,0.597,0.745]
Epoch [91] Training Results: Prec@1 94.720 Prec@5 100.000 Loss 0.15453
Epoch [91] Training Class Recall: [0.977,0.957,0.806,0.886,0.929,0.911,0.955,0.921,0.964,0.959]
Epoch [91] Testing Results: Prec@1 49.170 Prec@5 82.850 Loss 3.28099
Epoch [91] Testing Class Recall: [0.478,0.783,0.024,0.422,0.204,0.679,0.803,0.489,0.419,0.616]
Epoch [92] Training Results: Prec@1 93.520 Prec@5 99.920 Loss 0.19480
Epoch [92] Training Class Recall: [0.970,0.920,0.806,0.863,0.929,0.902,0.945,0.854,0.941,0.962]
Epoch [92] Testing Results: Prec@1 39.310 Prec@5 78.390 Loss 4.00297
Epoch [92] Testing Class Recall: [0.661,0.366,0.029,0.383,0.192,0.554,0.428,0.255,0.381,0.682]
Epoch [93] Training Results: Prec@1 87.780 Prec@5 99.640 Loss 0.36972
Epoch [93] Training Class Recall: [0.916,0.895,0.694,0.763,0.865,0.857,0.873,0.709,0.929,0.904]
Epoch [93] Testing Results: Prec@1 38.940 Prec@5 78.680 Loss 3.70507
Epoch [93] Testing Class Recall: [0.550,0.430,0.073,0.137,0.235,0.237,0.412,0.474,0.534,0.812]
Epoch [94] Training Results: Prec@1 93.380 Prec@5 99.940 Loss 0.18908
Epoch [94] Training Class Recall: [0.971,0.938,0.778,0.856,0.926,0.886,0.951,0.821,0.955,0.954]
Epoch [94] Testing Results: Prec@1 45.670 Prec@5 81.440 Loss 3.19343
Epoch [94] Testing Class Recall: [0.618,0.465,0.017,0.346,0.273,0.638,0.672,0.381,0.429,0.728]
Epoch [95] Training Results: Prec@1 95.540 Prec@5 99.980 Loss 0.13289
Epoch [95] Training Class Recall: [0.984,0.975,0.889,0.893,0.947,0.904,0.970,0.887,0.974,0.972]
Epoch [95] Testing Results: Prec@1 42.630 Prec@5 77.310 Loss 3.90318
Epoch [95] Testing Class Recall: [0.546,0.552,0.069,0.146,0.192,0.342,0.581,0.478,0.607,0.750]
Epoch [96] Training Results: Prec@1 94.820 Prec@5 100.000 Loss 0.14831
Epoch [96] Training Class Recall: [0.976,0.975,0.778,0.902,0.921,0.899,0.964,0.887,0.969,0.965]
Epoch [96] Testing Results: Prec@1 46.450 Prec@5 81.740 Loss 3.23637
Epoch [96] Testing Class Recall: [0.569,0.333,0.005,0.389,0.306,0.561,0.754,0.378,0.539,0.811]
Epoch [97] Training Results: Prec@1 89.160 Prec@5 99.740 Loss 0.32044
Epoch [97] Training Class Recall: [0.948,0.870,0.556,0.815,0.876,0.860,0.896,0.821,0.909,0.889]
Epoch [97] Testing Results: Prec@1 37.630 Prec@5 77.090 Loss 4.41115
Epoch [97] Testing Class Recall: [0.780,0.237,0.058,0.207,0.080,0.783,0.499,0.117,0.259,0.743]
Epoch [98] Training Results: Prec@1 91.040 Prec@5 99.860 Loss 0.27099
Epoch [98] Training Class Recall: [0.956,0.914,0.833,0.820,0.905,0.837,0.930,0.795,0.933,0.937]
Epoch [98] Testing Results: Prec@1 44.010 Prec@5 77.620 Loss 3.76754
Epoch [98] Testing Class Recall: [0.467,0.422,0.021,0.304,0.179,0.610,0.810,0.332,0.464,0.792]
Epoch [99] Training Results: Prec@1 94.920 Prec@5 99.940 Loss 0.15014
Epoch [99] Training Class Recall: [0.973,0.963,0.806,0.888,0.942,0.927,0.969,0.901,0.954,0.959]
Epoch [99] Testing Results: Prec@1 38.390 Prec@5 76.690 Loss 4.81459
Epoch [99] Testing Class Recall: [0.577,0.497,0.028,0.142,0.116,0.677,0.324,0.143,0.484,0.851]
Epoch [100] Training Results: Prec@1 91.120 Prec@5 99.760 Loss 0.27823
Epoch [100] Training Class Recall: [0.964,0.914,0.694,0.829,0.913,0.848,0.912,0.695,0.937,0.953]
Epoch [100] Testing Results: Prec@1 44.930 Prec@5 80.250 Loss 3.21708
Epoch [100] Testing Class Recall: [0.465,0.429,0.063,0.287,0.224,0.522,0.562,0.415,0.673,0.853]
Epoch [101] Training Results: Prec@1 93.480 Prec@5 99.960 Loss 0.17680
Epoch [101] Training Class Recall: [0.974,0.938,0.833,0.866,0.915,0.913,0.914,0.854,0.960,0.956]
Epoch [101] Testing Results: Prec@1 41.310 Prec@5 78.380 Loss 3.95636
Epoch [101] Testing Class Recall: [0.701,0.615,0.049,0.199,0.144,0.451,0.587,0.155,0.590,0.640]
Epoch [102] Training Results: Prec@1 88.960 Prec@5 99.780 Loss 0.31660
Epoch [102] Training Class Recall: [0.951,0.852,0.639,0.827,0.823,0.836,0.885,0.795,0.929,0.909]
Epoch [102] Testing Results: Prec@1 43.890 Prec@5 77.180 Loss 3.48876
Epoch [102] Testing Class Recall: [0.580,0.560,0.026,0.217,0.127,0.727,0.651,0.415,0.386,0.700]
Epoch [103] Training Results: Prec@1 93.620 Prec@5 99.920 Loss 0.19353
Epoch [103] Training Class Recall: [0.972,0.944,0.861,0.872,0.910,0.904,0.927,0.874,0.949,0.965]
Epoch [103] Testing Results: Prec@1 43.760 Prec@5 78.900 Loss 3.56122
Epoch [103] Testing Class Recall: [0.516,0.359,0.023,0.223,0.193,0.602,0.664,0.292,0.607,0.897]
Epoch [104] Training Results: Prec@1 95.760 Prec@5 99.940 Loss 0.13076
Epoch [104] Training Class Recall: [0.978,0.951,0.889,0.909,0.960,0.934,0.951,0.940,0.969,0.975]
Epoch [104] Testing Results: Prec@1 48.670 Prec@5 82.670 Loss 3.32977
Epoch [104] Testing Class Recall: [0.474,0.560,0.058,0.360,0.313,0.549,0.754,0.410,0.661,0.728]
Epoch [105] Training Results: Prec@1 95.680 Prec@5 100.000 Loss 0.11704
Epoch [105] Training Class Recall: [0.986,0.975,0.889,0.888,0.966,0.925,0.945,0.881,0.985,0.971]
Epoch [105] Testing Results: Prec@1 44.440 Prec@5 80.250 Loss 3.88684
Epoch [105] Testing Class Recall: [0.390,0.334,0.053,0.266,0.232,0.655,0.479,0.366,0.738,0.931]
Epoch [106] Training Results: Prec@1 93.620 Prec@5 99.940 Loss 0.18425
Epoch [106] Training Class Recall: [0.955,0.932,0.833,0.888,0.950,0.904,0.958,0.927,0.924,0.950]
Epoch [106] Testing Results: Prec@1 43.650 Prec@5 78.500 Loss 3.63005
Epoch [106] Testing Class Recall: [0.452,0.455,0.026,0.444,0.172,0.762,0.522,0.205,0.455,0.872]
Epoch [107] Training Results: Prec@1 91.800 Prec@5 99.900 Loss 0.23993
Epoch [107] Training Class Recall: [0.954,0.907,0.722,0.866,0.847,0.886,0.948,0.834,0.932,0.940]
Epoch [107] Testing Results: Prec@1 37.120 Prec@5 77.940 Loss 4.67413
Epoch [107] Testing Class Recall: [0.500,0.300,0.089,0.085,0.205,0.482,0.382,0.381,0.412,0.876]
Epoch [108] Training Results: Prec@1 95.040 Prec@5 99.980 Loss 0.14351
Epoch [108] Training Class Recall: [0.972,0.975,0.917,0.891,0.931,0.918,0.963,0.940,0.960,0.963]
Epoch [108] Testing Results: Prec@1 45.910 Prec@5 80.580 Loss 3.65241
Epoch [108] Testing Class Recall: [0.635,0.447,0.025,0.179,0.126,0.750,0.555,0.312,0.706,0.856]
Epoch [109] Training Results: Prec@1 96.180 Prec@5 100.000 Loss 0.10799
Epoch [109] Training Class Recall: [0.979,0.969,0.889,0.927,0.952,0.935,0.964,0.921,0.985,0.968]
Epoch [109] Testing Results: Prec@1 44.290 Prec@5 79.070 Loss 4.39165
Epoch [109] Testing Class Recall: [0.508,0.402,0.018,0.125,0.241,0.642,0.445,0.658,0.528,0.862]
Epoch [110] Training Results: Prec@1 94.560 Prec@5 100.000 Loss 0.16171
Epoch [110] Training Class Recall: [0.967,0.963,0.972,0.884,0.947,0.920,0.957,0.894,0.946,0.962]
Epoch [110] Testing Results: Prec@1 39.450 Prec@5 74.360 Loss 5.25908
Epoch [110] Testing Class Recall: [0.568,0.426,0.010,0.073,0.077,0.681,0.464,0.100,0.670,0.876]
Epoch [111] Training Results: Prec@1 88.500 Prec@5 99.820 Loss 0.36619
Epoch [111] Training Class Recall: [0.936,0.901,0.667,0.786,0.884,0.850,0.914,0.748,0.884,0.895]
Epoch [111] Testing Results: Prec@1 38.420 Prec@5 77.140 Loss 4.87996
Epoch [111] Testing Class Recall: [0.636,0.399,0.074,0.115,0.085,0.538,0.400,0.348,0.346,0.901]
Epoch [112] Training Results: Prec@1 92.680 Prec@5 99.920 Loss 0.22109
Epoch [112] Training Class Recall: [0.961,0.914,0.778,0.870,0.915,0.900,0.945,0.887,0.913,0.942]
Epoch [112] Testing Results: Prec@1 43.460 Prec@5 80.880 Loss 3.45933
Epoch [112] Testing Class Recall: [0.613,0.310,0.042,0.258,0.183,0.707,0.373,0.349,0.667,0.844]
Epoch [113] Training Results: Prec@1 91.540 Prec@5 99.820 Loss 0.24695
Epoch [113] Training Class Recall: [0.929,0.895,0.778,0.859,0.905,0.890,0.937,0.841,0.937,0.941]
Epoch [113] Testing Results: Prec@1 43.270 Prec@5 79.230 Loss 3.42366
Epoch [113] Testing Class Recall: [0.466,0.410,0.054,0.154,0.208,0.682,0.554,0.299,0.742,0.758]
Epoch [114] Training Results: Prec@1 95.940 Prec@5 100.000 Loss 0.12041
Epoch [114] Training Class Recall: [0.975,0.988,0.944,0.909,0.958,0.925,0.975,0.960,0.957,0.975]
Epoch [114] Testing Results: Prec@1 44.060 Prec@5 80.790 Loss 3.57266
Epoch [114] Testing Class Recall: [0.380,0.504,0.059,0.325,0.252,0.782,0.653,0.311,0.344,0.796]
Epoch [115] Training Results: Prec@1 92.260 Prec@5 99.840 Loss 0.23163
Epoch [115] Training Class Recall: [0.963,0.951,0.861,0.829,0.921,0.879,0.927,0.874,0.918,0.953]
Epoch [115] Testing Results: Prec@1 38.650 Prec@5 76.520 Loss 4.57109
Epoch [115] Testing Class Recall: [0.550,0.326,0.021,0.250,0.038,0.722,0.352,0.137,0.522,0.947]
Epoch [116] Training Results: Prec@1 94.180 Prec@5 99.880 Loss 0.16843
Epoch [116] Training Class Recall: [0.970,0.944,0.889,0.877,0.944,0.876,0.960,0.907,0.952,0.968]
Epoch [116] Testing Results: Prec@1 44.330 Prec@5 78.440 Loss 3.73206
Epoch [116] Testing Class Recall: [0.368,0.458,0.008,0.234,0.263,0.564,0.771,0.225,0.625,0.917]
Epoch [117] Training Results: Prec@1 91.440 Prec@5 99.980 Loss 0.23487
Epoch [117] Training Class Recall: [0.957,0.938,0.750,0.827,0.876,0.876,0.927,0.841,0.921,0.947]
Epoch [117] Testing Results: Prec@1 41.280 Prec@5 79.390 Loss 4.22851
Epoch [117] Testing Class Recall: [0.568,0.470,0.076,0.103,0.191,0.652,0.273,0.729,0.384,0.682]
Epoch [118] Training Results: Prec@1 92.120 Prec@5 99.920 Loss 0.21599
Epoch [118] Training Class Recall: [0.954,0.926,0.778,0.811,0.915,0.918,0.936,0.894,0.920,0.937]
Epoch [118] Testing Results: Prec@1 46.120 Prec@5 82.460 Loss 3.44067
Epoch [118] Testing Class Recall: [0.436,0.810,0.020,0.227,0.342,0.621,0.713,0.387,0.454,0.602]
Epoch [119] Training Results: Prec@1 95.040 Prec@5 99.940 Loss 0.14630
Epoch [119] Training Class Recall: [0.969,0.951,0.889,0.888,0.952,0.918,0.973,0.921,0.960,0.960]
Epoch [119] Testing Results: Prec@1 45.410 Prec@5 78.940 Loss 3.69529
Epoch [119] Testing Class Recall: [0.420,0.588,0.031,0.427,0.170,0.620,0.664,0.446,0.362,0.813]
Epoch [120] Training Results: Prec@1 97.160 Prec@5 99.980 Loss 0.08553
Epoch [120] Training Class Recall: [0.982,0.981,0.889,0.938,0.968,0.956,0.978,0.954,0.977,0.984]
Epoch [120] Testing Results: Prec@1 44.380 Prec@5 80.270 Loss 4.14366
Epoch [120] Testing Class Recall: [0.498,0.363,0.035,0.307,0.270,0.691,0.459,0.447,0.600,0.768]
Epoch [121] Training Results: Prec@1 94.920 Prec@5 99.980 Loss 0.16089
Epoch [121] Training Class Recall: [0.977,0.870,0.889,0.907,0.942,0.923,0.954,0.868,0.974,0.963]
Epoch [121] Testing Results: Prec@1 38.640 Prec@5 79.140 Loss 4.79681
Epoch [121] Testing Class Recall: [0.479,0.243,0.022,0.107,0.309,0.255,0.786,0.257,0.517,0.889]
Epoch [122] Training Results: Prec@1 89.180 Prec@5 99.840 Loss 0.31416
Epoch [122] Training Class Recall: [0.950,0.895,0.778,0.738,0.892,0.813,0.881,0.808,0.929,0.948]
Epoch [122] Testing Results: Prec@1 43.140 Prec@5 79.780 Loss 3.85467
Epoch [122] Testing Class Recall: [0.551,0.524,0.079,0.098,0.127,0.817,0.297,0.607,0.323,0.891]
Epoch [123] Training Results: Prec@1 89.680 Prec@5 99.820 Loss 0.30264
Epoch [123] Training Class Recall: [0.927,0.938,0.667,0.781,0.857,0.858,0.928,0.702,0.938,0.944]
Epoch [123] Testing Results: Prec@1 43.850 Prec@5 81.330 Loss 3.27395
Epoch [123] Testing Class Recall: [0.755,0.487,0.079,0.180,0.071,0.597,0.485,0.243,0.684,0.804]
Epoch [124] Training Results: Prec@1 89.460 Prec@5 99.820 Loss 0.30486
Epoch [124] Training Class Recall: [0.939,0.944,0.667,0.800,0.757,0.883,0.902,0.781,0.929,0.945]
Epoch [124] Testing Results: Prec@1 47.060 Prec@5 82.630 Loss 3.01463
Epoch [124] Testing Class Recall: [0.472,0.603,0.073,0.414,0.235,0.707,0.418,0.492,0.563,0.729]
Epoch [125] Training Results: Prec@1 94.260 Prec@5 99.960 Loss 0.16646
Epoch [125] Training Class Recall: [0.970,0.981,0.833,0.884,0.881,0.934,0.948,0.868,0.964,0.959]
Epoch [125] Testing Results: Prec@1 40.690 Prec@5 78.910 Loss 4.01625
Epoch [125] Testing Class Recall: [0.604,0.439,0.084,0.195,0.203,0.588,0.442,0.373,0.405,0.736]
Epoch [126] Training Results: Prec@1 96.320 Prec@5 100.000 Loss 0.11191
Epoch [126] Training Class Recall: [0.980,0.969,0.944,0.936,0.939,0.941,0.966,0.914,0.978,0.975]
Epoch [126] Testing Results: Prec@1 47.570 Prec@5 81.580 Loss 3.50786
Epoch [126] Testing Class Recall: [0.433,0.573,0.059,0.301,0.236,0.590,0.850,0.546,0.494,0.675]
Epoch [127] Training Results: Prec@1 91.300 Prec@5 99.920 Loss 0.25867
Epoch [127] Training Class Recall: [0.957,0.957,0.667,0.841,0.854,0.893,0.908,0.881,0.916,0.940]
Epoch [127] Testing Results: Prec@1 38.690 Prec@5 78.430 Loss 4.38185
Epoch [127] Testing Class Recall: [0.727,0.271,0.014,0.099,0.178,0.468,0.286,0.351,0.574,0.901]
Epoch [128] Training Results: Prec@1 94.900 Prec@5 100.000 Loss 0.15417
Epoch [128] Training Class Recall: [0.979,0.957,0.944,0.863,0.934,0.921,0.954,0.894,0.961,0.975]
Epoch [128] Testing Results: Prec@1 44.070 Prec@5 79.330 Loss 4.20145
Epoch [128] Testing Class Recall: [0.749,0.399,0.022,0.195,0.166,0.636,0.557,0.265,0.620,0.798]
Epoch [129] Training Results: Prec@1 94.680 Prec@5 99.880 Loss 0.15563
Epoch [129] Training Class Recall: [0.972,0.969,0.778,0.941,0.921,0.941,0.960,0.914,0.932,0.935]
Epoch [129] Testing Results: Prec@1 43.720 Prec@5 80.950 Loss 3.87147
Epoch [129] Testing Class Recall: [0.560,0.504,0.033,0.175,0.224,0.668,0.811,0.271,0.615,0.511]
Epoch [130] Training Results: Prec@1 93.900 Prec@5 99.980 Loss 0.18061
Epoch [130] Training Class Recall: [0.969,0.975,0.833,0.875,0.955,0.902,0.911,0.934,0.944,0.968]
Epoch [130] Testing Results: Prec@1 43.580 Prec@5 77.570 Loss 3.83586
Epoch [130] Testing Class Recall: [0.465,0.531,0.050,0.201,0.121,0.741,0.604,0.205,0.781,0.659]
Epoch [131] Training Results: Prec@1 93.800 Prec@5 100.000 Loss 0.18075
Epoch [131] Training Class Recall: [0.970,0.957,0.778,0.872,0.923,0.911,0.937,0.828,0.960,0.960]
Epoch [131] Testing Results: Prec@1 44.080 Prec@5 80.000 Loss 4.12661
Epoch [131] Testing Class Recall: [0.658,0.303,0.027,0.193,0.150,0.567,0.344,0.680,0.615,0.871]
Epoch [132] Training Results: Prec@1 95.800 Prec@5 99.980 Loss 0.13031
Epoch [132] Training Class Recall: [0.984,0.969,0.806,0.920,0.950,0.906,0.960,0.907,0.983,0.973]
Epoch [132] Testing Results: Prec@1 46.150 Prec@5 80.890 Loss 3.80374
Epoch [132] Testing Class Recall: [0.499,0.477,0.068,0.317,0.212,0.632,0.560,0.506,0.474,0.870]
Epoch [133] Training Results: Prec@1 97.580 Prec@5 100.000 Loss 0.07854
Epoch [133] Training Class Recall: [0.983,0.975,0.944,0.968,0.974,0.965,0.981,0.927,0.978,0.982]
Epoch [133] Testing Results: Prec@1 39.640 Prec@5 78.240 Loss 4.97022
Epoch [133] Testing Class Recall: [0.437,0.230,0.030,0.182,0.265,0.466,0.511,0.311,0.603,0.929]
Epoch [134] Training Results: Prec@1 93.320 Prec@5 99.920 Loss 0.18877
Epoch [134] Training Class Recall: [0.960,0.944,0.750,0.877,0.860,0.907,0.958,0.868,0.952,0.962]
Epoch [134] Testing Results: Prec@1 44.230 Prec@5 80.020 Loss 4.02702
Epoch [134] Testing Class Recall: [0.481,0.678,0.037,0.446,0.211,0.678,0.758,0.242,0.263,0.629]
Epoch [135] Training Results: Prec@1 91.700 Prec@5 99.740 Loss 0.25367
Epoch [135] Training Class Recall: [0.948,0.827,0.667,0.859,0.884,0.874,0.936,0.854,0.946,0.954]
Epoch [135] Testing Results: Prec@1 46.000 Prec@5 80.940 Loss 3.41953
Epoch [135] Testing Class Recall: [0.407,0.302,0.047,0.338,0.293,0.677,0.747,0.611,0.375,0.803]
Epoch [136] Training Results: Prec@1 94.780 Prec@5 99.980 Loss 0.15231
Epoch [136] Training Class Recall: [0.972,0.938,0.889,0.888,0.939,0.914,0.957,0.894,0.969,0.963]
Epoch [136] Testing Results: Prec@1 41.260 Prec@5 81.660 Loss 4.24284
Epoch [136] Testing Class Recall: [0.685,0.352,0.036,0.435,0.198,0.383,0.439,0.435,0.548,0.615]
Epoch [137] Training Results: Prec@1 88.560 Prec@5 99.700 Loss 0.34206
Epoch [137] Training Class Recall: [0.927,0.889,0.778,0.795,0.833,0.832,0.873,0.821,0.926,0.934]
Epoch [137] Testing Results: Prec@1 41.660 Prec@5 79.640 Loss 3.88673
Epoch [137] Testing Class Recall: [0.545,0.468,0.016,0.296,0.176,0.445,0.319,0.480,0.475,0.946]
Epoch [138] Training Results: Prec@1 88.840 Prec@5 99.840 Loss 0.33287
Epoch [138] Training Class Recall: [0.943,0.883,0.694,0.765,0.812,0.855,0.903,0.748,0.937,0.919]
Epoch [138] Testing Results: Prec@1 41.230 Prec@5 80.160 Loss 3.62472
Epoch [138] Testing Class Recall: [0.598,0.398,0.070,0.164,0.150,0.345,0.749,0.435,0.386,0.828]
Epoch [139] Training Results: Prec@1 92.820 Prec@5 99.960 Loss 0.20586
Epoch [139] Training Class Recall: [0.967,0.963,0.833,0.831,0.876,0.879,0.949,0.907,0.952,0.947]
Epoch [139] Testing Results: Prec@1 43.220 Prec@5 78.860 Loss 4.04658
Epoch [139] Testing Class Recall: [0.519,0.532,0.027,0.227,0.176,0.803,0.433,0.271,0.470,0.864]
Epoch [140] Training Results: Prec@1 91.020 Prec@5 99.760 Loss 0.27489
Epoch [140] Training Class Recall: [0.947,0.914,0.833,0.820,0.910,0.878,0.923,0.821,0.892,0.956]
Epoch [140] Testing Results: Prec@1 47.540 Prec@5 80.770 Loss 3.15253
Epoch [140] Testing Class Recall: [0.638,0.591,0.037,0.324,0.147,0.813,0.535,0.293,0.560,0.816]
Epoch [141] Training Results: Prec@1 96.140 Prec@5 99.980 Loss 0.11619
Epoch [141] Training Class Recall: [0.976,0.969,0.944,0.938,0.937,0.941,0.969,0.927,0.975,0.966]
Epoch [141] Testing Results: Prec@1 48.780 Prec@5 82.130 Loss 3.36528
Epoch [141] Testing Class Recall: [0.516,0.441,0.040,0.285,0.275,0.722,0.667,0.429,0.577,0.926]
Epoch [142] Training Results: Prec@1 97.280 Prec@5 100.000 Loss 0.08663
Epoch [142] Training Class Recall: [0.987,0.994,0.972,0.927,0.968,0.955,0.972,0.934,0.986,0.985]
Epoch [142] Testing Results: Prec@1 48.360 Prec@5 82.100 Loss 4.35737
Epoch [142] Testing Class Recall: [0.535,0.470,0.030,0.247,0.117,0.867,0.599,0.527,0.506,0.938]
Epoch [143] Training Results: Prec@1 94.100 Prec@5 100.000 Loss 0.17760
Epoch [143] Training Class Recall: [0.968,0.951,0.806,0.872,0.939,0.916,0.954,0.907,0.954,0.945]
Epoch [143] Testing Results: Prec@1 47.380 Prec@5 80.740 Loss 3.48843
Epoch [143] Testing Class Recall: [0.423,0.585,0.022,0.364,0.126,0.719,0.350,0.648,0.709,0.792]
Epoch [144] Training Results: Prec@1 96.720 Prec@5 99.980 Loss 0.09097
Epoch [144] Training Class Recall: [0.974,0.981,0.972,0.938,0.955,0.956,0.975,0.927,0.975,0.979]
Epoch [144] Testing Results: Prec@1 41.960 Prec@5 77.660 Loss 4.39779
Epoch [144] Testing Class Recall: [0.559,0.554,0.021,0.317,0.148,0.694,0.425,0.186,0.556,0.736]
Epoch [145] Training Results: Prec@1 97.180 Prec@5 100.000 Loss 0.08411
Epoch [145] Training Class Recall: [0.992,0.981,0.917,0.948,0.966,0.948,0.969,0.921,0.978,0.982]
Epoch [145] Testing Results: Prec@1 37.970 Prec@5 74.640 Loss 5.77710
Epoch [145] Testing Class Recall: [0.614,0.398,0.063,0.056,0.106,0.525,0.339,0.104,0.671,0.921]
Epoch [146] Training Results: Prec@1 93.480 Prec@5 99.940 Loss 0.19184
Epoch [146] Training Class Recall: [0.973,0.951,0.889,0.841,0.913,0.904,0.931,0.868,0.950,0.965]
Epoch [146] Testing Results: Prec@1 35.340 Prec@5 77.440 Loss 5.33126
Epoch [146] Testing Class Recall: [0.221,0.069,0.013,0.287,0.139,0.776,0.145,0.529,0.395,0.960]
Epoch [147] Training Results: Prec@1 85.480 Prec@5 99.540 Loss 0.46746
Epoch [147] Training Class Recall: [0.878,0.728,0.667,0.811,0.857,0.858,0.912,0.781,0.864,0.826]
Epoch [147] Testing Results: Prec@1 30.080 Prec@5 77.080 Loss 4.56115
Epoch [147] Testing Class Recall: [0.307,0.396,0.003,0.833,0.184,0.255,0.319,0.261,0.317,0.133]
Epoch [148] Training Results: Prec@1 83.160 Prec@5 99.420 Loss 0.52440
Epoch [148] Training Class Recall: [0.919,0.815,0.639,0.688,0.802,0.755,0.814,0.695,0.887,0.851]
Epoch [148] Testing Results: Prec@1 41.900 Prec@5 77.400 Loss 3.28379
Epoch [148] Testing Class Recall: [0.403,0.374,0.037,0.138,0.196,0.655,0.771,0.112,0.680,0.824]
Epoch [149] Training Results: Prec@1 92.860 Prec@5 100.000 Loss 0.20686
Epoch [149] Training Class Recall: [0.973,0.907,0.889,0.831,0.939,0.893,0.927,0.874,0.944,0.938]
Epoch [149] Testing Results: Prec@1 46.290 Prec@5 79.460 Loss 3.18666
Epoch [149] Testing Class Recall: [0.490,0.428,0.014,0.219,0.145,0.610,0.702,0.368,0.770,0.883]
Epoch [150] Training Results: Prec@1 92.440 Prec@5 99.940 Loss 0.21648
Epoch [150] Training Class Recall: [0.929,0.920,0.833,0.886,0.921,0.918,0.952,0.854,0.898,0.968]
Epoch [150] Testing Results: Prec@1 43.770 Prec@5 78.090 Loss 3.90716
Epoch [150] Testing Class Recall: [0.445,0.620,0.037,0.216,0.170,0.712,0.524,0.263,0.584,0.806]
Epoch [151] Training Results: Prec@1 94.120 Prec@5 99.980 Loss 0.17789
Epoch [151] Training Class Recall: [0.961,0.926,0.806,0.882,0.931,0.909,0.960,0.881,0.963,0.962]
Epoch [151] Testing Results: Prec@1 44.120 Prec@5 79.080 Loss 3.58540
Epoch [151] Testing Class Recall: [0.535,0.507,0.076,0.237,0.187,0.601,0.556,0.208,0.618,0.887]
Epoch [152] Training Results: Prec@1 95.400 Prec@5 100.000 Loss 0.12464
Epoch [152] Training Class Recall: [0.976,0.988,0.944,0.909,0.942,0.916,0.945,0.914,0.967,0.978]
Epoch [152] Testing Results: Prec@1 47.180 Prec@5 80.240 Loss 3.58712
Epoch [152] Testing Class Recall: [0.513,0.468,0.070,0.251,0.196,0.682,0.615,0.442,0.623,0.858]
Epoch [153] Training Results: Prec@1 96.300 Prec@5 99.980 Loss 0.10361
Epoch [153] Training Class Recall: [0.977,0.975,0.972,0.925,0.958,0.928,0.969,0.940,0.975,0.978]
Epoch [153] Testing Results: Prec@1 42.210 Prec@5 78.570 Loss 4.47638
Epoch [153] Testing Class Recall: [0.508,0.391,0.029,0.208,0.176,0.883,0.556,0.191,0.437,0.842]
Epoch [154] Training Results: Prec@1 89.200 Prec@5 99.780 Loss 0.32565
Epoch [154] Training Class Recall: [0.916,0.895,0.833,0.820,0.897,0.858,0.918,0.834,0.885,0.916]
Epoch [154] Testing Results: Prec@1 41.050 Prec@5 80.750 Loss 3.77839
Epoch [154] Testing Class Recall: [0.627,0.291,0.056,0.236,0.205,0.556,0.577,0.359,0.380,0.818]
Epoch [155] Training Results: Prec@1 90.480 Prec@5 99.940 Loss 0.27233
Epoch [155] Training Class Recall: [0.947,0.889,0.861,0.822,0.892,0.858,0.918,0.868,0.924,0.909]
Epoch [155] Testing Results: Prec@1 45.350 Prec@5 78.060 Loss 3.32013
Epoch [155] Testing Class Recall: [0.555,0.750,0.031,0.304,0.144,0.683,0.713,0.306,0.401,0.648]
Epoch [156] Training Results: Prec@1 93.980 Prec@5 99.940 Loss 0.18764
Epoch [156] Training Class Recall: [0.966,0.951,0.778,0.897,0.942,0.918,0.951,0.887,0.961,0.922]
Epoch [156] Testing Results: Prec@1 38.420 Prec@5 74.780 Loss 4.43999
Epoch [156] Testing Class Recall: [0.575,0.479,0.018,0.222,0.167,0.350,0.447,0.127,0.565,0.892]
Epoch [157] Training Results: Prec@1 96.880 Prec@5 100.000 Loss 0.09534
Epoch [157] Training Class Recall: [0.983,0.981,0.917,0.941,0.976,0.960,0.969,0.934,0.967,0.973]
Epoch [157] Testing Results: Prec@1 44.990 Prec@5 78.130 Loss 3.78096
Epoch [157] Testing Class Recall: [0.429,0.572,0.055,0.242,0.224,0.726,0.659,0.262,0.508,0.822]
Epoch [158] Training Results: Prec@1 98.020 Prec@5 99.980 Loss 0.07073
Epoch [158] Training Class Recall: [0.986,0.994,1.000,0.968,0.966,0.972,0.987,0.980,0.989,0.973]
Epoch [158] Testing Results: Prec@1 50.480 Prec@5 81.730 Loss 3.47615
Epoch [158] Testing Class Recall: [0.682,0.421,0.023,0.290,0.196,0.666,0.710,0.495,0.693,0.872]
Epoch [159] Training Results: Prec@1 95.540 Prec@5 99.980 Loss 0.14168
Epoch [159] Training Class Recall: [0.985,0.957,0.917,0.843,0.960,0.923,0.970,0.940,0.980,0.965]
Epoch [159] Testing Results: Prec@1 38.170 Prec@5 75.530 Loss 5.30932
Epoch [159] Testing Class Recall: [0.635,0.371,0.033,0.166,0.118,0.523,0.346,0.100,0.612,0.913]
Epoch [160] Training Results: Prec@1 97.640 Prec@5 100.000 Loss 0.08012
Epoch [160] Training Class Recall: [0.988,0.975,0.833,0.948,0.971,0.972,0.978,0.921,0.989,0.987]
Epoch [160] Testing Results: Prec@1 45.040 Prec@5 79.560 Loss 3.88282
Epoch [160] Testing Class Recall: [0.530,0.495,0.045,0.296,0.209,0.652,0.537,0.279,0.610,0.851]
Epoch [161] Training Results: Prec@1 98.080 Prec@5 99.980 Loss 0.07016
Epoch [161] Training Class Recall: [0.994,0.988,0.972,0.950,0.979,0.983,0.979,0.934,0.975,0.993]
Epoch [161] Testing Results: Prec@1 45.680 Prec@5 79.530 Loss 3.79407
Epoch [161] Testing Class Recall: [0.557,0.539,0.045,0.288,0.194,0.658,0.557,0.279,0.612,0.839]
Epoch [162] Training Results: Prec@1 98.040 Prec@5 100.000 Loss 0.07031
Epoch [162] Training Class Recall: [0.990,0.994,0.889,0.952,0.984,0.976,0.973,0.987,0.981,0.990]
Epoch [162] Testing Results: Prec@1 44.960 Prec@5 79.190 Loss 3.99148
Epoch [162] Testing Class Recall: [0.583,0.537,0.044,0.296,0.181,0.606,0.493,0.266,0.617,0.873]
Epoch [163] Training Results: Prec@1 98.440 Prec@5 99.980 Loss 0.05844
Epoch [163] Training Class Recall: [0.995,0.994,0.944,0.952,0.989,0.967,0.993,0.954,0.989,0.991]
Epoch [163] Testing Results: Prec@1 46.320 Prec@5 79.650 Loss 3.75104
Epoch [163] Testing Class Recall: [0.561,0.546,0.047,0.288,0.193,0.663,0.575,0.312,0.616,0.831]
Epoch [164] Training Results: Prec@1 98.520 Prec@5 100.000 Loss 0.05999
Epoch [164] Training Class Recall: [0.993,0.994,0.972,0.961,0.981,0.979,0.987,0.960,0.991,0.991]
Epoch [164] Testing Results: Prec@1 46.790 Prec@5 79.820 Loss 3.75285
Epoch [164] Testing Class Recall: [0.547,0.544,0.035,0.309,0.213,0.665,0.604,0.325,0.592,0.845]
Epoch [165] Training Results: Prec@1 98.200 Prec@5 100.000 Loss 0.06067
Epoch [165] Training Class Recall: [0.993,0.975,0.944,0.964,0.974,0.960,0.982,0.980,0.991,0.993]
Epoch [165] Testing Results: Prec@1 47.060 Prec@5 80.350 Loss 3.64865
Epoch [165] Testing Class Recall: [0.616,0.526,0.044,0.308,0.186,0.664,0.557,0.315,0.648,0.842]
Epoch [166] Training Results: Prec@1 98.440 Prec@5 99.980 Loss 0.05880
Epoch [166] Training Class Recall: [0.992,0.994,0.917,0.968,0.987,0.967,0.985,0.993,0.989,0.988]
Epoch [166] Testing Results: Prec@1 46.840 Prec@5 80.130 Loss 3.65895
Epoch [166] Testing Class Recall: [0.552,0.551,0.047,0.305,0.227,0.657,0.593,0.316,0.599,0.837]
Epoch [167] Training Results: Prec@1 98.300 Prec@5 99.980 Loss 0.05830
Epoch [167] Training Class Recall: [0.992,1.000,0.944,0.952,0.981,0.977,0.990,0.940,0.983,0.993]
Epoch [167] Testing Results: Prec@1 46.250 Prec@5 79.480 Loss 3.80802
Epoch [167] Testing Class Recall: [0.593,0.554,0.044,0.299,0.195,0.607,0.545,0.315,0.617,0.856]
Epoch [168] Training Results: Prec@1 98.400 Prec@5 100.000 Loss 0.05725
Epoch [168] Training Class Recall: [0.991,0.988,0.889,0.975,0.984,0.974,0.987,0.960,0.985,0.991]
Epoch [168] Testing Results: Prec@1 46.570 Prec@5 79.570 Loss 3.76078
Epoch [168] Testing Class Recall: [0.556,0.538,0.047,0.306,0.193,0.659,0.584,0.327,0.611,0.836]
Epoch [169] Training Results: Prec@1 98.580 Prec@5 99.980 Loss 0.05476
Epoch [169] Training Class Recall: [0.997,0.994,1.000,0.970,0.984,0.974,0.981,0.974,0.985,0.993]
Epoch [169] Testing Results: Prec@1 47.820 Prec@5 80.400 Loss 3.61297
Epoch [169] Testing Class Recall: [0.543,0.573,0.047,0.338,0.222,0.658,0.640,0.370,0.587,0.804]
Epoch [170] Training Results: Prec@1 98.580 Prec@5 100.000 Loss 0.05040
Epoch [170] Training Class Recall: [0.990,0.988,0.917,0.975,0.979,0.972,0.987,0.987,0.992,0.997]
Epoch [170] Testing Results: Prec@1 47.450 Prec@5 80.230 Loss 3.68436
Epoch [170] Testing Class Recall: [0.560,0.553,0.046,0.323,0.216,0.663,0.601,0.341,0.583,0.859]
Epoch [171] Training Results: Prec@1 98.420 Prec@5 100.000 Loss 0.05342
Epoch [171] Training Class Recall: [0.993,0.988,0.944,0.957,0.984,0.963,0.993,0.980,0.988,0.994]
Epoch [171] Testing Results: Prec@1 47.180 Prec@5 79.700 Loss 3.75428
Epoch [171] Testing Class Recall: [0.570,0.581,0.047,0.285,0.203,0.644,0.605,0.335,0.607,0.841]
Epoch [172] Training Results: Prec@1 98.680 Prec@5 100.000 Loss 0.04914
Epoch [172] Training Class Recall: [0.990,1.000,0.944,0.977,0.984,0.983,0.991,0.960,0.992,0.988]
Epoch [172] Testing Results: Prec@1 47.650 Prec@5 80.400 Loss 3.67201
Epoch [172] Testing Class Recall: [0.586,0.549,0.047,0.304,0.207,0.658,0.606,0.353,0.613,0.842]
Epoch [173] Training Results: Prec@1 98.600 Prec@5 100.000 Loss 0.04878
Epoch [173] Training Class Recall: [0.994,0.988,0.944,0.973,0.981,0.979,0.988,0.974,0.991,0.987]
Epoch [173] Testing Results: Prec@1 47.000 Prec@5 79.650 Loss 3.77325
Epoch [173] Testing Class Recall: [0.585,0.544,0.041,0.300,0.195,0.646,0.549,0.346,0.618,0.876]
Epoch [174] Training Results: Prec@1 98.920 Prec@5 100.000 Loss 0.04241
Epoch [174] Training Class Recall: [0.995,0.988,1.000,0.982,0.987,0.983,0.993,0.980,0.986,0.991]
Epoch [174] Testing Results: Prec@1 47.030 Prec@5 79.930 Loss 3.70073
Epoch [174] Testing Class Recall: [0.599,0.582,0.046,0.296,0.196,0.645,0.588,0.310,0.619,0.822]
Epoch [175] Training Results: Prec@1 98.720 Prec@5 100.000 Loss 0.04981
Epoch [175] Training Class Recall: [0.991,1.000,0.972,0.970,0.987,0.979,0.990,0.980,0.994,0.988]
Epoch [175] Testing Results: Prec@1 47.600 Prec@5 80.230 Loss 3.70363
Epoch [175] Testing Class Recall: [0.559,0.559,0.048,0.328,0.212,0.678,0.590,0.331,0.602,0.853]
Epoch [176] Training Results: Prec@1 98.980 Prec@5 100.000 Loss 0.04753
Epoch [176] Training Class Recall: [0.995,1.000,1.000,0.975,0.995,0.983,0.987,0.987,0.991,0.993]
Epoch [176] Testing Results: Prec@1 47.560 Prec@5 79.880 Loss 3.67561
Epoch [176] Testing Class Recall: [0.590,0.569,0.035,0.297,0.198,0.661,0.574,0.352,0.626,0.854]
Epoch [177] Training Results: Prec@1 98.940 Prec@5 100.000 Loss 0.04612
Epoch [177] Training Class Recall: [0.993,1.000,1.000,0.979,0.987,0.986,0.991,0.987,0.989,0.990]
Epoch [177] Testing Results: Prec@1 48.140 Prec@5 80.580 Loss 3.56649
Epoch [177] Testing Class Recall: [0.592,0.562,0.054,0.311,0.197,0.677,0.577,0.382,0.623,0.839]
Epoch [178] Training Results: Prec@1 98.740 Prec@5 100.000 Loss 0.04565
Epoch [178] Training Class Recall: [0.994,0.994,0.944,0.975,0.976,0.976,0.993,0.980,0.994,0.990]
Epoch [178] Testing Results: Prec@1 47.340 Prec@5 80.290 Loss 3.67307
Epoch [178] Testing Class Recall: [0.590,0.561,0.050,0.301,0.221,0.652,0.589,0.333,0.609,0.828]
Epoch [179] Training Results: Prec@1 99.060 Prec@5 100.000 Loss 0.04211
Epoch [179] Training Class Recall: [0.996,1.000,1.000,0.979,0.989,0.979,0.993,0.993,0.989,0.994]
Epoch [179] Testing Results: Prec@1 47.600 Prec@5 80.760 Loss 3.66576
Epoch [179] Testing Class Recall: [0.603,0.556,0.049,0.302,0.220,0.678,0.575,0.334,0.594,0.849]
Epoch [180] Training Results: Prec@1 98.940 Prec@5 100.000 Loss 0.04201
Epoch [180] Training Class Recall: [0.998,0.975,1.000,0.973,0.981,0.983,0.991,0.993,0.997,0.988]
Epoch [180] Testing Results: Prec@1 47.550 Prec@5 80.170 Loss 3.65423
Epoch [180] Testing Class Recall: [0.571,0.547,0.054,0.303,0.210,0.653,0.617,0.343,0.599,0.858]
Epoch [181] Training Results: Prec@1 99.040 Prec@5 99.980 Loss 0.04245
Epoch [181] Training Class Recall: [0.995,1.000,0.972,0.973,0.989,0.984,0.996,0.974,0.994,0.993]
Epoch [181] Testing Results: Prec@1 48.080 Prec@5 80.100 Loss 3.62374
Epoch [181] Testing Class Recall: [0.562,0.567,0.049,0.314,0.230,0.650,0.651,0.347,0.618,0.820]
Epoch [182] Training Results: Prec@1 98.840 Prec@5 99.980 Loss 0.04680
Epoch [182] Training Class Recall: [0.995,0.994,0.944,0.975,0.974,0.984,0.987,0.987,0.997,0.991]
Epoch [182] Testing Results: Prec@1 47.510 Prec@5 80.140 Loss 3.68934
Epoch [182] Testing Class Recall: [0.580,0.574,0.058,0.286,0.216,0.658,0.555,0.352,0.620,0.852]
Epoch [183] Training Results: Prec@1 98.960 Prec@5 100.000 Loss 0.04251
Epoch [183] Training Class Recall: [0.994,0.994,0.972,0.975,0.995,0.983,0.991,0.993,0.994,0.988]
Epoch [183] Testing Results: Prec@1 46.850 Prec@5 79.940 Loss 3.79280
Epoch [183] Testing Class Recall: [0.618,0.537,0.048,0.295,0.185,0.659,0.548,0.320,0.622,0.853]
Epoch [184] Training Results: Prec@1 99.300 Prec@5 100.000 Loss 0.03885
Epoch [184] Training Class Recall: [0.998,1.000,1.000,0.982,0.987,0.984,0.994,1.000,0.995,0.996]
Epoch [184] Testing Results: Prec@1 47.560 Prec@5 80.060 Loss 3.68585
Epoch [184] Testing Class Recall: [0.588,0.567,0.049,0.292,0.207,0.656,0.579,0.343,0.613,0.862]
Epoch [185] Training Results: Prec@1 98.560 Prec@5 100.000 Loss 0.04943
Epoch [185] Training Class Recall: [0.993,0.988,1.000,0.975,0.979,0.970,0.988,0.987,0.991,0.987]
Epoch [185] Testing Results: Prec@1 46.590 Prec@5 79.490 Loss 3.85012
Epoch [185] Testing Class Recall: [0.614,0.559,0.044,0.297,0.187,0.614,0.571,0.293,0.620,0.860]
Epoch [186] Training Results: Prec@1 99.060 Prec@5 100.000 Loss 0.03931
Epoch [186] Training Class Recall: [0.998,0.981,0.944,0.977,0.984,0.988,0.991,0.980,0.992,0.996]
Epoch [186] Testing Results: Prec@1 46.880 Prec@5 80.230 Loss 3.77822
Epoch [186] Testing Class Recall: [0.593,0.551,0.051,0.298,0.210,0.635,0.609,0.320,0.592,0.829]
Epoch [187] Training Results: Prec@1 99.060 Prec@5 100.000 Loss 0.04235
Epoch [187] Training Class Recall: [0.997,1.000,1.000,0.982,0.987,0.981,0.988,0.987,0.992,0.994]
Epoch [187] Testing Results: Prec@1 47.500 Prec@5 80.110 Loss 3.70067
Epoch [187] Testing Class Recall: [0.650,0.555,0.046,0.295,0.185,0.661,0.579,0.292,0.646,0.841]
Epoch [188] Training Results: Prec@1 99.160 Prec@5 100.000 Loss 0.03863
Epoch [188] Training Class Recall: [0.996,0.994,1.000,0.979,0.989,0.991,0.985,0.993,0.994,0.996]
Epoch [188] Testing Results: Prec@1 47.710 Prec@5 80.750 Loss 3.65066
Epoch [188] Testing Class Recall: [0.630,0.574,0.048,0.312,0.211,0.647,0.547,0.338,0.617,0.847]
Epoch [189] Training Results: Prec@1 98.780 Prec@5 100.000 Loss 0.04438
Epoch [189] Training Class Recall: [0.996,0.994,0.972,0.968,0.992,0.972,0.985,0.993,0.991,0.994]
Epoch [189] Testing Results: Prec@1 47.050 Prec@5 80.120 Loss 3.74251
Epoch [189] Testing Class Recall: [0.602,0.559,0.048,0.307,0.205,0.619,0.558,0.334,0.611,0.862]
Epoch [190] Training Results: Prec@1 99.060 Prec@5 100.000 Loss 0.04130
Epoch [190] Training Class Recall: [0.995,1.000,0.972,0.982,0.992,0.983,0.991,0.987,0.991,0.993]
Epoch [190] Testing Results: Prec@1 47.710 Prec@5 80.050 Loss 3.63919
Epoch [190] Testing Class Recall: [0.565,0.572,0.041,0.330,0.217,0.675,0.604,0.345,0.583,0.839]
Epoch [191] Training Results: Prec@1 98.980 Prec@5 100.000 Loss 0.04082
Epoch [191] Training Class Recall: [0.996,0.994,0.944,0.975,0.989,0.983,0.990,0.980,0.995,0.993]
Epoch [191] Testing Results: Prec@1 46.870 Prec@5 79.590 Loss 3.78718
Epoch [191] Testing Class Recall: [0.584,0.575,0.052,0.282,0.201,0.635,0.575,0.331,0.593,0.859]
Epoch [192] Training Results: Prec@1 98.860 Prec@5 100.000 Loss 0.04518
Epoch [192] Training Class Recall: [0.994,0.994,1.000,0.970,0.984,0.976,0.994,0.993,0.991,0.993]
Epoch [192] Testing Results: Prec@1 46.900 Prec@5 80.200 Loss 3.73099
Epoch [192] Testing Class Recall: [0.600,0.532,0.046,0.311,0.204,0.615,0.585,0.331,0.622,0.844]
Epoch [193] Training Results: Prec@1 98.900 Prec@5 100.000 Loss 0.04404
Epoch [193] Training Class Recall: [0.994,0.988,1.000,0.975,0.984,0.977,0.990,0.993,0.992,0.996]
Epoch [193] Testing Results: Prec@1 47.060 Prec@5 79.860 Loss 3.76914
Epoch [193] Testing Class Recall: [0.592,0.576,0.049,0.303,0.201,0.631,0.601,0.316,0.608,0.829]
Epoch [194] Training Results: Prec@1 99.120 Prec@5 100.000 Loss 0.04216
Epoch [194] Training Class Recall: [0.994,0.981,0.972,0.986,0.992,0.988,0.996,0.980,0.992,0.991]
Epoch [194] Testing Results: Prec@1 47.120 Prec@5 79.820 Loss 3.80931
Epoch [194] Testing Class Recall: [0.610,0.557,0.049,0.299,0.202,0.638,0.609,0.285,0.616,0.847]
Epoch [195] Training Results: Prec@1 98.720 Prec@5 100.000 Loss 0.04518
Epoch [195] Training Class Recall: [0.994,1.000,1.000,0.964,0.987,0.972,0.985,0.980,0.995,0.994]
Epoch [195] Testing Results: Prec@1 46.950 Prec@5 80.070 Loss 3.79775
Epoch [195] Testing Class Recall: [0.596,0.508,0.047,0.288,0.198,0.679,0.568,0.320,0.620,0.871]
Epoch [196] Training Results: Prec@1 98.840 Prec@5 100.000 Loss 0.04314
Epoch [196] Training Class Recall: [0.994,0.994,0.944,0.968,0.995,0.983,0.993,0.993,0.989,0.988]
Epoch [196] Testing Results: Prec@1 47.340 Prec@5 80.040 Loss 3.65651
Epoch [196] Testing Class Recall: [0.567,0.560,0.050,0.312,0.207,0.685,0.579,0.350,0.584,0.840]
Epoch [197] Training Results: Prec@1 98.900 Prec@5 100.000 Loss 0.04461
Epoch [197] Training Class Recall: [0.997,0.994,0.917,0.975,0.989,0.979,0.990,0.974,0.994,0.993]
Epoch [197] Testing Results: Prec@1 46.830 Prec@5 79.690 Loss 3.80342
Epoch [197] Testing Class Recall: [0.616,0.567,0.040,0.304,0.186,0.600,0.598,0.310,0.608,0.854]
Epoch [198] Training Results: Prec@1 98.980 Prec@5 100.000 Loss 0.04270
Epoch [198] Training Class Recall: [0.996,1.000,0.917,0.973,0.984,0.986,0.994,0.993,0.994,0.988]
Epoch [198] Testing Results: Prec@1 46.740 Prec@5 79.590 Loss 3.84863
Epoch [198] Testing Class Recall: [0.608,0.548,0.048,0.289,0.185,0.646,0.582,0.292,0.615,0.861]
Epoch [199] Training Results: Prec@1 99.020 Prec@5 100.000 Loss 0.04202
Epoch [199] Training Class Recall: [0.997,1.000,1.000,0.973,0.987,0.986,0.985,1.000,0.995,0.990]
Epoch [199] Testing Results: Prec@1 48.070 Prec@5 80.410 Loss 3.64964
Epoch [199] Testing Class Recall: [0.580,0.576,0.050,0.311,0.227,0.646,0.630,0.344,0.602,0.841]
