Log file: cifar10_sava0.3_deepsmote_sava_exp0.01_seed42_20260614_053423.log
Run started: 2026-06-14 05:34:23.264191
Dataset: cifar10
Imbalance type: exp, factor: 0.01
Selection method: sava, ratio: 0.3
Strategy: DeepSMOTE_Sava, epochs: 200
Seed: 42, rand_number: 0
Augmentation: weak
Noise ratio: 0.2
mamix_ratio: 1.0
============================================================

=> No CSV or TensorBoard logging – only console and debug log.
-----------------------------------------------
Class ID   | Original   | Selected   | Keep %  
-----------------------------------------------
0          | 4977       | 1718       |   34.5%
1          | 5037       | 952        |   18.9%
2          | 4948       | 2534       |   51.2%
3          | 5000       | 1146       |   22.9%
4          | 5022       | 1608       |   32.0%
5          | 5006       | 1197       |   23.9%
6          | 4992       | 1241       |   24.9%
7          | 5011       | 1643       |   32.8%
8          | 4978       | 1264       |   25.4%
9          | 5029       | 1697       |   33.7%
-----------------------------------------------
TOTAL      | 50000      | 15000      |   30.0%
-----------------------------------------------
Epoch [0] Training Results: Prec@1 28.247 Prec@5 76.527 Loss 2.02430
Epoch [0] Training Class Recall: [0.324,0.155,0.471,0.113,0.127,0.123,0.134,0.317,0.203,0.539]
Epoch [0] Testing Results: Prec@1 21.840 Prec@5 68.770 Loss 2.45074
Epoch [0] Testing Class Recall: [0.477,0.503,0.614,0.001,0.000,0.000,0.036,0.471,0.057,0.025]
Epoch [1] Training Results: Prec@1 38.053 Prec@5 82.513 Loss 1.86776
Epoch [1] Training Class Recall: [0.391,0.266,0.465,0.149,0.176,0.166,0.369,0.546,0.363,0.671]
Epoch [1] Testing Results: Prec@1 24.050 Prec@5 71.580 Loss 2.30266
Epoch [1] Testing Class Recall: [0.524,0.348,0.251,0.091,0.033,0.011,0.185,0.716,0.189,0.057]
Epoch [2] Training Results: Prec@1 43.880 Prec@5 84.473 Loss 1.72685
Epoch [2] Training Class Recall: [0.471,0.294,0.526,0.170,0.213,0.220,0.444,0.575,0.509,0.719]
Epoch [2] Testing Results: Prec@1 20.870 Prec@5 68.010 Loss 2.83482
Epoch [2] Testing Class Recall: [0.182,0.078,0.283,0.000,0.001,0.210,0.110,0.302,0.913,0.008]
Epoch [3] Training Results: Prec@1 49.120 Prec@5 86.273 Loss 1.61247
Epoch [3] Training Class Recall: [0.531,0.384,0.554,0.177,0.255,0.321,0.525,0.622,0.589,0.748]
Epoch [3] Testing Results: Prec@1 22.030 Prec@5 67.850 Loss 3.25400
Epoch [3] Testing Class Recall: [0.561,0.903,0.500,0.014,0.000,0.072,0.049,0.050,0.016,0.038]
Epoch [4] Training Results: Prec@1 52.700 Prec@5 87.633 Loss 1.53852
Epoch [4] Training Class Recall: [0.577,0.400,0.586,0.221,0.303,0.368,0.571,0.656,0.616,0.766]
Epoch [4] Testing Results: Prec@1 29.690 Prec@5 80.340 Loss 2.01406
Epoch [4] Testing Class Recall: [0.530,0.565,0.619,0.043,0.134,0.157,0.317,0.141,0.274,0.189]
Epoch [5] Training Results: Prec@1 56.493 Prec@5 88.260 Loss 1.45319
Epoch [5] Training Class Recall: [0.615,0.437,0.616,0.250,0.372,0.411,0.621,0.693,0.646,0.788]
Epoch [5] Testing Results: Prec@1 29.410 Prec@5 76.320 Loss 2.06445
Epoch [5] Testing Class Recall: [0.804,0.389,0.265,0.008,0.117,0.424,0.304,0.328,0.291,0.011]
Epoch [6] Training Results: Prec@1 58.513 Prec@5 88.680 Loss 1.41521
Epoch [6] Training Class Recall: [0.633,0.472,0.609,0.276,0.394,0.464,0.633,0.726,0.684,0.795]
Epoch [6] Testing Results: Prec@1 33.890 Prec@5 76.980 Loss 1.97859
Epoch [6] Testing Class Recall: [0.694,0.676,0.468,0.060,0.109,0.306,0.464,0.369,0.182,0.061]
Epoch [7] Training Results: Prec@1 61.187 Prec@5 89.007 Loss 1.35196
Epoch [7] Training Class Recall: [0.650,0.495,0.629,0.356,0.483,0.491,0.643,0.722,0.695,0.801]
Epoch [7] Testing Results: Prec@1 28.060 Prec@5 70.070 Loss 2.59462
Epoch [7] Testing Class Recall: [0.705,0.969,0.296,0.005,0.023,0.141,0.230,0.381,0.001,0.055]
Epoch [8] Training Results: Prec@1 62.633 Prec@5 89.547 Loss 1.32005
Epoch [8] Training Class Recall: [0.661,0.514,0.649,0.372,0.494,0.512,0.676,0.734,0.706,0.798]
Epoch [8] Testing Results: Prec@1 32.640 Prec@5 78.090 Loss 2.22447
Epoch [8] Testing Class Recall: [0.599,0.645,0.440,0.086,0.123,0.709,0.271,0.214,0.150,0.027]
Epoch [9] Training Results: Prec@1 64.133 Prec@5 89.633 Loss 1.27991
Epoch [9] Training Class Recall: [0.672,0.544,0.655,0.414,0.509,0.552,0.660,0.753,0.717,0.809]
Epoch [9] Testing Results: Prec@1 31.460 Prec@5 78.090 Loss 2.04573
Epoch [9] Testing Class Recall: [0.768,0.748,0.412,0.029,0.134,0.182,0.331,0.267,0.165,0.110]
Epoch [10] Training Results: Prec@1 65.287 Prec@5 89.933 Loss 1.25285
Epoch [10] Training Class Recall: [0.675,0.502,0.676,0.449,0.542,0.563,0.683,0.752,0.722,0.817]
Epoch [10] Testing Results: Prec@1 35.540 Prec@5 80.180 Loss 2.00519
Epoch [10] Testing Class Recall: [0.438,0.916,0.515,0.022,0.090,0.400,0.209,0.567,0.254,0.143]
Epoch [11] Training Results: Prec@1 65.513 Prec@5 89.980 Loss 1.23457
Epoch [11] Training Class Recall: [0.673,0.528,0.670,0.421,0.539,0.576,0.695,0.768,0.731,0.814]
Epoch [11] Testing Results: Prec@1 33.290 Prec@5 76.240 Loss 2.12961
Epoch [11] Testing Class Recall: [0.573,0.951,0.290,0.021,0.099,0.515,0.364,0.360,0.122,0.034]
Epoch [12] Training Results: Prec@1 66.933 Prec@5 90.167 Loss 1.21365
Epoch [12] Training Class Recall: [0.703,0.543,0.675,0.455,0.572,0.593,0.681,0.775,0.744,0.823]
Epoch [12] Testing Results: Prec@1 42.250 Prec@5 80.650 Loss 1.83803
Epoch [12] Testing Class Recall: [0.725,0.760,0.450,0.026,0.379,0.396,0.515,0.676,0.223,0.075]
Epoch [13] Training Results: Prec@1 67.993 Prec@5 90.347 Loss 1.19410
Epoch [13] Training Class Recall: [0.689,0.558,0.687,0.478,0.598,0.607,0.695,0.785,0.753,0.827]
Epoch [13] Testing Results: Prec@1 37.880 Prec@5 77.930 Loss 2.06626
Epoch [13] Testing Class Recall: [0.419,0.840,0.417,0.096,0.323,0.550,0.633,0.299,0.149,0.062]
Epoch [14] Training Results: Prec@1 68.727 Prec@5 90.620 Loss 1.18071
Epoch [14] Training Class Recall: [0.706,0.583,0.704,0.501,0.599,0.601,0.699,0.781,0.756,0.821]
Epoch [14] Testing Results: Prec@1 38.890 Prec@5 79.870 Loss 1.94178
Epoch [14] Testing Class Recall: [0.450,0.579,0.503,0.039,0.279,0.558,0.305,0.500,0.368,0.308]
Epoch [15] Training Results: Prec@1 69.500 Prec@5 90.293 Loss 1.15941
Epoch [15] Training Class Recall: [0.704,0.564,0.718,0.536,0.601,0.635,0.712,0.791,0.748,0.820]
Epoch [15] Testing Results: Prec@1 29.810 Prec@5 72.540 Loss 2.34307
Epoch [15] Testing Class Recall: [0.647,0.803,0.477,0.047,0.145,0.243,0.237,0.148,0.178,0.056]
Epoch [16] Training Results: Prec@1 70.700 Prec@5 90.560 Loss 1.13122
Epoch [16] Training Class Recall: [0.708,0.580,0.723,0.532,0.649,0.657,0.715,0.795,0.753,0.835]
Epoch [16] Testing Results: Prec@1 33.120 Prec@5 79.200 Loss 2.26271
Epoch [16] Testing Class Recall: [0.480,0.787,0.735,0.114,0.196,0.127,0.241,0.416,0.169,0.047]
Epoch [17] Training Results: Prec@1 70.787 Prec@5 90.900 Loss 1.12295
Epoch [17] Training Class Recall: [0.719,0.589,0.708,0.554,0.639,0.668,0.716,0.794,0.759,0.831]
Epoch [17] Testing Results: Prec@1 36.970 Prec@5 80.040 Loss 1.98267
Epoch [17] Testing Class Recall: [0.516,0.705,0.571,0.101,0.108,0.216,0.228,0.662,0.337,0.253]
Epoch [18] Training Results: Prec@1 71.233 Prec@5 90.987 Loss 1.10910
Epoch [18] Training Class Recall: [0.718,0.610,0.720,0.554,0.654,0.656,0.730,0.796,0.757,0.827]
Epoch [18] Testing Results: Prec@1 39.050 Prec@5 81.220 Loss 1.93216
Epoch [18] Testing Class Recall: [0.736,0.461,0.448,0.211,0.456,0.211,0.677,0.287,0.389,0.029]
Epoch [19] Training Results: Prec@1 71.367 Prec@5 91.013 Loss 1.10121
Epoch [19] Training Class Recall: [0.713,0.597,0.718,0.576,0.656,0.646,0.726,0.799,0.774,0.833]
Epoch [19] Testing Results: Prec@1 39.500 Prec@5 83.670 Loss 1.93224
Epoch [19] Testing Class Recall: [0.613,0.682,0.650,0.088,0.453,0.255,0.491,0.304,0.219,0.195]
Epoch [20] Training Results: Prec@1 72.260 Prec@5 91.067 Loss 1.08863
Epoch [20] Training Class Recall: [0.725,0.613,0.735,0.579,0.670,0.669,0.737,0.800,0.763,0.832]
Epoch [20] Testing Results: Prec@1 35.520 Prec@5 78.620 Loss 2.16132
Epoch [20] Testing Class Recall: [0.709,0.707,0.580,0.228,0.206,0.207,0.368,0.348,0.132,0.067]
Epoch [21] Training Results: Prec@1 72.133 Prec@5 91.060 Loss 1.09279
Epoch [21] Training Class Recall: [0.735,0.603,0.729,0.576,0.664,0.673,0.725,0.805,0.763,0.834]
Epoch [21] Testing Results: Prec@1 41.600 Prec@5 81.560 Loss 1.91177
Epoch [21] Testing Class Recall: [0.731,0.812,0.392,0.234,0.331,0.304,0.309,0.572,0.440,0.035]
Epoch [22] Training Results: Prec@1 72.740 Prec@5 91.280 Loss 1.06695
Epoch [22] Training Class Recall: [0.745,0.617,0.737,0.576,0.678,0.678,0.737,0.804,0.767,0.831]
Epoch [22] Testing Results: Prec@1 42.350 Prec@5 85.050 Loss 1.79860
Epoch [22] Testing Class Recall: [0.518,0.711,0.582,0.254,0.374,0.400,0.421,0.449,0.380,0.146]
Epoch [23] Training Results: Prec@1 73.060 Prec@5 91.447 Loss 1.05793
Epoch [23] Training Class Recall: [0.744,0.602,0.742,0.587,0.692,0.690,0.728,0.800,0.771,0.839]
Epoch [23] Testing Results: Prec@1 35.140 Prec@5 78.420 Loss 2.21943
Epoch [23] Testing Class Recall: [0.446,0.781,0.800,0.040,0.112,0.151,0.277,0.460,0.375,0.072]
Epoch [24] Training Results: Prec@1 72.940 Prec@5 91.453 Loss 1.06354
Epoch [24] Training Class Recall: [0.744,0.616,0.740,0.582,0.675,0.690,0.739,0.808,0.765,0.832]
Epoch [24] Testing Results: Prec@1 43.370 Prec@5 81.610 Loss 1.84600
Epoch [24] Testing Class Recall: [0.590,0.828,0.542,0.171,0.450,0.264,0.386,0.574,0.421,0.111]
Epoch [25] Training Results: Prec@1 73.900 Prec@5 91.693 Loss 1.04051
Epoch [25] Training Class Recall: [0.750,0.608,0.763,0.595,0.698,0.700,0.747,0.803,0.777,0.833]
Epoch [25] Testing Results: Prec@1 37.640 Prec@5 82.340 Loss 1.98700
Epoch [25] Testing Class Recall: [0.634,0.855,0.780,0.130,0.223,0.355,0.343,0.177,0.176,0.091]
Epoch [26] Training Results: Prec@1 73.920 Prec@5 91.613 Loss 1.03971
Epoch [26] Training Class Recall: [0.751,0.623,0.759,0.599,0.703,0.699,0.737,0.813,0.764,0.832]
Epoch [26] Testing Results: Prec@1 43.230 Prec@5 82.140 Loss 1.82966
Epoch [26] Testing Class Recall: [0.648,0.856,0.587,0.130,0.225,0.270,0.658,0.374,0.425,0.150]
Epoch [27] Training Results: Prec@1 73.833 Prec@5 91.867 Loss 1.02820
Epoch [27] Training Class Recall: [0.749,0.618,0.758,0.609,0.702,0.685,0.747,0.804,0.767,0.834]
Epoch [27] Testing Results: Prec@1 31.140 Prec@5 70.330 Loss 2.67550
Epoch [27] Testing Class Recall: [0.613,0.937,0.642,0.026,0.235,0.113,0.300,0.097,0.121,0.030]
Epoch [28] Training Results: Prec@1 73.800 Prec@5 91.853 Loss 1.02803
Epoch [28] Training Class Recall: [0.744,0.618,0.750,0.620,0.697,0.701,0.742,0.801,0.775,0.835]
Epoch [28] Testing Results: Prec@1 38.610 Prec@5 77.650 Loss 2.09430
Epoch [28] Testing Class Recall: [0.716,0.843,0.664,0.085,0.149,0.288,0.224,0.511,0.227,0.154]
Epoch [29] Training Results: Prec@1 74.293 Prec@5 91.880 Loss 1.02573
Epoch [29] Training Class Recall: [0.744,0.618,0.763,0.626,0.710,0.703,0.751,0.805,0.768,0.837]
Epoch [29] Testing Results: Prec@1 34.680 Prec@5 75.370 Loss 2.19672
Epoch [29] Testing Class Recall: [0.615,0.875,0.626,0.113,0.397,0.227,0.202,0.167,0.225,0.021]
Epoch [30] Training Results: Prec@1 74.487 Prec@5 92.120 Loss 1.01533
Epoch [30] Training Class Recall: [0.743,0.621,0.768,0.638,0.703,0.718,0.734,0.809,0.773,0.837]
Epoch [30] Testing Results: Prec@1 41.010 Prec@5 81.870 Loss 1.89051
Epoch [30] Testing Class Recall: [0.686,0.819,0.524,0.133,0.377,0.131,0.505,0.568,0.218,0.140]
Epoch [31] Training Results: Prec@1 74.873 Prec@5 92.147 Loss 1.00279
Epoch [31] Training Class Recall: [0.754,0.628,0.772,0.627,0.718,0.714,0.744,0.813,0.775,0.836]
Epoch [31] Testing Results: Prec@1 37.150 Prec@5 79.630 Loss 2.19747
Epoch [31] Testing Class Recall: [0.686,0.711,0.624,0.166,0.190,0.201,0.385,0.366,0.290,0.096]
Epoch [32] Training Results: Prec@1 74.753 Prec@5 92.247 Loss 1.00959
Epoch [32] Training Class Recall: [0.753,0.626,0.772,0.629,0.719,0.709,0.744,0.803,0.771,0.840]
Epoch [32] Testing Results: Prec@1 39.180 Prec@5 78.740 Loss 2.11879
Epoch [32] Testing Class Recall: [0.645,0.899,0.407,0.080,0.279,0.386,0.517,0.220,0.356,0.129]
Epoch [33] Training Results: Prec@1 74.780 Prec@5 92.393 Loss 1.00191
Epoch [33] Training Class Recall: [0.774,0.634,0.757,0.629,0.715,0.698,0.752,0.806,0.778,0.836]
Epoch [33] Testing Results: Prec@1 36.180 Prec@5 74.260 Loss 2.46389
Epoch [33] Testing Class Recall: [0.576,0.978,0.538,0.138,0.134,0.183,0.324,0.610,0.124,0.013]
Epoch [34] Training Results: Prec@1 75.387 Prec@5 92.493 Loss 0.99175
Epoch [34] Training Class Recall: [0.768,0.623,0.776,0.634,0.719,0.714,0.753,0.821,0.777,0.841]
Epoch [34] Testing Results: Prec@1 41.840 Prec@5 80.310 Loss 1.98059
Epoch [34] Testing Class Recall: [0.721,0.868,0.563,0.101,0.437,0.403,0.506,0.165,0.175,0.245]
Epoch [35] Training Results: Prec@1 75.133 Prec@5 92.360 Loss 0.99239
Epoch [35] Training Class Recall: [0.761,0.636,0.766,0.630,0.728,0.714,0.747,0.815,0.781,0.834]
Epoch [35] Testing Results: Prec@1 34.510 Prec@5 76.220 Loss 2.43695
Epoch [35] Testing Class Recall: [0.783,0.725,0.694,0.101,0.203,0.125,0.301,0.304,0.165,0.050]
Epoch [36] Training Results: Prec@1 75.653 Prec@5 92.620 Loss 0.97843
Epoch [36] Training Class Recall: [0.761,0.644,0.776,0.644,0.733,0.721,0.756,0.814,0.775,0.840]
Epoch [36] Testing Results: Prec@1 42.470 Prec@5 80.300 Loss 1.93542
Epoch [36] Testing Class Recall: [0.612,0.899,0.597,0.195,0.271,0.210,0.688,0.307,0.347,0.121]
Epoch [37] Training Results: Prec@1 75.740 Prec@5 92.793 Loss 0.96987
Epoch [37] Training Class Recall: [0.771,0.633,0.786,0.645,0.728,0.718,0.753,0.812,0.774,0.839]
Epoch [37] Testing Results: Prec@1 37.380 Prec@5 81.230 Loss 2.35762
Epoch [37] Testing Class Recall: [0.803,0.556,0.651,0.068,0.364,0.348,0.326,0.190,0.357,0.075]
Epoch [38] Training Results: Prec@1 75.873 Prec@5 92.800 Loss 0.97225
Epoch [38] Training Class Recall: [0.767,0.626,0.777,0.663,0.744,0.720,0.752,0.811,0.775,0.844]
Epoch [38] Testing Results: Prec@1 33.440 Prec@5 75.160 Loss 2.43006
Epoch [38] Testing Class Recall: [0.701,0.781,0.569,0.081,0.248,0.054,0.286,0.202,0.273,0.149]
Epoch [39] Training Results: Prec@1 75.707 Prec@5 92.873 Loss 0.97084
Epoch [39] Training Class Recall: [0.767,0.646,0.787,0.627,0.728,0.716,0.745,0.820,0.779,0.840]
Epoch [39] Testing Results: Prec@1 39.520 Prec@5 80.810 Loss 2.11479
Epoch [39] Testing Class Recall: [0.532,0.836,0.744,0.108,0.308,0.466,0.333,0.358,0.166,0.101]
Epoch [40] Training Results: Prec@1 76.327 Prec@5 92.593 Loss 0.95834
Epoch [40] Training Class Recall: [0.767,0.643,0.790,0.650,0.748,0.727,0.754,0.816,0.779,0.847]
Epoch [40] Testing Results: Prec@1 35.080 Prec@5 77.060 Loss 2.38425
Epoch [40] Testing Class Recall: [0.684,0.786,0.708,0.130,0.180,0.090,0.240,0.221,0.281,0.188]
Epoch [41] Training Results: Prec@1 75.840 Prec@5 92.827 Loss 0.96682
Epoch [41] Training Class Recall: [0.774,0.645,0.787,0.654,0.723,0.713,0.749,0.816,0.778,0.838]
Epoch [41] Testing Results: Prec@1 44.320 Prec@5 83.830 Loss 1.86210
Epoch [41] Testing Class Recall: [0.597,0.827,0.645,0.078,0.355,0.557,0.239,0.450,0.394,0.290]
Epoch [42] Training Results: Prec@1 76.067 Prec@5 93.080 Loss 0.95668
Epoch [42] Training Class Recall: [0.763,0.640,0.795,0.647,0.750,0.702,0.751,0.819,0.782,0.839]
Epoch [42] Testing Results: Prec@1 37.330 Prec@5 77.020 Loss 2.07584
Epoch [42] Testing Class Recall: [0.758,0.716,0.387,0.062,0.498,0.518,0.149,0.159,0.380,0.106]
Epoch [43] Training Results: Prec@1 75.953 Prec@5 93.027 Loss 0.95798
Epoch [43] Training Class Recall: [0.769,0.655,0.777,0.640,0.738,0.724,0.753,0.813,0.784,0.843]
Epoch [43] Testing Results: Prec@1 39.120 Prec@5 78.780 Loss 2.07085
Epoch [43] Testing Class Recall: [0.647,0.853,0.628,0.245,0.468,0.212,0.117,0.260,0.241,0.241]
Epoch [44] Training Results: Prec@1 76.567 Prec@5 93.027 Loss 0.94259
Epoch [44] Training Class Recall: [0.780,0.643,0.789,0.652,0.746,0.735,0.757,0.823,0.776,0.846]
Epoch [44] Testing Results: Prec@1 31.600 Prec@5 71.920 Loss 2.76774
Epoch [44] Testing Class Recall: [0.779,0.732,0.424,0.065,0.200,0.051,0.134,0.356,0.403,0.016]
Epoch [45] Training Results: Prec@1 75.980 Prec@5 93.440 Loss 0.95509
Epoch [45] Training Class Recall: [0.770,0.643,0.793,0.638,0.738,0.701,0.759,0.817,0.782,0.839]
Epoch [45] Testing Results: Prec@1 40.770 Prec@5 81.510 Loss 2.05620
Epoch [45] Testing Class Recall: [0.710,0.887,0.593,0.088,0.266,0.330,0.311,0.339,0.316,0.237]
Epoch [46] Training Results: Prec@1 76.387 Prec@5 93.620 Loss 0.93441
Epoch [46] Training Class Recall: [0.771,0.648,0.788,0.670,0.749,0.713,0.757,0.820,0.781,0.837]
Epoch [46] Testing Results: Prec@1 41.690 Prec@5 82.560 Loss 1.97175
Epoch [46] Testing Class Recall: [0.690,0.523,0.408,0.090,0.502,0.294,0.268,0.642,0.433,0.319]
Epoch [47] Training Results: Prec@1 76.853 Prec@5 93.393 Loss 0.93620
Epoch [47] Training Class Recall: [0.779,0.648,0.797,0.668,0.754,0.726,0.760,0.817,0.786,0.841]
Epoch [47] Testing Results: Prec@1 42.560 Prec@5 81.930 Loss 2.01964
Epoch [47] Testing Class Recall: [0.590,0.678,0.694,0.085,0.264,0.338,0.558,0.582,0.372,0.095]
Epoch [48] Training Results: Prec@1 77.027 Prec@5 93.520 Loss 0.92715
Epoch [48] Training Class Recall: [0.781,0.664,0.804,0.658,0.747,0.728,0.754,0.820,0.786,0.848]
Epoch [48] Testing Results: Prec@1 39.200 Prec@5 77.450 Loss 2.20819
Epoch [48] Testing Class Recall: [0.798,0.624,0.587,0.166,0.440,0.291,0.465,0.433,0.076,0.040]
Epoch [49] Training Results: Prec@1 76.800 Prec@5 93.573 Loss 0.92948
Epoch [49] Training Class Recall: [0.778,0.634,0.800,0.668,0.747,0.730,0.762,0.819,0.783,0.843]
Epoch [49] Testing Results: Prec@1 40.220 Prec@5 82.680 Loss 1.99920
Epoch [49] Testing Class Recall: [0.666,0.817,0.720,0.219,0.327,0.261,0.299,0.275,0.352,0.086]
Epoch [50] Training Results: Prec@1 76.647 Prec@5 93.580 Loss 0.93035
Epoch [50] Training Class Recall: [0.772,0.653,0.792,0.663,0.752,0.721,0.761,0.818,0.784,0.842]
Epoch [50] Testing Results: Prec@1 39.990 Prec@5 80.720 Loss 2.15283
Epoch [50] Testing Class Recall: [0.740,0.922,0.431,0.228,0.149,0.194,0.408,0.569,0.263,0.095]
Epoch [51] Training Results: Prec@1 76.760 Prec@5 93.587 Loss 0.92951
Epoch [51] Training Class Recall: [0.772,0.651,0.793,0.659,0.754,0.728,0.764,0.818,0.781,0.848]
Epoch [51] Testing Results: Prec@1 35.880 Prec@5 77.140 Loss 2.18453
Epoch [51] Testing Class Recall: [0.851,0.852,0.427,0.154,0.122,0.222,0.102,0.465,0.203,0.190]
Epoch [52] Training Results: Prec@1 77.227 Prec@5 93.747 Loss 0.91827
Epoch [52] Training Class Recall: [0.774,0.657,0.805,0.669,0.747,0.737,0.770,0.823,0.788,0.846]
Epoch [52] Testing Results: Prec@1 39.210 Prec@5 76.730 Loss 2.20429
Epoch [52] Testing Class Recall: [0.415,0.904,0.748,0.016,0.363,0.296,0.263,0.402,0.383,0.131]
Epoch [53] Training Results: Prec@1 76.953 Prec@5 93.567 Loss 0.91815
Epoch [53] Training Class Recall: [0.778,0.647,0.803,0.667,0.748,0.727,0.762,0.815,0.784,0.850]
Epoch [53] Testing Results: Prec@1 38.430 Prec@5 79.150 Loss 2.28118
Epoch [53] Testing Class Recall: [0.697,0.790,0.676,0.163,0.396,0.164,0.256,0.304,0.194,0.203]
Epoch [54] Training Results: Prec@1 77.260 Prec@5 93.993 Loss 0.90755
Epoch [54] Training Class Recall: [0.775,0.660,0.814,0.663,0.757,0.720,0.763,0.823,0.782,0.849]
Epoch [54] Testing Results: Prec@1 41.760 Prec@5 78.680 Loss 2.15383
Epoch [54] Testing Class Recall: [0.621,0.833,0.614,0.102,0.257,0.287,0.406,0.638,0.076,0.342]
Epoch [55] Training Results: Prec@1 77.173 Prec@5 93.927 Loss 0.90846
Epoch [55] Training Class Recall: [0.779,0.649,0.803,0.669,0.751,0.742,0.774,0.814,0.784,0.845]
Epoch [55] Testing Results: Prec@1 39.530 Prec@5 79.400 Loss 2.29603
Epoch [55] Testing Class Recall: [0.793,0.859,0.556,0.063,0.325,0.372,0.219,0.437,0.232,0.097]
Epoch [56] Training Results: Prec@1 76.907 Prec@5 94.287 Loss 0.90805
Epoch [56] Training Class Recall: [0.775,0.659,0.801,0.666,0.743,0.734,0.764,0.817,0.782,0.845]
Epoch [56] Testing Results: Prec@1 42.980 Prec@5 81.770 Loss 1.97196
Epoch [56] Testing Class Recall: [0.356,0.852,0.635,0.239,0.450,0.312,0.336,0.442,0.412,0.264]
Epoch [57] Training Results: Prec@1 77.813 Prec@5 94.107 Loss 0.88700
Epoch [57] Training Class Recall: [0.790,0.659,0.807,0.686,0.765,0.741,0.771,0.819,0.790,0.847]
Epoch [57] Testing Results: Prec@1 37.220 Prec@5 80.350 Loss 2.26391
Epoch [57] Testing Class Recall: [0.320,0.503,0.700,0.202,0.597,0.328,0.419,0.385,0.165,0.103]
Epoch [58] Training Results: Prec@1 77.367 Prec@5 93.913 Loss 0.90145
Epoch [58] Training Class Recall: [0.781,0.655,0.808,0.668,0.754,0.745,0.766,0.817,0.787,0.847]
Epoch [58] Testing Results: Prec@1 40.220 Prec@5 79.190 Loss 2.32139
Epoch [58] Testing Class Recall: [0.744,0.950,0.594,0.091,0.203,0.311,0.281,0.410,0.339,0.099]
Epoch [59] Training Results: Prec@1 77.467 Prec@5 93.960 Loss 0.89609
Epoch [59] Training Class Recall: [0.783,0.655,0.813,0.668,0.758,0.743,0.766,0.817,0.781,0.846]
Epoch [59] Testing Results: Prec@1 40.240 Prec@5 80.550 Loss 2.06177
Epoch [59] Testing Class Recall: [0.677,0.759,0.644,0.035,0.331,0.322,0.434,0.323,0.356,0.143]
Epoch [60] Training Results: Prec@1 77.373 Prec@5 94.233 Loss 0.89794
Epoch [60] Training Class Recall: [0.786,0.658,0.810,0.658,0.760,0.728,0.766,0.817,0.794,0.844]
Epoch [60] Testing Results: Prec@1 41.370 Prec@5 80.810 Loss 2.01093
Epoch [60] Testing Class Recall: [0.683,0.672,0.405,0.096,0.400,0.219,0.564,0.451,0.279,0.368]
Epoch [61] Training Results: Prec@1 77.620 Prec@5 94.200 Loss 0.88702
Epoch [61] Training Class Recall: [0.779,0.646,0.813,0.668,0.759,0.738,0.771,0.824,0.797,0.850]
Epoch [61] Testing Results: Prec@1 32.180 Prec@5 73.090 Loss 2.65475
Epoch [61] Testing Class Recall: [0.734,0.802,0.764,0.067,0.204,0.051,0.117,0.292,0.121,0.066]
Epoch [62] Training Results: Prec@1 77.420 Prec@5 94.127 Loss 0.89151
Epoch [62] Training Class Recall: [0.783,0.670,0.807,0.675,0.739,0.734,0.774,0.821,0.789,0.848]
Epoch [62] Testing Results: Prec@1 38.280 Prec@5 75.990 Loss 2.38757
Epoch [62] Testing Class Recall: [0.752,0.722,0.501,0.205,0.439,0.382,0.255,0.209,0.329,0.034]
Epoch [63] Training Results: Prec@1 77.800 Prec@5 94.427 Loss 0.87999
Epoch [63] Training Class Recall: [0.782,0.655,0.810,0.687,0.761,0.744,0.769,0.827,0.790,0.848]
Epoch [63] Testing Results: Prec@1 33.530 Prec@5 73.930 Loss 2.70191
Epoch [63] Testing Class Recall: [0.716,0.789,0.609,0.187,0.216,0.221,0.053,0.287,0.124,0.151]
Epoch [64] Training Results: Prec@1 77.993 Prec@5 94.520 Loss 0.87415
Epoch [64] Training Class Recall: [0.785,0.670,0.816,0.682,0.766,0.729,0.772,0.822,0.796,0.852]
Epoch [64] Testing Results: Prec@1 41.280 Prec@5 82.330 Loss 2.09338
Epoch [64] Testing Class Recall: [0.625,0.858,0.602,0.116,0.411,0.283,0.268,0.503,0.220,0.242]
Epoch [65] Training Results: Prec@1 77.780 Prec@5 94.300 Loss 0.88187
Epoch [65] Training Class Recall: [0.785,0.662,0.815,0.666,0.759,0.740,0.768,0.824,0.797,0.849]
Epoch [65] Testing Results: Prec@1 42.870 Prec@5 79.870 Loss 2.09229
Epoch [65] Testing Class Recall: [0.539,0.784,0.625,0.177,0.543,0.182,0.521,0.353,0.427,0.136]
Epoch [66] Training Results: Prec@1 77.633 Prec@5 94.727 Loss 0.87643
Epoch [66] Training Class Recall: [0.782,0.666,0.807,0.677,0.759,0.745,0.763,0.820,0.786,0.853]
Epoch [66] Testing Results: Prec@1 34.640 Prec@5 72.470 Loss 2.88788
Epoch [66] Testing Class Recall: [0.717,0.908,0.618,0.016,0.138,0.205,0.162,0.338,0.345,0.017]
Epoch [67] Training Results: Prec@1 78.387 Prec@5 94.553 Loss 0.86813
Epoch [67] Training Class Recall: [0.799,0.661,0.833,0.686,0.754,0.738,0.777,0.827,0.794,0.846]
Epoch [67] Testing Results: Prec@1 40.190 Prec@5 78.080 Loss 2.20540
Epoch [67] Testing Class Recall: [0.667,0.897,0.449,0.179,0.392,0.288,0.247,0.334,0.435,0.131]
Epoch [68] Training Results: Prec@1 77.640 Prec@5 94.560 Loss 0.88163
Epoch [68] Training Class Recall: [0.779,0.670,0.812,0.684,0.763,0.725,0.769,0.823,0.788,0.843]
Epoch [68] Testing Results: Prec@1 36.950 Prec@5 78.450 Loss 2.47044
Epoch [68] Testing Class Recall: [0.740,0.625,0.610,0.176,0.483,0.350,0.195,0.318,0.129,0.069]
Epoch [69] Training Results: Prec@1 77.700 Prec@5 94.613 Loss 0.87611
Epoch [69] Training Class Recall: [0.781,0.661,0.808,0.672,0.760,0.744,0.770,0.825,0.795,0.848]
Epoch [69] Testing Results: Prec@1 40.800 Prec@5 79.170 Loss 2.14244
Epoch [69] Testing Class Recall: [0.460,0.736,0.577,0.159,0.299,0.254,0.176,0.733,0.556,0.130]
Epoch [70] Training Results: Prec@1 78.333 Prec@5 94.893 Loss 0.86480
Epoch [70] Training Class Recall: [0.789,0.666,0.825,0.690,0.772,0.741,0.779,0.817,0.791,0.849]
Epoch [70] Testing Results: Prec@1 41.330 Prec@5 76.990 Loss 2.19349
Epoch [70] Testing Class Recall: [0.656,0.752,0.617,0.177,0.222,0.245,0.435,0.693,0.305,0.031]
Epoch [71] Training Results: Prec@1 78.333 Prec@5 94.860 Loss 0.85180
Epoch [71] Training Class Recall: [0.790,0.662,0.818,0.700,0.763,0.740,0.775,0.825,0.794,0.856]
Epoch [71] Testing Results: Prec@1 37.520 Prec@5 76.670 Loss 2.29791
Epoch [71] Testing Class Recall: [0.472,0.951,0.332,0.068,0.279,0.391,0.390,0.404,0.351,0.114]
Epoch [72] Training Results: Prec@1 78.067 Prec@5 94.833 Loss 0.85540
Epoch [72] Training Class Recall: [0.786,0.661,0.826,0.688,0.758,0.734,0.766,0.828,0.791,0.849]
Epoch [72] Testing Results: Prec@1 39.060 Prec@5 78.720 Loss 2.21797
Epoch [72] Testing Class Recall: [0.549,0.914,0.348,0.100,0.629,0.173,0.245,0.526,0.264,0.158]
Epoch [73] Training Results: Prec@1 77.733 Prec@5 94.887 Loss 0.86294
Epoch [73] Training Class Recall: [0.791,0.652,0.813,0.672,0.767,0.734,0.765,0.817,0.793,0.851]
Epoch [73] Testing Results: Prec@1 40.270 Prec@5 79.920 Loss 2.11301
Epoch [73] Testing Class Recall: [0.507,0.780,0.523,0.208,0.521,0.403,0.364,0.392,0.166,0.163]
Epoch [74] Training Results: Prec@1 77.807 Prec@5 94.893 Loss 0.86156
Epoch [74] Training Class Recall: [0.783,0.647,0.818,0.691,0.760,0.737,0.770,0.814,0.790,0.854]
Epoch [74] Testing Results: Prec@1 37.190 Prec@5 79.470 Loss 2.33989
Epoch [74] Testing Class Recall: [0.488,0.616,0.689,0.193,0.368,0.224,0.217,0.318,0.528,0.078]
Epoch [75] Training Results: Prec@1 77.987 Prec@5 95.047 Loss 0.85593
Epoch [75] Training Class Recall: [0.795,0.663,0.816,0.684,0.767,0.735,0.760,0.825,0.785,0.853]
Epoch [75] Testing Results: Prec@1 39.010 Prec@5 81.000 Loss 2.37023
Epoch [75] Testing Class Recall: [0.728,0.587,0.464,0.100,0.478,0.239,0.207,0.612,0.278,0.208]
Epoch [76] Training Results: Prec@1 78.120 Prec@5 95.193 Loss 0.85001
Epoch [76] Training Class Recall: [0.798,0.658,0.813,0.687,0.762,0.733,0.782,0.828,0.786,0.853]
Epoch [76] Testing Results: Prec@1 38.650 Prec@5 73.880 Loss 2.46266
Epoch [76] Testing Class Recall: [0.628,0.840,0.614,0.196,0.446,0.162,0.113,0.530,0.263,0.073]
Epoch [77] Training Results: Prec@1 78.607 Prec@5 95.207 Loss 0.84334
Epoch [77] Training Class Recall: [0.806,0.665,0.826,0.694,0.766,0.736,0.774,0.826,0.798,0.853]
Epoch [77] Testing Results: Prec@1 40.270 Prec@5 79.100 Loss 2.20417
Epoch [77] Testing Class Recall: [0.406,0.891,0.642,0.134,0.298,0.282,0.308,0.634,0.342,0.090]
Epoch [78] Training Results: Prec@1 77.927 Prec@5 95.160 Loss 0.85522
Epoch [78] Training Class Recall: [0.788,0.668,0.814,0.682,0.756,0.725,0.778,0.829,0.788,0.852]
Epoch [78] Testing Results: Prec@1 36.590 Prec@5 79.060 Loss 2.32728
Epoch [78] Testing Class Recall: [0.674,0.645,0.665,0.173,0.342,0.163,0.446,0.264,0.196,0.091]
Epoch [79] Training Results: Prec@1 78.033 Prec@5 95.133 Loss 0.85525
Epoch [79] Training Class Recall: [0.789,0.669,0.814,0.690,0.764,0.739,0.766,0.823,0.791,0.851]
Epoch [79] Testing Results: Prec@1 40.830 Prec@5 82.200 Loss 2.12553
Epoch [79] Testing Class Recall: [0.554,0.688,0.566,0.240,0.187,0.295,0.276,0.356,0.494,0.427]
Epoch [80] Training Results: Prec@1 78.960 Prec@5 95.327 Loss 0.82824
Epoch [80] Training Class Recall: [0.799,0.667,0.827,0.713,0.772,0.745,0.781,0.831,0.792,0.857]
Epoch [80] Testing Results: Prec@1 37.650 Prec@5 75.940 Loss 2.45512
Epoch [80] Testing Class Recall: [0.640,0.893,0.643,0.047,0.323,0.143,0.256,0.307,0.420,0.093]
Epoch [81] Training Results: Prec@1 78.660 Prec@5 95.347 Loss 0.83512
Epoch [81] Training Class Recall: [0.796,0.678,0.824,0.693,0.780,0.740,0.770,0.831,0.794,0.850]
Epoch [81] Testing Results: Prec@1 38.630 Prec@5 75.740 Loss 2.65364
Epoch [81] Testing Class Recall: [0.572,0.933,0.446,0.126,0.229,0.378,0.462,0.422,0.214,0.081]
Epoch [82] Training Results: Prec@1 78.453 Prec@5 95.407 Loss 0.83475
Epoch [82] Training Class Recall: [0.778,0.674,0.821,0.700,0.772,0.752,0.773,0.830,0.790,0.852]
Epoch [82] Testing Results: Prec@1 35.020 Prec@5 77.300 Loss 2.49415
Epoch [82] Testing Class Recall: [0.562,0.471,0.578,0.103,0.537,0.274,0.129,0.496,0.224,0.128]
Epoch [83] Training Results: Prec@1 78.753 Prec@5 95.247 Loss 0.82456
Epoch [83] Training Class Recall: [0.800,0.667,0.836,0.680,0.771,0.747,0.776,0.824,0.802,0.849]
Epoch [83] Testing Results: Prec@1 37.630 Prec@5 79.520 Loss 2.51025
Epoch [83] Testing Class Recall: [0.745,0.576,0.471,0.115,0.375,0.160,0.269,0.440,0.420,0.192]
Epoch [84] Training Results: Prec@1 78.213 Prec@5 95.160 Loss 0.84569
Epoch [84] Training Class Recall: [0.783,0.654,0.823,0.711,0.769,0.739,0.772,0.811,0.790,0.857]
Epoch [84] Testing Results: Prec@1 43.640 Prec@5 81.410 Loss 2.07965
Epoch [84] Testing Class Recall: [0.591,0.807,0.720,0.234,0.256,0.294,0.612,0.358,0.452,0.040]
Epoch [85] Training Results: Prec@1 78.313 Prec@5 95.480 Loss 0.82996
Epoch [85] Training Class Recall: [0.790,0.673,0.822,0.687,0.769,0.739,0.774,0.823,0.788,0.854]
Epoch [85] Testing Results: Prec@1 38.850 Prec@5 75.590 Loss 2.83672
Epoch [85] Testing Class Recall: [0.443,0.906,0.567,0.098,0.329,0.415,0.720,0.162,0.233,0.012]
Epoch [86] Training Results: Prec@1 78.527 Prec@5 95.620 Loss 0.82214
Epoch [86] Training Class Recall: [0.786,0.662,0.823,0.700,0.764,0.744,0.785,0.825,0.802,0.852]
Epoch [86] Testing Results: Prec@1 39.500 Prec@5 80.200 Loss 2.55205
Epoch [86] Testing Class Recall: [0.727,0.824,0.508,0.390,0.272,0.195,0.329,0.241,0.322,0.142]
Epoch [87] Training Results: Prec@1 78.340 Prec@5 95.593 Loss 0.83756
Epoch [87] Training Class Recall: [0.794,0.655,0.828,0.695,0.769,0.747,0.765,0.826,0.784,0.849]
Epoch [87] Testing Results: Prec@1 40.360 Prec@5 81.270 Loss 2.35669
Epoch [87] Testing Class Recall: [0.647,0.913,0.527,0.048,0.257,0.453,0.254,0.406,0.303,0.228]
Epoch [88] Training Results: Prec@1 78.853 Prec@5 95.627 Loss 0.82015
Epoch [88] Training Class Recall: [0.800,0.675,0.826,0.690,0.778,0.740,0.778,0.825,0.797,0.860]
Epoch [88] Testing Results: Prec@1 35.050 Prec@5 76.460 Loss 2.62999
Epoch [88] Testing Class Recall: [0.713,0.696,0.679,0.249,0.293,0.175,0.219,0.226,0.217,0.038]
Epoch [89] Training Results: Prec@1 79.173 Prec@5 95.607 Loss 0.80992
Epoch [89] Training Class Recall: [0.797,0.670,0.837,0.703,0.769,0.758,0.776,0.839,0.802,0.850]
Epoch [89] Testing Results: Prec@1 31.470 Prec@5 71.420 Loss 3.30223
Epoch [89] Testing Class Recall: [0.829,0.624,0.330,0.037,0.637,0.180,0.185,0.271,0.050,0.004]
Epoch [90] Training Results: Prec@1 78.707 Prec@5 95.747 Loss 0.81173
Epoch [90] Training Class Recall: [0.799,0.663,0.824,0.705,0.782,0.731,0.770,0.827,0.802,0.852]
Epoch [90] Testing Results: Prec@1 40.890 Prec@5 80.280 Loss 2.15465
Epoch [90] Testing Class Recall: [0.627,0.418,0.460,0.297,0.299,0.340,0.742,0.436,0.121,0.349]
Epoch [91] Training Results: Prec@1 79.107 Prec@5 95.707 Loss 0.81300
Epoch [91] Training Class Recall: [0.802,0.674,0.828,0.693,0.785,0.758,0.786,0.819,0.797,0.857]
Epoch [91] Testing Results: Prec@1 36.810 Prec@5 81.200 Loss 2.64565
Epoch [91] Testing Class Recall: [0.739,0.677,0.706,0.171,0.192,0.353,0.167,0.229,0.196,0.251]
Epoch [92] Training Results: Prec@1 78.693 Prec@5 95.833 Loss 0.81533
Epoch [92] Training Class Recall: [0.787,0.659,0.829,0.689,0.779,0.740,0.773,0.831,0.807,0.856]
Epoch [92] Testing Results: Prec@1 38.040 Prec@5 76.330 Loss 2.61883
Epoch [92] Testing Class Recall: [0.875,0.722,0.594,0.266,0.272,0.323,0.197,0.333,0.202,0.020]
Epoch [93] Training Results: Prec@1 78.653 Prec@5 95.673 Loss 0.80570
Epoch [93] Training Class Recall: [0.792,0.660,0.824,0.694,0.769,0.747,0.778,0.831,0.802,0.855]
Epoch [93] Testing Results: Prec@1 33.470 Prec@5 74.300 Loss 2.85306
Epoch [93] Testing Class Recall: [0.634,0.611,0.672,0.043,0.353,0.213,0.353,0.128,0.320,0.020]
Epoch [94] Training Results: Prec@1 79.053 Prec@5 95.947 Loss 0.80024
Epoch [94] Training Class Recall: [0.797,0.668,0.828,0.705,0.777,0.740,0.781,0.834,0.802,0.859]
Epoch [94] Testing Results: Prec@1 42.530 Prec@5 79.180 Loss 2.19134
Epoch [94] Testing Class Recall: [0.443,0.831,0.609,0.215,0.502,0.247,0.217,0.495,0.547,0.147]
Epoch [95] Training Results: Prec@1 79.107 Prec@5 95.560 Loss 0.80309
Epoch [95] Training Class Recall: [0.806,0.693,0.826,0.699,0.771,0.747,0.773,0.830,0.800,0.861]
Epoch [95] Testing Results: Prec@1 44.420 Prec@5 81.190 Loss 2.01748
Epoch [95] Testing Class Recall: [0.478,0.816,0.522,0.111,0.332,0.494,0.585,0.425,0.433,0.246]
Epoch [96] Training Results: Prec@1 79.087 Prec@5 96.033 Loss 0.79568
Epoch [96] Training Class Recall: [0.786,0.675,0.831,0.709,0.787,0.744,0.778,0.832,0.799,0.856]
Epoch [96] Testing Results: Prec@1 40.330 Prec@5 77.580 Loss 2.36847
Epoch [96] Testing Class Recall: [0.744,0.619,0.454,0.171,0.389,0.315,0.667,0.434,0.204,0.036]
Epoch [97] Training Results: Prec@1 79.633 Prec@5 96.013 Loss 0.78724
Epoch [97] Training Class Recall: [0.802,0.683,0.832,0.727,0.787,0.743,0.780,0.839,0.803,0.861]
Epoch [97] Testing Results: Prec@1 38.380 Prec@5 75.910 Loss 2.69928
Epoch [97] Testing Class Recall: [0.539,0.820,0.677,0.268,0.353,0.342,0.245,0.391,0.167,0.036]
Epoch [98] Training Results: Prec@1 79.287 Prec@5 95.987 Loss 0.79041
Epoch [98] Training Class Recall: [0.799,0.675,0.835,0.719,0.779,0.749,0.774,0.837,0.795,0.853]
Epoch [98] Testing Results: Prec@1 40.740 Prec@5 80.220 Loss 2.31248
Epoch [98] Testing Class Recall: [0.700,0.559,0.616,0.210,0.454,0.331,0.333,0.504,0.206,0.161]
Epoch [99] Training Results: Prec@1 79.087 Prec@5 95.953 Loss 0.80202
Epoch [99] Training Class Recall: [0.799,0.676,0.835,0.702,0.773,0.748,0.778,0.825,0.797,0.861]
Epoch [99] Testing Results: Prec@1 40.130 Prec@5 78.820 Loss 2.48536
Epoch [99] Testing Class Recall: [0.517,0.751,0.739,0.140,0.422,0.205,0.210,0.588,0.400,0.041]
Epoch [100] Training Results: Prec@1 79.200 Prec@5 96.233 Loss 0.79571
Epoch [100] Training Class Recall: [0.801,0.678,0.831,0.708,0.775,0.754,0.775,0.829,0.805,0.856]
Epoch [100] Testing Results: Prec@1 40.880 Prec@5 77.990 Loss 2.37692
Epoch [100] Testing Class Recall: [0.477,0.812,0.623,0.189,0.388,0.088,0.176,0.668,0.405,0.262]
Epoch [101] Training Results: Prec@1 78.940 Prec@5 96.233 Loss 0.79739
Epoch [101] Training Class Recall: [0.788,0.674,0.831,0.712,0.774,0.744,0.771,0.830,0.803,0.856]
Epoch [101] Testing Results: Prec@1 42.620 Prec@5 81.130 Loss 2.30555
Epoch [101] Testing Class Recall: [0.435,0.839,0.582,0.113,0.383,0.436,0.334,0.554,0.370,0.216]
Epoch [102] Training Results: Prec@1 79.340 Prec@5 96.080 Loss 0.78838
Epoch [102] Training Class Recall: [0.800,0.679,0.838,0.700,0.782,0.750,0.779,0.833,0.801,0.855]
Epoch [102] Testing Results: Prec@1 38.070 Prec@5 76.360 Loss 2.76131
Epoch [102] Testing Class Recall: [0.627,0.805,0.556,0.409,0.340,0.248,0.463,0.257,0.079,0.023]
Epoch [103] Training Results: Prec@1 79.327 Prec@5 95.933 Loss 0.78751
Epoch [103] Training Class Recall: [0.788,0.675,0.832,0.713,0.777,0.752,0.784,0.839,0.806,0.859]
Epoch [103] Testing Results: Prec@1 37.110 Prec@5 77.340 Loss 2.76086
Epoch [103] Testing Class Recall: [0.752,0.835,0.655,0.225,0.427,0.161,0.178,0.271,0.128,0.079]
Epoch [104] Training Results: Prec@1 79.327 Prec@5 96.033 Loss 0.79535
Epoch [104] Training Class Recall: [0.802,0.679,0.826,0.717,0.785,0.758,0.788,0.821,0.797,0.859]
Epoch [104] Testing Results: Prec@1 33.590 Prec@5 75.830 Loss 3.39509
Epoch [104] Testing Class Recall: [0.585,0.892,0.837,0.101,0.209,0.103,0.143,0.325,0.125,0.039]
Epoch [105] Training Results: Prec@1 79.613 Prec@5 96.120 Loss 0.77174
Epoch [105] Training Class Recall: [0.808,0.671,0.837,0.712,0.787,0.751,0.788,0.828,0.802,0.861]
Epoch [105] Testing Results: Prec@1 39.410 Prec@5 77.120 Loss 2.73856
Epoch [105] Testing Class Recall: [0.622,0.893,0.520,0.156,0.368,0.333,0.227,0.613,0.176,0.033]
Epoch [106] Training Results: Prec@1 79.133 Prec@5 96.253 Loss 0.79093
Epoch [106] Training Class Recall: [0.799,0.684,0.825,0.709,0.771,0.748,0.781,0.839,0.808,0.849]
Epoch [106] Testing Results: Prec@1 35.970 Prec@5 76.830 Loss 2.64762
Epoch [106] Testing Class Recall: [0.585,0.546,0.656,0.061,0.261,0.250,0.157,0.780,0.161,0.140]
Epoch [107] Training Results: Prec@1 79.107 Prec@5 96.240 Loss 0.78905
Epoch [107] Training Class Recall: [0.795,0.678,0.828,0.713,0.777,0.754,0.773,0.823,0.801,0.863]
Epoch [107] Testing Results: Prec@1 37.380 Prec@5 76.930 Loss 2.66548
Epoch [107] Testing Class Recall: [0.522,0.940,0.611,0.229,0.375,0.208,0.210,0.391,0.213,0.039]
Epoch [108] Training Results: Prec@1 79.533 Prec@5 96.067 Loss 0.77879
Epoch [108] Training Class Recall: [0.805,0.682,0.837,0.709,0.780,0.744,0.784,0.834,0.806,0.859]
Epoch [108] Testing Results: Prec@1 39.180 Prec@5 77.000 Loss 2.51147
Epoch [108] Testing Class Recall: [0.694,0.748,0.489,0.179,0.403,0.148,0.555,0.297,0.332,0.073]
Epoch [109] Training Results: Prec@1 79.273 Prec@5 96.287 Loss 0.77652
Epoch [109] Training Class Recall: [0.793,0.695,0.831,0.696,0.772,0.754,0.782,0.829,0.805,0.864]
Epoch [109] Testing Results: Prec@1 38.390 Prec@5 80.370 Loss 2.56283
Epoch [109] Testing Class Recall: [0.720,0.633,0.483,0.409,0.394,0.198,0.349,0.287,0.287,0.079]
Epoch [110] Training Results: Prec@1 79.673 Prec@5 96.553 Loss 0.76424
Epoch [110] Training Class Recall: [0.800,0.676,0.841,0.724,0.792,0.734,0.782,0.828,0.813,0.860]
Epoch [110] Testing Results: Prec@1 37.040 Prec@5 73.370 Loss 2.69805
Epoch [110] Testing Class Recall: [0.399,0.838,0.776,0.036,0.348,0.357,0.132,0.499,0.223,0.096]
Epoch [111] Training Results: Prec@1 79.560 Prec@5 96.473 Loss 0.77116
Epoch [111] Training Class Recall: [0.790,0.679,0.842,0.707,0.795,0.753,0.780,0.828,0.809,0.859]
Epoch [111] Testing Results: Prec@1 38.560 Prec@5 76.420 Loss 2.69742
Epoch [111] Testing Class Recall: [0.805,0.642,0.443,0.046,0.543,0.292,0.608,0.337,0.080,0.060]
Epoch [112] Training Results: Prec@1 79.500 Prec@5 96.400 Loss 0.77699
Epoch [112] Training Class Recall: [0.808,0.683,0.830,0.710,0.779,0.745,0.789,0.830,0.812,0.857]
Epoch [112] Testing Results: Prec@1 41.090 Prec@5 77.590 Loss 2.45237
Epoch [112] Testing Class Recall: [0.629,0.773,0.546,0.209,0.335,0.162,0.433,0.684,0.284,0.054]
Epoch [113] Training Results: Prec@1 78.860 Prec@5 96.027 Loss 0.79847
Epoch [113] Training Class Recall: [0.789,0.675,0.824,0.715,0.768,0.754,0.774,0.827,0.801,0.857]
Epoch [113] Testing Results: Prec@1 37.390 Prec@5 80.310 Loss 2.32447
Epoch [113] Testing Class Recall: [0.585,0.517,0.531,0.190,0.301,0.347,0.289,0.549,0.296,0.134]
Epoch [114] Training Results: Prec@1 79.567 Prec@5 96.340 Loss 0.76434
Epoch [114] Training Class Recall: [0.808,0.681,0.834,0.709,0.788,0.751,0.771,0.836,0.801,0.863]
Epoch [114] Testing Results: Prec@1 41.490 Prec@5 77.170 Loss 2.77323
Epoch [114] Testing Class Recall: [0.463,0.812,0.644,0.223,0.480,0.274,0.175,0.677,0.385,0.016]
Epoch [115] Training Results: Prec@1 79.393 Prec@5 96.407 Loss 0.77318
Epoch [115] Training Class Recall: [0.797,0.679,0.835,0.712,0.794,0.737,0.778,0.834,0.801,0.857]
Epoch [115] Testing Results: Prec@1 37.400 Prec@5 79.000 Loss 2.73780
Epoch [115] Testing Class Recall: [0.694,0.514,0.492,0.069,0.292,0.629,0.244,0.348,0.325,0.133]
Epoch [116] Training Results: Prec@1 79.413 Prec@5 96.660 Loss 0.77046
Epoch [116] Training Class Recall: [0.792,0.681,0.826,0.717,0.790,0.754,0.774,0.842,0.809,0.855]
Epoch [116] Testing Results: Prec@1 40.120 Prec@5 75.440 Loss 2.72728
Epoch [116] Testing Class Recall: [0.391,0.915,0.536,0.199,0.611,0.200,0.504,0.382,0.218,0.056]
Epoch [117] Training Results: Prec@1 80.213 Prec@5 96.760 Loss 0.74810
Epoch [117] Training Class Recall: [0.807,0.683,0.844,0.713,0.802,0.764,0.786,0.841,0.806,0.860]
Epoch [117] Testing Results: Prec@1 41.470 Prec@5 77.340 Loss 2.44495
Epoch [117] Testing Class Recall: [0.545,0.668,0.464,0.104,0.425,0.539,0.557,0.605,0.185,0.055]
Epoch [118] Training Results: Prec@1 79.693 Prec@5 96.733 Loss 0.76044
Epoch [118] Training Class Recall: [0.793,0.689,0.831,0.722,0.785,0.750,0.775,0.845,0.811,0.864]
Epoch [118] Testing Results: Prec@1 34.500 Prec@5 78.380 Loss 3.32800
Epoch [118] Testing Class Recall: [0.828,0.705,0.633,0.087,0.307,0.270,0.235,0.199,0.149,0.037]
Epoch [119] Training Results: Prec@1 79.720 Prec@5 96.620 Loss 0.75702
Epoch [119] Training Class Recall: [0.808,0.691,0.831,0.714,0.785,0.753,0.784,0.833,0.809,0.861]
Epoch [119] Testing Results: Prec@1 39.160 Prec@5 76.490 Loss 2.62203
Epoch [119] Testing Class Recall: [0.471,0.918,0.482,0.172,0.265,0.226,0.281,0.663,0.354,0.084]
Epoch [120] Training Results: Prec@1 79.453 Prec@5 96.880 Loss 0.75911
Epoch [120] Training Class Recall: [0.789,0.671,0.843,0.696,0.790,0.744,0.789,0.837,0.805,0.860]
Epoch [120] Testing Results: Prec@1 35.470 Prec@5 78.140 Loss 2.56180
Epoch [120] Testing Class Recall: [0.474,0.493,0.569,0.449,0.194,0.449,0.087,0.487,0.225,0.120]
Epoch [121] Training Results: Prec@1 79.747 Prec@5 96.667 Loss 0.75800
Epoch [121] Training Class Recall: [0.795,0.673,0.841,0.720,0.790,0.740,0.787,0.837,0.812,0.863]
Epoch [121] Testing Results: Prec@1 38.050 Prec@5 76.750 Loss 2.51360
Epoch [121] Testing Class Recall: [0.617,0.811,0.582,0.057,0.225,0.537,0.253,0.203,0.441,0.079]
Epoch [122] Training Results: Prec@1 79.467 Prec@5 96.627 Loss 0.76319
Epoch [122] Training Class Recall: [0.797,0.683,0.835,0.716,0.778,0.744,0.786,0.830,0.812,0.859]
Epoch [122] Testing Results: Prec@1 41.040 Prec@5 79.380 Loss 2.18600
Epoch [122] Testing Class Recall: [0.457,0.800,0.652,0.133,0.214,0.393,0.407,0.677,0.332,0.039]
Epoch [123] Training Results: Prec@1 80.320 Prec@5 96.480 Loss 0.75068
Epoch [123] Training Class Recall: [0.799,0.673,0.850,0.729,0.796,0.751,0.795,0.839,0.812,0.868]
Epoch [123] Testing Results: Prec@1 40.520 Prec@5 77.400 Loss 2.44299
Epoch [123] Testing Class Recall: [0.408,0.846,0.674,0.072,0.422,0.195,0.270,0.588,0.537,0.040]
Epoch [124] Training Results: Prec@1 80.000 Prec@5 96.747 Loss 0.74759
Epoch [124] Training Class Recall: [0.810,0.681,0.838,0.717,0.798,0.753,0.790,0.839,0.804,0.859]
Epoch [124] Testing Results: Prec@1 40.510 Prec@5 78.930 Loss 2.24852
Epoch [124] Testing Class Recall: [0.511,0.798,0.644,0.231,0.415,0.318,0.290,0.447,0.324,0.073]
Epoch [125] Training Results: Prec@1 80.340 Prec@5 96.813 Loss 0.74029
Epoch [125] Training Class Recall: [0.807,0.678,0.850,0.726,0.785,0.757,0.789,0.845,0.815,0.866]
Epoch [125] Testing Results: Prec@1 38.660 Prec@5 78.840 Loss 2.66600
Epoch [125] Testing Class Recall: [0.423,0.882,0.691,0.207,0.289,0.300,0.217,0.477,0.276,0.104]
Epoch [126] Training Results: Prec@1 80.280 Prec@5 96.700 Loss 0.74125
Epoch [126] Training Class Recall: [0.819,0.694,0.846,0.717,0.799,0.750,0.786,0.836,0.804,0.861]
Epoch [126] Testing Results: Prec@1 37.270 Prec@5 78.850 Loss 3.03589
Epoch [126] Testing Class Recall: [0.377,0.931,0.641,0.066,0.231,0.456,0.345,0.221,0.411,0.048]
Epoch [127] Training Results: Prec@1 80.073 Prec@5 96.713 Loss 0.75076
Epoch [127] Training Class Recall: [0.797,0.675,0.840,0.722,0.804,0.763,0.786,0.837,0.801,0.867]
Epoch [127] Testing Results: Prec@1 31.370 Prec@5 72.510 Loss 3.26220
Epoch [127] Testing Class Recall: [0.858,0.589,0.604,0.120,0.256,0.029,0.212,0.214,0.188,0.067]
Epoch [128] Training Results: Prec@1 79.733 Prec@5 96.727 Loss 0.75269
Epoch [128] Training Class Recall: [0.804,0.683,0.840,0.703,0.779,0.755,0.790,0.840,0.804,0.861]
Epoch [128] Testing Results: Prec@1 39.500 Prec@5 79.240 Loss 2.59117
Epoch [128] Testing Class Recall: [0.487,0.941,0.524,0.156,0.209,0.450,0.488,0.354,0.219,0.122]
Epoch [129] Training Results: Prec@1 79.813 Prec@5 96.867 Loss 0.74624
Epoch [129] Training Class Recall: [0.791,0.676,0.848,0.721,0.790,0.749,0.783,0.841,0.805,0.859]
Epoch [129] Testing Results: Prec@1 36.780 Prec@5 76.780 Loss 2.97535
Epoch [129] Testing Class Recall: [0.513,0.935,0.627,0.119,0.354,0.165,0.264,0.530,0.091,0.080]
Epoch [130] Training Results: Prec@1 79.860 Prec@5 96.567 Loss 0.75060
Epoch [130] Training Class Recall: [0.807,0.674,0.837,0.717,0.784,0.759,0.782,0.836,0.810,0.866]
Epoch [130] Testing Results: Prec@1 31.420 Prec@5 72.220 Loss 3.82005
Epoch [130] Testing Class Recall: [0.707,0.563,0.737,0.116,0.345,0.057,0.306,0.174,0.067,0.070]
Epoch [131] Training Results: Prec@1 79.647 Prec@5 96.887 Loss 0.74267
Epoch [131] Training Class Recall: [0.797,0.678,0.841,0.716,0.789,0.744,0.786,0.831,0.805,0.862]
Epoch [131] Testing Results: Prec@1 37.890 Prec@5 79.650 Loss 2.67885
Epoch [131] Testing Class Recall: [0.634,0.832,0.640,0.176,0.234,0.153,0.322,0.340,0.329,0.129]
Epoch [132] Training Results: Prec@1 80.220 Prec@5 96.853 Loss 0.73524
Epoch [132] Training Class Recall: [0.807,0.683,0.845,0.712,0.788,0.767,0.799,0.836,0.807,0.866]
Epoch [132] Testing Results: Prec@1 37.300 Prec@5 77.830 Loss 2.46694
Epoch [132] Testing Class Recall: [0.459,0.684,0.551,0.243,0.195,0.392,0.087,0.431,0.291,0.397]
Epoch [133] Training Results: Prec@1 80.000 Prec@5 96.913 Loss 0.74202
Epoch [133] Training Class Recall: [0.799,0.690,0.835,0.711,0.797,0.751,0.787,0.844,0.812,0.867]
Epoch [133] Testing Results: Prec@1 39.200 Prec@5 80.500 Loss 2.56883
Epoch [133] Testing Class Recall: [0.492,0.763,0.775,0.106,0.368,0.148,0.272,0.270,0.444,0.282]
Epoch [134] Training Results: Prec@1 79.673 Prec@5 97.053 Loss 0.74669
Epoch [134] Training Class Recall: [0.801,0.682,0.837,0.722,0.784,0.753,0.786,0.829,0.805,0.862]
Epoch [134] Testing Results: Prec@1 39.000 Prec@5 78.500 Loss 2.62444
Epoch [134] Testing Class Recall: [0.616,0.794,0.553,0.139,0.477,0.283,0.207,0.243,0.405,0.183]
Epoch [135] Training Results: Prec@1 80.060 Prec@5 97.000 Loss 0.73872
Epoch [135] Training Class Recall: [0.803,0.667,0.843,0.730,0.799,0.748,0.783,0.836,0.808,0.869]
Epoch [135] Testing Results: Prec@1 37.280 Prec@5 76.140 Loss 2.66515
Epoch [135] Testing Class Recall: [0.480,0.904,0.551,0.173,0.335,0.451,0.323,0.210,0.228,0.073]
Epoch [136] Training Results: Prec@1 80.127 Prec@5 96.913 Loss 0.73500
Epoch [136] Training Class Recall: [0.802,0.671,0.841,0.728,0.792,0.758,0.796,0.831,0.819,0.867]
Epoch [136] Testing Results: Prec@1 35.600 Prec@5 78.210 Loss 2.76574
Epoch [136] Testing Class Recall: [0.536,0.628,0.757,0.099,0.218,0.132,0.164,0.549,0.174,0.303]
Epoch [137] Training Results: Prec@1 79.980 Prec@5 97.007 Loss 0.73338
Epoch [137] Training Class Recall: [0.799,0.682,0.848,0.724,0.788,0.756,0.779,0.839,0.805,0.861]
Epoch [137] Testing Results: Prec@1 35.050 Prec@5 75.180 Loss 2.83963
Epoch [137] Testing Class Recall: [0.548,0.935,0.590,0.206,0.282,0.175,0.235,0.302,0.190,0.042]
Epoch [138] Training Results: Prec@1 80.093 Prec@5 97.147 Loss 0.73293
Epoch [138] Training Class Recall: [0.803,0.687,0.841,0.716,0.799,0.754,0.788,0.840,0.805,0.864]
Epoch [138] Testing Results: Prec@1 37.480 Prec@5 76.050 Loss 2.76778
Epoch [138] Testing Class Recall: [0.386,0.816,0.704,0.149,0.422,0.200,0.391,0.282,0.355,0.043]
Epoch [139] Training Results: Prec@1 80.360 Prec@5 97.167 Loss 0.72099
Epoch [139] Training Class Recall: [0.811,0.679,0.843,0.735,0.800,0.754,0.791,0.829,0.817,0.867]
Epoch [139] Testing Results: Prec@1 41.040 Prec@5 80.670 Loss 2.53053
Epoch [139] Testing Class Recall: [0.614,0.893,0.467,0.315,0.339,0.378,0.351,0.292,0.287,0.168]
Epoch [140] Training Results: Prec@1 80.113 Prec@5 97.113 Loss 0.72979
Epoch [140] Training Class Recall: [0.807,0.681,0.841,0.716,0.795,0.753,0.785,0.837,0.810,0.872]
Epoch [140] Testing Results: Prec@1 36.680 Prec@5 76.640 Loss 2.91041
Epoch [140] Testing Class Recall: [0.680,0.711,0.613,0.098,0.310,0.228,0.273,0.312,0.352,0.091]
Epoch [141] Training Results: Prec@1 79.813 Prec@5 96.800 Loss 0.74514
Epoch [141] Training Class Recall: [0.808,0.674,0.833,0.719,0.794,0.754,0.783,0.836,0.805,0.863]
Epoch [141] Testing Results: Prec@1 41.700 Prec@5 80.310 Loss 2.32273
Epoch [141] Testing Class Recall: [0.530,0.652,0.621,0.120,0.456,0.359,0.395,0.598,0.348,0.091]
Epoch [142] Training Results: Prec@1 80.020 Prec@5 97.100 Loss 0.73319
Epoch [142] Training Class Recall: [0.798,0.682,0.844,0.735,0.783,0.755,0.786,0.843,0.809,0.858]
Epoch [142] Testing Results: Prec@1 39.830 Prec@5 78.320 Loss 2.75560
Epoch [142] Testing Class Recall: [0.542,0.913,0.499,0.215,0.364,0.119,0.569,0.315,0.196,0.251]
Epoch [143] Training Results: Prec@1 80.673 Prec@5 97.387 Loss 0.71277
Epoch [143] Training Class Recall: [0.788,0.702,0.852,0.738,0.805,0.759,0.791,0.845,0.809,0.872]
Epoch [143] Testing Results: Prec@1 40.190 Prec@5 80.050 Loss 2.45824
Epoch [143] Testing Class Recall: [0.453,0.360,0.667,0.057,0.458,0.405,0.431,0.451,0.578,0.159]
Epoch [144] Training Results: Prec@1 79.780 Prec@5 97.167 Loss 0.73683
Epoch [144] Training Class Recall: [0.798,0.678,0.842,0.731,0.779,0.745,0.779,0.835,0.813,0.866]
Epoch [144] Testing Results: Prec@1 35.380 Prec@5 76.340 Loss 3.07381
Epoch [144] Testing Class Recall: [0.503,0.836,0.705,0.202,0.262,0.308,0.136,0.297,0.252,0.037]
Epoch [145] Training Results: Prec@1 80.333 Prec@5 97.233 Loss 0.72492
Epoch [145] Training Class Recall: [0.805,0.668,0.839,0.741,0.787,0.761,0.800,0.840,0.809,0.873]
Epoch [145] Testing Results: Prec@1 37.560 Prec@5 77.340 Loss 2.76108
Epoch [145] Testing Class Recall: [0.410,0.906,0.517,0.203,0.340,0.329,0.184,0.457,0.364,0.046]
Epoch [146] Training Results: Prec@1 80.307 Prec@5 97.267 Loss 0.71219
Epoch [146] Training Class Recall: [0.804,0.691,0.844,0.729,0.784,0.757,0.794,0.841,0.816,0.866]
Epoch [146] Testing Results: Prec@1 32.940 Prec@5 73.580 Loss 3.49971
Epoch [146] Testing Class Recall: [0.665,0.921,0.562,0.223,0.291,0.057,0.065,0.288,0.169,0.053]
Epoch [147] Training Results: Prec@1 80.200 Prec@5 97.240 Loss 0.72425
Epoch [147] Training Class Recall: [0.806,0.680,0.845,0.711,0.802,0.745,0.793,0.839,0.819,0.862]
Epoch [147] Testing Results: Prec@1 39.730 Prec@5 78.780 Loss 2.65058
Epoch [147] Testing Class Recall: [0.611,0.791,0.652,0.183,0.269,0.292,0.548,0.281,0.222,0.124]
Epoch [148] Training Results: Prec@1 80.527 Prec@5 97.033 Loss 0.71815
Epoch [148] Training Class Recall: [0.806,0.706,0.843,0.730,0.780,0.766,0.794,0.841,0.818,0.872]
Epoch [148] Testing Results: Prec@1 36.870 Prec@5 77.770 Loss 3.12618
Epoch [148] Testing Class Recall: [0.618,0.879,0.606,0.026,0.492,0.224,0.207,0.238,0.281,0.116]
Epoch [149] Training Results: Prec@1 80.467 Prec@5 97.300 Loss 0.71995
Epoch [149] Training Class Recall: [0.812,0.690,0.844,0.735,0.788,0.756,0.788,0.847,0.813,0.865]
Epoch [149] Testing Results: Prec@1 36.100 Prec@5 74.950 Loss 2.92387
Epoch [149] Testing Class Recall: [0.709,0.605,0.439,0.101,0.230,0.430,0.495,0.371,0.189,0.041]
Epoch [150] Training Results: Prec@1 80.327 Prec@5 97.307 Loss 0.71802
Epoch [150] Training Class Recall: [0.806,0.693,0.850,0.714,0.792,0.766,0.795,0.830,0.807,0.866]
Epoch [150] Testing Results: Prec@1 38.930 Prec@5 77.610 Loss 2.39701
Epoch [150] Testing Class Recall: [0.670,0.624,0.514,0.097,0.388,0.151,0.314,0.336,0.432,0.367]
Epoch [151] Training Results: Prec@1 80.567 Prec@5 97.180 Loss 0.71684
Epoch [151] Training Class Recall: [0.804,0.694,0.841,0.743,0.795,0.761,0.790,0.847,0.809,0.871]
Epoch [151] Testing Results: Prec@1 39.560 Prec@5 80.430 Loss 2.81766
Epoch [151] Testing Class Recall: [0.663,0.844,0.447,0.091,0.476,0.365,0.318,0.245,0.332,0.175]
Epoch [152] Training Results: Prec@1 80.467 Prec@5 97.247 Loss 0.71886
Epoch [152] Training Class Recall: [0.807,0.693,0.843,0.733,0.787,0.760,0.792,0.845,0.817,0.866]
Epoch [152] Testing Results: Prec@1 37.110 Prec@5 78.670 Loss 2.80551
Epoch [152] Testing Class Recall: [0.527,0.842,0.684,0.143,0.384,0.170,0.272,0.099,0.290,0.300]
Epoch [153] Training Results: Prec@1 80.000 Prec@5 97.220 Loss 0.72745
Epoch [153] Training Class Recall: [0.795,0.678,0.849,0.705,0.790,0.760,0.786,0.833,0.816,0.869]
Epoch [153] Testing Results: Prec@1 36.060 Prec@5 77.850 Loss 3.07362
Epoch [153] Testing Class Recall: [0.830,0.757,0.372,0.042,0.347,0.200,0.265,0.275,0.286,0.232]
Epoch [154] Training Results: Prec@1 80.973 Prec@5 97.387 Loss 0.70839
Epoch [154] Training Class Recall: [0.806,0.700,0.852,0.742,0.801,0.766,0.792,0.842,0.820,0.872]
Epoch [154] Testing Results: Prec@1 36.770 Prec@5 78.010 Loss 2.91203
Epoch [154] Testing Class Recall: [0.639,0.753,0.402,0.128,0.375,0.202,0.279,0.411,0.263,0.225]
Epoch [155] Training Results: Prec@1 81.033 Prec@5 97.493 Loss 0.69530
Epoch [155] Training Class Recall: [0.808,0.701,0.852,0.734,0.810,0.764,0.786,0.841,0.821,0.876]
Epoch [155] Testing Results: Prec@1 31.900 Prec@5 76.380 Loss 3.04321
Epoch [155] Testing Class Recall: [0.534,0.294,0.777,0.057,0.102,0.162,0.252,0.408,0.449,0.155]
Epoch [156] Training Results: Prec@1 80.160 Prec@5 97.133 Loss 0.71936
Epoch [156] Training Class Recall: [0.804,0.680,0.848,0.731,0.802,0.739,0.787,0.830,0.811,0.865]
Epoch [156] Testing Results: Prec@1 41.110 Prec@5 81.990 Loss 2.35450
Epoch [156] Testing Class Recall: [0.339,0.752,0.680,0.336,0.309,0.419,0.385,0.410,0.333,0.148]
Epoch [157] Training Results: Prec@1 80.580 Prec@5 97.273 Loss 0.71007
Epoch [157] Training Class Recall: [0.811,0.691,0.844,0.716,0.801,0.757,0.790,0.849,0.814,0.871]
Epoch [157] Testing Results: Prec@1 39.310 Prec@5 77.720 Loss 2.55460
Epoch [157] Testing Class Recall: [0.537,0.762,0.595,0.110,0.318,0.216,0.463,0.422,0.403,0.105]
Epoch [158] Training Results: Prec@1 80.600 Prec@5 97.327 Loss 0.71115
Epoch [158] Training Class Recall: [0.810,0.689,0.845,0.734,0.804,0.761,0.783,0.838,0.813,0.872]
Epoch [158] Testing Results: Prec@1 39.850 Prec@5 80.830 Loss 2.65317
Epoch [158] Testing Class Recall: [0.432,0.718,0.724,0.305,0.267,0.316,0.455,0.301,0.273,0.194]
Epoch [159] Training Results: Prec@1 80.513 Prec@5 97.567 Loss 0.71142
Epoch [159] Training Class Recall: [0.802,0.696,0.850,0.729,0.799,0.745,0.793,0.849,0.810,0.866]
Epoch [159] Testing Results: Prec@1 34.220 Prec@5 78.500 Loss 3.13794
Epoch [159] Testing Class Recall: [0.361,0.641,0.792,0.093,0.467,0.136,0.231,0.285,0.260,0.156]
Epoch [160] Training Results: Prec@1 82.367 Prec@5 98.013 Loss 0.63245
Epoch [160] Training Class Recall: [0.820,0.696,0.879,0.750,0.845,0.778,0.804,0.839,0.820,0.879]
Epoch [160] Testing Results: Prec@1 40.130 Prec@5 81.330 Loss 2.60337
Epoch [160] Testing Class Recall: [0.604,0.785,0.652,0.184,0.407,0.228,0.314,0.350,0.301,0.188]
Epoch [161] Training Results: Prec@1 83.420 Prec@5 98.307 Loss 0.59258
Epoch [161] Training Class Recall: [0.839,0.717,0.881,0.771,0.841,0.793,0.817,0.852,0.833,0.886]
Epoch [161] Testing Results: Prec@1 39.980 Prec@5 80.840 Loss 2.72140
Epoch [161] Testing Class Recall: [0.636,0.827,0.642,0.188,0.386,0.229,0.303,0.361,0.273,0.153]
Epoch [162] Training Results: Prec@1 83.900 Prec@5 98.327 Loss 0.56879
Epoch [162] Training Class Recall: [0.845,0.743,0.880,0.787,0.839,0.792,0.822,0.860,0.837,0.887]
Epoch [162] Testing Results: Prec@1 40.500 Prec@5 80.850 Loss 2.68088
Epoch [162] Testing Class Recall: [0.613,0.852,0.640,0.183,0.403,0.254,0.285,0.387,0.288,0.145]
Epoch [163] Training Results: Prec@1 84.200 Prec@5 98.507 Loss 0.55216
Epoch [163] Training Class Recall: [0.850,0.743,0.888,0.779,0.851,0.797,0.828,0.858,0.834,0.887]
Epoch [163] Testing Results: Prec@1 41.210 Prec@5 81.370 Loss 2.60130
Epoch [163] Testing Class Recall: [0.616,0.835,0.625,0.208,0.420,0.273,0.297,0.381,0.303,0.163]
Epoch [164] Training Results: Prec@1 84.540 Prec@5 98.587 Loss 0.54469
Epoch [164] Training Class Recall: [0.852,0.747,0.890,0.787,0.856,0.812,0.825,0.862,0.836,0.887]
Epoch [164] Testing Results: Prec@1 40.550 Prec@5 80.880 Loss 2.74064
Epoch [164] Testing Class Recall: [0.625,0.856,0.668,0.175,0.396,0.257,0.287,0.384,0.265,0.142]
Epoch [165] Training Results: Prec@1 84.953 Prec@5 98.747 Loss 0.53328
Epoch [165] Training Class Recall: [0.854,0.744,0.889,0.798,0.850,0.817,0.829,0.871,0.851,0.895]
Epoch [165] Testing Results: Prec@1 41.120 Prec@5 80.710 Loss 2.65948
Epoch [165] Testing Class Recall: [0.619,0.850,0.644,0.208,0.408,0.267,0.304,0.369,0.299,0.144]
Epoch [166] Training Results: Prec@1 85.120 Prec@5 98.707 Loss 0.52803
Epoch [166] Training Class Recall: [0.856,0.749,0.896,0.802,0.850,0.816,0.830,0.870,0.849,0.895]
Epoch [166] Testing Results: Prec@1 40.920 Prec@5 80.720 Loss 2.61651
Epoch [166] Testing Class Recall: [0.618,0.834,0.643,0.198,0.415,0.226,0.294,0.403,0.308,0.153]
Epoch [167] Training Results: Prec@1 85.173 Prec@5 98.760 Loss 0.52042
Epoch [167] Training Class Recall: [0.857,0.752,0.894,0.804,0.848,0.813,0.841,0.870,0.847,0.896]
Epoch [167] Testing Results: Prec@1 41.550 Prec@5 80.850 Loss 2.63862
Epoch [167] Testing Class Recall: [0.617,0.864,0.642,0.208,0.414,0.265,0.294,0.407,0.304,0.140]
Epoch [168] Training Results: Prec@1 85.460 Prec@5 98.693 Loss 0.51456
Epoch [168] Training Class Recall: [0.870,0.753,0.895,0.805,0.856,0.814,0.840,0.869,0.854,0.895]
Epoch [168] Testing Results: Prec@1 41.070 Prec@5 80.720 Loss 2.70418
Epoch [168] Testing Class Recall: [0.600,0.848,0.679,0.219,0.409,0.287,0.256,0.384,0.287,0.138]
Epoch [169] Training Results: Prec@1 85.593 Prec@5 98.640 Loss 0.51498
Epoch [169] Training Class Recall: [0.861,0.759,0.895,0.813,0.858,0.822,0.832,0.874,0.853,0.899]
Epoch [169] Testing Results: Prec@1 40.360 Prec@5 79.970 Loss 2.82637
Epoch [169] Testing Class Recall: [0.628,0.863,0.644,0.193,0.411,0.266,0.251,0.397,0.259,0.124]
Epoch [170] Training Results: Prec@1 85.647 Prec@5 98.760 Loss 0.50258
Epoch [170] Training Class Recall: [0.867,0.758,0.897,0.802,0.863,0.819,0.841,0.872,0.857,0.894]
Epoch [170] Testing Results: Prec@1 39.840 Prec@5 79.710 Loss 2.80803
Epoch [170] Testing Class Recall: [0.615,0.851,0.655,0.175,0.404,0.243,0.231,0.394,0.282,0.134]
Epoch [171] Training Results: Prec@1 85.920 Prec@5 98.707 Loss 0.49999
Epoch [171] Training Class Recall: [0.868,0.759,0.898,0.828,0.863,0.815,0.845,0.875,0.850,0.899]
Epoch [171] Testing Results: Prec@1 40.520 Prec@5 80.250 Loss 2.79605
Epoch [171] Testing Class Recall: [0.615,0.840,0.661,0.202,0.428,0.251,0.254,0.401,0.274,0.126]
Epoch [172] Training Results: Prec@1 85.693 Prec@5 98.880 Loss 0.50178
Epoch [172] Training Class Recall: [0.857,0.773,0.903,0.802,0.859,0.820,0.841,0.875,0.847,0.899]
Epoch [172] Testing Results: Prec@1 40.400 Prec@5 80.110 Loss 2.76529
Epoch [172] Testing Class Recall: [0.619,0.848,0.645,0.199,0.407,0.265,0.267,0.394,0.273,0.123]
Epoch [173] Training Results: Prec@1 85.767 Prec@5 98.773 Loss 0.49810
Epoch [173] Training Class Recall: [0.868,0.757,0.902,0.823,0.861,0.821,0.840,0.869,0.850,0.891]
Epoch [173] Testing Results: Prec@1 40.470 Prec@5 80.390 Loss 2.78104
Epoch [173] Testing Class Recall: [0.609,0.849,0.673,0.179,0.407,0.268,0.256,0.393,0.289,0.124]
Epoch [174] Training Results: Prec@1 85.800 Prec@5 98.720 Loss 0.49609
Epoch [174] Training Class Recall: [0.865,0.759,0.897,0.811,0.870,0.815,0.836,0.876,0.859,0.897]
Epoch [174] Testing Results: Prec@1 40.310 Prec@5 80.080 Loss 2.76332
Epoch [174] Testing Class Recall: [0.610,0.855,0.652,0.203,0.394,0.263,0.251,0.406,0.271,0.126]
Epoch [175] Training Results: Prec@1 86.107 Prec@5 98.880 Loss 0.48816
Epoch [175] Training Class Recall: [0.870,0.766,0.902,0.820,0.862,0.824,0.843,0.878,0.853,0.900]
Epoch [175] Testing Results: Prec@1 40.380 Prec@5 80.380 Loss 2.76586
Epoch [175] Testing Class Recall: [0.618,0.836,0.672,0.189,0.397,0.253,0.252,0.391,0.294,0.136]
Epoch [176] Training Results: Prec@1 86.133 Prec@5 98.947 Loss 0.48852
Epoch [176] Training Class Recall: [0.871,0.768,0.897,0.818,0.865,0.830,0.846,0.877,0.853,0.901]
Epoch [176] Testing Results: Prec@1 40.400 Prec@5 80.210 Loss 2.75847
Epoch [176] Testing Class Recall: [0.630,0.826,0.681,0.199,0.427,0.245,0.256,0.381,0.254,0.141]
Epoch [177] Training Results: Prec@1 86.227 Prec@5 98.900 Loss 0.48870
Epoch [177] Training Class Recall: [0.871,0.767,0.898,0.820,0.869,0.820,0.839,0.883,0.862,0.902]
Epoch [177] Testing Results: Prec@1 40.240 Prec@5 79.760 Loss 2.85422
Epoch [177] Testing Class Recall: [0.642,0.839,0.654,0.231,0.416,0.252,0.254,0.380,0.241,0.115]
Epoch [178] Training Results: Prec@1 86.227 Prec@5 98.920 Loss 0.48321
Epoch [178] Training Class Recall: [0.864,0.763,0.904,0.825,0.872,0.825,0.836,0.883,0.858,0.900]
Epoch [178] Testing Results: Prec@1 39.720 Prec@5 79.550 Loss 2.84217
Epoch [178] Testing Class Recall: [0.622,0.852,0.649,0.202,0.374,0.243,0.252,0.397,0.258,0.123]
Epoch [179] Training Results: Prec@1 86.480 Prec@5 98.847 Loss 0.47880
Epoch [179] Training Class Recall: [0.874,0.777,0.904,0.819,0.865,0.821,0.850,0.883,0.860,0.903]
Epoch [179] Testing Results: Prec@1 39.780 Prec@5 79.910 Loss 2.86577
Epoch [179] Testing Class Recall: [0.644,0.825,0.635,0.212,0.391,0.256,0.244,0.387,0.258,0.126]
Epoch [180] Training Results: Prec@1 86.200 Prec@5 98.880 Loss 0.48039
Epoch [180] Training Class Recall: [0.874,0.770,0.902,0.818,0.868,0.824,0.839,0.881,0.854,0.897]
Epoch [180] Testing Results: Prec@1 40.240 Prec@5 80.140 Loss 2.79545
Epoch [180] Testing Class Recall: [0.615,0.819,0.651,0.215,0.402,0.265,0.246,0.408,0.280,0.123]
Epoch [181] Training Results: Prec@1 86.487 Prec@5 98.940 Loss 0.47365
Epoch [181] Training Class Recall: [0.870,0.776,0.906,0.825,0.870,0.821,0.849,0.880,0.861,0.900]
Epoch [181] Testing Results: Prec@1 39.600 Prec@5 79.640 Loss 2.87154
Epoch [181] Testing Class Recall: [0.636,0.838,0.647,0.190,0.382,0.232,0.243,0.403,0.266,0.123]
Epoch [182] Training Results: Prec@1 86.260 Prec@5 98.927 Loss 0.47639
Epoch [182] Training Class Recall: [0.874,0.764,0.904,0.822,0.859,0.829,0.851,0.875,0.851,0.905]
Epoch [182] Testing Results: Prec@1 39.810 Prec@5 79.620 Loss 2.82096
Epoch [182] Testing Class Recall: [0.630,0.833,0.651,0.179,0.419,0.253,0.256,0.382,0.254,0.124]
Epoch [183] Training Results: Prec@1 86.160 Prec@5 98.913 Loss 0.47894
Epoch [183] Training Class Recall: [0.864,0.761,0.899,0.819,0.865,0.835,0.844,0.883,0.863,0.894]
Epoch [183] Testing Results: Prec@1 40.310 Prec@5 80.160 Loss 2.79009
Epoch [183] Testing Class Recall: [0.615,0.834,0.651,0.212,0.404,0.258,0.261,0.398,0.269,0.129]
Epoch [184] Training Results: Prec@1 86.160 Prec@5 98.873 Loss 0.47846
Epoch [184] Training Class Recall: [0.870,0.766,0.904,0.822,0.864,0.822,0.847,0.875,0.857,0.897]
Epoch [184] Testing Results: Prec@1 39.560 Prec@5 79.450 Loss 2.88490
Epoch [184] Testing Class Recall: [0.642,0.832,0.650,0.177,0.400,0.251,0.235,0.372,0.271,0.126]
Epoch [185] Training Results: Prec@1 86.107 Prec@5 99.027 Loss 0.47955
Epoch [185] Training Class Recall: [0.861,0.770,0.901,0.816,0.868,0.822,0.844,0.878,0.858,0.903]
Epoch [185] Testing Results: Prec@1 39.460 Prec@5 79.480 Loss 2.93688
Epoch [185] Testing Class Recall: [0.640,0.853,0.642,0.192,0.390,0.242,0.256,0.367,0.259,0.105]
Epoch [186] Training Results: Prec@1 86.240 Prec@5 98.900 Loss 0.47784
Epoch [186] Training Class Recall: [0.874,0.767,0.905,0.820,0.868,0.819,0.842,0.875,0.859,0.901]
Epoch [186] Testing Results: Prec@1 40.070 Prec@5 80.180 Loss 2.82196
Epoch [186] Testing Class Recall: [0.629,0.848,0.631,0.205,0.406,0.275,0.250,0.370,0.263,0.130]
Epoch [187] Training Results: Prec@1 86.393 Prec@5 99.020 Loss 0.47429
Epoch [187] Training Class Recall: [0.872,0.775,0.904,0.818,0.870,0.820,0.841,0.883,0.861,0.903]
Epoch [187] Testing Results: Prec@1 39.670 Prec@5 79.510 Loss 2.87638
Epoch [187] Testing Class Recall: [0.640,0.837,0.643,0.193,0.381,0.259,0.236,0.393,0.261,0.124]
Epoch [188] Training Results: Prec@1 86.313 Prec@5 98.893 Loss 0.47780
Epoch [188] Training Class Recall: [0.873,0.771,0.903,0.819,0.869,0.816,0.845,0.875,0.860,0.906]
Epoch [188] Testing Results: Prec@1 39.620 Prec@5 79.440 Loss 2.89541
Epoch [188] Testing Class Recall: [0.644,0.852,0.633,0.209,0.404,0.249,0.257,0.354,0.246,0.114]
Epoch [189] Training Results: Prec@1 86.227 Prec@5 98.960 Loss 0.47581
Epoch [189] Training Class Recall: [0.870,0.769,0.902,0.812,0.868,0.825,0.846,0.876,0.854,0.907]
Epoch [189] Testing Results: Prec@1 39.730 Prec@5 79.690 Loss 2.88226
Epoch [189] Testing Class Recall: [0.633,0.833,0.638,0.217,0.408,0.242,0.252,0.369,0.271,0.110]
Epoch [190] Training Results: Prec@1 86.233 Prec@5 98.920 Loss 0.47770
Epoch [190] Training Class Recall: [0.873,0.756,0.904,0.814,0.866,0.818,0.840,0.883,0.863,0.906]
Epoch [190] Testing Results: Prec@1 39.670 Prec@5 79.620 Loss 2.92814
Epoch [190] Testing Class Recall: [0.643,0.828,0.652,0.222,0.418,0.251,0.234,0.355,0.254,0.110]
Epoch [191] Training Results: Prec@1 86.367 Prec@5 98.900 Loss 0.47799
Epoch [191] Training Class Recall: [0.877,0.766,0.899,0.819,0.860,0.829,0.846,0.882,0.859,0.909]
Epoch [191] Testing Results: Prec@1 39.840 Prec@5 79.640 Loss 2.89745
Epoch [191] Testing Class Recall: [0.631,0.845,0.637,0.197,0.413,0.241,0.232,0.405,0.272,0.111]
Epoch [192] Training Results: Prec@1 86.507 Prec@5 98.953 Loss 0.47389
Epoch [192] Training Class Recall: [0.870,0.765,0.905,0.823,0.873,0.831,0.838,0.884,0.863,0.903]
Epoch [192] Testing Results: Prec@1 40.270 Prec@5 80.220 Loss 2.78721
Epoch [192] Testing Class Recall: [0.623,0.814,0.671,0.208,0.394,0.253,0.269,0.394,0.275,0.126]
Epoch [193] Training Results: Prec@1 86.220 Prec@5 98.893 Loss 0.47708
Epoch [193] Training Class Recall: [0.866,0.769,0.903,0.819,0.861,0.828,0.841,0.882,0.852,0.907]
Epoch [193] Testing Results: Prec@1 39.750 Prec@5 79.580 Loss 2.86360
Epoch [193] Testing Class Recall: [0.630,0.835,0.666,0.197,0.401,0.235,0.251,0.388,0.250,0.122]
Epoch [194] Training Results: Prec@1 86.247 Prec@5 98.960 Loss 0.47772
Epoch [194] Training Class Recall: [0.871,0.763,0.899,0.822,0.866,0.825,0.851,0.874,0.862,0.904]
Epoch [194] Testing Results: Prec@1 40.120 Prec@5 80.060 Loss 2.78646
Epoch [194] Testing Class Recall: [0.636,0.826,0.660,0.207,0.386,0.247,0.242,0.407,0.267,0.134]
Epoch [195] Training Results: Prec@1 86.413 Prec@5 98.840 Loss 0.47659
Epoch [195] Training Class Recall: [0.872,0.776,0.905,0.816,0.862,0.820,0.850,0.880,0.864,0.906]
Epoch [195] Testing Results: Prec@1 39.630 Prec@5 79.740 Loss 2.95178
Epoch [195] Testing Class Recall: [0.667,0.829,0.635,0.219,0.400,0.238,0.243,0.387,0.229,0.116]
Epoch [196] Training Results: Prec@1 86.293 Prec@5 98.913 Loss 0.47904
Epoch [196] Training Class Recall: [0.874,0.765,0.901,0.815,0.864,0.825,0.849,0.881,0.859,0.904]
Epoch [196] Testing Results: Prec@1 39.760 Prec@5 79.550 Loss 2.86532
Epoch [196] Testing Class Recall: [0.649,0.831,0.649,0.191,0.408,0.247,0.257,0.371,0.258,0.115]
Epoch [197] Training Results: Prec@1 86.280 Prec@5 98.953 Loss 0.47949
Epoch [197] Training Class Recall: [0.867,0.773,0.903,0.827,0.861,0.817,0.848,0.883,0.858,0.902]
Epoch [197] Testing Results: Prec@1 39.830 Prec@5 79.610 Loss 2.83157
Epoch [197] Testing Class Recall: [0.624,0.827,0.652,0.177,0.419,0.259,0.244,0.394,0.269,0.118]
Epoch [198] Training Results: Prec@1 86.347 Prec@5 98.967 Loss 0.47552
Epoch [198] Training Class Recall: [0.871,0.773,0.905,0.816,0.858,0.830,0.845,0.879,0.866,0.902]
Epoch [198] Testing Results: Prec@1 39.400 Prec@5 79.390 Loss 2.94976
Epoch [198] Testing Class Recall: [0.646,0.844,0.660,0.184,0.397,0.242,0.241,0.358,0.254,0.114]
Epoch [199] Training Results: Prec@1 86.433 Prec@5 98.900 Loss 0.47330
Epoch [199] Training Class Recall: [0.874,0.771,0.910,0.822,0.861,0.828,0.840,0.881,0.859,0.902]
Epoch [199] Testing Results: Prec@1 39.800 Prec@5 79.510 Loss 2.91147
Epoch [199] Testing Class Recall: [0.656,0.848,0.607,0.211,0.412,0.229,0.256,0.390,0.263,0.108]
