Log file: cifar10_sava0.7_deepsmote_sava_exp0.01_seed42_20260614_034457.log
Run started: 2026-06-14 03:44:57.515848
Dataset: cifar10
Imbalance type: exp, factor: 0.01
Selection method: sava, ratio: 0.7
Strategy: DeepSMOTE_Sava, epochs: 200
Seed: 42, rand_number: 0
Augmentation: weak
Noise ratio: 0.2
mamix_ratio: 1.0
============================================================

=> No CSV or TensorBoard logging – only console and debug log.
-----------------------------------------------
Class ID   | Original   | Selected   | Keep %  
-----------------------------------------------
0          | 4977       | 3365       |   67.6%
1          | 5037       | 3257       |   64.7%
2          | 4948       | 4355       |   88.0%
3          | 5000       | 3379       |   67.6%
4          | 5022       | 3818       |   76.0%
5          | 5006       | 3147       |   62.9%
6          | 4992       | 3402       |   68.1%
7          | 5011       | 3680       |   73.4%
8          | 4978       | 3556       |   71.4%
9          | 5029       | 3041       |   60.5%
-----------------------------------------------
TOTAL      | 50000      | 35000      |   70.0%
-----------------------------------------------
Epoch [0] Training Results: Prec@1 29.206 Prec@5 77.320 Loss 2.00382
Epoch [0] Training Class Recall: [0.265,0.375,0.214,0.164,0.266,0.208,0.210,0.388,0.502,0.338]
Epoch [0] Testing Results: Prec@1 30.130 Prec@5 81.650 Loss 2.02494
Epoch [0] Testing Class Recall: [0.785,0.463,0.169,0.056,0.039,0.571,0.364,0.498,0.045,0.023]
Epoch [1] Training Results: Prec@1 41.126 Prec@5 83.291 Loss 1.79094
Epoch [1] Training Class Recall: [0.410,0.461,0.324,0.228,0.311,0.306,0.435,0.541,0.595,0.523]
Epoch [1] Testing Results: Prec@1 34.170 Prec@5 80.790 Loss 1.97706
Epoch [1] Testing Class Recall: [0.794,0.231,0.374,0.020,0.002,0.569,0.661,0.353,0.143,0.270]
Epoch [2] Training Results: Prec@1 49.054 Prec@5 85.826 Loss 1.62635
Epoch [2] Training Class Recall: [0.481,0.531,0.397,0.286,0.373,0.370,0.559,0.637,0.662,0.637]
Epoch [2] Testing Results: Prec@1 42.240 Prec@5 89.440 Loss 1.63157
Epoch [2] Testing Class Recall: [0.419,0.665,0.518,0.138,0.092,0.523,0.422,0.651,0.280,0.516]
Epoch [3] Training Results: Prec@1 53.014 Prec@5 86.689 Loss 1.54668
Epoch [3] Training Class Recall: [0.537,0.574,0.442,0.323,0.421,0.415,0.591,0.653,0.706,0.666]
Epoch [3] Testing Results: Prec@1 41.820 Prec@5 87.970 Loss 1.73374
Epoch [3] Testing Class Recall: [0.732,0.587,0.171,0.163,0.133,0.839,0.167,0.474,0.405,0.511]
Epoch [4] Training Results: Prec@1 56.114 Prec@5 87.209 Loss 1.48201
Epoch [4] Training Class Recall: [0.562,0.591,0.468,0.381,0.465,0.459,0.626,0.676,0.724,0.686]
Epoch [4] Testing Results: Prec@1 38.790 Prec@5 84.190 Loss 1.81216
Epoch [4] Testing Class Recall: [0.899,0.551,0.456,0.114,0.126,0.353,0.570,0.554,0.193,0.063]
Epoch [5] Training Results: Prec@1 59.229 Prec@5 87.811 Loss 1.41338
Epoch [5] Training Class Recall: [0.590,0.630,0.490,0.417,0.517,0.503,0.653,0.708,0.748,0.691]
Epoch [5] Testing Results: Prec@1 47.160 Prec@5 88.910 Loss 1.59645
Epoch [5] Testing Class Recall: [0.593,0.953,0.328,0.222,0.377,0.595,0.534,0.464,0.607,0.043]
Epoch [6] Training Results: Prec@1 61.866 Prec@5 88.311 Loss 1.35962
Epoch [6] Training Class Recall: [0.623,0.649,0.521,0.454,0.548,0.541,0.671,0.718,0.765,0.722]
Epoch [6] Testing Results: Prec@1 48.400 Prec@5 85.610 Loss 1.59630
Epoch [6] Testing Class Recall: [0.807,0.945,0.546,0.394,0.312,0.443,0.603,0.280,0.412,0.098]
Epoch [7] Training Results: Prec@1 63.354 Prec@5 88.403 Loss 1.32426
Epoch [7] Training Class Recall: [0.631,0.663,0.543,0.489,0.574,0.554,0.680,0.731,0.772,0.720]
Epoch [7] Testing Results: Prec@1 44.170 Prec@5 83.950 Loss 1.73407
Epoch [7] Testing Class Recall: [0.828,0.944,0.550,0.118,0.451,0.209,0.461,0.561,0.099,0.196]
Epoch [8] Training Results: Prec@1 65.126 Prec@5 88.543 Loss 1.29041
Epoch [8] Training Class Recall: [0.654,0.674,0.564,0.500,0.606,0.584,0.698,0.747,0.774,0.732]
Epoch [8] Testing Results: Prec@1 47.370 Prec@5 83.330 Loss 1.71495
Epoch [8] Testing Class Recall: [0.784,0.897,0.666,0.424,0.362,0.385,0.376,0.661,0.095,0.087]
Epoch [9] Training Results: Prec@1 66.017 Prec@5 88.797 Loss 1.26405
Epoch [9] Training Class Recall: [0.653,0.687,0.575,0.521,0.609,0.607,0.702,0.752,0.779,0.738]
Epoch [9] Testing Results: Prec@1 50.340 Prec@5 87.960 Loss 1.59790
Epoch [9] Testing Class Recall: [0.562,0.670,0.536,0.216,0.502,0.124,0.784,0.523,0.911,0.206]
Epoch [10] Training Results: Prec@1 66.951 Prec@5 88.983 Loss 1.24228
Epoch [10] Training Class Recall: [0.657,0.684,0.590,0.533,0.627,0.622,0.722,0.765,0.777,0.736]
Epoch [10] Testing Results: Prec@1 52.850 Prec@5 91.640 Loss 1.47235
Epoch [10] Testing Class Recall: [0.901,0.797,0.583,0.473,0.299,0.609,0.478,0.592,0.245,0.308]
Epoch [11] Training Results: Prec@1 67.569 Prec@5 89.097 Loss 1.22672
Epoch [11] Training Class Recall: [0.662,0.699,0.604,0.548,0.640,0.628,0.716,0.760,0.781,0.734]
Epoch [11] Testing Results: Prec@1 54.280 Prec@5 92.560 Loss 1.41966
Epoch [11] Testing Class Recall: [0.921,0.774,0.620,0.550,0.248,0.442,0.575,0.463,0.412,0.423]
Epoch [12] Training Results: Prec@1 68.169 Prec@5 89.126 Loss 1.21068
Epoch [12] Training Class Recall: [0.675,0.697,0.607,0.560,0.640,0.636,0.727,0.766,0.783,0.743]
Epoch [12] Testing Results: Prec@1 47.310 Prec@5 89.350 Loss 1.70410
Epoch [12] Testing Class Recall: [0.688,0.990,0.562,0.189,0.442,0.291,0.458,0.794,0.152,0.165]
Epoch [13] Training Results: Prec@1 68.531 Prec@5 89.229 Loss 1.20253
Epoch [13] Training Class Recall: [0.670,0.702,0.616,0.569,0.650,0.637,0.725,0.770,0.786,0.742]
Epoch [13] Testing Results: Prec@1 44.580 Prec@5 80.490 Loss 1.88590
Epoch [13] Testing Class Recall: [0.625,0.895,0.605,0.511,0.375,0.142,0.893,0.254,0.150,0.008]
Epoch [14] Training Results: Prec@1 68.946 Prec@5 89.226 Loss 1.19806
Epoch [14] Training Class Recall: [0.682,0.702,0.626,0.572,0.657,0.643,0.725,0.770,0.787,0.741]
Epoch [14] Testing Results: Prec@1 50.230 Prec@5 87.690 Loss 1.56360
Epoch [14] Testing Class Recall: [0.791,0.863,0.681,0.272,0.214,0.447,0.813,0.263,0.585,0.094]
Epoch [15] Training Results: Prec@1 69.634 Prec@5 89.209 Loss 1.18065
Epoch [15] Training Class Recall: [0.681,0.713,0.637,0.579,0.668,0.657,0.733,0.776,0.789,0.742]
Epoch [15] Testing Results: Prec@1 58.830 Prec@5 91.210 Loss 1.29753
Epoch [15] Testing Class Recall: [0.656,0.874,0.530,0.571,0.477,0.550,0.700,0.578,0.769,0.178]
Epoch [16] Training Results: Prec@1 70.246 Prec@5 89.297 Loss 1.16944
Epoch [16] Training Class Recall: [0.685,0.714,0.642,0.597,0.677,0.667,0.736,0.781,0.788,0.750]
Epoch [16] Testing Results: Prec@1 52.020 Prec@5 90.220 Loss 1.53421
Epoch [16] Testing Class Recall: [0.860,0.951,0.660,0.335,0.342,0.556,0.348,0.428,0.273,0.449]
Epoch [17] Training Results: Prec@1 70.297 Prec@5 89.403 Loss 1.16296
Epoch [17] Training Class Recall: [0.689,0.716,0.642,0.596,0.680,0.664,0.733,0.784,0.790,0.747]
Epoch [17] Testing Results: Prec@1 46.980 Prec@5 81.560 Loss 1.91467
Epoch [17] Testing Class Recall: [0.959,0.909,0.508,0.389,0.469,0.171,0.550,0.600,0.061,0.082]
Epoch [18] Training Results: Prec@1 70.651 Prec@5 89.414 Loss 1.15684
Epoch [18] Training Class Recall: [0.689,0.708,0.660,0.609,0.685,0.673,0.742,0.778,0.789,0.739]
Epoch [18] Testing Results: Prec@1 42.600 Prec@5 84.620 Loss 1.97164
Epoch [18] Testing Class Recall: [0.956,0.922,0.336,0.084,0.176,0.264,0.526,0.754,0.210,0.032]
Epoch [19] Training Results: Prec@1 70.677 Prec@5 89.571 Loss 1.15440
Epoch [19] Training Class Recall: [0.687,0.715,0.652,0.603,0.688,0.671,0.746,0.777,0.792,0.745]
Epoch [19] Testing Results: Prec@1 39.210 Prec@5 83.210 Loss 2.06448
Epoch [19] Testing Class Recall: [0.882,0.989,0.324,0.131,0.402,0.263,0.547,0.258,0.106,0.019]
Epoch [20] Training Results: Prec@1 71.026 Prec@5 89.683 Loss 1.14752
Epoch [20] Training Class Recall: [0.688,0.722,0.659,0.614,0.686,0.674,0.745,0.784,0.792,0.746]
Epoch [20] Testing Results: Prec@1 54.510 Prec@5 89.910 Loss 1.47091
Epoch [20] Testing Class Recall: [0.850,0.977,0.555,0.451,0.457,0.465,0.532,0.584,0.303,0.277]
Epoch [21] Training Results: Prec@1 71.217 Prec@5 89.620 Loss 1.13773
Epoch [21] Training Class Recall: [0.692,0.721,0.669,0.609,0.687,0.688,0.739,0.781,0.796,0.746]
Epoch [21] Testing Results: Prec@1 52.720 Prec@5 87.750 Loss 1.55687
Epoch [21] Testing Class Recall: [0.861,0.888,0.731,0.511,0.282,0.454,0.278,0.603,0.394,0.270]
Epoch [22] Training Results: Prec@1 71.351 Prec@5 89.771 Loss 1.13623
Epoch [22] Training Class Recall: [0.693,0.719,0.664,0.623,0.694,0.685,0.745,0.784,0.793,0.743]
Epoch [22] Testing Results: Prec@1 58.970 Prec@5 91.920 Loss 1.32483
Epoch [22] Testing Class Recall: [0.834,0.943,0.571,0.161,0.679,0.589,0.719,0.694,0.438,0.269]
Epoch [23] Training Results: Prec@1 71.734 Prec@5 89.674 Loss 1.12812
Epoch [23] Training Class Recall: [0.703,0.722,0.673,0.629,0.702,0.682,0.744,0.787,0.792,0.745]
Epoch [23] Testing Results: Prec@1 56.290 Prec@5 90.830 Loss 1.41543
Epoch [23] Testing Class Recall: [0.698,0.954,0.790,0.432,0.741,0.588,0.324,0.473,0.250,0.379]
Epoch [24] Training Results: Prec@1 71.771 Prec@5 89.654 Loss 1.12668
Epoch [24] Training Class Recall: [0.703,0.722,0.679,0.628,0.699,0.680,0.751,0.783,0.788,0.749]
Epoch [24] Testing Results: Prec@1 58.270 Prec@5 91.540 Loss 1.33519
Epoch [24] Testing Class Recall: [0.605,0.906,0.658,0.200,0.488,0.656,0.440,0.654,0.532,0.688]
Epoch [25] Training Results: Prec@1 72.006 Prec@5 89.866 Loss 1.11820
Epoch [25] Training Class Recall: [0.705,0.727,0.679,0.626,0.697,0.695,0.752,0.784,0.794,0.748]
Epoch [25] Testing Results: Prec@1 54.450 Prec@5 90.250 Loss 1.44391
Epoch [25] Testing Class Recall: [0.673,0.800,0.797,0.387,0.391,0.640,0.462,0.655,0.402,0.238]
Epoch [26] Training Results: Prec@1 72.323 Prec@5 89.791 Loss 1.11479
Epoch [26] Training Class Recall: [0.711,0.726,0.688,0.630,0.705,0.703,0.752,0.784,0.792,0.746]
Epoch [26] Testing Results: Prec@1 48.070 Prec@5 86.950 Loss 1.72164
Epoch [26] Testing Class Recall: [0.512,0.878,0.689,0.111,0.566,0.772,0.263,0.261,0.401,0.354]
Epoch [27] Training Results: Prec@1 72.526 Prec@5 89.929 Loss 1.10710
Epoch [27] Training Class Recall: [0.708,0.728,0.684,0.638,0.710,0.697,0.755,0.794,0.794,0.749]
Epoch [27] Testing Results: Prec@1 57.100 Prec@5 88.630 Loss 1.46319
Epoch [27] Testing Class Recall: [0.929,0.911,0.544,0.668,0.684,0.480,0.520,0.496,0.216,0.262]
Epoch [28] Training Results: Prec@1 72.749 Prec@5 90.083 Loss 1.10328
Epoch [28] Training Class Recall: [0.714,0.729,0.685,0.645,0.714,0.706,0.754,0.792,0.792,0.749]
Epoch [28] Testing Results: Prec@1 57.300 Prec@5 89.800 Loss 1.40564
Epoch [28] Testing Class Recall: [0.862,0.914,0.776,0.377,0.559,0.345,0.548,0.605,0.508,0.236]
Epoch [29] Training Results: Prec@1 72.800 Prec@5 89.814 Loss 1.10041
Epoch [29] Training Class Recall: [0.713,0.723,0.692,0.663,0.711,0.691,0.757,0.790,0.794,0.749]
Epoch [29] Testing Results: Prec@1 58.350 Prec@5 90.140 Loss 1.38677
Epoch [29] Testing Class Recall: [0.890,0.932,0.508,0.378,0.494,0.343,0.525,0.788,0.496,0.481]
Epoch [30] Training Results: Prec@1 72.563 Prec@5 90.166 Loss 1.10515
Epoch [30] Training Class Recall: [0.717,0.722,0.688,0.640,0.706,0.705,0.751,0.786,0.798,0.748]
Epoch [30] Testing Results: Prec@1 53.450 Prec@5 84.920 Loss 1.59958
Epoch [30] Testing Class Recall: [0.815,0.955,0.849,0.274,0.415,0.283,0.708,0.614,0.096,0.336]
Epoch [31] Training Results: Prec@1 72.903 Prec@5 90.000 Loss 1.09770
Epoch [31] Training Class Recall: [0.717,0.725,0.688,0.657,0.715,0.695,0.761,0.788,0.798,0.749]
Epoch [31] Testing Results: Prec@1 56.490 Prec@5 88.400 Loss 1.48378
Epoch [31] Testing Class Recall: [0.767,0.982,0.766,0.457,0.576,0.397,0.729,0.611,0.309,0.055]
Epoch [32] Training Results: Prec@1 73.051 Prec@5 90.071 Loss 1.09203
Epoch [32] Training Class Recall: [0.719,0.732,0.695,0.654,0.712,0.700,0.760,0.788,0.796,0.751]
Epoch [32] Testing Results: Prec@1 63.140 Prec@5 92.720 Loss 1.20416
Epoch [32] Testing Class Recall: [0.822,0.852,0.524,0.536,0.596,0.611,0.518,0.502,0.621,0.732]
Epoch [33] Training Results: Prec@1 73.023 Prec@5 90.226 Loss 1.09248
Epoch [33] Training Class Recall: [0.716,0.725,0.695,0.657,0.716,0.706,0.756,0.792,0.797,0.745]
Epoch [33] Testing Results: Prec@1 49.600 Prec@5 86.120 Loss 1.73345
Epoch [33] Testing Class Recall: [0.954,0.939,0.620,0.092,0.593,0.313,0.623,0.351,0.209,0.266]
Epoch [34] Training Results: Prec@1 73.317 Prec@5 90.060 Loss 1.08963
Epoch [34] Training Class Recall: [0.713,0.730,0.701,0.659,0.722,0.706,0.761,0.787,0.801,0.752]
Epoch [34] Testing Results: Prec@1 49.960 Prec@5 85.230 Loss 1.67747
Epoch [34] Testing Class Recall: [0.839,0.961,0.268,0.224,0.424,0.305,0.257,0.694,0.612,0.412]
Epoch [35] Training Results: Prec@1 73.529 Prec@5 90.234 Loss 1.08309
Epoch [35] Training Class Recall: [0.719,0.731,0.703,0.669,0.729,0.707,0.752,0.793,0.800,0.751]
Epoch [35] Testing Results: Prec@1 56.360 Prec@5 87.860 Loss 1.43131
Epoch [35] Testing Class Recall: [0.849,0.925,0.610,0.420,0.510,0.419,0.566,0.274,0.762,0.301]
Epoch [36] Training Results: Prec@1 73.603 Prec@5 90.369 Loss 1.07896
Epoch [36] Training Class Recall: [0.716,0.731,0.706,0.668,0.727,0.714,0.760,0.792,0.798,0.750]
Epoch [36] Testing Results: Prec@1 61.170 Prec@5 92.330 Loss 1.29493
Epoch [36] Testing Class Recall: [0.875,0.899,0.768,0.549,0.378,0.564,0.480,0.701,0.390,0.513]
Epoch [37] Training Results: Prec@1 73.451 Prec@5 90.189 Loss 1.08420
Epoch [37] Training Class Recall: [0.717,0.733,0.707,0.666,0.725,0.705,0.754,0.794,0.794,0.749]
Epoch [37] Testing Results: Prec@1 54.200 Prec@5 88.110 Loss 1.53534
Epoch [37] Testing Class Recall: [0.885,0.976,0.444,0.601,0.555,0.531,0.483,0.693,0.130,0.122]
Epoch [38] Training Results: Prec@1 73.431 Prec@5 90.237 Loss 1.08074
Epoch [38] Training Class Recall: [0.723,0.734,0.707,0.660,0.713,0.714,0.755,0.791,0.798,0.750]
Epoch [38] Testing Results: Prec@1 57.580 Prec@5 90.010 Loss 1.41751
Epoch [38] Testing Class Recall: [0.765,0.861,0.688,0.499,0.380,0.633,0.472,0.411,0.335,0.714]
Epoch [39] Training Results: Prec@1 73.383 Prec@5 90.126 Loss 1.07695
Epoch [39] Training Class Recall: [0.723,0.729,0.697,0.667,0.727,0.707,0.756,0.789,0.794,0.753]
Epoch [39] Testing Results: Prec@1 55.440 Prec@5 91.710 Loss 1.43127
Epoch [39] Testing Class Recall: [0.545,0.796,0.870,0.257,0.534,0.407,0.379,0.577,0.819,0.360]
Epoch [40] Training Results: Prec@1 73.626 Prec@5 90.234 Loss 1.07786
Epoch [40] Training Class Recall: [0.722,0.733,0.705,0.666,0.726,0.715,0.757,0.792,0.799,0.750]
Epoch [40] Testing Results: Prec@1 49.320 Prec@5 87.300 Loss 1.74101
Epoch [40] Testing Class Recall: [0.878,0.932,0.812,0.442,0.513,0.168,0.533,0.374,0.223,0.057]
Epoch [41] Training Results: Prec@1 73.486 Prec@5 90.411 Loss 1.07849
Epoch [41] Training Class Recall: [0.719,0.735,0.704,0.662,0.727,0.712,0.753,0.793,0.796,0.749]
Epoch [41] Testing Results: Prec@1 56.180 Prec@5 88.730 Loss 1.45417
Epoch [41] Testing Class Recall: [0.924,0.765,0.596,0.536,0.662,0.596,0.748,0.238,0.270,0.283]
Epoch [42] Training Results: Prec@1 73.866 Prec@5 90.314 Loss 1.06873
Epoch [42] Training Class Recall: [0.731,0.736,0.712,0.664,0.729,0.709,0.764,0.795,0.798,0.748]
Epoch [42] Testing Results: Prec@1 56.100 Prec@5 89.500 Loss 1.52852
Epoch [42] Testing Class Recall: [0.808,0.981,0.780,0.405,0.544,0.520,0.443,0.381,0.509,0.239]
Epoch [43] Training Results: Prec@1 74.140 Prec@5 90.369 Loss 1.06465
Epoch [43] Training Class Recall: [0.730,0.743,0.713,0.679,0.729,0.711,0.765,0.796,0.797,0.752]
Epoch [43] Testing Results: Prec@1 54.640 Prec@5 89.620 Loss 1.52820
Epoch [43] Testing Class Recall: [0.749,0.987,0.649,0.373,0.524,0.370,0.515,0.718,0.429,0.150]
Epoch [44] Training Results: Prec@1 73.903 Prec@5 90.446 Loss 1.06953
Epoch [44] Training Class Recall: [0.720,0.729,0.714,0.667,0.731,0.716,0.764,0.799,0.798,0.752]
Epoch [44] Testing Results: Prec@1 56.550 Prec@5 89.430 Loss 1.44836
Epoch [44] Testing Class Recall: [0.879,0.956,0.500,0.682,0.293,0.168,0.627,0.700,0.285,0.565]
Epoch [45] Training Results: Prec@1 73.920 Prec@5 90.400 Loss 1.06947
Epoch [45] Training Class Recall: [0.725,0.731,0.713,0.682,0.729,0.715,0.763,0.790,0.797,0.748]
Epoch [45] Testing Results: Prec@1 57.080 Prec@5 88.850 Loss 1.43567
Epoch [45] Testing Class Recall: [0.867,0.960,0.528,0.649,0.357,0.590,0.580,0.528,0.330,0.319]
Epoch [46] Training Results: Prec@1 74.089 Prec@5 90.426 Loss 1.06287
Epoch [46] Training Class Recall: [0.725,0.737,0.722,0.678,0.727,0.718,0.760,0.794,0.795,0.753]
Epoch [46] Testing Results: Prec@1 60.510 Prec@5 91.090 Loss 1.33351
Epoch [46] Testing Class Recall: [0.801,0.911,0.689,0.656,0.562,0.224,0.375,0.607,0.644,0.582]
Epoch [47] Training Results: Prec@1 73.986 Prec@5 90.377 Loss 1.06574
Epoch [47] Training Class Recall: [0.726,0.733,0.723,0.668,0.729,0.715,0.762,0.793,0.798,0.750]
Epoch [47] Testing Results: Prec@1 53.840 Prec@5 88.000 Loss 1.58800
Epoch [47] Testing Class Recall: [0.941,0.935,0.635,0.535,0.264,0.501,0.649,0.352,0.435,0.137]
Epoch [48] Training Results: Prec@1 74.260 Prec@5 90.471 Loss 1.05953
Epoch [48] Training Class Recall: [0.732,0.736,0.719,0.677,0.731,0.718,0.761,0.796,0.799,0.755]
Epoch [48] Testing Results: Prec@1 52.370 Prec@5 89.000 Loss 1.57698
Epoch [48] Testing Class Recall: [0.949,0.940,0.410,0.488,0.440,0.648,0.231,0.497,0.278,0.356]
Epoch [49] Training Results: Prec@1 74.177 Prec@5 90.789 Loss 1.05855
Epoch [49] Training Class Recall: [0.730,0.739,0.716,0.682,0.726,0.716,0.766,0.793,0.799,0.751]
Epoch [49] Testing Results: Prec@1 50.670 Prec@5 85.550 Loss 1.71615
Epoch [49] Testing Class Recall: [0.879,0.894,0.808,0.583,0.687,0.227,0.293,0.247,0.337,0.112]
Epoch [50] Training Results: Prec@1 74.329 Prec@5 90.531 Loss 1.05505
Epoch [50] Training Class Recall: [0.728,0.736,0.712,0.691,0.732,0.721,0.765,0.798,0.798,0.753]
Epoch [50] Testing Results: Prec@1 49.950 Prec@5 88.090 Loss 1.68323
Epoch [50] Testing Class Recall: [0.948,0.860,0.679,0.213,0.529,0.306,0.714,0.389,0.138,0.219]
Epoch [51] Training Results: Prec@1 74.037 Prec@5 90.503 Loss 1.06385
Epoch [51] Training Class Recall: [0.727,0.729,0.716,0.681,0.729,0.718,0.762,0.793,0.798,0.750]
Epoch [51] Testing Results: Prec@1 57.410 Prec@5 90.240 Loss 1.42979
Epoch [51] Testing Class Recall: [0.828,0.953,0.594,0.393,0.538,0.776,0.633,0.415,0.452,0.159]
Epoch [52] Training Results: Prec@1 74.529 Prec@5 90.594 Loss 1.05468
Epoch [52] Training Class Recall: [0.733,0.736,0.726,0.684,0.732,0.722,0.767,0.798,0.799,0.755]
Epoch [52] Testing Results: Prec@1 54.820 Prec@5 90.170 Loss 1.45147
Epoch [52] Testing Class Recall: [0.562,0.950,0.709,0.446,0.714,0.695,0.303,0.484,0.358,0.261]
Epoch [53] Training Results: Prec@1 74.334 Prec@5 90.500 Loss 1.05408
Epoch [53] Training Class Recall: [0.728,0.737,0.723,0.683,0.730,0.717,0.769,0.795,0.798,0.752]
Epoch [53] Testing Results: Prec@1 52.120 Prec@5 86.110 Loss 1.66906
Epoch [53] Testing Class Recall: [0.947,0.825,0.645,0.405,0.639,0.334,0.528,0.698,0.087,0.104]
Epoch [54] Training Results: Prec@1 74.229 Prec@5 90.749 Loss 1.05634
Epoch [54] Training Class Recall: [0.725,0.740,0.721,0.676,0.738,0.717,0.761,0.792,0.799,0.753]
Epoch [54] Testing Results: Prec@1 40.700 Prec@5 80.080 Loss 2.17897
Epoch [54] Testing Class Recall: [0.973,0.910,0.595,0.267,0.120,0.317,0.308,0.517,0.025,0.038]
Epoch [55] Training Results: Prec@1 74.451 Prec@5 90.723 Loss 1.05030
Epoch [55] Training Class Recall: [0.733,0.740,0.719,0.684,0.730,0.729,0.767,0.794,0.800,0.749]
Epoch [55] Testing Results: Prec@1 55.980 Prec@5 89.140 Loss 1.47626
Epoch [55] Testing Class Recall: [0.919,0.886,0.711,0.407,0.659,0.331,0.488,0.453,0.393,0.351]
Epoch [56] Training Results: Prec@1 74.451 Prec@5 90.629 Loss 1.05107
Epoch [56] Training Class Recall: [0.731,0.738,0.723,0.680,0.739,0.720,0.764,0.796,0.800,0.752]
Epoch [56] Testing Results: Prec@1 49.860 Prec@5 88.740 Loss 1.72118
Epoch [56] Testing Class Recall: [0.915,0.915,0.769,0.296,0.509,0.298,0.437,0.388,0.229,0.230]
Epoch [57] Training Results: Prec@1 74.371 Prec@5 90.757 Loss 1.04873
Epoch [57] Training Class Recall: [0.728,0.734,0.719,0.682,0.733,0.729,0.770,0.795,0.798,0.747]
Epoch [57] Testing Results: Prec@1 54.650 Prec@5 89.270 Loss 1.54004
Epoch [57] Testing Class Recall: [0.897,0.960,0.676,0.539,0.601,0.283,0.634,0.389,0.385,0.101]
Epoch [58] Training Results: Prec@1 74.557 Prec@5 90.806 Loss 1.04658
Epoch [58] Training Class Recall: [0.734,0.733,0.725,0.693,0.735,0.718,0.770,0.797,0.798,0.752]
Epoch [58] Testing Results: Prec@1 56.080 Prec@5 90.290 Loss 1.47369
Epoch [58] Testing Class Recall: [0.751,0.993,0.773,0.359,0.417,0.512,0.644,0.617,0.187,0.355]
Epoch [59] Training Results: Prec@1 74.546 Prec@5 90.803 Loss 1.04838
Epoch [59] Training Class Recall: [0.729,0.738,0.720,0.683,0.744,0.714,0.773,0.800,0.799,0.751]
Epoch [59] Testing Results: Prec@1 56.490 Prec@5 89.390 Loss 1.46281
Epoch [59] Testing Class Recall: [0.782,0.971,0.685,0.198,0.715,0.437,0.513,0.425,0.376,0.547]
Epoch [60] Training Results: Prec@1 74.649 Prec@5 90.734 Loss 1.04149
Epoch [60] Training Class Recall: [0.738,0.736,0.725,0.691,0.740,0.720,0.765,0.793,0.804,0.750]
Epoch [60] Testing Results: Prec@1 53.510 Prec@5 88.620 Loss 1.60166
Epoch [60] Testing Class Recall: [0.926,0.773,0.706,0.465,0.477,0.414,0.548,0.265,0.509,0.268]
Epoch [61] Training Results: Prec@1 74.729 Prec@5 90.943 Loss 1.04374
Epoch [61] Training Class Recall: [0.733,0.735,0.725,0.691,0.743,0.725,0.772,0.797,0.797,0.754]
Epoch [61] Testing Results: Prec@1 53.550 Prec@5 85.490 Loss 1.57715
Epoch [61] Testing Class Recall: [0.832,0.981,0.723,0.428,0.471,0.442,0.725,0.364,0.296,0.093]
Epoch [62] Training Results: Prec@1 74.671 Prec@5 90.811 Loss 1.04702
Epoch [62] Training Class Recall: [0.730,0.742,0.722,0.695,0.738,0.726,0.767,0.793,0.801,0.752]
Epoch [62] Testing Results: Prec@1 59.080 Prec@5 91.010 Loss 1.40371
Epoch [62] Testing Class Recall: [0.937,0.871,0.590,0.201,0.632,0.685,0.755,0.635,0.167,0.435]
Epoch [63] Training Results: Prec@1 74.897 Prec@5 90.871 Loss 1.03602
Epoch [63] Training Class Recall: [0.737,0.742,0.735,0.692,0.734,0.725,0.767,0.801,0.798,0.754]
Epoch [63] Testing Results: Prec@1 54.170 Prec@5 87.630 Loss 1.53879
Epoch [63] Testing Class Recall: [0.936,0.983,0.493,0.393,0.533,0.443,0.618,0.516,0.393,0.109]
Epoch [64] Training Results: Prec@1 74.831 Prec@5 90.840 Loss 1.03873
Epoch [64] Training Class Recall: [0.730,0.741,0.727,0.702,0.738,0.725,0.763,0.799,0.801,0.753]
Epoch [64] Testing Results: Prec@1 48.520 Prec@5 89.350 Loss 1.71433
Epoch [64] Testing Class Recall: [0.984,0.797,0.457,0.375,0.432,0.579,0.485,0.362,0.159,0.222]
Epoch [65] Training Results: Prec@1 74.509 Prec@5 90.774 Loss 1.04463
Epoch [65] Training Class Recall: [0.733,0.736,0.724,0.691,0.739,0.719,0.760,0.799,0.794,0.753]
Epoch [65] Testing Results: Prec@1 60.650 Prec@5 90.400 Loss 1.31490
Epoch [65] Testing Class Recall: [0.704,0.914,0.787,0.415,0.722,0.556,0.529,0.557,0.550,0.331]
Epoch [66] Training Results: Prec@1 74.889 Prec@5 90.857 Loss 1.03647
Epoch [66] Training Class Recall: [0.739,0.744,0.730,0.692,0.737,0.726,0.770,0.797,0.799,0.754]
Epoch [66] Testing Results: Prec@1 55.310 Prec@5 89.170 Loss 1.46192
Epoch [66] Testing Class Recall: [0.718,0.948,0.605,0.170,0.399,0.347,0.541,0.710,0.414,0.679]
Epoch [67] Training Results: Prec@1 75.046 Prec@5 90.817 Loss 1.03462
Epoch [67] Training Class Recall: [0.734,0.741,0.726,0.704,0.745,0.732,0.774,0.798,0.798,0.754]
Epoch [67] Testing Results: Prec@1 53.220 Prec@5 87.510 Loss 1.60173
Epoch [67] Testing Class Recall: [0.893,0.869,0.790,0.313,0.646,0.174,0.534,0.372,0.516,0.215]
Epoch [68] Training Results: Prec@1 74.974 Prec@5 91.131 Loss 1.03435
Epoch [68] Training Class Recall: [0.732,0.742,0.738,0.698,0.743,0.726,0.766,0.798,0.797,0.752]
Epoch [68] Testing Results: Prec@1 54.490 Prec@5 84.880 Loss 1.58784
Epoch [68] Testing Class Recall: [0.831,0.801,0.712,0.586,0.721,0.481,0.693,0.431,0.126,0.067]
Epoch [69] Training Results: Prec@1 74.883 Prec@5 90.969 Loss 1.03847
Epoch [69] Training Class Recall: [0.729,0.739,0.730,0.693,0.743,0.734,0.770,0.795,0.800,0.753]
Epoch [69] Testing Results: Prec@1 55.420 Prec@5 87.000 Loss 1.56022
Epoch [69] Testing Class Recall: [0.883,0.944,0.539,0.423,0.666,0.519,0.848,0.262,0.112,0.346]
Epoch [70] Training Results: Prec@1 75.260 Prec@5 90.994 Loss 1.02704
Epoch [70] Training Class Recall: [0.733,0.742,0.738,0.712,0.744,0.732,0.771,0.798,0.800,0.752]
Epoch [70] Testing Results: Prec@1 45.160 Prec@5 85.150 Loss 1.86101
Epoch [70] Testing Class Recall: [0.922,0.992,0.435,0.338,0.392,0.342,0.209,0.523,0.181,0.182]
Epoch [71] Training Results: Prec@1 74.863 Prec@5 91.020 Loss 1.03474
Epoch [71] Training Class Recall: [0.729,0.741,0.735,0.701,0.740,0.726,0.768,0.796,0.798,0.748]
Epoch [71] Testing Results: Prec@1 54.490 Prec@5 90.640 Loss 1.45861
Epoch [71] Testing Class Recall: [0.929,0.882,0.617,0.527,0.463,0.622,0.232,0.454,0.361,0.362]
Epoch [72] Training Results: Prec@1 75.094 Prec@5 90.963 Loss 1.03559
Epoch [72] Training Class Recall: [0.733,0.740,0.741,0.697,0.748,0.727,0.765,0.800,0.798,0.755]
Epoch [72] Testing Results: Prec@1 50.350 Prec@5 88.820 Loss 1.65753
Epoch [72] Testing Class Recall: [0.958,0.820,0.531,0.547,0.321,0.311,0.477,0.527,0.284,0.259]
Epoch [73] Training Results: Prec@1 74.780 Prec@5 91.083 Loss 1.03471
Epoch [73] Training Class Recall: [0.738,0.739,0.729,0.686,0.739,0.729,0.766,0.798,0.801,0.750]
Epoch [73] Testing Results: Prec@1 48.850 Prec@5 82.780 Loss 1.80762
Epoch [73] Testing Class Recall: [0.945,0.905,0.646,0.407,0.372,0.154,0.333,0.554,0.051,0.518]
Epoch [74] Training Results: Prec@1 75.100 Prec@5 91.054 Loss 1.03127
Epoch [74] Training Class Recall: [0.733,0.742,0.742,0.698,0.742,0.729,0.764,0.799,0.801,0.754]
Epoch [74] Testing Results: Prec@1 58.200 Prec@5 88.750 Loss 1.40698
Epoch [74] Testing Class Recall: [0.832,0.976,0.526,0.525,0.671,0.399,0.623,0.705,0.230,0.333]
Epoch [75] Training Results: Prec@1 75.140 Prec@5 91.094 Loss 1.02714
Epoch [75] Training Class Recall: [0.736,0.740,0.734,0.705,0.746,0.729,0.771,0.799,0.800,0.751]
Epoch [75] Testing Results: Prec@1 53.700 Prec@5 87.340 Loss 1.55602
Epoch [75] Testing Class Recall: [0.607,0.957,0.617,0.625,0.334,0.122,0.758,0.812,0.198,0.340]
Epoch [76] Training Results: Prec@1 75.026 Prec@5 91.006 Loss 1.03296
Epoch [76] Training Class Recall: [0.734,0.743,0.738,0.698,0.743,0.720,0.775,0.799,0.794,0.754]
Epoch [76] Testing Results: Prec@1 45.510 Prec@5 86.760 Loss 1.86681
Epoch [76] Testing Class Recall: [0.975,0.751,0.600,0.331,0.324,0.341,0.245,0.525,0.290,0.169]
Epoch [77] Training Results: Prec@1 74.903 Prec@5 90.940 Loss 1.03124
Epoch [77] Training Class Recall: [0.731,0.743,0.726,0.697,0.746,0.725,0.770,0.801,0.799,0.751]
Epoch [77] Testing Results: Prec@1 58.610 Prec@5 89.540 Loss 1.39071
Epoch [77] Testing Class Recall: [0.851,0.878,0.676,0.498,0.771,0.394,0.647,0.411,0.391,0.344]
Epoch [78] Training Results: Prec@1 75.180 Prec@5 91.051 Loss 1.02769
Epoch [78] Training Class Recall: [0.734,0.744,0.736,0.700,0.746,0.729,0.769,0.798,0.804,0.755]
Epoch [78] Testing Results: Prec@1 54.480 Prec@5 90.610 Loss 1.50849
Epoch [78] Testing Class Recall: [0.937,0.875,0.577,0.277,0.606,0.667,0.636,0.559,0.149,0.165]
Epoch [79] Training Results: Prec@1 74.891 Prec@5 90.951 Loss 1.02989
Epoch [79] Training Class Recall: [0.731,0.740,0.731,0.701,0.740,0.725,0.768,0.798,0.799,0.753]
Epoch [79] Testing Results: Prec@1 56.950 Prec@5 86.480 Loss 1.47285
Epoch [79] Testing Class Recall: [0.854,0.954,0.717,0.510,0.523,0.515,0.556,0.660,0.254,0.152]
Epoch [80] Training Results: Prec@1 74.940 Prec@5 90.926 Loss 1.03435
Epoch [80] Training Class Recall: [0.732,0.741,0.734,0.707,0.745,0.720,0.762,0.795,0.800,0.753]
Epoch [80] Testing Results: Prec@1 59.800 Prec@5 92.130 Loss 1.30523
Epoch [80] Testing Class Recall: [0.846,0.955,0.452,0.595,0.617,0.401,0.628,0.702,0.473,0.311]
Epoch [81] Training Results: Prec@1 75.220 Prec@5 91.191 Loss 1.02431
Epoch [81] Training Class Recall: [0.730,0.745,0.735,0.703,0.750,0.730,0.770,0.805,0.800,0.748]
Epoch [81] Testing Results: Prec@1 52.620 Prec@5 86.100 Loss 1.60986
Epoch [81] Testing Class Recall: [0.910,0.894,0.669,0.289,0.635,0.428,0.545,0.442,0.318,0.132]
Epoch [82] Training Results: Prec@1 75.051 Prec@5 91.263 Loss 1.02951
Epoch [82] Training Class Recall: [0.734,0.745,0.734,0.699,0.744,0.729,0.768,0.801,0.799,0.749]
Epoch [82] Testing Results: Prec@1 55.700 Prec@5 87.230 Loss 1.54353
Epoch [82] Testing Class Recall: [0.772,0.957,0.832,0.464,0.461,0.329,0.790,0.329,0.439,0.197]
Epoch [83] Training Results: Prec@1 75.346 Prec@5 91.309 Loss 1.02329
Epoch [83] Training Class Recall: [0.736,0.746,0.741,0.700,0.754,0.727,0.775,0.798,0.799,0.753]
Epoch [83] Testing Results: Prec@1 56.890 Prec@5 88.630 Loss 1.42071
Epoch [83] Testing Class Recall: [0.729,0.738,0.773,0.514,0.703,0.515,0.459,0.530,0.571,0.157]
Epoch [84] Training Results: Prec@1 75.434 Prec@5 91.263 Loss 1.02001
Epoch [84] Training Class Recall: [0.737,0.744,0.738,0.709,0.744,0.735,0.778,0.801,0.802,0.753]
Epoch [84] Testing Results: Prec@1 53.320 Prec@5 87.610 Loss 1.61873
Epoch [84] Testing Class Recall: [0.883,0.954,0.769,0.581,0.730,0.208,0.398,0.351,0.291,0.167]
Epoch [85] Training Results: Prec@1 75.546 Prec@5 91.120 Loss 1.01939
Epoch [85] Training Class Recall: [0.741,0.742,0.750,0.705,0.748,0.731,0.775,0.803,0.800,0.753]
Epoch [85] Testing Results: Prec@1 60.280 Prec@5 91.360 Loss 1.30919
Epoch [85] Testing Class Recall: [0.743,0.889,0.508,0.441,0.597,0.615,0.493,0.821,0.603,0.318]
Epoch [86] Training Results: Prec@1 75.440 Prec@5 91.523 Loss 1.02010
Epoch [86] Training Class Recall: [0.745,0.748,0.737,0.706,0.749,0.727,0.770,0.803,0.801,0.755]
Epoch [86] Testing Results: Prec@1 52.420 Prec@5 88.160 Loss 1.70322
Epoch [86] Testing Class Recall: [0.734,0.811,0.699,0.722,0.209,0.325,0.127,0.822,0.566,0.227]
Epoch [87] Training Results: Prec@1 75.434 Prec@5 91.163 Loss 1.01830
Epoch [87] Training Class Recall: [0.741,0.743,0.744,0.703,0.752,0.730,0.770,0.799,0.801,0.755]
Epoch [87] Testing Results: Prec@1 49.780 Prec@5 87.280 Loss 1.79354
Epoch [87] Testing Class Recall: [0.964,0.975,0.502,0.265,0.375,0.477,0.672,0.432,0.267,0.049]
Epoch [88] Training Results: Prec@1 75.289 Prec@5 91.149 Loss 1.02138
Epoch [88] Training Class Recall: [0.739,0.741,0.737,0.699,0.742,0.735,0.776,0.801,0.801,0.754]
Epoch [88] Testing Results: Prec@1 52.830 Prec@5 88.400 Loss 1.66592
Epoch [88] Testing Class Recall: [0.895,0.921,0.750,0.479,0.356,0.230,0.531,0.794,0.167,0.160]
Epoch [89] Training Results: Prec@1 75.329 Prec@5 91.403 Loss 1.01801
Epoch [89] Training Class Recall: [0.739,0.742,0.738,0.702,0.747,0.730,0.774,0.801,0.802,0.754]
Epoch [89] Testing Results: Prec@1 57.850 Prec@5 91.830 Loss 1.37924
Epoch [89] Testing Class Recall: [0.509,0.941,0.851,0.464,0.531,0.549,0.638,0.441,0.582,0.279]
Epoch [90] Training Results: Prec@1 75.543 Prec@5 91.100 Loss 1.01734
Epoch [90] Training Class Recall: [0.733,0.748,0.751,0.704,0.751,0.734,0.777,0.799,0.799,0.750]
Epoch [90] Testing Results: Prec@1 50.400 Prec@5 85.820 Loss 1.73217
Epoch [90] Testing Class Recall: [0.947,0.854,0.626,0.358,0.588,0.274,0.195,0.563,0.266,0.369]
Epoch [91] Training Results: Prec@1 75.320 Prec@5 91.189 Loss 1.01732
Epoch [91] Training Class Recall: [0.740,0.748,0.743,0.698,0.747,0.729,0.768,0.803,0.798,0.753]
Epoch [91] Testing Results: Prec@1 55.400 Prec@5 88.760 Loss 1.51781
Epoch [91] Testing Class Recall: [0.915,0.958,0.612,0.472,0.351,0.285,0.530,0.514,0.438,0.465]
Epoch [92] Training Results: Prec@1 75.300 Prec@5 91.389 Loss 1.01902
Epoch [92] Training Class Recall: [0.729,0.744,0.752,0.702,0.742,0.733,0.770,0.798,0.799,0.753]
Epoch [92] Testing Results: Prec@1 53.990 Prec@5 87.770 Loss 1.59550
Epoch [92] Testing Class Recall: [0.783,0.926,0.844,0.426,0.568,0.536,0.584,0.199,0.282,0.251]
Epoch [93] Training Results: Prec@1 75.563 Prec@5 91.400 Loss 1.01660
Epoch [93] Training Class Recall: [0.736,0.753,0.742,0.709,0.754,0.731,0.770,0.804,0.803,0.751]
Epoch [93] Testing Results: Prec@1 55.730 Prec@5 88.580 Loss 1.50020
Epoch [93] Testing Class Recall: [0.922,0.957,0.576,0.538,0.419,0.384,0.854,0.473,0.200,0.250]
Epoch [94] Training Results: Prec@1 75.397 Prec@5 91.563 Loss 1.01600
Epoch [94] Training Class Recall: [0.735,0.743,0.743,0.712,0.751,0.734,0.767,0.798,0.800,0.753]
Epoch [94] Testing Results: Prec@1 63.800 Prec@5 91.700 Loss 1.22273
Epoch [94] Testing Class Recall: [0.723,0.814,0.679,0.566,0.683,0.379,0.709,0.647,0.543,0.637]
Epoch [95] Training Results: Prec@1 75.440 Prec@5 91.320 Loss 1.01508
Epoch [95] Training Class Recall: [0.740,0.741,0.742,0.704,0.751,0.731,0.775,0.802,0.796,0.757]
Epoch [95] Testing Results: Prec@1 56.190 Prec@5 89.170 Loss 1.53200
Epoch [95] Testing Class Recall: [0.940,0.889,0.631,0.572,0.631,0.392,0.539,0.572,0.154,0.299]
Epoch [96] Training Results: Prec@1 75.417 Prec@5 91.489 Loss 1.01639
Epoch [96] Training Class Recall: [0.736,0.744,0.736,0.709,0.754,0.728,0.775,0.799,0.803,0.752]
Epoch [96] Testing Results: Prec@1 59.940 Prec@5 89.930 Loss 1.35368
Epoch [96] Testing Class Recall: [0.744,0.964,0.623,0.460,0.572,0.463,0.464,0.802,0.479,0.423]
Epoch [97] Training Results: Prec@1 75.497 Prec@5 91.371 Loss 1.01609
Epoch [97] Training Class Recall: [0.741,0.745,0.743,0.711,0.747,0.731,0.771,0.801,0.800,0.755]
Epoch [97] Testing Results: Prec@1 58.630 Prec@5 91.630 Loss 1.35491
Epoch [97] Testing Class Recall: [0.932,0.948,0.454,0.646,0.516,0.602,0.535,0.601,0.352,0.277]
Epoch [98] Training Results: Prec@1 75.369 Prec@5 91.503 Loss 1.01479
Epoch [98] Training Class Recall: [0.735,0.744,0.739,0.708,0.752,0.726,0.774,0.800,0.802,0.752]
Epoch [98] Testing Results: Prec@1 58.180 Prec@5 89.310 Loss 1.44693
Epoch [98] Testing Class Recall: [0.850,0.970,0.753,0.571,0.539,0.429,0.550,0.618,0.394,0.144]
Epoch [99] Training Results: Prec@1 75.737 Prec@5 91.503 Loss 1.00755
Epoch [99] Training Class Recall: [0.742,0.750,0.746,0.707,0.752,0.733,0.775,0.804,0.801,0.760]
Epoch [99] Testing Results: Prec@1 55.300 Prec@5 87.880 Loss 1.54665
Epoch [99] Testing Class Recall: [0.745,0.985,0.494,0.711,0.703,0.467,0.334,0.446,0.382,0.263]
Epoch [100] Training Results: Prec@1 75.589 Prec@5 91.643 Loss 1.01150
Epoch [100] Training Class Recall: [0.741,0.744,0.744,0.708,0.752,0.731,0.772,0.802,0.803,0.756]
Epoch [100] Testing Results: Prec@1 52.840 Prec@5 88.120 Loss 1.59339
Epoch [100] Testing Class Recall: [0.899,0.905,0.722,0.389,0.622,0.272,0.448,0.354,0.379,0.294]
Epoch [101] Training Results: Prec@1 75.520 Prec@5 91.563 Loss 1.00839
Epoch [101] Training Class Recall: [0.736,0.751,0.740,0.706,0.760,0.731,0.771,0.799,0.800,0.754]
Epoch [101] Testing Results: Prec@1 60.730 Prec@5 91.290 Loss 1.30941
Epoch [101] Testing Class Recall: [0.808,0.936,0.601,0.437,0.638,0.695,0.457,0.586,0.458,0.457]
Epoch [102] Training Results: Prec@1 75.463 Prec@5 91.620 Loss 1.01555
Epoch [102] Training Class Recall: [0.741,0.742,0.747,0.708,0.752,0.726,0.769,0.801,0.801,0.753]
Epoch [102] Testing Results: Prec@1 55.470 Prec@5 87.330 Loss 1.56258
Epoch [102] Testing Class Recall: [0.836,0.939,0.825,0.440,0.493,0.402,0.578,0.577,0.220,0.237]
Epoch [103] Training Results: Prec@1 75.597 Prec@5 91.489 Loss 1.01133
Epoch [103] Training Class Recall: [0.739,0.748,0.746,0.708,0.753,0.731,0.773,0.801,0.802,0.753]
Epoch [103] Testing Results: Prec@1 59.100 Prec@5 90.140 Loss 1.36624
Epoch [103] Testing Class Recall: [0.698,0.972,0.657,0.539,0.558,0.728,0.477,0.434,0.503,0.344]
Epoch [104] Training Results: Prec@1 75.511 Prec@5 91.797 Loss 1.00594
Epoch [104] Training Class Recall: [0.741,0.748,0.742,0.712,0.753,0.729,0.771,0.801,0.799,0.751]
Epoch [104] Testing Results: Prec@1 61.070 Prec@5 88.850 Loss 1.36752
Epoch [104] Testing Class Recall: [0.752,0.853,0.681,0.495,0.731,0.458,0.486,0.528,0.760,0.363]
Epoch [105] Training Results: Prec@1 75.571 Prec@5 91.640 Loss 1.01053
Epoch [105] Training Class Recall: [0.734,0.741,0.746,0.704,0.757,0.738,0.770,0.803,0.804,0.753]
Epoch [105] Testing Results: Prec@1 58.770 Prec@5 89.000 Loss 1.41424
Epoch [105] Testing Class Recall: [0.862,0.907,0.721,0.550,0.627,0.352,0.515,0.469,0.644,0.230]
Epoch [106] Training Results: Prec@1 75.549 Prec@5 91.674 Loss 1.00887
Epoch [106] Training Class Recall: [0.744,0.748,0.741,0.705,0.752,0.729,0.774,0.802,0.801,0.755]
Epoch [106] Testing Results: Prec@1 50.520 Prec@5 86.060 Loss 1.76211
Epoch [106] Testing Class Recall: [0.793,0.991,0.631,0.076,0.503,0.678,0.417,0.504,0.133,0.326]
Epoch [107] Training Results: Prec@1 75.514 Prec@5 91.689 Loss 1.01108
Epoch [107] Training Class Recall: [0.733,0.748,0.744,0.702,0.753,0.730,0.775,0.802,0.802,0.756]
Epoch [107] Testing Results: Prec@1 62.270 Prec@5 91.140 Loss 1.28026
Epoch [107] Testing Class Recall: [0.686,0.933,0.638,0.670,0.756,0.459,0.506,0.525,0.430,0.624]
Epoch [108] Training Results: Prec@1 75.746 Prec@5 91.854 Loss 1.00461
Epoch [108] Training Class Recall: [0.742,0.745,0.745,0.708,0.760,0.737,0.773,0.802,0.802,0.755]
Epoch [108] Testing Results: Prec@1 49.700 Prec@5 84.710 Loss 1.83747
Epoch [108] Testing Class Recall: [0.887,0.952,0.715,0.400,0.307,0.414,0.165,0.506,0.324,0.300]
Epoch [109] Training Results: Prec@1 75.649 Prec@5 91.700 Loss 1.00769
Epoch [109] Training Class Recall: [0.741,0.744,0.751,0.708,0.749,0.738,0.775,0.801,0.802,0.749]
Epoch [109] Testing Results: Prec@1 55.560 Prec@5 87.780 Loss 1.51078
Epoch [109] Testing Class Recall: [0.803,0.927,0.744,0.244,0.601,0.704,0.628,0.339,0.186,0.380]
Epoch [110] Training Results: Prec@1 75.506 Prec@5 91.443 Loss 1.01089
Epoch [110] Training Class Recall: [0.744,0.745,0.734,0.707,0.751,0.739,0.773,0.804,0.800,0.750]
Epoch [110] Testing Results: Prec@1 58.820 Prec@5 90.360 Loss 1.39942
Epoch [110] Testing Class Recall: [0.857,0.865,0.720,0.670,0.554,0.414,0.612,0.585,0.316,0.289]
Epoch [111] Training Results: Prec@1 75.671 Prec@5 91.697 Loss 1.00931
Epoch [111] Training Class Recall: [0.743,0.744,0.748,0.710,0.751,0.733,0.769,0.802,0.805,0.756]
Epoch [111] Testing Results: Prec@1 55.890 Prec@5 88.260 Loss 1.47979
Epoch [111] Testing Class Recall: [0.813,0.932,0.761,0.241,0.613,0.696,0.527,0.501,0.383,0.122]
Epoch [112] Training Results: Prec@1 75.623 Prec@5 91.563 Loss 1.00503
Epoch [112] Training Class Recall: [0.732,0.746,0.745,0.713,0.755,0.733,0.778,0.802,0.803,0.751]
Epoch [112] Testing Results: Prec@1 54.560 Prec@5 87.280 Loss 1.54727
Epoch [112] Testing Class Recall: [0.875,0.932,0.754,0.275,0.443,0.502,0.660,0.670,0.101,0.244]
Epoch [113] Training Results: Prec@1 75.771 Prec@5 91.789 Loss 1.00087
Epoch [113] Training Class Recall: [0.740,0.746,0.750,0.712,0.755,0.739,0.775,0.800,0.803,0.752]
Epoch [113] Testing Results: Prec@1 54.920 Prec@5 88.900 Loss 1.52875
Epoch [113] Testing Class Recall: [0.667,0.988,0.527,0.456,0.399,0.639,0.459,0.698,0.444,0.215]
Epoch [114] Training Results: Prec@1 75.629 Prec@5 91.729 Loss 1.00740
Epoch [114] Training Class Recall: [0.741,0.749,0.741,0.710,0.751,0.731,0.772,0.805,0.801,0.758]
Epoch [114] Testing Results: Prec@1 60.810 Prec@5 90.250 Loss 1.35804
Epoch [114] Testing Class Recall: [0.877,0.916,0.621,0.533,0.416,0.550,0.806,0.620,0.417,0.325]
Epoch [115] Training Results: Prec@1 75.680 Prec@5 91.591 Loss 1.00676
Epoch [115] Training Class Recall: [0.743,0.740,0.746,0.717,0.755,0.729,0.772,0.802,0.802,0.757]
Epoch [115] Testing Results: Prec@1 54.930 Prec@5 82.960 Loss 1.68012
Epoch [115] Testing Class Recall: [0.909,0.889,0.722,0.327,0.693,0.173,0.781,0.533,0.240,0.226]
Epoch [116] Training Results: Prec@1 75.720 Prec@5 91.837 Loss 1.00339
Epoch [116] Training Class Recall: [0.738,0.740,0.745,0.712,0.761,0.734,0.778,0.804,0.801,0.754]
Epoch [116] Testing Results: Prec@1 58.520 Prec@5 90.510 Loss 1.39394
Epoch [116] Testing Class Recall: [0.814,0.894,0.707,0.403,0.704,0.418,0.460,0.682,0.481,0.289]
Epoch [117] Training Results: Prec@1 75.660 Prec@5 91.640 Loss 1.00204
Epoch [117] Training Class Recall: [0.739,0.748,0.743,0.715,0.751,0.732,0.774,0.802,0.801,0.757]
Epoch [117] Testing Results: Prec@1 59.360 Prec@5 90.320 Loss 1.33270
Epoch [117] Testing Class Recall: [0.740,0.888,0.779,0.403,0.621,0.537,0.756,0.478,0.506,0.228]
Epoch [118] Training Results: Prec@1 75.763 Prec@5 91.774 Loss 1.00365
Epoch [118] Training Class Recall: [0.736,0.743,0.752,0.716,0.761,0.730,0.776,0.800,0.798,0.756]
Epoch [118] Testing Results: Prec@1 53.620 Prec@5 87.760 Loss 1.57016
Epoch [118] Testing Class Recall: [0.835,0.914,0.673,0.396,0.539,0.787,0.506,0.388,0.155,0.169]
Epoch [119] Training Results: Prec@1 75.689 Prec@5 91.691 Loss 1.00380
Epoch [119] Training Class Recall: [0.742,0.742,0.749,0.708,0.755,0.738,0.770,0.802,0.803,0.754]
Epoch [119] Testing Results: Prec@1 57.390 Prec@5 90.280 Loss 1.42518
Epoch [119] Testing Class Recall: [0.867,0.888,0.588,0.307,0.799,0.350,0.560,0.636,0.574,0.170]
Epoch [120] Training Results: Prec@1 76.069 Prec@5 91.840 Loss 0.99649
Epoch [120] Training Class Recall: [0.749,0.752,0.748,0.715,0.761,0.737,0.779,0.801,0.803,0.757]
Epoch [120] Testing Results: Prec@1 54.270 Prec@5 86.650 Loss 1.64636
Epoch [120] Testing Class Recall: [0.938,0.948,0.703,0.402,0.669,0.496,0.502,0.409,0.165,0.195]
Epoch [121] Training Results: Prec@1 75.771 Prec@5 91.903 Loss 1.00125
Epoch [121] Training Class Recall: [0.743,0.746,0.749,0.708,0.756,0.736,0.778,0.803,0.799,0.754]
Epoch [121] Testing Results: Prec@1 49.410 Prec@5 84.870 Loss 1.82609
Epoch [121] Testing Class Recall: [0.928,0.963,0.705,0.155,0.437,0.339,0.454,0.617,0.154,0.189]
Epoch [122] Training Results: Prec@1 75.703 Prec@5 91.709 Loss 1.00227
Epoch [122] Training Class Recall: [0.739,0.745,0.749,0.708,0.754,0.737,0.776,0.801,0.801,0.755]
Epoch [122] Testing Results: Prec@1 56.330 Prec@5 90.880 Loss 1.48212
Epoch [122] Testing Class Recall: [0.840,0.821,0.696,0.261,0.367,0.518,0.358,0.848,0.465,0.459]
Epoch [123] Training Results: Prec@1 75.880 Prec@5 91.737 Loss 0.99948
Epoch [123] Training Class Recall: [0.742,0.745,0.746,0.720,0.753,0.740,0.774,0.804,0.805,0.754]
Epoch [123] Testing Results: Prec@1 55.770 Prec@5 88.330 Loss 1.57949
Epoch [123] Testing Class Recall: [0.686,0.962,0.769,0.455,0.413,0.506,0.463,0.740,0.313,0.270]
Epoch [124] Training Results: Prec@1 75.783 Prec@5 91.809 Loss 1.00012
Epoch [124] Training Class Recall: [0.742,0.747,0.747,0.713,0.755,0.736,0.777,0.803,0.800,0.754]
Epoch [124] Testing Results: Prec@1 47.730 Prec@5 85.150 Loss 2.00120
Epoch [124] Testing Class Recall: [0.958,0.946,0.578,0.483,0.252,0.450,0.312,0.449,0.177,0.168]
Epoch [125] Training Results: Prec@1 75.766 Prec@5 91.854 Loss 0.99981
Epoch [125] Training Class Recall: [0.739,0.749,0.748,0.716,0.752,0.737,0.777,0.801,0.799,0.754]
Epoch [125] Testing Results: Prec@1 49.150 Prec@5 85.700 Loss 1.97223
Epoch [125] Testing Class Recall: [0.830,0.923,0.891,0.337,0.356,0.282,0.573,0.298,0.200,0.225]
Epoch [126] Training Results: Prec@1 75.686 Prec@5 91.917 Loss 1.00022
Epoch [126] Training Class Recall: [0.738,0.743,0.752,0.703,0.752,0.738,0.774,0.801,0.803,0.757]
Epoch [126] Testing Results: Prec@1 54.830 Prec@5 87.650 Loss 1.63000
Epoch [126] Testing Class Recall: [0.779,0.993,0.551,0.724,0.386,0.560,0.548,0.603,0.155,0.184]
Epoch [127] Training Results: Prec@1 75.869 Prec@5 91.837 Loss 0.99705
Epoch [127] Training Class Recall: [0.738,0.746,0.749,0.710,0.762,0.736,0.773,0.808,0.801,0.757]
Epoch [127] Testing Results: Prec@1 57.900 Prec@5 89.340 Loss 1.46409
Epoch [127] Testing Class Recall: [0.874,0.965,0.668,0.603,0.412,0.454,0.623,0.701,0.238,0.252]
Epoch [128] Training Results: Prec@1 75.909 Prec@5 91.869 Loss 0.99574
Epoch [128] Training Class Recall: [0.741,0.746,0.748,0.721,0.757,0.738,0.772,0.804,0.803,0.756]
Epoch [128] Testing Results: Prec@1 58.280 Prec@5 90.120 Loss 1.43074
Epoch [128] Testing Class Recall: [0.939,0.906,0.611,0.527,0.472,0.713,0.488,0.489,0.419,0.264]
Epoch [129] Training Results: Prec@1 75.826 Prec@5 91.897 Loss 0.99931
Epoch [129] Training Class Recall: [0.736,0.743,0.748,0.715,0.759,0.742,0.774,0.804,0.802,0.755]
Epoch [129] Testing Results: Prec@1 53.860 Prec@5 87.270 Loss 1.61111
Epoch [129] Testing Class Recall: [0.857,0.961,0.487,0.715,0.476,0.508,0.544,0.374,0.375,0.089]
Epoch [130] Training Results: Prec@1 75.811 Prec@5 92.029 Loss 0.99746
Epoch [130] Training Class Recall: [0.742,0.749,0.741,0.717,0.756,0.741,0.774,0.802,0.802,0.754]
Epoch [130] Testing Results: Prec@1 42.780 Prec@5 81.960 Loss 2.14895
Epoch [130] Testing Class Recall: [0.951,0.951,0.666,0.311,0.349,0.482,0.284,0.139,0.083,0.062]
Epoch [131] Training Results: Prec@1 75.903 Prec@5 91.966 Loss 0.99421
Epoch [131] Training Class Recall: [0.740,0.745,0.754,0.717,0.755,0.733,0.778,0.804,0.803,0.754]
Epoch [131] Testing Results: Prec@1 53.940 Prec@5 86.330 Loss 1.57618
Epoch [131] Testing Class Recall: [0.934,0.939,0.516,0.492,0.448,0.607,0.451,0.551,0.359,0.097]
Epoch [132] Training Results: Prec@1 75.777 Prec@5 91.877 Loss 0.99732
Epoch [132] Training Class Recall: [0.744,0.745,0.747,0.705,0.758,0.740,0.774,0.804,0.800,0.755]
Epoch [132] Testing Results: Prec@1 59.660 Prec@5 91.770 Loss 1.33023
Epoch [132] Testing Class Recall: [0.846,0.887,0.685,0.655,0.430,0.388,0.483,0.589,0.472,0.531]
Epoch [133] Training Results: Prec@1 76.106 Prec@5 92.031 Loss 0.99073
Epoch [133] Training Class Recall: [0.747,0.746,0.750,0.722,0.763,0.734,0.775,0.805,0.805,0.757]
Epoch [133] Testing Results: Prec@1 61.510 Prec@5 90.700 Loss 1.30381
Epoch [133] Testing Class Recall: [0.656,0.951,0.718,0.587,0.619,0.363,0.742,0.674,0.418,0.423]
Epoch [134] Training Results: Prec@1 75.806 Prec@5 91.954 Loss 0.99743
Epoch [134] Training Class Recall: [0.739,0.751,0.757,0.708,0.752,0.734,0.775,0.802,0.802,0.754]
Epoch [134] Testing Results: Prec@1 52.740 Prec@5 87.990 Loss 1.55721
Epoch [134] Testing Class Recall: [0.888,0.803,0.428,0.550,0.433,0.624,0.294,0.477,0.570,0.207]
Epoch [135] Training Results: Prec@1 75.803 Prec@5 91.969 Loss 0.99723
Epoch [135] Training Class Recall: [0.737,0.743,0.754,0.711,0.760,0.731,0.774,0.801,0.804,0.759]
Epoch [135] Testing Results: Prec@1 53.780 Prec@5 84.340 Loss 1.65819
Epoch [135] Testing Class Recall: [0.862,0.822,0.708,0.539,0.638,0.426,0.700,0.440,0.078,0.165]
Epoch [136] Training Results: Prec@1 75.980 Prec@5 92.106 Loss 0.99106
Epoch [136] Training Class Recall: [0.746,0.749,0.753,0.716,0.754,0.738,0.774,0.803,0.802,0.757]
Epoch [136] Testing Results: Prec@1 58.510 Prec@5 87.410 Loss 1.48294
Epoch [136] Testing Class Recall: [0.808,0.981,0.630,0.530,0.653,0.543,0.611,0.676,0.364,0.055]
Epoch [137] Training Results: Prec@1 76.066 Prec@5 92.031 Loss 0.99092
Epoch [137] Training Class Recall: [0.744,0.751,0.752,0.715,0.762,0.740,0.776,0.804,0.801,0.756]
Epoch [137] Testing Results: Prec@1 51.060 Prec@5 85.720 Loss 1.88273
Epoch [137] Testing Class Recall: [0.896,0.917,0.778,0.232,0.590,0.296,0.597,0.297,0.223,0.280]
Epoch [138] Training Results: Prec@1 75.877 Prec@5 91.989 Loss 0.99846
Epoch [138] Training Class Recall: [0.738,0.748,0.752,0.717,0.757,0.735,0.777,0.800,0.802,0.755]
Epoch [138] Testing Results: Prec@1 50.780 Prec@5 85.230 Loss 1.70749
Epoch [138] Testing Class Recall: [0.796,0.934,0.877,0.385,0.396,0.421,0.436,0.208,0.428,0.197]
Epoch [139] Training Results: Prec@1 75.743 Prec@5 92.086 Loss 0.99168
Epoch [139] Training Class Recall: [0.744,0.745,0.749,0.711,0.752,0.740,0.772,0.800,0.804,0.752]
Epoch [139] Testing Results: Prec@1 55.230 Prec@5 90.350 Loss 1.54811
Epoch [139] Testing Class Recall: [0.934,0.814,0.724,0.422,0.508,0.478,0.550,0.560,0.337,0.196]
Epoch [140] Training Results: Prec@1 75.914 Prec@5 92.231 Loss 0.99197
Epoch [140] Training Class Recall: [0.743,0.747,0.751,0.721,0.752,0.740,0.775,0.804,0.800,0.755]
Epoch [140] Testing Results: Prec@1 54.510 Prec@5 87.170 Loss 1.64329
Epoch [140] Testing Class Recall: [0.856,0.900,0.713,0.555,0.658,0.373,0.523,0.328,0.443,0.102]
Epoch [141] Training Results: Prec@1 76.040 Prec@5 91.854 Loss 0.99165
Epoch [141] Training Class Recall: [0.744,0.752,0.747,0.718,0.759,0.738,0.778,0.803,0.802,0.760]
Epoch [141] Testing Results: Prec@1 55.810 Prec@5 90.480 Loss 1.44903
Epoch [141] Testing Class Recall: [0.903,0.719,0.475,0.327,0.538,0.779,0.425,0.436,0.474,0.505]
Epoch [142] Training Results: Prec@1 76.106 Prec@5 92.114 Loss 0.98605
Epoch [142] Training Class Recall: [0.750,0.749,0.752,0.718,0.759,0.746,0.772,0.804,0.801,0.753]
Epoch [142] Testing Results: Prec@1 45.990 Prec@5 85.390 Loss 1.97184
Epoch [142] Testing Class Recall: [0.974,0.946,0.393,0.361,0.280,0.332,0.448,0.502,0.213,0.150]
Epoch [143] Training Results: Prec@1 75.783 Prec@5 92.154 Loss 0.99520
Epoch [143] Training Class Recall: [0.739,0.749,0.745,0.715,0.753,0.741,0.773,0.804,0.800,0.755]
Epoch [143] Testing Results: Prec@1 57.440 Prec@5 89.460 Loss 1.48212
Epoch [143] Testing Class Recall: [0.803,0.901,0.849,0.492,0.551,0.446,0.536,0.503,0.507,0.156]
Epoch [144] Training Results: Prec@1 75.891 Prec@5 92.026 Loss 0.99289
Epoch [144] Training Class Recall: [0.739,0.748,0.747,0.717,0.758,0.735,0.774,0.806,0.803,0.757]
Epoch [144] Testing Results: Prec@1 57.360 Prec@5 88.030 Loss 1.49812
Epoch [144] Testing Class Recall: [0.891,0.960,0.595,0.353,0.521,0.651,0.719,0.577,0.328,0.141]
Epoch [145] Training Results: Prec@1 76.129 Prec@5 92.131 Loss 0.98621
Epoch [145] Training Class Recall: [0.744,0.750,0.751,0.721,0.759,0.740,0.777,0.808,0.802,0.755]
Epoch [145] Testing Results: Prec@1 47.940 Prec@5 83.850 Loss 1.97407
Epoch [145] Testing Class Recall: [0.935,0.786,0.785,0.488,0.381,0.356,0.519,0.312,0.167,0.065]
Epoch [146] Training Results: Prec@1 75.857 Prec@5 92.286 Loss 0.99099
Epoch [146] Training Class Recall: [0.740,0.745,0.749,0.721,0.757,0.732,0.777,0.802,0.804,0.751]
Epoch [146] Testing Results: Prec@1 58.740 Prec@5 91.120 Loss 1.39838
Epoch [146] Testing Class Recall: [0.633,0.874,0.793,0.497,0.476,0.542,0.532,0.624,0.352,0.551]
Epoch [147] Training Results: Prec@1 76.274 Prec@5 92.251 Loss 0.98952
Epoch [147] Training Class Recall: [0.749,0.748,0.759,0.725,0.760,0.741,0.775,0.804,0.803,0.757]
Epoch [147] Testing Results: Prec@1 52.740 Prec@5 84.940 Loss 1.67336
Epoch [147] Testing Class Recall: [0.929,0.961,0.717,0.284,0.451,0.513,0.446,0.502,0.397,0.074]
Epoch [148] Training Results: Prec@1 76.100 Prec@5 92.203 Loss 0.98801
Epoch [148] Training Class Recall: [0.741,0.751,0.755,0.720,0.755,0.739,0.779,0.805,0.803,0.757]
Epoch [148] Testing Results: Prec@1 50.850 Prec@5 87.500 Loss 1.82990
Epoch [148] Testing Class Recall: [0.955,0.945,0.524,0.396,0.404,0.490,0.562,0.389,0.194,0.226]
Epoch [149] Training Results: Prec@1 76.011 Prec@5 92.043 Loss 0.99102
Epoch [149] Training Class Recall: [0.744,0.748,0.757,0.706,0.760,0.742,0.772,0.805,0.802,0.757]
Epoch [149] Testing Results: Prec@1 59.670 Prec@5 89.740 Loss 1.41177
Epoch [149] Testing Class Recall: [0.831,0.848,0.778,0.613,0.610,0.424,0.402,0.502,0.512,0.447]
Epoch [150] Training Results: Prec@1 75.834 Prec@5 92.297 Loss 0.98773
Epoch [150] Training Class Recall: [0.745,0.745,0.750,0.714,0.756,0.735,0.772,0.802,0.802,0.754]
Epoch [150] Testing Results: Prec@1 55.790 Prec@5 87.360 Loss 1.59230
Epoch [150] Testing Class Recall: [0.931,0.907,0.526,0.479,0.479,0.619,0.705,0.547,0.259,0.127]
Epoch [151] Training Results: Prec@1 76.271 Prec@5 92.283 Loss 0.98177
Epoch [151] Training Class Recall: [0.749,0.749,0.758,0.716,0.766,0.739,0.779,0.805,0.803,0.756]
Epoch [151] Testing Results: Prec@1 57.870 Prec@5 90.240 Loss 1.41115
Epoch [151] Testing Class Recall: [0.814,0.865,0.679,0.661,0.420,0.359,0.479,0.492,0.391,0.627]
Epoch [152] Training Results: Prec@1 75.954 Prec@5 92.346 Loss 0.98707
Epoch [152] Training Class Recall: [0.745,0.751,0.747,0.714,0.761,0.731,0.777,0.805,0.802,0.755]
Epoch [152] Testing Results: Prec@1 53.020 Prec@5 87.220 Loss 1.56268
Epoch [152] Testing Class Recall: [0.787,0.774,0.677,0.397,0.780,0.408,0.464,0.635,0.213,0.167]
Epoch [153] Training Results: Prec@1 76.257 Prec@5 92.223 Loss 0.97833
Epoch [153] Training Class Recall: [0.745,0.742,0.756,0.724,0.760,0.746,0.782,0.805,0.803,0.756]
Epoch [153] Testing Results: Prec@1 59.360 Prec@5 89.190 Loss 1.40464
Epoch [153] Testing Class Recall: [0.818,0.909,0.526,0.549,0.591,0.752,0.636,0.649,0.365,0.141]
Epoch [154] Training Results: Prec@1 75.877 Prec@5 92.200 Loss 0.98843
Epoch [154] Training Class Recall: [0.746,0.745,0.757,0.711,0.756,0.738,0.770,0.800,0.806,0.751]
Epoch [154] Testing Results: Prec@1 59.040 Prec@5 88.440 Loss 1.41942
Epoch [154] Testing Class Recall: [0.915,0.951,0.573,0.505,0.606,0.470,0.699,0.610,0.162,0.413]
Epoch [155] Training Results: Prec@1 76.291 Prec@5 92.083 Loss 0.98154
Epoch [155] Training Class Recall: [0.744,0.752,0.751,0.721,0.766,0.747,0.779,0.804,0.803,0.757]
Epoch [155] Testing Results: Prec@1 51.570 Prec@5 85.300 Loss 1.82264
Epoch [155] Testing Class Recall: [0.945,0.862,0.518,0.582,0.502,0.202,0.514,0.775,0.081,0.176]
Epoch [156] Training Results: Prec@1 75.954 Prec@5 92.343 Loss 0.98670
Epoch [156] Training Class Recall: [0.737,0.746,0.750,0.712,0.763,0.736,0.782,0.806,0.803,0.755]
Epoch [156] Testing Results: Prec@1 55.950 Prec@5 88.440 Loss 1.61393
Epoch [156] Testing Class Recall: [0.837,0.950,0.782,0.396,0.701,0.375,0.629,0.408,0.418,0.099]
Epoch [157] Training Results: Prec@1 76.171 Prec@5 92.326 Loss 0.98557
Epoch [157] Training Class Recall: [0.750,0.745,0.748,0.732,0.759,0.742,0.773,0.805,0.802,0.756]
Epoch [157] Testing Results: Prec@1 52.300 Prec@5 88.210 Loss 1.70144
Epoch [157] Testing Class Recall: [0.537,0.921,0.825,0.688,0.421,0.239,0.534,0.445,0.341,0.279]
Epoch [158] Training Results: Prec@1 76.100 Prec@5 92.454 Loss 0.98342
Epoch [158] Training Class Recall: [0.744,0.750,0.753,0.717,0.762,0.735,0.782,0.802,0.804,0.752]
Epoch [158] Testing Results: Prec@1 61.080 Prec@5 90.640 Loss 1.30641
Epoch [158] Testing Class Recall: [0.755,0.848,0.758,0.510,0.430,0.560,0.374,0.714,0.639,0.520]
Epoch [159] Training Results: Prec@1 76.120 Prec@5 92.291 Loss 0.98410
Epoch [159] Training Class Recall: [0.744,0.749,0.755,0.716,0.764,0.738,0.776,0.807,0.801,0.755]
Epoch [159] Testing Results: Prec@1 57.060 Prec@5 89.730 Loss 1.43437
Epoch [159] Testing Class Recall: [0.840,0.897,0.653,0.368,0.505,0.469,0.391,0.684,0.292,0.607]
Epoch [160] Training Results: Prec@1 77.940 Prec@5 93.280 Loss 0.90969
Epoch [160] Training Class Recall: [0.761,0.759,0.789,0.753,0.784,0.759,0.792,0.814,0.807,0.765]
Epoch [160] Testing Results: Prec@1 59.110 Prec@5 90.940 Loss 1.43246
Epoch [160] Testing Class Recall: [0.923,0.936,0.705,0.469,0.651,0.510,0.572,0.601,0.277,0.267]
Epoch [161] Training Results: Prec@1 78.626 Prec@5 93.629 Loss 0.88899
Epoch [161] Training Class Recall: [0.766,0.772,0.791,0.765,0.798,0.772,0.795,0.817,0.811,0.764]
Epoch [161] Testing Results: Prec@1 58.970 Prec@5 90.400 Loss 1.45432
Epoch [161] Testing Class Recall: [0.923,0.948,0.702,0.522,0.651,0.478,0.605,0.588,0.244,0.236]
Epoch [162] Training Results: Prec@1 79.000 Prec@5 93.797 Loss 0.87284
Epoch [162] Training Class Recall: [0.773,0.768,0.806,0.772,0.800,0.774,0.798,0.820,0.812,0.763]
Epoch [162] Testing Results: Prec@1 59.770 Prec@5 90.490 Loss 1.42738
Epoch [162] Testing Class Recall: [0.924,0.955,0.712,0.496,0.673,0.503,0.605,0.566,0.284,0.259]
Epoch [163] Training Results: Prec@1 79.203 Prec@5 93.989 Loss 0.86487
Epoch [163] Training Class Recall: [0.772,0.769,0.809,0.776,0.801,0.778,0.801,0.821,0.812,0.766]
Epoch [163] Testing Results: Prec@1 59.520 Prec@5 90.130 Loss 1.46524
Epoch [163] Testing Class Recall: [0.934,0.952,0.713,0.510,0.677,0.492,0.590,0.556,0.293,0.235]
Epoch [164] Training Results: Prec@1 79.429 Prec@5 94.254 Loss 0.85723
Epoch [164] Training Class Recall: [0.778,0.775,0.811,0.780,0.803,0.783,0.800,0.821,0.813,0.763]
Epoch [164] Testing Results: Prec@1 60.360 Prec@5 90.790 Loss 1.40893
Epoch [164] Testing Class Recall: [0.917,0.949,0.726,0.529,0.649,0.508,0.591,0.568,0.330,0.269]
Epoch [165] Training Results: Prec@1 79.400 Prec@5 93.966 Loss 0.85532
Epoch [165] Training Class Recall: [0.781,0.771,0.810,0.779,0.806,0.777,0.801,0.821,0.816,0.765]
Epoch [165] Testing Results: Prec@1 60.590 Prec@5 90.480 Loss 1.40498
Epoch [165] Testing Class Recall: [0.916,0.954,0.714,0.514,0.675,0.504,0.609,0.581,0.352,0.240]
Epoch [166] Training Results: Prec@1 79.583 Prec@5 94.246 Loss 0.84962
Epoch [166] Training Class Recall: [0.781,0.773,0.813,0.783,0.810,0.783,0.802,0.821,0.813,0.763]
Epoch [166] Testing Results: Prec@1 59.860 Prec@5 89.900 Loss 1.45589
Epoch [166] Testing Class Recall: [0.927,0.952,0.719,0.515,0.686,0.495,0.600,0.554,0.324,0.214]
Epoch [167] Training Results: Prec@1 79.597 Prec@5 94.234 Loss 0.84597
Epoch [167] Training Class Recall: [0.779,0.776,0.812,0.787,0.810,0.778,0.803,0.822,0.814,0.764]
Epoch [167] Testing Results: Prec@1 59.550 Prec@5 89.750 Loss 1.47470
Epoch [167] Testing Class Recall: [0.916,0.962,0.728,0.512,0.652,0.506,0.589,0.530,0.322,0.238]
Epoch [168] Training Results: Prec@1 79.723 Prec@5 94.326 Loss 0.84026
Epoch [168] Training Class Recall: [0.779,0.780,0.818,0.790,0.809,0.781,0.799,0.821,0.815,0.765]
Epoch [168] Testing Results: Prec@1 59.350 Prec@5 89.780 Loss 1.47818
Epoch [168] Testing Class Recall: [0.927,0.957,0.720,0.504,0.658,0.497,0.580,0.534,0.335,0.223]
Epoch [169] Training Results: Prec@1 79.771 Prec@5 94.409 Loss 0.83919
Epoch [169] Training Class Recall: [0.785,0.777,0.817,0.785,0.809,0.783,0.803,0.823,0.812,0.767]
Epoch [169] Testing Results: Prec@1 60.060 Prec@5 89.940 Loss 1.44124
Epoch [169] Testing Class Recall: [0.912,0.954,0.731,0.514,0.647,0.513,0.582,0.580,0.336,0.237]
Epoch [170] Training Results: Prec@1 79.746 Prec@5 94.526 Loss 0.83831
Epoch [170] Training Class Recall: [0.783,0.775,0.819,0.787,0.807,0.782,0.801,0.823,0.817,0.764]
Epoch [170] Testing Results: Prec@1 59.660 Prec@5 89.410 Loss 1.47776
Epoch [170] Testing Class Recall: [0.917,0.949,0.736,0.519,0.680,0.487,0.583,0.542,0.314,0.239]
Epoch [171] Training Results: Prec@1 79.777 Prec@5 94.594 Loss 0.83320
Epoch [171] Training Class Recall: [0.781,0.776,0.818,0.790,0.810,0.779,0.805,0.823,0.814,0.766]
Epoch [171] Testing Results: Prec@1 59.770 Prec@5 89.550 Loss 1.47685
Epoch [171] Testing Class Recall: [0.910,0.954,0.739,0.516,0.673,0.494,0.582,0.551,0.329,0.229]
Epoch [172] Training Results: Prec@1 79.863 Prec@5 94.729 Loss 0.82850
Epoch [172] Training Class Recall: [0.785,0.781,0.818,0.790,0.811,0.783,0.801,0.823,0.814,0.765]
Epoch [172] Testing Results: Prec@1 59.960 Prec@5 89.560 Loss 1.46047
Epoch [172] Testing Class Recall: [0.912,0.954,0.733,0.530,0.664,0.494,0.586,0.565,0.310,0.248]
Epoch [173] Training Results: Prec@1 79.894 Prec@5 94.540 Loss 0.82926
Epoch [173] Training Class Recall: [0.782,0.776,0.820,0.793,0.811,0.785,0.805,0.823,0.814,0.767]
Epoch [173] Testing Results: Prec@1 59.880 Prec@5 89.630 Loss 1.45473
Epoch [173] Testing Class Recall: [0.910,0.949,0.724,0.527,0.658,0.516,0.555,0.540,0.357,0.252]
Epoch [174] Training Results: Prec@1 80.017 Prec@5 94.706 Loss 0.82557
Epoch [174] Training Class Recall: [0.785,0.780,0.821,0.791,0.816,0.783,0.806,0.823,0.816,0.765]
Epoch [174] Testing Results: Prec@1 59.730 Prec@5 89.500 Loss 1.47374
Epoch [174] Testing Class Recall: [0.912,0.948,0.738,0.529,0.649,0.498,0.585,0.517,0.360,0.237]
Epoch [175] Training Results: Prec@1 79.991 Prec@5 94.720 Loss 0.82234
Epoch [175] Training Class Recall: [0.784,0.776,0.820,0.793,0.813,0.786,0.805,0.825,0.816,0.766]
Epoch [175] Testing Results: Prec@1 59.110 Prec@5 88.960 Loss 1.52299
Epoch [175] Testing Class Recall: [0.925,0.960,0.715,0.527,0.655,0.486,0.577,0.509,0.336,0.221]
Epoch [176] Training Results: Prec@1 80.014 Prec@5 94.797 Loss 0.82338
Epoch [176] Training Class Recall: [0.786,0.779,0.823,0.791,0.813,0.787,0.805,0.823,0.812,0.766]
Epoch [176] Testing Results: Prec@1 58.630 Prec@5 88.830 Loss 1.54256
Epoch [176] Testing Class Recall: [0.922,0.947,0.727,0.510,0.652,0.484,0.560,0.511,0.339,0.211]
Epoch [177] Training Results: Prec@1 80.006 Prec@5 94.771 Loss 0.81811
Epoch [177] Training Class Recall: [0.785,0.778,0.823,0.792,0.811,0.786,0.806,0.821,0.815,0.768]
Epoch [177] Testing Results: Prec@1 59.350 Prec@5 89.010 Loss 1.51579
Epoch [177] Testing Class Recall: [0.907,0.948,0.733,0.537,0.663,0.510,0.573,0.515,0.339,0.210]
Epoch [178] Training Results: Prec@1 80.049 Prec@5 94.780 Loss 0.81613
Epoch [178] Training Class Recall: [0.787,0.776,0.823,0.795,0.814,0.784,0.803,0.825,0.815,0.766]
Epoch [178] Testing Results: Prec@1 59.320 Prec@5 89.090 Loss 1.49550
Epoch [178] Testing Class Recall: [0.915,0.949,0.726,0.496,0.667,0.502,0.554,0.528,0.361,0.234]
Epoch [179] Training Results: Prec@1 80.134 Prec@5 94.871 Loss 0.81715
Epoch [179] Training Class Recall: [0.788,0.779,0.825,0.791,0.816,0.788,0.802,0.825,0.815,0.768]
Epoch [179] Testing Results: Prec@1 59.010 Prec@5 88.830 Loss 1.53003
Epoch [179] Testing Class Recall: [0.906,0.949,0.741,0.522,0.672,0.503,0.536,0.521,0.336,0.215]
Epoch [180] Training Results: Prec@1 80.157 Prec@5 94.951 Loss 0.81192
Epoch [180] Training Class Recall: [0.785,0.778,0.828,0.793,0.815,0.786,0.806,0.824,0.815,0.766]
Epoch [180] Testing Results: Prec@1 58.770 Prec@5 88.640 Loss 1.54852
Epoch [180] Testing Class Recall: [0.913,0.944,0.738,0.510,0.675,0.492,0.531,0.528,0.329,0.217]
Epoch [181] Training Results: Prec@1 80.263 Prec@5 94.791 Loss 0.80983
Epoch [181] Training Class Recall: [0.788,0.779,0.829,0.798,0.814,0.789,0.806,0.824,0.816,0.765]
Epoch [181] Testing Results: Prec@1 58.250 Prec@5 88.670 Loss 1.55402
Epoch [181] Testing Class Recall: [0.919,0.944,0.731,0.492,0.656,0.495,0.536,0.502,0.329,0.221]
Epoch [182] Training Results: Prec@1 80.257 Prec@5 94.874 Loss 0.80961
Epoch [182] Training Class Recall: [0.791,0.780,0.828,0.796,0.812,0.790,0.805,0.825,0.816,0.766]
Epoch [182] Testing Results: Prec@1 59.340 Prec@5 88.820 Loss 1.50730
Epoch [182] Testing Class Recall: [0.903,0.945,0.739,0.519,0.680,0.486,0.560,0.507,0.375,0.220]
Epoch [183] Training Results: Prec@1 80.174 Prec@5 94.749 Loss 0.81318
Epoch [183] Training Class Recall: [0.790,0.779,0.825,0.797,0.814,0.787,0.805,0.824,0.814,0.768]
Epoch [183] Testing Results: Prec@1 58.930 Prec@5 88.950 Loss 1.53691
Epoch [183] Testing Class Recall: [0.917,0.939,0.733,0.523,0.653,0.497,0.536,0.534,0.337,0.224]
Epoch [184] Training Results: Prec@1 80.089 Prec@5 94.894 Loss 0.81186
Epoch [184] Training Class Recall: [0.789,0.777,0.825,0.791,0.814,0.783,0.805,0.825,0.816,0.767]
Epoch [184] Testing Results: Prec@1 58.800 Prec@5 88.840 Loss 1.54009
Epoch [184] Testing Class Recall: [0.915,0.949,0.733,0.512,0.647,0.493,0.555,0.514,0.351,0.211]
Epoch [185] Training Results: Prec@1 80.251 Prec@5 94.937 Loss 0.80993
Epoch [185] Training Class Recall: [0.788,0.780,0.828,0.799,0.817,0.784,0.803,0.827,0.815,0.768]
Epoch [185] Testing Results: Prec@1 58.620 Prec@5 88.510 Loss 1.55440
Epoch [185] Testing Class Recall: [0.916,0.948,0.737,0.481,0.673,0.491,0.558,0.522,0.322,0.214]
Epoch [186] Training Results: Prec@1 80.109 Prec@5 94.743 Loss 0.81644
Epoch [186] Training Class Recall: [0.788,0.781,0.828,0.793,0.814,0.783,0.804,0.823,0.815,0.764]
Epoch [186] Testing Results: Prec@1 58.450 Prec@5 88.230 Loss 1.58514
Epoch [186] Testing Class Recall: [0.912,0.950,0.738,0.515,0.672,0.495,0.537,0.498,0.330,0.198]
Epoch [187] Training Results: Prec@1 80.237 Prec@5 94.803 Loss 0.81216
Epoch [187] Training Class Recall: [0.790,0.780,0.828,0.795,0.812,0.790,0.805,0.824,0.816,0.767]
Epoch [187] Testing Results: Prec@1 59.940 Prec@5 89.300 Loss 1.47715
Epoch [187] Testing Class Recall: [0.903,0.938,0.742,0.531,0.669,0.495,0.567,0.540,0.366,0.243]
Epoch [188] Training Results: Prec@1 80.177 Prec@5 94.751 Loss 0.81361
Epoch [188] Training Class Recall: [0.788,0.779,0.823,0.802,0.813,0.788,0.804,0.824,0.813,0.766]
Epoch [188] Testing Results: Prec@1 59.440 Prec@5 89.000 Loss 1.50516
Epoch [188] Testing Class Recall: [0.908,0.946,0.732,0.512,0.682,0.496,0.555,0.544,0.333,0.236]
Epoch [189] Training Results: Prec@1 80.177 Prec@5 94.966 Loss 0.81115
Epoch [189] Training Class Recall: [0.789,0.780,0.823,0.796,0.815,0.786,0.802,0.826,0.817,0.767]
Epoch [189] Testing Results: Prec@1 58.770 Prec@5 88.860 Loss 1.53348
Epoch [189] Testing Class Recall: [0.911,0.943,0.733,0.526,0.644,0.499,0.556,0.518,0.333,0.214]
Epoch [190] Training Results: Prec@1 80.074 Prec@5 94.831 Loss 0.81198
Epoch [190] Training Class Recall: [0.791,0.779,0.823,0.790,0.815,0.786,0.803,0.823,0.815,0.767]
Epoch [190] Testing Results: Prec@1 59.180 Prec@5 89.070 Loss 1.51114
Epoch [190] Testing Class Recall: [0.905,0.948,0.739,0.510,0.652,0.495,0.552,0.538,0.334,0.245]
Epoch [191] Training Results: Prec@1 80.151 Prec@5 94.926 Loss 0.81132
Epoch [191] Training Class Recall: [0.787,0.777,0.828,0.792,0.813,0.789,0.807,0.824,0.816,0.766]
Epoch [191] Testing Results: Prec@1 58.330 Prec@5 88.560 Loss 1.56210
Epoch [191] Testing Class Recall: [0.921,0.947,0.726,0.494,0.668,0.500,0.550,0.501,0.319,0.207]
Epoch [192] Training Results: Prec@1 80.126 Prec@5 94.863 Loss 0.81249
Epoch [192] Training Class Recall: [0.785,0.778,0.827,0.793,0.813,0.786,0.804,0.824,0.817,0.770]
Epoch [192] Testing Results: Prec@1 59.480 Prec@5 89.100 Loss 1.49441
Epoch [192] Testing Class Recall: [0.909,0.940,0.731,0.521,0.675,0.513,0.555,0.524,0.345,0.235]
Epoch [193] Training Results: Prec@1 80.211 Prec@5 94.949 Loss 0.81001
Epoch [193] Training Class Recall: [0.790,0.777,0.827,0.792,0.814,0.788,0.807,0.826,0.817,0.767]
Epoch [193] Testing Results: Prec@1 58.880 Prec@5 88.560 Loss 1.54642
Epoch [193] Testing Class Recall: [0.916,0.951,0.727,0.504,0.668,0.493,0.545,0.534,0.342,0.208]
Epoch [194] Training Results: Prec@1 80.131 Prec@5 94.886 Loss 0.81211
Epoch [194] Training Class Recall: [0.790,0.778,0.826,0.790,0.817,0.789,0.803,0.823,0.816,0.765]
Epoch [194] Testing Results: Prec@1 59.420 Prec@5 89.010 Loss 1.50263
Epoch [194] Testing Class Recall: [0.910,0.944,0.735,0.524,0.650,0.496,0.577,0.532,0.344,0.230]
Epoch [195] Training Results: Prec@1 80.066 Prec@5 94.940 Loss 0.81101
Epoch [195] Training Class Recall: [0.786,0.780,0.827,0.793,0.810,0.784,0.806,0.823,0.814,0.768]
Epoch [195] Testing Results: Prec@1 59.140 Prec@5 89.120 Loss 1.50895
Epoch [195] Testing Class Recall: [0.916,0.943,0.734,0.514,0.637,0.496,0.561,0.539,0.337,0.237]
Epoch [196] Training Results: Prec@1 80.091 Prec@5 94.869 Loss 0.81355
Epoch [196] Training Class Recall: [0.788,0.776,0.826,0.796,0.811,0.785,0.802,0.827,0.815,0.767]
Epoch [196] Testing Results: Prec@1 58.850 Prec@5 88.830 Loss 1.53888
Epoch [196] Testing Class Recall: [0.908,0.943,0.745,0.496,0.669,0.499,0.540,0.519,0.350,0.216]
Epoch [197] Training Results: Prec@1 80.151 Prec@5 94.871 Loss 0.81655
Epoch [197] Training Class Recall: [0.787,0.781,0.827,0.792,0.816,0.784,0.805,0.824,0.814,0.768]
Epoch [197] Testing Results: Prec@1 59.680 Prec@5 88.830 Loss 1.49228
Epoch [197] Testing Class Recall: [0.897,0.950,0.736,0.522,0.688,0.500,0.567,0.519,0.365,0.224]
Epoch [198] Training Results: Prec@1 80.106 Prec@5 95.009 Loss 0.80969
Epoch [198] Training Class Recall: [0.783,0.775,0.826,0.792,0.816,0.788,0.803,0.826,0.817,0.767]
Epoch [198] Testing Results: Prec@1 59.430 Prec@5 89.050 Loss 1.49707
Epoch [198] Testing Class Recall: [0.904,0.953,0.739,0.497,0.665,0.504,0.535,0.536,0.369,0.241]
Epoch [199] Training Results: Prec@1 80.174 Prec@5 94.823 Loss 0.81410
Epoch [199] Training Class Recall: [0.791,0.778,0.825,0.792,0.816,0.785,0.807,0.826,0.814,0.766]
Epoch [199] Testing Results: Prec@1 59.200 Prec@5 88.980 Loss 1.51660
Epoch [199] Testing Class Recall: [0.909,0.946,0.735,0.503,0.657,0.490,0.566,0.532,0.350,0.232]
