Log file: cifar10_sava1.0_deepsmote_sava_exp0.01_seed42_20260614_011722.log
Run started: 2026-06-14 01:17:22.590722
Dataset: cifar10
Imbalance type: exp, factor: 0.01
Selection method: sava, ratio: 1.0
Strategy: DeepSMOTE_Sava, epochs: 200
Seed: 42, rand_number: 0
Augmentation: weak
Noise ratio: 0.2
mamix_ratio: 1.0
============================================================

=> No CSV or TensorBoard logging – only console and debug log.
-----------------------------------------------
Class ID   | Original   | Selected   | Keep %  
-----------------------------------------------
0          | 4977       | 4977       |  100.0%
1          | 5037       | 5037       |  100.0%
2          | 4948       | 4948       |  100.0%
3          | 5000       | 5000       |  100.0%
4          | 5022       | 5022       |  100.0%
5          | 5006       | 5006       |  100.0%
6          | 4992       | 4992       |  100.0%
7          | 5011       | 5011       |  100.0%
8          | 4978       | 4978       |  100.0%
9          | 5029       | 5029       |  100.0%
-----------------------------------------------
TOTAL      | 50000      | 50000      |  100.0%
-----------------------------------------------
Epoch [0] Training Results: Prec@1 33.370 Prec@5 79.104 Loss 1.93790
Epoch [0] Training Class Recall: [0.337,0.460,0.109,0.199,0.258,0.303,0.345,0.394,0.469,0.460]
Epoch [0] Testing Results: Prec@1 39.720 Prec@5 86.410 Loss 1.72036
Epoch [0] Testing Class Recall: [0.664,0.680,0.101,0.315,0.124,0.199,0.596,0.512,0.193,0.588]
Epoch [1] Training Results: Prec@1 45.018 Prec@5 84.410 Loss 1.70382
Epoch [1] Training Class Recall: [0.482,0.550,0.230,0.227,0.319,0.389,0.505,0.542,0.610,0.645]
Epoch [1] Testing Results: Prec@1 41.930 Prec@5 87.660 Loss 1.67055
Epoch [1] Testing Class Recall: [0.803,0.436,0.289,0.018,0.208,0.513,0.588,0.577,0.274,0.487]
Epoch [2] Training Results: Prec@1 51.514 Prec@5 86.190 Loss 1.57037
Epoch [2] Training Class Recall: [0.546,0.596,0.325,0.265,0.403,0.431,0.584,0.620,0.678,0.702]
Epoch [2] Testing Results: Prec@1 46.630 Prec@5 90.040 Loss 1.54382
Epoch [2] Testing Class Recall: [0.777,0.698,0.454,0.243,0.431,0.344,0.570,0.394,0.396,0.356]
Epoch [3] Training Results: Prec@1 55.674 Prec@5 87.004 Loss 1.48850
Epoch [3] Training Class Recall: [0.584,0.639,0.378,0.329,0.448,0.478,0.622,0.654,0.703,0.729]
Epoch [3] Testing Results: Prec@1 50.060 Prec@5 90.300 Loss 1.53941
Epoch [3] Testing Class Recall: [0.870,0.733,0.419,0.177,0.168,0.548,0.826,0.635,0.225,0.405]
Epoch [4] Training Results: Prec@1 58.816 Prec@5 87.602 Loss 1.42651
Epoch [4] Training Class Recall: [0.617,0.663,0.415,0.388,0.489,0.505,0.646,0.677,0.730,0.749]
Epoch [4] Testing Results: Prec@1 47.640 Prec@5 88.810 Loss 1.63944
Epoch [4] Testing Class Recall: [0.909,0.882,0.386,0.381,0.354,0.394,0.384,0.673,0.232,0.169]
Epoch [5] Training Results: Prec@1 61.914 Prec@5 87.930 Loss 1.36003
Epoch [5] Training Class Recall: [0.651,0.689,0.440,0.442,0.528,0.551,0.667,0.706,0.750,0.765]
Epoch [5] Testing Results: Prec@1 53.730 Prec@5 88.640 Loss 1.45659
Epoch [5] Testing Class Recall: [0.765,0.954,0.480,0.420,0.658,0.098,0.550,0.638,0.523,0.287]
Epoch [6] Training Results: Prec@1 63.510 Prec@5 88.240 Loss 1.32292
Epoch [6] Training Class Recall: [0.651,0.700,0.467,0.473,0.549,0.581,0.688,0.717,0.754,0.770]
Epoch [6] Testing Results: Prec@1 58.680 Prec@5 93.860 Loss 1.27295
Epoch [6] Testing Class Recall: [0.742,0.851,0.401,0.566,0.315,0.587,0.759,0.509,0.476,0.662]
Epoch [7] Training Results: Prec@1 65.554 Prec@5 88.314 Loss 1.28181
Epoch [7] Training Class Recall: [0.675,0.712,0.493,0.502,0.584,0.616,0.701,0.729,0.765,0.777]
Epoch [7] Testing Results: Prec@1 48.990 Prec@5 87.590 Loss 1.60823
Epoch [7] Testing Class Recall: [0.943,0.893,0.589,0.250,0.376,0.325,0.630,0.274,0.407,0.212]
Epoch [8] Training Results: Prec@1 66.778 Prec@5 88.516 Loss 1.25360
Epoch [8] Training Class Recall: [0.696,0.723,0.513,0.516,0.612,0.621,0.714,0.736,0.768,0.777]
Epoch [8] Testing Results: Prec@1 58.490 Prec@5 91.960 Loss 1.32356
Epoch [8] Testing Class Recall: [0.828,0.934,0.444,0.490,0.219,0.661,0.838,0.557,0.210,0.668]
Epoch [9] Training Results: Prec@1 67.658 Prec@5 88.744 Loss 1.22931
Epoch [9] Training Class Recall: [0.701,0.724,0.531,0.536,0.619,0.641,0.715,0.740,0.774,0.783]
Epoch [9] Testing Results: Prec@1 51.310 Prec@5 89.310 Loss 1.52291
Epoch [9] Testing Class Recall: [0.947,0.943,0.385,0.403,0.350,0.738,0.399,0.402,0.293,0.271]
Epoch [10] Training Results: Prec@1 68.146 Prec@5 88.856 Loss 1.21588
Epoch [10] Training Class Recall: [0.701,0.728,0.546,0.547,0.628,0.638,0.724,0.744,0.774,0.783]
Epoch [10] Testing Results: Prec@1 53.470 Prec@5 87.170 Loss 1.51696
Epoch [10] Testing Class Recall: [0.924,0.918,0.530,0.558,0.440,0.576,0.597,0.209,0.462,0.133]
Epoch [11] Training Results: Prec@1 69.050 Prec@5 88.858 Loss 1.20134
Epoch [11] Training Class Recall: [0.713,0.731,0.558,0.562,0.640,0.662,0.725,0.752,0.779,0.781]
Epoch [11] Testing Results: Prec@1 58.050 Prec@5 92.120 Loss 1.33859
Epoch [11] Testing Class Recall: [0.795,0.990,0.656,0.333,0.605,0.494,0.599,0.459,0.491,0.383]
Epoch [12] Training Results: Prec@1 69.580 Prec@5 88.970 Loss 1.18866
Epoch [12] Training Class Recall: [0.712,0.739,0.560,0.577,0.651,0.674,0.732,0.751,0.777,0.783]
Epoch [12] Testing Results: Prec@1 61.160 Prec@5 91.710 Loss 1.26038
Epoch [12] Testing Class Recall: [0.900,0.810,0.646,0.570,0.653,0.341,0.679,0.624,0.595,0.298]
Epoch [13] Training Results: Prec@1 69.816 Prec@5 88.914 Loss 1.17948
Epoch [13] Training Class Recall: [0.706,0.737,0.580,0.578,0.647,0.678,0.729,0.763,0.776,0.786]
Epoch [13] Testing Results: Prec@1 60.820 Prec@5 92.130 Loss 1.27908
Epoch [13] Testing Class Recall: [0.911,0.803,0.436,0.548,0.446,0.331,0.828,0.846,0.406,0.527]
Epoch [14] Training Results: Prec@1 70.140 Prec@5 89.018 Loss 1.17100
Epoch [14] Training Class Recall: [0.712,0.741,0.573,0.592,0.655,0.681,0.738,0.758,0.779,0.784]
Epoch [14] Testing Results: Prec@1 59.880 Prec@5 90.920 Loss 1.33263
Epoch [14] Testing Class Recall: [0.902,0.945,0.474,0.608,0.692,0.286,0.778,0.643,0.235,0.425]
Epoch [15] Training Results: Prec@1 70.522 Prec@5 89.144 Loss 1.16371
Epoch [15] Training Class Recall: [0.714,0.740,0.589,0.600,0.659,0.688,0.738,0.759,0.780,0.783]
Epoch [15] Testing Results: Prec@1 64.260 Prec@5 94.460 Loss 1.13396
Epoch [15] Testing Class Recall: [0.848,0.874,0.672,0.462,0.434,0.519,0.715,0.587,0.642,0.673]
Epoch [16] Training Results: Prec@1 70.722 Prec@5 89.086 Loss 1.15622
Epoch [16] Training Class Recall: [0.725,0.739,0.594,0.589,0.662,0.696,0.739,0.761,0.783,0.783]
Epoch [16] Testing Results: Prec@1 57.020 Prec@5 91.870 Loss 1.34338
Epoch [16] Testing Class Recall: [0.801,0.978,0.544,0.536,0.202,0.557,0.720,0.432,0.404,0.528]
Epoch [17] Training Results: Prec@1 71.152 Prec@5 89.240 Loss 1.15027
Epoch [17] Training Class Recall: [0.721,0.744,0.600,0.606,0.670,0.696,0.745,0.766,0.781,0.785]
Epoch [17] Testing Results: Prec@1 51.220 Prec@5 87.660 Loss 1.64263
Epoch [17] Testing Class Recall: [0.945,0.971,0.595,0.410,0.533,0.420,0.479,0.430,0.106,0.233]
Epoch [18] Training Results: Prec@1 71.348 Prec@5 89.356 Loss 1.14272
Epoch [18] Training Class Recall: [0.726,0.746,0.598,0.613,0.675,0.692,0.749,0.766,0.780,0.788]
Epoch [18] Testing Results: Prec@1 56.590 Prec@5 91.390 Loss 1.41913
Epoch [18] Testing Class Recall: [0.929,0.940,0.629,0.760,0.573,0.385,0.467,0.503,0.249,0.224]
Epoch [19] Training Results: Prec@1 71.382 Prec@5 89.238 Loss 1.14053
Epoch [19] Training Class Recall: [0.729,0.743,0.608,0.609,0.671,0.699,0.744,0.762,0.783,0.790]
Epoch [19] Testing Results: Prec@1 56.820 Prec@5 88.530 Loss 1.45573
Epoch [19] Testing Class Recall: [0.517,0.981,0.654,0.625,0.539,0.608,0.812,0.204,0.568,0.174]
Epoch [20] Training Results: Prec@1 71.776 Prec@5 89.404 Loss 1.13446
Epoch [20] Training Class Recall: [0.729,0.747,0.609,0.620,0.680,0.704,0.750,0.768,0.783,0.786]
Epoch [20] Testing Results: Prec@1 52.720 Prec@5 89.160 Loss 1.55947
Epoch [20] Testing Class Recall: [0.687,0.989,0.330,0.200,0.364,0.918,0.386,0.572,0.460,0.366]
Epoch [21] Training Results: Prec@1 71.828 Prec@5 89.288 Loss 1.12874
Epoch [21] Training Class Recall: [0.726,0.747,0.617,0.624,0.676,0.710,0.747,0.767,0.783,0.785]
Epoch [21] Testing Results: Prec@1 64.880 Prec@5 93.210 Loss 1.17409
Epoch [21] Testing Class Recall: [0.867,0.936,0.565,0.648,0.719,0.388,0.632,0.643,0.400,0.690]
Epoch [22] Training Results: Prec@1 72.488 Prec@5 89.266 Loss 1.12083
Epoch [22] Training Class Recall: [0.736,0.750,0.626,0.635,0.689,0.713,0.755,0.769,0.785,0.791]
Epoch [22] Testing Results: Prec@1 59.020 Prec@5 91.290 Loss 1.34090
Epoch [22] Testing Class Recall: [0.927,0.965,0.572,0.482,0.527,0.735,0.499,0.505,0.400,0.290]
Epoch [23] Training Results: Prec@1 72.358 Prec@5 89.450 Loss 1.11902
Epoch [23] Training Class Recall: [0.730,0.753,0.617,0.633,0.686,0.718,0.754,0.772,0.783,0.788]
Epoch [23] Testing Results: Prec@1 58.910 Prec@5 92.520 Loss 1.35510
Epoch [23] Testing Class Recall: [0.911,0.786,0.786,0.561,0.570,0.523,0.510,0.467,0.349,0.428]
Epoch [24] Training Results: Prec@1 72.464 Prec@5 89.392 Loss 1.11683
Epoch [24] Training Class Recall: [0.735,0.750,0.625,0.633,0.689,0.709,0.757,0.773,0.788,0.787]
Epoch [24] Testing Results: Prec@1 66.060 Prec@5 94.140 Loss 1.09640
Epoch [24] Testing Class Recall: [0.688,0.905,0.699,0.538,0.502,0.622,0.784,0.599,0.433,0.836]
Epoch [25] Training Results: Prec@1 72.558 Prec@5 89.590 Loss 1.11488
Epoch [25] Training Class Recall: [0.729,0.748,0.634,0.640,0.689,0.718,0.757,0.770,0.783,0.787]
Epoch [25] Testing Results: Prec@1 58.450 Prec@5 90.510 Loss 1.37166
Epoch [25] Testing Class Recall: [0.949,0.928,0.660,0.224,0.769,0.384,0.437,0.541,0.365,0.588]
Epoch [26] Training Results: Prec@1 72.752 Prec@5 89.496 Loss 1.10897
Epoch [26] Training Class Recall: [0.729,0.752,0.636,0.645,0.686,0.719,0.761,0.771,0.786,0.789]
Epoch [26] Testing Results: Prec@1 48.360 Prec@5 88.310 Loss 1.74724
Epoch [26] Testing Class Recall: [0.970,0.830,0.711,0.248,0.344,0.383,0.578,0.373,0.182,0.217]
Epoch [27] Training Results: Prec@1 72.742 Prec@5 89.556 Loss 1.11021
Epoch [27] Training Class Recall: [0.735,0.748,0.631,0.633,0.694,0.725,0.759,0.772,0.786,0.789]
Epoch [27] Testing Results: Prec@1 61.700 Prec@5 90.070 Loss 1.27167
Epoch [27] Testing Class Recall: [0.851,0.950,0.596,0.580,0.754,0.438,0.823,0.403,0.659,0.116]
Epoch [28] Training Results: Prec@1 72.684 Prec@5 89.608 Loss 1.10566
Epoch [28] Training Class Recall: [0.735,0.748,0.635,0.644,0.692,0.717,0.752,0.771,0.784,0.790]
Epoch [28] Testing Results: Prec@1 55.310 Prec@5 90.830 Loss 1.46537
Epoch [28] Testing Class Recall: [0.972,0.877,0.664,0.384,0.327,0.338,0.643,0.446,0.463,0.417]
Epoch [29] Training Results: Prec@1 73.080 Prec@5 89.582 Loss 1.10411
Epoch [29] Training Class Recall: [0.740,0.752,0.642,0.649,0.695,0.722,0.760,0.773,0.784,0.789]
Epoch [29] Testing Results: Prec@1 65.550 Prec@5 93.260 Loss 1.12813
Epoch [29] Testing Class Recall: [0.817,0.876,0.622,0.489,0.593,0.749,0.825,0.530,0.577,0.477]
Epoch [30] Training Results: Prec@1 73.112 Prec@5 89.672 Loss 1.10021
Epoch [30] Training Class Recall: [0.731,0.751,0.638,0.650,0.695,0.731,0.762,0.776,0.786,0.789]
Epoch [30] Testing Results: Prec@1 59.290 Prec@5 91.370 Loss 1.37651
Epoch [30] Testing Class Recall: [0.911,0.913,0.542,0.540,0.286,0.425,0.619,0.921,0.308,0.464]
Epoch [31] Training Results: Prec@1 73.194 Prec@5 89.720 Loss 1.09701
Epoch [31] Training Class Recall: [0.736,0.754,0.633,0.659,0.701,0.723,0.761,0.775,0.789,0.788]
Epoch [31] Testing Results: Prec@1 53.160 Prec@5 91.250 Loss 1.52447
Epoch [31] Testing Class Recall: [0.966,0.891,0.679,0.260,0.387,0.519,0.614,0.279,0.256,0.465]
Epoch [32] Training Results: Prec@1 73.228 Prec@5 89.716 Loss 1.09354
Epoch [32] Training Class Recall: [0.735,0.753,0.646,0.662,0.696,0.724,0.757,0.775,0.787,0.788]
Epoch [32] Testing Results: Prec@1 61.820 Prec@5 91.530 Loss 1.30590
Epoch [32] Testing Class Recall: [0.884,0.978,0.699,0.645,0.305,0.511,0.653,0.669,0.284,0.554]
Epoch [33] Training Results: Prec@1 73.178 Prec@5 89.840 Loss 1.09507
Epoch [33] Training Class Recall: [0.736,0.757,0.643,0.657,0.691,0.725,0.761,0.774,0.784,0.788]
Epoch [33] Testing Results: Prec@1 60.450 Prec@5 91.400 Loss 1.32589
Epoch [33] Testing Class Recall: [0.835,0.983,0.525,0.662,0.663,0.406,0.790,0.514,0.263,0.404]
Epoch [34] Training Results: Prec@1 73.480 Prec@5 89.720 Loss 1.09113
Epoch [34] Training Class Recall: [0.735,0.757,0.655,0.659,0.704,0.727,0.762,0.771,0.790,0.788]
Epoch [34] Testing Results: Prec@1 68.330 Prec@5 93.140 Loss 1.10517
Epoch [34] Testing Class Recall: [0.850,0.932,0.608,0.608,0.735,0.655,0.679,0.582,0.528,0.656]
Epoch [35] Training Results: Prec@1 73.374 Prec@5 89.746 Loss 1.09148
Epoch [35] Training Class Recall: [0.738,0.751,0.652,0.656,0.702,0.728,0.758,0.773,0.786,0.792]
Epoch [35] Testing Results: Prec@1 63.000 Prec@5 93.650 Loss 1.20420
Epoch [35] Testing Class Recall: [0.733,0.890,0.669,0.585,0.492,0.457,0.775,0.478,0.370,0.851]
Epoch [36] Training Results: Prec@1 73.438 Prec@5 89.660 Loss 1.08955
Epoch [36] Training Class Recall: [0.743,0.751,0.650,0.661,0.705,0.724,0.761,0.771,0.787,0.791]
Epoch [36] Testing Results: Prec@1 58.370 Prec@5 89.950 Loss 1.41105
Epoch [36] Testing Class Recall: [0.937,0.971,0.610,0.522,0.575,0.467,0.765,0.524,0.274,0.192]
Epoch [37] Training Results: Prec@1 73.416 Prec@5 89.768 Loss 1.08714
Epoch [37] Training Class Recall: [0.736,0.753,0.644,0.657,0.711,0.730,0.761,0.773,0.788,0.788]
Epoch [37] Testing Results: Prec@1 54.180 Prec@5 91.060 Loss 1.47350
Epoch [37] Testing Class Recall: [0.961,0.942,0.630,0.511,0.460,0.376,0.341,0.774,0.226,0.197]
Epoch [38] Training Results: Prec@1 73.758 Prec@5 89.666 Loss 1.08399
Epoch [38] Training Class Recall: [0.741,0.753,0.656,0.664,0.710,0.727,0.766,0.778,0.788,0.791]
Epoch [38] Testing Results: Prec@1 57.740 Prec@5 88.930 Loss 1.47829
Epoch [38] Testing Class Recall: [0.880,0.973,0.537,0.538,0.807,0.753,0.536,0.344,0.241,0.165]
Epoch [39] Training Results: Prec@1 73.630 Prec@5 89.636 Loss 1.08283
Epoch [39] Training Class Recall: [0.737,0.754,0.650,0.664,0.708,0.734,0.761,0.779,0.787,0.789]
Epoch [39] Testing Results: Prec@1 62.970 Prec@5 92.390 Loss 1.22561
Epoch [39] Testing Class Recall: [0.934,0.907,0.644,0.549,0.264,0.398,0.746,0.749,0.580,0.526]
Epoch [40] Training Results: Prec@1 73.986 Prec@5 89.806 Loss 1.07696
Epoch [40] Training Class Recall: [0.739,0.757,0.663,0.673,0.708,0.735,0.770,0.776,0.785,0.792]
Epoch [40] Testing Results: Prec@1 60.700 Prec@5 90.510 Loss 1.32901
Epoch [40] Testing Class Recall: [0.926,0.976,0.489,0.611,0.635,0.446,0.707,0.592,0.227,0.461]
Epoch [41] Training Results: Prec@1 73.966 Prec@5 89.714 Loss 1.07853
Epoch [41] Training Class Recall: [0.740,0.755,0.657,0.678,0.712,0.735,0.764,0.775,0.788,0.792]
Epoch [41] Testing Results: Prec@1 61.940 Prec@5 92.320 Loss 1.24667
Epoch [41] Testing Class Recall: [0.907,0.982,0.578,0.612,0.608,0.438,0.760,0.493,0.423,0.393]
Epoch [42] Training Results: Prec@1 73.926 Prec@5 89.636 Loss 1.08369
Epoch [42] Training Class Recall: [0.746,0.756,0.657,0.669,0.709,0.736,0.762,0.778,0.788,0.791]
Epoch [42] Testing Results: Prec@1 62.570 Prec@5 92.350 Loss 1.24853
Epoch [42] Testing Class Recall: [0.874,0.949,0.637,0.698,0.284,0.605,0.768,0.461,0.577,0.404]
Epoch [43] Training Results: Prec@1 74.042 Prec@5 89.868 Loss 1.07765
Epoch [43] Training Class Recall: [0.742,0.758,0.664,0.681,0.710,0.732,0.768,0.772,0.786,0.790]
Epoch [43] Testing Results: Prec@1 62.100 Prec@5 91.830 Loss 1.23179
Epoch [43] Testing Class Recall: [0.853,0.976,0.612,0.752,0.554,0.433,0.405,0.655,0.529,0.441]
Epoch [44] Training Results: Prec@1 74.082 Prec@5 90.018 Loss 1.07618
Epoch [44] Training Class Recall: [0.745,0.754,0.659,0.672,0.716,0.738,0.763,0.777,0.790,0.794]
Epoch [44] Testing Results: Prec@1 61.060 Prec@5 89.510 Loss 1.34102
Epoch [44] Testing Class Recall: [0.829,0.882,0.699,0.556,0.797,0.616,0.445,0.668,0.207,0.407]
Epoch [45] Training Results: Prec@1 73.844 Prec@5 89.722 Loss 1.07743
Epoch [45] Training Class Recall: [0.741,0.760,0.659,0.668,0.708,0.730,0.763,0.776,0.786,0.792]
Epoch [45] Testing Results: Prec@1 58.400 Prec@5 92.220 Loss 1.34898
Epoch [45] Testing Class Recall: [0.970,0.928,0.413,0.459,0.435,0.375,0.635,0.687,0.371,0.567]
Epoch [46] Training Results: Prec@1 74.250 Prec@5 90.060 Loss 1.07127
Epoch [46] Training Class Recall: [0.744,0.761,0.660,0.678,0.715,0.736,0.768,0.780,0.790,0.792]
Epoch [46] Testing Results: Prec@1 64.540 Prec@5 92.510 Loss 1.17257
Epoch [46] Testing Class Recall: [0.870,0.938,0.763,0.449,0.623,0.628,0.486,0.652,0.693,0.352]
Epoch [47] Training Results: Prec@1 74.188 Prec@5 89.876 Loss 1.07015
Epoch [47] Training Class Recall: [0.747,0.760,0.666,0.678,0.715,0.733,0.761,0.778,0.789,0.792]
Epoch [47] Testing Results: Prec@1 64.820 Prec@5 91.750 Loss 1.19946
Epoch [47] Testing Class Recall: [0.919,0.943,0.744,0.471,0.586,0.652,0.529,0.635,0.609,0.394]
Epoch [48] Training Results: Prec@1 74.122 Prec@5 89.914 Loss 1.07136
Epoch [48] Training Class Recall: [0.737,0.758,0.664,0.690,0.710,0.735,0.764,0.777,0.787,0.790]
Epoch [48] Testing Results: Prec@1 65.900 Prec@5 91.310 Loss 1.17480
Epoch [48] Testing Class Recall: [0.868,0.972,0.490,0.392,0.565,0.596,0.784,0.785,0.749,0.389]
Epoch [49] Training Results: Prec@1 74.068 Prec@5 90.014 Loss 1.07083
Epoch [49] Training Class Recall: [0.746,0.757,0.662,0.672,0.710,0.742,0.761,0.777,0.786,0.791]
Epoch [49] Testing Results: Prec@1 54.870 Prec@5 89.470 Loss 1.47466
Epoch [49] Testing Class Recall: [0.976,0.890,0.679,0.312,0.747,0.411,0.344,0.536,0.292,0.300]
Epoch [50] Training Results: Prec@1 74.154 Prec@5 89.896 Loss 1.07137
Epoch [50] Training Class Recall: [0.738,0.756,0.672,0.674,0.716,0.739,0.767,0.777,0.785,0.791]
Epoch [50] Testing Results: Prec@1 63.460 Prec@5 91.020 Loss 1.25137
Epoch [50] Testing Class Recall: [0.921,0.974,0.629,0.467,0.579,0.511,0.698,0.710,0.461,0.396]
Epoch [51] Training Results: Prec@1 74.144 Prec@5 89.954 Loss 1.07092
Epoch [51] Training Class Recall: [0.740,0.758,0.663,0.682,0.712,0.741,0.763,0.777,0.786,0.791]
Epoch [51] Testing Results: Prec@1 55.010 Prec@5 87.590 Loss 1.64218
Epoch [51] Testing Class Recall: [0.950,0.978,0.584,0.690,0.539,0.283,0.612,0.431,0.289,0.145]
Epoch [52] Training Results: Prec@1 74.370 Prec@5 89.988 Loss 1.06454
Epoch [52] Training Class Recall: [0.745,0.762,0.669,0.684,0.719,0.734,0.763,0.780,0.787,0.793]
Epoch [52] Testing Results: Prec@1 63.630 Prec@5 91.600 Loss 1.25383
Epoch [52] Testing Class Recall: [0.950,0.956,0.577,0.669,0.598,0.517,0.621,0.662,0.291,0.522]
Epoch [53] Training Results: Prec@1 74.204 Prec@5 90.070 Loss 1.06456
Epoch [53] Training Class Recall: [0.746,0.760,0.671,0.675,0.720,0.733,0.766,0.776,0.786,0.789]
Epoch [53] Testing Results: Prec@1 61.280 Prec@5 90.970 Loss 1.28957
Epoch [53] Testing Class Recall: [0.958,0.917,0.607,0.636,0.579,0.517,0.709,0.618,0.199,0.388]
Epoch [54] Training Results: Prec@1 74.550 Prec@5 89.942 Loss 1.06132
Epoch [54] Training Class Recall: [0.745,0.762,0.667,0.685,0.722,0.741,0.769,0.781,0.790,0.790]
Epoch [54] Testing Results: Prec@1 53.330 Prec@5 86.250 Loss 1.56651
Epoch [54] Testing Class Recall: [0.945,0.760,0.843,0.418,0.555,0.399,0.550,0.440,0.285,0.138]
Epoch [55] Training Results: Prec@1 74.252 Prec@5 89.950 Loss 1.06742
Epoch [55] Training Class Recall: [0.746,0.759,0.666,0.675,0.717,0.742,0.765,0.777,0.786,0.790]
Epoch [55] Testing Results: Prec@1 60.360 Prec@5 92.220 Loss 1.28843
Epoch [55] Testing Class Recall: [0.822,0.987,0.624,0.582,0.503,0.452,0.563,0.589,0.470,0.444]
Epoch [56] Training Results: Prec@1 74.412 Prec@5 89.912 Loss 1.06284
Epoch [56] Training Class Recall: [0.749,0.758,0.669,0.681,0.712,0.740,0.769,0.778,0.789,0.795]
Epoch [56] Testing Results: Prec@1 54.350 Prec@5 85.890 Loss 1.60352
Epoch [56] Testing Class Recall: [0.940,0.953,0.726,0.607,0.671,0.358,0.486,0.391,0.268,0.035]
Epoch [57] Training Results: Prec@1 74.636 Prec@5 90.050 Loss 1.06101
Epoch [57] Training Class Recall: [0.747,0.762,0.677,0.678,0.719,0.748,0.772,0.783,0.787,0.791]
Epoch [57] Testing Results: Prec@1 63.940 Prec@5 92.240 Loss 1.19904
Epoch [57] Testing Class Recall: [0.895,0.964,0.547,0.691,0.628,0.495,0.670,0.608,0.563,0.333]
Epoch [58] Training Results: Prec@1 74.292 Prec@5 89.920 Loss 1.06634
Epoch [58] Training Class Recall: [0.738,0.757,0.674,0.682,0.716,0.738,0.764,0.777,0.790,0.792]
Epoch [58] Testing Results: Prec@1 66.340 Prec@5 92.940 Loss 1.13416
Epoch [58] Testing Class Recall: [0.888,0.948,0.656,0.579,0.741,0.583,0.650,0.516,0.540,0.533]
Epoch [59] Training Results: Prec@1 74.538 Prec@5 90.060 Loss 1.06078
Epoch [59] Training Class Recall: [0.747,0.762,0.671,0.682,0.716,0.746,0.772,0.775,0.789,0.793]
Epoch [59] Testing Results: Prec@1 62.750 Prec@5 90.350 Loss 1.29145
Epoch [59] Testing Class Recall: [0.916,0.921,0.589,0.530,0.806,0.728,0.504,0.604,0.400,0.277]
Epoch [60] Training Results: Prec@1 74.534 Prec@5 89.966 Loss 1.06065
Epoch [60] Training Class Recall: [0.745,0.759,0.676,0.688,0.713,0.743,0.768,0.780,0.790,0.791]
Epoch [60] Testing Results: Prec@1 59.620 Prec@5 89.570 Loss 1.41786
Epoch [60] Testing Class Recall: [0.845,0.916,0.672,0.839,0.660,0.127,0.714,0.486,0.427,0.276]
Epoch [61] Training Results: Prec@1 74.488 Prec@5 90.100 Loss 1.06111
Epoch [61] Training Class Recall: [0.747,0.758,0.668,0.685,0.721,0.738,0.768,0.781,0.787,0.793]
Epoch [61] Testing Results: Prec@1 64.540 Prec@5 93.530 Loss 1.15612
Epoch [61] Testing Class Recall: [0.888,0.973,0.667,0.504,0.516,0.438,0.723,0.751,0.472,0.522]
Epoch [62] Training Results: Prec@1 74.658 Prec@5 90.004 Loss 1.05779
Epoch [62] Training Class Recall: [0.751,0.761,0.674,0.679,0.722,0.747,0.768,0.778,0.789,0.796]
Epoch [62] Testing Results: Prec@1 59.070 Prec@5 88.220 Loss 1.39959
Epoch [62] Testing Class Recall: [0.915,0.973,0.737,0.759,0.556,0.393,0.572,0.571,0.224,0.207]
Epoch [63] Training Results: Prec@1 74.514 Prec@5 90.098 Loss 1.06025
Epoch [63] Training Class Recall: [0.747,0.762,0.675,0.686,0.715,0.738,0.771,0.779,0.787,0.793]
Epoch [63] Testing Results: Prec@1 61.890 Prec@5 91.470 Loss 1.26893
Epoch [63] Testing Class Recall: [0.925,0.980,0.593,0.506,0.638,0.584,0.707,0.532,0.207,0.517]
Epoch [64] Training Results: Prec@1 74.636 Prec@5 90.096 Loss 1.05779
Epoch [64] Training Class Recall: [0.747,0.759,0.675,0.687,0.722,0.741,0.768,0.777,0.792,0.795]
Epoch [64] Testing Results: Prec@1 64.350 Prec@5 91.470 Loss 1.21308
Epoch [64] Testing Class Recall: [0.924,0.928,0.431,0.683,0.800,0.523,0.697,0.471,0.448,0.530]
Epoch [65] Training Results: Prec@1 74.534 Prec@5 90.112 Loss 1.05830
Epoch [65] Training Class Recall: [0.751,0.759,0.672,0.682,0.720,0.743,0.766,0.781,0.786,0.792]
Epoch [65] Testing Results: Prec@1 62.710 Prec@5 92.340 Loss 1.27333
Epoch [65] Testing Class Recall: [0.833,0.919,0.842,0.706,0.596,0.389,0.423,0.543,0.568,0.452]
Epoch [66] Training Results: Prec@1 74.752 Prec@5 90.142 Loss 1.05477
Epoch [66] Training Class Recall: [0.748,0.761,0.674,0.686,0.727,0.744,0.772,0.781,0.788,0.794]
Epoch [66] Testing Results: Prec@1 62.770 Prec@5 91.520 Loss 1.24855
Epoch [66] Testing Class Recall: [0.950,0.885,0.663,0.451,0.704,0.560,0.542,0.716,0.399,0.407]
Epoch [67] Training Results: Prec@1 74.502 Prec@5 90.152 Loss 1.05967
Epoch [67] Training Class Recall: [0.749,0.758,0.675,0.685,0.722,0.742,0.764,0.778,0.789,0.788]
Epoch [67] Testing Results: Prec@1 59.500 Prec@5 91.300 Loss 1.35362
Epoch [67] Testing Class Recall: [0.771,0.988,0.553,0.777,0.623,0.480,0.605,0.370,0.346,0.437]
Epoch [68] Training Results: Prec@1 74.608 Prec@5 90.282 Loss 1.05880
Epoch [68] Training Class Recall: [0.745,0.760,0.679,0.687,0.721,0.737,0.767,0.782,0.789,0.793]
Epoch [68] Testing Results: Prec@1 63.650 Prec@5 91.410 Loss 1.23960
Epoch [68] Testing Class Recall: [0.902,0.944,0.668,0.599,0.730,0.677,0.622,0.360,0.437,0.426]
Epoch [69] Training Results: Prec@1 74.948 Prec@5 90.156 Loss 1.05056
Epoch [69] Training Class Recall: [0.751,0.762,0.682,0.696,0.719,0.751,0.775,0.776,0.789,0.793]
Epoch [69] Testing Results: Prec@1 65.560 Prec@5 92.100 Loss 1.18229
Epoch [69] Testing Class Recall: [0.784,0.967,0.722,0.694,0.541,0.426,0.378,0.735,0.687,0.622]
Epoch [70] Training Results: Prec@1 74.774 Prec@5 90.310 Loss 1.05210
Epoch [70] Training Class Recall: [0.747,0.763,0.685,0.686,0.720,0.745,0.769,0.782,0.788,0.793]
Epoch [70] Testing Results: Prec@1 53.490 Prec@5 89.230 Loss 1.63910
Epoch [70] Testing Class Recall: [0.982,0.867,0.710,0.381,0.501,0.517,0.706,0.334,0.158,0.193]
Epoch [71] Training Results: Prec@1 74.592 Prec@5 90.080 Loss 1.05591
Epoch [71] Training Class Recall: [0.751,0.759,0.676,0.683,0.721,0.746,0.767,0.778,0.787,0.791]
Epoch [71] Testing Results: Prec@1 58.660 Prec@5 89.500 Loss 1.48201
Epoch [71] Testing Class Recall: [0.868,0.984,0.709,0.467,0.738,0.649,0.442,0.344,0.418,0.247]
Epoch [72] Training Results: Prec@1 74.876 Prec@5 90.284 Loss 1.05164
Epoch [72] Training Class Recall: [0.753,0.768,0.681,0.688,0.722,0.745,0.770,0.779,0.788,0.793]
Epoch [72] Testing Results: Prec@1 62.550 Prec@5 92.870 Loss 1.25289
Epoch [72] Testing Class Recall: [0.919,0.929,0.725,0.615,0.475,0.653,0.627,0.497,0.487,0.328]
Epoch [73] Training Results: Prec@1 74.834 Prec@5 90.084 Loss 1.05425
Epoch [73] Training Class Recall: [0.749,0.766,0.682,0.690,0.716,0.745,0.771,0.778,0.791,0.794]
Epoch [73] Testing Results: Prec@1 59.430 Prec@5 88.910 Loss 1.39741
Epoch [73] Testing Class Recall: [0.822,0.837,0.590,0.802,0.695,0.445,0.683,0.626,0.123,0.320]
Epoch [74] Training Results: Prec@1 74.874 Prec@5 90.152 Loss 1.04906
Epoch [74] Training Class Recall: [0.745,0.762,0.684,0.694,0.725,0.744,0.772,0.778,0.788,0.795]
Epoch [74] Testing Results: Prec@1 61.290 Prec@5 88.050 Loss 1.35290
Epoch [74] Testing Class Recall: [0.936,0.949,0.727,0.526,0.616,0.502,0.717,0.535,0.144,0.477]
Epoch [75] Training Results: Prec@1 75.086 Prec@5 90.370 Loss 1.04969
Epoch [75] Training Class Recall: [0.747,0.765,0.683,0.700,0.729,0.749,0.772,0.781,0.791,0.792]
Epoch [75] Testing Results: Prec@1 59.450 Prec@5 89.890 Loss 1.43760
Epoch [75] Testing Class Recall: [0.881,0.975,0.602,0.782,0.512,0.383,0.628,0.514,0.488,0.180]
Epoch [76] Training Results: Prec@1 75.036 Prec@5 90.370 Loss 1.04799
Epoch [76] Training Class Recall: [0.752,0.767,0.684,0.693,0.726,0.750,0.772,0.778,0.787,0.793]
Epoch [76] Testing Results: Prec@1 61.940 Prec@5 89.810 Loss 1.29123
Epoch [76] Testing Class Recall: [0.911,0.969,0.675,0.474,0.510,0.679,0.498,0.718,0.548,0.212]
Epoch [77] Training Results: Prec@1 74.916 Prec@5 90.072 Loss 1.05238
Epoch [77] Training Class Recall: [0.752,0.763,0.686,0.691,0.723,0.747,0.773,0.778,0.789,0.789]
Epoch [77] Testing Results: Prec@1 56.320 Prec@5 87.840 Loss 1.50917
Epoch [77] Testing Class Recall: [0.860,0.903,0.826,0.473,0.453,0.359,0.821,0.334,0.335,0.268]
Epoch [78] Training Results: Prec@1 74.834 Prec@5 90.172 Loss 1.05196
Epoch [78] Training Class Recall: [0.751,0.759,0.683,0.692,0.717,0.744,0.770,0.786,0.789,0.792]
Epoch [78] Testing Results: Prec@1 60.110 Prec@5 90.280 Loss 1.35236
Epoch [78] Testing Class Recall: [0.917,0.974,0.675,0.643,0.375,0.533,0.739,0.617,0.229,0.309]
Epoch [79] Training Results: Prec@1 75.030 Prec@5 90.336 Loss 1.04697
Epoch [79] Training Class Recall: [0.752,0.762,0.686,0.687,0.728,0.747,0.772,0.783,0.792,0.794]
Epoch [79] Testing Results: Prec@1 59.030 Prec@5 89.420 Loss 1.42912
Epoch [79] Testing Class Recall: [0.956,0.903,0.616,0.598,0.798,0.461,0.506,0.533,0.248,0.284]
Epoch [80] Training Results: Prec@1 74.890 Prec@5 90.258 Loss 1.04895
Epoch [80] Training Class Recall: [0.751,0.762,0.680,0.692,0.726,0.750,0.771,0.779,0.787,0.790]
Epoch [80] Testing Results: Prec@1 57.540 Prec@5 88.240 Loss 1.45322
Epoch [80] Testing Class Recall: [0.942,0.899,0.751,0.289,0.630,0.646,0.644,0.357,0.331,0.265]
Epoch [81] Training Results: Prec@1 75.024 Prec@5 90.244 Loss 1.04699
Epoch [81] Training Class Recall: [0.753,0.761,0.683,0.695,0.724,0.746,0.772,0.781,0.793,0.794]
Epoch [81] Testing Results: Prec@1 52.680 Prec@5 87.670 Loss 1.66287
Epoch [81] Testing Class Recall: [0.957,0.973,0.629,0.347,0.545,0.547,0.453,0.547,0.178,0.092]
Epoch [82] Training Results: Prec@1 74.976 Prec@5 90.118 Loss 1.04663
Epoch [82] Training Class Recall: [0.757,0.764,0.682,0.693,0.721,0.747,0.771,0.780,0.790,0.792]
Epoch [82] Testing Results: Prec@1 58.940 Prec@5 89.820 Loss 1.36357
Epoch [82] Testing Class Recall: [0.960,0.927,0.441,0.722,0.599,0.308,0.524,0.613,0.380,0.420]
Epoch [83] Training Results: Prec@1 74.888 Prec@5 90.182 Loss 1.05041
Epoch [83] Training Class Recall: [0.754,0.762,0.680,0.694,0.716,0.747,0.772,0.780,0.790,0.794]
Epoch [83] Testing Results: Prec@1 65.390 Prec@5 93.140 Loss 1.15333
Epoch [83] Testing Class Recall: [0.880,0.924,0.706,0.573,0.578,0.509,0.795,0.604,0.585,0.385]
Epoch [84] Training Results: Prec@1 74.868 Prec@5 90.410 Loss 1.04601
Epoch [84] Training Class Recall: [0.752,0.761,0.685,0.691,0.728,0.741,0.766,0.779,0.788,0.795]
Epoch [84] Testing Results: Prec@1 53.510 Prec@5 89.330 Loss 1.54397
Epoch [84] Testing Class Recall: [0.956,0.898,0.414,0.477,0.291,0.807,0.694,0.466,0.141,0.207]
Epoch [85] Training Results: Prec@1 75.112 Prec@5 90.210 Loss 1.04714
Epoch [85] Training Class Recall: [0.757,0.763,0.686,0.695,0.728,0.749,0.771,0.779,0.789,0.795]
Epoch [85] Testing Results: Prec@1 62.160 Prec@5 89.400 Loss 1.32083
Epoch [85] Testing Class Recall: [0.941,0.945,0.678,0.541,0.716,0.570,0.656,0.605,0.280,0.284]
Epoch [86] Training Results: Prec@1 75.042 Prec@5 90.426 Loss 1.04587
Epoch [86] Training Class Recall: [0.755,0.761,0.692,0.690,0.724,0.747,0.770,0.781,0.790,0.793]
Epoch [86] Testing Results: Prec@1 60.650 Prec@5 90.270 Loss 1.31682
Epoch [86] Testing Class Recall: [0.873,0.970,0.560,0.473,0.568,0.770,0.584,0.715,0.279,0.273]
Epoch [87] Training Results: Prec@1 75.004 Prec@5 90.232 Loss 1.04837
Epoch [87] Training Class Recall: [0.750,0.761,0.684,0.696,0.729,0.748,0.772,0.783,0.788,0.791]
Epoch [87] Testing Results: Prec@1 59.980 Prec@5 89.180 Loss 1.37598
Epoch [87] Testing Class Recall: [0.908,0.899,0.751,0.645,0.552,0.563,0.377,0.743,0.423,0.137]
Epoch [88] Training Results: Prec@1 75.112 Prec@5 90.314 Loss 1.04433
Epoch [88] Training Class Recall: [0.752,0.758,0.689,0.693,0.726,0.751,0.776,0.783,0.789,0.794]
Epoch [88] Testing Results: Prec@1 64.020 Prec@5 91.710 Loss 1.20622
Epoch [88] Testing Class Recall: [0.880,0.908,0.774,0.620,0.677,0.544,0.565,0.499,0.394,0.541]
Epoch [89] Training Results: Prec@1 74.944 Prec@5 90.470 Loss 1.04406
Epoch [89] Training Class Recall: [0.753,0.765,0.681,0.687,0.722,0.744,0.773,0.785,0.790,0.793]
Epoch [89] Testing Results: Prec@1 55.550 Prec@5 89.440 Loss 1.56679
Epoch [89] Testing Class Recall: [0.937,0.969,0.649,0.775,0.567,0.284,0.501,0.435,0.241,0.197]
Epoch [90] Training Results: Prec@1 75.096 Prec@5 90.278 Loss 1.04600
Epoch [90] Training Class Recall: [0.751,0.762,0.683,0.700,0.729,0.749,0.775,0.780,0.789,0.792]
Epoch [90] Testing Results: Prec@1 61.290 Prec@5 89.540 Loss 1.30631
Epoch [90] Testing Class Recall: [0.873,0.971,0.721,0.397,0.513,0.306,0.508,0.760,0.578,0.502]
Epoch [91] Training Results: Prec@1 75.150 Prec@5 90.234 Loss 1.04358
Epoch [91] Training Class Recall: [0.752,0.764,0.688,0.694,0.730,0.749,0.773,0.783,0.788,0.794]
Epoch [91] Testing Results: Prec@1 62.250 Prec@5 91.770 Loss 1.27716
Epoch [91] Testing Class Recall: [0.906,0.910,0.599,0.820,0.649,0.401,0.606,0.519,0.463,0.352]
Epoch [92] Training Results: Prec@1 75.156 Prec@5 90.260 Loss 1.04318
Epoch [92] Training Class Recall: [0.751,0.762,0.689,0.701,0.729,0.747,0.774,0.781,0.790,0.791]
Epoch [92] Testing Results: Prec@1 61.220 Prec@5 91.230 Loss 1.31103
Epoch [92] Testing Class Recall: [0.866,0.989,0.631,0.666,0.587,0.427,0.768,0.458,0.281,0.449]
Epoch [93] Training Results: Prec@1 74.958 Prec@5 90.352 Loss 1.04502
Epoch [93] Training Class Recall: [0.754,0.762,0.690,0.687,0.718,0.747,0.772,0.783,0.789,0.793]
Epoch [93] Testing Results: Prec@1 57.760 Prec@5 86.530 Loss 1.55825
Epoch [93] Testing Class Recall: [0.974,0.925,0.450,0.714,0.625,0.432,0.744,0.501,0.156,0.255]
Epoch [94] Training Results: Prec@1 75.212 Prec@5 90.352 Loss 1.04159
Epoch [94] Training Class Recall: [0.751,0.766,0.693,0.697,0.731,0.745,0.771,0.784,0.790,0.793]
Epoch [94] Testing Results: Prec@1 60.330 Prec@5 90.370 Loss 1.32425
Epoch [94] Testing Class Recall: [0.878,0.940,0.651,0.634,0.783,0.404,0.495,0.441,0.432,0.375]
Epoch [95] Training Results: Prec@1 75.030 Prec@5 90.200 Loss 1.04470
Epoch [95] Training Class Recall: [0.753,0.764,0.684,0.697,0.727,0.747,0.772,0.779,0.789,0.791]
Epoch [95] Testing Results: Prec@1 60.880 Prec@5 90.340 Loss 1.35947
Epoch [95] Testing Class Recall: [0.728,0.979,0.846,0.561,0.649,0.410,0.717,0.382,0.489,0.327]
Epoch [96] Training Results: Prec@1 75.308 Prec@5 90.210 Loss 1.04020
Epoch [96] Training Class Recall: [0.753,0.765,0.692,0.699,0.730,0.750,0.775,0.784,0.790,0.792]
Epoch [96] Testing Results: Prec@1 59.500 Prec@5 92.710 Loss 1.32702
Epoch [96] Testing Class Recall: [0.953,0.969,0.566,0.427,0.608,0.545,0.686,0.499,0.457,0.240]
Epoch [97] Training Results: Prec@1 74.812 Prec@5 90.332 Loss 1.04679
Epoch [97] Training Class Recall: [0.749,0.760,0.689,0.686,0.721,0.747,0.770,0.780,0.786,0.792]
Epoch [97] Testing Results: Prec@1 46.220 Prec@5 82.410 Loss 1.95286
Epoch [97] Testing Class Recall: [0.975,0.936,0.679,0.379,0.405,0.308,0.309,0.463,0.045,0.123]
Epoch [98] Training Results: Prec@1 75.164 Prec@5 90.382 Loss 1.04216
Epoch [98] Training Class Recall: [0.753,0.763,0.686,0.700,0.724,0.750,0.772,0.782,0.791,0.794]
Epoch [98] Testing Results: Prec@1 61.240 Prec@5 90.980 Loss 1.30402
Epoch [98] Testing Class Recall: [0.894,0.909,0.658,0.739,0.565,0.347,0.568,0.269,0.677,0.498]
Epoch [99] Training Results: Prec@1 75.156 Prec@5 90.330 Loss 1.04253
Epoch [99] Training Class Recall: [0.751,0.765,0.687,0.700,0.733,0.750,0.767,0.781,0.788,0.794]
Epoch [99] Testing Results: Prec@1 54.820 Prec@5 87.220 Loss 1.54188
Epoch [99] Testing Class Recall: [0.930,0.979,0.727,0.426,0.624,0.515,0.313,0.635,0.085,0.248]
Epoch [100] Training Results: Prec@1 75.306 Prec@5 90.248 Loss 1.04052
Epoch [100] Training Class Recall: [0.756,0.763,0.697,0.695,0.730,0.749,0.773,0.784,0.789,0.794]
Epoch [100] Testing Results: Prec@1 57.620 Prec@5 86.990 Loss 1.47153
Epoch [100] Testing Class Recall: [0.967,0.946,0.581,0.496,0.457,0.334,0.761,0.677,0.301,0.242]
Epoch [101] Training Results: Prec@1 75.244 Prec@5 90.498 Loss 1.04147
Epoch [101] Training Class Recall: [0.756,0.768,0.690,0.693,0.732,0.746,0.770,0.783,0.792,0.793]
Epoch [101] Testing Results: Prec@1 65.570 Prec@5 93.420 Loss 1.14891
Epoch [101] Testing Class Recall: [0.865,0.954,0.687,0.517,0.689,0.742,0.557,0.609,0.667,0.270]
Epoch [102] Training Results: Prec@1 75.230 Prec@5 90.416 Loss 1.04015
Epoch [102] Training Class Recall: [0.752,0.766,0.692,0.695,0.730,0.751,0.771,0.787,0.787,0.792]
Epoch [102] Testing Results: Prec@1 61.410 Prec@5 89.320 Loss 1.32022
Epoch [102] Testing Class Recall: [0.936,0.944,0.692,0.519,0.787,0.408,0.445,0.583,0.478,0.349]
Epoch [103] Training Results: Prec@1 75.228 Prec@5 90.512 Loss 1.04129
Epoch [103] Training Class Recall: [0.751,0.767,0.684,0.700,0.734,0.751,0.772,0.780,0.788,0.795]
Epoch [103] Testing Results: Prec@1 55.830 Prec@5 85.870 Loss 1.67843
Epoch [103] Testing Class Recall: [0.962,0.872,0.721,0.427,0.569,0.520,0.360,0.526,0.111,0.515]
Epoch [104] Training Results: Prec@1 75.196 Prec@5 90.312 Loss 1.04005
Epoch [104] Training Class Recall: [0.752,0.760,0.690,0.695,0.728,0.756,0.770,0.783,0.791,0.793]
Epoch [104] Testing Results: Prec@1 49.830 Prec@5 84.040 Loss 1.82594
Epoch [104] Testing Class Recall: [0.925,0.950,0.838,0.536,0.455,0.443,0.375,0.305,0.085,0.071]
Epoch [105] Training Results: Prec@1 75.296 Prec@5 90.310 Loss 1.03882
Epoch [105] Training Class Recall: [0.754,0.764,0.691,0.700,0.729,0.753,0.772,0.782,0.790,0.794]
Epoch [105] Testing Results: Prec@1 61.970 Prec@5 90.310 Loss 1.30389
Epoch [105] Testing Class Recall: [0.909,0.988,0.625,0.660,0.638,0.493,0.537,0.549,0.380,0.418]
Epoch [106] Training Results: Prec@1 75.218 Prec@5 90.394 Loss 1.04060
Epoch [106] Training Class Recall: [0.753,0.764,0.687,0.699,0.728,0.749,0.772,0.784,0.790,0.795]
Epoch [106] Testing Results: Prec@1 64.650 Prec@5 91.020 Loss 1.21107
Epoch [106] Testing Class Recall: [0.586,0.967,0.668,0.537,0.702,0.635,0.787,0.798,0.533,0.252]
Epoch [107] Training Results: Prec@1 75.220 Prec@5 90.466 Loss 1.03733
Epoch [107] Training Class Recall: [0.754,0.765,0.686,0.695,0.735,0.748,0.774,0.781,0.790,0.793]
Epoch [107] Testing Results: Prec@1 62.660 Prec@5 90.920 Loss 1.28209
Epoch [107] Testing Class Recall: [0.891,0.920,0.638,0.748,0.671,0.483,0.592,0.349,0.577,0.397]
Epoch [108] Training Results: Prec@1 75.194 Prec@5 90.322 Loss 1.04126
Epoch [108] Training Class Recall: [0.756,0.761,0.687,0.704,0.724,0.745,0.775,0.782,0.791,0.793]
Epoch [108] Testing Results: Prec@1 61.100 Prec@5 90.230 Loss 1.33254
Epoch [108] Testing Class Recall: [0.905,0.975,0.736,0.406,0.616,0.393,0.854,0.461,0.475,0.289]
Epoch [109] Training Results: Prec@1 75.218 Prec@5 90.444 Loss 1.03941
Epoch [109] Training Class Recall: [0.758,0.765,0.684,0.702,0.728,0.748,0.770,0.785,0.788,0.793]
Epoch [109] Testing Results: Prec@1 62.700 Prec@5 88.880 Loss 1.32253
Epoch [109] Testing Class Recall: [0.886,0.931,0.816,0.596,0.614,0.520,0.703,0.658,0.369,0.177]
Epoch [110] Training Results: Prec@1 75.410 Prec@5 90.434 Loss 1.03648
Epoch [110] Training Class Recall: [0.758,0.766,0.686,0.713,0.725,0.755,0.769,0.783,0.790,0.796]
Epoch [110] Testing Results: Prec@1 59.220 Prec@5 90.920 Loss 1.38119
Epoch [110] Testing Class Recall: [0.910,0.978,0.779,0.503,0.492,0.417,0.587,0.651,0.349,0.256]
Epoch [111] Training Results: Prec@1 75.160 Prec@5 90.422 Loss 1.03830
Epoch [111] Training Class Recall: [0.754,0.766,0.688,0.689,0.728,0.754,0.770,0.783,0.791,0.793]
Epoch [111] Testing Results: Prec@1 65.560 Prec@5 93.950 Loss 1.12732
Epoch [111] Testing Class Recall: [0.647,0.932,0.515,0.681,0.610,0.690,0.800,0.612,0.402,0.667]
Epoch [112] Training Results: Prec@1 75.008 Prec@5 90.540 Loss 1.04073
Epoch [112] Training Class Recall: [0.752,0.760,0.681,0.699,0.725,0.746,0.773,0.779,0.789,0.795]
Epoch [112] Testing Results: Prec@1 55.210 Prec@5 86.170 Loss 1.59312
Epoch [112] Testing Class Recall: [0.944,0.868,0.756,0.537,0.618,0.118,0.780,0.375,0.227,0.298]
Epoch [113] Training Results: Prec@1 75.278 Prec@5 90.504 Loss 1.03736
Epoch [113] Training Class Recall: [0.758,0.762,0.692,0.705,0.723,0.748,0.775,0.781,0.791,0.793]
Epoch [113] Testing Results: Prec@1 53.430 Prec@5 84.320 Loss 1.65824
Epoch [113] Testing Class Recall: [0.835,0.920,0.880,0.530,0.546,0.549,0.546,0.411,0.061,0.065]
Epoch [114] Training Results: Prec@1 75.294 Prec@5 90.510 Loss 1.03648
Epoch [114] Training Class Recall: [0.753,0.761,0.682,0.702,0.732,0.754,0.776,0.784,0.792,0.792]
Epoch [114] Testing Results: Prec@1 64.690 Prec@5 93.720 Loss 1.17936
Epoch [114] Testing Class Recall: [0.903,0.915,0.597,0.568,0.597,0.705,0.412,0.591,0.477,0.704]
Epoch [115] Training Results: Prec@1 75.300 Prec@5 90.386 Loss 1.03760
Epoch [115] Training Class Recall: [0.751,0.765,0.690,0.705,0.727,0.753,0.775,0.783,0.785,0.794]
Epoch [115] Testing Results: Prec@1 56.930 Prec@5 89.400 Loss 1.45941
Epoch [115] Testing Class Recall: [0.816,0.990,0.614,0.549,0.743,0.386,0.377,0.424,0.428,0.366]
Epoch [116] Training Results: Prec@1 75.326 Prec@5 90.724 Loss 1.03769
Epoch [116] Training Class Recall: [0.751,0.763,0.695,0.707,0.728,0.749,0.772,0.783,0.790,0.793]
Epoch [116] Testing Results: Prec@1 57.330 Prec@5 88.360 Loss 1.47510
Epoch [116] Testing Class Recall: [0.949,0.901,0.793,0.651,0.427,0.329,0.668,0.519,0.342,0.154]
Epoch [117] Training Results: Prec@1 75.268 Prec@5 90.594 Loss 1.03601
Epoch [117] Training Class Recall: [0.757,0.763,0.689,0.694,0.728,0.752,0.776,0.782,0.792,0.793]
Epoch [117] Testing Results: Prec@1 58.370 Prec@5 89.020 Loss 1.46094
Epoch [117] Testing Class Recall: [0.935,0.970,0.681,0.449,0.642,0.481,0.687,0.527,0.322,0.143]
Epoch [118] Training Results: Prec@1 75.340 Prec@5 90.494 Loss 1.03642
Epoch [118] Training Class Recall: [0.757,0.760,0.689,0.710,0.730,0.752,0.773,0.781,0.788,0.793]
Epoch [118] Testing Results: Prec@1 61.640 Prec@5 89.740 Loss 1.33328
Epoch [118] Testing Class Recall: [0.832,0.991,0.665,0.630,0.743,0.573,0.542,0.635,0.186,0.367]
Epoch [119] Training Results: Prec@1 75.362 Prec@5 90.628 Loss 1.03585
Epoch [119] Training Class Recall: [0.751,0.762,0.693,0.704,0.729,0.752,0.776,0.782,0.791,0.794]
Epoch [119] Testing Results: Prec@1 63.320 Prec@5 90.330 Loss 1.27446
Epoch [119] Testing Class Recall: [0.857,0.973,0.787,0.387,0.686,0.634,0.574,0.716,0.482,0.236]
Epoch [120] Training Results: Prec@1 75.364 Prec@5 90.328 Loss 1.03555
Epoch [120] Training Class Recall: [0.754,0.767,0.690,0.705,0.729,0.751,0.775,0.784,0.790,0.791]
Epoch [120] Testing Results: Prec@1 65.660 Prec@5 92.800 Loss 1.15572
Epoch [120] Testing Class Recall: [0.789,0.970,0.734,0.683,0.683,0.512,0.593,0.634,0.506,0.462]
Epoch [121] Training Results: Prec@1 75.342 Prec@5 90.534 Loss 1.03495
Epoch [121] Training Class Recall: [0.749,0.762,0.692,0.709,0.732,0.749,0.774,0.783,0.790,0.793]
Epoch [121] Testing Results: Prec@1 62.160 Prec@5 90.000 Loss 1.29774
Epoch [121] Testing Class Recall: [0.806,0.903,0.593,0.459,0.742,0.833,0.725,0.533,0.287,0.335]
Epoch [122] Training Results: Prec@1 75.470 Prec@5 90.442 Loss 1.03387
Epoch [122] Training Class Recall: [0.756,0.767,0.691,0.707,0.730,0.754,0.773,0.784,0.791,0.795]
Epoch [122] Testing Results: Prec@1 65.500 Prec@5 91.310 Loss 1.21331
Epoch [122] Testing Class Recall: [0.894,0.951,0.685,0.293,0.732,0.745,0.772,0.568,0.392,0.518]
Epoch [123] Training Results: Prec@1 75.358 Prec@5 90.488 Loss 1.03380
Epoch [123] Training Class Recall: [0.755,0.768,0.695,0.694,0.732,0.755,0.771,0.781,0.790,0.794]
Epoch [123] Testing Results: Prec@1 55.410 Prec@5 85.830 Loss 1.59509
Epoch [123] Testing Class Recall: [0.885,0.948,0.800,0.669,0.678,0.270,0.367,0.421,0.198,0.305]
Epoch [124] Training Results: Prec@1 75.412 Prec@5 90.562 Loss 1.03713
Epoch [124] Training Class Recall: [0.756,0.765,0.693,0.704,0.731,0.750,0.776,0.783,0.789,0.794]
Epoch [124] Testing Results: Prec@1 57.700 Prec@5 92.210 Loss 1.46043
Epoch [124] Testing Class Recall: [0.844,0.955,0.636,0.881,0.511,0.245,0.425,0.539,0.367,0.367]
Epoch [125] Training Results: Prec@1 75.444 Prec@5 90.518 Loss 1.03405
Epoch [125] Training Class Recall: [0.756,0.767,0.690,0.704,0.734,0.751,0.775,0.781,0.790,0.795]
Epoch [125] Testing Results: Prec@1 58.180 Prec@5 87.720 Loss 1.46166
Epoch [125] Testing Class Recall: [0.874,0.972,0.791,0.395,0.418,0.407,0.606,0.649,0.074,0.632]
Epoch [126] Training Results: Prec@1 75.484 Prec@5 90.592 Loss 1.03353
Epoch [126] Training Class Recall: [0.757,0.760,0.699,0.703,0.732,0.751,0.777,0.783,0.791,0.794]
Epoch [126] Testing Results: Prec@1 62.610 Prec@5 91.480 Loss 1.27220
Epoch [126] Testing Class Recall: [0.756,0.933,0.693,0.689,0.622,0.553,0.747,0.389,0.158,0.721]
Epoch [127] Training Results: Prec@1 75.538 Prec@5 90.566 Loss 1.03219
Epoch [127] Training Class Recall: [0.757,0.765,0.695,0.711,0.731,0.753,0.775,0.783,0.788,0.795]
Epoch [127] Testing Results: Prec@1 59.210 Prec@5 90.370 Loss 1.37680
Epoch [127] Testing Class Recall: [0.898,0.983,0.705,0.542,0.658,0.494,0.660,0.348,0.333,0.300]
Epoch [128] Training Results: Prec@1 75.342 Prec@5 90.446 Loss 1.03348
Epoch [128] Training Class Recall: [0.757,0.762,0.686,0.706,0.735,0.747,0.775,0.785,0.788,0.793]
Epoch [128] Testing Results: Prec@1 62.410 Prec@5 92.360 Loss 1.25973
Epoch [128] Testing Class Recall: [0.911,0.930,0.551,0.383,0.530,0.865,0.747,0.555,0.313,0.456]
Epoch [129] Training Results: Prec@1 75.342 Prec@5 90.562 Loss 1.03314
Epoch [129] Training Class Recall: [0.753,0.765,0.691,0.704,0.730,0.745,0.779,0.783,0.790,0.792]
Epoch [129] Testing Results: Prec@1 57.840 Prec@5 89.140 Loss 1.45170
Epoch [129] Testing Class Recall: [0.953,0.921,0.561,0.505,0.759,0.545,0.472,0.614,0.236,0.218]
Epoch [130] Training Results: Prec@1 75.454 Prec@5 90.604 Loss 1.03492
Epoch [130] Training Class Recall: [0.757,0.764,0.695,0.705,0.727,0.756,0.777,0.781,0.792,0.791]
Epoch [130] Testing Results: Prec@1 62.680 Prec@5 91.880 Loss 1.21927
Epoch [130] Testing Class Recall: [0.897,0.809,0.631,0.591,0.763,0.614,0.423,0.670,0.513,0.357]
Epoch [131] Training Results: Prec@1 75.500 Prec@5 90.484 Loss 1.03299
Epoch [131] Training Class Recall: [0.755,0.763,0.696,0.704,0.731,0.756,0.776,0.783,0.789,0.795]
Epoch [131] Testing Results: Prec@1 55.370 Prec@5 89.490 Loss 1.52604
Epoch [131] Testing Class Recall: [0.812,0.968,0.900,0.432,0.433,0.308,0.526,0.331,0.620,0.207]
Epoch [132] Training Results: Prec@1 75.226 Prec@5 90.674 Loss 1.03591
Epoch [132] Training Class Recall: [0.750,0.761,0.692,0.700,0.727,0.748,0.774,0.786,0.791,0.793]
Epoch [132] Testing Results: Prec@1 62.700 Prec@5 91.050 Loss 1.25518
Epoch [132] Testing Class Recall: [0.875,0.962,0.726,0.361,0.670,0.591,0.570,0.561,0.626,0.328]
Epoch [133] Training Results: Prec@1 75.478 Prec@5 90.648 Loss 1.03144
Epoch [133] Training Class Recall: [0.759,0.764,0.696,0.709,0.732,0.751,0.771,0.785,0.786,0.793]
Epoch [133] Testing Results: Prec@1 62.560 Prec@5 92.200 Loss 1.27515
Epoch [133] Testing Class Recall: [0.897,0.906,0.675,0.765,0.507,0.368,0.429,0.568,0.661,0.480]
Epoch [134] Training Results: Prec@1 75.632 Prec@5 90.556 Loss 1.03191
Epoch [134] Training Class Recall: [0.760,0.764,0.701,0.707,0.733,0.756,0.774,0.784,0.790,0.793]
Epoch [134] Testing Results: Prec@1 53.970 Prec@5 88.890 Loss 1.60254
Epoch [134] Testing Class Recall: [0.982,0.821,0.602,0.707,0.628,0.231,0.329,0.536,0.364,0.197]
Epoch [135] Training Results: Prec@1 75.434 Prec@5 90.738 Loss 1.03157
Epoch [135] Training Class Recall: [0.753,0.760,0.695,0.704,0.732,0.755,0.774,0.784,0.791,0.794]
Epoch [135] Testing Results: Prec@1 64.840 Prec@5 91.500 Loss 1.22931
Epoch [135] Testing Class Recall: [0.764,0.962,0.642,0.565,0.861,0.552,0.756,0.535,0.470,0.377]
Epoch [136] Training Results: Prec@1 75.436 Prec@5 90.482 Loss 1.03462
Epoch [136] Training Class Recall: [0.756,0.765,0.695,0.698,0.737,0.752,0.776,0.785,0.787,0.793]
Epoch [136] Testing Results: Prec@1 61.950 Prec@5 92.070 Loss 1.28662
Epoch [136] Testing Class Recall: [0.869,0.814,0.854,0.508,0.465,0.433,0.788,0.412,0.650,0.402]
Epoch [137] Training Results: Prec@1 75.682 Prec@5 90.622 Loss 1.02711
Epoch [137] Training Class Recall: [0.755,0.768,0.700,0.708,0.734,0.757,0.774,0.785,0.792,0.794]
Epoch [137] Testing Results: Prec@1 64.780 Prec@5 91.580 Loss 1.18444
Epoch [137] Testing Class Recall: [0.902,0.936,0.689,0.534,0.656,0.380,0.716,0.546,0.399,0.720]
Epoch [138] Training Results: Prec@1 75.388 Prec@5 90.600 Loss 1.03125
Epoch [138] Training Class Recall: [0.753,0.767,0.700,0.701,0.730,0.751,0.775,0.778,0.789,0.793]
Epoch [138] Testing Results: Prec@1 60.570 Prec@5 90.650 Loss 1.33425
Epoch [138] Testing Class Recall: [0.903,0.914,0.761,0.744,0.497,0.378,0.666,0.498,0.277,0.419]
Epoch [139] Training Results: Prec@1 75.498 Prec@5 90.398 Loss 1.03206
Epoch [139] Training Class Recall: [0.759,0.763,0.696,0.707,0.730,0.754,0.775,0.783,0.789,0.793]
Epoch [139] Testing Results: Prec@1 56.370 Prec@5 89.130 Loss 1.45460
Epoch [139] Testing Class Recall: [0.956,0.877,0.706,0.564,0.559,0.339,0.418,0.509,0.466,0.243]
Epoch [140] Training Results: Prec@1 75.598 Prec@5 90.564 Loss 1.02955
Epoch [140] Training Class Recall: [0.752,0.771,0.691,0.709,0.735,0.757,0.775,0.783,0.792,0.794]
Epoch [140] Testing Results: Prec@1 66.530 Prec@5 94.190 Loss 1.11398
Epoch [140] Testing Class Recall: [0.899,0.949,0.495,0.498,0.660,0.621,0.726,0.662,0.722,0.421]
Epoch [141] Training Results: Prec@1 75.488 Prec@5 90.688 Loss 1.03001
Epoch [141] Training Class Recall: [0.749,0.762,0.693,0.705,0.732,0.753,0.780,0.787,0.792,0.794]
Epoch [141] Testing Results: Prec@1 62.440 Prec@5 91.120 Loss 1.29205
Epoch [141] Testing Class Recall: [0.937,0.945,0.482,0.637,0.362,0.544,0.852,0.649,0.316,0.520]
Epoch [142] Training Results: Prec@1 75.554 Prec@5 90.528 Loss 1.03081
Epoch [142] Training Class Recall: [0.757,0.765,0.692,0.704,0.733,0.758,0.777,0.783,0.791,0.794]
Epoch [142] Testing Results: Prec@1 56.200 Prec@5 84.580 Loss 1.52763
Epoch [142] Testing Class Recall: [0.902,0.965,0.647,0.633,0.476,0.474,0.863,0.321,0.072,0.267]
Epoch [143] Training Results: Prec@1 75.602 Prec@5 90.676 Loss 1.03027
Epoch [143] Training Class Recall: [0.761,0.766,0.699,0.706,0.733,0.753,0.775,0.782,0.790,0.795]
Epoch [143] Testing Results: Prec@1 50.630 Prec@5 87.690 Loss 1.64838
Epoch [143] Testing Class Recall: [0.940,0.969,0.728,0.598,0.402,0.266,0.414,0.249,0.169,0.328]
Epoch [144] Training Results: Prec@1 75.432 Prec@5 90.754 Loss 1.02885
Epoch [144] Training Class Recall: [0.755,0.766,0.696,0.709,0.728,0.750,0.774,0.782,0.789,0.794]
Epoch [144] Testing Results: Prec@1 57.100 Prec@5 87.230 Loss 1.49822
Epoch [144] Testing Class Recall: [0.962,0.962,0.721,0.486,0.524,0.384,0.342,0.603,0.425,0.301]
Epoch [145] Training Results: Prec@1 75.506 Prec@5 90.822 Loss 1.02819
Epoch [145] Training Class Recall: [0.752,0.767,0.692,0.703,0.733,0.754,0.776,0.786,0.791,0.796]
Epoch [145] Testing Results: Prec@1 60.380 Prec@5 90.510 Loss 1.32545
Epoch [145] Testing Class Recall: [0.899,0.914,0.817,0.607,0.593,0.444,0.616,0.489,0.415,0.244]
Epoch [146] Training Results: Prec@1 75.778 Prec@5 90.540 Loss 1.02694
Epoch [146] Training Class Recall: [0.761,0.768,0.694,0.715,0.737,0.757,0.775,0.784,0.792,0.795]
Epoch [146] Testing Results: Prec@1 59.590 Prec@5 90.020 Loss 1.40868
Epoch [146] Testing Class Recall: [0.953,0.836,0.704,0.236,0.684,0.516,0.487,0.573,0.429,0.541]
Epoch [147] Training Results: Prec@1 75.622 Prec@5 90.696 Loss 1.02761
Epoch [147] Training Class Recall: [0.759,0.762,0.698,0.706,0.732,0.755,0.782,0.782,0.791,0.794]
Epoch [147] Testing Results: Prec@1 56.530 Prec@5 90.260 Loss 1.44769
Epoch [147] Testing Class Recall: [0.930,0.965,0.771,0.498,0.589,0.344,0.376,0.519,0.366,0.295]
Epoch [148] Training Results: Prec@1 75.508 Prec@5 90.666 Loss 1.03051
Epoch [148] Training Class Recall: [0.752,0.767,0.690,0.713,0.730,0.752,0.778,0.782,0.790,0.796]
Epoch [148] Testing Results: Prec@1 55.060 Prec@5 88.300 Loss 1.51604
Epoch [148] Testing Class Recall: [0.987,0.841,0.572,0.554,0.447,0.609,0.603,0.524,0.270,0.099]
Epoch [149] Training Results: Prec@1 75.704 Prec@5 90.530 Loss 1.02684
Epoch [149] Training Class Recall: [0.758,0.767,0.701,0.708,0.733,0.758,0.777,0.786,0.787,0.794]
Epoch [149] Testing Results: Prec@1 61.820 Prec@5 90.740 Loss 1.28635
Epoch [149] Testing Class Recall: [0.871,0.978,0.616,0.644,0.459,0.445,0.681,0.715,0.349,0.424]
Epoch [150] Training Results: Prec@1 75.634 Prec@5 90.642 Loss 1.02437
Epoch [150] Training Class Recall: [0.753,0.765,0.699,0.711,0.734,0.755,0.777,0.784,0.788,0.796]
Epoch [150] Testing Results: Prec@1 64.050 Prec@5 92.920 Loss 1.19758
Epoch [150] Testing Class Recall: [0.940,0.867,0.687,0.549,0.752,0.421,0.570,0.687,0.334,0.598]
Epoch [151] Training Results: Prec@1 75.556 Prec@5 90.660 Loss 1.02829
Epoch [151] Training Class Recall: [0.760,0.761,0.696,0.708,0.737,0.752,0.772,0.785,0.789,0.794]
Epoch [151] Testing Results: Prec@1 63.380 Prec@5 91.520 Loss 1.27806
Epoch [151] Testing Class Recall: [0.922,0.925,0.826,0.449,0.588,0.475,0.693,0.548,0.368,0.544]
Epoch [152] Training Results: Prec@1 75.776 Prec@5 90.788 Loss 1.02111
Epoch [152] Training Class Recall: [0.757,0.765,0.705,0.712,0.733,0.755,0.778,0.786,0.791,0.795]
Epoch [152] Testing Results: Prec@1 57.600 Prec@5 88.860 Loss 1.47061
Epoch [152] Testing Class Recall: [0.957,0.940,0.586,0.432,0.627,0.320,0.769,0.564,0.287,0.278]
Epoch [153] Training Results: Prec@1 75.280 Prec@5 90.628 Loss 1.03424
Epoch [153] Training Class Recall: [0.753,0.763,0.693,0.697,0.731,0.751,0.774,0.782,0.791,0.793]
Epoch [153] Testing Results: Prec@1 59.820 Prec@5 90.550 Loss 1.36440
Epoch [153] Testing Class Recall: [0.923,0.935,0.804,0.448,0.684,0.401,0.401,0.626,0.372,0.388]
Epoch [154] Training Results: Prec@1 75.710 Prec@5 90.632 Loss 1.02385
Epoch [154] Training Class Recall: [0.760,0.764,0.693,0.712,0.735,0.756,0.779,0.785,0.791,0.794]
Epoch [154] Testing Results: Prec@1 62.730 Prec@5 90.550 Loss 1.26078
Epoch [154] Testing Class Recall: [0.894,0.951,0.414,0.576,0.394,0.534,0.763,0.698,0.372,0.677]
Epoch [155] Training Results: Prec@1 75.380 Prec@5 90.846 Loss 1.02907
Epoch [155] Training Class Recall: [0.755,0.765,0.689,0.700,0.733,0.747,0.774,0.786,0.790,0.798]
Epoch [155] Testing Results: Prec@1 60.650 Prec@5 89.170 Loss 1.41535
Epoch [155] Testing Class Recall: [0.827,0.976,0.630,0.649,0.487,0.739,0.602,0.504,0.367,0.284]
Epoch [156] Training Results: Prec@1 75.556 Prec@5 90.920 Loss 1.02635
Epoch [156] Training Class Recall: [0.758,0.761,0.689,0.709,0.737,0.755,0.775,0.786,0.790,0.793]
Epoch [156] Testing Results: Prec@1 54.970 Prec@5 90.110 Loss 1.49546
Epoch [156] Testing Class Recall: [0.855,0.912,0.900,0.479,0.393,0.378,0.571,0.512,0.159,0.338]
Epoch [157] Training Results: Prec@1 75.628 Prec@5 90.792 Loss 1.02751
Epoch [157] Training Class Recall: [0.754,0.760,0.699,0.719,0.736,0.753,0.774,0.785,0.790,0.793]
Epoch [157] Testing Results: Prec@1 60.110 Prec@5 92.110 Loss 1.35603
Epoch [157] Testing Class Recall: [0.956,0.953,0.657,0.640,0.594,0.558,0.475,0.571,0.279,0.328]
Epoch [158] Training Results: Prec@1 75.750 Prec@5 90.676 Loss 1.02422
Epoch [158] Training Class Recall: [0.757,0.766,0.700,0.710,0.738,0.758,0.777,0.782,0.792,0.794]
Epoch [158] Testing Results: Prec@1 58.460 Prec@5 87.830 Loss 1.46375
Epoch [158] Testing Class Recall: [0.905,0.948,0.794,0.654,0.549,0.471,0.595,0.432,0.107,0.391]
Epoch [159] Training Results: Prec@1 75.616 Prec@5 90.814 Loss 1.02772
Epoch [159] Training Class Recall: [0.756,0.766,0.698,0.709,0.733,0.759,0.774,0.782,0.790,0.793]
Epoch [159] Testing Results: Prec@1 66.560 Prec@5 92.840 Loss 1.13905
Epoch [159] Testing Class Recall: [0.739,0.938,0.456,0.597,0.651,0.581,0.868,0.726,0.633,0.467]
Epoch [160] Training Results: Prec@1 77.194 Prec@5 91.334 Loss 0.97338
Epoch [160] Training Class Recall: [0.755,0.784,0.725,0.740,0.749,0.775,0.795,0.799,0.798,0.797]
Epoch [160] Testing Results: Prec@1 65.220 Prec@5 92.130 Loss 1.21933
Epoch [160] Testing Class Recall: [0.930,0.971,0.743,0.687,0.673,0.524,0.680,0.584,0.393,0.337]
Epoch [161] Training Results: Prec@1 78.094 Prec@5 91.600 Loss 0.94713
Epoch [161] Training Class Recall: [0.776,0.783,0.752,0.758,0.765,0.782,0.795,0.799,0.798,0.799]
Epoch [161] Testing Results: Prec@1 65.130 Prec@5 92.480 Loss 1.21693
Epoch [161] Testing Class Recall: [0.938,0.967,0.752,0.687,0.667,0.513,0.677,0.581,0.384,0.347]
Epoch [162] Training Results: Prec@1 78.336 Prec@5 91.826 Loss 0.93681
Epoch [162] Training Class Recall: [0.782,0.785,0.753,0.760,0.769,0.787,0.797,0.799,0.800,0.801]
Epoch [162] Testing Results: Prec@1 65.680 Prec@5 92.630 Loss 1.19669
Epoch [162] Testing Class Recall: [0.931,0.973,0.772,0.685,0.671,0.537,0.679,0.579,0.408,0.333]
Epoch [163] Training Results: Prec@1 78.546 Prec@5 91.998 Loss 0.93145
Epoch [163] Training Class Recall: [0.781,0.785,0.762,0.767,0.772,0.790,0.798,0.799,0.798,0.801]
Epoch [163] Testing Results: Prec@1 64.620 Prec@5 92.270 Loss 1.22863
Epoch [163] Testing Class Recall: [0.942,0.971,0.759,0.697,0.670,0.508,0.655,0.582,0.372,0.306]
Epoch [164] Training Results: Prec@1 78.754 Prec@5 92.100 Loss 0.92698
Epoch [164] Training Class Recall: [0.786,0.787,0.766,0.771,0.776,0.793,0.798,0.801,0.798,0.800]
Epoch [164] Testing Results: Prec@1 65.350 Prec@5 92.920 Loss 1.20587
Epoch [164] Testing Class Recall: [0.946,0.967,0.770,0.681,0.679,0.523,0.673,0.582,0.363,0.351]
Epoch [165] Training Results: Prec@1 78.840 Prec@5 92.274 Loss 0.92165
Epoch [165] Training Class Recall: [0.785,0.788,0.767,0.773,0.779,0.792,0.799,0.801,0.799,0.801]
Epoch [165] Testing Results: Prec@1 64.980 Prec@5 92.320 Loss 1.22375
Epoch [165] Testing Class Recall: [0.943,0.968,0.767,0.702,0.700,0.525,0.658,0.561,0.375,0.299]
Epoch [166] Training Results: Prec@1 78.898 Prec@5 92.292 Loss 0.91651
Epoch [166] Training Class Recall: [0.787,0.789,0.767,0.772,0.781,0.793,0.799,0.801,0.800,0.801]
Epoch [166] Testing Results: Prec@1 64.630 Prec@5 92.230 Loss 1.24531
Epoch [166] Testing Class Recall: [0.948,0.967,0.760,0.706,0.694,0.515,0.647,0.569,0.335,0.322]
Epoch [167] Training Results: Prec@1 79.062 Prec@5 92.382 Loss 0.91272
Epoch [167] Training Class Recall: [0.789,0.789,0.769,0.776,0.783,0.795,0.800,0.801,0.800,0.802]
Epoch [167] Testing Results: Prec@1 64.780 Prec@5 92.660 Loss 1.23218
Epoch [167] Testing Class Recall: [0.945,0.968,0.766,0.704,0.671,0.507,0.645,0.579,0.357,0.336]
Epoch [168] Training Results: Prec@1 79.064 Prec@5 92.448 Loss 0.91111
Epoch [168] Training Class Recall: [0.789,0.788,0.773,0.775,0.782,0.793,0.802,0.803,0.798,0.802]
Epoch [168] Testing Results: Prec@1 65.090 Prec@5 92.640 Loss 1.22351
Epoch [168] Testing Class Recall: [0.942,0.969,0.779,0.694,0.687,0.532,0.647,0.564,0.354,0.341]
Epoch [169] Training Results: Prec@1 79.098 Prec@5 92.460 Loss 0.90928
Epoch [169] Training Class Recall: [0.788,0.791,0.771,0.775,0.785,0.795,0.800,0.802,0.800,0.802]
Epoch [169] Testing Results: Prec@1 65.270 Prec@5 92.270 Loss 1.22530
Epoch [169] Testing Class Recall: [0.940,0.973,0.783,0.701,0.692,0.523,0.650,0.579,0.357,0.329]
Epoch [170] Training Results: Prec@1 79.168 Prec@5 92.540 Loss 0.90482
Epoch [170] Training Class Recall: [0.788,0.791,0.776,0.779,0.784,0.796,0.802,0.800,0.799,0.802]
Epoch [170] Testing Results: Prec@1 65.240 Prec@5 92.410 Loss 1.22028
Epoch [170] Testing Class Recall: [0.940,0.969,0.777,0.693,0.700,0.540,0.633,0.582,0.366,0.324]
Epoch [171] Training Results: Prec@1 79.148 Prec@5 92.614 Loss 0.90498
Epoch [171] Training Class Recall: [0.787,0.790,0.773,0.781,0.783,0.795,0.802,0.802,0.800,0.802]
Epoch [171] Testing Results: Prec@1 65.150 Prec@5 91.980 Loss 1.23651
Epoch [171] Testing Class Recall: [0.943,0.970,0.783,0.695,0.710,0.521,0.662,0.571,0.343,0.317]
Epoch [172] Training Results: Prec@1 79.248 Prec@5 92.704 Loss 0.90186
Epoch [172] Training Class Recall: [0.789,0.792,0.770,0.784,0.787,0.797,0.801,0.802,0.798,0.803]
Epoch [172] Testing Results: Prec@1 64.660 Prec@5 91.910 Loss 1.25102
Epoch [172] Testing Class Recall: [0.943,0.969,0.789,0.693,0.710,0.522,0.646,0.559,0.344,0.291]
Epoch [173] Training Results: Prec@1 79.316 Prec@5 92.610 Loss 0.89936
Epoch [173] Training Class Recall: [0.790,0.791,0.780,0.779,0.788,0.798,0.804,0.802,0.799,0.802]
Epoch [173] Testing Results: Prec@1 65.270 Prec@5 92.340 Loss 1.22697
Epoch [173] Testing Class Recall: [0.944,0.968,0.774,0.707,0.694,0.519,0.653,0.570,0.344,0.354]
Epoch [174] Training Results: Prec@1 79.374 Prec@5 92.666 Loss 0.89748
Epoch [174] Training Class Recall: [0.791,0.793,0.781,0.784,0.785,0.796,0.802,0.801,0.801,0.802]
Epoch [174] Testing Results: Prec@1 65.750 Prec@5 92.590 Loss 1.20138
Epoch [174] Testing Class Recall: [0.946,0.967,0.764,0.693,0.698,0.529,0.663,0.587,0.380,0.348]
Epoch [175] Training Results: Prec@1 79.360 Prec@5 92.718 Loss 0.89700
Epoch [175] Training Class Recall: [0.794,0.792,0.777,0.784,0.787,0.797,0.802,0.802,0.800,0.803]
Epoch [175] Testing Results: Prec@1 65.710 Prec@5 92.430 Loss 1.21143
Epoch [175] Testing Class Recall: [0.942,0.969,0.780,0.689,0.710,0.533,0.661,0.563,0.397,0.327]
Epoch [176] Training Results: Prec@1 79.410 Prec@5 92.848 Loss 0.89432
Epoch [176] Training Class Recall: [0.792,0.791,0.780,0.784,0.786,0.800,0.803,0.802,0.800,0.803]
Epoch [176] Testing Results: Prec@1 65.290 Prec@5 91.950 Loss 1.22455
Epoch [176] Testing Class Recall: [0.943,0.972,0.778,0.700,0.687,0.533,0.675,0.559,0.366,0.316]
Epoch [177] Training Results: Prec@1 79.462 Prec@5 92.746 Loss 0.89384
Epoch [177] Training Class Recall: [0.793,0.792,0.782,0.786,0.787,0.799,0.804,0.802,0.799,0.803]
Epoch [177] Testing Results: Prec@1 65.390 Prec@5 92.000 Loss 1.22737
Epoch [177] Testing Class Recall: [0.942,0.971,0.779,0.695,0.692,0.520,0.668,0.563,0.372,0.337]
Epoch [178] Training Results: Prec@1 79.340 Prec@5 92.898 Loss 0.89475
Epoch [178] Training Class Recall: [0.791,0.792,0.777,0.781,0.787,0.800,0.801,0.803,0.800,0.803]
Epoch [178] Testing Results: Prec@1 65.260 Prec@5 92.100 Loss 1.23241
Epoch [178] Testing Class Recall: [0.947,0.968,0.781,0.683,0.702,0.517,0.676,0.563,0.357,0.332]
Epoch [179] Training Results: Prec@1 79.510 Prec@5 92.872 Loss 0.88995
Epoch [179] Training Class Recall: [0.796,0.793,0.783,0.785,0.787,0.802,0.801,0.802,0.801,0.802]
Epoch [179] Testing Results: Prec@1 65.450 Prec@5 91.790 Loss 1.22985
Epoch [179] Testing Class Recall: [0.932,0.972,0.794,0.701,0.703,0.515,0.656,0.555,0.369,0.348]
Epoch [180] Training Results: Prec@1 79.418 Prec@5 92.938 Loss 0.89073
Epoch [180] Training Class Recall: [0.792,0.792,0.782,0.786,0.787,0.798,0.801,0.802,0.800,0.802]
Epoch [180] Testing Results: Prec@1 64.780 Prec@5 91.750 Loss 1.24736
Epoch [180] Testing Class Recall: [0.939,0.977,0.785,0.701,0.681,0.520,0.633,0.563,0.347,0.332]
Epoch [181] Training Results: Prec@1 79.484 Prec@5 92.916 Loss 0.88967
Epoch [181] Training Class Recall: [0.792,0.791,0.784,0.787,0.786,0.800,0.802,0.804,0.799,0.803]
Epoch [181] Testing Results: Prec@1 64.290 Prec@5 91.590 Loss 1.26585
Epoch [181] Testing Class Recall: [0.946,0.963,0.776,0.703,0.700,0.512,0.630,0.545,0.339,0.315]
Epoch [182] Training Results: Prec@1 79.524 Prec@5 93.026 Loss 0.88948
Epoch [182] Training Class Recall: [0.794,0.792,0.784,0.788,0.789,0.798,0.802,0.803,0.800,0.803]
Epoch [182] Testing Results: Prec@1 64.720 Prec@5 91.560 Loss 1.25436
Epoch [182] Testing Class Recall: [0.937,0.978,0.787,0.692,0.695,0.515,0.648,0.557,0.353,0.310]
Epoch [183] Training Results: Prec@1 79.460 Prec@5 92.980 Loss 0.88944
Epoch [183] Training Class Recall: [0.790,0.794,0.782,0.786,0.786,0.800,0.803,0.802,0.801,0.802]
Epoch [183] Testing Results: Prec@1 65.080 Prec@5 91.950 Loss 1.22783
Epoch [183] Testing Class Recall: [0.943,0.972,0.764,0.696,0.692,0.524,0.643,0.583,0.365,0.326]
Epoch [184] Training Results: Prec@1 79.480 Prec@5 92.902 Loss 0.88807
Epoch [184] Training Class Recall: [0.792,0.794,0.782,0.787,0.788,0.801,0.800,0.801,0.799,0.803]
Epoch [184] Testing Results: Prec@1 65.620 Prec@5 91.970 Loss 1.22405
Epoch [184] Testing Class Recall: [0.933,0.977,0.797,0.693,0.691,0.520,0.653,0.567,0.392,0.339]
Epoch [185] Training Results: Prec@1 79.528 Prec@5 92.880 Loss 0.88871
Epoch [185] Training Class Recall: [0.796,0.793,0.781,0.789,0.787,0.800,0.801,0.804,0.799,0.803]
Epoch [185] Testing Results: Prec@1 64.480 Prec@5 91.640 Loss 1.26194
Epoch [185] Testing Class Recall: [0.945,0.973,0.776,0.700,0.668,0.501,0.620,0.567,0.378,0.320]
Epoch [186] Training Results: Prec@1 79.462 Prec@5 92.910 Loss 0.89038
Epoch [186] Training Class Recall: [0.793,0.791,0.781,0.785,0.789,0.800,0.803,0.803,0.800,0.803]
Epoch [186] Testing Results: Prec@1 64.310 Prec@5 91.600 Loss 1.26224
Epoch [186] Testing Class Recall: [0.946,0.973,0.779,0.691,0.684,0.522,0.627,0.572,0.330,0.307]
Epoch [187] Training Results: Prec@1 79.478 Prec@5 92.884 Loss 0.88950
Epoch [187] Training Class Recall: [0.792,0.794,0.782,0.783,0.789,0.801,0.802,0.802,0.800,0.803]
Epoch [187] Testing Results: Prec@1 65.490 Prec@5 92.150 Loss 1.21881
Epoch [187] Testing Class Recall: [0.941,0.963,0.783,0.696,0.696,0.530,0.654,0.567,0.389,0.330]
Epoch [188] Training Results: Prec@1 79.478 Prec@5 92.926 Loss 0.88803
Epoch [188] Training Class Recall: [0.794,0.795,0.780,0.788,0.786,0.798,0.804,0.801,0.800,0.802]
Epoch [188] Testing Results: Prec@1 64.240 Prec@5 91.610 Loss 1.26054
Epoch [188] Testing Class Recall: [0.947,0.967,0.767,0.697,0.692,0.505,0.626,0.561,0.340,0.322]
Epoch [189] Training Results: Prec@1 79.468 Prec@5 92.766 Loss 0.89034
Epoch [189] Training Class Recall: [0.791,0.793,0.782,0.786,0.788,0.800,0.802,0.803,0.799,0.803]
Epoch [189] Testing Results: Prec@1 65.410 Prec@5 92.020 Loss 1.22340
Epoch [189] Testing Class Recall: [0.940,0.974,0.772,0.697,0.699,0.525,0.657,0.570,0.366,0.341]
Epoch [190] Training Results: Prec@1 79.482 Prec@5 92.912 Loss 0.88906
Epoch [190] Training Class Recall: [0.792,0.793,0.782,0.788,0.785,0.800,0.803,0.803,0.800,0.802]
Epoch [190] Testing Results: Prec@1 65.170 Prec@5 91.980 Loss 1.23766
Epoch [190] Testing Class Recall: [0.942,0.974,0.783,0.686,0.702,0.525,0.648,0.566,0.373,0.318]
Epoch [191] Training Results: Prec@1 79.524 Prec@5 92.944 Loss 0.88759
Epoch [191] Training Class Recall: [0.794,0.792,0.785,0.783,0.787,0.802,0.802,0.803,0.800,0.803]
Epoch [191] Testing Results: Prec@1 64.470 Prec@5 91.550 Loss 1.25974
Epoch [191] Testing Class Recall: [0.944,0.973,0.779,0.689,0.683,0.509,0.637,0.564,0.351,0.318]
Epoch [192] Training Results: Prec@1 79.530 Prec@5 92.918 Loss 0.88826
Epoch [192] Training Class Recall: [0.792,0.794,0.784,0.786,0.788,0.800,0.804,0.802,0.800,0.802]
Epoch [192] Testing Results: Prec@1 64.270 Prec@5 91.710 Loss 1.26578
Epoch [192] Testing Class Recall: [0.947,0.971,0.781,0.688,0.682,0.520,0.635,0.558,0.336,0.309]
Epoch [193] Training Results: Prec@1 79.480 Prec@5 92.974 Loss 0.88808
Epoch [193] Training Class Recall: [0.793,0.790,0.785,0.783,0.789,0.799,0.803,0.802,0.800,0.803]
Epoch [193] Testing Results: Prec@1 65.170 Prec@5 91.900 Loss 1.23724
Epoch [193] Testing Class Recall: [0.945,0.975,0.768,0.689,0.700,0.517,0.674,0.572,0.347,0.330]
Epoch [194] Training Results: Prec@1 79.496 Prec@5 92.892 Loss 0.88885
Epoch [194] Training Class Recall: [0.794,0.793,0.781,0.784,0.790,0.800,0.804,0.802,0.800,0.802]
Epoch [194] Testing Results: Prec@1 64.750 Prec@5 91.680 Loss 1.24978
Epoch [194] Testing Class Recall: [0.939,0.968,0.784,0.702,0.687,0.518,0.637,0.545,0.355,0.340]
Epoch [195] Training Results: Prec@1 79.498 Prec@5 92.958 Loss 0.88960
Epoch [195] Training Class Recall: [0.792,0.793,0.781,0.786,0.790,0.799,0.802,0.803,0.801,0.801]
Epoch [195] Testing Results: Prec@1 64.070 Prec@5 91.500 Loss 1.27767
Epoch [195] Testing Class Recall: [0.950,0.969,0.774,0.696,0.673,0.486,0.651,0.556,0.328,0.324]
Epoch [196] Training Results: Prec@1 79.522 Prec@5 92.850 Loss 0.88837
Epoch [196] Training Class Recall: [0.793,0.794,0.784,0.785,0.789,0.801,0.801,0.802,0.800,0.802]
Epoch [196] Testing Results: Prec@1 65.130 Prec@5 91.950 Loss 1.23282
Epoch [196] Testing Class Recall: [0.940,0.963,0.785,0.694,0.704,0.512,0.656,0.572,0.357,0.330]
Epoch [197] Training Results: Prec@1 79.404 Prec@5 92.976 Loss 0.88840
Epoch [197] Training Class Recall: [0.791,0.791,0.781,0.787,0.786,0.799,0.801,0.802,0.800,0.802]
Epoch [197] Testing Results: Prec@1 64.060 Prec@5 91.330 Loss 1.27779
Epoch [197] Testing Class Recall: [0.943,0.974,0.773,0.696,0.702,0.505,0.625,0.570,0.333,0.285]
Epoch [198] Training Results: Prec@1 79.508 Prec@5 92.892 Loss 0.88906
Epoch [198] Training Class Recall: [0.794,0.794,0.786,0.786,0.787,0.799,0.801,0.801,0.800,0.802]
Epoch [198] Testing Results: Prec@1 65.270 Prec@5 91.970 Loss 1.23259
Epoch [198] Testing Class Recall: [0.936,0.973,0.794,0.688,0.704,0.528,0.642,0.568,0.375,0.319]
Epoch [199] Training Results: Prec@1 79.528 Prec@5 92.836 Loss 0.88805
Epoch [199] Training Class Recall: [0.793,0.793,0.780,0.788,0.788,0.800,0.802,0.804,0.801,0.803]
Epoch [199] Testing Results: Prec@1 64.970 Prec@5 91.650 Loss 1.24648
Epoch [199] Testing Class Recall: [0.942,0.970,0.785,0.701,0.688,0.513,0.654,0.574,0.340,0.330]
