Log file: cifar10_sava0.5_deepsmote_sava_exp0.01_seed42_20260614_045555.log
Run started: 2026-06-14 04:55:55.241711
Dataset: cifar10
Imbalance type: exp, factor: 0.01
Selection method: sava, ratio: 0.5
Strategy: DeepSMOTE_Sava, epochs: 200
Seed: 42, rand_number: 0
Augmentation: weak
Noise ratio: 0.2
mamix_ratio: 1.0
============================================================

=> No CSV or TensorBoard logging – only console and debug log.
-----------------------------------------------
Class ID   | Original   | Selected   | Keep %  
-----------------------------------------------
0          | 4977       | 2563       |   51.5%
1          | 5037       | 2078       |   41.3%
2          | 4948       | 3790       |   76.6%
3          | 5000       | 2147       |   42.9%
4          | 5022       | 2813       |   56.0%
5          | 5006       | 2027       |   40.5%
6          | 4992       | 2154       |   43.1%
7          | 5011       | 2649       |   52.9%
8          | 4978       | 2443       |   49.1%
9          | 5029       | 2336       |   46.5%
-----------------------------------------------
TOTAL      | 50000      | 25000      |   50.0%
-----------------------------------------------
Epoch [0] Training Results: Prec@1 28.584 Prec@5 76.200 Loss 2.02763
Epoch [0] Training Class Recall: [0.268,0.320,0.350,0.148,0.212,0.162,0.152,0.332,0.437,0.407]
Epoch [0] Testing Results: Prec@1 24.550 Prec@5 70.920 Loss 2.29352
Epoch [0] Testing Class Recall: [0.390,0.841,0.503,0.041,0.045,0.001,0.065,0.124,0.425,0.020]
Epoch [1] Training Results: Prec@1 40.072 Prec@5 82.704 Loss 1.81226
Epoch [1] Training Class Recall: [0.442,0.424,0.417,0.188,0.255,0.203,0.344,0.530,0.588,0.562]
Epoch [1] Testing Results: Prec@1 33.000 Prec@5 78.820 Loss 1.96096
Epoch [1] Testing Class Recall: [0.395,0.830,0.439,0.017,0.339,0.191,0.294,0.448,0.272,0.075]
Epoch [2] Training Results: Prec@1 47.736 Prec@5 85.444 Loss 1.66015
Epoch [2] Training Class Recall: [0.514,0.481,0.499,0.242,0.324,0.283,0.473,0.609,0.647,0.646]
Epoch [2] Testing Results: Prec@1 29.660 Prec@5 78.240 Loss 2.30966
Epoch [2] Testing Class Recall: [0.070,0.456,0.268,0.040,0.106,0.168,0.053,0.753,0.366,0.686]
Epoch [3] Training Results: Prec@1 52.024 Prec@5 86.824 Loss 1.55752
Epoch [3] Training Class Recall: [0.545,0.514,0.528,0.217,0.406,0.349,0.554,0.661,0.687,0.686]
Epoch [3] Testing Results: Prec@1 35.740 Prec@5 82.340 Loss 1.98164
Epoch [3] Testing Class Recall: [0.680,0.810,0.303,0.027,0.181,0.127,0.429,0.818,0.159,0.040]
Epoch [4] Training Results: Prec@1 55.272 Prec@5 87.456 Loss 1.49247
Epoch [4] Training Class Recall: [0.572,0.548,0.560,0.274,0.445,0.397,0.571,0.688,0.705,0.715]
Epoch [4] Testing Results: Prec@1 38.360 Prec@5 80.250 Loss 1.98405
Epoch [4] Testing Class Recall: [0.177,0.958,0.512,0.054,0.280,0.241,0.416,0.602,0.590,0.006]
Epoch [5] Training Results: Prec@1 58.540 Prec@5 87.928 Loss 1.42090
Epoch [5] Training Class Recall: [0.594,0.589,0.577,0.348,0.501,0.426,0.619,0.703,0.732,0.727]
Epoch [5] Testing Results: Prec@1 44.530 Prec@5 88.970 Loss 1.62982
Epoch [5] Testing Class Recall: [0.865,0.698,0.542,0.296,0.320,0.306,0.543,0.469,0.216,0.198]
Epoch [6] Training Results: Prec@1 61.064 Prec@5 88.556 Loss 1.37081
Epoch [6] Training Class Recall: [0.612,0.612,0.604,0.388,0.537,0.480,0.617,0.729,0.751,0.740]
Epoch [6] Testing Results: Prec@1 44.270 Prec@5 86.160 Loss 1.70306
Epoch [6] Testing Class Recall: [0.754,0.910,0.472,0.249,0.256,0.549,0.603,0.287,0.324,0.023]
Epoch [7] Training Results: Prec@1 62.604 Prec@5 88.664 Loss 1.33339
Epoch [7] Training Class Recall: [0.629,0.615,0.615,0.435,0.571,0.487,0.651,0.725,0.759,0.738]
Epoch [7] Testing Results: Prec@1 39.800 Prec@5 83.970 Loss 1.85463
Epoch [7] Testing Class Recall: [0.698,0.800,0.546,0.069,0.425,0.118,0.342,0.750,0.076,0.156]
Epoch [8] Training Results: Prec@1 63.852 Prec@5 89.108 Loss 1.30674
Epoch [8] Training Class Recall: [0.632,0.631,0.623,0.456,0.575,0.536,0.661,0.733,0.765,0.752]
Epoch [8] Testing Results: Prec@1 45.430 Prec@5 87.770 Loss 1.68225
Epoch [8] Testing Class Recall: [0.663,0.926,0.700,0.347,0.161,0.206,0.625,0.479,0.375,0.061]
Epoch [9] Training Results: Prec@1 65.452 Prec@5 88.944 Loss 1.26918
Epoch [9] Training Class Recall: [0.650,0.640,0.641,0.481,0.598,0.560,0.670,0.758,0.767,0.753]
Epoch [9] Testing Results: Prec@1 40.390 Prec@5 84.900 Loss 1.90907
Epoch [9] Testing Class Recall: [0.567,0.851,0.807,0.371,0.140,0.136,0.564,0.286,0.244,0.073]
Epoch [10] Training Results: Prec@1 66.216 Prec@5 89.280 Loss 1.24906
Epoch [10] Training Class Recall: [0.656,0.653,0.662,0.477,0.606,0.572,0.670,0.756,0.775,0.762]
Epoch [10] Testing Results: Prec@1 45.650 Prec@5 87.340 Loss 1.66517
Epoch [10] Testing Class Recall: [0.761,0.776,0.354,0.267,0.556,0.431,0.254,0.489,0.252,0.425]
Epoch [11] Training Results: Prec@1 67.244 Prec@5 89.344 Loss 1.22447
Epoch [11] Training Class Recall: [0.674,0.656,0.663,0.510,0.636,0.592,0.675,0.751,0.780,0.760]
Epoch [11] Testing Results: Prec@1 45.390 Prec@5 85.870 Loss 1.74099
Epoch [11] Testing Class Recall: [0.844,0.720,0.593,0.259,0.440,0.447,0.578,0.357,0.209,0.092]
Epoch [12] Training Results: Prec@1 68.332 Prec@5 89.380 Loss 1.20531
Epoch [12] Training Class Recall: [0.681,0.667,0.674,0.534,0.641,0.606,0.692,0.771,0.782,0.759]
Epoch [12] Testing Results: Prec@1 41.190 Prec@5 83.820 Loss 1.90707
Epoch [12] Testing Class Recall: [0.880,0.602,0.581,0.276,0.543,0.291,0.187,0.347,0.362,0.050]
Epoch [13] Training Results: Prec@1 68.772 Prec@5 89.384 Loss 1.19521
Epoch [13] Training Class Recall: [0.686,0.666,0.683,0.533,0.651,0.625,0.694,0.768,0.787,0.759]
Epoch [13] Testing Results: Prec@1 46.050 Prec@5 82.450 Loss 1.76831
Epoch [13] Testing Class Recall: [0.780,0.929,0.674,0.177,0.101,0.217,0.712,0.670,0.180,0.165]
Epoch [14] Training Results: Prec@1 68.936 Prec@5 89.612 Loss 1.18518
Epoch [14] Training Class Recall: [0.689,0.664,0.682,0.541,0.656,0.626,0.689,0.773,0.779,0.768]
Epoch [14] Testing Results: Prec@1 47.220 Prec@5 86.000 Loss 1.72633
Epoch [14] Testing Class Recall: [0.848,0.707,0.470,0.444,0.339,0.398,0.498,0.731,0.245,0.042]
Epoch [15] Training Results: Prec@1 69.436 Prec@5 89.680 Loss 1.17521
Epoch [15] Training Class Recall: [0.685,0.673,0.690,0.559,0.654,0.630,0.714,0.769,0.781,0.766]
Epoch [15] Testing Results: Prec@1 46.450 Prec@5 84.720 Loss 1.75188
Epoch [15] Testing Class Recall: [0.783,0.972,0.520,0.437,0.350,0.194,0.553,0.692,0.039,0.105]
Epoch [16] Training Results: Prec@1 70.136 Prec@5 90.056 Loss 1.15846
Epoch [16] Training Class Recall: [0.686,0.673,0.699,0.566,0.669,0.642,0.709,0.790,0.786,0.765]
Epoch [16] Testing Results: Prec@1 39.260 Prec@5 83.900 Loss 2.06579
Epoch [16] Testing Class Recall: [0.955,0.717,0.659,0.121,0.258,0.123,0.321,0.398,0.255,0.119]
Epoch [17] Training Results: Prec@1 70.668 Prec@5 89.944 Loss 1.14901
Epoch [17] Training Class Recall: [0.708,0.684,0.700,0.575,0.677,0.643,0.718,0.784,0.783,0.769]
Epoch [17] Testing Results: Prec@1 47.020 Prec@5 85.590 Loss 1.72310
Epoch [17] Testing Class Recall: [0.500,0.886,0.669,0.098,0.454,0.510,0.634,0.716,0.112,0.123]
Epoch [18] Training Results: Prec@1 70.912 Prec@5 90.240 Loss 1.13707
Epoch [18] Training Class Recall: [0.704,0.691,0.711,0.577,0.681,0.650,0.709,0.784,0.786,0.768]
Epoch [18] Testing Results: Prec@1 49.410 Prec@5 87.770 Loss 1.57929
Epoch [18] Testing Class Recall: [0.891,0.858,0.552,0.345,0.414,0.177,0.604,0.402,0.351,0.347]
Epoch [19] Training Results: Prec@1 71.312 Prec@5 90.096 Loss 1.13581
Epoch [19] Training Class Recall: [0.714,0.689,0.716,0.585,0.690,0.655,0.712,0.781,0.788,0.772]
Epoch [19] Testing Results: Prec@1 53.180 Prec@5 89.750 Loss 1.53624
Epoch [19] Testing Class Recall: [0.772,0.918,0.504,0.425,0.537,0.346,0.628,0.588,0.408,0.192]
Epoch [20] Training Results: Prec@1 71.624 Prec@5 90.332 Loss 1.11454
Epoch [20] Training Class Recall: [0.707,0.686,0.725,0.606,0.691,0.650,0.715,0.790,0.785,0.774]
Epoch [20] Testing Results: Prec@1 46.260 Prec@5 84.960 Loss 1.87973
Epoch [20] Testing Class Recall: [0.936,0.854,0.479,0.116,0.391,0.248,0.719,0.543,0.242,0.098]
Epoch [21] Training Results: Prec@1 71.532 Prec@5 90.460 Loss 1.12059
Epoch [21] Training Class Recall: [0.702,0.698,0.715,0.595,0.690,0.667,0.717,0.783,0.789,0.773]
Epoch [21] Testing Results: Prec@1 44.380 Prec@5 86.960 Loss 1.84552
Epoch [21] Testing Class Recall: [0.760,0.842,0.770,0.084,0.117,0.419,0.438,0.413,0.337,0.258]
Epoch [22] Training Results: Prec@1 71.924 Prec@5 90.324 Loss 1.11366
Epoch [22] Training Class Recall: [0.712,0.682,0.740,0.600,0.692,0.668,0.712,0.787,0.787,0.772]
Epoch [22] Testing Results: Prec@1 51.750 Prec@5 89.240 Loss 1.56419
Epoch [22] Testing Class Recall: [0.623,0.969,0.538,0.245,0.584,0.648,0.703,0.405,0.304,0.156]
Epoch [23] Training Results: Prec@1 72.284 Prec@5 90.580 Loss 1.10338
Epoch [23] Training Class Recall: [0.712,0.689,0.730,0.619,0.705,0.677,0.714,0.791,0.789,0.772]
Epoch [23] Testing Results: Prec@1 46.650 Prec@5 86.770 Loss 1.73537
Epoch [23] Testing Class Recall: [0.736,0.852,0.821,0.143,0.327,0.400,0.053,0.612,0.568,0.153]
Epoch [24] Training Results: Prec@1 72.640 Prec@5 90.476 Loss 1.09512
Epoch [24] Training Class Recall: [0.714,0.692,0.736,0.619,0.707,0.686,0.723,0.793,0.791,0.772]
Epoch [24] Testing Results: Prec@1 37.130 Prec@5 79.850 Loss 2.35282
Epoch [24] Testing Class Recall: [0.949,0.837,0.746,0.093,0.443,0.033,0.391,0.132,0.063,0.026]
Epoch [25] Training Results: Prec@1 72.404 Prec@5 90.496 Loss 1.09538
Epoch [25] Training Class Recall: [0.719,0.690,0.730,0.618,0.709,0.660,0.719,0.789,0.796,0.777]
Epoch [25] Testing Results: Prec@1 48.930 Prec@5 87.890 Loss 1.74062
Epoch [25] Testing Class Recall: [0.819,0.948,0.662,0.340,0.505,0.437,0.381,0.582,0.161,0.058]
Epoch [26] Training Results: Prec@1 72.680 Prec@5 90.584 Loss 1.08872
Epoch [26] Training Class Recall: [0.718,0.698,0.735,0.619,0.711,0.676,0.714,0.789,0.799,0.775]
Epoch [26] Testing Results: Prec@1 49.690 Prec@5 88.980 Loss 1.64648
Epoch [26] Testing Class Recall: [0.719,0.974,0.593,0.413,0.375,0.430,0.451,0.342,0.519,0.153]
Epoch [27] Training Results: Prec@1 72.964 Prec@5 90.676 Loss 1.08222
Epoch [27] Training Class Recall: [0.718,0.690,0.739,0.637,0.711,0.674,0.732,0.796,0.792,0.775]
Epoch [27] Testing Results: Prec@1 54.100 Prec@5 90.400 Loss 1.42740
Epoch [27] Testing Class Recall: [0.758,0.733,0.554,0.402,0.451,0.541,0.299,0.545,0.503,0.624]
Epoch [28] Training Results: Prec@1 73.256 Prec@5 90.808 Loss 1.08152
Epoch [28] Training Class Recall: [0.725,0.702,0.745,0.634,0.720,0.681,0.729,0.794,0.790,0.773]
Epoch [28] Testing Results: Prec@1 46.710 Prec@5 86.660 Loss 1.75995
Epoch [28] Testing Class Recall: [0.689,0.847,0.720,0.180,0.584,0.665,0.281,0.402,0.119,0.184]
Epoch [29] Training Results: Prec@1 73.264 Prec@5 90.608 Loss 1.07695
Epoch [29] Training Class Recall: [0.727,0.703,0.744,0.625,0.715,0.686,0.725,0.795,0.792,0.781]
Epoch [29] Testing Results: Prec@1 52.460 Prec@5 89.040 Loss 1.57870
Epoch [29] Testing Class Recall: [0.689,0.954,0.524,0.424,0.683,0.508,0.580,0.532,0.306,0.046]
Epoch [30] Training Results: Prec@1 73.360 Prec@5 90.860 Loss 1.07367
Epoch [30] Training Class Recall: [0.713,0.705,0.751,0.621,0.719,0.683,0.730,0.801,0.798,0.778]
Epoch [30] Testing Results: Prec@1 50.950 Prec@5 87.990 Loss 1.57594
Epoch [30] Testing Class Recall: [0.742,0.934,0.520,0.289,0.345,0.371,0.728,0.678,0.235,0.253]
Epoch [31] Training Results: Prec@1 73.604 Prec@5 91.128 Loss 1.06586
Epoch [31] Training Class Recall: [0.730,0.695,0.750,0.638,0.724,0.683,0.731,0.800,0.798,0.774]
Epoch [31] Testing Results: Prec@1 54.030 Prec@5 86.900 Loss 1.52744
Epoch [31] Testing Class Recall: [0.810,0.870,0.567,0.305,0.616,0.602,0.735,0.500,0.219,0.179]
Epoch [32] Training Results: Prec@1 73.372 Prec@5 90.896 Loss 1.06444
Epoch [32] Training Class Recall: [0.726,0.692,0.749,0.633,0.716,0.689,0.736,0.798,0.791,0.773]
Epoch [32] Testing Results: Prec@1 54.500 Prec@5 89.140 Loss 1.47368
Epoch [32] Testing Class Recall: [0.677,0.815,0.654,0.172,0.501,0.341,0.467,0.812,0.460,0.551]
Epoch [33] Training Results: Prec@1 73.764 Prec@5 90.940 Loss 1.06081
Epoch [33] Training Class Recall: [0.723,0.701,0.751,0.639,0.727,0.703,0.734,0.796,0.795,0.775]
Epoch [33] Testing Results: Prec@1 52.210 Prec@5 88.300 Loss 1.55670
Epoch [33] Testing Class Recall: [0.650,0.871,0.723,0.388,0.210,0.426,0.654,0.743,0.418,0.138]
Epoch [34] Training Results: Prec@1 73.664 Prec@5 90.932 Loss 1.05978
Epoch [34] Training Class Recall: [0.728,0.705,0.750,0.637,0.730,0.681,0.733,0.797,0.795,0.776]
Epoch [34] Testing Results: Prec@1 43.910 Prec@5 83.950 Loss 1.78310
Epoch [34] Testing Class Recall: [0.923,0.817,0.541,0.194,0.285,0.280,0.195,0.325,0.270,0.561]
Epoch [35] Training Results: Prec@1 74.160 Prec@5 91.008 Loss 1.05006
Epoch [35] Training Class Recall: [0.729,0.708,0.762,0.652,0.729,0.701,0.734,0.795,0.792,0.778]
Epoch [35] Testing Results: Prec@1 43.410 Prec@5 85.190 Loss 1.95164
Epoch [35] Testing Class Recall: [0.821,0.970,0.815,0.184,0.160,0.173,0.356,0.522,0.161,0.179]
Epoch [36] Training Results: Prec@1 73.952 Prec@5 91.172 Loss 1.05336
Epoch [36] Training Class Recall: [0.735,0.705,0.755,0.631,0.731,0.698,0.739,0.795,0.797,0.774]
Epoch [36] Testing Results: Prec@1 51.830 Prec@5 90.020 Loss 1.60761
Epoch [36] Testing Class Recall: [0.790,0.950,0.677,0.291,0.292,0.329,0.466,0.752,0.318,0.318]
Epoch [37] Training Results: Prec@1 73.936 Prec@5 91.268 Loss 1.05005
Epoch [37] Training Class Recall: [0.729,0.708,0.752,0.655,0.722,0.692,0.735,0.797,0.799,0.774]
Epoch [37] Testing Results: Prec@1 52.490 Prec@5 86.470 Loss 1.63355
Epoch [37] Testing Class Recall: [0.777,0.930,0.762,0.306,0.632,0.090,0.689,0.538,0.306,0.219]
Epoch [38] Training Results: Prec@1 74.188 Prec@5 91.112 Loss 1.04576
Epoch [38] Training Class Recall: [0.731,0.697,0.764,0.646,0.735,0.694,0.743,0.797,0.796,0.776]
Epoch [38] Testing Results: Prec@1 55.500 Prec@5 89.190 Loss 1.46176
Epoch [38] Testing Class Recall: [0.775,0.925,0.642,0.351,0.360,0.532,0.453,0.713,0.284,0.515]
Epoch [39] Training Results: Prec@1 74.000 Prec@5 91.228 Loss 1.04716
Epoch [39] Training Class Recall: [0.731,0.707,0.756,0.645,0.734,0.687,0.731,0.800,0.796,0.777]
Epoch [39] Testing Results: Prec@1 41.900 Prec@5 82.570 Loss 1.91976
Epoch [39] Testing Class Recall: [0.835,0.975,0.666,0.283,0.371,0.201,0.138,0.276,0.338,0.107]
Epoch [40] Training Results: Prec@1 74.480 Prec@5 91.300 Loss 1.03628
Epoch [40] Training Class Recall: [0.735,0.697,0.766,0.661,0.738,0.696,0.738,0.803,0.796,0.778]
Epoch [40] Testing Results: Prec@1 48.890 Prec@5 86.520 Loss 1.80483
Epoch [40] Testing Class Recall: [0.825,0.955,0.758,0.347,0.359,0.423,0.393,0.475,0.204,0.150]
Epoch [41] Training Results: Prec@1 74.464 Prec@5 91.200 Loss 1.03707
Epoch [41] Training Class Recall: [0.731,0.712,0.763,0.657,0.734,0.699,0.737,0.797,0.801,0.781]
Epoch [41] Testing Results: Prec@1 45.810 Prec@5 82.650 Loss 2.01011
Epoch [41] Testing Class Recall: [0.873,0.975,0.604,0.395,0.499,0.233,0.318,0.465,0.203,0.016]
Epoch [42] Training Results: Prec@1 74.676 Prec@5 91.340 Loss 1.03110
Epoch [42] Training Class Recall: [0.732,0.714,0.769,0.664,0.748,0.693,0.734,0.797,0.797,0.779]
Epoch [42] Testing Results: Prec@1 49.590 Prec@5 87.870 Loss 1.70736
Epoch [42] Testing Class Recall: [0.495,0.954,0.799,0.178,0.335,0.558,0.472,0.589,0.218,0.361]
Epoch [43] Training Results: Prec@1 74.408 Prec@5 91.552 Loss 1.03732
Epoch [43] Training Class Recall: [0.732,0.711,0.753,0.665,0.736,0.696,0.745,0.803,0.795,0.776]
Epoch [43] Testing Results: Prec@1 56.300 Prec@5 88.080 Loss 1.48022
Epoch [43] Testing Class Recall: [0.734,0.947,0.631,0.296,0.513,0.483,0.659,0.767,0.235,0.365]
Epoch [44] Training Results: Prec@1 74.708 Prec@5 91.412 Loss 1.03166
Epoch [44] Training Class Recall: [0.738,0.714,0.763,0.665,0.731,0.703,0.743,0.803,0.801,0.779]
Epoch [44] Testing Results: Prec@1 50.170 Prec@5 86.970 Loss 1.62306
Epoch [44] Testing Class Recall: [0.658,0.941,0.699,0.605,0.494,0.150,0.353,0.456,0.331,0.330]
Epoch [45] Training Results: Prec@1 74.560 Prec@5 91.476 Loss 1.03115
Epoch [45] Training Class Recall: [0.734,0.706,0.765,0.662,0.734,0.702,0.743,0.802,0.798,0.774]
Epoch [45] Testing Results: Prec@1 42.540 Prec@5 83.030 Loss 1.94007
Epoch [45] Testing Class Recall: [0.904,0.976,0.466,0.398,0.306,0.184,0.357,0.250,0.181,0.232]
Epoch [46] Training Results: Prec@1 74.836 Prec@5 91.584 Loss 1.02342
Epoch [46] Training Class Recall: [0.739,0.711,0.774,0.657,0.746,0.703,0.737,0.800,0.797,0.778]
Epoch [46] Testing Results: Prec@1 53.500 Prec@5 87.220 Loss 1.66800
Epoch [46] Testing Class Recall: [0.746,0.766,0.793,0.358,0.549,0.137,0.632,0.524,0.546,0.299]
Epoch [47] Training Results: Prec@1 74.764 Prec@5 91.480 Loss 1.02232
Epoch [47] Training Class Recall: [0.735,0.707,0.775,0.668,0.737,0.705,0.737,0.797,0.796,0.780]
Epoch [47] Testing Results: Prec@1 46.360 Prec@5 79.790 Loss 1.92724
Epoch [47] Testing Class Recall: [0.731,0.932,0.776,0.137,0.427,0.158,0.757,0.492,0.116,0.110]
Epoch [48] Training Results: Prec@1 74.812 Prec@5 91.612 Loss 1.02897
Epoch [48] Training Class Recall: [0.735,0.712,0.766,0.672,0.745,0.692,0.740,0.802,0.798,0.781]
Epoch [48] Testing Results: Prec@1 48.620 Prec@5 88.400 Loss 1.78396
Epoch [48] Testing Class Recall: [0.657,0.860,0.842,0.088,0.326,0.559,0.429,0.396,0.319,0.386]
Epoch [49] Training Results: Prec@1 74.660 Prec@5 91.664 Loss 1.01918
Epoch [49] Training Class Recall: [0.730,0.713,0.764,0.672,0.746,0.695,0.740,0.797,0.796,0.777]
Epoch [49] Testing Results: Prec@1 43.240 Prec@5 82.270 Loss 2.11292
Epoch [49] Testing Class Recall: [0.958,0.882,0.370,0.156,0.386,0.484,0.541,0.330,0.113,0.104]
Epoch [50] Training Results: Prec@1 74.916 Prec@5 91.900 Loss 1.01830
Epoch [50] Training Class Recall: [0.737,0.707,0.771,0.669,0.741,0.710,0.742,0.803,0.798,0.777]
Epoch [50] Testing Results: Prec@1 49.570 Prec@5 87.100 Loss 1.68836
Epoch [50] Testing Class Recall: [0.632,0.908,0.895,0.162,0.519,0.418,0.470,0.365,0.180,0.408]
Epoch [51] Training Results: Prec@1 74.772 Prec@5 91.580 Loss 1.01984
Epoch [51] Training Class Recall: [0.734,0.708,0.773,0.658,0.739,0.698,0.745,0.806,0.797,0.776]
Epoch [51] Testing Results: Prec@1 51.850 Prec@5 85.650 Loss 1.64946
Epoch [51] Testing Class Recall: [0.722,0.968,0.718,0.294,0.405,0.423,0.698,0.495,0.195,0.267]
Epoch [52] Training Results: Prec@1 74.924 Prec@5 91.848 Loss 1.01143
Epoch [52] Training Class Recall: [0.741,0.712,0.780,0.670,0.743,0.698,0.732,0.796,0.800,0.777]
Epoch [52] Testing Results: Prec@1 53.040 Prec@5 89.110 Loss 1.55395
Epoch [52] Testing Class Recall: [0.618,0.895,0.619,0.258,0.571,0.389,0.872,0.541,0.316,0.225]
Epoch [53] Training Results: Prec@1 75.248 Prec@5 91.888 Loss 1.00736
Epoch [53] Training Class Recall: [0.739,0.719,0.771,0.667,0.751,0.711,0.747,0.804,0.801,0.779]
Epoch [53] Testing Results: Prec@1 50.060 Prec@5 87.200 Loss 1.68098
Epoch [53] Testing Class Recall: [0.850,0.970,0.695,0.308,0.541,0.243,0.567,0.400,0.123,0.309]
Epoch [54] Training Results: Prec@1 75.240 Prec@5 92.028 Loss 1.00932
Epoch [54] Training Class Recall: [0.741,0.709,0.785,0.673,0.748,0.706,0.742,0.800,0.798,0.776]
Epoch [54] Testing Results: Prec@1 54.710 Prec@5 87.890 Loss 1.52923
Epoch [54] Testing Class Recall: [0.675,0.844,0.703,0.353,0.402,0.432,0.665,0.634,0.559,0.204]
Epoch [55] Training Results: Prec@1 75.160 Prec@5 91.672 Loss 1.00427
Epoch [55] Training Class Recall: [0.744,0.713,0.777,0.667,0.747,0.700,0.743,0.807,0.800,0.777]
Epoch [55] Testing Results: Prec@1 54.520 Prec@5 90.440 Loss 1.46701
Epoch [55] Testing Class Recall: [0.915,0.866,0.685,0.388,0.428,0.258,0.509,0.578,0.398,0.427]
Epoch [56] Training Results: Prec@1 75.176 Prec@5 92.100 Loss 1.00397
Epoch [56] Training Class Recall: [0.740,0.712,0.779,0.673,0.740,0.707,0.742,0.801,0.801,0.780]
Epoch [56] Testing Results: Prec@1 50.960 Prec@5 84.860 Loss 1.74080
Epoch [56] Testing Class Recall: [0.824,0.928,0.769,0.320,0.462,0.320,0.391,0.689,0.190,0.203]
Epoch [57] Training Results: Prec@1 75.388 Prec@5 92.224 Loss 1.00312
Epoch [57] Training Class Recall: [0.740,0.714,0.778,0.680,0.754,0.708,0.745,0.803,0.799,0.778]
Epoch [57] Testing Results: Prec@1 49.500 Prec@5 87.550 Loss 1.74397
Epoch [57] Testing Class Recall: [0.601,0.981,0.355,0.563,0.643,0.285,0.437,0.432,0.490,0.163]
Epoch [58] Training Results: Prec@1 75.312 Prec@5 92.232 Loss 1.00122
Epoch [58] Training Class Recall: [0.741,0.717,0.779,0.676,0.751,0.701,0.746,0.804,0.799,0.778]
Epoch [58] Testing Results: Prec@1 52.300 Prec@5 86.980 Loss 1.59158
Epoch [58] Testing Class Recall: [0.726,0.912,0.716,0.485,0.572,0.427,0.282,0.483,0.322,0.305]
Epoch [59] Training Results: Prec@1 75.488 Prec@5 92.028 Loss 0.99574
Epoch [59] Training Class Recall: [0.750,0.719,0.777,0.683,0.750,0.707,0.737,0.804,0.803,0.780]
Epoch [59] Testing Results: Prec@1 41.630 Prec@5 84.950 Loss 2.26569
Epoch [59] Testing Class Recall: [0.642,0.745,0.913,0.113,0.362,0.253,0.125,0.197,0.713,0.100]
Epoch [60] Training Results: Prec@1 75.400 Prec@5 92.044 Loss 0.99637
Epoch [60] Training Class Recall: [0.742,0.707,0.777,0.681,0.749,0.715,0.747,0.809,0.797,0.778]
Epoch [60] Testing Results: Prec@1 52.840 Prec@5 87.590 Loss 1.58292
Epoch [60] Testing Class Recall: [0.797,0.957,0.568,0.355,0.440,0.229,0.562,0.618,0.463,0.295]
Epoch [61] Training Results: Prec@1 75.764 Prec@5 92.348 Loss 0.98845
Epoch [61] Training Class Recall: [0.749,0.706,0.783,0.684,0.757,0.716,0.748,0.806,0.805,0.780]
Epoch [61] Testing Results: Prec@1 52.590 Prec@5 86.370 Loss 1.72909
Epoch [61] Testing Class Recall: [0.728,0.936,0.784,0.278,0.482,0.277,0.559,0.717,0.366,0.132]
Epoch [62] Training Results: Prec@1 75.576 Prec@5 92.312 Loss 0.99189
Epoch [62] Training Class Recall: [0.749,0.720,0.778,0.680,0.746,0.713,0.748,0.804,0.805,0.778]
Epoch [62] Testing Results: Prec@1 51.980 Prec@5 86.160 Loss 1.72599
Epoch [62] Testing Class Recall: [0.715,0.869,0.770,0.241,0.610,0.432,0.485,0.505,0.271,0.300]
Epoch [63] Training Results: Prec@1 75.608 Prec@5 92.196 Loss 0.99215
Epoch [63] Training Class Recall: [0.748,0.722,0.789,0.672,0.748,0.708,0.749,0.803,0.798,0.781]
Epoch [63] Testing Results: Prec@1 53.050 Prec@5 88.230 Loss 1.57751
Epoch [63] Testing Class Recall: [0.723,0.958,0.616,0.584,0.344,0.388,0.487,0.392,0.502,0.311]
Epoch [64] Training Results: Prec@1 75.864 Prec@5 92.400 Loss 0.98711
Epoch [64] Training Class Recall: [0.749,0.720,0.787,0.680,0.755,0.714,0.748,0.806,0.802,0.783]
Epoch [64] Testing Results: Prec@1 48.480 Prec@5 83.400 Loss 1.96444
Epoch [64] Testing Class Recall: [0.774,0.974,0.517,0.432,0.551,0.391,0.593,0.463,0.134,0.019]
Epoch [65] Training Results: Prec@1 75.828 Prec@5 92.420 Loss 0.98545
Epoch [65] Training Class Recall: [0.749,0.715,0.780,0.694,0.755,0.715,0.751,0.803,0.800,0.783]
Epoch [65] Testing Results: Prec@1 48.700 Prec@5 87.510 Loss 1.89681
Epoch [65] Testing Class Recall: [0.810,0.944,0.852,0.291,0.279,0.314,0.392,0.360,0.181,0.447]
Epoch [66] Training Results: Prec@1 76.044 Prec@5 92.612 Loss 0.97975
Epoch [66] Training Class Recall: [0.750,0.724,0.791,0.680,0.755,0.710,0.757,0.811,0.803,0.780]
Epoch [66] Testing Results: Prec@1 48.600 Prec@5 84.420 Loss 1.73400
Epoch [66] Testing Class Recall: [0.817,0.890,0.713,0.352,0.603,0.102,0.148,0.673,0.300,0.262]
Epoch [67] Training Results: Prec@1 75.656 Prec@5 92.504 Loss 0.98584
Epoch [67] Training Class Recall: [0.750,0.721,0.777,0.683,0.758,0.707,0.744,0.808,0.800,0.780]
Epoch [67] Testing Results: Prec@1 50.220 Prec@5 83.420 Loss 1.70941
Epoch [67] Testing Class Recall: [0.831,0.909,0.594,0.479,0.481,0.338,0.095,0.573,0.365,0.357]
Epoch [68] Training Results: Prec@1 75.828 Prec@5 92.248 Loss 0.98254
Epoch [68] Training Class Recall: [0.748,0.720,0.788,0.683,0.761,0.713,0.740,0.803,0.800,0.783]
Epoch [68] Testing Results: Prec@1 53.420 Prec@5 88.530 Loss 1.55748
Epoch [68] Testing Class Recall: [0.708,0.969,0.671,0.320,0.518,0.581,0.283,0.717,0.279,0.296]
Epoch [69] Training Results: Prec@1 75.752 Prec@5 92.516 Loss 0.97955
Epoch [69] Training Class Recall: [0.743,0.717,0.786,0.687,0.760,0.709,0.744,0.804,0.803,0.780]
Epoch [69] Testing Results: Prec@1 55.410 Prec@5 89.900 Loss 1.47441
Epoch [69] Testing Class Recall: [0.594,0.601,0.631,0.286,0.487,0.626,0.526,0.515,0.564,0.711]
Epoch [70] Training Results: Prec@1 75.740 Prec@5 92.532 Loss 0.98385
Epoch [70] Training Class Recall: [0.749,0.719,0.789,0.687,0.746,0.708,0.747,0.806,0.801,0.779]
Epoch [70] Testing Results: Prec@1 51.670 Prec@5 85.750 Loss 1.65885
Epoch [70] Testing Class Recall: [0.763,0.906,0.773,0.383,0.355,0.487,0.574,0.283,0.333,0.310]
Epoch [71] Training Results: Prec@1 75.780 Prec@5 92.612 Loss 0.98430
Epoch [71] Training Class Recall: [0.746,0.722,0.782,0.693,0.760,0.706,0.747,0.803,0.803,0.777]
Epoch [71] Testing Results: Prec@1 49.430 Prec@5 85.930 Loss 1.71204
Epoch [71] Testing Class Recall: [0.917,0.828,0.491,0.329,0.547,0.271,0.530,0.618,0.262,0.150]
Epoch [72] Training Results: Prec@1 75.820 Prec@5 92.644 Loss 0.97540
Epoch [72] Training Class Recall: [0.748,0.712,0.790,0.691,0.758,0.714,0.736,0.805,0.803,0.779]
Epoch [72] Testing Results: Prec@1 53.470 Prec@5 86.780 Loss 1.62352
Epoch [72] Testing Class Recall: [0.679,0.933,0.572,0.198,0.426,0.338,0.805,0.808,0.389,0.199]
Epoch [73] Training Results: Prec@1 75.752 Prec@5 92.760 Loss 0.98120
Epoch [73] Training Class Recall: [0.750,0.718,0.789,0.682,0.748,0.704,0.749,0.807,0.801,0.784]
Epoch [73] Testing Results: Prec@1 52.050 Prec@5 85.880 Loss 1.66922
Epoch [73] Testing Class Recall: [0.760,0.943,0.740,0.235,0.500,0.650,0.504,0.411,0.342,0.120]
Epoch [74] Training Results: Prec@1 75.872 Prec@5 92.832 Loss 0.97561
Epoch [74] Training Class Recall: [0.747,0.722,0.783,0.684,0.750,0.720,0.750,0.808,0.800,0.785]
Epoch [74] Testing Results: Prec@1 50.930 Prec@5 89.210 Loss 1.68828
Epoch [74] Testing Class Recall: [0.732,0.798,0.881,0.239,0.421,0.251,0.333,0.559,0.481,0.398]
Epoch [75] Training Results: Prec@1 75.900 Prec@5 92.660 Loss 0.97281
Epoch [75] Training Class Recall: [0.744,0.720,0.783,0.690,0.755,0.717,0.749,0.810,0.806,0.779]
Epoch [75] Testing Results: Prec@1 46.180 Prec@5 84.170 Loss 2.01018
Epoch [75] Testing Class Recall: [0.837,0.976,0.706,0.409,0.431,0.227,0.454,0.228,0.297,0.053]
Epoch [76] Training Results: Prec@1 76.152 Prec@5 92.864 Loss 0.96798
Epoch [76] Training Class Recall: [0.746,0.724,0.794,0.687,0.763,0.708,0.750,0.808,0.806,0.783]
Epoch [76] Testing Results: Prec@1 51.800 Prec@5 86.530 Loss 1.65726
Epoch [76] Testing Class Recall: [0.774,0.947,0.503,0.444,0.560,0.382,0.471,0.327,0.559,0.213]
Epoch [77] Training Results: Prec@1 76.244 Prec@5 92.788 Loss 0.96578
Epoch [77] Training Class Recall: [0.749,0.727,0.787,0.698,0.765,0.711,0.750,0.812,0.807,0.779]
Epoch [77] Testing Results: Prec@1 50.560 Prec@5 86.320 Loss 1.74362
Epoch [77] Testing Class Recall: [0.790,0.911,0.614,0.314,0.547,0.397,0.511,0.282,0.590,0.100]
Epoch [78] Training Results: Prec@1 76.352 Prec@5 92.788 Loss 0.96639
Epoch [78] Training Class Recall: [0.758,0.722,0.796,0.694,0.763,0.716,0.747,0.808,0.804,0.782]
Epoch [78] Testing Results: Prec@1 50.620 Prec@5 86.430 Loss 1.72882
Epoch [78] Testing Class Recall: [0.735,0.958,0.534,0.468,0.783,0.218,0.276,0.460,0.291,0.339]
Epoch [79] Training Results: Prec@1 76.188 Prec@5 92.768 Loss 0.96373
Epoch [79] Training Class Recall: [0.749,0.719,0.793,0.702,0.763,0.710,0.755,0.805,0.800,0.780]
Epoch [79] Testing Results: Prec@1 52.350 Prec@5 86.870 Loss 1.71032
Epoch [79] Testing Class Recall: [0.865,0.856,0.566,0.301,0.757,0.256,0.553,0.285,0.338,0.458]
Epoch [80] Training Results: Prec@1 76.276 Prec@5 92.948 Loss 0.95881
Epoch [80] Training Class Recall: [0.755,0.718,0.795,0.705,0.762,0.707,0.750,0.809,0.801,0.781]
Epoch [80] Testing Results: Prec@1 49.560 Prec@5 85.110 Loss 1.84933
Epoch [80] Testing Class Recall: [0.887,0.912,0.598,0.303,0.545,0.193,0.723,0.323,0.274,0.198]
Epoch [81] Training Results: Prec@1 76.228 Prec@5 92.668 Loss 0.96327
Epoch [81] Training Class Recall: [0.752,0.718,0.784,0.701,0.765,0.720,0.753,0.806,0.802,0.784]
Epoch [81] Testing Results: Prec@1 45.130 Prec@5 83.220 Loss 1.98228
Epoch [81] Testing Class Recall: [0.539,0.805,0.864,0.267,0.204,0.256,0.083,0.239,0.732,0.524]
Epoch [82] Training Results: Prec@1 76.152 Prec@5 93.036 Loss 0.96728
Epoch [82] Training Class Recall: [0.751,0.724,0.793,0.677,0.768,0.713,0.747,0.810,0.804,0.780]
Epoch [82] Testing Results: Prec@1 53.400 Prec@5 87.180 Loss 1.62863
Epoch [82] Testing Class Recall: [0.775,0.954,0.706,0.412,0.594,0.383,0.348,0.644,0.393,0.131]
Epoch [83] Training Results: Prec@1 76.344 Prec@5 93.048 Loss 0.96007
Epoch [83] Training Class Recall: [0.752,0.719,0.794,0.692,0.761,0.719,0.758,0.805,0.812,0.780]
Epoch [83] Testing Results: Prec@1 49.960 Prec@5 83.700 Loss 1.83893
Epoch [83] Testing Class Recall: [0.760,0.960,0.609,0.489,0.541,0.311,0.604,0.326,0.155,0.241]
Epoch [84] Training Results: Prec@1 76.164 Prec@5 93.016 Loss 0.96186
Epoch [84] Training Class Recall: [0.751,0.718,0.792,0.696,0.763,0.714,0.744,0.810,0.801,0.783]
Epoch [84] Testing Results: Prec@1 53.890 Prec@5 86.670 Loss 1.64939
Epoch [84] Testing Class Recall: [0.765,0.895,0.686,0.191,0.448,0.596,0.294,0.549,0.678,0.287]
Epoch [85] Training Results: Prec@1 76.076 Prec@5 93.032 Loss 0.96177
Epoch [85] Training Class Recall: [0.752,0.720,0.790,0.695,0.753,0.715,0.754,0.806,0.801,0.781]
Epoch [85] Testing Results: Prec@1 51.110 Prec@5 85.810 Loss 1.75800
Epoch [85] Testing Class Recall: [0.739,0.880,0.628,0.637,0.590,0.271,0.365,0.635,0.112,0.254]
Epoch [86] Training Results: Prec@1 76.044 Prec@5 92.888 Loss 0.95947
Epoch [86] Training Class Recall: [0.747,0.723,0.791,0.701,0.759,0.708,0.751,0.809,0.799,0.775]
Epoch [86] Testing Results: Prec@1 47.460 Prec@5 85.860 Loss 1.88186
Epoch [86] Testing Class Recall: [0.436,0.739,0.863,0.232,0.643,0.203,0.281,0.603,0.518,0.228]
Epoch [87] Training Results: Prec@1 76.224 Prec@5 93.092 Loss 0.95786
Epoch [87] Training Class Recall: [0.754,0.723,0.797,0.690,0.759,0.704,0.755,0.810,0.801,0.783]
Epoch [87] Testing Results: Prec@1 52.420 Prec@5 85.930 Loss 1.69669
Epoch [87] Testing Class Recall: [0.615,0.883,0.677,0.494,0.500,0.428,0.191,0.744,0.458,0.252]
Epoch [88] Training Results: Prec@1 76.328 Prec@5 93.012 Loss 0.95879
Epoch [88] Training Class Recall: [0.757,0.724,0.791,0.686,0.767,0.716,0.755,0.809,0.806,0.781]
Epoch [88] Testing Results: Prec@1 44.460 Prec@5 84.770 Loss 1.95102
Epoch [88] Testing Class Recall: [0.897,0.667,0.724,0.183,0.271,0.351,0.385,0.294,0.326,0.348]
Epoch [89] Training Results: Prec@1 76.364 Prec@5 93.164 Loss 0.95421
Epoch [89] Training Class Recall: [0.759,0.725,0.796,0.700,0.758,0.711,0.748,0.808,0.804,0.783]
Epoch [89] Testing Results: Prec@1 49.200 Prec@5 86.160 Loss 1.77806
Epoch [89] Testing Class Recall: [0.835,0.899,0.599,0.618,0.537,0.329,0.257,0.183,0.386,0.277]
Epoch [90] Training Results: Prec@1 76.244 Prec@5 93.312 Loss 0.95332
Epoch [90] Training Class Recall: [0.756,0.720,0.790,0.689,0.763,0.720,0.753,0.808,0.799,0.786]
Epoch [90] Testing Results: Prec@1 49.570 Prec@5 85.070 Loss 1.82723
Epoch [90] Testing Class Recall: [0.819,0.872,0.739,0.315,0.456,0.415,0.550,0.416,0.232,0.143]
Epoch [91] Training Results: Prec@1 76.484 Prec@5 93.328 Loss 0.94493
Epoch [91] Training Class Recall: [0.760,0.723,0.794,0.701,0.759,0.720,0.750,0.810,0.804,0.786]
Epoch [91] Testing Results: Prec@1 54.320 Prec@5 86.110 Loss 1.68595
Epoch [91] Testing Class Recall: [0.725,0.940,0.760,0.439,0.461,0.255,0.699,0.484,0.563,0.106]
Epoch [92] Training Results: Prec@1 76.616 Prec@5 93.392 Loss 0.94670
Epoch [92] Training Class Recall: [0.759,0.727,0.792,0.697,0.766,0.725,0.755,0.813,0.799,0.789]
Epoch [92] Testing Results: Prec@1 54.130 Prec@5 87.470 Loss 1.60654
Epoch [92] Testing Class Recall: [0.766,0.925,0.751,0.276,0.611,0.456,0.642,0.416,0.415,0.155]
Epoch [93] Training Results: Prec@1 76.508 Prec@5 93.220 Loss 0.94982
Epoch [93] Training Class Recall: [0.751,0.725,0.803,0.705,0.760,0.715,0.752,0.809,0.802,0.785]
Epoch [93] Testing Results: Prec@1 45.930 Prec@5 85.100 Loss 2.00477
Epoch [93] Testing Class Recall: [0.879,0.584,0.658,0.554,0.571,0.330,0.169,0.428,0.205,0.215]
Epoch [94] Training Results: Prec@1 76.532 Prec@5 93.412 Loss 0.94637
Epoch [94] Training Class Recall: [0.755,0.720,0.796,0.695,0.760,0.729,0.760,0.812,0.803,0.783]
Epoch [94] Testing Results: Prec@1 48.970 Prec@5 82.430 Loss 1.94886
Epoch [94] Testing Class Recall: [0.632,0.943,0.804,0.445,0.540,0.193,0.528,0.368,0.389,0.055]
Epoch [95] Training Results: Prec@1 76.300 Prec@5 93.564 Loss 0.94149
Epoch [95] Training Class Recall: [0.751,0.725,0.796,0.700,0.757,0.709,0.751,0.809,0.805,0.785]
Epoch [95] Testing Results: Prec@1 53.110 Prec@5 86.110 Loss 1.74195
Epoch [95] Testing Class Recall: [0.626,0.960,0.732,0.394,0.369,0.197,0.589,0.838,0.473,0.133]
Epoch [96] Training Results: Prec@1 76.528 Prec@5 93.240 Loss 0.94140
Epoch [96] Training Class Recall: [0.754,0.725,0.796,0.704,0.768,0.713,0.753,0.809,0.804,0.783]
Epoch [96] Testing Results: Prec@1 47.330 Prec@5 84.340 Loss 2.00648
Epoch [96] Testing Class Recall: [0.721,0.832,0.838,0.409,0.226,0.230,0.615,0.332,0.450,0.080]
Epoch [97] Training Results: Prec@1 76.624 Prec@5 93.468 Loss 0.93813
Epoch [97] Training Class Recall: [0.751,0.730,0.798,0.704,0.763,0.715,0.753,0.813,0.805,0.789]
Epoch [97] Testing Results: Prec@1 43.410 Prec@5 79.790 Loss 2.11382
Epoch [97] Testing Class Recall: [0.897,0.956,0.576,0.289,0.491,0.138,0.353,0.488,0.057,0.096]
Epoch [98] Training Results: Prec@1 76.156 Prec@5 93.372 Loss 0.95136
Epoch [98] Training Class Recall: [0.744,0.720,0.795,0.699,0.762,0.713,0.742,0.809,0.799,0.787]
Epoch [98] Testing Results: Prec@1 50.680 Prec@5 85.310 Loss 1.68265
Epoch [98] Testing Class Recall: [0.652,0.877,0.419,0.170,0.390,0.459,0.422,0.546,0.746,0.387]
Epoch [99] Training Results: Prec@1 76.440 Prec@5 93.444 Loss 0.94481
Epoch [99] Training Class Recall: [0.762,0.716,0.792,0.701,0.771,0.712,0.753,0.804,0.804,0.784]
Epoch [99] Testing Results: Prec@1 49.790 Prec@5 83.000 Loss 1.88453
Epoch [99] Testing Class Recall: [0.715,0.988,0.741,0.348,0.555,0.394,0.399,0.289,0.417,0.133]
Epoch [100] Training Results: Prec@1 76.404 Prec@5 93.584 Loss 0.94501
Epoch [100] Training Class Recall: [0.758,0.724,0.789,0.697,0.756,0.721,0.757,0.811,0.806,0.783]
Epoch [100] Testing Results: Prec@1 48.700 Prec@5 83.810 Loss 1.91297
Epoch [100] Testing Class Recall: [0.756,0.968,0.537,0.426,0.578,0.228,0.355,0.538,0.404,0.080]
Epoch [101] Training Results: Prec@1 76.632 Prec@5 93.620 Loss 0.93744
Epoch [101] Training Class Recall: [0.756,0.728,0.796,0.710,0.765,0.720,0.751,0.810,0.804,0.783]
Epoch [101] Testing Results: Prec@1 48.210 Prec@5 84.290 Loss 1.95645
Epoch [101] Testing Class Recall: [0.886,0.763,0.697,0.144,0.495,0.321,0.474,0.560,0.344,0.137]
Epoch [102] Training Results: Prec@1 76.708 Prec@5 93.504 Loss 0.93358
Epoch [102] Training Class Recall: [0.757,0.729,0.804,0.694,0.764,0.715,0.760,0.812,0.804,0.786]
Epoch [102] Testing Results: Prec@1 48.620 Prec@5 85.280 Loss 1.82563
Epoch [102] Testing Class Recall: [0.697,0.928,0.890,0.277,0.348,0.346,0.443,0.519,0.140,0.274]
Epoch [103] Training Results: Prec@1 76.628 Prec@5 93.480 Loss 0.93550
Epoch [103] Training Class Recall: [0.760,0.724,0.793,0.702,0.768,0.721,0.753,0.814,0.803,0.783]
Epoch [103] Testing Results: Prec@1 51.700 Prec@5 85.570 Loss 1.80305
Epoch [103] Testing Class Recall: [0.880,0.865,0.616,0.445,0.235,0.280,0.333,0.540,0.486,0.490]
Epoch [104] Training Results: Prec@1 76.524 Prec@5 93.584 Loss 0.93892
Epoch [104] Training Class Recall: [0.758,0.726,0.793,0.700,0.766,0.714,0.755,0.809,0.803,0.785]
Epoch [104] Testing Results: Prec@1 44.750 Prec@5 81.060 Loss 2.12663
Epoch [104] Testing Class Recall: [0.925,0.874,0.562,0.207,0.705,0.139,0.399,0.335,0.277,0.052]
Epoch [105] Training Results: Prec@1 76.612 Prec@5 93.552 Loss 0.93649
Epoch [105] Training Class Recall: [0.753,0.724,0.800,0.710,0.756,0.716,0.758,0.809,0.808,0.786]
Epoch [105] Testing Results: Prec@1 45.930 Prec@5 79.160 Loss 2.13732
Epoch [105] Testing Class Recall: [0.818,0.910,0.806,0.113,0.587,0.285,0.346,0.552,0.039,0.137]
Epoch [106] Training Results: Prec@1 76.696 Prec@5 93.724 Loss 0.93395
Epoch [106] Training Class Recall: [0.759,0.724,0.798,0.708,0.763,0.714,0.753,0.811,0.806,0.789]
Epoch [106] Testing Results: Prec@1 53.850 Prec@5 85.700 Loss 1.70694
Epoch [106] Testing Class Recall: [0.785,0.876,0.698,0.400,0.600,0.408,0.549,0.312,0.377,0.380]
Epoch [107] Training Results: Prec@1 76.784 Prec@5 93.560 Loss 0.93095
Epoch [107] Training Class Recall: [0.764,0.735,0.798,0.704,0.763,0.721,0.750,0.809,0.808,0.786]
Epoch [107] Testing Results: Prec@1 46.820 Prec@5 83.510 Loss 1.91682
Epoch [107] Testing Class Recall: [0.802,0.975,0.649,0.525,0.566,0.192,0.316,0.271,0.305,0.081]
Epoch [108] Training Results: Prec@1 76.768 Prec@5 93.772 Loss 0.92627
Epoch [108] Training Class Recall: [0.757,0.721,0.800,0.698,0.772,0.728,0.757,0.810,0.803,0.786]
Epoch [108] Testing Results: Prec@1 53.550 Prec@5 86.990 Loss 1.68748
Epoch [108] Testing Class Recall: [0.795,0.646,0.744,0.459,0.491,0.315,0.391,0.605,0.539,0.370]
Epoch [109] Training Results: Prec@1 76.812 Prec@5 93.944 Loss 0.92756
Epoch [109] Training Class Recall: [0.755,0.719,0.803,0.717,0.765,0.712,0.761,0.815,0.805,0.786]
Epoch [109] Testing Results: Prec@1 48.960 Prec@5 85.980 Loss 1.90691
Epoch [109] Testing Class Recall: [0.856,0.903,0.694,0.511,0.475,0.248,0.285,0.463,0.370,0.091]
Epoch [110] Training Results: Prec@1 77.000 Prec@5 93.864 Loss 0.92228
Epoch [110] Training Class Recall: [0.769,0.729,0.804,0.706,0.771,0.722,0.747,0.810,0.810,0.786]
Epoch [110] Testing Results: Prec@1 48.270 Prec@5 84.500 Loss 1.82812
Epoch [110] Testing Class Recall: [0.734,0.929,0.744,0.267,0.202,0.465,0.279,0.617,0.475,0.115]
Epoch [111] Training Results: Prec@1 76.792 Prec@5 94.004 Loss 0.92378
Epoch [111] Training Class Recall: [0.750,0.732,0.798,0.701,0.765,0.726,0.763,0.815,0.804,0.786]
Epoch [111] Testing Results: Prec@1 50.900 Prec@5 85.840 Loss 1.78677
Epoch [111] Testing Class Recall: [0.633,0.976,0.703,0.398,0.465,0.434,0.611,0.342,0.378,0.150]
Epoch [112] Training Results: Prec@1 76.896 Prec@5 93.760 Loss 0.92448
Epoch [112] Training Class Recall: [0.751,0.728,0.808,0.702,0.772,0.731,0.755,0.810,0.804,0.783]
Epoch [112] Testing Results: Prec@1 43.030 Prec@5 75.770 Loss 2.46012
Epoch [112] Testing Class Recall: [0.680,0.985,0.529,0.217,0.758,0.112,0.566,0.347,0.094,0.015]
Epoch [113] Training Results: Prec@1 77.048 Prec@5 93.936 Loss 0.91718
Epoch [113] Training Class Recall: [0.768,0.724,0.803,0.714,0.766,0.724,0.756,0.812,0.805,0.789]
Epoch [113] Testing Results: Prec@1 53.680 Prec@5 87.070 Loss 1.68697
Epoch [113] Testing Class Recall: [0.794,0.792,0.578,0.519,0.443,0.260,0.489,0.688,0.471,0.334]
Epoch [114] Training Results: Prec@1 76.616 Prec@5 93.716 Loss 0.93104
Epoch [114] Training Class Recall: [0.760,0.720,0.800,0.705,0.763,0.714,0.751,0.810,0.805,0.787]
Epoch [114] Testing Results: Prec@1 53.160 Prec@5 87.300 Loss 1.70098
Epoch [114] Testing Class Recall: [0.890,0.844,0.574,0.193,0.426,0.462,0.688,0.644,0.292,0.303]
Epoch [115] Training Results: Prec@1 76.860 Prec@5 93.756 Loss 0.92156
Epoch [115] Training Class Recall: [0.755,0.731,0.800,0.705,0.766,0.725,0.753,0.815,0.808,0.786]
Epoch [115] Testing Results: Prec@1 52.100 Prec@5 85.450 Loss 1.77758
Epoch [115] Testing Class Recall: [0.742,0.896,0.806,0.300,0.518,0.287,0.503,0.465,0.579,0.114]
Epoch [116] Training Results: Prec@1 77.072 Prec@5 94.044 Loss 0.91585
Epoch [116] Training Class Recall: [0.766,0.733,0.804,0.705,0.768,0.727,0.760,0.808,0.806,0.788]
Epoch [116] Testing Results: Prec@1 45.390 Prec@5 82.200 Loss 2.14237
Epoch [116] Testing Class Recall: [0.879,0.923,0.717,0.182,0.423,0.460,0.198,0.422,0.267,0.068]
Epoch [117] Training Results: Prec@1 76.644 Prec@5 93.968 Loss 0.92549
Epoch [117] Training Class Recall: [0.755,0.725,0.800,0.687,0.765,0.725,0.759,0.811,0.808,0.786]
Epoch [117] Testing Results: Prec@1 48.230 Prec@5 85.600 Loss 2.00194
Epoch [117] Testing Class Recall: [0.539,0.988,0.730,0.278,0.475,0.482,0.387,0.614,0.294,0.036]
Epoch [118] Training Results: Prec@1 76.612 Prec@5 94.020 Loss 0.92287
Epoch [118] Training Class Recall: [0.755,0.726,0.798,0.704,0.766,0.708,0.757,0.810,0.806,0.788]
Epoch [118] Testing Results: Prec@1 43.630 Prec@5 81.490 Loss 2.17133
Epoch [118] Testing Class Recall: [0.895,0.912,0.646,0.176,0.417,0.314,0.069,0.504,0.262,0.168]
Epoch [119] Training Results: Prec@1 77.052 Prec@5 93.952 Loss 0.91655
Epoch [119] Training Class Recall: [0.758,0.728,0.805,0.708,0.766,0.729,0.755,0.816,0.809,0.788]
Epoch [119] Testing Results: Prec@1 47.820 Prec@5 84.670 Loss 1.75722
Epoch [119] Testing Class Recall: [0.810,0.914,0.459,0.440,0.423,0.193,0.333,0.539,0.234,0.437]
Epoch [120] Training Results: Prec@1 76.992 Prec@5 93.964 Loss 0.91354
Epoch [120] Training Class Recall: [0.754,0.727,0.803,0.704,0.772,0.730,0.757,0.815,0.806,0.789]
Epoch [120] Testing Results: Prec@1 57.100 Prec@5 88.750 Loss 1.49265
Epoch [120] Testing Class Recall: [0.783,0.893,0.493,0.430,0.615,0.430,0.537,0.588,0.650,0.291]
Epoch [121] Training Results: Prec@1 76.800 Prec@5 93.904 Loss 0.92255
Epoch [121] Training Class Recall: [0.760,0.724,0.798,0.694,0.765,0.724,0.766,0.810,0.810,0.786]
Epoch [121] Testing Results: Prec@1 53.250 Prec@5 86.000 Loss 1.74443
Epoch [121] Testing Class Recall: [0.656,0.946,0.731,0.581,0.566,0.498,0.370,0.405,0.381,0.191]
Epoch [122] Training Results: Prec@1 76.988 Prec@5 94.396 Loss 0.90873
Epoch [122] Training Class Recall: [0.754,0.727,0.806,0.715,0.773,0.722,0.752,0.813,0.807,0.784]
Epoch [122] Testing Results: Prec@1 48.710 Prec@5 83.280 Loss 1.92748
Epoch [122] Testing Class Recall: [0.823,0.931,0.562,0.121,0.375,0.468,0.700,0.331,0.219,0.341]
Epoch [123] Training Results: Prec@1 76.928 Prec@5 94.220 Loss 0.91852
Epoch [123] Training Class Recall: [0.762,0.730,0.803,0.694,0.768,0.731,0.752,0.813,0.805,0.792]
Epoch [123] Testing Results: Prec@1 55.600 Prec@5 87.700 Loss 1.55553
Epoch [123] Testing Class Recall: [0.767,0.880,0.614,0.466,0.626,0.516,0.386,0.705,0.350,0.250]
Epoch [124] Training Results: Prec@1 76.980 Prec@5 94.160 Loss 0.90916
Epoch [124] Training Class Recall: [0.769,0.731,0.795,0.718,0.764,0.715,0.755,0.812,0.807,0.792]
Epoch [124] Testing Results: Prec@1 47.520 Prec@5 83.230 Loss 1.93284
Epoch [124] Testing Class Recall: [0.646,0.968,0.750,0.385,0.321,0.550,0.324,0.377,0.295,0.136]
Epoch [125] Training Results: Prec@1 77.188 Prec@5 94.244 Loss 0.90976
Epoch [125] Training Class Recall: [0.760,0.728,0.809,0.710,0.774,0.719,0.759,0.817,0.805,0.790]
Epoch [125] Testing Results: Prec@1 51.360 Prec@5 86.200 Loss 1.93003
Epoch [125] Testing Class Recall: [0.717,0.804,0.861,0.164,0.322,0.279,0.463,0.525,0.385,0.616]
Epoch [126] Training Results: Prec@1 77.224 Prec@5 94.120 Loss 0.90730
Epoch [126] Training Class Recall: [0.763,0.731,0.799,0.720,0.772,0.724,0.756,0.817,0.810,0.789]
Epoch [126] Testing Results: Prec@1 52.030 Prec@5 85.410 Loss 1.77447
Epoch [126] Testing Class Recall: [0.638,0.876,0.720,0.469,0.629,0.534,0.409,0.346,0.511,0.071]
Epoch [127] Training Results: Prec@1 76.988 Prec@5 94.180 Loss 0.91224
Epoch [127] Training Class Recall: [0.764,0.731,0.804,0.700,0.765,0.721,0.758,0.817,0.806,0.788]
Epoch [127] Testing Results: Prec@1 53.900 Prec@5 85.230 Loss 1.75881
Epoch [127] Testing Class Recall: [0.799,0.911,0.681,0.336,0.571,0.338,0.461,0.748,0.339,0.206]
Epoch [128] Training Results: Prec@1 76.988 Prec@5 94.236 Loss 0.91279
Epoch [128] Training Class Recall: [0.758,0.738,0.800,0.716,0.768,0.716,0.759,0.813,0.808,0.782]
Epoch [128] Testing Results: Prec@1 49.780 Prec@5 85.010 Loss 1.97073
Epoch [128] Testing Class Recall: [0.745,0.904,0.780,0.288,0.376,0.468,0.544,0.374,0.335,0.164]
Epoch [129] Training Results: Prec@1 77.220 Prec@5 94.232 Loss 0.90634
Epoch [129] Training Class Recall: [0.758,0.725,0.810,0.719,0.772,0.725,0.758,0.810,0.809,0.789]
Epoch [129] Testing Results: Prec@1 53.460 Prec@5 85.980 Loss 1.70003
Epoch [129] Testing Class Recall: [0.835,0.858,0.689,0.508,0.534,0.381,0.605,0.403,0.294,0.239]
Epoch [130] Training Results: Prec@1 77.312 Prec@5 94.384 Loss 0.90201
Epoch [130] Training Class Recall: [0.763,0.729,0.799,0.713,0.775,0.728,0.767,0.817,0.815,0.786]
Epoch [130] Testing Results: Prec@1 46.130 Prec@5 83.180 Loss 2.17967
Epoch [130] Testing Class Recall: [0.876,0.933,0.715,0.330,0.449,0.403,0.307,0.423,0.084,0.093]
Epoch [131] Training Results: Prec@1 76.924 Prec@5 94.308 Loss 0.90874
Epoch [131] Training Class Recall: [0.757,0.730,0.803,0.711,0.761,0.724,0.758,0.817,0.804,0.786]
Epoch [131] Testing Results: Prec@1 54.810 Prec@5 88.430 Loss 1.57989
Epoch [131] Testing Class Recall: [0.662,0.746,0.695,0.315,0.586,0.232,0.564,0.579,0.557,0.545]
Epoch [132] Training Results: Prec@1 76.756 Prec@5 94.124 Loss 0.91432
Epoch [132] Training Class Recall: [0.745,0.724,0.799,0.707,0.773,0.724,0.752,0.812,0.810,0.787]
Epoch [132] Testing Results: Prec@1 52.930 Prec@5 87.860 Loss 1.65347
Epoch [132] Testing Class Recall: [0.529,0.901,0.638,0.244,0.658,0.728,0.513,0.428,0.405,0.249]
Epoch [133] Training Results: Prec@1 77.064 Prec@5 94.224 Loss 0.90651
Epoch [133] Training Class Recall: [0.753,0.727,0.807,0.705,0.770,0.732,0.760,0.813,0.806,0.792]
Epoch [133] Testing Results: Prec@1 50.320 Prec@5 81.680 Loss 2.05130
Epoch [133] Testing Class Recall: [0.888,0.841,0.459,0.271,0.561,0.375,0.492,0.726,0.360,0.059]
Epoch [134] Training Results: Prec@1 76.980 Prec@5 94.336 Loss 0.91215
Epoch [134] Training Class Recall: [0.754,0.728,0.803,0.713,0.768,0.718,0.760,0.816,0.810,0.785]
Epoch [134] Testing Results: Prec@1 48.760 Prec@5 82.810 Loss 1.97076
Epoch [134] Testing Class Recall: [0.865,0.869,0.613,0.254,0.495,0.333,0.492,0.541,0.365,0.049]
Epoch [135] Training Results: Prec@1 77.236 Prec@5 94.376 Loss 0.90602
Epoch [135] Training Class Recall: [0.759,0.730,0.812,0.712,0.774,0.728,0.760,0.810,0.807,0.786]
Epoch [135] Testing Results: Prec@1 50.630 Prec@5 86.150 Loss 1.85589
Epoch [135] Testing Class Recall: [0.921,0.831,0.530,0.381,0.568,0.325,0.455,0.535,0.361,0.156]
Epoch [136] Training Results: Prec@1 77.140 Prec@5 94.472 Loss 0.90365
Epoch [136] Training Class Recall: [0.762,0.733,0.806,0.702,0.773,0.728,0.762,0.813,0.806,0.785]
Epoch [136] Testing Results: Prec@1 54.880 Prec@5 87.690 Loss 1.58514
Epoch [136] Testing Class Recall: [0.823,0.700,0.684,0.266,0.594,0.271,0.470,0.586,0.473,0.621]
Epoch [137] Training Results: Prec@1 76.860 Prec@5 94.372 Loss 0.90606
Epoch [137] Training Class Recall: [0.750,0.725,0.809,0.707,0.767,0.719,0.759,0.810,0.809,0.784]
Epoch [137] Testing Results: Prec@1 47.410 Prec@5 81.810 Loss 2.17115
Epoch [137] Testing Class Recall: [0.895,0.945,0.617,0.125,0.640,0.336,0.313,0.460,0.197,0.213]
Epoch [138] Training Results: Prec@1 77.540 Prec@5 94.316 Loss 0.89548
Epoch [138] Training Class Recall: [0.772,0.734,0.811,0.714,0.772,0.729,0.764,0.814,0.811,0.790]
Epoch [138] Testing Results: Prec@1 49.700 Prec@5 86.050 Loss 1.90037
Epoch [138] Testing Class Recall: [0.638,0.882,0.743,0.209,0.489,0.220,0.342,0.469,0.391,0.587]
Epoch [139] Training Results: Prec@1 76.916 Prec@5 94.624 Loss 0.89998
Epoch [139] Training Class Recall: [0.758,0.727,0.804,0.708,0.763,0.724,0.760,0.811,0.805,0.789]
Epoch [139] Testing Results: Prec@1 51.440 Prec@5 84.480 Loss 1.96017
Epoch [139] Testing Class Recall: [0.544,0.913,0.782,0.495,0.502,0.246,0.530,0.456,0.619,0.057]
Epoch [140] Training Results: Prec@1 77.244 Prec@5 94.444 Loss 0.89663
Epoch [140] Training Class Recall: [0.758,0.731,0.809,0.709,0.776,0.728,0.754,0.813,0.809,0.791]
Epoch [140] Testing Results: Prec@1 53.020 Prec@5 85.850 Loss 1.77698
Epoch [140] Testing Class Recall: [0.831,0.914,0.641,0.568,0.559,0.248,0.493,0.630,0.311,0.107]
Epoch [141] Training Results: Prec@1 77.376 Prec@5 94.620 Loss 0.89106
Epoch [141] Training Class Recall: [0.764,0.737,0.806,0.710,0.779,0.721,0.763,0.818,0.809,0.788]
Epoch [141] Testing Results: Prec@1 53.140 Prec@5 87.360 Loss 1.69152
Epoch [141] Testing Class Recall: [0.885,0.883,0.593,0.582,0.561,0.201,0.547,0.479,0.244,0.339]
Epoch [142] Training Results: Prec@1 77.244 Prec@5 94.508 Loss 0.89522
Epoch [142] Training Class Recall: [0.764,0.735,0.804,0.709,0.774,0.730,0.755,0.814,0.808,0.789]
Epoch [142] Testing Results: Prec@1 50.480 Prec@5 84.160 Loss 1.84563
Epoch [142] Testing Class Recall: [0.771,0.919,0.753,0.212,0.519,0.360,0.499,0.374,0.332,0.309]
Epoch [143] Training Results: Prec@1 77.128 Prec@5 94.584 Loss 0.89488
Epoch [143] Training Class Recall: [0.758,0.728,0.807,0.706,0.776,0.722,0.762,0.818,0.803,0.786]
Epoch [143] Testing Results: Prec@1 51.170 Prec@5 85.110 Loss 1.82364
Epoch [143] Testing Class Recall: [0.543,0.954,0.671,0.260,0.698,0.237,0.438,0.415,0.571,0.330]
Epoch [144] Training Results: Prec@1 77.244 Prec@5 94.504 Loss 0.89397
Epoch [144] Training Class Recall: [0.760,0.732,0.806,0.718,0.773,0.721,0.760,0.813,0.810,0.787]
Epoch [144] Testing Results: Prec@1 54.390 Prec@5 87.130 Loss 1.66587
Epoch [144] Testing Class Recall: [0.746,0.888,0.686,0.495,0.583,0.227,0.493,0.637,0.262,0.422]
Epoch [145] Training Results: Prec@1 77.368 Prec@5 94.484 Loss 0.89732
Epoch [145] Training Class Recall: [0.754,0.726,0.813,0.720,0.777,0.725,0.760,0.813,0.810,0.791]
Epoch [145] Testing Results: Prec@1 54.560 Prec@5 87.920 Loss 1.74555
Epoch [145] Testing Class Recall: [0.742,0.736,0.809,0.303,0.564,0.261,0.533,0.545,0.445,0.518]
Epoch [146] Training Results: Prec@1 77.152 Prec@5 94.632 Loss 0.89374
Epoch [146] Training Class Recall: [0.751,0.732,0.809,0.710,0.771,0.730,0.758,0.812,0.807,0.791]
Epoch [146] Testing Results: Prec@1 47.720 Prec@5 85.940 Loss 1.87983
Epoch [146] Testing Class Recall: [0.800,0.624,0.590,0.516,0.624,0.261,0.271,0.419,0.592,0.075]
Epoch [147] Training Results: Prec@1 77.428 Prec@5 94.636 Loss 0.88648
Epoch [147] Training Class Recall: [0.759,0.741,0.812,0.717,0.771,0.717,0.766,0.818,0.808,0.789]
Epoch [147] Testing Results: Prec@1 49.230 Prec@5 82.930 Loss 1.91474
Epoch [147] Testing Class Recall: [0.727,0.880,0.724,0.262,0.547,0.312,0.663,0.363,0.335,0.110]
Epoch [148] Training Results: Prec@1 77.256 Prec@5 94.840 Loss 0.89173
Epoch [148] Training Class Recall: [0.759,0.727,0.812,0.719,0.773,0.720,0.758,0.820,0.804,0.787]
Epoch [148] Testing Results: Prec@1 50.780 Prec@5 86.000 Loss 1.80825
Epoch [148] Testing Class Recall: [0.885,0.860,0.572,0.258,0.407,0.398,0.496,0.362,0.265,0.575]
Epoch [149] Training Results: Prec@1 77.268 Prec@5 94.476 Loss 0.89594
Epoch [149] Training Class Recall: [0.771,0.739,0.798,0.715,0.774,0.727,0.755,0.813,0.808,0.788]
Epoch [149] Testing Results: Prec@1 47.570 Prec@5 85.020 Loss 2.18553
Epoch [149] Testing Class Recall: [0.833,0.758,0.653,0.517,0.526,0.240,0.214,0.368,0.407,0.241]
Epoch [150] Training Results: Prec@1 77.248 Prec@5 94.832 Loss 0.89378
Epoch [150] Training Class Recall: [0.764,0.725,0.805,0.713,0.772,0.731,0.761,0.818,0.808,0.785]
Epoch [150] Testing Results: Prec@1 46.630 Prec@5 83.480 Loss 2.05381
Epoch [150] Testing Class Recall: [0.858,0.744,0.733,0.487,0.356,0.463,0.268,0.353,0.207,0.194]
Epoch [151] Training Results: Prec@1 77.232 Prec@5 94.708 Loss 0.89099
Epoch [151] Training Class Recall: [0.758,0.729,0.804,0.718,0.776,0.721,0.760,0.816,0.808,0.791]
Epoch [151] Testing Results: Prec@1 53.170 Prec@5 87.110 Loss 1.62921
Epoch [151] Testing Class Recall: [0.562,0.937,0.483,0.362,0.731,0.393,0.392,0.554,0.492,0.411]
Epoch [152] Training Results: Prec@1 77.248 Prec@5 94.688 Loss 0.88642
Epoch [152] Training Class Recall: [0.760,0.732,0.812,0.709,0.766,0.722,0.765,0.811,0.808,0.793]
Epoch [152] Testing Results: Prec@1 53.200 Prec@5 86.100 Loss 1.73497
Epoch [152] Testing Class Recall: [0.532,0.901,0.670,0.459,0.796,0.325,0.522,0.291,0.491,0.333]
Epoch [153] Training Results: Prec@1 77.460 Prec@5 94.804 Loss 0.89134
Epoch [153] Training Class Recall: [0.764,0.740,0.805,0.715,0.770,0.732,0.759,0.815,0.811,0.798]
Epoch [153] Testing Results: Prec@1 51.910 Prec@5 85.250 Loss 1.77198
Epoch [153] Testing Class Recall: [0.789,0.787,0.633,0.367,0.736,0.174,0.578,0.409,0.495,0.223]
Epoch [154] Training Results: Prec@1 77.360 Prec@5 94.744 Loss 0.88556
Epoch [154] Training Class Recall: [0.759,0.728,0.808,0.707,0.775,0.726,0.767,0.821,0.809,0.791]
Epoch [154] Testing Results: Prec@1 51.480 Prec@5 85.640 Loss 1.92464
Epoch [154] Testing Class Recall: [0.672,0.901,0.864,0.324,0.446,0.405,0.412,0.639,0.276,0.209]
Epoch [155] Training Results: Prec@1 77.184 Prec@5 94.740 Loss 0.88805
Epoch [155] Training Class Recall: [0.771,0.726,0.804,0.715,0.774,0.710,0.761,0.820,0.807,0.784]
Epoch [155] Testing Results: Prec@1 50.210 Prec@5 85.560 Loss 1.90378
Epoch [155] Testing Class Recall: [0.832,0.852,0.727,0.482,0.511,0.422,0.426,0.301,0.170,0.298]
Epoch [156] Training Results: Prec@1 77.140 Prec@5 94.812 Loss 0.89048
Epoch [156] Training Class Recall: [0.761,0.728,0.804,0.718,0.771,0.721,0.760,0.810,0.809,0.788]
Epoch [156] Testing Results: Prec@1 54.750 Prec@5 87.850 Loss 1.68235
Epoch [156] Testing Class Recall: [0.850,0.755,0.647,0.256,0.406,0.570,0.537,0.643,0.233,0.578]
Epoch [157] Training Results: Prec@1 77.428 Prec@5 94.956 Loss 0.88425
Epoch [157] Training Class Recall: [0.769,0.732,0.809,0.719,0.771,0.726,0.760,0.816,0.806,0.792]
Epoch [157] Testing Results: Prec@1 41.510 Prec@5 78.490 Loss 2.32483
Epoch [157] Testing Class Recall: [0.857,0.908,0.762,0.129,0.457,0.166,0.170,0.280,0.378,0.044]
Epoch [158] Training Results: Prec@1 77.180 Prec@5 94.996 Loss 0.88517
Epoch [158] Training Class Recall: [0.765,0.735,0.805,0.709,0.766,0.724,0.756,0.819,0.808,0.788]
Epoch [158] Testing Results: Prec@1 51.590 Prec@5 86.470 Loss 1.74649
Epoch [158] Testing Class Recall: [0.760,0.894,0.477,0.470,0.499,0.529,0.597,0.496,0.343,0.094]
Epoch [159] Training Results: Prec@1 77.384 Prec@5 94.952 Loss 0.88759
Epoch [159] Training Class Recall: [0.762,0.736,0.806,0.718,0.769,0.735,0.757,0.815,0.806,0.795]
Epoch [159] Testing Results: Prec@1 46.840 Prec@5 81.430 Loss 2.14074
Epoch [159] Testing Class Recall: [0.860,0.882,0.645,0.314,0.442,0.274,0.520,0.455,0.280,0.012]
Epoch [160] Training Results: Prec@1 79.184 Prec@5 95.924 Loss 0.80929
Epoch [160] Training Class Recall: [0.795,0.750,0.825,0.757,0.796,0.743,0.787,0.824,0.818,0.782]
Epoch [160] Testing Results: Prec@1 53.430 Prec@5 85.510 Loss 1.83889
Epoch [160] Testing Class Recall: [0.830,0.909,0.740,0.461,0.539,0.348,0.567,0.496,0.365,0.088]
Epoch [161] Training Results: Prec@1 80.032 Prec@5 96.116 Loss 0.77396
Epoch [161] Training Class Recall: [0.800,0.750,0.846,0.762,0.805,0.758,0.789,0.827,0.824,0.794]
Epoch [161] Testing Results: Prec@1 54.540 Prec@5 86.410 Loss 1.78845
Epoch [161] Testing Class Recall: [0.829,0.914,0.734,0.502,0.543,0.344,0.544,0.530,0.380,0.134]
Epoch [162] Training Results: Prec@1 80.276 Prec@5 96.364 Loss 0.75739
Epoch [162] Training Class Recall: [0.799,0.761,0.845,0.775,0.801,0.765,0.787,0.832,0.822,0.798]
Epoch [162] Testing Results: Prec@1 53.800 Prec@5 86.140 Loss 1.83972
Epoch [162] Testing Class Recall: [0.829,0.930,0.766,0.458,0.549,0.358,0.475,0.494,0.376,0.145]
Epoch [163] Training Results: Prec@1 80.620 Prec@5 96.376 Loss 0.74703
Epoch [163] Training Class Recall: [0.801,0.772,0.856,0.770,0.811,0.759,0.787,0.832,0.823,0.800]
Epoch [163] Testing Results: Prec@1 54.460 Prec@5 86.830 Loss 1.79918
Epoch [163] Testing Class Recall: [0.828,0.919,0.747,0.477,0.543,0.361,0.486,0.517,0.402,0.166]
Epoch [164] Training Results: Prec@1 80.696 Prec@5 96.476 Loss 0.73720
Epoch [164] Training Class Recall: [0.805,0.761,0.857,0.776,0.815,0.763,0.786,0.831,0.825,0.799]
Epoch [164] Testing Results: Prec@1 53.170 Prec@5 86.090 Loss 1.88691
Epoch [164] Testing Class Recall: [0.831,0.925,0.772,0.462,0.526,0.353,0.454,0.495,0.358,0.141]
Epoch [165] Training Results: Prec@1 80.876 Prec@5 96.572 Loss 0.72947
Epoch [165] Training Class Recall: [0.800,0.767,0.860,0.783,0.814,0.769,0.791,0.829,0.827,0.798]
Epoch [165] Testing Results: Prec@1 53.770 Prec@5 86.210 Loss 1.86152
Epoch [165] Testing Class Recall: [0.835,0.934,0.749,0.461,0.556,0.366,0.476,0.504,0.345,0.151]
Epoch [166] Training Results: Prec@1 81.072 Prec@5 96.732 Loss 0.72059
Epoch [166] Training Class Recall: [0.811,0.771,0.859,0.784,0.814,0.772,0.787,0.835,0.823,0.802]
Epoch [166] Testing Results: Prec@1 54.040 Prec@5 86.710 Loss 1.83546
Epoch [166] Testing Class Recall: [0.832,0.919,0.770,0.441,0.556,0.375,0.462,0.506,0.365,0.178]
Epoch [167] Training Results: Prec@1 81.044 Prec@5 96.748 Loss 0.71917
Epoch [167] Training Class Recall: [0.805,0.767,0.863,0.783,0.811,0.772,0.790,0.836,0.824,0.804]
Epoch [167] Testing Results: Prec@1 53.420 Prec@5 86.370 Loss 1.88807
Epoch [167] Testing Class Recall: [0.831,0.921,0.766,0.463,0.558,0.349,0.437,0.507,0.359,0.151]
Epoch [168] Training Results: Prec@1 81.176 Prec@5 96.720 Loss 0.71455
Epoch [168] Training Class Recall: [0.808,0.779,0.859,0.779,0.820,0.776,0.791,0.835,0.824,0.801]
Epoch [168] Testing Results: Prec@1 54.080 Prec@5 86.860 Loss 1.82761
Epoch [168] Testing Class Recall: [0.806,0.918,0.771,0.445,0.546,0.384,0.443,0.511,0.395,0.189]
Epoch [169] Training Results: Prec@1 81.272 Prec@5 97.044 Loss 0.70545
Epoch [169] Training Class Recall: [0.806,0.771,0.863,0.780,0.819,0.772,0.792,0.839,0.829,0.806]
Epoch [169] Testing Results: Prec@1 54.730 Prec@5 87.140 Loss 1.81199
Epoch [169] Testing Class Recall: [0.812,0.910,0.774,0.448,0.573,0.381,0.472,0.527,0.372,0.204]
Epoch [170] Training Results: Prec@1 81.480 Prec@5 96.956 Loss 0.69956
Epoch [170] Training Class Recall: [0.812,0.776,0.863,0.787,0.822,0.776,0.793,0.842,0.825,0.804]
Epoch [170] Testing Results: Prec@1 53.970 Prec@5 86.830 Loss 1.83853
Epoch [170] Testing Class Recall: [0.820,0.919,0.760,0.449,0.540,0.368,0.452,0.528,0.358,0.203]
Epoch [171] Training Results: Prec@1 81.664 Prec@5 96.944 Loss 0.69532
Epoch [171] Training Class Recall: [0.811,0.780,0.868,0.785,0.827,0.777,0.795,0.838,0.827,0.809]
Epoch [171] Testing Results: Prec@1 53.660 Prec@5 86.400 Loss 1.89540
Epoch [171] Testing Class Recall: [0.823,0.912,0.754,0.474,0.552,0.350,0.451,0.510,0.361,0.179]
Epoch [172] Training Results: Prec@1 81.608 Prec@5 97.028 Loss 0.69003
Epoch [172] Training Class Recall: [0.806,0.777,0.869,0.786,0.827,0.774,0.793,0.839,0.827,0.810]
Epoch [172] Testing Results: Prec@1 54.150 Prec@5 86.530 Loss 1.88558
Epoch [172] Testing Class Recall: [0.793,0.917,0.767,0.494,0.554,0.351,0.470,0.502,0.381,0.186]
Epoch [173] Training Results: Prec@1 81.448 Prec@5 97.112 Loss 0.69332
Epoch [173] Training Class Recall: [0.809,0.781,0.863,0.781,0.819,0.774,0.795,0.840,0.830,0.805]
Epoch [173] Testing Results: Prec@1 53.920 Prec@5 86.630 Loss 1.87279
Epoch [173] Testing Class Recall: [0.803,0.910,0.783,0.440,0.534,0.343,0.450,0.522,0.373,0.234]
Epoch [174] Training Results: Prec@1 81.600 Prec@5 97.076 Loss 0.69048
Epoch [174] Training Class Recall: [0.813,0.778,0.862,0.787,0.827,0.778,0.793,0.839,0.828,0.807]
Epoch [174] Testing Results: Prec@1 54.210 Prec@5 86.720 Loss 1.85287
Epoch [174] Testing Class Recall: [0.804,0.913,0.763,0.436,0.564,0.373,0.481,0.510,0.394,0.183]
Epoch [175] Training Results: Prec@1 81.884 Prec@5 97.200 Loss 0.68042
Epoch [175] Training Class Recall: [0.815,0.778,0.868,0.796,0.829,0.778,0.798,0.844,0.828,0.806]
Epoch [175] Testing Results: Prec@1 54.130 Prec@5 86.590 Loss 1.86487
Epoch [175] Testing Class Recall: [0.811,0.921,0.752,0.447,0.556,0.363,0.465,0.507,0.393,0.198]
Epoch [176] Training Results: Prec@1 82.012 Prec@5 97.224 Loss 0.68268
Epoch [176] Training Class Recall: [0.813,0.782,0.869,0.794,0.831,0.777,0.796,0.844,0.830,0.816]
Epoch [176] Testing Results: Prec@1 54.080 Prec@5 86.280 Loss 1.89503
Epoch [176] Testing Class Recall: [0.806,0.920,0.753,0.451,0.563,0.372,0.447,0.503,0.398,0.195]
Epoch [177] Training Results: Prec@1 81.824 Prec@5 97.364 Loss 0.67789
Epoch [177] Training Class Recall: [0.812,0.780,0.870,0.788,0.824,0.781,0.796,0.843,0.831,0.808]
Epoch [177] Testing Results: Prec@1 53.790 Prec@5 86.340 Loss 1.90504
Epoch [177] Testing Class Recall: [0.809,0.912,0.766,0.439,0.568,0.381,0.433,0.527,0.339,0.205]
Epoch [178] Training Results: Prec@1 81.900 Prec@5 97.148 Loss 0.67477
Epoch [178] Training Class Recall: [0.815,0.786,0.864,0.793,0.826,0.776,0.802,0.844,0.830,0.808]
Epoch [178] Testing Results: Prec@1 53.500 Prec@5 86.310 Loss 1.92091
Epoch [178] Testing Class Recall: [0.796,0.916,0.759,0.466,0.549,0.367,0.452,0.489,0.373,0.183]
Epoch [179] Training Results: Prec@1 81.980 Prec@5 97.200 Loss 0.67544
Epoch [179] Training Class Recall: [0.816,0.780,0.869,0.795,0.827,0.782,0.798,0.841,0.833,0.810]
Epoch [179] Testing Results: Prec@1 53.630 Prec@5 86.490 Loss 1.92462
Epoch [179] Testing Class Recall: [0.813,0.909,0.752,0.472,0.547,0.357,0.469,0.504,0.346,0.194]
Epoch [180] Training Results: Prec@1 82.076 Prec@5 97.268 Loss 0.66779
Epoch [180] Training Class Recall: [0.814,0.783,0.874,0.791,0.829,0.780,0.798,0.846,0.830,0.811]
Epoch [180] Testing Results: Prec@1 52.800 Prec@5 86.090 Loss 1.98072
Epoch [180] Testing Class Recall: [0.818,0.917,0.744,0.449,0.531,0.347,0.431,0.509,0.354,0.180]
Epoch [181] Training Results: Prec@1 81.948 Prec@5 97.152 Loss 0.67169
Epoch [181] Training Class Recall: [0.817,0.782,0.866,0.794,0.824,0.784,0.799,0.841,0.829,0.813]
Epoch [181] Testing Results: Prec@1 53.400 Prec@5 86.110 Loss 1.91898
Epoch [181] Testing Class Recall: [0.806,0.911,0.762,0.435,0.550,0.387,0.448,0.507,0.341,0.193]
Epoch [182] Training Results: Prec@1 82.060 Prec@5 97.196 Loss 0.66901
Epoch [182] Training Class Recall: [0.812,0.786,0.873,0.794,0.824,0.784,0.799,0.846,0.828,0.811]
Epoch [182] Testing Results: Prec@1 53.570 Prec@5 86.360 Loss 1.92320
Epoch [182] Testing Class Recall: [0.802,0.912,0.765,0.427,0.563,0.373,0.440,0.526,0.348,0.201]
Epoch [183] Training Results: Prec@1 82.044 Prec@5 97.252 Loss 0.66714
Epoch [183] Training Class Recall: [0.819,0.782,0.873,0.796,0.824,0.782,0.793,0.847,0.827,0.811]
Epoch [183] Testing Results: Prec@1 52.980 Prec@5 86.300 Loss 1.96837
Epoch [183] Testing Class Recall: [0.806,0.916,0.758,0.451,0.545,0.350,0.436,0.494,0.351,0.191]
Epoch [184] Training Results: Prec@1 81.876 Prec@5 97.240 Loss 0.67218
Epoch [184] Training Class Recall: [0.818,0.777,0.870,0.790,0.828,0.777,0.794,0.843,0.829,0.809]
Epoch [184] Testing Results: Prec@1 53.160 Prec@5 86.080 Loss 1.96304
Epoch [184] Testing Class Recall: [0.815,0.910,0.757,0.437,0.567,0.362,0.427,0.495,0.356,0.190]
Epoch [185] Training Results: Prec@1 81.968 Prec@5 97.212 Loss 0.67049
Epoch [185] Training Class Recall: [0.812,0.785,0.870,0.795,0.825,0.782,0.797,0.841,0.831,0.811]
Epoch [185] Testing Results: Prec@1 53.450 Prec@5 86.310 Loss 1.92415
Epoch [185] Testing Class Recall: [0.801,0.912,0.761,0.454,0.555,0.366,0.446,0.501,0.355,0.194]
Epoch [186] Training Results: Prec@1 82.092 Prec@5 97.192 Loss 0.66868
Epoch [186] Training Class Recall: [0.815,0.787,0.872,0.796,0.827,0.778,0.800,0.844,0.831,0.809]
Epoch [186] Testing Results: Prec@1 53.530 Prec@5 86.380 Loss 1.91712
Epoch [186] Testing Class Recall: [0.806,0.915,0.748,0.446,0.564,0.348,0.449,0.503,0.356,0.218]
Epoch [187] Training Results: Prec@1 82.116 Prec@5 97.104 Loss 0.67162
Epoch [187] Training Class Recall: [0.814,0.787,0.868,0.794,0.829,0.790,0.797,0.843,0.831,0.813]
Epoch [187] Testing Results: Prec@1 53.140 Prec@5 86.390 Loss 1.93682
Epoch [187] Testing Class Recall: [0.821,0.910,0.755,0.448,0.535,0.351,0.424,0.517,0.339,0.214]
Epoch [188] Training Results: Prec@1 82.152 Prec@5 97.392 Loss 0.66949
Epoch [188] Training Class Recall: [0.820,0.785,0.873,0.784,0.833,0.786,0.797,0.844,0.833,0.809]
Epoch [188] Testing Results: Prec@1 52.980 Prec@5 86.130 Loss 1.96806
Epoch [188] Testing Class Recall: [0.807,0.911,0.757,0.446,0.555,0.335,0.426,0.518,0.357,0.186]
Epoch [189] Training Results: Prec@1 81.944 Prec@5 97.200 Loss 0.67227
Epoch [189] Training Class Recall: [0.813,0.784,0.872,0.793,0.825,0.775,0.800,0.842,0.827,0.812]
Epoch [189] Testing Results: Prec@1 54.000 Prec@5 86.610 Loss 1.87482
Epoch [189] Testing Class Recall: [0.795,0.910,0.767,0.428,0.563,0.387,0.467,0.507,0.362,0.214]
Epoch [190] Training Results: Prec@1 82.056 Prec@5 97.248 Loss 0.66927
Epoch [190] Training Class Recall: [0.820,0.780,0.871,0.794,0.828,0.782,0.796,0.846,0.829,0.810]
Epoch [190] Testing Results: Prec@1 54.090 Prec@5 86.530 Loss 1.88733
Epoch [190] Testing Class Recall: [0.810,0.913,0.745,0.452,0.575,0.331,0.456,0.504,0.389,0.234]
Epoch [191] Training Results: Prec@1 82.040 Prec@5 97.120 Loss 0.66938
Epoch [191] Training Class Recall: [0.816,0.781,0.872,0.796,0.828,0.782,0.794,0.841,0.829,0.815]
Epoch [191] Testing Results: Prec@1 52.820 Prec@5 86.090 Loss 1.98428
Epoch [191] Testing Class Recall: [0.818,0.919,0.755,0.430,0.541,0.354,0.429,0.507,0.345,0.184]
Epoch [192] Training Results: Prec@1 82.164 Prec@5 97.352 Loss 0.66780
Epoch [192] Training Class Recall: [0.816,0.787,0.870,0.795,0.828,0.777,0.802,0.841,0.837,0.817]
Epoch [192] Testing Results: Prec@1 53.240 Prec@5 86.030 Loss 1.94576
Epoch [192] Testing Class Recall: [0.811,0.916,0.750,0.449,0.560,0.371,0.446,0.495,0.343,0.183]
Epoch [193] Training Results: Prec@1 81.992 Prec@5 97.276 Loss 0.66814
Epoch [193] Training Class Recall: [0.815,0.783,0.868,0.801,0.829,0.781,0.794,0.840,0.827,0.813]
Epoch [193] Testing Results: Prec@1 53.680 Prec@5 86.440 Loss 1.91768
Epoch [193] Testing Class Recall: [0.804,0.909,0.760,0.435,0.562,0.378,0.448,0.497,0.358,0.217]
Epoch [194] Training Results: Prec@1 82.004 Prec@5 97.144 Loss 0.67469
Epoch [194] Training Class Recall: [0.820,0.785,0.870,0.795,0.829,0.775,0.795,0.843,0.832,0.807]
Epoch [194] Testing Results: Prec@1 52.920 Prec@5 86.050 Loss 1.96372
Epoch [194] Testing Class Recall: [0.808,0.917,0.760,0.440,0.545,0.362,0.430,0.472,0.373,0.185]
Epoch [195] Training Results: Prec@1 82.120 Prec@5 97.220 Loss 0.66816
Epoch [195] Training Class Recall: [0.822,0.785,0.866,0.792,0.829,0.786,0.794,0.843,0.833,0.815]
Epoch [195] Testing Results: Prec@1 53.710 Prec@5 86.300 Loss 1.90757
Epoch [195] Testing Class Recall: [0.799,0.906,0.767,0.446,0.562,0.348,0.436,0.528,0.374,0.205]
Epoch [196] Training Results: Prec@1 82.084 Prec@5 97.352 Loss 0.67107
Epoch [196] Training Class Recall: [0.813,0.787,0.876,0.798,0.828,0.784,0.793,0.838,0.831,0.809]
Epoch [196] Testing Results: Prec@1 53.740 Prec@5 86.410 Loss 1.93139
Epoch [196] Testing Class Recall: [0.787,0.910,0.777,0.455,0.581,0.359,0.441,0.505,0.371,0.188]
Epoch [197] Training Results: Prec@1 82.096 Prec@5 97.248 Loss 0.66625
Epoch [197] Training Class Recall: [0.821,0.785,0.869,0.798,0.824,0.782,0.798,0.842,0.828,0.816]
Epoch [197] Testing Results: Prec@1 54.000 Prec@5 86.440 Loss 1.88439
Epoch [197] Testing Class Recall: [0.789,0.918,0.759,0.454,0.567,0.380,0.464,0.509,0.362,0.198]
Epoch [198] Training Results: Prec@1 82.140 Prec@5 97.308 Loss 0.66866
Epoch [198] Training Class Recall: [0.813,0.788,0.870,0.798,0.829,0.780,0.799,0.843,0.834,0.811]
Epoch [198] Testing Results: Prec@1 53.390 Prec@5 86.310 Loss 1.92127
Epoch [198] Testing Class Recall: [0.799,0.915,0.772,0.434,0.542,0.370,0.443,0.519,0.350,0.195]
Epoch [199] Training Results: Prec@1 82.104 Prec@5 97.188 Loss 0.66720
Epoch [199] Training Class Recall: [0.818,0.784,0.869,0.795,0.829,0.779,0.796,0.846,0.831,0.815]
Epoch [199] Testing Results: Prec@1 53.700 Prec@5 86.420 Loss 1.90784
Epoch [199] Testing Class Recall: [0.800,0.913,0.751,0.436,0.561,0.367,0.443,0.520,0.363,0.216]
