Log file: cifar10_sava1.0_deepsmote_sava_exp0.01_seed42_20260526_041857.log
Run started: 2026-05-26 04:18:57.279855
Dataset: cifar10
Imbalance type: exp, factor: 0.01
Selection method: sava, ratio: 1.0
Strategy: DeepSMOTE_Sava, epochs: 200
Seed: 42, rand_number: 0
Augmentation: weak
mamix_ratio: 1.0
============================================================

=> Preparing logger and tensorboard writer !
----------------------------------------------------
Class ID   | Original   | Selected   | Keep %  
----------------------------------------------------
0          | 5000       | 5000       |   100.0%
1          | 5000       | 5000       |   100.0%
2          | 5000       | 5000       |   100.0%
3          | 5000       | 5000       |   100.0%
4          | 5000       | 5000       |   100.0%
5          | 5000       | 5000       |   100.0%
6          | 5000       | 5000       |   100.0%
7          | 5000       | 5000       |   100.0%
8          | 5000       | 5000       |   100.0%
9          | 5000       | 5000       |   100.0%
----------------------------------------------------
TOTAL      | 50000      | 50000      |   100.0%
----------------------------------------------------
Epoch [0] Training Results: Prec@1 44.482 Prec@5 90.382             Loss 1.51388
Epoch [0] Training Class Recall: [0.456,0.568,0.181,0.270,0.322,0.378,0.447,0.542,0.652,0.632]
Epoch [0] Testing Results: Prec@1 34.770 Prec@5 84.330             Loss 2.04488
Epoch [0] Testing Class Recall: [0.717,0.669,0.310,0.322,0.015,0.097,0.379,0.319,0.302,0.347]
Epoch [1] Training Results: Prec@1 61.464 Prec@5 96.674             Loss 1.06716
Epoch [1] Training Class Recall: [0.643,0.717,0.354,0.343,0.480,0.503,0.687,0.734,0.815,0.870]
Epoch [1] Testing Results: Prec@1 49.840 Prec@5 90.070             Loss 1.60000
Epoch [1] Testing Class Recall: [0.678,0.586,0.339,0.497,0.292,0.480,0.722,0.568,0.514,0.308]
Epoch [2] Training Results: Prec@1 70.006 Prec@5 98.308             Loss 0.83586
Epoch [2] Training Class Recall: [0.738,0.798,0.469,0.425,0.588,0.582,0.781,0.816,0.890,0.914]
Epoch [2] Testing Results: Prec@1 54.550 Prec@5 92.840             Loss 1.62219
Epoch [2] Testing Class Recall: [0.688,0.932,0.301,0.320,0.410,0.556,0.496,0.792,0.563,0.397]
Epoch [3] Training Results: Prec@1 76.632 Prec@5 99.006             Loss 0.66217
Epoch [3] Training Class Recall: [0.795,0.855,0.560,0.538,0.672,0.678,0.829,0.862,0.929,0.944]
Epoch [3] Testing Results: Prec@1 56.170 Prec@5 93.450             Loss 1.66493
Epoch [3] Testing Class Recall: [0.848,0.854,0.362,0.478,0.229,0.442,0.693,0.823,0.579,0.309]
Epoch [4] Training Results: Prec@1 79.800 Prec@5 99.264             Loss 0.57414
Epoch [4] Training Class Recall: [0.828,0.873,0.608,0.591,0.728,0.712,0.850,0.888,0.946,0.956]
Epoch [4] Testing Results: Prec@1 57.960 Prec@5 93.750             Loss 1.46078
Epoch [4] Testing Class Recall: [0.749,0.898,0.576,0.650,0.453,0.437,0.448,0.632,0.594,0.359]
Epoch [5] Training Results: Prec@1 83.754 Prec@5 99.602             Loss 0.46260
Epoch [5] Training Class Recall: [0.858,0.901,0.660,0.650,0.786,0.772,0.884,0.930,0.964,0.971]
Epoch [5] Testing Results: Prec@1 57.170 Prec@5 91.410             Loss 1.84112
Epoch [5] Testing Class Recall: [0.699,0.946,0.605,0.333,0.643,0.618,0.729,0.624,0.385,0.135]
Epoch [6] Training Results: Prec@1 85.556 Prec@5 99.674             Loss 0.41222
Epoch [6] Training Class Recall: [0.871,0.920,0.691,0.685,0.805,0.804,0.903,0.932,0.968,0.977]
Epoch [6] Testing Results: Prec@1 56.280 Prec@5 93.680             Loss 2.14488
Epoch [6] Testing Class Recall: [0.614,0.967,0.305,0.228,0.391,0.914,0.755,0.566,0.693,0.195]
Epoch [7] Training Results: Prec@1 87.568 Prec@5 99.764             Loss 0.36282
Epoch [7] Training Class Recall: [0.890,0.932,0.718,0.730,0.827,0.837,0.920,0.947,0.976,0.979]
Epoch [7] Testing Results: Prec@1 62.040 Prec@5 94.920             Loss 1.60853
Epoch [7] Testing Class Recall: [0.739,0.983,0.643,0.377,0.480,0.574,0.638,0.641,0.562,0.567]
Epoch [8] Training Results: Prec@1 88.424 Prec@5 99.824             Loss 0.33732
Epoch [8] Training Class Recall: [0.893,0.930,0.740,0.743,0.844,0.855,0.926,0.952,0.979,0.981]
Epoch [8] Testing Results: Prec@1 57.560 Prec@5 92.450             Loss 2.22719
Epoch [8] Testing Class Recall: [0.863,0.975,0.630,0.641,0.411,0.462,0.688,0.595,0.094,0.397]
Epoch [9] Training Results: Prec@1 89.076 Prec@5 99.842             Loss 0.31129
Epoch [9] Training Class Recall: [0.903,0.934,0.751,0.755,0.853,0.862,0.925,0.960,0.979,0.986]
Epoch [9] Testing Results: Prec@1 57.810 Prec@5 93.330             Loss 2.07736
Epoch [9] Testing Class Recall: [0.960,0.903,0.545,0.572,0.614,0.560,0.730,0.519,0.116,0.262]
Epoch [10] Training Results: Prec@1 90.016 Prec@5 99.862             Loss 0.28962
Epoch [10] Training Class Recall: [0.908,0.943,0.769,0.775,0.864,0.880,0.932,0.961,0.981,0.989]
Epoch [10] Testing Results: Prec@1 50.690 Prec@5 88.100             Loss 2.61909
Epoch [10] Testing Class Recall: [0.611,0.918,0.904,0.677,0.398,0.268,0.616,0.187,0.327,0.163]
Epoch [11] Training Results: Prec@1 90.342 Prec@5 99.866             Loss 0.27740
Epoch [11] Training Class Recall: [0.907,0.942,0.782,0.791,0.869,0.886,0.936,0.962,0.977,0.982]
Epoch [11] Testing Results: Prec@1 57.720 Prec@5 93.410             Loss 2.03582
Epoch [11] Testing Class Recall: [0.884,0.982,0.717,0.569,0.726,0.345,0.616,0.306,0.330,0.297]
Epoch [12] Training Results: Prec@1 90.936 Prec@5 99.880             Loss 0.26213
Epoch [12] Training Class Recall: [0.912,0.945,0.785,0.801,0.879,0.891,0.948,0.963,0.983,0.986]
Epoch [12] Testing Results: Prec@1 56.320 Prec@5 92.710             Loss 2.22368
Epoch [12] Testing Class Recall: [0.946,0.921,0.754,0.572,0.484,0.355,0.400,0.621,0.402,0.177]
Epoch [13] Training Results: Prec@1 91.250 Prec@5 99.910             Loss 0.24950
Epoch [13] Training Class Recall: [0.910,0.947,0.802,0.806,0.885,0.898,0.943,0.968,0.983,0.984]
Epoch [13] Testing Results: Prec@1 62.800 Prec@5 93.680             Loss 1.68838
Epoch [13] Testing Class Recall: [0.793,0.929,0.681,0.763,0.649,0.467,0.782,0.464,0.457,0.295]
Epoch [14] Training Results: Prec@1 91.604 Prec@5 99.896             Loss 0.24468
Epoch [14] Training Class Recall: [0.918,0.948,0.801,0.817,0.883,0.907,0.948,0.968,0.984,0.987]
Epoch [14] Testing Results: Prec@1 51.640 Prec@5 86.760             Loss 2.73199
Epoch [14] Testing Class Recall: [0.972,0.797,0.582,0.401,0.798,0.331,0.715,0.407,0.056,0.105]
Epoch [15] Training Results: Prec@1 92.244 Prec@5 99.914             Loss 0.22784
Epoch [15] Training Class Recall: [0.920,0.948,0.819,0.827,0.897,0.910,0.954,0.971,0.989,0.990]
Epoch [15] Testing Results: Prec@1 58.680 Prec@5 93.760             Loss 1.93295
Epoch [15] Testing Class Recall: [0.950,0.924,0.489,0.668,0.551,0.354,0.473,0.741,0.301,0.417]
Epoch [16] Training Results: Prec@1 92.178 Prec@5 99.908             Loss 0.22740
Epoch [16] Training Class Recall: [0.921,0.952,0.815,0.833,0.894,0.914,0.945,0.970,0.985,0.988]
Epoch [16] Testing Results: Prec@1 60.340 Prec@5 92.370             Loss 1.78158
Epoch [16] Testing Class Recall: [0.869,0.976,0.824,0.533,0.569,0.380,0.694,0.420,0.565,0.204]
Epoch [17] Training Results: Prec@1 92.630 Prec@5 99.920             Loss 0.21337
Epoch [17] Training Class Recall: [0.920,0.951,0.819,0.846,0.900,0.918,0.958,0.973,0.987,0.989]
Epoch [17] Testing Results: Prec@1 49.600 Prec@5 92.790             Loss 2.95574
Epoch [17] Testing Class Recall: [0.996,0.885,0.593,0.423,0.482,0.260,0.548,0.354,0.283,0.136]
Epoch [18] Training Results: Prec@1 92.436 Prec@5 99.914             Loss 0.21652
Epoch [18] Training Class Recall: [0.921,0.952,0.823,0.838,0.899,0.912,0.953,0.974,0.984,0.987]
Epoch [18] Testing Results: Prec@1 51.280 Prec@5 90.010             Loss 2.89213
Epoch [18] Testing Class Recall: [0.985,0.900,0.663,0.604,0.573,0.463,0.409,0.254,0.250,0.027]
Epoch [19] Training Results: Prec@1 92.734 Prec@5 99.942             Loss 0.21365
Epoch [19] Training Class Recall: [0.925,0.953,0.832,0.835,0.905,0.923,0.953,0.972,0.986,0.989]
Epoch [19] Testing Results: Prec@1 56.150 Prec@5 90.750             Loss 2.43311
Epoch [19] Testing Class Recall: [0.685,0.970,0.655,0.692,0.422,0.660,0.684,0.277,0.450,0.120]
Epoch [20] Training Results: Prec@1 93.116 Prec@5 99.942             Loss 0.19874
Epoch [20] Training Class Recall: [0.930,0.955,0.834,0.855,0.906,0.924,0.957,0.975,0.988,0.987]
Epoch [20] Testing Results: Prec@1 61.670 Prec@5 95.220             Loss 1.99636
Epoch [20] Testing Class Recall: [0.854,0.976,0.859,0.477,0.443,0.534,0.703,0.614,0.388,0.319]
Epoch [21] Training Results: Prec@1 93.108 Prec@5 99.926             Loss 0.19527
Epoch [21] Training Class Recall: [0.928,0.953,0.836,0.857,0.909,0.921,0.956,0.975,0.986,0.991]
Epoch [21] Testing Results: Prec@1 61.410 Prec@5 95.300             Loss 1.80431
Epoch [21] Testing Class Recall: [0.903,0.968,0.638,0.398,0.347,0.637,0.719,0.679,0.449,0.403]
Epoch [22] Training Results: Prec@1 93.364 Prec@5 99.950             Loss 0.19304
Epoch [22] Training Class Recall: [0.927,0.956,0.843,0.859,0.909,0.927,0.962,0.977,0.987,0.990]
Epoch [22] Testing Results: Prec@1 58.040 Prec@5 91.320             Loss 2.23385
Epoch [22] Testing Class Recall: [0.941,0.919,0.636,0.489,0.830,0.399,0.612,0.277,0.601,0.100]
Epoch [23] Training Results: Prec@1 93.446 Prec@5 99.958             Loss 0.18956
Epoch [23] Training Class Recall: [0.933,0.956,0.839,0.860,0.915,0.931,0.956,0.980,0.985,0.990]
Epoch [23] Testing Results: Prec@1 63.810 Prec@5 95.110             Loss 1.57308
Epoch [23] Testing Class Recall: [0.945,0.832,0.638,0.562,0.568,0.529,0.848,0.473,0.339,0.647]
Epoch [24] Training Results: Prec@1 93.536 Prec@5 99.950             Loss 0.18675
Epoch [24] Training Class Recall: [0.930,0.960,0.848,0.854,0.921,0.924,0.960,0.978,0.987,0.992]
Epoch [24] Testing Results: Prec@1 65.230 Prec@5 95.780             Loss 1.58725
Epoch [24] Testing Class Recall: [0.654,0.910,0.554,0.809,0.543,0.578,0.742,0.661,0.601,0.471]
Epoch [25] Training Results: Prec@1 93.632 Prec@5 99.950             Loss 0.18475
Epoch [25] Training Class Recall: [0.930,0.957,0.848,0.868,0.920,0.931,0.961,0.976,0.986,0.987]
Epoch [25] Testing Results: Prec@1 67.870 Prec@5 95.220             Loss 1.38920
Epoch [25] Testing Class Recall: [0.941,0.933,0.574,0.626,0.774,0.623,0.727,0.647,0.358,0.584]
Epoch [26] Training Results: Prec@1 94.058 Prec@5 99.946             Loss 0.17126
Epoch [26] Training Class Recall: [0.937,0.958,0.857,0.875,0.921,0.937,0.965,0.978,0.988,0.991]
Epoch [26] Testing Results: Prec@1 59.800 Prec@5 92.750             Loss 2.28754
Epoch [26] Testing Class Recall: [0.964,0.937,0.649,0.611,0.534,0.587,0.790,0.563,0.195,0.150]
Epoch [27] Training Results: Prec@1 93.688 Prec@5 99.952             Loss 0.18551
Epoch [27] Training Class Recall: [0.932,0.960,0.853,0.868,0.914,0.932,0.961,0.976,0.985,0.988]
Epoch [27] Testing Results: Prec@1 63.120 Prec@5 95.450             Loss 1.69110
Epoch [27] Testing Class Recall: [0.957,0.877,0.717,0.630,0.647,0.480,0.487,0.601,0.348,0.568]
Epoch [28] Training Results: Prec@1 94.020 Prec@5 99.954             Loss 0.17346
Epoch [28] Training Class Recall: [0.933,0.960,0.857,0.873,0.922,0.932,0.962,0.980,0.991,0.992]
Epoch [28] Testing Results: Prec@1 49.210 Prec@5 91.560             Loss 2.88235
Epoch [28] Testing Class Recall: [0.972,0.902,0.794,0.398,0.460,0.250,0.526,0.369,0.112,0.138]
Epoch [29] Training Results: Prec@1 94.134 Prec@5 99.962             Loss 0.17013
Epoch [29] Training Class Recall: [0.936,0.958,0.867,0.877,0.923,0.930,0.965,0.976,0.991,0.991]
Epoch [29] Testing Results: Prec@1 65.730 Prec@5 94.900             Loss 1.57429
Epoch [29] Testing Class Recall: [0.847,0.892,0.643,0.421,0.758,0.553,0.858,0.298,0.715,0.588]
Epoch [30] Training Results: Prec@1 93.924 Prec@5 99.950             Loss 0.17657
Epoch [30] Training Class Recall: [0.933,0.961,0.864,0.873,0.921,0.933,0.960,0.972,0.988,0.988]
Epoch [30] Testing Results: Prec@1 64.960 Prec@5 94.620             Loss 1.52627
Epoch [30] Testing Class Recall: [0.842,0.804,0.743,0.728,0.554,0.531,0.655,0.684,0.652,0.303]
Epoch [31] Training Results: Prec@1 94.274 Prec@5 99.954             Loss 0.16753
Epoch [31] Training Class Recall: [0.940,0.961,0.859,0.886,0.930,0.935,0.961,0.978,0.988,0.990]
Epoch [31] Testing Results: Prec@1 59.390 Prec@5 91.590             Loss 2.09301
Epoch [31] Testing Class Recall: [0.938,0.951,0.694,0.513,0.690,0.511,0.788,0.331,0.452,0.071]
Epoch [32] Training Results: Prec@1 94.352 Prec@5 99.958             Loss 0.16468
Epoch [32] Training Class Recall: [0.940,0.962,0.868,0.878,0.922,0.933,0.968,0.981,0.989,0.993]
Epoch [32] Testing Results: Prec@1 58.000 Prec@5 94.440             Loss 2.06063
Epoch [32] Testing Class Recall: [0.919,0.977,0.826,0.312,0.417,0.675,0.553,0.359,0.483,0.279]
Epoch [33] Training Results: Prec@1 94.436 Prec@5 99.954             Loss 0.16301
Epoch [33] Training Class Recall: [0.940,0.963,0.861,0.891,0.929,0.936,0.963,0.980,0.990,0.991]
Epoch [33] Testing Results: Prec@1 59.430 Prec@5 91.250             Loss 2.29246
Epoch [33] Testing Class Recall: [0.804,0.972,0.594,0.798,0.748,0.432,0.764,0.564,0.053,0.214]
Epoch [34] Training Results: Prec@1 94.124 Prec@5 99.958             Loss 0.17018
Epoch [34] Training Class Recall: [0.933,0.964,0.862,0.881,0.923,0.935,0.961,0.978,0.988,0.989]
Epoch [34] Testing Results: Prec@1 62.830 Prec@5 93.380             Loss 1.85295
Epoch [34] Testing Class Recall: [0.866,0.972,0.793,0.606,0.610,0.611,0.687,0.445,0.298,0.395]
Epoch [35] Training Results: Prec@1 94.244 Prec@5 99.958             Loss 0.16636
Epoch [35] Training Class Recall: [0.938,0.959,0.864,0.881,0.926,0.935,0.960,0.982,0.991,0.988]
Epoch [35] Testing Results: Prec@1 69.150 Prec@5 95.930             Loss 1.30455
Epoch [35] Testing Class Recall: [0.846,0.927,0.670,0.470,0.624,0.536,0.644,0.826,0.771,0.601]
Epoch [36] Training Results: Prec@1 94.656 Prec@5 99.966             Loss 0.15386
Epoch [36] Training Class Recall: [0.939,0.965,0.870,0.889,0.932,0.941,0.966,0.983,0.988,0.992]
Epoch [36] Testing Results: Prec@1 66.230 Prec@5 94.810             Loss 1.56152
Epoch [36] Testing Class Recall: [0.943,0.960,0.579,0.508,0.642,0.649,0.836,0.479,0.475,0.552]
Epoch [37] Training Results: Prec@1 94.546 Prec@5 99.972             Loss 0.15548
Epoch [37] Training Class Recall: [0.941,0.966,0.866,0.883,0.927,0.945,0.967,0.981,0.987,0.992]
Epoch [37] Testing Results: Prec@1 53.980 Prec@5 92.820             Loss 2.89500
Epoch [37] Testing Class Recall: [0.983,0.939,0.622,0.578,0.617,0.425,0.495,0.582,0.022,0.135]
Epoch [38] Training Results: Prec@1 94.284 Prec@5 99.960             Loss 0.16306
Epoch [38] Training Class Recall: [0.933,0.962,0.866,0.886,0.924,0.934,0.967,0.975,0.989,0.992]
Epoch [38] Testing Results: Prec@1 53.050 Prec@5 92.230             Loss 2.48428
Epoch [38] Testing Class Recall: [0.963,0.935,0.753,0.606,0.554,0.261,0.257,0.489,0.241,0.246]
Epoch [39] Training Results: Prec@1 94.564 Prec@5 99.952             Loss 0.15930
Epoch [39] Training Class Recall: [0.937,0.960,0.876,0.891,0.930,0.937,0.967,0.980,0.990,0.989]
Epoch [39] Testing Results: Prec@1 56.510 Prec@5 93.630             Loss 2.37205
Epoch [39] Testing Class Recall: [0.972,0.893,0.701,0.574,0.398,0.540,0.812,0.343,0.238,0.180]
Epoch [40] Training Results: Prec@1 94.934 Prec@5 99.960             Loss 0.14979
Epoch [40] Training Class Recall: [0.941,0.966,0.878,0.895,0.932,0.947,0.973,0.981,0.990,0.991]
Epoch [40] Testing Results: Prec@1 67.380 Prec@5 95.760             Loss 1.51683
Epoch [40] Testing Class Recall: [0.905,0.937,0.679,0.615,0.654,0.612,0.750,0.580,0.589,0.417]
Epoch [41] Training Results: Prec@1 94.774 Prec@5 99.976             Loss 0.15166
Epoch [41] Training Class Recall: [0.944,0.963,0.880,0.891,0.932,0.940,0.966,0.978,0.991,0.992]
Epoch [41] Testing Results: Prec@1 65.380 Prec@5 95.170             Loss 1.62527
Epoch [41] Testing Class Recall: [0.919,0.961,0.717,0.585,0.673,0.449,0.565,0.713,0.602,0.354]
Epoch [42] Training Results: Prec@1 94.694 Prec@5 99.960             Loss 0.15496
Epoch [42] Training Class Recall: [0.940,0.962,0.876,0.887,0.930,0.939,0.970,0.984,0.988,0.993]
Epoch [42] Testing Results: Prec@1 59.500 Prec@5 92.830             Loss 2.13371
Epoch [42] Testing Class Recall: [0.679,0.938,0.677,0.542,0.419,0.860,0.604,0.283,0.579,0.369]
Epoch [43] Training Results: Prec@1 94.920 Prec@5 99.966             Loss 0.14596
Epoch [43] Training Class Recall: [0.944,0.965,0.878,0.900,0.931,0.944,0.969,0.980,0.991,0.989]
Epoch [43] Testing Results: Prec@1 60.680 Prec@5 93.580             Loss 2.21485
Epoch [43] Testing Class Recall: [0.879,0.981,0.779,0.747,0.631,0.254,0.670,0.472,0.450,0.205]
Epoch [44] Training Results: Prec@1 94.816 Prec@5 99.976             Loss 0.14960
Epoch [44] Training Class Recall: [0.937,0.964,0.874,0.895,0.933,0.946,0.967,0.981,0.990,0.993]
Epoch [44] Testing Results: Prec@1 59.560 Prec@5 93.720             Loss 2.14079
Epoch [44] Testing Class Recall: [0.921,0.866,0.752,0.720,0.548,0.604,0.447,0.414,0.344,0.340]
Epoch [45] Training Results: Prec@1 94.864 Prec@5 99.968             Loss 0.15182
Epoch [45] Training Class Recall: [0.940,0.962,0.883,0.894,0.937,0.943,0.967,0.981,0.990,0.990]
Epoch [45] Testing Results: Prec@1 67.860 Prec@5 96.090             Loss 1.49232
Epoch [45] Testing Class Recall: [0.895,0.954,0.632,0.645,0.731,0.467,0.741,0.643,0.593,0.485]
Epoch [46] Training Results: Prec@1 94.936 Prec@5 99.980             Loss 0.14754
Epoch [46] Training Class Recall: [0.946,0.964,0.877,0.898,0.934,0.947,0.968,0.980,0.991,0.990]
Epoch [46] Testing Results: Prec@1 62.790 Prec@5 94.900             Loss 1.79847
Epoch [46] Testing Class Recall: [0.886,0.933,0.857,0.393,0.750,0.365,0.609,0.598,0.529,0.359]
Epoch [47] Training Results: Prec@1 95.248 Prec@5 99.970             Loss 0.14069
Epoch [47] Training Class Recall: [0.945,0.969,0.887,0.899,0.943,0.943,0.973,0.983,0.991,0.993]
Epoch [47] Testing Results: Prec@1 59.150 Prec@5 94.690             Loss 2.08265
Epoch [47] Testing Class Recall: [0.892,0.959,0.873,0.611,0.416,0.269,0.621,0.500,0.318,0.456]
Epoch [48] Training Results: Prec@1 95.036 Prec@5 99.972             Loss 0.14374
Epoch [48] Training Class Recall: [0.943,0.967,0.883,0.893,0.937,0.947,0.971,0.980,0.992,0.991]
Epoch [48] Testing Results: Prec@1 59.160 Prec@5 94.230             Loss 2.11268
Epoch [48] Testing Class Recall: [0.943,0.952,0.703,0.375,0.537,0.745,0.431,0.555,0.456,0.219]
Epoch [49] Training Results: Prec@1 94.998 Prec@5 99.970             Loss 0.14273
Epoch [49] Training Class Recall: [0.944,0.965,0.880,0.894,0.936,0.947,0.968,0.981,0.992,0.993]
Epoch [49] Testing Results: Prec@1 51.890 Prec@5 91.160             Loss 2.75486
Epoch [49] Testing Class Recall: [0.965,0.924,0.745,0.466,0.745,0.294,0.360,0.308,0.314,0.068]
Epoch [50] Training Results: Prec@1 94.838 Prec@5 99.972             Loss 0.14679
Epoch [50] Training Class Recall: [0.942,0.968,0.876,0.895,0.931,0.944,0.964,0.981,0.991,0.993]
Epoch [50] Testing Results: Prec@1 67.090 Prec@5 95.700             Loss 1.53849
Epoch [50] Testing Class Recall: [0.834,0.983,0.651,0.548,0.705,0.712,0.664,0.652,0.453,0.507]
Epoch [51] Training Results: Prec@1 95.008 Prec@5 99.980             Loss 0.14328
Epoch [51] Training Class Recall: [0.942,0.968,0.880,0.898,0.929,0.949,0.969,0.983,0.988,0.992]
Epoch [51] Testing Results: Prec@1 63.490 Prec@5 95.060             Loss 1.83419
Epoch [51] Testing Class Recall: [0.893,0.990,0.700,0.722,0.527,0.390,0.634,0.656,0.464,0.373]
Epoch [52] Training Results: Prec@1 95.346 Prec@5 99.962             Loss 0.13613
Epoch [52] Training Class Recall: [0.947,0.969,0.891,0.903,0.935,0.951,0.971,0.984,0.993,0.991]
Epoch [52] Testing Results: Prec@1 64.870 Prec@5 95.360             Loss 1.75912
Epoch [52] Testing Class Recall: [0.915,0.964,0.592,0.780,0.676,0.524,0.577,0.685,0.379,0.395]
Epoch [53] Training Results: Prec@1 95.000 Prec@5 99.966             Loss 0.14648
Epoch [53] Training Class Recall: [0.944,0.966,0.890,0.893,0.937,0.942,0.969,0.978,0.990,0.992]
Epoch [53] Testing Results: Prec@1 65.820 Prec@5 94.920             Loss 1.53071
Epoch [53] Testing Class Recall: [0.899,0.976,0.789,0.503,0.733,0.508,0.638,0.432,0.531,0.573]
Epoch [54] Training Results: Prec@1 95.078 Prec@5 99.976             Loss 0.14231
Epoch [54] Training Class Recall: [0.944,0.968,0.882,0.902,0.937,0.947,0.966,0.981,0.991,0.990]
Epoch [54] Testing Results: Prec@1 58.730 Prec@5 92.060             Loss 2.22058
Epoch [54] Testing Class Recall: [0.956,0.953,0.782,0.653,0.725,0.374,0.615,0.458,0.218,0.139]
Epoch [55] Training Results: Prec@1 95.174 Prec@5 99.960             Loss 0.13798
Epoch [55] Training Class Recall: [0.944,0.965,0.888,0.902,0.935,0.950,0.972,0.979,0.990,0.992]
Epoch [55] Testing Results: Prec@1 58.890 Prec@5 94.250             Loss 1.98161
Epoch [55] Testing Class Recall: [0.933,0.983,0.571,0.518,0.657,0.617,0.485,0.347,0.535,0.243]
Epoch [56] Training Results: Prec@1 95.002 Prec@5 99.978             Loss 0.14552
Epoch [56] Training Class Recall: [0.947,0.970,0.880,0.898,0.933,0.942,0.969,0.980,0.989,0.994]
Epoch [56] Testing Results: Prec@1 58.710 Prec@5 95.790             Loss 2.10956
Epoch [56] Testing Class Recall: [0.963,0.846,0.796,0.504,0.493,0.476,0.328,0.729,0.437,0.299]
Epoch [57] Training Results: Prec@1 95.188 Prec@5 99.966             Loss 0.13710
Epoch [57] Training Class Recall: [0.946,0.967,0.885,0.897,0.940,0.949,0.970,0.983,0.990,0.993]
Epoch [57] Testing Results: Prec@1 61.690 Prec@5 94.310             Loss 1.98372
Epoch [57] Testing Class Recall: [0.900,0.972,0.728,0.780,0.524,0.547,0.630,0.535,0.363,0.190]
Epoch [58] Training Results: Prec@1 95.020 Prec@5 99.974             Loss 0.14661
Epoch [58] Training Class Recall: [0.948,0.964,0.884,0.900,0.937,0.943,0.967,0.980,0.989,0.989]
Epoch [58] Testing Results: Prec@1 67.240 Prec@5 95.750             Loss 1.49142
Epoch [58] Testing Class Recall: [0.812,0.956,0.822,0.404,0.644,0.752,0.705,0.503,0.547,0.579]
Epoch [59] Training Results: Prec@1 95.228 Prec@5 99.970             Loss 0.14260
Epoch [59] Training Class Recall: [0.949,0.966,0.886,0.905,0.935,0.943,0.975,0.981,0.990,0.993]
Epoch [59] Testing Results: Prec@1 55.310 Prec@5 92.940             Loss 2.45967
Epoch [59] Testing Class Recall: [0.976,0.921,0.543,0.679,0.605,0.585,0.395,0.349,0.301,0.177]
Epoch [60] Training Results: Prec@1 95.520 Prec@5 99.970             Loss 0.13160
Epoch [60] Training Class Recall: [0.952,0.968,0.892,0.908,0.939,0.952,0.970,0.983,0.994,0.994]
Epoch [60] Testing Results: Prec@1 63.220 Prec@5 94.770             Loss 1.93297
Epoch [60] Testing Class Recall: [0.976,0.885,0.562,0.696,0.731,0.331,0.641,0.459,0.456,0.585]
Epoch [61] Training Results: Prec@1 95.696 Prec@5 99.964             Loss 0.12543
Epoch [61] Training Class Recall: [0.950,0.968,0.900,0.913,0.943,0.951,0.974,0.984,0.993,0.995]
Epoch [61] Testing Results: Prec@1 65.240 Prec@5 95.670             Loss 1.73205
Epoch [61] Testing Class Recall: [0.872,0.954,0.774,0.671,0.660,0.353,0.695,0.635,0.663,0.247]
Epoch [62] Training Results: Prec@1 95.252 Prec@5 99.970             Loss 0.14013
Epoch [62] Training Class Recall: [0.948,0.970,0.885,0.898,0.938,0.951,0.967,0.982,0.992,0.994]
Epoch [62] Testing Results: Prec@1 59.430 Prec@5 94.820             Loss 2.01227
Epoch [62] Testing Class Recall: [0.957,0.826,0.582,0.831,0.659,0.438,0.527,0.505,0.222,0.396]
Epoch [63] Training Results: Prec@1 95.262 Prec@5 99.976             Loss 0.13628
Epoch [63] Training Class Recall: [0.945,0.966,0.895,0.905,0.934,0.952,0.971,0.980,0.988,0.991]
Epoch [63] Testing Results: Prec@1 49.900 Prec@5 90.110             Loss 3.08788
Epoch [63] Testing Class Recall: [0.961,0.922,0.837,0.487,0.560,0.221,0.364,0.293,0.293,0.052]
Epoch [64] Training Results: Prec@1 95.092 Prec@5 99.992             Loss 0.13977
Epoch [64] Training Class Recall: [0.946,0.962,0.886,0.900,0.938,0.944,0.972,0.980,0.989,0.992]
Epoch [64] Testing Results: Prec@1 62.580 Prec@5 95.310             Loss 1.87303
Epoch [64] Testing Class Recall: [0.939,0.910,0.846,0.463,0.626,0.454,0.511,0.706,0.473,0.330]
Epoch [65] Training Results: Prec@1 95.312 Prec@5 99.972             Loss 0.13798
Epoch [65] Training Class Recall: [0.947,0.967,0.890,0.910,0.938,0.948,0.971,0.979,0.991,0.990]
Epoch [65] Testing Results: Prec@1 60.510 Prec@5 93.530             Loss 2.04659
Epoch [65] Testing Class Recall: [0.904,0.942,0.814,0.497,0.746,0.406,0.610,0.590,0.415,0.127]
Epoch [66] Training Results: Prec@1 95.476 Prec@5 99.988             Loss 0.13133
Epoch [66] Training Class Recall: [0.948,0.969,0.890,0.907,0.938,0.952,0.974,0.982,0.993,0.994]
Epoch [66] Testing Results: Prec@1 65.650 Prec@5 94.950             Loss 1.51266
Epoch [66] Testing Class Recall: [0.900,0.885,0.720,0.577,0.889,0.485,0.653,0.480,0.421,0.555]
Epoch [67] Training Results: Prec@1 95.346 Prec@5 99.982             Loss 0.13706
Epoch [67] Training Class Recall: [0.946,0.969,0.888,0.906,0.942,0.948,0.969,0.985,0.989,0.992]
Epoch [67] Testing Results: Prec@1 57.680 Prec@5 93.970             Loss 2.21620
Epoch [67] Testing Class Recall: [0.967,0.915,0.722,0.650,0.525,0.433,0.727,0.416,0.194,0.219]
Epoch [68] Training Results: Prec@1 95.380 Prec@5 99.980             Loss 0.13326
Epoch [68] Training Class Recall: [0.949,0.969,0.887,0.905,0.941,0.949,0.975,0.982,0.988,0.994]
Epoch [68] Testing Results: Prec@1 59.620 Prec@5 94.150             Loss 2.10662
Epoch [68] Testing Class Recall: [0.946,0.970,0.735,0.623,0.584,0.459,0.450,0.594,0.472,0.129]
Epoch [69] Training Results: Prec@1 95.600 Prec@5 99.976             Loss 0.13130
Epoch [69] Training Class Recall: [0.947,0.964,0.899,0.908,0.943,0.961,0.973,0.984,0.989,0.992]
Epoch [69] Testing Results: Prec@1 65.550 Prec@5 95.290             Loss 1.65292
Epoch [69] Testing Class Recall: [0.896,0.984,0.739,0.555,0.555,0.504,0.754,0.750,0.472,0.346]
Epoch [70] Training Results: Prec@1 95.414 Prec@5 99.970             Loss 0.13337
Epoch [70] Training Class Recall: [0.947,0.968,0.886,0.904,0.940,0.955,0.972,0.986,0.989,0.994]
Epoch [70] Testing Results: Prec@1 57.620 Prec@5 93.570             Loss 2.10948
Epoch [70] Testing Class Recall: [0.975,0.915,0.705,0.595,0.775,0.462,0.466,0.491,0.146,0.232]
Epoch [71] Training Results: Prec@1 95.312 Prec@5 99.980             Loss 0.13525
Epoch [71] Training Class Recall: [0.953,0.969,0.881,0.903,0.937,0.952,0.970,0.982,0.992,0.992]
Epoch [71] Testing Results: Prec@1 59.280 Prec@5 94.710             Loss 2.11166
Epoch [71] Testing Class Recall: [0.813,0.962,0.581,0.705,0.413,0.687,0.644,0.485,0.216,0.422]
Epoch [72] Training Results: Prec@1 95.532 Prec@5 99.974             Loss 0.13172
Epoch [72] Training Class Recall: [0.945,0.968,0.894,0.907,0.944,0.953,0.973,0.983,0.992,0.995]
Epoch [72] Testing Results: Prec@1 66.940 Prec@5 95.480             Loss 1.57947
Epoch [72] Testing Class Recall: [0.915,0.917,0.698,0.644,0.670,0.617,0.682,0.544,0.500,0.507]
Epoch [73] Training Results: Prec@1 95.764 Prec@5 99.960             Loss 0.12603
Epoch [73] Training Class Recall: [0.951,0.970,0.903,0.912,0.941,0.954,0.976,0.984,0.994,0.990]
Epoch [73] Testing Results: Prec@1 61.610 Prec@5 94.790             Loss 1.95011
Epoch [73] Testing Class Recall: [0.966,0.936,0.693,0.569,0.687,0.305,0.608,0.548,0.283,0.566]
Epoch [74] Training Results: Prec@1 95.618 Prec@5 99.986             Loss 0.12925
Epoch [74] Training Class Recall: [0.953,0.969,0.893,0.911,0.941,0.952,0.975,0.986,0.990,0.993]
Epoch [74] Testing Results: Prec@1 69.520 Prec@5 95.830             Loss 1.37879
Epoch [74] Testing Class Recall: [0.943,0.911,0.697,0.608,0.790,0.520,0.744,0.613,0.454,0.672]
Epoch [75] Training Results: Prec@1 95.256 Prec@5 99.970             Loss 0.13889
Epoch [75] Training Class Recall: [0.948,0.964,0.884,0.909,0.938,0.950,0.969,0.984,0.991,0.991]
Epoch [75] Testing Results: Prec@1 61.470 Prec@5 93.890             Loss 1.90808
Epoch [75] Testing Class Recall: [0.935,0.964,0.764,0.510,0.727,0.484,0.709,0.468,0.432,0.154]
Epoch [76] Training Results: Prec@1 95.588 Prec@5 99.974             Loss 0.12913
Epoch [76] Training Class Recall: [0.951,0.973,0.892,0.909,0.941,0.951,0.974,0.981,0.993,0.995]
Epoch [76] Testing Results: Prec@1 54.000 Prec@5 92.910             Loss 2.57900
Epoch [76] Testing Class Recall: [0.961,0.984,0.628,0.359,0.564,0.353,0.358,0.717,0.218,0.258]
Epoch [77] Training Results: Prec@1 95.390 Prec@5 99.974             Loss 0.13404
Epoch [77] Training Class Recall: [0.945,0.967,0.891,0.908,0.941,0.951,0.972,0.983,0.990,0.991]
Epoch [77] Testing Results: Prec@1 58.380 Prec@5 93.240             Loss 2.16850
Epoch [77] Testing Class Recall: [0.943,0.952,0.825,0.685,0.560,0.550,0.274,0.248,0.343,0.458]
Epoch [78] Training Results: Prec@1 95.790 Prec@5 99.972             Loss 0.12621
Epoch [78] Training Class Recall: [0.954,0.970,0.899,0.910,0.943,0.957,0.976,0.987,0.990,0.993]
Epoch [78] Testing Results: Prec@1 61.950 Prec@5 94.960             Loss 1.98360
Epoch [78] Testing Class Recall: [0.916,0.970,0.671,0.756,0.648,0.517,0.618,0.550,0.286,0.263]
Epoch [79] Training Results: Prec@1 95.666 Prec@5 99.978             Loss 0.12656
Epoch [79] Training Class Recall: [0.951,0.964,0.898,0.913,0.946,0.950,0.975,0.983,0.991,0.995]
Epoch [79] Testing Results: Prec@1 62.690 Prec@5 94.530             Loss 1.85137
Epoch [79] Testing Class Recall: [0.952,0.968,0.728,0.673,0.721,0.480,0.603,0.641,0.121,0.382]
Epoch [80] Training Results: Prec@1 95.648 Prec@5 99.986             Loss 0.12466
Epoch [80] Training Class Recall: [0.949,0.968,0.894,0.907,0.947,0.956,0.975,0.986,0.991,0.992]
Epoch [80] Testing Results: Prec@1 55.050 Prec@5 91.040             Loss 2.45592
Epoch [80] Testing Class Recall: [0.979,0.953,0.739,0.462,0.718,0.484,0.650,0.197,0.274,0.049]
Epoch [81] Training Results: Prec@1 95.598 Prec@5 99.984             Loss 0.12963
Epoch [81] Training Class Recall: [0.950,0.971,0.893,0.910,0.944,0.950,0.975,0.983,0.992,0.992]
Epoch [81] Testing Results: Prec@1 63.020 Prec@5 94.480             Loss 1.90610
Epoch [81] Testing Class Recall: [0.933,0.994,0.626,0.643,0.793,0.570,0.663,0.515,0.466,0.099]
Epoch [82] Training Results: Prec@1 95.760 Prec@5 99.980             Loss 0.12545
Epoch [82] Training Class Recall: [0.952,0.969,0.899,0.916,0.945,0.955,0.971,0.984,0.992,0.994]
Epoch [82] Testing Results: Prec@1 59.790 Prec@5 92.800             Loss 2.27190
Epoch [82] Testing Class Recall: [0.934,0.963,0.821,0.533,0.601,0.141,0.788,0.569,0.302,0.327]
Epoch [83] Training Results: Prec@1 95.424 Prec@5 99.976             Loss 0.13400
Epoch [83] Training Class Recall: [0.948,0.969,0.893,0.905,0.941,0.947,0.971,0.985,0.990,0.992]
Epoch [83] Testing Results: Prec@1 66.220 Prec@5 95.050             Loss 1.46731
Epoch [83] Testing Class Recall: [0.803,0.964,0.814,0.524,0.758,0.456,0.530,0.585,0.764,0.424]
Epoch [84] Training Results: Prec@1 95.544 Prec@5 99.988             Loss 0.12940
Epoch [84] Training Class Recall: [0.949,0.971,0.895,0.909,0.941,0.950,0.971,0.984,0.991,0.993]
Epoch [84] Testing Results: Prec@1 64.250 Prec@5 96.020             Loss 1.67743
Epoch [84] Testing Class Recall: [0.812,0.973,0.686,0.719,0.664,0.639,0.391,0.693,0.387,0.461]
Epoch [85] Training Results: Prec@1 95.512 Prec@5 99.982             Loss 0.13101
Epoch [85] Training Class Recall: [0.948,0.964,0.893,0.909,0.944,0.953,0.973,0.982,0.992,0.993]
Epoch [85] Testing Results: Prec@1 65.090 Prec@5 94.800             Loss 1.63371
Epoch [85] Testing Class Recall: [0.931,0.982,0.657,0.465,0.652,0.535,0.594,0.776,0.348,0.569]
Epoch [86] Training Results: Prec@1 95.632 Prec@5 99.986             Loss 0.12717
Epoch [86] Training Class Recall: [0.950,0.972,0.894,0.914,0.943,0.950,0.972,0.983,0.992,0.992]
Epoch [86] Testing Results: Prec@1 62.010 Prec@5 95.120             Loss 1.94005
Epoch [86] Testing Class Recall: [0.847,0.995,0.594,0.588,0.814,0.514,0.545,0.646,0.420,0.238]
Epoch [87] Training Results: Prec@1 95.764 Prec@5 99.982             Loss 0.12282
Epoch [87] Training Class Recall: [0.948,0.972,0.899,0.909,0.947,0.955,0.978,0.985,0.990,0.994]
Epoch [87] Testing Results: Prec@1 67.150 Prec@5 96.230             Loss 1.57549
Epoch [87] Testing Class Recall: [0.745,0.925,0.781,0.694,0.659,0.613,0.624,0.642,0.658,0.374]
Epoch [88] Training Results: Prec@1 95.832 Prec@5 99.980             Loss 0.12216
Epoch [88] Training Class Recall: [0.952,0.970,0.903,0.917,0.945,0.956,0.974,0.985,0.990,0.992]
Epoch [88] Testing Results: Prec@1 63.230 Prec@5 94.760             Loss 1.79630
Epoch [88] Testing Class Recall: [0.918,0.973,0.857,0.559,0.687,0.492,0.690,0.493,0.375,0.279]
Epoch [89] Training Results: Prec@1 95.808 Prec@5 99.976             Loss 0.12219
Epoch [89] Training Class Recall: [0.951,0.970,0.906,0.912,0.947,0.953,0.974,0.985,0.989,0.994]
Epoch [89] Testing Results: Prec@1 60.000 Prec@5 94.130             Loss 2.16106
Epoch [89] Testing Class Recall: [0.936,0.982,0.702,0.401,0.670,0.464,0.649,0.586,0.226,0.384]
Epoch [90] Training Results: Prec@1 95.654 Prec@5 99.980             Loss 0.12985
Epoch [90] Training Class Recall: [0.947,0.968,0.897,0.912,0.944,0.954,0.978,0.984,0.990,0.992]
Epoch [90] Testing Results: Prec@1 56.110 Prec@5 92.150             Loss 2.42626
Epoch [90] Testing Class Recall: [0.898,0.979,0.854,0.516,0.520,0.352,0.669,0.309,0.462,0.052]
Epoch [91] Training Results: Prec@1 95.520 Prec@5 99.982             Loss 0.12722
Epoch [91] Training Class Recall: [0.951,0.970,0.892,0.908,0.941,0.952,0.972,0.983,0.990,0.992]
Epoch [91] Testing Results: Prec@1 65.890 Prec@5 95.570             Loss 1.59917
Epoch [91] Testing Class Recall: [0.946,0.951,0.620,0.449,0.684,0.515,0.692,0.786,0.352,0.594]
Epoch [92] Training Results: Prec@1 95.568 Prec@5 99.978             Loss 0.12977
Epoch [92] Training Class Recall: [0.951,0.970,0.901,0.909,0.944,0.946,0.972,0.983,0.989,0.993]
Epoch [92] Testing Results: Prec@1 52.510 Prec@5 90.000             Loss 2.81873
Epoch [92] Testing Class Recall: [0.887,0.986,0.820,0.334,0.426,0.461,0.740,0.238,0.226,0.133]
Epoch [93] Training Results: Prec@1 95.820 Prec@5 99.984             Loss 0.12236
Epoch [93] Training Class Recall: [0.953,0.967,0.901,0.913,0.947,0.957,0.976,0.984,0.992,0.992]
Epoch [93] Testing Results: Prec@1 65.680 Prec@5 96.250             Loss 1.60875
Epoch [93] Testing Class Recall: [0.955,0.876,0.628,0.740,0.430,0.607,0.651,0.598,0.623,0.460]
Epoch [94] Training Results: Prec@1 95.806 Prec@5 99.972             Loss 0.12457
Epoch [94] Training Class Recall: [0.954,0.970,0.901,0.911,0.942,0.955,0.975,0.984,0.993,0.995]
Epoch [94] Testing Results: Prec@1 62.830 Prec@5 93.690             Loss 2.03572
Epoch [94] Testing Class Recall: [0.859,0.952,0.847,0.686,0.765,0.315,0.686,0.399,0.533,0.241]
Epoch [95] Training Results: Prec@1 95.998 Prec@5 99.984             Loss 0.12025
Epoch [95] Training Class Recall: [0.956,0.974,0.902,0.917,0.945,0.960,0.977,0.984,0.991,0.994]
Epoch [95] Testing Results: Prec@1 60.920 Prec@5 94.350             Loss 2.04363
Epoch [95] Testing Class Recall: [0.712,0.953,0.847,0.708,0.713,0.394,0.614,0.356,0.605,0.190]
Epoch [96] Training Results: Prec@1 95.800 Prec@5 99.980             Loss 0.12329
Epoch [96] Training Class Recall: [0.953,0.969,0.902,0.914,0.947,0.955,0.973,0.984,0.990,0.992]
Epoch [96] Testing Results: Prec@1 59.000 Prec@5 94.470             Loss 2.10803
Epoch [96] Testing Class Recall: [0.963,0.963,0.571,0.761,0.633,0.363,0.581,0.387,0.262,0.416]
Epoch [97] Training Results: Prec@1 95.496 Prec@5 99.974             Loss 0.12854
Epoch [97] Training Class Recall: [0.950,0.967,0.893,0.903,0.940,0.951,0.979,0.983,0.991,0.992]
Epoch [97] Testing Results: Prec@1 64.570 Prec@5 95.640             Loss 1.58105
Epoch [97] Testing Class Recall: [0.950,0.883,0.725,0.694,0.656,0.491,0.510,0.716,0.436,0.396]
Epoch [98] Training Results: Prec@1 96.026 Prec@5 99.984             Loss 0.11592
Epoch [98] Training Class Recall: [0.954,0.967,0.909,0.918,0.951,0.955,0.974,0.987,0.993,0.994]
Epoch [98] Testing Results: Prec@1 66.010 Prec@5 94.440             Loss 1.90954
Epoch [98] Testing Class Recall: [0.868,0.913,0.703,0.782,0.771,0.509,0.657,0.191,0.579,0.628]
Epoch [99] Training Results: Prec@1 95.764 Prec@5 99.978             Loss 0.12344
Epoch [99] Training Class Recall: [0.951,0.970,0.900,0.915,0.947,0.953,0.976,0.983,0.992,0.992]
Epoch [99] Testing Results: Prec@1 60.210 Prec@5 93.720             Loss 1.95203
Epoch [99] Testing Class Recall: [0.955,0.891,0.831,0.430,0.570,0.343,0.395,0.720,0.283,0.603]
Epoch [100] Training Results: Prec@1 95.712 Prec@5 99.984             Loss 0.12645
Epoch [100] Training Class Recall: [0.952,0.966,0.902,0.910,0.946,0.953,0.974,0.986,0.990,0.993]
Epoch [100] Testing Results: Prec@1 57.970 Prec@5 92.340             Loss 2.32281
Epoch [100] Testing Class Recall: [0.858,0.905,0.897,0.610,0.622,0.220,0.595,0.493,0.221,0.376]
Epoch [101] Training Results: Prec@1 95.742 Prec@5 99.980             Loss 0.12425
Epoch [101] Training Class Recall: [0.955,0.970,0.902,0.918,0.943,0.950,0.971,0.983,0.991,0.992]
Epoch [101] Testing Results: Prec@1 61.510 Prec@5 95.600             Loss 1.92710
Epoch [101] Testing Class Recall: [0.948,0.972,0.589,0.677,0.471,0.630,0.628,0.709,0.249,0.278]
Epoch [102] Training Results: Prec@1 95.890 Prec@5 99.974             Loss 0.12158
Epoch [102] Training Class Recall: [0.952,0.971,0.901,0.918,0.949,0.952,0.975,0.986,0.990,0.994]
Epoch [102] Testing Results: Prec@1 61.470 Prec@5 93.160             Loss 2.04001
Epoch [102] Testing Class Recall: [0.948,0.938,0.704,0.522,0.827,0.648,0.456,0.625,0.314,0.165]
Epoch [103] Training Results: Prec@1 96.078 Prec@5 99.974             Loss 0.11597
Epoch [103] Training Class Recall: [0.955,0.969,0.906,0.926,0.948,0.959,0.975,0.986,0.991,0.994]
Epoch [103] Testing Results: Prec@1 62.100 Prec@5 94.450             Loss 1.77636
Epoch [103] Testing Class Recall: [0.903,0.969,0.827,0.559,0.582,0.487,0.761,0.530,0.397,0.195]
Epoch [104] Training Results: Prec@1 95.658 Prec@5 99.986             Loss 0.12779
Epoch [104] Training Class Recall: [0.953,0.969,0.902,0.908,0.942,0.950,0.974,0.983,0.992,0.992]
Epoch [104] Testing Results: Prec@1 61.460 Prec@5 95.230             Loss 1.81003
Epoch [104] Testing Class Recall: [0.974,0.976,0.682,0.536,0.535,0.512,0.703,0.556,0.268,0.404]
Epoch [105] Training Results: Prec@1 96.020 Prec@5 99.984             Loss 0.11461
Epoch [105] Training Class Recall: [0.952,0.969,0.904,0.922,0.947,0.960,0.974,0.987,0.991,0.994]
Epoch [105] Testing Results: Prec@1 68.720 Prec@5 96.130             Loss 1.52784
Epoch [105] Testing Class Recall: [0.845,0.930,0.645,0.564,0.594,0.718,0.756,0.656,0.434,0.730]
Epoch [106] Training Results: Prec@1 95.924 Prec@5 99.980             Loss 0.12076
Epoch [106] Training Class Recall: [0.959,0.970,0.903,0.913,0.950,0.956,0.973,0.985,0.992,0.992]
Epoch [106] Testing Results: Prec@1 63.160 Prec@5 93.740             Loss 1.99732
Epoch [106] Testing Class Recall: [0.885,0.984,0.742,0.544,0.799,0.688,0.777,0.512,0.270,0.115]
Epoch [107] Training Results: Prec@1 96.008 Prec@5 99.992             Loss 0.11431
Epoch [107] Training Class Recall: [0.954,0.975,0.901,0.923,0.944,0.956,0.977,0.986,0.993,0.993]
Epoch [107] Testing Results: Prec@1 56.320 Prec@5 92.520             Loss 2.40484
Epoch [107] Testing Class Recall: [0.972,0.962,0.753,0.557,0.637,0.571,0.481,0.428,0.184,0.087]
Epoch [108] Training Results: Prec@1 95.628 Prec@5 99.972             Loss 0.12685
Epoch [108] Training Class Recall: [0.953,0.966,0.896,0.909,0.948,0.947,0.974,0.984,0.992,0.994]
Epoch [108] Testing Results: Prec@1 61.350 Prec@5 94.230             Loss 2.02343
Epoch [108] Testing Class Recall: [0.946,0.983,0.646,0.508,0.501,0.644,0.782,0.534,0.453,0.138]
Epoch [109] Training Results: Prec@1 95.830 Prec@5 99.984             Loss 0.12094
Epoch [109] Training Class Recall: [0.951,0.970,0.902,0.916,0.944,0.953,0.976,0.985,0.992,0.993]
Epoch [109] Testing Results: Prec@1 63.580 Prec@5 95.460             Loss 1.63123
Epoch [109] Testing Class Recall: [0.950,0.941,0.778,0.538,0.488,0.644,0.566,0.709,0.487,0.257]
Epoch [110] Training Results: Prec@1 96.002 Prec@5 99.974             Loss 0.11812
Epoch [110] Training Class Recall: [0.952,0.973,0.905,0.919,0.947,0.956,0.977,0.984,0.994,0.994]
Epoch [110] Testing Results: Prec@1 60.420 Prec@5 93.350             Loss 2.13740
Epoch [110] Testing Class Recall: [0.905,0.951,0.782,0.596,0.787,0.523,0.552,0.547,0.170,0.229]
Epoch [111] Training Results: Prec@1 95.766 Prec@5 99.978             Loss 0.12435
Epoch [111] Training Class Recall: [0.953,0.968,0.901,0.917,0.942,0.955,0.974,0.983,0.990,0.993]
Epoch [111] Testing Results: Prec@1 66.900 Prec@5 95.560             Loss 1.58385
Epoch [111] Testing Class Recall: [0.850,0.941,0.614,0.626,0.827,0.706,0.551,0.597,0.305,0.673]
Epoch [112] Training Results: Prec@1 96.036 Prec@5 99.986             Loss 0.11720
Epoch [112] Training Class Recall: [0.956,0.974,0.906,0.924,0.944,0.955,0.976,0.986,0.992,0.992]
Epoch [112] Testing Results: Prec@1 60.980 Prec@5 93.140             Loss 1.97188
Epoch [112] Testing Class Recall: [0.929,0.953,0.707,0.629,0.835,0.405,0.500,0.223,0.578,0.339]
Epoch [113] Training Results: Prec@1 95.932 Prec@5 99.980             Loss 0.11692
Epoch [113] Training Class Recall: [0.952,0.968,0.907,0.916,0.949,0.953,0.980,0.983,0.993,0.992]
Epoch [113] Testing Results: Prec@1 65.030 Prec@5 95.230             Loss 1.56544
Epoch [113] Testing Class Recall: [0.908,0.962,0.691,0.571,0.725,0.726,0.476,0.529,0.537,0.378]
Epoch [114] Training Results: Prec@1 95.560 Prec@5 99.982             Loss 0.12776
Epoch [114] Training Class Recall: [0.953,0.969,0.895,0.904,0.943,0.950,0.972,0.985,0.992,0.992]
Epoch [114] Testing Results: Prec@1 59.300 Prec@5 92.950             Loss 2.12302
Epoch [114] Testing Class Recall: [0.968,0.905,0.771,0.434,0.750,0.544,0.611,0.302,0.262,0.383]
Epoch [115] Training Results: Prec@1 96.078 Prec@5 99.982             Loss 0.11623
Epoch [115] Training Class Recall: [0.955,0.974,0.903,0.924,0.947,0.958,0.975,0.987,0.991,0.993]
Epoch [115] Testing Results: Prec@1 51.530 Prec@5 92.880             Loss 3.19232
Epoch [115] Testing Class Recall: [0.976,0.891,0.750,0.519,0.441,0.234,0.559,0.469,0.247,0.067]
Epoch [116] Training Results: Prec@1 95.806 Prec@5 99.978             Loss 0.12244
Epoch [116] Training Class Recall: [0.953,0.972,0.898,0.915,0.950,0.953,0.975,0.983,0.988,0.994]
Epoch [116] Testing Results: Prec@1 60.870 Prec@5 94.930             Loss 1.97123
Epoch [116] Testing Class Recall: [0.967,0.953,0.744,0.483,0.611,0.435,0.821,0.504,0.275,0.294]
Epoch [117] Training Results: Prec@1 95.910 Prec@5 99.968             Loss 0.12135
Epoch [117] Training Class Recall: [0.952,0.970,0.902,0.919,0.948,0.958,0.973,0.985,0.991,0.993]
Epoch [117] Testing Results: Prec@1 58.900 Prec@5 94.000             Loss 2.25017
Epoch [117] Testing Class Recall: [0.893,0.950,0.730,0.648,0.598,0.739,0.637,0.344,0.247,0.104]
Epoch [118] Training Results: Prec@1 95.722 Prec@5 99.980             Loss 0.12241
Epoch [118] Training Class Recall: [0.951,0.970,0.894,0.914,0.946,0.952,0.974,0.987,0.990,0.995]
Epoch [118] Testing Results: Prec@1 66.390 Prec@5 95.620             Loss 1.53505
Epoch [118] Testing Class Recall: [0.912,0.963,0.746,0.562,0.656,0.533,0.802,0.689,0.523,0.253]
Epoch [119] Training Results: Prec@1 95.946 Prec@5 99.974             Loss 0.11873
Epoch [119] Training Class Recall: [0.957,0.970,0.904,0.916,0.949,0.956,0.976,0.985,0.990,0.993]
Epoch [119] Testing Results: Prec@1 58.280 Prec@5 91.750             Loss 2.14696
Epoch [119] Testing Class Recall: [0.881,0.917,0.865,0.462,0.681,0.506,0.733,0.447,0.208,0.128]
Epoch [120] Training Results: Prec@1 96.082 Prec@5 99.988             Loss 0.11492
Epoch [120] Training Class Recall: [0.955,0.975,0.906,0.926,0.944,0.956,0.976,0.984,0.992,0.995]
Epoch [120] Testing Results: Prec@1 59.950 Prec@5 93.210             Loss 1.91262
Epoch [120] Testing Class Recall: [0.935,0.946,0.714,0.641,0.807,0.408,0.565,0.410,0.203,0.366]
Epoch [121] Training Results: Prec@1 95.996 Prec@5 99.984             Loss 0.11518
Epoch [121] Training Class Recall: [0.957,0.970,0.902,0.921,0.947,0.953,0.977,0.986,0.993,0.994]
Epoch [121] Testing Results: Prec@1 68.490 Prec@5 96.170             Loss 1.43462
Epoch [121] Testing Class Recall: [0.760,0.960,0.785,0.586,0.711,0.579,0.506,0.693,0.566,0.703]
Epoch [122] Training Results: Prec@1 96.108 Prec@5 99.976             Loss 0.11529
Epoch [122] Training Class Recall: [0.954,0.971,0.913,0.920,0.951,0.958,0.977,0.982,0.992,0.994]
Epoch [122] Testing Results: Prec@1 61.790 Prec@5 94.190             Loss 1.91933
Epoch [122] Testing Class Recall: [0.899,0.962,0.623,0.465,0.834,0.612,0.776,0.298,0.323,0.387]
Epoch [123] Training Results: Prec@1 96.014 Prec@5 99.974             Loss 0.11549
Epoch [123] Training Class Recall: [0.951,0.973,0.909,0.920,0.948,0.959,0.975,0.983,0.990,0.993]
Epoch [123] Testing Results: Prec@1 61.870 Prec@5 94.480             Loss 1.86677
Epoch [123] Testing Class Recall: [0.908,0.957,0.772,0.504,0.667,0.494,0.382,0.701,0.418,0.384]
Epoch [124] Training Results: Prec@1 95.834 Prec@5 99.978             Loss 0.12443
Epoch [124] Training Class Recall: [0.951,0.967,0.902,0.924,0.945,0.954,0.974,0.984,0.991,0.992]
Epoch [124] Testing Results: Prec@1 61.040 Prec@5 94.350             Loss 2.00895
Epoch [124] Testing Class Recall: [0.895,0.993,0.715,0.518,0.661,0.569,0.348,0.696,0.546,0.163]
Epoch [125] Training Results: Prec@1 96.056 Prec@5 99.988             Loss 0.11350
Epoch [125] Training Class Recall: [0.952,0.970,0.910,0.919,0.949,0.957,0.978,0.987,0.990,0.993]
Epoch [125] Testing Results: Prec@1 57.390 Prec@5 93.160             Loss 2.67386
Epoch [125] Testing Class Recall: [0.952,0.982,0.735,0.786,0.600,0.394,0.564,0.537,0.133,0.056]
Epoch [126] Training Results: Prec@1 95.810 Prec@5 99.974             Loss 0.12438
Epoch [126] Training Class Recall: [0.951,0.972,0.903,0.910,0.943,0.956,0.978,0.984,0.991,0.993]
Epoch [126] Testing Results: Prec@1 55.540 Prec@5 91.820             Loss 2.60656
Epoch [126] Testing Class Recall: [0.948,0.925,0.792,0.776,0.519,0.373,0.540,0.328,0.271,0.082]
Epoch [127] Training Results: Prec@1 95.988 Prec@5 99.984             Loss 0.11593
Epoch [127] Training Class Recall: [0.950,0.973,0.903,0.922,0.949,0.956,0.975,0.986,0.992,0.994]
Epoch [127] Testing Results: Prec@1 58.540 Prec@5 94.190             Loss 2.34920
Epoch [127] Testing Class Recall: [0.956,0.979,0.764,0.668,0.565,0.504,0.547,0.407,0.247,0.217]
Epoch [128] Training Results: Prec@1 95.738 Prec@5 99.982             Loss 0.12135
Epoch [128] Training Class Recall: [0.952,0.970,0.902,0.913,0.942,0.954,0.973,0.983,0.992,0.993]
Epoch [128] Testing Results: Prec@1 59.130 Prec@5 92.320             Loss 2.34475
Epoch [128] Testing Class Recall: [0.940,0.977,0.752,0.684,0.683,0.439,0.608,0.528,0.192,0.110]
Epoch [129] Training Results: Prec@1 96.318 Prec@5 99.986             Loss 0.10773
Epoch [129] Training Class Recall: [0.957,0.973,0.914,0.925,0.953,0.960,0.976,0.986,0.993,0.995]
Epoch [129] Testing Results: Prec@1 65.470 Prec@5 95.690             Loss 1.61736
Epoch [129] Testing Class Recall: [0.926,0.955,0.632,0.735,0.694,0.571,0.556,0.606,0.408,0.464]
Epoch [130] Training Results: Prec@1 96.030 Prec@5 99.974             Loss 0.11480
Epoch [130] Training Class Recall: [0.953,0.973,0.905,0.920,0.946,0.959,0.976,0.988,0.990,0.993]
Epoch [130] Testing Results: Prec@1 64.090 Prec@5 95.490             Loss 1.75524
Epoch [130] Testing Class Recall: [0.912,0.963,0.718,0.548,0.659,0.688,0.555,0.647,0.343,0.376]
Epoch [131] Training Results: Prec@1 95.954 Prec@5 99.976             Loss 0.11819
Epoch [131] Training Class Recall: [0.957,0.972,0.903,0.915,0.947,0.954,0.975,0.985,0.993,0.993]
Epoch [131] Testing Results: Prec@1 61.070 Prec@5 95.430             Loss 2.18459
Epoch [131] Testing Class Recall: [0.841,0.976,0.730,0.835,0.398,0.485,0.503,0.535,0.375,0.429]
Epoch [132] Training Results: Prec@1 95.872 Prec@5 99.990             Loss 0.12016
Epoch [132] Training Class Recall: [0.955,0.971,0.903,0.920,0.944,0.952,0.973,0.983,0.992,0.994]
Epoch [132] Testing Results: Prec@1 60.720 Prec@5 94.360             Loss 1.92077
Epoch [132] Testing Class Recall: [0.735,0.988,0.823,0.322,0.530,0.639,0.605,0.561,0.490,0.379]
Epoch [133] Training Results: Prec@1 96.120 Prec@5 99.982             Loss 0.11231
Epoch [133] Training Class Recall: [0.956,0.973,0.909,0.914,0.948,0.961,0.978,0.987,0.990,0.995]
Epoch [133] Testing Results: Prec@1 68.150 Prec@5 95.750             Loss 1.48150
Epoch [133] Testing Class Recall: [0.832,0.977,0.723,0.648,0.592,0.585,0.649,0.628,0.786,0.395]
Epoch [134] Training Results: Prec@1 95.964 Prec@5 99.972             Loss 0.11843
Epoch [134] Training Class Recall: [0.954,0.973,0.904,0.918,0.943,0.960,0.976,0.984,0.992,0.994]
Epoch [134] Testing Results: Prec@1 63.160 Prec@5 94.850             Loss 1.94335
Epoch [134] Testing Class Recall: [0.967,0.801,0.708,0.534,0.725,0.610,0.781,0.603,0.354,0.233]
Epoch [135] Training Results: Prec@1 96.054 Prec@5 99.982             Loss 0.11587
Epoch [135] Training Class Recall: [0.956,0.971,0.907,0.920,0.949,0.957,0.978,0.984,0.991,0.993]
Epoch [135] Testing Results: Prec@1 56.710 Prec@5 92.690             Loss 2.52165
Epoch [135] Testing Class Recall: [0.969,0.938,0.752,0.706,0.619,0.240,0.574,0.421,0.319,0.133]
Epoch [136] Training Results: Prec@1 96.102 Prec@5 99.978             Loss 0.11399
Epoch [136] Training Class Recall: [0.958,0.973,0.903,0.921,0.946,0.958,0.976,0.988,0.992,0.994]
Epoch [136] Testing Results: Prec@1 64.500 Prec@5 95.420             Loss 1.73657
Epoch [136] Testing Class Recall: [0.866,0.949,0.776,0.754,0.636,0.419,0.626,0.702,0.409,0.313]
Epoch [137] Training Results: Prec@1 96.006 Prec@5 99.974             Loss 0.11968
Epoch [137] Training Class Recall: [0.957,0.971,0.905,0.924,0.951,0.953,0.975,0.981,0.991,0.992]
Epoch [137] Testing Results: Prec@1 58.500 Prec@5 95.020             Loss 2.26040
Epoch [137] Testing Class Recall: [0.918,0.988,0.565,0.606,0.502,0.577,0.586,0.570,0.357,0.181]
Epoch [138] Training Results: Prec@1 96.098 Prec@5 99.982             Loss 0.11468
Epoch [138] Training Class Recall: [0.955,0.973,0.906,0.919,0.948,0.959,0.977,0.987,0.992,0.994]
Epoch [138] Testing Results: Prec@1 58.070 Prec@5 94.100             Loss 2.20808
Epoch [138] Testing Class Recall: [0.959,0.967,0.762,0.562,0.587,0.416,0.598,0.511,0.370,0.075]
Epoch [139] Training Results: Prec@1 96.228 Prec@5 99.992             Loss 0.10969
Epoch [139] Training Class Recall: [0.959,0.975,0.910,0.922,0.948,0.960,0.976,0.986,0.990,0.996]
Epoch [139] Testing Results: Prec@1 56.760 Prec@5 93.860             Loss 2.40653
Epoch [139] Testing Class Recall: [0.970,0.809,0.506,0.695,0.741,0.473,0.450,0.537,0.423,0.072]
Epoch [140] Training Results: Prec@1 95.866 Prec@5 99.986             Loss 0.11979
Epoch [140] Training Class Recall: [0.952,0.973,0.906,0.917,0.946,0.954,0.975,0.983,0.988,0.993]
Epoch [140] Testing Results: Prec@1 63.380 Prec@5 95.290             Loss 1.71381
Epoch [140] Testing Class Recall: [0.955,0.939,0.684,0.572,0.658,0.607,0.542,0.668,0.419,0.294]
Epoch [141] Training Results: Prec@1 96.290 Prec@5 99.988             Loss 0.10994
Epoch [141] Training Class Recall: [0.958,0.976,0.905,0.924,0.953,0.963,0.977,0.986,0.993,0.995]
Epoch [141] Testing Results: Prec@1 60.600 Prec@5 94.120             Loss 2.17093
Epoch [141] Testing Class Recall: [0.922,0.977,0.771,0.724,0.598,0.320,0.736,0.532,0.246,0.234]
Epoch [142] Training Results: Prec@1 96.198 Prec@5 99.990             Loss 0.11106
Epoch [142] Training Class Recall: [0.956,0.970,0.909,0.926,0.953,0.957,0.977,0.984,0.993,0.993]
Epoch [142] Testing Results: Prec@1 57.200 Prec@5 92.400             Loss 2.58802
Epoch [142] Testing Class Recall: [0.826,0.930,0.603,0.797,0.385,0.372,0.699,0.807,0.193,0.108]
Epoch [143] Training Results: Prec@1 96.062 Prec@5 99.978             Loss 0.11513
Epoch [143] Training Class Recall: [0.956,0.972,0.908,0.915,0.951,0.956,0.978,0.983,0.993,0.995]
Epoch [143] Testing Results: Prec@1 56.430 Prec@5 93.320             Loss 2.55086
Epoch [143] Testing Class Recall: [0.953,0.978,0.641,0.801,0.561,0.347,0.470,0.302,0.449,0.141]
Epoch [144] Training Results: Prec@1 95.946 Prec@5 99.984             Loss 0.11853
Epoch [144] Training Class Recall: [0.954,0.970,0.903,0.921,0.949,0.956,0.973,0.984,0.991,0.994]
Epoch [144] Testing Results: Prec@1 64.100 Prec@5 95.240             Loss 1.66250
Epoch [144] Testing Class Recall: [0.946,0.969,0.811,0.574,0.710,0.549,0.591,0.547,0.376,0.337]
Epoch [145] Training Results: Prec@1 96.000 Prec@5 99.990             Loss 0.11609
Epoch [145] Training Class Recall: [0.955,0.975,0.903,0.918,0.951,0.956,0.975,0.986,0.990,0.992]
Epoch [145] Testing Results: Prec@1 63.300 Prec@5 96.020             Loss 1.82629
Epoch [145] Testing Class Recall: [0.859,0.985,0.641,0.719,0.746,0.535,0.655,0.577,0.369,0.244]
Epoch [146] Training Results: Prec@1 96.100 Prec@5 99.982             Loss 0.11600
Epoch [146] Training Class Recall: [0.958,0.971,0.911,0.919,0.948,0.954,0.976,0.988,0.991,0.993]
Epoch [146] Testing Results: Prec@1 58.650 Prec@5 93.610             Loss 2.25702
Epoch [146] Testing Class Recall: [0.932,0.957,0.742,0.675,0.679,0.540,0.555,0.357,0.338,0.090]
Epoch [147] Training Results: Prec@1 96.398 Prec@5 99.976             Loss 0.10763
Epoch [147] Training Class Recall: [0.957,0.972,0.912,0.928,0.954,0.965,0.982,0.985,0.992,0.993]
Epoch [147] Testing Results: Prec@1 64.640 Prec@5 94.520             Loss 1.84042
Epoch [147] Testing Class Recall: [0.895,0.956,0.815,0.570,0.586,0.237,0.422,0.705,0.637,0.641]
Epoch [148] Training Results: Prec@1 95.832 Prec@5 99.974             Loss 0.12080
Epoch [148] Training Class Recall: [0.950,0.970,0.900,0.918,0.948,0.952,0.977,0.985,0.991,0.991]
Epoch [148] Testing Results: Prec@1 64.190 Prec@5 94.130             Loss 1.95626
Epoch [148] Testing Class Recall: [0.927,0.967,0.815,0.635,0.612,0.399,0.762,0.402,0.569,0.331]
Epoch [149] Training Results: Prec@1 96.362 Prec@5 99.988             Loss 0.10696
Epoch [149] Training Class Recall: [0.959,0.973,0.913,0.922,0.956,0.960,0.978,0.987,0.994,0.995]
Epoch [149] Testing Results: Prec@1 54.370 Prec@5 90.390             Loss 2.72812
Epoch [149] Testing Class Recall: [0.935,0.978,0.753,0.677,0.728,0.333,0.247,0.499,0.211,0.076]
Epoch [150] Training Results: Prec@1 96.134 Prec@5 99.978             Loss 0.11743
Epoch [150] Training Class Recall: [0.957,0.971,0.911,0.924,0.946,0.959,0.977,0.985,0.990,0.992]
Epoch [150] Testing Results: Prec@1 66.650 Prec@5 96.170             Loss 1.57823
Epoch [150] Testing Class Recall: [0.947,0.956,0.649,0.688,0.567,0.573,0.656,0.669,0.447,0.513]
Epoch [151] Training Results: Prec@1 95.976 Prec@5 99.978             Loss 0.11436
Epoch [151] Training Class Recall: [0.953,0.975,0.902,0.922,0.947,0.957,0.973,0.985,0.990,0.993]
Epoch [151] Testing Results: Prec@1 64.370 Prec@5 94.620             Loss 1.71426
Epoch [151] Testing Class Recall: [0.900,0.947,0.732,0.596,0.520,0.627,0.388,0.624,0.385,0.718]
Epoch [152] Training Results: Prec@1 96.380 Prec@5 99.972             Loss 0.10851
Epoch [152] Training Class Recall: [0.958,0.974,0.911,0.930,0.950,0.961,0.979,0.986,0.993,0.995]
Epoch [152] Testing Results: Prec@1 61.630 Prec@5 95.070             Loss 1.98744
Epoch [152] Testing Class Recall: [0.866,0.981,0.836,0.549,0.635,0.562,0.743,0.523,0.222,0.246]
Epoch [153] Training Results: Prec@1 96.066 Prec@5 99.992             Loss 0.11540
Epoch [153] Training Class Recall: [0.954,0.970,0.916,0.919,0.950,0.954,0.973,0.985,0.992,0.994]
Epoch [153] Testing Results: Prec@1 61.760 Prec@5 95.000             Loss 2.06335
Epoch [153] Testing Class Recall: [0.887,0.878,0.763,0.808,0.518,0.211,0.523,0.702,0.353,0.533]
Epoch [154] Training Results: Prec@1 95.840 Prec@5 99.982             Loss 0.12115
Epoch [154] Training Class Recall: [0.953,0.970,0.904,0.918,0.946,0.953,0.976,0.985,0.990,0.989]
Epoch [154] Testing Results: Prec@1 59.570 Prec@5 94.580             Loss 1.87833
Epoch [154] Testing Class Recall: [0.959,0.980,0.531,0.621,0.627,0.427,0.524,0.599,0.382,0.307]
Epoch [155] Training Results: Prec@1 96.164 Prec@5 99.988             Loss 0.11319
Epoch [155] Training Class Recall: [0.959,0.975,0.910,0.926,0.945,0.958,0.975,0.988,0.989,0.993]
Epoch [155] Testing Results: Prec@1 59.790 Prec@5 94.170             Loss 2.36376
Epoch [155] Testing Class Recall: [0.879,0.993,0.781,0.696,0.675,0.563,0.653,0.433,0.267,0.039]
Epoch [156] Training Results: Prec@1 96.214 Prec@5 99.986             Loss 0.11087
Epoch [156] Training Class Recall: [0.953,0.970,0.909,0.927,0.951,0.962,0.979,0.983,0.992,0.994]
Epoch [156] Testing Results: Prec@1 64.260 Prec@5 95.650             Loss 1.71876
Epoch [156] Testing Class Recall: [0.939,0.963,0.766,0.596,0.723,0.389,0.706,0.631,0.356,0.357]
Epoch [157] Training Results: Prec@1 96.284 Prec@5 99.998             Loss 0.10918
Epoch [157] Training Class Recall: [0.959,0.974,0.914,0.922,0.950,0.960,0.976,0.986,0.992,0.995]
Epoch [157] Testing Results: Prec@1 60.890 Prec@5 94.740             Loss 2.04849
Epoch [157] Testing Class Recall: [0.968,0.966,0.639,0.603,0.646,0.458,0.640,0.577,0.275,0.317]
Epoch [158] Training Results: Prec@1 96.136 Prec@5 99.974             Loss 0.11145
Epoch [158] Training Class Recall: [0.952,0.972,0.909,0.927,0.952,0.956,0.975,0.988,0.990,0.993]
Epoch [158] Testing Results: Prec@1 58.010 Prec@5 93.830             Loss 2.29016
Epoch [158] Testing Class Recall: [0.949,0.946,0.816,0.612,0.716,0.449,0.546,0.345,0.239,0.183]
Epoch [159] Training Results: Prec@1 96.078 Prec@5 99.980             Loss 0.11339
Epoch [159] Training Class Recall: [0.959,0.973,0.906,0.919,0.946,0.957,0.977,0.984,0.993,0.993]
Epoch [159] Testing Results: Prec@1 57.420 Prec@5 91.910             Loss 2.32322
Epoch [159] Testing Class Recall: [0.924,0.977,0.732,0.772,0.621,0.256,0.645,0.268,0.389,0.158]
Epoch [160] Training Results: Prec@1 97.474 Prec@5 99.992             Loss 0.07625
Epoch [160] Training Class Recall: [0.964,0.986,0.927,0.957,0.975,0.964,0.990,0.991,0.997,0.997]
Epoch [160] Testing Results: Prec@1 64.080 Prec@5 95.000             Loss 1.82367
Epoch [160] Testing Class Recall: [0.948,0.973,0.797,0.681,0.696,0.507,0.683,0.463,0.371,0.289]
Epoch [161] Training Results: Prec@1 98.260 Prec@5 99.994             Loss 0.05446
Epoch [161] Training Class Recall: [0.976,0.987,0.951,0.964,0.981,0.982,0.993,0.995,0.997,0.999]
Epoch [161] Testing Results: Prec@1 64.580 Prec@5 95.380             Loss 1.79489
Epoch [161] Testing Class Recall: [0.959,0.972,0.809,0.683,0.696,0.501,0.640,0.483,0.365,0.350]
Epoch [162] Training Results: Prec@1 98.540 Prec@5 99.996             Loss 0.04701
Epoch [162] Training Class Recall: [0.979,0.991,0.957,0.970,0.985,0.987,0.993,0.995,0.998,0.998]
Epoch [162] Testing Results: Prec@1 64.960 Prec@5 95.530             Loss 1.76043
Epoch [162] Testing Class Recall: [0.949,0.976,0.817,0.680,0.713,0.520,0.641,0.490,0.416,0.294]
Epoch [163] Training Results: Prec@1 98.760 Prec@5 99.996             Loss 0.04082
Epoch [163] Training Class Recall: [0.980,0.991,0.966,0.975,0.984,0.989,0.995,0.999,0.998,0.999]
Epoch [163] Testing Results: Prec@1 64.090 Prec@5 95.540             Loss 1.86257
Epoch [163] Testing Class Recall: [0.961,0.978,0.808,0.701,0.700,0.500,0.624,0.481,0.392,0.264]
Epoch [164] Training Results: Prec@1 98.868 Prec@5 99.996             Loss 0.03835
Epoch [164] Training Class Recall: [0.984,0.992,0.967,0.977,0.987,0.991,0.995,0.997,0.998,0.999]
Epoch [164] Testing Results: Prec@1 64.560 Prec@5 95.680             Loss 1.80623
Epoch [164] Testing Class Recall: [0.964,0.973,0.808,0.684,0.717,0.519,0.627,0.489,0.375,0.300]
Epoch [165] Training Results: Prec@1 98.950 Prec@5 99.992             Loss 0.03603
Epoch [165] Training Class Recall: [0.985,0.992,0.967,0.979,0.990,0.991,0.996,0.997,0.998,1.000]
Epoch [165] Testing Results: Prec@1 64.510 Prec@5 95.600             Loss 1.85869
Epoch [165] Testing Class Recall: [0.961,0.976,0.805,0.701,0.738,0.507,0.618,0.475,0.392,0.278]
Epoch [166] Training Results: Prec@1 99.090 Prec@5 99.994             Loss 0.03302
Epoch [166] Training Class Recall: [0.986,0.994,0.975,0.980,0.990,0.992,0.996,0.998,0.999,0.999]
Epoch [166] Testing Results: Prec@1 63.970 Prec@5 95.420             Loss 1.92121
Epoch [166] Testing Class Recall: [0.963,0.972,0.805,0.726,0.731,0.494,0.600,0.481,0.351,0.274]
Epoch [167] Training Results: Prec@1 99.062 Prec@5 99.996             Loss 0.03241
Epoch [167] Training Class Recall: [0.987,0.990,0.969,0.985,0.991,0.991,0.996,0.998,0.999,1.000]
Epoch [167] Testing Results: Prec@1 64.500 Prec@5 95.760             Loss 1.85113
Epoch [167] Testing Class Recall: [0.963,0.972,0.817,0.713,0.708,0.517,0.603,0.500,0.373,0.284]
Epoch [168] Training Results: Prec@1 99.114 Prec@5 99.998             Loss 0.03029
Epoch [168] Training Class Recall: [0.985,0.993,0.971,0.983,0.991,0.994,0.997,0.998,0.999,1.000]
Epoch [168] Testing Results: Prec@1 64.470 Prec@5 95.610             Loss 1.87291
Epoch [168] Testing Class Recall: [0.964,0.975,0.809,0.718,0.736,0.515,0.600,0.484,0.361,0.285]
Epoch [169] Training Results: Prec@1 99.150 Prec@5 99.998             Loss 0.02970
Epoch [169] Training Class Recall: [0.986,0.993,0.972,0.984,0.993,0.992,0.998,0.998,0.999,1.000]
Epoch [169] Testing Results: Prec@1 64.340 Prec@5 95.730             Loss 1.91247
Epoch [169] Testing Class Recall: [0.964,0.976,0.806,0.717,0.741,0.520,0.607,0.501,0.369,0.233]
Epoch [170] Training Results: Prec@1 99.228 Prec@5 99.996             Loss 0.02775
Epoch [170] Training Class Recall: [0.989,0.993,0.976,0.985,0.991,0.995,0.996,0.999,1.000,0.999]
Epoch [170] Testing Results: Prec@1 64.880 Prec@5 95.880             Loss 1.83254
Epoch [170] Testing Class Recall: [0.962,0.972,0.813,0.709,0.740,0.533,0.599,0.513,0.371,0.276]
Epoch [171] Training Results: Prec@1 99.220 Prec@5 99.996             Loss 0.02672
Epoch [171] Training Class Recall: [0.986,0.994,0.975,0.986,0.993,0.994,0.998,0.999,0.999,1.000]
Epoch [171] Testing Results: Prec@1 64.410 Prec@5 95.590             Loss 1.92056
Epoch [171] Testing Class Recall: [0.964,0.976,0.812,0.715,0.739,0.520,0.615,0.488,0.362,0.250]
Epoch [172] Training Results: Prec@1 99.258 Prec@5 99.996             Loss 0.02653
Epoch [172] Training Class Recall: [0.987,0.994,0.975,0.988,0.991,0.994,0.999,0.999,0.999,1.000]
Epoch [172] Testing Results: Prec@1 64.500 Prec@5 95.710             Loss 1.90427
Epoch [172] Testing Class Recall: [0.960,0.972,0.812,0.727,0.751,0.525,0.592,0.486,0.382,0.243]
Epoch [173] Training Results: Prec@1 99.280 Prec@5 99.996             Loss 0.02520
Epoch [173] Training Class Recall: [0.988,0.994,0.976,0.985,0.994,0.995,0.998,0.999,1.000,1.000]
Epoch [173] Testing Results: Prec@1 65.020 Prec@5 95.810             Loss 1.86049
Epoch [173] Testing Class Recall: [0.961,0.973,0.813,0.740,0.743,0.506,0.607,0.497,0.370,0.292]
Epoch [174] Training Results: Prec@1 99.270 Prec@5 99.996             Loss 0.02556
Epoch [174] Training Class Recall: [0.986,0.994,0.976,0.990,0.993,0.993,0.997,0.999,0.999,0.999]
Epoch [174] Testing Results: Prec@1 65.120 Prec@5 95.970             Loss 1.84288
Epoch [174] Testing Class Recall: [0.962,0.974,0.802,0.723,0.749,0.519,0.606,0.509,0.388,0.280]
Epoch [175] Training Results: Prec@1 99.328 Prec@5 99.998             Loss 0.02418
Epoch [175] Training Class Recall: [0.989,0.993,0.981,0.987,0.992,0.994,0.999,0.999,0.998,1.000]
Epoch [175] Testing Results: Prec@1 64.710 Prec@5 95.840             Loss 1.88980
Epoch [175] Testing Class Recall: [0.962,0.977,0.801,0.726,0.752,0.513,0.600,0.486,0.402,0.252]
Epoch [176] Training Results: Prec@1 99.384 Prec@5 99.998             Loss 0.02322
Epoch [176] Training Class Recall: [0.987,0.995,0.979,0.989,0.995,0.997,0.998,0.999,0.999,1.000]
Epoch [176] Testing Results: Prec@1 64.980 Prec@5 95.750             Loss 1.88222
Epoch [176] Testing Class Recall: [0.961,0.973,0.815,0.736,0.735,0.519,0.626,0.490,0.397,0.246]
Epoch [177] Training Results: Prec@1 99.376 Prec@5 100.000             Loss 0.02222
Epoch [177] Training Class Recall: [0.989,0.994,0.979,0.988,0.996,0.996,0.998,0.999,0.999,1.000]
Epoch [177] Testing Results: Prec@1 64.770 Prec@5 95.880             Loss 1.87604
Epoch [177] Testing Class Recall: [0.964,0.979,0.804,0.719,0.740,0.515,0.608,0.491,0.391,0.266]
Epoch [178] Training Results: Prec@1 99.372 Prec@5 99.998             Loss 0.02264
Epoch [178] Training Class Recall: [0.988,0.993,0.979,0.991,0.994,0.997,0.998,0.998,0.999,1.000]
Epoch [178] Testing Results: Prec@1 64.920 Prec@5 95.880             Loss 1.87659
Epoch [178] Testing Class Recall: [0.965,0.975,0.826,0.689,0.740,0.513,0.616,0.504,0.392,0.272]
Epoch [179] Training Results: Prec@1 99.386 Prec@5 99.998             Loss 0.02162
Epoch [179] Training Class Recall: [0.989,0.995,0.980,0.989,0.993,0.996,0.998,0.999,0.999,1.000]
Epoch [179] Testing Results: Prec@1 65.600 Prec@5 95.890             Loss 1.82851
Epoch [179] Testing Class Recall: [0.959,0.975,0.818,0.727,0.750,0.538,0.628,0.494,0.383,0.288]
Epoch [180] Training Results: Prec@1 99.496 Prec@5 99.996             Loss 0.02104
Epoch [180] Training Class Recall: [0.991,0.996,0.983,0.991,0.996,0.996,0.998,0.999,0.999,1.000]
Epoch [180] Testing Results: Prec@1 64.380 Prec@5 95.810             Loss 1.92291
Epoch [180] Testing Class Recall: [0.963,0.977,0.819,0.720,0.726,0.513,0.598,0.487,0.376,0.259]
Epoch [181] Training Results: Prec@1 99.432 Prec@5 99.998             Loss 0.02182
Epoch [181] Training Class Recall: [0.990,0.994,0.983,0.990,0.995,0.995,0.998,0.999,0.999,1.000]
Epoch [181] Testing Results: Prec@1 64.130 Prec@5 95.620             Loss 1.96296
Epoch [181] Testing Class Recall: [0.967,0.973,0.809,0.724,0.746,0.518,0.600,0.469,0.367,0.240]
Epoch [182] Training Results: Prec@1 99.426 Prec@5 99.998             Loss 0.02111
Epoch [182] Training Class Recall: [0.989,0.996,0.982,0.988,0.995,0.996,0.998,0.999,0.999,1.000]
Epoch [182] Testing Results: Prec@1 64.470 Prec@5 95.710             Loss 1.93442
Epoch [182] Testing Class Recall: [0.960,0.977,0.816,0.712,0.749,0.521,0.603,0.489,0.381,0.239]
Epoch [183] Training Results: Prec@1 99.432 Prec@5 99.998             Loss 0.02142
Epoch [183] Training Class Recall: [0.988,0.995,0.982,0.990,0.995,0.996,0.998,0.998,1.000,1.000]
Epoch [183] Testing Results: Prec@1 65.050 Prec@5 95.960             Loss 1.85982
Epoch [183] Testing Class Recall: [0.967,0.977,0.802,0.721,0.739,0.533,0.614,0.513,0.380,0.259]
Epoch [184] Training Results: Prec@1 99.488 Prec@5 99.998             Loss 0.02072
Epoch [184] Training Class Recall: [0.991,0.995,0.984,0.989,0.994,0.998,0.999,0.999,0.999,1.000]
Epoch [184] Testing Results: Prec@1 65.160 Prec@5 95.910             Loss 1.85103
Epoch [184] Testing Class Recall: [0.963,0.977,0.821,0.709,0.729,0.536,0.613,0.493,0.415,0.260]
Epoch [185] Training Results: Prec@1 99.456 Prec@5 99.998             Loss 0.02074
Epoch [185] Training Class Recall: [0.988,0.996,0.983,0.988,0.996,0.997,0.999,0.999,1.000,1.000]
Epoch [185] Testing Results: Prec@1 64.390 Prec@5 95.830             Loss 1.93710
Epoch [185] Testing Class Recall: [0.969,0.977,0.809,0.725,0.724,0.498,0.586,0.499,0.400,0.252]
Epoch [186] Training Results: Prec@1 99.448 Prec@5 99.998             Loss 0.02139
Epoch [186] Training Class Recall: [0.990,0.995,0.982,0.991,0.995,0.998,0.998,0.999,0.999,0.999]
Epoch [186] Testing Results: Prec@1 64.320 Prec@5 95.760             Loss 1.96525
Epoch [186] Testing Class Recall: [0.968,0.977,0.806,0.726,0.738,0.530,0.596,0.502,0.358,0.231]
Epoch [187] Training Results: Prec@1 99.454 Prec@5 99.998             Loss 0.02088
Epoch [187] Training Class Recall: [0.992,0.995,0.980,0.991,0.995,0.997,0.998,0.999,0.999,1.000]
Epoch [187] Testing Results: Prec@1 65.270 Prec@5 95.970             Loss 1.84773
Epoch [187] Testing Class Recall: [0.964,0.972,0.808,0.724,0.740,0.537,0.612,0.501,0.401,0.268]
Epoch [188] Training Results: Prec@1 99.410 Prec@5 100.000             Loss 0.02111
Epoch [188] Training Class Recall: [0.987,0.995,0.981,0.988,0.996,0.996,0.998,0.999,1.000,1.000]
Epoch [188] Testing Results: Prec@1 64.210 Prec@5 95.790             Loss 1.94196
Epoch [188] Testing Class Recall: [0.968,0.976,0.810,0.719,0.732,0.519,0.592,0.501,0.357,0.247]
Epoch [189] Training Results: Prec@1 99.454 Prec@5 100.000             Loss 0.02093
Epoch [189] Training Class Recall: [0.990,0.996,0.982,0.989,0.994,0.997,0.998,0.999,0.999,1.000]
Epoch [189] Testing Results: Prec@1 65.230 Prec@5 95.910             Loss 1.84721
Epoch [189] Testing Class Recall: [0.959,0.977,0.817,0.711,0.746,0.538,0.622,0.497,0.394,0.262]
Epoch [190] Training Results: Prec@1 99.402 Prec@5 99.996             Loss 0.02161
Epoch [190] Training Class Recall: [0.990,0.995,0.981,0.987,0.996,0.995,0.998,0.999,0.999,1.000]
Epoch [190] Testing Results: Prec@1 64.470 Prec@5 95.810             Loss 1.93383
Epoch [190] Testing Class Recall: [0.964,0.977,0.815,0.705,0.745,0.520,0.598,0.486,0.390,0.247]
Epoch [191] Training Results: Prec@1 99.470 Prec@5 99.998             Loss 0.02014
Epoch [191] Training Class Recall: [0.990,0.995,0.981,0.992,0.995,0.996,0.999,0.999,0.999,1.000]
Epoch [191] Testing Results: Prec@1 64.430 Prec@5 95.800             Loss 1.91586
Epoch [191] Testing Class Recall: [0.967,0.977,0.809,0.711,0.737,0.522,0.604,0.489,0.376,0.251]
Epoch [192] Training Results: Prec@1 99.460 Prec@5 99.998             Loss 0.02032
Epoch [192] Training Class Recall: [0.989,0.995,0.982,0.990,0.995,0.997,0.999,1.000,0.999,1.000]
Epoch [192] Testing Results: Prec@1 64.260 Prec@5 95.750             Loss 1.94035
Epoch [192] Testing Class Recall: [0.968,0.977,0.814,0.705,0.734,0.523,0.607,0.487,0.366,0.245]
Epoch [193] Training Results: Prec@1 99.370 Prec@5 99.998             Loss 0.02202
Epoch [193] Training Class Recall: [0.986,0.995,0.978,0.989,0.995,0.996,0.999,0.999,0.999,1.000]
Epoch [193] Testing Results: Prec@1 64.740 Prec@5 95.920             Loss 1.88684
Epoch [193] Testing Class Recall: [0.967,0.980,0.802,0.718,0.743,0.507,0.623,0.503,0.372,0.259]
Epoch [194] Training Results: Prec@1 99.404 Prec@5 99.996             Loss 0.02196
Epoch [194] Training Class Recall: [0.989,0.996,0.982,0.989,0.993,0.997,0.998,0.998,1.000,1.000]
Epoch [194] Testing Results: Prec@1 64.460 Prec@5 95.750             Loss 1.91997
Epoch [194] Testing Class Recall: [0.966,0.973,0.812,0.726,0.731,0.511,0.604,0.473,0.372,0.278]
Epoch [195] Training Results: Prec@1 99.416 Prec@5 100.000             Loss 0.02120
Epoch [195] Training Class Recall: [0.989,0.995,0.979,0.989,0.994,0.997,0.999,1.000,1.000,1.000]
Epoch [195] Testing Results: Prec@1 64.070 Prec@5 95.800             Loss 1.97296
Epoch [195] Testing Class Recall: [0.971,0.975,0.812,0.727,0.729,0.492,0.603,0.479,0.364,0.255]
Epoch [196] Training Results: Prec@1 99.452 Prec@5 99.996             Loss 0.02108
Epoch [196] Training Class Recall: [0.990,0.996,0.981,0.990,0.994,0.997,0.998,0.999,0.999,1.000]
Epoch [196] Testing Results: Prec@1 65.000 Prec@5 95.880             Loss 1.88408
Epoch [196] Testing Class Recall: [0.963,0.975,0.812,0.716,0.753,0.518,0.611,0.508,0.371,0.273]
Epoch [197] Training Results: Prec@1 99.444 Prec@5 99.998             Loss 0.02078
Epoch [197] Training Class Recall: [0.990,0.996,0.983,0.990,0.994,0.996,0.998,0.999,0.999,1.000]
Epoch [197] Testing Results: Prec@1 64.120 Prec@5 95.720             Loss 1.99754
Epoch [197] Testing Class Recall: [0.966,0.977,0.808,0.728,0.745,0.505,0.597,0.497,0.369,0.220]
Epoch [198] Training Results: Prec@1 99.430 Prec@5 99.998             Loss 0.02118
Epoch [198] Training Class Recall: [0.991,0.996,0.980,0.989,0.994,0.996,0.998,0.999,0.999,1.000]
Epoch [198] Testing Results: Prec@1 64.960 Prec@5 95.920             Loss 1.86936
Epoch [198] Testing Class Recall: [0.962,0.976,0.818,0.701,0.749,0.531,0.609,0.504,0.395,0.251]
Epoch [199] Training Results: Prec@1 99.420 Prec@5 99.998             Loss 0.02141
Epoch [199] Training Class Recall: [0.990,0.995,0.981,0.989,0.995,0.996,0.998,0.999,0.999,1.000]
Epoch [199] Testing Results: Prec@1 64.450 Prec@5 95.790             Loss 1.92760
Epoch [199] Testing Class Recall: [0.963,0.976,0.816,0.716,0.741,0.506,0.611,0.501,0.361,0.254]
