Log file: cifar10_none1.0_drw_exp0.01_seed9999_20260626_023626.log
Run started: 2026-06-26 02:36:26.611710
Dataset: cifar10
Imbalance type: exp, factor: 0.01
Selection method: none, ratio: 1.0
Strategy: DRW, epochs: 200
Seed: 9999, rand_number: 9999
Augmentation: weak
mamix_ratio: 1.0
============================================================

=> No CSV or TensorBoard logging – only console and debug log.
-----------------------------------------------
Class ID   | Original   | Selected   | Keep %  
-----------------------------------------------
0          | 5000       | 5000       |  100.0%
1          | 2997       | 2997       |  100.0%
2          | 1796       | 1796       |  100.0%
3          | 1077       | 1077       |  100.0%
4          | 645        | 645        |  100.0%
5          | 387        | 387        |  100.0%
6          | 232        | 232        |  100.0%
7          | 139        | 139        |  100.0%
8          | 83         | 83         |  100.0%
9          | 50         | 50         |  100.0%
-----------------------------------------------
TOTAL      | 12406      | 12406      |  100.0%
-----------------------------------------------
Epoch [0] Training Results: Prec@1 52.668 Prec@5 93.036 Loss 1.38044
Epoch [0] Training Class Recall: [0.730,0.637,0.432,0.167,0.025,0.000,0.000,0.000,0.000,0.000]
Epoch [0] Testing Results: Prec@1 24.670 Prec@5 72.580 Loss 2.47014
Epoch [0] Testing Class Recall: [0.762,0.743,0.695,0.198,0.069,0.000,0.000,0.000,0.000,0.000]
Epoch [1] Training Results: Prec@1 60.906 Prec@5 95.067 Loss 1.14067
Epoch [1] Training Class Recall: [0.801,0.760,0.513,0.305,0.031,0.003,0.000,0.000,0.000,0.000]
Epoch [1] Testing Results: Prec@1 25.400 Prec@5 72.610 Loss 2.62651
Epoch [1] Testing Class Recall: [0.878,0.782,0.583,0.294,0.000,0.000,0.003,0.000,0.000,0.000]
Epoch [2] Training Results: Prec@1 62.558 Prec@5 95.454 Loss 1.10112
Epoch [2] Training Class Recall: [0.810,0.779,0.513,0.396,0.026,0.026,0.000,0.000,0.000,0.000]
Epoch [2] Testing Results: Prec@1 25.500 Prec@5 74.930 Loss 3.04966
Epoch [2] Testing Class Recall: [0.820,0.897,0.461,0.347,0.025,0.000,0.000,0.000,0.000,0.000]
Epoch [3] Training Results: Prec@1 64.388 Prec@5 95.905 Loss 1.04154
Epoch [3] Training Class Recall: [0.838,0.803,0.498,0.435,0.043,0.005,0.000,0.000,0.000,0.000]
Epoch [3] Testing Results: Prec@1 29.710 Prec@5 79.110 Loss 2.31662
Epoch [3] Testing Class Recall: [0.903,0.852,0.354,0.725,0.137,0.000,0.000,0.000,0.000,0.000]
Epoch [4] Training Results: Prec@1 67.870 Prec@5 96.421 Loss 0.94272
Epoch [4] Training Class Recall: [0.869,0.854,0.527,0.497,0.050,0.003,0.017,0.000,0.000,0.000]
Epoch [4] Testing Results: Prec@1 28.790 Prec@5 79.890 Loss 2.60541
Epoch [4] Testing Class Recall: [0.867,0.943,0.380,0.688,0.000,0.000,0.001,0.000,0.000,0.000]
Epoch [5] Training Results: Prec@1 70.063 Prec@5 96.872 Loss 0.87719
Epoch [5] Training Class Recall: [0.887,0.880,0.534,0.515,0.101,0.041,0.112,0.000,0.000,0.000]
Epoch [5] Testing Results: Prec@1 31.850 Prec@5 85.770 Loss 2.26937
Epoch [5] Testing Class Recall: [0.841,0.927,0.598,0.658,0.072,0.000,0.089,0.000,0.000,0.000]
Epoch [6] Training Results: Prec@1 72.820 Prec@5 97.598 Loss 0.79300
Epoch [6] Training Class Recall: [0.903,0.908,0.565,0.555,0.217,0.031,0.147,0.000,0.000,0.000]
Epoch [6] Testing Results: Prec@1 34.100 Prec@5 88.020 Loss 2.25325
Epoch [6] Testing Class Recall: [0.921,0.956,0.630,0.127,0.538,0.081,0.112,0.045,0.000,0.000]
Epoch [7] Training Results: Prec@1 74.440 Prec@5 97.872 Loss 0.74107
Epoch [7] Training Class Recall: [0.908,0.920,0.585,0.542,0.366,0.054,0.190,0.022,0.000,0.000]
Epoch [7] Testing Results: Prec@1 34.300 Prec@5 87.030 Loss 2.49150
Epoch [7] Testing Class Recall: [0.951,0.847,0.667,0.391,0.181,0.288,0.083,0.022,0.000,0.000]
Epoch [8] Training Results: Prec@1 76.729 Prec@5 98.074 Loss 0.68465
Epoch [8] Training Class Recall: [0.920,0.936,0.621,0.584,0.419,0.119,0.207,0.043,0.000,0.000]
Epoch [8] Testing Results: Prec@1 42.090 Prec@5 91.460 Loss 2.07932
Epoch [8] Testing Class Recall: [0.938,0.890,0.455,0.534,0.697,0.340,0.186,0.169,0.000,0.000]
Epoch [9] Training Results: Prec@1 78.535 Prec@5 98.420 Loss 0.64148
Epoch [9] Training Class Recall: [0.926,0.937,0.663,0.602,0.509,0.160,0.250,0.137,0.000,0.000]
Epoch [9] Testing Results: Prec@1 38.660 Prec@5 89.450 Loss 2.24774
Epoch [9] Testing Class Recall: [0.957,0.919,0.465,0.814,0.368,0.002,0.294,0.047,0.000,0.000]
Epoch [10] Training Results: Prec@1 79.470 Prec@5 98.549 Loss 0.60339
Epoch [10] Training Class Recall: [0.931,0.947,0.655,0.616,0.547,0.183,0.332,0.180,0.000,0.000]
Epoch [10] Testing Results: Prec@1 39.680 Prec@5 89.940 Loss 1.95103
Epoch [10] Testing Class Recall: [0.867,0.852,0.781,0.551,0.191,0.331,0.140,0.252,0.001,0.002]
Epoch [11] Training Results: Prec@1 80.800 Prec@5 98.694 Loss 0.57194
Epoch [11] Training Class Recall: [0.937,0.950,0.685,0.640,0.571,0.207,0.401,0.237,0.000,0.020]
Epoch [11] Testing Results: Prec@1 45.610 Prec@5 91.590 Loss 1.85463
Epoch [11] Testing Class Recall: [0.806,0.954,0.730,0.453,0.760,0.424,0.091,0.205,0.137,0.001]
Epoch [12] Training Results: Prec@1 81.162 Prec@5 98.976 Loss 0.55384
Epoch [12] Training Class Recall: [0.934,0.955,0.716,0.632,0.567,0.181,0.388,0.288,0.060,0.000]
Epoch [12] Testing Results: Prec@1 40.400 Prec@5 91.520 Loss 2.14891
Epoch [12] Testing Class Recall: [0.925,0.860,0.829,0.378,0.173,0.475,0.168,0.216,0.011,0.005]
Epoch [13] Training Results: Prec@1 81.904 Prec@5 98.992 Loss 0.52656
Epoch [13] Training Class Recall: [0.937,0.955,0.718,0.624,0.616,0.245,0.427,0.360,0.120,0.040]
Epoch [13] Testing Results: Prec@1 41.110 Prec@5 90.450 Loss 2.29488
Epoch [13] Testing Class Recall: [0.941,0.802,0.838,0.581,0.195,0.194,0.388,0.157,0.011,0.004]
Epoch [14] Training Results: Prec@1 83.169 Prec@5 99.073 Loss 0.50547
Epoch [14] Training Class Recall: [0.941,0.961,0.737,0.674,0.612,0.289,0.504,0.338,0.133,0.040]
Epoch [14] Testing Results: Prec@1 50.050 Prec@5 94.890 Loss 1.55796
Epoch [14] Testing Class Recall: [0.926,0.984,0.640,0.687,0.553,0.246,0.349,0.420,0.110,0.090]
Epoch [15] Training Results: Prec@1 83.669 Prec@5 99.315 Loss 0.48323
Epoch [15] Training Class Recall: [0.948,0.961,0.735,0.676,0.642,0.320,0.470,0.360,0.169,0.040]
Epoch [15] Testing Results: Prec@1 49.980 Prec@5 91.750 Loss 1.68574
Epoch [15] Testing Class Recall: [0.855,0.915,0.746,0.784,0.388,0.114,0.678,0.343,0.157,0.018]
Epoch [16] Training Results: Prec@1 84.048 Prec@5 99.258 Loss 0.46343
Epoch [16] Training Class Recall: [0.947,0.962,0.761,0.660,0.639,0.357,0.470,0.374,0.217,0.080]
Epoch [16] Testing Results: Prec@1 47.360 Prec@5 94.470 Loss 1.82877
Epoch [16] Testing Class Recall: [0.951,0.964,0.356,0.766,0.782,0.069,0.353,0.249,0.193,0.053]
Epoch [17] Training Results: Prec@1 84.878 Prec@5 99.258 Loss 0.45297
Epoch [17] Training Class Recall: [0.951,0.966,0.767,0.679,0.662,0.370,0.513,0.403,0.265,0.100]
Epoch [17] Testing Results: Prec@1 51.450 Prec@5 93.740 Loss 1.67921
Epoch [17] Testing Class Recall: [0.888,0.908,0.707,0.615,0.797,0.453,0.292,0.159,0.210,0.116]
Epoch [18] Training Results: Prec@1 85.443 Prec@5 99.371 Loss 0.43084
Epoch [18] Training Class Recall: [0.949,0.966,0.772,0.710,0.693,0.370,0.569,0.374,0.313,0.120]
Epoch [18] Testing Results: Prec@1 49.200 Prec@5 93.070 Loss 1.97411
Epoch [18] Testing Class Recall: [0.920,0.988,0.567,0.703,0.644,0.192,0.378,0.254,0.043,0.231]
Epoch [19] Training Results: Prec@1 85.918 Prec@5 99.347 Loss 0.42464
Epoch [19] Training Class Recall: [0.952,0.966,0.793,0.696,0.715,0.370,0.552,0.475,0.241,0.220]
Epoch [19] Testing Results: Prec@1 46.440 Prec@5 94.240 Loss 1.91596
Epoch [19] Testing Class Recall: [0.944,0.983,0.821,0.633,0.190,0.327,0.133,0.345,0.073,0.195]
Epoch [20] Training Results: Prec@1 85.805 Prec@5 99.428 Loss 0.41032
Epoch [20] Training Class Recall: [0.947,0.967,0.797,0.703,0.702,0.382,0.547,0.432,0.265,0.240]
Epoch [20] Testing Results: Prec@1 57.860 Prec@5 94.610 Loss 1.42557
Epoch [20] Testing Class Recall: [0.934,0.937,0.742,0.675,0.577,0.498,0.360,0.229,0.506,0.328]
Epoch [21] Training Results: Prec@1 86.474 Prec@5 99.444 Loss 0.39850
Epoch [21] Training Class Recall: [0.957,0.967,0.792,0.709,0.712,0.408,0.565,0.518,0.289,0.260]
Epoch [21] Testing Results: Prec@1 55.380 Prec@5 94.480 Loss 1.58936
Epoch [21] Testing Class Recall: [0.838,0.990,0.612,0.681,0.708,0.554,0.412,0.499,0.151,0.093]
Epoch [22] Training Results: Prec@1 86.829 Prec@5 99.468 Loss 0.39208
Epoch [22] Training Class Recall: [0.955,0.969,0.812,0.722,0.712,0.398,0.599,0.453,0.337,0.240]
Epoch [22] Testing Results: Prec@1 53.850 Prec@5 95.730 Loss 1.79545
Epoch [22] Testing Class Recall: [0.933,0.979,0.836,0.504,0.486,0.354,0.607,0.517,0.048,0.121]
Epoch [23] Training Results: Prec@1 87.296 Prec@5 99.484 Loss 0.36861
Epoch [23] Training Class Recall: [0.954,0.972,0.824,0.721,0.727,0.408,0.642,0.489,0.434,0.200]
Epoch [23] Testing Results: Prec@1 56.630 Prec@5 94.100 Loss 1.54445
Epoch [23] Testing Class Recall: [0.924,0.942,0.679,0.645,0.707,0.492,0.864,0.198,0.161,0.051]
Epoch [24] Training Results: Prec@1 87.490 Prec@5 99.532 Loss 0.36598
Epoch [24] Training Class Recall: [0.959,0.967,0.811,0.730,0.746,0.447,0.638,0.511,0.410,0.240]
Epoch [24] Testing Results: Prec@1 51.460 Prec@5 94.300 Loss 1.94488
Epoch [24] Testing Class Recall: [0.935,0.982,0.679,0.822,0.493,0.190,0.477,0.327,0.233,0.008]
Epoch [25] Training Results: Prec@1 87.990 Prec@5 99.541 Loss 0.35962
Epoch [25] Training Class Recall: [0.959,0.971,0.827,0.729,0.760,0.483,0.595,0.482,0.458,0.360]
Epoch [25] Testing Results: Prec@1 56.720 Prec@5 96.010 Loss 1.52512
Epoch [25] Testing Class Recall: [0.940,0.960,0.815,0.748,0.540,0.221,0.503,0.245,0.447,0.253]
Epoch [26] Training Results: Prec@1 88.175 Prec@5 99.589 Loss 0.34653
Epoch [26] Training Class Recall: [0.959,0.973,0.826,0.738,0.757,0.486,0.638,0.453,0.530,0.320]
Epoch [26] Testing Results: Prec@1 54.360 Prec@5 95.710 Loss 1.82996
Epoch [26] Testing Class Recall: [0.773,0.999,0.594,0.662,0.727,0.639,0.407,0.349,0.217,0.069]
Epoch [27] Training Results: Prec@1 88.328 Prec@5 99.605 Loss 0.33843
Epoch [27] Training Class Recall: [0.964,0.973,0.820,0.734,0.769,0.473,0.634,0.561,0.554,0.240]
Epoch [27] Testing Results: Prec@1 58.950 Prec@5 95.500 Loss 1.48575
Epoch [27] Testing Class Recall: [0.868,0.968,0.695,0.574,0.815,0.469,0.496,0.636,0.261,0.113]
Epoch [28] Training Results: Prec@1 88.812 Prec@5 99.702 Loss 0.33161
Epoch [28] Training Class Recall: [0.961,0.972,0.835,0.750,0.789,0.499,0.690,0.496,0.482,0.480]
Epoch [28] Testing Results: Prec@1 52.080 Prec@5 94.180 Loss 2.01910
Epoch [28] Testing Class Recall: [0.863,0.918,0.905,0.534,0.331,0.421,0.220,0.591,0.342,0.083]
Epoch [29] Training Results: Prec@1 88.780 Prec@5 99.694 Loss 0.31756
Epoch [29] Training Class Recall: [0.962,0.974,0.838,0.749,0.772,0.488,0.681,0.475,0.470,0.440]
Epoch [29] Testing Results: Prec@1 57.760 Prec@5 94.710 Loss 1.59952
Epoch [29] Testing Class Recall: [0.887,0.978,0.719,0.683,0.803,0.609,0.593,0.300,0.131,0.073]
Epoch [30] Training Results: Prec@1 88.949 Prec@5 99.613 Loss 0.32409
Epoch [30] Training Class Recall: [0.966,0.975,0.834,0.744,0.761,0.527,0.664,0.547,0.470,0.380]
Epoch [30] Testing Results: Prec@1 57.160 Prec@5 96.040 Loss 1.64985
Epoch [30] Testing Class Recall: [0.987,0.937,0.641,0.568,0.580,0.390,0.679,0.308,0.180,0.446]
Epoch [31] Training Results: Prec@1 89.239 Prec@5 99.790 Loss 0.30154
Epoch [31] Training Class Recall: [0.966,0.975,0.835,0.740,0.791,0.522,0.694,0.576,0.614,0.400]
Epoch [31] Testing Results: Prec@1 61.920 Prec@5 95.910 Loss 1.43508
Epoch [31] Testing Class Recall: [0.967,0.879,0.669,0.651,0.664,0.386,0.848,0.524,0.272,0.332]
Epoch [32] Training Results: Prec@1 90.158 Prec@5 99.702 Loss 0.29333
Epoch [32] Training Class Recall: [0.969,0.978,0.854,0.790,0.791,0.527,0.716,0.532,0.590,0.440]
Epoch [32] Testing Results: Prec@1 59.190 Prec@5 93.750 Loss 1.61856
Epoch [32] Testing Class Recall: [0.913,0.950,0.762,0.721,0.708,0.577,0.307,0.650,0.259,0.072]
Epoch [33] Training Results: Prec@1 89.803 Prec@5 99.694 Loss 0.28722
Epoch [33] Training Class Recall: [0.963,0.974,0.852,0.765,0.814,0.556,0.698,0.604,0.554,0.400]
Epoch [33] Testing Results: Prec@1 57.390 Prec@5 92.780 Loss 1.84122
Epoch [33] Testing Class Recall: [0.933,0.937,0.537,0.535,0.463,0.228,0.772,0.157,0.554,0.623]
Epoch [34] Training Results: Prec@1 89.932 Prec@5 99.807 Loss 0.29232
Epoch [34] Training Class Recall: [0.966,0.977,0.857,0.773,0.789,0.563,0.685,0.518,0.602,0.380]
Epoch [34] Testing Results: Prec@1 55.640 Prec@5 93.510 Loss 1.86456
Epoch [34] Testing Class Recall: [0.967,0.899,0.699,0.582,0.484,0.631,0.723,0.282,0.074,0.223]
Epoch [35] Training Results: Prec@1 89.860 Prec@5 99.807 Loss 0.29774
Epoch [35] Training Class Recall: [0.965,0.976,0.845,0.766,0.797,0.568,0.741,0.540,0.639,0.440]
Epoch [35] Testing Results: Prec@1 54.490 Prec@5 95.170 Loss 1.77647
Epoch [35] Testing Class Recall: [0.981,0.969,0.739,0.306,0.461,0.485,0.683,0.353,0.327,0.145]
Epoch [36] Training Results: Prec@1 90.384 Prec@5 99.807 Loss 0.27788
Epoch [36] Training Class Recall: [0.969,0.975,0.870,0.765,0.805,0.558,0.741,0.561,0.627,0.460]
Epoch [36] Testing Results: Prec@1 61.020 Prec@5 96.060 Loss 1.63038
Epoch [36] Testing Class Recall: [0.979,0.973,0.679,0.567,0.785,0.608,0.401,0.572,0.210,0.328]
Epoch [37] Training Results: Prec@1 91.045 Prec@5 99.847 Loss 0.25750
Epoch [37] Training Class Recall: [0.969,0.985,0.860,0.795,0.808,0.589,0.733,0.698,0.675,0.520]
Epoch [37] Testing Results: Prec@1 58.510 Prec@5 92.760 Loss 1.82785
Epoch [37] Testing Class Recall: [0.916,0.937,0.753,0.698,0.641,0.393,0.815,0.275,0.347,0.076]
Epoch [38] Training Results: Prec@1 90.488 Prec@5 99.766 Loss 0.27102
Epoch [38] Training Class Recall: [0.965,0.974,0.867,0.786,0.819,0.576,0.703,0.662,0.639,0.420]
Epoch [38] Testing Results: Prec@1 55.690 Prec@5 94.230 Loss 2.08213
Epoch [38] Testing Class Recall: [0.836,0.962,0.909,0.704,0.460,0.094,0.587,0.423,0.549,0.045]
Epoch [39] Training Results: Prec@1 90.988 Prec@5 99.839 Loss 0.25909
Epoch [39] Training Class Recall: [0.967,0.981,0.879,0.786,0.825,0.597,0.711,0.619,0.590,0.460]
Epoch [39] Testing Results: Prec@1 60.790 Prec@5 95.850 Loss 1.56243
Epoch [39] Testing Class Recall: [0.975,0.753,0.599,0.601,0.686,0.387,0.771,0.377,0.518,0.412]
Epoch [40] Training Results: Prec@1 90.706 Prec@5 99.847 Loss 0.26140
Epoch [40] Training Class Recall: [0.968,0.979,0.864,0.786,0.798,0.563,0.711,0.669,0.675,0.660]
Epoch [40] Testing Results: Prec@1 58.020 Prec@5 95.550 Loss 1.80101
Epoch [40] Testing Class Recall: [0.942,0.970,0.876,0.678,0.589,0.425,0.386,0.628,0.150,0.158]
Epoch [41] Training Results: Prec@1 91.657 Prec@5 99.782 Loss 0.24122
Epoch [41] Training Class Recall: [0.972,0.981,0.870,0.808,0.843,0.651,0.750,0.676,0.627,0.420]
Epoch [41] Testing Results: Prec@1 55.490 Prec@5 94.120 Loss 1.99863
Epoch [41] Testing Class Recall: [0.977,0.943,0.763,0.535,0.753,0.234,0.514,0.080,0.556,0.194]
Epoch [42] Training Results: Prec@1 91.504 Prec@5 99.823 Loss 0.24752
Epoch [42] Training Class Recall: [0.972,0.979,0.883,0.808,0.817,0.599,0.750,0.612,0.663,0.620]
Epoch [42] Testing Results: Prec@1 55.350 Prec@5 96.000 Loss 2.04104
Epoch [42] Testing Class Recall: [0.741,0.964,0.908,0.782,0.501,0.109,0.431,0.337,0.464,0.298]
Epoch [43] Training Results: Prec@1 91.214 Prec@5 99.855 Loss 0.25250
Epoch [43] Training Class Recall: [0.969,0.975,0.873,0.805,0.814,0.615,0.772,0.683,0.590,0.520]
Epoch [43] Testing Results: Prec@1 65.840 Prec@5 95.820 Loss 1.30170
Epoch [43] Testing Class Recall: [0.948,0.937,0.654,0.712,0.653,0.508,0.587,0.299,0.675,0.611]
Epoch [44] Training Results: Prec@1 91.391 Prec@5 99.823 Loss 0.23775
Epoch [44] Training Class Recall: [0.969,0.979,0.872,0.808,0.812,0.620,0.776,0.676,0.663,0.600]
Epoch [44] Testing Results: Prec@1 61.250 Prec@5 96.040 Loss 1.52980
Epoch [44] Testing Class Recall: [0.856,0.977,0.779,0.553,0.774,0.567,0.433,0.175,0.415,0.596]
Epoch [45] Training Results: Prec@1 91.980 Prec@5 99.871 Loss 0.22694
Epoch [45] Training Class Recall: [0.972,0.982,0.885,0.816,0.834,0.636,0.780,0.676,0.651,0.580]
Epoch [45] Testing Results: Prec@1 64.620 Prec@5 97.380 Loss 1.50914
Epoch [45] Testing Class Recall: [0.986,0.890,0.598,0.470,0.819,0.434,0.636,0.731,0.409,0.489]
Epoch [46] Training Results: Prec@1 92.036 Prec@5 99.871 Loss 0.23060
Epoch [46] Training Class Recall: [0.970,0.978,0.883,0.812,0.873,0.649,0.767,0.705,0.675,0.620]
Epoch [46] Testing Results: Prec@1 61.000 Prec@5 95.610 Loss 1.69588
Epoch [46] Testing Class Recall: [0.935,0.973,0.807,0.544,0.646,0.734,0.455,0.406,0.545,0.055]
Epoch [47] Training Results: Prec@1 92.101 Prec@5 99.871 Loss 0.22195
Epoch [47] Training Class Recall: [0.970,0.984,0.886,0.816,0.848,0.638,0.737,0.741,0.711,0.620]
Epoch [47] Testing Results: Prec@1 58.990 Prec@5 95.340 Loss 1.78086
Epoch [47] Testing Class Recall: [0.946,0.955,0.777,0.541,0.742,0.297,0.706,0.245,0.603,0.087]
Epoch [48] Training Results: Prec@1 92.213 Prec@5 99.823 Loss 0.22980
Epoch [48] Training Class Recall: [0.973,0.977,0.885,0.821,0.862,0.659,0.754,0.763,0.614,0.640]
Epoch [48] Testing Results: Prec@1 61.390 Prec@5 95.670 Loss 1.71066
Epoch [48] Testing Class Recall: [0.888,0.987,0.489,0.673,0.655,0.694,0.220,0.708,0.367,0.458]
Epoch [49] Training Results: Prec@1 91.980 Prec@5 99.823 Loss 0.22519
Epoch [49] Training Class Recall: [0.970,0.980,0.891,0.808,0.859,0.636,0.733,0.705,0.663,0.620]
Epoch [49] Testing Results: Prec@1 63.300 Prec@5 96.270 Loss 1.48328
Epoch [49] Testing Class Recall: [0.882,0.979,0.867,0.509,0.540,0.639,0.625,0.767,0.251,0.271]
Epoch [50] Training Results: Prec@1 92.294 Prec@5 99.895 Loss 0.21450
Epoch [50] Training Class Recall: [0.974,0.982,0.894,0.820,0.834,0.664,0.724,0.712,0.675,0.620]
Epoch [50] Testing Results: Prec@1 53.610 Prec@5 94.840 Loss 2.33375
Epoch [50] Testing Class Recall: [0.972,0.944,0.641,0.399,0.901,0.478,0.392,0.408,0.111,0.115]
Epoch [51] Training Results: Prec@1 93.269 Prec@5 99.887 Loss 0.20057
Epoch [51] Training Class Recall: [0.977,0.983,0.904,0.848,0.873,0.693,0.741,0.763,0.735,0.680]
Epoch [51] Testing Results: Prec@1 55.130 Prec@5 95.540 Loss 2.07384
Epoch [51] Testing Class Recall: [0.834,0.971,0.944,0.340,0.593,0.542,0.397,0.326,0.464,0.102]
Epoch [52] Training Results: Prec@1 92.866 Prec@5 99.871 Loss 0.20621
Epoch [52] Training Class Recall: [0.975,0.982,0.893,0.824,0.874,0.677,0.845,0.784,0.699,0.460]
Epoch [52] Testing Results: Prec@1 60.440 Prec@5 93.210 Loss 1.92215
Epoch [52] Testing Class Recall: [0.907,0.968,0.829,0.747,0.669,0.107,0.699,0.174,0.617,0.327]
Epoch [53] Training Results: Prec@1 93.076 Prec@5 99.863 Loss 0.20019
Epoch [53] Training Class Recall: [0.975,0.983,0.901,0.833,0.850,0.705,0.815,0.741,0.687,0.740]
Epoch [53] Testing Results: Prec@1 64.310 Prec@5 96.810 Loss 1.50865
Epoch [53] Testing Class Recall: [0.948,0.986,0.690,0.486,0.814,0.601,0.692,0.581,0.266,0.367]
Epoch [54] Training Results: Prec@1 92.512 Prec@5 99.863 Loss 0.21677
Epoch [54] Training Class Recall: [0.975,0.983,0.886,0.826,0.850,0.667,0.784,0.741,0.711,0.500]
Epoch [54] Testing Results: Prec@1 59.750 Prec@5 95.010 Loss 1.85595
Epoch [54] Testing Class Recall: [0.808,0.976,0.680,0.350,0.931,0.794,0.696,0.108,0.348,0.284]
Epoch [55] Training Results: Prec@1 92.810 Prec@5 99.815 Loss 0.20679
Epoch [55] Training Class Recall: [0.975,0.979,0.893,0.848,0.870,0.680,0.793,0.727,0.687,0.520]
Epoch [55] Testing Results: Prec@1 62.510 Prec@5 96.530 Loss 1.57839
Epoch [55] Testing Class Recall: [0.966,0.983,0.555,0.631,0.816,0.576,0.602,0.578,0.195,0.349]
Epoch [56] Training Results: Prec@1 93.390 Prec@5 99.887 Loss 0.19040
Epoch [56] Training Class Recall: [0.977,0.984,0.904,0.838,0.868,0.716,0.802,0.755,0.771,0.660]
Epoch [56] Testing Results: Prec@1 64.640 Prec@5 96.800 Loss 1.41507
Epoch [56] Testing Class Recall: [0.943,0.955,0.692,0.707,0.703,0.574,0.675,0.545,0.358,0.312]
Epoch [57] Training Results: Prec@1 92.568 Prec@5 99.831 Loss 0.21054
Epoch [57] Training Class Recall: [0.973,0.984,0.886,0.821,0.856,0.700,0.776,0.719,0.687,0.640]
Epoch [57] Testing Results: Prec@1 64.560 Prec@5 96.320 Loss 1.53491
Epoch [57] Testing Class Recall: [0.928,0.958,0.834,0.433,0.696,0.816,0.609,0.544,0.159,0.479]
Epoch [58] Training Results: Prec@1 93.108 Prec@5 99.911 Loss 0.19806
Epoch [58] Training Class Recall: [0.971,0.983,0.896,0.834,0.862,0.713,0.875,0.806,0.699,0.740]
Epoch [58] Testing Results: Prec@1 57.580 Prec@5 94.970 Loss 2.09229
Epoch [58] Testing Class Recall: [0.946,0.947,0.886,0.362,0.674,0.368,0.712,0.142,0.327,0.394]
Epoch [59] Training Results: Prec@1 93.245 Prec@5 99.879 Loss 0.19208
Epoch [59] Training Class Recall: [0.977,0.985,0.900,0.840,0.860,0.685,0.841,0.727,0.699,0.700]
Epoch [59] Testing Results: Prec@1 62.600 Prec@5 95.960 Loss 1.68585
Epoch [59] Testing Class Recall: [0.977,0.943,0.665,0.712,0.738,0.576,0.405,0.463,0.324,0.457]
Epoch [60] Training Results: Prec@1 92.689 Prec@5 99.895 Loss 0.20717
Epoch [60] Training Class Recall: [0.969,0.979,0.895,0.839,0.848,0.726,0.793,0.777,0.675,0.700]
Epoch [60] Testing Results: Prec@1 63.160 Prec@5 95.380 Loss 1.64347
Epoch [60] Testing Class Recall: [0.950,0.984,0.739,0.674,0.698,0.647,0.761,0.330,0.342,0.191]
Epoch [61] Training Results: Prec@1 93.906 Prec@5 99.927 Loss 0.17738
Epoch [61] Training Class Recall: [0.980,0.988,0.907,0.849,0.881,0.721,0.819,0.791,0.795,0.640]
Epoch [61] Testing Results: Prec@1 60.260 Prec@5 96.130 Loss 2.00902
Epoch [61] Testing Class Recall: [0.949,0.913,0.874,0.616,0.723,0.512,0.577,0.428,0.148,0.286]
Epoch [62] Training Results: Prec@1 94.092 Prec@5 99.919 Loss 0.17090
Epoch [62] Training Class Recall: [0.978,0.981,0.916,0.856,0.896,0.744,0.849,0.799,0.771,0.720]
Epoch [62] Testing Results: Prec@1 63.440 Prec@5 96.790 Loss 1.57194
Epoch [62] Testing Class Recall: [0.949,0.947,0.866,0.681,0.721,0.295,0.466,0.503,0.290,0.626]
Epoch [63] Training Results: Prec@1 93.874 Prec@5 99.936 Loss 0.17715
Epoch [63] Training Class Recall: [0.978,0.981,0.908,0.849,0.890,0.749,0.836,0.835,0.783,0.700]
Epoch [63] Testing Results: Prec@1 53.370 Prec@5 92.480 Loss 2.60626
Epoch [63] Testing Class Recall: [0.983,0.955,0.727,0.638,0.771,0.224,0.717,0.115,0.054,0.153]
Epoch [64] Training Results: Prec@1 93.479 Prec@5 99.976 Loss 0.18089
Epoch [64] Training Class Recall: [0.975,0.978,0.913,0.858,0.879,0.724,0.810,0.763,0.590,0.800]
Epoch [64] Testing Results: Prec@1 56.730 Prec@5 94.490 Loss 2.28603
Epoch [64] Testing Class Recall: [0.971,0.981,0.772,0.590,0.720,0.605,0.604,0.264,0.111,0.055]
Epoch [65] Training Results: Prec@1 93.680 Prec@5 99.895 Loss 0.18234
Epoch [65] Training Class Recall: [0.978,0.985,0.900,0.861,0.857,0.721,0.862,0.791,0.711,0.780]
Epoch [65] Testing Results: Prec@1 60.960 Prec@5 95.850 Loss 1.66248
Epoch [65] Testing Class Recall: [0.968,0.930,0.782,0.628,0.736,0.445,0.484,0.253,0.489,0.381]
Epoch [66] Training Results: Prec@1 93.342 Prec@5 99.911 Loss 0.18795
Epoch [66] Training Class Recall: [0.975,0.982,0.911,0.838,0.868,0.721,0.802,0.748,0.699,0.660]
Epoch [66] Testing Results: Prec@1 60.810 Prec@5 94.600 Loss 1.73318
Epoch [66] Testing Class Recall: [0.902,0.963,0.850,0.559,0.683,0.705,0.529,0.155,0.380,0.355]
Epoch [67] Training Results: Prec@1 94.051 Prec@5 99.911 Loss 0.16691
Epoch [67] Training Class Recall: [0.979,0.984,0.915,0.858,0.878,0.711,0.853,0.820,0.795,0.720]
Epoch [67] Testing Results: Prec@1 63.020 Prec@5 96.620 Loss 1.71216
Epoch [67] Testing Class Recall: [0.957,0.822,0.735,0.775,0.467,0.524,0.436,0.466,0.511,0.609]
Epoch [68] Training Results: Prec@1 93.116 Prec@5 99.911 Loss 0.19199
Epoch [68] Training Class Recall: [0.971,0.982,0.894,0.855,0.854,0.744,0.784,0.755,0.759,0.760]
Epoch [68] Testing Results: Prec@1 66.320 Prec@5 96.580 Loss 1.32984
Epoch [68] Testing Class Recall: [0.927,0.968,0.855,0.553,0.743,0.535,0.575,0.494,0.533,0.449]
Epoch [69] Training Results: Prec@1 94.124 Prec@5 99.903 Loss 0.16560
Epoch [69] Training Class Recall: [0.975,0.987,0.903,0.865,0.907,0.718,0.888,0.820,0.807,0.820]
Epoch [69] Testing Results: Prec@1 62.930 Prec@5 95.770 Loss 1.78685
Epoch [69] Testing Class Recall: [0.812,0.923,0.867,0.626,0.853,0.545,0.615,0.362,0.276,0.414]
Epoch [70] Training Results: Prec@1 93.995 Prec@5 99.968 Loss 0.16826
Epoch [70] Training Class Recall: [0.977,0.987,0.909,0.850,0.870,0.760,0.845,0.813,0.843,0.780]
Epoch [70] Testing Results: Prec@1 60.350 Prec@5 94.110 Loss 2.01943
Epoch [70] Testing Class Recall: [0.907,0.966,0.869,0.743,0.503,0.547,0.707,0.121,0.371,0.301]
Epoch [71] Training Results: Prec@1 94.067 Prec@5 99.984 Loss 0.17223
Epoch [71] Training Class Recall: [0.978,0.987,0.906,0.875,0.895,0.726,0.866,0.763,0.687,0.640]
Epoch [71] Testing Results: Prec@1 60.020 Prec@5 96.140 Loss 1.85735
Epoch [71] Testing Class Recall: [0.879,0.982,0.771,0.717,0.669,0.738,0.260,0.421,0.371,0.194]
Epoch [72] Training Results: Prec@1 94.188 Prec@5 99.944 Loss 0.16457
Epoch [72] Training Class Recall: [0.976,0.985,0.919,0.872,0.898,0.731,0.836,0.763,0.759,0.740]
Epoch [72] Testing Results: Prec@1 63.410 Prec@5 96.800 Loss 1.56622
Epoch [72] Testing Class Recall: [0.929,0.942,0.712,0.837,0.700,0.441,0.332,0.469,0.660,0.319]
Epoch [73] Training Results: Prec@1 94.358 Prec@5 99.960 Loss 0.15862
Epoch [73] Training Class Recall: [0.980,0.987,0.914,0.858,0.890,0.773,0.841,0.784,0.783,0.780]
Epoch [73] Testing Results: Prec@1 62.150 Prec@5 96.490 Loss 1.80762
Epoch [73] Testing Class Recall: [0.975,0.929,0.735,0.797,0.469,0.278,0.660,0.746,0.364,0.262]
Epoch [74] Training Results: Prec@1 93.850 Prec@5 99.968 Loss 0.16954
Epoch [74] Training Class Recall: [0.977,0.984,0.913,0.863,0.879,0.736,0.810,0.784,0.711,0.620]
Epoch [74] Testing Results: Prec@1 57.880 Prec@5 94.820 Loss 1.96901
Epoch [74] Testing Class Recall: [0.967,0.964,0.784,0.751,0.574,0.605,0.462,0.293,0.211,0.177]
Epoch [75] Training Results: Prec@1 94.285 Prec@5 99.944 Loss 0.16361
Epoch [75] Training Class Recall: [0.979,0.985,0.909,0.873,0.891,0.755,0.871,0.784,0.723,0.780]
Epoch [75] Testing Results: Prec@1 65.970 Prec@5 96.490 Loss 1.48920
Epoch [75] Testing Class Recall: [0.910,0.988,0.789,0.767,0.708,0.575,0.305,0.471,0.585,0.499]
Epoch [76] Training Results: Prec@1 94.108 Prec@5 99.976 Loss 0.16501
Epoch [76] Training Class Recall: [0.980,0.983,0.908,0.865,0.868,0.765,0.853,0.820,0.759,0.700]
Epoch [76] Testing Results: Prec@1 60.310 Prec@5 94.100 Loss 2.09208
Epoch [76] Testing Class Recall: [0.971,0.986,0.568,0.733,0.766,0.589,0.573,0.151,0.403,0.291]
Epoch [77] Training Results: Prec@1 94.237 Prec@5 99.944 Loss 0.16088
Epoch [77] Training Class Recall: [0.980,0.988,0.917,0.852,0.884,0.739,0.819,0.799,0.819,0.780]
Epoch [77] Testing Results: Prec@1 64.090 Prec@5 96.300 Loss 1.80808
Epoch [77] Testing Class Recall: [0.973,0.950,0.733,0.757,0.765,0.587,0.620,0.401,0.351,0.272]
Epoch [78] Training Results: Prec@1 94.801 Prec@5 99.944 Loss 0.15241
Epoch [78] Training Class Recall: [0.978,0.984,0.923,0.883,0.898,0.819,0.862,0.813,0.783,0.720]
Epoch [78] Testing Results: Prec@1 61.360 Prec@5 95.660 Loss 1.84856
Epoch [78] Testing Class Recall: [0.964,0.982,0.817,0.640,0.723,0.525,0.496,0.365,0.368,0.256]
Epoch [79] Training Results: Prec@1 94.293 Prec@5 99.960 Loss 0.15623
Epoch [79] Training Class Recall: [0.979,0.985,0.916,0.866,0.898,0.742,0.815,0.827,0.795,0.760]
Epoch [79] Testing Results: Prec@1 56.470 Prec@5 95.550 Loss 2.21954
Epoch [79] Testing Class Recall: [0.964,0.962,0.726,0.845,0.457,0.435,0.286,0.264,0.266,0.442]
Epoch [80] Training Results: Prec@1 94.567 Prec@5 99.944 Loss 0.15414
Epoch [80] Training Class Recall: [0.978,0.983,0.927,0.877,0.899,0.765,0.862,0.820,0.699,0.780]
Epoch [80] Testing Results: Prec@1 60.750 Prec@5 96.210 Loss 1.98899
Epoch [80] Testing Class Recall: [0.799,0.991,0.818,0.703,0.632,0.698,0.349,0.541,0.370,0.174]
Epoch [81] Training Results: Prec@1 94.164 Prec@5 99.944 Loss 0.16458
Epoch [81] Training Class Recall: [0.979,0.982,0.914,0.874,0.882,0.744,0.853,0.791,0.711,0.720]
Epoch [81] Testing Results: Prec@1 63.240 Prec@5 96.920 Loss 1.78589
Epoch [81] Testing Class Recall: [0.986,0.959,0.699,0.657,0.583,0.550,0.681,0.534,0.357,0.318]
Epoch [82] Training Results: Prec@1 94.769 Prec@5 99.960 Loss 0.14763
Epoch [82] Training Class Recall: [0.980,0.986,0.929,0.864,0.904,0.788,0.836,0.835,0.771,0.820]
Epoch [82] Testing Results: Prec@1 63.920 Prec@5 96.640 Loss 1.60138
Epoch [82] Testing Class Recall: [0.946,0.974,0.751,0.827,0.794,0.332,0.539,0.406,0.465,0.358]
Epoch [83] Training Results: Prec@1 94.986 Prec@5 99.976 Loss 0.14269
Epoch [83] Training Class Recall: [0.981,0.987,0.933,0.891,0.898,0.762,0.849,0.827,0.747,0.760]
Epoch [83] Testing Results: Prec@1 60.650 Prec@5 96.550 Loss 2.10328
Epoch [83] Testing Class Recall: [0.973,0.992,0.650,0.550,0.721,0.332,0.713,0.602,0.493,0.039]
Epoch [84] Training Results: Prec@1 94.736 Prec@5 99.968 Loss 0.14489
Epoch [84] Training Class Recall: [0.979,0.989,0.924,0.872,0.909,0.752,0.849,0.849,0.795,0.720]
Epoch [84] Testing Results: Prec@1 69.150 Prec@5 96.820 Loss 1.30151
Epoch [84] Testing Class Recall: [0.943,0.966,0.711,0.710,0.835,0.459,0.738,0.431,0.614,0.508]
Epoch [85] Training Results: Prec@1 94.970 Prec@5 99.952 Loss 0.14311
Epoch [85] Training Class Recall: [0.979,0.987,0.925,0.886,0.904,0.796,0.875,0.806,0.819,0.780]
Epoch [85] Testing Results: Prec@1 61.720 Prec@5 95.580 Loss 2.03267
Epoch [85] Testing Class Recall: [0.811,0.983,0.677,0.884,0.793,0.487,0.572,0.324,0.487,0.154]
Epoch [86] Training Results: Prec@1 95.043 Prec@5 99.936 Loss 0.14454
Epoch [86] Training Class Recall: [0.984,0.988,0.925,0.882,0.888,0.773,0.832,0.885,0.831,0.860]
Epoch [86] Testing Results: Prec@1 60.950 Prec@5 92.570 Loss 2.04641
Epoch [86] Testing Class Recall: [0.874,0.916,0.860,0.636,0.569,0.741,0.734,0.109,0.480,0.176]
Epoch [87] Training Results: Prec@1 94.849 Prec@5 99.944 Loss 0.14471
Epoch [87] Training Class Recall: [0.981,0.986,0.921,0.883,0.915,0.783,0.841,0.820,0.735,0.740]
Epoch [87] Testing Results: Prec@1 56.210 Prec@5 96.320 Loss 2.40371
Epoch [87] Testing Class Recall: [0.945,0.965,0.585,0.931,0.541,0.172,0.436,0.304,0.330,0.412]
Epoch [88] Training Results: Prec@1 94.922 Prec@5 99.992 Loss 0.14757
Epoch [88] Training Class Recall: [0.979,0.986,0.928,0.899,0.895,0.793,0.823,0.813,0.819,0.700]
Epoch [88] Testing Results: Prec@1 60.010 Prec@5 96.590 Loss 1.96113
Epoch [88] Testing Class Recall: [0.932,0.993,0.651,0.856,0.678,0.387,0.455,0.377,0.450,0.222]
Epoch [89] Training Results: Prec@1 95.293 Prec@5 99.984 Loss 0.13321
Epoch [89] Training Class Recall: [0.983,0.986,0.932,0.893,0.904,0.793,0.849,0.856,0.867,0.820]
Epoch [89] Testing Results: Prec@1 67.850 Prec@5 96.150 Loss 1.47259
Epoch [89] Testing Class Recall: [0.920,0.904,0.821,0.592,0.831,0.515,0.728,0.599,0.611,0.264]
Epoch [90] Training Results: Prec@1 94.970 Prec@5 99.952 Loss 0.14329
Epoch [90] Training Class Recall: [0.980,0.987,0.915,0.889,0.909,0.814,0.832,0.871,0.807,0.780]
Epoch [90] Testing Results: Prec@1 57.010 Prec@5 95.150 Loss 2.40814
Epoch [90] Testing Class Recall: [0.905,0.993,0.659,0.666,0.441,0.661,0.587,0.346,0.250,0.193]
Epoch [91] Training Results: Prec@1 94.825 Prec@5 99.952 Loss 0.14808
Epoch [91] Training Class Recall: [0.979,0.987,0.928,0.876,0.896,0.786,0.871,0.849,0.747,0.760]
Epoch [91] Testing Results: Prec@1 67.620 Prec@5 94.820 Loss 1.53306
Epoch [91] Testing Class Recall: [0.943,0.917,0.733,0.613,0.857,0.370,0.757,0.222,0.675,0.675]
Epoch [92] Training Results: Prec@1 94.817 Prec@5 99.984 Loss 0.14499
Epoch [92] Training Class Recall: [0.979,0.986,0.916,0.889,0.902,0.827,0.815,0.849,0.687,0.840]
Epoch [92] Testing Results: Prec@1 63.970 Prec@5 97.050 Loss 1.72474
Epoch [92] Testing Class Recall: [0.972,0.952,0.830,0.632,0.723,0.540,0.525,0.440,0.416,0.367]
Epoch [93] Training Results: Prec@1 95.559 Prec@5 99.944 Loss 0.13009
Epoch [93] Training Class Recall: [0.982,0.987,0.932,0.892,0.927,0.832,0.892,0.849,0.807,0.780]
Epoch [93] Testing Results: Prec@1 60.940 Prec@5 96.140 Loss 1.86718
Epoch [93] Testing Class Recall: [0.956,0.980,0.806,0.538,0.563,0.564,0.539,0.504,0.429,0.215]
Epoch [94] Training Results: Prec@1 95.236 Prec@5 99.944 Loss 0.13730
Epoch [94] Training Class Recall: [0.980,0.986,0.939,0.891,0.896,0.793,0.871,0.863,0.771,0.840]
Epoch [94] Testing Results: Prec@1 58.980 Prec@5 94.610 Loss 1.99335
Epoch [94] Testing Class Recall: [0.851,0.971,0.742,0.769,0.444,0.738,0.685,0.163,0.458,0.077]
Epoch [95] Training Results: Prec@1 95.454 Prec@5 99.984 Loss 0.13019
Epoch [95] Training Class Recall: [0.984,0.985,0.933,0.900,0.893,0.814,0.927,0.820,0.807,0.780]
Epoch [95] Testing Results: Prec@1 62.290 Prec@5 95.360 Loss 1.80636
Epoch [95] Testing Class Recall: [0.905,0.986,0.785,0.740,0.886,0.498,0.639,0.292,0.219,0.279]
Epoch [96] Training Results: Prec@1 95.680 Prec@5 99.968 Loss 0.12486
Epoch [96] Training Class Recall: [0.980,0.990,0.933,0.913,0.912,0.842,0.888,0.849,0.819,0.740]
Epoch [96] Testing Results: Prec@1 67.360 Prec@5 97.190 Loss 1.45983
Epoch [96] Testing Class Recall: [0.968,0.980,0.742,0.611,0.765,0.613,0.751,0.554,0.350,0.402]
Epoch [97] Training Results: Prec@1 95.075 Prec@5 99.960 Loss 0.14405
Epoch [97] Training Class Recall: [0.984,0.988,0.923,0.886,0.893,0.804,0.858,0.856,0.795,0.680]
Epoch [97] Testing Results: Prec@1 63.580 Prec@5 96.600 Loss 1.78404
Epoch [97] Testing Class Recall: [0.946,0.987,0.672,0.798,0.717,0.410,0.504,0.532,0.337,0.455]
Epoch [98] Training Results: Prec@1 95.373 Prec@5 100.000 Loss 0.13165
Epoch [98] Training Class Recall: [0.981,0.987,0.933,0.897,0.898,0.819,0.871,0.849,0.819,0.800]
Epoch [98] Testing Results: Prec@1 64.890 Prec@5 96.830 Loss 1.64131
Epoch [98] Testing Class Recall: [0.939,0.946,0.787,0.814,0.767,0.401,0.594,0.529,0.403,0.309]
Epoch [99] Training Results: Prec@1 94.801 Prec@5 99.960 Loss 0.14640
Epoch [99] Training Class Recall: [0.974,0.988,0.925,0.875,0.913,0.824,0.858,0.842,0.783,0.740]
Epoch [99] Testing Results: Prec@1 61.540 Prec@5 95.850 Loss 1.89942
Epoch [99] Testing Class Recall: [0.926,0.918,0.644,0.689,0.690,0.782,0.332,0.426,0.213,0.534]
Epoch [100] Training Results: Prec@1 95.010 Prec@5 99.960 Loss 0.14683
Epoch [100] Training Class Recall: [0.981,0.985,0.928,0.886,0.899,0.796,0.845,0.878,0.807,0.760]
Epoch [100] Testing Results: Prec@1 65.090 Prec@5 96.050 Loss 1.62097
Epoch [100] Testing Class Recall: [0.963,0.986,0.759,0.659,0.712,0.645,0.755,0.407,0.223,0.400]
Epoch [101] Training Results: Prec@1 96.179 Prec@5 99.960 Loss 0.11547
Epoch [101] Training Class Recall: [0.984,0.990,0.939,0.916,0.932,0.860,0.901,0.871,0.831,0.820]
Epoch [101] Testing Results: Prec@1 62.850 Prec@5 95.520 Loss 1.96362
Epoch [101] Testing Class Recall: [0.942,0.922,0.795,0.760,0.820,0.600,0.550,0.415,0.259,0.222]
Epoch [102] Training Results: Prec@1 95.309 Prec@5 99.976 Loss 0.13105
Epoch [102] Training Class Recall: [0.982,0.988,0.927,0.887,0.919,0.809,0.892,0.842,0.771,0.780]
Epoch [102] Testing Results: Prec@1 57.710 Prec@5 92.240 Loss 2.35846
Epoch [102] Testing Class Recall: [0.865,0.910,0.696,0.916,0.666,0.342,0.406,0.363,0.598,0.009]
Epoch [103] Training Results: Prec@1 95.228 Prec@5 99.927 Loss 0.13221
Epoch [103] Training Class Recall: [0.981,0.988,0.921,0.901,0.916,0.801,0.858,0.820,0.807,0.840]
Epoch [103] Testing Results: Prec@1 63.070 Prec@5 96.590 Loss 1.92516
Epoch [103] Testing Class Recall: [0.965,0.981,0.598,0.859,0.672,0.475,0.557,0.465,0.468,0.267]
Epoch [104] Training Results: Prec@1 95.615 Prec@5 100.000 Loss 0.12816
Epoch [104] Training Class Recall: [0.984,0.988,0.931,0.904,0.905,0.829,0.862,0.914,0.795,0.800]
Epoch [104] Testing Results: Prec@1 61.260 Prec@5 95.280 Loss 2.06674
Epoch [104] Testing Class Recall: [0.890,0.983,0.599,0.683,0.807,0.796,0.657,0.379,0.174,0.158]
Epoch [105] Training Results: Prec@1 95.526 Prec@5 99.976 Loss 0.12594
Epoch [105] Training Class Recall: [0.983,0.983,0.935,0.903,0.916,0.827,0.888,0.813,0.831,0.820]
Epoch [105] Testing Results: Prec@1 64.020 Prec@5 96.560 Loss 1.63001
Epoch [105] Testing Class Recall: [0.869,0.983,0.905,0.667,0.684,0.496,0.733,0.411,0.385,0.269]
Epoch [106] Training Results: Prec@1 95.502 Prec@5 99.968 Loss 0.12779
Epoch [106] Training Class Recall: [0.981,0.987,0.934,0.900,0.915,0.824,0.879,0.856,0.843,0.740]
Epoch [106] Testing Results: Prec@1 56.370 Prec@5 93.230 Loss 2.52248
Epoch [106] Testing Class Recall: [0.903,0.916,0.693,0.551,0.414,0.883,0.677,0.339,0.125,0.136]
Epoch [107] Training Results: Prec@1 95.438 Prec@5 99.984 Loss 0.13047
Epoch [107] Training Class Recall: [0.984,0.984,0.928,0.898,0.913,0.817,0.879,0.914,0.783,0.760]
Epoch [107] Testing Results: Prec@1 65.210 Prec@5 97.090 Loss 1.59774
Epoch [107] Testing Class Recall: [0.958,0.966,0.817,0.655,0.673,0.515,0.628,0.464,0.525,0.320]
Epoch [108] Training Results: Prec@1 95.502 Prec@5 100.000 Loss 0.12481
Epoch [108] Training Class Recall: [0.983,0.986,0.934,0.895,0.922,0.814,0.866,0.856,0.759,0.840]
Epoch [108] Testing Results: Prec@1 63.750 Prec@5 95.280 Loss 1.90585
Epoch [108] Testing Class Recall: [0.902,0.972,0.641,0.598,0.584,0.817,0.834,0.473,0.406,0.148]
Epoch [109] Training Results: Prec@1 95.043 Prec@5 99.936 Loss 0.14078
Epoch [109] Training Class Recall: [0.978,0.986,0.928,0.896,0.902,0.822,0.845,0.784,0.855,0.800]
Epoch [109] Testing Results: Prec@1 62.330 Prec@5 96.160 Loss 1.89477
Epoch [109] Testing Class Recall: [0.923,0.925,0.785,0.850,0.689,0.395,0.348,0.341,0.652,0.325]
Epoch [110] Training Results: Prec@1 95.276 Prec@5 99.984 Loss 0.13086
Epoch [110] Training Class Recall: [0.980,0.988,0.928,0.889,0.907,0.842,0.871,0.849,0.759,0.800]
Epoch [110] Testing Results: Prec@1 60.630 Prec@5 95.730 Loss 2.11893
Epoch [110] Testing Class Recall: [0.969,0.982,0.790,0.566,0.595,0.734,0.578,0.310,0.234,0.305]
Epoch [111] Training Results: Prec@1 95.704 Prec@5 99.992 Loss 0.12525
Epoch [111] Training Class Recall: [0.984,0.986,0.939,0.890,0.922,0.822,0.888,0.871,0.855,0.820]
Epoch [111] Testing Results: Prec@1 68.240 Prec@5 96.400 Loss 1.42244
Epoch [111] Testing Class Recall: [0.907,0.974,0.804,0.804,0.586,0.616,0.703,0.676,0.538,0.216]
Epoch [112] Training Results: Prec@1 95.728 Prec@5 99.984 Loss 0.12166
Epoch [112] Training Class Recall: [0.982,0.989,0.940,0.894,0.926,0.842,0.884,0.813,0.831,0.800]
Epoch [112] Testing Results: Prec@1 59.230 Prec@5 95.880 Loss 2.20446
Epoch [112] Testing Class Recall: [0.860,0.967,0.717,0.925,0.697,0.238,0.302,0.318,0.691,0.208]
Epoch [113] Training Results: Prec@1 95.510 Prec@5 99.976 Loss 0.12500
Epoch [113] Training Class Recall: [0.981,0.986,0.935,0.893,0.910,0.835,0.879,0.885,0.795,0.840]
Epoch [113] Testing Results: Prec@1 61.640 Prec@5 96.170 Loss 1.85954
Epoch [113] Testing Class Recall: [0.861,0.960,0.919,0.568,0.465,0.569,0.656,0.467,0.346,0.353]
Epoch [114] Training Results: Prec@1 95.309 Prec@5 99.992 Loss 0.13220
Epoch [114] Training Class Recall: [0.980,0.988,0.932,0.890,0.904,0.832,0.875,0.791,0.831,0.860]
Epoch [114] Testing Results: Prec@1 64.480 Prec@5 95.670 Loss 1.68157
Epoch [114] Testing Class Recall: [0.954,0.968,0.767,0.686,0.828,0.511,0.712,0.260,0.547,0.215]
Epoch [115] Training Results: Prec@1 95.776 Prec@5 100.000 Loss 0.12029
Epoch [115] Training Class Recall: [0.984,0.989,0.938,0.893,0.922,0.850,0.884,0.856,0.831,0.740]
Epoch [115] Testing Results: Prec@1 64.040 Prec@5 96.770 Loss 1.69102
Epoch [115] Testing Class Recall: [0.959,0.943,0.785,0.732,0.842,0.505,0.630,0.367,0.229,0.412]
Epoch [116] Training Results: Prec@1 96.486 Prec@5 99.984 Loss 0.10573
Epoch [116] Training Class Recall: [0.983,0.989,0.942,0.932,0.949,0.889,0.905,0.863,0.843,0.800]
Epoch [116] Testing Results: Prec@1 63.150 Prec@5 97.210 Loss 1.77951
Epoch [116] Testing Class Recall: [0.947,0.978,0.854,0.744,0.586,0.551,0.422,0.557,0.404,0.272]
Epoch [117] Training Results: Prec@1 96.050 Prec@5 99.984 Loss 0.11199
Epoch [117] Training Class Recall: [0.983,0.988,0.943,0.906,0.930,0.848,0.918,0.885,0.759,0.880]
Epoch [117] Testing Results: Prec@1 64.730 Prec@5 96.130 Loss 1.76526
Epoch [117] Testing Class Recall: [0.950,0.987,0.643,0.659,0.518,0.714,0.884,0.360,0.422,0.336]
Epoch [118] Training Results: Prec@1 95.349 Prec@5 99.984 Loss 0.13304
Epoch [118] Training Class Recall: [0.982,0.987,0.925,0.902,0.904,0.822,0.875,0.863,0.771,0.840]
Epoch [118] Testing Results: Prec@1 59.220 Prec@5 96.110 Loss 2.27078
Epoch [118] Testing Class Recall: [0.969,0.938,0.865,0.435,0.841,0.221,0.333,0.632,0.349,0.339]
Epoch [119] Training Results: Prec@1 95.397 Prec@5 99.968 Loss 0.12832
Epoch [119] Training Class Recall: [0.979,0.988,0.927,0.912,0.910,0.819,0.884,0.813,0.831,0.800]
Epoch [119] Testing Results: Prec@1 60.790 Prec@5 96.390 Loss 2.05620
Epoch [119] Testing Class Recall: [0.926,0.977,0.898,0.509,0.717,0.382,0.687,0.579,0.093,0.311]
Epoch [120] Training Results: Prec@1 95.341 Prec@5 99.976 Loss 0.13406
Epoch [120] Training Class Recall: [0.978,0.985,0.928,0.903,0.933,0.853,0.828,0.863,0.795,0.760]
Epoch [120] Testing Results: Prec@1 63.780 Prec@5 96.110 Loss 1.95821
Epoch [120] Testing Class Recall: [0.926,0.910,0.835,0.694,0.791,0.606,0.351,0.543,0.535,0.187]
Epoch [121] Training Results: Prec@1 95.962 Prec@5 100.000 Loss 0.11613
Epoch [121] Training Class Recall: [0.984,0.988,0.943,0.916,0.919,0.845,0.866,0.856,0.771,0.780]
Epoch [121] Testing Results: Prec@1 67.320 Prec@5 97.160 Loss 1.63597
Epoch [121] Testing Class Recall: [0.985,0.952,0.660,0.614,0.750,0.678,0.566,0.638,0.350,0.539]
Epoch [122] Training Results: Prec@1 95.768 Prec@5 99.992 Loss 0.12190
Epoch [122] Training Class Recall: [0.983,0.988,0.937,0.905,0.904,0.860,0.914,0.835,0.807,0.780]
Epoch [122] Testing Results: Prec@1 63.360 Prec@5 96.400 Loss 1.75361
Epoch [122] Testing Class Recall: [0.873,0.948,0.825,0.706,0.499,0.764,0.210,0.531,0.452,0.528]
Epoch [123] Training Results: Prec@1 95.591 Prec@5 99.984 Loss 0.12559
Epoch [123] Training Class Recall: [0.981,0.988,0.928,0.908,0.921,0.853,0.858,0.892,0.735,0.800]
Epoch [123] Testing Results: Prec@1 61.170 Prec@5 97.030 Loss 2.03626
Epoch [123] Testing Class Recall: [0.929,0.987,0.722,0.836,0.649,0.271,0.497,0.586,0.443,0.197]
Epoch [124] Training Results: Prec@1 95.671 Prec@5 99.976 Loss 0.12722
Epoch [124] Training Class Recall: [0.981,0.989,0.933,0.908,0.927,0.824,0.862,0.863,0.819,0.780]
Epoch [124] Testing Results: Prec@1 65.850 Prec@5 97.130 Loss 1.80297
Epoch [124] Testing Class Recall: [0.916,0.989,0.738,0.849,0.673,0.426,0.766,0.597,0.400,0.231]
Epoch [125] Training Results: Prec@1 95.921 Prec@5 99.992 Loss 0.11437
Epoch [125] Training Class Recall: [0.985,0.990,0.937,0.909,0.912,0.840,0.892,0.835,0.819,0.880]
Epoch [125] Testing Results: Prec@1 63.120 Prec@5 96.860 Loss 1.73801
Epoch [125] Testing Class Recall: [0.964,0.946,0.795,0.709,0.700,0.463,0.540,0.446,0.395,0.354]
Epoch [126] Training Results: Prec@1 95.849 Prec@5 99.944 Loss 0.12023
Epoch [126] Training Class Recall: [0.983,0.990,0.929,0.906,0.927,0.860,0.875,0.885,0.807,0.820]
Epoch [126] Testing Results: Prec@1 64.290 Prec@5 97.250 Loss 1.64956
Epoch [126] Testing Class Recall: [0.921,0.886,0.616,0.892,0.709,0.402,0.535,0.512,0.511,0.445]
Epoch [127] Training Results: Prec@1 95.430 Prec@5 99.936 Loss 0.13041
Epoch [127] Training Class Recall: [0.980,0.987,0.933,0.908,0.901,0.829,0.862,0.827,0.807,0.840]
Epoch [127] Testing Results: Prec@1 68.820 Prec@5 96.760 Loss 1.41136
Epoch [127] Testing Class Recall: [0.894,0.966,0.805,0.655,0.727,0.715,0.427,0.773,0.327,0.593]
Epoch [128] Training Results: Prec@1 96.091 Prec@5 99.992 Loss 0.11556
Epoch [128] Training Class Recall: [0.985,0.990,0.950,0.905,0.913,0.837,0.879,0.863,0.831,0.840]
Epoch [128] Testing Results: Prec@1 64.420 Prec@5 96.920 Loss 1.75733
Epoch [128] Testing Class Recall: [0.966,0.922,0.718,0.793,0.745,0.349,0.604,0.437,0.514,0.394]
Epoch [129] Training Results: Prec@1 95.841 Prec@5 99.976 Loss 0.11795
Epoch [129] Training Class Recall: [0.984,0.987,0.932,0.906,0.927,0.863,0.871,0.835,0.843,0.860]
Epoch [129] Testing Results: Prec@1 56.970 Prec@5 96.380 Loss 2.31201
Epoch [129] Testing Class Recall: [0.883,0.964,0.952,0.567,0.611,0.342,0.534,0.384,0.268,0.192]
Epoch [130] Training Results: Prec@1 96.478 Prec@5 99.968 Loss 0.10530
Epoch [130] Training Class Recall: [0.987,0.990,0.947,0.916,0.930,0.855,0.905,0.899,0.843,0.880]
Epoch [130] Testing Results: Prec@1 68.190 Prec@5 97.180 Loss 1.39585
Epoch [130] Testing Class Recall: [0.856,0.958,0.815,0.789,0.702,0.624,0.486,0.589,0.663,0.337]
Epoch [131] Training Results: Prec@1 96.268 Prec@5 99.976 Loss 0.11135
Epoch [131] Training Class Recall: [0.985,0.989,0.947,0.916,0.918,0.863,0.884,0.878,0.843,0.880]
Epoch [131] Testing Results: Prec@1 68.660 Prec@5 96.470 Loss 1.43313
Epoch [131] Testing Class Recall: [0.886,0.938,0.808,0.672,0.632,0.684,0.766,0.309,0.449,0.722]
Epoch [132] Training Results: Prec@1 95.680 Prec@5 99.976 Loss 0.12374
Epoch [132] Training Class Recall: [0.982,0.987,0.934,0.905,0.927,0.829,0.909,0.835,0.771,0.840]
Epoch [132] Testing Results: Prec@1 69.150 Prec@5 96.650 Loss 1.34008
Epoch [132] Testing Class Recall: [0.915,0.909,0.693,0.729,0.805,0.604,0.826,0.393,0.674,0.367]
Epoch [133] Training Results: Prec@1 95.792 Prec@5 99.984 Loss 0.11776
Epoch [133] Training Class Recall: [0.984,0.989,0.930,0.902,0.935,0.832,0.858,0.885,0.843,0.880]
Epoch [133] Testing Results: Prec@1 57.830 Prec@5 96.200 Loss 2.31599
Epoch [133] Testing Class Recall: [0.967,0.988,0.822,0.662,0.561,0.423,0.630,0.437,0.103,0.190]
Epoch [134] Training Results: Prec@1 96.558 Prec@5 99.976 Loss 0.10331
Epoch [134] Training Class Recall: [0.986,0.993,0.942,0.933,0.933,0.853,0.922,0.863,0.807,0.840]
Epoch [134] Testing Results: Prec@1 66.210 Prec@5 96.200 Loss 1.69652
Epoch [134] Testing Class Recall: [0.954,0.975,0.774,0.717,0.824,0.665,0.631,0.372,0.196,0.513]
Epoch [135] Training Results: Prec@1 96.203 Prec@5 99.992 Loss 0.10933
Epoch [135] Training Class Recall: [0.982,0.987,0.952,0.903,0.927,0.894,0.888,0.906,0.831,0.840]
Epoch [135] Testing Results: Prec@1 62.740 Prec@5 96.290 Loss 1.90180
Epoch [135] Testing Class Recall: [0.961,0.926,0.605,0.842,0.698,0.485,0.684,0.325,0.435,0.313]
Epoch [136] Training Results: Prec@1 95.776 Prec@5 99.992 Loss 0.12179
Epoch [136] Training Class Recall: [0.982,0.988,0.941,0.908,0.921,0.837,0.849,0.827,0.819,0.920]
Epoch [136] Testing Results: Prec@1 60.860 Prec@5 96.530 Loss 2.01304
Epoch [136] Testing Class Recall: [0.956,0.988,0.741,0.548,0.511,0.756,0.531,0.559,0.383,0.113]
Epoch [137] Training Results: Prec@1 95.744 Prec@5 99.976 Loss 0.12039
Epoch [137] Training Class Recall: [0.982,0.985,0.943,0.908,0.924,0.837,0.853,0.892,0.807,0.680]
Epoch [137] Testing Results: Prec@1 66.890 Prec@5 96.820 Loss 1.54573
Epoch [137] Testing Class Recall: [0.936,0.971,0.841,0.611,0.762,0.524,0.430,0.511,0.507,0.596]
Epoch [138] Training Results: Prec@1 95.929 Prec@5 99.976 Loss 0.11141
Epoch [138] Training Class Recall: [0.981,0.984,0.947,0.915,0.915,0.876,0.875,0.863,0.819,0.820]
Epoch [138] Testing Results: Prec@1 59.260 Prec@5 94.690 Loss 2.05323
Epoch [138] Testing Class Recall: [0.897,0.988,0.422,0.599,0.564,0.613,0.226,0.840,0.484,0.293]
Epoch [139] Training Results: Prec@1 95.913 Prec@5 99.984 Loss 0.11640
Epoch [139] Training Class Recall: [0.983,0.988,0.937,0.918,0.905,0.853,0.905,0.842,0.831,0.840]
Epoch [139] Testing Results: Prec@1 60.190 Prec@5 94.630 Loss 2.25531
Epoch [139] Testing Class Recall: [0.830,0.979,0.755,0.645,0.746,0.790,0.554,0.343,0.301,0.076]
Epoch [140] Training Results: Prec@1 95.921 Prec@5 99.984 Loss 0.11506
Epoch [140] Training Class Recall: [0.984,0.986,0.943,0.907,0.930,0.824,0.892,0.849,0.843,0.760]
Epoch [140] Testing Results: Prec@1 66.350 Prec@5 96.600 Loss 1.51627
Epoch [140] Testing Class Recall: [0.950,0.978,0.834,0.603,0.745,0.517,0.722,0.515,0.362,0.409]
Epoch [141] Training Results: Prec@1 96.268 Prec@5 100.000 Loss 0.10497
Epoch [141] Training Class Recall: [0.985,0.990,0.940,0.919,0.927,0.879,0.853,0.892,0.831,0.860]
Epoch [141] Testing Results: Prec@1 69.340 Prec@5 97.750 Loss 1.37800
Epoch [141] Testing Class Recall: [0.929,0.981,0.743,0.794,0.733,0.547,0.624,0.512,0.644,0.427]
Epoch [142] Training Results: Prec@1 96.236 Prec@5 99.992 Loss 0.10773
Epoch [142] Training Class Recall: [0.984,0.988,0.943,0.922,0.940,0.835,0.866,0.935,0.831,0.860]
Epoch [142] Testing Results: Prec@1 64.750 Prec@5 95.240 Loss 2.07865
Epoch [142] Testing Class Recall: [0.886,0.986,0.747,0.715,0.795,0.505,0.669,0.662,0.468,0.042]
Epoch [143] Training Results: Prec@1 96.050 Prec@5 99.976 Loss 0.11643
Epoch [143] Training Class Recall: [0.981,0.986,0.943,0.902,0.944,0.871,0.897,0.892,0.819,0.860]
Epoch [143] Testing Results: Prec@1 62.320 Prec@5 95.640 Loss 2.18763
Epoch [143] Testing Class Recall: [0.959,0.961,0.774,0.833,0.724,0.542,0.632,0.401,0.122,0.284]
Epoch [144] Training Results: Prec@1 96.429 Prec@5 99.984 Loss 0.10383
Epoch [144] Training Class Recall: [0.985,0.990,0.946,0.918,0.929,0.858,0.909,0.892,0.880,0.880]
Epoch [144] Testing Results: Prec@1 59.390 Prec@5 93.410 Loss 2.31540
Epoch [144] Testing Class Recall: [0.818,0.935,0.866,0.585,0.646,0.811,0.588,0.335,0.116,0.239]
Epoch [145] Training Results: Prec@1 96.445 Prec@5 99.992 Loss 0.10043
Epoch [145] Training Class Recall: [0.984,0.988,0.947,0.922,0.933,0.848,0.935,0.892,0.892,0.880]
Epoch [145] Testing Results: Prec@1 60.300 Prec@5 94.070 Loss 2.13439
Epoch [145] Testing Class Recall: [0.964,0.958,0.832,0.588,0.560,0.627,0.708,0.349,0.268,0.176]
Epoch [146] Training Results: Prec@1 95.857 Prec@5 99.976 Loss 0.11617
Epoch [146] Training Class Recall: [0.982,0.988,0.936,0.911,0.919,0.835,0.888,0.892,0.807,0.920]
Epoch [146] Testing Results: Prec@1 65.530 Prec@5 96.670 Loss 1.61666
Epoch [146] Testing Class Recall: [0.930,0.968,0.744,0.748,0.768,0.700,0.689,0.516,0.181,0.309]
Epoch [147] Training Results: Prec@1 96.212 Prec@5 99.984 Loss 0.11144
Epoch [147] Training Class Recall: [0.984,0.989,0.942,0.916,0.938,0.860,0.884,0.899,0.831,0.800]
Epoch [147] Testing Results: Prec@1 59.980 Prec@5 95.450 Loss 2.21418
Epoch [147] Testing Class Recall: [0.924,0.992,0.728,0.657,0.804,0.448,0.623,0.326,0.447,0.049]
Epoch [148] Training Results: Prec@1 95.631 Prec@5 99.984 Loss 0.12564
Epoch [148] Training Class Recall: [0.979,0.987,0.932,0.909,0.924,0.845,0.918,0.863,0.867,0.680]
Epoch [148] Testing Results: Prec@1 64.120 Prec@5 96.740 Loss 1.76630
Epoch [148] Testing Class Recall: [0.928,0.944,0.683,0.659,0.715,0.756,0.653,0.399,0.262,0.413]
Epoch [149] Training Results: Prec@1 96.365 Prec@5 99.976 Loss 0.10507
Epoch [149] Training Class Recall: [0.984,0.989,0.948,0.918,0.932,0.858,0.914,0.878,0.819,0.900]
Epoch [149] Testing Results: Prec@1 63.980 Prec@5 96.380 Loss 1.80146
Epoch [149] Testing Class Recall: [0.963,0.976,0.772,0.701,0.645,0.665,0.426,0.690,0.312,0.248]
Epoch [150] Training Results: Prec@1 96.639 Prec@5 99.992 Loss 0.09764
Epoch [150] Training Class Recall: [0.988,0.994,0.945,0.913,0.936,0.881,0.892,0.892,0.880,0.860]
Epoch [150] Testing Results: Prec@1 61.690 Prec@5 96.230 Loss 2.01563
Epoch [150] Testing Class Recall: [0.903,0.952,0.911,0.564,0.589,0.608,0.521,0.558,0.188,0.375]
Epoch [151] Training Results: Prec@1 96.486 Prec@5 99.960 Loss 0.10112
Epoch [151] Training Class Recall: [0.986,0.989,0.947,0.913,0.946,0.860,0.914,0.871,0.880,0.840]
Epoch [151] Testing Results: Prec@1 63.230 Prec@5 95.460 Loss 1.80267
Epoch [151] Testing Class Recall: [0.852,0.985,0.881,0.734,0.796,0.303,0.709,0.324,0.425,0.314]
Epoch [152] Training Results: Prec@1 96.244 Prec@5 99.992 Loss 0.10695
Epoch [152] Training Class Recall: [0.985,0.984,0.943,0.929,0.922,0.860,0.892,0.892,0.831,0.880]
Epoch [152] Testing Results: Prec@1 65.020 Prec@5 96.580 Loss 1.65603
Epoch [152] Testing Class Recall: [0.878,0.987,0.903,0.688,0.723,0.658,0.614,0.346,0.307,0.398]
Epoch [153] Training Results: Prec@1 95.962 Prec@5 99.992 Loss 0.11041
Epoch [153] Training Class Recall: [0.983,0.989,0.939,0.903,0.929,0.853,0.897,0.935,0.831,0.620]
Epoch [153] Testing Results: Prec@1 60.830 Prec@5 95.910 Loss 2.00219
Epoch [153] Testing Class Recall: [0.968,0.944,0.730,0.758,0.692,0.253,0.736,0.406,0.270,0.326]
Epoch [154] Training Results: Prec@1 96.381 Prec@5 99.984 Loss 0.10611
Epoch [154] Training Class Recall: [0.985,0.991,0.938,0.920,0.921,0.904,0.922,0.849,0.892,0.780]
Epoch [154] Testing Results: Prec@1 65.470 Prec@5 96.470 Loss 1.48972
Epoch [154] Testing Class Recall: [0.906,0.959,0.877,0.693,0.778,0.481,0.534,0.600,0.463,0.256]
Epoch [155] Training Results: Prec@1 95.776 Prec@5 99.984 Loss 0.12749
Epoch [155] Training Class Recall: [0.983,0.988,0.928,0.905,0.926,0.853,0.909,0.878,0.783,0.840]
Epoch [155] Testing Results: Prec@1 57.800 Prec@5 95.730 Loss 2.35363
Epoch [155] Testing Class Recall: [0.936,0.990,0.609,0.862,0.702,0.460,0.304,0.406,0.413,0.098]
Epoch [156] Training Results: Prec@1 96.187 Prec@5 100.000 Loss 0.10601
Epoch [156] Training Class Recall: [0.985,0.987,0.943,0.920,0.929,0.850,0.853,0.906,0.819,0.840]
Epoch [156] Testing Results: Prec@1 65.850 Prec@5 96.600 Loss 1.66600
Epoch [156] Testing Class Recall: [0.939,0.955,0.762,0.610,0.608,0.684,0.806,0.542,0.280,0.399]
Epoch [157] Training Results: Prec@1 96.034 Prec@5 99.960 Loss 0.11554
Epoch [157] Training Class Recall: [0.984,0.987,0.945,0.912,0.924,0.835,0.901,0.842,0.807,0.820]
Epoch [157] Testing Results: Prec@1 57.580 Prec@5 95.690 Loss 2.30982
Epoch [157] Testing Class Recall: [0.887,0.993,0.930,0.467,0.565,0.526,0.524,0.308,0.363,0.195]
Epoch [158] Training Results: Prec@1 95.857 Prec@5 99.968 Loss 0.12190
Epoch [158] Training Class Recall: [0.983,0.985,0.942,0.915,0.913,0.848,0.897,0.885,0.771,0.780]
Epoch [158] Testing Results: Prec@1 63.350 Prec@5 96.180 Loss 1.73278
Epoch [158] Testing Class Recall: [0.960,0.946,0.831,0.737,0.702,0.694,0.394,0.379,0.311,0.381]
Epoch [159] Training Results: Prec@1 96.478 Prec@5 99.984 Loss 0.10165
Epoch [159] Training Class Recall: [0.981,0.993,0.955,0.920,0.940,0.894,0.892,0.863,0.711,0.860]
Epoch [159] Testing Results: Prec@1 57.550 Prec@5 95.300 Loss 2.35951
Epoch [159] Testing Class Recall: [0.950,0.927,0.615,0.738,0.486,0.806,0.183,0.485,0.330,0.235]
Epoch [160] Training Results: Prec@1 96.461 Prec@5 99.968 Loss 0.03917
Epoch [160] Training Class Recall: [0.991,0.986,0.933,0.926,0.921,0.922,0.815,0.928,0.855,0.900]
Epoch [160] Testing Results: Prec@1 67.190 Prec@5 97.330 Loss 2.88690
Epoch [160] Testing Class Recall: [0.965,0.958,0.791,0.725,0.727,0.658,0.532,0.609,0.409,0.345]
Epoch [161] Training Results: Prec@1 96.856 Prec@5 99.992 Loss 0.02931
Epoch [161] Training Class Recall: [0.988,0.988,0.948,0.919,0.949,0.930,0.845,0.950,0.916,0.920]
Epoch [161] Testing Results: Prec@1 69.490 Prec@5 97.600 Loss 2.53288
Epoch [161] Testing Class Recall: [0.952,0.965,0.802,0.725,0.742,0.651,0.626,0.614,0.470,0.402]
Epoch [162] Training Results: Prec@1 97.372 Prec@5 99.984 Loss 0.02493
Epoch [162] Training Class Recall: [0.990,0.991,0.949,0.942,0.952,0.933,0.905,0.921,0.964,0.980]
Epoch [162] Testing Results: Prec@1 70.860 Prec@5 97.670 Loss 2.37848
Epoch [162] Testing Class Recall: [0.951,0.964,0.813,0.724,0.754,0.657,0.658,0.659,0.478,0.428]
Epoch [163] Training Results: Prec@1 97.380 Prec@5 99.984 Loss 0.02227
Epoch [163] Training Class Recall: [0.990,0.985,0.955,0.937,0.957,0.920,0.948,0.978,0.940,0.960]
Epoch [163] Testing Results: Prec@1 71.770 Prec@5 97.770 Loss 2.24176
Epoch [163] Testing Class Recall: [0.946,0.965,0.813,0.727,0.758,0.655,0.678,0.641,0.527,0.467]
Epoch [164] Training Results: Prec@1 97.574 Prec@5 100.000 Loss 0.01876
Epoch [164] Training Class Recall: [0.990,0.985,0.957,0.938,0.972,0.946,0.957,0.971,0.952,0.980]
Epoch [164] Testing Results: Prec@1 72.350 Prec@5 97.780 Loss 2.21059
Epoch [164] Testing Class Recall: [0.945,0.967,0.812,0.719,0.778,0.665,0.703,0.660,0.525,0.461]
Epoch [165] Training Results: Prec@1 97.646 Prec@5 99.992 Loss 0.01788
Epoch [165] Training Class Recall: [0.989,0.990,0.958,0.937,0.955,0.961,0.953,0.950,0.976,0.980]
Epoch [165] Testing Results: Prec@1 72.770 Prec@5 97.840 Loss 2.12226
Epoch [165] Testing Class Recall: [0.946,0.970,0.823,0.721,0.757,0.653,0.711,0.657,0.531,0.508]
Epoch [166] Training Results: Prec@1 97.646 Prec@5 99.992 Loss 0.01733
Epoch [166] Training Class Recall: [0.989,0.990,0.958,0.941,0.963,0.935,0.961,0.957,0.976,0.980]
Epoch [166] Testing Results: Prec@1 73.800 Prec@5 97.940 Loss 1.97434
Epoch [166] Testing Class Recall: [0.942,0.965,0.809,0.723,0.777,0.680,0.711,0.657,0.576,0.540]
Epoch [167] Training Results: Prec@1 97.816 Prec@5 99.984 Loss 0.01686
Epoch [167] Training Class Recall: [0.987,0.992,0.960,0.948,0.972,0.946,0.966,0.964,0.964,1.000]
Epoch [167] Testing Results: Prec@1 73.270 Prec@5 97.830 Loss 2.03851
Epoch [167] Testing Class Recall: [0.939,0.970,0.829,0.725,0.756,0.667,0.715,0.651,0.552,0.523]
Epoch [168] Training Results: Prec@1 97.977 Prec@5 99.984 Loss 0.01407
Epoch [168] Training Class Recall: [0.988,0.991,0.969,0.939,0.984,0.964,0.957,0.964,0.976,1.000]
Epoch [168] Testing Results: Prec@1 73.250 Prec@5 97.790 Loss 2.04750
Epoch [168] Testing Class Recall: [0.942,0.965,0.813,0.727,0.775,0.680,0.715,0.637,0.551,0.520]
Epoch [169] Training Results: Prec@1 98.057 Prec@5 99.992 Loss 0.01290
Epoch [169] Training Class Recall: [0.990,0.990,0.958,0.961,0.971,0.966,0.970,0.986,0.988,1.000]
Epoch [169] Testing Results: Prec@1 73.680 Prec@5 97.970 Loss 2.04074
Epoch [169] Testing Class Recall: [0.942,0.970,0.825,0.706,0.767,0.698,0.718,0.663,0.565,0.514]
Epoch [170] Training Results: Prec@1 98.017 Prec@5 100.000 Loss 0.01402
Epoch [170] Training Class Recall: [0.990,0.992,0.959,0.960,0.966,0.953,0.978,0.964,0.964,1.000]
Epoch [170] Testing Results: Prec@1 73.900 Prec@5 97.950 Loss 1.97563
Epoch [170] Testing Class Recall: [0.941,0.965,0.818,0.729,0.771,0.687,0.731,0.655,0.569,0.524]
Epoch [171] Training Results: Prec@1 98.082 Prec@5 100.000 Loss 0.01233
Epoch [171] Training Class Recall: [0.989,0.992,0.965,0.950,0.975,0.964,0.996,0.957,0.976,0.980]
Epoch [171] Testing Results: Prec@1 74.100 Prec@5 98.000 Loss 1.96087
Epoch [171] Testing Class Recall: [0.939,0.969,0.827,0.723,0.769,0.680,0.745,0.656,0.572,0.530]
Epoch [172] Training Results: Prec@1 98.114 Prec@5 99.984 Loss 0.01113
Epoch [172] Training Class Recall: [0.988,0.990,0.965,0.955,0.981,0.956,0.987,0.986,1.000,1.000]
Epoch [172] Testing Results: Prec@1 74.300 Prec@5 97.980 Loss 1.89768
Epoch [172] Testing Class Recall: [0.938,0.968,0.839,0.723,0.772,0.663,0.749,0.652,0.585,0.541]
Epoch [173] Training Results: Prec@1 98.211 Prec@5 100.000 Loss 0.01174
Epoch [173] Training Class Recall: [0.990,0.990,0.970,0.950,0.974,0.974,0.983,0.986,1.000,0.980]
Epoch [173] Testing Results: Prec@1 74.600 Prec@5 98.000 Loss 1.87069
Epoch [173] Testing Class Recall: [0.941,0.964,0.819,0.733,0.785,0.689,0.739,0.655,0.595,0.540]
Epoch [174] Training Results: Prec@1 98.251 Prec@5 99.992 Loss 0.01141
Epoch [174] Training Class Recall: [0.988,0.992,0.967,0.963,0.977,0.966,0.996,0.971,0.976,1.000]
Epoch [174] Testing Results: Prec@1 74.000 Prec@5 98.030 Loss 1.97709
Epoch [174] Testing Class Recall: [0.945,0.967,0.833,0.720,0.767,0.673,0.725,0.672,0.580,0.518]
Epoch [175] Training Results: Prec@1 98.219 Prec@5 100.000 Loss 0.01096
Epoch [175] Training Class Recall: [0.989,0.992,0.969,0.950,0.980,0.966,0.983,0.993,0.988,1.000]
Epoch [175] Testing Results: Prec@1 74.390 Prec@5 98.040 Loss 1.91372
Epoch [175] Testing Class Recall: [0.943,0.967,0.830,0.732,0.759,0.653,0.748,0.682,0.607,0.518]
Epoch [176] Training Results: Prec@1 98.251 Prec@5 100.000 Loss 0.01031
Epoch [176] Training Class Recall: [0.987,0.992,0.971,0.956,0.983,0.977,0.983,0.986,0.988,1.000]
Epoch [176] Testing Results: Prec@1 74.830 Prec@5 98.080 Loss 1.88373
Epoch [176] Testing Class Recall: [0.935,0.970,0.832,0.719,0.782,0.688,0.737,0.668,0.620,0.532]
Epoch [177] Training Results: Prec@1 98.396 Prec@5 99.992 Loss 0.00986
Epoch [177] Training Class Recall: [0.989,0.992,0.972,0.963,0.972,0.982,0.987,0.986,1.000,1.000]
Epoch [177] Testing Results: Prec@1 74.740 Prec@5 98.040 Loss 1.85804
Epoch [177] Testing Class Recall: [0.939,0.967,0.823,0.739,0.771,0.694,0.733,0.665,0.596,0.547]
Epoch [178] Training Results: Prec@1 98.549 Prec@5 100.000 Loss 0.00995
Epoch [178] Training Class Recall: [0.990,0.993,0.978,0.965,0.977,0.966,0.996,0.993,0.988,1.000]
Epoch [178] Testing Results: Prec@1 75.040 Prec@5 98.060 Loss 1.84206
Epoch [178] Testing Class Recall: [0.937,0.971,0.833,0.723,0.783,0.683,0.743,0.683,0.603,0.545]
Epoch [179] Training Results: Prec@1 98.372 Prec@5 99.992 Loss 0.00991
Epoch [179] Training Class Recall: [0.988,0.992,0.971,0.964,0.980,0.974,0.991,1.000,1.000,1.000]
Epoch [179] Testing Results: Prec@1 74.770 Prec@5 97.960 Loss 1.87158
Epoch [179] Testing Class Recall: [0.941,0.966,0.828,0.734,0.775,0.685,0.744,0.677,0.583,0.544]
Epoch [180] Training Results: Prec@1 98.493 Prec@5 100.000 Loss 0.00895
Epoch [180] Training Class Recall: [0.988,0.992,0.974,0.968,0.980,0.977,0.996,0.993,1.000,1.000]
Epoch [180] Testing Results: Prec@1 74.590 Prec@5 97.960 Loss 1.91842
Epoch [180] Testing Class Recall: [0.928,0.973,0.830,0.740,0.779,0.689,0.750,0.647,0.605,0.518]
Epoch [181] Training Results: Prec@1 98.211 Prec@5 100.000 Loss 0.01044
Epoch [181] Training Class Recall: [0.988,0.991,0.972,0.955,0.975,0.972,0.987,0.986,0.988,1.000]
Epoch [181] Testing Results: Prec@1 74.750 Prec@5 98.040 Loss 1.86310
Epoch [181] Testing Class Recall: [0.945,0.963,0.827,0.722,0.790,0.679,0.745,0.662,0.598,0.544]
Epoch [182] Training Results: Prec@1 98.364 Prec@5 100.000 Loss 0.00950
Epoch [182] Training Class Recall: [0.987,0.991,0.973,0.960,0.986,0.982,0.978,0.993,1.000,1.000]
Epoch [182] Testing Results: Prec@1 74.760 Prec@5 98.010 Loss 1.85198
Epoch [182] Testing Class Recall: [0.930,0.968,0.830,0.746,0.773,0.683,0.736,0.666,0.607,0.537]
Epoch [183] Training Results: Prec@1 98.315 Prec@5 99.992 Loss 0.00950
Epoch [183] Training Class Recall: [0.987,0.991,0.972,0.968,0.972,0.969,0.996,0.986,1.000,1.000]
Epoch [183] Testing Results: Prec@1 74.880 Prec@5 97.990 Loss 1.85691
Epoch [183] Testing Class Recall: [0.938,0.967,0.841,0.729,0.794,0.672,0.743,0.655,0.606,0.543]
Epoch [184] Training Results: Prec@1 98.259 Prec@5 100.000 Loss 0.00966
Epoch [184] Training Class Recall: [0.987,0.991,0.969,0.958,0.984,0.966,0.987,0.993,1.000,1.000]
Epoch [184] Testing Results: Prec@1 74.650 Prec@5 97.980 Loss 1.86873
Epoch [184] Testing Class Recall: [0.941,0.970,0.825,0.750,0.766,0.676,0.748,0.654,0.596,0.539]
Epoch [185] Training Results: Prec@1 98.460 Prec@5 100.000 Loss 0.00951
Epoch [185] Training Class Recall: [0.989,0.994,0.972,0.960,0.983,0.969,1.000,0.986,1.000,1.000]
Epoch [185] Testing Results: Prec@1 74.840 Prec@5 98.010 Loss 1.84494
Epoch [185] Testing Class Recall: [0.939,0.971,0.836,0.728,0.770,0.685,0.749,0.652,0.602,0.552]
Epoch [186] Training Results: Prec@1 98.251 Prec@5 100.000 Loss 0.00972
Epoch [186] Training Class Recall: [0.985,0.990,0.974,0.968,0.977,0.977,0.978,0.993,0.988,1.000]
Epoch [186] Testing Results: Prec@1 74.680 Prec@5 98.040 Loss 1.89008
Epoch [186] Testing Class Recall: [0.945,0.966,0.837,0.722,0.778,0.685,0.735,0.672,0.580,0.548]
Epoch [187] Training Results: Prec@1 98.477 Prec@5 99.984 Loss 0.01080
Epoch [187] Training Class Recall: [0.989,0.992,0.980,0.964,0.981,0.964,0.996,0.993,0.964,0.980]
Epoch [187] Testing Results: Prec@1 74.360 Prec@5 97.970 Loss 1.96714
Epoch [187] Testing Class Recall: [0.944,0.971,0.832,0.750,0.767,0.678,0.743,0.635,0.595,0.521]
Epoch [188] Training Results: Prec@1 98.307 Prec@5 99.992 Loss 0.01009
Epoch [188] Training Class Recall: [0.988,0.991,0.970,0.961,0.991,0.959,0.987,0.993,0.988,1.000]
Epoch [188] Testing Results: Prec@1 74.450 Prec@5 98.010 Loss 1.91093
Epoch [188] Testing Class Recall: [0.944,0.964,0.824,0.749,0.782,0.668,0.738,0.642,0.594,0.540]
Epoch [189] Training Results: Prec@1 98.412 Prec@5 100.000 Loss 0.00990
Epoch [189] Training Class Recall: [0.989,0.994,0.972,0.955,0.981,0.969,0.991,0.986,1.000,1.000]
Epoch [189] Testing Results: Prec@1 74.780 Prec@5 98.010 Loss 1.88296
Epoch [189] Testing Class Recall: [0.935,0.970,0.836,0.736,0.776,0.694,0.743,0.663,0.587,0.538]
Epoch [190] Training Results: Prec@1 98.412 Prec@5 99.984 Loss 0.01038
Epoch [190] Training Class Recall: [0.990,0.992,0.972,0.965,0.984,0.956,0.991,0.986,0.988,1.000]
Epoch [190] Testing Results: Prec@1 74.730 Prec@5 98.030 Loss 1.91087
Epoch [190] Testing Class Recall: [0.942,0.971,0.841,0.729,0.769,0.675,0.757,0.667,0.596,0.526]
Epoch [191] Training Results: Prec@1 98.493 Prec@5 100.000 Loss 0.00963
Epoch [191] Training Class Recall: [0.991,0.993,0.972,0.958,0.983,0.966,0.996,1.000,0.988,1.000]
Epoch [191] Testing Results: Prec@1 74.770 Prec@5 98.020 Loss 1.87529
Epoch [191] Testing Class Recall: [0.936,0.970,0.821,0.731,0.785,0.696,0.741,0.675,0.580,0.542]
Epoch [192] Training Results: Prec@1 98.299 Prec@5 100.000 Loss 0.00981
Epoch [192] Training Class Recall: [0.989,0.993,0.966,0.961,0.984,0.961,0.983,1.000,1.000,1.000]
Epoch [192] Testing Results: Prec@1 74.760 Prec@5 97.990 Loss 1.85520
Epoch [192] Testing Class Recall: [0.941,0.968,0.832,0.733,0.781,0.687,0.736,0.655,0.595,0.548]
Epoch [193] Training Results: Prec@1 98.525 Prec@5 100.000 Loss 0.00930
Epoch [193] Training Class Recall: [0.987,0.992,0.973,0.972,0.988,0.982,0.996,1.000,0.988,0.980]
Epoch [193] Testing Results: Prec@1 74.800 Prec@5 98.040 Loss 1.87985
Epoch [193] Testing Class Recall: [0.936,0.971,0.828,0.734,0.788,0.691,0.741,0.654,0.605,0.532]
Epoch [194] Training Results: Prec@1 98.573 Prec@5 100.000 Loss 0.00945
Epoch [194] Training Class Recall: [0.990,0.994,0.976,0.966,0.978,0.974,0.996,0.986,0.988,1.000]
Epoch [194] Testing Results: Prec@1 74.940 Prec@5 98.050 Loss 1.83242
Epoch [194] Testing Class Recall: [0.938,0.967,0.834,0.733,0.767,0.691,0.739,0.671,0.609,0.545]
Epoch [195] Training Results: Prec@1 98.356 Prec@5 100.000 Loss 0.00959
Epoch [195] Training Class Recall: [0.989,0.991,0.972,0.958,0.975,0.979,0.991,0.993,1.000,1.000]
Epoch [195] Testing Results: Prec@1 74.910 Prec@5 97.980 Loss 1.84173
Epoch [195] Testing Class Recall: [0.938,0.967,0.832,0.735,0.776,0.691,0.739,0.658,0.601,0.554]
Epoch [196] Training Results: Prec@1 98.340 Prec@5 100.000 Loss 0.01047
Epoch [196] Training Class Recall: [0.990,0.990,0.968,0.961,0.988,0.956,1.000,0.993,0.976,1.000]
Epoch [196] Testing Results: Prec@1 74.710 Prec@5 98.010 Loss 1.84948
Epoch [196] Testing Class Recall: [0.942,0.967,0.825,0.731,0.767,0.693,0.739,0.662,0.596,0.549]
Epoch [197] Training Results: Prec@1 98.315 Prec@5 99.984 Loss 0.01055
Epoch [197] Training Class Recall: [0.988,0.988,0.978,0.958,0.980,0.969,0.996,0.993,0.988,1.000]
Epoch [197] Testing Results: Prec@1 74.600 Prec@5 97.920 Loss 1.91263
Epoch [197] Testing Class Recall: [0.937,0.969,0.838,0.735,0.773,0.683,0.750,0.648,0.592,0.535]
Epoch [198] Training Results: Prec@1 98.493 Prec@5 100.000 Loss 0.00928
Epoch [198] Training Class Recall: [0.990,0.992,0.973,0.965,0.981,0.972,0.991,1.000,0.988,1.000]
Epoch [198] Testing Results: Prec@1 74.630 Prec@5 98.010 Loss 1.91112
Epoch [198] Testing Class Recall: [0.939,0.972,0.838,0.740,0.766,0.685,0.748,0.651,0.592,0.532]
Epoch [199] Training Results: Prec@1 98.436 Prec@5 100.000 Loss 0.01033
Epoch [199] Training Class Recall: [0.991,0.991,0.970,0.964,0.988,0.961,0.978,0.993,1.000,1.000]
Epoch [199] Testing Results: Prec@1 74.020 Prec@5 97.970 Loss 1.99131
Epoch [199] Testing Class Recall: [0.944,0.974,0.833,0.739,0.769,0.682,0.736,0.618,0.585,0.522]
