Log file: cifar10_random0.3_selection_randomoversampling_exp0.01_seed42_20260503_092804.log
Run started: 2026-05-03 09:28:04.953185
Dataset: cifar10
Imbalance type: exp, factor: 0.01
Selection method: random, ratio: 0.3
Strategy: Selection_RandomOversampling, epochs: 200
Seed: 42, rand_number: 0
Augmentation: weak
Noise ratio: 0.5
============================================================

=> Preparing logger and tensorboard writer !
----------------------------------------------------
Class ID   | Original   | Selected   | Keep %  
----------------------------------------------------
0          | 2931       | 872        |    29.8%
1          | 2006       | 588        |    29.3%
2          | 1462       | 474        |    32.4%
3          | 1178       | 351        |    29.8%
4          | 997        | 315        |    31.6%
5          | 890        | 245        |    27.5%
6          | 794        | 229        |    28.8%
7          | 782        | 244        |    31.2%
8          | 714        | 223        |    31.2%
9          | 652        | 180        |    27.6%
----------------------------------------------------
TOTAL      | 12406      | 3721       |    30.0%
----------------------------------------------------
Epoch [0] Training Results: Prec@1 15.617 Prec@5 59.560             Loss 2.29625
Epoch [0] Training Class Recall: [0.281,0.374,0.192,0.131,0.136,0.107,0.069,0.106,0.059,0.106]
Epoch [0] Testing Results: Prec@1 21.030 Prec@5 74.640             Loss 2.10014
Epoch [0] Testing Class Recall: [0.108,0.762,0.271,0.032,0.599,0.030,0.005,0.282,0.004,0.010]
Epoch [1] Training Results: Prec@1 18.337 Prec@5 64.635             Loss 2.22695
Epoch [1] Training Class Recall: [0.331,0.467,0.227,0.167,0.142,0.136,0.098,0.093,0.033,0.141]
Epoch [1] Testing Results: Prec@1 25.370 Prec@5 75.760             Loss 2.06247
Epoch [1] Testing Class Recall: [0.736,0.523,0.291,0.234,0.391,0.056,0.069,0.085,0.004,0.148]
Epoch [2] Training Results: Prec@1 20.907 Prec@5 69.105             Loss 2.17353
Epoch [2] Training Class Recall: [0.322,0.478,0.226,0.194,0.104,0.246,0.152,0.106,0.085,0.177]
Epoch [2] Testing Results: Prec@1 20.810 Prec@5 69.310             Loss 2.15772
Epoch [2] Testing Class Recall: [0.527,0.251,0.125,0.184,0.593,0.135,0.116,0.002,0.008,0.140]
Epoch [3] Training Results: Prec@1 24.405 Prec@5 73.065             Loss 2.10377
Epoch [3] Training Class Recall: [0.285,0.460,0.240,0.196,0.115,0.302,0.225,0.175,0.149,0.293]
Epoch [3] Testing Results: Prec@1 25.590 Prec@5 72.290             Loss 2.13884
Epoch [3] Testing Class Recall: [0.671,0.483,0.188,0.117,0.143,0.191,0.306,0.009,0.157,0.294]
Epoch [4] Training Results: Prec@1 28.487 Prec@5 77.800             Loss 2.00812
Epoch [4] Training Class Recall: [0.266,0.434,0.219,0.244,0.154,0.357,0.293,0.237,0.247,0.398]
Epoch [4] Testing Results: Prec@1 22.150 Prec@5 73.160             Loss 2.40121
Epoch [4] Testing Class Recall: [0.311,0.267,0.286,0.101,0.133,0.689,0.187,0.110,0.078,0.053]
Epoch [5] Training Results: Prec@1 35.892 Prec@5 83.382             Loss 1.83001
Epoch [5] Training Class Recall: [0.268,0.427,0.236,0.308,0.207,0.447,0.422,0.351,0.407,0.516]
Epoch [5] Testing Results: Prec@1 20.440 Prec@5 67.640             Loss 2.56607
Epoch [5] Testing Class Recall: [0.255,0.414,0.312,0.232,0.050,0.214,0.046,0.195,0.192,0.134]
Epoch [6] Training Results: Prec@1 43.670 Prec@5 88.592             Loss 1.60640
Epoch [6] Training Class Recall: [0.284,0.421,0.255,0.363,0.319,0.538,0.539,0.469,0.556,0.623]
Epoch [6] Testing Results: Prec@1 19.490 Prec@5 63.340             Loss 3.12780
Epoch [6] Testing Class Recall: [0.393,0.221,0.234,0.134,0.450,0.140,0.030,0.044,0.260,0.043]
Epoch [7] Training Results: Prec@1 52.833 Prec@5 92.423             Loss 1.36905
Epoch [7] Training Class Recall: [0.325,0.465,0.328,0.465,0.421,0.640,0.631,0.620,0.657,0.733]
Epoch [7] Testing Results: Prec@1 20.660 Prec@5 66.120             Loss 3.54415
Epoch [7] Testing Class Recall: [0.227,0.253,0.158,0.276,0.126,0.442,0.434,0.047,0.084,0.019]
Epoch [8] Training Results: Prec@1 59.275 Prec@5 95.197             Loss 1.17503
Epoch [8] Training Class Recall: [0.365,0.497,0.377,0.539,0.521,0.707,0.717,0.694,0.726,0.785]
Epoch [8] Testing Results: Prec@1 21.580 Prec@5 62.840             Loss 4.24552
Epoch [8] Testing Class Recall: [0.297,0.603,0.621,0.172,0.086,0.046,0.056,0.189,0.068,0.020]
Epoch [9] Training Results: Prec@1 65.975 Prec@5 96.822             Loss 0.98635
Epoch [9] Training Class Recall: [0.423,0.554,0.463,0.629,0.629,0.765,0.764,0.754,0.787,0.829]
Epoch [9] Testing Results: Prec@1 17.970 Prec@5 61.040             Loss 4.34589
Epoch [9] Testing Class Recall: [0.368,0.321,0.155,0.104,0.216,0.025,0.244,0.017,0.169,0.178]
Epoch [10] Training Results: Prec@1 70.930 Prec@5 97.895             Loss 0.86057
Epoch [10] Training Class Recall: [0.476,0.596,0.532,0.683,0.690,0.810,0.808,0.806,0.827,0.863]
Epoch [10] Testing Results: Prec@1 20.380 Prec@5 63.390             Loss 4.35068
Epoch [10] Testing Class Recall: [0.402,0.316,0.125,0.378,0.164,0.031,0.225,0.158,0.037,0.202]
Epoch [11] Training Results: Prec@1 75.702 Prec@5 98.697             Loss 0.71524
Epoch [11] Training Class Recall: [0.535,0.647,0.610,0.739,0.753,0.841,0.844,0.843,0.864,0.894]
Epoch [11] Testing Results: Prec@1 20.820 Prec@5 62.160             Loss 5.11519
Epoch [11] Testing Class Recall: [0.327,0.406,0.163,0.359,0.289,0.083,0.261,0.021,0.151,0.022]
Epoch [12] Training Results: Prec@1 78.395 Prec@5 98.872             Loss 0.64036
Epoch [12] Training Class Recall: [0.561,0.685,0.658,0.782,0.789,0.860,0.865,0.851,0.884,0.903]
Epoch [12] Testing Results: Prec@1 19.510 Prec@5 60.390             Loss 5.35257
Epoch [12] Testing Class Recall: [0.609,0.317,0.177,0.108,0.305,0.111,0.108,0.165,0.042,0.009]
Epoch [13] Training Results: Prec@1 80.877 Prec@5 99.240             Loss 0.55854
Epoch [13] Training Class Recall: [0.594,0.714,0.705,0.797,0.815,0.887,0.878,0.885,0.890,0.921]
Epoch [13] Testing Results: Prec@1 21.050 Prec@5 62.120             Loss 5.65983
Epoch [13] Testing Class Recall: [0.370,0.360,0.356,0.362,0.185,0.153,0.073,0.159,0.042,0.045]
Epoch [14] Training Results: Prec@1 83.257 Prec@5 99.417             Loss 0.50037
Epoch [14] Training Class Recall: [0.638,0.745,0.758,0.827,0.849,0.890,0.898,0.897,0.902,0.922]
Epoch [14] Testing Results: Prec@1 21.790 Prec@5 60.350             Loss 5.58766
Epoch [14] Testing Class Recall: [0.415,0.656,0.206,0.329,0.166,0.151,0.082,0.058,0.053,0.063]
Epoch [15] Training Results: Prec@1 85.210 Prec@5 99.577             Loss 0.44003
Epoch [15] Training Class Recall: [0.670,0.780,0.783,0.847,0.865,0.904,0.910,0.905,0.921,0.935]
Epoch [15] Testing Results: Prec@1 20.640 Prec@5 60.450             Loss 5.65064
Epoch [15] Testing Class Recall: [0.352,0.598,0.182,0.303,0.147,0.053,0.075,0.211,0.119,0.024]
Epoch [16] Training Results: Prec@1 86.160 Prec@5 99.595             Loss 0.41372
Epoch [16] Training Class Recall: [0.691,0.799,0.794,0.865,0.875,0.910,0.912,0.911,0.920,0.938]
Epoch [16] Testing Results: Prec@1 18.490 Prec@5 59.550             Loss 6.13882
Epoch [16] Testing Class Recall: [0.579,0.292,0.117,0.305,0.252,0.141,0.026,0.054,0.039,0.044]
Epoch [17] Training Results: Prec@1 87.048 Prec@5 99.662             Loss 0.39170
Epoch [17] Training Class Recall: [0.708,0.812,0.822,0.865,0.883,0.911,0.926,0.911,0.926,0.942]
Epoch [17] Testing Results: Prec@1 20.330 Prec@5 61.070             Loss 5.84784
Epoch [17] Testing Class Recall: [0.364,0.702,0.240,0.266,0.116,0.023,0.074,0.140,0.082,0.026]
Epoch [18] Training Results: Prec@1 87.442 Prec@5 99.673             Loss 0.37748
Epoch [18] Training Class Recall: [0.715,0.815,0.825,0.874,0.884,0.923,0.921,0.909,0.934,0.943]
Epoch [18] Testing Results: Prec@1 21.670 Prec@5 62.160             Loss 5.53391
Epoch [18] Testing Class Recall: [0.517,0.422,0.224,0.305,0.292,0.039,0.169,0.151,0.037,0.011]
Epoch [19] Training Results: Prec@1 88.995 Prec@5 99.750             Loss 0.32419
Epoch [19] Training Class Recall: [0.749,0.830,0.852,0.891,0.906,0.932,0.926,0.925,0.936,0.953]
Epoch [19] Testing Results: Prec@1 17.420 Prec@5 58.830             Loss 6.36037
Epoch [19] Testing Class Recall: [0.380,0.309,0.295,0.377,0.107,0.033,0.069,0.067,0.059,0.046]
Epoch [20] Training Results: Prec@1 88.195 Prec@5 99.702             Loss 0.35084
Epoch [20] Training Class Recall: [0.747,0.830,0.835,0.880,0.888,0.924,0.922,0.922,0.926,0.945]
Epoch [20] Testing Results: Prec@1 19.480 Prec@5 63.470             Loss 5.75253
Epoch [20] Testing Class Recall: [0.306,0.220,0.429,0.205,0.287,0.221,0.069,0.071,0.043,0.097]
Epoch [21] Training Results: Prec@1 90.057 Prec@5 99.795             Loss 0.29839
Epoch [21] Training Class Recall: [0.766,0.856,0.866,0.901,0.916,0.931,0.928,0.932,0.947,0.961]
Epoch [21] Testing Results: Prec@1 20.380 Prec@5 62.730             Loss 6.98466
Epoch [21] Testing Class Recall: [0.323,0.393,0.186,0.366,0.238,0.149,0.150,0.182,0.013,0.038]
Epoch [22] Training Results: Prec@1 89.455 Prec@5 99.802             Loss 0.31675
Epoch [22] Training Class Recall: [0.770,0.853,0.862,0.891,0.900,0.931,0.936,0.920,0.936,0.946]
Epoch [22] Testing Results: Prec@1 17.630 Prec@5 59.720             Loss 6.59373
Epoch [22] Testing Class Recall: [0.398,0.248,0.258,0.045,0.338,0.014,0.173,0.190,0.048,0.051]
Epoch [23] Training Results: Prec@1 89.967 Prec@5 99.822             Loss 0.29844
Epoch [23] Training Class Recall: [0.782,0.860,0.860,0.898,0.910,0.934,0.934,0.929,0.941,0.948]
Epoch [23] Testing Results: Prec@1 20.890 Prec@5 63.120             Loss 5.71275
Epoch [23] Testing Class Recall: [0.388,0.448,0.376,0.356,0.090,0.080,0.154,0.051,0.056,0.090]
Epoch [24] Training Results: Prec@1 91.205 Prec@5 99.857             Loss 0.26265
Epoch [24] Training Class Recall: [0.805,0.865,0.885,0.909,0.917,0.945,0.943,0.938,0.952,0.963]
Epoch [24] Testing Results: Prec@1 20.380 Prec@5 62.960             Loss 6.25139
Epoch [24] Testing Class Recall: [0.371,0.449,0.150,0.428,0.165,0.213,0.095,0.070,0.094,0.003]
Epoch [25] Training Results: Prec@1 90.600 Prec@5 99.827             Loss 0.28037
Epoch [25] Training Class Recall: [0.805,0.867,0.864,0.910,0.905,0.943,0.942,0.934,0.942,0.950]
Epoch [25] Testing Results: Prec@1 19.770 Prec@5 62.890             Loss 5.72428
Epoch [25] Testing Class Recall: [0.168,0.635,0.303,0.278,0.309,0.095,0.045,0.049,0.059,0.036]
Epoch [26] Training Results: Prec@1 90.807 Prec@5 99.807             Loss 0.27507
Epoch [26] Training Class Recall: [0.797,0.868,0.879,0.906,0.918,0.940,0.943,0.935,0.944,0.950]
Epoch [26] Testing Results: Prec@1 20.900 Prec@5 61.310             Loss 6.44320
Epoch [26] Testing Class Recall: [0.538,0.650,0.183,0.161,0.144,0.034,0.083,0.241,0.037,0.019]
Epoch [27] Training Results: Prec@1 90.995 Prec@5 99.865             Loss 0.26740
Epoch [27] Training Class Recall: [0.807,0.868,0.879,0.909,0.920,0.944,0.938,0.934,0.947,0.953]
Epoch [27] Testing Results: Prec@1 20.410 Prec@5 63.650             Loss 6.05120
Epoch [27] Testing Class Recall: [0.375,0.482,0.157,0.212,0.352,0.089,0.059,0.127,0.124,0.064]
Epoch [28] Training Results: Prec@1 91.135 Prec@5 99.872             Loss 0.26599
Epoch [28] Training Class Recall: [0.811,0.872,0.881,0.913,0.919,0.937,0.942,0.935,0.947,0.956]
Epoch [28] Testing Results: Prec@1 19.300 Prec@5 61.610             Loss 5.88828
Epoch [28] Testing Class Recall: [0.372,0.302,0.327,0.266,0.300,0.040,0.078,0.086,0.069,0.090]
Epoch [29] Training Results: Prec@1 91.243 Prec@5 99.840             Loss 0.26726
Epoch [29] Training Class Recall: [0.809,0.876,0.890,0.913,0.919,0.943,0.937,0.935,0.946,0.956]
Epoch [29] Testing Results: Prec@1 21.480 Prec@5 60.560             Loss 6.44615
Epoch [29] Testing Class Recall: [0.458,0.619,0.383,0.332,0.065,0.092,0.068,0.029,0.087,0.015]
Epoch [30] Training Results: Prec@1 91.745 Prec@5 99.860             Loss 0.24741
Epoch [30] Training Class Recall: [0.824,0.885,0.896,0.909,0.918,0.949,0.943,0.939,0.954,0.958]
Epoch [30] Testing Results: Prec@1 19.430 Prec@5 62.680             Loss 6.28105
Epoch [30] Testing Class Recall: [0.179,0.501,0.247,0.156,0.420,0.077,0.049,0.115,0.100,0.099]
Epoch [31] Training Results: Prec@1 91.993 Prec@5 99.865             Loss 0.24356
Epoch [31] Training Class Recall: [0.823,0.888,0.896,0.917,0.925,0.950,0.945,0.950,0.945,0.960]
Epoch [31] Testing Results: Prec@1 19.590 Prec@5 58.950             Loss 6.34959
Epoch [31] Testing Class Recall: [0.442,0.502,0.188,0.203,0.173,0.203,0.081,0.098,0.032,0.037]
Epoch [32] Training Results: Prec@1 92.635 Prec@5 99.870             Loss 0.22464
Epoch [32] Training Class Recall: [0.840,0.901,0.903,0.921,0.931,0.948,0.951,0.944,0.957,0.967]
Epoch [32] Testing Results: Prec@1 19.720 Prec@5 64.650             Loss 6.35077
Epoch [32] Testing Class Recall: [0.358,0.270,0.292,0.286,0.299,0.168,0.040,0.040,0.193,0.026]
Epoch [33] Training Results: Prec@1 91.635 Prec@5 99.853             Loss 0.25442
Epoch [33] Training Class Recall: [0.828,0.889,0.888,0.915,0.921,0.938,0.942,0.933,0.949,0.960]
Epoch [33] Testing Results: Prec@1 20.370 Prec@5 59.670             Loss 7.09084
Epoch [33] Testing Class Recall: [0.407,0.568,0.422,0.171,0.180,0.103,0.023,0.093,0.064,0.006]
Epoch [34] Training Results: Prec@1 91.600 Prec@5 99.887             Loss 0.25212
Epoch [34] Training Class Recall: [0.821,0.883,0.889,0.917,0.926,0.949,0.941,0.940,0.943,0.952]
Epoch [34] Testing Results: Prec@1 18.950 Prec@5 58.420             Loss 6.70302
Epoch [34] Testing Class Recall: [0.468,0.687,0.265,0.100,0.138,0.025,0.027,0.115,0.056,0.014]
Epoch [35] Training Results: Prec@1 93.100 Prec@5 99.905             Loss 0.21067
Epoch [35] Training Class Recall: [0.847,0.904,0.910,0.931,0.938,0.956,0.951,0.948,0.957,0.969]
Epoch [35] Testing Results: Prec@1 19.170 Prec@5 64.390             Loss 5.83518
Epoch [35] Testing Class Recall: [0.418,0.320,0.229,0.215,0.130,0.190,0.150,0.176,0.063,0.026]
Epoch [36] Training Results: Prec@1 91.603 Prec@5 99.860             Loss 0.25011
Epoch [36] Training Class Recall: [0.826,0.878,0.889,0.912,0.930,0.946,0.939,0.937,0.947,0.956]
Epoch [36] Testing Results: Prec@1 21.950 Prec@5 64.530             Loss 5.95239
Epoch [36] Testing Class Recall: [0.499,0.480,0.119,0.239,0.249,0.050,0.199,0.213,0.134,0.013]
Epoch [37] Training Results: Prec@1 92.037 Prec@5 99.887             Loss 0.24014
Epoch [37] Training Class Recall: [0.837,0.887,0.896,0.915,0.929,0.942,0.952,0.940,0.945,0.961]
Epoch [37] Testing Results: Prec@1 20.380 Prec@5 62.270             Loss 6.15746
Epoch [37] Testing Class Recall: [0.373,0.578,0.242,0.154,0.262,0.062,0.191,0.081,0.066,0.029]
Epoch [38] Training Results: Prec@1 92.182 Prec@5 99.872             Loss 0.23359
Epoch [38] Training Class Recall: [0.832,0.901,0.896,0.922,0.932,0.943,0.948,0.937,0.955,0.952]
Epoch [38] Testing Results: Prec@1 20.120 Prec@5 61.820             Loss 6.71276
Epoch [38] Testing Class Recall: [0.460,0.447,0.327,0.164,0.313,0.050,0.067,0.072,0.089,0.023]
Epoch [39] Training Results: Prec@1 93.118 Prec@5 99.905             Loss 0.21238
Epoch [39] Training Class Recall: [0.852,0.908,0.907,0.930,0.939,0.949,0.958,0.947,0.958,0.965]
Epoch [39] Testing Results: Prec@1 20.270 Prec@5 61.840             Loss 6.78854
Epoch [39] Testing Class Recall: [0.358,0.530,0.139,0.067,0.340,0.240,0.047,0.159,0.122,0.025]
Epoch [40] Training Results: Prec@1 92.677 Prec@5 99.912             Loss 0.22506
Epoch [40] Training Class Recall: [0.845,0.902,0.906,0.927,0.931,0.950,0.945,0.947,0.951,0.964]
Epoch [40] Testing Results: Prec@1 20.630 Prec@5 62.840             Loss 6.54446
Epoch [40] Testing Class Recall: [0.452,0.460,0.288,0.172,0.276,0.082,0.034,0.126,0.134,0.039]
Epoch [41] Training Results: Prec@1 93.490 Prec@5 99.915             Loss 0.19909
Epoch [41] Training Class Recall: [0.864,0.911,0.912,0.934,0.941,0.954,0.954,0.951,0.960,0.969]
Epoch [41] Testing Results: Prec@1 19.360 Prec@5 64.500             Loss 6.35432
Epoch [41] Testing Class Recall: [0.354,0.273,0.301,0.402,0.186,0.178,0.040,0.091,0.066,0.045]
Epoch [42] Training Results: Prec@1 92.457 Prec@5 99.895             Loss 0.22888
Epoch [42] Training Class Recall: [0.842,0.897,0.911,0.923,0.928,0.948,0.950,0.939,0.950,0.959]
Epoch [42] Testing Results: Prec@1 21.220 Prec@5 61.150             Loss 6.38617
Epoch [42] Testing Class Recall: [0.466,0.488,0.369,0.141,0.282,0.141,0.047,0.125,0.047,0.016]
Epoch [43] Training Results: Prec@1 92.785 Prec@5 99.875             Loss 0.21958
Epoch [43] Training Class Recall: [0.847,0.901,0.908,0.928,0.938,0.946,0.950,0.948,0.954,0.959]
Epoch [43] Testing Results: Prec@1 18.740 Prec@5 58.400             Loss 6.67587
Epoch [43] Testing Class Recall: [0.541,0.451,0.212,0.066,0.284,0.044,0.066,0.101,0.090,0.019]
Epoch [44] Training Results: Prec@1 92.792 Prec@5 99.860             Loss 0.22091
Epoch [44] Training Class Recall: [0.852,0.904,0.900,0.931,0.934,0.947,0.947,0.943,0.960,0.963]
Epoch [44] Testing Results: Prec@1 20.690 Prec@5 62.290             Loss 6.22495
Epoch [44] Testing Class Recall: [0.453,0.425,0.223,0.058,0.222,0.146,0.232,0.172,0.135,0.003]
Epoch [45] Training Results: Prec@1 93.670 Prec@5 99.920             Loss 0.19177
Epoch [45] Training Class Recall: [0.867,0.913,0.912,0.937,0.944,0.960,0.958,0.951,0.957,0.967]
Epoch [45] Testing Results: Prec@1 20.870 Prec@5 63.630             Loss 6.56703
Epoch [45] Testing Class Recall: [0.491,0.426,0.115,0.379,0.238,0.147,0.151,0.037,0.070,0.033]
Epoch [46] Training Results: Prec@1 93.240 Prec@5 99.900             Loss 0.20214
Epoch [46] Training Class Recall: [0.857,0.906,0.910,0.929,0.939,0.952,0.958,0.952,0.958,0.963]
Epoch [46] Testing Results: Prec@1 21.100 Prec@5 62.330             Loss 6.55686
Epoch [46] Testing Class Recall: [0.273,0.596,0.403,0.192,0.372,0.046,0.073,0.117,0.017,0.021]
Epoch [47] Training Results: Prec@1 92.807 Prec@5 99.895             Loss 0.21822
Epoch [47] Training Class Recall: [0.850,0.895,0.910,0.921,0.939,0.952,0.951,0.945,0.955,0.964]
Epoch [47] Testing Results: Prec@1 19.350 Prec@5 61.410             Loss 6.41709
Epoch [47] Testing Class Recall: [0.635,0.429,0.262,0.088,0.123,0.047,0.159,0.125,0.025,0.042]
Epoch [48] Training Results: Prec@1 93.115 Prec@5 99.900             Loss 0.21099
Epoch [48] Training Class Recall: [0.857,0.902,0.908,0.929,0.935,0.959,0.954,0.950,0.955,0.963]
Epoch [48] Testing Results: Prec@1 21.340 Prec@5 63.280             Loss 6.22957
Epoch [48] Testing Class Recall: [0.521,0.467,0.192,0.278,0.185,0.089,0.063,0.218,0.099,0.022]
Epoch [49] Training Results: Prec@1 91.932 Prec@5 99.890             Loss 0.23877
Epoch [49] Training Class Recall: [0.830,0.891,0.898,0.914,0.925,0.944,0.943,0.939,0.948,0.962]
Epoch [49] Testing Results: Prec@1 20.720 Prec@5 65.740             Loss 6.03084
Epoch [49] Testing Class Recall: [0.540,0.250,0.238,0.145,0.343,0.054,0.109,0.158,0.123,0.112]
Epoch [50] Training Results: Prec@1 93.642 Prec@5 99.912             Loss 0.19797
Epoch [50] Training Class Recall: [0.871,0.912,0.916,0.937,0.941,0.954,0.956,0.947,0.961,0.969]
Epoch [50] Testing Results: Prec@1 20.370 Prec@5 64.550             Loss 6.17951
Epoch [50] Testing Class Recall: [0.508,0.384,0.335,0.273,0.056,0.142,0.061,0.130,0.093,0.055]
Epoch [51] Training Results: Prec@1 92.470 Prec@5 99.885             Loss 0.22762
Epoch [51] Training Class Recall: [0.854,0.893,0.902,0.923,0.932,0.946,0.944,0.944,0.950,0.958]
Epoch [51] Testing Results: Prec@1 20.160 Prec@5 62.890             Loss 6.42547
Epoch [51] Testing Class Recall: [0.436,0.438,0.199,0.266,0.201,0.197,0.045,0.085,0.115,0.034]
Epoch [52] Training Results: Prec@1 93.955 Prec@5 99.940             Loss 0.18001
Epoch [52] Training Class Recall: [0.868,0.920,0.919,0.942,0.945,0.957,0.957,0.954,0.966,0.969]
Epoch [52] Testing Results: Prec@1 20.460 Prec@5 62.910             Loss 6.86757
Epoch [52] Testing Class Recall: [0.475,0.455,0.150,0.252,0.239,0.057,0.031,0.127,0.227,0.033]
Epoch [53] Training Results: Prec@1 92.645 Prec@5 99.902             Loss 0.22316
Epoch [53] Training Class Recall: [0.853,0.897,0.905,0.926,0.928,0.948,0.949,0.945,0.955,0.958]
Epoch [53] Testing Results: Prec@1 21.710 Prec@5 66.720             Loss 6.02957
Epoch [53] Testing Class Recall: [0.228,0.555,0.243,0.311,0.293,0.181,0.161,0.094,0.075,0.030]
Epoch [54] Training Results: Prec@1 93.548 Prec@5 99.915             Loss 0.19582
Epoch [54] Training Class Recall: [0.870,0.911,0.917,0.929,0.945,0.954,0.959,0.949,0.956,0.966]
Epoch [54] Testing Results: Prec@1 17.730 Prec@5 62.670             Loss 5.93063
Epoch [54] Testing Class Recall: [0.291,0.246,0.228,0.214,0.229,0.208,0.091,0.159,0.048,0.059]
Epoch [55] Training Results: Prec@1 92.942 Prec@5 99.897             Loss 0.21431
Epoch [55] Training Class Recall: [0.852,0.908,0.915,0.926,0.936,0.949,0.950,0.943,0.955,0.961]
Epoch [55] Testing Results: Prec@1 19.720 Prec@5 64.660             Loss 6.56725
Epoch [55] Testing Class Recall: [0.369,0.229,0.230,0.426,0.120,0.018,0.231,0.111,0.150,0.088]
Epoch [56] Training Results: Prec@1 93.167 Prec@5 99.900             Loss 0.20284
Epoch [56] Training Class Recall: [0.868,0.907,0.911,0.936,0.939,0.950,0.950,0.944,0.954,0.959]
Epoch [56] Testing Results: Prec@1 18.630 Prec@5 62.790             Loss 7.00712
Epoch [56] Testing Class Recall: [0.288,0.374,0.229,0.587,0.159,0.028,0.027,0.050,0.081,0.040]
Epoch [57] Training Results: Prec@1 93.837 Prec@5 99.897             Loss 0.19289
Epoch [57] Training Class Recall: [0.881,0.915,0.923,0.934,0.944,0.951,0.961,0.950,0.961,0.965]
Epoch [57] Testing Results: Prec@1 22.600 Prec@5 64.360             Loss 5.87096
Epoch [57] Testing Class Recall: [0.464,0.549,0.183,0.221,0.381,0.066,0.049,0.180,0.076,0.091]
Epoch [58] Training Results: Prec@1 93.072 Prec@5 99.920             Loss 0.21144
Epoch [58] Training Class Recall: [0.864,0.907,0.913,0.933,0.937,0.948,0.942,0.947,0.956,0.962]
Epoch [58] Testing Results: Prec@1 20.450 Prec@5 62.740             Loss 6.40485
Epoch [58] Testing Class Recall: [0.420,0.432,0.338,0.305,0.093,0.072,0.140,0.203,0.038,0.004]
Epoch [59] Training Results: Prec@1 93.728 Prec@5 99.905             Loss 0.18906
Epoch [59] Training Class Recall: [0.875,0.907,0.922,0.933,0.944,0.961,0.957,0.949,0.961,0.963]
Epoch [59] Testing Results: Prec@1 20.850 Prec@5 61.210             Loss 6.60623
Epoch [59] Testing Class Recall: [0.514,0.571,0.250,0.217,0.050,0.192,0.024,0.205,0.047,0.015]
Epoch [60] Training Results: Prec@1 93.103 Prec@5 99.932             Loss 0.20973
Epoch [60] Training Class Recall: [0.858,0.910,0.910,0.925,0.938,0.949,0.954,0.948,0.957,0.962]
Epoch [60] Testing Results: Prec@1 20.090 Prec@5 64.260             Loss 5.50926
Epoch [60] Testing Class Recall: [0.398,0.388,0.280,0.229,0.263,0.024,0.092,0.144,0.085,0.106]
Epoch [61] Training Results: Prec@1 93.670 Prec@5 99.915             Loss 0.19047
Epoch [61] Training Class Recall: [0.870,0.912,0.923,0.935,0.939,0.957,0.955,0.952,0.956,0.967]
Epoch [61] Testing Results: Prec@1 21.060 Prec@5 65.090             Loss 5.98587
Epoch [61] Testing Class Recall: [0.365,0.420,0.119,0.403,0.278,0.071,0.222,0.113,0.096,0.019]
Epoch [62] Training Results: Prec@1 93.692 Prec@5 99.932             Loss 0.18855
Epoch [62] Training Class Recall: [0.874,0.912,0.922,0.938,0.942,0.949,0.956,0.951,0.960,0.967]
Epoch [62] Testing Results: Prec@1 20.870 Prec@5 64.800             Loss 5.69119
Epoch [62] Testing Class Recall: [0.404,0.410,0.240,0.234,0.210,0.043,0.243,0.124,0.117,0.062]
Epoch [63] Training Results: Prec@1 93.627 Prec@5 99.910             Loss 0.19589
Epoch [63] Training Class Recall: [0.866,0.912,0.917,0.939,0.940,0.956,0.953,0.954,0.963,0.964]
Epoch [63] Testing Results: Prec@1 21.740 Prec@5 66.150             Loss 6.01770
Epoch [63] Testing Class Recall: [0.447,0.381,0.225,0.169,0.208,0.151,0.176,0.302,0.039,0.076]
Epoch [64] Training Results: Prec@1 93.615 Prec@5 99.908             Loss 0.19291
Epoch [64] Training Class Recall: [0.868,0.912,0.918,0.938,0.945,0.956,0.952,0.952,0.955,0.967]
Epoch [64] Testing Results: Prec@1 20.800 Prec@5 64.210             Loss 5.87402
Epoch [64] Testing Class Recall: [0.428,0.485,0.397,0.237,0.080,0.099,0.104,0.109,0.093,0.048]
Epoch [65] Training Results: Prec@1 92.975 Prec@5 99.912             Loss 0.21165
Epoch [65] Training Class Recall: [0.861,0.905,0.906,0.925,0.939,0.946,0.949,0.951,0.954,0.961]
Epoch [65] Testing Results: Prec@1 22.680 Prec@5 64.380             Loss 6.34447
Epoch [65] Testing Class Recall: [0.323,0.617,0.253,0.389,0.116,0.152,0.191,0.148,0.052,0.027]
Epoch [66] Training Results: Prec@1 94.917 Prec@5 99.962             Loss 0.15885
Epoch [66] Training Class Recall: [0.891,0.930,0.940,0.945,0.961,0.961,0.968,0.956,0.970,0.970]
Epoch [66] Testing Results: Prec@1 22.140 Prec@5 65.450             Loss 6.55571
Epoch [66] Testing Class Recall: [0.629,0.422,0.295,0.172,0.088,0.301,0.122,0.129,0.032,0.024]
Epoch [67] Training Results: Prec@1 93.345 Prec@5 99.942             Loss 0.20265
Epoch [67] Training Class Recall: [0.865,0.908,0.918,0.934,0.939,0.948,0.954,0.950,0.955,0.965]
Epoch [67] Testing Results: Prec@1 20.970 Prec@5 64.840             Loss 6.04631
Epoch [67] Testing Class Recall: [0.513,0.396,0.305,0.236,0.103,0.104,0.107,0.166,0.075,0.092]
Epoch [68] Training Results: Prec@1 93.335 Prec@5 99.915             Loss 0.19877
Epoch [68] Training Class Recall: [0.869,0.907,0.913,0.932,0.947,0.948,0.955,0.943,0.957,0.962]
Epoch [68] Testing Results: Prec@1 20.740 Prec@5 62.640             Loss 6.31798
Epoch [68] Testing Class Recall: [0.334,0.549,0.322,0.315,0.090,0.206,0.011,0.128,0.082,0.037]
Epoch [69] Training Results: Prec@1 94.082 Prec@5 99.940             Loss 0.17605
Epoch [69] Training Class Recall: [0.875,0.921,0.921,0.939,0.941,0.961,0.959,0.952,0.968,0.971]
Epoch [69] Testing Results: Prec@1 22.160 Prec@5 66.950             Loss 6.27852
Epoch [69] Testing Class Recall: [0.331,0.564,0.254,0.370,0.168,0.059,0.214,0.153,0.062,0.041]
Epoch [70] Training Results: Prec@1 92.855 Prec@5 99.885             Loss 0.21520
Epoch [70] Training Class Recall: [0.861,0.905,0.907,0.925,0.935,0.947,0.949,0.941,0.957,0.959]
Epoch [70] Testing Results: Prec@1 19.130 Prec@5 62.830             Loss 6.45543
Epoch [70] Testing Class Recall: [0.285,0.472,0.444,0.077,0.136,0.169,0.123,0.168,0.025,0.014]
Epoch [71] Training Results: Prec@1 94.057 Prec@5 99.912             Loss 0.18286
Epoch [71] Training Class Recall: [0.877,0.918,0.923,0.940,0.945,0.959,0.958,0.955,0.962,0.971]
Epoch [71] Testing Results: Prec@1 19.950 Prec@5 63.320             Loss 6.68946
Epoch [71] Testing Class Recall: [0.307,0.396,0.516,0.214,0.093,0.057,0.061,0.195,0.087,0.069]
Epoch [72] Training Results: Prec@1 93.670 Prec@5 99.912             Loss 0.19081
Epoch [72] Training Class Recall: [0.867,0.909,0.921,0.935,0.948,0.958,0.959,0.950,0.958,0.963]
Epoch [72] Testing Results: Prec@1 18.540 Prec@5 63.160             Loss 6.77605
Epoch [72] Testing Class Recall: [0.321,0.235,0.372,0.266,0.249,0.053,0.189,0.010,0.059,0.100]
Epoch [73] Training Results: Prec@1 94.372 Prec@5 99.932             Loss 0.17095
Epoch [73] Training Class Recall: [0.890,0.928,0.919,0.938,0.952,0.958,0.961,0.958,0.963,0.970]
Epoch [73] Testing Results: Prec@1 20.060 Prec@5 63.970             Loss 6.20297
Epoch [73] Testing Class Recall: [0.498,0.263,0.209,0.228,0.335,0.057,0.109,0.110,0.069,0.128]
Epoch [74] Training Results: Prec@1 93.982 Prec@5 99.932             Loss 0.18670
Epoch [74] Training Class Recall: [0.881,0.918,0.922,0.943,0.944,0.957,0.953,0.950,0.964,0.966]
Epoch [74] Testing Results: Prec@1 18.680 Prec@5 61.580             Loss 6.82696
Epoch [74] Testing Class Recall: [0.336,0.246,0.410,0.042,0.406,0.071,0.038,0.235,0.043,0.041]
Epoch [75] Training Results: Prec@1 93.585 Prec@5 99.912             Loss 0.19465
Epoch [75] Training Class Recall: [0.870,0.909,0.924,0.935,0.945,0.953,0.953,0.949,0.952,0.969]
Epoch [75] Testing Results: Prec@1 21.560 Prec@5 66.020             Loss 6.24216
Epoch [75] Testing Class Recall: [0.468,0.386,0.105,0.463,0.122,0.140,0.220,0.168,0.072,0.012]
Epoch [76] Training Results: Prec@1 93.900 Prec@5 99.892             Loss 0.18535
Epoch [76] Training Class Recall: [0.887,0.912,0.923,0.933,0.947,0.951,0.961,0.954,0.957,0.966]
Epoch [76] Testing Results: Prec@1 20.760 Prec@5 64.010             Loss 6.05637
Epoch [76] Testing Class Recall: [0.399,0.571,0.165,0.220,0.065,0.278,0.181,0.082,0.092,0.023]
Epoch [77] Training Results: Prec@1 93.967 Prec@5 99.927             Loss 0.18350
Epoch [77] Training Class Recall: [0.880,0.917,0.922,0.936,0.945,0.956,0.958,0.953,0.960,0.970]
Epoch [77] Testing Results: Prec@1 19.050 Prec@5 59.700             Loss 6.59434
Epoch [77] Testing Class Recall: [0.442,0.445,0.140,0.176,0.261,0.117,0.125,0.112,0.043,0.044]
Epoch [78] Training Results: Prec@1 93.470 Prec@5 99.917             Loss 0.19754
Epoch [78] Training Class Recall: [0.866,0.911,0.914,0.936,0.943,0.954,0.953,0.949,0.957,0.964]
Epoch [78] Testing Results: Prec@1 20.380 Prec@5 63.470             Loss 6.61030
Epoch [78] Testing Class Recall: [0.485,0.465,0.281,0.272,0.093,0.054,0.112,0.120,0.112,0.044]
Epoch [79] Training Results: Prec@1 94.600 Prec@5 99.945             Loss 0.16438
Epoch [79] Training Class Recall: [0.883,0.922,0.933,0.947,0.954,0.964,0.956,0.961,0.970,0.970]
Epoch [79] Testing Results: Prec@1 20.000 Prec@5 65.750             Loss 6.84776
Epoch [79] Testing Class Recall: [0.373,0.266,0.421,0.368,0.243,0.067,0.120,0.059,0.062,0.021]
Epoch [80] Training Results: Prec@1 93.188 Prec@5 99.880             Loss 0.20864
Epoch [80] Training Class Recall: [0.869,0.912,0.913,0.932,0.937,0.950,0.948,0.945,0.948,0.965]
Epoch [80] Testing Results: Prec@1 20.210 Prec@5 64.340             Loss 5.99552
Epoch [80] Testing Class Recall: [0.637,0.298,0.237,0.219,0.158,0.199,0.078,0.138,0.034,0.023]
Epoch [81] Training Results: Prec@1 94.730 Prec@5 99.932             Loss 0.16146
Epoch [81] Training Class Recall: [0.889,0.922,0.936,0.947,0.949,0.963,0.965,0.958,0.973,0.972]
Epoch [81] Testing Results: Prec@1 20.510 Prec@5 62.190             Loss 6.53837
Epoch [81] Testing Class Recall: [0.563,0.338,0.417,0.258,0.124,0.092,0.106,0.118,0.022,0.013]
Epoch [82] Training Results: Prec@1 94.408 Prec@5 99.925             Loss 0.17114
Epoch [82] Training Class Recall: [0.885,0.924,0.931,0.946,0.950,0.960,0.965,0.950,0.960,0.970]
Epoch [82] Testing Results: Prec@1 20.670 Prec@5 59.630             Loss 7.22766
Epoch [82] Testing Class Recall: [0.570,0.641,0.111,0.328,0.215,0.007,0.028,0.074,0.052,0.041]
Epoch [83] Training Results: Prec@1 92.950 Prec@5 99.882             Loss 0.21313
Epoch [83] Training Class Recall: [0.870,0.909,0.908,0.928,0.935,0.941,0.946,0.946,0.951,0.961]
Epoch [83] Testing Results: Prec@1 18.730 Prec@5 63.630             Loss 6.17204
Epoch [83] Testing Class Recall: [0.299,0.332,0.446,0.097,0.169,0.177,0.086,0.048,0.128,0.091]
Epoch [84] Training Results: Prec@1 95.040 Prec@5 99.965             Loss 0.15134
Epoch [84] Training Class Recall: [0.892,0.928,0.935,0.952,0.953,0.972,0.967,0.959,0.968,0.978]
Epoch [84] Testing Results: Prec@1 19.090 Prec@5 64.190             Loss 6.08374
Epoch [84] Testing Class Recall: [0.515,0.212,0.246,0.148,0.167,0.082,0.105,0.242,0.128,0.064]
Epoch [85] Training Results: Prec@1 93.400 Prec@5 99.885             Loss 0.20382
Epoch [85] Training Class Recall: [0.874,0.909,0.919,0.931,0.940,0.953,0.950,0.950,0.955,0.960]
Epoch [85] Testing Results: Prec@1 21.100 Prec@5 64.540             Loss 5.90890
Epoch [85] Testing Class Recall: [0.530,0.469,0.207,0.297,0.139,0.190,0.079,0.091,0.094,0.014]
Epoch [86] Training Results: Prec@1 95.240 Prec@5 99.932             Loss 0.15006
Epoch [86] Training Class Recall: [0.900,0.939,0.935,0.948,0.960,0.964,0.967,0.967,0.969,0.976]
Epoch [86] Testing Results: Prec@1 19.500 Prec@5 64.540             Loss 6.77165
Epoch [86] Testing Class Recall: [0.295,0.341,0.504,0.079,0.149,0.227,0.153,0.088,0.069,0.045]
Epoch [87] Training Results: Prec@1 93.932 Prec@5 99.897             Loss 0.18189
Epoch [87] Training Class Recall: [0.880,0.918,0.918,0.941,0.943,0.958,0.956,0.950,0.963,0.969]
Epoch [87] Testing Results: Prec@1 19.850 Prec@5 63.480             Loss 6.36415
Epoch [87] Testing Class Recall: [0.504,0.398,0.245,0.187,0.192,0.050,0.231,0.054,0.045,0.079]
Epoch [88] Training Results: Prec@1 92.870 Prec@5 99.895             Loss 0.21639
Epoch [88] Training Class Recall: [0.871,0.898,0.902,0.926,0.936,0.953,0.948,0.944,0.955,0.955]
Epoch [88] Testing Results: Prec@1 20.050 Prec@5 65.360             Loss 5.71882
Epoch [88] Testing Class Recall: [0.486,0.288,0.135,0.400,0.086,0.081,0.226,0.129,0.099,0.075]
Epoch [89] Training Results: Prec@1 94.942 Prec@5 99.945             Loss 0.15141
Epoch [89] Training Class Recall: [0.897,0.934,0.937,0.946,0.955,0.962,0.963,0.958,0.969,0.974]
Epoch [89] Testing Results: Prec@1 20.960 Prec@5 65.700             Loss 5.86241
Epoch [89] Testing Class Recall: [0.519,0.307,0.277,0.193,0.185,0.121,0.136,0.256,0.053,0.049]
Epoch [90] Training Results: Prec@1 93.925 Prec@5 99.932             Loss 0.18056
Epoch [90] Training Class Recall: [0.878,0.913,0.922,0.942,0.947,0.955,0.960,0.950,0.962,0.964]
Epoch [90] Testing Results: Prec@1 20.980 Prec@5 62.900             Loss 6.46555
Epoch [90] Testing Class Recall: [0.449,0.527,0.185,0.065,0.317,0.053,0.164,0.246,0.066,0.026]
Epoch [91] Training Results: Prec@1 93.870 Prec@5 99.887             Loss 0.18380
Epoch [91] Training Class Recall: [0.884,0.918,0.925,0.932,0.943,0.955,0.954,0.953,0.955,0.969]
Epoch [91] Testing Results: Prec@1 20.320 Prec@5 63.120             Loss 6.53668
Epoch [91] Testing Class Recall: [0.601,0.416,0.336,0.175,0.184,0.082,0.090,0.037,0.099,0.012]
Epoch [92] Training Results: Prec@1 93.865 Prec@5 99.902             Loss 0.18459
Epoch [92] Training Class Recall: [0.881,0.911,0.921,0.933,0.940,0.957,0.958,0.954,0.964,0.968]
Epoch [92] Testing Results: Prec@1 21.240 Prec@5 67.030             Loss 5.86041
Epoch [92] Testing Class Recall: [0.334,0.509,0.263,0.259,0.117,0.218,0.173,0.100,0.092,0.059]
Epoch [93] Training Results: Prec@1 94.022 Prec@5 99.925             Loss 0.17957
Epoch [93] Training Class Recall: [0.883,0.919,0.917,0.939,0.944,0.963,0.958,0.955,0.957,0.968]
Epoch [93] Testing Results: Prec@1 19.650 Prec@5 61.940             Loss 6.36042
Epoch [93] Testing Class Recall: [0.289,0.621,0.334,0.149,0.133,0.037,0.221,0.087,0.080,0.014]
Epoch [94] Training Results: Prec@1 94.857 Prec@5 99.945             Loss 0.16073
Epoch [94] Training Class Recall: [0.901,0.931,0.929,0.951,0.951,0.963,0.965,0.959,0.966,0.970]
Epoch [94] Testing Results: Prec@1 19.370 Prec@5 62.080             Loss 6.73504
Epoch [94] Testing Class Recall: [0.620,0.376,0.188,0.141,0.124,0.033,0.112,0.242,0.076,0.025]
Epoch [95] Training Results: Prec@1 93.612 Prec@5 99.920             Loss 0.19050
Epoch [95] Training Class Recall: [0.868,0.918,0.915,0.930,0.947,0.956,0.952,0.953,0.957,0.965]
Epoch [95] Testing Results: Prec@1 22.890 Prec@5 64.680             Loss 5.85331
Epoch [95] Testing Class Recall: [0.426,0.539,0.228,0.398,0.168,0.105,0.242,0.107,0.068,0.008]
Epoch [96] Training Results: Prec@1 94.057 Prec@5 99.915             Loss 0.18177
Epoch [96] Training Class Recall: [0.882,0.923,0.921,0.935,0.943,0.964,0.958,0.949,0.961,0.970]
Epoch [96] Testing Results: Prec@1 19.750 Prec@5 63.050             Loss 5.85395
Epoch [96] Testing Class Recall: [0.537,0.277,0.270,0.233,0.148,0.086,0.159,0.116,0.119,0.030]
Epoch [97] Training Results: Prec@1 94.772 Prec@5 99.935             Loss 0.15922
Epoch [97] Training Class Recall: [0.894,0.927,0.934,0.944,0.954,0.960,0.961,0.963,0.967,0.974]
Epoch [97] Testing Results: Prec@1 21.630 Prec@5 65.670             Loss 6.06974
Epoch [97] Testing Class Recall: [0.327,0.492,0.327,0.254,0.171,0.193,0.189,0.145,0.034,0.031]
Epoch [98] Training Results: Prec@1 94.317 Prec@5 99.887             Loss 0.17700
Epoch [98] Training Class Recall: [0.886,0.922,0.929,0.942,0.952,0.959,0.962,0.950,0.961,0.970]
Epoch [98] Testing Results: Prec@1 20.960 Prec@5 63.310             Loss 6.29943
Epoch [98] Testing Class Recall: [0.577,0.367,0.320,0.294,0.171,0.062,0.105,0.127,0.034,0.039]
Epoch [99] Training Results: Prec@1 93.845 Prec@5 99.920             Loss 0.18510
Epoch [99] Training Class Recall: [0.880,0.918,0.917,0.938,0.943,0.954,0.954,0.952,0.959,0.970]
Epoch [99] Testing Results: Prec@1 21.030 Prec@5 62.630             Loss 6.43601
Epoch [99] Testing Class Recall: [0.586,0.479,0.290,0.153,0.064,0.244,0.113,0.094,0.068,0.012]
Epoch [100] Training Results: Prec@1 94.677 Prec@5 99.938             Loss 0.16413
Epoch [100] Training Class Recall: [0.897,0.925,0.932,0.948,0.950,0.959,0.961,0.956,0.964,0.975]
Epoch [100] Testing Results: Prec@1 18.710 Prec@5 64.390             Loss 5.53204
Epoch [100] Testing Class Recall: [0.299,0.428,0.193,0.143,0.304,0.097,0.100,0.157,0.122,0.028]
Epoch [101] Training Results: Prec@1 94.167 Prec@5 99.910             Loss 0.18164
Epoch [101] Training Class Recall: [0.882,0.924,0.924,0.943,0.945,0.959,0.958,0.953,0.964,0.966]
Epoch [101] Testing Results: Prec@1 21.130 Prec@5 65.380             Loss 6.55787
Epoch [101] Testing Class Recall: [0.413,0.367,0.404,0.117,0.416,0.036,0.125,0.055,0.108,0.072]
Epoch [102] Training Results: Prec@1 95.002 Prec@5 99.940             Loss 0.15435
Epoch [102] Training Class Recall: [0.901,0.930,0.930,0.949,0.956,0.969,0.968,0.957,0.970,0.971]
Epoch [102] Testing Results: Prec@1 20.800 Prec@5 66.620             Loss 6.14494
Epoch [102] Testing Class Recall: [0.375,0.370,0.309,0.261,0.267,0.097,0.178,0.088,0.093,0.042]
Epoch [103] Training Results: Prec@1 94.080 Prec@5 99.945             Loss 0.18017
Epoch [103] Training Class Recall: [0.885,0.924,0.923,0.938,0.947,0.957,0.954,0.958,0.960,0.964]
Epoch [103] Testing Results: Prec@1 20.760 Prec@5 63.400             Loss 5.95505
Epoch [103] Testing Class Recall: [0.548,0.502,0.285,0.188,0.292,0.080,0.029,0.057,0.076,0.019]
Epoch [104] Training Results: Prec@1 94.112 Prec@5 99.935             Loss 0.17551
Epoch [104] Training Class Recall: [0.889,0.923,0.927,0.942,0.940,0.960,0.957,0.949,0.960,0.966]
Epoch [104] Testing Results: Prec@1 19.700 Prec@5 64.880             Loss 6.17929
Epoch [104] Testing Class Recall: [0.323,0.271,0.177,0.285,0.212,0.284,0.162,0.097,0.114,0.045]
Epoch [105] Training Results: Prec@1 94.405 Prec@5 99.930             Loss 0.17261
Epoch [105] Training Class Recall: [0.891,0.924,0.931,0.937,0.954,0.960,0.960,0.952,0.962,0.970]
Epoch [105] Testing Results: Prec@1 19.990 Prec@5 64.830             Loss 6.91448
Epoch [105] Testing Class Recall: [0.214,0.366,0.354,0.486,0.233,0.106,0.084,0.030,0.090,0.036]
Epoch [106] Training Results: Prec@1 94.188 Prec@5 99.917             Loss 0.17609
Epoch [106] Training Class Recall: [0.894,0.924,0.918,0.937,0.944,0.959,0.958,0.952,0.961,0.971]
Epoch [106] Testing Results: Prec@1 21.420 Prec@5 67.780             Loss 5.59817
Epoch [106] Testing Class Recall: [0.336,0.369,0.289,0.274,0.310,0.168,0.053,0.086,0.125,0.132]
Epoch [107] Training Results: Prec@1 94.470 Prec@5 99.938             Loss 0.16628
Epoch [107] Training Class Recall: [0.892,0.927,0.927,0.945,0.945,0.959,0.961,0.958,0.965,0.968]
Epoch [107] Testing Results: Prec@1 21.610 Prec@5 64.050             Loss 6.19360
Epoch [107] Testing Class Recall: [0.396,0.554,0.302,0.193,0.267,0.120,0.109,0.063,0.103,0.054]
Epoch [108] Training Results: Prec@1 94.257 Prec@5 99.932             Loss 0.17736
Epoch [108] Training Class Recall: [0.886,0.921,0.926,0.947,0.950,0.958,0.952,0.953,0.962,0.970]
Epoch [108] Testing Results: Prec@1 19.640 Prec@5 60.240             Loss 6.31468
Epoch [108] Testing Class Recall: [0.501,0.534,0.178,0.179,0.099,0.085,0.154,0.153,0.056,0.025]
Epoch [109] Training Results: Prec@1 94.487 Prec@5 99.908             Loss 0.16844
Epoch [109] Training Class Recall: [0.895,0.924,0.927,0.945,0.951,0.960,0.962,0.955,0.960,0.970]
Epoch [109] Testing Results: Prec@1 21.610 Prec@5 64.020             Loss 6.55709
Epoch [109] Testing Class Recall: [0.371,0.640,0.091,0.189,0.198,0.106,0.047,0.410,0.091,0.018]
Epoch [110] Training Results: Prec@1 93.875 Prec@5 99.915             Loss 0.18742
Epoch [110] Training Class Recall: [0.881,0.916,0.918,0.937,0.944,0.957,0.956,0.953,0.962,0.965]
Epoch [110] Testing Results: Prec@1 19.450 Prec@5 65.040             Loss 5.97659
Epoch [110] Testing Class Recall: [0.323,0.332,0.413,0.181,0.166,0.103,0.197,0.114,0.052,0.064]
Epoch [111] Training Results: Prec@1 94.743 Prec@5 99.938             Loss 0.16145
Epoch [111] Training Class Recall: [0.894,0.930,0.937,0.942,0.952,0.963,0.962,0.960,0.964,0.971]
Epoch [111] Testing Results: Prec@1 19.460 Prec@5 62.770             Loss 6.33440
Epoch [111] Testing Class Recall: [0.470,0.379,0.309,0.158,0.273,0.134,0.071,0.058,0.023,0.071]
Epoch [112] Training Results: Prec@1 94.810 Prec@5 99.935             Loss 0.15977
Epoch [112] Training Class Recall: [0.892,0.932,0.930,0.947,0.954,0.963,0.962,0.959,0.970,0.972]
Epoch [112] Testing Results: Prec@1 21.520 Prec@5 65.220             Loss 5.38953
Epoch [112] Testing Class Recall: [0.431,0.387,0.145,0.227,0.228,0.238,0.208,0.199,0.022,0.067]
Epoch [113] Training Results: Prec@1 93.967 Prec@5 99.930             Loss 0.18149
Epoch [113] Training Class Recall: [0.885,0.924,0.926,0.936,0.946,0.951,0.956,0.950,0.957,0.966]
Epoch [113] Testing Results: Prec@1 19.250 Prec@5 64.880             Loss 5.84728
Epoch [113] Testing Class Recall: [0.437,0.290,0.202,0.242,0.119,0.068,0.238,0.118,0.172,0.039]
Epoch [114] Training Results: Prec@1 95.325 Prec@5 99.952             Loss 0.14433
Epoch [114] Training Class Recall: [0.906,0.936,0.936,0.956,0.962,0.969,0.965,0.960,0.969,0.974]
Epoch [114] Testing Results: Prec@1 20.580 Prec@5 62.960             Loss 6.30202
Epoch [114] Testing Class Recall: [0.465,0.444,0.288,0.253,0.194,0.130,0.012,0.174,0.039,0.059]
Epoch [115] Training Results: Prec@1 94.215 Prec@5 99.915             Loss 0.17482
Epoch [115] Training Class Recall: [0.887,0.919,0.925,0.948,0.947,0.962,0.955,0.952,0.963,0.964]
Epoch [115] Testing Results: Prec@1 21.750 Prec@5 63.680             Loss 6.25598
Epoch [115] Testing Class Recall: [0.491,0.664,0.084,0.226,0.213,0.118,0.184,0.043,0.121,0.031]
Epoch [116] Training Results: Prec@1 94.072 Prec@5 99.940             Loss 0.17959
Epoch [116] Training Class Recall: [0.889,0.919,0.923,0.936,0.947,0.961,0.952,0.948,0.962,0.970]
Epoch [116] Testing Results: Prec@1 21.450 Prec@5 65.420             Loss 6.36001
Epoch [116] Testing Class Recall: [0.328,0.528,0.342,0.280,0.167,0.247,0.060,0.114,0.061,0.018]
Epoch [117] Training Results: Prec@1 95.245 Prec@5 99.955             Loss 0.14582
Epoch [117] Training Class Recall: [0.897,0.938,0.936,0.953,0.960,0.965,0.972,0.960,0.972,0.974]
Epoch [117] Testing Results: Prec@1 22.230 Prec@5 64.090             Loss 6.26350
Epoch [117] Testing Class Recall: [0.373,0.509,0.279,0.138,0.349,0.104,0.132,0.269,0.044,0.026]
Epoch [118] Training Results: Prec@1 94.625 Prec@5 99.920             Loss 0.16832
Epoch [118] Training Class Recall: [0.888,0.929,0.935,0.945,0.948,0.959,0.958,0.962,0.963,0.976]
Epoch [118] Testing Results: Prec@1 20.540 Prec@5 62.320             Loss 6.50985
Epoch [118] Testing Class Recall: [0.413,0.499,0.507,0.099,0.196,0.058,0.111,0.087,0.061,0.023]
Epoch [119] Training Results: Prec@1 93.717 Prec@5 99.905             Loss 0.19178
Epoch [119] Training Class Recall: [0.876,0.915,0.920,0.937,0.943,0.954,0.958,0.949,0.960,0.961]
Epoch [119] Testing Results: Prec@1 19.300 Prec@5 61.000             Loss 6.20637
Epoch [119] Testing Class Recall: [0.392,0.516,0.159,0.318,0.221,0.138,0.041,0.041,0.054,0.050]
Epoch [120] Training Results: Prec@1 95.295 Prec@5 99.957             Loss 0.14537
Epoch [120] Training Class Recall: [0.906,0.935,0.938,0.953,0.958,0.965,0.967,0.965,0.966,0.977]
Epoch [120] Testing Results: Prec@1 19.490 Prec@5 63.970             Loss 6.69344
Epoch [120] Testing Class Recall: [0.338,0.368,0.189,0.223,0.320,0.024,0.113,0.232,0.117,0.025]
Epoch [121] Training Results: Prec@1 93.837 Prec@5 99.932             Loss 0.18240
Epoch [121] Training Class Recall: [0.885,0.913,0.926,0.932,0.938,0.959,0.956,0.950,0.959,0.966]
Epoch [121] Testing Results: Prec@1 19.020 Prec@5 62.340             Loss 7.01104
Epoch [121] Testing Class Recall: [0.300,0.385,0.418,0.354,0.103,0.134,0.047,0.058,0.072,0.031]
Epoch [122] Training Results: Prec@1 94.780 Prec@5 99.940             Loss 0.16102
Epoch [122] Training Class Recall: [0.899,0.929,0.930,0.948,0.952,0.964,0.961,0.958,0.965,0.974]
Epoch [122] Testing Results: Prec@1 19.110 Prec@5 63.250             Loss 6.47260
Epoch [122] Testing Class Recall: [0.436,0.307,0.228,0.333,0.172,0.049,0.140,0.103,0.135,0.008]
Epoch [123] Training Results: Prec@1 94.320 Prec@5 99.925             Loss 0.17326
Epoch [123] Training Class Recall: [0.887,0.921,0.929,0.944,0.952,0.955,0.962,0.951,0.962,0.970]
Epoch [123] Testing Results: Prec@1 19.170 Prec@5 61.180             Loss 5.81676
Epoch [123] Testing Class Recall: [0.523,0.427,0.084,0.172,0.286,0.044,0.074,0.212,0.074,0.021]
Epoch [124] Training Results: Prec@1 95.517 Prec@5 99.965             Loss 0.13716
Epoch [124] Training Class Recall: [0.905,0.938,0.942,0.954,0.963,0.971,0.967,0.963,0.974,0.976]
Epoch [124] Testing Results: Prec@1 19.650 Prec@5 63.630             Loss 6.48541
Epoch [124] Testing Class Recall: [0.196,0.385,0.357,0.141,0.340,0.098,0.175,0.208,0.049,0.016]
Epoch [125] Training Results: Prec@1 94.270 Prec@5 99.930             Loss 0.17620
Epoch [125] Training Class Recall: [0.896,0.921,0.926,0.941,0.942,0.962,0.956,0.949,0.960,0.975]
Epoch [125] Testing Results: Prec@1 19.000 Prec@5 64.580             Loss 6.02142
Epoch [125] Testing Class Recall: [0.498,0.205,0.245,0.050,0.282,0.200,0.094,0.164,0.093,0.069]
Epoch [126] Training Results: Prec@1 94.070 Prec@5 99.925             Loss 0.17794
Epoch [126] Training Class Recall: [0.884,0.921,0.922,0.938,0.950,0.959,0.956,0.949,0.962,0.966]
Epoch [126] Testing Results: Prec@1 20.050 Prec@5 63.480             Loss 6.31271
Epoch [126] Testing Class Recall: [0.451,0.351,0.445,0.177,0.146,0.263,0.027,0.073,0.040,0.032]
Epoch [127] Training Results: Prec@1 94.482 Prec@5 99.927             Loss 0.17081
Epoch [127] Training Class Recall: [0.896,0.925,0.927,0.938,0.950,0.960,0.962,0.958,0.967,0.965]
Epoch [127] Testing Results: Prec@1 21.440 Prec@5 64.030             Loss 6.32556
Epoch [127] Testing Class Recall: [0.350,0.471,0.384,0.369,0.163,0.196,0.021,0.112,0.066,0.012]
Epoch [128] Training Results: Prec@1 95.487 Prec@5 99.970             Loss 0.13978
Epoch [128] Training Class Recall: [0.903,0.937,0.946,0.954,0.962,0.965,0.963,0.967,0.976,0.976]
Epoch [128] Testing Results: Prec@1 21.060 Prec@5 63.250             Loss 7.18821
Epoch [128] Testing Class Recall: [0.456,0.501,0.197,0.522,0.113,0.034,0.170,0.083,0.006,0.024]
Epoch [129] Training Results: Prec@1 94.372 Prec@5 99.925             Loss 0.17359
Epoch [129] Training Class Recall: [0.899,0.925,0.930,0.942,0.948,0.959,0.959,0.953,0.963,0.960]
Epoch [129] Testing Results: Prec@1 21.920 Prec@5 65.240             Loss 5.58632
Epoch [129] Testing Class Recall: [0.311,0.594,0.275,0.227,0.160,0.064,0.165,0.316,0.062,0.018]
Epoch [130] Training Results: Prec@1 95.182 Prec@5 99.965             Loss 0.14784
Epoch [130] Training Class Recall: [0.907,0.933,0.942,0.948,0.955,0.962,0.961,0.964,0.973,0.974]
Epoch [130] Testing Results: Prec@1 19.610 Prec@5 63.690             Loss 6.05036
Epoch [130] Testing Class Recall: [0.347,0.359,0.296,0.208,0.094,0.128,0.308,0.065,0.052,0.104]
Epoch [131] Training Results: Prec@1 94.170 Prec@5 99.915             Loss 0.17762
Epoch [131] Training Class Recall: [0.887,0.921,0.930,0.940,0.950,0.955,0.951,0.954,0.961,0.970]
Epoch [131] Testing Results: Prec@1 18.130 Prec@5 64.620             Loss 6.18677
Epoch [131] Testing Class Recall: [0.296,0.297,0.150,0.087,0.284,0.024,0.255,0.165,0.184,0.071]
Epoch [132] Training Results: Prec@1 95.195 Prec@5 99.950             Loss 0.14624
Epoch [132] Training Class Recall: [0.897,0.939,0.939,0.948,0.959,0.968,0.967,0.954,0.972,0.977]
Epoch [132] Testing Results: Prec@1 20.870 Prec@5 62.290             Loss 6.27611
Epoch [132] Testing Class Recall: [0.523,0.656,0.177,0.265,0.155,0.067,0.139,0.030,0.034,0.041]
Epoch [133] Training Results: Prec@1 94.807 Prec@5 99.932             Loss 0.15873
Epoch [133] Training Class Recall: [0.896,0.932,0.936,0.944,0.946,0.962,0.966,0.960,0.964,0.975]
Epoch [133] Testing Results: Prec@1 20.290 Prec@5 64.990             Loss 6.23418
Epoch [133] Testing Class Recall: [0.294,0.407,0.348,0.201,0.347,0.024,0.066,0.079,0.231,0.032]
Epoch [134] Training Results: Prec@1 94.620 Prec@5 99.932             Loss 0.16632
Epoch [134] Training Class Recall: [0.902,0.931,0.933,0.939,0.949,0.955,0.956,0.961,0.965,0.971]
Epoch [134] Testing Results: Prec@1 17.720 Prec@5 63.750             Loss 6.86859
Epoch [134] Testing Class Recall: [0.292,0.231,0.185,0.355,0.147,0.088,0.266,0.090,0.080,0.038]
Epoch [135] Training Results: Prec@1 94.620 Prec@5 99.962             Loss 0.16367
Epoch [135] Training Class Recall: [0.894,0.925,0.931,0.943,0.952,0.965,0.959,0.958,0.964,0.971]
Epoch [135] Testing Results: Prec@1 22.140 Prec@5 66.300             Loss 6.32288
Epoch [135] Testing Class Recall: [0.435,0.305,0.353,0.193,0.300,0.254,0.201,0.107,0.017,0.049]
Epoch [136] Training Results: Prec@1 95.605 Prec@5 99.940             Loss 0.13770
Epoch [136] Training Class Recall: [0.919,0.940,0.942,0.954,0.956,0.964,0.968,0.966,0.977,0.976]
Epoch [136] Testing Results: Prec@1 19.000 Prec@5 66.200             Loss 6.26281
Epoch [136] Testing Class Recall: [0.321,0.164,0.329,0.131,0.316,0.131,0.131,0.135,0.196,0.046]
Epoch [137] Training Results: Prec@1 94.500 Prec@5 99.927             Loss 0.16923
Epoch [137] Training Class Recall: [0.887,0.924,0.928,0.951,0.949,0.967,0.958,0.954,0.963,0.969]
Epoch [137] Testing Results: Prec@1 19.950 Prec@5 61.780             Loss 6.95070
Epoch [137] Testing Class Recall: [0.576,0.351,0.060,0.414,0.275,0.059,0.140,0.077,0.016,0.027]
Epoch [138] Training Results: Prec@1 94.740 Prec@5 99.950             Loss 0.16271
Epoch [138] Training Class Recall: [0.901,0.926,0.928,0.946,0.951,0.966,0.965,0.959,0.964,0.969]
Epoch [138] Testing Results: Prec@1 19.800 Prec@5 66.390             Loss 5.96385
Epoch [138] Testing Class Recall: [0.515,0.270,0.317,0.326,0.119,0.113,0.081,0.109,0.075,0.055]
Epoch [139] Training Results: Prec@1 94.368 Prec@5 99.917             Loss 0.17323
Epoch [139] Training Class Recall: [0.889,0.921,0.933,0.942,0.949,0.955,0.958,0.955,0.966,0.969]
Epoch [139] Testing Results: Prec@1 20.720 Prec@5 61.560             Loss 5.77820
Epoch [139] Testing Class Recall: [0.428,0.581,0.262,0.285,0.135,0.113,0.138,0.024,0.025,0.081]
Epoch [140] Training Results: Prec@1 94.082 Prec@5 99.940             Loss 0.18134
Epoch [140] Training Class Recall: [0.885,0.922,0.927,0.936,0.945,0.957,0.954,0.948,0.965,0.970]
Epoch [140] Testing Results: Prec@1 18.860 Prec@5 60.880             Loss 6.87956
Epoch [140] Testing Class Recall: [0.575,0.370,0.273,0.149,0.115,0.039,0.040,0.230,0.046,0.049]
Epoch [141] Training Results: Prec@1 94.807 Prec@5 99.932             Loss 0.16233
Epoch [141] Training Class Recall: [0.887,0.933,0.937,0.949,0.954,0.962,0.960,0.959,0.969,0.971]
Epoch [141] Testing Results: Prec@1 21.020 Prec@5 62.370             Loss 5.79547
Epoch [141] Testing Class Recall: [0.446,0.484,0.341,0.155,0.286,0.128,0.087,0.090,0.035,0.050]
Epoch [142] Training Results: Prec@1 95.892 Prec@5 99.950             Loss 0.12429
Epoch [142] Training Class Recall: [0.914,0.944,0.946,0.959,0.957,0.971,0.973,0.970,0.977,0.979]
Epoch [142] Testing Results: Prec@1 19.510 Prec@5 64.070             Loss 6.81961
Epoch [142] Testing Class Recall: [0.626,0.334,0.199,0.267,0.177,0.091,0.095,0.062,0.059,0.041]
Epoch [143] Training Results: Prec@1 94.505 Prec@5 99.945             Loss 0.16687
Epoch [143] Training Class Recall: [0.899,0.924,0.933,0.941,0.950,0.962,0.957,0.952,0.965,0.967]
Epoch [143] Testing Results: Prec@1 22.340 Prec@5 64.540             Loss 6.06788
Epoch [143] Testing Class Recall: [0.455,0.555,0.439,0.234,0.127,0.072,0.137,0.078,0.121,0.016]
Epoch [144] Training Results: Prec@1 94.500 Prec@5 99.942             Loss 0.16605
Epoch [144] Training Class Recall: [0.894,0.923,0.934,0.951,0.950,0.957,0.958,0.952,0.962,0.970]
Epoch [144] Testing Results: Prec@1 19.900 Prec@5 63.600             Loss 6.13072
Epoch [144] Testing Class Recall: [0.512,0.352,0.305,0.282,0.167,0.123,0.076,0.061,0.058,0.054]
Epoch [145] Training Results: Prec@1 95.675 Prec@5 99.952             Loss 0.13507
Epoch [145] Training Class Recall: [0.914,0.938,0.944,0.952,0.968,0.968,0.968,0.965,0.974,0.976]
Epoch [145] Testing Results: Prec@1 19.970 Prec@5 63.110             Loss 6.96183
Epoch [145] Testing Class Recall: [0.355,0.357,0.245,0.267,0.154,0.067,0.365,0.161,0.019,0.007]
Epoch [146] Training Results: Prec@1 94.637 Prec@5 99.925             Loss 0.16293
Epoch [146] Training Class Recall: [0.896,0.927,0.932,0.946,0.954,0.958,0.957,0.957,0.967,0.970]
Epoch [146] Testing Results: Prec@1 21.050 Prec@5 64.990             Loss 6.09830
Epoch [146] Testing Class Recall: [0.508,0.484,0.217,0.313,0.183,0.032,0.053,0.151,0.086,0.078]
Epoch [147] Training Results: Prec@1 94.317 Prec@5 99.945             Loss 0.17128
Epoch [147] Training Class Recall: [0.894,0.918,0.929,0.943,0.942,0.960,0.960,0.950,0.965,0.971]
Epoch [147] Testing Results: Prec@1 18.480 Prec@5 63.230             Loss 6.26964
Epoch [147] Testing Class Recall: [0.427,0.306,0.115,0.127,0.199,0.043,0.210,0.184,0.185,0.052]
Epoch [148] Training Results: Prec@1 94.597 Prec@5 99.950             Loss 0.16448
Epoch [148] Training Class Recall: [0.894,0.923,0.933,0.941,0.952,0.960,0.965,0.955,0.970,0.968]
Epoch [148] Testing Results: Prec@1 19.130 Prec@5 63.340             Loss 6.33630
Epoch [148] Testing Class Recall: [0.453,0.319,0.157,0.143,0.208,0.160,0.088,0.327,0.040,0.018]
Epoch [149] Training Results: Prec@1 95.087 Prec@5 99.955             Loss 0.14789
Epoch [149] Training Class Recall: [0.898,0.934,0.941,0.950,0.957,0.965,0.965,0.959,0.968,0.971]
Epoch [149] Testing Results: Prec@1 21.620 Prec@5 65.090             Loss 6.25915
Epoch [149] Testing Class Recall: [0.622,0.344,0.272,0.271,0.260,0.053,0.163,0.080,0.043,0.054]
Epoch [150] Training Results: Prec@1 94.650 Prec@5 99.947             Loss 0.16107
Epoch [150] Training Class Recall: [0.895,0.929,0.930,0.947,0.957,0.961,0.960,0.953,0.965,0.969]
Epoch [150] Testing Results: Prec@1 20.010 Prec@5 64.780             Loss 6.29891
Epoch [150] Testing Class Recall: [0.447,0.256,0.338,0.123,0.215,0.153,0.125,0.218,0.097,0.029]
Epoch [151] Training Results: Prec@1 95.680 Prec@5 99.955             Loss 0.13444
Epoch [151] Training Class Recall: [0.915,0.938,0.945,0.957,0.962,0.966,0.969,0.966,0.976,0.975]
Epoch [151] Testing Results: Prec@1 22.790 Prec@5 66.980             Loss 5.89168
Epoch [151] Testing Class Recall: [0.363,0.448,0.416,0.411,0.167,0.052,0.119,0.155,0.090,0.058]
Epoch [152] Training Results: Prec@1 94.435 Prec@5 99.923             Loss 0.17086
Epoch [152] Training Class Recall: [0.892,0.925,0.929,0.941,0.954,0.961,0.956,0.955,0.964,0.967]
Epoch [152] Testing Results: Prec@1 19.270 Prec@5 61.150             Loss 6.51060
Epoch [152] Testing Class Recall: [0.482,0.434,0.140,0.197,0.167,0.221,0.062,0.167,0.042,0.015]
Epoch [153] Training Results: Prec@1 94.522 Prec@5 99.935             Loss 0.16582
Epoch [153] Training Class Recall: [0.887,0.928,0.931,0.948,0.946,0.955,0.962,0.955,0.968,0.974]
Epoch [153] Testing Results: Prec@1 21.760 Prec@5 63.320             Loss 5.97793
Epoch [153] Testing Class Recall: [0.412,0.613,0.189,0.250,0.241,0.145,0.105,0.132,0.051,0.038]
Epoch [154] Training Results: Prec@1 95.555 Prec@5 99.960             Loss 0.13496
Epoch [154] Training Class Recall: [0.907,0.942,0.944,0.948,0.958,0.969,0.972,0.971,0.970,0.976]
Epoch [154] Testing Results: Prec@1 21.550 Prec@5 62.180             Loss 7.20106
Epoch [154] Testing Class Recall: [0.456,0.532,0.571,0.236,0.099,0.057,0.057,0.071,0.060,0.016]
Epoch [155] Training Results: Prec@1 94.460 Prec@5 99.927             Loss 0.16940
Epoch [155] Training Class Recall: [0.893,0.928,0.925,0.949,0.945,0.962,0.958,0.954,0.964,0.969]
Epoch [155] Testing Results: Prec@1 21.050 Prec@5 65.400             Loss 6.60950
Epoch [155] Testing Class Recall: [0.476,0.349,0.309,0.472,0.088,0.088,0.018,0.131,0.120,0.054]
Epoch [156] Training Results: Prec@1 94.660 Prec@5 99.947             Loss 0.16399
Epoch [156] Training Class Recall: [0.902,0.930,0.933,0.943,0.956,0.959,0.957,0.954,0.962,0.970]
Epoch [156] Testing Results: Prec@1 21.370 Prec@5 67.500             Loss 5.84655
Epoch [156] Testing Class Recall: [0.175,0.598,0.173,0.367,0.318,0.118,0.204,0.103,0.067,0.014]
Epoch [157] Training Results: Prec@1 95.120 Prec@5 99.947             Loss 0.15357
Epoch [157] Training Class Recall: [0.903,0.934,0.940,0.949,0.960,0.965,0.963,0.962,0.964,0.973]
Epoch [157] Testing Results: Prec@1 21.960 Prec@5 65.290             Loss 5.98221
Epoch [157] Testing Class Recall: [0.293,0.557,0.311,0.316,0.177,0.151,0.140,0.127,0.061,0.063]
Epoch [158] Training Results: Prec@1 95.005 Prec@5 99.942             Loss 0.15746
Epoch [158] Training Class Recall: [0.909,0.930,0.935,0.948,0.959,0.958,0.962,0.956,0.966,0.977]
Epoch [158] Testing Results: Prec@1 20.040 Prec@5 63.800             Loss 6.04267
Epoch [158] Testing Class Recall: [0.284,0.427,0.443,0.268,0.138,0.079,0.154,0.107,0.077,0.027]
Epoch [159] Training Results: Prec@1 94.247 Prec@5 99.923             Loss 0.17445
Epoch [159] Training Class Recall: [0.892,0.920,0.930,0.943,0.948,0.957,0.959,0.958,0.955,0.962]
Epoch [159] Testing Results: Prec@1 22.290 Prec@5 63.250             Loss 5.75356
Epoch [159] Testing Class Recall: [0.433,0.597,0.192,0.205,0.170,0.274,0.126,0.133,0.052,0.047]
Epoch [160] Training Results: Prec@1 97.482 Prec@5 99.997             Loss 0.08458
Epoch [160] Training Class Recall: [0.932,0.976,0.963,0.972,0.982,0.987,0.984,0.981,0.986,0.986]
Epoch [160] Testing Results: Prec@1 22.870 Prec@5 64.750             Loss 5.62626
Epoch [160] Testing Class Recall: [0.465,0.516,0.264,0.246,0.217,0.163,0.145,0.172,0.061,0.038]
Epoch [161] Training Results: Prec@1 98.832 Prec@5 99.997             Loss 0.04590
Epoch [161] Training Class Recall: [0.963,0.984,0.986,0.989,0.990,0.994,0.994,0.991,0.996,0.995]
Epoch [161] Testing Results: Prec@1 22.670 Prec@5 64.170             Loss 5.62321
Epoch [161] Testing Class Recall: [0.462,0.514,0.298,0.275,0.236,0.125,0.135,0.137,0.055,0.030]
Epoch [162] Training Results: Prec@1 99.265 Prec@5 99.997             Loss 0.03463
Epoch [162] Training Class Recall: [0.975,0.987,0.992,0.992,0.996,0.997,0.996,0.997,0.998,0.998]
Epoch [162] Testing Results: Prec@1 22.710 Prec@5 64.160             Loss 5.64882
Epoch [162] Testing Class Recall: [0.488,0.518,0.313,0.252,0.238,0.116,0.134,0.132,0.049,0.031]
Epoch [163] Training Results: Prec@1 99.427 Prec@5 99.997             Loss 0.02806
Epoch [163] Training Class Recall: [0.980,0.992,0.992,0.992,0.997,0.998,0.997,0.997,0.999,0.999]
Epoch [163] Testing Results: Prec@1 22.850 Prec@5 63.920             Loss 5.70448
Epoch [163] Testing Class Recall: [0.503,0.525,0.323,0.234,0.248,0.095,0.140,0.127,0.063,0.027]
Epoch [164] Training Results: Prec@1 99.455 Prec@5 99.995             Loss 0.02586
Epoch [164] Training Class Recall: [0.980,0.989,0.995,0.995,0.996,0.998,0.998,0.998,0.999,0.999]
Epoch [164] Testing Results: Prec@1 22.740 Prec@5 63.960             Loss 5.70596
Epoch [164] Testing Class Recall: [0.502,0.527,0.301,0.260,0.238,0.106,0.141,0.122,0.054,0.023]
Epoch [165] Training Results: Prec@1 99.607 Prec@5 100.000             Loss 0.02151
Epoch [165] Training Class Recall: [0.988,0.992,0.995,0.997,0.998,0.999,0.997,0.998,0.999,0.999]
Epoch [165] Testing Results: Prec@1 22.800 Prec@5 64.270             Loss 5.69001
Epoch [165] Testing Class Recall: [0.510,0.533,0.310,0.251,0.225,0.112,0.128,0.126,0.059,0.026]
Epoch [166] Training Results: Prec@1 99.622 Prec@5 100.000             Loss 0.02077
Epoch [166] Training Class Recall: [0.987,0.996,0.995,0.995,0.998,0.999,0.999,0.998,0.999,0.999]
Epoch [166] Testing Results: Prec@1 22.630 Prec@5 64.080             Loss 5.70688
Epoch [166] Testing Class Recall: [0.502,0.524,0.317,0.245,0.253,0.095,0.128,0.122,0.047,0.030]
Epoch [167] Training Results: Prec@1 99.685 Prec@5 100.000             Loss 0.01871
Epoch [167] Training Class Recall: [0.988,0.993,0.997,0.998,0.999,1.000,0.998,0.999,1.000,1.000]
Epoch [167] Testing Results: Prec@1 22.840 Prec@5 64.100             Loss 5.69968
Epoch [167] Testing Class Recall: [0.502,0.538,0.322,0.247,0.224,0.103,0.141,0.137,0.047,0.023]
Epoch [168] Training Results: Prec@1 99.707 Prec@5 99.997             Loss 0.01656
Epoch [168] Training Class Recall: [0.990,0.994,0.995,0.998,0.999,1.000,0.999,0.998,1.000,1.000]
Epoch [168] Testing Results: Prec@1 22.800 Prec@5 64.220             Loss 5.73676
Epoch [168] Testing Class Recall: [0.545,0.524,0.315,0.247,0.234,0.088,0.119,0.128,0.053,0.027]
Epoch [169] Training Results: Prec@1 99.745 Prec@5 100.000             Loss 0.01621
Epoch [169] Training Class Recall: [0.990,0.995,0.997,0.998,0.998,1.000,0.999,1.000,0.999,1.000]
Epoch [169] Testing Results: Prec@1 23.140 Prec@5 64.350             Loss 5.70728
Epoch [169] Testing Class Recall: [0.523,0.550,0.299,0.261,0.236,0.106,0.141,0.124,0.048,0.026]
Epoch [170] Training Results: Prec@1 99.785 Prec@5 100.000             Loss 0.01443
Epoch [170] Training Class Recall: [0.991,0.996,0.999,0.998,0.999,1.000,0.999,1.000,1.000,1.000]
Epoch [170] Testing Results: Prec@1 22.910 Prec@5 64.530             Loss 5.67589
Epoch [170] Testing Class Recall: [0.511,0.533,0.314,0.267,0.228,0.098,0.129,0.134,0.055,0.022]
Epoch [171] Training Results: Prec@1 99.785 Prec@5 100.000             Loss 0.01396
Epoch [171] Training Class Recall: [0.993,0.994,0.999,0.998,0.999,1.000,0.998,0.999,1.000,1.000]
Epoch [171] Testing Results: Prec@1 22.850 Prec@5 64.300             Loss 5.73472
Epoch [171] Testing Class Recall: [0.525,0.528,0.321,0.253,0.238,0.082,0.138,0.120,0.053,0.027]
Epoch [172] Training Results: Prec@1 99.807 Prec@5 100.000             Loss 0.01322
Epoch [172] Training Class Recall: [0.992,0.998,0.998,0.998,0.999,1.000,0.999,0.999,1.000,1.000]
Epoch [172] Testing Results: Prec@1 22.790 Prec@5 64.440             Loss 5.77937
Epoch [172] Testing Class Recall: [0.523,0.532,0.319,0.253,0.224,0.085,0.138,0.129,0.050,0.026]
Epoch [173] Training Results: Prec@1 99.827 Prec@5 99.997             Loss 0.01296
Epoch [173] Training Class Recall: [0.993,0.998,0.997,0.999,0.999,1.000,0.999,0.999,0.999,1.000]
Epoch [173] Testing Results: Prec@1 23.100 Prec@5 64.680             Loss 5.69282
Epoch [173] Testing Class Recall: [0.535,0.534,0.313,0.238,0.246,0.093,0.130,0.135,0.057,0.029]
Epoch [174] Training Results: Prec@1 99.820 Prec@5 100.000             Loss 0.01233
Epoch [174] Training Class Recall: [0.991,0.997,0.999,0.998,1.000,1.000,0.999,1.000,1.000,0.999]
Epoch [174] Testing Results: Prec@1 22.960 Prec@5 64.360             Loss 5.76477
Epoch [174] Testing Class Recall: [0.538,0.551,0.313,0.258,0.234,0.090,0.133,0.112,0.045,0.022]
Epoch [175] Training Results: Prec@1 99.837 Prec@5 100.000             Loss 0.01220
Epoch [175] Training Class Recall: [0.994,0.996,0.999,0.999,0.999,1.000,0.999,0.999,1.000,1.000]
Epoch [175] Testing Results: Prec@1 23.060 Prec@5 64.760             Loss 5.70943
Epoch [175] Testing Class Recall: [0.531,0.516,0.317,0.282,0.231,0.087,0.141,0.123,0.054,0.024]
Epoch [176] Training Results: Prec@1 99.850 Prec@5 99.997             Loss 0.01134
Epoch [176] Training Class Recall: [0.995,0.996,0.998,0.999,1.000,1.000,1.000,1.000,1.000,1.000]
Epoch [176] Testing Results: Prec@1 23.030 Prec@5 64.340             Loss 5.76925
Epoch [176] Testing Class Recall: [0.544,0.532,0.313,0.270,0.215,0.089,0.134,0.129,0.055,0.022]
Epoch [177] Training Results: Prec@1 99.825 Prec@5 100.000             Loss 0.01144
Epoch [177] Training Class Recall: [0.994,0.997,0.998,0.998,1.000,0.999,0.999,0.999,0.999,1.000]
Epoch [177] Testing Results: Prec@1 22.770 Prec@5 64.450             Loss 5.78852
Epoch [177] Testing Class Recall: [0.528,0.518,0.318,0.282,0.227,0.084,0.143,0.106,0.049,0.022]
Epoch [178] Training Results: Prec@1 99.872 Prec@5 100.000             Loss 0.01045
Epoch [178] Training Class Recall: [0.996,0.998,0.998,0.998,1.000,0.999,1.000,1.000,1.000,1.000]
Epoch [178] Testing Results: Prec@1 22.930 Prec@5 64.550             Loss 5.78193
Epoch [178] Testing Class Recall: [0.539,0.505,0.329,0.253,0.249,0.093,0.145,0.113,0.046,0.021]
Epoch [179] Training Results: Prec@1 99.865 Prec@5 99.997             Loss 0.01038
Epoch [179] Training Class Recall: [0.993,0.999,0.998,1.000,0.999,1.000,1.000,0.999,1.000,1.000]
Epoch [179] Testing Results: Prec@1 22.920 Prec@5 64.530             Loss 5.74930
Epoch [179] Testing Class Recall: [0.552,0.526,0.319,0.267,0.219,0.088,0.144,0.108,0.046,0.023]
Epoch [180] Training Results: Prec@1 99.880 Prec@5 99.995             Loss 0.01012
Epoch [180] Training Class Recall: [0.994,0.998,0.999,0.999,1.000,1.000,0.999,0.999,1.000,1.000]
Epoch [180] Testing Results: Prec@1 22.840 Prec@5 64.500             Loss 5.72100
Epoch [180] Testing Class Recall: [0.535,0.520,0.320,0.250,0.243,0.084,0.128,0.125,0.055,0.024]
Epoch [181] Training Results: Prec@1 99.877 Prec@5 100.000             Loss 0.01037
Epoch [181] Training Class Recall: [0.996,0.997,0.999,0.999,1.000,1.000,1.000,0.999,1.000,1.000]
Epoch [181] Testing Results: Prec@1 22.860 Prec@5 64.410             Loss 5.69889
Epoch [181] Testing Class Recall: [0.529,0.533,0.322,0.256,0.225,0.092,0.133,0.125,0.047,0.024]
Epoch [182] Training Results: Prec@1 99.877 Prec@5 100.000             Loss 0.01029
Epoch [182] Training Class Recall: [0.996,0.999,0.999,0.999,0.998,1.000,0.999,1.000,1.000,1.000]
Epoch [182] Testing Results: Prec@1 22.870 Prec@5 64.210             Loss 5.77484
Epoch [182] Testing Class Recall: [0.543,0.520,0.323,0.259,0.230,0.094,0.124,0.123,0.046,0.025]
Epoch [183] Training Results: Prec@1 99.882 Prec@5 100.000             Loss 0.00977
Epoch [183] Training Class Recall: [0.995,0.999,0.998,0.998,1.000,1.000,0.999,1.000,1.000,1.000]
Epoch [183] Testing Results: Prec@1 23.040 Prec@5 64.470             Loss 5.79062
Epoch [183] Testing Class Recall: [0.522,0.536,0.322,0.281,0.227,0.084,0.141,0.119,0.050,0.022]
Epoch [184] Training Results: Prec@1 99.877 Prec@5 100.000             Loss 0.00997
Epoch [184] Training Class Recall: [0.995,0.997,0.999,0.999,0.999,1.000,0.999,1.000,1.000,1.000]
Epoch [184] Testing Results: Prec@1 23.010 Prec@5 64.270             Loss 5.79963
Epoch [184] Testing Class Recall: [0.534,0.559,0.320,0.261,0.234,0.092,0.114,0.116,0.048,0.023]
Epoch [185] Training Results: Prec@1 99.845 Prec@5 100.000             Loss 0.01042
Epoch [185] Training Class Recall: [0.995,0.996,0.999,0.999,0.999,1.000,0.999,1.000,1.000,1.000]
Epoch [185] Testing Results: Prec@1 22.860 Prec@5 64.480             Loss 5.79759
Epoch [185] Testing Class Recall: [0.529,0.536,0.334,0.261,0.216,0.083,0.135,0.119,0.052,0.021]
Epoch [186] Training Results: Prec@1 99.847 Prec@5 100.000             Loss 0.01036
Epoch [186] Training Class Recall: [0.993,0.998,0.998,0.999,0.999,1.000,0.999,1.000,1.000,1.000]
Epoch [186] Testing Results: Prec@1 23.050 Prec@5 64.390             Loss 5.72433
Epoch [186] Testing Class Recall: [0.552,0.546,0.312,0.246,0.222,0.083,0.149,0.131,0.040,0.024]
Epoch [187] Training Results: Prec@1 99.810 Prec@5 100.000             Loss 0.01115
Epoch [187] Training Class Recall: [0.992,0.996,0.998,0.999,0.999,1.000,0.999,1.000,1.000,1.000]
Epoch [187] Testing Results: Prec@1 22.880 Prec@5 64.300             Loss 5.78945
Epoch [187] Testing Class Recall: [0.533,0.554,0.317,0.252,0.238,0.077,0.126,0.115,0.052,0.024]
Epoch [188] Training Results: Prec@1 99.877 Prec@5 100.000             Loss 0.00974
Epoch [188] Training Class Recall: [0.995,0.998,0.998,0.999,1.000,1.000,0.999,0.999,1.000,1.000]
Epoch [188] Testing Results: Prec@1 22.920 Prec@5 64.390             Loss 5.77189
Epoch [188] Testing Class Recall: [0.539,0.532,0.318,0.254,0.221,0.095,0.143,0.123,0.043,0.024]
Epoch [189] Training Results: Prec@1 99.857 Prec@5 100.000             Loss 0.01041
Epoch [189] Training Class Recall: [0.994,0.997,0.998,0.999,0.999,1.000,0.999,1.000,1.000,1.000]
Epoch [189] Testing Results: Prec@1 22.900 Prec@5 64.590             Loss 5.74426
Epoch [189] Testing Class Recall: [0.532,0.524,0.319,0.250,0.231,0.092,0.140,0.121,0.056,0.025]
Epoch [190] Training Results: Prec@1 99.855 Prec@5 100.000             Loss 0.01033
Epoch [190] Training Class Recall: [0.992,0.998,1.000,0.999,1.000,1.000,0.999,1.000,1.000,1.000]
Epoch [190] Testing Results: Prec@1 22.980 Prec@5 64.530             Loss 5.75595
Epoch [190] Testing Class Recall: [0.525,0.556,0.316,0.265,0.232,0.092,0.142,0.097,0.050,0.023]
Epoch [191] Training Results: Prec@1 99.870 Prec@5 100.000             Loss 0.01034
Epoch [191] Training Class Recall: [0.994,0.997,0.999,0.999,1.000,1.000,1.000,1.000,1.000,1.000]
Epoch [191] Testing Results: Prec@1 23.010 Prec@5 64.530             Loss 5.72568
Epoch [191] Testing Class Recall: [0.529,0.523,0.331,0.266,0.217,0.091,0.139,0.130,0.047,0.028]
Epoch [192] Training Results: Prec@1 99.822 Prec@5 100.000             Loss 0.01080
Epoch [192] Training Class Recall: [0.994,0.995,0.999,0.998,0.999,1.000,1.000,1.000,1.000,1.000]
Epoch [192] Testing Results: Prec@1 22.990 Prec@5 64.480             Loss 5.74551
Epoch [192] Testing Class Recall: [0.531,0.545,0.333,0.241,0.239,0.081,0.138,0.120,0.047,0.024]
Epoch [193] Training Results: Prec@1 99.870 Prec@5 100.000             Loss 0.01021
Epoch [193] Training Class Recall: [0.994,0.998,1.000,0.999,0.999,1.000,0.999,1.000,1.000,1.000]
Epoch [193] Testing Results: Prec@1 22.860 Prec@5 64.420             Loss 5.78017
Epoch [193] Testing Class Recall: [0.531,0.533,0.320,0.262,0.231,0.089,0.130,0.116,0.052,0.022]
Epoch [194] Training Results: Prec@1 99.882 Prec@5 100.000             Loss 0.00979
Epoch [194] Training Class Recall: [0.993,0.999,0.999,1.000,1.000,1.000,0.999,1.000,1.000,1.000]
Epoch [194] Testing Results: Prec@1 22.820 Prec@5 64.630             Loss 5.74483
Epoch [194] Testing Class Recall: [0.552,0.520,0.325,0.236,0.233,0.085,0.146,0.108,0.052,0.025]
Epoch [195] Training Results: Prec@1 99.837 Prec@5 100.000             Loss 0.01047
Epoch [195] Training Class Recall: [0.994,0.997,0.998,0.999,0.999,1.000,1.000,0.999,1.000,1.000]
Epoch [195] Testing Results: Prec@1 22.960 Prec@5 64.490             Loss 5.72395
Epoch [195] Testing Class Recall: [0.535,0.543,0.310,0.257,0.228,0.093,0.133,0.117,0.057,0.023]
Epoch [196] Training Results: Prec@1 99.870 Prec@5 100.000             Loss 0.01013
Epoch [196] Training Class Recall: [0.993,0.998,0.999,0.999,1.000,1.000,1.000,0.999,1.000,1.000]
Epoch [196] Testing Results: Prec@1 22.910 Prec@5 64.480             Loss 5.73457
Epoch [196] Testing Class Recall: [0.526,0.532,0.315,0.282,0.222,0.096,0.130,0.118,0.047,0.023]
Epoch [197] Training Results: Prec@1 99.872 Prec@5 100.000             Loss 0.01028
Epoch [197] Training Class Recall: [0.994,0.998,1.000,0.999,1.000,1.000,0.999,0.999,1.000,1.000]
Epoch [197] Testing Results: Prec@1 22.920 Prec@5 64.510             Loss 5.74378
Epoch [197] Testing Class Recall: [0.535,0.528,0.317,0.264,0.224,0.096,0.136,0.128,0.041,0.023]
Epoch [198] Training Results: Prec@1 99.853 Prec@5 99.997             Loss 0.01031
Epoch [198] Training Class Recall: [0.994,0.997,0.998,0.999,0.999,1.000,1.000,0.999,1.000,1.000]
Epoch [198] Testing Results: Prec@1 22.880 Prec@5 64.560             Loss 5.73765
Epoch [198] Testing Class Recall: [0.528,0.546,0.329,0.253,0.220,0.094,0.136,0.106,0.051,0.025]
Epoch [199] Training Results: Prec@1 99.815 Prec@5 100.000             Loss 0.01101
Epoch [199] Training Class Recall: [0.993,0.997,0.998,0.998,0.999,1.000,0.999,0.999,1.000,1.000]
Epoch [199] Testing Results: Prec@1 22.810 Prec@5 64.720             Loss 5.76824
Epoch [199] Testing Class Recall: [0.529,0.514,0.314,0.261,0.224,0.102,0.134,0.129,0.051,0.023]
